
dataset0 (cell line 1), all sites: 121,838 sites, 4.49% positive, 5,333 transcripts
       band  pairs  total  transcript_part  local_part  local_lo  local_hi
    1-25 nt  49209   7.45             3.38        2.20      2.04      2.38
   25-50 nt  56749   6.95             3.31        2.10      1.90      2.26
  50-100 nt 109632   6.14             3.27        1.88      1.76      1.99
 100-200 nt 205612   4.77             3.26        1.46      1.39      1.56
 200-400 nt 357940   3.54             3.18        1.11      1.05      1.18
 400-800 nt 528014   2.38             2.97        0.80      0.75      0.86
800-1600 nt 535586   1.73             2.77        0.62      0.54      0.71

data1 (cell line 2), all sites: 90,810 sites, 7.26% positive, 4,451 transcripts
       band  pairs  total  transcript_part  local_part  local_lo  local_hi
    1-25 nt  35186   4.53             2.13        2.13      1.96      2.29
   25-50 nt  40576   4.07             2.04        2.00      1.85      2.16
  50-100 nt  78864   3.54             2.04        1.73      1.63      1.82
 100-200 nt 145148   2.71             2.02        1.34      1.28      1.40
 200-400 nt 250421   1.96             1.92        1.02      0.97      1.06
 400-800 nt 358084   1.34             1.82        0.74      0.69      0.78
800-1600 nt 335991   1.18             1.66        0.71      0.65      0.77

shared sites, cell line 1 labels: 67,320 sites, 4.89% positive, 3,422 transcripts
       band  pairs  total  transcript_part  local_part  local_lo  local_hi
    1-25 nt  26511   6.96             3.06        2.28      2.04      2.49
   25-50 nt  30688   6.41             2.88        2.22      2.00      2.47
  50-100 nt  59260   5.62             2.95        1.91      1.76      2.03
 100-200 nt 108948   3.96             2.93        1.35      1.26      1.43
 200-400 nt 185689   2.81             2.85        0.99      0.91      1.05
 400-800 nt 259816   1.92             2.68        0.72      0.65      0.79
800-1600 nt 232755   1.66             2.52        0.66      0.55      0.76

shared sites, cell line 2 labels: 67,320 sites, 7.21% positive, 3,422 transcripts
       band  pairs  total  transcript_part  local_part  local_lo  local_hi
    1-25 nt  26511   4.43             2.15        2.06      1.87      2.21
   25-50 nt  30688   4.07             2.05        1.98      1.80      2.13
  50-100 nt  59260   3.48             2.05        1.69      1.59      1.79
 100-200 nt 108948   2.63             2.02        1.30      1.24      1.36
 200-400 nt 185689   1.87             1.92        0.98      0.92      1.02
 400-800 nt 259816   1.31             1.79        0.73      0.69      0.78
800-1600 nt 232755   1.07             1.56        0.69      0.61      0.77

B. Neighbours within each radius (other candidate sites on the same transcript):
    data  radius  no neighbours  1 neighbour  2+ neighbours  median  mean
dataset0      25           0.42         0.38           0.21    1.00  0.84
dataset0      50           0.17         0.29           0.54    2.00  1.77
dataset0     100           0.04         0.11           0.85    3.00  3.57
dataset0     200           0.01         0.02           0.97    7.00  6.94
dataset0     400           0.00         0.00           0.99   13.00 12.81
   data1      25           0.43         0.37           0.19    1.00  0.81
   data1      50           0.19         0.30           0.51    2.00  1.70
   data1     100           0.05         0.12           0.83    3.00  3.44
   data1     200           0.01         0.03           0.96    6.00  6.63
   data1     400           0.00         0.00           0.99   12.00 12.14
