loaded: dataset0 121,838 sites, data1 90,452
[knn_dynamic dataset0 fold 2]
    epoch 1: loss 1.1998556318310645, minutes 2.61, val_ap 0.26120843410644906, lr 0.00033429672447013486
    epoch 2: loss 0.86619155737706, minutes 5.61, val_ap 0.4193914758546993, lr 0.0006676300578034682
    epoch 3: loss 0.7984269440518639, minutes 8.5, val_ap 0.4548617469858517, lr 0.001
    epoch 4: loss 0.7645713525872699, minutes 11.55, val_ap 0.45664767636337517, lr 0.001
    epoch 5: loss 0.7297578785633076, minutes 14.82, val_ap 0.48971070664909655, lr 0.001
    epoch 6: loss 0.71626815621908, minutes 18.08, val_ap 0.48223689605200776, lr 0.001
    epoch 7: loss 0.7192533658763577, minutes 21.35, val_ap 0.49120518704689164, lr 0.001
    epoch 8: loss 0.7023956717094245, minutes 24.35, val_ap 0.4896032784408366, lr 0.001
    epoch 9: loss 0.6922217675543934, minutes 27.38, val_ap 0.4957043587537172, lr 0.001
    epoch 10: loss 0.6781343498154183, minutes 30.36, val_ap 0.5042485177150714, lr 0.001
    epoch 11: loss 0.670509125800491, minutes 33.33, val_ap 0.5127481257935168, lr 0.001
    epoch 12: loss 0.6723675120600386, minutes 36.35, val_ap 0.5152952153864275, lr 0.001
    epoch 13: loss 0.6690388030744012, minutes 39.35, val_ap 0.5102908296752896, lr 0.001
    epoch 14: loss 0.6630499438743371, minutes 42.34, val_ap 0.5080823906822948, lr 0.001
    epoch 15: loss 0.6594869323031751, minutes 45.32, val_ap 0.5156994931539212, lr 0.001
    epoch 16: loss 0.6556519027907035, minutes 48.28, val_ap 0.5180263801569075, lr 0.001
    epoch 17: loss 0.6510274888290836, minutes 51.25, val_ap 0.5108747008488088, lr 0.001
    epoch 18: loss 0.6477871519981782, minutes 54.18, val_ap 0.511120214964346, lr 0.001
    epoch 19: loss 0.6535005062129456, minutes 57.16, val_ap 0.5337632358824813, lr 0.001
    epoch 20: loss 0.6585883399137872, minutes 60.15, val_ap 0.5267663123482442, lr 0.001
    epoch 21: loss 0.6395640529132303, minutes 63.12, val_ap 0.5220656156244207, lr 0.001
    epoch 22: loss 0.6345150245062877, minutes 66.13, val_ap 0.5249268614678912, lr 0.001
    epoch 23: loss 0.6401668255556525, minutes 69.08, val_ap 0.5297689688050702, lr 0.001
    epoch 24: loss 0.6441192253993425, minutes 72.05, val_ap 0.5264011850562456, lr 0.001
    epoch 25: loss 0.6384163038923562, minutes 75.06, val_ap 0.5266842317093482, lr 0.001
    epoch 26: loss 0.624958694454907, minutes 78.01, val_ap 0.5235630306387513, lr 0.001
    epoch 27: loss 0.6215648217869632, minutes 81.01, val_ap 0.5318665615598795, lr 0.001
    epoch 28: loss 0.625198694064438, minutes 84.0, val_ap 0.5235464669711042, lr 0.0005
    epoch 29: loss 0.6001069508708281, minutes 86.99, val_ap 0.5279876526576205, lr 0.0005
    epoch 30: loss 0.601861928325857, minutes 89.94, val_ap 0.5304161285038487, lr 0.0005
    epoch 31: loss 0.5959419925950166, minutes 92.98, val_ap 0.5339760069030487, lr 0.0005
    epoch 32: loss 0.5930809359674509, minutes 95.92, val_ap 0.529751550604719, lr 0.0005
    epoch 33: loss 0.5981625451173397, minutes 98.89, val_ap 0.5295407949766552, lr 0.0005
    epoch 34: loss 0.5944924255499261, minutes 101.87, val_ap 0.5338993337770874, lr 0.0005
    epoch 35: loss 0.5834817400557457, minutes 104.87, val_ap 0.5247826280728481, lr 0.0005
    epoch 36: loss 0.5956069118197943, minutes 107.88, val_ap 0.5368300100177927, lr 0.0005
    epoch 37: loss 0.5857207276400803, minutes 110.94, val_ap 0.5256641567822712, lr 0.0005
    epoch 38: loss 0.5834362677411536, minutes 113.91, val_ap 0.530511997836249, lr 0.0005
    epoch 39: loss 0.5803428166088341, minutes 116.88, val_ap 0.5316254199502568, lr 0.0005
    epoch 40: loss 0.5859124577803418, minutes 119.93, val_ap 0.5432078060548227, lr 0.0005
    epoch 41: loss 0.5760013178163181, minutes 122.91, val_ap 0.535529853516092, lr 0.0005
    epoch 42: loss 0.576265407349333, minutes 125.91, val_ap 0.5404297190832011, lr 0.0005
    epoch 43: loss 0.5768072014254642, minutes 128.84, val_ap 0.5328188359006125, lr 0.0005
    epoch 44: loss 0.5725809489457594, minutes 131.83, val_ap 0.5459238101050672, lr 0.0005
    epoch 45: loss 0.5702930298671557, minutes 134.82, val_ap 0.5375720493165377, lr 0.0005
    epoch 46: loss 0.5669442247276362, minutes 137.79, val_ap 0.5416874381394142, lr 0.0005
    epoch 47: loss 0.5783740344505779, minutes 140.79, val_ap 0.5424537742001844, lr 0.0005
    epoch 48: loss 0.5689998903026471, minutes 143.76, val_ap 0.5373952809409712, lr 0.0005
    epoch 49: loss 0.5635716142509714, minutes 146.71, val_ap 0.5347408029055648, lr 0.0005
    epoch 50: loss 0.5617911736400141, minutes 149.67, val_ap 0.5348229791685362, lr 0.0005
    epoch 51: loss 0.5609757383865428, minutes 152.7, val_ap 0.5396283738729509, lr 0.0005
    epoch 52: loss 0.5606797507215786, minutes 155.71, val_ap 0.5356380054913434, lr 0.0005
    epoch 53: loss 0.5634169312398558, minutes 158.66, val_ap 0.531722983476255, lr 0.00025
    epoch 54: loss 0.5437082219330561, minutes 161.66, val_ap 0.5436177470192485, lr 0.00025
    epoch 55: loss 0.5479115017748981, minutes 164.63, val_ap 0.5422319698564599, lr 0.00025
    epoch 56: loss 0.5434624560478795, minutes 167.59, val_ap 0.5306079425510182, lr 0.00025
    epoch 57: loss 0.5440362366293207, minutes 170.57, val_ap 0.5381570708777201, lr 0.00025
    epoch 58: loss 0.5412387007233724, minutes 173.57, val_ap 0.5461137998614777, lr 0.00025
    epoch 59: loss 0.5362513663968599, minutes 176.55, val_ap 0.5452889269905759, lr 0.00025
    epoch 60: loss 0.5436252088560535, minutes 179.54, val_ap 0.5424160305496972, lr 0.00025
    epoch 61: loss 0.5432519318395956, minutes 182.57, val_ap 0.5411877893876877, lr 0.00025
    epoch 62: loss 0.534526405134642, minutes 185.59, val_ap 0.5364749958651466, lr 0.00025
    epoch 63: loss 0.5367003732678518, minutes 188.66, val_ap 0.5367472553171978, lr 0.00025
    epoch 64: loss 0.5341238741671419, minutes 191.68, val_ap 0.5356592617262192, lr 0.00025
    epoch 65: loss 0.5379659262178951, minutes 194.63, val_ap 0.5399974653540037, lr 0.00025
    epoch 66: loss 0.5313081354591888, minutes 197.66, val_ap 0.5414924424708243, lr 0.00025
    epoch 67: loss 0.5387458819788316, minutes 200.69, val_ap 0.5400325759176869, lr 0.000125
    epoch 68: loss 0.5241652170702212, minutes 203.54, val_ap 0.5478603914057393, lr 0.000125
    epoch 69: loss 0.5148178929452262, minutes 206.52, val_ap 0.5458131758262532, lr 0.000125
    epoch 70: loss 0.5127286882586561, minutes 209.52, val_ap 0.5429435611225176, lr 0.000125
    epoch 71: loss 0.5230666526480218, minutes 212.48, val_ap 0.5468750336090318, lr 0.000125
    epoch 72: loss 0.5099303424789038, minutes 215.52, val_ap 0.5445832267553312, lr 0.000125
    epoch 73: loss 0.517933525791058, minutes 218.53, val_ap 0.5405158933335692, lr 0.000125
    epoch 74: loss 0.5195894714638677, minutes 221.52, val_ap 0.5454827961733327, lr 0.000125
    epoch 75: loss 0.5138272029816071, minutes 224.57, val_ap 0.541569067935948, lr 0.000125
    epoch 76: loss 0.5126609829808936, minutes 227.61, val_ap 0.5478537172500149, lr 0.000125
    epoch 77: loss 0.5142286110647841, minutes 230.6, val_ap 0.5478950131932253, lr 6.25e-05
    epoch 78: loss 0.515463728996026, minutes 233.59, val_ap 0.5463257271206481, lr 6.25e-05
    epoch 79: loss 0.5044099360790556, minutes 236.61, val_ap 0.548869935090191, lr 6.25e-05
    epoch 80: loss 0.5115547822303854, minutes 239.64, val_ap 0.5500688762421665, lr 6.25e-05
    epoch 81: loss 0.5085819982565366, minutes 240.0, val_ap 0.5510027851644701, lr 6.25e-05
[knn_dynamic dataset0 fold 2] done (241.4 min)
