# 2026-10-08 batch: constrained corroboration + GraphGPS control

Gain in PR AUC over quantiles + LightGBM (mean +- SD over seeds; n = seeds).

| model | n | unseen cell line (d0 -> d1) | new genes | both -> cell line 2 | both -> cell line 1 |
|---|---|---|---|---|---|
| h2gcn_aux | 3 | +0.0332 +- 0.0029 | +0.0260 +- 0.0040 | +0.0421 +- 0.0025 | +0.0763 +- 0.0052 |
| h2gcn_aux_r100 | 3 | +0.0372 +- 0.0048 | +0.0445 +- 0.0086 | +0.0425 +- 0.0069 | +0.0873 +- 0.0112 |
| fk_band | 3 | +0.0447 +- 0.0011 | +0.0530 +- 0.0047 | +0.0454 +- 0.0039 | +0.0908 +- 0.0041 |
| fk_band_shuffled | 3 | +0.0432 +- 0.0021 | +0.0503 +- 0.0042 | +0.0456 +- 0.0025 | +0.0926 +- 0.0081 |
| fk_kernel | 3 | +0.0430 +- 0.0035 | +0.0450 +- 0.0032 | +0.0519 +- 0.0051 | +0.0956 +- 0.0076 |
| res_gate | 3 | +0.0505 +- 0.0011 | +0.0530 +- 0.0071 | +0.0534 +- 0.0050 | +0.1017 +- 0.0074 |
| res_nogate | 3 | +0.0492 +- 0.0014 | +0.0536 +- 0.0075 | +0.0568 +- 0.0015 | +0.1025 +- 0.0067 |
| res_nodrop | 3 | +0.0403 +- 0.0017 | +0.0413 +- 0.0013 | +0.0510 +- 0.0012 | +0.1003 +- 0.0028 |
| scalar_msg | 3 | +0.0550 +- 0.0020 | +0.0518 +- 0.0046 | +0.0542 +- 0.0015 | +0.0752 +- 0.0003 |
| scalar_random | 3 | +0.0171 +- 0.0034 | +0.0128 +- 0.0043 | +0.0269 +- 0.0039 | +0.0533 +- 0.0032 |
| scalar_drop | 3 | +0.0537 +- 0.0016 | +0.0502 +- 0.0036 | +0.0585 +- 0.0027 | +0.0875 +- 0.0031 |
| gps | 3 | +0.0281 +- 0.0028 | +0.0207 +- 0.0046 | +0.0383 +- 0.0049 | +0.1001 +- 0.0028 |
| h2gcn_twohead_aux | 3 | - | - | +0.0462 +- 0.0020 | +0.1120 +- 0.0035 |

Matched difference from h2gcn_aux on the same seeds (positive = better):

| model | unseen cell line (d0 -> d1) | new genes | both -> cell line 2 | both -> cell line 1 |
|---|---|---|---|---|
| h2gcn_aux_r100 | +0.0040 (n=3) | +0.0185 (n=3) | +0.0005 (n=3) | +0.0111 (n=3) |
| fk_band | +0.0115 (n=3) | +0.0270 (n=3) | +0.0033 (n=3) | +0.0145 (n=3) |
| fk_band_shuffled | +0.0100 (n=3) | +0.0243 (n=3) | +0.0035 (n=3) | +0.0164 (n=3) |
| fk_kernel | +0.0097 (n=3) | +0.0190 (n=3) | +0.0099 (n=3) | +0.0194 (n=3) |
| res_gate | +0.0173 (n=3) | +0.0270 (n=3) | +0.0113 (n=3) | +0.0255 (n=3) |
| res_nogate | +0.0160 (n=3) | +0.0276 (n=3) | +0.0148 (n=3) | +0.0263 (n=3) |
| res_nodrop | +0.0071 (n=3) | +0.0153 (n=3) | +0.0089 (n=3) | +0.0241 (n=3) |
| scalar_msg | +0.0218 (n=3) | +0.0258 (n=3) | +0.0121 (n=3) | -0.0011 (n=3) |
| scalar_random | -0.0161 (n=3) | -0.0131 (n=3) | -0.0152 (n=3) | -0.0229 (n=3) |
| scalar_drop | +0.0205 (n=3) | +0.0242 (n=3) | +0.0165 (n=3) | +0.0113 (n=3) |
| gps | -0.0051 (n=3) | -0.0052 (n=3) | -0.0037 (n=3) | +0.0238 (n=3) |
| h2gcn_twohead_aux | - | - | +0.0042 (n=3) | +0.0357 (n=3) |
