start baseline
start fit --model h2gcn_twohead_aux --fold 0 --arm pooled_both
start fit --model h2gcn_twohead_aux --fold 1 --arm pooled_both
start fit --model h2gcn_twohead_aux --fold 2 --arm pooled_both
start fit --model h2gcn_twohead_aux --fold 3 --arm pooled_both
start fit --model h2gcn_twohead_aux --fold 4 --arm pooled_both
start fit --model fk_band_shuffled --fold 0 --arm dataset0
start fit --model fk_band_shuffled --fold 0 --arm pooled_both
start fit --model fk_band_shuffled --fold 1 --arm dataset0
start fit --model fk_band_shuffled --fold 1 --arm pooled_both
start fit --model fk_band_shuffled --fold 2 --arm dataset0
start fit --model fk_band_shuffled --fold 2 --arm pooled_both
start fit --model fk_band_shuffled --fold 3 --arm dataset0
start fit --model fk_band_shuffled --fold 3 --arm pooled_both
start fit --model fk_band_shuffled --fold 4 --arm dataset0
start fit --model fk_band_shuffled --fold 4 --arm pooled_both
done baseline
start fit --model res_nogate --fold 0 --arm dataset0
done fit --model fk_band_shuffled --fold 2 --arm pooled_both
start fit --model res_nogate --fold 0 --arm pooled_both
done fit --model fk_band_shuffled --fold 1 --arm dataset0
start fit --model res_nogate --fold 1 --arm dataset0
done fit --model fk_band_shuffled --fold 1 --arm pooled_both
start fit --model res_nogate --fold 1 --arm pooled_both
done fit --model fk_band_shuffled --fold 2 --arm dataset0
start fit --model res_nogate --fold 2 --arm dataset0
done fit --model fk_band_shuffled --fold 3 --arm dataset0
start fit --model res_nogate --fold 2 --arm pooled_both
done fit --model fk_band_shuffled --fold 4 --arm dataset0
start fit --model res_nogate --fold 3 --arm dataset0
done fit --model h2gcn_twohead_aux --fold 3 --arm pooled_both
start fit --model res_nogate --fold 3 --arm pooled_both
done fit --model fk_band_shuffled --fold 0 --arm dataset0
start fit --model res_nogate --fold 4 --arm dataset0
done fit --model h2gcn_twohead_aux --fold 4 --arm pooled_both
start fit --model res_nogate --fold 4 --arm pooled_both
done fit --model fk_band_shuffled --fold 4 --arm pooled_both
start fit --model res_nodrop --fold 0 --arm dataset0
done fit --model h2gcn_twohead_aux --fold 2 --arm pooled_both
start fit --model res_nodrop --fold 0 --arm pooled_both
done fit --model fk_band_shuffled --fold 0 --arm pooled_both
start fit --model res_nodrop --fold 1 --arm dataset0
done fit --model h2gcn_twohead_aux --fold 0 --arm pooled_both
start fit --model res_nodrop --fold 1 --arm pooled_both
done fit --model fk_band_shuffled --fold 3 --arm pooled_both
start fit --model res_nodrop --fold 2 --arm dataset0
done fit --model h2gcn_twohead_aux --fold 1 --arm pooled_both
start fit --model res_nodrop --fold 2 --arm pooled_both
done fit --model res_nogate --fold 0 --arm dataset0
start fit --model res_nodrop --fold 3 --arm dataset0
done fit --model res_nogate --fold 1 --arm dataset0
start fit --model res_nodrop --fold 3 --arm pooled_both
done fit --model res_nogate --fold 1 --arm pooled_both
start fit --model res_nodrop --fold 4 --arm dataset0
done fit --model res_nogate --fold 3 --arm dataset0
start fit --model res_nodrop --fold 4 --arm pooled_both
done fit --model res_nogate --fold 3 --arm pooled_both
start fit --model scalar_random --fold 0 --arm dataset0
done fit --model res_nogate --fold 0 --arm pooled_both
start fit --model scalar_random --fold 0 --arm pooled_both
done fit --model res_nodrop --fold 1 --arm dataset0
start fit --model scalar_random --fold 1 --arm dataset0
done fit --model res_nogate --fold 2 --arm dataset0
start fit --model scalar_random --fold 1 --arm pooled_both
done fit --model res_nodrop --fold 1 --arm pooled_both
start fit --model scalar_random --fold 2 --arm dataset0
done fit --model res_nogate --fold 4 --arm dataset0
start fit --model scalar_random --fold 2 --arm pooled_both
done fit --model res_nogate --fold 4 --arm pooled_both
done fit --model res_nodrop --fold 2 --arm pooled_both
done fit --model res_nodrop --fold 3 --arm dataset0
start fit --model scalar_random --fold 3 --arm dataset0
start fit --model scalar_random --fold 3 --arm pooled_both
start fit --model scalar_random --fold 4 --arm dataset0
done fit --model res_nogate --fold 2 --arm pooled_both
start fit --model scalar_random --fold 4 --arm pooled_both
done fit --model res_nodrop --fold 0 --arm pooled_both
start fit --model scalar_drop --fold 0 --arm dataset0
done fit --model res_nodrop --fold 2 --arm dataset0
start fit --model scalar_drop --fold 0 --arm pooled_both
done fit --model res_nodrop --fold 0 --arm dataset0
start fit --model scalar_drop --fold 1 --arm dataset0
done fit --model scalar_random --fold 0 --arm dataset0
start fit --model scalar_drop --fold 1 --arm pooled_both
done fit --model res_nodrop --fold 4 --arm dataset0
start fit --model scalar_drop --fold 2 --arm dataset0
done fit --model scalar_random --fold 1 --arm dataset0
start fit --model scalar_drop --fold 2 --arm pooled_both
done fit --model res_nodrop --fold 4 --arm pooled_both
start fit --model scalar_drop --fold 3 --arm dataset0
done fit --model res_nodrop --fold 3 --arm pooled_both
start fit --model scalar_drop --fold 3 --arm pooled_both
done fit --model scalar_random --fold 0 --arm pooled_both
start fit --model scalar_drop --fold 4 --arm dataset0
done fit --model scalar_random --fold 2 --arm dataset0
start fit --model scalar_drop --fold 4 --arm pooled_both
done fit --model scalar_drop --fold 0 --arm dataset0
done fit --model scalar_random --fold 1 --arm pooled_both
done fit --model scalar_random --fold 4 --arm dataset0
done fit --model scalar_random --fold 3 --arm dataset0
done fit --model scalar_random --fold 2 --arm pooled_both
done fit --model scalar_drop --fold 0 --arm pooled_both
done fit --model scalar_drop --fold 1 --arm dataset0
done fit --model scalar_random --fold 3 --arm pooled_both
done fit --model scalar_random --fold 4 --arm pooled_both
done fit --model scalar_drop --fold 1 --arm pooled_both
done fit --model scalar_drop --fold 3 --arm dataset0
done fit --model scalar_drop --fold 2 --arm dataset0
done fit --model scalar_drop --fold 2 --arm pooled_both
done fit --model scalar_drop --fold 4 --arm dataset0
done fit --model scalar_drop --fold 4 --arm pooled_both
done fit --model scalar_drop --fold 3 --arm pooled_both
loaded: dataset0 121,838 sites, data1 90,452

Cross-source: h2gcn_twohead_aux (network) minus lightgbm_quantiles
------------------------------------------------------------------
             dataset0 gain     dataset0 95% CI  data1 gain        data1 95% CI  mean gain  worst gain eligible
trained on                                                                                                    
pooled_both        +0.1143  [+0.0994, +0.1274]     +0.0452  [+0.0341, +0.0567]    +0.0798     +0.0452      yes
Each row: h2gcn_twohead_aux (network) and lightgbm_quantiles trained the same way, both scored on the
held-out genes of each file against that file's labels. Selection rule
(0032): rank on the worse gain; veto if it is below -0.005.
Headline arm (what ships today): pooled_both.

Raw PR AUC (not comparable across files: positive rates 4.5% vs 7.3%):
             dataset0 PR AUC  data1 PR AUC  dataset0 baseline  data1 baseline
trained on                                                                   
pooled_both           0.5866        0.4369             0.4723          0.3917
h2gcn_twohead_aux: worst +0.0452  mean +0.0798  -> /mnt/sdd/DSA4262/analysis/representation/results/h2gcn_twohead_aux_nn__xsrc__seed2.json

Cross-source: fk_band_shuffled (network) minus lightgbm_quantiles
-----------------------------------------------------------------
             dataset0 gain     dataset0 95% CI  data1 gain        data1 95% CI  mean gain  worst gain eligible
trained on                                                                                                    
dataset0           +0.1018  [+0.0877, +0.1150]     +0.0448  [+0.0347, +0.0555]    +0.0733     +0.0448      yes
pooled_both        +0.0849  [+0.0690, +0.0996]     +0.0447  [+0.0327, +0.0556]    +0.0648     +0.0447      yes
Each row: fk_band_shuffled (network) and lightgbm_quantiles trained the same way, both scored on the
held-out genes of each file against that file's labels. Selection rule
(0032): rank on the worse gain; veto if it is below -0.005.
Headline arm (what ships today): dataset0.

Raw PR AUC (not comparable across files: positive rates 4.5% vs 7.3%):
             dataset0 PR AUC  data1 PR AUC  dataset0 baseline  data1 baseline
trained on                                                                   
dataset0              0.5777        0.4167             0.4759          0.3719
pooled_both           0.5572        0.4364             0.4723          0.3917

Crossed test on the sites in both files (trained on dataset0), gain over lightgbm_quantiles:
     measurements    labels   gain  ci_low  ci_high
cell                                               
A        dataset0  dataset0 0.0838  0.0673   0.1013
B        dataset0     data1 0.0579  0.0477   0.0695
C           data1  dataset0 0.0737  0.0557   0.0911
D           data1     data1 0.0465  0.0356   0.0587
A->B: the labelling changes. A->C: the sequencing run changes. A gain that
survives A->C but not A->B is tied to dataset0's labelling.

data1 genes absent from dataset0 (12,061 sites): gain +0.0492 [+0.0223, +0.0770] - compare with cell D for the gene-population effect.
fk_band_shuffled: worst +0.0448  mean +0.0733  -> /mnt/sdd/DSA4262/analysis/representation/results/fk_band_shuffled_nn__xsrc__seed2.json

Cross-source: res_nogate (network) minus lightgbm_quantiles
-----------------------------------------------------------
             dataset0 gain     dataset0 95% CI  data1 gain        data1 95% CI  mean gain  worst gain eligible
trained on                                                                                                    
dataset0           +0.1067  [+0.0928, +0.1201]     +0.0491  [+0.0389, +0.0592]    +0.0779     +0.0491      yes
pooled_both        +0.0949  [+0.0805, +0.1087]     +0.0563  [+0.0448, +0.0675]    +0.0756     +0.0563      yes
Each row: res_nogate (network) and lightgbm_quantiles trained the same way, both scored on the
held-out genes of each file against that file's labels. Selection rule
(0032): rank on the worse gain; veto if it is below -0.005.
Headline arm (what ships today): dataset0.

Raw PR AUC (not comparable across files: positive rates 4.5% vs 7.3%):
             dataset0 PR AUC  data1 PR AUC  dataset0 baseline  data1 baseline
trained on                                                                   
dataset0              0.5826        0.4210             0.4759          0.3719
pooled_both           0.5672        0.4480             0.4723          0.3917

Crossed test on the sites in both files (trained on dataset0), gain over lightgbm_quantiles:
     measurements    labels   gain  ci_low  ci_high
cell                                               
A        dataset0  dataset0 0.0951  0.0801   0.1105
B        dataset0     data1 0.0596  0.0481   0.0708
C           data1  dataset0 0.0786  0.0608   0.0953
D           data1     data1 0.0483  0.0364   0.0598
A->B: the labelling changes. A->C: the sequencing run changes. A gain that
survives A->C but not A->B is tied to dataset0's labelling.

data1 genes absent from dataset0 (12,061 sites): gain +0.0599 [+0.0349, +0.0849] - compare with cell D for the gene-population effect.
res_nogate: worst +0.0491  mean +0.0779  -> /mnt/sdd/DSA4262/analysis/representation/results/res_nogate_nn__xsrc__seed2.json

Cross-source: res_nodrop (network) minus lightgbm_quantiles
-----------------------------------------------------------
             dataset0 gain     dataset0 95% CI  data1 gain        data1 95% CI  mean gain  worst gain eligible
trained on                                                                                                    
dataset0           +0.0881  [+0.0739, +0.1025]     +0.0392  [+0.0290, +0.0490]    +0.0637     +0.0392      yes
pooled_both        +0.0971  [+0.0821, +0.1095]     +0.0521  [+0.0404, +0.0622]    +0.0746     +0.0521      yes
Each row: res_nodrop (network) and lightgbm_quantiles trained the same way, both scored on the
held-out genes of each file against that file's labels. Selection rule
(0032): rank on the worse gain; veto if it is below -0.005.
Headline arm (what ships today): dataset0.

Raw PR AUC (not comparable across files: positive rates 4.5% vs 7.3%):
             dataset0 PR AUC  data1 PR AUC  dataset0 baseline  data1 baseline
trained on                                                                   
dataset0              0.5641        0.4111             0.4759          0.3719
pooled_both           0.5693        0.4438             0.4723          0.3917

Crossed test on the sites in both files (trained on dataset0), gain over lightgbm_quantiles:
     measurements    labels   gain  ci_low  ci_high
cell                                               
A        dataset0  dataset0 0.0798  0.0624   0.0966
B        dataset0     data1 0.0516  0.0392   0.0639
C           data1  dataset0 0.0670  0.0490   0.0836
D           data1     data1 0.0376  0.0255   0.0511
A->B: the labelling changes. A->C: the sequencing run changes. A gain that
survives A->C but not A->B is tied to dataset0's labelling.

data1 genes absent from dataset0 (12,061 sites): gain +0.0408 [+0.0208, +0.0633] - compare with cell D for the gene-population effect.
res_nodrop: worst +0.0392  mean +0.0637  -> /mnt/sdd/DSA4262/analysis/representation/results/res_nodrop_nn__xsrc__seed2.json

Cross-source: scalar_random (network) minus lightgbm_quantiles
--------------------------------------------------------------
             dataset0 gain     dataset0 95% CI  data1 gain        data1 95% CI  mean gain  worst gain eligible
trained on                                                                                                    
dataset0           +0.0424  [+0.0326, +0.0538]     +0.0157  [+0.0069, +0.0242]    +0.0290     +0.0157      yes
pooled_both        +0.0508  [+0.0383, +0.0610]     +0.0226  [+0.0141, +0.0321]    +0.0367     +0.0226      yes
Each row: scalar_random (network) and lightgbm_quantiles trained the same way, both scored on the
held-out genes of each file against that file's labels. Selection rule
(0032): rank on the worse gain; veto if it is below -0.005.
Headline arm (what ships today): dataset0.

Raw PR AUC (not comparable across files: positive rates 4.5% vs 7.3%):
             dataset0 PR AUC  data1 PR AUC  dataset0 baseline  data1 baseline
trained on                                                                   
dataset0              0.5183        0.3876             0.4759          0.3719
pooled_both           0.5231        0.4143             0.4723          0.3917

Crossed test on the sites in both files (trained on dataset0), gain over lightgbm_quantiles:
     measurements    labels   gain  ci_low  ci_high
cell                                               
A        dataset0  dataset0 0.0429  0.0294   0.0565
B        dataset0     data1 0.0284  0.0186   0.0383
C           data1  dataset0 0.0396  0.0265   0.0528
D           data1     data1 0.0154  0.0056   0.0264
A->B: the labelling changes. A->C: the sequencing run changes. A gain that
survives A->C but not A->B is tied to dataset0's labelling.

data1 genes absent from dataset0 (12,061 sites): gain +0.0080 [-0.0106, +0.0269] - compare with cell D for the gene-population effect.
scalar_random: worst +0.0157  mean +0.0290  -> /mnt/sdd/DSA4262/analysis/representation/results/scalar_random_nn__xsrc__seed2.json

Cross-source: scalar_drop (network) minus lightgbm_quantiles
------------------------------------------------------------
             dataset0 gain     dataset0 95% CI  data1 gain        data1 95% CI  mean gain  worst gain eligible
trained on                                                                                                    
dataset0           +0.0818  [+0.0686, +0.0953]     +0.0548  [+0.0447, +0.0647]    +0.0683     +0.0548      yes
pooled_both        +0.0908  [+0.0779, +0.1030]     +0.0599  [+0.0489, +0.0697]    +0.0754     +0.0599      yes
Each row: scalar_drop (network) and lightgbm_quantiles trained the same way, both scored on the
held-out genes of each file against that file's labels. Selection rule
(0032): rank on the worse gain; veto if it is below -0.005.
Headline arm (what ships today): dataset0.

Raw PR AUC (not comparable across files: positive rates 4.5% vs 7.3%):
             dataset0 PR AUC  data1 PR AUC  dataset0 baseline  data1 baseline
trained on                                                                   
dataset0              0.5577        0.4266             0.4759          0.3719
pooled_both           0.5631        0.4516             0.4723          0.3917

Crossed test on the sites in both files (trained on dataset0), gain over lightgbm_quantiles:
     measurements    labels   gain  ci_low  ci_high
cell                                               
A        dataset0  dataset0 0.0808  0.0633   0.0963
B        dataset0     data1 0.0640  0.0532   0.0752
C           data1  dataset0 0.0767  0.0614   0.0915
D           data1     data1 0.0560  0.0444   0.0673
A->B: the labelling changes. A->C: the sequencing run changes. A gain that
survives A->C but not A->B is tied to dataset0's labelling.

data1 genes absent from dataset0 (12,061 sites): gain +0.0463 [+0.0252, +0.0672] - compare with cell D for the gene-population effect.
scalar_drop: worst +0.0548  mean +0.0683  -> /mnt/sdd/DSA4262/analysis/representation/results/scalar_drop_nn__xsrc__seed2.json
