[read_ae_pred fold 0] encoder on half A
    epoch 1: loss 1.605237366171444, minutes 0.23, val_ap 0.26006900973593355
    epoch 2: loss 1.1050701835576227, minutes 0.44, val_ap 0.38741613720948687
    epoch 3: loss 1.0384770845665652, minutes 0.61, val_ap 0.4269838443112101
    epoch 4: loss 0.9931615938158597, minutes 0.77, val_ap 0.45422701039053015
    epoch 5: loss 0.9579475385301254, minutes 0.92, val_ap 0.45695988045821107
    epoch 6: loss 0.9462121903896332, minutes 1.07, val_ap 0.455434621884721
    epoch 7: loss 0.9347167530480553, minutes 1.23, val_ap 0.46013043224250505
    epoch 8: loss 0.915935630307478, minutes 1.38, val_ap 0.4687272338898424
    epoch 9: loss 0.9072860556490281, minutes 1.54, val_ap 0.4636089518180212
    epoch 10: loss 0.9120057865100748, minutes 1.73, val_ap 0.46544643495887705
    epoch 11: loss 0.8858796622823266, minutes 1.97, val_ap 0.46571700725022774     epoch 12: loss 0.8724126745672787, minutes 2.21, val_ap 0.45939883122938935     epoch 13: loss 0.8912266959162319, minutes 2.46, val_ap 0.4636511030526365     epoch 14: loss 0.8736018247464123, minutes 2.71, val_ap 0.46645553228684855     epoch 15: loss 0.8772137207143447, minutes 2.96, val_ap 0.4727635768861187    epoch 16: loss 0.8666979463661418, minutes 3.24, val_ap 0.46221099314585434
     epoch 17: loss 0.8657495386460248, minutes 3.46, val_ap 0.4631772501238198    epoch 18: loss 0.8571538178359761, minutes 3.76, val_ap 0.4669098389633829
    epoch 19: loss 0.8642462770728504, minutes 4.01, val_ap 0.4666194712553108
    epoch 20: loss 0.8541828362380757, minutes 4.26, val_ap 0.47095850948401163
    epoch 21: loss 0.8412893221658819, minutes 4.51, val_ap 0.4709611909331071
      epoch 22: loss 0.8404643248109257, minutes 4.73, val_ap 0.4700810981760746    epoch 23: loss 0.8475561082363129, minutes 5.02, val_ap 0.4646825120208204
    epoch 24: loss 0.848031841656741, minutes 5.31, val_ap 0.4652620683615831
    epoch 25: loss 0.832319505775676, minutes 5.58, val_ap 0.4685555297876922
    epoch 26: loss 0.8328958749771118, minutes 5.84, val_ap 0.46207865017382477
    epoch 27: loss 0.8418761965106515, minutes 6.1, val_ap 0.4668304511660536
    epoch 28: loss 0.8342719828381258, minutes 6.36, val_ap 0.4648038521797532
    epoch 29: loss 0.8359806465751984, minutes 6.61, val_ap 0.47774030188345384
    epoch 30: loss 0.8301546193221037, minutes 6.9, val_ap 0.45654408031018456
    epoch 31: loss 0.8203322617446676, minutes 7.15, val_ap 0.47831102697802025
    epoch 32: loss 0.832786031330333, minutes 7.38, val_ap 0.4724349140717964
    epoch 33: loss 0.8272297171985402, minutes 7.61, val_ap 0.47896746762857456
    epoch 34: loss 0.8164124636089101, minutes 7.84, val_ap 0.4570434651843803
      epoch 35: loss 0.8179537906921167, minutes 8.0, val_ap 0.461878477944405[re[read_ae_pred fold 0] encoder on half        epoch 1: loss 1.6502346209315366, minutes 0.13, val_ap 0.219732302446976       epoch 2: loss 1.1945644977480867, minutes 0.28, val_ap 0.3038516626949220       epoch 3: loss 1.1092776680408523, minutes 0.42, val_ap 0.398088989570706       epoch 4: loss 1.055464304463808, minutes 0.56, val_ap 0.4212223905408048       epoch 5: loss 1.0388153867666112, minutes 0.72, val_ap 0.4417402877282916       epoch 6: loss 1.0092793072378912, minutes 0.87, val_ap 0.445335060554407       epoch 7: loss 0.9974105001188988, minutes 1.01, val_ap 0.45360953560892        epoch 8: loss 0.9788914762957152, minutes 1.16, val_ap 0.45282161502971        epoch 9: loss 0.9740125661672547, minutes 1.32, val_ap 0.4445291530587    e    epoch 10: loss 0.9610065769317538, minutes 1.5, val_ap 0.455227985560594        epoch 11: loss 0.9403374815403029, minutes 1.73, val_ap 0.4456488994364        epoch 12: loss 0.9520734863918882, minutes 1.99, val_ap 0.45351681195920        epoch 13: loss 0.9439136826021727, minutes 2.27, val_ap 0.45081832632533        epoch 14: loss 0.9390326048745665, minutes 2.53, val_ap 0.44953936648566        epoch 15: loss 0.9417993908011636, minutes 2.73, val_ap 0.45325643727193        epoch 16: loss 0.9297217355911122, minutes 2.91, val_ap 0.463697716563521        epoch 17: loss 0.9284102098886357, minutes 3.09, val_ap 0.450858678241614        epoch 18: loss 0.9310181882492331, minutes 3.28, val_ap 0.443974907923907        epoch 19: loss 0.9166649351286333, minutes 3.47, val_ap 0.44689775409537        epoch 20: loss 0.9173563975234365, minutes 3.7, val_ap 0.445564185490730       epoch 21: loss 0.9026237760865411, minutes 3.93, val_ap 0.453466047452200       epoch 22: loss 0.9091514882653259, minutes 4.18, val_ap 0.4480904946529522       epoch 23: loss 0.8932751333990763, minutes 4.41, val_ap 0.448558398461903       epoch 24: loss 0.8980762871891953, minutes 4.6, val_ap 0.44204497441790874      epoch 25: loss 0.9000873226065969, minutes 4.84, val_ap 0.45141890509856925      epoch 26: loss 0.8968357343313306, minutes 5.09, val_ap 0.44578935982232504      epoch 27: loss 0.882173262709795, minutes 5.35, val_ap 0.44334237058111664      epoch 28: loss 0.8917422384716743, minutes 5.54, val_ap 0.4558020372410555      epoch 29: loss 0.8824620364710342, minutes 5.77, val_ap 0.4510033009091852      epoch 30: loss 0.8790456784325976, minutes 6.0, val_ap 0.44085355088919836     epoch 31: loss 0.872771350450294, minutes 6.24, val_ap 0.4571840150246741     epoch 32: loss 0.8710473862498306, minutes 6.47, val_ap 0.4623188647351182     epoch 33: loss 0.8713001445975415, minutes 6.68, val_ap 0.44932045592939884     epoch 34: loss 0.8653780776400899, minutes 6.93, val_ap 0.45046528217346404     epoch 35: loss 0.8560362777044607, minutes 7.19, val_ap 0.45809713785116124     epoch 36: loss 0.8607225878987201, minutes 7.42, val_ap 0.45431225881010845     epoch 37: loss 0.8597736355177191, minutes 7.62, val_ap 0.44948436995325675     epoch 38: loss 0.8531371843676234, minutes 7.88, val_ap 0.4558725064401966     epoch 39: loss 0.8383488228291641, minutes 8.0, val_ap 0.4586784505443093
  fold 0: hand 0.5490  hand+score 0.5769  encoder alone 0.4258  (17.6 min)
[read_ae_pred fold 1] encoder on half A
    epoch 1: loss 1.6402459999040373, minutes 0.1, val_ap 0.27738855830343767
    epoch 2: loss 1.1438311552036704, minutes 0.21, val_ap 0.3733461611976487
