loaded: dataset0 121,838 sites, data1 90,452
[h2gcn_aux data1 fold 4]
    epoch 1: loss 1.9275, val_ap 0.1788, minutes 0.23, lr 3.39e-04
    epoch 2: loss 1.7468, val_ap 0.1950, minutes 0.45, lr 6.72e-04
    epoch 3: loss 1.6312, val_ap 0.2397, minutes 0.7, lr 1.00e-03
    epoch 4: loss 1.5619, val_ap 0.3356, minutes 0.92, lr 1.00e-03
    epoch 5: loss 1.4991, val_ap 0.3571, minutes 1.15, lr 1.00e-03
    epoch 6: loss 1.4631, val_ap 0.3983, minutes 1.39, lr 1.00e-03
    epoch 7: loss 1.4575, val_ap 0.4140, minutes 1.61, lr 1.00e-03
    epoch 8: loss 1.4215, val_ap 0.4207, minutes 1.85, lr 1.00e-03
    epoch 9: loss 1.4138, val_ap 0.4260, minutes 2.09, lr 1.00e-03
    epoch 10: loss 1.4145, val_ap 0.4089, minutes 2.31, lr 1.00e-03
    epoch 11: loss 1.3875, val_ap 0.4207, minutes 2.56, lr 1.00e-03
    epoch 12: loss 1.4085, val_ap 0.4252, minutes 2.81, lr 1.00e-03
    epoch 13: loss 1.3832, val_ap 0.4199, minutes 3.06, lr 1.00e-03
    epoch 14: loss 1.3871, val_ap 0.4263, minutes 3.3, lr 1.00e-03
    epoch 15: loss 1.3877, val_ap 0.4304, minutes 3.55, lr 1.00e-03
    epoch 16: loss 1.3647, val_ap 0.4343, minutes 3.79, lr 1.00e-03
    epoch 17: loss 1.3714, val_ap 0.4260, minutes 4.05, lr 1.00e-03
    epoch 18: loss 1.3574, val_ap 0.4269, minutes 4.31, lr 1.00e-03
    epoch 19: loss 1.3538, val_ap 0.4115, minutes 4.54, lr 1.00e-03
    epoch 20: loss 1.3619, val_ap 0.4351, minutes 4.79, lr 1.00e-03
    epoch 21: loss 1.3535, val_ap 0.4386, minutes 5.01, lr 1.00e-03
    epoch 22: loss 1.3451, val_ap 0.4337, minutes 5.24, lr 1.00e-03
    epoch 23: loss 1.3412, val_ap 0.4259, minutes 5.47, lr 1.00e-03
    epoch 24: loss 1.3446, val_ap 0.4285, minutes 5.69, lr 1.00e-03
    epoch 25: loss 1.3270, val_ap 0.4397, minutes 5.93, lr 1.00e-03
    epoch 26: loss 1.3389, val_ap 0.4395, minutes 6.17, lr 1.00e-03
    epoch 27: loss 1.3560, val_ap 0.4340, minutes 6.43, lr 1.00e-03
    epoch 28: loss 1.3279, val_ap 0.4390, minutes 6.68, lr 1.00e-03
    epoch 29: loss 1.3236, val_ap 0.4365, minutes 6.92, lr 1.00e-03
    epoch 30: loss 1.3236, val_ap 0.4404, minutes 7.16, lr 1.00e-03
    epoch 31: loss 1.3246, val_ap 0.4364, minutes 7.39, lr 1.00e-03
    epoch 32: loss 1.3278, val_ap 0.4321, minutes 7.63, lr 1.00e-03
    epoch 33: loss 1.3119, val_ap 0.4404, minutes 7.88, lr 1.00e-03
    epoch 34: loss 1.3046, val_ap 0.4223, minutes 8.13, lr 1.00e-03
    epoch 35: loss 1.3016, val_ap 0.4453, minutes 8.37, lr 1.00e-03
    epoch 36: loss 1.2937, val_ap 0.4345, minutes 8.62, lr 1.00e-03
    epoch 37: loss 1.2980, val_ap 0.4392, minutes 8.87, lr 1.00e-03
    epoch 38: loss 1.2907, val_ap 0.4356, minutes 9.09, lr 1.00e-03
    epoch 39: loss 1.2889, val_ap 0.4418, minutes 9.34, lr 1.00e-03
    epoch 40: loss 1.2880, val_ap 0.4310, minutes 9.58, lr 1.00e-03
    epoch 41: loss 1.2890, val_ap 0.4371, minutes 9.82, lr 1.00e-03
    epoch 42: loss 1.2716, val_ap 0.4290, minutes 10.06, lr 1.00e-03
    epoch 43: loss 1.2785, val_ap 0.4319, minutes 10.3, lr 1.00e-03
    epoch 44: loss 1.2837, val_ap 0.4350, minutes 10.53, lr 5.00e-04
    epoch 45: loss 1.2461, val_ap 0.4367, minutes 10.77, lr 5.00e-04
    epoch 46: loss 1.2419, val_ap 0.4338, minutes 11.0, lr 5.00e-04
    epoch 47: loss 1.2345, val_ap 0.4331, minutes 11.24, lr 5.00e-04
    epoch 48: loss 1.2394, val_ap 0.4238, minutes 11.49, lr 5.00e-04
    epoch 49: loss 1.2291, val_ap 0.4338, minutes 11.72, lr 5.00e-04
    epoch 50: loss 1.2322, val_ap 0.4263, minutes 11.95, lr 5.00e-04
    epoch 51: loss 1.2199, val_ap 0.4245, minutes 12.18, lr 5.00e-04
    epoch 52: loss 1.2311, val_ap 0.4329, minutes 12.43, lr 5.00e-04
    epoch 53: loss 1.2272, val_ap 0.4370, minutes 12.69, lr 2.50e-04
    epoch 54: loss 1.2137, val_ap 0.4249, minutes 12.94, lr 2.50e-04
    epoch 55: loss 1.1988, val_ap 0.4278, minutes 13.19, lr 2.50e-04
    epoch 56: loss 1.2097, val_ap 0.4259, minutes 13.43, lr 2.50e-04
    epoch 57: loss 1.1955, val_ap 0.4255, minutes 13.67, lr 2.50e-04
    epoch 58: loss 1.2076, val_ap 0.4282, minutes 13.89, lr 2.50e-04
    epoch 59: loss 1.1977, val_ap 0.4278, minutes 14.11, lr 2.50e-04
    epoch 60: loss 1.1980, val_ap 0.4298, minutes 14.34, lr 2.50e-04
    stopping: no validation gain in 25 epochs
[h2gcn_aux data1 fold 4] done (14.9 min)
