loaded: dataset0 121,838 sites, data1 90,452
[gps data1 fold 4]
    epoch 1: loss 1.9251, val_ap 0.1563, minutes 0.69, lr 3.39e-04
    epoch 2: loss 1.7470, val_ap 0.1897, minutes 1.42, lr 6.72e-04
    epoch 3: loss 1.6397, val_ap 0.2339, minutes 2.12, lr 1.00e-03
    epoch 4: loss 1.5758, val_ap 0.3277, minutes 2.86, lr 1.00e-03
    epoch 5: loss 1.5022, val_ap 0.3681, minutes 3.56, lr 1.00e-03
    epoch 6: loss 1.4623, val_ap 0.4034, minutes 4.26, lr 1.00e-03
    epoch 7: loss 1.4498, val_ap 0.4184, minutes 4.96, lr 1.00e-03
    epoch 8: loss 1.4109, val_ap 0.4235, minutes 5.68, lr 1.00e-03
    epoch 9: loss 1.4043, val_ap 0.4270, minutes 6.39, lr 1.00e-03
    epoch 10: loss 1.4041, val_ap 0.4030, minutes 7.08, lr 1.00e-03
    epoch 11: loss 1.3844, val_ap 0.4235, minutes 7.81, lr 1.00e-03
    epoch 12: loss 1.3847, val_ap 0.4266, minutes 8.55, lr 1.00e-03
    epoch 13: loss 1.3640, val_ap 0.4267, minutes 9.28, lr 1.00e-03
    epoch 14: loss 1.3790, val_ap 0.4280, minutes 10.03, lr 1.00e-03
    epoch 15: loss 1.3660, val_ap 0.4428, minutes 10.79, lr 1.00e-03
    epoch 16: loss 1.3416, val_ap 0.4363, minutes 11.49, lr 1.00e-03
    epoch 17: loss 1.3415, val_ap 0.4392, minutes 12.21, lr 1.00e-03
    epoch 18: loss 1.3320, val_ap 0.4402, minutes 12.95, lr 1.00e-03
    epoch 19: loss 1.3254, val_ap 0.4233, minutes 13.68, lr 1.00e-03
    epoch 20: loss 1.3316, val_ap 0.4413, minutes 14.36, lr 1.00e-03
    epoch 21: loss 1.3219, val_ap 0.4506, minutes 14.99, lr 1.00e-03
    epoch 22: loss 1.3103, val_ap 0.4534, minutes 15.62, lr 1.00e-03
    epoch 23: loss 1.3098, val_ap 0.4458, minutes 16.23, lr 1.00e-03
    epoch 24: loss 1.3082, val_ap 0.4492, minutes 16.74, lr 1.00e-03
    epoch 25: loss 1.2937, val_ap 0.4496, minutes 17.27, lr 1.00e-03
    epoch 26: loss 1.3054, val_ap 0.4523, minutes 17.8, lr 1.00e-03
    epoch 27: loss 1.3255, val_ap 0.4433, minutes 18.33, lr 1.00e-03
    epoch 28: loss 1.2935, val_ap 0.4394, minutes 18.84, lr 1.00e-03
    epoch 29: loss 1.2920, val_ap 0.4554, minutes 19.31, lr 1.00e-03
    epoch 30: loss 1.2840, val_ap 0.4420, minutes 19.78, lr 1.00e-03
    epoch 31: loss 1.2815, val_ap 0.4568, minutes 20.25, lr 1.00e-03
    epoch 32: loss 1.2837, val_ap 0.4445, minutes 20.72, lr 1.00e-03
    epoch 33: loss 1.2677, val_ap 0.4449, minutes 21.19, lr 1.00e-03
    epoch 34: loss 1.2663, val_ap 0.4358, minutes 21.65, lr 1.00e-03
    epoch 35: loss 1.2624, val_ap 0.4440, minutes 22.13, lr 1.00e-03
    epoch 36: loss 1.2531, val_ap 0.4489, minutes 22.59, lr 1.00e-03
    epoch 37: loss 1.2582, val_ap 0.4423, minutes 23.07, lr 1.00e-03
    epoch 38: loss 1.2613, val_ap 0.4387, minutes 23.53, lr 1.00e-03
    epoch 39: loss 1.2424, val_ap 0.4481, minutes 23.99, lr 1.00e-03
    epoch 40: loss 1.2342, val_ap 0.4536, minutes 24.46, lr 5.00e-04
    epoch 41: loss 1.2210, val_ap 0.4498, minutes 24.93, lr 5.00e-04
    epoch 42: loss 1.2141, val_ap 0.4482, minutes 25.39, lr 5.00e-04
    epoch 43: loss 1.2132, val_ap 0.4386, minutes 25.86, lr 5.00e-04
    epoch 44: loss 1.2075, val_ap 0.4356, minutes 26.35, lr 5.00e-04
    epoch 45: loss 1.1917, val_ap 0.4474, minutes 26.78, lr 5.00e-04
    epoch 46: loss 1.1907, val_ap 0.4419, minutes 27.2, lr 5.00e-04
    epoch 47: loss 1.1841, val_ap 0.4314, minutes 27.62, lr 5.00e-04
    epoch 48: loss 1.1871, val_ap 0.4302, minutes 28.05, lr 5.00e-04
    epoch 49: loss 1.1852, val_ap 0.4403, minutes 28.47, lr 2.50e-04
    epoch 50: loss 1.1696, val_ap 0.4323, minutes 28.9, lr 2.50e-04
    epoch 51: loss 1.1601, val_ap 0.4275, minutes 29.33, lr 2.50e-04
    epoch 52: loss 1.1602, val_ap 0.4296, minutes 29.76, lr 2.50e-04
    epoch 53: loss 1.1609, val_ap 0.4318, minutes 30.17, lr 2.50e-04
    epoch 54: loss 1.1555, val_ap 0.4289, minutes 30.57, lr 2.50e-04
    epoch 55: loss 1.1493, val_ap 0.4262, minutes 30.97, lr 2.50e-04
    epoch 56: loss 1.1552, val_ap 0.4268, minutes 31.37, lr 2.50e-04
    stopping: no validation gain in 25 epochs
[gps data1 fold 4] done (31.7 min)
