loaded: dataset0 121,838 sites, data1 90,452
[h2gcn_aux data1 fold 1]
    epoch 1: loss 1.9263, val_ap 0.1912, minutes 0.25, lr 3.33e-04
    epoch 2: loss 1.7637, val_ap 0.2202, minutes 0.49, lr 6.61e-04
    epoch 3: loss 1.6311, val_ap 0.2824, minutes 0.75, lr 9.89e-04
    epoch 4: loss 1.5597, val_ap 0.3570, minutes 1.0, lr 1.00e-03
    epoch 5: loss 1.4732, val_ap 0.3956, minutes 1.25, lr 1.00e-03
    epoch 6: loss 1.4497, val_ap 0.4011, minutes 1.48, lr 1.00e-03
    epoch 7: loss 1.4283, val_ap 0.4042, minutes 1.73, lr 1.00e-03
    epoch 8: loss 1.4121, val_ap 0.4169, minutes 1.99, lr 1.00e-03
    epoch 9: loss 1.4143, val_ap 0.4168, minutes 2.23, lr 1.00e-03
    epoch 10: loss 1.3976, val_ap 0.4241, minutes 2.46, lr 1.00e-03
    epoch 11: loss 1.3937, val_ap 0.4204, minutes 2.69, lr 1.00e-03
    epoch 12: loss 1.3799, val_ap 0.4263, minutes 2.92, lr 1.00e-03
    epoch 13: loss 1.3932, val_ap 0.4268, minutes 3.14, lr 1.00e-03
    epoch 14: loss 1.3676, val_ap 0.4181, minutes 3.38, lr 1.00e-03
    epoch 15: loss 1.3759, val_ap 0.4266, minutes 3.62, lr 1.00e-03
    epoch 16: loss 1.3593, val_ap 0.4285, minutes 3.85, lr 1.00e-03
    epoch 17: loss 1.3559, val_ap 0.4355, minutes 4.11, lr 1.00e-03
    epoch 18: loss 1.3567, val_ap 0.4365, minutes 4.36, lr 1.00e-03
    epoch 19: loss 1.3612, val_ap 0.4373, minutes 4.61, lr 1.00e-03
    epoch 20: loss 1.3534, val_ap 0.4313, minutes 4.87, lr 1.00e-03
    epoch 21: loss 1.3468, val_ap 0.4332, minutes 5.12, lr 1.00e-03
    epoch 22: loss 1.3383, val_ap 0.4294, minutes 5.36, lr 1.00e-03
    epoch 23: loss 1.3347, val_ap 0.4322, minutes 5.6, lr 1.00e-03
    epoch 24: loss 1.3350, val_ap 0.4373, minutes 5.86, lr 1.00e-03
    epoch 25: loss 1.3254, val_ap 0.4355, minutes 6.09, lr 1.00e-03
    epoch 26: loss 1.3254, val_ap 0.4385, minutes 6.33, lr 1.00e-03
    epoch 27: loss 1.3266, val_ap 0.4345, minutes 6.57, lr 1.00e-03
    epoch 28: loss 1.3098, val_ap 0.4407, minutes 6.79, lr 1.00e-03
    epoch 29: loss 1.3100, val_ap 0.4467, minutes 7.03, lr 1.00e-03
    epoch 30: loss 1.3114, val_ap 0.4420, minutes 7.26, lr 1.00e-03
    epoch 31: loss 1.2999, val_ap 0.4286, minutes 7.49, lr 1.00e-03
    epoch 32: loss 1.3166, val_ap 0.4375, minutes 7.72, lr 1.00e-03
    epoch 33: loss 1.2886, val_ap 0.4379, minutes 7.95, lr 1.00e-03
    epoch 34: loss 1.2910, val_ap 0.4337, minutes 8.18, lr 1.00e-03
    epoch 35: loss 1.2961, val_ap 0.4409, minutes 8.42, lr 1.00e-03
    epoch 36: loss 1.2928, val_ap 0.4465, minutes 8.67, lr 1.00e-03
    epoch 37: loss 1.2894, val_ap 0.4414, minutes 8.93, lr 1.00e-03
    epoch 38: loss 1.2842, val_ap 0.4389, minutes 9.15, lr 5.00e-04
    epoch 39: loss 1.2491, val_ap 0.4449, minutes 9.37, lr 5.00e-04
    epoch 40: loss 1.2658, val_ap 0.4480, minutes 9.61, lr 5.00e-04
    epoch 41: loss 1.2476, val_ap 0.4409, minutes 9.84, lr 5.00e-04
    epoch 42: loss 1.2522, val_ap 0.4440, minutes 10.09, lr 5.00e-04
    epoch 43: loss 1.2452, val_ap 0.4385, minutes 10.33, lr 5.00e-04
    epoch 44: loss 1.2452, val_ap 0.4383, minutes 10.57, lr 5.00e-04
    epoch 45: loss 1.2455, val_ap 0.4376, minutes 10.83, lr 5.00e-04
    epoch 46: loss 1.2419, val_ap 0.4431, minutes 11.07, lr 5.00e-04
    epoch 47: loss 1.2466, val_ap 0.4444, minutes 11.3, lr 5.00e-04
    epoch 48: loss 1.2444, val_ap 0.4439, minutes 11.54, lr 5.00e-04
    epoch 49: loss 1.2253, val_ap 0.4433, minutes 11.78, lr 2.50e-04
    epoch 50: loss 1.2129, val_ap 0.4416, minutes 12.03, lr 2.50e-04
    epoch 51: loss 1.2093, val_ap 0.4423, minutes 12.27, lr 2.50e-04
    epoch 52: loss 1.2043, val_ap 0.4404, minutes 12.49, lr 2.50e-04
    epoch 53: loss 1.2029, val_ap 0.4408, minutes 12.74, lr 2.50e-04
    epoch 54: loss 1.2132, val_ap 0.4391, minutes 12.99, lr 2.50e-04
    epoch 55: loss 1.2047, val_ap 0.4405, minutes 13.23, lr 2.50e-04
    epoch 56: loss 1.1968, val_ap 0.4346, minutes 13.48, lr 2.50e-04
    epoch 57: loss 1.2020, val_ap 0.4399, minutes 13.72, lr 2.50e-04
    epoch 58: loss 1.1935, val_ap 0.4319, minutes 13.95, lr 1.25e-04
    epoch 59: loss 1.1883, val_ap 0.4407, minutes 14.17, lr 1.25e-04
    epoch 60: loss 1.1929, val_ap 0.4370, minutes 14.4, lr 1.25e-04
    epoch 61: loss 1.1867, val_ap 0.4348, minutes 14.63, lr 1.25e-04
    epoch 62: loss 1.1813, val_ap 0.4392, minutes 14.87, lr 1.25e-04
    epoch 63: loss 1.1870, val_ap 0.4361, minutes 15.09, lr 1.25e-04
    epoch 64: loss 1.1825, val_ap 0.4342, minutes 15.3, lr 1.25e-04
    epoch 65: loss 1.1771, val_ap 0.4341, minutes 15.51, lr 1.25e-04
    stopping: no validation gain in 25 epochs
[h2gcn_aux data1 fold 1] done (16.0 min)
