loaded: dataset0 121,838 sites, data1 90,452
[h2gcn_aux data1 fold 3]
    epoch 1: loss 1.9251, val_ap 0.1686, minutes 0.22, lr 3.33e-04
    epoch 2: loss 1.7634, val_ap 0.1806, minutes 0.48, lr 6.61e-04
    epoch 3: loss 1.6259, val_ap 0.2347, minutes 0.74, lr 9.90e-04
    epoch 4: loss 1.5648, val_ap 0.3180, minutes 0.98, lr 1.00e-03
    epoch 5: loss 1.4885, val_ap 0.3604, minutes 1.2, lr 1.00e-03
    epoch 6: loss 1.4522, val_ap 0.3814, minutes 1.45, lr 1.00e-03
    epoch 7: loss 1.4343, val_ap 0.3987, minutes 1.68, lr 1.00e-03
    epoch 8: loss 1.4089, val_ap 0.4045, minutes 1.92, lr 1.00e-03
    epoch 9: loss 1.3957, val_ap 0.4033, minutes 2.16, lr 1.00e-03
    epoch 10: loss 1.3932, val_ap 0.4097, minutes 2.38, lr 1.00e-03
    epoch 11: loss 1.3810, val_ap 0.4178, minutes 2.61, lr 1.00e-03
    epoch 12: loss 1.3731, val_ap 0.4119, minutes 2.85, lr 1.00e-03
    epoch 13: loss 1.3547, val_ap 0.4096, minutes 3.07, lr 1.00e-03
    epoch 14: loss 1.3606, val_ap 0.4166, minutes 3.31, lr 1.00e-03
    epoch 15: loss 1.3694, val_ap 0.4124, minutes 3.56, lr 1.00e-03
    epoch 16: loss 1.3418, val_ap 0.4158, minutes 3.81, lr 1.00e-03
    epoch 17: loss 1.3447, val_ap 0.4154, minutes 4.05, lr 1.00e-03
    epoch 18: loss 1.3548, val_ap 0.4148, minutes 4.3, lr 1.00e-03
    epoch 19: loss 1.3345, val_ap 0.4188, minutes 4.54, lr 1.00e-03
    epoch 20: loss 1.3406, val_ap 0.4217, minutes 4.79, lr 1.00e-03
    epoch 21: loss 1.3536, val_ap 0.4236, minutes 5.02, lr 1.00e-03
    epoch 22: loss 1.3363, val_ap 0.4261, minutes 5.24, lr 1.00e-03
    epoch 23: loss 1.3326, val_ap 0.4228, minutes 5.48, lr 1.00e-03
    epoch 24: loss 1.3271, val_ap 0.4268, minutes 5.71, lr 1.00e-03
    epoch 25: loss 1.3225, val_ap 0.4247, minutes 5.94, lr 1.00e-03
    epoch 26: loss 1.3155, val_ap 0.4269, minutes 6.18, lr 1.00e-03
    epoch 27: loss 1.3264, val_ap 0.4231, minutes 6.41, lr 1.00e-03
    epoch 28: loss 1.3533, val_ap 0.4348, minutes 6.64, lr 1.00e-03
    epoch 29: loss 1.3384, val_ap 0.4287, minutes 6.9, lr 1.00e-03
    epoch 30: loss 1.3088, val_ap 0.4259, minutes 7.17, lr 1.00e-03
    epoch 31: loss 1.3157, val_ap 0.4303, minutes 7.41, lr 1.00e-03
    epoch 32: loss 1.3113, val_ap 0.4359, minutes 7.64, lr 1.00e-03
    epoch 33: loss 1.3040, val_ap 0.4330, minutes 7.87, lr 1.00e-03
    epoch 34: loss 1.3165, val_ap 0.4420, minutes 8.09, lr 1.00e-03
    epoch 35: loss 1.3009, val_ap 0.4384, minutes 8.32, lr 1.00e-03
    epoch 36: loss 1.2845, val_ap 0.4356, minutes 8.56, lr 1.00e-03
    epoch 37: loss 1.2974, val_ap 0.4429, minutes 8.79, lr 1.00e-03
    epoch 38: loss 1.2901, val_ap 0.4416, minutes 9.03, lr 1.00e-03
    epoch 39: loss 1.2795, val_ap 0.4381, minutes 9.28, lr 1.00e-03
    epoch 40: loss 1.2871, val_ap 0.4431, minutes 9.51, lr 1.00e-03
    epoch 41: loss 1.2788, val_ap 0.4447, minutes 9.74, lr 1.00e-03
    epoch 42: loss 1.2798, val_ap 0.4425, minutes 9.99, lr 1.00e-03
    epoch 43: loss 1.2774, val_ap 0.4365, minutes 10.22, lr 1.00e-03
    epoch 44: loss 1.2668, val_ap 0.4307, minutes 10.46, lr 1.00e-03
    epoch 45: loss 1.2644, val_ap 0.4351, minutes 10.69, lr 1.00e-03
    epoch 46: loss 1.2767, val_ap 0.4385, minutes 10.92, lr 1.00e-03
    epoch 47: loss 1.2707, val_ap 0.4373, minutes 11.15, lr 1.00e-03
    epoch 48: loss 1.2684, val_ap 0.4316, minutes 11.4, lr 1.00e-03
    epoch 49: loss 1.2608, val_ap 0.4356, minutes 11.66, lr 1.00e-03
    epoch 50: loss 1.2457, val_ap 0.4308, minutes 11.91, lr 5.00e-04
    epoch 51: loss 1.2359, val_ap 0.4329, minutes 12.16, lr 5.00e-04
    epoch 52: loss 1.2308, val_ap 0.4428, minutes 12.41, lr 5.00e-04
    epoch 53: loss 1.2066, val_ap 0.4335, minutes 12.65, lr 5.00e-04
    epoch 54: loss 1.2191, val_ap 0.4382, minutes 12.9, lr 5.00e-04
    epoch 55: loss 1.2222, val_ap 0.4298, minutes 13.14, lr 5.00e-04
    epoch 56: loss 1.2110, val_ap 0.4348, minutes 13.41, lr 5.00e-04
    epoch 57: loss 1.1999, val_ap 0.4401, minutes 13.68, lr 5.00e-04
    epoch 58: loss 1.2107, val_ap 0.4372, minutes 13.9, lr 5.00e-04
    epoch 59: loss 1.2009, val_ap 0.4243, minutes 14.12, lr 2.50e-04
    epoch 60: loss 1.2055, val_ap 0.4371, minutes 14.37, lr 2.50e-04
    epoch 61: loss 1.1909, val_ap 0.4337, minutes 14.6, lr 2.50e-04
    epoch 62: loss 1.1994, val_ap 0.4310, minutes 14.84, lr 2.50e-04
    epoch 63: loss 1.1815, val_ap 0.4319, minutes 15.05, lr 2.50e-04
    epoch 64: loss 1.1899, val_ap 0.4359, minutes 15.24, lr 2.50e-04
    epoch 65: loss 1.1887, val_ap 0.4367, minutes 15.45, lr 2.50e-04
    epoch 66: loss 1.1966, val_ap 0.4369, minutes 15.67, lr 2.50e-04
    stopping: no validation gain in 25 epochs
[h2gcn_aux data1 fold 3] done (16.2 min)
