loaded: dataset0 121,838 sites, data1 90,452
[gps data1 fold 2]
    epoch 1: loss 1.9154, val_ap 0.1825, minutes 0.68, lr 3.38e-04
    epoch 2: loss 1.7611, val_ap 0.2049, minutes 1.36, lr 6.67e-04
    epoch 3: loss 1.6249, val_ap 0.2458, minutes 2.07, lr 9.95e-04
    epoch 4: loss 1.5246, val_ap 0.3637, minutes 2.77, lr 1.00e-03
    epoch 5: loss 1.4827, val_ap 0.3862, minutes 3.46, lr 1.00e-03
    epoch 6: loss 1.4325, val_ap 0.4034, minutes 4.19, lr 1.00e-03
    epoch 7: loss 1.4054, val_ap 0.4110, minutes 4.91, lr 1.00e-03
    epoch 8: loss 1.3819, val_ap 0.4169, minutes 5.61, lr 1.00e-03
    epoch 9: loss 1.3650, val_ap 0.4212, minutes 6.35, lr 1.00e-03
    epoch 10: loss 1.3677, val_ap 0.4329, minutes 7.06, lr 1.00e-03
    epoch 11: loss 1.3633, val_ap 0.4255, minutes 7.73, lr 1.00e-03
    epoch 12: loss 1.3495, val_ap 0.4262, minutes 8.45, lr 1.00e-03
    epoch 13: loss 1.3355, val_ap 0.4355, minutes 9.17, lr 1.00e-03
    epoch 14: loss 1.3588, val_ap 0.4375, minutes 9.88, lr 1.00e-03
    epoch 15: loss 1.3388, val_ap 0.4191, minutes 10.57, lr 1.00e-03
    epoch 16: loss 1.3242, val_ap 0.4265, minutes 11.28, lr 1.00e-03
    epoch 17: loss 1.3224, val_ap 0.4357, minutes 11.98, lr 1.00e-03
    epoch 18: loss 1.3188, val_ap 0.4376, minutes 12.66, lr 1.00e-03
    epoch 19: loss 1.3235, val_ap 0.4290, minutes 13.37, lr 1.00e-03
    epoch 20: loss 1.3013, val_ap 0.4285, minutes 14.11, lr 1.00e-03
    epoch 21: loss 1.3008, val_ap 0.4401, minutes 14.79, lr 1.00e-03
    epoch 22: loss 1.2952, val_ap 0.4234, minutes 15.4, lr 1.00e-03
    epoch 23: loss 1.2931, val_ap 0.4326, minutes 16.0, lr 1.00e-03
    epoch 24: loss 1.2864, val_ap 0.4262, minutes 16.53, lr 1.00e-03
    epoch 25: loss 1.2804, val_ap 0.4333, minutes 17.02, lr 1.00e-03
    epoch 26: loss 1.2781, val_ap 0.4402, minutes 17.51, lr 1.00e-03
    epoch 27: loss 1.3321, val_ap 0.3963, minutes 17.99, lr 1.00e-03
    epoch 28: loss 1.5022, val_ap 0.4306, minutes 18.47, lr 1.00e-03
    epoch 29: loss 1.3057, val_ap 0.4417, minutes 18.93, lr 1.00e-03
    epoch 30: loss 1.2995, val_ap 0.4365, minutes 19.38, lr 1.00e-03
    epoch 31: loss 1.2801, val_ap 0.4357, minutes 19.82, lr 1.00e-03
    epoch 32: loss 1.2616, val_ap 0.4408, minutes 20.27, lr 1.00e-03
    epoch 33: loss 1.2706, val_ap 0.4435, minutes 20.71, lr 1.00e-03
    epoch 34: loss 1.2797, val_ap 0.4372, minutes 21.16, lr 1.00e-03
    epoch 35: loss 1.2809, val_ap 0.4517, minutes 21.61, lr 1.00e-03
    epoch 36: loss 1.2406, val_ap 0.4457, minutes 22.08, lr 1.00e-03
    epoch 37: loss 1.2636, val_ap 0.4486, minutes 22.53, lr 1.00e-03
    epoch 38: loss 1.2539, val_ap 0.4472, minutes 22.99, lr 1.00e-03
    epoch 39: loss 1.2543, val_ap 0.4423, minutes 23.45, lr 1.00e-03
    epoch 40: loss 1.2413, val_ap 0.4505, minutes 23.91, lr 1.00e-03
    epoch 41: loss 1.2377, val_ap 0.4483, minutes 24.36, lr 1.00e-03
    epoch 42: loss 1.2298, val_ap 0.4455, minutes 24.8, lr 1.00e-03
    epoch 43: loss 1.2253, val_ap 0.4493, minutes 25.24, lr 1.00e-03
    epoch 44: loss 1.2163, val_ap 0.4394, minutes 25.68, lr 5.00e-04
    epoch 45: loss 1.2083, val_ap 0.4491, minutes 26.12, lr 5.00e-04
    epoch 46: loss 1.1923, val_ap 0.4410, minutes 26.54, lr 5.00e-04
    epoch 47: loss 1.1980, val_ap 0.4408, minutes 26.94, lr 5.00e-04
    epoch 48: loss 1.1978, val_ap 0.4477, minutes 27.33, lr 5.00e-04
    epoch 49: loss 1.1780, val_ap 0.4454, minutes 27.74, lr 5.00e-04
    epoch 50: loss 1.1813, val_ap 0.4417, minutes 28.15, lr 5.00e-04
    epoch 51: loss 1.1768, val_ap 0.4270, minutes 28.56, lr 5.00e-04
    epoch 52: loss 1.1755, val_ap 0.4384, minutes 28.97, lr 5.00e-04
    epoch 53: loss 1.1682, val_ap 0.4430, minutes 29.39, lr 2.50e-04
    epoch 54: loss 1.1561, val_ap 0.4292, minutes 29.8, lr 2.50e-04
    epoch 55: loss 1.1463, val_ap 0.4244, minutes 30.19, lr 2.50e-04
    epoch 56: loss 1.1501, val_ap 0.4300, minutes 30.58, lr 2.50e-04
    epoch 57: loss 1.1536, val_ap 0.4268, minutes 30.96, lr 2.50e-04
    epoch 58: loss 1.1486, val_ap 0.4250, minutes 31.35, lr 2.50e-04
    epoch 59: loss 1.1358, val_ap 0.4205, minutes 31.73, lr 2.50e-04
    epoch 60: loss 1.1357, val_ap 0.4258, minutes 32.1, lr 2.50e-04
    stopping: no validation gain in 25 epochs
[gps data1 fold 2] done (32.4 min)
