loaded: dataset0 121,838 sites, data1 90,452
[h2gcn_aux data1 fold 2]
    epoch 1: loss 1.9141, val_ap 0.1852, minutes 0.28, lr 3.38e-04
    epoch 2: loss 1.7560, val_ap 0.2080, minutes 0.53, lr 6.67e-04
    epoch 3: loss 1.6297, val_ap 0.2398, minutes 0.79, lr 9.95e-04
    epoch 4: loss 1.5369, val_ap 0.3323, minutes 1.02, lr 1.00e-03
    epoch 5: loss 1.4846, val_ap 0.3799, minutes 1.27, lr 1.00e-03
    epoch 6: loss 1.4442, val_ap 0.4017, minutes 1.51, lr 1.00e-03
    epoch 7: loss 1.4154, val_ap 0.4085, minutes 1.74, lr 1.00e-03
    epoch 8: loss 1.4004, val_ap 0.4120, minutes 2.0, lr 1.00e-03
    epoch 9: loss 1.3839, val_ap 0.4082, minutes 2.26, lr 1.00e-03
    epoch 10: loss 1.3835, val_ap 0.4235, minutes 2.5, lr 1.00e-03
    epoch 11: loss 1.3773, val_ap 0.4197, minutes 2.75, lr 1.00e-03
    epoch 12: loss 1.3754, val_ap 0.4231, minutes 2.99, lr 1.00e-03
    epoch 13: loss 1.3626, val_ap 0.4272, minutes 3.23, lr 1.00e-03
    epoch 14: loss 1.3713, val_ap 0.4176, minutes 3.47, lr 1.00e-03
    epoch 15: loss 1.3605, val_ap 0.4070, minutes 3.7, lr 1.00e-03
    epoch 16: loss 1.3511, val_ap 0.4225, minutes 3.92, lr 1.00e-03
    epoch 17: loss 1.3417, val_ap 0.4206, minutes 4.16, lr 1.00e-03
    epoch 18: loss 1.3452, val_ap 0.4300, minutes 4.39, lr 1.00e-03
    epoch 19: loss 1.3478, val_ap 0.4222, minutes 4.63, lr 1.00e-03
    epoch 20: loss 1.3257, val_ap 0.4207, minutes 4.87, lr 1.00e-03
    epoch 21: loss 1.3258, val_ap 0.4185, minutes 5.11, lr 1.00e-03
    epoch 22: loss 1.3210, val_ap 0.4157, minutes 5.34, lr 1.00e-03
    epoch 23: loss 1.3273, val_ap 0.4242, minutes 5.61, lr 1.00e-03
    epoch 24: loss 1.3171, val_ap 0.4180, minutes 5.85, lr 1.00e-03
    epoch 25: loss 1.3089, val_ap 0.4229, minutes 6.11, lr 1.00e-03
    epoch 26: loss 1.3113, val_ap 0.4242, minutes 6.36, lr 1.00e-03
    epoch 27: loss 1.3872, val_ap 0.4123, minutes 6.61, lr 5.00e-04
    epoch 28: loss 1.5293, val_ap 0.4099, minutes 6.87, lr 5.00e-04
    epoch 29: loss 1.3066, val_ap 0.4318, minutes 7.11, lr 5.00e-04
    epoch 30: loss 1.3067, val_ap 0.4286, minutes 7.33, lr 5.00e-04
    epoch 31: loss 1.2951, val_ap 0.4244, minutes 7.57, lr 5.00e-04
    epoch 32: loss 1.2791, val_ap 0.4276, minutes 7.82, lr 5.00e-04
    epoch 33: loss 1.2837, val_ap 0.4252, minutes 8.07, lr 5.00e-04
    epoch 34: loss 1.2985, val_ap 0.4240, minutes 8.31, lr 5.00e-04
    epoch 35: loss 1.2886, val_ap 0.4254, minutes 8.55, lr 5.00e-04
    epoch 36: loss 1.2772, val_ap 0.4271, minutes 8.8, lr 5.00e-04
    epoch 37: loss 1.2830, val_ap 0.4257, minutes 9.05, lr 5.00e-04
    epoch 38: loss 1.2802, val_ap 0.4215, minutes 9.3, lr 2.50e-04
    epoch 39: loss 1.2708, val_ap 0.4225, minutes 9.52, lr 2.50e-04
    epoch 40: loss 1.2641, val_ap 0.4254, minutes 9.76, lr 2.50e-04
    epoch 41: loss 1.2676, val_ap 0.4223, minutes 10.0, lr 2.50e-04
    epoch 42: loss 1.2573, val_ap 0.4246, minutes 10.24, lr 2.50e-04
    epoch 43: loss 1.2645, val_ap 0.4200, minutes 10.49, lr 2.50e-04
    epoch 44: loss 1.2480, val_ap 0.4202, minutes 10.75, lr 2.50e-04
    epoch 45: loss 1.2655, val_ap 0.4232, minutes 10.99, lr 2.50e-04
    epoch 46: loss 1.2559, val_ap 0.4219, minutes 11.24, lr 2.50e-04
    epoch 47: loss 1.2632, val_ap 0.4208, minutes 11.49, lr 1.25e-04
    epoch 48: loss 1.2491, val_ap 0.4232, minutes 11.74, lr 1.25e-04
    epoch 49: loss 1.2461, val_ap 0.4235, minutes 11.99, lr 1.25e-04
    epoch 50: loss 1.2523, val_ap 0.4249, minutes 12.25, lr 1.25e-04
    epoch 51: loss 1.2457, val_ap 0.4237, minutes 12.51, lr 1.25e-04
    epoch 52: loss 1.2464, val_ap 0.4244, minutes 12.73, lr 1.25e-04
    epoch 53: loss 1.2556, val_ap 0.4242, minutes 12.98, lr 1.25e-04
    epoch 54: loss 1.2429, val_ap 0.4246, minutes 13.23, lr 1.25e-04
    stopping: no validation gain in 25 epochs
[h2gcn_aux data1 fold 2] done (13.7 min)
