model            arm          fold  stop      best/ran  best AP  late gain
attn_mil         dataset0        0  patience   63/87   0.5339  +0.0000  
attn_mil         dataset0        1  patience   46/70   0.5471  +0.0000  
attn_mil         dataset0        2  patience   27/51   0.5626  +0.0000  
attn_mil         dataset0        3  patience   40/64   0.5715  +0.0000  
attn_mil         dataset0        4  patience   47/71   0.5219  +0.0000  
attn_mil         pooled_both     0  patience   43/67   0.4506  +0.0000  
attn_mil         pooled_both     1  patience   41/65   0.4644  +0.0000  
attn_mil         pooled_both     2  patience   30/54   0.4759  +0.0000  
attn_mil         pooled_both     3  patience   52/76   0.4760  +0.0000  
attn_mil         pooled_both     4  patience   26/50   0.4606  +0.0000  
deepset          dataset0        0  patience   51/75   0.5563  +0.0000  
deepset          dataset0        1  patience   35/59   0.5439  +0.0000  
deepset          dataset0        2  patience   44/68   0.5622  +0.0000  
deepset          dataset0        3  patience   63/87   0.5920  +0.0000  
deepset          dataset0        4  patience   35/59   0.5417  +0.0000  
deepset          pooled_both     0  patience   25/49   0.4552  +0.0000  
deepset          pooled_both     1  patience   26/50   0.4639  +0.0000  
deepset          pooled_both     2  patience   30/54   0.4775  +0.0000  
deepset          pooled_both     3  patience   40/64   0.4795  +0.0000  
deepset          pooled_both     4  patience   25/49   0.4656  +0.0000  
deepset_hand     dataset0        0  patience   21/45   0.5011  +0.0000  
deepset_hand     dataset0        1  patience    8/32   0.4973  +0.0000  
deepset_hand     dataset0        2  patience   16/40   0.5337  +0.0000  
deepset_hand     dataset0        3  patience   16/40   0.5279  +0.0000  
deepset_hand     dataset0        4  patience   12/36   0.4952  +0.0000  
deepset_hand     pooled_both     0  patience   11/35   0.4269  +0.0000  
deepset_hand     pooled_both     1  patience   11/35   0.4443  +0.0000  
deepset_hand     pooled_both     2  patience   10/34   0.4554  +0.0000  
deepset_hand     pooled_both     3  patience   12/36   0.4506  +0.0000  
deepset_hand     pooled_both     4  patience   13/37   0.4510  +0.0000  
fk_band          dataset0        0  patience   62/87   0.6076  +0.0000  
fk_band          dataset0        1  patience   74/99   0.6118  +0.0000  
fk_band          dataset0        2  patience   75/100  0.6252  +0.0000  
fk_band          dataset0        3  patience   68/93   0.6347  +0.0000  
fk_band          dataset0        4  patience   69/94   0.5934  +0.0000  
fk_band s1       dataset0        0  patience  101/126  0.5936  +0.0010  
fk_band s1       dataset0        1  patience   54/79   0.6092  +0.0000  
fk_band s1       dataset0        2  patience   87/112  0.6303  +0.0013  
fk_band s1       dataset0        3  patience   78/103  0.6496  +0.0007  
fk_band s1       dataset0        4  patience   90/115  0.6036  +0.0030  
fk_band s2       dataset0        0  patience   68/93   0.5995  +0.0000  
fk_band s2       dataset0        1  patience   46/71   0.6075  +0.0000  
fk_band s2       dataset0        2  patience   59/84   0.6263  +0.0000  
fk_band s2       dataset0        3  patience   54/79   0.6421  +0.0000  
fk_band s2       dataset0        4  patience   76/109  0.5993  +0.0000  
fk_band          pooled_both     0  patience   38/63   0.4894  +0.0000  
fk_band          pooled_both     1  patience   40/65   0.4938  +0.0000  
fk_band          pooled_both     2  patience   58/83   0.5193  +0.0000  
fk_band          pooled_both     3  patience   30/62   0.5106  +0.0000  
fk_band          pooled_both     4  patience   22/47   0.5037  +0.0000  
fk_band s1       pooled_both     0  patience   37/62   0.5002  +0.0000  
fk_band s1       pooled_both     1  patience   60/85   0.4981  +0.0000  
fk_band s1       pooled_both     2  patience   32/57   0.5244  +0.0000  
fk_band s1       pooled_both     3  patience   44/69   0.5290  +0.0000  
fk_band s1       pooled_both     4  patience   35/60   0.5102  +0.0000  
fk_band s2       pooled_both     0  patience   35/60   0.5029  +0.0000  
fk_band s2       pooled_both     1  patience   45/70   0.5032  +0.0000  
fk_band s2       pooled_both     2  patience   17/42   0.5109  +0.0000  
fk_band s2       pooled_both     3  patience   53/78   0.5212  +0.0000  
fk_band s2       pooled_both     4  patience   35/60   0.5096  +0.0000  
fk_band_shuffled dataset0        0  patience   62/87   0.6141  +0.0000  
fk_band_shuffled dataset0        1  patience   65/90   0.6052  +0.0000  
fk_band_shuffled dataset0        2  patience   76/106  0.6243  +0.0000  
fk_band_shuffled dataset0        3  patience   69/94   0.6249  +0.0000  
fk_band_shuffled dataset0        4  patience   65/90   0.5968  +0.0000  
fk_band_shuffled pooled_both     0  patience   40/65   0.4888  +0.0000  
fk_band_shuffled pooled_both     1  patience   40/65   0.4976  +0.0000  
fk_band_shuffled pooled_both     2  patience   22/47   0.5115  +0.0000  
fk_band_shuffled pooled_both     3  patience   50/75   0.5200  +0.0000  
fk_band_shuffled pooled_both     4  patience   29/54   0.5139  +0.0000  
fk_kernel        dataset0        0  patience   80/105  0.6117  +0.0003  
fk_kernel        dataset0        1  patience   85/110  0.6135  +0.0001  
fk_kernel        dataset0        2  patience   77/102  0.6349  +0.0029  
fk_kernel        dataset0        3  patience   92/117  0.6405  +0.0021  
fk_kernel        dataset0        4  patience   99/124  0.6166  +0.0108  
fk_kernel s1     dataset0        0  patience   96/121  0.6128  +0.0012  
fk_kernel s1     dataset0        1  patience   64/92   0.6133  +0.0000  
fk_kernel s1     dataset0        2  patience  111/136  0.6395  +0.0019  
fk_kernel s1     dataset0        3  patience   67/92   0.6442  +0.0000  
fk_kernel s1     dataset0        4  patience   76/101  0.6019  +0.0022  
fk_kernel s2     dataset0        0  patience   92/117  0.6085  +0.0031  
fk_kernel s2     dataset0        1  patience   46/71   0.6123  +0.0000  
fk_kernel s2     dataset0        2  patience   39/64   0.6117  +0.0000  
fk_kernel s2     dataset0        3  patience   87/112  0.6506  +0.0012  
fk_kernel s2     dataset0        4  patience   62/87   0.6075  +0.0000  
fk_kernel        pooled_both     0  patience   38/63   0.4946  +0.0000  
fk_kernel        pooled_both     1  patience   46/71   0.5115  +0.0000  
fk_kernel        pooled_both     2  patience   50/75   0.5180  +0.0000  
fk_kernel        pooled_both     3  patience   42/67   0.5144  +0.0000  
fk_kernel        pooled_both     4  patience   34/59   0.5192  +0.0000  
fk_kernel s1     pooled_both     0  patience   51/76   0.4935  +0.0000  
fk_kernel s1     pooled_both     1  patience   43/68   0.5123  +0.0000  
fk_kernel s1     pooled_both     2  patience   49/74   0.5116  +0.0000  
fk_kernel s1     pooled_both     3  patience   34/59   0.5245  +0.0000  
fk_kernel s1     pooled_both     4  patience   45/70   0.5155  +0.0000  
fk_kernel s2     pooled_both     0  patience   25/50   0.4913  +0.0000  
fk_kernel s2     pooled_both     1  patience   42/67   0.5077  +0.0000  
fk_kernel s2     pooled_both     2  patience   61/86   0.5127  +0.0000  
fk_kernel s2     pooled_both     3  patience   33/58   0.5165  +0.0000  
fk_kernel s2     pooled_both     4  patience   40/65   0.5116  +0.0000  
gat              dataset0        0  patience   19/44   0.5611  +0.0000  
gat              dataset0        1  patience   11/36   0.5849  +0.0000  
gat              dataset0        2  patience   25/50   0.6016  +0.0000  
gat              dataset0        3  patience   20/45   0.5899  +0.0000  
gat              dataset0        4  patience    9/34   0.5602  +0.0000  
gat              pooled_both     0  patience   12/37   0.4505  +0.0000  
gat              pooled_both     1  patience    9/34   0.4611  +0.0000  
gat              pooled_both     2  patience    8/33   0.4815  +0.0000  
gat              pooled_both     3  patience    8/33   0.4783  +0.0000  
gat              pooled_both     4  patience   11/36   0.4930  +0.0000  
gcn              dataset0        0  patience   28/53   0.3139  +0.0000  
gcn              dataset0        1  patience   95/120  0.3428  +0.0014  
gcn              dataset0        2  patience   65/90   0.3582  +0.0000  
gcn              dataset0        3  patience   83/108  0.3630  +0.0010  
gcn              dataset0        4  patience   20/45   0.3164  +0.0000  
gcn              pooled_both     0  patience   39/64   0.2873  +0.0000  
gcn              pooled_both     1  patience   37/62   0.3146  +0.0000  
gcn              pooled_both     2  patience   24/49   0.3260  +0.0000  
gcn              pooled_both     3  patience   33/58   0.3263  +0.0000  
gcn              pooled_both     4  patience   36/61   0.3138  +0.0000  
gps              dataset0        0  patience   64/89   0.6069  +0.0000  
gps              dataset0        1  patience   49/74   0.6012  +0.0000  
gps              dataset0        2  patience   46/71   0.6079  +0.0000  
gps              dataset0        3  patience   42/67   0.6224  +0.0000  
gps              dataset0        4  patience   59/84   0.5986  +0.0000  
gps s1           dataset0        0  patience   58/83   0.6101  +0.0000  
gps s1           dataset0        1  patience   53/78   0.6065  +0.0000  
gps s1           dataset0        2  patience   49/74   0.6300  +0.0000  
gps s1           dataset0        3  patience   52/77   0.6402  +0.0000  
gps s1           dataset0        4  patience   80/105  0.6094  +0.0008  
gps s2           dataset0        0  patience   64/89   0.5922  +0.0000  
gps s2           dataset0        1  patience   64/89   0.6050  +0.0000  
gps s2           dataset0        2  patience   39/64   0.6340  +0.0000  
gps s2           dataset0        3  patience   63/88   0.6402  +0.0000  
gps s2           dataset0        4  patience   69/94   0.6044  +0.0000  
gps              pooled_both     0  patience   22/47   0.4752  +0.0000  
gps              pooled_both     1  patience   42/67   0.5201  +0.0000  
gps              pooled_both     2  patience   29/54   0.5246  +0.0000  
gps              pooled_both     3  patience   23/48   0.5114  +0.0000  
gps              pooled_both     4  patience   43/69   0.5141  +0.0000  
gps s1           pooled_both     0  patience   47/72   0.4893  +0.0000  
gps s1           pooled_both     1  patience   24/49   0.5078  +0.0000  
gps s1           pooled_both     2  patience   36/61   0.5229  +0.0000  
gps s1           pooled_both     3  patience   33/58   0.5119  +0.0000  
gps s1           pooled_both     4  patience   47/72   0.5049  +0.0000  
gps s2           pooled_both     0  patience   21/46   0.4825  +0.0000  
gps s2           pooled_both     1  patience   21/46   0.5079  +0.0000  
gps s2           pooled_both     2  patience   35/60   0.5206  +0.0000  
gps s2           pooled_both     3  patience   32/57   0.5095  +0.0000  
gps s2           pooled_both     4  patience   22/47   0.5009  +0.0000  
h2gcn            dataset0        0  patience   85/110  0.6074  +0.0032  
h2gcn            dataset0        1  patience   43/68   0.6326  +0.0000  
h2gcn            dataset0        2  patience   65/90   0.6190  +0.0000  
h2gcn            dataset0        3  patience   46/71   0.6206  +0.0000  
h2gcn            dataset0        4  patience   62/87   0.6078  +0.0000  
h2gcn            pooled_both     0  patience   24/49   0.4710  +0.0000  
h2gcn            pooled_both     1  patience   37/62   0.5042  +0.0000  
h2gcn            pooled_both     2  patience   29/54   0.5084  +0.0000  
h2gcn            pooled_both     3  patience   43/68   0.5080  +0.0000  
h2gcn            pooled_both     4  patience   68/93   0.5192  +0.0000  
h2gcn s1         pooled_both     0  patience   39/64   0.4851  +0.0000  
h2gcn s1         pooled_both     1  patience   21/46   0.5006  +0.0000  
h2gcn s1         pooled_both     2  patience   36/61   0.5107  +0.0000  
h2gcn s1         pooled_both     3  patience   22/47   0.5015  +0.0000  
h2gcn s1         pooled_both     4  patience   48/73   0.5067  +0.0000  
h2gcn s2         pooled_both     0  patience   29/54   0.4760  +0.0000  
h2gcn s2         pooled_both     1  patience   18/43   0.5018  +0.0000  
h2gcn s2         pooled_both     2  patience   23/48   0.5053  +0.0000  
h2gcn s2         pooled_both     3  patience   27/52   0.4985  +0.0000  
h2gcn s2         pooled_both     4  patience   35/60   0.4882  +0.0000  
h2gcn_aux        dataset0        0  patience   92/117  0.5774  +0.0017  
h2gcn_aux        dataset0        1  patience   72/97   0.5775  +0.0000  
h2gcn_aux        dataset0        2  patience   97/122  0.5993  +0.0021  
h2gcn_aux        dataset0        3  patience  128/153  0.5924  +0.0006  
h2gcn_aux        dataset0        4  patience  155/180  0.5666  +0.0004  
h2gcn_aux s1     dataset0        0  patience   85/110  0.5695  +0.0046  
h2gcn_aux s1     dataset0        1  patience   94/119  0.5816  +0.0006  
h2gcn_aux s1     dataset0        2  patience  102/127  0.5787  +0.0045  
h2gcn_aux s1     dataset0        3  patience   87/112  0.6026  +0.0015  
h2gcn_aux s1     dataset0        4  patience   76/101  0.5713  +0.0048  
h2gcn_aux s2     dataset0        0  patience   86/111  0.5741  +0.0004  
h2gcn_aux s2     dataset0        1  patience   57/82   0.5758  +0.0000  
h2gcn_aux s2     dataset0        2  patience   82/107  0.5884  +0.0022  
h2gcn_aux s2     dataset0        3  patience   55/80   0.6146  +0.0000  
h2gcn_aux s2     dataset0        4  patience   83/108  0.5773  +0.0048  
h2gcn_aux        pooled_both     0  patience   38/63   0.4812  +0.0000  
h2gcn_aux        pooled_both     1  patience   55/80   0.4918  +0.0000  
h2gcn_aux        pooled_both     2  patience   45/70   0.4918  +0.0000  
h2gcn_aux        pooled_both     3  patience   40/65   0.5064  +0.0000  
h2gcn_aux        pooled_both     4  patience   37/62   0.4865  +0.0000  
h2gcn_aux s1     pooled_both     0  patience   42/67   0.4826  +0.0000  
h2gcn_aux s1     pooled_both     1  patience   49/74   0.4977  +0.0000  
h2gcn_aux s1     pooled_both     2  patience   31/56   0.4803  +0.0000  
h2gcn_aux s1     pooled_both     3  patience   34/59   0.5149  +0.0000  
h2gcn_aux s1     pooled_both     4  patience   44/69   0.4934  +0.0000  
h2gcn_aux s2     pooled_both     0  patience   42/67   0.4871  +0.0000  
h2gcn_aux s2     pooled_both     1  patience   45/70   0.4898  +0.0000  
h2gcn_aux s2     pooled_both     2  patience   42/67   0.4859  +0.0000  
h2gcn_aux s2     pooled_both     3  patience   29/54   0.5082  +0.0000  
h2gcn_aux s2     pooled_both     4  patience   42/67   0.4905  +0.0000  
h2gcn_aux_q      pooled_both     0  patience   33/58   0.4743  +0.0000  
h2gcn_aux_q      pooled_both     1  patience   52/77   0.5000  +0.0000  
h2gcn_aux_q      pooled_both     2  patience   53/78   0.4995  +0.0000  
h2gcn_aux_q      pooled_both     3  patience   30/55   0.5054  +0.0000  
h2gcn_aux_q      pooled_both     4  patience   50/75   0.4997  +0.0000  
h2gcn_aux_qf     pooled_both     0  patience   40/65   0.4707  +0.0000  
h2gcn_aux_qf     pooled_both     1  patience   34/59   0.4864  +0.0000  
h2gcn_aux_qf     pooled_both     2  patience   48/73   0.4876  +0.0000  
h2gcn_aux_qf     pooled_both     3  patience   30/55   0.4994  +0.0000  
h2gcn_aux_qf     pooled_both     4  patience   39/64   0.4940  +0.0000  
h2gcn_aux_r100   dataset0        0  patience   86/111  0.5810  +0.0008  
h2gcn_aux_r100   dataset0        1  patience   71/96   0.5926  +0.0000  
h2gcn_aux_r100   dataset0        2  patience   75/100  0.6139  +0.0000  
h2gcn_aux_r100   dataset0        3  patience  111/136  0.6194  +0.0006  
h2gcn_aux_r100   dataset0        4  patience   85/110  0.5957  +0.0016  
h2gcn_aux_r100 s1 dataset0        0  patience  105/130  0.5842  +0.0039  
h2gcn_aux_r100 s1 dataset0        1  patience   51/76   0.5967  +0.0000  
h2gcn_aux_r100 s1 dataset0        2  patience   70/95   0.6077  +0.0000  
h2gcn_aux_r100 s1 dataset0        3  patience   79/104  0.6252  +0.0001  
h2gcn_aux_r100 s1 dataset0        4  patience   98/123  0.5913  +0.0041  
h2gcn_aux_r100 s2 dataset0        0  patience   92/117  0.5831  +0.0003  
h2gcn_aux_r100 s2 dataset0        1  patience   43/68   0.5822  +0.0000  
h2gcn_aux_r100 s2 dataset0        2  patience   37/62   0.5931  +0.0000  
h2gcn_aux_r100 s2 dataset0        3  patience   70/95   0.6217  +0.0000  
h2gcn_aux_r100 s2 dataset0        4  patience   93/118  0.5960  +0.0009  
h2gcn_aux_r100   pooled_both     0  patience   38/63   0.4796  +0.0000  
h2gcn_aux_r100   pooled_both     1  patience   37/62   0.4843  +0.0000  
h2gcn_aux_r100   pooled_both     2  patience   51/76   0.5115  +0.0000  
h2gcn_aux_r100   pooled_both     3  patience   42/67   0.5015  +0.0000  
h2gcn_aux_r100   pooled_both     4  patience   39/64   0.4992  +0.0000  
h2gcn_aux_r100 s1 pooled_both     0  patience   37/62   0.4746  +0.0000  
h2gcn_aux_r100 s1 pooled_both     1  patience   38/63   0.4949  +0.0000  
h2gcn_aux_r100 s1 pooled_both     2  patience   25/50   0.4980  +0.0000  
h2gcn_aux_r100 s1 pooled_both     3  patience   26/51   0.5043  +0.0000  
h2gcn_aux_r100 s1 pooled_both     4  patience   29/54   0.4929  +0.0000  
h2gcn_aux_r100 s2 pooled_both     0  patience   24/49   0.4783  +0.0000  
h2gcn_aux_r100 s2 pooled_both     1  patience   45/70   0.4986  +0.0000  
h2gcn_aux_r100 s2 pooled_both     2  patience   39/64   0.5026  +0.0000  
h2gcn_aux_r100 s2 pooled_both     3  patience   28/53   0.5083  +0.0000  
h2gcn_aux_r100 s2 pooled_both     4  patience   42/67   0.4990  +0.0000  
h2gcn_aux_r200   dataset0        0  patience   82/107  0.6110  +0.0032  
h2gcn_aux_r200   dataset0        1  patience   50/75   0.6267  +0.0000  
h2gcn_aux_r200   dataset0        2  patience   71/96   0.6454  +0.0000  
h2gcn_aux_r200   dataset0        3  patience   49/74   0.6347  +0.0000  
h2gcn_aux_r200   dataset0        4  patience   88/113  0.5996  +0.0019  
h2gcn_aux_r200   pooled_both     0  patience   58/83   0.4884  +0.0000  
h2gcn_aux_r200   pooled_both     1  patience   27/52   0.4894  +0.0000  
h2gcn_aux_r200   pooled_both     2  patience   34/59   0.5154  +0.0000  
h2gcn_aux_r200   pooled_both     3  patience   30/55   0.5062  +0.0000  
h2gcn_aux_r200   pooled_both     4  patience   49/74   0.5168  +0.0000  
h2gcn_aux_r400   dataset0        0  patience   67/92   0.5950  +0.0000  
h2gcn_aux_r400   dataset0        1  patience   53/94   0.6128  +0.0000  
h2gcn_aux_r400   dataset0        2  patience   67/92   0.6413  +0.0000  
h2gcn_aux_r400   dataset0        3  patience   75/100  0.6374  +0.0000  
h2gcn_aux_r400   dataset0        4  patience   72/97   0.6116  +0.0000  
h2gcn_aux_r400   pooled_both     0  patience   35/65   0.4840  +0.0000  
h2gcn_aux_r400   pooled_both     1  patience   45/70   0.4998  +0.0000  
h2gcn_aux_r400   pooled_both     2  patience   37/62   0.5084  +0.0000  
h2gcn_aux_r400   pooled_both     3  patience   46/71   0.5001  +0.0000  
h2gcn_aux_r400   pooled_both     4  patience   39/64   0.5049  +0.0000  
h2gcn_local      dataset0        0  patience   72/97   0.5800  +0.0000  
h2gcn_local      dataset0        1  patience   68/102  0.5612  +0.0000  
h2gcn_local      dataset0        2  patience   74/99   0.5765  +0.0000  
h2gcn_local      dataset0        3  patience   46/71   0.5680  +0.0000  
h2gcn_local      dataset0        4  patience   49/74   0.5528  +0.0000  
h2gcn_local      pooled_both     0  patience   40/65   0.4801  +0.0000  
h2gcn_local      pooled_both     1  patience   63/88   0.4895  +0.0000  
h2gcn_local      pooled_both     2  patience   51/76   0.4836  +0.0000  
h2gcn_local      pooled_both     3  patience   30/55   0.5034  +0.0000  
h2gcn_local      pooled_both     4  patience   38/63   0.4945  +0.0000  
h2gcn_local s1   pooled_both     0  patience   21/46   0.4682  +0.0000  
h2gcn_local s1   pooled_both     1  patience   43/68   0.4943  +0.0000  
h2gcn_local s1   pooled_both     2  patience   21/46   0.4772  +0.0000  
h2gcn_local s1   pooled_both     3  patience   36/61   0.5032  +0.0000  
h2gcn_local s1   pooled_both     4  patience   31/56   0.4848  +0.0000  
h2gcn_local s2   pooled_both     0  patience   38/63   0.4811  +0.0000  
h2gcn_local s2   pooled_both     1  patience   49/93   0.4863  +0.0000  
h2gcn_local s2   pooled_both     2  patience   22/47   0.4848  +0.0000  
h2gcn_local s2   pooled_both     3  patience   33/58   0.4987  +0.0000  
h2gcn_local s2   pooled_both     4  patience   31/56   0.4833  +0.0000  
h2gcn_local_deep dataset0        0  patience   53/78   0.5651  +0.0000  
h2gcn_local_deep dataset0        1  patience   41/66   0.5765  +0.0000  
h2gcn_local_deep dataset0        2  patience   48/73   0.5742  +0.0000  
h2gcn_local_deep dataset0        3  patience   35/60   0.5839  +0.0000  
h2gcn_local_deep dataset0        4  patience   30/55   0.5643  +0.0000  
h2gcn_local_deep pooled_both     0  patience   20/45   0.4680  +0.0000  
h2gcn_local_deep pooled_both     1  patience   16/41   0.4851  +0.0000  
h2gcn_local_deep pooled_both     2  patience   22/47   0.4842  +0.0000  
h2gcn_local_deep pooled_both     3  patience   14/39   0.4859  +0.0000  
h2gcn_local_deep pooled_both     4  patience   17/42   0.4800  +0.0000  
h2gcn_noisy      pooled_both     0  patience   47/72   0.4830  +0.0000  
h2gcn_noisy      pooled_both     1  patience   34/59   0.4944  +0.0000  
h2gcn_noisy      pooled_both     2  patience   41/66   0.4968  +0.0000  
h2gcn_noisy      pooled_both     3  patience   23/48   0.4857  +0.0000  
h2gcn_noisy      pooled_both     4  patience   38/63   0.5059  +0.0000  
h2gcn_noisy2     pooled_both     0  patience   34/59   0.4887  +0.0000  
h2gcn_noisy2     pooled_both     1  patience   32/57   0.5003  +0.0000  
h2gcn_noisy2     pooled_both     2  patience   37/62   0.5196  +0.0000  
h2gcn_noisy2     pooled_both     3  patience   39/64   0.5193  +0.0000  
h2gcn_noisy2     pooled_both     4  patience   36/61   0.5240  +0.0000  
h2gcn_transcript dataset0        0  patience   59/84   0.5753  +0.0000  
h2gcn_transcript dataset0        1  patience   43/68   0.6078  +0.0000  
h2gcn_transcript dataset0        2  patience   92/117  0.6017  +0.0016  
h2gcn_transcript dataset0        3  patience   64/89   0.6218  +0.0000  
h2gcn_transcript dataset0        4  patience   44/69   0.5686  +0.0000  
h2gcn_transcript pooled_both     0  patience   34/59   0.4538  +0.0000  
h2gcn_transcript pooled_both     1  patience   34/59   0.4893  +0.0000  
h2gcn_transcript pooled_both     2  patience   51/76   0.4856  +0.0000  
h2gcn_transcript pooled_both     3  patience   40/65   0.4881  +0.0000  
h2gcn_transcript pooled_both     4  patience   32/57   0.4880  +0.0000  
h2gcn_twohead    pooled_both     0  patience   27/52   0.4802  +0.0000  
h2gcn_twohead    pooled_both     1  patience   36/61   0.5094  +0.0000  
h2gcn_twohead    pooled_both     2  patience   34/59   0.5109  +0.0000  
h2gcn_twohead    pooled_both     3  patience   41/66   0.5085  +0.0000  
h2gcn_twohead    pooled_both     4  patience   26/51   0.5143  +0.0000  
h2gcn_twohead s1 pooled_both     0  patience   36/61   0.4872  +0.0000  
h2gcn_twohead s1 pooled_both     1  patience   45/70   0.5073  +0.0000  
h2gcn_twohead s1 pooled_both     2  patience   43/68   0.5048  +0.0000  
h2gcn_twohead s1 pooled_both     3  patience   40/65   0.5144  +0.0000  
h2gcn_twohead s1 pooled_both     4  patience   39/64   0.5159  +0.0000  
h2gcn_twohead s2 pooled_both     0  patience   23/48   0.4864  +0.0000  
h2gcn_twohead s2 pooled_both     1  patience   36/61   0.4999  +0.0000  
h2gcn_twohead s2 pooled_both     2  patience   40/65   0.5136  +0.0000  
h2gcn_twohead s2 pooled_both     3  patience   37/62   0.5058  +0.0000  
h2gcn_twohead s2 pooled_both     4  patience   45/70   0.5035  +0.0000  
h2gcn_twohead_aux pooled_both     0  patience   41/66   0.4870  +0.0000  
h2gcn_twohead_aux pooled_both     1  patience   42/67   0.5177  +0.0000  
h2gcn_twohead_aux pooled_both     2  patience   38/63   0.5123  +0.0000  
h2gcn_twohead_aux pooled_both     3  patience   50/75   0.5089  +0.0000  
h2gcn_twohead_aux pooled_both     4  patience   39/64   0.5105  +0.0000  
knn_dynamic      dataset0        0  patience   49/73   0.5470  +0.0000  
knn_dynamic      dataset0        1  patience   29/53   0.5261  +0.0000  
knn_dynamic      dataset0        2  patience   83/107  0.5507  +0.0006  
knn_dynamic      dataset0        3  cap        75/88   0.5867  +0.0006  
knn_dynamic      dataset0        4  patience   53/77   0.5257  +0.0000  
knn_dynamic      pooled_both     0  cap        41/48   0.4526  +0.0026  
knn_dynamic      pooled_both     1  cap        32/48   0.4635  +0.0000  
knn_dynamic      pooled_both     2  cap        25/47   0.4847  +0.0000  
knn_dynamic      pooled_both     3  cap        46/53   0.4809  +0.0008  
knn_dynamic      pooled_both     4  cap        48/71   0.4743  +0.0000  
knn_random       dataset0        0  patience   73/97   0.5404  +0.0016  
knn_random       dataset0        1  patience   52/76   0.5516  +0.0000  
knn_random       dataset0        2  patience   94/118  0.5778  +0.0051  
knn_random       dataset0        3  patience   62/86   0.5738  +0.0000  
knn_random       dataset0        4  patience   45/69   0.5427  +0.0000  
knn_random       pooled_both     0  patience   27/51   0.4570  +0.0000  
knn_random       pooled_both     1  cap        43/63   0.4699  +0.0000  
knn_random       pooled_both     2  patience   33/57   0.4937  +0.0000  
knn_random       pooled_both     3  cap        59/71   0.4901  +0.0023  
knn_random       pooled_both     4  patience   24/48   0.4742  +0.0000  
knn_static       dataset0        0  patience   43/67   0.5421  +0.0000  
knn_static       dataset0        1  patience   19/43   0.5366  +0.0000  
knn_static       dataset0        2  patience   72/96   0.5778  +0.0000  
knn_static       dataset0        3  patience   67/91   0.5885  +0.0000  
knn_static       dataset0        4  patience   91/115  0.5530  +0.0019  
knn_static       pooled_both     0  cap        38/50   0.4606  +0.0041  
knn_static       pooled_both     1  patience   46/70   0.4646  +0.0000  
knn_static       pooled_both     2  patience   46/70   0.4880  +0.0000  
knn_static       pooled_both     3  patience   56/80   0.4777  +0.0000  
knn_static       pooled_both     4  cap        29/49   0.4651  +0.0000  
res_gate         dataset0        0  patience  114/139  0.6157  +0.0014  
res_gate         dataset0        1  patience   81/106  0.6217  +0.0010  
res_gate         dataset0        2  patience  132/163  0.6256  +0.0007  
res_gate         dataset0        3  patience  121/146  0.6470  +0.0039  
res_gate         dataset0        4  patience   99/124  0.6075  +0.0003  
res_gate s1      dataset0        0  patience   92/117  0.6111  +0.0063  
res_gate s1      dataset0        1  patience   93/118  0.6207  +0.0028  
res_gate s1      dataset0        2  patience  117/142  0.6362  +0.0007  
res_gate s1      dataset0        3  patience  102/127  0.6569  +0.0035  
res_gate s1      dataset0        4  patience  101/126  0.6209  +0.0018  
res_gate s2      dataset0        0  patience  121/146  0.6189  +0.0013  
res_gate s2      dataset0        1  patience   78/103  0.6227  +0.0004  
res_gate s2      dataset0        2  patience   84/109  0.6476  +0.0051  
res_gate s2      dataset0        3  patience  100/125  0.6510  +0.0004  
res_gate s2      dataset0        4  patience  111/136  0.6262  +0.0006  
res_gate         pooled_both     0  patience   40/65   0.4895  +0.0000  
res_gate         pooled_both     1  patience   46/71   0.5006  +0.0000  
res_gate         pooled_both     2  patience   65/90   0.5203  +0.0000  
res_gate         pooled_both     3  patience   52/77   0.5146  +0.0000  
res_gate         pooled_both     4  patience   42/67   0.5099  +0.0000  
res_gate s1      pooled_both     0  patience   44/69   0.4927  +0.0000  
res_gate s1      pooled_both     1  patience   42/67   0.5029  +0.0000  
res_gate s1      pooled_both     2  patience   47/72   0.5157  +0.0000  
res_gate s1      pooled_both     3  patience   54/79   0.5259  +0.0000  
res_gate s1      pooled_both     4  patience   44/69   0.5124  +0.0000  
res_gate s2      pooled_both     0  patience   21/46   0.4870  +0.0000  
res_gate s2      pooled_both     1  patience   33/58   0.5060  +0.0000  
res_gate s2      pooled_both     2  patience   50/75   0.5154  +0.0000  
res_gate s2      pooled_both     3  patience   57/82   0.5091  +0.0000  
res_gate s2      pooled_both     4  patience   58/83   0.5197  +0.0000  
res_nodrop       dataset0        0  patience   87/112  0.6140  +0.0018  
res_nodrop       dataset0        1  patience   58/83   0.6002  +0.0000  
res_nodrop       dataset0        2  patience   64/89   0.6083  +0.0000  
res_nodrop       dataset0        3  patience   79/104  0.6390  +0.0025  
res_nodrop       dataset0        4  patience   75/100  0.5921  +0.0000  
res_nodrop       pooled_both     0  patience   43/68   0.4965  +0.0000  
res_nodrop       pooled_both     1  patience   37/62   0.5055  +0.0000  
res_nodrop       pooled_both     2  patience   45/70   0.5124  +0.0000  
res_nodrop       pooled_both     3  patience   43/68   0.5125  +0.0000  
res_nodrop       pooled_both     4  patience   39/64   0.5124  +0.0000  
res_nogate       dataset0        0  patience  122/147  0.6316  +0.0013  
res_nogate       dataset0        1  patience   52/77   0.6126  +0.0000  
res_nogate       dataset0        2  patience   96/121  0.6301  +0.0039  
res_nogate       dataset0        3  patience   86/111  0.6511  +0.0038  
res_nogate       dataset0        4  patience   89/114  0.6128  +0.0008  
res_nogate       pooled_both     0  patience   40/65   0.4949  +0.0000  
res_nogate       pooled_both     1  patience   40/65   0.5005  +0.0000  
res_nogate       pooled_both     2  patience   41/66   0.5241  +0.0000  
res_nogate       pooled_both     3  patience   50/75   0.5140  +0.0000  
res_nogate       pooled_both     4  patience   34/59   0.5052  +0.0000  
scalar_msg       dataset0        0  patience   80/114  0.5934  +0.0000  
scalar_msg       dataset0        1  patience   71/96   0.5857  +0.0000  
scalar_msg       dataset0        2  patience   69/94   0.6114  +0.0000  
scalar_msg       dataset0        3  patience   92/117  0.6083  +0.0022  
scalar_msg       dataset0        4  patience   89/114  0.5845  +0.0027  
scalar_msg s1    dataset0        0  patience   89/114  0.5837  +0.0024  
scalar_msg s1    dataset0        1  patience  113/138  0.6003  +0.0006  
scalar_msg s1    dataset0        2  patience   76/101  0.6226  +0.0017  
scalar_msg s1    dataset0        3  patience   79/104  0.6218  +0.0046  
scalar_msg s1    dataset0        4  patience   74/99   0.5810  +0.0000  
scalar_msg s2    dataset0        0  patience   66/91   0.5848  +0.0000  
scalar_msg s2    dataset0        1  patience  113/138  0.6049  +0.0017  
scalar_msg s2    dataset0        2  patience   67/92   0.6033  +0.0000  
scalar_msg s2    dataset0        3  patience   62/87   0.6055  +0.0000  
scalar_msg s2    dataset0        4  patience  104/129  0.5858  +0.0022  
scalar_msg       pooled_both     0  patience   24/49   0.4765  +0.0000  
scalar_msg       pooled_both     1  patience   37/62   0.4951  +0.0000  
scalar_msg       pooled_both     2  patience   41/66   0.5117  +0.0000  
scalar_msg       pooled_both     3  patience   51/76   0.5088  +0.0000  
scalar_msg       pooled_both     4  patience   49/74   0.4976  +0.0000  
scalar_msg s1    pooled_both     0  patience   51/76   0.4750  +0.0000  
scalar_msg s1    pooled_both     1  patience   34/59   0.4970  +0.0000  
scalar_msg s1    pooled_both     2  patience   29/54   0.5189  +0.0000  
scalar_msg s1    pooled_both     3  patience   30/55   0.5071  +0.0000  
scalar_msg s1    pooled_both     4  patience   51/76   0.4958  +0.0000  
scalar_msg s2    pooled_both     0  patience   24/49   0.4867  +0.0000  
scalar_msg s2    pooled_both     1  patience   59/84   0.5007  +0.0000  
scalar_msg s2    pooled_both     2  patience   36/61   0.5158  +0.0000  
scalar_msg s2    pooled_both     3  patience   47/72   0.5071  +0.0000  
scalar_msg s2    pooled_both     4  patience   40/65   0.5019  +0.0000  
scalar_random    dataset0        0  patience   78/103  0.5476  +0.0004  
scalar_random    dataset0        1  patience   72/97   0.5482  +0.0000  
scalar_random    dataset0        2  patience   76/101  0.5706  +0.0035  
scalar_random    dataset0        3  patience   91/116  0.5699  +0.0038  
scalar_random    dataset0        4  patience  151/176  0.5460  +0.0024  
scalar_random    pooled_both     0  patience   47/72   0.4488  +0.0000  
scalar_random    pooled_both     1  patience   45/70   0.4606  +0.0000  
scalar_random    pooled_both     2  patience   52/77   0.4780  +0.0000  
scalar_random    pooled_both     3  patience   74/99   0.4760  +0.0000  
scalar_random    pooled_both     4  patience   45/70   0.4609  +0.0000  
set_transformer  dataset0        0  patience   49/73   0.5453  +0.0000  
set_transformer  dataset0        1  patience   53/77   0.5609  +0.0000  
set_transformer  dataset0        2  patience   76/100  0.5570  +0.0011  
set_transformer  dataset0        3  patience   27/51   0.5723  +0.0000  
set_transformer  dataset0        4  patience   27/51   0.5374  +0.0000  
set_transformer  pooled_both     0  patience   46/70   0.4525  +0.0000  
set_transformer  pooled_both     1  patience   26/50   0.4611  +0.0000  
set_transformer  pooled_both     2  cap        52/72   0.4846  +0.0000  
set_transformer  pooled_both     3  patience   21/45   0.4639  +0.0000  
set_transformer  pooled_both     4  patience   35/59   0.4721  +0.0000  
attn_mil: 0/10 finished networks undertrained
deepset: 0/10 finished networks undertrained
deepset_hand: 0/10 finished networks undertrained
fk_band: 0/30 finished networks undertrained
fk_band_shuffled: 0/10 finished networks undertrained
fk_kernel: 0/30 finished networks undertrained
gat: 0/10 finished networks undertrained
gcn: 0/10 finished networks undertrained
gps: 0/30 finished networks undertrained
h2gcn: 0/20 finished networks undertrained
h2gcn_aux: 0/30 finished networks undertrained
h2gcn_aux_q: 0/5 finished networks undertrained
h2gcn_aux_qf: 0/5 finished networks undertrained
h2gcn_aux_r100: 0/30 finished networks undertrained
h2gcn_aux_r200: 0/10 finished networks undertrained
h2gcn_aux_r400: 0/10 finished networks undertrained
h2gcn_local: 0/20 finished networks undertrained
h2gcn_local_deep: 0/10 finished networks undertrained
h2gcn_noisy: 0/5 finished networks undertrained
h2gcn_noisy2: 0/5 finished networks undertrained
h2gcn_transcript: 0/10 finished networks undertrained
h2gcn_twohead: 0/15 finished networks undertrained
h2gcn_twohead_aux: 0/5 finished networks undertrained
knn_dynamic: 0/10 finished networks undertrained
knn_random: 0/10 finished networks undertrained
knn_static: 0/10 finished networks undertrained
res_gate: 0/30 finished networks undertrained
res_nodrop: 0/10 finished networks undertrained
res_nogate: 0/10 finished networks undertrained
scalar_msg: 0/30 finished networks undertrained
scalar_random: 0/10 finished networks undertrained
set_transformer: 0/10 finished networks undertrained
