start baseline
start fit --model fk_band --fold 0 --arm dataset0
start fit --model fk_band --fold 0 --arm pooled_both
start fit --model fk_band --fold 1 --arm dataset0
start fit --model fk_band --fold 1 --arm pooled_both
start fit --model fk_band --fold 2 --arm dataset0
start fit --model fk_band --fold 2 --arm pooled_both
start fit --model fk_band --fold 3 --arm dataset0
start fit --model fk_band --fold 3 --arm pooled_both
start fit --model fk_band --fold 4 --arm dataset0
start fit --model fk_band --fold 4 --arm pooled_both
start fit --model fk_kernel --fold 0 --arm dataset0
start fit --model fk_kernel --fold 0 --arm pooled_both
start fit --model fk_kernel --fold 1 --arm dataset0
start fit --model fk_kernel --fold 1 --arm pooled_both
start fit --model fk_kernel --fold 2 --arm dataset0
done baseline
start fit --model fk_kernel --fold 2 --arm pooled_both
done fit --model fk_kernel --fold 2 --arm dataset0
start fit --model fk_kernel --fold 3 --arm dataset0
done fit --model fk_kernel --fold 1 --arm dataset0
start fit --model fk_kernel --fold 3 --arm pooled_both
done fit --model fk_band --fold 2 --arm pooled_both
start fit --model fk_kernel --fold 4 --arm dataset0
done fit --model fk_band --fold 1 --arm dataset0
start fit --model fk_kernel --fold 4 --arm pooled_both
done fit --model fk_band --fold 3 --arm dataset0
start fit --model res_gate --fold 0 --arm dataset0
done fit --model fk_band --fold 2 --arm dataset0
start fit --model res_gate --fold 0 --arm pooled_both
done fit --model fk_kernel --fold 0 --arm pooled_both
start fit --model res_gate --fold 1 --arm dataset0
done fit --model fk_band --fold 0 --arm dataset0
start fit --model res_gate --fold 1 --arm pooled_both
done fit --model fk_band --fold 0 --arm pooled_both
start fit --model res_gate --fold 2 --arm dataset0
done fit --model fk_band --fold 1 --arm pooled_both
done fit --model fk_band --fold 4 --arm pooled_both
start fit --model res_gate --fold 2 --arm pooled_both
start fit --model res_gate --fold 3 --arm dataset0
done fit --model fk_band --fold 4 --arm dataset0
start fit --model res_gate --fold 3 --arm pooled_both
done fit --model fk_kernel --fold 0 --arm dataset0
start fit --model res_gate --fold 4 --arm dataset0
done fit --model fk_kernel --fold 1 --arm pooled_both
start fit --model res_gate --fold 4 --arm pooled_both
done fit --model fk_band --fold 3 --arm pooled_both
start fit --model scalar_msg --fold 0 --arm dataset0
done fit --model fk_kernel --fold 2 --arm pooled_both
start fit --model scalar_msg --fold 0 --arm pooled_both
done fit --model fk_kernel --fold 4 --arm dataset0
start fit --model scalar_msg --fold 1 --arm dataset0
done fit --model res_gate --fold 0 --arm pooled_both
start fit --model scalar_msg --fold 1 --arm pooled_both
done fit --model fk_kernel --fold 3 --arm pooled_both
start fit --model scalar_msg --fold 2 --arm dataset0
done fit --model fk_kernel --fold 3 --arm dataset0
start fit --model scalar_msg --fold 2 --arm pooled_both
done fit --model res_gate --fold 1 --arm dataset0
start fit --model scalar_msg --fold 3 --arm dataset0
done fit --model fk_kernel --fold 4 --arm pooled_both
start fit --model scalar_msg --fold 3 --arm pooled_both
done fit --model res_gate --fold 1 --arm pooled_both
start fit --model scalar_msg --fold 4 --arm dataset0
done fit --model res_gate --fold 2 --arm dataset0
start fit --model scalar_msg --fold 4 --arm pooled_both
done fit --model scalar_msg --fold 0 --arm pooled_both
start fit --model gps --fold 0 --arm dataset0
done fit --model scalar_msg --fold 0 --arm dataset0
start fit --model gps --fold 0 --arm pooled_both
done fit --model res_gate --fold 0 --arm dataset0
start fit --model gps --fold 1 --arm dataset0
done fit --model res_gate --fold 2 --arm pooled_both
start fit --model gps --fold 1 --arm pooled_both
done fit --model res_gate --fold 3 --arm dataset0
start fit --model gps --fold 2 --arm dataset0
done fit --model res_gate --fold 3 --arm pooled_both
start fit --model gps --fold 2 --arm pooled_both
done fit --model res_gate --fold 4 --arm pooled_both
start fit --model gps --fold 3 --arm dataset0
done fit --model scalar_msg --fold 2 --arm dataset0
start fit --model gps --fold 3 --arm pooled_both
done fit --model res_gate --fold 4 --arm dataset0
start fit --model gps --fold 4 --arm dataset0
done fit --model scalar_msg --fold 2 --arm pooled_both
start fit --model gps --fold 4 --arm pooled_both
done fit --model scalar_msg --fold 3 --arm dataset0
start fit --model h2gcn_aux --fold 0 --arm dataset0
done fit --model scalar_msg --fold 1 --arm pooled_both
start fit --model h2gcn_aux --fold 0 --arm pooled_both
done fit --model scalar_msg --fold 1 --arm dataset0
start fit --model h2gcn_aux --fold 1 --arm dataset0
done fit --model scalar_msg --fold 3 --arm pooled_both
start fit --model h2gcn_aux --fold 1 --arm pooled_both
done fit --model scalar_msg --fold 4 --arm dataset0
start fit --model h2gcn_aux --fold 2 --arm dataset0
done fit --model scalar_msg --fold 4 --arm pooled_both
start fit --model h2gcn_aux --fold 2 --arm pooled_both
done fit --model h2gcn_aux --fold 1 --arm dataset0
start fit --model h2gcn_aux --fold 3 --arm dataset0
done fit --model h2gcn_aux --fold 0 --arm dataset0
start fit --model h2gcn_aux --fold 3 --arm pooled_both
done fit --model h2gcn_aux --fold 0 --arm pooled_both
start fit --model h2gcn_aux --fold 4 --arm dataset0
done fit --model h2gcn_aux --fold 1 --arm pooled_both
start fit --model h2gcn_aux --fold 4 --arm pooled_both
done fit --model gps --fold 2 --arm dataset0
start fit --model h2gcn_aux_r100 --fold 0 --arm dataset0
done fit --model h2gcn_aux --fold 2 --arm dataset0
start fit --model h2gcn_aux_r100 --fold 0 --arm pooled_both
done fit --model h2gcn_aux --fold 2 --arm pooled_both
start fit --model h2gcn_aux_r100 --fold 1 --arm dataset0
done fit --model gps --fold 0 --arm pooled_both
start fit --model h2gcn_aux_r100 --fold 1 --arm pooled_both
done fit --model gps --fold 1 --arm pooled_both
start fit --model h2gcn_aux_r100 --fold 2 --arm dataset0
done fit --model h2gcn_aux --fold 3 --arm dataset0
start fit --model h2gcn_aux_r100 --fold 2 --arm pooled_both
done fit --model gps --fold 0 --arm dataset0
start fit --model h2gcn_aux_r100 --fold 3 --arm dataset0
done fit --model gps --fold 1 --arm dataset0
start fit --model h2gcn_aux_r100 --fold 3 --arm pooled_both
done fit --model h2gcn_aux --fold 3 --arm pooled_both
start fit --model h2gcn_aux_r100 --fold 4 --arm dataset0
done fit --model gps --fold 3 --arm dataset0
start fit --model h2gcn_aux_r100 --fold 4 --arm pooled_both
done fit --model gps --fold 4 --arm pooled_both
done fit --model h2gcn_aux_r100 --fold 1 --arm dataset0
done fit --model h2gcn_aux --fold 4 --arm dataset0
done fit --model h2gcn_aux_r100 --fold 0 --arm pooled_both
done fit --model h2gcn_aux_r100 --fold 2 --arm dataset0
done fit --model h2gcn_aux --fold 4 --arm pooled_both
done fit --model gps --fold 4 --arm dataset0
done fit --model gps --fold 3 --arm pooled_both
done fit --model h2gcn_aux_r100 --fold 0 --arm dataset0
done fit --model gps --fold 2 --arm pooled_both
done fit --model h2gcn_aux_r100 --fold 2 --arm pooled_both
done fit --model h2gcn_aux_r100 --fold 3 --arm pooled_both
done fit --model h2gcn_aux_r100 --fold 1 --arm pooled_both
done fit --model h2gcn_aux_r100 --fold 3 --arm dataset0
done fit --model h2gcn_aux_r100 --fold 4 --arm pooled_both
done fit --model h2gcn_aux_r100 --fold 4 --arm dataset0
loaded: dataset0 121,838 sites, data1 90,452

Cross-source: fk_band (network) minus lightgbm_quantiles
--------------------------------------------------------
             dataset0 gain     dataset0 95% CI  data1 gain        data1 95% CI  mean gain  worst gain eligible
trained on                                                                                                    
dataset0           +0.0949  [+0.0798, +0.1089]     +0.0450  [+0.0343, +0.0564]    +0.0700     +0.0450      yes
pooled_both        +0.0874  [+0.0722, +0.0999]     +0.0444  [+0.0319, +0.0552]    +0.0659     +0.0444      yes
Each row: fk_band (network) and lightgbm_quantiles trained the same way, both scored on the
held-out genes of each file against that file's labels. Selection rule
(0032): rank on the worse gain; veto if it is below -0.005.
Headline arm (what ships today): dataset0.

Raw PR AUC (not comparable across files: positive rates 4.5% vs 7.3%):
             dataset0 PR AUC  data1 PR AUC  dataset0 baseline  data1 baseline
trained on                                                                   
dataset0              0.5709        0.4169             0.4759          0.3719
pooled_both           0.5597        0.4361             0.4723          0.3917

Crossed test on the sites in both files (trained on dataset0), gain over lightgbm_quantiles:
     measurements    labels   gain  ci_low  ci_high
cell                                               
A        dataset0  dataset0 0.0782  0.0602   0.0968
B        dataset0     data1 0.0572  0.0465   0.0693
C           data1  dataset0 0.0639  0.0457   0.0825
D           data1     data1 0.0461  0.0350   0.0592
A->B: the labelling changes. A->C: the sequencing run changes. A gain that
survives A->C but not A->B is tied to dataset0's labelling.

data1 genes absent from dataset0 (12,061 sites): gain +0.0517 [+0.0248, +0.0820] - compare with cell D for the gene-population effect.
fk_band: worst +0.0450  mean +0.0700  -> /mnt/sdd/DSA4262/analysis/representation/results/fk_band_nn__xsrc__seed2.json

Cross-source: fk_kernel (network) minus lightgbm_quantiles
----------------------------------------------------------
             dataset0 gain     dataset0 95% CI  data1 gain        data1 95% CI  mean gain  worst gain eligible
trained on                                                                                                    
dataset0           +0.0979  [+0.0834, +0.1112]     +0.0414  [+0.0316, +0.0515]    +0.0696     +0.0414      yes
pooled_both        +0.0868  [+0.0707, +0.1032]     +0.0461  [+0.0346, +0.0572]    +0.0664     +0.0461      yes
Each row: fk_kernel (network) and lightgbm_quantiles trained the same way, both scored on the
held-out genes of each file against that file's labels. Selection rule
(0032): rank on the worse gain; veto if it is below -0.005.
Headline arm (what ships today): dataset0.

Raw PR AUC (not comparable across files: positive rates 4.5% vs 7.3%):
             dataset0 PR AUC  data1 PR AUC  dataset0 baseline  data1 baseline
trained on                                                                   
dataset0              0.5738        0.4133             0.4759          0.3719
pooled_both           0.5591        0.4377             0.4723          0.3917

Crossed test on the sites in both files (trained on dataset0), gain over lightgbm_quantiles:
     measurements    labels   gain  ci_low  ci_high
cell                                               
A        dataset0  dataset0 0.0861  0.0687   0.1021
B        dataset0     data1 0.0559  0.0456   0.0672
C           data1  dataset0 0.0740  0.0561   0.0902
D           data1     data1 0.0436  0.0326   0.0562
A->B: the labelling changes. A->C: the sequencing run changes. A gain that
survives A->C but not A->B is tied to dataset0's labelling.

data1 genes absent from dataset0 (12,061 sites): gain +0.0486 [+0.0248, +0.0745] - compare with cell D for the gene-population effect.
fk_kernel: worst +0.0414  mean +0.0696  -> /mnt/sdd/DSA4262/analysis/representation/results/fk_kernel_nn__xsrc__seed2.json

Cross-source: res_gate (network) minus lightgbm_quantiles
---------------------------------------------------------
             dataset0 gain     dataset0 95% CI  data1 gain        data1 95% CI  mean gain  worst gain eligible
trained on                                                                                                    
dataset0           +0.1093  [+0.0963, +0.1217]     +0.0513  [+0.0414, +0.0607]    +0.0803     +0.0513      yes
pooled_both        +0.0943  [+0.0805, +0.1084]     +0.0477  [+0.0356, +0.0581]    +0.0710     +0.0477      yes
Each row: res_gate (network) and lightgbm_quantiles trained the same way, both scored on the
held-out genes of each file against that file's labels. Selection rule
(0032): rank on the worse gain; veto if it is below -0.005.
Headline arm (what ships today): dataset0.

Raw PR AUC (not comparable across files: positive rates 4.5% vs 7.3%):
             dataset0 PR AUC  data1 PR AUC  dataset0 baseline  data1 baseline
trained on                                                                   
dataset0              0.5852        0.4232             0.4759          0.3719
pooled_both           0.5666        0.4394             0.4723          0.3917

Crossed test on the sites in both files (trained on dataset0), gain over lightgbm_quantiles:
     measurements    labels   gain  ci_low  ci_high
cell                                               
A        dataset0  dataset0 0.0994  0.0827   0.1149
B        dataset0     data1 0.0647  0.0538   0.0756
C           data1  dataset0 0.0825  0.0657   0.0983
D           data1     data1 0.0514  0.0402   0.0636
A->B: the labelling changes. A->C: the sequencing run changes. A gain that
survives A->C but not A->B is tied to dataset0's labelling.

data1 genes absent from dataset0 (12,061 sites): gain +0.0582 [+0.0345, +0.0840] - compare with cell D for the gene-population effect.
res_gate: worst +0.0513  mean +0.0803  -> /mnt/sdd/DSA4262/analysis/representation/results/res_gate_nn__xsrc__seed2.json

Cross-source: scalar_msg (network) minus lightgbm_quantiles
-----------------------------------------------------------
             dataset0 gain     dataset0 95% CI  data1 gain        data1 95% CI  mean gain  worst gain eligible
trained on                                                                                                    
dataset0           +0.0875  [+0.0753, +0.1001]     +0.0572  [+0.0465, +0.0670]    +0.0723     +0.0572      yes
pooled_both        +0.0752  [+0.0598, +0.0898]     +0.0536  [+0.0427, +0.0651]    +0.0644     +0.0536      yes
Each row: scalar_msg (network) and lightgbm_quantiles trained the same way, both scored on the
held-out genes of each file against that file's labels. Selection rule
(0032): rank on the worse gain; veto if it is below -0.005.
Headline arm (what ships today): dataset0.

Raw PR AUC (not comparable across files: positive rates 4.5% vs 7.3%):
             dataset0 PR AUC  data1 PR AUC  dataset0 baseline  data1 baseline
trained on                                                                   
dataset0              0.5635        0.4290             0.4759          0.3719
pooled_both           0.5474        0.4453             0.4723          0.3917

Crossed test on the sites in both files (trained on dataset0), gain over lightgbm_quantiles:
     measurements    labels   gain  ci_low  ci_high
cell                                               
A        dataset0  dataset0 0.0822  0.0656   0.0985
B        dataset0     data1 0.0641  0.0527   0.0752
C           data1  dataset0 0.0745  0.0577   0.0904
D           data1     data1 0.0593  0.0486   0.0704
A->B: the labelling changes. A->C: the sequencing run changes. A gain that
survives A->C but not A->B is tied to dataset0's labelling.

data1 genes absent from dataset0 (12,061 sites): gain +0.0503 [+0.0278, +0.0762] - compare with cell D for the gene-population effect.
scalar_msg: worst +0.0572  mean +0.0723  -> /mnt/sdd/DSA4262/analysis/representation/results/scalar_msg_nn__xsrc__seed2.json

Cross-source: gps (network) minus lightgbm_quantiles
----------------------------------------------------
             dataset0 gain     dataset0 95% CI  data1 gain        data1 95% CI  mean gain  worst gain eligible
trained on                                                                                                    
dataset0           +0.0879  [+0.0718, +0.1020]     +0.0263  [+0.0147, +0.0386]    +0.0571     +0.0263      yes
pooled_both        +0.1033  [+0.0874, +0.1169]     +0.0354  [+0.0230, +0.0477]    +0.0694     +0.0354      yes
Each row: gps (network) and lightgbm_quantiles trained the same way, both scored on the
held-out genes of each file against that file's labels. Selection rule
(0032): rank on the worse gain; veto if it is below -0.005.
Headline arm (what ships today): dataset0.

Raw PR AUC (not comparable across files: positive rates 4.5% vs 7.3%):
             dataset0 PR AUC  data1 PR AUC  dataset0 baseline  data1 baseline
trained on                                                                   
dataset0              0.5638        0.3982             0.4759          0.3719
pooled_both           0.5756        0.4271             0.4723          0.3917

Crossed test on the sites in both files (trained on dataset0), gain over lightgbm_quantiles:
     measurements    labels   gain  ci_low  ci_high
cell                                               
A        dataset0  dataset0 0.0623  0.0424   0.0832
B        dataset0     data1 0.0461  0.0323   0.0595
C           data1  dataset0 0.0511  0.0316   0.0708
D           data1     data1 0.0323  0.0193   0.0468
A->B: the labelling changes. A->C: the sequencing run changes. A gain that
survives A->C but not A->B is tied to dataset0's labelling.

data1 genes absent from dataset0 (12,061 sites): gain +0.0157 [-0.0082, +0.0402] - compare with cell D for the gene-population effect.
gps: worst +0.0263  mean +0.0571  -> /mnt/sdd/DSA4262/analysis/representation/results/gps_nn__xsrc__seed2.json

Cross-source: h2gcn_aux (network) minus lightgbm_quantiles
----------------------------------------------------------
             dataset0 gain     dataset0 95% CI  data1 gain        data1 95% CI  mean gain  worst gain eligible
trained on                                                                                                    
dataset0           +0.0600  [+0.0455, +0.0741]     +0.0306  [+0.0200, +0.0402]    +0.0453     +0.0306      yes
pooled_both        +0.0768  [+0.0625, +0.0902]     +0.0432  [+0.0305, +0.0533]    +0.0600     +0.0432      yes
Each row: h2gcn_aux (network) and lightgbm_quantiles trained the same way, both scored on the
held-out genes of each file against that file's labels. Selection rule
(0032): rank on the worse gain; veto if it is below -0.005.
Headline arm (what ships today): dataset0.

Raw PR AUC (not comparable across files: positive rates 4.5% vs 7.3%):
             dataset0 PR AUC  data1 PR AUC  dataset0 baseline  data1 baseline
trained on                                                                   
dataset0              0.5360        0.4025             0.4759          0.3719
pooled_both           0.5491        0.4349             0.4723          0.3917

Crossed test on the sites in both files (trained on dataset0), gain over lightgbm_quantiles:
     measurements    labels   gain  ci_low  ci_high
cell                                               
A        dataset0  dataset0 0.0586  0.0415   0.0768
B        dataset0     data1 0.0426  0.0307   0.0552
C           data1  dataset0 0.0544  0.0361   0.0714
D           data1     data1 0.0326  0.0216   0.0454
A->B: the labelling changes. A->C: the sequencing run changes. A gain that
survives A->C but not A->B is tied to dataset0's labelling.

data1 genes absent from dataset0 (12,061 sites): gain +0.0214 [+0.0009, +0.0464] - compare with cell D for the gene-population effect.
h2gcn_aux: worst +0.0306  mean +0.0453  -> /mnt/sdd/DSA4262/analysis/representation/results/h2gcn_aux_nn__xsrc__seed2.json

Cross-source: h2gcn_aux_r100 (network) minus lightgbm_quantiles
---------------------------------------------------------------
             dataset0 gain     dataset0 95% CI  data1 gain        data1 95% CI  mean gain  worst gain eligible
trained on                                                                                                    
dataset0           +0.0770  [+0.0618, +0.0916]     +0.0354  [+0.0237, +0.0470]    +0.0562     +0.0354      yes
pooled_both        +0.0916  [+0.0750, +0.1056]     +0.0465  [+0.0347, +0.0580]    +0.0691     +0.0465      yes
Each row: h2gcn_aux_r100 (network) and lightgbm_quantiles trained the same way, both scored on the
held-out genes of each file against that file's labels. Selection rule
(0032): rank on the worse gain; veto if it is below -0.005.
Headline arm (what ships today): dataset0.

Raw PR AUC (not comparable across files: positive rates 4.5% vs 7.3%):
             dataset0 PR AUC  data1 PR AUC  dataset0 baseline  data1 baseline
trained on                                                                   
dataset0              0.5529        0.4073             0.4759          0.3719
pooled_both           0.5639        0.4382             0.4723          0.3917

Crossed test on the sites in both files (trained on dataset0), gain over lightgbm_quantiles:
     measurements    labels   gain  ci_low  ci_high
cell                                               
A        dataset0  dataset0 0.0630  0.0443   0.0824
B        dataset0     data1 0.0438  0.0315   0.0563
C           data1  dataset0 0.0459  0.0269   0.0653
D           data1     data1 0.0360  0.0239   0.0479
A->B: the labelling changes. A->C: the sequencing run changes. A gain that
survives A->C but not A->B is tied to dataset0's labelling.

data1 genes absent from dataset0 (12,061 sites): gain +0.0436 [+0.0168, +0.0713] - compare with cell D for the gene-population effect.
h2gcn_aux_r100: worst +0.0354  mean +0.0562  -> /mnt/sdd/DSA4262/analysis/representation/results/h2gcn_aux_r100_nn__xsrc__seed2.json
