{'model': 'h2gcn_aux_r100', 'vs': 'h2gcn_aux', 'seeds': '0,1,2', 'target': 'unseen cell line', 'diff': 0.004673927432747915, 'ci_low': np.float64(-0.0018511206602888283), 'ci_high': np.float64(0.010888952641408748), 'gene-resample win %': 92.0}
{'model': 'h2gcn_aux_r100', 'vs': 'h2gcn_aux', 'seeds': '0,1,2', 'target': 'new genes', 'diff': 0.02147121983423289, 'ci_low': np.float64(0.0038665367285133745), 'ci_high': np.float64(0.038520154756166755), 'gene-resample win %': 99.0}
{'model': 'h2gcn_aux_r100', 'vs': 'h2gcn_aux', 'seeds': '0,1,2', 'target': 'both -> cell line 2', 'diff': -0.0004470355268241244, 'ci_low': np.float64(-0.0076342371343048054), 'ci_high': np.float64(0.006157866675267882), 'gene-resample win %': 44.5}
{'model': 'h2gcn_aux_r100', 'vs': 'h2gcn_aux', 'seeds': '0,1,2', 'target': 'both -> cell line 1', 'diff': 0.008603475987974174, 'ci_low': np.float64(-0.001162706199146904), 'ci_high': np.float64(0.01800599911864716), 'gene-resample win %': 96.3}
{'model': 'res_gate', 'vs': 'h2gcn_aux', 'seeds': '0,1,2', 'target': 'unseen cell line', 'diff': 0.01664283533912081, 'ci_low': np.float64(0.011004111739460608), 'ci_high': np.float64(0.022475020637083135), 'gene-resample win %': 100.0}
{'model': 'res_gate', 'vs': 'h2gcn_aux', 'seeds': '0,1,2', 'target': 'new genes', 'diff': 0.027543624204581674, 'ci_low': np.float64(0.012081451243701542), 'ci_high': np.float64(0.04188133423743616), 'gene-resample win %': 100.0}
{'model': 'res_gate', 'vs': 'h2gcn_aux', 'seeds': '0,1,2', 'target': 'both -> cell line 2', 'diff': 0.009312276376378159, 'ci_low': np.float64(0.0025782926534197227), 'ci_high': np.float64(0.01563735054056433), 'gene-resample win %': 99.9}
{'model': 'res_gate', 'vs': 'h2gcn_aux', 'seeds': '0,1,2', 'target': 'both -> cell line 1', 'diff': 0.019082517754058448, 'ci_low': np.float64(0.009666667795026524), 'ci_high': np.float64(0.028088995719399924), 'gene-resample win %': 100.0}
{'model': 'scalar_msg', 'vs': 'h2gcn_aux', 'seeds': '0,1,2', 'target': 'unseen cell line', 'diff': 0.020299063120133132, 'ci_low': np.float64(0.013309890073810868), 'ci_high': np.float64(0.027470883962774497), 'gene-resample win %': 100.0}
{'model': 'scalar_msg', 'vs': 'h2gcn_aux', 'seeds': '0,1,2', 'target': 'new genes', 'diff': 0.023694726290712953, 'ci_low': np.float64(0.007197685304365734), 'ci_high': np.float64(0.041202970646127275), 'gene-resample win %': 99.7}
{'model': 'scalar_msg', 'vs': 'h2gcn_aux', 'seeds': '0,1,2', 'target': 'both -> cell line 2', 'diff': 0.009744107274740899, 'ci_low': np.float64(0.001513561336981556), 'ci_high': np.float64(0.017071997172663743), 'gene-resample win %': 99.0}
{'model': 'scalar_msg', 'vs': 'h2gcn_aux', 'seeds': '0,1,2', 'target': 'both -> cell line 1', 'diff': -0.006503714702428609, 'ci_low': np.float64(-0.016943804593020965), 'ci_high': np.float64(0.0034843988787018306), 'gene-resample win %': 10.100000000000001}
{'model': 'gps', 'vs': 'h2gcn_aux', 'seeds': '0,1,2', 'target': 'unseen cell line', 'diff': -0.0027403317371830216, 'ci_low': np.float64(-0.010639889495373098), 'ci_high': np.float64(0.004628034516252355), 'gene-resample win %': 25.900000000000002}
{'model': 'gps', 'vs': 'h2gcn_aux', 'seeds': '0,1,2', 'target': 'new genes', 'diff': -0.0032224383665984124, 'ci_low': np.float64(-0.01824974203789391), 'ci_high': np.float64(0.012238964120273095), 'gene-resample win %': 33.5}
{'model': 'gps', 'vs': 'h2gcn_aux', 'seeds': '0,1,2', 'target': 'both -> cell line 2', 'diff': -0.002226745380866424, 'ci_low': np.float64(-0.009437015248403487), 'ci_high': np.float64(0.004528029701737645), 'gene-resample win %': 23.599999999999998}
{'model': 'gps', 'vs': 'h2gcn_aux', 'seeds': '0,1,2', 'target': 'both -> cell line 1', 'diff': 0.02505055102633602, 'ci_low': np.float64(0.015040684021992809), 'ci_high': np.float64(0.034916981485205646), 'gene-resample win %': 100.0}
{'model': 'scalar_random', 'vs': 'h2gcn_aux', 'seeds': '0', 'target': 'unseen cell line', 'diff': -0.018028072617534197, 'ci_low': np.float64(-0.025837810359135967), 'ci_high': np.float64(-0.009653690800930245), 'gene-resample win %': 0.0}
{'model': 'scalar_random', 'vs': 'h2gcn_aux', 'seeds': '0', 'target': 'new genes', 'diff': -0.012458085449610579, 'ci_low': np.float64(-0.032365935467787856), 'ci_high': np.float64(0.007381479204744215), 'gene-resample win %': 12.9}
{'model': 'scalar_random', 'vs': 'h2gcn_aux', 'seeds': '0', 'target': 'both -> cell line 2', 'diff': -0.015984809484551, 'ci_low': np.float64(-0.023984715047754783), 'ci_high': np.float64(-0.007585408536624115), 'gene-resample win %': 0.0}
{'model': 'scalar_random', 'vs': 'h2gcn_aux', 'seeds': '0', 'target': 'both -> cell line 1', 'diff': -0.024177143603897777, 'ci_low': np.float64(-0.0359238873462947), 'ci_high': np.float64(-0.013135575950716053), 'gene-resample win %': 0.0}
{'model': 'res_gate+scalar_msg', 'vs': 'h2gcn_aux', 'seeds': '0-2', 'target': 'unseen cell line', 'diff': 0.02357045090015475, 'ci_low': np.float64(0.0175962102577388), 'ci_high': np.float64(0.028907819949922104), 'gene-resample win %': 100.0}
{'model': 'res_gate+scalar_msg', 'vs': 'h2gcn_aux', 'seeds': '0-2', 'target': 'new genes', 'diff': 0.02899371875436313, 'ci_low': np.float64(0.012391615559706876), 'ci_high': np.float64(0.044895198870055913), 'gene-resample win %': 99.9}
{'model': 'res_gate+scalar_msg', 'vs': 'h2gcn_aux', 'seeds': '0-2', 'target': 'both -> cell line 2', 'diff': 0.015812032785408492, 'ci_low': np.float64(0.009341215451710648), 'ci_high': np.float64(0.021946950799937956), 'gene-resample win %': 100.0}
{'model': 'res_gate+scalar_msg', 'vs': 'h2gcn_aux', 'seeds': '0-2', 'target': 'both -> cell line 1', 'diff': 0.01858954785387623, 'ci_low': np.float64(0.009522174987046852), 'ci_high': np.float64(0.02667636306234011), 'gene-resample win %': 100.0}
{'model': 'res_gate', 'vs': 'shipped ensemble (seed 0)', 'seeds': '0', 'target': 'both -> cell line 2', 'diff': -0.0019655292836223137, 'ci_low': np.float64(-0.008149222567979328), 'ci_high': np.float64(0.004079719988581), 'gene-resample win %': 25.5}
{'model': 'res_gate', 'vs': 'shipped ensemble (seed 0)', 'seeds': '0', 'target': 'both -> cell line 1', 'diff': -0.013483863756603598, 'ci_low': np.float64(-0.021736032445366437), 'ci_high': np.float64(-0.00551048031298785), 'gene-resample win %': 0.0}
{'model': 'scalar_msg', 'vs': 'shipped ensemble (seed 0)', 'seeds': '0', 'target': 'both -> cell line 2', 'diff': -0.004769790686259212, 'ci_low': np.float64(-0.013175544683706816), 'ci_high': np.float64(0.004093749145391374), 'gene-resample win %': 16.6}
{'model': 'scalar_msg', 'vs': 'shipped ensemble (seed 0)', 'seeds': '0', 'target': 'both -> cell line 1', 'diff': -0.04715654868862651, 'ci_low': np.float64(-0.05924913360880984), 'ci_high': np.float64(-0.035880416544783286), 'gene-resample win %': 0.0}
{'model': 'res_gate+scalar_msg', 'vs': 'shipped ensemble (seed 0)', 'seeds': '0', 'target': 'both -> cell line 2', 'diff': 0.006872492436438449, 'ci_low': np.float64(0.0008144998199558788), 'ci_high': np.float64(0.012889293876370394), 'gene-resample win %': 98.3}
{'model': 'res_gate+scalar_msg', 'vs': 'shipped ensemble (seed 0)', 'seeds': '0', 'target': 'both -> cell line 1', 'diff': -0.01338229866187357, 'ci_low': np.float64(-0.022666010959568002), 'ci_high': np.float64(-0.004361310731789342), 'gene-resample win %': 0.3}
{'model': 'twohead+res_gate', 'vs': 'shipped ensemble (seed 0)', 'seeds': '0', 'target': 'both -> cell line 2', 'diff': 0.000760313670906565, 'ci_low': np.float64(-0.0031053960362825124), 'ci_high': np.float64(0.00456743625063092), 'gene-resample win %': 65.10000000000001}
{'model': 'twohead+res_gate', 'vs': 'shipped ensemble (seed 0)', 'seeds': '0', 'target': 'both -> cell line 1', 'diff': 0.005387903538179306, 'ci_low': np.float64(-0.00034102648246150935), 'ci_high': np.float64(0.010657200639717415), 'gene-resample win %': 96.6}
{'model': 'twohead+res_gate+scalar_msg', 'vs': 'shipped ensemble (seed 0)', 'seeds': '0', 'target': 'both -> cell line 2', 'diff': 0.007436246912198963, 'ci_low': np.float64(0.003247224378844564), 'ci_high': np.float64(0.011700130715570743), 'gene-resample win %': 100.0}
{'model': 'twohead+res_gate+scalar_msg', 'vs': 'shipped ensemble (seed 0)', 'seeds': '0', 'target': 'both -> cell line 1', 'diff': 0.004390104806064832, 'ci_low': np.float64(-0.001782082059589557), 'ci_high': np.float64(0.00980873096592317), 'gene-resample win %': 91.5}
{'model': 'shipped+res_gate+scalar_msg', 'vs': 'shipped ensemble (seed 0)', 'seeds': '0', 'target': 'both -> cell line 2', 'diff': 0.0082528770496198, 'ci_low': np.float64(0.00505768228089584), 'ci_high': np.float64(0.011558244010959397), 'gene-resample win %': 100.0}
{'model': 'shipped+res_gate+scalar_msg', 'vs': 'shipped ensemble (seed 0)', 'seeds': '0', 'target': 'both -> cell line 1', 'diff': 0.003257985371642791, 'ci_low': np.float64(-0.0013982784459293073), 'ci_high': np.float64(0.008058642576201525), 'gene-resample win %': 91.9}

shared sites 67320: both 1 2136, only cell line 1 1155, only cell line 2 2717, both 0 61312
model (trained on cell line 1 only, seed 0)  discordant sites  which-line AUC  mean rank shift, only cell line 2 modified  mean rank shift, only cell line 1 modified  mean rank shift, concordant  rank corr between files (shared sites)
                       quantiles + LightGBM              3872           0.520                                      -0.013                                      -0.023                       -0.026                                   0.722
                                    deepset              3872           0.495                                      -0.019                                      -0.019                       -0.017                                   0.878
                                  h2gcn_aux              3872           0.483                                      -0.024                                      -0.021                       -0.023                                   0.906
                                   res_gate              3872           0.481                                      -0.026                                      -0.022                       -0.029                                   0.911
                                 scalar_msg              3872           0.482                                      -0.025                                      -0.022                       -0.028                                   0.905
                                        gps              3872           0.445                                      -0.033                                      -0.022                       -0.040                                   0.930
