start baseline
start fit --model fk_band --fold 0 --arm dataset0
start fit --model fk_band --fold 0 --arm pooled_both
start fit --model fk_band --fold 1 --arm dataset0
start fit --model fk_band --fold 1 --arm pooled_both
start fit --model fk_band --fold 2 --arm dataset0
start fit --model fk_band --fold 2 --arm pooled_both
start fit --model fk_band --fold 3 --arm dataset0
start fit --model fk_band --fold 3 --arm pooled_both
start fit --model fk_band --fold 4 --arm dataset0
start fit --model fk_band --fold 4 --arm pooled_both
start fit --model fk_kernel --fold 0 --arm dataset0
start fit --model fk_kernel --fold 0 --arm pooled_both
start fit --model fk_kernel --fold 1 --arm dataset0
start fit --model fk_kernel --fold 1 --arm pooled_both
start fit --model fk_kernel --fold 2 --arm dataset0
done baseline
start fit --model fk_kernel --fold 2 --arm pooled_both
done fit --model fk_band --fold 1 --arm dataset0
start fit --model fk_kernel --fold 3 --arm dataset0
done fit --model fk_kernel --fold 1 --arm dataset0
start fit --model fk_kernel --fold 3 --arm pooled_both
done fit --model fk_band --fold 2 --arm pooled_both
start fit --model fk_kernel --fold 4 --arm dataset0
done fit --model fk_band --fold 3 --arm dataset0
start fit --model fk_kernel --fold 4 --arm pooled_both
done fit --model fk_band --fold 4 --arm pooled_both
start fit --model res_gate --fold 0 --arm dataset0
done fit --model fk_band --fold 0 --arm pooled_both
start fit --model res_gate --fold 0 --arm pooled_both
done fit --model fk_kernel --fold 1 --arm pooled_both
start fit --model res_gate --fold 1 --arm dataset0
done fit --model fk_band --fold 4 --arm dataset0
start fit --model res_gate --fold 1 --arm pooled_both
done fit --model fk_band --fold 2 --arm dataset0
start fit --model res_gate --fold 2 --arm dataset0
done fit --model fk_band --fold 3 --arm pooled_both
start fit --model res_gate --fold 2 --arm pooled_both
done fit --model fk_kernel --fold 0 --arm dataset0
start fit --model res_gate --fold 3 --arm dataset0
done fit --model fk_kernel --fold 2 --arm pooled_both
start fit --model res_gate --fold 3 --arm pooled_both
done fit --model fk_band --fold 0 --arm dataset0
start fit --model res_gate --fold 4 --arm dataset0
done fit --model fk_kernel --fold 0 --arm pooled_both
start fit --model res_gate --fold 4 --arm pooled_both
done fit --model fk_kernel --fold 2 --arm dataset0
start fit --model scalar_msg --fold 0 --arm dataset0
done fit --model fk_band --fold 1 --arm pooled_both
start fit --model scalar_msg --fold 0 --arm pooled_both
done fit --model fk_kernel --fold 3 --arm dataset0
start fit --model scalar_msg --fold 1 --arm dataset0
done fit --model fk_kernel --fold 3 --arm pooled_both
start fit --model scalar_msg --fold 1 --arm pooled_both
done fit --model fk_kernel --fold 4 --arm dataset0
start fit --model scalar_msg --fold 2 --arm dataset0
done fit --model fk_kernel --fold 4 --arm pooled_both
start fit --model scalar_msg --fold 2 --arm pooled_both
done fit --model res_gate --fold 1 --arm pooled_both
start fit --model scalar_msg --fold 3 --arm dataset0
done fit --model res_gate --fold 0 --arm pooled_both
start fit --model scalar_msg --fold 3 --arm pooled_both
done fit --model res_gate --fold 0 --arm dataset0
start fit --model scalar_msg --fold 4 --arm dataset0
done fit --model res_gate --fold 1 --arm dataset0
start fit --model scalar_msg --fold 4 --arm pooled_both
done fit --model res_gate --fold 2 --arm pooled_both
start fit --model gps --fold 0 --arm dataset0
done fit --model res_gate --fold 3 --arm dataset0
start fit --model gps --fold 0 --arm pooled_both
done fit --model scalar_msg --fold 0 --arm dataset0
start fit --model gps --fold 1 --arm dataset0
done fit --model res_gate --fold 4 --arm pooled_both
start fit --model gps --fold 1 --arm pooled_both
done fit --model res_gate --fold 4 --arm dataset0
start fit --model gps --fold 2 --arm dataset0
done fit --model res_gate --fold 2 --arm dataset0
start fit --model gps --fold 2 --arm pooled_both
done fit --model res_gate --fold 3 --arm pooled_both
start fit --model gps --fold 3 --arm dataset0
done fit --model scalar_msg --fold 1 --arm pooled_both
start fit --model gps --fold 3 --arm pooled_both
done fit --model scalar_msg --fold 0 --arm pooled_both
start fit --model gps --fold 4 --arm dataset0
done fit --model scalar_msg --fold 2 --arm pooled_both
start fit --model gps --fold 4 --arm pooled_both
done fit --model scalar_msg --fold 2 --arm dataset0
start fit --model h2gcn_aux --fold 0 --arm dataset0
done fit --model scalar_msg --fold 3 --arm dataset0
start fit --model h2gcn_aux --fold 0 --arm pooled_both
done fit --model scalar_msg --fold 1 --arm dataset0
start fit --model h2gcn_aux --fold 1 --arm dataset0
done fit --model scalar_msg --fold 3 --arm pooled_both
start fit --model h2gcn_aux --fold 1 --arm pooled_both
done fit --model scalar_msg --fold 4 --arm dataset0
start fit --model h2gcn_aux --fold 2 --arm dataset0
done fit --model scalar_msg --fold 4 --arm pooled_both
start fit --model h2gcn_aux --fold 2 --arm pooled_both
done fit --model h2gcn_aux --fold 0 --arm dataset0
start fit --model h2gcn_aux --fold 3 --arm dataset0
done fit --model h2gcn_aux --fold 0 --arm pooled_both
start fit --model h2gcn_aux --fold 3 --arm pooled_both
done fit --model h2gcn_aux --fold 1 --arm pooled_both
start fit --model h2gcn_aux --fold 4 --arm dataset0
done fit --model h2gcn_aux --fold 1 --arm dataset0
start fit --model h2gcn_aux --fold 4 --arm pooled_both
done fit --model h2gcn_aux --fold 2 --arm dataset0
start fit --model h2gcn_aux_r100 --fold 0 --arm dataset0
done fit --model h2gcn_aux --fold 2 --arm pooled_both
start fit --model h2gcn_aux_r100 --fold 0 --arm pooled_both
done fit --model gps --fold 1 --arm dataset0
start fit --model h2gcn_aux_r100 --fold 1 --arm dataset0
done fit --model gps --fold 0 --arm dataset0
start fit --model h2gcn_aux_r100 --fold 1 --arm pooled_both
done fit --model gps --fold 2 --arm dataset0
start fit --model h2gcn_aux_r100 --fold 2 --arm dataset0
done fit --model gps --fold 3 --arm dataset0
start fit --model h2gcn_aux_r100 --fold 2 --arm pooled_both
done fit --model gps --fold 1 --arm pooled_both
start fit --model h2gcn_aux_r100 --fold 3 --arm dataset0
done fit --model h2gcn_aux --fold 3 --arm pooled_both
start fit --model h2gcn_aux_r100 --fold 3 --arm pooled_both
done fit --model h2gcn_aux --fold 3 --arm dataset0
start fit --model h2gcn_aux_r100 --fold 4 --arm dataset0
done fit --model h2gcn_aux --fold 4 --arm dataset0
start fit --model h2gcn_aux_r100 --fold 4 --arm pooled_both
done fit --model h2gcn_aux_r100 --fold 1 --arm dataset0
done fit --model h2gcn_aux_r100 --fold 0 --arm pooled_both
done fit --model gps --fold 3 --arm pooled_both
done fit --model gps --fold 2 --arm pooled_both
done fit --model h2gcn_aux --fold 4 --arm pooled_both
done fit --model h2gcn_aux_r100 --fold 0 --arm dataset0
done fit --model h2gcn_aux_r100 --fold 2 --arm dataset0
done fit --model gps --fold 4 --arm dataset0
done fit --model h2gcn_aux_r100 --fold 2 --arm pooled_both
done fit --model h2gcn_aux_r100 --fold 1 --arm pooled_both
done fit --model h2gcn_aux_r100 --fold 3 --arm dataset0
done fit --model gps --fold 0 --arm pooled_both
done fit --model h2gcn_aux_r100 --fold 3 --arm pooled_both
done fit --model h2gcn_aux_r100 --fold 4 --arm pooled_both
done fit --model h2gcn_aux_r100 --fold 4 --arm dataset0
done fit --model gps --fold 4 --arm pooled_both
loaded: dataset0 121,838 sites, data1 90,452

Cross-source: fk_band (network) minus lightgbm_quantiles
--------------------------------------------------------
             dataset0 gain     dataset0 95% CI  data1 gain        data1 95% CI  mean gain  worst gain eligible
trained on                                                                                                    
dataset0           +0.0978  [+0.0827, +0.1111]     +0.0457  [+0.0355, +0.0566]    +0.0717     +0.0457      yes
pooled_both        +0.0953  [+0.0797, +0.1082]     +0.0497  [+0.0383, +0.0606]    +0.0725     +0.0497      yes
Each row: fk_band (network) and lightgbm_quantiles trained the same way, both scored on the
held-out genes of each file against that file's labels. Selection rule
(0032): rank on the worse gain; veto if it is below -0.005.
Headline arm (what ships today): dataset0.

Raw PR AUC (not comparable across files: positive rates 4.5% vs 7.3%):
             dataset0 PR AUC  data1 PR AUC  dataset0 baseline  data1 baseline
trained on                                                                   
dataset0              0.5737        0.4176             0.4759          0.3719
pooled_both           0.5676        0.4413             0.4723          0.3917

Crossed test on the sites in both files (trained on dataset0), gain over lightgbm_quantiles:
     measurements    labels   gain  ci_low  ci_high
cell                                               
A        dataset0  dataset0 0.0858  0.0691   0.1031
B        dataset0     data1 0.0579  0.0466   0.0691
C           data1  dataset0 0.0747  0.0576   0.0906
D           data1     data1 0.0470  0.0364   0.0594
A->B: the labelling changes. A->C: the sequencing run changes. A gain that
survives A->C but not A->B is tied to dataset0's labelling.

data1 genes absent from dataset0 (12,061 sites): gain +0.0491 [+0.0257, +0.0790] - compare with cell D for the gene-population effect.
fk_band: worst +0.0457  mean +0.0717  -> /mnt/sdd/DSA4262/analysis/representation/results/fk_band_nn__xsrc__seed1.json

Cross-source: fk_kernel (network) minus lightgbm_quantiles
----------------------------------------------------------
             dataset0 gain     dataset0 95% CI  data1 gain        data1 95% CI  mean gain  worst gain eligible
trained on                                                                                                    
dataset0           +0.0964  [+0.0823, +0.1102]     +0.0470  [+0.0364, +0.0565]    +0.0717     +0.0470      yes
pooled_both        +0.1003  [+0.0850, +0.1138]     +0.0557  [+0.0434, +0.0674]    +0.0780     +0.0557      yes
Each row: fk_kernel (network) and lightgbm_quantiles trained the same way, both scored on the
held-out genes of each file against that file's labels. Selection rule
(0032): rank on the worse gain; veto if it is below -0.005.
Headline arm (what ships today): dataset0.

Raw PR AUC (not comparable across files: positive rates 4.5% vs 7.3%):
             dataset0 PR AUC  data1 PR AUC  dataset0 baseline  data1 baseline
trained on                                                                   
dataset0              0.5724        0.4189             0.4759          0.3719
pooled_both           0.5726        0.4474             0.4723          0.3917

Crossed test on the sites in both files (trained on dataset0), gain over lightgbm_quantiles:
     measurements    labels   gain  ci_low  ci_high
cell                                               
A        dataset0  dataset0 0.0902  0.0738   0.1076
B        dataset0     data1 0.0610  0.0487   0.0719
C           data1  dataset0 0.0788  0.0616   0.0957
D           data1     data1 0.0487  0.0365   0.0608
A->B: the labelling changes. A->C: the sequencing run changes. A gain that
survives A->C but not A->B is tied to dataset0's labelling.

data1 genes absent from dataset0 (12,061 sites): gain +0.0423 [+0.0213, +0.0666] - compare with cell D for the gene-population effect.
fk_kernel: worst +0.0470  mean +0.0717  -> /mnt/sdd/DSA4262/analysis/representation/results/fk_kernel_nn__xsrc__seed1.json

Cross-source: res_gate (network) minus lightgbm_quantiles
---------------------------------------------------------
             dataset0 gain     dataset0 95% CI  data1 gain        data1 95% CI  mean gain  worst gain eligible
trained on                                                                                                    
dataset0           +0.1097  [+0.0967, +0.1234]     +0.0511  [+0.0417, +0.0606]    +0.0804     +0.0511      yes
pooled_both        +0.1017  [+0.0875, +0.1149]     +0.0567  [+0.0460, +0.0671]    +0.0792     +0.0567      yes
Each row: res_gate (network) and lightgbm_quantiles trained the same way, both scored on the
held-out genes of each file against that file's labels. Selection rule
(0032): rank on the worse gain; veto if it is below -0.005.
Headline arm (what ships today): dataset0.

Raw PR AUC (not comparable across files: positive rates 4.5% vs 7.3%):
             dataset0 PR AUC  data1 PR AUC  dataset0 baseline  data1 baseline
trained on                                                                   
dataset0              0.5856        0.4230             0.4759          0.3719
pooled_both           0.5739        0.4484             0.4723          0.3917

Crossed test on the sites in both files (trained on dataset0), gain over lightgbm_quantiles:
     measurements    labels   gain  ci_low  ci_high
cell                                               
A        dataset0  dataset0 0.0959  0.0806   0.1125
B        dataset0     data1 0.0619  0.0510   0.0726
C           data1  dataset0 0.0863  0.0706   0.1007
D           data1     data1 0.0494  0.0380   0.0615
A->B: the labelling changes. A->C: the sequencing run changes. A gain that
survives A->C but not A->B is tied to dataset0's labelling.

data1 genes absent from dataset0 (12,061 sites): gain +0.0560 [+0.0346, +0.0798] - compare with cell D for the gene-population effect.
res_gate: worst +0.0511  mean +0.0804  -> /mnt/sdd/DSA4262/analysis/representation/results/res_gate_nn__xsrc__seed1.json

Cross-source: scalar_msg (network) minus lightgbm_quantiles
-----------------------------------------------------------
             dataset0 gain     dataset0 95% CI  data1 gain        data1 95% CI  mean gain  worst gain eligible
trained on                                                                                                    
dataset0           +0.0884  [+0.0772, +0.1008]     +0.0547  [+0.0441, +0.0642]    +0.0715     +0.0547      yes
pooled_both        +0.0749  [+0.0617, +0.0873]     +0.0559  [+0.0448, +0.0666]    +0.0654     +0.0559      yes
Each row: scalar_msg (network) and lightgbm_quantiles trained the same way, both scored on the
held-out genes of each file against that file's labels. Selection rule
(0032): rank on the worse gain; veto if it is below -0.005.
Headline arm (what ships today): dataset0.

Raw PR AUC (not comparable across files: positive rates 4.5% vs 7.3%):
             dataset0 PR AUC  data1 PR AUC  dataset0 baseline  data1 baseline
trained on                                                                   
dataset0              0.5643        0.4266             0.4759          0.3719
pooled_both           0.5472        0.4475             0.4723          0.3917

Crossed test on the sites in both files (trained on dataset0), gain over lightgbm_quantiles:
     measurements    labels   gain  ci_low  ci_high
cell                                               
A        dataset0  dataset0 0.0783  0.0616   0.0951
B        dataset0     data1 0.0644  0.0537   0.0744
C           data1  dataset0 0.0720  0.0556   0.0879
D           data1     data1 0.0555  0.0442   0.0665
A->B: the labelling changes. A->C: the sequencing run changes. A gain that
survives A->C but not A->B is tied to dataset0's labelling.

data1 genes absent from dataset0 (12,061 sites): gain +0.0481 [+0.0257, +0.0737] - compare with cell D for the gene-population effect.
scalar_msg: worst +0.0547  mean +0.0715  -> /mnt/sdd/DSA4262/analysis/representation/results/scalar_msg_nn__xsrc__seed1.json

Cross-source: gps (network) minus lightgbm_quantiles
----------------------------------------------------
             dataset0 gain     dataset0 95% CI  data1 gain        data1 95% CI  mean gain  worst gain eligible
trained on                                                                                                    
dataset0           +0.0926  [+0.0764, +0.1081]     +0.0267  [+0.0151, +0.0386]    +0.0597     +0.0267      yes
pooled_both        +0.0981  [+0.0811, +0.1130]     +0.0356  [+0.0225, +0.0482]    +0.0669     +0.0356      yes
Each row: gps (network) and lightgbm_quantiles trained the same way, both scored on the
held-out genes of each file against that file's labels. Selection rule
(0032): rank on the worse gain; veto if it is below -0.005.
Headline arm (what ships today): dataset0.

Raw PR AUC (not comparable across files: positive rates 4.5% vs 7.3%):
             dataset0 PR AUC  data1 PR AUC  dataset0 baseline  data1 baseline
trained on                                                                   
dataset0              0.5686        0.3986             0.4759          0.3719
pooled_both           0.5704        0.4273             0.4723          0.3917

Crossed test on the sites in both files (trained on dataset0), gain over lightgbm_quantiles:
     measurements    labels   gain  ci_low  ci_high
cell                                               
A        dataset0  dataset0 0.0657  0.0446   0.0854
B        dataset0     data1 0.0422  0.0282   0.0564
C           data1  dataset0 0.0565  0.0391   0.0755
D           data1     data1 0.0287  0.0162   0.0429
A->B: the labelling changes. A->C: the sequencing run changes. A gain that
survives A->C but not A->B is tied to dataset0's labelling.

data1 genes absent from dataset0 (12,061 sites): gain +0.0246 [+0.0015, +0.0507] - compare with cell D for the gene-population effect.
gps: worst +0.0267  mean +0.0597  -> /mnt/sdd/DSA4262/analysis/representation/results/gps_nn__xsrc__seed1.json

Cross-source: h2gcn_aux (network) minus lightgbm_quantiles
----------------------------------------------------------
             dataset0 gain     dataset0 95% CI  data1 gain        data1 95% CI  mean gain  worst gain eligible
trained on                                                                                                    
dataset0           +0.0693  [+0.0549, +0.0827]     +0.0363  [+0.0258, +0.0462]    +0.0528     +0.0363      yes
pooled_both        +0.0708  [+0.0573, +0.0835]     +0.0392  [+0.0275, +0.0490]    +0.0550     +0.0392      yes
Each row: h2gcn_aux (network) and lightgbm_quantiles trained the same way, both scored on the
held-out genes of each file against that file's labels. Selection rule
(0032): rank on the worse gain; veto if it is below -0.005.
Headline arm (what ships today): dataset0.

Raw PR AUC (not comparable across files: positive rates 4.5% vs 7.3%):
             dataset0 PR AUC  data1 PR AUC  dataset0 baseline  data1 baseline
trained on                                                                   
dataset0              0.5453        0.4082             0.4759          0.3719
pooled_both           0.5431        0.4308             0.4723          0.3917

Crossed test on the sites in both files (trained on dataset0), gain over lightgbm_quantiles:
     measurements    labels   gain  ci_low  ci_high
cell                                               
A        dataset0  dataset0 0.0637  0.0464   0.0826
B        dataset0     data1 0.0516  0.0402   0.0649
C           data1  dataset0 0.0570  0.0408   0.0741
D           data1     data1 0.0386  0.0281   0.0511
A->B: the labelling changes. A->C: the sequencing run changes. A gain that
survives A->C but not A->B is tied to dataset0's labelling.

data1 genes absent from dataset0 (12,061 sites): gain +0.0277 [+0.0058, +0.0547] - compare with cell D for the gene-population effect.
h2gcn_aux: worst +0.0363  mean +0.0528  -> /mnt/sdd/DSA4262/analysis/representation/results/h2gcn_aux_nn__xsrc__seed1.json

Cross-source: h2gcn_aux_r100 (network) minus lightgbm_quantiles
---------------------------------------------------------------
             dataset0 gain     dataset0 95% CI  data1 gain        data1 95% CI  mean gain  worst gain eligible
trained on                                                                                                    
dataset0           +0.0693  [+0.0545, +0.0846]     +0.0335  [+0.0220, +0.0459]    +0.0514     +0.0335      yes
pooled_both        +0.0746  [+0.0583, +0.0893]     +0.0346  [+0.0218, +0.0467]    +0.0546     +0.0346      yes
Each row: h2gcn_aux_r100 (network) and lightgbm_quantiles trained the same way, both scored on the
held-out genes of each file against that file's labels. Selection rule
(0032): rank on the worse gain; veto if it is below -0.005.
Headline arm (what ships today): dataset0.

Raw PR AUC (not comparable across files: positive rates 4.5% vs 7.3%):
             dataset0 PR AUC  data1 PR AUC  dataset0 baseline  data1 baseline
trained on                                                                   
dataset0              0.5453        0.4054             0.4759          0.3719
pooled_both           0.5469        0.4262             0.4723          0.3917

Crossed test on the sites in both files (trained on dataset0), gain over lightgbm_quantiles:
     measurements    labels   gain  ci_low  ci_high
cell                                               
A        dataset0  dataset0 0.0711  0.0524   0.0897
B        dataset0     data1 0.0498  0.0364   0.0613
C           data1  dataset0 0.0558  0.0375   0.0725
D           data1     data1 0.0358  0.0240   0.0472
A->B: the labelling changes. A->C: the sequencing run changes. A gain that
survives A->C but not A->B is tied to dataset0's labelling.

data1 genes absent from dataset0 (12,061 sites): gain +0.0365 [+0.0132, +0.0614] - compare with cell D for the gene-population effect.
h2gcn_aux_r100: worst +0.0335  mean +0.0514  -> /mnt/sdd/DSA4262/analysis/representation/results/h2gcn_aux_r100_nn__xsrc__seed1.json
