start baseline
start fit --model fk_band --fold 0 --arm dataset0
start fit --model fk_band --fold 0 --arm pooled_both
start fit --model fk_band --fold 1 --arm dataset0
start fit --model fk_band --fold 1 --arm pooled_both
start fit --model fk_band --fold 2 --arm dataset0
start fit --model fk_band --fold 2 --arm pooled_both
start fit --model fk_band --fold 3 --arm dataset0
start fit --model fk_band --fold 3 --arm pooled_both
start fit --model fk_band --fold 4 --arm dataset0
start fit --model fk_band --fold 4 --arm pooled_both
start fit --model fk_kernel --fold 0 --arm dataset0
start fit --model fk_kernel --fold 0 --arm pooled_both
start fit --model fk_kernel --fold 1 --arm dataset0
start fit --model fk_kernel --fold 1 --arm pooled_both
start fit --model fk_kernel --fold 2 --arm dataset0
done baseline
start fit --model fk_kernel --fold 2 --arm pooled_both
done fit --model fk_band --fold 4 --arm pooled_both
start fit --model fk_kernel --fold 3 --arm dataset0
done fit --model fk_band --fold 3 --arm dataset0
start fit --model fk_kernel --fold 3 --arm pooled_both
done fit --model fk_band --fold 0 --arm dataset0
start fit --model fk_kernel --fold 4 --arm dataset0
done fit --model fk_band --fold 4 --arm dataset0
start fit --model fk_kernel --fold 4 --arm pooled_both
done fit --model fk_band --fold 1 --arm dataset0
start fit --model res_gate --fold 0 --arm dataset0
done fit --model fk_band --fold 2 --arm dataset0
start fit --model res_gate --fold 0 --arm pooled_both
done fit --model fk_band --fold 3 --arm pooled_both
start fit --model res_gate --fold 1 --arm dataset0
done fit --model fk_kernel --fold 1 --arm dataset0
start fit --model res_gate --fold 1 --arm pooled_both
done fit --model fk_kernel --fold 0 --arm pooled_both
start fit --model res_gate --fold 2 --arm dataset0
done fit --model fk_kernel --fold 2 --arm dataset0
start fit --model res_gate --fold 2 --arm pooled_both
done fit --model fk_kernel --fold 0 --arm dataset0
start fit --model res_gate --fold 3 --arm dataset0
done fit --model fk_band --fold 0 --arm pooled_both
start fit --model res_gate --fold 3 --arm pooled_both
done fit --model fk_band --fold 1 --arm pooled_both
start fit --model res_gate --fold 4 --arm dataset0
done fit --model fk_kernel --fold 1 --arm pooled_both
start fit --model res_gate --fold 4 --arm pooled_both
done fit --model fk_kernel --fold 2 --arm pooled_both
start fit --model scalar_msg --fold 0 --arm dataset0
done fit --model fk_band --fold 2 --arm pooled_both
start fit --model scalar_msg --fold 0 --arm pooled_both
done fit --model fk_kernel --fold 4 --arm pooled_both
start fit --model scalar_msg --fold 1 --arm dataset0
done fit --model fk_kernel --fold 3 --arm dataset0
start fit --model scalar_msg --fold 1 --arm pooled_both
done fit --model fk_kernel --fold 3 --arm pooled_both
start fit --model scalar_msg --fold 2 --arm dataset0
done fit --model fk_kernel --fold 4 --arm dataset0
start fit --model scalar_msg --fold 2 --arm pooled_both
done fit --model res_gate --fold 1 --arm dataset0
start fit --model scalar_msg --fold 3 --arm dataset0
done fit --model res_gate --fold 0 --arm pooled_both
start fit --model scalar_msg --fold 3 --arm pooled_both
done fit --model scalar_msg --fold 0 --arm pooled_both
start fit --model scalar_msg --fold 4 --arm dataset0
done fit --model res_gate --fold 1 --arm pooled_both
start fit --model scalar_msg --fold 4 --arm pooled_both
done fit --model res_gate --fold 4 --arm pooled_both
start fit --model gps --fold 0 --arm dataset0
done fit --model res_gate --fold 4 --arm dataset0
start fit --model gps --fold 0 --arm pooled_both
done fit --model res_gate --fold 3 --arm pooled_both
start fit --model gps --fold 1 --arm dataset0
done fit --model scalar_msg --fold 0 --arm dataset0
start fit --model gps --fold 1 --arm pooled_both
done fit --model res_gate --fold 0 --arm dataset0
start fit --model gps --fold 2 --arm dataset0
done fit --model res_gate --fold 3 --arm dataset0
start fit --model gps --fold 2 --arm pooled_both
done fit --model res_gate --fold 2 --arm pooled_both
start fit --model gps --fold 3 --arm dataset0
done fit --model res_gate --fold 2 --arm dataset0
start fit --model gps --fold 3 --arm pooled_both
done fit --model scalar_msg --fold 1 --arm dataset0
start fit --model gps --fold 4 --arm dataset0
done fit --model scalar_msg --fold 1 --arm pooled_both
done fit --model scalar_msg --fold 2 --arm dataset0
start fit --model gps --fold 4 --arm pooled_both
start fit --model fk_band_shuffled --fold 0 --arm dataset0
done fit --model scalar_msg --fold 2 --arm pooled_both
start fit --model fk_band_shuffled --fold 0 --arm pooled_both
done fit --model scalar_msg --fold 4 --arm dataset0
start fit --model fk_band_shuffled --fold 1 --arm dataset0
done fit --model scalar_msg --fold 3 --arm dataset0
start fit --model fk_band_shuffled --fold 1 --arm pooled_both
done fit --model scalar_msg --fold 3 --arm pooled_both
start fit --model fk_band_shuffled --fold 2 --arm dataset0
done fit --model scalar_msg --fold 4 --arm pooled_both
start fit --model fk_band_shuffled --fold 2 --arm pooled_both
done fit --model fk_band_shuffled --fold 0 --arm dataset0
start fit --model fk_band_shuffled --fold 3 --arm dataset0
done fit --model fk_band_shuffled --fold 1 --arm dataset0
start fit --model fk_band_shuffled --fold 3 --arm pooled_both
done fit --model fk_band_shuffled --fold 0 --arm pooled_both
start fit --model fk_band_shuffled --fold 4 --arm dataset0
done fit --model fk_band_shuffled --fold 2 --arm pooled_both
start fit --model fk_band_shuffled --fold 4 --arm pooled_both
done fit --model gps --fold 3 --arm dataset0
start fit --model res_nogate --fold 0 --arm dataset0
done fit --model fk_band_shuffled --fold 1 --arm pooled_both
start fit --model res_nogate --fold 0 --arm pooled_both
done fit --model fk_band_shuffled --fold 2 --arm dataset0
start fit --model res_nogate --fold 1 --arm dataset0
done fit --model gps --fold 2 --arm dataset0
start fit --model res_nogate --fold 1 --arm pooled_both
done fit --model gps --fold 1 --arm dataset0
start fit --model res_nogate --fold 2 --arm dataset0
done fit --model gps --fold 0 --arm pooled_both
start fit --model res_nogate --fold 2 --arm pooled_both
done fit --model fk_band_shuffled --fold 3 --arm dataset0
start fit --model res_nogate --fold 3 --arm dataset0
done fit --model gps --fold 0 --arm dataset0
start fit --model res_nogate --fold 3 --arm pooled_both
done fit --model gps --fold 3 --arm pooled_both
start fit --model res_nogate --fold 4 --arm dataset0
done fit --model fk_band_shuffled --fold 4 --arm dataset0
start fit --model res_nogate --fold 4 --arm pooled_both
done fit --model gps --fold 4 --arm dataset0
start fit --model res_nodrop --fold 0 --arm dataset0
done fit --model gps --fold 2 --arm pooled_both
start fit --model res_nodrop --fold 0 --arm pooled_both
done fit --model fk_band_shuffled --fold 4 --arm pooled_both
start fit --model res_nodrop --fold 1 --arm dataset0
done fit --model res_nogate --fold 1 --arm dataset0
start fit --model res_nodrop --fold 1 --arm pooled_both
done fit --model fk_band_shuffled --fold 3 --arm pooled_both
start fit --model res_nodrop --fold 2 --arm dataset0
done fit --model res_nogate --fold 0 --arm pooled_both
start fit --model res_nodrop --fold 2 --arm pooled_both
done fit --model res_nogate --fold 1 --arm pooled_both
start fit --model res_nodrop --fold 3 --arm dataset0
done fit --model gps --fold 1 --arm pooled_both
start fit --model res_nodrop --fold 3 --arm pooled_both
done fit --model res_nogate --fold 2 --arm dataset0
start fit --model res_nodrop --fold 4 --arm dataset0
done fit --model res_nogate --fold 2 --arm pooled_both
start fit --model res_nodrop --fold 4 --arm pooled_both
done fit --model res_nogate --fold 0 --arm dataset0
start fit --model scalar_random --fold 0 --arm dataset0
done fit --model res_nogate --fold 3 --arm dataset0
start fit --model scalar_random --fold 0 --arm pooled_both
done fit --model res_nogate --fold 3 --arm pooled_both
start fit --model scalar_random --fold 1 --arm dataset0
done fit --model res_nogate --fold 4 --arm pooled_both
start fit --model scalar_random --fold 1 --arm pooled_both
done fit --model res_nodrop --fold 1 --arm dataset0
start fit --model scalar_random --fold 2 --arm dataset0
done fit --model res_nogate --fold 4 --arm dataset0
start fit --model scalar_random --fold 2 --arm pooled_both
done fit --model res_nodrop --fold 1 --arm pooled_both
start fit --model scalar_random --fold 3 --arm dataset0
done fit --model gps --fold 4 --arm pooled_both
done fit --model res_nodrop --fold 0 --arm dataset0
start fit --model scalar_random --fold 3 --arm pooled_both
start fit --model scalar_random --fold 4 --arm dataset0
done fit --model res_nodrop --fold 2 --arm dataset0
start fit --model scalar_random --fold 4 --arm pooled_both
done fit --model res_nodrop --fold 0 --arm pooled_both
done fit --model res_nodrop --fold 3 --arm dataset0
done fit --model res_nodrop --fold 2 --arm pooled_both
done fit --model res_nodrop --fold 3 --arm pooled_both
done fit --model res_nodrop --fold 4 --arm dataset0
done fit --model res_nodrop --fold 4 --arm pooled_both
done fit --model scalar_random --fold 0 --arm dataset0
done fit --model scalar_random --fold 1 --arm dataset0
done fit --model scalar_random --fold 2 --arm dataset0
done fit --model scalar_random --fold 0 --arm pooled_both
done fit --model scalar_random --fold 1 --arm pooled_both
done fit --model scalar_random --fold 3 --arm dataset0
done fit --model scalar_random --fold 2 --arm pooled_both
done fit --model scalar_random --fold 4 --arm pooled_both
done fit --model scalar_random --fold 3 --arm pooled_both
done fit --model scalar_random --fold 4 --arm dataset0
loaded: dataset0 121,838 sites, data1 90,452

Cross-source: fk_band (network) minus lightgbm_quantiles
--------------------------------------------------------
             dataset0 gain     dataset0 95% CI  data1 gain        data1 95% CI  mean gain  worst gain eligible
trained on                                                                                                    
dataset0           +0.0915  [+0.0771, +0.1051]     +0.0435  [+0.0328, +0.0539]    +0.0675     +0.0435      yes
pooled_both        +0.0897  [+0.0749, +0.1030]     +0.0420  [+0.0297, +0.0525]    +0.0659     +0.0420      yes
Each row: fk_band (network) and lightgbm_quantiles trained the same way, both scored on the
held-out genes of each file against that file's labels. Selection rule
(0032): rank on the worse gain; veto if it is below -0.005.
Headline arm (what ships today): dataset0.

Raw PR AUC (not comparable across files: positive rates 4.5% vs 7.3%):
             dataset0 PR AUC  data1 PR AUC  dataset0 baseline  data1 baseline
trained on                                                                   
dataset0              0.5675        0.4154             0.4759          0.3719
pooled_both           0.5620        0.4337             0.4723          0.3917

Crossed test on the sites in both files (trained on dataset0), gain over lightgbm_quantiles:
     measurements    labels   gain  ci_low  ci_high
cell                                               
A        dataset0  dataset0 0.0824  0.0639   0.1011
B        dataset0     data1 0.0557  0.0448   0.0663
C           data1  dataset0 0.0651  0.0460   0.0844
D           data1     data1 0.0438  0.0325   0.0554
A->B: the labelling changes. A->C: the sequencing run changes. A gain that
survives A->C but not A->B is tied to dataset0's labelling.

data1 genes absent from dataset0 (12,061 sites): gain +0.0582 [+0.0298, +0.0935] - compare with cell D for the gene-population effect.

vs deepset alone (same arms, same genes):
  dataset0     dataset0 +0.0462  data1 +0.0260  worst +0.0260
  pooled_both  dataset0 +0.0428  data1 +0.0218  worst +0.0218
wandb: [wandb.login()] Loaded credentials for https://api.wandb.ai from WANDB_API_KEY.
wandb: Currently logged in as: jinthau-siah (dsa4262-team) to https://api.wandb.ai. Use `wandb login --relogin` to force relogin
wandb: setting up run ej1gkqki
wandb: Tracking run with wandb version 0.30.0
wandb: Run data is saved locally in /mnt/sdd/DSA4262/wandb/run-20261008_112758-ej1gkqki
wandb: Run `wandb offline` to turn off syncing.
wandb: Syncing run fk_band_nn__xsrc
wandb: ⭐️ View project at https://wandb.ai/dsa4262-team/dsa4262-project
wandb: 🚀 View run at https://wandb.ai/dsa4262-team/dsa4262-project/runs/ej1gkqki
wandb: updating run metadata; uploading artifact fk_band_nn__xsrc-report
wandb: uploading artifact fk_band_nn__xsrc-report
wandb: uploading requirements.txt; uploading wandb-summary.json; uploading config.yaml; uploading wandb-metadata.json
wandb: uploading history steps 0-7, summary
wandb: 
wandb: Run history:
wandb:     curve/xsrc/arm/data1_gain █▁
wandb:  curve/xsrc/arm/dataset0_gain █▁
wandb:      curve/xsrc/arm/gain_mean █▁
wandb:          curve/xsrc/arm/index ▁█
wandb:       curve/xsrc/crossed/cell ▁▃▆█
wandb:    curve/xsrc/crossed/ci_high █▃▅▁
wandb:     curve/xsrc/crossed/ci_low █▄▄▁
wandb:       curve/xsrc/crossed/gain █▃▅▁
wandb:    curve/xsrc/diag/data1_gain ▁
wandb: curve/xsrc/diag/dataset0_gain █▁█▁█▃▃
wandb:                           +76 ...
wandb: 
wandb: Run summary:
wandb:       vs_deepset/dataset0/data1/gain 0.02602
wandb:    vs_deepset/dataset0/dataset0/gain 0.04618
wandb:       vs_deepset/dataset0/gain_worst 0.02602
wandb:    vs_deepset/pooled_both/data1/gain 0.02179
wandb: vs_deepset/pooled_both/dataset0/gain 0.04284
wandb:    vs_deepset/pooled_both/gain_worst 0.02179
wandb:       xsrc/crossed/A/baseline_pr_auc 0.5125
wandb:               xsrc/crossed/A/ci_high 0.10112
wandb:                xsrc/crossed/A/ci_low 0.06395
wandb:                  xsrc/crossed/A/gain 0.08241
wandb:                                  +57 ...
wandb: 
wandb: 🚀 View run fk_band_nn__xsrc at: https://wandb.ai/dsa4262-team/dsa4262-project/runs/ej1gkqki
wandb: ⭐️ View project at: https://wandb.ai/dsa4262-team/dsa4262-project
wandb: Synced 4 W&B file(s), 0 media file(s), 2 artifact file(s) and 0 other file(s)
wandb: Find logs at: ./wandb/run-20261008_112758-ej1gkqki/logs
  logged to W&B: https://wandb.ai/dsa4262-team/dsa4262-project/runs/ej1gkqki
fk_band: worst +0.0435  mean +0.0675  -> /mnt/sdd/DSA4262/analysis/representation/results/fk_band_nn__xsrc.json

Cross-source: fk_kernel (network) minus lightgbm_quantiles
----------------------------------------------------------
             dataset0 gain     dataset0 95% CI  data1 gain        data1 95% CI  mean gain  worst gain eligible
trained on                                                                                                    
dataset0           +0.0962  [+0.0803, +0.1112]     +0.0405  [+0.0295, +0.0515]    +0.0684     +0.0405      yes
pooled_both        +0.0997  [+0.0847, +0.1152]     +0.0540  [+0.0419, +0.0647]    +0.0769     +0.0540      yes
Each row: fk_kernel (network) and lightgbm_quantiles trained the same way, both scored on the
held-out genes of each file against that file's labels. Selection rule
(0032): rank on the worse gain; veto if it is below -0.005.
Headline arm (what ships today): dataset0.

Raw PR AUC (not comparable across files: positive rates 4.5% vs 7.3%):
             dataset0 PR AUC  data1 PR AUC  dataset0 baseline  data1 baseline
trained on                                                                   
dataset0              0.5721        0.4124             0.4759          0.3719
pooled_both           0.5720        0.4456             0.4723          0.3917

Crossed test on the sites in both files (trained on dataset0), gain over lightgbm_quantiles:
     measurements    labels   gain  ci_low  ci_high
cell                                               
A        dataset0  dataset0 0.0812  0.0608   0.0985
B        dataset0     data1 0.0518  0.0388   0.0633
C           data1  dataset0 0.0687  0.0490   0.0852
D           data1     data1 0.0404  0.0284   0.0527
A->B: the labelling changes. A->C: the sequencing run changes. A gain that
survives A->C but not A->B is tied to dataset0's labelling.

data1 genes absent from dataset0 (12,061 sites): gain +0.0440 [+0.0188, +0.0696] - compare with cell D for the gene-population effect.

vs deepset alone (same arms, same genes):
  dataset0     dataset0 +0.0508  data1 +0.0231  worst +0.0231
  pooled_both  dataset0 +0.0528  data1 +0.0337  worst +0.0337
wandb: setting up run wxyjbtjt
wandb: Tracking run with wandb version 0.30.0
wandb: Run data is saved locally in /mnt/sdd/DSA4262/wandb/run-20261008_113335-wxyjbtjt
wandb: Run `wandb offline` to turn off syncing.
wandb: Syncing run fk_kernel_nn__xsrc
wandb: ⭐️ View project at https://wandb.ai/dsa4262-team/dsa4262-project
wandb: 🚀 View run at https://wandb.ai/dsa4262-team/dsa4262-project/runs/wxyjbtjt
wandb: updating run metadata; uploading artifact fk_kernel_nn__xsrc-report
wandb: uploading artifact fk_kernel_nn__xsrc-report
wandb: uploading wandb-summary.json; uploading config.yaml; uploading wandb-metadata.json; uploading requirements.txt
wandb: uploading config.yaml; uploading wandb-metadata.json; uploading requirements.txt
wandb: 
wandb: Run history:
wandb:     curve/xsrc/arm/data1_gain ▁█
wandb:  curve/xsrc/arm/dataset0_gain ▁█
wandb:      curve/xsrc/arm/gain_mean ▁█
wandb:          curve/xsrc/arm/index ▁█
wandb:       curve/xsrc/crossed/cell ▁▃▆█
wandb:    curve/xsrc/crossed/ci_high █▃▆▁
wandb:     curve/xsrc/crossed/ci_low █▃▅▁
wandb:       curve/xsrc/crossed/gain █▃▆▁
wandb:    curve/xsrc/diag/data1_gain ▁
wandb: curve/xsrc/diag/dataset0_gain █▁█▁█▃▃
wandb:                           +76 ...
wandb: 
wandb: Run summary:
wandb:       vs_deepset/dataset0/data1/gain 0.02306
wandb:    vs_deepset/dataset0/dataset0/gain 0.05083
wandb:       vs_deepset/dataset0/gain_worst 0.02306
wandb:    vs_deepset/pooled_both/data1/gain 0.03374
wandb: vs_deepset/pooled_both/dataset0/gain 0.05284
wandb:    vs_deepset/pooled_both/gain_worst 0.03374
wandb:       xsrc/crossed/A/baseline_pr_auc 0.5125
wandb:               xsrc/crossed/A/ci_high 0.09847
wandb:                xsrc/crossed/A/ci_low 0.06078
wandb:                  xsrc/crossed/A/gain 0.08125
wandb:                                  +57 ...
wandb: 
wandb: 🚀 View run fk_kernel_nn__xsrc at: https://wandb.ai/dsa4262-team/dsa4262-project/runs/wxyjbtjt
wandb: ⭐️ View project at: https://wandb.ai/dsa4262-team/dsa4262-project
wandb: Synced 4 W&B file(s), 0 media file(s), 2 artifact file(s) and 0 other file(s)
wandb: Find logs at: ./wandb/run-20261008_113335-wxyjbtjt/logs
  logged to W&B: https://wandb.ai/dsa4262-team/dsa4262-project/runs/wxyjbtjt
fk_kernel: worst +0.0405  mean +0.0684  -> /mnt/sdd/DSA4262/analysis/representation/results/fk_kernel_nn__xsrc.json

Cross-source: res_gate (network) minus lightgbm_quantiles
---------------------------------------------------------
             dataset0 gain     dataset0 95% CI  data1 gain        data1 95% CI  mean gain  worst gain eligible
trained on                                                                                                    
dataset0           +0.1082  [+0.0947, +0.1212]     +0.0493  [+0.0383, +0.0597]    +0.0787     +0.0493      yes
pooled_both        +0.1092  [+0.0958, +0.1219]     +0.0559  [+0.0455, +0.0660]    +0.0825     +0.0559      yes
Each row: res_gate (network) and lightgbm_quantiles trained the same way, both scored on the
held-out genes of each file against that file's labels. Selection rule
(0032): rank on the worse gain; veto if it is below -0.005.
Headline arm (what ships today): dataset0.

Raw PR AUC (not comparable across files: positive rates 4.5% vs 7.3%):
             dataset0 PR AUC  data1 PR AUC  dataset0 baseline  data1 baseline
trained on                                                                   
dataset0              0.5841        0.4211             0.4759          0.3719
pooled_both           0.5815        0.4475             0.4723          0.3917

Crossed test on the sites in both files (trained on dataset0), gain over lightgbm_quantiles:
     measurements    labels   gain  ci_low  ci_high
cell                                               
A        dataset0  dataset0 0.0940  0.0768   0.1099
B        dataset0     data1 0.0626  0.0510   0.0742
C           data1  dataset0 0.0801  0.0626   0.0960
D           data1     data1 0.0518  0.0401   0.0644
A->B: the labelling changes. A->C: the sequencing run changes. A gain that
survives A->C but not A->B is tied to dataset0's labelling.

data1 genes absent from dataset0 (12,061 sites): gain +0.0449 [+0.0221, +0.0692] - compare with cell D for the gene-population effect.

vs deepset alone (same arms, same genes):
  dataset0     dataset0 +0.0628  data1 +0.0318  worst +0.0318
  pooled_both  dataset0 +0.0623  data1 +0.0356  worst +0.0356
wandb: setting up run ljae3r25
wandb: Tracking run with wandb version 0.30.0
wandb: Run data is saved locally in /mnt/sdd/DSA4262/wandb/run-20261008_113910-ljae3r25
wandb: Run `wandb offline` to turn off syncing.
wandb: Syncing run res_gate_nn__xsrc
wandb: ⭐️ View project at https://wandb.ai/dsa4262-team/dsa4262-project
wandb: 🚀 View run at https://wandb.ai/dsa4262-team/dsa4262-project/runs/ljae3r25
wandb: updating run metadata; uploading artifact res_gate_nn__xsrc-report
wandb: uploading artifact res_gate_nn__xsrc-report
wandb: uploading wandb-summary.json; uploading config.yaml; uploading wandb-metadata.json; uploading requirements.txt
wandb: uploading config.yaml; uploading wandb-metadata.json; uploading requirements.txt
wandb: uploading history steps 0-7, summary
wandb: 
wandb: Run history:
wandb:     curve/xsrc/arm/data1_gain ▁█
wandb:  curve/xsrc/arm/dataset0_gain ▁█
wandb:      curve/xsrc/arm/gain_mean ▁█
wandb:          curve/xsrc/arm/index ▁█
wandb:       curve/xsrc/crossed/cell ▁▃▆█
wandb:    curve/xsrc/crossed/ci_high █▃▆▁
wandb:     curve/xsrc/crossed/ci_low █▃▅▁
wandb:       curve/xsrc/crossed/gain █▃▆▁
wandb:    curve/xsrc/diag/data1_gain ▁
wandb: curve/xsrc/diag/dataset0_gain █▁█▁█▃▃
wandb:                           +76 ...
wandb: 
wandb: Run summary:
wandb:       vs_deepset/dataset0/data1/gain 0.0318
wandb:    vs_deepset/dataset0/dataset0/gain 0.06284
wandb:       vs_deepset/dataset0/gain_worst 0.0318
wandb:    vs_deepset/pooled_both/data1/gain 0.03563
wandb: vs_deepset/pooled_both/dataset0/gain 0.06229
wandb:    vs_deepset/pooled_both/gain_worst 0.03563
wandb:       xsrc/crossed/A/baseline_pr_auc 0.5125
wandb:               xsrc/crossed/A/ci_high 0.10987
wandb:                xsrc/crossed/A/ci_low 0.07681
wandb:                  xsrc/crossed/A/gain 0.09403
wandb:                                  +57 ...
wandb: 
wandb: 🚀 View run res_gate_nn__xsrc at: https://wandb.ai/dsa4262-team/dsa4262-project/runs/ljae3r25
wandb: ⭐️ View project at: https://wandb.ai/dsa4262-team/dsa4262-project
wandb: Synced 4 W&B file(s), 0 media file(s), 2 artifact file(s) and 0 other file(s)
wandb: Find logs at: ./wandb/run-20261008_113910-ljae3r25/logs
  logged to W&B: https://wandb.ai/dsa4262-team/dsa4262-project/runs/ljae3r25
res_gate: worst +0.0493  mean +0.0787  -> /mnt/sdd/DSA4262/analysis/representation/results/res_gate_nn__xsrc.json

Cross-source: scalar_msg (network) minus lightgbm_quantiles
-----------------------------------------------------------
             dataset0 gain     dataset0 95% CI  data1 gain        data1 95% CI  mean gain  worst gain eligible
trained on                                                                                                    
dataset0           +0.0842  [+0.0728, +0.0970]     +0.0531  [+0.0419, +0.0636]    +0.0687     +0.0531      yes
pooled_both        +0.0755  [+0.0629, +0.0881]     +0.0531  [+0.0414, +0.0643]    +0.0643     +0.0531      yes
Each row: scalar_msg (network) and lightgbm_quantiles trained the same way, both scored on the
held-out genes of each file against that file's labels. Selection rule
(0032): rank on the worse gain; veto if it is below -0.005.
Headline arm (what ships today): dataset0.

Raw PR AUC (not comparable across files: positive rates 4.5% vs 7.3%):
             dataset0 PR AUC  data1 PR AUC  dataset0 baseline  data1 baseline
trained on                                                                   
dataset0              0.5602        0.4250             0.4759          0.3719
pooled_both           0.5478        0.4447             0.4723          0.3917

Crossed test on the sites in both files (trained on dataset0), gain over lightgbm_quantiles:
     measurements    labels   gain  ci_low  ci_high
cell                                               
A        dataset0  dataset0 0.0828  0.0668   0.0985
B        dataset0     data1 0.0604  0.0500   0.0705
C           data1  dataset0 0.0694  0.0540   0.0858
D           data1     data1 0.0533  0.0424   0.0642
A->B: the labelling changes. A->C: the sequencing run changes. A gain that
survives A->C but not A->B is tied to dataset0's labelling.

data1 genes absent from dataset0 (12,061 sites): gain +0.0570 [+0.0317, +0.0865] - compare with cell D for the gene-population effect.

vs deepset alone (same arms, same genes):
  dataset0     dataset0 +0.0389  data1 +0.0357  worst +0.0357
  pooled_both  dataset0 +0.0286  data1 +0.0328  worst +0.0286
wandb: setting up run xcoq8e7e
wandb: Tracking run with wandb version 0.30.0
wandb: Run data is saved locally in /mnt/sdd/DSA4262/wandb/run-20261008_114446-xcoq8e7e
wandb: Run `wandb offline` to turn off syncing.
wandb: Syncing run scalar_msg_nn__xsrc
wandb: ⭐️ View project at https://wandb.ai/dsa4262-team/dsa4262-project
wandb: 🚀 View run at https://wandb.ai/dsa4262-team/dsa4262-project/runs/xcoq8e7e
wandb: updating run metadata; uploading data; uploading artifact scalar_msg_nn__xsrc-report
wandb: uploading artifact scalar_msg_nn__xsrc-report
wandb: uploading wandb-metadata.json; uploading requirements.txt; uploading wandb-summary.json; uploading config.yaml
wandb: uploading wandb-metadata.json; uploading config.yaml
wandb: uploading history steps 0-7, summary
wandb: 
wandb: Run history:
wandb:     curve/xsrc/arm/data1_gain █▁
wandb:  curve/xsrc/arm/dataset0_gain █▁
wandb:      curve/xsrc/arm/gain_mean █▁
wandb:          curve/xsrc/arm/index ▁█
wandb:       curve/xsrc/crossed/cell ▁▃▆█
wandb:    curve/xsrc/crossed/ci_high █▂▅▁
wandb:     curve/xsrc/crossed/ci_low █▃▄▁
wandb:       curve/xsrc/crossed/gain █▃▅▁
wandb:    curve/xsrc/diag/data1_gain ▁
wandb: curve/xsrc/diag/dataset0_gain ▇▁█▁█▃▃
wandb:                           +76 ...
wandb: 
wandb: Run summary:
wandb:       vs_deepset/dataset0/data1/gain 0.03569
wandb:    vs_deepset/dataset0/dataset0/gain 0.03888
wandb:       vs_deepset/dataset0/gain_worst 0.03569
wandb:    vs_deepset/pooled_both/data1/gain 0.03282
wandb: vs_deepset/pooled_both/dataset0/gain 0.02862
wandb:    vs_deepset/pooled_both/gain_worst 0.02862
wandb:       xsrc/crossed/A/baseline_pr_auc 0.5125
wandb:               xsrc/crossed/A/ci_high 0.09845
wandb:                xsrc/crossed/A/ci_low 0.0668
wandb:                  xsrc/crossed/A/gain 0.0828
wandb:                                  +57 ...
wandb: 
wandb: 🚀 View run scalar_msg_nn__xsrc at: https://wandb.ai/dsa4262-team/dsa4262-project/runs/xcoq8e7e
wandb: ⭐️ View project at: https://wandb.ai/dsa4262-team/dsa4262-project
wandb: Synced 4 W&B file(s), 0 media file(s), 2 artifact file(s) and 0 other file(s)
wandb: Find logs at: ./wandb/run-20261008_114446-xcoq8e7e/logs
  logged to W&B: https://wandb.ai/dsa4262-team/dsa4262-project/runs/xcoq8e7e
scalar_msg: worst +0.0531  mean +0.0687  -> /mnt/sdd/DSA4262/analysis/representation/results/scalar_msg_nn__xsrc.json

Cross-source: gps (network) minus lightgbm_quantiles
----------------------------------------------------
             dataset0 gain     dataset0 95% CI  data1 gain        data1 95% CI  mean gain  worst gain eligible
trained on                                                                                                    
dataset0           +0.0932  [+0.0764, +0.1088]     +0.0313  [+0.0209, +0.0428]    +0.0623     +0.0313      yes
pooled_both        +0.0988  [+0.0827, +0.1121]     +0.0440  [+0.0326, +0.0558]    +0.0714     +0.0440      yes
Each row: gps (network) and lightgbm_quantiles trained the same way, both scored on the
held-out genes of each file against that file's labels. Selection rule
(0032): rank on the worse gain; veto if it is below -0.005.
Headline arm (what ships today): dataset0.

Raw PR AUC (not comparable across files: positive rates 4.5% vs 7.3%):
             dataset0 PR AUC  data1 PR AUC  dataset0 baseline  data1 baseline
trained on                                                                   
dataset0              0.5692        0.4032             0.4759          0.3719
pooled_both           0.5711        0.4357             0.4723          0.3917

Crossed test on the sites in both files (trained on dataset0), gain over lightgbm_quantiles:
     measurements    labels   gain  ci_low  ci_high
cell                                               
A        dataset0  dataset0 0.0754  0.0567   0.0946
B        dataset0     data1 0.0484  0.0358   0.0608
C           data1  dataset0 0.0656  0.0476   0.0835
D           data1     data1 0.0352  0.0231   0.0485
A->B: the labelling changes. A->C: the sequencing run changes. A gain that
survives A->C but not A->B is tied to dataset0's labelling.

data1 genes absent from dataset0 (12,061 sites): gain +0.0219 [-0.0021, +0.0479] - compare with cell D for the gene-population effect.

vs deepset alone (same arms, same genes):
  dataset0     dataset0 +0.0479  data1 +0.0139  worst +0.0139
  pooled_both  dataset0 +0.0519  data1 +0.0238  worst +0.0238
wandb: setting up run x8467wqm
wandb: Tracking run with wandb version 0.30.0
wandb: Run data is saved locally in /mnt/sdd/DSA4262/wandb/run-20261008_115021-x8467wqm
wandb: Run `wandb offline` to turn off syncing.
wandb: Syncing run gps_nn__xsrc
wandb: ⭐️ View project at https://wandb.ai/dsa4262-team/dsa4262-project
wandb: 🚀 View run at https://wandb.ai/dsa4262-team/dsa4262-project/runs/x8467wqm
wandb: updating run metadata; uploading artifact gps_nn__xsrc-report
wandb: uploading artifact gps_nn__xsrc-report
wandb: uploading wandb-metadata.json; uploading requirements.txt; uploading wandb-summary.json; uploading config.yaml
wandb: uploading config.yaml
wandb: uploading history steps 0-7, summary
wandb: 
wandb: Run history:
wandb:     curve/xsrc/arm/data1_gain ▁█
wandb:  curve/xsrc/arm/dataset0_gain ▁█
wandb:      curve/xsrc/arm/gain_mean ▁█
wandb:          curve/xsrc/arm/index ▁█
wandb:       curve/xsrc/crossed/cell ▁▃▆█
wandb:    curve/xsrc/crossed/ci_high █▃▆▁
wandb:     curve/xsrc/crossed/ci_low █▄▆▁
wandb:       curve/xsrc/crossed/gain █▃▆▁
wandb:    curve/xsrc/diag/data1_gain ▁
wandb: curve/xsrc/diag/dataset0_gain █▁█▁█▃▃
wandb:                           +76 ...
wandb: 
wandb: Run summary:
wandb:       vs_deepset/dataset0/data1/gain 0.01386
wandb:    vs_deepset/dataset0/dataset0/gain 0.04788
wandb:       vs_deepset/dataset0/gain_worst 0.01386
wandb:    vs_deepset/pooled_both/data1/gain 0.02378
wandb: vs_deepset/pooled_both/dataset0/gain 0.0519
wandb:    vs_deepset/pooled_both/gain_worst 0.02378
wandb:       xsrc/crossed/A/baseline_pr_auc 0.5125
wandb:               xsrc/crossed/A/ci_high 0.09456
wandb:                xsrc/crossed/A/ci_low 0.05674
wandb:                  xsrc/crossed/A/gain 0.07542
wandb:                                  +57 ...
wandb: 
wandb: 🚀 View run gps_nn__xsrc at: https://wandb.ai/dsa4262-team/dsa4262-project/runs/x8467wqm
wandb: ⭐️ View project at: https://wandb.ai/dsa4262-team/dsa4262-project
wandb: Synced 4 W&B file(s), 0 media file(s), 2 artifact file(s) and 0 other file(s)
wandb: Find logs at: ./wandb/run-20261008_115021-x8467wqm/logs
  logged to W&B: https://wandb.ai/dsa4262-team/dsa4262-project/runs/x8467wqm
gps: worst +0.0313  mean +0.0623  -> /mnt/sdd/DSA4262/analysis/representation/results/gps_nn__xsrc.json

Cross-source: fk_band_shuffled (network) minus lightgbm_quantiles
-----------------------------------------------------------------
             dataset0 gain     dataset0 95% CI  data1 gain        data1 95% CI  mean gain  worst gain eligible
trained on                                                                                                    
dataset0           +0.0942  [+0.0800, +0.1085]     +0.0408  [+0.0296, +0.0524]    +0.0675     +0.0408      yes
pooled_both        +0.0918  [+0.0742, +0.1073]     +0.0436  [+0.0309, +0.0546]    +0.0677     +0.0436      yes
Each row: fk_band_shuffled (network) and lightgbm_quantiles trained the same way, both scored on the
held-out genes of each file against that file's labels. Selection rule
(0032): rank on the worse gain; veto if it is below -0.005.
Headline arm (what ships today): dataset0.

Raw PR AUC (not comparable across files: positive rates 4.5% vs 7.3%):
             dataset0 PR AUC  data1 PR AUC  dataset0 baseline  data1 baseline
trained on                                                                   
dataset0              0.5701        0.4127             0.4759          0.3719
pooled_both           0.5641        0.4353             0.4723          0.3917

Crossed test on the sites in both files (trained on dataset0), gain over lightgbm_quantiles:
     measurements    labels   gain  ci_low  ci_high
cell                                               
A        dataset0  dataset0 0.0795  0.0599   0.0971
B        dataset0     data1 0.0541  0.0431   0.0649
C           data1  dataset0 0.0628  0.0430   0.0815
D           data1     data1 0.0411  0.0298   0.0522
A->B: the labelling changes. A->C: the sequencing run changes. A gain that
survives A->C but not A->B is tied to dataset0's labelling.

data1 genes absent from dataset0 (12,061 sites): gain +0.0550 [+0.0278, +0.0881] - compare with cell D for the gene-population effect.

vs deepset alone (same arms, same genes):
  dataset0     dataset0 +0.0488  data1 +0.0233  worst +0.0233
  pooled_both  dataset0 +0.0449  data1 +0.0234  worst +0.0234
wandb: setting up run og2s6p52
wandb: Tracking run with wandb version 0.30.0
wandb: Run data is saved locally in /mnt/sdd/DSA4262/wandb/run-20261008_115558-og2s6p52
wandb: Run `wandb offline` to turn off syncing.
wandb: Syncing run fk_band_shuffled_nn__xsrc
wandb: ⭐️ View project at https://wandb.ai/dsa4262-team/dsa4262-project
wandb: 🚀 View run at https://wandb.ai/dsa4262-team/dsa4262-project/runs/og2s6p52
wandb: updating run metadata; uploading artifact fk_band_shuffled_nn__xsrc-report
wandb: uploading artifact fk_band_shuffled_nn__xsrc-report
wandb: uploading wandb-summary.json; uploading config.yaml; uploading wandb-metadata.json; uploading requirements.txt
wandb: uploading config.yaml; uploading requirements.txt
wandb: 
wandb: Run history:
wandb:     curve/xsrc/arm/data1_gain ▁█
wandb:  curve/xsrc/arm/dataset0_gain █▁
wandb:      curve/xsrc/arm/gain_mean ▁█
wandb:          curve/xsrc/arm/index ▁█
wandb:       curve/xsrc/crossed/cell ▁▃▆█
wandb:    curve/xsrc/crossed/ci_high █▃▆▁
wandb:     curve/xsrc/crossed/ci_low █▄▄▁
wandb:       curve/xsrc/crossed/gain █▃▅▁
wandb:    curve/xsrc/diag/data1_gain ▁
wandb: curve/xsrc/diag/dataset0_gain █▁█▁█▃▃
wandb:                           +76 ...
wandb: 
wandb: Run summary:
wandb:       vs_deepset/dataset0/data1/gain 0.02332
wandb:    vs_deepset/dataset0/dataset0/gain 0.0488
wandb:       vs_deepset/dataset0/gain_worst 0.02332
wandb:    vs_deepset/pooled_both/data1/gain 0.02336
wandb: vs_deepset/pooled_both/dataset0/gain 0.04494
wandb:    vs_deepset/pooled_both/gain_worst 0.02336
wandb:       xsrc/crossed/A/baseline_pr_auc 0.5125
wandb:               xsrc/crossed/A/ci_high 0.09712
wandb:                xsrc/crossed/A/ci_low 0.05992
wandb:                  xsrc/crossed/A/gain 0.07955
wandb:                                  +57 ...
wandb: 
wandb: 🚀 View run fk_band_shuffled_nn__xsrc at: https://wandb.ai/dsa4262-team/dsa4262-project/runs/og2s6p52
wandb: ⭐️ View project at: https://wandb.ai/dsa4262-team/dsa4262-project
wandb: Synced 4 W&B file(s), 0 media file(s), 2 artifact file(s) and 0 other file(s)
wandb: Find logs at: ./wandb/run-20261008_115558-og2s6p52/logs
  logged to W&B: https://wandb.ai/dsa4262-team/dsa4262-project/runs/og2s6p52
fk_band_shuffled: worst +0.0408  mean +0.0675  -> /mnt/sdd/DSA4262/analysis/representation/results/fk_band_shuffled_nn__xsrc.json

Cross-source: res_nogate (network) minus lightgbm_quantiles
-----------------------------------------------------------
             dataset0 gain     dataset0 95% CI  data1 gain        data1 95% CI  mean gain  worst gain eligible
trained on                                                                                                    
dataset0           +0.1051  [+0.0902, +0.1188]     +0.0479  [+0.0376, +0.0582]    +0.0765     +0.0479      yes
pooled_both        +0.1076  [+0.0932, +0.1203]     +0.0585  [+0.0476, +0.0687]    +0.0831     +0.0585      yes
Each row: res_nogate (network) and lightgbm_quantiles trained the same way, both scored on the
held-out genes of each file against that file's labels. Selection rule
(0032): rank on the worse gain; veto if it is below -0.005.
Headline arm (what ships today): dataset0.

Raw PR AUC (not comparable across files: positive rates 4.5% vs 7.3%):
             dataset0 PR AUC  data1 PR AUC  dataset0 baseline  data1 baseline
trained on                                                                   
dataset0              0.5810        0.4198             0.4759          0.3719
pooled_both           0.5799        0.4502             0.4723          0.3917

Crossed test on the sites in both files (trained on dataset0), gain over lightgbm_quantiles:
     measurements    labels   gain  ci_low  ci_high
cell                                               
A        dataset0  dataset0 0.0970  0.0798   0.1129
B        dataset0     data1 0.0609  0.0495   0.0714
C           data1  dataset0 0.0804  0.0625   0.0965
D           data1     data1 0.0496  0.0382   0.0609
A->B: the labelling changes. A->C: the sequencing run changes. A gain that
survives A->C but not A->B is tied to dataset0's labelling.

data1 genes absent from dataset0 (12,061 sites): gain +0.0453 [+0.0203, +0.0746] - compare with cell D for the gene-population effect.

vs deepset alone (same arms, same genes):
  dataset0     dataset0 +0.0597  data1 +0.0305  worst +0.0305
  pooled_both  dataset0 +0.0607  data1 +0.0383  worst +0.0383
wandb: setting up run ep44pudp
wandb: Tracking run with wandb version 0.30.0
wandb: Run data is saved locally in /mnt/sdd/DSA4262/wandb/run-20261008_120133-ep44pudp
wandb: Run `wandb offline` to turn off syncing.
wandb: Syncing run res_nogate_nn__xsrc
wandb: ⭐️ View project at https://wandb.ai/dsa4262-team/dsa4262-project
wandb: 🚀 View run at https://wandb.ai/dsa4262-team/dsa4262-project/runs/ep44pudp
wandb: updating run metadata; uploading artifact res_nogate_nn__xsrc-report
wandb: uploading artifact res_nogate_nn__xsrc-report
wandb: uploading wandb-metadata.json; uploading requirements.txt; uploading wandb-summary.json; uploading config.yaml
wandb: uploading history steps 0-7, summary
wandb: 
wandb: Run history:
wandb:     curve/xsrc/arm/data1_gain ▁█
wandb:  curve/xsrc/arm/dataset0_gain ▁█
wandb:      curve/xsrc/arm/gain_mean ▁█
wandb:          curve/xsrc/arm/index ▁█
wandb:       curve/xsrc/crossed/cell ▁▃▆█
wandb:    curve/xsrc/crossed/ci_high █▂▆▁
wandb:     curve/xsrc/crossed/ci_low █▃▅▁
wandb:       curve/xsrc/crossed/gain █▃▆▁
wandb:    curve/xsrc/diag/data1_gain ▁
wandb: curve/xsrc/diag/dataset0_gain █▁█▁█▃▃
wandb:                           +76 ...
wandb: 
wandb: Run summary:
wandb:       vs_deepset/dataset0/data1/gain 0.03049
wandb:    vs_deepset/dataset0/dataset0/gain 0.05973
wandb:       vs_deepset/dataset0/gain_worst 0.03049
wandb:    vs_deepset/pooled_both/data1/gain 0.03829
wandb: vs_deepset/pooled_both/dataset0/gain 0.06069
wandb:    vs_deepset/pooled_both/gain_worst 0.03829
wandb:       xsrc/crossed/A/baseline_pr_auc 0.5125
wandb:               xsrc/crossed/A/ci_high 0.11291
wandb:                xsrc/crossed/A/ci_low 0.07982
wandb:                  xsrc/crossed/A/gain 0.09702
wandb:                                  +57 ...
wandb: 
wandb: 🚀 View run res_nogate_nn__xsrc at: https://wandb.ai/dsa4262-team/dsa4262-project/runs/ep44pudp
wandb: ⭐️ View project at: https://wandb.ai/dsa4262-team/dsa4262-project
wandb: Synced 4 W&B file(s), 0 media file(s), 2 artifact file(s) and 0 other file(s)
wandb: Find logs at: ./wandb/run-20261008_120133-ep44pudp/logs
  logged to W&B: https://wandb.ai/dsa4262-team/dsa4262-project/runs/ep44pudp
res_nogate: worst +0.0479  mean +0.0765  -> /mnt/sdd/DSA4262/analysis/representation/results/res_nogate_nn__xsrc.json

Cross-source: res_nodrop (network) minus lightgbm_quantiles
-----------------------------------------------------------
             dataset0 gain     dataset0 95% CI  data1 gain        data1 95% CI  mean gain  worst gain eligible
trained on                                                                                                    
dataset0           +0.0880  [+0.0728, +0.1037]     +0.0393  [+0.0280, +0.0510]    +0.0637     +0.0393      yes
pooled_both        +0.1022  [+0.0862, +0.1155]     +0.0497  [+0.0373, +0.0601]    +0.0759     +0.0497      yes
Each row: res_nodrop (network) and lightgbm_quantiles trained the same way, both scored on the
held-out genes of each file against that file's labels. Selection rule
(0032): rank on the worse gain; veto if it is below -0.005.
Headline arm (what ships today): dataset0.

Raw PR AUC (not comparable across files: positive rates 4.5% vs 7.3%):
             dataset0 PR AUC  data1 PR AUC  dataset0 baseline  data1 baseline
trained on                                                                   
dataset0              0.5640        0.4112             0.4759          0.3719
pooled_both           0.5745        0.4414             0.4723          0.3917

Crossed test on the sites in both files (trained on dataset0), gain over lightgbm_quantiles:
     measurements    labels   gain  ci_low  ci_high
cell                                               
A        dataset0  dataset0 0.0831  0.0654   0.1006
B        dataset0     data1 0.0574  0.0459   0.0687
C           data1  dataset0 0.0710  0.0540   0.0874
D           data1     data1 0.0437  0.0322   0.0566
A->B: the labelling changes. A->C: the sequencing run changes. A gain that
survives A->C but not A->B is tied to dataset0's labelling.

data1 genes absent from dataset0 (12,061 sites): gain +0.0404 [+0.0158, +0.0654] - compare with cell D for the gene-population effect.

vs deepset alone (same arms, same genes):
  dataset0     dataset0 +0.0427  data1 +0.0219  worst +0.0219
  pooled_both  dataset0 +0.0553  data1 +0.0295  worst +0.0295
wandb: setting up run euky80s1
wandb: Tracking run with wandb version 0.30.0
wandb: Run data is saved locally in /mnt/sdd/DSA4262/wandb/run-20261008_120709-euky80s1
wandb: Run `wandb offline` to turn off syncing.
wandb: Syncing run res_nodrop_nn__xsrc
wandb: ⭐️ View project at https://wandb.ai/dsa4262-team/dsa4262-project
wandb: 🚀 View run at https://wandb.ai/dsa4262-team/dsa4262-project/runs/euky80s1
wandb: updating run metadata; uploading artifact res_nodrop_nn__xsrc-report
wandb: uploading artifact res_nodrop_nn__xsrc-report
wandb: uploading wandb-metadata.json; uploading requirements.txt; uploading wandb-summary.json; uploading config.yaml
wandb: uploading wandb-summary.json
wandb: uploading history steps 0-7, summary
wandb: 
wandb: Run history:
wandb:     curve/xsrc/arm/data1_gain ▁█
wandb:  curve/xsrc/arm/dataset0_gain ▁█
wandb:      curve/xsrc/arm/gain_mean ▁█
wandb:          curve/xsrc/arm/index ▁█
wandb:       curve/xsrc/crossed/cell ▁▃▆█
wandb:    curve/xsrc/crossed/ci_high █▃▆▁
wandb:     curve/xsrc/crossed/ci_low █▄▆▁
wandb:       curve/xsrc/crossed/gain █▃▆▁
wandb:    curve/xsrc/diag/data1_gain ▁
wandb: curve/xsrc/diag/dataset0_gain ▇▁█▁█▃▃
wandb:                           +76 ...
wandb: 
wandb: Run summary:
wandb:       vs_deepset/dataset0/data1/gain 0.02188
wandb:    vs_deepset/dataset0/dataset0/gain 0.04266
wandb:       vs_deepset/dataset0/gain_worst 0.02188
wandb:    vs_deepset/pooled_both/data1/gain 0.02946
wandb: vs_deepset/pooled_both/dataset0/gain 0.05529
wandb:    vs_deepset/pooled_both/gain_worst 0.02946
wandb:       xsrc/crossed/A/baseline_pr_auc 0.5125
wandb:               xsrc/crossed/A/ci_high 0.10057
wandb:                xsrc/crossed/A/ci_low 0.06536
wandb:                  xsrc/crossed/A/gain 0.08308
wandb:                                  +57 ...
wandb: 
wandb: 🚀 View run res_nodrop_nn__xsrc at: https://wandb.ai/dsa4262-team/dsa4262-project/runs/euky80s1
wandb: ⭐️ View project at: https://wandb.ai/dsa4262-team/dsa4262-project
wandb: Synced 4 W&B file(s), 0 media file(s), 2 artifact file(s) and 0 other file(s)
wandb: Find logs at: ./wandb/run-20261008_120709-euky80s1/logs
  logged to W&B: https://wandb.ai/dsa4262-team/dsa4262-project/runs/euky80s1
res_nodrop: worst +0.0393  mean +0.0637  -> /mnt/sdd/DSA4262/analysis/representation/results/res_nodrop_nn__xsrc.json

Cross-source: scalar_random (network) minus lightgbm_quantiles
--------------------------------------------------------------
             dataset0 gain     dataset0 95% CI  data1 gain        data1 95% CI  mean gain  worst gain eligible
trained on                                                                                                    
dataset0           +0.0452  [+0.0358, +0.0561]     +0.0147  [+0.0056, +0.0231]    +0.0300     +0.0147      yes
pooled_both        +0.0570  [+0.0464, +0.0670]     +0.0278  [+0.0198, +0.0358]    +0.0424     +0.0278      yes
Each row: scalar_random (network) and lightgbm_quantiles trained the same way, both scored on the
held-out genes of each file against that file's labels. Selection rule
(0032): rank on the worse gain; veto if it is below -0.005.
Headline arm (what ships today): dataset0.

Raw PR AUC (not comparable across files: positive rates 4.5% vs 7.3%):
             dataset0 PR AUC  data1 PR AUC  dataset0 baseline  data1 baseline
trained on                                                                   
dataset0              0.5212        0.3866             0.4759          0.3719
pooled_both           0.5292        0.4195             0.4723          0.3917

Crossed test on the sites in both files (trained on dataset0), gain over lightgbm_quantiles:
     measurements    labels   gain  ci_low  ci_high
cell                                               
A        dataset0  dataset0 0.0466  0.0332   0.0593
B        dataset0     data1 0.0264  0.0176   0.0347
C           data1  dataset0 0.0344  0.0218   0.0473
D           data1     data1 0.0131  0.0045   0.0235
A->B: the labelling changes. A->C: the sequencing run changes. A gain that
survives A->C but not A->B is tied to dataset0's labelling.

data1 genes absent from dataset0 (12,061 sites): gain +0.0164 [-0.0040, +0.0396] - compare with cell D for the gene-population effect.

vs deepset alone (same arms, same genes):
  dataset0     dataset0 -0.0001  data1 -0.0028  worst -0.0028
  pooled_both  dataset0 +0.0101  data1 +0.0076  worst +0.0076
wandb: setting up run bijyfnvl
wandb: Tracking run with wandb version 0.30.0
wandb: Run data is saved locally in /mnt/sdd/DSA4262/wandb/run-20261008_121245-bijyfnvl
wandb: Run `wandb offline` to turn off syncing.
wandb: Syncing run scalar_random_nn__xsrc
wandb: ⭐️ View project at https://wandb.ai/dsa4262-team/dsa4262-project
wandb: 🚀 View run at https://wandb.ai/dsa4262-team/dsa4262-project/runs/bijyfnvl
wandb: updating run metadata; uploading artifact scalar_random_nn__xsrc-report
wandb: uploading artifact scalar_random_nn__xsrc-report
wandb: uploading requirements.txt; uploading wandb-summary.json; uploading config.yaml; uploading wandb-metadata.json
wandb: uploading config.yaml
wandb: uploading history steps 0-7, summary
wandb: 
wandb: Run history:
wandb:     curve/xsrc/arm/data1_gain ▁█
wandb:  curve/xsrc/arm/dataset0_gain ▁█
wandb:      curve/xsrc/arm/gain_mean ▁█
wandb:          curve/xsrc/arm/index ▁█
wandb:       curve/xsrc/crossed/cell ▁▃▆█
wandb:    curve/xsrc/crossed/ci_high █▃▆▁
wandb:     curve/xsrc/crossed/ci_low █▄▅▁
wandb:       curve/xsrc/crossed/gain █▄▅▁
wandb:    curve/xsrc/diag/data1_gain ▁
wandb: curve/xsrc/diag/dataset0_gain ▅▁█▁█▃▃
wandb:                           +76 ...
wandb: 
wandb: Run summary:
wandb:       vs_deepset/dataset0/data1/gain -0.00276
wandb:    vs_deepset/dataset0/dataset0/gain -0.00015
wandb:       vs_deepset/dataset0/gain_worst -0.00276
wandb:    vs_deepset/pooled_both/data1/gain 0.0076
wandb: vs_deepset/pooled_both/dataset0/gain 0.01006
wandb:    vs_deepset/pooled_both/gain_worst 0.0076
wandb:       xsrc/crossed/A/baseline_pr_auc 0.5125
wandb:               xsrc/crossed/A/ci_high 0.05933
wandb:                xsrc/crossed/A/ci_low 0.03323
wandb:                  xsrc/crossed/A/gain 0.04665
wandb:                                  +57 ...
wandb: 
wandb: 🚀 View run scalar_random_nn__xsrc at: https://wandb.ai/dsa4262-team/dsa4262-project/runs/bijyfnvl
wandb: ⭐️ View project at: https://wandb.ai/dsa4262-team/dsa4262-project
wandb: Synced 4 W&B file(s), 0 media file(s), 2 artifact file(s) and 0 other file(s)
wandb: Find logs at: ./wandb/run-20261008_121245-bijyfnvl/logs
  logged to W&B: https://wandb.ai/dsa4262-team/dsa4262-project/runs/bijyfnvl
scalar_random: worst +0.0147  mean +0.0300  -> /mnt/sdd/DSA4262/analysis/representation/results/scalar_random_nn__xsrc.json
