    kernel decay scale 110.1 nt (fitted to cell line 1 training labels)
[res_gate seed 0] 191,068 training sites, 21,222 for early stopping
    epoch 1: loss 1.8436, val_ap 0.2238, minutes 0.44, lr 3.30e-04
    epoch 2: loss 1.4977, val_ap 0.3719, minutes 0.89, lr 6.58e-04
    epoch 3: loss 1.3606, val_ap 0.4374, minutes 1.34, lr 9.86e-04
    epoch 4: loss 1.3017, val_ap 0.4471, minutes 1.79, lr 1.00e-03
    epoch 5: loss 1.2732, val_ap 0.4592, minutes 2.23, lr 1.00e-03
    epoch 6: loss 1.2514, val_ap 0.4573, minutes 2.69, lr 1.00e-03
    epoch 7: loss 1.2383, val_ap 0.4608, minutes 3.14, lr 1.00e-03
    epoch 8: loss 1.2326, val_ap 0.4783, minutes 3.58, lr 1.00e-03
    epoch 9: loss 1.2268, val_ap 0.4727, minutes 4.0, lr 1.00e-03
    epoch 10: loss 1.2177, val_ap 0.4772, minutes 4.43, lr 1.00e-03
    epoch 11: loss 1.2121, val_ap 0.4769, minutes 4.85, lr 1.00e-03
    epoch 12: loss 1.2017, val_ap 0.4821, minutes 5.26, lr 1.00e-03
    epoch 13: loss 1.2019, val_ap 0.4786, minutes 5.69, lr 1.00e-03
    epoch 14: loss 1.2089, val_ap 0.4756, minutes 6.11, lr 1.00e-03
    epoch 15: loss 1.1895, val_ap 0.4879, minutes 6.53, lr 1.00e-03
    epoch 16: loss 1.1913, val_ap 0.4888, minutes 6.95, lr 1.00e-03
    epoch 17: loss 1.1933, val_ap 0.4877, minutes 7.37, lr 1.00e-03
    epoch 18: loss 1.1782, val_ap 0.4937, minutes 7.8, lr 1.00e-03
    epoch 19: loss 1.1803, val_ap 0.4859, minutes 8.23, lr 1.00e-03
    epoch 20: loss 1.1749, val_ap 0.4938, minutes 8.66, lr 1.00e-03
    epoch 21: loss 1.1702, val_ap 0.4889, minutes 9.08, lr 1.00e-03
    epoch 22: loss 1.1642, val_ap 0.4948, minutes 9.51, lr 1.00e-03
    epoch 23: loss 1.1677, val_ap 0.4913, minutes 9.94, lr 1.00e-03
    epoch 24: loss 1.1641, val_ap 0.4917, minutes 10.37, lr 1.00e-03
    epoch 25: loss 1.1553, val_ap 0.4969, minutes 10.8, lr 1.00e-03
    epoch 26: loss 1.1522, val_ap 0.5019, minutes 11.21, lr 1.00e-03
    epoch 27: loss 1.1604, val_ap 0.4937, minutes 11.64, lr 1.00e-03
    epoch 28: loss 1.1525, val_ap 0.4962, minutes 12.07, lr 1.00e-03
    epoch 29: loss 1.1485, val_ap 0.4930, minutes 12.51, lr 1.00e-03
    epoch 30: loss 1.1523, val_ap 0.4980, minutes 12.94, lr 1.00e-03
    epoch 31: loss 1.1480, val_ap 0.4972, minutes 13.36, lr 1.00e-03
    epoch 32: loss 1.1403, val_ap 0.4991, minutes 13.78, lr 1.00e-03
    epoch 33: loss 1.1365, val_ap 0.5042, minutes 14.2, lr 1.00e-03
    epoch 34: loss 1.1344, val_ap 0.5021, minutes 14.59, lr 1.00e-03
    epoch 35: loss 1.1382, val_ap 0.5021, minutes 14.98, lr 1.00e-03
    epoch 36: loss 1.1268, val_ap 0.4899, minutes 15.37, lr 1.00e-03
    epoch 37: loss 1.1372, val_ap 0.4980, minutes 15.77, lr 1.00e-03
    epoch 38: loss 1.1262, val_ap 0.5026, minutes 16.19, lr 1.00e-03
    epoch 39: loss 1.1242, val_ap 0.5031, minutes 16.61, lr 1.00e-03
    epoch 40: loss 1.1215, val_ap 0.5046, minutes 17.02, lr 1.00e-03
    epoch 41: loss 1.1177, val_ap 0.5039, minutes 17.43, lr 1.00e-03
    epoch 42: loss 1.1209, val_ap 0.4988, minutes 17.85, lr 1.00e-03
    epoch 43: loss 1.1143, val_ap 0.4978, minutes 18.26, lr 1.00e-03
    epoch 44: loss 1.1129, val_ap 0.4972, minutes 18.69, lr 1.00e-03
    epoch 45: loss 1.1034, val_ap 0.5023, minutes 19.11, lr 1.00e-03
    epoch 46: loss 1.1133, val_ap 0.5039, minutes 19.52, lr 1.00e-03
    epoch 47: loss 1.1110, val_ap 0.4992, minutes 19.95, lr 1.00e-03
    epoch 48: loss 1.1005, val_ap 0.4949, minutes 20.37, lr 1.00e-03
    epoch 49: loss 1.1054, val_ap 0.4971, minutes 20.79, lr 5.00e-04
    epoch 50: loss 1.0860, val_ap 0.4960, minutes 21.21, lr 5.00e-04
    epoch 51: loss 1.0819, val_ap 0.5000, minutes 21.64, lr 5.00e-04
    epoch 52: loss 1.0801, val_ap 0.4956, minutes 22.07, lr 5.00e-04
    epoch 53: loss 1.0738, val_ap 0.4980, minutes 22.5, lr 5.00e-04
    epoch 54: loss 1.0773, val_ap 0.4941, minutes 22.93, lr 5.00e-04
    epoch 55: loss 1.0734, val_ap 0.4956, minutes 23.38, lr 5.00e-04
    epoch 56: loss 1.0711, val_ap 0.4948, minutes 23.83, lr 5.00e-04
    epoch 57: loss 1.0723, val_ap 0.4980, minutes 24.27, lr 5.00e-04
    epoch 58: loss 1.0664, val_ap 0.4966, minutes 24.7, lr 2.50e-04
    epoch 59: loss 1.0586, val_ap 0.4990, minutes 25.15, lr 2.50e-04
    epoch 60: loss 1.0582, val_ap 0.4945, minutes 25.58, lr 2.50e-04
    epoch 61: loss 1.0498, val_ap 0.4943, minutes 26.01, lr 2.50e-04
    epoch 62: loss 1.0543, val_ap 0.4972, minutes 26.44, lr 2.50e-04
    epoch 63: loss 1.0566, val_ap 0.4956, minutes 26.8, lr 2.50e-04
    epoch 64: loss 1.0570, val_ap 0.4915, minutes 27.17, lr 2.50e-04
    epoch 65: loss 1.0518, val_ap 0.4949, minutes 27.53, lr 2.50e-04
    stopping: no validation gain in 25 epochs
[res_gate seed 0] done (27.5 min): best epoch 40 of 65, validation AP 0.5046 -> /mnt/sdd/DSA4262/.cache/representation/final/res_gate_s0.pt
