    kernel decay scale 110.1 nt (fitted to cell line 1 training labels)
[scalar_drop seed 0] 191,068 training sites, 21,222 for early stopping
    epoch 1: loss 1.8893, val_ap 0.2009, minutes 0.46, lr 3.30e-04
    epoch 2: loss 1.5090, val_ap 0.3646, minutes 0.91, lr 6.58e-04
    epoch 3: loss 1.3717, val_ap 0.4255, minutes 1.35, lr 9.86e-04
    epoch 4: loss 1.3174, val_ap 0.4370, minutes 1.79, lr 1.00e-03
    epoch 5: loss 1.2890, val_ap 0.4458, minutes 2.22, lr 1.00e-03
    epoch 6: loss 1.2745, val_ap 0.4504, minutes 2.62, lr 1.00e-03
    epoch 7: loss 1.2644, val_ap 0.4557, minutes 3.04, lr 1.00e-03
    epoch 8: loss 1.2587, val_ap 0.4673, minutes 3.46, lr 1.00e-03
    epoch 9: loss 1.2505, val_ap 0.4689, minutes 3.86, lr 1.00e-03
    epoch 10: loss 1.2449, val_ap 0.4700, minutes 4.27, lr 1.00e-03
    epoch 11: loss 1.2385, val_ap 0.4752, minutes 4.66, lr 1.00e-03
    epoch 12: loss 1.2256, val_ap 0.4808, minutes 5.05, lr 1.00e-03
    epoch 13: loss 1.2272, val_ap 0.4832, minutes 5.45, lr 1.00e-03
    epoch 14: loss 1.2346, val_ap 0.4694, minutes 5.84, lr 1.00e-03
    epoch 15: loss 1.2129, val_ap 0.4874, minutes 6.24, lr 1.00e-03
    epoch 16: loss 1.2160, val_ap 0.4852, minutes 6.65, lr 1.00e-03
    epoch 17: loss 1.2243, val_ap 0.4887, minutes 7.06, lr 1.00e-03
    epoch 18: loss 1.2037, val_ap 0.4897, minutes 7.46, lr 1.00e-03
    epoch 19: loss 1.2046, val_ap 0.4834, minutes 7.89, lr 1.00e-03
    epoch 20: loss 1.2006, val_ap 0.4938, minutes 8.31, lr 1.00e-03
    epoch 21: loss 1.1959, val_ap 0.4880, minutes 8.73, lr 1.00e-03
    epoch 22: loss 1.1894, val_ap 0.4921, minutes 9.17, lr 1.00e-03
    epoch 23: loss 1.1915, val_ap 0.4898, minutes 9.6, lr 1.00e-03
    epoch 24: loss 1.1907, val_ap 0.4920, minutes 10.02, lr 1.00e-03
    epoch 25: loss 1.1857, val_ap 0.4908, minutes 10.45, lr 1.00e-03
    epoch 26: loss 1.1794, val_ap 0.4914, minutes 10.88, lr 1.00e-03
    epoch 27: loss 1.1842, val_ap 0.4966, minutes 11.32, lr 1.00e-03
    epoch 28: loss 1.1759, val_ap 0.4921, minutes 11.76, lr 1.00e-03
    epoch 29: loss 1.1737, val_ap 0.4902, minutes 12.18, lr 1.00e-03
    epoch 30: loss 1.1824, val_ap 0.4941, minutes 12.63, lr 1.00e-03
    epoch 31: loss 1.1728, val_ap 0.4931, minutes 13.06, lr 1.00e-03
    epoch 32: loss 1.1693, val_ap 0.4912, minutes 13.48, lr 1.00e-03
    epoch 33: loss 1.1633, val_ap 0.4948, minutes 13.92, lr 1.00e-03
    epoch 34: loss 1.1602, val_ap 0.4961, minutes 14.34, lr 1.00e-03
    epoch 35: loss 1.1662, val_ap 0.4972, minutes 14.76, lr 1.00e-03
    epoch 36: loss 1.1589, val_ap 0.4843, minutes 15.16, lr 1.00e-03
    epoch 37: loss 1.1670, val_ap 0.4861, minutes 15.56, lr 1.00e-03
    epoch 38: loss 1.1604, val_ap 0.4981, minutes 15.95, lr 1.00e-03
    epoch 39: loss 1.1562, val_ap 0.4925, minutes 16.35, lr 1.00e-03
    epoch 40: loss 1.1513, val_ap 0.4961, minutes 16.75, lr 1.00e-03
    epoch 41: loss 1.1512, val_ap 0.4917, minutes 17.15, lr 1.00e-03
    epoch 42: loss 1.1507, val_ap 0.4911, minutes 17.55, lr 1.00e-03
    epoch 43: loss 1.1461, val_ap 0.4966, minutes 17.94, lr 1.00e-03
    epoch 44: loss 1.1430, val_ap 0.4920, minutes 18.34, lr 1.00e-03
    epoch 45: loss 1.1364, val_ap 0.4943, minutes 18.75, lr 1.00e-03
    epoch 46: loss 1.1500, val_ap 0.4929, minutes 19.15, lr 1.00e-03
    epoch 47: loss 1.1453, val_ap 0.4907, minutes 19.56, lr 5.00e-04
    epoch 48: loss 1.1270, val_ap 0.4918, minutes 19.98, lr 5.00e-04
    epoch 49: loss 1.1257, val_ap 0.4906, minutes 20.39, lr 5.00e-04
    epoch 50: loss 1.1216, val_ap 0.4863, minutes 20.81, lr 5.00e-04
    epoch 51: loss 1.1205, val_ap 0.4928, minutes 21.23, lr 5.00e-04
    epoch 52: loss 1.1194, val_ap 0.4907, minutes 21.65, lr 5.00e-04
    epoch 53: loss 1.1154, val_ap 0.4866, minutes 22.07, lr 5.00e-04
    epoch 54: loss 1.1121, val_ap 0.4904, minutes 22.49, lr 5.00e-04
    epoch 55: loss 1.1149, val_ap 0.4863, minutes 22.93, lr 5.00e-04
    epoch 56: loss 1.1142, val_ap 0.4881, minutes 23.37, lr 2.50e-04
    epoch 57: loss 1.1054, val_ap 0.4878, minutes 23.8, lr 2.50e-04
    epoch 58: loss 1.0999, val_ap 0.4865, minutes 24.24, lr 2.50e-04
    epoch 59: loss 1.1053, val_ap 0.4792, minutes 24.69, lr 2.50e-04
    epoch 60: loss 1.0987, val_ap 0.4844, minutes 25.13, lr 2.50e-04
    epoch 61: loss 1.0938, val_ap 0.4822, minutes 25.58, lr 2.50e-04
    epoch 62: loss 1.1001, val_ap 0.4811, minutes 26.02, lr 2.50e-04
    epoch 63: loss 1.0993, val_ap 0.4872, minutes 26.45, lr 2.50e-04
    stopping: no validation gain in 25 epochs
[scalar_drop seed 0] done (26.5 min): best epoch 38 of 63, validation AP 0.4981 -> /mnt/sdd/DSA4262/.cache/representation/final/scalar_drop_s0.pt
