    kernel decay scale 110.1 nt (fitted to cell line 1 training labels)
[scalar_drop seed 1] 191,068 training sites, 21,222 for early stopping
    epoch 1: loss 1.8750, val_ap 0.1738, minutes 0.44, lr 3.30e-04
    epoch 2: loss 1.5304, val_ap 0.3434, minutes 0.87, lr 6.58e-04
    epoch 3: loss 1.3735, val_ap 0.4044, minutes 1.29, lr 9.86e-04
    epoch 4: loss 1.3189, val_ap 0.4149, minutes 1.7, lr 1.00e-03
    epoch 5: loss 1.2937, val_ap 0.4373, minutes 2.11, lr 1.00e-03
    epoch 6: loss 1.2788, val_ap 0.4382, minutes 2.49, lr 1.00e-03
    epoch 7: loss 1.2702, val_ap 0.4458, minutes 2.88, lr 1.00e-03
    epoch 8: loss 1.2536, val_ap 0.4482, minutes 3.3, lr 1.00e-03
    epoch 9: loss 1.2465, val_ap 0.4441, minutes 3.7, lr 1.00e-03
    epoch 10: loss 1.2483, val_ap 0.4511, minutes 4.1, lr 1.00e-03
    epoch 11: loss 1.2333, val_ap 0.4578, minutes 4.51, lr 1.00e-03
    epoch 12: loss 1.2300, val_ap 0.4656, minutes 4.92, lr 1.00e-03
    epoch 13: loss 1.2260, val_ap 0.4641, minutes 5.33, lr 1.00e-03
    epoch 14: loss 1.2156, val_ap 0.4695, minutes 5.75, lr 1.00e-03
    epoch 15: loss 1.2119, val_ap 0.4760, minutes 6.17, lr 1.00e-03
    epoch 16: loss 1.2134, val_ap 0.4785, minutes 6.59, lr 1.00e-03
    epoch 17: loss 1.2186, val_ap 0.4809, minutes 7.01, lr 1.00e-03
    epoch 18: loss 1.2040, val_ap 0.4826, minutes 7.43, lr 1.00e-03
    epoch 19: loss 1.1948, val_ap 0.4842, minutes 7.87, lr 1.00e-03
    epoch 20: loss 1.2010, val_ap 0.4864, minutes 8.3, lr 1.00e-03
    epoch 21: loss 1.1963, val_ap 0.4851, minutes 8.73, lr 1.00e-03
    epoch 22: loss 1.1933, val_ap 0.4937, minutes 9.16, lr 1.00e-03
    epoch 23: loss 1.1906, val_ap 0.4882, minutes 9.59, lr 1.00e-03
    epoch 24: loss 1.1930, val_ap 0.4821, minutes 10.02, lr 1.00e-03
    epoch 25: loss 1.1857, val_ap 0.4931, minutes 10.46, lr 1.00e-03
    epoch 26: loss 1.1772, val_ap 0.4930, minutes 10.89, lr 1.00e-03
    epoch 27: loss 1.1823, val_ap 0.4922, minutes 11.32, lr 1.00e-03
    epoch 28: loss 1.1801, val_ap 0.4946, minutes 11.75, lr 1.00e-03
    epoch 29: loss 1.1774, val_ap 0.4958, minutes 12.19, lr 1.00e-03
    epoch 30: loss 1.1743, val_ap 0.4981, minutes 12.62, lr 1.00e-03
    epoch 31: loss 1.1728, val_ap 0.4897, minutes 13.05, lr 1.00e-03
    epoch 32: loss 1.1625, val_ap 0.4925, minutes 13.49, lr 1.00e-03
    epoch 33: loss 1.1538, val_ap 0.4908, minutes 13.93, lr 1.00e-03
    epoch 34: loss 1.1616, val_ap 0.4947, minutes 14.37, lr 1.00e-03
    epoch 35: loss 1.1577, val_ap 0.4978, minutes 14.8, lr 1.00e-03
    epoch 36: loss 1.1614, val_ap 0.4916, minutes 15.23, lr 1.00e-03
    epoch 37: loss 1.1547, val_ap 0.4928, minutes 15.65, lr 1.00e-03
    epoch 38: loss 1.1495, val_ap 0.4945, minutes 16.06, lr 1.00e-03
    epoch 39: loss 1.1443, val_ap 0.4965, minutes 16.47, lr 5.00e-04
    epoch 40: loss 1.1363, val_ap 0.4987, minutes 16.88, lr 5.00e-04
    epoch 41: loss 1.1329, val_ap 0.4969, minutes 17.28, lr 5.00e-04
    epoch 42: loss 1.1332, val_ap 0.4971, minutes 17.69, lr 5.00e-04
    epoch 43: loss 1.1351, val_ap 0.4996, minutes 18.09, lr 5.00e-04
    epoch 44: loss 1.1310, val_ap 0.4942, minutes 18.49, lr 5.00e-04
    epoch 45: loss 1.1279, val_ap 0.4978, minutes 18.89, lr 5.00e-04
    epoch 46: loss 1.1320, val_ap 0.4940, minutes 19.29, lr 5.00e-04
    epoch 47: loss 1.1311, val_ap 0.4941, minutes 19.68, lr 5.00e-04
    epoch 48: loss 1.1288, val_ap 0.4989, minutes 20.08, lr 5.00e-04
    epoch 49: loss 1.1287, val_ap 0.4932, minutes 20.48, lr 5.00e-04
    epoch 50: loss 1.1251, val_ap 0.4943, minutes 20.87, lr 5.00e-04
    epoch 51: loss 1.1143, val_ap 0.4956, minutes 21.28, lr 5.00e-04
    epoch 52: loss 1.1223, val_ap 0.4950, minutes 21.69, lr 2.50e-04
    epoch 53: loss 1.1086, val_ap 0.4969, minutes 22.11, lr 2.50e-04
    epoch 54: loss 1.1089, val_ap 0.4978, minutes 22.53, lr 2.50e-04
    epoch 55: loss 1.1046, val_ap 0.4967, minutes 22.95, lr 2.50e-04
    epoch 56: loss 1.1112, val_ap 0.4942, minutes 23.38, lr 2.50e-04
    epoch 57: loss 1.1045, val_ap 0.4940, minutes 23.8, lr 2.50e-04
    epoch 58: loss 1.1022, val_ap 0.4936, minutes 24.24, lr 2.50e-04
    epoch 59: loss 1.1056, val_ap 0.4934, minutes 24.67, lr 2.50e-04
    epoch 60: loss 1.0997, val_ap 0.4934, minutes 25.1, lr 2.50e-04
    epoch 61: loss 1.1073, val_ap 0.4944, minutes 25.52, lr 1.25e-04
    epoch 62: loss 1.0982, val_ap 0.4945, minutes 25.92, lr 1.25e-04
    epoch 63: loss 1.0980, val_ap 0.4942, minutes 26.32, lr 1.25e-04
    epoch 64: loss 1.0988, val_ap 0.4945, minutes 26.69, lr 1.25e-04
    epoch 65: loss 1.1024, val_ap 0.4955, minutes 27.04, lr 1.25e-04
    epoch 66: loss 1.0955, val_ap 0.4935, minutes 27.4, lr 1.25e-04
    epoch 67: loss 1.0977, val_ap 0.4953, minutes 27.71, lr 1.25e-04
    epoch 68: loss 1.0999, val_ap 0.4917, minutes 28.0, lr 1.25e-04
    stopping: no validation gain in 25 epochs
[scalar_drop seed 1] done (28.0 min): best epoch 43 of 68, validation AP 0.4996 -> /mnt/sdd/DSA4262/.cache/representation/final/scalar_drop_s1.pt
