fitting [('res_gate', 0), ('res_gate', 1), ('scalar_drop', 0), ('scalar_drop', 1)]
all fitted
{
 "h2gcn_twohead_aux_s0": {
  "best_epoch": 42,
  "best_val_ap": 0.5138301451175606,
  "stopped": "patience"
 },
 "h2gcn_twohead_aux_s1": {
  "best_epoch": 38,
  "best_val_ap": 0.512723406459687,
  "stopped": "patience"
 },
 "res_gate_s0": {
  "best_epoch": 40,
  "best_val_ap": 0.5046420668609445,
  "stopped": "patience"
 },
 "res_gate_s1": {
  "best_epoch": 65,
  "best_val_ap": 0.5122957602547229,
  "stopped": "patience"
 },
 "scalar_drop_s0": {
  "best_epoch": 38,
  "best_val_ap": 0.4980623594982429,
  "stopped": "patience"
 },
 "scalar_drop_s1": {
  "best_epoch": 43,
  "best_val_ap": 0.499587313209265,
  "stopped": "patience"
 }
}
