    kernel decay scale 110.1 nt (fitted to cell line 1 training labels)
[res_gate seed 1] 191,068 training sites, 21,222 for early stopping
    epoch 1: loss 1.8575, val_ap 0.1910, minutes 0.47, lr 3.30e-04
    epoch 2: loss 1.5218, val_ap 0.3592, minutes 0.92, lr 6.58e-04
    epoch 3: loss 1.3676, val_ap 0.4189, minutes 1.36, lr 9.86e-04
    epoch 4: loss 1.3075, val_ap 0.4360, minutes 1.81, lr 1.00e-03
    epoch 5: loss 1.2848, val_ap 0.4530, minutes 2.25, lr 1.00e-03
    epoch 6: loss 1.2637, val_ap 0.4567, minutes 2.69, lr 1.00e-03
    epoch 7: loss 1.2577, val_ap 0.4562, minutes 3.11, lr 1.00e-03
    epoch 8: loss 1.2368, val_ap 0.4633, minutes 3.54, lr 1.00e-03
    epoch 9: loss 1.2333, val_ap 0.4607, minutes 3.97, lr 1.00e-03
    epoch 10: loss 1.2358, val_ap 0.4643, minutes 4.4, lr 1.00e-03
    epoch 11: loss 1.2145, val_ap 0.4702, minutes 4.82, lr 1.00e-03
    epoch 12: loss 1.2121, val_ap 0.4770, minutes 5.23, lr 1.00e-03
    epoch 13: loss 1.2089, val_ap 0.4714, minutes 5.65, lr 1.00e-03
    epoch 14: loss 1.1994, val_ap 0.4818, minutes 6.08, lr 1.00e-03
    epoch 15: loss 1.1980, val_ap 0.4789, minutes 6.49, lr 1.00e-03
    epoch 16: loss 1.1994, val_ap 0.4840, minutes 6.9, lr 1.00e-03
    epoch 17: loss 1.1929, val_ap 0.4849, minutes 7.35, lr 1.00e-03
    epoch 18: loss 1.1839, val_ap 0.4850, minutes 7.79, lr 1.00e-03
    epoch 19: loss 1.1802, val_ap 0.4871, minutes 8.22, lr 1.00e-03
    epoch 20: loss 1.1799, val_ap 0.4837, minutes 8.65, lr 1.00e-03
    epoch 21: loss 1.1783, val_ap 0.4895, minutes 9.1, lr 1.00e-03
    epoch 22: loss 1.1747, val_ap 0.4920, minutes 9.53, lr 1.00e-03
    epoch 23: loss 1.1732, val_ap 0.4913, minutes 9.96, lr 1.00e-03
    epoch 24: loss 1.1751, val_ap 0.4818, minutes 10.4, lr 1.00e-03
    epoch 25: loss 1.1647, val_ap 0.4972, minutes 10.84, lr 1.00e-03
    epoch 26: loss 1.1601, val_ap 0.4933, minutes 11.28, lr 1.00e-03
    epoch 27: loss 1.1637, val_ap 0.4869, minutes 11.72, lr 1.00e-03
    epoch 28: loss 1.1599, val_ap 0.4914, minutes 12.16, lr 1.00e-03
    epoch 29: loss 1.1581, val_ap 0.5015, minutes 12.6, lr 1.00e-03
    epoch 30: loss 1.1532, val_ap 0.5016, minutes 13.04, lr 1.00e-03
    epoch 31: loss 1.1554, val_ap 0.4984, minutes 13.48, lr 1.00e-03
    epoch 32: loss 1.1401, val_ap 0.5018, minutes 13.92, lr 1.00e-03
    epoch 33: loss 1.1368, val_ap 0.5013, minutes 14.35, lr 1.00e-03
    epoch 34: loss 1.1408, val_ap 0.4970, minutes 14.79, lr 1.00e-03
    epoch 35: loss 1.1383, val_ap 0.5012, minutes 15.24, lr 1.00e-03
    epoch 36: loss 1.1370, val_ap 0.5043, minutes 15.67, lr 1.00e-03
    epoch 37: loss 1.1360, val_ap 0.5030, minutes 16.14, lr 1.00e-03
    epoch 38: loss 1.1252, val_ap 0.5072, minutes 16.56, lr 1.00e-03
    epoch 39: loss 1.1212, val_ap 0.5065, minutes 16.98, lr 1.00e-03
    epoch 40: loss 1.1200, val_ap 0.5014, minutes 17.39, lr 1.00e-03
    epoch 41: loss 1.1252, val_ap 0.5079, minutes 17.8, lr 1.00e-03
    epoch 42: loss 1.1171, val_ap 0.5071, minutes 18.21, lr 1.00e-03
    epoch 43: loss 1.1226, val_ap 0.5047, minutes 18.62, lr 1.00e-03
    epoch 44: loss 1.1219, val_ap 0.5091, minutes 19.03, lr 1.00e-03
    epoch 45: loss 1.1161, val_ap 0.5086, minutes 19.45, lr 1.00e-03
    epoch 46: loss 1.1187, val_ap 0.5053, minutes 19.85, lr 1.00e-03
    epoch 47: loss 1.1110, val_ap 0.5071, minutes 20.25, lr 1.00e-03
    epoch 48: loss 1.1117, val_ap 0.5062, minutes 20.66, lr 1.00e-03
    epoch 49: loss 1.1163, val_ap 0.5083, minutes 21.06, lr 1.00e-03
    epoch 50: loss 1.1012, val_ap 0.5066, minutes 21.45, lr 1.00e-03
    epoch 51: loss 1.0963, val_ap 0.5053, minutes 21.84, lr 1.00e-03
    epoch 52: loss 1.0999, val_ap 0.5054, minutes 22.24, lr 1.00e-03
    epoch 53: loss 1.0959, val_ap 0.5100, minutes 22.64, lr 1.00e-03
    epoch 54: loss 1.0968, val_ap 0.5120, minutes 23.03, lr 1.00e-03
    epoch 55: loss 1.0922, val_ap 0.4808, minutes 23.45, lr 1.00e-03
    epoch 56: loss 1.0958, val_ap 0.5057, minutes 23.87, lr 1.00e-03
    epoch 57: loss 1.0887, val_ap 0.5121, minutes 24.31, lr 1.00e-03
    epoch 58: loss 1.0871, val_ap 0.4977, minutes 24.74, lr 1.00e-03
    epoch 59: loss 1.0869, val_ap 0.5098, minutes 25.17, lr 1.00e-03
    epoch 60: loss 1.0791, val_ap 0.4992, minutes 25.61, lr 1.00e-03
    epoch 61: loss 1.0865, val_ap 0.5109, minutes 26.04, lr 1.00e-03
    epoch 62: loss 1.0825, val_ap 0.5050, minutes 26.47, lr 1.00e-03
    epoch 63: loss 1.0758, val_ap 0.4971, minutes 26.83, lr 1.00e-03
    epoch 64: loss 1.0815, val_ap 0.5050, minutes 27.19, lr 1.00e-03
    epoch 65: loss 1.0792, val_ap 0.5123, minutes 27.56, lr 1.00e-03
    epoch 66: loss 1.0667, val_ap 0.5075, minutes 27.86, lr 1.00e-03
    epoch 67: loss 1.0684, val_ap 0.5042, minutes 28.14, lr 1.00e-03
    epoch 68: loss 1.0708, val_ap 0.4973, minutes 28.41, lr 1.00e-03
    epoch 69: loss 1.0673, val_ap 0.5033, minutes 28.68, lr 1.00e-03
    epoch 70: loss 1.0704, val_ap 0.4892, minutes 28.95, lr 1.00e-03
    epoch 71: loss 1.0666, val_ap 0.4879, minutes 29.21, lr 1.00e-03
    epoch 72: loss 1.0693, val_ap 0.5024, minutes 29.48, lr 1.00e-03
    epoch 73: loss 1.0579, val_ap 0.5034, minutes 29.75, lr 1.00e-03
    epoch 74: loss 1.0599, val_ap 0.4987, minutes 30.02, lr 5.00e-04
    epoch 75: loss 1.0446, val_ap 0.4945, minutes 30.28, lr 5.00e-04
    epoch 76: loss 1.0367, val_ap 0.4982, minutes 30.55, lr 5.00e-04
    epoch 77: loss 1.0319, val_ap 0.4936, minutes 30.81, lr 5.00e-04
    epoch 78: loss 1.0361, val_ap 0.4921, minutes 31.07, lr 5.00e-04
    epoch 79: loss 1.0330, val_ap 0.4999, minutes 31.33, lr 5.00e-04
    epoch 80: loss 1.0362, val_ap 0.5007, minutes 31.59, lr 5.00e-04
    epoch 81: loss 1.0334, val_ap 0.4859, minutes 31.86, lr 5.00e-04
    epoch 82: loss 1.0363, val_ap 0.4837, minutes 32.12, lr 5.00e-04
    epoch 83: loss 1.0322, val_ap 0.4748, minutes 32.38, lr 2.50e-04
    epoch 84: loss 1.0205, val_ap 0.4826, minutes 32.65, lr 2.50e-04
    epoch 85: loss 1.0121, val_ap 0.4827, minutes 32.91, lr 2.50e-04
    epoch 86: loss 1.0209, val_ap 0.4785, minutes 33.17, lr 2.50e-04
    epoch 87: loss 1.0186, val_ap 0.4853, minutes 33.43, lr 2.50e-04
    epoch 88: loss 1.0116, val_ap 0.4888, minutes 33.7, lr 2.50e-04
    epoch 89: loss 1.0117, val_ap 0.4840, minutes 33.96, lr 2.50e-04
    epoch 90: loss 1.0117, val_ap 0.4798, minutes 34.23, lr 2.50e-04
    stopping: no validation gain in 25 epochs
[res_gate seed 1] done (34.2 min): best epoch 65 of 90, validation AP 0.5123 -> /mnt/sdd/DSA4262/.cache/representation/final/res_gate_s1.pt
