 trained on scored on                stratum                      level  sites  positive %  graph PR AUC  deepset PR AUC   gain  ci_low  ci_high
   dataset0  dataset0 neighbour within 50 nt unmodified neighbours only  93227       2.439         0.407           0.406  0.001  -0.018    0.021
   dataset0  dataset0 neighbour within 50 nt               no neighbour  20742       4.493         0.514           0.518 -0.005  -0.026    0.014
   dataset0  dataset0 neighbour within 50 nt       a modified neighbour   7869      28.835         0.735           0.746 -0.011  -0.028    0.004
   dataset0  dataset0         own read count             [100, 1000000)  24533       4.908         0.572           0.553  0.019  -0.003    0.045
   dataset0  dataset0         own read count                  [50, 100)  33371       4.288         0.569           0.532  0.038   0.018    0.058
   dataset0  dataset0         own read count                   [30, 50)  38830       4.463         0.541           0.522  0.019   0.001    0.039
   dataset0  dataset0         own read count                   [20, 30)  25104       4.410         0.498           0.482  0.016  -0.006    0.037
   dataset0  dataset0          exon junction                   < 100 nt  67071       1.546         0.364           0.367 -0.003  -0.025    0.021
   dataset0  dataset0          exon junction                  >= 100 nt  54767       8.103         0.587           0.560  0.028   0.016    0.040
   dataset0  dataset0                 region                        CDS  62590       3.149         0.542           0.528  0.014  -0.002    0.032
   dataset0  dataset0                 region                      3'UTR  47989       6.356         0.574           0.545  0.029   0.015    0.043
   dataset0  dataset0                 region                      5'UTR   2680       4.179         0.461           0.461 -0.001  -0.067    0.074
   dataset0  dataset0                 region                  noncoding   5923       5.774         0.565           0.530  0.035  -0.009    0.070
   dataset0     data1 neighbour within 50 nt unmodified neighbours only  64238       4.706         0.286           0.277  0.009  -0.001    0.019
   dataset0     data1 neighbour within 50 nt       a modified neighbour   9308      26.407         0.603           0.619 -0.016  -0.028   -0.003
   dataset0     data1 neighbour within 50 nt               no neighbour  16906       6.323         0.347           0.343  0.004  -0.010    0.018
   dataset0     data1         own read count             [100, 1000000)  16686       9.445         0.408           0.411 -0.003  -0.019    0.015
   dataset0     data1         own read count                   [20, 30)  29324       5.985         0.363           0.335  0.028   0.016    0.039
   dataset0     data1         own read count                   [30, 50)  25301       6.577         0.428           0.405  0.023   0.009    0.037
   dataset0     data1         own read count                  [50, 100)  19141       8.124         0.458           0.449  0.009  -0.006    0.025
   dataset0     data1          exon junction                   < 100 nt  54216       3.617         0.201           0.186  0.015   0.003    0.026
   dataset0     data1          exon junction                  >= 100 nt  36236      12.664         0.493           0.481  0.012   0.002    0.022
   dataset0     data1                 region                        CDS  48728       5.167         0.345           0.328  0.017   0.005    0.028
   dataset0     data1                 region                      3'UTR  31251      10.953         0.459           0.448  0.011   0.000    0.022
   dataset0     data1                 region                      5'UTR   2484       4.469         0.325           0.304  0.021  -0.031    0.072
   dataset0     data1                 region                  noncoding   5544       8.983         0.432           0.412  0.020  -0.004    0.047
pooled_both  dataset0 neighbour within 50 nt unmodified neighbours only  93227       2.439         0.418           0.407  0.011  -0.003    0.029
pooled_both  dataset0 neighbour within 50 nt               no neighbour  20742       4.493         0.520           0.515  0.005  -0.013    0.024
pooled_both  dataset0 neighbour within 50 nt       a modified neighbour   7869      28.835         0.732           0.741 -0.010  -0.023    0.004
pooled_both  dataset0         own read count             [100, 1000000)  24533       4.908         0.583           0.549  0.034   0.009    0.061
pooled_both  dataset0         own read count                  [50, 100)  33371       4.288         0.568           0.535  0.033   0.012    0.055
pooled_both  dataset0         own read count                   [30, 50)  38830       4.463         0.558           0.513  0.045   0.026    0.066
pooled_both  dataset0         own read count                   [20, 30)  25104       4.410         0.487           0.472  0.015  -0.010    0.036
pooled_both  dataset0          exon junction                   < 100 nt  67071       1.546         0.390           0.342  0.047   0.022    0.071
pooled_both  dataset0          exon junction                  >= 100 nt  54767       8.103         0.592           0.564  0.028   0.016    0.041
pooled_both  dataset0                 region                        CDS  62590       3.149         0.566           0.531  0.035   0.020    0.052
pooled_both  dataset0                 region                      3'UTR  47989       6.356         0.575           0.546  0.028   0.013    0.045
pooled_both  dataset0                 region                      5'UTR   2680       4.179         0.525           0.456  0.069   0.002    0.126
pooled_both  dataset0                 region                  noncoding   5923       5.774         0.556           0.529  0.028  -0.012    0.070
pooled_both     data1 neighbour within 50 nt unmodified neighbours only  64238       4.706         0.309           0.296  0.013   0.001    0.027
pooled_both     data1 neighbour within 50 nt       a modified neighbour   9308      26.407         0.626           0.633 -0.007  -0.018    0.007
pooled_both     data1 neighbour within 50 nt               no neighbour  16906       6.323         0.379           0.376  0.003  -0.011    0.019
pooled_both     data1         own read count             [100, 1000000)  16686       9.445         0.443           0.424  0.019  -0.000    0.036
pooled_both     data1         own read count                   [20, 30)  29324       5.985         0.381           0.349  0.032   0.019    0.046
pooled_both     data1         own read count                   [30, 50)  25301       6.577         0.442           0.425  0.017   0.001    0.032
pooled_both     data1         own read count                  [50, 100)  19141       8.124         0.489           0.475  0.014   0.002    0.027
pooled_both     data1          exon junction                   < 100 nt  54216       3.617         0.219           0.209  0.010  -0.001    0.021
pooled_both     data1          exon junction                  >= 100 nt  36236      12.664         0.525           0.500  0.026   0.016    0.036
pooled_both     data1                 region                        CDS  48728       5.167         0.375           0.352  0.023   0.012    0.036
pooled_both     data1                 region                      3'UTR  31251      10.953         0.489           0.468  0.020   0.010    0.032
pooled_both     data1                 region                      5'UTR   2484       4.469         0.334           0.338 -0.004  -0.048    0.035
pooled_both     data1                 region                  noncoding   5544       8.983         0.467           0.427  0.040   0.012    0.067
