[deepset_nokmer] data loaded (25s)
[deepset_nokmer fold 0] 121,838 sites: encoder 43,448 (+4,391 val), probe 49,685, held out 24,314  (0s)
  17,025 parameters; reads standardised (4s)
    epoch 1: loss 1.0465411708635441, minutes 0.07, val_ap 0.36926589040525043
    epoch 2: loss 0.828938181084745, minutes 0.13, val_ap 0.43438546069058837
    epoch 3: loss 0.7729515945210176, minutes 0.2, val_ap 0.44353534855051313
    epoch 4: loss 0.7502075989456738, minutes 0.27, val_ap 0.4563121201520577
    epoch 5: loss 0.7195654525476344, minutes 0.33, val_ap 0.45486952598511243
    epoch 6: loss 0.7191605290945838, minutes 0.4, val_ap 0.4457588077736474
    epoch 7: loss 0.7112185397568871, minutes 0.46, val_ap 0.46261135262671427
    epoch 8: loss 0.7001395949546029, minutes 0.53, val_ap 0.4769848266186302
    epoch 9: loss 0.6978903321658864, minutes 0.59, val_ap 0.47887082064271014
    epoch 10: loss 0.6853644234292647, minutes 0.66, val_ap 0.4777225594357184
    epoch 11: loss 0.6714842871708029, minutes 0.73, val_ap 0.48825057156481816
    epoch 12: loss 0.6623988815966775, minutes 0.79, val_ap 0.4803408386344423
    epoch 13: loss 0.6791408910470851, minutes 0.86, val_ap 0.4769737809873534
    epoch 14: loss 0.6586511383161825, minutes 0.93, val_ap 0.4778485180568222
    epoch 15: loss 0.6614411276929518, minutes 0.99, val_ap 0.4954641770628731
    epoch 16: loss 0.6544730154907002, minutes 1.09, val_ap 0.48666844838837015
    epoch 17: loss 0.6470426145721885, minutes 1.17, val_ap 0.49064567669189185
    epoch 18: loss 0.6425473558552125, minutes 1.24, val_ap 0.49360307122459396
    epoch 19: loss 0.648990078533397, minutes 1.31, val_ap 0.4888275720949596
    epoch 20: loss 0.6302248800502104, minutes 1.38, val_ap 0.49357544840705325
    epoch 21: loss 0.6342257135054644, minutes 1.44, val_ap 0.4919613156370493
    epoch 22: loss 0.6291844673016492, minutes 1.51, val_ap 0.48276650306050484
    epoch 23: loss 0.6252320833065931, minutes 1.58, val_ap 0.496001979141074
    epoch 24: loss 0.6324073817800073, minutes 1.65, val_ap 0.4987363191872431
    epoch 25: loss 0.6103829187505385, minutes 1.72, val_ap 0.4934375440038352
    epoch 26: loss 0.6143136099857442, minutes 1.78, val_ap 0.48108065014838153
    epoch 27: loss 0.6215362191200257, minutes 1.85, val_ap 0.4944438280405195
    epoch 28: loss 0.6116322214112563, minutes 1.92, val_ap 0.4861613675952855
    epoch 29: loss 0.6100369800539578, minutes 1.99, val_ap 0.5023937101143463
    epoch 30: loss 0.6037466810030095, minutes 2.05, val_ap 0.4862871051808896
    epoch 31: loss 0.5947211053441552, minutes 2.12, val_ap 0.503323730950546
    epoch 32: loss 0.6060328681679333, minutes 2.19, val_ap 0.4907445289557852
    epoch 33: loss 0.6013225132928175, minutes 2.25, val_ap 0.5004329511529965
    epoch 34: loss 0.5977877942954792, minutes 2.32, val_ap 0.48771995771473786
    epoch 35: loss 0.5777772473938325, minutes 2.39, val_ap 0.49476603766076643
    epoch 36: loss 0.5875693940064486, minutes 2.46, val_ap 0.5072390056261689
    epoch 37: loss 0.5929342487279107, minutes 2.52, val_ap 0.4969462953597963
    epoch 38: loss 0.5793184655554154, minutes 2.59, val_ap 0.4907937882782033
    epoch 39: loss 0.5704843519365086, minutes 2.66, val_ap 0.5098789703288715
    epoch 40: loss 0.5771200790124781, minutes 2.72, val_ap 0.49973492153195126
    epoch 41: loss 0.577920222808333, minutes 2.79, val_ap 0.5075472933310822
    epoch 42: loss 0.5868990322246271, minutes 2.86, val_ap 0.5045490706057485
    epoch 43: loss 0.5681582847062279, minutes 2.93, val_ap 0.49193416051733274
    epoch 44: loss 0.5696091643151115, minutes 2.99, val_ap 0.5078756019285894
    epoch 45: loss 0.5722078423289692, minutes 3.06, val_ap 0.4986696207345997
    epoch 46: loss 0.5759398116784937, minutes 3.13, val_ap 0.5092194584241514
    epoch 47: loss 0.5606609775739557, minutes 3.2, val_ap 0.5051407408883465
    epoch 48: loss 0.5599835392306832, minutes 3.26, val_ap 0.4958241946806586
    epoch 49: loss 0.5686532197629705, minutes 3.35, val_ap 0.5138124814621209
    epoch 50: loss 0.5549435974920497, minutes 3.43, val_ap 0.5083816073070165
    epoch 51: loss 0.5515009776634329, minutes 3.5, val_ap 0.505612546928836
    epoch 52: loss 0.5509320685092141, minutes 3.56, val_ap 0.494411405538294
    epoch 53: loss 0.5558060710921007, minutes 3.63, val_ap 0.4956443570944809
    epoch 54: loss 0.5455027578508153, minutes 3.7, val_ap 0.5075660152584435
    epoch 55: loss 0.5514961060355691, minutes 3.77, val_ap 0.5013296394624416
    epoch 56: loss 0.5357632717665504, minutes 3.84, val_ap 0.5000532068649932
    epoch 57: loss 0.5366919478949379, minutes 3.9, val_ap 0.5073216055315661
    epoch 58: loss 0.5338076486307032, minutes 3.97, val_ap 0.5080903876088582
    epoch 59: loss 0.5354738707051557, minutes 4.05, val_ap 0.5033507748283063
    epoch 60: loss 0.5399235935772166, minutes 4.12, val_ap 0.5091923806824373
    epoch 61: loss 0.5372389186831081, minutes 4.19, val_ap 0.5107204034973556
    epoch 62: loss 0.5272081424208248, minutes 4.27, val_ap 0.5136475391090382
    epoch 63: loss 0.5308956947396783, minutes 4.35, val_ap 0.5071903428243947
    epoch 64: loss 0.5232863471788518, minutes 4.42, val_ap 0.5083431885972506
    epoch 65: loss 0.5339146454544629, minutes 4.49, val_ap 0.5041608358146589
    epoch 66: loss 0.5386645089177524, minutes 4.56, val_ap 0.5188093754704982
    epoch 67: loss 0.5179089039564133, minutes 4.63, val_ap 0.507549347279416
    epoch 68: loss 0.5291100196102086, minutes 4.7, val_ap 0.5184919309299615
    epoch 69: loss 0.515559114778743, minutes 4.77, val_ap 0.5231231200455756
    epoch 70: loss 0.5237011795534807, minutes 4.83, val_ap 0.5084154915020747
    epoch 71: loss 0.51444603178431, minutes 4.91, val_ap 0.49656141426553674
    epoch 72: loss 0.5149080180069979, minutes 4.98, val_ap 0.5102219523938718
    epoch 73: loss 0.5225890976541182, minutes 5.05, val_ap 0.4999713090603157
    epoch 74: loss 0.5122970251476063, minutes 5.12, val_ap 0.52034883257984
    epoch 75: loss 0.5327805289450813, minutes 5.19, val_ap 0.5082266936504966
    epoch 76: loss 0.5123927886871731, minutes 5.26, val_ap 0.5020970166266507
    epoch 77: loss 0.4995403533472734, minutes 5.33, val_ap 0.5079890513745635
    epoch 78: loss 0.5035177450846223, minutes 5.41, val_ap 0.5074516508194284
    epoch 79: loss 0.5024088671978783, minutes 5.48, val_ap 0.4901970465017949
    epoch 80: loss 0.5150359714732451, minutes 5.55, val_ap 0.507965012919936
    epoch 81: loss 0.5071609872228959, minutes 5.62, val_ap 0.49874566370436185
    epoch 82: loss 0.49602559375412325, minutes 5.69, val_ap 0.5022861066909534
    epoch 83: loss 0.5056027720956241, minutes 5.76, val_ap 0.48686101950377914
    epoch 84: loss 0.49882610808400546, minutes 5.83, val_ap 0.4987181654222926
    epoch 85: loss 0.49683640511596905, minutes 5.91, val_ap 0.496086331613902
    epoch 86: loss 0.47572388666517595, minutes 5.98, val_ap 0.5168414095636971
    epoch 87: loss 0.49854461743551143, minutes 6.05, val_ap 0.5017834371631176
    epoch 88: loss 0.49596439512336954, minutes 6.12, val_ap 0.5063335026832052
    epoch 89: loss 0.4911875291782267, minutes 6.19, val_ap 0.5016559911272545
    epoch 90: loss 0.48671060730429255, minutes 6.26, val_ap 0.5134718550204488
    epoch 91: loss 0.481710553519866, minutes 6.33, val_ap 0.490231225697821
    epoch 92: loss 0.48545039594173434, minutes 6.41, val_ap 0.49646866923273375
    epoch 93: loss 0.49042913948788364, minutes 6.5, val_ap 0.5057232838608664
    epoch 94: loss 0.49722830705782944, minutes 6.55, val_ap 0.5060773477236096
    epoch 95: loss 0.492099029526991, minutes 6.61, val_ap 0.5022565698417996
    epoch 96: loss 0.4720791996401899, minutes 6.66, val_ap 0.5175137087382327
    epoch 97: loss 0.4898779429057065, minutes 6.72, val_ap 0.5097295832564137
    epoch 98: loss 0.46672800349838595, minutes 6.78, val_ap 0.48612013859551906
    epoch 99: loss 0.49792994734118967, minutes 6.84, val_ap 0.5007302132821307
    epoch 100: loss 0.46726597144323234, minutes 6.89, val_ap 0.49679061896063725
    epoch 101: loss 0.4716915943166789, minutes 6.95, val_ap 0.5003349629421241
    epoch 102: loss 0.4785812424386249, minutes 7.01, val_ap 0.5067087641298176
    epoch 103: loss 0.46521109588005966, minutes 7.06, val_ap 0.5169402702817079
    epoch 104: loss 0.48259451713632134, minutes 7.12, val_ap 0.5240882472623891
    epoch 105: loss 0.4693989575785749, minutes 7.19, val_ap 0.5213355342565961
    epoch 106: loss 0.474017856927479, minutes 7.26, val_ap 0.521433493235308
    epoch 107: loss 0.47247973698026996, minutes 7.33, val_ap 0.5044461965215846
    epoch 108: loss 0.458206528162255, minutes 7.41, val_ap 0.5173799428140997
    epoch 109: loss 0.4637014898307183, minutes 7.48, val_ap 0.5004123410231847
    epoch 110: loss 0.4617857507046531, minutes 7.55, val_ap 0.4882320542107835
    epoch 111: loss 0.4580397045787643, minutes 7.62, val_ap 0.4826149129156191
    epoch 112: loss 0.463718843460083, minutes 7.69, val_ap 0.5204077359855128
    epoch 113: loss 0.4632895885144963, minutes 7.76, val_ap 0.49200581135623195
    epoch 114: loss 0.4691757470369339, minutes 7.84, val_ap 0.5123070013284539
    epoch 115: loss 0.4617938834078172, minutes 7.91, val_ap 0.5202417593976596
    epoch 116: loss 0.45211886588264916, minutes 7.99, val_ap 0.5087945403462678
    epoch 117: loss 0.4341435084740321, minutes 8.0, val_ap 0.5002765480471713
  trained (487s); embedding
  saved 32-dim vectors -> C:\Users\Siah Jin Thau\OneDrive\Desktop\Work\Sem 1 AY2627\DSA4262\.cache\representation\deepset_nokmer\fold0.npz (8.2 min)
[deepset_nokmer fold 1] 121,838 sites: encoder 44,036 (+3,728 val), probe 48,151, held out 25,923  (0s)
  17,025 parameters; reads standardised (4s)
    epoch 1: loss 1.0399382664805892, minutes 0.06, val_ap 0.37906013519630727
    epoch 2: loss 0.8362620750259113, minutes 0.14, val_ap 0.44572001313996285
    epoch 3: loss 0.7967577118405028, minutes 0.22, val_ap 0.45201323728283305
    epoch 4: loss 0.7682866510972811, minutes 0.28, val_ap 0.47417302307274006
    epoch 5: loss 0.746930017981226, minutes 0.35, val_ap 0.48465609931901815
    epoch 6: loss 0.7360737461575194, minutes 0.42, val_ap 0.4792237452998464
    epoch 7: loss 0.7316921735774575, minutes 0.49, val_ap 0.4874521748138876
    epoch 8: loss 0.7156002139080466, minutes 0.56, val_ap 0.4862611473293544
    epoch 9: loss 0.7242783933361142, minutes 0.62, val_ap 0.4908066135411392
    epoch 10: loss 0.7022501206983721, minutes 0.7, val_ap 0.49729031624639414
    epoch 11: loss 0.7007439551670427, minutes 0.77, val_ap 0.4891984891513943
    epoch 12: loss 0.6832498241366679, minutes 0.83, val_ap 0.49110178966567125
    epoch 13: loss 0.6862649181157867, minutes 0.9, val_ap 0.4932759070993357
    epoch 14: loss 0.6740953321918587, minutes 0.97, val_ap 0.5072774873159731
    epoch 15: loss 0.6770127324355131, minutes 1.04, val_ap 0.5045961860805475
    epoch 16: loss 0.66221835761401, minutes 1.12, val_ap 0.5156037977764096
    epoch 17: loss 0.6628801364430114, minutes 1.19, val_ap 0.4922067523408707
    epoch 18: loss 0.6678511576156396, minutes 1.26, val_ap 0.5169168568476405
    epoch 19: loss 0.6496446677026032, minutes 1.32, val_ap 0.5095654010822308
    epoch 20: loss 0.6606599140718493, minutes 1.39, val_ap 0.5134793055818446
    epoch 21: loss 0.6576258395448585, minutes 1.45, val_ap 0.5255017505768723
    epoch 22: loss 0.6477434006385031, minutes 1.52, val_ap 0.5304393967364914
    epoch 23: loss 0.6510659671587751, minutes 1.59, val_ap 0.5331076766086134
    epoch 24: loss 0.6344953134569818, minutes 1.65, val_ap 0.5258674618236795
    epoch 25: loss 0.6398000393299698, minutes 1.72, val_ap 0.5261822024205699
    epoch 26: loss 0.6326036012241606, minutes 1.79, val_ap 0.5313038237503686
    epoch 27: loss 0.6266283025975862, minutes 1.85, val_ap 0.5266148844702945
    epoch 28: loss 0.62720354805792, minutes 1.92, val_ap 0.5173637083983089
    epoch 29: loss 0.6256611719296846, minutes 1.98, val_ap 0.5319156746771155
    epoch 30: loss 0.6293607018241992, minutes 2.05, val_ap 0.5312157222842646
    epoch 31: loss 0.6263683269478683, minutes 2.12, val_ap 0.5361363975242072
    epoch 32: loss 0.6078800801941425, minutes 2.18, val_ap 0.5275389454417921
    epoch 33: loss 0.6360684962286426, minutes 2.26, val_ap 0.5357040357791474
    epoch 34: loss 0.7362136165530695, minutes 2.32, val_ap 0.5140595312834068
    epoch 35: loss 0.7589704771606909, minutes 2.39, val_ap 0.5303317350409319
    epoch 36: loss 0.6448265827460096, minutes 2.46, val_ap 0.5453119883497464
    epoch 37: loss 0.6294577121734619, minutes 2.52, val_ap 0.5327536264646093
    epoch 38: loss 0.6248921571094865, minutes 2.59, val_ap 0.5295828195986613
    epoch 39: loss 0.6280617910313468, minutes 2.65, val_ap 0.5420099544559973
    epoch 40: loss 0.6300145015551176, minutes 2.72, val_ap 0.5393955097325951
    epoch 41: loss 0.6134602718615119, minutes 2.79, val_ap 0.5446540824336339
    epoch 42: loss 0.6173602973105591, minutes 2.86, val_ap 0.5312789868514087
    epoch 43: loss 0.5937085268814439, minutes 2.92, val_ap 0.5349367865737201
    epoch 44: loss 0.595955991676088, minutes 2.99, val_ap 0.5358672072199653
    epoch 45: loss 0.5901384612039334, minutes 3.07, val_ap 0.5328694258897474
    epoch 46: loss 0.5920185663796573, minutes 3.14, val_ap 0.5334243489942014
    epoch 47: loss 0.5969771024464183, minutes 3.22, val_ap 0.5387796393104334
    epoch 48: loss 0.6043800137118797, minutes 3.28, val_ap 0.5547007578313022
    epoch 49: loss 0.6176273541987976, minutes 3.34, val_ap 0.5347701585776073
    epoch 50: loss 0.655747634137986, minutes 3.41, val_ap 0.522789249528674
    epoch 51: loss 0.602804367941928, minutes 3.48, val_ap 0.5382455297299344
    epoch 52: loss 0.5957033150113387, minutes 3.54, val_ap 0.5408482342760892
    epoch 53: loss 0.5858045359911946, minutes 3.61, val_ap 0.5527305142094997
    epoch 54: loss 0.5840611156356128, minutes 3.68, val_ap 0.540119607615397
    epoch 55: loss 0.5998437375347049, minutes 3.75, val_ap 0.5492605447107327
    epoch 56: loss 0.5938756192006127, minutes 3.82, val_ap 0.5452038602298597
    epoch 57: loss 0.5655568264467867, minutes 3.89, val_ap 0.5482431666808876
    epoch 58: loss 0.5699039136054199, minutes 3.95, val_ap 0.5419951973697361
    epoch 59: loss 0.5674270269154125, minutes 4.02, val_ap 0.5456415971667967
    epoch 60: loss 0.5667455392765861, minutes 4.09, val_ap 0.542629273524936
    epoch 61: loss 0.5669415599176649, minutes 4.16, val_ap 0.5392376236571127
    epoch 62: loss 0.5686615144758556, minutes 4.23, val_ap 0.5441899350234695
    epoch 63: loss 0.5557605566489214, minutes 4.29, val_ap 0.5552368273039843
    epoch 64: loss 0.5589630786394109, minutes 4.36, val_ap 0.5546424735229464
    epoch 65: loss 0.5769017700515041, minutes 4.43, val_ap 0.5512311616581974
    epoch 66: loss 0.6423853132766106, minutes 4.5, val_ap 0.5279603332941808
    epoch 67: loss 0.5849680678348321, minutes 4.57, val_ap 0.5469209983094556
    epoch 68: loss 0.5600960092737496, minutes 4.63, val_ap 0.539402816338861
    epoch 69: loss 0.5520099973402961, minutes 4.7, val_ap 0.5545049822141268
    epoch 70: loss 0.5559858121623883, minutes 4.77, val_ap 0.5527125980896258
    epoch 71: loss 0.5488142798401717, minutes 4.84, val_ap 0.5458490878163513
    epoch 72: loss 0.5458145081307847, minutes 4.9, val_ap 0.5533866669997388
    epoch 73: loss 0.5677508836709007, minutes 4.98, val_ap 0.5480762450159399
    epoch 74: loss 0.5523439402869671, minutes 5.05, val_ap 0.5390211453413001
    epoch 75: loss 0.5562636884995279, minutes 5.12, val_ap 0.5483013758842638
    epoch 76: loss 0.5494192452789042, minutes 5.21, val_ap 0.5373704907801926
    epoch 77: loss 0.626587947496789, minutes 5.29, val_ap 0.550298290342861
    epoch 78: loss 0.5598141054886614, minutes 5.36, val_ap 0.5411403848325066
    epoch 79: loss 0.5386956162707655, minutes 5.43, val_ap 0.5461016836975873
    epoch 80: loss 0.5409896180808889, minutes 5.5, val_ap 0.5251518268151888
    epoch 81: loss 0.5268437208640093, minutes 5.56, val_ap 0.5595261045028264
    epoch 82: loss 0.518410492666884, minutes 5.64, val_ap 0.5393520154845767
    epoch 83: loss 0.5337842300620382, minutes 5.7, val_ap 0.5535781907429599
    epoch 84: loss 0.5473758841008809, minutes 5.78, val_ap 0.5603018750439311
    epoch 85: loss 0.5162228690406491, minutes 5.85, val_ap 0.5370319950976357
    epoch 86: loss 0.5174718869559337, minutes 5.92, val_ap 0.542310438580448
    epoch 87: loss 0.5261021178926346, minutes 5.99, val_ap 0.5528934550161521
    epoch 88: loss 0.5311660420343366, minutes 6.06, val_ap 0.5403269452285818
    epoch 89: loss 0.5153610552149701, minutes 6.14, val_ap 0.5495257283825933
    epoch 90: loss 0.5045592409337876, minutes 6.21, val_ap 0.5555489128323996
    epoch 91: loss 0.5253752126342299, minutes 6.28, val_ap 0.5464805062908902
    epoch 92: loss 0.5144826298676475, minutes 6.34, val_ap 0.5278330495163589
    epoch 93: loss 0.5213413751883313, minutes 6.41, val_ap 0.5436759559240913
    epoch 94: loss 0.5262533018871539, minutes 6.48, val_ap 0.5371643592894059
    epoch 95: loss 0.5062119997822481, minutes 6.54, val_ap 0.5371276292587693
    epoch 96: loss 0.5705432647225485, minutes 6.61, val_ap 0.5379720121833724
    epoch 97: loss 0.5968521895436193, minutes 6.68, val_ap 0.5394237936589117
    epoch 98: loss 0.5468734713820363, minutes 6.75, val_ap 0.5261080182050895
    epoch 99: loss 0.5381954343332721, minutes 6.82, val_ap 0.5263609178230314
    epoch 100: loss 0.5113766785990985, minutes 6.89, val_ap 0.5358873947803808
    epoch 101: loss 0.5023428496253284, minutes 6.95, val_ap 0.5335752649231704
    epoch 102: loss 0.5047994945951969, minutes 7.03, val_ap 0.5501858495496202
    epoch 103: loss 0.511052059300373, minutes 7.1, val_ap 0.533870893293237
    epoch 104: loss 0.5130866891731417, minutes 7.18, val_ap 0.5477313512143782
    epoch 105: loss 0.5055740718552143, minutes 7.24, val_ap 0.5448350929654135
    epoch 106: loss 0.5052152959511459, minutes 7.29, val_ap 0.5395752673683302
    epoch 107: loss 0.49169149546953983, minutes 7.34, val_ap 0.54664200537563
    epoch 108: loss 0.49820736257327086, minutes 7.39, val_ap 0.5415990999486254
    epoch 109: loss 0.47835766709264305, minutes 7.45, val_ap 0.5388102125741182
    epoch 110: loss 0.4926752669446041, minutes 7.5, val_ap 0.5260319843588513
    epoch 111: loss 0.4902132792624435, minutes 7.56, val_ap 0.5438439594236656
    epoch 112: loss 0.4808414535370865, minutes 7.61, val_ap 0.530613140227949
    epoch 113: loss 0.48875004518238796, minutes 7.66, val_ap 0.5203266714217175
    epoch 114: loss 0.49244170864193426, minutes 7.72, val_ap 0.5586439769322689
    epoch 115: loss 0.48449078736277673, minutes 7.77, val_ap 0.5265426120067149
    epoch 116: loss 0.5087576627386787, minutes 7.82, val_ap 0.5368790409441468
    epoch 117: loss 0.47107351704829004, minutes 7.89, val_ap 0.5175617462296803
    epoch 118: loss 0.48155422112500734, minutes 7.96, val_ap 0.5431925125794164
    epoch 119: loss 0.47969041128711004, minutes 8.0, val_ap 0.5286336791881512
  trained (484s); embedding
  saved 32-dim vectors -> C:\Users\Siah Jin Thau\OneDrive\Desktop\Work\Sem 1 AY2627\DSA4262\.cache\representation\deepset_nokmer\fold1.npz (8.16 min)
[deepset_nokmer fold 2] 121,838 sites: encoder 44,002 (+4,528 val), probe 49,914, held out 23,394  (0s)
  17,025 parameters; reads standardised (3s)
    epoch 1: loss 1.0543765214293501, minutes 0.06, val_ap 0.3289481294778944
    epoch 2: loss 0.8536421582102776, minutes 0.14, val_ap 0.40059379426856934
    epoch 3: loss 0.8090405178277992, minutes 0.21, val_ap 0.42283903498477393
    epoch 4: loss 0.7708801010320353, minutes 0.28, val_ap 0.4509159810229546
    epoch 5: loss 0.744043018408986, minutes 0.35, val_ap 0.46909651445937023
    epoch 6: loss 0.7176833130245985, minutes 0.41, val_ap 0.4592744514094902
    epoch 7: loss 0.7162008890232374, minutes 0.48, val_ap 0.4626780503046214
    epoch 8: loss 0.7102669983409172, minutes 0.55, val_ap 0.4808124227700208
    epoch 9: loss 0.7014171228159306, minutes 0.62, val_ap 0.494394349655238
    epoch 10: loss 0.6946961048037507, minutes 0.69, val_ap 0.49420335302683016
    epoch 11: loss 0.6902590149710345, minutes 0.76, val_ap 0.4927961854938333
    epoch 12: loss 0.6738387994294943, minutes 0.83, val_ap 0.49970960270105386
    epoch 13: loss 0.6748056792935659, minutes 0.9, val_ap 0.48548235445228755
    epoch 14: loss 0.6712011530302292, minutes 0.97, val_ap 0.49380293003785747
    epoch 15: loss 0.6582734361290932, minutes 1.04, val_ap 0.49806429943670616
    epoch 16: loss 0.665886985701184, minutes 1.11, val_ap 0.49529375414124244
    epoch 17: loss 0.6576090727088063, minutes 1.18, val_ap 0.4968666649404319
    epoch 18: loss 0.6476457635330599, minutes 1.25, val_ap 0.5045454375313366
    epoch 19: loss 0.6506883160665978, minutes 1.32, val_ap 0.5053871407043286
    epoch 20: loss 0.6401401129226352, minutes 1.39, val_ap 0.5013613502557487
    epoch 21: loss 0.6425632449776627, minutes 1.46, val_ap 0.5052914884534446
    epoch 22: loss 0.6397910301768502, minutes 1.53, val_ap 0.5035046917226027
    epoch 23: loss 0.6427624291458796, minutes 1.6, val_ap 0.5039064552473844
    epoch 24: loss 0.6284436982038409, minutes 1.67, val_ap 0.49988169236741026
    epoch 25: loss 0.6255082650933155, minutes 1.74, val_ap 0.5064685765129282
    epoch 26: loss 0.6162130394300749, minutes 1.81, val_ap 0.5126846756756896
    epoch 27: loss 0.6162022002214609, minutes 1.87, val_ap 0.5128038275843916
    epoch 28: loss 0.6222186093760091, minutes 1.94, val_ap 0.5179851827210272
    epoch 29: loss 0.6232217668100845, minutes 2.03, val_ap 0.5243824785840163
    epoch 30: loss 0.6152140543211339, minutes 2.1, val_ap 0.5137389380425951
    epoch 31: loss 0.6138938667122708, minutes 2.17, val_ap 0.5015316801585773
    epoch 32: loss 0.615770214865374, minutes 2.24, val_ap 0.5125890600827558
    epoch 33: loss 0.6084462215387544, minutes 2.31, val_ap 0.5140413714228759
    epoch 34: loss 0.6033208881353223, minutes 2.37, val_ap 0.5159344693742106
    epoch 35: loss 0.5975226356193076, minutes 2.44, val_ap 0.5279759218586254
    epoch 36: loss 0.5949156573692034, minutes 2.51, val_ap 0.5263178209053929
    epoch 37: loss 0.6102726060983746, minutes 2.58, val_ap 0.5192722367330994
    epoch 38: loss 0.6032982816876367, minutes 2.65, val_ap 0.5222756578086766
    epoch 39: loss 0.5989480957735417, minutes 2.73, val_ap 0.5260377363771309
    epoch 40: loss 0.5956391655775004, minutes 2.8, val_ap 0.5117209307018346
    epoch 41: loss 0.5824458772359893, minutes 2.87, val_ap 0.5218125393922954
    epoch 42: loss 0.5981168521698131, minutes 2.95, val_ap 0.5046550472206676
    epoch 43: loss 0.5750430008006651, minutes 3.03, val_ap 0.5184552435406492
    epoch 44: loss 0.5965225284182748, minutes 3.09, val_ap 0.5329309677045745
    epoch 45: loss 0.5707962596139242, minutes 3.17, val_ap 0.5229270254591788
    epoch 46: loss 0.569819473423237, minutes 3.24, val_ap 0.5344285271678475
    epoch 47: loss 0.5731909309708795, minutes 3.31, val_ap 0.5185126749777185
    epoch 48: loss 0.5781268017409846, minutes 3.37, val_ap 0.5235832498884722
    epoch 49: loss 0.5591314135249271, minutes 3.44, val_ap 0.5305259904103572
    epoch 50: loss 0.5766305613309838, minutes 3.51, val_ap 0.5285128249429887
    epoch 51: loss 0.5629828157293242, minutes 3.58, val_ap 0.5337102404245678
    epoch 52: loss 0.5589093539084113, minutes 3.65, val_ap 0.5268745637405544
    epoch 53: loss 0.5709651083100674, minutes 3.72, val_ap 0.5298876391995542
    epoch 54: loss 0.5650194332350132, minutes 3.81, val_ap 0.5314491180264784
    epoch 55: loss 0.5540843328764272, minutes 3.9, val_ap 0.5397014569977816
    epoch 56: loss 0.5512689903898295, minutes 4.0, val_ap 0.5359336770999045
    epoch 57: loss 0.5566337644014248, minutes 4.07, val_ap 0.510042952413757
    epoch 58: loss 0.5572970415963683, minutes 4.14, val_ap 0.5442222288704792
    epoch 59: loss 0.5423388426560302, minutes 4.21, val_ap 0.5403303721882393
    epoch 60: loss 0.5494743966779043, minutes 4.28, val_ap 0.5435542288268527
    epoch 61: loss 0.534417831273966, minutes 4.35, val_ap 0.5310739037405285
    epoch 62: loss 0.5426873360262361, minutes 4.42, val_ap 0.5459879993911492
    epoch 63: loss 0.5494681345515473, minutes 4.5, val_ap 0.5344546568147744
    epoch 64: loss 0.5357599289611329, minutes 4.57, val_ap 0.546473631049218
    epoch 65: loss 0.5376960526025573, minutes 4.64, val_ap 0.5419907157770472
    epoch 66: loss 0.5424135429568069, minutes 4.71, val_ap 0.5479701025714717
    epoch 67: loss 0.5514473207294941, minutes 4.79, val_ap 0.5497256511633908
    epoch 68: loss 0.5342314274505128, minutes 4.86, val_ap 0.5473661271327627
    epoch 69: loss 0.5232584542313288, minutes 4.95, val_ap 0.5404638816996676
    epoch 70: loss 0.538424025181421, minutes 5.03, val_ap 0.5360375072324213
    epoch 71: loss 0.5316213118128998, minutes 5.11, val_ap 0.5271775624353894
    epoch 72: loss 0.5277928323593251, minutes 5.19, val_ap 0.5388044789406872
    epoch 73: loss 0.5278470897397329, minutes 5.26, val_ap 0.527534049513344
    epoch 74: loss 0.5281257622463759, minutes 5.34, val_ap 0.5369437187496973
    epoch 75: loss 0.5177415467278902, minutes 5.42, val_ap 0.5347529836460957
    epoch 76: loss 0.519184394111467, minutes 5.5, val_ap 0.5330251733932942
    epoch 77: loss 0.4972297808285369, minutes 5.58, val_ap 0.5169959476190835
    epoch 78: loss 0.5199916730093401, minutes 5.66, val_ap 0.5305454855336563
    epoch 79: loss 0.5285299484466397, minutes 5.74, val_ap 0.5414366080171412
    epoch 80: loss 0.4992773527669352, minutes 5.83, val_ap 0.524635940701799
    epoch 81: loss 0.5320886462753596, minutes 5.91, val_ap 0.5352142822289566
    epoch 82: loss 0.5207516783198645, minutes 6.0, val_ap 0.535109118464518
    epoch 83: loss 0.503223006202038, minutes 6.08, val_ap 0.5249145186533186
    epoch 84: loss 0.5035980548276457, minutes 6.17, val_ap 0.5279809309402927
    epoch 85: loss 0.5091336078422014, minutes 6.24, val_ap 0.5321507940737252
    epoch 86: loss 0.5078941867795101, minutes 6.31, val_ap 0.5390245771806634
    epoch 87: loss 0.4870382390569809, minutes 6.38, val_ap 0.5437206327508042
    epoch 88: loss 0.4839565507027992, minutes 6.46, val_ap 0.5203946976184449
    epoch 89: loss 0.5026175922086072, minutes 6.53, val_ap 0.5201259254583508
    epoch 90: loss 0.5108790506803712, minutes 6.6, val_ap 0.5454392231277796
    epoch 91: loss 0.4991366038488787, minutes 6.67, val_ap 0.5441435154723016
    epoch 92: loss 0.4908443837491579, minutes 6.76, val_ap 0.5558259297835761
    epoch 93: loss 0.4985260515538759, minutes 6.83, val_ap 0.5409234655532935
    epoch 94: loss 0.5033273919550485, minutes 6.9, val_ap 0.5307691486854859
    epoch 95: loss 0.47926997843869895, minutes 6.99, val_ap 0.541638378885349
    epoch 96: loss 0.4872294420939545, minutes 7.07, val_ap 0.5384829684116945
    epoch 97: loss 0.48808062934251717, minutes 7.15, val_ap 0.5601652956201402
    epoch 98: loss 0.48444248657933503, minutes 7.22, val_ap 0.5381017801714997
    epoch 99: loss 0.4850860527435014, minutes 7.29, val_ap 0.5212777983548422
    epoch 100: loss 0.4742903624509656, minutes 7.37, val_ap 0.5349698860022404
    epoch 101: loss 0.4870454595359259, minutes 7.44, val_ap 0.541648382593363
    epoch 102: loss 0.49520153760216956, minutes 7.52, val_ap 0.5238756535213865
    epoch 103: loss 0.4914947477017724, minutes 7.59, val_ap 0.5284702119569075
    epoch 104: loss 0.4739799550626167, minutes 7.66, val_ap 0.5430852236056959
    epoch 105: loss 0.4832690384152324, minutes 7.74, val_ap 0.5423186148786586
    epoch 106: loss 0.4936020481725072, minutes 7.83, val_ap 0.5432013510025965
    epoch 107: loss 0.47409808089913325, minutes 7.93, val_ap 0.5346629930129214
    epoch 108: loss 0.48019093408513425, minutes 8.0, val_ap 0.5404568162083006
  trained (484s); embedding
  saved 32-dim vectors -> C:\Users\Siah Jin Thau\OneDrive\Desktop\Work\Sem 1 AY2627\DSA4262\.cache\representation\deepset_nokmer\fold2.npz (8.15 min)
[deepset_nokmer fold 3] 121,838 sites: encoder 43,333 (+4,119 val), probe 50,267, held out 24,119  (0s)
  17,025 parameters; reads standardised (3s)
    epoch 1: loss 1.0697642284281113, minutes 0.05, val_ap 0.3748805843520502
    epoch 2: loss 0.8487701833248138, minutes 0.11, val_ap 0.4742633838135022
    epoch 3: loss 0.7963531888583127, minutes 0.16, val_ap 0.4671441908566343
    epoch 4: loss 0.7624836010091445, minutes 0.22, val_ap 0.46598442845507887
    epoch 5: loss 0.7452824075432385, minutes 0.27, val_ap 0.4687942726282448
    epoch 6: loss 0.721603990652982, minutes 0.32, val_ap 0.4799439864468721
    epoch 7: loss 0.7139996018479852, minutes 0.37, val_ap 0.4861612014290186
    epoch 8: loss 0.7146315918249242, minutes 0.43, val_ap 0.48685369802072254
    epoch 9: loss 0.703397753308801, minutes 0.48, val_ap 0.4933100313552381
    epoch 10: loss 0.7001389012617223, minutes 0.54, val_ap 0.4879997494195488
    epoch 11: loss 0.6881250903886907, minutes 0.6, val_ap 0.4881361383904928
    epoch 12: loss 0.6824384061729207, minutes 0.68, val_ap 0.49252440668890907
    epoch 13: loss 0.6718934399240157, minutes 0.76, val_ap 0.5006435613315612
    epoch 14: loss 0.6838986673775841, minutes 0.82, val_ap 0.5046145974257297
    epoch 15: loss 0.6726673844982596, minutes 0.89, val_ap 0.5121727078937999
    epoch 16: loss 0.6551728206522325, minutes 0.97, val_ap 0.4825429392530265
    epoch 17: loss 0.6547378149102716, minutes 1.06, val_ap 0.4987921392485638
    epoch 18: loss 0.6546822002705406, minutes 1.14, val_ap 0.5133448177509693
    epoch 19: loss 0.6535218705149258, minutes 1.23, val_ap 0.5213752554127818
    epoch 20: loss 0.6498671574627652, minutes 1.31, val_ap 0.4973831611396696
    epoch 21: loss 0.6275247028645348, minutes 1.37, val_ap 0.5168698394158906
    epoch 22: loss 0.6420500834198559, minutes 1.43, val_ap 0.5098797828407176
    epoch 23: loss 0.6291473669164321, minutes 1.51, val_ap 0.5149282952081708
    epoch 24: loss 0.6405090140945772, minutes 1.61, val_ap 0.5125633652575599
    epoch 25: loss 0.6269660025835038, minutes 1.67, val_ap 0.5183778144597976
    epoch 26: loss 0.6250465475461062, minutes 1.73, val_ap 0.5248463886511556
    epoch 27: loss 0.6311474670382107, minutes 1.79, val_ap 0.5295570287908185
    epoch 28: loss 0.6167201680295608, minutes 1.87, val_ap 0.5282937266147241
    epoch 29: loss 0.6125586825258592, minutes 1.95, val_ap 0.5271392531665683
    epoch 30: loss 0.6073790182962137, minutes 2.03, val_ap 0.5234676162066866
    epoch 31: loss 0.6259079039096832, minutes 2.1, val_ap 0.5359741729149952
    epoch 32: loss 0.6068146335728029, minutes 2.15, val_ap 0.5361606715427397
    epoch 33: loss 0.6024616178344278, minutes 2.21, val_ap 0.5265880900967321
    epoch 34: loss 0.6013801136437584, minutes 2.28, val_ap 0.5341515058955553
    epoch 35: loss 0.5945123725077686, minutes 2.37, val_ap 0.5344759744164541
    epoch 36: loss 0.6110361528747222, minutes 2.43, val_ap 0.5359062450385679
    epoch 37: loss 0.5911793880602892, minutes 2.5, val_ap 0.547417724735344
    epoch 38: loss 0.600656643334557, minutes 2.57, val_ap 0.5405601473069246
    epoch 39: loss 0.5883837033720577, minutes 2.65, val_ap 0.5354447057890418
    epoch 40: loss 0.5933949235607596, minutes 2.73, val_ap 0.5346639279541405
    epoch 41: loss 0.5957380091442781, minutes 2.81, val_ap 0.5350044376307184
    epoch 42: loss 0.574951675884864, minutes 2.87, val_ap 0.560667324232239
    epoch 43: loss 0.597030589335105, minutes 2.93, val_ap 0.5431456965638175
    epoch 44: loss 0.5866516619920731, minutes 2.99, val_ap 0.5423441375551843
    epoch 45: loss 0.5927863969522364, minutes 3.08, val_ap 0.5393488224435574
    epoch 46: loss 0.5803563078536706, minutes 3.15, val_ap 0.5457096219628511
    epoch 47: loss 0.5721135549685534, minutes 3.21, val_ap 0.5560833259209729
    epoch 48: loss 0.5699476079029195, minutes 3.27, val_ap 0.5622747824581528
    epoch 49: loss 0.5801105392329833, minutes 3.36, val_ap 0.5533491536756991
    epoch 50: loss 0.5615059191689772, minutes 3.44, val_ap 0.5584789263493719
    epoch 51: loss 0.5640083469012205, minutes 3.52, val_ap 0.5657384494718629
    epoch 52: loss 0.5661043111015769, minutes 3.6, val_ap 0.5487844216567114
    epoch 53: loss 0.5616492804358987, minutes 3.65, val_ap 0.5403088843084023
    epoch 54: loss 0.5625460896421881, minutes 3.7, val_ap 0.562937274521002
    epoch 55: loss 0.5613846977843958, minutes 3.76, val_ap 0.5524428812292633
    epoch 56: loss 0.566170303874156, minutes 3.81, val_ap 0.5673853876941238
    epoch 57: loss 0.5459955907919828, minutes 3.88, val_ap 0.5743934801885661
    epoch 58: loss 0.5546572637908599, minutes 3.98, val_ap 0.5669350136423877
    epoch 59: loss 0.5430811434984207, minutes 4.05, val_ap 0.5641021206980174
    epoch 60: loss 0.5426553100347519, minutes 4.12, val_ap 0.5769039128273085
    epoch 61: loss 0.5409588541178142, minutes 4.21, val_ap 0.5526259169370391
    epoch 62: loss 0.5412992694798637, minutes 4.29, val_ap 0.5686244007572709
    epoch 63: loss 0.5497795448583715, minutes 4.37, val_ap 0.5653281397593571
    epoch 64: loss 0.5414805013467284, minutes 4.46, val_ap 0.5506247355374668
    epoch 65: loss 0.5352700288681423, minutes 4.52, val_ap 0.5603089375425232
    epoch 66: loss 0.5395817192161785, minutes 4.58, val_ap 0.5748203995624892
    epoch 67: loss 0.5516738099210402, minutes 4.63, val_ap 0.5694112795248473
    epoch 68: loss 0.5358797486214076, minutes 4.69, val_ap 0.5611851109505376
    epoch 69: loss 0.5321664846995298, minutes 4.75, val_ap 0.5536284842540351
    epoch 70: loss 0.5334756100002457, minutes 4.81, val_ap 0.5682533313989295
    epoch 71: loss 0.5256694551776437, minutes 4.88, val_ap 0.5611994633114537
    epoch 72: loss 0.5316458106917493, minutes 4.95, val_ap 0.5707880925498969
    epoch 73: loss 0.5195401264464155, minutes 5.01, val_ap 0.562832979868947
    epoch 74: loss 0.5193644047659987, minutes 5.08, val_ap 0.5549255614874516
    epoch 75: loss 0.5109243464820525, minutes 5.13, val_ap 0.5401917356937813
    epoch 76: loss 0.5295691587469157, minutes 5.19, val_ap 0.5659445172210369
    epoch 77: loss 0.5133566128856996, minutes 5.25, val_ap 0.5573927089970095
    epoch 78: loss 0.5165266775909592, minutes 5.31, val_ap 0.5567567998764983
    epoch 79: loss 0.524823967849507, minutes 5.37, val_ap 0.5637511117717814
    epoch 80: loss 0.5125924572348595, minutes 5.45, val_ap 0.5722199703108057
    epoch 81: loss 0.5088459894937627, minutes 5.54, val_ap 0.5644347008801176
    epoch 82: loss 0.5080578488462112, minutes 5.61, val_ap 0.5641635238806985
    epoch 83: loss 0.5093851592610864, minutes 5.68, val_ap 0.564463998859051
    epoch 84: loss 0.5084203828783597, minutes 5.75, val_ap 0.563736648106171
    epoch 85: loss 0.4972696016816532, minutes 5.82, val_ap 0.5604727904400656
    epoch 86: loss 0.49244687469566567, minutes 5.9, val_ap 0.5638753450021942
    epoch 87: loss 0.5069420670761782, minutes 5.97, val_ap 0.5625575360453083
    epoch 88: loss 0.4978099325123955, minutes 6.04, val_ap 0.5509287859397629
    epoch 89: loss 0.4933913485092275, minutes 6.11, val_ap 0.5654903693817663
    epoch 90: loss 0.4951550742282587, minutes 6.18, val_ap 0.5543942811728817
    epoch 91: loss 0.4960778848213308, minutes 6.25, val_ap 0.5424170827201066
    epoch 92: loss 0.4844534300705966, minutes 6.33, val_ap 0.5389250677327578
    epoch 93: loss 0.4893483857898151, minutes 6.4, val_ap 0.5631240622731218
    epoch 94: loss 0.48287144759122064, minutes 6.47, val_ap 0.5722372322555218
    epoch 95: loss 0.5088028250371709, minutes 6.54, val_ap 0.566776195796701
    epoch 96: loss 0.4847109050435178, minutes 6.62, val_ap 0.5794973585396064
    epoch 97: loss 0.49248603214235864, minutes 6.69, val_ap 0.5619065287509946
    epoch 98: loss 0.48153724170782986, minutes 6.77, val_ap 0.54365461549694
    epoch 99: loss 0.49427114015116413, minutes 6.86, val_ap 0.5615476651367245
    epoch 100: loss 0.48166435886831843, minutes 6.94, val_ap 0.5653002537437952
    epoch 101: loss 0.4856391775257447, minutes 7.02, val_ap 0.5664009143893922
    epoch 102: loss 0.4887015821302638, minutes 7.1, val_ap 0.5736404961690131
    epoch 103: loss 0.4775156447116066, minutes 7.18, val_ap 0.5639743485460423
    epoch 104: loss 0.47598789360593347, minutes 7.26, val_ap 0.5502800613823818
    epoch 105: loss 0.4676874017014223, minutes 7.35, val_ap 0.5811170775247138
    epoch 106: loss 0.4824791086070678, minutes 7.42, val_ap 0.5462249170892335
    epoch 107: loss 0.4822978915537105, minutes 7.5, val_ap 0.536310741000061
    epoch 108: loss 0.4727026763207772, minutes 7.58, val_ap 0.5626235166818231
    epoch 109: loss 0.477420654454652, minutes 7.66, val_ap 0.5762970973269582
    epoch 110: loss 0.45992155820131303, minutes 7.74, val_ap 0.5513578577205587
    epoch 111: loss 0.46701300319503336, minutes 7.82, val_ap 0.545941343031611
    epoch 112: loss 0.4780707091093063, minutes 7.9, val_ap 0.5716178140211499
    epoch 113: loss 0.4661168807569672, minutes 7.98, val_ap 0.5469655222449642
    epoch 114: loss 0.4876097800831, minutes 8.0, val_ap 0.5448789973203629
  trained (483s); embedding
  saved 32-dim vectors -> C:\Users\Siah Jin Thau\OneDrive\Desktop\Work\Sem 1 AY2627\DSA4262\.cache\representation\deepset_nokmer\fold3.npz (8.18 min)
[deepset_nokmer fold 4] 121,838 sites: encoder 44,305 (+4,170 val), probe 49,275, held out 24,088  (1s)
  17,025 parameters; reads standardised (4s)
    epoch 1: loss 1.0705888192544037, minutes 0.07, val_ap 0.33644227366074664
    epoch 2: loss 0.8564041298011253, minutes 0.14, val_ap 0.4448117339696378
    epoch 3: loss 0.7977926020307102, minutes 0.2, val_ap 0.464034539749593
    epoch 4: loss 0.7654988027509602, minutes 0.27, val_ap 0.47788270516470044
    epoch 5: loss 0.7486005079472202, minutes 0.34, val_ap 0.48116334079571754
    epoch 6: loss 0.7224461902147052, minutes 0.41, val_ap 0.48109561465700157
    epoch 7: loss 0.7093529435752453, minutes 0.48, val_ap 0.46908154537470703
    epoch 8: loss 0.704906771751656, minutes 0.55, val_ap 0.48075999247105583
    epoch 9: loss 0.6919741952556303, minutes 0.62, val_ap 0.4790400810086661
    epoch 10: loss 0.6847947726304504, minutes 0.71, val_ap 0.4743477386896565
    epoch 11: loss 0.6999541409741873, minutes 0.78, val_ap 0.48732081133715677
    epoch 12: loss 0.6957622776771414, minutes 0.85, val_ap 0.47834198236425807
    epoch 13: loss 0.6874094346816513, minutes 0.92, val_ap 0.48170934583301644
    epoch 14: loss 0.6692788004875183, minutes 0.99, val_ap 0.4893791817104228
    epoch 15: loss 0.6743015540742326, minutes 1.06, val_ap 0.4892248408226526
    epoch 16: loss 0.6585011867613628, minutes 1.13, val_ap 0.4935430094968482
    epoch 17: loss 0.656350766961602, minutes 1.2, val_ap 0.4873525307031674
    epoch 18: loss 0.6649839043959804, minutes 1.27, val_ap 0.48366062066308935
    epoch 19: loss 0.6398711756043051, minutes 1.34, val_ap 0.48602518223269714
    epoch 20: loss 0.6554506265226452, minutes 1.42, val_ap 0.49015614965407794
    epoch 21: loss 0.6419173963796133, minutes 1.49, val_ap 0.49204722655225763
    epoch 22: loss 0.6337819363193951, minutes 1.57, val_ap 0.4896398494824496
    epoch 23: loss 0.6453872526856674, minutes 1.65, val_ap 0.5020775634595537
    epoch 24: loss 0.6343397833835119, minutes 1.72, val_ap 0.49783709568623913
    epoch 25: loss 0.6382776560454533, minutes 1.79, val_ap 0.5116822361749279
    epoch 26: loss 0.6357691034503367, minutes 1.86, val_ap 0.5022629649844002
    epoch 27: loss 0.6347424226930771, minutes 1.94, val_ap 0.5137768632732094
    epoch 28: loss 0.6256909343017929, minutes 2.01, val_ap 0.5112930594460325
    epoch 29: loss 0.6328996753898161, minutes 2.08, val_ap 0.5057336503978351
    epoch 30: loss 0.636173717249399, minutes 2.15, val_ap 0.5218588274233582
    epoch 31: loss 0.6249808136416578, minutes 2.22, val_ap 0.5127990982191519
    epoch 32: loss 0.6201257846136202, minutes 2.29, val_ap 0.5193732942106254
    epoch 33: loss 0.6460884160351479, minutes 2.36, val_ap 0.5208178313192389
    epoch 34: loss 0.6378871358331593, minutes 2.43, val_ap 0.5213155591887702
    epoch 35: loss 0.6148539617143828, minutes 2.51, val_ap 0.5173666046331344
    epoch 36: loss 0.6082005129120815, minutes 2.58, val_ap 0.5218773456061874
    epoch 37: loss 0.6097012191325769, minutes 2.65, val_ap 0.5211003820462646
    epoch 38: loss 0.6025034418736381, minutes 2.72, val_ap 0.5382897587214293
    epoch 39: loss 0.5981869712985796, minutes 2.79, val_ap 0.5252005202884995
    epoch 40: loss 0.6028414718892382, minutes 2.86, val_ap 0.525717368786785
    epoch 41: loss 0.5954413081722698, minutes 2.93, val_ap 0.5340493471516394
    epoch 42: loss 0.5946417815726379, minutes 3.0, val_ap 0.5398781332261143
    epoch 43: loss 0.58481976235735, minutes 3.07, val_ap 0.5431657443861294
    epoch 44: loss 0.5706147904368652, minutes 3.14, val_ap 0.5312843312899788
    epoch 45: loss 0.5750815226086254, minutes 3.21, val_ap 0.5402005484188059
    epoch 46: loss 0.5723486096523274, minutes 3.28, val_ap 0.5392540427249418
    epoch 47: loss 0.5671052614162708, minutes 3.35, val_ap 0.5413401761456388
    epoch 48: loss 0.563566642931138, minutes 3.42, val_ap 0.533061511080839
    epoch 49: loss 0.5748822572587551, minutes 3.49, val_ap 0.5183566430107392
    epoch 50: loss 0.5657791801910291, minutes 3.56, val_ap 0.5386095638475611
    epoch 51: loss 0.5766269967131231, minutes 3.63, val_ap 0.5306655962177097
    epoch 52: loss 0.5653603552230473, minutes 3.71, val_ap 0.5433147271321976
    epoch 53: loss 0.5845839514814574, minutes 3.77, val_ap 0.5416011827839192
    epoch 54: loss 0.5640279953849727, minutes 3.85, val_ap 0.5292841245501851
    epoch 55: loss 0.5539633042510899, minutes 3.92, val_ap 0.5409548376029704
    epoch 56: loss 0.5650016903534703, minutes 4.0, val_ap 0.5386403464949664
    epoch 57: loss 0.5596061249574026, minutes 4.07, val_ap 0.5357677996663526
    epoch 58: loss 0.555689302840452, minutes 4.14, val_ap 0.5367208947833174
    epoch 59: loss 0.5477223742282253, minutes 4.21, val_ap 0.5421242215152909
    epoch 60: loss 0.572357040797842, minutes 4.29, val_ap 0.5366726061669699
    epoch 61: loss 0.5643539413295943, minutes 4.36, val_ap 0.5458272284879616
    epoch 62: loss 0.6021112910118597, minutes 4.44, val_ap 0.5370525355513516
    epoch 63: loss 0.5632335875911274, minutes 4.51, val_ap 0.5305105582945049
    epoch 64: loss 0.5436638436098208, minutes 4.58, val_ap 0.5342091069101902
    epoch 65: loss 0.5404447460996693, minutes 4.65, val_ap 0.5393879992052519
    epoch 66: loss 0.5364457475042891, minutes 4.73, val_ap 0.5364407636234699
    epoch 67: loss 0.536063311600137, minutes 4.8, val_ap 0.5351186250950534
    epoch 68: loss 0.5338578040914974, minutes 4.87, val_ap 0.5404737293134624
    epoch 69: loss 0.5335603580735195, minutes 4.94, val_ap 0.5476513544110773
    epoch 70: loss 0.5428395530787008, minutes 5.02, val_ap 0.5407909030784385
    epoch 71: loss 0.5392127418997644, minutes 5.09, val_ap 0.5437820062406894
    epoch 72: loss 0.5406827648309456, minutes 5.17, val_ap 0.5546340290556695
    epoch 73: loss 0.5247009437659691, minutes 5.25, val_ap 0.5526663227636989
    epoch 74: loss 0.5274282541425749, minutes 5.34, val_ap 0.5475083677398557
    epoch 75: loss 0.5434642038468657, minutes 5.42, val_ap 0.5434534486207432
    epoch 76: loss 0.5196420979397051, minutes 5.52, val_ap 0.5463612022604039
    epoch 77: loss 0.5170142456204042, minutes 5.6, val_ap 0.5502561803389744
    epoch 78: loss 0.5287993891143251, minutes 5.69, val_ap 0.5513417618486691
    epoch 79: loss 0.5064625488273029, minutes 5.78, val_ap 0.5509269723691073
    epoch 80: loss 0.5130587990941673, minutes 5.87, val_ap 0.5559022639645607
    epoch 81: loss 0.5160775123827759, minutes 5.95, val_ap 0.5518058963054432
    epoch 82: loss 0.5044339777923178, minutes 6.03, val_ap 0.5485182319438093
    epoch 83: loss 0.5149460947034002, minutes 6.11, val_ap 0.5420499465329419
    epoch 84: loss 0.5115846762026863, minutes 6.19, val_ap 0.5610645785142188
    epoch 85: loss 0.5547166930875559, minutes 6.25, val_ap 0.5566275348463664
    epoch 86: loss 0.5096519936261505, minutes 6.3, val_ap 0.5555815106770727
    epoch 87: loss 0.5244264608655853, minutes 6.35, val_ap 0.5483514404134151
    epoch 88: loss 0.508852743811306, minutes 6.4, val_ap 0.5471729626143075
    epoch 89: loss 0.4905578603689698, minutes 6.46, val_ap 0.5522865394891238
    epoch 90: loss 0.4961005521231684, minutes 6.51, val_ap 0.5510080920921
    epoch 91: loss 0.4896924102614666, minutes 6.57, val_ap 0.5538011942446465
    epoch 92: loss 0.49287716050942737, minutes 6.63, val_ap 0.5518864883635877
    epoch 93: loss 0.4994521350011058, minutes 6.68, val_ap 0.5665472517629344
    epoch 94: loss 0.4947962160596902, minutes 6.74, val_ap 0.5487520533658048
    epoch 95: loss 0.4754199168976696, minutes 6.79, val_ap 0.5602236253787616
    epoch 96: loss 0.505427642800342, minutes 6.85, val_ap 0.5403994436314457
    epoch 97: loss 0.4892301228025864, minutes 6.91, val_ap 0.5464977987081879
    epoch 98: loss 0.48051973552196875, minutes 6.99, val_ap 0.5405733729038849
    epoch 99: loss 0.5001879704409632, minutes 7.06, val_ap 0.5547943610602757
    epoch 100: loss 0.4922565246621768, minutes 7.13, val_ap 0.5400659266396198
    epoch 101: loss 0.48873502889583853, minutes 7.2, val_ap 0.5444101700336603
    epoch 102: loss 0.5365143812250817, minutes 7.27, val_ap 0.5232823551332204
    epoch 103: loss 0.48668632545005314, minutes 7.34, val_ap 0.5405023357323644
    epoch 104: loss 0.47929528959352397, minutes 7.41, val_ap 0.5340157886730326
    epoch 105: loss 0.47177705365693434, minutes 7.47, val_ap 0.5362416804109434
    epoch 106: loss 0.4643427454705896, minutes 7.55, val_ap 0.5416616906021112
    epoch 107: loss 0.4848884952565034, minutes 7.61, val_ap 0.5446454143436656
    epoch 108: loss 0.48263739811620493, minutes 7.68, val_ap 0.5493007232844042
    epoch 109: loss 0.4777428713338128, minutes 7.75, val_ap 0.5197248749647043
    epoch 110: loss 0.47775489665653514, minutes 7.82, val_ap 0.5393456621756455
    epoch 111: loss 0.478226522861541, minutes 7.89, val_ap 0.5554348132656703
    epoch 112: loss 0.467661839278265, minutes 7.96, val_ap 0.5217318581753498
    epoch 113: loss 0.4431462738108128, minutes 8.0, val_ap 0.5344242699727273
  trained (484s); embedding
  saved 32-dim vectors -> C:\Users\Siah Jin Thau\OneDrive\Desktop\Work\Sem 1 AY2627\DSA4262\.cache\representation\deepset_nokmer\fold4.npz (8.16 min)
