
$ learn.py --model read_ae
[read_ae] data loaded (14s)
[read_ae fold 0] 121,838 sites: encoder 43,448 (+4,391 val), probe 49,685, held out 24,314  (0s)
  13,709 parameters; reads standardised (2s)
    epoch 1: loss 0.47227435085703345, minutes 0.06
    epoch 2: loss 0.19280526883461896, minutes 0.11
    epoch 3: loss 0.1606132668607375, minutes 0.17
    epoch 4: loss 0.15177519146133872, minutes 0.24
    epoch 5: loss 0.14669002277009627, minutes 0.3
    epoch 6: loss 0.14328142492210164, minutes 0.38
    epoch 7: loss 0.14067518798743978, minutes 0.45
    epoch 8: loss 0.13870475914548425, minutes 0.51
    epoch 9: loss 0.13701612660113502, minutes 0.57
    epoch 10: loss 0.13532535828211728, minutes 0.64
    epoch 11: loss 0.13351954497835217, minutes 0.72
    epoch 12: loss 0.13218960485914175, minutes 0.81
    epoch 13: loss 0.13077633499222643, minutes 0.9
    epoch 14: loss 0.1297051306156551, minutes 1.0
    epoch 15: loss 0.12885361861656694, minutes 1.11
    epoch 16: loss 0.1276517247890725, minutes 1.22
    epoch 17: loss 0.12706918839146109, minutes 1.35
    epoch 18: loss 0.12610614115701002, minutes 1.49
    epoch 19: loss 0.12542580497615477, minutes 1.62
    epoch 20: loss 0.12480319510487949, minutes 1.75
    epoch 21: loss 0.12413326348452007, minutes 1.88
    epoch 22: loss 0.123654534141807, minutes 2.02
    epoch 23: loss 0.12340291028513628, minutes 2.13
    epoch 24: loss 0.1223139185239287, minutes 2.24
    epoch 25: loss 0.12222449284266024, minutes 2.34
    epoch 26: loss 0.1214703149655286, minutes 2.44
    epoch 27: loss 0.1208555701900931, minutes 2.54
    epoch 28: loss 0.12004001083619455, minutes 2.65
    epoch 29: loss 0.11975502266603358, minutes 2.75
    epoch 30: loss 0.11887657765079947, minutes 2.86
    epoch 31: loss 0.11855827635701965, minutes 2.96
    epoch 32: loss 0.11784578815979116, minutes 3.07
    epoch 33: loss 0.11741487480261746, minutes 3.17
    epoch 34: loss 0.1171576384235831, minutes 3.28
    epoch 35: loss 0.1162528107271475, minutes 3.38
    epoch 36: loss 0.11602079118875896, minutes 3.48
    epoch 37: loss 0.11552529015085276, minutes 3.6
    epoch 38: loss 0.11505817713982919, minutes 3.7
    epoch 39: loss 0.11450543570167879, minutes 3.81
    epoch 40: loss 0.11444848771480953, minutes 3.91
    epoch 41: loss 0.11392868581940147, minutes 4.02
    epoch 42: loss 0.11375558249214117, minutes 4.12
    epoch 43: loss 0.1132113071048961, minutes 4.22
    epoch 44: loss 0.11294451798586284, minutes 4.33
    epoch 45: loss 0.11217123725835015, minutes 4.43
    epoch 46: loss 0.1117301634129356, minutes 4.53
    epoch 47: loss 0.11136011599617845, minutes 4.64
    epoch 48: loss 0.11069830344880328, minutes 4.74
    epoch 49: loss 0.11042626977843396, minutes 4.84
    epoch 50: loss 0.11000272806952982, minutes 4.95
    epoch 51: loss 0.10946171090883368, minutes 5.05
    epoch 52: loss 0.10867405489963644, minutes 5.16
    epoch 53: loss 0.10812698046074194, minutes 5.27
    epoch 54: loss 0.10779040574150926, minutes 5.38
    epoch 55: loss 0.10706726584364386, minutes 5.51
    epoch 56: loss 0.10642807461759624, minutes 5.67
    epoch 57: loss 0.10595592255978023, minutes 5.83
    epoch 58: loss 0.10528305006377837, minutes 5.98
    epoch 59: loss 0.1049550073550028, minutes 6.11
    epoch 60: loss 0.10446345718467936, minutes 6.22
    epoch 61: loss 0.10408145934343338, minutes 6.32
    epoch 62: loss 0.10334893877015394, minutes 6.42
    epoch 63: loss 0.10305778975872433, minutes 6.53
    epoch 64: loss 0.10267444318708252, minutes 6.63
    epoch 65: loss 0.10237102780271978, minutes 6.73
    epoch 66: loss 0.1021679591606645, minutes 6.84
    epoch 67: loss 0.10156339393819079, minutes 6.94
    epoch 68: loss 0.10120615599786534, minutes 7.04
    epoch 69: loss 0.10057081759852522, minutes 7.15
    epoch 70: loss 0.1002376489341259, minutes 7.25
    epoch 71: loss 0.09987780570107348, minutes 7.35
    epoch 72: loss 0.09966926618533976, minutes 7.45
    epoch 73: loss 0.09940619004123351, minutes 7.56
    epoch 74: loss 0.09906879269024906, minutes 7.67
    epoch 75: loss 0.09887506812810898, minutes 7.77
    epoch 76: loss 0.09874256586327272, minutes 7.87
    epoch 77: loss 0.0979253116337692, minutes 7.98
    epoch 78: loss 0.09889784965075944, minutes 8.0
  trained (484s); embedding
  saved 26-dim vectors -> C:\Users\Siah Jin Thau\OneDrive\Desktop\Work\Sem 1 AY2627\DSA4262\.cache\representation\read_ae\fold0.npz (8.63 min)
[read_ae fold 1] 121,838 sites: encoder 44,036 (+3,728 val), probe 48,151, held out 25,923  (0s)
  13,709 parameters; reads standardised (4s)
    epoch 1: loss 0.4555844763627631, minutes 0.1
    epoch 2: loss 0.19227039297192083, minutes 0.21
    epoch 3: loss 0.16342413968088998, minutes 0.32
    epoch 4: loss 0.15359862458843715, minutes 0.42
    epoch 5: loss 0.14798167029212664, minutes 0.53
    epoch 6: loss 0.14328612878143443, minutes 0.62
    epoch 7: loss 0.14044466102226622, minutes 0.68
    epoch 8: loss 0.13862180511730943, minutes 0.75
    epoch 9: loss 0.1363192666644995, minutes 0.82
    epoch 10: loss 0.13425198869209068, minutes 0.9
    epoch 11: loss 0.13305207264388916, minutes 0.99
    epoch 12: loss 0.13207781719679088, minutes 1.1
    epoch 13: loss 0.13023559456271244, minutes 1.21
    epoch 14: loss 0.12969784623797917, minutes 1.33
    epoch 15: loss 0.12837355403025028, minutes 1.44
    epoch 16: loss 0.12813747161730177, minutes 1.56
    epoch 17: loss 0.1272372842437959, minutes 1.67
    epoch 18: loss 0.1263206645932501, minutes 1.79
    epoch 19: loss 0.12599081580521743, minutes 1.9
    epoch 20: loss 0.12496982613912208, minutes 2.02
    epoch 21: loss 0.12452185102280854, minutes 2.13
    epoch 22: loss 0.12330519390760819, minutes 2.24
    epoch 23: loss 0.12290100507825785, minutes 2.36
    epoch 24: loss 0.12206026511212995, minutes 2.47
    epoch 25: loss 0.12147640355060556, minutes 2.58
    epoch 26: loss 0.12074542915545447, minutes 2.7
    epoch 27: loss 0.12005478303039695, minutes 2.81
    epoch 28: loss 0.11891167033786719, minutes 2.93
    epoch 29: loss 0.11811672698038851, minutes 3.04
    epoch 30: loss 0.11704701241213462, minutes 3.15
    epoch 31: loss 0.11684109339479766, minutes 3.26
    epoch 32: loss 0.11518318671194804, minutes 3.37
    epoch 33: loss 0.11422362708287433, minutes 3.52
    epoch 34: loss 0.11324499930777301, minutes 3.67
    epoch 35: loss 0.11243632526239218, minutes 3.83
    epoch 36: loss 0.11095421980915732, minutes 3.99
    epoch 37: loss 0.11001727329513242, minutes 4.14
    epoch 38: loss 0.10923898021954333, minutes 4.25
    epoch 39: loss 0.10867337029793359, minutes 4.36
    epoch 40: loss 0.10765283628006202, minutes 4.47
    epoch 41: loss 0.10731752406310484, minutes 4.58
    epoch 42: loss 0.10698660532001815, minutes 4.69
    epoch 43: loss 0.10620435568466352, minutes 4.8
    epoch 44: loss 0.10500315619858704, minutes 4.91
    epoch 45: loss 0.10476972175643623, minutes 5.02
    epoch 46: loss 0.10450678150777871, minutes 5.13
    epoch 47: loss 0.104253795019464, minutes 5.24
    epoch 48: loss 0.10365189784179533, minutes 5.35
    epoch 49: loss 0.10315619956034457, minutes 5.46
    epoch 50: loss 0.10336870506319697, minutes 5.58
    epoch 51: loss 0.102217410771833, minutes 5.69
    epoch 52: loss 0.1017320135425281, minutes 5.81
    epoch 53: loss 0.10120948175818933, minutes 5.92
    epoch 54: loss 0.10191509058709779, minutes 6.03
    epoch 55: loss 0.10026373038057647, minutes 6.14
    epoch 56: loss 0.09998071581297527, minutes 6.25
    epoch 57: loss 0.09970474131190019, minutes 6.36
    epoch 58: loss 0.09948324050345173, minutes 6.48
    epoch 59: loss 0.09931869124401511, minutes 6.59
    epoch 60: loss 0.09892544210646194, minutes 6.7
    epoch 61: loss 0.09838690380485071, minutes 6.82
    epoch 62: loss 0.09831878840061971, minutes 6.94
    epoch 63: loss 0.09764594072206861, minutes 7.11
    epoch 64: loss 0.09751470150113795, minutes 7.27
    epoch 65: loss 0.0973871958393582, minutes 7.43
    epoch 66: loss 0.09658799944929994, minutes 7.59
    epoch 67: loss 0.09639395558076098, minutes 7.7
    epoch 68: loss 0.09605968265519665, minutes 7.81
    epoch 69: loss 0.09496598871629362, minutes 7.92
    epoch 70: loss 0.09454080661920113, minutes 8.0
  trained (484s); embedding
  saved 26-dim vectors -> C:\Users\Siah Jin Thau\OneDrive\Desktop\Work\Sem 1 AY2627\DSA4262\.cache\representation\read_ae\fold1.npz (8.64 min)
[read_ae fold 2] 121,838 sites: encoder 44,002 (+4,528 val), probe 49,914, held out 23,394  (0s)
  13,709 parameters; reads standardised (3s)
    epoch 1: loss 0.48683243660732756, minutes 0.07
    epoch 2: loss 0.18094600044017614, minutes 0.13
    epoch 3: loss 0.16191151582224425, minutes 0.2
    epoch 4: loss 0.15275079921581025, minutes 0.27
    epoch 5: loss 0.14805933893766515, minutes 0.34
    epoch 6: loss 0.14410136709379595, minutes 0.41
    epoch 7: loss 0.1411314345896244, minutes 0.48
    epoch 8: loss 0.13883485844315485, minutes 0.55
    epoch 9: loss 0.13695080318423206, minutes 0.62
    epoch 10: loss 0.13473627378427705, minutes 0.7
    epoch 11: loss 0.13347778902497404, minutes 0.79
    epoch 12: loss 0.1316155118997707, minutes 0.89
    epoch 13: loss 0.1302627756931754, minutes 1.0
    epoch 14: loss 0.12973711275777153, minutes 1.11
    epoch 15: loss 0.12837648573656416, minutes 1.22
    epoch 16: loss 0.12742801508757956, minutes 1.34
    epoch 17: loss 0.12672027906532898, minutes 1.45
    epoch 18: loss 0.12556704112090344, minutes 1.56
    epoch 19: loss 0.12474973088260306, minutes 1.73
    epoch 20: loss 0.1238664910197258, minutes 1.89
    epoch 21: loss 0.12305236356549484, minutes 2.06
    epoch 22: loss 0.12221028049324834, minutes 2.22
    epoch 23: loss 0.12123116188097832, minutes 2.36
    epoch 24: loss 0.1201900107742742, minutes 2.48
    epoch 25: loss 0.11960695116499136, minutes 2.58
    epoch 26: loss 0.11898204593291116, minutes 2.69
    epoch 27: loss 0.11819381314481414, minutes 2.79
    epoch 28: loss 0.11725133332575477, minutes 2.9
    epoch 29: loss 0.11665791524357574, minutes 3.02
    epoch 30: loss 0.11568096011530521, minutes 3.14
    epoch 31: loss 0.11520941841394403, minutes 3.26
    epoch 32: loss 0.11416568897318008, minutes 3.38
    epoch 33: loss 0.11357126445617786, minutes 3.51
    epoch 34: loss 0.11260566011417744, minutes 3.64
    epoch 35: loss 0.11177830865909887, minutes 3.77
    epoch 36: loss 0.11097844265574633, minutes 3.9
    epoch 37: loss 0.11037101367012013, minutes 4.03
    epoch 38: loss 0.10962617328000623, minutes 4.16
    epoch 39: loss 0.10880594696243141, minutes 4.29
    epoch 40: loss 0.10830590059590894, minutes 4.42
    epoch 41: loss 0.1077745788145897, minutes 4.54
    epoch 42: loss 0.10740213646271894, minutes 4.66
    epoch 43: loss 0.10707525536417961, minutes 4.78
    epoch 44: loss 0.10651097732574441, minutes 4.9
    epoch 45: loss 0.10626659217442191, minutes 5.01
    epoch 46: loss 0.10565576572404352, minutes 5.13
    epoch 47: loss 0.1055114965799243, minutes 5.25
    epoch 48: loss 0.10506805781881477, minutes 5.37
    epoch 49: loss 0.10460226935182892, minutes 5.49
    epoch 50: loss 0.10449935448204362, minutes 5.61
    epoch 51: loss 0.10398184733335362, minutes 5.72
    epoch 52: loss 0.10339215943633123, minutes 5.84
    epoch 53: loss 0.10296786957701971, minutes 5.96
    epoch 54: loss 0.10262985237289307, minutes 6.08
    epoch 55: loss 0.10197692732651566, minutes 6.2
    epoch 56: loss 0.10176669511684151, minutes 6.32
    epoch 57: loss 0.10140329941587392, minutes 6.44
    epoch 58: loss 0.10109705460626026, minutes 6.56
    epoch 59: loss 0.1008199511832276, minutes 6.68
    epoch 60: loss 0.10035789831606455, minutes 6.8
    epoch 61: loss 0.09980756650830425, minutes 6.91
    epoch 62: loss 0.10003350384879944, minutes 7.04
    epoch 63: loss 0.09931671558771023, minutes 7.16
    epoch 64: loss 0.09930972620671571, minutes 7.29
    epoch 65: loss 0.0989887830043255, minutes 7.41
    epoch 66: loss 0.09861981283959954, minutes 7.53
    epoch 67: loss 0.09856207556156225, minutes 7.66
    epoch 68: loss 0.09844183505967606, minutes 7.78
    epoch 69: loss 0.09812200320667999, minutes 7.91
    epoch 70: loss 0.0976588056765051, minutes 8.0
  trained (483s); embedding
  saved 26-dim vectors -> C:\Users\Siah Jin Thau\OneDrive\Desktop\Work\Sem 1 AY2627\DSA4262\.cache\representation\read_ae\fold2.npz (8.67 min)
[read_ae fold 3] 121,838 sites: encoder 43,333 (+4,119 val), probe 50,267, held out 24,119  (0s)
  13,709 parameters; reads standardised (3s)
    epoch 1: loss 0.48739523300353216, minutes 0.07
    epoch 2: loss 0.1803928413811852, minutes 0.15
    epoch 3: loss 0.15837245548472684, minutes 0.22
    epoch 4: loss 0.1508301638505038, minutes 0.29
    epoch 5: loss 0.1468972656656714, minutes 0.36
    epoch 6: loss 0.14383209251305637, minutes 0.44
    epoch 7: loss 0.14097817829426598, minutes 0.51
    epoch 8: loss 0.13897764384746553, minutes 0.58
    epoch 9: loss 0.13738179110428866, minutes 0.66
    epoch 10: loss 0.13595528392230763, minutes 0.74
    epoch 11: loss 0.13431106350001168, minutes 0.84
    epoch 12: loss 0.1329017082996228, minutes 0.95
    epoch 13: loss 0.1315601974287454, minutes 1.07
    epoch 14: loss 0.13030929149073714, minutes 1.18
    epoch 15: loss 0.12928413845160427, minutes 1.31
    epoch 16: loss 0.12866517980309095, minutes 1.43
    epoch 17: loss 0.1276787331875633, minutes 1.55
    epoch 18: loss 0.1268955751815263, minutes 1.68
    epoch 19: loss 0.1264328201465747, minutes 1.81
    epoch 20: loss 0.12562524671940242, minutes 1.94
    epoch 21: loss 0.12483561310698005, minutes 2.08
    epoch 22: loss 0.12427752320380772, minutes 2.21
    epoch 23: loss 0.12357711283599629, minutes 2.36
    epoch 24: loss 0.12314079268013729, minutes 2.49
    epoch 25: loss 0.12252355551018435, minutes 2.64
    epoch 26: loss 0.12217639369123122, minutes 2.79
    epoch 27: loss 0.12162049154148383, minutes 2.93
    epoch 28: loss 0.12141354154138004, minutes 3.06
    epoch 29: loss 0.12116287372568074, minutes 3.2
    epoch 30: loss 0.12090732946115382, minutes 3.34
    epoch 31: loss 0.12040049534510164, minutes 3.49
    epoch 32: loss 0.12014775258653304, minutes 3.63
    epoch 33: loss 0.11974345927729327, minutes 3.77
    epoch 34: loss 0.11962846399230116, minutes 3.91
    epoch 35: loss 0.11905446070082047, minutes 4.04
    epoch 36: loss 0.11911683200913317, minutes 4.18
    epoch 37: loss 0.11869278856936623, minutes 4.32
    epoch 38: loss 0.11846557693446384, minutes 4.46
    epoch 39: loss 0.11809531774590998, minutes 4.6
    epoch 40: loss 0.11751893272294718, minutes 4.73
    epoch 41: loss 0.11762707996017793, minutes 4.85
    epoch 42: loss 0.11740034691551153, minutes 4.98
    epoch 43: loss 0.1171073193935787, minutes 5.11
    epoch 44: loss 0.11651974267819348, minutes 5.24
    epoch 45: loss 0.11677817956489675, minutes 5.38
    epoch 46: loss 0.11629962390836547, minutes 5.51
    epoch 47: loss 0.11598120862070252, minutes 5.64
    epoch 48: loss 0.1157280403901549, minutes 5.77
    epoch 49: loss 0.11566573004512226, minutes 5.91
    epoch 50: loss 0.1155284481451792, minutes 6.04
    epoch 51: loss 0.11533330262583845, minutes 6.16
    epoch 52: loss 0.11485405012088663, minutes 6.29
    epoch 53: loss 0.11472344223190756, minutes 6.41
    epoch 54: loss 0.11467479235109161, minutes 6.52
    epoch 55: loss 0.11448866803856457, minutes 6.64
    epoch 56: loss 0.1141934319454081, minutes 6.77
    epoch 57: loss 0.1141565435072955, minutes 6.89
    epoch 58: loss 0.1137044914505061, minutes 7.02
    epoch 59: loss 0.11367513717097395, minutes 7.14
    epoch 60: loss 0.1135041826788117, minutes 7.27
    epoch 61: loss 0.11312065795063972, minutes 7.39
    epoch 62: loss 0.1130978516796056, minutes 7.51
    epoch 63: loss 0.11308271214365959, minutes 7.64
    epoch 64: loss 0.11251514948466244, minutes 7.77
    epoch 65: loss 0.11271605158553404, minutes 7.9
    epoch 66: loss 0.11231212157469529, minutes 8.0
  trained (483s); embedding
  saved 26-dim vectors -> C:\Users\Siah Jin Thau\OneDrive\Desktop\Work\Sem 1 AY2627\DSA4262\.cache\representation\read_ae\fold3.npz (8.71 min)
[read_ae fold 4] 121,838 sites: encoder 44,305 (+4,170 val), probe 49,275, held out 24,088  (0s)
  13,709 parameters; reads standardised (3s)
    epoch 1: loss 0.4594165339380845, minutes 0.07
    epoch 2: loss 0.18404423907913012, minutes 0.14
    epoch 3: loss 0.160628206514079, minutes 0.21
    epoch 4: loss 0.15186032284607834, minutes 0.29
    epoch 5: loss 0.1451563923352066, minutes 0.36
    epoch 6: loss 0.140869684260467, minutes 0.43
    epoch 7: loss 0.13818285562868776, minutes 0.51
    epoch 8: loss 0.13543848051079388, minutes 0.58
    epoch 9: loss 0.1321684804627265, minutes 0.67
    epoch 10: loss 0.12884677779571763, minutes 0.76
    epoch 11: loss 0.12516996268739647, minutes 0.86
    epoch 12: loss 0.12206709453429299, minutes 0.98
    epoch 13: loss 0.11928520831225932, minutes 1.1
    epoch 14: loss 0.11682589831708491, minutes 1.22
    epoch 15: loss 0.1153328471827781, minutes 1.33
    epoch 16: loss 0.11360915437683292, minutes 1.45
    epoch 17: loss 0.11232516015398092, minutes 1.57
    epoch 18: loss 0.11114837379119862, minutes 1.69
    epoch 19: loss 0.11036240720543368, minutes 1.84
    epoch 20: loss 0.10941454198682445, minutes 1.99
    epoch 21: loss 0.10867328547883308, minutes 2.16
    epoch 22: loss 0.10764209926128387, minutes 2.33
    epoch 23: loss 0.10697878597454093, minutes 2.47
    epoch 24: loss 0.10639583323707526, minutes 2.59
    epoch 25: loss 0.10560225404199512, minutes 2.71
    epoch 26: loss 0.10484153109377828, minutes 2.84
    epoch 27: loss 0.10448077565123295, minutes 2.97
    epoch 28: loss 0.10418018094938376, minutes 3.11
    epoch 29: loss 0.10364252191850509, minutes 3.23
    epoch 30: loss 0.10294426189756942, minutes 3.36
    epoch 31: loss 0.10258798138506112, minutes 3.51
    epoch 32: loss 0.10215691447086718, minutes 3.64
    epoch 33: loss 0.10173253762139671, minutes 3.77
    epoch 34: loss 0.10153970058108198, minutes 3.91
    epoch 35: loss 0.10087053062415671, minutes 4.06
    epoch 36: loss 0.1007076146445055, minutes 4.2
    epoch 37: loss 0.10009223608107402, minutes 4.33
    epoch 38: loss 0.10021502045036733, minutes 4.47
    epoch 39: loss 0.09942988490407494, minutes 4.6
    epoch 40: loss 0.09946160861986807, minutes 4.74
    epoch 41: loss 0.09868761383253953, minutes 4.88
    epoch 42: loss 0.09907862240041809, minutes 5.02
    epoch 43: loss 0.09823556428496864, minutes 5.15
    epoch 44: loss 0.09798197718016033, minutes 5.28
    epoch 45: loss 0.09767006119263583, minutes 5.41
    epoch 46: loss 0.09750141211967359, minutes 5.54
    epoch 47: loss 0.09737827508956537, minutes 5.67
    epoch 48: loss 0.096860914865787, minutes 5.8
    epoch 49: loss 0.09636274147136457, minutes 5.94
    epoch 50: loss 0.09638335662840426, minutes 6.07
    epoch 51: loss 0.09593148760754487, minutes 6.2
    epoch 52: loss 0.09555551996347549, minutes 6.33
    epoch 53: loss 0.09545651236656068, minutes 6.47
    epoch 54: loss 0.0955159584081721, minutes 6.61
    epoch 55: loss 0.09545690724733231, minutes 6.75
    epoch 56: loss 0.09501178237213485, minutes 6.89
    epoch 57: loss 0.09531177511845512, minutes 7.02
    epoch 58: loss 0.09461105298036816, minutes 7.15
    epoch 59: loss 0.09460338247918534, minutes 7.26
    epoch 60: loss 0.09409469742884581, minutes 7.38
    epoch 61: loss 0.09438707576743488, minutes 7.5
    epoch 62: loss 0.09413598948854139, minutes 7.62
    epoch 63: loss 0.09379830528264758, minutes 7.74
    epoch 64: loss 0.09373035752910307, minutes 7.86
    epoch 65: loss 0.09349172356827505, minutes 7.99
    epoch 66: loss 0.09290662656227748, minutes 8.0
  trained (483s); embedding
  saved 26-dim vectors -> C:\Users\Siah Jin Thau\OneDrive\Desktop\Work\Sem 1 AY2627\DSA4262\.cache\representation\read_ae\fold4.npz (8.65 min)
