loaded: dataset0 121,838 sites, data1 90,452
[h2gcn_aux_r100 dataset0 fold 2 seed 1]
    epoch 1: loss 1.9579, val_ap 0.1635, minutes 0.51, lr 3.33e-04
    epoch 2: loss 1.5833, val_ap 0.2585, minutes 0.99, lr 6.59e-04
    epoch 3: loss 1.3175, val_ap 0.4136, minutes 1.48, lr 9.89e-04
    epoch 4: loss 1.1952, val_ap 0.5130, minutes 2.03, lr 1.00e-03
    epoch 5: loss 1.1315, val_ap 0.5333, minutes 2.5, lr 1.00e-03
    epoch 6: loss 1.0700, val_ap 0.5522, minutes 3.0, lr 1.00e-03
    epoch 7: loss 1.0407, val_ap 0.5549, minutes 3.5, lr 1.00e-03
    epoch 8: loss 1.0523, val_ap 0.5579, minutes 4.05, lr 1.00e-03
    epoch 9: loss 1.0006, val_ap 0.5741, minutes 4.61, lr 1.00e-03
    epoch 10: loss 1.0031, val_ap 0.5724, minutes 5.1, lr 1.00e-03
    epoch 11: loss 0.9706, val_ap 0.5680, minutes 5.61, lr 1.00e-03
    epoch 12: loss 0.9513, val_ap 0.5810, minutes 6.08, lr 1.00e-03
    epoch 13: loss 0.9681, val_ap 0.5696, minutes 6.57, lr 1.00e-03
    epoch 14: loss 0.9398, val_ap 0.5804, minutes 7.06, lr 1.00e-03
    epoch 15: loss 0.9387, val_ap 0.5742, minutes 7.56, lr 1.00e-03
    epoch 16: loss 0.9190, val_ap 0.5770, minutes 8.13, lr 1.00e-03
    epoch 17: loss 0.9239, val_ap 0.5783, minutes 8.65, lr 1.00e-03
    epoch 18: loss 0.9185, val_ap 0.5875, minutes 9.16, lr 1.00e-03
    epoch 19: loss 0.9235, val_ap 0.5792, minutes 9.68, lr 1.00e-03
    epoch 20: loss 0.8972, val_ap 0.5827, minutes 10.17, lr 1.00e-03
    epoch 21: loss 0.9051, val_ap 0.5851, minutes 10.68, lr 1.00e-03
    epoch 22: loss 0.8906, val_ap 0.5836, minutes 11.17, lr 1.00e-03
    epoch 23: loss 0.9115, val_ap 0.5908, minutes 11.67, lr 1.00e-03
    epoch 24: loss 0.8915, val_ap 0.5872, minutes 12.2, lr 1.00e-03
    epoch 25: loss 0.8808, val_ap 0.5947, minutes 12.68, lr 1.00e-03
    epoch 26: loss 0.9303, val_ap 0.5858, minutes 13.2, lr 1.00e-03
    epoch 27: loss 0.9404, val_ap 0.6013, minutes 13.71, lr 1.00e-03
    epoch 28: loss 0.8771, val_ap 0.5945, minutes 14.21, lr 1.00e-03
    epoch 29: loss 0.8901, val_ap 0.5957, minutes 14.71, lr 1.00e-03
    epoch 30: loss 0.8597, val_ap 0.5906, minutes 15.22, lr 1.00e-03
    epoch 31: loss 0.8683, val_ap 0.5917, minutes 15.72, lr 1.00e-03
    epoch 32: loss 0.8756, val_ap 0.5993, minutes 16.21, lr 1.00e-03
    epoch 33: loss 0.8395, val_ap 0.5868, minutes 16.69, lr 1.00e-03
    epoch 34: loss 0.8555, val_ap 0.6004, minutes 17.23, lr 1.00e-03
    epoch 35: loss 0.8397, val_ap 0.5982, minutes 17.71, lr 1.00e-03
    epoch 36: loss 0.8418, val_ap 0.5827, minutes 18.25, lr 5.00e-04
    epoch 37: loss 0.8426, val_ap 0.5981, minutes 18.74, lr 5.00e-04
    epoch 38: loss 0.8223, val_ap 0.5973, minutes 19.23, lr 5.00e-04
    epoch 39: loss 0.8233, val_ap 0.6014, minutes 19.75, lr 5.00e-04
    epoch 40: loss 0.8198, val_ap 0.6024, minutes 20.24, lr 5.00e-04
    epoch 41: loss 0.8149, val_ap 0.6027, minutes 20.72, lr 5.00e-04
    epoch 42: loss 0.8014, val_ap 0.6037, minutes 21.22, lr 5.00e-04
    epoch 43: loss 0.8036, val_ap 0.6042, minutes 21.74, lr 5.00e-04
    epoch 44: loss 0.8148, val_ap 0.6039, minutes 22.26, lr 5.00e-04
    epoch 45: loss 0.8185, val_ap 0.5989, minutes 22.79, lr 5.00e-04
    epoch 46: loss 0.8206, val_ap 0.6016, minutes 23.31, lr 5.00e-04
    epoch 47: loss 0.8112, val_ap 0.6000, minutes 23.79, lr 5.00e-04
    epoch 48: loss 0.8090, val_ap 0.6016, minutes 24.3, lr 5.00e-04
    epoch 49: loss 0.8072, val_ap 0.6049, minutes 24.82, lr 5.00e-04
    epoch 50: loss 0.8107, val_ap 0.5975, minutes 25.33, lr 5.00e-04
    epoch 51: loss 0.7974, val_ap 0.6028, minutes 25.85, lr 5.00e-04
    epoch 52: loss 0.7996, val_ap 0.6054, minutes 26.36, lr 5.00e-04
    epoch 53: loss 0.8074, val_ap 0.6037, minutes 26.84, lr 5.00e-04
    epoch 54: loss 0.8032, val_ap 0.6025, minutes 27.34, lr 5.00e-04
    epoch 55: loss 0.7997, val_ap 0.6013, minutes 27.82, lr 5.00e-04
    epoch 56: loss 0.7750, val_ap 0.6030, minutes 28.37, lr 5.00e-04
    epoch 57: loss 0.7999, val_ap 0.5986, minutes 28.87, lr 5.00e-04
    epoch 58: loss 0.7776, val_ap 0.6021, minutes 29.39, lr 5.00e-04
    epoch 59: loss 0.7756, val_ap 0.6033, minutes 29.9, lr 5.00e-04
    epoch 60: loss 0.7705, val_ap 0.5979, minutes 30.4, lr 5.00e-04
    epoch 61: loss 0.7766, val_ap 0.6024, minutes 30.88, lr 2.50e-04
    epoch 62: loss 0.7664, val_ap 0.6057, minutes 31.39, lr 2.50e-04
    epoch 63: loss 0.7484, val_ap 0.6015, minutes 31.86, lr 2.50e-04
    epoch 64: loss 0.7713, val_ap 0.6069, minutes 32.35, lr 2.50e-04
    epoch 65: loss 0.7556, val_ap 0.6009, minutes 32.86, lr 2.50e-04
    epoch 66: loss 0.7725, val_ap 0.6035, minutes 33.34, lr 2.50e-04
    epoch 67: loss 0.7589, val_ap 0.6031, minutes 33.84, lr 2.50e-04
    epoch 68: loss 0.7552, val_ap 0.6036, minutes 34.36, lr 2.50e-04
    epoch 69: loss 0.7623, val_ap 0.6037, minutes 34.88, lr 2.50e-04
    epoch 70: loss 0.7493, val_ap 0.6077, minutes 35.38, lr 2.50e-04
    epoch 71: loss 0.7559, val_ap 0.6031, minutes 35.87, lr 2.50e-04
    epoch 72: loss 0.7626, val_ap 0.6016, minutes 36.34, lr 2.50e-04
    epoch 73: loss 0.7491, val_ap 0.6060, minutes 36.82, lr 2.50e-04
    epoch 74: loss 0.7523, val_ap 0.6059, minutes 37.33, lr 2.50e-04
    epoch 75: loss 0.7523, val_ap 0.6022, minutes 37.82, lr 2.50e-04
    epoch 76: loss 0.7474, val_ap 0.6050, minutes 38.32, lr 2.50e-04
    epoch 77: loss 0.7507, val_ap 0.6055, minutes 38.78, lr 2.50e-04
    epoch 78: loss 0.7404, val_ap 0.6015, minutes 39.21, lr 2.50e-04
    epoch 79: loss 0.7532, val_ap 0.6018, minutes 39.65, lr 1.25e-04
    epoch 80: loss 0.7345, val_ap 0.6015, minutes 40.07, lr 1.25e-04
    epoch 81: loss 0.7341, val_ap 0.6009, minutes 40.49, lr 1.25e-04
    epoch 82: loss 0.7455, val_ap 0.6022, minutes 40.88, lr 1.25e-04
    epoch 83: loss 0.7425, val_ap 0.6021, minutes 41.33, lr 1.25e-04
    epoch 84: loss 0.7310, val_ap 0.6014, minutes 41.72, lr 1.25e-04
    epoch 85: loss 0.7379, val_ap 0.6027, minutes 42.09, lr 1.25e-04
    epoch 86: loss 0.7349, val_ap 0.6013, minutes 42.46, lr 1.25e-04
    epoch 87: loss 0.7453, val_ap 0.6050, minutes 42.88, lr 1.25e-04
    epoch 88: loss 0.7329, val_ap 0.6029, minutes 43.29, lr 6.25e-05
    epoch 89: loss 0.7290, val_ap 0.6029, minutes 43.69, lr 6.25e-05
    epoch 90: loss 0.7316, val_ap 0.6033, minutes 44.07, lr 6.25e-05
    epoch 91: loss 0.7219, val_ap 0.6030, minutes 44.45, lr 6.25e-05
    epoch 92: loss 0.7827, val_ap 0.6034, minutes 44.79, lr 6.25e-05
    epoch 93: loss 0.7543, val_ap 0.6063, minutes 45.15, lr 6.25e-05
    epoch 94: loss 0.7343, val_ap 0.6057, minutes 45.49, lr 6.25e-05
    epoch 95: loss 0.7226, val_ap 0.6032, minutes 45.84, lr 6.25e-05
    stopping: no validation gain in 25 epochs
[h2gcn_aux_r100 dataset0 fold 2 seed 1] done (46.4 min)
