loaded: dataset0 121,838 sites, data1 90,452
[gps pooled_both fold 4 seed 1]
    epoch 1: loss 1.9093, val_ap 0.1453, minutes 2.6, lr 3.31e-04
    epoch 2: loss 1.5583, val_ap 0.2945, minutes 5.21, lr 6.60e-04
    epoch 3: loss 1.3947, val_ap 0.4203, minutes 7.88, lr 9.89e-04
    epoch 4: loss 1.3061, val_ap 0.4461, minutes 10.48, lr 1.00e-03
    epoch 5: loss 1.2870, val_ap 0.4554, minutes 13.05, lr 1.00e-03
    epoch 6: loss 1.2708, val_ap 0.4511, minutes 15.57, lr 1.00e-03
    epoch 7: loss 1.2366, val_ap 0.4619, minutes 18.09, lr 1.00e-03
    epoch 8: loss 1.2241, val_ap 0.4626, minutes 20.62, lr 1.00e-03
    epoch 9: loss 1.2068, val_ap 0.4675, minutes 23.07, lr 1.00e-03
    epoch 10: loss 1.2177, val_ap 0.4706, minutes 25.61, lr 1.00e-03
    epoch 11: loss 1.1924, val_ap 0.4710, minutes 28.16, lr 1.00e-03
    epoch 12: loss 1.1760, val_ap 0.4787, minutes 30.81, lr 1.00e-03
    epoch 13: loss 1.1725, val_ap 0.4791, minutes 33.31, lr 1.00e-03
    epoch 14: loss 1.1655, val_ap 0.4799, minutes 35.9, lr 1.00e-03
    epoch 15: loss 1.1699, val_ap 0.4783, minutes 38.44, lr 1.00e-03
    epoch 16: loss 1.1563, val_ap 0.4801, minutes 40.95, lr 1.00e-03
    epoch 17: loss 1.1561, val_ap 0.4821, minutes 43.52, lr 1.00e-03
    epoch 18: loss 1.1432, val_ap 0.4844, minutes 46.11, lr 1.00e-03
    epoch 19: loss 1.1310, val_ap 0.4810, minutes 48.69, lr 1.00e-03
    epoch 20: loss 1.1309, val_ap 0.4831, minutes 51.27, lr 1.00e-03
    epoch 21: loss 1.1433, val_ap 0.4872, minutes 53.78, lr 1.00e-03
    epoch 22: loss 1.1224, val_ap 0.4798, minutes 56.29, lr 1.00e-03
    epoch 23: loss 1.1243, val_ap 0.4850, minutes 58.84, lr 1.00e-03
    epoch 24: loss 1.1191, val_ap 0.4845, minutes 61.44, lr 1.00e-03
    epoch 25: loss 1.1010, val_ap 0.4960, minutes 64.01, lr 1.00e-03
    epoch 26: loss 1.1064, val_ap 0.4954, minutes 66.57, lr 1.00e-03
    epoch 27: loss 1.1054, val_ap 0.4901, minutes 69.18, lr 1.00e-03
    epoch 28: loss 1.0943, val_ap 0.4888, minutes 71.83, lr 1.00e-03
    epoch 29: loss 1.0925, val_ap 0.5011, minutes 74.35, lr 1.00e-03
    epoch 30: loss 1.0795, val_ap 0.4948, minutes 76.88, lr 1.00e-03
    epoch 31: loss 1.0722, val_ap 0.4949, minutes 79.46, lr 1.00e-03
    epoch 32: loss 1.0678, val_ap 0.4904, minutes 82.13, lr 1.00e-03
    epoch 33: loss 1.0658, val_ap 0.5017, minutes 84.7, lr 1.00e-03
    epoch 34: loss 1.0554, val_ap 0.4972, minutes 87.2, lr 1.00e-03
    epoch 35: loss 1.0460, val_ap 0.4986, minutes 89.77, lr 1.00e-03
    epoch 36: loss 1.0512, val_ap 0.4913, minutes 92.27, lr 1.00e-03
    epoch 37: loss 1.0451, val_ap 0.4957, minutes 94.65, lr 1.00e-03
    epoch 38: loss 1.0318, val_ap 0.4860, minutes 97.07, lr 1.00e-03
    epoch 39: loss 1.0342, val_ap 0.4963, minutes 99.48, lr 1.00e-03
    epoch 40: loss 1.0206, val_ap 0.5028, minutes 101.84, lr 1.00e-03
    epoch 41: loss 1.0163, val_ap 0.4871, minutes 104.23, lr 1.00e-03
    epoch 42: loss 1.0175, val_ap 0.4825, minutes 106.62, lr 1.00e-03
    epoch 43: loss 1.0045, val_ap 0.4946, minutes 109.0, lr 1.00e-03
    epoch 44: loss 0.9928, val_ap 0.4996, minutes 111.37, lr 1.00e-03
    epoch 45: loss 0.9740, val_ap 0.4981, minutes 113.76, lr 1.00e-03
    epoch 46: loss 0.9762, val_ap 0.4909, minutes 116.13, lr 1.00e-03
    epoch 47: loss 0.9697, val_ap 0.5049, minutes 118.52, lr 1.00e-03
    epoch 48: loss 0.9549, val_ap 0.4941, minutes 120.94, lr 1.00e-03
    epoch 49: loss 0.9515, val_ap 0.4872, minutes 123.33, lr 1.00e-03
    epoch 50: loss 0.9429, val_ap 0.4967, minutes 125.73, lr 1.00e-03
    epoch 51: loss 0.9390, val_ap 0.4917, minutes 128.14, lr 1.00e-03
    epoch 52: loss 0.9298, val_ap 0.4922, minutes 130.48, lr 1.00e-03
    epoch 53: loss 0.9202, val_ap 0.4884, minutes 132.69, lr 1.00e-03
    epoch 54: loss 0.9123, val_ap 0.4941, minutes 134.74, lr 1.00e-03
    epoch 55: loss 0.9063, val_ap 0.4840, minutes 136.59, lr 1.00e-03
    epoch 56: loss 0.8898, val_ap 0.4989, minutes 138.43, lr 5.00e-04
    epoch 57: loss 0.8624, val_ap 0.4824, minutes 139.95, lr 5.00e-04
    epoch 58: loss 0.8491, val_ap 0.4908, minutes 141.25, lr 5.00e-04
    epoch 59: loss 0.8423, val_ap 0.4781, minutes 142.57, lr 5.00e-04
    epoch 60: loss 0.8358, val_ap 0.4878, minutes 143.89, lr 5.00e-04
    epoch 61: loss 0.8384, val_ap 0.4744, minutes 145.22, lr 5.00e-04
    epoch 62: loss 0.8331, val_ap 0.4786, minutes 146.45, lr 5.00e-04
    epoch 63: loss 0.8178, val_ap 0.4754, minutes 147.63, lr 5.00e-04
    epoch 64: loss 0.8180, val_ap 0.4647, minutes 148.79, lr 5.00e-04
    epoch 65: loss 0.8166, val_ap 0.4583, minutes 149.95, lr 2.50e-04
    epoch 66: loss 0.7959, val_ap 0.4656, minutes 151.12, lr 2.50e-04
    epoch 67: loss 0.7865, val_ap 0.4672, minutes 152.29, lr 2.50e-04
    epoch 68: loss 0.7928, val_ap 0.4672, minutes 153.45, lr 2.50e-04
    epoch 69: loss 0.7818, val_ap 0.4752, minutes 154.59, lr 2.50e-04
    epoch 70: loss 0.7815, val_ap 0.4535, minutes 155.73, lr 2.50e-04
    epoch 71: loss 0.7839, val_ap 0.4600, minutes 156.83, lr 2.50e-04
    epoch 72: loss 0.7726, val_ap 0.4553, minutes 157.93, lr 2.50e-04
    stopping: no validation gain in 25 epochs
[gps pooled_both fold 4 seed 1] done (158.4 min)
