loaded: dataset0 121,838 sites, data1 90,452
[fk_band dataset0 fold 2]
    band weights [0.387, 0.361, 0.252] (bands ((0, 30), (30, 75), (75, 150)))
    epoch 1: loss 1.9672, val_ap 0.1845, minutes 0.5, lr 3.33e-04
    epoch 2: loss 1.6227, val_ap 0.2928, minutes 0.97, lr 6.63e-04
    epoch 3: loss 1.3577, val_ap 0.4238, minutes 1.43, lr 9.92e-04
    epoch 4: loss 1.2035, val_ap 0.4891, minutes 1.86, lr 1.00e-03
    epoch 5: loss 1.1252, val_ap 0.5183, minutes 2.31, lr 1.00e-03
    epoch 6: loss 1.0781, val_ap 0.5352, minutes 2.72, lr 1.00e-03
    epoch 7: loss 1.0306, val_ap 0.5639, minutes 3.19, lr 1.00e-03
    epoch 8: loss 1.0309, val_ap 0.5715, minutes 3.66, lr 1.00e-03
    epoch 9: loss 1.0050, val_ap 0.5759, minutes 4.13, lr 1.00e-03
    epoch 10: loss 0.9759, val_ap 0.5852, minutes 4.58, lr 1.00e-03
    epoch 11: loss 0.9672, val_ap 0.5663, minutes 5.07, lr 1.00e-03
    epoch 12: loss 0.9381, val_ap 0.5797, minutes 5.55, lr 1.00e-03
    epoch 13: loss 0.9167, val_ap 0.5822, minutes 6.06, lr 1.00e-03
    epoch 14: loss 0.9340, val_ap 0.5831, minutes 6.55, lr 1.00e-03
    epoch 15: loss 0.9007, val_ap 0.5776, minutes 7.05, lr 1.00e-03
    epoch 16: loss 0.9007, val_ap 0.5887, minutes 7.57, lr 1.00e-03
    epoch 17: loss 0.8931, val_ap 0.5970, minutes 8.03, lr 1.00e-03
    epoch 18: loss 0.9009, val_ap 0.5866, minutes 8.51, lr 1.00e-03
    epoch 19: loss 0.8832, val_ap 0.5954, minutes 8.92, lr 1.00e-03
    epoch 20: loss 0.8865, val_ap 0.5955, minutes 9.49, lr 1.00e-03
    epoch 21: loss 0.8832, val_ap 0.5912, minutes 10.06, lr 1.00e-03
    epoch 22: loss 0.8683, val_ap 0.5944, minutes 10.65, lr 1.00e-03
    epoch 23: loss 0.8747, val_ap 0.5944, minutes 11.21, lr 1.00e-03
    epoch 24: loss 0.8706, val_ap 0.6026, minutes 11.77, lr 1.00e-03
    epoch 25: loss 0.8654, val_ap 0.5987, minutes 12.33, lr 1.00e-03
    epoch 26: loss 0.8720, val_ap 0.5869, minutes 12.89, lr 1.00e-03
    epoch 27: loss 0.8897, val_ap 0.6039, minutes 13.48, lr 1.00e-03
    epoch 28: loss 0.8586, val_ap 0.6001, minutes 14.02, lr 1.00e-03
    epoch 29: loss 0.8481, val_ap 0.5944, minutes 14.59, lr 1.00e-03
    epoch 30: loss 0.8233, val_ap 0.5962, minutes 15.13, lr 1.00e-03
    epoch 31: loss 0.8762, val_ap 0.6005, minutes 15.73, lr 1.00e-03
    epoch 32: loss 0.8786, val_ap 0.6039, minutes 16.28, lr 1.00e-03
    epoch 33: loss 0.8419, val_ap 0.5951, minutes 16.86, lr 1.00e-03
    epoch 34: loss 0.8478, val_ap 0.6019, minutes 17.44, lr 1.00e-03
    epoch 35: loss 0.8209, val_ap 0.6081, minutes 18.04, lr 1.00e-03
    epoch 36: loss 0.8349, val_ap 0.6056, minutes 18.63, lr 1.00e-03
    epoch 37: loss 0.8241, val_ap 0.6020, minutes 19.19, lr 1.00e-03
    epoch 38: loss 0.8087, val_ap 0.5958, minutes 19.76, lr 1.00e-03
    epoch 39: loss 0.8211, val_ap 0.6046, minutes 20.29, lr 1.00e-03
    epoch 40: loss 0.7874, val_ap 0.6034, minutes 20.86, lr 1.00e-03
    epoch 41: loss 0.8169, val_ap 0.6088, minutes 21.43, lr 1.00e-03
    epoch 42: loss 0.8113, val_ap 0.6100, minutes 22.03, lr 1.00e-03
    epoch 43: loss 0.8072, val_ap 0.6140, minutes 22.61, lr 1.00e-03
    epoch 44: loss 0.8180, val_ap 0.6063, minutes 23.19, lr 1.00e-03
    epoch 45: loss 0.8051, val_ap 0.6084, minutes 23.78, lr 1.00e-03
    epoch 46: loss 0.7837, val_ap 0.6126, minutes 24.37, lr 1.00e-03
    epoch 47: loss 0.7968, val_ap 0.6084, minutes 24.95, lr 1.00e-03
    epoch 48: loss 0.7881, val_ap 0.6130, minutes 25.52, lr 1.00e-03
    epoch 49: loss 0.8061, val_ap 0.6120, minutes 26.1, lr 1.00e-03
    epoch 50: loss 0.7890, val_ap 0.6154, minutes 26.64, lr 1.00e-03
    epoch 51: loss 0.7815, val_ap 0.6114, minutes 27.24, lr 1.00e-03
    epoch 52: loss 0.7892, val_ap 0.6044, minutes 27.79, lr 1.00e-03
    epoch 53: loss 0.7960, val_ap 0.6072, minutes 28.36, lr 1.00e-03
    epoch 54: loss 0.7772, val_ap 0.6052, minutes 28.92, lr 1.00e-03
    epoch 55: loss 0.7833, val_ap 0.6123, minutes 29.5, lr 1.00e-03
    epoch 56: loss 0.7945, val_ap 0.6151, minutes 30.1, lr 1.00e-03
    epoch 57: loss 0.7681, val_ap 0.6043, minutes 30.69, lr 1.00e-03
    epoch 58: loss 0.7668, val_ap 0.6164, minutes 31.28, lr 1.00e-03
    epoch 59: loss 0.7524, val_ap 0.6013, minutes 31.85, lr 1.00e-03
    epoch 60: loss 0.7792, val_ap 0.6080, minutes 32.45, lr 1.00e-03
    epoch 61: loss 0.7644, val_ap 0.6218, minutes 33.02, lr 1.00e-03
    epoch 62: loss 0.7634, val_ap 0.6173, minutes 33.59, lr 1.00e-03
    epoch 63: loss 0.7670, val_ap 0.6162, minutes 34.17, lr 1.00e-03
    epoch 64: loss 0.7605, val_ap 0.6144, minutes 34.76, lr 1.00e-03
    epoch 65: loss 0.7501, val_ap 0.6155, minutes 35.31, lr 1.00e-03
    epoch 66: loss 0.7441, val_ap 0.6029, minutes 35.89, lr 1.00e-03
    epoch 67: loss 0.7577, val_ap 0.6231, minutes 36.48, lr 1.00e-03
    epoch 68: loss 0.7364, val_ap 0.6171, minutes 37.06, lr 1.00e-03
    epoch 69: loss 0.7315, val_ap 0.6146, minutes 37.63, lr 1.00e-03
    epoch 70: loss 0.7380, val_ap 0.6128, minutes 38.2, lr 1.00e-03
    epoch 71: loss 0.7332, val_ap 0.6224, minutes 38.77, lr 1.00e-03
    epoch 72: loss 0.7397, val_ap 0.6114, minutes 39.32, lr 1.00e-03
    epoch 73: loss 0.7404, val_ap 0.6097, minutes 39.86, lr 1.00e-03
    epoch 74: loss 0.7314, val_ap 0.6156, minutes 40.42, lr 1.00e-03
    epoch 75: loss 0.7441, val_ap 0.6252, minutes 40.97, lr 1.00e-03
    epoch 76: loss 0.7267, val_ap 0.6188, minutes 41.54, lr 1.00e-03
    epoch 77: loss 0.7234, val_ap 0.6221, minutes 42.09, lr 1.00e-03
    epoch 78: loss 0.7079, val_ap 0.6210, minutes 42.65, lr 1.00e-03
    epoch 79: loss 0.7067, val_ap 0.6030, minutes 43.18, lr 1.00e-03
    epoch 80: loss 0.7076, val_ap 0.6183, minutes 43.71, lr 1.00e-03
    epoch 81: loss 0.7006, val_ap 0.6160, minutes 44.24, lr 1.00e-03
    epoch 82: loss 0.7119, val_ap 0.6125, minutes 44.81, lr 1.00e-03
    epoch 83: loss 0.7113, val_ap 0.6165, minutes 45.34, lr 1.00e-03
    epoch 84: loss 0.7075, val_ap 0.6211, minutes 45.9, lr 5.00e-04
    epoch 85: loss 0.6926, val_ap 0.6091, minutes 46.44, lr 5.00e-04
    epoch 86: loss 0.6838, val_ap 0.6178, minutes 46.99, lr 5.00e-04
    epoch 87: loss 0.6704, val_ap 0.6189, minutes 47.52, lr 5.00e-04
    epoch 88: loss 0.6735, val_ap 0.6015, minutes 48.08, lr 5.00e-04
    epoch 89: loss 0.6803, val_ap 0.6147, minutes 48.64, lr 5.00e-04
    epoch 90: loss 0.6602, val_ap 0.6165, minutes 49.2, lr 5.00e-04
    epoch 91: loss 0.6665, val_ap 0.6173, minutes 49.76, lr 5.00e-04
    epoch 92: loss 0.6660, val_ap 0.6168, minutes 50.3, lr 5.00e-04
    epoch 93: loss 0.6493, val_ap 0.6161, minutes 50.83, lr 2.50e-04
    epoch 94: loss 0.6466, val_ap 0.6196, minutes 51.39, lr 2.50e-04
    epoch 95: loss 0.6415, val_ap 0.6153, minutes 51.93, lr 2.50e-04
    epoch 96: loss 0.6449, val_ap 0.6158, minutes 52.5, lr 2.50e-04
    epoch 97: loss 0.6494, val_ap 0.6187, minutes 53.03, lr 2.50e-04
    epoch 98: loss 0.6412, val_ap 0.6157, minutes 53.58, lr 2.50e-04
    epoch 99: loss 0.6260, val_ap 0.6102, minutes 54.1, lr 2.50e-04
    epoch 100: loss 0.6614, val_ap 0.6083, minutes 54.61, lr 2.50e-04
    stopping: no validation gain in 25 epochs
[fk_band dataset0 fold 2] done (55.4 min)
