loaded: dataset0 121,838 sites, data1 90,452
[set_transformer dataset0 fold 0]
    epoch 1: loss 1.0011311891483285, minutes 1.72, val_ap 0.33896308784808554, lr 0.00033430799220272904
    epoch 2: loss 0.8203501846009528, minutes 3.73, val_ap 0.4332402457299164, lr 0.0006676413255360624
    epoch 3: loss 0.7835611680097747, minutes 5.89, val_ap 0.43645593782426445, lr 0.001
    epoch 4: loss 0.7612673290814572, minutes 7.85, val_ap 0.46073971138328745, lr 0.001
    epoch 5: loss 0.7382631732357873, minutes 9.95, val_ap 0.4771632703859303, lr 0.001
    epoch 6: loss 0.720619069466814, minutes 12.02, val_ap 0.48233928011905614, lr 0.001
    epoch 7: loss 0.7006105034672029, minutes 14.04, val_ap 0.4923389517323865, lr 0.001
    epoch 8: loss 0.6964271934757456, minutes 16.17, val_ap 0.495844891588627, lr 0.001
    epoch 9: loss 0.685248143883825, minutes 18.27, val_ap 0.4913038478756868, lr 0.001
    epoch 10: loss 0.6913340408899631, minutes 20.35, val_ap 0.5057682567571115, lr 0.001
    epoch 11: loss 0.6775867714170825, minutes 22.53, val_ap 0.49839751442567537, lr 0.001
    epoch 12: loss 0.6713280107019938, minutes 24.61, val_ap 0.5035461682750962, lr 0.001
    epoch 13: loss 0.6680101922206712, minutes 26.71, val_ap 0.49968762455170485, lr 0.001
    epoch 14: loss 0.6729805694337476, minutes 28.79, val_ap 0.5167698344236539, lr 0.001
    epoch 15: loss 0.6584522157733204, minutes 30.88, val_ap 0.5107644110212941, lr 0.001
    epoch 16: loss 0.6599578170748482, minutes 32.98, val_ap 0.5213161181225948, lr 0.001
    epoch 17: loss 0.6515703368605229, minutes 35.07, val_ap 0.5084760019465603, lr 0.001
    epoch 18: loss 0.6475524475351412, minutes 37.16, val_ap 0.5188704317941403, lr 0.001
    epoch 19: loss 0.6384661323145816, minutes 39.27, val_ap 0.4943308699900753, lr 0.001
    epoch 20: loss 0.63939199836282, minutes 41.4, val_ap 0.5236524579581066, lr 0.001
    epoch 21: loss 0.637944747829995, minutes 43.55, val_ap 0.5205257542419829, lr 0.001
    epoch 22: loss 0.6336362676488029, minutes 45.7, val_ap 0.5432645240093142, lr 0.001
    epoch 23: loss 0.626293465320827, minutes 47.77, val_ap 0.5326737324587638, lr 0.001
    epoch 24: loss 0.631854839666545, minutes 49.85, val_ap 0.5330975078238371, lr 0.001
    epoch 25: loss 0.6184219894004844, minutes 51.93, val_ap 0.5363815255300756, lr 0.001
    epoch 26: loss 0.6149975973785969, minutes 54.0, val_ap 0.522252555356018, lr 0.001
    epoch 27: loss 0.6176961690013172, minutes 56.09, val_ap 0.5206890822184627, lr 0.001
    epoch 28: loss 0.6110245310075102, minutes 58.21, val_ap 0.5403658116521386, lr 0.001
    epoch 29: loss 0.6099897024401447, minutes 60.24, val_ap 0.5147587689672449, lr 0.001
    epoch 30: loss 0.6086250155815605, minutes 62.29, val_ap 0.5434726698158798, lr 0.001
    epoch 31: loss 0.603777059337549, minutes 64.39, val_ap 0.5132382534890317, lr 0.001
    epoch 32: loss 0.5964092904189874, minutes 66.51, val_ap 0.530249639530593, lr 0.001
    epoch 33: loss 0.6006223704034125, minutes 68.62, val_ap 0.5232583006158994, lr 0.001
    epoch 34: loss 0.5902077908578672, minutes 70.68, val_ap 0.5372819494056343, lr 0.001
    epoch 35: loss 0.592495819934976, minutes 72.7, val_ap 0.5388783267819969, lr 0.001
    epoch 36: loss 0.5913147598679303, minutes 74.79, val_ap 0.531142952506012, lr 0.001
    epoch 37: loss 0.5774535140708873, minutes 76.86, val_ap 0.5190398264674816, lr 0.001
    epoch 38: loss 0.587338920573742, minutes 78.95, val_ap 0.5173724791489928, lr 0.001
    epoch 39: loss 0.5788911198924857, minutes 81.02, val_ap 0.5297477846232811, lr 0.0005
    epoch 40: loss 0.5478898327775866, minutes 83.16, val_ap 0.5277600358994247, lr 0.0005
    epoch 41: loss 0.5427150716732817, minutes 85.23, val_ap 0.5288358767484899, lr 0.0005
    epoch 42: loss 0.5364512554560489, minutes 87.3, val_ap 0.5312222881717953, lr 0.0005
    epoch 43: loss 0.5285246732116443, minutes 89.44, val_ap 0.5324993570145502, lr 0.0005
    epoch 44: loss 0.5279432561313897, minutes 91.54, val_ap 0.5244498079146531, lr 0.0005
    epoch 45: loss 0.5197939918926585, minutes 93.52, val_ap 0.5398057243400324, lr 0.0005
    epoch 46: loss 0.5200478715157648, minutes 95.59, val_ap 0.5307207761419575, lr 0.0005
    epoch 47: loss 0.5185772594042689, minutes 97.61, val_ap 0.5365471648201268, lr 0.0005
    epoch 48: loss 0.5217826827837709, minutes 99.6, val_ap 0.5333049845538529, lr 0.00025
    epoch 49: loss 0.49192859014572454, minutes 101.7, val_ap 0.5453208929936155, lr 0.00025
    epoch 50: loss 0.48790078479469867, minutes 103.66, val_ap 0.5330295652271041, lr 0.00025
    epoch 51: loss 0.48648855795985774, minutes 105.69, val_ap 0.5392147795263741, lr 0.00025
    epoch 52: loss 0.4756047034211326, minutes 107.73, val_ap 0.5364236328608099, lr 0.00025
    epoch 53: loss 0.4726316134570635, minutes 109.7, val_ap 0.5429777656508052, lr 0.00025
    epoch 54: loss 0.48122693689768775, minutes 111.67, val_ap 0.5354093820991332, lr 0.00025
    epoch 55: loss 0.4762137652489177, minutes 113.62, val_ap 0.5269782307517566, lr 0.00025
    epoch 56: loss 0.47569078516367586, minutes 115.61, val_ap 0.5218966730745237, lr 0.00025
    epoch 57: loss 0.4727378403931333, minutes 117.55, val_ap 0.5364732664807761, lr 0.00025
    epoch 58: loss 0.4660208632200085, minutes 119.54, val_ap 0.5314693832334348, lr 0.000125
    epoch 59: loss 0.45435844074215803, minutes 121.57, val_ap 0.533549730406495, lr 0.000125
    epoch 60: loss 0.4560586804883522, minutes 123.61, val_ap 0.5354812918843578, lr 0.000125
    epoch 61: loss 0.4520804523898844, minutes 125.55, val_ap 0.5356387582435103, lr 0.000125
    epoch 62: loss 0.4418443287586608, minutes 127.54, val_ap 0.5346711731150712, lr 0.000125
    epoch 63: loss 0.4525000248648967, minutes 129.54, val_ap 0.5379652490845235, lr 0.000125
    epoch 64: loss 0.4550249899427096, minutes 131.48, val_ap 0.5427571826319605, lr 0.000125
    epoch 65: loss 0.44379017493355344, minutes 133.43, val_ap 0.538171802586103, lr 0.000125
    epoch 66: loss 0.45073265713035016, minutes 135.37, val_ap 0.5362860293515583, lr 0.000125
    epoch 67: loss 0.44903005049591177, minutes 137.37, val_ap 0.5385083259702749, lr 6.25e-05
    epoch 68: loss 0.43321760094653794, minutes 139.37, val_ap 0.5356921227701136, lr 6.25e-05
    epoch 69: loss 0.43907496747043395, minutes 141.29, val_ap 0.5315462189152833, lr 6.25e-05
    epoch 70: loss 0.4241354191425251, minutes 143.28, val_ap 0.526901375432031, lr 6.25e-05
    epoch 71: loss 0.4309190390141387, minutes 145.24, val_ap 0.5286259806446328, lr 6.25e-05
    epoch 72: loss 0.4210154446854926, minutes 147.21, val_ap 0.5255260292987289, lr 6.25e-05
    epoch 73: loss 0.43276296477568776, minutes 149.21, val_ap 0.5324247957843531, lr 6.25e-05
    stopping: no validation gain in 25 epochs
[set_transformer dataset0 fold 0] done (153.2 min)
