loaded: dataset0 121,838 sites, data1 90,452
[h2gcn_aux_r200 dataset0 fold 4]
    epoch 1: loss 1.9660, val_ap 0.1561, minutes 0.92, lr 3.33e-04
    epoch 2: loss 1.5551, val_ap 0.2450, minutes 1.86, lr 6.63e-04
    epoch 3: loss 1.3576, val_ap 0.3980, minutes 2.77, lr 9.92e-04
    epoch 4: loss 1.2021, val_ap 0.4747, minutes 3.69, lr 1.00e-03
    epoch 5: loss 1.1104, val_ap 0.4999, minutes 4.65, lr 1.00e-03
    epoch 6: loss 1.0850, val_ap 0.4970, minutes 5.55, lr 1.00e-03
    epoch 7: loss 1.0187, val_ap 0.5287, minutes 6.49, lr 1.00e-03
    epoch 8: loss 0.9974, val_ap 0.5451, minutes 7.45, lr 1.00e-03
    epoch 9: loss 0.9848, val_ap 0.5521, minutes 8.4, lr 1.00e-03
    epoch 10: loss 0.9556, val_ap 0.5545, minutes 9.33, lr 1.00e-03
    epoch 11: loss 0.9687, val_ap 0.5528, minutes 10.28, lr 1.00e-03
    epoch 12: loss 0.9472, val_ap 0.5486, minutes 11.21, lr 1.00e-03
    epoch 13: loss 0.9324, val_ap 0.5558, minutes 12.16, lr 1.00e-03
    epoch 14: loss 0.9207, val_ap 0.5533, minutes 13.08, lr 1.00e-03
    epoch 15: loss 0.9167, val_ap 0.5490, minutes 14.01, lr 1.00e-03
    epoch 16: loss 0.9099, val_ap 0.5506, minutes 14.96, lr 1.00e-03
    epoch 17: loss 0.9084, val_ap 0.5560, minutes 15.96, lr 1.00e-03
    epoch 18: loss 0.9014, val_ap 0.5433, minutes 16.87, lr 1.00e-03
    epoch 19: loss 0.9050, val_ap 0.5570, minutes 17.81, lr 1.00e-03
    epoch 20: loss 0.9276, val_ap 0.5538, minutes 18.73, lr 1.00e-03
    epoch 21: loss 0.8727, val_ap 0.5565, minutes 19.66, lr 1.00e-03
    epoch 22: loss 0.8751, val_ap 0.5613, minutes 20.59, lr 1.00e-03
    epoch 23: loss 0.9036, val_ap 0.5528, minutes 21.53, lr 1.00e-03
    epoch 24: loss 0.8990, val_ap 0.5564, minutes 22.47, lr 1.00e-03
    epoch 25: loss 0.8698, val_ap 0.5591, minutes 23.44, lr 1.00e-03
    epoch 26: loss 0.8647, val_ap 0.5643, minutes 24.32, lr 1.00e-03
    epoch 27: loss 0.8663, val_ap 0.5661, minutes 25.24, lr 1.00e-03
    epoch 28: loss 0.8652, val_ap 0.5679, minutes 26.19, lr 1.00e-03
    epoch 29: loss 0.8447, val_ap 0.5680, minutes 27.12, lr 1.00e-03
    epoch 30: loss 0.8441, val_ap 0.5695, minutes 28.06, lr 1.00e-03
    epoch 31: loss 0.8425, val_ap 0.5703, minutes 29.01, lr 1.00e-03
    epoch 32: loss 0.8415, val_ap 0.5709, minutes 29.9, lr 1.00e-03
    epoch 33: loss 0.8176, val_ap 0.5719, minutes 30.84, lr 1.00e-03
    epoch 34: loss 0.8343, val_ap 0.5725, minutes 31.81, lr 1.00e-03
    epoch 35: loss 0.8643, val_ap 0.5753, minutes 32.75, lr 1.00e-03
    epoch 36: loss 0.8386, val_ap 0.5730, minutes 33.73, lr 1.00e-03
    epoch 37: loss 0.8622, val_ap 0.5761, minutes 34.68, lr 1.00e-03
    epoch 38: loss 0.8181, val_ap 0.5786, minutes 35.62, lr 1.00e-03
    epoch 39: loss 0.8239, val_ap 0.5748, minutes 36.59, lr 1.00e-03
    epoch 40: loss 0.8137, val_ap 0.5733, minutes 37.51, lr 1.00e-03
    epoch 41: loss 0.8043, val_ap 0.5800, minutes 38.46, lr 1.00e-03
    epoch 42: loss 0.8002, val_ap 0.5883, minutes 39.37, lr 1.00e-03
    epoch 43: loss 0.8183, val_ap 0.5787, minutes 40.35, lr 1.00e-03
    epoch 44: loss 0.7960, val_ap 0.5848, minutes 41.27, lr 1.00e-03
    epoch 45: loss 0.8150, val_ap 0.5824, minutes 42.2, lr 1.00e-03
    epoch 46: loss 0.8105, val_ap 0.5851, minutes 43.13, lr 1.00e-03
    epoch 47: loss 0.7793, val_ap 0.5910, minutes 44.08, lr 1.00e-03
    epoch 48: loss 0.7946, val_ap 0.5890, minutes 45.01, lr 1.00e-03
    epoch 49: loss 0.7996, val_ap 0.5867, minutes 46.03, lr 1.00e-03
    epoch 50: loss 0.7919, val_ap 0.5876, minutes 46.95, lr 1.00e-03
    epoch 51: loss 0.7851, val_ap 0.5882, minutes 47.93, lr 1.00e-03
    epoch 52: loss 0.7849, val_ap 0.5890, minutes 48.88, lr 1.00e-03
    epoch 53: loss 0.7862, val_ap 0.5873, minutes 49.83, lr 1.00e-03
    epoch 54: loss 0.7745, val_ap 0.5824, minutes 50.77, lr 1.00e-03
    epoch 55: loss 0.7788, val_ap 0.5860, minutes 51.69, lr 1.00e-03
    epoch 56: loss 0.7864, val_ap 0.5867, minutes 52.62, lr 5.00e-04
    epoch 57: loss 0.7478, val_ap 0.5859, minutes 53.58, lr 5.00e-04
    epoch 58: loss 0.7572, val_ap 0.5926, minutes 54.49, lr 5.00e-04
    epoch 59: loss 0.7517, val_ap 0.5835, minutes 55.4, lr 5.00e-04
    epoch 60: loss 0.7473, val_ap 0.5903, minutes 56.35, lr 5.00e-04
    epoch 61: loss 0.7336, val_ap 0.5820, minutes 57.3, lr 5.00e-04
    epoch 62: loss 0.7522, val_ap 0.5933, minutes 58.25, lr 5.00e-04
    epoch 63: loss 0.7395, val_ap 0.5892, minutes 59.18, lr 5.00e-04
    epoch 64: loss 0.7337, val_ap 0.5956, minutes 60.13, lr 5.00e-04
    epoch 65: loss 0.7356, val_ap 0.5929, minutes 61.05, lr 5.00e-04
    epoch 66: loss 0.7341, val_ap 0.5905, minutes 61.98, lr 5.00e-04
    epoch 67: loss 0.7362, val_ap 0.5917, minutes 62.85, lr 5.00e-04
    epoch 68: loss 0.7240, val_ap 0.5908, minutes 63.79, lr 5.00e-04
    epoch 69: loss 0.7296, val_ap 0.5971, minutes 64.69, lr 5.00e-04
    epoch 70: loss 0.7181, val_ap 0.5929, minutes 65.6, lr 5.00e-04
    epoch 71: loss 0.7119, val_ap 0.5937, minutes 66.53, lr 5.00e-04
    epoch 72: loss 0.7286, val_ap 0.5964, minutes 67.45, lr 5.00e-04
    epoch 73: loss 0.7376, val_ap 0.5951, minutes 68.37, lr 5.00e-04
    epoch 74: loss 0.7228, val_ap 0.5923, minutes 69.28, lr 5.00e-04
    epoch 75: loss 0.7132, val_ap 0.5937, minutes 70.1, lr 5.00e-04
    epoch 76: loss 0.7303, val_ap 0.5929, minutes 70.87, lr 5.00e-04
    epoch 77: loss 0.7100, val_ap 0.5961, minutes 71.65, lr 5.00e-04
    epoch 78: loss 0.7152, val_ap 0.5958, minutes 72.37, lr 2.50e-04
    epoch 79: loss 0.7091, val_ap 0.5975, minutes 73.08, lr 2.50e-04
    epoch 80: loss 0.6925, val_ap 0.5951, minutes 73.77, lr 2.50e-04
    epoch 81: loss 0.7022, val_ap 0.5965, minutes 74.49, lr 2.50e-04
    epoch 82: loss 0.6890, val_ap 0.5977, minutes 75.17, lr 2.50e-04
    epoch 83: loss 0.6969, val_ap 0.5954, minutes 75.82, lr 2.50e-04
    epoch 84: loss 0.7020, val_ap 0.5937, minutes 76.45, lr 2.50e-04
    epoch 85: loss 0.6889, val_ap 0.5950, minutes 77.04, lr 2.50e-04
    epoch 86: loss 0.6877, val_ap 0.5935, minutes 77.65, lr 2.50e-04
    epoch 87: loss 0.6922, val_ap 0.5959, minutes 78.25, lr 2.50e-04
    epoch 88: loss 0.6863, val_ap 0.5996, minutes 78.8, lr 2.50e-04
    epoch 89: loss 0.6863, val_ap 0.5953, minutes 79.36, lr 2.50e-04
    epoch 90: loss 0.6871, val_ap 0.5948, minutes 79.84, lr 2.50e-04
    epoch 91: loss 0.6874, val_ap 0.5978, minutes 80.32, lr 2.50e-04
    epoch 92: loss 0.6952, val_ap 0.5986, minutes 80.79, lr 2.50e-04
    epoch 93: loss 0.6630, val_ap 0.5954, minutes 81.22, lr 2.50e-04
    epoch 94: loss 0.6799, val_ap 0.5974, minutes 81.67, lr 2.50e-04
    epoch 95: loss 0.6876, val_ap 0.5957, minutes 82.06, lr 2.50e-04
    epoch 96: loss 0.6757, val_ap 0.5933, minutes 82.43, lr 2.50e-04
    epoch 97: loss 0.6872, val_ap 0.5968, minutes 82.73, lr 1.25e-04
    epoch 98: loss 0.6690, val_ap 0.5946, minutes 83.04, lr 1.25e-04
    epoch 99: loss 0.6657, val_ap 0.5953, minutes 83.35, lr 1.25e-04
    epoch 100: loss 0.6798, val_ap 0.5942, minutes 83.65, lr 1.25e-04
    epoch 101: loss 0.6731, val_ap 0.5936, minutes 83.91, lr 1.25e-04
    epoch 102: loss 0.6757, val_ap 0.5975, minutes 84.16, lr 1.25e-04
    epoch 103: loss 0.6659, val_ap 0.5971, minutes 84.41, lr 1.25e-04
    epoch 104: loss 0.6733, val_ap 0.5950, minutes 84.66, lr 1.25e-04
    epoch 105: loss 0.6730, val_ap 0.5993, minutes 84.9, lr 1.25e-04
    epoch 106: loss 0.6631, val_ap 0.5962, minutes 85.13, lr 6.25e-05
    epoch 107: loss 0.6588, val_ap 0.5962, minutes 85.37, lr 6.25e-05
    epoch 108: loss 0.6538, val_ap 0.5943, minutes 85.61, lr 6.25e-05
    epoch 109: loss 0.6549, val_ap 0.5955, minutes 85.84, lr 6.25e-05
    epoch 110: loss 0.6558, val_ap 0.5954, minutes 86.07, lr 6.25e-05
    epoch 111: loss 0.6629, val_ap 0.5956, minutes 86.31, lr 6.25e-05
    epoch 112: loss 0.6551, val_ap 0.5940, minutes 86.54, lr 6.25e-05
    epoch 113: loss 0.6617, val_ap 0.5919, minutes 86.77, lr 6.25e-05
    stopping: no validation gain in 25 epochs
[h2gcn_aux_r200 dataset0 fold 4] done (87.3 min)
