loaded: dataset0 121,838 sites, data1 90,452
[h2gcn_aux dataset0 fold 1]
    epoch 1: loss 1.9681, val_ap 0.1805, minutes 0.46, lr 3.33e-04
    epoch 2: loss 1.5434, val_ap 0.2939, minutes 0.9, lr 6.63e-04
    epoch 3: loss 1.2714, val_ap 0.4292, minutes 1.34, lr 9.92e-04
    epoch 4: loss 1.1750, val_ap 0.4726, minutes 1.78, lr 1.00e-03
    epoch 5: loss 1.1361, val_ap 0.4896, minutes 2.21, lr 1.00e-03
    epoch 6: loss 1.0554, val_ap 0.4944, minutes 2.65, lr 1.00e-03
    epoch 7: loss 1.0375, val_ap 0.5008, minutes 3.08, lr 1.00e-03
    epoch 8: loss 1.0288, val_ap 0.4998, minutes 3.53, lr 1.00e-03
    epoch 9: loss 1.0244, val_ap 0.5017, minutes 3.91, lr 1.00e-03
    epoch 10: loss 1.0034, val_ap 0.5046, minutes 4.31, lr 1.00e-03
    epoch 11: loss 0.9816, val_ap 0.5157, minutes 4.74, lr 1.00e-03
    epoch 12: loss 0.9632, val_ap 0.5101, minutes 5.16, lr 1.00e-03
    epoch 13: loss 0.9687, val_ap 0.5179, minutes 5.59, lr 1.00e-03
    epoch 14: loss 0.9683, val_ap 0.5166, minutes 6.03, lr 1.00e-03
    epoch 15: loss 0.9578, val_ap 0.5148, minutes 6.45, lr 1.00e-03
    epoch 16: loss 0.9450, val_ap 0.5213, minutes 6.84, lr 1.00e-03
    epoch 17: loss 0.9256, val_ap 0.5291, minutes 7.21, lr 1.00e-03
    epoch 18: loss 0.9134, val_ap 0.5266, minutes 7.61, lr 1.00e-03
    epoch 19: loss 0.9257, val_ap 0.5304, minutes 8.02, lr 1.00e-03
    epoch 20: loss 0.9154, val_ap 0.5313, minutes 8.45, lr 1.00e-03
    epoch 21: loss 0.9156, val_ap 0.5299, minutes 8.87, lr 1.00e-03
    epoch 22: loss 0.9143, val_ap 0.5389, minutes 9.32, lr 1.00e-03
    epoch 23: loss 0.9176, val_ap 0.5425, minutes 9.7, lr 1.00e-03
    epoch 24: loss 0.9005, val_ap 0.5384, minutes 10.1, lr 1.00e-03
    epoch 25: loss 0.8972, val_ap 0.5362, minutes 10.51, lr 1.00e-03
    epoch 26: loss 0.8915, val_ap 0.5422, minutes 10.87, lr 1.00e-03
    epoch 27: loss 0.8934, val_ap 0.5373, minutes 11.27, lr 1.00e-03
    epoch 28: loss 0.8877, val_ap 0.5475, minutes 11.67, lr 1.00e-03
    epoch 29: loss 0.8756, val_ap 0.5510, minutes 12.07, lr 1.00e-03
    epoch 30: loss 0.8738, val_ap 0.5486, minutes 12.44, lr 1.00e-03
    epoch 31: loss 0.8777, val_ap 0.5532, minutes 12.83, lr 1.00e-03
    epoch 32: loss 0.8884, val_ap 0.5549, minutes 13.22, lr 1.00e-03
    epoch 33: loss 0.8732, val_ap 0.5528, minutes 13.66, lr 1.00e-03
    epoch 34: loss 0.8603, val_ap 0.5526, minutes 14.06, lr 1.00e-03
    epoch 35: loss 0.8530, val_ap 0.5535, minutes 14.48, lr 1.00e-03
    epoch 36: loss 0.8458, val_ap 0.5601, minutes 14.87, lr 1.00e-03
    epoch 37: loss 0.8557, val_ap 0.5438, minutes 15.23, lr 1.00e-03
    epoch 38: loss 0.8477, val_ap 0.5596, minutes 15.66, lr 1.00e-03
    epoch 39: loss 0.8432, val_ap 0.5598, minutes 16.06, lr 1.00e-03
    epoch 40: loss 0.8322, val_ap 0.5502, minutes 16.45, lr 1.00e-03
    epoch 41: loss 0.8354, val_ap 0.5635, minutes 16.83, lr 1.00e-03
    epoch 42: loss 0.8663, val_ap 0.5598, minutes 17.21, lr 1.00e-03
    epoch 43: loss 0.8526, val_ap 0.5640, minutes 17.57, lr 1.00e-03
    epoch 44: loss 0.8509, val_ap 0.5617, minutes 17.97, lr 1.00e-03
    epoch 45: loss 0.8273, val_ap 0.5642, minutes 18.41, lr 1.00e-03
    epoch 46: loss 0.8068, val_ap 0.5704, minutes 18.78, lr 1.00e-03
    epoch 47: loss 0.8044, val_ap 0.5544, minutes 19.15, lr 1.00e-03
    epoch 48: loss 0.8151, val_ap 0.5745, minutes 19.51, lr 1.00e-03
    epoch 49: loss 0.8143, val_ap 0.5736, minutes 19.86, lr 1.00e-03
    epoch 50: loss 0.8197, val_ap 0.5706, minutes 20.24, lr 1.00e-03
    epoch 51: loss 0.7962, val_ap 0.5551, minutes 20.6, lr 1.00e-03
    epoch 52: loss 0.8005, val_ap 0.5704, minutes 20.97, lr 1.00e-03
    epoch 53: loss 0.8108, val_ap 0.5633, minutes 21.34, lr 1.00e-03
    epoch 54: loss 0.7952, val_ap 0.5717, minutes 21.74, lr 1.00e-03
    epoch 55: loss 0.7888, val_ap 0.5741, minutes 22.14, lr 1.00e-03
    epoch 56: loss 0.8006, val_ap 0.5544, minutes 22.51, lr 1.00e-03
    epoch 57: loss 0.7803, val_ap 0.5726, minutes 22.86, lr 5.00e-04
    epoch 58: loss 0.7764, val_ap 0.5768, minutes 23.24, lr 5.00e-04
    epoch 59: loss 0.7598, val_ap 0.5751, minutes 23.66, lr 5.00e-04
    epoch 60: loss 0.7542, val_ap 0.5761, minutes 24.03, lr 5.00e-04
    epoch 61: loss 0.7547, val_ap 0.5737, minutes 24.41, lr 5.00e-04
    epoch 62: loss 0.7622, val_ap 0.5736, minutes 24.82, lr 5.00e-04
    epoch 63: loss 0.7485, val_ap 0.5722, minutes 25.17, lr 5.00e-04
    epoch 64: loss 0.7446, val_ap 0.5666, minutes 25.58, lr 5.00e-04
    epoch 65: loss 0.7576, val_ap 0.5768, minutes 25.98, lr 5.00e-04
    epoch 66: loss 0.7405, val_ap 0.5696, minutes 26.34, lr 5.00e-04
    epoch 67: loss 0.7397, val_ap 0.5730, minutes 26.74, lr 5.00e-04
    epoch 68: loss 0.7580, val_ap 0.5759, minutes 27.12, lr 5.00e-04
    epoch 69: loss 0.7353, val_ap 0.5733, minutes 27.5, lr 5.00e-04
    epoch 70: loss 0.7242, val_ap 0.5694, minutes 27.89, lr 5.00e-04
    epoch 71: loss 0.7514, val_ap 0.5774, minutes 28.28, lr 5.00e-04
    epoch 72: loss 0.7465, val_ap 0.5775, minutes 28.64, lr 5.00e-04
    epoch 73: loss 0.7350, val_ap 0.5733, minutes 29.04, lr 5.00e-04
    epoch 74: loss 0.7387, val_ap 0.5667, minutes 29.41, lr 5.00e-04
    epoch 75: loss 0.7465, val_ap 0.5665, minutes 29.76, lr 5.00e-04
    epoch 76: loss 0.7278, val_ap 0.5630, minutes 30.11, lr 5.00e-04
    epoch 77: loss 0.7207, val_ap 0.5702, minutes 30.46, lr 5.00e-04
    epoch 78: loss 0.7342, val_ap 0.5697, minutes 30.79, lr 5.00e-04
    epoch 79: loss 0.7394, val_ap 0.5731, minutes 31.12, lr 5.00e-04
    epoch 80: loss 0.7240, val_ap 0.5694, minutes 31.45, lr 5.00e-04
    epoch 81: loss 0.7286, val_ap 0.5725, minutes 31.81, lr 2.50e-04
    epoch 82: loss 0.7171, val_ap 0.5651, minutes 32.14, lr 2.50e-04
    epoch 83: loss 0.7211, val_ap 0.5706, minutes 32.46, lr 2.50e-04
    epoch 84: loss 0.7025, val_ap 0.5679, minutes 32.78, lr 2.50e-04
    epoch 85: loss 0.7072, val_ap 0.5692, minutes 33.1, lr 2.50e-04
    epoch 86: loss 0.7045, val_ap 0.5690, minutes 33.43, lr 2.50e-04
    epoch 87: loss 0.6982, val_ap 0.5698, minutes 33.76, lr 2.50e-04
    epoch 88: loss 0.7079, val_ap 0.5736, minutes 34.08, lr 2.50e-04
    epoch 89: loss 0.6882, val_ap 0.5746, minutes 34.37, lr 2.50e-04
    epoch 90: loss 0.6992, val_ap 0.5710, minutes 34.69, lr 1.25e-04
    epoch 91: loss 0.6954, val_ap 0.5705, minutes 35.0, lr 1.25e-04
    epoch 92: loss 0.6954, val_ap 0.5714, minutes 35.33, lr 1.25e-04
    epoch 93: loss 0.6957, val_ap 0.5712, minutes 35.65, lr 1.25e-04
    epoch 94: loss 0.6913, val_ap 0.5743, minutes 35.97, lr 1.25e-04
    epoch 95: loss 0.6872, val_ap 0.5714, minutes 36.3, lr 1.25e-04
    epoch 96: loss 0.6868, val_ap 0.5721, minutes 36.62, lr 1.25e-04
    epoch 97: loss 0.6776, val_ap 0.5742, minutes 36.95, lr 1.25e-04
    stopping: no validation gain in 25 epochs
[h2gcn_aux dataset0 fold 1] done (37.5 min)
