loaded: dataset0 121,838 sites, data1 90,452
[gps pooled_both fold 2 seed 2]
    epoch 1: loss 1.8885, val_ap 0.1968, minutes 2.54, lr 3.31e-04
    epoch 2: loss 1.5303, val_ap 0.3189, minutes 5.08, lr 6.60e-04
    epoch 3: loss 1.3732, val_ap 0.4330, minutes 7.63, lr 9.87e-04
    epoch 4: loss 1.2938, val_ap 0.4457, minutes 10.21, lr 1.00e-03
    epoch 5: loss 1.2686, val_ap 0.4606, minutes 12.88, lr 1.00e-03
    epoch 6: loss 1.2456, val_ap 0.4668, minutes 15.57, lr 1.00e-03
    epoch 7: loss 1.2210, val_ap 0.4687, minutes 18.25, lr 1.00e-03
    epoch 8: loss 1.1928, val_ap 0.4720, minutes 20.91, lr 1.00e-03
    epoch 9: loss 1.1914, val_ap 0.4745, minutes 23.51, lr 1.00e-03
    epoch 10: loss 1.1720, val_ap 0.4812, minutes 26.03, lr 1.00e-03
    epoch 11: loss 1.1823, val_ap 0.4814, minutes 28.64, lr 1.00e-03
    epoch 12: loss 1.1698, val_ap 0.4748, minutes 31.25, lr 1.00e-03
    epoch 13: loss 1.1701, val_ap 0.4755, minutes 33.87, lr 1.00e-03
    epoch 14: loss 1.1483, val_ap 0.4825, minutes 36.55, lr 1.00e-03
    epoch 15: loss 1.1381, val_ap 0.4825, minutes 39.17, lr 1.00e-03
    epoch 16: loss 1.1319, val_ap 0.4910, minutes 41.71, lr 1.00e-03
    epoch 17: loss 1.1267, val_ap 0.4955, minutes 44.39, lr 1.00e-03
    epoch 18: loss 1.1245, val_ap 0.4838, minutes 46.94, lr 1.00e-03
    epoch 19: loss 1.1199, val_ap 0.4886, minutes 49.52, lr 1.00e-03
    epoch 20: loss 1.1217, val_ap 0.4911, minutes 52.1, lr 1.00e-03
    epoch 21: loss 1.1072, val_ap 0.5021, minutes 54.71, lr 1.00e-03
    epoch 22: loss 1.1015, val_ap 0.4944, minutes 57.35, lr 1.00e-03
    epoch 23: loss 1.1018, val_ap 0.4924, minutes 59.97, lr 1.00e-03
    epoch 24: loss 1.1094, val_ap 0.5020, minutes 62.52, lr 1.00e-03
    epoch 25: loss 1.0950, val_ap 0.4955, minutes 65.12, lr 1.00e-03
    epoch 26: loss 1.0874, val_ap 0.5117, minutes 67.76, lr 1.00e-03
    epoch 27: loss 1.0823, val_ap 0.5086, minutes 70.31, lr 1.00e-03
    epoch 28: loss 1.0790, val_ap 0.5128, minutes 72.87, lr 1.00e-03
    epoch 29: loss 1.0686, val_ap 0.5115, minutes 75.52, lr 1.00e-03
    epoch 30: loss 1.0692, val_ap 0.5115, minutes 78.18, lr 1.00e-03
    epoch 31: loss 1.0616, val_ap 0.5083, minutes 80.77, lr 1.00e-03
    epoch 32: loss 1.0545, val_ap 0.5027, minutes 83.24, lr 1.00e-03
    epoch 33: loss 1.0364, val_ap 0.5120, minutes 85.85, lr 1.00e-03
    epoch 34: loss 1.0456, val_ap 0.5136, minutes 88.43, lr 1.00e-03
    epoch 35: loss 1.0351, val_ap 0.5206, minutes 90.97, lr 1.00e-03
    epoch 36: loss 1.0236, val_ap 0.5129, minutes 93.51, lr 1.00e-03
    epoch 37: loss 1.0108, val_ap 0.5113, minutes 96.05, lr 1.00e-03
    epoch 38: loss 1.0146, val_ap 0.5083, minutes 98.64, lr 1.00e-03
    epoch 39: loss 1.0030, val_ap 0.5107, minutes 101.15, lr 1.00e-03
    epoch 40: loss 0.9926, val_ap 0.5024, minutes 103.65, lr 1.00e-03
    epoch 41: loss 0.9877, val_ap 0.5020, minutes 106.25, lr 1.00e-03
    epoch 42: loss 0.9782, val_ap 0.4919, minutes 108.68, lr 1.00e-03
    epoch 43: loss 0.9802, val_ap 0.4909, minutes 111.18, lr 1.00e-03
    epoch 44: loss 0.9676, val_ap 0.4694, minutes 113.65, lr 5.00e-04
    epoch 45: loss 0.9376, val_ap 0.4831, minutes 116.2, lr 5.00e-04
    epoch 46: loss 0.9314, val_ap 0.4692, minutes 118.71, lr 5.00e-04
    epoch 47: loss 0.9168, val_ap 0.4744, minutes 121.08, lr 5.00e-04
    epoch 48: loss 0.9157, val_ap 0.4693, minutes 123.55, lr 5.00e-04
    epoch 49: loss 0.9134, val_ap 0.4788, minutes 125.93, lr 5.00e-04
    epoch 50: loss 0.9074, val_ap 0.4753, minutes 128.33, lr 5.00e-04
    epoch 51: loss 0.9053, val_ap 0.4687, minutes 130.71, lr 5.00e-04
    epoch 52: loss 0.8944, val_ap 0.4723, minutes 132.92, lr 5.00e-04
    epoch 53: loss 0.8777, val_ap 0.4759, minutes 135.0, lr 2.50e-04
    epoch 54: loss 0.8688, val_ap 0.4603, minutes 136.99, lr 2.50e-04
    epoch 55: loss 0.8689, val_ap 0.4626, minutes 138.87, lr 2.50e-04
    epoch 56: loss 0.8617, val_ap 0.4664, minutes 140.63, lr 2.50e-04
    epoch 57: loss 0.8631, val_ap 0.4632, minutes 142.2, lr 2.50e-04
    epoch 58: loss 0.8590, val_ap 0.4566, minutes 143.74, lr 2.50e-04
    epoch 59: loss 0.8501, val_ap 0.4626, minutes 145.16, lr 2.50e-04
    epoch 60: loss 0.8508, val_ap 0.4512, minutes 146.58, lr 2.50e-04
    stopping: no validation gain in 25 epochs
[gps pooled_both fold 2 seed 2] done (147.1 min)
