start baseline
start fit --model set_transformer --fold 0 --arm dataset0
start fit --model set_transformer --fold 0 --arm pooled_both
start fit --model set_transformer --fold 1 --arm dataset0
start fit --model set_transformer --fold 1 --arm pooled_both
start fit --model set_transformer --fold 2 --arm dataset0
start fit --model set_transformer --fold 2 --arm pooled_both
start fit --model set_transformer --fold 3 --arm dataset0
start fit --model set_transformer --fold 3 --arm pooled_both
start fit --model set_transformer --fold 4 --arm dataset0
start fit --model set_transformer --fold 4 --arm pooled_both
start fit --model gat --fold 0 --arm dataset0
start fit --model gat --fold 0 --arm pooled_both
start fit --model gat --fold 1 --arm dataset0
start fit --model gat --fold 1 --arm pooled_both
start fit --model gat --fold 2 --arm dataset0
done baseline
start fit --model gat --fold 2 --arm pooled_both
done fit --model gat --fold 1 --arm dataset0
start fit --model gat --fold 3 --arm dataset0
done fit --model gat --fold 0 --arm dataset0
start fit --model gat --fold 3 --arm pooled_both
done fit --model gat --fold 2 --arm dataset0
start fit --model gat --fold 4 --arm dataset0
done fit --model gat --fold 1 --arm pooled_both
start fit --model gat --fold 4 --arm pooled_both
done fit --model gat --fold 2 --arm pooled_both
start fit --model h2gcn --fold 0 --arm dataset0
done fit --model gat --fold 0 --arm pooled_both
start fit --model h2gcn --fold 0 --arm pooled_both
done fit --model set_transformer --fold 4 --arm dataset0
start fit --model h2gcn --fold 1 --arm dataset0
done fit --model set_transformer --fold 3 --arm dataset0
start fit --model h2gcn --fold 1 --arm pooled_both
done fit --model gat --fold 3 --arm dataset0
start fit --model h2gcn --fold 2 --arm dataset0
done fit --model gat --fold 4 --arm dataset0
start fit --model h2gcn --fold 2 --arm pooled_both
done fit --model h2gcn --fold 0 --arm pooled_both
start fit --model h2gcn --fold 3 --arm dataset0
done fit --model h2gcn --fold 1 --arm dataset0
start fit --model h2gcn --fold 3 --arm pooled_both
done fit --model h2gcn --fold 0 --arm dataset0
start fit --model h2gcn --fold 4 --arm dataset0
done fit --model set_transformer --fold 0 --arm dataset0
start fit --model h2gcn --fold 4 --arm pooled_both
done fit --model set_transformer --fold 1 --arm dataset0
start fit --model gcn --fold 0 --arm dataset0
done fit --model gat --fold 3 --arm pooled_both
start fit --model gcn --fold 0 --arm pooled_both
done fit --model set_transformer --fold 3 --arm pooled_both
start fit --model gcn --fold 1 --arm dataset0
done fit --model h2gcn --fold 1 --arm pooled_both
start fit --model gcn --fold 1 --arm pooled_both
done fit --model set_transformer --fold 1 --arm pooled_both
start fit --model gcn --fold 2 --arm dataset0
done fit --model h2gcn --fold 2 --arm dataset0
start fit --model gcn --fold 2 --arm pooled_both
done fit --model h2gcn --fold 2 --arm pooled_both
start fit --model gcn --fold 3 --arm dataset0
done fit --model h2gcn --fold 3 --arm dataset0
start fit --model gcn --fold 3 --arm pooled_both
done fit --model gat --fold 4 --arm pooled_both
start fit --model gcn --fold 4 --arm dataset0
done fit --model gcn --fold 0 --arm dataset0
start fit --model gcn --fold 4 --arm pooled_both
done fit --model set_transformer --fold 2 --arm dataset0
start fit --model deepset_hand --fold 0 --arm dataset0
done fit --model set_transformer --fold 4 --arm pooled_both
start fit --model deepset_hand --fold 0 --arm pooled_both
done fit --model h2gcn --fold 4 --arm dataset0
start fit --model deepset_hand --fold 1 --arm dataset0
done fit --model h2gcn --fold 3 --arm pooled_both
start fit --model deepset_hand --fold 1 --arm pooled_both
done fit --model deepset_hand --fold 0 --arm dataset0
start fit --model deepset_hand --fold 2 --arm dataset0
done fit --model deepset_hand --fold 1 --arm dataset0
start fit --model deepset_hand --fold 2 --arm pooled_both
done fit --model gcn --fold 4 --arm dataset0
start fit --model deepset_hand --fold 3 --arm dataset0
done fit --model deepset_hand --fold 0 --arm pooled_both
start fit --model deepset_hand --fold 3 --arm pooled_both
done fit --model gcn --fold 0 --arm pooled_both
start fit --model deepset_hand --fold 4 --arm dataset0
done fit --model gcn --fold 2 --arm pooled_both
start fit --model deepset_hand --fold 4 --arm pooled_both
done fit --model deepset_hand --fold 2 --arm dataset0
start fit --model attn_mil --fold 0 --arm dataset0
done fit --model deepset_hand --fold 1 --arm pooled_both
start fit --model attn_mil --fold 0 --arm pooled_both
done fit --model deepset_hand --fold 3 --arm dataset0
start fit --model attn_mil --fold 1 --arm dataset0
done fit --model gcn --fold 2 --arm dataset0
start fit --model attn_mil --fold 1 --arm pooled_both
done fit --model deepset_hand --fold 2 --arm pooled_both
start fit --model attn_mil --fold 2 --arm dataset0
done fit --model gcn --fold 1 --arm pooled_both
start fit --model attn_mil --fold 2 --arm pooled_both
done fit --model deepset_hand --fold 4 --arm dataset0
start fit --model attn_mil --fold 3 --arm dataset0
done fit --model deepset_hand --fold 3 --arm pooled_both
start fit --model attn_mil --fold 3 --arm pooled_both
done fit --model gcn --fold 1 --arm dataset0
start fit --model attn_mil --fold 4 --arm dataset0
done fit --model deepset_hand --fold 4 --arm pooled_both
start fit --model attn_mil --fold 4 --arm pooled_both
done fit --model gcn --fold 3 --arm pooled_both
start fit --model deepset --fold 0 --arm dataset0
done fit --model gcn --fold 3 --arm dataset0
start fit --model deepset --fold 0 --arm pooled_both
done fit --model attn_mil --fold 2 --arm dataset0
start fit --model deepset --fold 1 --arm dataset0
done fit --model attn_mil --fold 1 --arm dataset0
start fit --model deepset --fold 1 --arm pooled_both
done fit --model gcn --fold 4 --arm pooled_both
start fit --model deepset --fold 2 --arm dataset0
done fit --model attn_mil --fold 0 --arm dataset0
start fit --model deepset --fold 2 --arm pooled_both
done fit --model attn_mil --fold 3 --arm dataset0
start fit --model deepset --fold 3 --arm dataset0
done fit --model h2gcn --fold 4 --arm pooled_both
start fit --model deepset --fold 3 --arm pooled_both
done fit --model attn_mil --fold 4 --arm dataset0
start fit --model deepset --fold 4 --arm dataset0
done fit --model attn_mil --fold 0 --arm pooled_both
done fit --model deepset --fold 0 --arm dataset0
start fit --model deepset --fold 4 --arm pooled_both
done fit --model deepset --fold 1 --arm dataset0
done fit --model set_transformer --fold 0 --arm pooled_both
done fit --model attn_mil --fold 1 --arm pooled_both
done fit --model attn_mil --fold 2 --arm pooled_both
done fit --model set_transformer --fold 2 --arm pooled_both
done fit --model deepset --fold 0 --arm pooled_both
done fit --model attn_mil --fold 4 --arm pooled_both
done fit --model deepset --fold 2 --arm dataset0
done fit --model deepset --fold 1 --arm pooled_both
done fit --model deepset --fold 4 --arm dataset0
done fit --model deepset --fold 3 --arm dataset0
done fit --model deepset --fold 2 --arm pooled_both
done fit --model attn_mil --fold 3 --arm pooled_both
done fit --model deepset --fold 3 --arm pooled_both
done fit --model deepset --fold 4 --arm pooled_both
loaded: dataset0 121,838 sites, data1 90,452

Cross-source: deepset (network) minus lightgbm_quantiles
--------------------------------------------------------
             dataset0 gain     dataset0 95% CI  data1 gain        data1 95% CI  mean gain  worst gain eligible
trained on                                                                                                    
dataset0           +0.0454  [+0.0355, +0.0557]     +0.0175  [+0.0088, +0.0255]    +0.0314     +0.0175      yes
pooled_both        +0.0469  [+0.0358, +0.0586]     +0.0202  [+0.0112, +0.0302]    +0.0336     +0.0202      yes
Each row: deepset (network) and lightgbm_quantiles trained the same way, both scored on the
held-out genes of each file against that file's labels. Selection rule
(0032): rank on the worse gain; veto if it is below -0.005.
Headline arm (what ships today): dataset0.

Raw PR AUC (not comparable across files: positive rates 4.5% vs 7.3%):
             dataset0 PR AUC  data1 PR AUC  dataset0 baseline  data1 baseline
trained on                                                                   
dataset0              0.5213        0.3893             0.4759          0.3719
pooled_both           0.5192        0.4119             0.4723          0.3917

Crossed test on the sites in both files (trained on dataset0), gain over lightgbm_quantiles:
     measurements    labels   gain  ci_low  ci_high
cell                                               
A        dataset0  dataset0 0.0441  0.0302   0.0569
B        dataset0     data1 0.0290  0.0197   0.0369
C           data1  dataset0 0.0355  0.0229   0.0483
D           data1     data1 0.0166  0.0075   0.0263
A->B: the labelling changes. A->C: the sequencing run changes. A gain that
survives A->C but not A->B is tied to dataset0's labelling.

data1 genes absent from dataset0 (12,061 sites): gain +0.0162 [-0.0024, +0.0351] - compare with cell D for the gene-population effect.
wandb: [wandb.login()] Loaded credentials for https://api.wandb.ai from WANDB_API_KEY.
wandb: Currently logged in as: jinthau-siah (dsa4262-team) to https://api.wandb.ai. Use `wandb login --relogin` to force relogin
wandb: setting up run nc3hx3no
wandb: Tracking run with wandb version 0.30.0
wandb: Run data is saved locally in /mnt/sdd/DSA4262/wandb/run-20261002_141003-nc3hx3no
wandb: Run `wandb offline` to turn off syncing.
wandb: Syncing run deepset_nn__xsrc
wandb: ⭐️ View project at https://wandb.ai/dsa4262-team/dsa4262-project
wandb: 🚀 View run at https://wandb.ai/dsa4262-team/dsa4262-project/runs/nc3hx3no
wandb: updating run metadata; uploading artifact deepset_nn__xsrc-report
wandb: uploading artifact deepset_nn__xsrc-report
wandb: uploading wandb-metadata.json; uploading requirements.txt; uploading wandb-summary.json; uploading config.yaml
wandb: uploading wandb-metadata.json; uploading requirements.txt; uploading config.yaml
wandb: uploading requirements.txt
wandb: 
wandb: Run history:
wandb:     curve/xsrc/arm/data1_gain ▁█
wandb:  curve/xsrc/arm/dataset0_gain ▁█
wandb:      curve/xsrc/arm/gain_mean ▁█
wandb:          curve/xsrc/arm/index ▁█
wandb:       curve/xsrc/crossed/cell ▁▃▆█
wandb:    curve/xsrc/crossed/ci_high █▃▆▁
wandb:     curve/xsrc/crossed/ci_low █▅▆▁
wandb:       curve/xsrc/crossed/gain █▄▆▁
wandb:    curve/xsrc/diag/data1_gain ▁
wandb: curve/xsrc/diag/dataset0_gain ▅▁█▁█▃▃
wandb:                           +70 ...
wandb: 
wandb: Run summary:
wandb: xsrc/crossed/A/baseline_pr_auc 0.5125
wandb:         xsrc/crossed/A/ci_high 0.05685
wandb:          xsrc/crossed/A/ci_low 0.03017
wandb:            xsrc/crossed/A/gain 0.04409
wandb:          xsrc/crossed/A/pr_auc 0.55658
wandb: xsrc/crossed/B/baseline_pr_auc 0.36517
wandb:         xsrc/crossed/B/ci_high 0.03687
wandb:          xsrc/crossed/B/ci_low 0.01967
wandb:            xsrc/crossed/B/gain 0.02904
wandb:          xsrc/crossed/B/pr_auc 0.39421
wandb:                            +51 ...
wandb: 
wandb: 🚀 View run deepset_nn__xsrc at: https://wandb.ai/dsa4262-team/dsa4262-project/runs/nc3hx3no
wandb: ⭐️ View project at: https://wandb.ai/dsa4262-team/dsa4262-project
wandb: Synced 4 W&B file(s), 0 media file(s), 2 artifact file(s) and 0 other file(s)
wandb: Find logs at: ./wandb/run-20261002_141003-nc3hx3no/logs
  logged to W&B: https://wandb.ai/dsa4262-team/dsa4262-project/runs/nc3hx3no
deepset: worst +0.0175  mean +0.0314  -> /mnt/sdd/DSA4262/analysis/representation/results/deepset_nn__xsrc.json

Cross-source: set_transformer (network) minus lightgbm_quantiles
----------------------------------------------------------------
             dataset0 gain     dataset0 95% CI  data1 gain        data1 95% CI  mean gain  worst gain eligible
trained on                                                                                                    
dataset0           +0.0249  [+0.0124, +0.0369]     +0.0053  [-0.0032, +0.0150]    +0.0151     +0.0053      yes
pooled_both        +0.0433  [+0.0295, +0.0556]     +0.0155  [+0.0058, +0.0250]    +0.0294     +0.0155      yes
Each row: set_transformer (network) and lightgbm_quantiles trained the same way, both scored on the
held-out genes of each file against that file's labels. Selection rule
(0032): rank on the worse gain; veto if it is below -0.005.
Headline arm (what ships today): dataset0.

Raw PR AUC (not comparable across files: positive rates 4.5% vs 7.3%):
             dataset0 PR AUC  data1 PR AUC  dataset0 baseline  data1 baseline
trained on                                                                   
dataset0              0.5009        0.3772             0.4759          0.3719
pooled_both           0.5156        0.4072             0.4723          0.3917

Crossed test on the sites in both files (trained on dataset0), gain over lightgbm_quantiles:
     measurements    labels   gain  ci_low  ci_high
cell                                               
A        dataset0  dataset0 0.0369  0.0213   0.0525
B        dataset0     data1 0.0194  0.0094   0.0299
C           data1  dataset0 0.0272  0.0115   0.0425
D           data1     data1 0.0017 -0.0089   0.0135
A->B: the labelling changes. A->C: the sequencing run changes. A gain that
survives A->C but not A->B is tied to dataset0's labelling.

data1 genes absent from dataset0 (12,061 sites): gain +0.0184 [-0.0021, +0.0435] - compare with cell D for the gene-population effect.

vs deepset alone (same arms, same genes):
  dataset0     dataset0 -0.0204  data1 -0.0122  worst -0.0204
  pooled_both  dataset0 -0.0036  data1 -0.0047  worst -0.0047
wandb: setting up run ac3eh9ic
wandb: Tracking run with wandb version 0.30.0
wandb: Run data is saved locally in /mnt/sdd/DSA4262/wandb/run-20261002_141538-ac3eh9ic
wandb: Run `wandb offline` to turn off syncing.
wandb: Syncing run set_transformer_nn__xsrc
wandb: ⭐️ View project at https://wandb.ai/dsa4262-team/dsa4262-project
wandb: 🚀 View run at https://wandb.ai/dsa4262-team/dsa4262-project/runs/ac3eh9ic
wandb: updating run metadata; uploading artifact set_transformer_nn__xsrc-report
wandb: uploading artifact set_transformer_nn__xsrc-report
wandb: uploading wandb-metadata.json; uploading requirements.txt; uploading wandb-summary.json; uploading config.yaml
wandb: uploading wandb-metadata.json; uploading wandb-summary.json; uploading config.yaml
wandb: uploading history steps 0-7, summary
wandb: 
wandb: Run history:
wandb:     curve/xsrc/arm/data1_gain ▁█
wandb:  curve/xsrc/arm/dataset0_gain ▁█
wandb:      curve/xsrc/arm/gain_mean ▁█
wandb:          curve/xsrc/arm/index ▁█
wandb:       curve/xsrc/crossed/cell ▁▃▆█
wandb:    curve/xsrc/crossed/ci_high █▄▆▁
wandb:     curve/xsrc/crossed/ci_low █▅▆▁
wandb:       curve/xsrc/crossed/gain █▅▆▁
wandb:    curve/xsrc/diag/data1_gain ▁
wandb: curve/xsrc/diag/dataset0_gain ▄▁█▁█▃▃
wandb:                           +76 ...
wandb: 
wandb: Run summary:
wandb:       vs_deepset/dataset0/data1/gain -0.01216
wandb:    vs_deepset/dataset0/dataset0/gain -0.02044
wandb:       vs_deepset/dataset0/gain_worst -0.02044
wandb:    vs_deepset/pooled_both/data1/gain -0.00474
wandb: vs_deepset/pooled_both/dataset0/gain -0.00356
wandb:    vs_deepset/pooled_both/gain_worst -0.00474
wandb:       xsrc/crossed/A/baseline_pr_auc 0.5125
wandb:               xsrc/crossed/A/ci_high 0.05253
wandb:                xsrc/crossed/A/ci_low 0.02125
wandb:                  xsrc/crossed/A/gain 0.03687
wandb:                                  +57 ...
wandb: 
wandb: 🚀 View run set_transformer_nn__xsrc at: https://wandb.ai/dsa4262-team/dsa4262-project/runs/ac3eh9ic
wandb: ⭐️ View project at: https://wandb.ai/dsa4262-team/dsa4262-project
wandb: Synced 4 W&B file(s), 0 media file(s), 2 artifact file(s) and 0 other file(s)
wandb: Find logs at: ./wandb/run-20261002_141538-ac3eh9ic/logs
  logged to W&B: https://wandb.ai/dsa4262-team/dsa4262-project/runs/ac3eh9ic
set_transformer: worst +0.0053  mean +0.0151  -> /mnt/sdd/DSA4262/analysis/representation/results/set_transformer_nn__xsrc.json

Cross-source: gat (network) minus lightgbm_quantiles
----------------------------------------------------
             dataset0 gain     dataset0 95% CI  data1 gain        data1 95% CI  mean gain  worst gain eligible
trained on                                                                                                    
dataset0           +0.0441  [+0.0260, +0.0596]     -0.0007  [-0.0120, +0.0115]    +0.0217     -0.0007      yes
pooled_both        +0.0476  [+0.0311, +0.0634]     -0.0002  [-0.0123, +0.0121]    +0.0237     -0.0002      yes
Each row: gat (network) and lightgbm_quantiles trained the same way, both scored on the
held-out genes of each file against that file's labels. Selection rule
(0032): rank on the worse gain; veto if it is below -0.005.
Headline arm (what ships today): dataset0.

Raw PR AUC (not comparable across files: positive rates 4.5% vs 7.3%):
             dataset0 PR AUC  data1 PR AUC  dataset0 baseline  data1 baseline
trained on                                                                   
dataset0              0.5200        0.3712             0.4759          0.3719
pooled_both           0.5199        0.3915             0.4723          0.3917

Crossed test on the sites in both files (trained on dataset0), gain over lightgbm_quantiles:
     measurements    labels   gain  ci_low  ci_high
cell                                               
A        dataset0  dataset0 0.0258  0.0048   0.0477
B        dataset0     data1 0.0150  0.0008   0.0307
C           data1  dataset0 0.0088 -0.0119   0.0272
D           data1     data1 0.0002 -0.0153   0.0149
A->B: the labelling changes. A->C: the sequencing run changes. A gain that
survives A->C but not A->B is tied to dataset0's labelling.

data1 genes absent from dataset0 (12,061 sites): gain -0.0022 [-0.0276, +0.0242] - compare with cell D for the gene-population effect.

vs deepset alone (same arms, same genes):
  dataset0     dataset0 -0.0013  data1 -0.0182  worst -0.0182
  pooled_both  dataset0 +0.0007  data1 -0.0204  worst -0.0204
wandb: setting up run qld8to8r
wandb: Tracking run with wandb version 0.30.0
wandb: Run data is saved locally in /mnt/sdd/DSA4262/wandb/run-20261002_142113-qld8to8r
wandb: Run `wandb offline` to turn off syncing.
wandb: Syncing run gat_nn__xsrc
wandb: ⭐️ View project at https://wandb.ai/dsa4262-team/dsa4262-project
wandb: 🚀 View run at https://wandb.ai/dsa4262-team/dsa4262-project/runs/qld8to8r
wandb: updating run metadata; uploading artifact gat_nn__xsrc-report
wandb: uploading artifact gat_nn__xsrc-report
wandb: uploading wandb-metadata.json; uploading requirements.txt; uploading wandb-summary.json; uploading config.yaml
wandb: uploading requirements.txt; uploading wandb-summary.json; uploading config.yaml
wandb: 
wandb: Run history:
wandb:     curve/xsrc/arm/data1_gain ▁█
wandb:  curve/xsrc/arm/dataset0_gain ▁█
wandb:      curve/xsrc/arm/gain_mean ▁█
wandb:          curve/xsrc/arm/index ▁█
wandb:       curve/xsrc/crossed/cell ▁▃▆█
wandb:    curve/xsrc/crossed/ci_high █▄▄▁
wandb:     curve/xsrc/crossed/ci_low █▇▂▁
wandb:       curve/xsrc/crossed/gain █▅▃▁
wandb:    curve/xsrc/diag/data1_gain ▁
wandb: curve/xsrc/diag/dataset0_gain ▅▁█▁█▃▃
wandb:                           +76 ...
wandb: 
wandb: Run summary:
wandb:       vs_deepset/dataset0/data1/gain -0.01816
wandb:    vs_deepset/dataset0/dataset0/gain -0.0013
wandb:       vs_deepset/dataset0/gain_worst -0.01816
wandb:    vs_deepset/pooled_both/data1/gain -0.02039
wandb: vs_deepset/pooled_both/dataset0/gain 0.00074
wandb:    vs_deepset/pooled_both/gain_worst -0.02039
wandb:       xsrc/crossed/A/baseline_pr_auc 0.5125
wandb:               xsrc/crossed/A/ci_high 0.04775
wandb:                xsrc/crossed/A/ci_low 0.00481
wandb:                  xsrc/crossed/A/gain 0.02581
wandb:                                  +57 ...
wandb: 
wandb: 🚀 View run gat_nn__xsrc at: https://wandb.ai/dsa4262-team/dsa4262-project/runs/qld8to8r
wandb: ⭐️ View project at: https://wandb.ai/dsa4262-team/dsa4262-project
wandb: Synced 4 W&B file(s), 0 media file(s), 2 artifact file(s) and 0 other file(s)
wandb: Find logs at: ./wandb/run-20261002_142113-qld8to8r/logs
  logged to W&B: https://wandb.ai/dsa4262-team/dsa4262-project/runs/qld8to8r
gat: worst -0.0007  mean +0.0217  -> /mnt/sdd/DSA4262/analysis/representation/results/gat_nn__xsrc.json

Cross-source: h2gcn (network) minus lightgbm_quantiles
------------------------------------------------------
             dataset0 gain     dataset0 95% CI  data1 gain        data1 95% CI  mean gain  worst gain eligible
trained on                                                                                                    
dataset0           +0.0890  [+0.0724, +0.1042]     +0.0279  [+0.0172, +0.0397]    +0.0584     +0.0279      yes
pooled_both        +0.0981  [+0.0825, +0.1121]     +0.0364  [+0.0239, +0.0482]    +0.0673     +0.0364      yes
Each row: h2gcn (network) and lightgbm_quantiles trained the same way, both scored on the
held-out genes of each file against that file's labels. Selection rule
(0032): rank on the worse gain; veto if it is below -0.005.
Headline arm (what ships today): dataset0.

Raw PR AUC (not comparable across files: positive rates 4.5% vs 7.3%):
             dataset0 PR AUC  data1 PR AUC  dataset0 baseline  data1 baseline
trained on                                                                   
dataset0              0.5649        0.3997             0.4759          0.3719
pooled_both           0.5704        0.4281             0.4723          0.3917

Crossed test on the sites in both files (trained on dataset0), gain over lightgbm_quantiles:
     measurements    labels   gain  ci_low  ci_high
cell                                               
A        dataset0  dataset0 0.0674  0.0474   0.0871
B        dataset0     data1 0.0376  0.0260   0.0502
C           data1  dataset0 0.0589  0.0401   0.0777
D           data1     data1 0.0305  0.0192   0.0450
A->B: the labelling changes. A->C: the sequencing run changes. A gain that
survives A->C but not A->B is tied to dataset0's labelling.

data1 genes absent from dataset0 (12,061 sites): gain +0.0359 [+0.0118, +0.0618] - compare with cell D for the gene-population effect.

vs deepset alone (same arms, same genes):
  dataset0     dataset0 +0.0436  data1 +0.0104  worst +0.0104
  pooled_both  dataset0 +0.0512  data1 +0.0162  worst +0.0162
wandb: setting up run 7kho5pzl
wandb: Tracking run with wandb version 0.30.0
wandb: Run data is saved locally in /mnt/sdd/DSA4262/wandb/run-20261002_142648-7kho5pzl
wandb: Run `wandb offline` to turn off syncing.
wandb: Syncing run h2gcn_nn__xsrc
wandb: ⭐️ View project at https://wandb.ai/dsa4262-team/dsa4262-project
wandb: 🚀 View run at https://wandb.ai/dsa4262-team/dsa4262-project/runs/7kho5pzl
wandb: updating run metadata; uploading artifact h2gcn_nn__xsrc-report
wandb: uploading artifact h2gcn_nn__xsrc-report
wandb: uploading wandb-metadata.json; uploading requirements.txt; uploading config.yaml
wandb: uploading history steps 0-7, summary
wandb: 
wandb: Run history:
wandb:     curve/xsrc/arm/data1_gain ▁█
wandb:  curve/xsrc/arm/dataset0_gain ▁█
wandb:      curve/xsrc/arm/gain_mean ▁█
wandb:          curve/xsrc/arm/index ▁█
wandb:       curve/xsrc/crossed/cell ▁▃▆█
wandb:    curve/xsrc/crossed/ci_high █▂▆▁
wandb:     curve/xsrc/crossed/ci_low █▃▆▁
wandb:       curve/xsrc/crossed/gain █▂▆▁
wandb:    curve/xsrc/diag/data1_gain ▁
wandb: curve/xsrc/diag/dataset0_gain ▇▁█▁█▃▃
wandb:                           +76 ...
wandb: 
wandb: Run summary:
wandb:       vs_deepset/dataset0/data1/gain 0.0104
wandb:    vs_deepset/dataset0/dataset0/gain 0.04362
wandb:       vs_deepset/dataset0/gain_worst 0.0104
wandb:    vs_deepset/pooled_both/data1/gain 0.0162
wandb: vs_deepset/pooled_both/dataset0/gain 0.05118
wandb:    vs_deepset/pooled_both/gain_worst 0.0162
wandb:       xsrc/crossed/A/baseline_pr_auc 0.5125
wandb:               xsrc/crossed/A/ci_high 0.08711
wandb:                xsrc/crossed/A/ci_low 0.04737
wandb:                  xsrc/crossed/A/gain 0.06744
wandb:                                  +57 ...
wandb: 
wandb: 🚀 View run h2gcn_nn__xsrc at: https://wandb.ai/dsa4262-team/dsa4262-project/runs/7kho5pzl
wandb: ⭐️ View project at: https://wandb.ai/dsa4262-team/dsa4262-project
wandb: Synced 4 W&B file(s), 0 media file(s), 2 artifact file(s) and 0 other file(s)
wandb: Find logs at: ./wandb/run-20261002_142648-7kho5pzl/logs
  logged to W&B: https://wandb.ai/dsa4262-team/dsa4262-project/runs/7kho5pzl
h2gcn: worst +0.0279  mean +0.0584  -> /mnt/sdd/DSA4262/analysis/representation/results/h2gcn_nn__xsrc.json

Cross-source: gcn (network) minus lightgbm_quantiles
----------------------------------------------------
             dataset0 gain     dataset0 95% CI  data1 gain        data1 95% CI  mean gain  worst gain eligible
trained on                                                                                                    
dataset0           -0.1398  [-0.1603, -0.1182]     -0.0950  [-0.1092, -0.0796]    -0.1174     -0.1398   VETOED
pooled_both        -0.1290  [-0.1505, -0.1101]     -0.0993  [-0.1158, -0.0824]    -0.1142     -0.1290   VETOED
Each row: gcn (network) and lightgbm_quantiles trained the same way, both scored on the
held-out genes of each file against that file's labels. Selection rule
(0032): rank on the worse gain; veto if it is below -0.005.
Headline arm (what ships today): dataset0.

Raw PR AUC (not comparable across files: positive rates 4.5% vs 7.3%):
             dataset0 PR AUC  data1 PR AUC  dataset0 baseline  data1 baseline
trained on                                                                   
dataset0              0.3361        0.2769             0.4759          0.3719
pooled_both           0.3433        0.2923             0.4723          0.3917

Crossed test on the sites in both files (trained on dataset0), gain over lightgbm_quantiles:
     measurements    labels    gain  ci_low  ci_high
cell                                                
A        dataset0  dataset0 -0.1730 -0.2008  -0.1452
B        dataset0     data1 -0.0878 -0.1035  -0.0711
C           data1  dataset0 -0.1794 -0.2071  -0.1525
D           data1     data1 -0.0973 -0.1142  -0.0811
A->B: the labelling changes. A->C: the sequencing run changes. A gain that
survives A->C but not A->B is tied to dataset0's labelling.

data1 genes absent from dataset0 (12,061 sites): gain -0.0695 [-0.0996, -0.0363] - compare with cell D for the gene-population effect.

vs deepset alone (same arms, same genes):
  dataset0     dataset0 -0.1852  data1 -0.1124  worst -0.1852
  pooled_both  dataset0 -0.1759  data1 -0.1196  worst -0.1759
wandb: setting up run lb0j81h2
wandb: Tracking run with wandb version 0.30.0
wandb: Run data is saved locally in /mnt/sdd/DSA4262/wandb/run-20261002_143206-lb0j81h2
wandb: Run `wandb offline` to turn off syncing.
wandb: Syncing run gcn_nn__xsrc
wandb: ⭐️ View project at https://wandb.ai/dsa4262-team/dsa4262-project
wandb: 🚀 View run at https://wandb.ai/dsa4262-team/dsa4262-project/runs/lb0j81h2
wandb: updating run metadata; uploading artifact gcn_nn__xsrc-report
wandb: uploading artifact gcn_nn__xsrc-report
wandb: uploading wandb-summary.json; uploading config.yaml; uploading wandb-metadata.json; uploading requirements.txt
wandb: uploading wandb-metadata.json; uploading requirements.txt
wandb: uploading history steps 0-7, summary
wandb: 
wandb: Run history:
wandb:     curve/xsrc/arm/data1_gain █▁
wandb:  curve/xsrc/arm/dataset0_gain ▁█
wandb:      curve/xsrc/arm/gain_mean ▁█
wandb:          curve/xsrc/arm/index ▁█
wandb:       curve/xsrc/crossed/cell ▁▃▆█
wandb:    curve/xsrc/crossed/ci_high ▂█▁▇
wandb:     curve/xsrc/crossed/ci_low ▁█▁▇
wandb:       curve/xsrc/crossed/gain ▁█▁▇
wandb:    curve/xsrc/diag/data1_gain ▁
wandb: curve/xsrc/diag/dataset0_gain ▁▄█▄█▅▅
wandb:                           +76 ...
wandb: 
wandb: Run summary:
wandb:       vs_deepset/dataset0/data1/gain -0.1124
wandb:    vs_deepset/dataset0/dataset0/gain -0.18517
wandb:       vs_deepset/dataset0/gain_worst -0.18517
wandb:    vs_deepset/pooled_both/data1/gain -0.11956
wandb: vs_deepset/pooled_both/dataset0/gain -0.17593
wandb:    vs_deepset/pooled_both/gain_worst -0.17593
wandb:       xsrc/crossed/A/baseline_pr_auc 0.5125
wandb:               xsrc/crossed/A/ci_high -0.14519
wandb:                xsrc/crossed/A/ci_low -0.20076
wandb:                  xsrc/crossed/A/gain -0.173
wandb:                                  +57 ...
wandb: 
wandb: 🚀 View run gcn_nn__xsrc at: https://wandb.ai/dsa4262-team/dsa4262-project/runs/lb0j81h2
wandb: ⭐️ View project at: https://wandb.ai/dsa4262-team/dsa4262-project
wandb: Synced 4 W&B file(s), 0 media file(s), 2 artifact file(s) and 0 other file(s)
wandb: Find logs at: ./wandb/run-20261002_143206-lb0j81h2/logs
  logged to W&B: https://wandb.ai/dsa4262-team/dsa4262-project/runs/lb0j81h2
gcn: worst -0.1398  mean -0.1174  -> /mnt/sdd/DSA4262/analysis/representation/results/gcn_nn__xsrc.json

Cross-source: deepset_hand (network) minus lightgbm_quantiles
-------------------------------------------------------------
             dataset0 gain     dataset0 95% CI  data1 gain        data1 95% CI  mean gain  worst gain eligible
trained on                                                                                                    
dataset0           +0.0066  [-0.0048, +0.0182]     -0.0032  [-0.0111, +0.0049]    +0.0017     -0.0032      yes
pooled_both        +0.0309  [+0.0206, +0.0404]     +0.0067  [-0.0018, +0.0148]    +0.0188     +0.0067      yes
Each row: deepset_hand (network) and lightgbm_quantiles trained the same way, both scored on the
held-out genes of each file against that file's labels. Selection rule
(0032): rank on the worse gain; veto if it is below -0.005.
Headline arm (what ships today): dataset0.

Raw PR AUC (not comparable across files: positive rates 4.5% vs 7.3%):
             dataset0 PR AUC  data1 PR AUC  dataset0 baseline  data1 baseline
trained on                                                                   
dataset0              0.4825        0.3687             0.4759          0.3719
pooled_both           0.5032        0.3984             0.4723          0.3917

Crossed test on the sites in both files (trained on dataset0), gain over lightgbm_quantiles:
     measurements    labels    gain  ci_low  ci_high
cell                                                
A        dataset0  dataset0  0.0123 -0.0011   0.0247
B        dataset0     data1  0.0054 -0.0030   0.0140
C           data1  dataset0  0.0102 -0.0036   0.0238
D           data1     data1 -0.0014 -0.0098   0.0084
A->B: the labelling changes. A->C: the sequencing run changes. A gain that
survives A->C but not A->B is tied to dataset0's labelling.

data1 genes absent from dataset0 (12,061 sites): gain -0.0176 [-0.0338, +0.0007] - compare with cell D for the gene-population effect.

vs deepset alone (same arms, same genes):
  dataset0     dataset0 -0.0388  data1 -0.0206  worst -0.0388
  pooled_both  dataset0 -0.0160  data1 -0.0135  worst -0.0160
wandb: setting up run 99v5k3dx
wandb: Tracking run with wandb version 0.30.0
wandb: Run data is saved locally in /mnt/sdd/DSA4262/wandb/run-20261002_143741-99v5k3dx
wandb: Run `wandb offline` to turn off syncing.
wandb: Syncing run deepset_hand_nn__xsrc
wandb: ⭐️ View project at https://wandb.ai/dsa4262-team/dsa4262-project
wandb: 🚀 View run at https://wandb.ai/dsa4262-team/dsa4262-project/runs/99v5k3dx
wandb: updating run metadata; uploading artifact deepset_hand_nn__xsrc-report
wandb: uploading artifact deepset_hand_nn__xsrc-report
wandb: uploading config.yaml; uploading wandb-metadata.json; uploading wandb-summary.json
wandb: uploading history steps 0-7, summary
wandb: 
wandb: Run history:
wandb:     curve/xsrc/arm/data1_gain ▁█
wandb:  curve/xsrc/arm/dataset0_gain ▁█
wandb:      curve/xsrc/arm/gain_mean ▁█
wandb:          curve/xsrc/arm/index ▁█
wandb:       curve/xsrc/crossed/cell ▁▃▆█
wandb:    curve/xsrc/crossed/ci_high █▃█▁
wandb:     curve/xsrc/crossed/ci_low █▇▆▁
wandb:       curve/xsrc/crossed/gain █▄▇▁
wandb:    curve/xsrc/diag/data1_gain ▁
wandb: curve/xsrc/diag/dataset0_gain ▄▁█▁█▃▃
wandb:                           +76 ...
wandb: 
wandb: Run summary:
wandb:       vs_deepset/dataset0/data1/gain -0.02064
wandb:    vs_deepset/dataset0/dataset0/gain -0.03877
wandb:       vs_deepset/dataset0/gain_worst -0.03877
wandb:    vs_deepset/pooled_both/data1/gain -0.01353
wandb: vs_deepset/pooled_both/dataset0/gain -0.01596
wandb:    vs_deepset/pooled_both/gain_worst -0.01596
wandb:       xsrc/crossed/A/baseline_pr_auc 0.5125
wandb:               xsrc/crossed/A/ci_high 0.0247
wandb:                xsrc/crossed/A/ci_low -0.00115
wandb:                  xsrc/crossed/A/gain 0.01232
wandb:                                  +57 ...
wandb: 
wandb: 🚀 View run deepset_hand_nn__xsrc at: https://wandb.ai/dsa4262-team/dsa4262-project/runs/99v5k3dx
wandb: ⭐️ View project at: https://wandb.ai/dsa4262-team/dsa4262-project
wandb: Synced 4 W&B file(s), 0 media file(s), 2 artifact file(s) and 0 other file(s)
wandb: Find logs at: ./wandb/run-20261002_143741-99v5k3dx/logs
  logged to W&B: https://wandb.ai/dsa4262-team/dsa4262-project/runs/99v5k3dx
deepset_hand: worst -0.0032  mean +0.0017  -> /mnt/sdd/DSA4262/analysis/representation/results/deepset_hand_nn__xsrc.json

Cross-source: attn_mil (network) minus lightgbm_quantiles
---------------------------------------------------------
             dataset0 gain     dataset0 95% CI  data1 gain        data1 95% CI  mean gain  worst gain eligible
trained on                                                                                                    
dataset0           +0.0395  [+0.0293, +0.0501]     +0.0151  [+0.0062, +0.0235]    +0.0273     +0.0151      yes
pooled_both        +0.0420  [+0.0294, +0.0536]     +0.0216  [+0.0123, +0.0304]    +0.0318     +0.0216      yes
Each row: attn_mil (network) and lightgbm_quantiles trained the same way, both scored on the
held-out genes of each file against that file's labels. Selection rule
(0032): rank on the worse gain; veto if it is below -0.005.
Headline arm (what ships today): dataset0.

Raw PR AUC (not comparable across files: positive rates 4.5% vs 7.3%):
             dataset0 PR AUC  data1 PR AUC  dataset0 baseline  data1 baseline
trained on                                                                   
dataset0              0.5155        0.3870             0.4759          0.3719
pooled_both           0.5143        0.4133             0.4723          0.3917

Crossed test on the sites in both files (trained on dataset0), gain over lightgbm_quantiles:
     measurements    labels   gain  ci_low  ci_high
cell                                               
A        dataset0  dataset0 0.0355  0.0207   0.0484
B        dataset0     data1 0.0280  0.0188   0.0375
C           data1  dataset0 0.0285  0.0140   0.0419
D           data1     data1 0.0152  0.0059   0.0263
A->B: the labelling changes. A->C: the sequencing run changes. A gain that
survives A->C but not A->B is tied to dataset0's labelling.

data1 genes absent from dataset0 (12,061 sites): gain +0.0092 [-0.0103, +0.0316] - compare with cell D for the gene-population effect.

vs deepset alone (same arms, same genes):
  dataset0     dataset0 -0.0058  data1 -0.0023  worst -0.0058
  pooled_both  dataset0 -0.0049  data1 +0.0014  worst -0.0049
wandb: setting up run 46qxb73e
wandb: Tracking run with wandb version 0.30.0
wandb: Run data is saved locally in /mnt/sdd/DSA4262/wandb/run-20261002_144317-46qxb73e
wandb: Run `wandb offline` to turn off syncing.
wandb: Syncing run attn_mil_nn__xsrc
wandb: ⭐️ View project at https://wandb.ai/dsa4262-team/dsa4262-project
wandb: 🚀 View run at https://wandb.ai/dsa4262-team/dsa4262-project/runs/46qxb73e
wandb: updating run metadata; uploading artifact attn_mil_nn__xsrc-report
wandb: uploading artifact attn_mil_nn__xsrc-report
wandb: uploading requirements.txt; uploading wandb-summary.json; uploading config.yaml; uploading wandb-metadata.json
wandb: uploading wandb-summary.json; uploading wandb-metadata.json
wandb: uploading wandb-metadata.json
wandb: 
wandb: Run history:
wandb:     curve/xsrc/arm/data1_gain ▁█
wandb:  curve/xsrc/arm/dataset0_gain ▁█
wandb:      curve/xsrc/arm/gain_mean ▁█
wandb:          curve/xsrc/arm/index ▁█
wandb:       curve/xsrc/crossed/cell ▁▃▆█
wandb:    curve/xsrc/crossed/ci_high █▅▆▁
wandb:     curve/xsrc/crossed/ci_low █▇▅▁
wandb:       curve/xsrc/crossed/gain █▅▆▁
wandb:    curve/xsrc/diag/data1_gain ▁
wandb: curve/xsrc/diag/dataset0_gain ▅▁█▁█▃▃
wandb:                           +76 ...
wandb: 
wandb: Run summary:
wandb:       vs_deepset/dataset0/data1/gain -0.00233
wandb:    vs_deepset/dataset0/dataset0/gain -0.00583
wandb:       vs_deepset/dataset0/gain_worst -0.00583
wandb:    vs_deepset/pooled_both/data1/gain 0.00139
wandb: vs_deepset/pooled_both/dataset0/gain -0.00486
wandb:    vs_deepset/pooled_both/gain_worst -0.00486
wandb:       xsrc/crossed/A/baseline_pr_auc 0.5125
wandb:               xsrc/crossed/A/ci_high 0.04844
wandb:                xsrc/crossed/A/ci_low 0.02071
wandb:                  xsrc/crossed/A/gain 0.03548
wandb:                                  +57 ...
wandb: 
wandb: 🚀 View run attn_mil_nn__xsrc at: https://wandb.ai/dsa4262-team/dsa4262-project/runs/46qxb73e
wandb: ⭐️ View project at: https://wandb.ai/dsa4262-team/dsa4262-project
wandb: Synced 4 W&B file(s), 0 media file(s), 2 artifact file(s) and 0 other file(s)
wandb: Find logs at: ./wandb/run-20261002_144317-46qxb73e/logs
  logged to W&B: https://wandb.ai/dsa4262-team/dsa4262-project/runs/46qxb73e
attn_mil: worst +0.0151  mean +0.0273  -> /mnt/sdd/DSA4262/analysis/representation/results/attn_mil_nn__xsrc.json
