loaded: dataset0 121,838 sites, data1 90,452
[h2gcn_local pooled_both fold 4 seed 1]
    epoch 1: loss 1.2525, val_ap 0.1473, minutes 0.85, lr 3.31e-04
    epoch 2: loss 1.0333, val_ap 0.2952, minutes 1.65, lr 6.60e-04
    epoch 3: loss 0.9276, val_ap 0.4041, minutes 2.46, lr 9.89e-04
    epoch 4: loss 0.8659, val_ap 0.4325, minutes 3.23, lr 1.00e-03
    epoch 5: loss 0.8452, val_ap 0.4355, minutes 4.0, lr 1.00e-03
    epoch 6: loss 0.8398, val_ap 0.4308, minutes 4.8, lr 1.00e-03
    epoch 7: loss 0.8171, val_ap 0.4406, minutes 5.59, lr 1.00e-03
    epoch 8: loss 0.8093, val_ap 0.4400, minutes 6.41, lr 1.00e-03
    epoch 9: loss 0.8017, val_ap 0.4471, minutes 7.22, lr 1.00e-03
    epoch 10: loss 0.8107, val_ap 0.4520, minutes 8.0, lr 1.00e-03
    epoch 11: loss 0.7942, val_ap 0.4502, minutes 8.81, lr 1.00e-03
    epoch 12: loss 0.7836, val_ap 0.4586, minutes 9.61, lr 1.00e-03
    epoch 13: loss 0.7828, val_ap 0.4622, minutes 10.4, lr 1.00e-03
    epoch 14: loss 0.7796, val_ap 0.4651, minutes 11.22, lr 1.00e-03
    epoch 15: loss 0.7797, val_ap 0.4679, minutes 12.05, lr 1.00e-03
    epoch 16: loss 0.7725, val_ap 0.4636, minutes 12.84, lr 1.00e-03
    epoch 17: loss 0.7704, val_ap 0.4683, minutes 13.61, lr 1.00e-03
    epoch 18: loss 0.7705, val_ap 0.4714, minutes 14.4, lr 1.00e-03
    epoch 19: loss 0.7572, val_ap 0.4722, minutes 15.21, lr 1.00e-03
    epoch 20: loss 0.7570, val_ap 0.4661, minutes 16.03, lr 1.00e-03
    epoch 21: loss 0.7692, val_ap 0.4758, minutes 16.83, lr 1.00e-03
    epoch 22: loss 0.7554, val_ap 0.4726, minutes 17.63, lr 1.00e-03
    epoch 23: loss 0.7507, val_ap 0.4731, minutes 18.45, lr 1.00e-03
    epoch 24: loss 0.7437, val_ap 0.4764, minutes 19.28, lr 1.00e-03
    epoch 25: loss 0.7405, val_ap 0.4749, minutes 20.1, lr 1.00e-03
    epoch 26: loss 0.7420, val_ap 0.4764, minutes 20.93, lr 1.00e-03
    epoch 27: loss 0.7371, val_ap 0.4775, minutes 21.73, lr 1.00e-03
    epoch 28: loss 0.7324, val_ap 0.4773, minutes 22.5, lr 1.00e-03
    epoch 29: loss 0.7313, val_ap 0.4831, minutes 23.31, lr 1.00e-03
    epoch 30: loss 0.7177, val_ap 0.4767, minutes 24.11, lr 1.00e-03
    epoch 31: loss 0.7171, val_ap 0.4848, minutes 24.91, lr 1.00e-03
    epoch 32: loss 0.7110, val_ap 0.4802, minutes 25.7, lr 1.00e-03
    epoch 33: loss 0.7149, val_ap 0.4740, minutes 26.55, lr 1.00e-03
    epoch 34: loss 0.7072, val_ap 0.4772, minutes 27.39, lr 1.00e-03
    epoch 35: loss 0.6991, val_ap 0.4765, minutes 28.21, lr 1.00e-03
    epoch 36: loss 0.7006, val_ap 0.4746, minutes 29.02, lr 1.00e-03
    epoch 37: loss 0.7058, val_ap 0.4762, minutes 29.85, lr 1.00e-03
    epoch 38: loss 0.6889, val_ap 0.4758, minutes 30.65, lr 1.00e-03
    epoch 39: loss 0.6925, val_ap 0.4748, minutes 31.49, lr 1.00e-03
    epoch 40: loss 0.6823, val_ap 0.4806, minutes 32.29, lr 5.00e-04
    epoch 41: loss 0.6671, val_ap 0.4767, minutes 33.16, lr 5.00e-04
    epoch 42: loss 0.6596, val_ap 0.4730, minutes 34.01, lr 5.00e-04
    epoch 43: loss 0.6614, val_ap 0.4774, minutes 34.83, lr 5.00e-04
    epoch 44: loss 0.6539, val_ap 0.4756, minutes 35.66, lr 5.00e-04
    epoch 45: loss 0.6494, val_ap 0.4793, minutes 36.46, lr 5.00e-04
    epoch 46: loss 0.6475, val_ap 0.4735, minutes 37.24, lr 5.00e-04
    epoch 47: loss 0.6428, val_ap 0.4700, minutes 38.06, lr 5.00e-04
    epoch 48: loss 0.6396, val_ap 0.4750, minutes 38.89, lr 5.00e-04
    epoch 49: loss 0.6394, val_ap 0.4778, minutes 39.75, lr 2.50e-04
    epoch 50: loss 0.6254, val_ap 0.4795, minutes 40.56, lr 2.50e-04
    epoch 51: loss 0.6235, val_ap 0.4808, minutes 41.38, lr 2.50e-04
    epoch 52: loss 0.6192, val_ap 0.4768, minutes 42.22, lr 2.50e-04
    epoch 53: loss 0.6142, val_ap 0.4785, minutes 43.05, lr 2.50e-04
    epoch 54: loss 0.6160, val_ap 0.4789, minutes 43.91, lr 2.50e-04
    epoch 55: loss 0.6144, val_ap 0.4772, minutes 44.72, lr 2.50e-04
    epoch 56: loss 0.6080, val_ap 0.4812, minutes 45.57, lr 2.50e-04
    stopping: no validation gain in 25 epochs
[h2gcn_local pooled_both fold 4 seed 1] done (46.3 min)
