loaded: dataset0 121,838 sites, data1 90,452
[h2gcn_aux_r100 dataset0 fold 3 seed 1]
    epoch 1: loss 1.9647, val_ap 0.1504, minutes 0.48, lr 3.33e-04
    epoch 2: loss 1.5971, val_ap 0.2166, minutes 1.01, lr 6.63e-04
    epoch 3: loss 1.3375, val_ap 0.4094, minutes 1.51, lr 9.92e-04
    epoch 4: loss 1.1970, val_ap 0.4651, minutes 2.01, lr 1.00e-03
    epoch 5: loss 1.1036, val_ap 0.4987, minutes 2.45, lr 1.00e-03
    epoch 6: loss 1.0637, val_ap 0.5192, minutes 2.98, lr 1.00e-03
    epoch 7: loss 1.0468, val_ap 0.5207, minutes 3.49, lr 1.00e-03
    epoch 8: loss 1.0111, val_ap 0.5373, minutes 3.97, lr 1.00e-03
    epoch 9: loss 1.0013, val_ap 0.5368, minutes 4.48, lr 1.00e-03
    epoch 10: loss 0.9766, val_ap 0.5520, minutes 5.01, lr 1.00e-03
    epoch 11: loss 0.9538, val_ap 0.5506, minutes 5.54, lr 1.00e-03
    epoch 12: loss 0.9529, val_ap 0.5562, minutes 6.06, lr 1.00e-03
    epoch 13: loss 0.9426, val_ap 0.5579, minutes 6.58, lr 1.00e-03
    epoch 14: loss 0.9445, val_ap 0.5569, minutes 7.1, lr 1.00e-03
    epoch 15: loss 0.9354, val_ap 0.5498, minutes 7.61, lr 1.00e-03
    epoch 16: loss 0.9038, val_ap 0.5684, minutes 8.16, lr 1.00e-03
    epoch 17: loss 0.8991, val_ap 0.5671, minutes 8.68, lr 1.00e-03
    epoch 18: loss 0.8966, val_ap 0.5669, minutes 9.17, lr 1.00e-03
    epoch 19: loss 0.8944, val_ap 0.5725, minutes 9.69, lr 1.00e-03
    epoch 20: loss 0.8727, val_ap 0.5708, minutes 10.22, lr 1.00e-03
    epoch 21: loss 0.8658, val_ap 0.5655, minutes 10.7, lr 1.00e-03
    epoch 22: loss 0.8878, val_ap 0.5852, minutes 11.19, lr 1.00e-03
    epoch 23: loss 0.8759, val_ap 0.5826, minutes 11.72, lr 1.00e-03
    epoch 24: loss 0.8857, val_ap 0.5870, minutes 12.23, lr 1.00e-03
    epoch 25: loss 0.8548, val_ap 0.5841, minutes 12.74, lr 1.00e-03
    epoch 26: loss 0.8408, val_ap 0.5857, minutes 13.27, lr 1.00e-03
    epoch 27: loss 0.8512, val_ap 0.5903, minutes 13.73, lr 1.00e-03
    epoch 28: loss 0.8583, val_ap 0.5783, minutes 14.23, lr 1.00e-03
    epoch 29: loss 0.8325, val_ap 0.5897, minutes 14.73, lr 1.00e-03
    epoch 30: loss 0.8357, val_ap 0.5918, minutes 15.25, lr 1.00e-03
    epoch 31: loss 0.8310, val_ap 0.5887, minutes 15.76, lr 1.00e-03
    epoch 32: loss 0.8452, val_ap 0.5933, minutes 16.25, lr 1.00e-03
    epoch 33: loss 0.8359, val_ap 0.5921, minutes 16.75, lr 1.00e-03
    epoch 34: loss 0.8100, val_ap 0.5999, minutes 17.26, lr 1.00e-03
    epoch 35: loss 0.8310, val_ap 0.5980, minutes 17.77, lr 1.00e-03
    epoch 36: loss 0.8196, val_ap 0.6007, minutes 18.28, lr 1.00e-03
    epoch 37: loss 0.8159, val_ap 0.5916, minutes 18.84, lr 1.00e-03
    epoch 38: loss 0.8034, val_ap 0.5971, minutes 19.38, lr 1.00e-03
    epoch 39: loss 0.8119, val_ap 0.6067, minutes 19.87, lr 1.00e-03
    epoch 40: loss 0.8096, val_ap 0.5985, minutes 20.39, lr 1.00e-03
    epoch 41: loss 0.7979, val_ap 0.5990, minutes 20.89, lr 1.00e-03
    epoch 42: loss 0.7898, val_ap 0.6093, minutes 21.37, lr 1.00e-03
    epoch 43: loss 0.7811, val_ap 0.6078, minutes 21.88, lr 1.00e-03
    epoch 44: loss 0.7813, val_ap 0.6125, minutes 22.36, lr 1.00e-03
    epoch 45: loss 0.7785, val_ap 0.6100, minutes 22.88, lr 1.00e-03
    epoch 46: loss 0.7753, val_ap 0.6041, minutes 23.35, lr 1.00e-03
    epoch 47: loss 0.7711, val_ap 0.6126, minutes 23.82, lr 1.00e-03
    epoch 48: loss 0.7814, val_ap 0.6071, minutes 24.28, lr 1.00e-03
    epoch 49: loss 0.7571, val_ap 0.6229, minutes 24.81, lr 1.00e-03
    epoch 50: loss 0.7514, val_ap 0.6152, minutes 25.34, lr 1.00e-03
    epoch 51: loss 0.7646, val_ap 0.6193, minutes 25.87, lr 1.00e-03
    epoch 52: loss 0.7855, val_ap 0.6112, minutes 26.37, lr 1.00e-03
    epoch 53: loss 0.8021, val_ap 0.6121, minutes 26.89, lr 1.00e-03
    epoch 54: loss 0.7601, val_ap 0.6096, minutes 27.43, lr 1.00e-03
    epoch 55: loss 0.7489, val_ap 0.6050, minutes 27.97, lr 1.00e-03
    epoch 56: loss 0.7635, val_ap 0.6217, minutes 28.51, lr 1.00e-03
    epoch 57: loss 0.7473, val_ap 0.6182, minutes 29.0, lr 1.00e-03
    epoch 58: loss 0.7536, val_ap 0.6234, minutes 29.5, lr 1.00e-03
    epoch 59: loss 0.7424, val_ap 0.6102, minutes 29.98, lr 1.00e-03
    epoch 60: loss 0.7474, val_ap 0.6234, minutes 30.5, lr 1.00e-03
    epoch 61: loss 0.7487, val_ap 0.6181, minutes 31.04, lr 1.00e-03
    epoch 62: loss 0.7285, val_ap 0.6026, minutes 31.51, lr 1.00e-03
    epoch 63: loss 0.7183, val_ap 0.6109, minutes 32.11, lr 1.00e-03
    epoch 64: loss 0.7167, val_ap 0.6105, minutes 32.6, lr 1.00e-03
    epoch 65: loss 0.7090, val_ap 0.6193, minutes 33.03, lr 1.00e-03
    epoch 66: loss 0.7136, val_ap 0.6214, minutes 33.52, lr 1.00e-03
    epoch 67: loss 0.7060, val_ap 0.6214, minutes 33.9, lr 5.00e-04
    epoch 68: loss 0.6987, val_ap 0.6209, minutes 34.33, lr 5.00e-04
    epoch 69: loss 0.6896, val_ap 0.6173, minutes 34.79, lr 5.00e-04
    epoch 70: loss 0.6887, val_ap 0.6196, minutes 35.21, lr 5.00e-04
    epoch 71: loss 0.6833, val_ap 0.6109, minutes 35.6, lr 5.00e-04
    epoch 72: loss 0.6858, val_ap 0.6122, minutes 36.02, lr 5.00e-04
    epoch 73: loss 0.6863, val_ap 0.6198, minutes 36.42, lr 5.00e-04
    epoch 74: loss 0.6744, val_ap 0.6193, minutes 36.81, lr 5.00e-04
    epoch 75: loss 0.6656, val_ap 0.6231, minutes 37.19, lr 5.00e-04
    epoch 76: loss 0.6752, val_ap 0.6241, minutes 37.57, lr 5.00e-04
    epoch 77: loss 0.6654, val_ap 0.6189, minutes 37.94, lr 5.00e-04
    epoch 78: loss 0.6571, val_ap 0.6251, minutes 38.3, lr 5.00e-04
    epoch 79: loss 0.6708, val_ap 0.6252, minutes 38.67, lr 5.00e-04
    epoch 80: loss 0.6725, val_ap 0.6213, minutes 39.08, lr 5.00e-04
    epoch 81: loss 0.6581, val_ap 0.6196, minutes 39.44, lr 5.00e-04
    epoch 82: loss 0.6569, val_ap 0.6098, minutes 39.84, lr 5.00e-04
    epoch 83: loss 0.6632, val_ap 0.6159, minutes 40.17, lr 5.00e-04
    epoch 84: loss 0.6639, val_ap 0.6127, minutes 40.49, lr 5.00e-04
    epoch 85: loss 0.6821, val_ap 0.6199, minutes 40.8, lr 5.00e-04
    epoch 86: loss 0.6609, val_ap 0.6150, minutes 41.09, lr 5.00e-04
    epoch 87: loss 0.6516, val_ap 0.6159, minutes 41.38, lr 2.50e-04
    epoch 88: loss 0.6448, val_ap 0.6190, minutes 41.65, lr 2.50e-04
    epoch 89: loss 0.6390, val_ap 0.6167, minutes 41.92, lr 2.50e-04
    epoch 90: loss 0.6374, val_ap 0.6200, minutes 42.21, lr 2.50e-04
    epoch 91: loss 0.6362, val_ap 0.6147, minutes 42.49, lr 2.50e-04
    epoch 92: loss 0.6268, val_ap 0.6187, minutes 42.77, lr 2.50e-04
    epoch 93: loss 0.6233, val_ap 0.6146, minutes 43.05, lr 2.50e-04
    epoch 94: loss 0.6363, val_ap 0.6160, minutes 43.31, lr 2.50e-04
    epoch 95: loss 0.6311, val_ap 0.6208, minutes 43.59, lr 2.50e-04
    epoch 96: loss 0.6327, val_ap 0.6152, minutes 43.86, lr 1.25e-04
    epoch 97: loss 0.6213, val_ap 0.6130, minutes 44.13, lr 1.25e-04
    epoch 98: loss 0.6267, val_ap 0.6142, minutes 44.41, lr 1.25e-04
    epoch 99: loss 0.6270, val_ap 0.6132, minutes 44.67, lr 1.25e-04
    epoch 100: loss 0.6206, val_ap 0.6154, minutes 44.95, lr 1.25e-04
    epoch 101: loss 0.6251, val_ap 0.6183, minutes 45.22, lr 1.25e-04
    epoch 102: loss 0.6178, val_ap 0.6187, minutes 45.49, lr 1.25e-04
    epoch 103: loss 0.6259, val_ap 0.6168, minutes 45.75, lr 1.25e-04
    epoch 104: loss 0.6297, val_ap 0.6185, minutes 46.01, lr 1.25e-04
    stopping: no validation gain in 25 epochs
[h2gcn_aux_r100 dataset0 fold 3 seed 1] done (46.5 min)
