loaded: dataset0 121,838 sites, data1 90,452
[res_gate dataset0 fold 0]
    kernel decay scale 118.2 nt (fitted to cell line 1 training labels)
    epoch 1: loss 1.9568, val_ap 0.1903, minutes 0.63, lr 3.33e-04
    epoch 2: loss 1.5763, val_ap 0.2848, minutes 1.29, lr 6.59e-04
    epoch 3: loss 1.3733, val_ap 0.3988, minutes 1.94, lr 9.88e-04
    epoch 4: loss 1.2312, val_ap 0.4596, minutes 2.62, lr 1.00e-03
    epoch 5: loss 1.1148, val_ap 0.4790, minutes 3.3, lr 1.00e-03
    epoch 6: loss 1.0792, val_ap 0.4879, minutes 3.91, lr 1.00e-03
    epoch 7: loss 1.0765, val_ap 0.4897, minutes 4.54, lr 1.00e-03
    epoch 8: loss 1.0502, val_ap 0.5001, minutes 5.2, lr 1.00e-03
    epoch 9: loss 1.0320, val_ap 0.5033, minutes 5.85, lr 1.00e-03
    epoch 10: loss 1.0188, val_ap 0.5050, minutes 6.51, lr 1.00e-03
    epoch 11: loss 1.0021, val_ap 0.5193, minutes 7.17, lr 1.00e-03
    epoch 12: loss 0.9866, val_ap 0.5177, minutes 7.81, lr 1.00e-03
    epoch 13: loss 0.9882, val_ap 0.5333, minutes 8.42, lr 1.00e-03
    epoch 14: loss 1.0012, val_ap 0.5218, minutes 9.06, lr 1.00e-03
    epoch 15: loss 0.9741, val_ap 0.5336, minutes 9.69, lr 1.00e-03
    epoch 16: loss 0.9593, val_ap 0.5347, minutes 10.31, lr 1.00e-03
    epoch 17: loss 0.9831, val_ap 0.5425, minutes 10.94, lr 1.00e-03
    epoch 18: loss 0.9636, val_ap 0.5339, minutes 11.55, lr 1.00e-03
    epoch 19: loss 0.9530, val_ap 0.5380, minutes 12.17, lr 1.00e-03
    epoch 20: loss 0.9295, val_ap 0.5469, minutes 12.78, lr 1.00e-03
    epoch 21: loss 0.9309, val_ap 0.5448, minutes 13.4, lr 1.00e-03
    epoch 22: loss 0.9303, val_ap 0.5422, minutes 14.03, lr 1.00e-03
    epoch 23: loss 0.9374, val_ap 0.5450, minutes 14.66, lr 1.00e-03
    epoch 24: loss 0.9409, val_ap 0.5515, minutes 15.28, lr 1.00e-03
    epoch 25: loss 0.9514, val_ap 0.5499, minutes 15.93, lr 1.00e-03
    epoch 26: loss 0.9092, val_ap 0.5577, minutes 16.57, lr 1.00e-03
    epoch 27: loss 0.8875, val_ap 0.5515, minutes 17.21, lr 1.00e-03
    epoch 28: loss 0.9175, val_ap 0.5546, minutes 17.85, lr 1.00e-03
    epoch 29: loss 0.9191, val_ap 0.5367, minutes 18.49, lr 1.00e-03
    epoch 30: loss 0.9123, val_ap 0.5512, minutes 19.13, lr 1.00e-03
    epoch 31: loss 0.9118, val_ap 0.5548, minutes 19.78, lr 1.00e-03
    epoch 32: loss 0.8932, val_ap 0.5638, minutes 20.44, lr 1.00e-03
    epoch 33: loss 0.8945, val_ap 0.5641, minutes 21.07, lr 1.00e-03
    epoch 34: loss 0.9297, val_ap 0.5588, minutes 21.73, lr 1.00e-03
    epoch 35: loss 0.8866, val_ap 0.5623, minutes 22.35, lr 1.00e-03
    epoch 36: loss 0.9070, val_ap 0.5676, minutes 22.99, lr 1.00e-03
    epoch 37: loss 0.9204, val_ap 0.5731, minutes 23.63, lr 1.00e-03
    epoch 38: loss 0.8827, val_ap 0.5723, minutes 24.27, lr 1.00e-03
    epoch 39: loss 0.8710, val_ap 0.5724, minutes 24.88, lr 1.00e-03
    epoch 40: loss 0.8786, val_ap 0.5704, minutes 25.49, lr 1.00e-03
    epoch 41: loss 0.8578, val_ap 0.5742, minutes 26.1, lr 1.00e-03
    epoch 42: loss 0.8583, val_ap 0.5665, minutes 26.77, lr 1.00e-03
    epoch 43: loss 0.8840, val_ap 0.5807, minutes 27.38, lr 1.00e-03
    epoch 44: loss 0.8518, val_ap 0.5789, minutes 28.0, lr 1.00e-03
    epoch 45: loss 0.8619, val_ap 0.5826, minutes 28.64, lr 1.00e-03
    epoch 46: loss 0.8540, val_ap 0.5753, minutes 29.25, lr 1.00e-03
    epoch 47: loss 0.8480, val_ap 0.5690, minutes 29.9, lr 1.00e-03
    epoch 48: loss 0.8607, val_ap 0.5776, minutes 30.52, lr 1.00e-03
    epoch 49: loss 0.8525, val_ap 0.5818, minutes 31.16, lr 1.00e-03
    epoch 50: loss 0.8399, val_ap 0.5857, minutes 31.81, lr 1.00e-03
    epoch 51: loss 0.8455, val_ap 0.5787, minutes 32.43, lr 1.00e-03
    epoch 52: loss 0.8321, val_ap 0.5827, minutes 33.08, lr 1.00e-03
    epoch 53: loss 0.8226, val_ap 0.5802, minutes 33.73, lr 1.00e-03
    epoch 54: loss 0.8360, val_ap 0.5853, minutes 34.34, lr 1.00e-03
    epoch 55: loss 0.8498, val_ap 0.5904, minutes 34.97, lr 1.00e-03
    epoch 56: loss 0.8325, val_ap 0.5904, minutes 35.62, lr 1.00e-03
    epoch 57: loss 0.8275, val_ap 0.5887, minutes 36.26, lr 1.00e-03
    epoch 58: loss 0.8352, val_ap 0.5876, minutes 36.93, lr 1.00e-03
    epoch 59: loss 0.8315, val_ap 0.5863, minutes 37.55, lr 1.00e-03
    epoch 60: loss 0.8295, val_ap 0.5809, minutes 38.17, lr 1.00e-03
    epoch 61: loss 0.8088, val_ap 0.5881, minutes 38.81, lr 1.00e-03
    epoch 62: loss 0.8220, val_ap 0.5921, minutes 39.44, lr 1.00e-03
    epoch 63: loss 0.8286, val_ap 0.5917, minutes 40.07, lr 1.00e-03
    epoch 64: loss 0.8141, val_ap 0.5853, minutes 40.71, lr 1.00e-03
    epoch 65: loss 0.8046, val_ap 0.5894, minutes 41.31, lr 1.00e-03
    epoch 66: loss 0.8146, val_ap 0.5960, minutes 41.94, lr 1.00e-03
    epoch 67: loss 0.8049, val_ap 0.5922, minutes 42.56, lr 1.00e-03
    epoch 68: loss 0.8206, val_ap 0.5964, minutes 43.19, lr 1.00e-03
    epoch 69: loss 0.7991, val_ap 0.5969, minutes 43.85, lr 1.00e-03
    epoch 70: loss 0.8219, val_ap 0.5964, minutes 44.48, lr 1.00e-03
    epoch 71: loss 0.8023, val_ap 0.5964, minutes 45.12, lr 1.00e-03
    epoch 72: loss 0.7921, val_ap 0.5946, minutes 45.76, lr 1.00e-03
    epoch 73: loss 0.8026, val_ap 0.5958, minutes 46.39, lr 1.00e-03
    epoch 74: loss 0.8142, val_ap 0.5999, minutes 47.04, lr 1.00e-03
    epoch 75: loss 0.7911, val_ap 0.6053, minutes 47.67, lr 1.00e-03
    epoch 76: loss 0.7888, val_ap 0.5926, minutes 48.3, lr 1.00e-03
    epoch 77: loss 0.8055, val_ap 0.6080, minutes 48.93, lr 1.00e-03
    epoch 78: loss 0.8027, val_ap 0.6047, minutes 49.55, lr 1.00e-03
    epoch 79: loss 0.8080, val_ap 0.6013, minutes 50.2, lr 1.00e-03
    epoch 80: loss 0.7645, val_ap 0.6062, minutes 50.81, lr 1.00e-03
    epoch 81: loss 0.7749, val_ap 0.5821, minutes 51.44, lr 1.00e-03
    epoch 82: loss 0.7974, val_ap 0.5964, minutes 52.1, lr 1.00e-03
    epoch 83: loss 0.7856, val_ap 0.6031, minutes 52.73, lr 1.00e-03
    epoch 84: loss 0.8057, val_ap 0.5967, minutes 53.38, lr 1.00e-03
    epoch 85: loss 0.7697, val_ap 0.6030, minutes 53.94, lr 1.00e-03
    epoch 86: loss 0.7632, val_ap 0.5985, minutes 54.45, lr 5.00e-04
    epoch 87: loss 0.7658, val_ap 0.6032, minutes 54.98, lr 5.00e-04
    epoch 88: loss 0.7533, val_ap 0.5998, minutes 55.51, lr 5.00e-04
    epoch 89: loss 0.7580, val_ap 0.6129, minutes 56.05, lr 5.00e-04
    epoch 90: loss 0.7374, val_ap 0.6057, minutes 56.54, lr 5.00e-04
    epoch 91: loss 0.7452, val_ap 0.6056, minutes 57.05, lr 5.00e-04
    epoch 92: loss 0.7418, val_ap 0.6046, minutes 57.56, lr 5.00e-04
    epoch 93: loss 0.7421, val_ap 0.6068, minutes 58.07, lr 5.00e-04
    epoch 94: loss 0.7343, val_ap 0.6081, minutes 58.57, lr 5.00e-04
    epoch 95: loss 0.7418, val_ap 0.6082, minutes 59.06, lr 5.00e-04
    epoch 96: loss 0.7444, val_ap 0.6080, minutes 59.57, lr 5.00e-04
    epoch 97: loss 0.7430, val_ap 0.6081, minutes 60.04, lr 5.00e-04
    epoch 98: loss 0.7320, val_ap 0.6061, minutes 60.51, lr 2.50e-04
    epoch 99: loss 0.7370, val_ap 0.6143, minutes 61.02, lr 2.50e-04
    epoch 100: loss 0.7166, val_ap 0.6089, minutes 61.53, lr 2.50e-04
    epoch 101: loss 0.7252, val_ap 0.6100, minutes 62.06, lr 2.50e-04
    epoch 102: loss 0.7187, val_ap 0.6142, minutes 62.58, lr 2.50e-04
    epoch 103: loss 0.7125, val_ap 0.6078, minutes 63.09, lr 2.50e-04
    epoch 104: loss 0.7171, val_ap 0.6093, minutes 63.61, lr 2.50e-04
    epoch 105: loss 0.7119, val_ap 0.6095, minutes 64.11, lr 2.50e-04
    epoch 106: loss 0.7207, val_ap 0.6105, minutes 64.61, lr 2.50e-04
    epoch 107: loss 0.6988, val_ap 0.6118, minutes 65.11, lr 2.50e-04
    epoch 108: loss 0.7192, val_ap 0.6102, minutes 65.63, lr 1.25e-04
    epoch 109: loss 0.7028, val_ap 0.6103, minutes 66.14, lr 1.25e-04
    epoch 110: loss 0.7152, val_ap 0.6139, minutes 66.64, lr 1.25e-04
    epoch 111: loss 0.7206, val_ap 0.6125, minutes 67.14, lr 1.25e-04
    epoch 112: loss 0.7096, val_ap 0.6115, minutes 67.67, lr 1.25e-04
    epoch 113: loss 0.6986, val_ap 0.6155, minutes 68.16, lr 1.25e-04
    epoch 114: loss 0.7095, val_ap 0.6157, minutes 68.71, lr 1.25e-04
    epoch 115: loss 0.6996, val_ap 0.6121, minutes 69.25, lr 1.25e-04
    epoch 116: loss 0.6989, val_ap 0.6142, minutes 69.74, lr 1.25e-04
    epoch 117: loss 0.6997, val_ap 0.6106, minutes 70.28, lr 1.25e-04
    epoch 118: loss 0.7161, val_ap 0.6114, minutes 70.79, lr 1.25e-04
    epoch 119: loss 0.6923, val_ap 0.6136, minutes 71.3, lr 1.25e-04
    epoch 120: loss 0.7013, val_ap 0.6126, minutes 71.86, lr 1.25e-04
    epoch 121: loss 0.6950, val_ap 0.6134, minutes 72.36, lr 1.25e-04
    epoch 122: loss 0.6937, val_ap 0.6138, minutes 72.88, lr 1.25e-04
    epoch 123: loss 0.7034, val_ap 0.6122, minutes 73.39, lr 6.25e-05
    epoch 124: loss 0.6950, val_ap 0.6117, minutes 73.9, lr 6.25e-05
    epoch 125: loss 0.7004, val_ap 0.6118, minutes 74.4, lr 6.25e-05
    epoch 126: loss 0.7001, val_ap 0.6117, minutes 74.91, lr 6.25e-05
    epoch 127: loss 0.7044, val_ap 0.6122, minutes 75.42, lr 6.25e-05
    epoch 128: loss 0.6972, val_ap 0.6105, minutes 75.94, lr 6.25e-05
    epoch 129: loss 0.6932, val_ap 0.6092, minutes 76.44, lr 6.25e-05
    epoch 130: loss 0.6957, val_ap 0.6124, minutes 76.93, lr 6.25e-05
    epoch 131: loss 0.7030, val_ap 0.6117, minutes 77.46, lr 6.25e-05
    epoch 132: loss 0.6995, val_ap 0.6115, minutes 78.0, lr 3.13e-05
    epoch 133: loss 0.6973, val_ap 0.6109, minutes 78.53, lr 3.13e-05
    epoch 134: loss 0.6942, val_ap 0.6113, minutes 79.04, lr 3.13e-05
    epoch 135: loss 0.6881, val_ap 0.6118, minutes 79.58, lr 3.13e-05
    epoch 136: loss 0.7052, val_ap 0.6109, minutes 80.13, lr 3.13e-05
    epoch 137: loss 0.6890, val_ap 0.6105, minutes 80.65, lr 3.13e-05
    epoch 138: loss 0.6998, val_ap 0.6108, minutes 81.19, lr 3.13e-05
    epoch 139: loss 0.6816, val_ap 0.6115, minutes 81.73, lr 3.13e-05
    stopping: no validation gain in 25 epochs
[res_gate dataset0 fold 0] done (82.5 min)
