loaded: dataset0 121,838 sites, data1 90,452
[h2gcn_aux dataset0 fold 0 seed 1]
    epoch 1: loss 1.9637, val_ap 0.1783, minutes 0.49, lr 3.33e-04
    epoch 2: loss 1.5811, val_ap 0.2562, minutes 1.04, lr 6.59e-04
    epoch 3: loss 1.3613, val_ap 0.3809, minutes 1.55, lr 9.88e-04
    epoch 4: loss 1.2251, val_ap 0.4304, minutes 2.04, lr 1.00e-03
    epoch 5: loss 1.1582, val_ap 0.4391, minutes 2.57, lr 1.00e-03
    epoch 6: loss 1.1139, val_ap 0.4517, minutes 3.09, lr 1.00e-03
    epoch 7: loss 1.1231, val_ap 0.4512, minutes 3.57, lr 1.00e-03
    epoch 8: loss 1.0649, val_ap 0.4597, minutes 4.05, lr 1.00e-03
    epoch 9: loss 1.0469, val_ap 0.4744, minutes 4.58, lr 1.00e-03
    epoch 10: loss 1.0015, val_ap 0.4714, minutes 5.06, lr 1.00e-03
    epoch 11: loss 0.9870, val_ap 0.4800, minutes 5.54, lr 1.00e-03
    epoch 12: loss 0.9935, val_ap 0.4676, minutes 6.16, lr 1.00e-03
    epoch 13: loss 0.9961, val_ap 0.4727, minutes 6.71, lr 1.00e-03
    epoch 14: loss 0.9626, val_ap 0.4903, minutes 7.19, lr 1.00e-03
    epoch 15: loss 0.9589, val_ap 0.4731, minutes 7.7, lr 1.00e-03
    epoch 16: loss 0.9690, val_ap 0.4835, minutes 8.18, lr 1.00e-03
    epoch 17: loss 0.9471, val_ap 0.4883, minutes 8.71, lr 1.00e-03
    epoch 18: loss 0.9383, val_ap 0.4908, minutes 9.2, lr 1.00e-03
    epoch 19: loss 0.9480, val_ap 0.4858, minutes 9.7, lr 1.00e-03
    epoch 20: loss 0.9369, val_ap 0.5026, minutes 10.17, lr 1.00e-03
    epoch 21: loss 0.9413, val_ap 0.5038, minutes 10.64, lr 1.00e-03
    epoch 22: loss 0.9268, val_ap 0.4901, minutes 11.13, lr 1.00e-03
    epoch 23: loss 0.9033, val_ap 0.4932, minutes 11.57, lr 1.00e-03
    epoch 24: loss 0.9030, val_ap 0.4927, minutes 12.08, lr 1.00e-03
    epoch 25: loss 0.9216, val_ap 0.5009, minutes 12.57, lr 1.00e-03
    epoch 26: loss 0.9141, val_ap 0.5085, minutes 13.07, lr 1.00e-03
    epoch 27: loss 0.9183, val_ap 0.5050, minutes 13.58, lr 1.00e-03
    epoch 28: loss 0.9230, val_ap 0.5147, minutes 14.1, lr 1.00e-03
    epoch 29: loss 0.8846, val_ap 0.5185, minutes 14.64, lr 1.00e-03
    epoch 30: loss 0.8875, val_ap 0.5206, minutes 15.1, lr 1.00e-03
    epoch 31: loss 0.8960, val_ap 0.5191, minutes 15.57, lr 1.00e-03
    epoch 32: loss 0.9295, val_ap 0.5215, minutes 16.0, lr 1.00e-03
    epoch 33: loss 0.8765, val_ap 0.5134, minutes 16.49, lr 1.00e-03
    epoch 34: loss 0.8668, val_ap 0.5240, minutes 16.95, lr 1.00e-03
    epoch 35: loss 0.8833, val_ap 0.5247, minutes 17.47, lr 1.00e-03
    epoch 36: loss 0.8727, val_ap 0.5318, minutes 17.96, lr 1.00e-03
    epoch 37: loss 0.8885, val_ap 0.5350, minutes 18.47, lr 1.00e-03
    epoch 38: loss 0.8651, val_ap 0.5349, minutes 19.02, lr 1.00e-03
    epoch 39: loss 0.8647, val_ap 0.5348, minutes 19.57, lr 1.00e-03
    epoch 40: loss 0.8794, val_ap 0.5352, minutes 20.11, lr 1.00e-03
    epoch 41: loss 0.8532, val_ap 0.5425, minutes 20.61, lr 1.00e-03
    epoch 42: loss 0.8676, val_ap 0.5445, minutes 21.15, lr 1.00e-03
    epoch 43: loss 0.8541, val_ap 0.5344, minutes 21.65, lr 1.00e-03
    epoch 44: loss 0.8680, val_ap 0.5423, minutes 22.15, lr 1.00e-03
    epoch 45: loss 0.8441, val_ap 0.5428, minutes 22.6, lr 1.00e-03
    epoch 46: loss 0.8444, val_ap 0.5447, minutes 23.08, lr 1.00e-03
    epoch 47: loss 0.8228, val_ap 0.5341, minutes 23.57, lr 1.00e-03
    epoch 48: loss 0.8252, val_ap 0.5506, minutes 24.06, lr 1.00e-03
    epoch 49: loss 0.8257, val_ap 0.5512, minutes 24.58, lr 1.00e-03
    epoch 50: loss 0.8047, val_ap 0.5444, minutes 25.03, lr 1.00e-03
    epoch 51: loss 0.8135, val_ap 0.5530, minutes 25.54, lr 1.00e-03
    epoch 52: loss 0.8162, val_ap 0.5567, minutes 26.03, lr 1.00e-03
    epoch 53: loss 0.8054, val_ap 0.5438, minutes 26.53, lr 1.00e-03
    epoch 54: loss 0.8141, val_ap 0.5561, minutes 27.01, lr 1.00e-03
    epoch 55: loss 0.8040, val_ap 0.5538, minutes 27.47, lr 1.00e-03
    epoch 56: loss 0.8120, val_ap 0.5545, minutes 27.97, lr 1.00e-03
    epoch 57: loss 0.8182, val_ap 0.5562, minutes 28.41, lr 1.00e-03
    epoch 58: loss 0.7713, val_ap 0.5575, minutes 28.99, lr 1.00e-03
    epoch 59: loss 0.8135, val_ap 0.5522, minutes 29.46, lr 1.00e-03
    epoch 60: loss 0.8289, val_ap 0.5456, minutes 30.0, lr 1.00e-03
    epoch 61: loss 0.9442, val_ap 0.5361, minutes 30.5, lr 1.00e-03
    epoch 62: loss 0.8036, val_ap 0.5526, minutes 30.93, lr 1.00e-03
    epoch 63: loss 0.8094, val_ap 0.5563, minutes 31.48, lr 1.00e-03
    epoch 64: loss 0.8042, val_ap 0.5624, minutes 31.93, lr 1.00e-03
    epoch 65: loss 0.7774, val_ap 0.5488, minutes 32.45, lr 1.00e-03
    epoch 66: loss 0.8110, val_ap 0.5527, minutes 32.91, lr 1.00e-03
    epoch 67: loss 0.7917, val_ap 0.5580, minutes 33.44, lr 1.00e-03
    epoch 68: loss 0.7868, val_ap 0.5511, minutes 33.98, lr 1.00e-03
    epoch 69: loss 0.7781, val_ap 0.5587, minutes 34.43, lr 1.00e-03
    epoch 70: loss 0.7731, val_ap 0.5558, minutes 34.95, lr 1.00e-03
    epoch 71: loss 0.7660, val_ap 0.5599, minutes 35.43, lr 1.00e-03
    epoch 72: loss 0.7709, val_ap 0.5604, minutes 35.96, lr 1.00e-03
    epoch 73: loss 0.7745, val_ap 0.5634, minutes 36.42, lr 1.00e-03
    epoch 74: loss 0.7634, val_ap 0.5598, minutes 36.92, lr 1.00e-03
    epoch 75: loss 0.7530, val_ap 0.5624, minutes 37.39, lr 1.00e-03
    epoch 76: loss 0.7632, val_ap 0.5566, minutes 37.86, lr 1.00e-03
    epoch 77: loss 0.8151, val_ap 0.5548, minutes 38.35, lr 1.00e-03
    epoch 78: loss 0.7657, val_ap 0.5649, minutes 38.79, lr 1.00e-03
    epoch 79: loss 0.7379, val_ap 0.5545, minutes 39.34, lr 1.00e-03
    epoch 80: loss 0.7415, val_ap 0.5595, minutes 39.86, lr 1.00e-03
    epoch 81: loss 0.7594, val_ap 0.5444, minutes 40.37, lr 1.00e-03
    epoch 82: loss 0.7322, val_ap 0.5644, minutes 40.92, lr 1.00e-03
    epoch 83: loss 0.7366, val_ap 0.5613, minutes 41.45, lr 1.00e-03
    epoch 84: loss 0.7306, val_ap 0.5588, minutes 41.99, lr 1.00e-03
    epoch 85: loss 0.7399, val_ap 0.5695, minutes 42.52, lr 1.00e-03
    epoch 86: loss 0.7524, val_ap 0.5604, minutes 42.99, lr 1.00e-03
    epoch 87: loss 0.7305, val_ap 0.5581, minutes 43.51, lr 1.00e-03
    epoch 88: loss 0.7214, val_ap 0.5657, minutes 44.0, lr 1.00e-03
    epoch 89: loss 0.7193, val_ap 0.5635, minutes 44.5, lr 1.00e-03
    epoch 90: loss 0.7193, val_ap 0.5608, minutes 45.02, lr 1.00e-03
    epoch 91: loss 0.7137, val_ap 0.5508, minutes 45.5, lr 1.00e-03
    epoch 92: loss 0.7364, val_ap 0.5595, minutes 46.0, lr 1.00e-03
    epoch 93: loss 0.7100, val_ap 0.5687, minutes 46.49, lr 1.00e-03
    epoch 94: loss 0.7088, val_ap 0.5596, minutes 46.97, lr 5.00e-04
    epoch 95: loss 0.6729, val_ap 0.5565, minutes 47.44, lr 5.00e-04
    epoch 96: loss 0.6761, val_ap 0.5596, minutes 47.91, lr 5.00e-04
    epoch 97: loss 0.6591, val_ap 0.5461, minutes 48.41, lr 5.00e-04
    epoch 98: loss 0.6679, val_ap 0.5566, minutes 48.89, lr 5.00e-04
    epoch 99: loss 0.6654, val_ap 0.5590, minutes 49.4, lr 5.00e-04
    epoch 100: loss 0.6781, val_ap 0.5647, minutes 49.85, lr 5.00e-04
    epoch 101: loss 0.6718, val_ap 0.5611, minutes 50.35, lr 5.00e-04
    epoch 102: loss 0.6645, val_ap 0.5564, minutes 50.78, lr 5.00e-04
    epoch 103: loss 0.6581, val_ap 0.5471, minutes 51.28, lr 2.50e-04
    epoch 104: loss 0.6422, val_ap 0.5583, minutes 51.75, lr 2.50e-04
    epoch 105: loss 0.6394, val_ap 0.5611, minutes 52.2, lr 2.50e-04
    epoch 106: loss 0.6370, val_ap 0.5607, minutes 52.71, lr 2.50e-04
    epoch 107: loss 0.6397, val_ap 0.5577, minutes 53.17, lr 2.50e-04
    epoch 108: loss 0.6432, val_ap 0.5639, minutes 53.7, lr 2.50e-04
    epoch 109: loss 0.6331, val_ap 0.5600, minutes 54.2, lr 2.50e-04
    epoch 110: loss 0.6354, val_ap 0.5581, minutes 54.75, lr 2.50e-04
    stopping: no validation gain in 25 epochs
[h2gcn_aux dataset0 fold 0 seed 1] done (55.6 min)
