loaded: dataset0 121,838 sites, data1 90,452
[h2gcn_aux_r400 dataset0 fold 3 seed 1]
    epoch 1: loss 1.9647, val_ap 0.1480, minutes 0.52, lr 3.33e-04
    epoch 2: loss 1.5940, val_ap 0.2555, minutes 1.01, lr 6.63e-04
    epoch 3: loss 1.3478, val_ap 0.4445, minutes 1.51, lr 9.92e-04
    epoch 4: loss 1.2074, val_ap 0.4799, minutes 2.01, lr 1.00e-03
    epoch 5: loss 1.1119, val_ap 0.5265, minutes 2.54, lr 1.00e-03
    epoch 6: loss 1.0594, val_ap 0.5387, minutes 3.08, lr 1.00e-03
    epoch 7: loss 1.0436, val_ap 0.5371, minutes 3.58, lr 1.00e-03
    epoch 8: loss 1.0121, val_ap 0.5543, minutes 4.11, lr 1.00e-03
    epoch 9: loss 0.9970, val_ap 0.5565, minutes 4.65, lr 1.00e-03
    epoch 10: loss 0.9785, val_ap 0.5728, minutes 5.16, lr 1.00e-03
    epoch 11: loss 0.9501, val_ap 0.5702, minutes 5.65, lr 1.00e-03
    epoch 12: loss 0.9474, val_ap 0.5777, minutes 6.22, lr 1.00e-03
    epoch 13: loss 0.9385, val_ap 0.5882, minutes 6.79, lr 1.00e-03
    epoch 14: loss 0.9371, val_ap 0.5757, minutes 7.32, lr 1.00e-03
    epoch 15: loss 0.9231, val_ap 0.5793, minutes 7.86, lr 1.00e-03
    epoch 16: loss 0.8929, val_ap 0.5984, minutes 8.37, lr 1.00e-03
    epoch 17: loss 0.8903, val_ap 0.5944, minutes 8.89, lr 1.00e-03
    epoch 18: loss 0.8910, val_ap 0.5843, minutes 9.39, lr 1.00e-03
    epoch 19: loss 0.8930, val_ap 0.5922, minutes 9.93, lr 1.00e-03
    epoch 20: loss 0.8598, val_ap 0.5993, minutes 10.46, lr 1.00e-03
    epoch 21: loss 0.8529, val_ap 0.5909, minutes 11.0, lr 1.00e-03
    epoch 22: loss 0.8824, val_ap 0.6016, minutes 11.51, lr 1.00e-03
    epoch 23: loss 0.8588, val_ap 0.5949, minutes 12.02, lr 1.00e-03
    epoch 24: loss 0.8623, val_ap 0.6067, minutes 12.56, lr 1.00e-03
    epoch 25: loss 0.8452, val_ap 0.5991, minutes 13.09, lr 1.00e-03
    epoch 26: loss 0.8303, val_ap 0.6023, minutes 13.63, lr 1.00e-03
    epoch 27: loss 0.8381, val_ap 0.6007, minutes 14.15, lr 1.00e-03
    epoch 28: loss 0.8545, val_ap 0.6102, minutes 14.64, lr 1.00e-03
    epoch 29: loss 0.8302, val_ap 0.6041, minutes 15.12, lr 1.00e-03
    epoch 30: loss 0.8191, val_ap 0.6081, minutes 15.6, lr 1.00e-03
    epoch 31: loss 0.8238, val_ap 0.6042, minutes 16.1, lr 1.00e-03
    epoch 32: loss 0.8380, val_ap 0.6044, minutes 16.59, lr 1.00e-03
    epoch 33: loss 0.8276, val_ap 0.6043, minutes 17.11, lr 1.00e-03
    epoch 34: loss 0.8134, val_ap 0.6081, minutes 17.59, lr 1.00e-03
    epoch 35: loss 0.8340, val_ap 0.6033, minutes 18.1, lr 1.00e-03
    epoch 36: loss 0.8092, val_ap 0.6039, minutes 18.58, lr 1.00e-03
    epoch 37: loss 0.8051, val_ap 0.6149, minutes 19.11, lr 1.00e-03
    epoch 38: loss 0.8059, val_ap 0.6142, minutes 19.6, lr 1.00e-03
    epoch 39: loss 0.8141, val_ap 0.6135, minutes 20.12, lr 1.00e-03
    epoch 40: loss 0.8034, val_ap 0.6174, minutes 20.61, lr 1.00e-03
    epoch 41: loss 0.8085, val_ap 0.6093, minutes 21.1, lr 1.00e-03
    epoch 42: loss 0.7879, val_ap 0.6209, minutes 21.61, lr 1.00e-03
    epoch 43: loss 0.7848, val_ap 0.6156, minutes 22.06, lr 1.00e-03
    epoch 44: loss 0.7740, val_ap 0.6157, minutes 22.53, lr 1.00e-03
    epoch 45: loss 0.7832, val_ap 0.6246, minutes 23.01, lr 1.00e-03
    epoch 46: loss 0.7818, val_ap 0.6255, minutes 23.53, lr 1.00e-03
    epoch 47: loss 0.7755, val_ap 0.6280, minutes 24.07, lr 1.00e-03
    epoch 48: loss 0.7808, val_ap 0.6275, minutes 24.58, lr 1.00e-03
    epoch 49: loss 0.7594, val_ap 0.6265, minutes 25.08, lr 1.00e-03
    epoch 50: loss 0.7577, val_ap 0.6240, minutes 25.56, lr 1.00e-03
    epoch 51: loss 0.7629, val_ap 0.6285, minutes 26.06, lr 1.00e-03
    epoch 52: loss 0.7698, val_ap 0.6263, minutes 26.53, lr 1.00e-03
    epoch 53: loss 0.7652, val_ap 0.6249, minutes 27.02, lr 1.00e-03
    epoch 54: loss 0.7683, val_ap 0.6339, minutes 27.52, lr 1.00e-03
    epoch 55: loss 0.7572, val_ap 0.6277, minutes 27.99, lr 1.00e-03
    epoch 56: loss 0.7693, val_ap 0.6344, minutes 28.48, lr 1.00e-03
    epoch 57: loss 0.7508, val_ap 0.6411, minutes 28.92, lr 1.00e-03
    epoch 58: loss 0.7682, val_ap 0.6285, minutes 29.42, lr 1.00e-03
    epoch 59: loss 0.7480, val_ap 0.6318, minutes 29.97, lr 1.00e-03
    epoch 60: loss 0.7403, val_ap 0.6335, minutes 30.51, lr 1.00e-03
    epoch 61: loss 0.7515, val_ap 0.6321, minutes 31.03, lr 1.00e-03
    epoch 62: loss 0.7351, val_ap 0.6297, minutes 31.53, lr 1.00e-03
    epoch 63: loss 0.7388, val_ap 0.6310, minutes 32.13, lr 1.00e-03
    epoch 64: loss 0.7319, val_ap 0.6337, minutes 32.66, lr 1.00e-03
    epoch 65: loss 0.7281, val_ap 0.6308, minutes 33.19, lr 1.00e-03
    epoch 66: loss 0.7170, val_ap 0.6449, minutes 33.74, lr 1.00e-03
    epoch 67: loss 0.7133, val_ap 0.6422, minutes 34.23, lr 1.00e-03
    epoch 68: loss 0.7196, val_ap 0.6437, minutes 34.73, lr 1.00e-03
    epoch 69: loss 0.7237, val_ap 0.6404, minutes 35.21, lr 1.00e-03
    epoch 70: loss 0.7260, val_ap 0.6324, minutes 35.67, lr 1.00e-03
    epoch 71: loss 0.7210, val_ap 0.6273, minutes 36.14, lr 1.00e-03
    epoch 72: loss 0.7069, val_ap 0.6305, minutes 36.64, lr 1.00e-03
    epoch 73: loss 0.7163, val_ap 0.6364, minutes 37.14, lr 1.00e-03
    epoch 74: loss 0.7075, val_ap 0.6361, minutes 37.64, lr 1.00e-03
    epoch 75: loss 0.7013, val_ap 0.6196, minutes 38.14, lr 5.00e-04
    epoch 76: loss 0.6835, val_ap 0.6368, minutes 38.63, lr 5.00e-04
    epoch 77: loss 0.6631, val_ap 0.6298, minutes 39.13, lr 5.00e-04
    epoch 78: loss 0.6654, val_ap 0.6348, minutes 39.62, lr 5.00e-04
    epoch 79: loss 0.6785, val_ap 0.6458, minutes 40.12, lr 5.00e-04
    epoch 80: loss 0.6832, val_ap 0.6376, minutes 40.61, lr 5.00e-04
    epoch 81: loss 0.6746, val_ap 0.6334, minutes 41.1, lr 5.00e-04
    epoch 82: loss 0.6634, val_ap 0.6366, minutes 41.59, lr 5.00e-04
    epoch 83: loss 0.6665, val_ap 0.6419, minutes 42.14, lr 5.00e-04
    epoch 84: loss 0.6645, val_ap 0.6352, minutes 42.65, lr 5.00e-04
    epoch 85: loss 0.6726, val_ap 0.6396, minutes 43.12, lr 5.00e-04
    epoch 86: loss 0.6668, val_ap 0.6307, minutes 43.62, lr 5.00e-04
    epoch 87: loss 0.6619, val_ap 0.6356, minutes 44.11, lr 5.00e-04
    epoch 88: loss 0.6549, val_ap 0.6388, minutes 44.57, lr 2.50e-04
    epoch 89: loss 0.6416, val_ap 0.6373, minutes 45.02, lr 2.50e-04
    epoch 90: loss 0.6471, val_ap 0.6342, minutes 45.51, lr 2.50e-04
    epoch 91: loss 0.6454, val_ap 0.6353, minutes 46.0, lr 2.50e-04
    epoch 92: loss 0.6309, val_ap 0.6426, minutes 46.52, lr 2.50e-04
    epoch 93: loss 0.6287, val_ap 0.6311, minutes 47.03, lr 2.50e-04
    epoch 94: loss 0.6364, val_ap 0.6336, minutes 47.49, lr 2.50e-04
    epoch 95: loss 0.6389, val_ap 0.6347, minutes 47.97, lr 2.50e-04
    epoch 96: loss 0.6376, val_ap 0.6310, minutes 48.46, lr 2.50e-04
    epoch 97: loss 0.6415, val_ap 0.6390, minutes 48.95, lr 1.25e-04
    epoch 98: loss 0.6276, val_ap 0.6386, minutes 49.42, lr 1.25e-04
    epoch 99: loss 0.6412, val_ap 0.6330, minutes 49.89, lr 1.25e-04
    epoch 100: loss 0.6286, val_ap 0.6281, minutes 50.35, lr 1.25e-04
    epoch 101: loss 0.6402, val_ap 0.6318, minutes 50.78, lr 1.25e-04
    epoch 102: loss 0.6194, val_ap 0.6335, minutes 51.25, lr 1.25e-04
    epoch 103: loss 0.6280, val_ap 0.6337, minutes 51.68, lr 1.25e-04
    epoch 104: loss 0.6237, val_ap 0.6331, minutes 52.1, lr 1.25e-04
    stopping: no validation gain in 25 epochs
[h2gcn_aux_r400 dataset0 fold 3 seed 1] done (52.7 min)
