loaded: dataset0 121,838 sites, data1 90,452
[knn_random dataset0 fold 1]
    epoch 1: loss 1.1926663262002608, minutes 2.32, val_ap 0.30208010453959544, lr 0.00033431372549019606
    epoch 2: loss 0.8499928126440329, minutes 4.8, val_ap 0.4249473657491444, lr 0.0006676470588235294
    epoch 3: loss 0.7683144268744132, minutes 7.07, val_ap 0.46053857639592843, lr 0.001
    epoch 4: loss 0.7495374866268214, minutes 9.55, val_ap 0.4683548162945363, lr 0.001
    epoch 5: loss 0.7330546349287033, minutes 11.98, val_ap 0.49254815204111413, lr 0.001
    epoch 6: loss 0.7204548301942209, minutes 14.39, val_ap 0.49327742788284096, lr 0.001
    epoch 7: loss 0.7047663744758157, minutes 16.78, val_ap 0.5090513704894306, lr 0.001
    epoch 8: loss 0.6966941108598429, minutes 19.27, val_ap 0.5146934950796652, lr 0.001
    epoch 9: loss 0.6924694711671157, minutes 21.7, val_ap 0.5031115023112582, lr 0.001
    epoch 10: loss 0.6811068774146192, minutes 24.02, val_ap 0.5170110347871165, lr 0.001
    epoch 11: loss 0.6779281908098389, minutes 26.35, val_ap 0.5106149564538928, lr 0.001
    epoch 12: loss 0.6726882246487281, minutes 28.75, val_ap 0.5289082127360868, lr 0.001
    epoch 13: loss 0.6702843762495938, minutes 31.12, val_ap 0.5148421018053608, lr 0.001
    epoch 14: loss 0.6653826028108597, minutes 33.56, val_ap 0.537057119459269, lr 0.001
    epoch 15: loss 0.6615851173506063, minutes 35.9, val_ap 0.5211862916397239, lr 0.001
    epoch 16: loss 0.6544514842769679, minutes 38.27, val_ap 0.5351563278197149, lr 0.001
    epoch 17: loss 0.6527023429379744, minutes 40.74, val_ap 0.5230392706552599, lr 0.001
    epoch 18: loss 0.6426158560987781, minutes 43.09, val_ap 0.5179937815042558, lr 0.001
    epoch 19: loss 0.6330122717163142, minutes 45.3, val_ap 0.5303468107052266, lr 0.001
    epoch 20: loss 0.6342502525624107, minutes 47.63, val_ap 0.5276362217513076, lr 0.001
    epoch 21: loss 0.6330198683282908, minutes 50.01, val_ap 0.5198669772289835, lr 0.001
    epoch 22: loss 0.626526383661172, minutes 52.57, val_ap 0.5289472535448082, lr 0.001
    epoch 23: loss 0.6286573145319434, minutes 55.07, val_ap 0.5355112441480308, lr 0.0005
    epoch 24: loss 0.6206707078306114, minutes 57.55, val_ap 0.5258919160234983, lr 0.0005
    epoch 25: loss 0.6115841436912032, minutes 60.04, val_ap 0.5425197329606594, lr 0.0005
    epoch 26: loss 0.6078758081092553, minutes 62.45, val_ap 0.5409705652985669, lr 0.0005
    epoch 27: loss 0.6085808911744286, minutes 64.82, val_ap 0.5423109863469998, lr 0.0005
    epoch 28: loss 0.6050200397477431, minutes 67.16, val_ap 0.5428595361503673, lr 0.0005
    epoch 29: loss 0.60208980949486, minutes 69.54, val_ap 0.5364445030829559, lr 0.0005
    epoch 30: loss 0.6022084959289606, minutes 72.01, val_ap 0.5283592156325106, lr 0.0005
    epoch 31: loss 0.6048312939265195, minutes 74.49, val_ap 0.539702916135597, lr 0.0005
    epoch 32: loss 0.5995207759387353, minutes 76.9, val_ap 0.5415032362313481, lr 0.0005
    epoch 33: loss 0.5965925913084956, minutes 79.31, val_ap 0.5371377556594933, lr 0.0005
    epoch 34: loss 0.593266437246519, minutes 81.65, val_ap 0.5436734665206632, lr 0.0005
    epoch 35: loss 0.5864020903320873, minutes 83.98, val_ap 0.5408469614033082, lr 0.0005
    epoch 36: loss 0.5889906204360373, minutes 86.36, val_ap 0.5431085235526051, lr 0.0005
    epoch 37: loss 0.5904336874099338, minutes 88.83, val_ap 0.5445945162955181, lr 0.0005
    epoch 38: loss 0.5861631176927511, minutes 91.19, val_ap 0.5415626336418938, lr 0.0005
    epoch 39: loss 0.5834328567280489, minutes 93.58, val_ap 0.5387585447304287, lr 0.0005
    epoch 40: loss 0.5817152381819837, minutes 96.05, val_ap 0.5336735426536008, lr 0.0005
    epoch 41: loss 0.5865709207513753, minutes 98.45, val_ap 0.5395663374911464, lr 0.0005
    epoch 42: loss 0.5868602803524803, minutes 100.85, val_ap 0.5333989635965436, lr 0.0005
    epoch 43: loss 0.5779357446467175, minutes 103.21, val_ap 0.5429903228161026, lr 0.0005
    epoch 44: loss 0.5864159094060168, minutes 105.63, val_ap 0.5358018960581488, lr 0.0005
    epoch 45: loss 0.5822822236839462, minutes 107.99, val_ap 0.5379171749249136, lr 0.0005
    epoch 46: loss 0.5800424318103229, minutes 110.53, val_ap 0.5379455568666832, lr 0.00025
    epoch 47: loss 0.5596750701175016, minutes 112.95, val_ap 0.5363824890860278, lr 0.00025
    epoch 48: loss 0.5634543532834334, minutes 115.31, val_ap 0.5424206423451642, lr 0.00025
    epoch 49: loss 0.559260728911442, minutes 117.75, val_ap 0.5455769623955026, lr 0.00025
    epoch 50: loss 0.5610825995312018, minutes 120.18, val_ap 0.5391442101269801, lr 0.00025
    epoch 51: loss 0.5598624042728368, minutes 122.61, val_ap 0.5373092741136835, lr 0.00025
    epoch 52: loss 0.5548925648279049, minutes 125.0, val_ap 0.5516045620837289, lr 0.00025
    epoch 53: loss 0.5568167795153225, minutes 127.38, val_ap 0.5475038934402296, lr 0.00025
    epoch 54: loss 0.5639429324251763, minutes 129.87, val_ap 0.5439228230918034, lr 0.00025
    epoch 55: loss 0.5651391253751867, minutes 132.24, val_ap 0.5483972193810824, lr 0.00025
    epoch 56: loss 0.5571189349188524, minutes 134.74, val_ap 0.544896209087493, lr 0.00025
    epoch 57: loss 0.5565570672645288, minutes 136.93, val_ap 0.546066445969805, lr 0.00025
    epoch 58: loss 0.5521528456140967, minutes 139.17, val_ap 0.5397339123306558, lr 0.00025
    epoch 59: loss 0.5528666677720406, minutes 141.47, val_ap 0.5462272644399496, lr 0.00025
    epoch 60: loss 0.5505953252315521, minutes 143.72, val_ap 0.5410899062197109, lr 0.00025
    epoch 61: loss 0.5451732248944394, minutes 145.98, val_ap 0.5429860773944151, lr 0.000125
    epoch 62: loss 0.5401557886425187, minutes 148.23, val_ap 0.5420296207259971, lr 0.000125
    epoch 63: loss 0.5426988884806633, minutes 150.47, val_ap 0.5460675995735202, lr 0.000125
    epoch 64: loss 0.5381971472326447, minutes 152.72, val_ap 0.542860816536434, lr 0.000125
    epoch 65: loss 0.5427807188209366, minutes 154.8, val_ap 0.5457344794333768, lr 0.000125
    epoch 66: loss 0.5345537992084728, minutes 156.71, val_ap 0.543380437190983, lr 0.000125
    epoch 67: loss 0.5367867718724644, minutes 158.75, val_ap 0.5423194174973432, lr 0.000125
    epoch 68: loss 0.5413811121793354, minutes 160.75, val_ap 0.5427163229820942, lr 0.000125
    epoch 69: loss 0.5348132951732945, minutes 162.7, val_ap 0.5457132775490106, lr 0.000125
    epoch 70: loss 0.5426997664658463, minutes 164.48, val_ap 0.5500188392395554, lr 6.25e-05
    epoch 71: loss 0.5268759816884995, minutes 166.29, val_ap 0.5462599635891108, lr 6.25e-05
    epoch 72: loss 0.5306605965337332, minutes 168.14, val_ap 0.54490811848367, lr 6.25e-05
    epoch 73: loss 0.5339079461553518, minutes 170.05, val_ap 0.5443763517139051, lr 6.25e-05
    epoch 74: loss 0.5337017429663854, minutes 171.93, val_ap 0.5421306465178417, lr 6.25e-05
    epoch 75: loss 0.5205305509707507, minutes 173.87, val_ap 0.547631505192288, lr 6.25e-05
    epoch 76: loss 0.5246501698213465, minutes 175.59, val_ap 0.5406040034555342, lr 6.25e-05
    stopping: no validation gain in 25 epochs
[knn_random dataset0 fold 1] done (178.1 min)
