loaded: dataset0 121,838 sites, data1 90,452
[h2gcn_aux dataset0 fold 0]
    epoch 1: loss 1.9689, val_ap 0.1787, minutes 0.48, lr 3.33e-04
    epoch 2: loss 1.5884, val_ap 0.2491, minutes 0.98, lr 6.59e-04
    epoch 3: loss 1.3766, val_ap 0.3582, minutes 1.49, lr 9.88e-04
    epoch 4: loss 1.2354, val_ap 0.4237, minutes 1.96, lr 1.00e-03
    epoch 5: loss 1.1209, val_ap 0.4412, minutes 2.47, lr 1.00e-03
    epoch 6: loss 1.0909, val_ap 0.4563, minutes 2.96, lr 1.00e-03
    epoch 7: loss 1.0894, val_ap 0.4590, minutes 3.44, lr 1.00e-03
    epoch 8: loss 1.0489, val_ap 0.4685, minutes 3.94, lr 1.00e-03
    epoch 9: loss 1.0340, val_ap 0.4714, minutes 4.43, lr 1.00e-03
    epoch 10: loss 1.0104, val_ap 0.4707, minutes 4.92, lr 1.00e-03
    epoch 11: loss 1.0167, val_ap 0.4756, minutes 5.4, lr 1.00e-03
    epoch 12: loss 0.9928, val_ap 0.4693, minutes 5.86, lr 1.00e-03
    epoch 13: loss 0.9870, val_ap 0.4821, minutes 6.32, lr 1.00e-03
    epoch 14: loss 1.0066, val_ap 0.4716, minutes 6.77, lr 1.00e-03
    epoch 15: loss 0.9733, val_ap 0.4832, minutes 7.23, lr 1.00e-03
    epoch 16: loss 0.9553, val_ap 0.4867, minutes 7.69, lr 1.00e-03
    epoch 17: loss 0.9897, val_ap 0.4865, minutes 8.12, lr 1.00e-03
    epoch 18: loss 0.9644, val_ap 0.4854, minutes 8.6, lr 1.00e-03
    epoch 19: loss 0.9451, val_ap 0.4944, minutes 9.1, lr 1.00e-03
    epoch 20: loss 0.9201, val_ap 0.4996, minutes 9.49, lr 1.00e-03
    epoch 21: loss 0.9283, val_ap 0.4936, minutes 9.92, lr 1.00e-03
    epoch 22: loss 0.9244, val_ap 0.4944, minutes 10.38, lr 1.00e-03
    epoch 23: loss 0.9253, val_ap 0.5030, minutes 10.83, lr 1.00e-03
    epoch 24: loss 0.9341, val_ap 0.5086, minutes 11.3, lr 1.00e-03
    epoch 25: loss 0.9689, val_ap 0.5086, minutes 11.77, lr 1.00e-03
    epoch 26: loss 0.9006, val_ap 0.5121, minutes 12.18, lr 1.00e-03
    epoch 27: loss 0.8857, val_ap 0.5047, minutes 12.63, lr 1.00e-03
    epoch 28: loss 0.9213, val_ap 0.5220, minutes 13.06, lr 1.00e-03
    epoch 29: loss 0.9933, val_ap 0.5079, minutes 13.52, lr 1.00e-03
    epoch 30: loss 0.9014, val_ap 0.5147, minutes 13.96, lr 1.00e-03
    epoch 31: loss 0.9038, val_ap 0.5223, minutes 14.43, lr 1.00e-03
    epoch 32: loss 0.8921, val_ap 0.5215, minutes 14.88, lr 1.00e-03
    epoch 33: loss 0.8897, val_ap 0.5269, minutes 15.31, lr 1.00e-03
    epoch 34: loss 0.9107, val_ap 0.5238, minutes 15.76, lr 1.00e-03
    epoch 35: loss 0.8921, val_ap 0.5207, minutes 16.17, lr 1.00e-03
    epoch 36: loss 0.8995, val_ap 0.5245, minutes 16.62, lr 1.00e-03
    epoch 37: loss 0.8965, val_ap 0.5281, minutes 17.08, lr 1.00e-03
    epoch 38: loss 0.8945, val_ap 0.5276, minutes 17.52, lr 1.00e-03
    epoch 39: loss 0.8564, val_ap 0.5272, minutes 17.92, lr 1.00e-03
    epoch 40: loss 0.8555, val_ap 0.5284, minutes 18.33, lr 1.00e-03
    epoch 41: loss 0.8519, val_ap 0.5239, minutes 18.76, lr 1.00e-03
    epoch 42: loss 0.8436, val_ap 0.5316, minutes 19.26, lr 1.00e-03
    epoch 43: loss 0.8597, val_ap 0.5326, minutes 19.67, lr 1.00e-03
    epoch 44: loss 0.8463, val_ap 0.5361, minutes 20.06, lr 1.00e-03
    epoch 45: loss 0.8415, val_ap 0.5389, minutes 20.5, lr 1.00e-03
    epoch 46: loss 0.8491, val_ap 0.5332, minutes 20.89, lr 1.00e-03
    epoch 47: loss 0.8311, val_ap 0.5272, minutes 21.31, lr 1.00e-03
    epoch 48: loss 0.8369, val_ap 0.5370, minutes 21.75, lr 1.00e-03
    epoch 49: loss 0.8390, val_ap 0.5434, minutes 22.15, lr 1.00e-03
    epoch 50: loss 0.8253, val_ap 0.5451, minutes 22.54, lr 1.00e-03
    epoch 51: loss 0.8174, val_ap 0.5444, minutes 22.92, lr 1.00e-03
    epoch 52: loss 0.8096, val_ap 0.5448, minutes 23.36, lr 1.00e-03
    epoch 53: loss 0.7986, val_ap 0.5447, minutes 23.8, lr 1.00e-03
    epoch 54: loss 0.8035, val_ap 0.5456, minutes 24.23, lr 1.00e-03
    epoch 55: loss 0.8100, val_ap 0.5463, minutes 24.6, lr 1.00e-03
    epoch 56: loss 0.7985, val_ap 0.5525, minutes 25.02, lr 1.00e-03
    epoch 57: loss 0.8085, val_ap 0.5609, minutes 25.42, lr 1.00e-03
    epoch 58: loss 0.8001, val_ap 0.5516, minutes 25.85, lr 1.00e-03
    epoch 59: loss 0.8005, val_ap 0.5505, minutes 26.29, lr 1.00e-03
    epoch 60: loss 0.7950, val_ap 0.5447, minutes 26.69, lr 1.00e-03
    epoch 61: loss 0.7840, val_ap 0.5582, minutes 27.14, lr 1.00e-03
    epoch 62: loss 0.8006, val_ap 0.5587, minutes 27.55, lr 1.00e-03
    epoch 63: loss 0.7849, val_ap 0.5655, minutes 27.95, lr 1.00e-03
    epoch 64: loss 0.7669, val_ap 0.5560, minutes 28.36, lr 1.00e-03
    epoch 65: loss 0.7758, val_ap 0.5527, minutes 28.77, lr 1.00e-03
    epoch 66: loss 0.7729, val_ap 0.5630, minutes 29.16, lr 1.00e-03
    epoch 67: loss 0.7688, val_ap 0.5582, minutes 29.55, lr 1.00e-03
    epoch 68: loss 0.7872, val_ap 0.5717, minutes 29.94, lr 1.00e-03
    epoch 69: loss 0.7679, val_ap 0.5657, minutes 30.35, lr 1.00e-03
    epoch 70: loss 0.7666, val_ap 0.5732, minutes 30.73, lr 1.00e-03
    epoch 71: loss 0.7560, val_ap 0.5653, minutes 31.12, lr 1.00e-03
    epoch 72: loss 0.7463, val_ap 0.5638, minutes 31.48, lr 1.00e-03
    epoch 73: loss 0.7520, val_ap 0.5757, minutes 31.85, lr 1.00e-03
    epoch 74: loss 0.7512, val_ap 0.5633, minutes 32.29, lr 1.00e-03
    epoch 75: loss 0.7433, val_ap 0.5619, minutes 32.69, lr 1.00e-03
    epoch 76: loss 0.7439, val_ap 0.5564, minutes 33.09, lr 1.00e-03
    epoch 77: loss 0.7595, val_ap 0.5649, minutes 33.51, lr 1.00e-03
    epoch 78: loss 0.7573, val_ap 0.5718, minutes 33.85, lr 1.00e-03
    epoch 79: loss 0.7451, val_ap 0.5697, minutes 34.26, lr 1.00e-03
    epoch 80: loss 0.7225, val_ap 0.5505, minutes 34.67, lr 1.00e-03
    epoch 81: loss 0.7203, val_ap 0.5679, minutes 35.04, lr 1.00e-03
    epoch 82: loss 0.7273, val_ap 0.5733, minutes 35.44, lr 5.00e-04
    epoch 83: loss 0.6882, val_ap 0.5699, minutes 35.82, lr 5.00e-04
    epoch 84: loss 0.6898, val_ap 0.5739, minutes 36.22, lr 5.00e-04
    epoch 85: loss 0.6783, val_ap 0.5720, minutes 36.59, lr 5.00e-04
    epoch 86: loss 0.6811, val_ap 0.5753, minutes 36.99, lr 5.00e-04
    epoch 87: loss 0.6914, val_ap 0.5749, minutes 37.34, lr 5.00e-04
    epoch 88: loss 0.6760, val_ap 0.5723, minutes 37.76, lr 5.00e-04
    epoch 89: loss 0.6890, val_ap 0.5753, minutes 38.12, lr 5.00e-04
    epoch 90: loss 0.6763, val_ap 0.5701, minutes 38.46, lr 5.00e-04
    epoch 91: loss 0.6912, val_ap 0.5631, minutes 38.82, lr 2.50e-04
    epoch 92: loss 0.6545, val_ap 0.5774, minutes 39.15, lr 2.50e-04
    epoch 93: loss 0.6660, val_ap 0.5732, minutes 39.52, lr 2.50e-04
    epoch 94: loss 0.6569, val_ap 0.5718, minutes 39.86, lr 2.50e-04
    epoch 95: loss 0.6619, val_ap 0.5743, minutes 40.2, lr 2.50e-04
    epoch 96: loss 0.6628, val_ap 0.5743, minutes 40.56, lr 2.50e-04
    epoch 97: loss 0.6559, val_ap 0.5726, minutes 40.91, lr 2.50e-04
    epoch 98: loss 0.6480, val_ap 0.5702, minutes 41.26, lr 2.50e-04
    epoch 99: loss 0.6629, val_ap 0.5716, minutes 41.6, lr 2.50e-04
    epoch 100: loss 0.6424, val_ap 0.5704, minutes 41.94, lr 2.50e-04
    epoch 101: loss 0.6575, val_ap 0.5729, minutes 42.28, lr 1.25e-04
    epoch 102: loss 0.6356, val_ap 0.5755, minutes 42.62, lr 1.25e-04
    epoch 103: loss 0.6268, val_ap 0.5725, minutes 42.95, lr 1.25e-04
    epoch 104: loss 0.6398, val_ap 0.5711, minutes 43.26, lr 1.25e-04
    epoch 105: loss 0.6430, val_ap 0.5734, minutes 43.57, lr 1.25e-04
    epoch 106: loss 0.6423, val_ap 0.5737, minutes 43.91, lr 1.25e-04
    epoch 107: loss 0.6219, val_ap 0.5713, minutes 44.24, lr 1.25e-04
    epoch 108: loss 0.6372, val_ap 0.5713, minutes 44.59, lr 1.25e-04
    epoch 109: loss 0.6325, val_ap 0.5701, minutes 44.92, lr 1.25e-04
    epoch 110: loss 0.6382, val_ap 0.5756, minutes 45.26, lr 6.25e-05
    epoch 111: loss 0.6366, val_ap 0.5721, minutes 45.65, lr 6.25e-05
    epoch 112: loss 0.6306, val_ap 0.5714, minutes 45.95, lr 6.25e-05
    epoch 113: loss 0.6247, val_ap 0.5753, minutes 46.31, lr 6.25e-05
    epoch 114: loss 0.6415, val_ap 0.5739, minutes 46.63, lr 6.25e-05
    epoch 115: loss 0.6278, val_ap 0.5714, minutes 46.95, lr 6.25e-05
    epoch 116: loss 0.6330, val_ap 0.5716, minutes 47.26, lr 6.25e-05
    epoch 117: loss 0.6242, val_ap 0.5736, minutes 47.58, lr 6.25e-05
    stopping: no validation gain in 25 epochs
[h2gcn_aux dataset0 fold 0] done (48.1 min)
