loaded: dataset0 121,838 sites, data1 90,452
[scalar_msg dataset0 fold 1]
    kernel decay scale 114.6 nt (fitted to cell line 1 training labels)
    epoch 1: loss 2.0876, val_ap 0.0827, minutes 0.42, lr 3.33e-04
    epoch 2: loss 1.6318, val_ap 0.2255, minutes 0.88, lr 6.63e-04
    epoch 3: loss 1.3632, val_ap 0.3964, minutes 1.35, lr 9.92e-04
    epoch 4: loss 1.1962, val_ap 0.4744, minutes 1.8, lr 1.00e-03
    epoch 5: loss 1.1387, val_ap 0.4973, minutes 2.25, lr 1.00e-03
    epoch 6: loss 1.0616, val_ap 0.4997, minutes 2.76, lr 1.00e-03
    epoch 7: loss 1.0402, val_ap 0.5111, minutes 3.21, lr 1.00e-03
    epoch 8: loss 1.0368, val_ap 0.5188, minutes 3.68, lr 1.00e-03
    epoch 9: loss 1.0340, val_ap 0.5181, minutes 4.1, lr 1.00e-03
    epoch 10: loss 1.0017, val_ap 0.5167, minutes 4.49, lr 1.00e-03
    epoch 11: loss 0.9915, val_ap 0.5244, minutes 4.93, lr 1.00e-03
    epoch 12: loss 0.9669, val_ap 0.5272, minutes 5.38, lr 1.00e-03
    epoch 13: loss 0.9691, val_ap 0.5358, minutes 5.85, lr 1.00e-03
    epoch 14: loss 0.9764, val_ap 0.5296, minutes 6.29, lr 1.00e-03
    epoch 15: loss 0.9570, val_ap 0.5341, minutes 6.74, lr 1.00e-03
    epoch 16: loss 0.9457, val_ap 0.5400, minutes 7.17, lr 1.00e-03
    epoch 17: loss 0.9367, val_ap 0.5479, minutes 7.6, lr 1.00e-03
    epoch 18: loss 0.9209, val_ap 0.5495, minutes 8.02, lr 1.00e-03
    epoch 19: loss 0.9280, val_ap 0.5507, minutes 8.47, lr 1.00e-03
    epoch 20: loss 0.9161, val_ap 0.5518, minutes 8.91, lr 1.00e-03
    epoch 21: loss 0.9114, val_ap 0.5490, minutes 9.36, lr 1.00e-03
    epoch 22: loss 0.9176, val_ap 0.5522, minutes 9.79, lr 1.00e-03
    epoch 23: loss 0.9252, val_ap 0.5540, minutes 10.22, lr 1.00e-03
    epoch 24: loss 0.9058, val_ap 0.5534, minutes 10.68, lr 1.00e-03
    epoch 25: loss 0.9032, val_ap 0.5513, minutes 11.17, lr 1.00e-03
    epoch 26: loss 0.9046, val_ap 0.5587, minutes 11.65, lr 1.00e-03
    epoch 27: loss 0.9044, val_ap 0.5547, minutes 12.11, lr 1.00e-03
    epoch 28: loss 0.8928, val_ap 0.5598, minutes 12.57, lr 1.00e-03
    epoch 29: loss 0.8843, val_ap 0.5654, minutes 13.04, lr 1.00e-03
    epoch 30: loss 0.8844, val_ap 0.5647, minutes 13.49, lr 1.00e-03
    epoch 31: loss 0.8889, val_ap 0.5632, minutes 14.05, lr 1.00e-03
    epoch 32: loss 0.8973, val_ap 0.5688, minutes 14.52, lr 1.00e-03
    epoch 33: loss 0.8822, val_ap 0.5692, minutes 15.01, lr 1.00e-03
    epoch 34: loss 0.8789, val_ap 0.5645, minutes 15.49, lr 1.00e-03
    epoch 35: loss 0.8602, val_ap 0.5722, minutes 15.92, lr 1.00e-03
    epoch 36: loss 0.8603, val_ap 0.5795, minutes 16.4, lr 1.00e-03
    epoch 37: loss 0.8704, val_ap 0.5674, minutes 16.87, lr 1.00e-03
    epoch 38: loss 0.8650, val_ap 0.5754, minutes 17.37, lr 1.00e-03
    epoch 39: loss 0.8566, val_ap 0.5721, minutes 17.84, lr 1.00e-03
    epoch 40: loss 0.8507, val_ap 0.5722, minutes 18.32, lr 1.00e-03
    epoch 41: loss 0.8534, val_ap 0.5781, minutes 18.77, lr 1.00e-03
    epoch 42: loss 0.8778, val_ap 0.5789, minutes 19.25, lr 1.00e-03
    epoch 43: loss 0.8640, val_ap 0.5811, minutes 19.78, lr 1.00e-03
    epoch 44: loss 0.8638, val_ap 0.5794, minutes 20.23, lr 1.00e-03
    epoch 45: loss 0.8508, val_ap 0.5796, minutes 20.69, lr 1.00e-03
    epoch 46: loss 0.8262, val_ap 0.5770, minutes 21.13, lr 1.00e-03
    epoch 47: loss 0.8281, val_ap 0.5765, minutes 21.57, lr 1.00e-03
    epoch 48: loss 0.8378, val_ap 0.5851, minutes 22.04, lr 1.00e-03
    epoch 49: loss 0.8300, val_ap 0.5846, minutes 22.48, lr 1.00e-03
    epoch 50: loss 0.8369, val_ap 0.5841, minutes 22.94, lr 1.00e-03
    epoch 51: loss 0.8163, val_ap 0.5739, minutes 23.37, lr 1.00e-03
    epoch 52: loss 0.8223, val_ap 0.5819, minutes 23.79, lr 1.00e-03
    epoch 53: loss 0.8303, val_ap 0.5779, minutes 24.21, lr 1.00e-03
    epoch 54: loss 0.8143, val_ap 0.5816, minutes 24.62, lr 1.00e-03
    epoch 55: loss 0.8082, val_ap 0.5775, minutes 25.08, lr 1.00e-03
    epoch 56: loss 0.8224, val_ap 0.5733, minutes 25.53, lr 1.00e-03
    epoch 57: loss 0.7980, val_ap 0.5828, minutes 26.02, lr 5.00e-04
    epoch 58: loss 0.8084, val_ap 0.5828, minutes 26.5, lr 5.00e-04
    epoch 59: loss 0.7875, val_ap 0.5790, minutes 26.96, lr 5.00e-04
    epoch 60: loss 0.7861, val_ap 0.5770, minutes 27.41, lr 5.00e-04
    epoch 61: loss 0.7854, val_ap 0.5845, minutes 27.85, lr 5.00e-04
    epoch 62: loss 0.7916, val_ap 0.5813, minutes 28.33, lr 5.00e-04
    epoch 63: loss 0.7818, val_ap 0.5818, minutes 28.79, lr 5.00e-04
    epoch 64: loss 0.7757, val_ap 0.5756, minutes 29.24, lr 5.00e-04
    epoch 65: loss 0.7859, val_ap 0.5829, minutes 29.68, lr 5.00e-04
    epoch 66: loss 0.7738, val_ap 0.5798, minutes 30.14, lr 2.50e-04
    epoch 67: loss 0.7648, val_ap 0.5832, minutes 30.65, lr 2.50e-04
    epoch 68: loss 0.7739, val_ap 0.5835, minutes 31.14, lr 2.50e-04
    epoch 69: loss 0.7773, val_ap 0.5834, minutes 31.6, lr 2.50e-04
    epoch 70: loss 0.7577, val_ap 0.5849, minutes 32.07, lr 2.50e-04
    epoch 71: loss 0.7709, val_ap 0.5857, minutes 32.54, lr 2.50e-04
    epoch 72: loss 0.7733, val_ap 0.5838, minutes 33.0, lr 2.50e-04
    epoch 73: loss 0.7698, val_ap 0.5822, minutes 33.51, lr 2.50e-04
    epoch 74: loss 0.7618, val_ap 0.5837, minutes 34.0, lr 2.50e-04
    epoch 75: loss 0.7737, val_ap 0.5838, minutes 34.49, lr 2.50e-04
    epoch 76: loss 0.7730, val_ap 0.5853, minutes 34.98, lr 2.50e-04
    epoch 77: loss 0.7536, val_ap 0.5846, minutes 35.41, lr 2.50e-04
    epoch 78: loss 0.7620, val_ap 0.5814, minutes 35.92, lr 2.50e-04
    epoch 79: loss 0.7711, val_ap 0.5851, minutes 36.38, lr 2.50e-04
    epoch 80: loss 0.7614, val_ap 0.5843, minutes 36.83, lr 1.25e-04
    epoch 81: loss 0.7580, val_ap 0.5845, minutes 37.29, lr 1.25e-04
    epoch 82: loss 0.7574, val_ap 0.5854, minutes 37.75, lr 1.25e-04
    epoch 83: loss 0.7636, val_ap 0.5850, minutes 38.2, lr 1.25e-04
    epoch 84: loss 0.7527, val_ap 0.5836, minutes 38.66, lr 1.25e-04
    epoch 85: loss 0.7661, val_ap 0.5839, minutes 39.18, lr 1.25e-04
    epoch 86: loss 0.7458, val_ap 0.5838, minutes 39.65, lr 1.25e-04
    epoch 87: loss 0.7494, val_ap 0.5833, minutes 40.14, lr 1.25e-04
    epoch 88: loss 0.7587, val_ap 0.5838, minutes 40.62, lr 1.25e-04
    epoch 89: loss 0.7429, val_ap 0.5829, minutes 41.07, lr 6.25e-05
    epoch 90: loss 0.7453, val_ap 0.5818, minutes 41.57, lr 6.25e-05
    epoch 91: loss 0.7505, val_ap 0.5822, minutes 42.04, lr 6.25e-05
    epoch 92: loss 0.7452, val_ap 0.5829, minutes 42.45, lr 6.25e-05
    epoch 93: loss 0.7541, val_ap 0.5835, minutes 42.91, lr 6.25e-05
    epoch 94: loss 0.7522, val_ap 0.5832, minutes 43.38, lr 6.25e-05
    epoch 95: loss 0.7592, val_ap 0.5830, minutes 43.86, lr 6.25e-05
    epoch 96: loss 0.7408, val_ap 0.5838, minutes 44.39, lr 6.25e-05
    stopping: no validation gain in 25 epochs
[scalar_msg dataset0 fold 1] done (45.2 min)
