loaded: dataset0 121,838 sites, data1 90,452
[knn_random dataset0 fold 4]
    epoch 1: loss 1.1979332512547805, minutes 2.28, val_ap 0.21936966187974186, lr 0.00033430232558139537
    epoch 2: loss 0.8665207794239355, minutes 5.15, val_ap 0.41496329166372803, lr 0.0006676356589147286
    epoch 3: loss 0.7761046664659367, minutes 8.14, val_ap 0.43975964545890595, lr 0.001
    epoch 4: loss 0.7560317607293295, minutes 11.02, val_ap 0.44897288738843955, lr 0.001
    epoch 5: loss 0.7361538296695366, minutes 13.97, val_ap 0.4569172946617271, lr 0.001
    epoch 6: loss 0.7237763937649339, minutes 16.8, val_ap 0.4671407275957987, lr 0.001
    epoch 7: loss 0.7148045661837555, minutes 19.69, val_ap 0.46161970329119584, lr 0.001
    epoch 8: loss 0.7035379628975724, minutes 22.53, val_ap 0.4749338613184987, lr 0.001
    epoch 9: loss 0.7034806064221748, minutes 25.5, val_ap 0.4837002631757747, lr 0.001
    epoch 10: loss 0.6895213241493979, minutes 28.22, val_ap 0.4921526368370683, lr 0.001
    epoch 11: loss 0.6811112149856812, minutes 31.23, val_ap 0.500652402435271, lr 0.001
    epoch 12: loss 0.6846683069543783, minutes 34.25, val_ap 0.48413261122991413, lr 0.001
    epoch 13: loss 0.6801249349359856, minutes 37.18, val_ap 0.5011053620764786, lr 0.001
    epoch 14: loss 0.6698698912595593, minutes 39.88, val_ap 0.4929034950216032, lr 0.001
    epoch 15: loss 0.6690104880131954, minutes 42.75, val_ap 0.5095889061966457, lr 0.001
    epoch 16: loss 0.6627487621681635, minutes 45.73, val_ap 0.5097682667864077, lr 0.001
    epoch 17: loss 0.6590099721973719, minutes 48.66, val_ap 0.5138522470478485, lr 0.001
    epoch 18: loss 0.6556833414144294, minutes 51.49, val_ap 0.5174944345522647, lr 0.001
    epoch 19: loss 0.6594840791509595, minutes 54.12, val_ap 0.5262346363915278, lr 0.001
    epoch 20: loss 0.6490662184565567, minutes 56.89, val_ap 0.5194222796048223, lr 0.001
    epoch 21: loss 0.6410320585723533, minutes 59.86, val_ap 0.5175025604948511, lr 0.001
    epoch 22: loss 0.641233641134445, minutes 62.82, val_ap 0.5321179809431122, lr 0.001
    epoch 23: loss 0.6512653743631618, minutes 65.74, val_ap 0.5304552352570393, lr 0.001
    epoch 24: loss 0.639438777295656, minutes 68.77, val_ap 0.5282100110817776, lr 0.001
    epoch 25: loss 0.6324486249061518, minutes 71.59, val_ap 0.5311110750890552, lr 0.001
    epoch 26: loss 0.6236402512376391, minutes 74.38, val_ap 0.5184901146658233, lr 0.001
    epoch 27: loss 0.6270409657424966, minutes 77.09, val_ap 0.5229685485279014, lr 0.001
    epoch 28: loss 0.6390607108383678, minutes 79.83, val_ap 0.5365156911318371, lr 0.001
    epoch 29: loss 0.624988546811564, minutes 82.45, val_ap 0.5188719920294093, lr 0.001
    epoch 30: loss 0.6173956764125547, minutes 85.41, val_ap 0.5263847668554378, lr 0.001
    epoch 31: loss 0.6196374099615009, minutes 88.27, val_ap 0.5261213257381296, lr 0.001
    epoch 32: loss 0.61495452729422, minutes 91.09, val_ap 0.5338521936320137, lr 0.001
    epoch 33: loss 0.6172046285382536, minutes 93.97, val_ap 0.520775888853354, lr 0.001
    epoch 34: loss 0.6127745728333329, minutes 96.85, val_ap 0.5245901820742757, lr 0.001
    epoch 35: loss 0.6110280364058739, minutes 99.56, val_ap 0.5268717290040764, lr 0.001
    epoch 36: loss 0.6040076246528432, minutes 102.41, val_ap 0.5178018756322045, lr 0.001
    epoch 37: loss 0.6086801382344823, minutes 105.41, val_ap 0.5198693052063386, lr 0.0005
    epoch 38: loss 0.5859018217685611, minutes 107.95, val_ap 0.531066144862466, lr 0.0005
    epoch 39: loss 0.5916372768927453, minutes 110.79, val_ap 0.5261608972082644, lr 0.0005
    epoch 40: loss 0.5790070846330287, minutes 113.77, val_ap 0.5229559946486494, lr 0.0005
    epoch 41: loss 0.5789880535976831, minutes 116.64, val_ap 0.5257397715515699, lr 0.0005
    epoch 42: loss 0.5744469034117322, minutes 119.3, val_ap 0.5308454358134292, lr 0.0005
    epoch 43: loss 0.5784118693581847, minutes 122.25, val_ap 0.532019784480522, lr 0.0005
    epoch 44: loss 0.568377688353838, minutes 124.97, val_ap 0.5295039046046427, lr 0.0005
    epoch 45: loss 0.5728676251547281, minutes 127.82, val_ap 0.5426801423267265, lr 0.0005
    epoch 46: loss 0.5681122849846996, minutes 130.81, val_ap 0.530738272815923, lr 0.0005
    epoch 47: loss 0.5664585840043633, minutes 133.76, val_ap 0.5404106457459654, lr 0.0005
    epoch 48: loss 0.5724193001989015, minutes 136.5, val_ap 0.5358500120987787, lr 0.0005
    epoch 49: loss 0.5616838986617189, minutes 139.21, val_ap 0.5290722416307629, lr 0.0005
    epoch 50: loss 0.5597470503213794, minutes 141.81, val_ap 0.5371070766644434, lr 0.0005
    epoch 51: loss 0.565273248655505, minutes 144.06, val_ap 0.5318300487207464, lr 0.0005
    epoch 52: loss 0.5652611220991889, minutes 146.76, val_ap 0.5245681747206066, lr 0.0005
    epoch 53: loss 0.5545730991072433, minutes 149.5, val_ap 0.5382001402992184, lr 0.0005
    epoch 54: loss 0.5573869377894457, minutes 152.16, val_ap 0.520560119611199, lr 0.00025
    epoch 55: loss 0.5416404611842577, minutes 154.79, val_ap 0.5338540007713528, lr 0.00025
    epoch 56: loss 0.5373390068321727, minutes 157.02, val_ap 0.5298943332551088, lr 0.00025
    epoch 57: loss 0.5299808795368949, minutes 159.19, val_ap 0.5340932533950196, lr 0.00025
    epoch 58: loss 0.5402536125377168, minutes 161.36, val_ap 0.530285081443355, lr 0.00025
    epoch 59: loss 0.5368918329044137, minutes 163.58, val_ap 0.5313776966580751, lr 0.00025
    epoch 60: loss 0.5428218089563902, minutes 165.85, val_ap 0.5380482483754662, lr 0.00025
    epoch 61: loss 0.5405054122729357, minutes 168.18, val_ap 0.5192365515621103, lr 0.00025
    epoch 62: loss 0.5389237531222576, minutes 170.55, val_ap 0.5345513511205436, lr 0.00025
    epoch 63: loss 0.5268795582097631, minutes 172.74, val_ap 0.5332168003410511, lr 0.000125
    epoch 64: loss 0.5213628206402063, minutes 174.94, val_ap 0.5327534150109074, lr 0.000125
    epoch 65: loss 0.5221916811410771, minutes 177.26, val_ap 0.5399279335389658, lr 0.000125
    epoch 66: loss 0.5235367886895357, minutes 179.44, val_ap 0.5301466825198629, lr 0.000125
    epoch 67: loss 0.5247301704055348, minutes 181.51, val_ap 0.5313990986503404, lr 0.000125
    epoch 68: loss 0.523592218929945, minutes 183.6, val_ap 0.5352317623860601, lr 0.000125
    epoch 69: loss 0.5163199779425942, minutes 185.79, val_ap 0.5410456898424035, lr 0.000125
    stopping: no validation gain in 25 epochs
[knn_random dataset0 fold 4] done (188.9 min)
