loaded: dataset0 121,838 sites, data1 90,452
[gcn dataset0 fold 4 seed 2]
    epoch 1: loss 1.3205, val_ap 0.0936, minutes 0.52, lr 3.33e-04
    epoch 2: loss 1.2781, val_ap 0.0909, minutes 1.04, lr 6.63e-04
    epoch 3: loss 1.1611, val_ap 0.1617, minutes 1.58, lr 9.92e-04
    epoch 4: loss 0.9752, val_ap 0.2716, minutes 2.11, lr 1.00e-03
    epoch 5: loss 0.8875, val_ap 0.2894, minutes 2.62, lr 1.00e-03
    epoch 6: loss 0.8681, val_ap 0.2993, minutes 3.11, lr 1.00e-03
    epoch 7: loss 0.8467, val_ap 0.3027, minutes 3.63, lr 1.00e-03
    epoch 8: loss 0.8445, val_ap 0.3041, minutes 4.14, lr 1.00e-03
    epoch 9: loss 0.8277, val_ap 0.3054, minutes 4.64, lr 1.00e-03
    epoch 10: loss 0.8153, val_ap 0.3085, minutes 5.17, lr 1.00e-03
    epoch 11: loss 0.8146, val_ap 0.3081, minutes 5.71, lr 1.00e-03
    epoch 12: loss 0.8117, val_ap 0.3076, minutes 6.19, lr 1.00e-03
    epoch 13: loss 0.8012, val_ap 0.3093, minutes 6.69, lr 1.00e-03
    epoch 14: loss 0.7868, val_ap 0.3139, minutes 7.2, lr 1.00e-03
    epoch 15: loss 0.7695, val_ap 0.3143, minutes 7.71, lr 1.00e-03
    epoch 16: loss 0.7772, val_ap 0.3157, minutes 8.23, lr 1.00e-03
    epoch 17: loss 0.7704, val_ap 0.3135, minutes 8.75, lr 1.00e-03
    epoch 18: loss 0.7834, val_ap 0.3140, minutes 9.22, lr 1.00e-03
    epoch 19: loss 0.7657, val_ap 0.3126, minutes 9.72, lr 1.00e-03
    epoch 20: loss 0.7725, val_ap 0.3061, minutes 10.24, lr 1.00e-03
    epoch 21: loss 0.7580, val_ap 0.3144, minutes 10.74, lr 1.00e-03
    epoch 22: loss 0.7599, val_ap 0.3123, minutes 11.3, lr 1.00e-03
    epoch 23: loss 0.7481, val_ap 0.3129, minutes 11.79, lr 1.00e-03
    epoch 24: loss 0.7498, val_ap 0.3112, minutes 12.32, lr 1.00e-03
    epoch 25: loss 0.7527, val_ap 0.3124, minutes 12.83, lr 5.00e-04
    epoch 26: loss 0.7331, val_ap 0.3144, minutes 13.31, lr 5.00e-04
    epoch 27: loss 0.7313, val_ap 0.3123, minutes 13.87, lr 5.00e-04
    epoch 28: loss 0.7417, val_ap 0.3129, minutes 14.39, lr 5.00e-04
    epoch 29: loss 0.7405, val_ap 0.3123, minutes 14.9, lr 5.00e-04
    epoch 30: loss 0.7298, val_ap 0.3117, minutes 15.44, lr 5.00e-04
    epoch 31: loss 0.7229, val_ap 0.3140, minutes 15.94, lr 5.00e-04
    epoch 32: loss 0.7394, val_ap 0.3111, minutes 16.44, lr 5.00e-04
    epoch 33: loss 0.7229, val_ap 0.3129, minutes 16.96, lr 5.00e-04
    epoch 34: loss 0.7146, val_ap 0.3149, minutes 17.46, lr 2.50e-04
    epoch 35: loss 0.7200, val_ap 0.3142, minutes 18.01, lr 2.50e-04
    epoch 36: loss 0.7184, val_ap 0.3150, minutes 18.53, lr 2.50e-04
    epoch 37: loss 0.7232, val_ap 0.3149, minutes 18.99, lr 2.50e-04
    epoch 38: loss 0.7132, val_ap 0.3135, minutes 19.48, lr 2.50e-04
    epoch 39: loss 0.7258, val_ap 0.3164, minutes 19.99, lr 2.50e-04
    epoch 40: loss 0.7224, val_ap 0.3145, minutes 20.47, lr 2.50e-04
    epoch 41: loss 0.7157, val_ap 0.3143, minutes 20.96, lr 2.50e-04
    epoch 42: loss 0.7169, val_ap 0.3155, minutes 21.47, lr 2.50e-04
    epoch 43: loss 0.7123, val_ap 0.3155, minutes 21.95, lr 2.50e-04
    epoch 44: loss 0.7078, val_ap 0.3173, minutes 22.48, lr 2.50e-04
    epoch 45: loss 0.7028, val_ap 0.3144, minutes 22.99, lr 2.50e-04
    epoch 46: loss 0.7104, val_ap 0.3161, minutes 23.48, lr 2.50e-04
    epoch 47: loss 0.7039, val_ap 0.3157, minutes 23.98, lr 2.50e-04
    epoch 48: loss 0.7091, val_ap 0.3159, minutes 24.46, lr 2.50e-04
    epoch 49: loss 0.7118, val_ap 0.3158, minutes 24.98, lr 2.50e-04
    epoch 50: loss 0.7096, val_ap 0.3148, minutes 25.49, lr 2.50e-04
    epoch 51: loss 0.7009, val_ap 0.3158, minutes 26.01, lr 2.50e-04
    epoch 52: loss 0.7136, val_ap 0.3167, minutes 26.54, lr 2.50e-04
    epoch 53: loss 0.6990, val_ap 0.3145, minutes 27.02, lr 1.25e-04
    epoch 54: loss 0.7014, val_ap 0.3185, minutes 27.54, lr 1.25e-04
    epoch 55: loss 0.6887, val_ap 0.3173, minutes 28.05, lr 1.25e-04
    epoch 56: loss 0.7016, val_ap 0.3179, minutes 28.52, lr 1.25e-04
    epoch 57: loss 0.7032, val_ap 0.3171, minutes 29.05, lr 1.25e-04
    epoch 58: loss 0.7029, val_ap 0.3186, minutes 29.53, lr 1.25e-04
    epoch 59: loss 0.7050, val_ap 0.3167, minutes 30.0, lr 1.25e-04
    epoch 60: loss 0.7037, val_ap 0.3180, minutes 30.46, lr 1.25e-04
    epoch 61: loss 0.6974, val_ap 0.3156, minutes 30.97, lr 1.25e-04
    epoch 62: loss 0.6976, val_ap 0.3177, minutes 31.46, lr 1.25e-04
    epoch 63: loss 0.6916, val_ap 0.3175, minutes 31.95, lr 1.25e-04
    epoch 64: loss 0.6899, val_ap 0.3185, minutes 32.42, lr 1.25e-04
    epoch 65: loss 0.6882, val_ap 0.3172, minutes 32.91, lr 1.25e-04
    epoch 66: loss 0.6890, val_ap 0.3179, minutes 33.34, lr 1.25e-04
    epoch 67: loss 0.6951, val_ap 0.3170, minutes 33.82, lr 6.25e-05
    epoch 68: loss 0.6925, val_ap 0.3187, minutes 34.31, lr 6.25e-05
    epoch 69: loss 0.6872, val_ap 0.3170, minutes 34.81, lr 6.25e-05
    epoch 70: loss 0.6930, val_ap 0.3176, minutes 35.28, lr 6.25e-05
    epoch 71: loss 0.6933, val_ap 0.3176, minutes 35.75, lr 6.25e-05
    epoch 72: loss 0.6856, val_ap 0.3174, minutes 36.22, lr 6.25e-05
    epoch 73: loss 0.6871, val_ap 0.3189, minutes 36.67, lr 6.25e-05
    epoch 74: loss 0.6883, val_ap 0.3167, minutes 37.12, lr 6.25e-05
    epoch 75: loss 0.6831, val_ap 0.3185, minutes 37.59, lr 6.25e-05
    epoch 76: loss 0.6887, val_ap 0.3175, minutes 38.06, lr 6.25e-05
    epoch 77: loss 0.6912, val_ap 0.3182, minutes 38.57, lr 6.25e-05
    epoch 78: loss 0.6934, val_ap 0.3180, minutes 39.05, lr 6.25e-05
    epoch 79: loss 0.6848, val_ap 0.3176, minutes 39.55, lr 6.25e-05
    epoch 80: loss 0.6820, val_ap 0.3191, minutes 40.03, lr 6.25e-05
    epoch 81: loss 0.6927, val_ap 0.3185, minutes 40.52, lr 6.25e-05
    epoch 82: loss 0.6906, val_ap 0.3197, minutes 41.0, lr 6.25e-05
    epoch 83: loss 0.6897, val_ap 0.3180, minutes 41.41, lr 6.25e-05
    epoch 84: loss 0.6894, val_ap 0.3184, minutes 41.88, lr 6.25e-05
    epoch 85: loss 0.6730, val_ap 0.3186, minutes 42.38, lr 6.25e-05
    epoch 86: loss 0.6802, val_ap 0.3189, minutes 42.9, lr 6.25e-05
    epoch 87: loss 0.6839, val_ap 0.3183, minutes 43.37, lr 6.25e-05
    epoch 88: loss 0.6940, val_ap 0.3187, minutes 43.81, lr 6.25e-05
    epoch 89: loss 0.6874, val_ap 0.3194, minutes 44.27, lr 6.25e-05
    epoch 90: loss 0.6886, val_ap 0.3198, minutes 44.73, lr 6.25e-05
    epoch 91: loss 0.6914, val_ap 0.3198, minutes 45.21, lr 6.25e-05
    epoch 92: loss 0.6827, val_ap 0.3199, minutes 45.67, lr 6.25e-05
    epoch 93: loss 0.6786, val_ap 0.3200, minutes 46.13, lr 6.25e-05
    epoch 94: loss 0.6779, val_ap 0.3196, minutes 46.61, lr 6.25e-05
    epoch 95: loss 0.6863, val_ap 0.3193, minutes 47.09, lr 6.25e-05
    epoch 96: loss 0.6844, val_ap 0.3194, minutes 47.56, lr 6.25e-05
    epoch 97: loss 0.6799, val_ap 0.3191, minutes 48.04, lr 6.25e-05
    epoch 98: loss 0.6847, val_ap 0.3192, minutes 48.53, lr 6.25e-05
    epoch 99: loss 0.6890, val_ap 0.3196, minutes 49.03, lr 6.25e-05
    epoch 100: loss 0.6819, val_ap 0.3202, minutes 49.49, lr 6.25e-05
    epoch 101: loss 0.6820, val_ap 0.3184, minutes 49.97, lr 6.25e-05
    epoch 102: loss 0.6839, val_ap 0.3196, minutes 50.43, lr 6.25e-05
    epoch 103: loss 0.6828, val_ap 0.3181, minutes 50.93, lr 6.25e-05
    epoch 104: loss 0.6875, val_ap 0.3183, minutes 51.43, lr 6.25e-05
    epoch 105: loss 0.6950, val_ap 0.3190, minutes 51.89, lr 6.25e-05
    epoch 106: loss 0.6758, val_ap 0.3168, minutes 52.37, lr 6.25e-05
    epoch 107: loss 0.6838, val_ap 0.3183, minutes 52.87, lr 6.25e-05
    epoch 108: loss 0.6848, val_ap 0.3186, minutes 53.35, lr 6.25e-05
    epoch 109: loss 0.6914, val_ap 0.3194, minutes 53.82, lr 3.13e-05
    epoch 110: loss 0.6764, val_ap 0.3184, minutes 54.29, lr 3.13e-05
    epoch 111: loss 0.6824, val_ap 0.3190, minutes 54.76, lr 3.13e-05
    epoch 112: loss 0.6889, val_ap 0.3186, minutes 55.23, lr 3.13e-05
    epoch 113: loss 0.6849, val_ap 0.3182, minutes 55.69, lr 3.13e-05
    epoch 114: loss 0.6765, val_ap 0.3188, minutes 56.14, lr 3.13e-05
    epoch 115: loss 0.6858, val_ap 0.3175, minutes 56.6, lr 3.13e-05
    epoch 116: loss 0.6813, val_ap 0.3188, minutes 57.08, lr 3.13e-05
    epoch 117: loss 0.6816, val_ap 0.3180, minutes 57.56, lr 3.13e-05
    epoch 118: loss 0.6829, val_ap 0.3185, minutes 58.03, lr 1.56e-05
    epoch 119: loss 0.6859, val_ap 0.3184, minutes 58.48, lr 1.56e-05
    epoch 120: loss 0.6804, val_ap 0.3188, minutes 58.93, lr 1.56e-05
    epoch 121: loss 0.6806, val_ap 0.3181, minutes 59.38, lr 1.56e-05
    epoch 122: loss 0.6791, val_ap 0.3179, minutes 59.86, lr 1.56e-05
    epoch 123: loss 0.6749, val_ap 0.3184, minutes 60.33, lr 1.56e-05
    epoch 124: loss 0.6827, val_ap 0.3183, minutes 60.82, lr 1.56e-05
    epoch 125: loss 0.6833, val_ap 0.3186, minutes 61.29, lr 1.56e-05
    stopping: no validation gain in 25 epochs
[gcn dataset0 fold 4 seed 2] done (62.0 min)
