loaded: dataset0 121,838 sites, data1 90,452
[h2gcn_aux_r400 pooled_both fold 0 seed 2]
    epoch 1: loss 1.9034, val_ap 0.1901, minutes 0.88, lr 3.31e-04
    epoch 2: loss 1.5328, val_ap 0.3237, minutes 1.72, lr 6.60e-04
    epoch 3: loss 1.3848, val_ap 0.3912, minutes 2.54, lr 9.89e-04
    epoch 4: loss 1.2903, val_ap 0.4101, minutes 3.36, lr 1.00e-03
    epoch 5: loss 1.2650, val_ap 0.4201, minutes 4.2, lr 1.00e-03
    epoch 6: loss 1.2547, val_ap 0.4278, minutes 5.06, lr 1.00e-03
    epoch 7: loss 1.2363, val_ap 0.4242, minutes 5.91, lr 1.00e-03
    epoch 8: loss 1.2235, val_ap 0.4317, minutes 6.79, lr 1.00e-03
    epoch 9: loss 1.2270, val_ap 0.4367, minutes 7.66, lr 1.00e-03
    epoch 10: loss 1.2213, val_ap 0.4344, minutes 8.44, lr 1.00e-03
    epoch 11: loss 1.2048, val_ap 0.4362, minutes 9.3, lr 1.00e-03
    epoch 12: loss 1.2096, val_ap 0.4460, minutes 10.13, lr 1.00e-03
    epoch 13: loss 1.2018, val_ap 0.4443, minutes 10.93, lr 1.00e-03
    epoch 14: loss 1.1854, val_ap 0.4491, minutes 11.75, lr 1.00e-03
    epoch 15: loss 1.1896, val_ap 0.4525, minutes 12.6, lr 1.00e-03
    epoch 16: loss 1.1876, val_ap 0.4503, minutes 13.5, lr 1.00e-03
    epoch 17: loss 1.1709, val_ap 0.4546, minutes 14.29, lr 1.00e-03
    epoch 18: loss 1.1777, val_ap 0.4395, minutes 15.15, lr 1.00e-03
    epoch 19: loss 1.1609, val_ap 0.4591, minutes 16.02, lr 1.00e-03
    epoch 20: loss 1.1648, val_ap 0.4599, minutes 16.93, lr 1.00e-03
    epoch 21: loss 1.1516, val_ap 0.4708, minutes 17.76, lr 1.00e-03
    epoch 22: loss 1.1599, val_ap 0.4639, minutes 18.61, lr 1.00e-03
    epoch 23: loss 1.1641, val_ap 0.4698, minutes 19.52, lr 1.00e-03
    epoch 24: loss 1.1434, val_ap 0.4782, minutes 20.34, lr 1.00e-03
    epoch 25: loss 1.1417, val_ap 0.4779, minutes 21.16, lr 1.00e-03
    epoch 26: loss 1.1327, val_ap 0.4728, minutes 22.03, lr 1.00e-03
    epoch 27: loss 1.1262, val_ap 0.4696, minutes 22.85, lr 1.00e-03
    epoch 28: loss 1.1291, val_ap 0.4771, minutes 23.64, lr 1.00e-03
    epoch 29: loss 1.1330, val_ap 0.4778, minutes 24.47, lr 1.00e-03
    epoch 30: loss 1.1159, val_ap 0.4712, minutes 25.27, lr 1.00e-03
    epoch 31: loss 1.1204, val_ap 0.4751, minutes 26.04, lr 1.00e-03
    epoch 32: loss 1.1096, val_ap 0.4789, minutes 26.83, lr 1.00e-03
    epoch 33: loss 1.1165, val_ap 0.4690, minutes 27.6, lr 1.00e-03
    epoch 34: loss 1.1126, val_ap 0.4814, minutes 28.39, lr 1.00e-03
    epoch 35: loss 1.1015, val_ap 0.4752, minutes 29.2, lr 1.00e-03
    epoch 36: loss 1.1134, val_ap 0.4766, minutes 29.98, lr 1.00e-03
    epoch 37: loss 1.0984, val_ap 0.4711, minutes 30.77, lr 1.00e-03
    epoch 38: loss 1.1020, val_ap 0.4748, minutes 31.53, lr 1.00e-03
    epoch 39: loss 1.0871, val_ap 0.4713, minutes 32.38, lr 1.00e-03
    epoch 40: loss 1.0897, val_ap 0.4812, minutes 33.18, lr 1.00e-03
    epoch 41: loss 1.0875, val_ap 0.4764, minutes 33.98, lr 1.00e-03
    epoch 42: loss 1.0857, val_ap 0.4760, minutes 34.81, lr 1.00e-03
    epoch 43: loss 1.0833, val_ap 0.4654, minutes 35.59, lr 5.00e-04
    epoch 44: loss 1.0663, val_ap 0.4763, minutes 36.4, lr 5.00e-04
    epoch 45: loss 1.0632, val_ap 0.4715, minutes 37.22, lr 5.00e-04
    epoch 46: loss 1.0650, val_ap 0.4775, minutes 38.03, lr 5.00e-04
    epoch 47: loss 1.0515, val_ap 0.4753, minutes 38.83, lr 5.00e-04
    epoch 48: loss 1.0552, val_ap 0.4779, minutes 39.65, lr 5.00e-04
    epoch 49: loss 1.0536, val_ap 0.4776, minutes 40.42, lr 5.00e-04
    epoch 50: loss 1.0494, val_ap 0.4758, minutes 41.22, lr 5.00e-04
    epoch 51: loss 1.0451, val_ap 0.4698, minutes 42.0, lr 5.00e-04
    epoch 52: loss 1.0451, val_ap 0.4656, minutes 42.75, lr 2.50e-04
    epoch 53: loss 1.0315, val_ap 0.4723, minutes 43.58, lr 2.50e-04
    epoch 54: loss 1.0322, val_ap 0.4735, minutes 44.39, lr 2.50e-04
    epoch 55: loss 1.0254, val_ap 0.4672, minutes 45.18, lr 2.50e-04
    epoch 56: loss 1.0306, val_ap 0.4700, minutes 45.96, lr 2.50e-04
    epoch 57: loss 1.0269, val_ap 0.4707, minutes 46.73, lr 2.50e-04
    epoch 58: loss 1.0225, val_ap 0.4719, minutes 47.54, lr 2.50e-04
    epoch 59: loss 1.0213, val_ap 0.4686, minutes 48.33, lr 2.50e-04
    stopping: no validation gain in 25 epochs
[h2gcn_aux_r400 pooled_both fold 0 seed 2] done (49.0 min)
