loaded: dataset0 121,838 sites, data1 90,452
[gps pooled_both fold 2]
    epoch 1: loss 1.8955, val_ap 0.1842, minutes 2.57, lr 3.31e-04
    epoch 2: loss 1.5365, val_ap 0.3292, minutes 5.13, lr 6.58e-04
    epoch 3: loss 1.3550, val_ap 0.4389, minutes 7.65, lr 9.85e-04
    epoch 4: loss 1.2939, val_ap 0.4451, minutes 10.2, lr 1.00e-03
    epoch 5: loss 1.2527, val_ap 0.4531, minutes 12.79, lr 1.00e-03
    epoch 6: loss 1.2331, val_ap 0.4584, minutes 15.38, lr 1.00e-03
    epoch 7: loss 1.2250, val_ap 0.4553, minutes 17.93, lr 1.00e-03
    epoch 8: loss 1.2102, val_ap 0.4648, minutes 20.54, lr 1.00e-03
    epoch 9: loss 1.1892, val_ap 0.4647, minutes 23.2, lr 1.00e-03
    epoch 10: loss 1.1744, val_ap 0.4733, minutes 25.8, lr 1.00e-03
    epoch 11: loss 1.1838, val_ap 0.4731, minutes 28.47, lr 1.00e-03
    epoch 12: loss 1.1533, val_ap 0.4864, minutes 31.1, lr 1.00e-03
    epoch 13: loss 1.1491, val_ap 0.4808, minutes 33.68, lr 1.00e-03
    epoch 14: loss 1.1544, val_ap 0.4832, minutes 36.41, lr 1.00e-03
    epoch 15: loss 1.1493, val_ap 0.4992, minutes 39.06, lr 1.00e-03
    epoch 16: loss 1.1400, val_ap 0.4963, minutes 41.75, lr 1.00e-03
    epoch 17: loss 1.1317, val_ap 0.5037, minutes 44.32, lr 1.00e-03
    epoch 18: loss 1.1188, val_ap 0.5035, minutes 46.95, lr 1.00e-03
    epoch 19: loss 1.1187, val_ap 0.5076, minutes 49.59, lr 1.00e-03
    epoch 20: loss 1.1092, val_ap 0.5046, minutes 52.23, lr 1.00e-03
    epoch 21: loss 1.1125, val_ap 0.5097, minutes 54.9, lr 1.00e-03
    epoch 22: loss 1.0971, val_ap 0.5104, minutes 57.58, lr 1.00e-03
    epoch 23: loss 1.0942, val_ap 0.5107, minutes 60.2, lr 1.00e-03
    epoch 24: loss 1.0947, val_ap 0.5158, minutes 62.86, lr 1.00e-03
    epoch 25: loss 1.0856, val_ap 0.5221, minutes 65.5, lr 1.00e-03
    epoch 26: loss 1.0911, val_ap 0.5176, minutes 68.13, lr 1.00e-03
    epoch 27: loss 1.0823, val_ap 0.5153, minutes 70.78, lr 1.00e-03
    epoch 28: loss 1.0738, val_ap 0.5109, minutes 73.42, lr 1.00e-03
    epoch 29: loss 1.0733, val_ap 0.5246, minutes 76.12, lr 1.00e-03
    epoch 30: loss 1.0708, val_ap 0.5104, minutes 78.72, lr 1.00e-03
    epoch 31: loss 1.0678, val_ap 0.5169, minutes 81.31, lr 1.00e-03
    epoch 32: loss 1.0617, val_ap 0.5139, minutes 83.93, lr 1.00e-03
    epoch 33: loss 1.0555, val_ap 0.5111, minutes 86.62, lr 1.00e-03
    epoch 34: loss 1.0462, val_ap 0.5167, minutes 89.25, lr 1.00e-03
    epoch 35: loss 1.0539, val_ap 0.4982, minutes 91.85, lr 1.00e-03
    epoch 36: loss 1.0416, val_ap 0.5207, minutes 94.43, lr 1.00e-03
    epoch 37: loss 1.0212, val_ap 0.5022, minutes 97.02, lr 1.00e-03
    epoch 38: loss 1.0283, val_ap 0.5166, minutes 99.67, lr 5.00e-04
    epoch 39: loss 1.0014, val_ap 0.5105, minutes 102.19, lr 5.00e-04
    epoch 40: loss 1.0020, val_ap 0.5160, minutes 104.76, lr 5.00e-04
    epoch 41: loss 0.9979, val_ap 0.5229, minutes 107.27, lr 5.00e-04
    epoch 42: loss 0.9905, val_ap 0.5083, minutes 109.78, lr 5.00e-04
    epoch 43: loss 0.9837, val_ap 0.5048, minutes 112.33, lr 5.00e-04
    epoch 44: loss 0.9853, val_ap 0.5177, minutes 114.82, lr 5.00e-04
    epoch 45: loss 0.9707, val_ap 0.5121, minutes 117.31, lr 5.00e-04
    epoch 46: loss 0.9668, val_ap 0.5115, minutes 119.79, lr 5.00e-04
    epoch 47: loss 0.9659, val_ap 0.5051, minutes 122.24, lr 2.50e-04
    epoch 48: loss 0.9588, val_ap 0.5121, minutes 124.75, lr 2.50e-04
    epoch 49: loss 0.9473, val_ap 0.5106, minutes 127.3, lr 2.50e-04
    epoch 50: loss 0.9431, val_ap 0.5091, minutes 129.74, lr 2.50e-04
    epoch 51: loss 0.9416, val_ap 0.5107, minutes 132.26, lr 2.50e-04
    epoch 52: loss 0.9443, val_ap 0.5093, minutes 134.67, lr 2.50e-04
    epoch 53: loss 0.9319, val_ap 0.5054, minutes 137.16, lr 2.50e-04
    epoch 54: loss 0.9322, val_ap 0.5056, minutes 139.58, lr 2.50e-04
    stopping: no validation gain in 25 epochs
[gps pooled_both fold 2] done (140.4 min)
