loaded: dataset0 121,838 sites, data1 90,452
[deepset pooled_both fold 2]
    epoch 1: loss 1.1537145260143595, minutes 0.3, val_ap 0.28710261388709796, lr 0.0003338833883388339
    epoch 2: loss 0.9414030745281244, minutes 0.62, val_ap 0.395371330827062, lr 0.0006672167216721672
    epoch 3: loss 0.8827453415976105, minutes 0.96, val_ap 0.40898731467162674, lr 0.001
    epoch 4: loss 0.8668306348937573, minutes 1.29, val_ap 0.4189346701308057, lr 0.001
    epoch 5: loss 0.8525728598581289, minutes 1.63, val_ap 0.4155507709571099, lr 0.001
    epoch 6: loss 0.8454010450702296, minutes 1.94, val_ap 0.4321958703331694, lr 0.001
    epoch 7: loss 0.8357025650468203, minutes 2.26, val_ap 0.4476227262853782, lr 0.001
    epoch 8: loss 0.8287788341836174, minutes 2.57, val_ap 0.44571350213174926, lr 0.001
    epoch 9: loss 0.823046542876231, minutes 2.91, val_ap 0.45056108228876524, lr 0.001
    epoch 10: loss 0.8187694339567285, minutes 3.23, val_ap 0.45397311215279856, lr 0.001
    epoch 11: loss 0.8138064825200405, minutes 3.54, val_ap 0.4575359989483933, lr 0.001
    epoch 12: loss 0.8089020715491606, minutes 3.87, val_ap 0.45528052948303926, lr 0.001
    epoch 13: loss 0.8081534877665365, minutes 4.21, val_ap 0.4522651265284299, lr 0.001
    epoch 14: loss 0.8061158992964835, minutes 4.53, val_ap 0.4661610914702114, lr 0.001
    epoch 15: loss 0.796216472639109, minutes 4.83, val_ap 0.4698984609503199, lr 0.001
    epoch 16: loss 0.7958779078800686, minutes 5.15, val_ap 0.46862834447795115, lr 0.001
    epoch 17: loss 0.7938029499042152, minutes 5.49, val_ap 0.46881677107211667, lr 0.001
    epoch 18: loss 0.7904334357961176, minutes 5.8, val_ap 0.469784122691973, lr 0.001
    epoch 19: loss 0.7893699468559164, minutes 6.12, val_ap 0.4695992879963777, lr 0.001
    epoch 20: loss 0.7879271007607086, minutes 6.43, val_ap 0.4762843747298289, lr 0.001
    epoch 21: loss 0.7832891137981572, minutes 6.76, val_ap 0.4649520329312542, lr 0.001
    epoch 22: loss 0.7821435754251952, minutes 7.08, val_ap 0.4665602989203308, lr 0.001
    epoch 23: loss 0.77585205273463, minutes 7.4, val_ap 0.4712935453574282, lr 0.001
    epoch 24: loss 0.7744442800877511, minutes 7.67, val_ap 0.4712545238598642, lr 0.001
    epoch 25: loss 0.7730757271495983, minutes 7.97, val_ap 0.47393475905106847, lr 0.001
    epoch 26: loss 0.7660912070730732, minutes 8.21, val_ap 0.4699054385853539, lr 0.001
    epoch 27: loss 0.7684271869683029, minutes 8.42, val_ap 0.46712216561304115, lr 0.001
    epoch 28: loss 0.7674312736630047, minutes 8.63, val_ap 0.4716271095901943, lr 0.001
    epoch 29: loss 0.7637375183526439, minutes 8.83, val_ap 0.47523119379780193, lr 0.0005
    epoch 30: loss 0.7505743676679756, minutes 9.04, val_ap 0.4774618515719824, lr 0.0005
    epoch 31: loss 0.746284041074243, minutes 9.23, val_ap 0.4732565759652987, lr 0.0005
    epoch 32: loss 0.7452144151178524, minutes 9.45, val_ap 0.4658206784605454, lr 0.0005
    epoch 33: loss 0.7416748194017819, minutes 9.71, val_ap 0.46827986819708595, lr 0.0005
    epoch 34: loss 0.7389584425652381, minutes 9.94, val_ap 0.4706563474988495, lr 0.0005
    epoch 35: loss 0.7405124554539672, minutes 10.14, val_ap 0.47676940657802613, lr 0.0005
    epoch 36: loss 0.7380995911241758, minutes 10.34, val_ap 0.47335273464921135, lr 0.0005
    epoch 37: loss 0.7407896587557525, minutes 10.54, val_ap 0.47434266415476806, lr 0.0005
    epoch 38: loss 0.7379548969638623, minutes 10.73, val_ap 0.46474526196147775, lr 0.0005
    epoch 39: loss 0.7330717597365772, minutes 10.93, val_ap 0.47058605165435047, lr 0.00025
    epoch 40: loss 0.7296742420188664, minutes 11.12, val_ap 0.4713274825775045, lr 0.00025
    epoch 41: loss 0.7239443959772783, minutes 11.32, val_ap 0.4698884473050916, lr 0.00025
    epoch 42: loss 0.7190031487457823, minutes 11.5, val_ap 0.47689536604840344, lr 0.00025
    epoch 43: loss 0.7196134195075964, minutes 11.69, val_ap 0.47105584706818804, lr 0.00025
    epoch 44: loss 0.7186325524408038, minutes 11.87, val_ap 0.4718259561974559, lr 0.00025
    epoch 45: loss 0.7151668058468563, minutes 12.05, val_ap 0.4658212508635416, lr 0.00025
    epoch 46: loss 0.7147430207076246, minutes 12.23, val_ap 0.4677542297817068, lr 0.00025
    epoch 47: loss 0.7160888658990168, minutes 12.41, val_ap 0.47531263590224093, lr 0.00025
    epoch 48: loss 0.7109128810194852, minutes 12.59, val_ap 0.4653946150544781, lr 0.000125
    epoch 49: loss 0.7083186595254999, minutes 12.77, val_ap 0.4672109206313321, lr 0.000125
    epoch 50: loss 0.7081568501766758, minutes 12.94, val_ap 0.46853617993366853, lr 0.000125
    epoch 51: loss 0.7106959994378264, minutes 13.11, val_ap 0.4650037882088452, lr 0.000125
    epoch 52: loss 0.7072374433672467, minutes 13.28, val_ap 0.46769805085581334, lr 0.000125
    epoch 53: loss 0.7049155253486665, minutes 13.45, val_ap 0.4653616153570043, lr 0.000125
    epoch 54: loss 0.7069046335546884, minutes 13.61, val_ap 0.46631994817355266, lr 0.000125
    stopping: no validation gain in 25 epochs
[deepset pooled_both fold 2] done (13.9 min)
