loaded: dataset0 121,838 sites, data1 90,452
[h2gcn_twohead pooled_both fold 2 seed 2]
    epoch 1: loss 1.2562, val_ap 0.2052, minutes 0.91, lr 3.31e-04
    epoch 2: loss 1.0024, val_ap 0.3202, minutes 1.75, lr 6.60e-04
    epoch 3: loss 0.8756, val_ap 0.4349, minutes 2.58, lr 9.87e-04
    epoch 4: loss 0.8062, val_ap 0.4544, minutes 3.4, lr 1.00e-03
    epoch 5: loss 0.7785, val_ap 0.4729, minutes 4.16, lr 1.00e-03
    epoch 6: loss 0.7643, val_ap 0.4757, minutes 4.85, lr 1.00e-03
    epoch 7: loss 0.7328, val_ap 0.4728, minutes 5.53, lr 1.00e-03
    epoch 8: loss 0.7142, val_ap 0.4761, minutes 6.22, lr 1.00e-03
    epoch 9: loss 0.7174, val_ap 0.4821, minutes 6.93, lr 1.00e-03
    epoch 10: loss 0.7006, val_ap 0.4856, minutes 7.69, lr 1.00e-03
    epoch 11: loss 0.7160, val_ap 0.4848, minutes 8.42, lr 1.00e-03
    epoch 12: loss 0.6986, val_ap 0.4815, minutes 9.17, lr 1.00e-03
    epoch 13: loss 0.6976, val_ap 0.4820, minutes 9.91, lr 1.00e-03
    epoch 14: loss 0.6822, val_ap 0.4869, minutes 10.65, lr 1.00e-03
    epoch 15: loss 0.6821, val_ap 0.4832, minutes 11.39, lr 1.00e-03
    epoch 16: loss 0.6768, val_ap 0.4931, minutes 12.09, lr 1.00e-03
    epoch 17: loss 0.6717, val_ap 0.4944, minutes 12.79, lr 1.00e-03
    epoch 18: loss 0.6691, val_ap 0.4892, minutes 13.55, lr 1.00e-03
    epoch 19: loss 0.6654, val_ap 0.4891, minutes 14.32, lr 1.00e-03
    epoch 20: loss 0.6718, val_ap 0.4968, minutes 15.06, lr 1.00e-03
    epoch 21: loss 0.6567, val_ap 0.4989, minutes 15.8, lr 1.00e-03
    epoch 22: loss 0.6560, val_ap 0.4887, minutes 16.51, lr 1.00e-03
    epoch 23: loss 0.6540, val_ap 0.5026, minutes 17.23, lr 1.00e-03
    epoch 24: loss 0.6553, val_ap 0.5032, minutes 17.95, lr 1.00e-03
    epoch 25: loss 0.6541, val_ap 0.5019, minutes 18.69, lr 1.00e-03
    epoch 26: loss 0.6403, val_ap 0.5007, minutes 19.41, lr 1.00e-03
    epoch 27: loss 0.6396, val_ap 0.4967, minutes 20.13, lr 1.00e-03
    epoch 28: loss 0.6403, val_ap 0.4904, minutes 20.87, lr 1.00e-03
    epoch 29: loss 0.6340, val_ap 0.5065, minutes 21.58, lr 1.00e-03
    epoch 30: loss 0.6301, val_ap 0.5045, minutes 22.33, lr 1.00e-03
    epoch 31: loss 0.6259, val_ap 0.4951, minutes 23.03, lr 1.00e-03
    epoch 32: loss 0.6216, val_ap 0.4986, minutes 23.77, lr 1.00e-03
    epoch 33: loss 0.6142, val_ap 0.5010, minutes 24.48, lr 1.00e-03
    epoch 34: loss 0.6183, val_ap 0.5020, minutes 25.2, lr 1.00e-03
    epoch 35: loss 0.6163, val_ap 0.5135, minutes 25.99, lr 1.00e-03
    epoch 36: loss 0.6132, val_ap 0.4996, minutes 26.78, lr 1.00e-03
    epoch 37: loss 0.6018, val_ap 0.4954, minutes 27.55, lr 1.00e-03
    epoch 38: loss 0.6113, val_ap 0.4979, minutes 28.33, lr 1.00e-03
    epoch 39: loss 0.6025, val_ap 0.5060, minutes 29.07, lr 1.00e-03
    epoch 40: loss 0.5984, val_ap 0.5136, minutes 29.84, lr 1.00e-03
    epoch 41: loss 0.5996, val_ap 0.4973, minutes 30.56, lr 1.00e-03
    epoch 42: loss 0.5828, val_ap 0.5057, minutes 31.26, lr 1.00e-03
    epoch 43: loss 0.5826, val_ap 0.4828, minutes 31.98, lr 1.00e-03
    epoch 44: loss 0.5854, val_ap 0.4982, minutes 32.7, lr 1.00e-03
    epoch 45: loss 0.5790, val_ap 0.5023, minutes 33.4, lr 1.00e-03
    epoch 46: loss 0.5757, val_ap 0.5044, minutes 34.14, lr 1.00e-03
    epoch 47: loss 0.5725, val_ap 0.5061, minutes 34.93, lr 1.00e-03
    epoch 48: loss 0.5674, val_ap 0.5048, minutes 35.61, lr 1.00e-03
    epoch 49: loss 0.5648, val_ap 0.5033, minutes 36.27, lr 5.00e-04
    epoch 50: loss 0.5436, val_ap 0.5029, minutes 36.91, lr 5.00e-04
    epoch 51: loss 0.5449, val_ap 0.5015, minutes 37.46, lr 5.00e-04
    epoch 52: loss 0.5412, val_ap 0.5121, minutes 37.96, lr 5.00e-04
    epoch 53: loss 0.5350, val_ap 0.5057, minutes 38.46, lr 5.00e-04
    epoch 54: loss 0.5359, val_ap 0.5019, minutes 38.97, lr 5.00e-04
    epoch 55: loss 0.5323, val_ap 0.4863, minutes 39.51, lr 5.00e-04
    epoch 56: loss 0.5334, val_ap 0.5028, minutes 40.08, lr 5.00e-04
    epoch 57: loss 0.5314, val_ap 0.4894, minutes 40.64, lr 5.00e-04
    epoch 58: loss 0.5282, val_ap 0.4975, minutes 41.13, lr 2.50e-04
    epoch 59: loss 0.5209, val_ap 0.4989, minutes 41.59, lr 2.50e-04
    epoch 60: loss 0.5126, val_ap 0.5018, minutes 42.07, lr 2.50e-04
    epoch 61: loss 0.5076, val_ap 0.5001, minutes 42.5, lr 2.50e-04
    epoch 62: loss 0.5091, val_ap 0.4911, minutes 42.92, lr 2.50e-04
    epoch 63: loss 0.5085, val_ap 0.4947, minutes 43.33, lr 2.50e-04
    epoch 64: loss 0.5077, val_ap 0.4924, minutes 43.71, lr 2.50e-04
    epoch 65: loss 0.5055, val_ap 0.4863, minutes 44.09, lr 2.50e-04
    stopping: no validation gain in 25 epochs
[h2gcn_twohead pooled_both fold 2 seed 2] done (44.5 min)
