loaded: dataset0 121,838 sites, data1 90,452
[res_nodrop dataset0 fold 4]
    kernel decay scale 97.3 nt (fitted to cell line 1 training labels)
    epoch 1: loss 1.9582, val_ap 0.1461, minutes 0.5, lr 3.33e-04
    epoch 2: loss 1.5559, val_ap 0.2520, minutes 1.01, lr 6.63e-04
    epoch 3: loss 1.3632, val_ap 0.3942, minutes 1.5, lr 9.92e-04
    epoch 4: loss 1.2119, val_ap 0.4627, minutes 2.03, lr 1.00e-03
    epoch 5: loss 1.1241, val_ap 0.4863, minutes 2.5, lr 1.00e-03
    epoch 6: loss 1.1026, val_ap 0.4804, minutes 3.02, lr 1.00e-03
    epoch 7: loss 1.0371, val_ap 0.5031, minutes 3.53, lr 1.00e-03
    epoch 8: loss 1.0216, val_ap 0.5168, minutes 4.01, lr 1.00e-03
    epoch 9: loss 1.0118, val_ap 0.5380, minutes 4.58, lr 1.00e-03
    epoch 10: loss 0.9682, val_ap 0.5425, minutes 5.04, lr 1.00e-03
    epoch 11: loss 0.9844, val_ap 0.5395, minutes 5.53, lr 1.00e-03
    epoch 12: loss 0.9539, val_ap 0.5386, minutes 6.0, lr 1.00e-03
    epoch 13: loss 0.9470, val_ap 0.5487, minutes 6.52, lr 1.00e-03
    epoch 14: loss 0.9322, val_ap 0.5437, minutes 7.01, lr 1.00e-03
    epoch 15: loss 0.9240, val_ap 0.5440, minutes 7.51, lr 1.00e-03
    epoch 16: loss 0.9241, val_ap 0.5428, minutes 8.05, lr 1.00e-03
    epoch 17: loss 0.9113, val_ap 0.5505, minutes 8.52, lr 1.00e-03
    epoch 18: loss 0.9156, val_ap 0.5379, minutes 9.03, lr 1.00e-03
    epoch 19: loss 0.9086, val_ap 0.5488, minutes 9.53, lr 1.00e-03
    epoch 20: loss 0.9385, val_ap 0.5524, minutes 9.99, lr 1.00e-03
    epoch 21: loss 0.8827, val_ap 0.5546, minutes 10.47, lr 1.00e-03
    epoch 22: loss 0.8818, val_ap 0.5556, minutes 10.93, lr 1.00e-03
    epoch 23: loss 0.9114, val_ap 0.5461, minutes 11.4, lr 1.00e-03
    epoch 24: loss 0.9087, val_ap 0.5515, minutes 11.89, lr 1.00e-03
    epoch 25: loss 0.8731, val_ap 0.5545, minutes 12.32, lr 1.00e-03
    epoch 26: loss 0.8719, val_ap 0.5577, minutes 12.78, lr 1.00e-03
    epoch 27: loss 0.8760, val_ap 0.5552, minutes 13.26, lr 1.00e-03
    epoch 28: loss 0.8753, val_ap 0.5594, minutes 13.74, lr 1.00e-03
    epoch 29: loss 0.8567, val_ap 0.5594, minutes 14.2, lr 1.00e-03
    epoch 30: loss 0.8476, val_ap 0.5629, minutes 14.71, lr 1.00e-03
    epoch 31: loss 0.8506, val_ap 0.5647, minutes 15.17, lr 1.00e-03
    epoch 32: loss 0.8440, val_ap 0.5656, minutes 15.72, lr 1.00e-03
    epoch 33: loss 0.8269, val_ap 0.5619, minutes 16.26, lr 1.00e-03
    epoch 34: loss 0.8477, val_ap 0.5678, minutes 16.71, lr 1.00e-03
    epoch 35: loss 0.8684, val_ap 0.5695, minutes 17.2, lr 1.00e-03
    epoch 36: loss 0.8403, val_ap 0.5695, minutes 17.67, lr 1.00e-03
    epoch 37: loss 0.8635, val_ap 0.5705, minutes 18.17, lr 1.00e-03
    epoch 38: loss 0.8285, val_ap 0.5711, minutes 18.68, lr 1.00e-03
    epoch 39: loss 0.8288, val_ap 0.5738, minutes 19.2, lr 1.00e-03
    epoch 40: loss 0.8189, val_ap 0.5710, minutes 19.69, lr 1.00e-03
    epoch 41: loss 0.8123, val_ap 0.5671, minutes 20.18, lr 1.00e-03
    epoch 42: loss 0.8120, val_ap 0.5738, minutes 20.71, lr 1.00e-03
    epoch 43: loss 0.8292, val_ap 0.5760, minutes 21.22, lr 1.00e-03
    epoch 44: loss 0.8053, val_ap 0.5793, minutes 21.73, lr 1.00e-03
    epoch 45: loss 0.8189, val_ap 0.5811, minutes 22.24, lr 1.00e-03
    epoch 46: loss 0.8216, val_ap 0.5728, minutes 22.68, lr 1.00e-03
    epoch 47: loss 0.7872, val_ap 0.5866, minutes 23.16, lr 1.00e-03
    epoch 48: loss 0.7986, val_ap 0.5835, minutes 23.64, lr 1.00e-03
    epoch 49: loss 0.8132, val_ap 0.5783, minutes 24.11, lr 1.00e-03
    epoch 50: loss 0.7960, val_ap 0.5774, minutes 24.55, lr 1.00e-03
    epoch 51: loss 0.7942, val_ap 0.5831, minutes 24.99, lr 1.00e-03
    epoch 52: loss 0.7986, val_ap 0.5846, minutes 25.47, lr 1.00e-03
    epoch 53: loss 0.7885, val_ap 0.5824, minutes 25.92, lr 1.00e-03
    epoch 54: loss 0.7868, val_ap 0.5782, minutes 26.4, lr 1.00e-03
    epoch 55: loss 0.7847, val_ap 0.5854, minutes 26.87, lr 1.00e-03
    epoch 56: loss 0.7840, val_ap 0.5839, minutes 27.37, lr 5.00e-04
    epoch 57: loss 0.7566, val_ap 0.5901, minutes 27.81, lr 5.00e-04
    epoch 58: loss 0.7652, val_ap 0.5894, minutes 28.25, lr 5.00e-04
    epoch 59: loss 0.7585, val_ap 0.5796, minutes 28.82, lr 5.00e-04
    epoch 60: loss 0.7562, val_ap 0.5883, minutes 29.31, lr 5.00e-04
    epoch 61: loss 0.7414, val_ap 0.5804, minutes 29.79, lr 5.00e-04
    epoch 62: loss 0.7714, val_ap 0.5911, minutes 30.3, lr 5.00e-04
    epoch 63: loss 0.7497, val_ap 0.5810, minutes 30.79, lr 5.00e-04
    epoch 64: loss 0.7488, val_ap 0.5876, minutes 31.25, lr 5.00e-04
    epoch 65: loss 0.7448, val_ap 0.5884, minutes 31.74, lr 5.00e-04
    epoch 66: loss 0.7517, val_ap 0.5859, minutes 32.22, lr 5.00e-04
    epoch 67: loss 0.7438, val_ap 0.5889, minutes 32.73, lr 5.00e-04
    epoch 68: loss 0.7309, val_ap 0.5847, minutes 33.21, lr 5.00e-04
    epoch 69: loss 0.7388, val_ap 0.5899, minutes 33.68, lr 5.00e-04
    epoch 70: loss 0.7225, val_ap 0.5877, minutes 34.16, lr 5.00e-04
    epoch 71: loss 0.7233, val_ap 0.5892, minutes 34.6, lr 2.50e-04
    epoch 72: loss 0.7257, val_ap 0.5908, minutes 35.07, lr 2.50e-04
    epoch 73: loss 0.7218, val_ap 0.5894, minutes 35.52, lr 2.50e-04
    epoch 74: loss 0.7204, val_ap 0.5892, minutes 35.96, lr 2.50e-04
    epoch 75: loss 0.7080, val_ap 0.5921, minutes 36.42, lr 2.50e-04
    epoch 76: loss 0.7230, val_ap 0.5920, minutes 36.81, lr 2.50e-04
    epoch 77: loss 0.7119, val_ap 0.5902, minutes 37.24, lr 2.50e-04
    epoch 78: loss 0.7180, val_ap 0.5898, minutes 37.66, lr 2.50e-04
    epoch 79: loss 0.7175, val_ap 0.5891, minutes 38.11, lr 2.50e-04
    epoch 80: loss 0.7137, val_ap 0.5893, minutes 38.52, lr 2.50e-04
    epoch 81: loss 0.7163, val_ap 0.5886, minutes 38.98, lr 2.50e-04
    epoch 82: loss 0.7037, val_ap 0.5869, minutes 39.45, lr 2.50e-04
    epoch 83: loss 0.7080, val_ap 0.5858, minutes 39.95, lr 2.50e-04
    epoch 84: loss 0.7167, val_ap 0.5855, minutes 40.38, lr 1.25e-04
    epoch 85: loss 0.7032, val_ap 0.5903, minutes 40.89, lr 1.25e-04
    epoch 86: loss 0.6992, val_ap 0.5896, minutes 41.31, lr 1.25e-04
    epoch 87: loss 0.7022, val_ap 0.5905, minutes 41.78, lr 1.25e-04
    epoch 88: loss 0.6982, val_ap 0.5895, minutes 42.22, lr 1.25e-04
    epoch 89: loss 0.7030, val_ap 0.5902, minutes 42.69, lr 1.25e-04
    epoch 90: loss 0.6945, val_ap 0.5891, minutes 43.12, lr 1.25e-04
    epoch 91: loss 0.6982, val_ap 0.5894, minutes 43.5, lr 1.25e-04
    epoch 92: loss 0.7095, val_ap 0.5904, minutes 43.92, lr 1.25e-04
    epoch 93: loss 0.6736, val_ap 0.5899, minutes 44.33, lr 6.25e-05
    epoch 94: loss 0.6905, val_ap 0.5896, minutes 44.74, lr 6.25e-05
    epoch 95: loss 0.6960, val_ap 0.5907, minutes 45.1, lr 6.25e-05
    epoch 96: loss 0.6822, val_ap 0.5916, minutes 45.42, lr 6.25e-05
    epoch 97: loss 0.6973, val_ap 0.5901, minutes 45.81, lr 6.25e-05
    epoch 98: loss 0.6834, val_ap 0.5910, minutes 46.2, lr 6.25e-05
    epoch 99: loss 0.6865, val_ap 0.5912, minutes 46.62, lr 6.25e-05
    epoch 100: loss 0.7004, val_ap 0.5902, minutes 47.03, lr 6.25e-05
    stopping: no validation gain in 25 epochs
[res_nodrop dataset0 fold 4] done (47.7 min)
