loaded: dataset0 121,838 sites, data1 90,452
[gps dataset0 fold 4]
    epoch 1: loss 1.9624, val_ap 0.1434, minutes 1.43, lr 3.33e-04
    epoch 2: loss 1.5644, val_ap 0.2356, minutes 2.82, lr 6.63e-04
    epoch 3: loss 1.3707, val_ap 0.3755, minutes 4.27, lr 9.92e-04
    epoch 4: loss 1.2159, val_ap 0.4569, minutes 5.76, lr 1.00e-03
    epoch 5: loss 1.1179, val_ap 0.4878, minutes 7.17, lr 1.00e-03
    epoch 6: loss 1.0976, val_ap 0.4781, minutes 8.57, lr 1.00e-03
    epoch 7: loss 1.0427, val_ap 0.4940, minutes 9.99, lr 1.00e-03
    epoch 8: loss 1.0269, val_ap 0.5155, minutes 11.39, lr 1.00e-03
    epoch 9: loss 1.0102, val_ap 0.5299, minutes 12.8, lr 1.00e-03
    epoch 10: loss 0.9685, val_ap 0.5278, minutes 14.24, lr 1.00e-03
    epoch 11: loss 0.9740, val_ap 0.5207, minutes 15.65, lr 1.00e-03
    epoch 12: loss 0.9540, val_ap 0.5260, minutes 17.08, lr 1.00e-03
    epoch 13: loss 0.9524, val_ap 0.5412, minutes 18.47, lr 1.00e-03
    epoch 14: loss 0.9374, val_ap 0.5234, minutes 19.88, lr 1.00e-03
    epoch 15: loss 0.9395, val_ap 0.5328, minutes 21.32, lr 1.00e-03
    epoch 16: loss 0.9261, val_ap 0.5454, minutes 22.74, lr 1.00e-03
    epoch 17: loss 0.9223, val_ap 0.5532, minutes 24.23, lr 1.00e-03
    epoch 18: loss 0.9179, val_ap 0.5354, minutes 25.65, lr 1.00e-03
    epoch 19: loss 0.9092, val_ap 0.5521, minutes 27.05, lr 1.00e-03
    epoch 20: loss 0.9246, val_ap 0.5406, minutes 28.55, lr 1.00e-03
    epoch 21: loss 0.8762, val_ap 0.5533, minutes 30.0, lr 1.00e-03
    epoch 22: loss 0.8837, val_ap 0.5491, minutes 31.44, lr 1.00e-03
    epoch 23: loss 0.9014, val_ap 0.5456, minutes 32.89, lr 1.00e-03
    epoch 24: loss 0.8766, val_ap 0.5436, minutes 34.33, lr 1.00e-03
    epoch 25: loss 0.8689, val_ap 0.5602, minutes 35.77, lr 1.00e-03
    epoch 26: loss 0.8629, val_ap 0.5671, minutes 37.23, lr 1.00e-03
    epoch 27: loss 0.8686, val_ap 0.5679, minutes 38.63, lr 1.00e-03
    epoch 28: loss 0.8666, val_ap 0.5616, minutes 40.02, lr 1.00e-03
    epoch 29: loss 0.8413, val_ap 0.5618, minutes 41.45, lr 1.00e-03
    epoch 30: loss 0.8386, val_ap 0.5746, minutes 42.84, lr 1.00e-03
    epoch 31: loss 0.8327, val_ap 0.5721, minutes 44.27, lr 1.00e-03
    epoch 32: loss 0.8307, val_ap 0.5721, minutes 45.7, lr 1.00e-03
    epoch 33: loss 0.8079, val_ap 0.5760, minutes 47.16, lr 1.00e-03
    epoch 34: loss 0.8316, val_ap 0.5638, minutes 48.62, lr 1.00e-03
    epoch 35: loss 0.8310, val_ap 0.5744, minutes 50.09, lr 1.00e-03
    epoch 36: loss 0.8268, val_ap 0.5665, minutes 51.55, lr 1.00e-03
    epoch 37: loss 0.8291, val_ap 0.5788, minutes 53.02, lr 1.00e-03
    epoch 38: loss 0.8022, val_ap 0.5796, minutes 54.43, lr 1.00e-03
    epoch 39: loss 0.8081, val_ap 0.5725, minutes 55.92, lr 1.00e-03
    epoch 40: loss 0.7896, val_ap 0.5680, minutes 57.35, lr 1.00e-03
    epoch 41: loss 0.7907, val_ap 0.5791, minutes 58.81, lr 1.00e-03
    epoch 42: loss 0.7863, val_ap 0.5694, minutes 60.24, lr 1.00e-03
    epoch 43: loss 0.7991, val_ap 0.5797, minutes 61.65, lr 1.00e-03
    epoch 44: loss 0.7906, val_ap 0.5903, minutes 63.14, lr 1.00e-03
    epoch 45: loss 0.7993, val_ap 0.5861, minutes 64.63, lr 1.00e-03
    epoch 46: loss 0.7879, val_ap 0.5828, minutes 66.07, lr 1.00e-03
    epoch 47: loss 0.7635, val_ap 0.5889, minutes 67.51, lr 1.00e-03
    epoch 48: loss 0.7706, val_ap 0.5726, minutes 68.88, lr 1.00e-03
    epoch 49: loss 0.7743, val_ap 0.5780, minutes 70.29, lr 1.00e-03
    epoch 50: loss 0.7776, val_ap 0.5789, minutes 71.67, lr 1.00e-03
    epoch 51: loss 0.7493, val_ap 0.5879, minutes 73.11, lr 1.00e-03
    epoch 52: loss 0.7626, val_ap 0.5702, minutes 74.51, lr 1.00e-03
    epoch 53: loss 0.7592, val_ap 0.5823, minutes 75.96, lr 5.00e-04
    epoch 54: loss 0.7216, val_ap 0.5842, minutes 77.4, lr 5.00e-04
    epoch 55: loss 0.7161, val_ap 0.5926, minutes 78.84, lr 5.00e-04
    epoch 56: loss 0.7170, val_ap 0.5833, minutes 80.26, lr 5.00e-04
    epoch 57: loss 0.7001, val_ap 0.5886, minutes 81.71, lr 5.00e-04
    epoch 58: loss 0.7167, val_ap 0.5866, minutes 83.19, lr 5.00e-04
    epoch 59: loss 0.7166, val_ap 0.5986, minutes 84.6, lr 5.00e-04
    epoch 60: loss 0.7046, val_ap 0.5769, minutes 86.01, lr 5.00e-04
    epoch 61: loss 0.6921, val_ap 0.5829, minutes 87.49, lr 5.00e-04
    epoch 62: loss 0.7212, val_ap 0.5863, minutes 88.87, lr 5.00e-04
    epoch 63: loss 0.6948, val_ap 0.5810, minutes 90.23, lr 5.00e-04
    epoch 64: loss 0.6995, val_ap 0.5865, minutes 91.63, lr 5.00e-04
    epoch 65: loss 0.6883, val_ap 0.5813, minutes 92.97, lr 5.00e-04
    epoch 66: loss 0.6916, val_ap 0.5826, minutes 94.38, lr 5.00e-04
    epoch 67: loss 0.6956, val_ap 0.5740, minutes 95.76, lr 5.00e-04
    epoch 68: loss 0.6891, val_ap 0.5858, minutes 97.18, lr 2.50e-04
    epoch 69: loss 0.6605, val_ap 0.5850, minutes 98.57, lr 2.50e-04
    epoch 70: loss 0.6625, val_ap 0.5783, minutes 99.95, lr 2.50e-04
    epoch 71: loss 0.6529, val_ap 0.5808, minutes 101.33, lr 2.50e-04
    epoch 72: loss 0.6732, val_ap 0.5737, minutes 102.71, lr 2.50e-04
    epoch 73: loss 0.6649, val_ap 0.5723, minutes 104.11, lr 2.50e-04
    epoch 74: loss 0.6659, val_ap 0.5743, minutes 105.49, lr 2.50e-04
    epoch 75: loss 0.6498, val_ap 0.5796, minutes 106.87, lr 2.50e-04
    epoch 76: loss 0.6629, val_ap 0.5821, minutes 108.23, lr 2.50e-04
    epoch 77: loss 0.6476, val_ap 0.5734, minutes 109.65, lr 1.25e-04
    epoch 78: loss 0.6434, val_ap 0.5783, minutes 111.0, lr 1.25e-04
    epoch 79: loss 0.6458, val_ap 0.5764, minutes 112.34, lr 1.25e-04
    epoch 80: loss 0.6377, val_ap 0.5730, minutes 113.71, lr 1.25e-04
    epoch 81: loss 0.6496, val_ap 0.5751, minutes 115.07, lr 1.25e-04
    epoch 82: loss 0.6305, val_ap 0.5780, minutes 116.41, lr 1.25e-04
    epoch 83: loss 0.6448, val_ap 0.5718, minutes 117.78, lr 1.25e-04
    epoch 84: loss 0.6365, val_ap 0.5746, minutes 119.16, lr 1.25e-04
    stopping: no validation gain in 25 epochs
[gps dataset0 fold 4] done (119.9 min)
