loaded: dataset0 121,838 sites, data1 90,452
[fk_band dataset0 fold 0 seed 1]
    band weights [0.395, 0.347, 0.258] (bands ((0, 30), (30, 75), (75, 150)))
    epoch 1: loss 1.9636, val_ap 0.1786, minutes 0.46, lr 3.33e-04
    epoch 2: loss 1.5812, val_ap 0.2788, minutes 0.98, lr 6.59e-04
    epoch 3: loss 1.3539, val_ap 0.4312, minutes 1.46, lr 9.88e-04
    epoch 4: loss 1.2104, val_ap 0.4757, minutes 1.91, lr 1.00e-03
    epoch 5: loss 1.1319, val_ap 0.4826, minutes 2.51, lr 1.00e-03
    epoch 6: loss 1.0821, val_ap 0.4944, minutes 2.97, lr 1.00e-03
    epoch 7: loss 1.1026, val_ap 0.4910, minutes 3.52, lr 1.00e-03
    epoch 8: loss 1.0260, val_ap 0.5081, minutes 4.03, lr 1.00e-03
    epoch 9: loss 1.0161, val_ap 0.5217, minutes 4.51, lr 1.00e-03
    epoch 10: loss 0.9612, val_ap 0.5264, minutes 5.03, lr 1.00e-03
    epoch 11: loss 0.9447, val_ap 0.5363, minutes 5.5, lr 1.00e-03
    epoch 12: loss 0.9435, val_ap 0.5290, minutes 6.01, lr 1.00e-03
    epoch 13: loss 0.9482, val_ap 0.5215, minutes 6.47, lr 1.00e-03
    epoch 14: loss 0.9140, val_ap 0.5453, minutes 6.94, lr 1.00e-03
    epoch 15: loss 0.9132, val_ap 0.5271, minutes 7.39, lr 1.00e-03
    epoch 16: loss 0.9247, val_ap 0.5400, minutes 7.82, lr 1.00e-03
    epoch 17: loss 0.8985, val_ap 0.5486, minutes 8.31, lr 1.00e-03
    epoch 18: loss 0.8960, val_ap 0.5469, minutes 8.74, lr 1.00e-03
    epoch 19: loss 0.8957, val_ap 0.5498, minutes 9.25, lr 1.00e-03
    epoch 20: loss 0.8920, val_ap 0.5611, minutes 9.73, lr 1.00e-03
    epoch 21: loss 0.9002, val_ap 0.5581, minutes 10.24, lr 1.00e-03
    epoch 22: loss 0.8886, val_ap 0.5525, minutes 10.71, lr 1.00e-03
    epoch 23: loss 0.8595, val_ap 0.5568, minutes 11.17, lr 1.00e-03
    epoch 24: loss 0.8590, val_ap 0.5564, minutes 11.64, lr 1.00e-03
    epoch 25: loss 0.8720, val_ap 0.5581, minutes 12.13, lr 1.00e-03
    epoch 26: loss 0.8660, val_ap 0.5534, minutes 12.63, lr 1.00e-03
    epoch 27: loss 0.8705, val_ap 0.5598, minutes 13.12, lr 1.00e-03
    epoch 28: loss 0.8777, val_ap 0.5674, minutes 13.59, lr 1.00e-03
    epoch 29: loss 0.8420, val_ap 0.5623, minutes 14.1, lr 1.00e-03
    epoch 30: loss 0.8396, val_ap 0.5680, minutes 14.6, lr 1.00e-03
    epoch 31: loss 0.8536, val_ap 0.5659, minutes 15.08, lr 1.00e-03
    epoch 32: loss 0.8727, val_ap 0.5669, minutes 15.56, lr 1.00e-03
    epoch 33: loss 0.8337, val_ap 0.5711, minutes 16.02, lr 1.00e-03
    epoch 34: loss 0.8216, val_ap 0.5610, minutes 16.49, lr 1.00e-03
    epoch 35: loss 0.8310, val_ap 0.5611, minutes 17.01, lr 1.00e-03
    epoch 36: loss 0.8255, val_ap 0.5728, minutes 17.51, lr 1.00e-03
    epoch 37: loss 0.8416, val_ap 0.5724, minutes 17.97, lr 1.00e-03
    epoch 38: loss 0.8257, val_ap 0.5676, minutes 18.47, lr 1.00e-03
    epoch 39: loss 0.8309, val_ap 0.5739, minutes 19.0, lr 1.00e-03
    epoch 40: loss 0.8403, val_ap 0.5700, minutes 19.49, lr 1.00e-03
    epoch 41: loss 0.8229, val_ap 0.5746, minutes 19.97, lr 1.00e-03
    epoch 42: loss 0.8201, val_ap 0.5718, minutes 20.41, lr 1.00e-03
    epoch 43: loss 0.8135, val_ap 0.5756, minutes 20.9, lr 1.00e-03
    epoch 44: loss 0.8230, val_ap 0.5752, minutes 21.39, lr 1.00e-03
    epoch 45: loss 0.8144, val_ap 0.5693, minutes 21.86, lr 1.00e-03
    epoch 46: loss 0.8068, val_ap 0.5680, minutes 22.34, lr 1.00e-03
    epoch 47: loss 0.7922, val_ap 0.5701, minutes 22.83, lr 1.00e-03
    epoch 48: loss 0.7872, val_ap 0.5801, minutes 23.3, lr 1.00e-03
    epoch 49: loss 0.7849, val_ap 0.5797, minutes 23.79, lr 1.00e-03
    epoch 50: loss 0.7742, val_ap 0.5776, minutes 24.29, lr 1.00e-03
    epoch 51: loss 0.7825, val_ap 0.5815, minutes 24.76, lr 1.00e-03
    epoch 52: loss 0.7752, val_ap 0.5814, minutes 25.24, lr 1.00e-03
    epoch 53: loss 0.7762, val_ap 0.5722, minutes 25.75, lr 1.00e-03
    epoch 54: loss 0.7848, val_ap 0.5807, minutes 26.22, lr 1.00e-03
    epoch 55: loss 0.7658, val_ap 0.5797, minutes 26.68, lr 1.00e-03
    epoch 56: loss 0.7681, val_ap 0.5808, minutes 27.13, lr 1.00e-03
    epoch 57: loss 0.7808, val_ap 0.5732, minutes 27.57, lr 1.00e-03
    epoch 58: loss 0.7472, val_ap 0.5792, minutes 28.04, lr 1.00e-03
    epoch 59: loss 0.7683, val_ap 0.5699, minutes 28.53, lr 1.00e-03
    epoch 60: loss 0.7792, val_ap 0.5704, minutes 29.01, lr 5.00e-04
    epoch 61: loss 0.8268, val_ap 0.5817, minutes 29.5, lr 5.00e-04
    epoch 62: loss 0.7379, val_ap 0.5835, minutes 29.99, lr 5.00e-04
    epoch 63: loss 0.7446, val_ap 0.5831, minutes 30.5, lr 5.00e-04
    epoch 64: loss 0.7412, val_ap 0.5875, minutes 30.98, lr 5.00e-04
    epoch 65: loss 0.7268, val_ap 0.5851, minutes 31.53, lr 5.00e-04
    epoch 66: loss 0.7289, val_ap 0.5770, minutes 32.04, lr 5.00e-04
    epoch 67: loss 0.7378, val_ap 0.5788, minutes 32.52, lr 5.00e-04
    epoch 68: loss 0.7236, val_ap 0.5822, minutes 33.03, lr 5.00e-04
    epoch 69: loss 0.7243, val_ap 0.5812, minutes 33.53, lr 5.00e-04
    epoch 70: loss 0.7281, val_ap 0.5781, minutes 34.04, lr 5.00e-04
    epoch 71: loss 0.7214, val_ap 0.5852, minutes 34.55, lr 5.00e-04
    epoch 72: loss 0.7161, val_ap 0.5863, minutes 35.05, lr 5.00e-04
    epoch 73: loss 0.7242, val_ap 0.5832, minutes 35.51, lr 2.50e-04
    epoch 74: loss 0.7063, val_ap 0.5849, minutes 35.99, lr 2.50e-04
    epoch 75: loss 0.7035, val_ap 0.5876, minutes 36.48, lr 2.50e-04
    epoch 76: loss 0.7376, val_ap 0.5871, minutes 36.98, lr 2.50e-04
    epoch 77: loss 0.8078, val_ap 0.5843, minutes 37.47, lr 2.50e-04
    epoch 78: loss 0.7050, val_ap 0.5885, minutes 37.97, lr 2.50e-04
    epoch 79: loss 0.7040, val_ap 0.5903, minutes 38.43, lr 2.50e-04
    epoch 80: loss 0.7068, val_ap 0.5874, minutes 38.91, lr 2.50e-04
    epoch 81: loss 0.6938, val_ap 0.5917, minutes 39.37, lr 2.50e-04
    epoch 82: loss 0.6864, val_ap 0.5902, minutes 39.85, lr 2.50e-04
    epoch 83: loss 0.6854, val_ap 0.5875, minutes 40.34, lr 2.50e-04
    epoch 84: loss 0.6902, val_ap 0.5876, minutes 40.8, lr 2.50e-04
    epoch 85: loss 0.6962, val_ap 0.5894, minutes 41.27, lr 2.50e-04
    epoch 86: loss 0.6869, val_ap 0.5891, minutes 41.73, lr 2.50e-04
    epoch 87: loss 0.6920, val_ap 0.5910, minutes 42.22, lr 2.50e-04
    epoch 88: loss 0.6865, val_ap 0.5926, minutes 42.68, lr 2.50e-04
    epoch 89: loss 0.6866, val_ap 0.5901, minutes 43.15, lr 2.50e-04
    epoch 90: loss 0.6942, val_ap 0.5888, minutes 43.63, lr 2.50e-04
    epoch 91: loss 0.6966, val_ap 0.5919, minutes 44.11, lr 2.50e-04
    epoch 92: loss 0.6859, val_ap 0.5921, minutes 44.58, lr 2.50e-04
    epoch 93: loss 0.6881, val_ap 0.5907, minutes 45.05, lr 2.50e-04
    epoch 94: loss 0.6772, val_ap 0.5892, minutes 45.55, lr 2.50e-04
    epoch 95: loss 0.6771, val_ap 0.5893, minutes 46.05, lr 2.50e-04
    epoch 96: loss 0.6803, val_ap 0.5898, minutes 46.57, lr 2.50e-04
    epoch 97: loss 0.6720, val_ap 0.5862, minutes 47.01, lr 1.25e-04
    epoch 98: loss 0.6757, val_ap 0.5900, minutes 47.47, lr 1.25e-04
    epoch 99: loss 0.6758, val_ap 0.5907, minutes 47.94, lr 1.25e-04
    epoch 100: loss 0.6833, val_ap 0.5884, minutes 48.41, lr 1.25e-04
    epoch 101: loss 0.6687, val_ap 0.5936, minutes 48.92, lr 1.25e-04
    epoch 102: loss 0.6678, val_ap 0.5932, minutes 49.35, lr 1.25e-04
    epoch 103: loss 0.6710, val_ap 0.5895, minutes 49.87, lr 1.25e-04
    epoch 104: loss 0.6491, val_ap 0.5899, minutes 50.33, lr 1.25e-04
    epoch 105: loss 0.6662, val_ap 0.5874, minutes 50.81, lr 1.25e-04
    epoch 106: loss 0.6619, val_ap 0.5901, minutes 51.32, lr 1.25e-04
    epoch 107: loss 0.6714, val_ap 0.5907, minutes 51.77, lr 1.25e-04
    epoch 108: loss 0.6664, val_ap 0.5924, minutes 52.26, lr 1.25e-04
    epoch 109: loss 0.6641, val_ap 0.5910, minutes 52.7, lr 1.25e-04
    epoch 110: loss 0.6614, val_ap 0.5904, minutes 53.16, lr 6.25e-05
    epoch 111: loss 0.6569, val_ap 0.5918, minutes 53.6, lr 6.25e-05
    epoch 112: loss 0.6573, val_ap 0.5908, minutes 54.05, lr 6.25e-05
    epoch 113: loss 0.6522, val_ap 0.5913, minutes 54.54, lr 6.25e-05
    epoch 114: loss 0.6532, val_ap 0.5897, minutes 54.95, lr 6.25e-05
    epoch 115: loss 0.6543, val_ap 0.5903, minutes 55.42, lr 6.25e-05
    epoch 116: loss 0.6423, val_ap 0.5867, minutes 55.86, lr 6.25e-05
    epoch 117: loss 0.6547, val_ap 0.5883, minutes 56.34, lr 6.25e-05
    epoch 118: loss 0.6494, val_ap 0.5886, minutes 56.77, lr 6.25e-05
    epoch 119: loss 0.6460, val_ap 0.5892, minutes 57.32, lr 3.13e-05
    epoch 120: loss 0.6638, val_ap 0.5895, minutes 57.76, lr 3.13e-05
    epoch 121: loss 0.6609, val_ap 0.5902, minutes 58.28, lr 3.13e-05
    epoch 122: loss 0.6552, val_ap 0.5901, minutes 58.7, lr 3.13e-05
    epoch 123: loss 0.6435, val_ap 0.5895, minutes 59.16, lr 3.13e-05
    epoch 124: loss 0.6491, val_ap 0.5908, minutes 59.63, lr 3.13e-05
    epoch 125: loss 0.6515, val_ap 0.5907, minutes 60.05, lr 3.13e-05
    epoch 126: loss 0.6576, val_ap 0.5907, minutes 60.56, lr 3.13e-05
    stopping: no validation gain in 25 epochs
[fk_band dataset0 fold 0 seed 1] done (61.2 min)
