loaded: dataset0 121,838 sites, data1 90,452
[h2gcn_aux dataset0 fold 4]
    epoch 1: loss 1.9662, val_ap 0.1429, minutes 0.41, lr 3.33e-04
    epoch 2: loss 1.5604, val_ap 0.2285, minutes 0.82, lr 6.63e-04
    epoch 3: loss 1.3592, val_ap 0.3713, minutes 1.2, lr 9.92e-04
    epoch 4: loss 1.2144, val_ap 0.4433, minutes 1.59, lr 1.00e-03
    epoch 5: loss 1.1348, val_ap 0.4634, minutes 1.95, lr 1.00e-03
    epoch 6: loss 1.1191, val_ap 0.4664, minutes 2.32, lr 1.00e-03
    epoch 7: loss 1.0502, val_ap 0.4780, minutes 2.68, lr 1.00e-03
    epoch 8: loss 1.0420, val_ap 0.4953, minutes 3.07, lr 1.00e-03
    epoch 9: loss 1.0291, val_ap 0.5013, minutes 3.43, lr 1.00e-03
    epoch 10: loss 0.9951, val_ap 0.5005, minutes 3.85, lr 1.00e-03
    epoch 11: loss 1.0105, val_ap 0.4937, minutes 4.22, lr 1.00e-03
    epoch 12: loss 0.9918, val_ap 0.4903, minutes 4.59, lr 1.00e-03
    epoch 13: loss 0.9780, val_ap 0.4898, minutes 4.97, lr 1.00e-03
    epoch 14: loss 0.9747, val_ap 0.4840, minutes 5.32, lr 1.00e-03
    epoch 15: loss 0.9668, val_ap 0.4851, minutes 5.67, lr 1.00e-03
    epoch 16: loss 0.9708, val_ap 0.4888, minutes 6.04, lr 1.00e-03
    epoch 17: loss 0.9492, val_ap 0.4974, minutes 6.39, lr 1.00e-03
    epoch 18: loss 0.9521, val_ap 0.4830, minutes 6.72, lr 5.00e-04
    epoch 19: loss 0.9259, val_ap 0.5008, minutes 7.03, lr 5.00e-04
    epoch 20: loss 0.9348, val_ap 0.5020, minutes 7.36, lr 5.00e-04
    epoch 21: loss 0.9080, val_ap 0.4989, minutes 7.68, lr 5.00e-04
    epoch 22: loss 0.9192, val_ap 0.5061, minutes 8.01, lr 5.00e-04
    epoch 23: loss 0.9447, val_ap 0.4968, minutes 8.38, lr 5.00e-04
    epoch 24: loss 0.9413, val_ap 0.5048, minutes 8.7, lr 5.00e-04
    epoch 25: loss 0.9131, val_ap 0.5045, minutes 9.06, lr 5.00e-04
    epoch 26: loss 0.9032, val_ap 0.5051, minutes 9.39, lr 5.00e-04
    epoch 27: loss 0.8954, val_ap 0.5042, minutes 9.7, lr 5.00e-04
    epoch 28: loss 0.9049, val_ap 0.5128, minutes 10.07, lr 5.00e-04
    epoch 29: loss 0.8963, val_ap 0.5094, minutes 10.4, lr 5.00e-04
    epoch 30: loss 0.8903, val_ap 0.5146, minutes 10.74, lr 5.00e-04
    epoch 31: loss 0.8871, val_ap 0.5103, minutes 11.07, lr 5.00e-04
    epoch 32: loss 0.8868, val_ap 0.5156, minutes 11.4, lr 5.00e-04
    epoch 33: loss 0.8736, val_ap 0.5192, minutes 11.75, lr 5.00e-04
    epoch 34: loss 0.8885, val_ap 0.5188, minutes 12.09, lr 5.00e-04
    epoch 35: loss 0.8880, val_ap 0.5164, minutes 12.44, lr 5.00e-04
    epoch 36: loss 0.8752, val_ap 0.5180, minutes 12.77, lr 5.00e-04
    epoch 37: loss 0.8871, val_ap 0.5169, minutes 13.11, lr 5.00e-04
    epoch 38: loss 0.8715, val_ap 0.5227, minutes 13.42, lr 5.00e-04
    epoch 39: loss 0.8742, val_ap 0.5254, minutes 13.74, lr 5.00e-04
    epoch 40: loss 0.8679, val_ap 0.5230, minutes 14.04, lr 5.00e-04
    epoch 41: loss 0.8601, val_ap 0.5191, minutes 14.31, lr 5.00e-04
    epoch 42: loss 0.8675, val_ap 0.5218, minutes 14.6, lr 5.00e-04
    epoch 43: loss 0.8742, val_ap 0.5285, minutes 14.88, lr 5.00e-04
    epoch 44: loss 0.8529, val_ap 0.5349, minutes 15.16, lr 5.00e-04
    epoch 45: loss 0.8664, val_ap 0.5267, minutes 15.44, lr 5.00e-04
    epoch 46: loss 0.8775, val_ap 0.5317, minutes 15.73, lr 5.00e-04
    epoch 47: loss 0.8400, val_ap 0.5368, minutes 16.02, lr 5.00e-04
    epoch 48: loss 0.8579, val_ap 0.5355, minutes 16.29, lr 5.00e-04
    epoch 49: loss 0.8753, val_ap 0.5381, minutes 16.57, lr 5.00e-04
    epoch 50: loss 0.8402, val_ap 0.5348, minutes 16.84, lr 5.00e-04
    epoch 51: loss 0.8612, val_ap 0.5342, minutes 17.12, lr 5.00e-04
    epoch 52: loss 0.8623, val_ap 0.5349, minutes 17.4, lr 5.00e-04
    epoch 53: loss 0.8497, val_ap 0.5358, minutes 17.67, lr 5.00e-04
    epoch 54: loss 0.8431, val_ap 0.5371, minutes 17.96, lr 5.00e-04
    epoch 55: loss 0.8315, val_ap 0.5386, minutes 18.24, lr 5.00e-04
    epoch 56: loss 0.8353, val_ap 0.5434, minutes 18.53, lr 5.00e-04
    epoch 57: loss 0.8298, val_ap 0.5442, minutes 18.82, lr 5.00e-04
    epoch 58: loss 0.8408, val_ap 0.5422, minutes 19.11, lr 5.00e-04
    epoch 59: loss 0.8537, val_ap 0.5369, minutes 19.41, lr 5.00e-04
    epoch 60: loss 0.8383, val_ap 0.5396, minutes 19.68, lr 5.00e-04
    epoch 61: loss 0.8228, val_ap 0.5342, minutes 19.95, lr 5.00e-04
    epoch 62: loss 0.8427, val_ap 0.5468, minutes 20.24, lr 5.00e-04
    epoch 63: loss 0.8285, val_ap 0.5429, minutes 20.53, lr 5.00e-04
    epoch 64: loss 0.8250, val_ap 0.5476, minutes 20.82, lr 5.00e-04
    epoch 65: loss 0.8191, val_ap 0.5473, minutes 21.11, lr 5.00e-04
    epoch 66: loss 0.8262, val_ap 0.5461, minutes 21.4, lr 5.00e-04
    epoch 67: loss 0.8183, val_ap 0.5465, minutes 21.69, lr 5.00e-04
    epoch 68: loss 0.8115, val_ap 0.5447, minutes 21.97, lr 5.00e-04
    epoch 69: loss 0.8182, val_ap 0.5495, minutes 22.25, lr 5.00e-04
    epoch 70: loss 0.8017, val_ap 0.5475, minutes 22.53, lr 5.00e-04
    epoch 71: loss 0.7937, val_ap 0.5444, minutes 22.82, lr 5.00e-04
    epoch 72: loss 0.8201, val_ap 0.5544, minutes 23.11, lr 5.00e-04
    epoch 73: loss 0.8265, val_ap 0.5492, minutes 23.4, lr 5.00e-04
    epoch 74: loss 0.7945, val_ap 0.5468, minutes 23.68, lr 5.00e-04
    epoch 75: loss 0.7940, val_ap 0.5542, minutes 23.99, lr 5.00e-04
    epoch 76: loss 0.8041, val_ap 0.5444, minutes 24.28, lr 5.00e-04
    epoch 77: loss 0.7964, val_ap 0.5514, minutes 24.55, lr 5.00e-04
    epoch 78: loss 0.7992, val_ap 0.5563, minutes 24.83, lr 5.00e-04
    epoch 79: loss 0.8017, val_ap 0.5487, minutes 25.1, lr 5.00e-04
    epoch 80: loss 0.7795, val_ap 0.5470, minutes 25.37, lr 5.00e-04
    epoch 81: loss 0.7931, val_ap 0.5530, minutes 25.64, lr 5.00e-04
    epoch 82: loss 0.7859, val_ap 0.5539, minutes 25.93, lr 5.00e-04
    epoch 83: loss 0.7911, val_ap 0.5339, minutes 26.21, lr 5.00e-04
    epoch 84: loss 0.7916, val_ap 0.5525, minutes 26.48, lr 5.00e-04
    epoch 85: loss 0.7632, val_ap 0.5515, minutes 26.76, lr 5.00e-04
    epoch 86: loss 0.7771, val_ap 0.5461, minutes 27.04, lr 5.00e-04
    epoch 87: loss 0.7884, val_ap 0.5529, minutes 27.32, lr 2.50e-04
    epoch 88: loss 0.7599, val_ap 0.5545, minutes 27.59, lr 2.50e-04
    epoch 89: loss 0.7551, val_ap 0.5588, minutes 27.87, lr 2.50e-04
    epoch 90: loss 0.7524, val_ap 0.5537, minutes 28.16, lr 2.50e-04
    epoch 91: loss 0.7612, val_ap 0.5558, minutes 28.45, lr 2.50e-04
    epoch 92: loss 0.7625, val_ap 0.5551, minutes 28.73, lr 2.50e-04
    epoch 93: loss 0.7356, val_ap 0.5575, minutes 29.01, lr 2.50e-04
    epoch 94: loss 0.7414, val_ap 0.5585, minutes 29.26, lr 2.50e-04
    epoch 95: loss 0.7660, val_ap 0.5626, minutes 29.51, lr 2.50e-04
    epoch 96: loss 0.7451, val_ap 0.5571, minutes 29.75, lr 2.50e-04
    epoch 97: loss 0.7446, val_ap 0.5581, minutes 29.99, lr 2.50e-04
    epoch 98: loss 0.7344, val_ap 0.5605, minutes 30.24, lr 2.50e-04
    epoch 99: loss 0.7394, val_ap 0.5611, minutes 30.47, lr 2.50e-04
    epoch 100: loss 0.7595, val_ap 0.5574, minutes 30.7, lr 2.50e-04
    epoch 101: loss 0.7480, val_ap 0.5615, minutes 30.92, lr 2.50e-04
    epoch 102: loss 0.7451, val_ap 0.5612, minutes 31.15, lr 2.50e-04
    epoch 103: loss 0.7436, val_ap 0.5611, minutes 31.38, lr 2.50e-04
    epoch 104: loss 0.7474, val_ap 0.5615, minutes 31.61, lr 1.25e-04
    epoch 105: loss 0.7313, val_ap 0.5647, minutes 31.84, lr 1.25e-04
    epoch 106: loss 0.7232, val_ap 0.5631, minutes 32.07, lr 1.25e-04
    epoch 107: loss 0.7255, val_ap 0.5631, minutes 32.31, lr 1.25e-04
    epoch 108: loss 0.7186, val_ap 0.5613, minutes 32.54, lr 1.25e-04
    epoch 109: loss 0.7198, val_ap 0.5600, minutes 32.78, lr 1.25e-04
    epoch 110: loss 0.7209, val_ap 0.5625, minutes 33.01, lr 1.25e-04
    epoch 111: loss 0.7261, val_ap 0.5642, minutes 33.24, lr 1.25e-04
    epoch 112: loss 0.7216, val_ap 0.5635, minutes 33.47, lr 1.25e-04
    epoch 113: loss 0.7230, val_ap 0.5636, minutes 33.71, lr 1.25e-04
    epoch 114: loss 0.7191, val_ap 0.5605, minutes 33.93, lr 6.25e-05
    epoch 115: loss 0.7228, val_ap 0.5611, minutes 34.17, lr 6.25e-05
    epoch 116: loss 0.7048, val_ap 0.5606, minutes 34.4, lr 6.25e-05
    epoch 117: loss 0.7172, val_ap 0.5609, minutes 34.63, lr 6.25e-05
    epoch 118: loss 0.7119, val_ap 0.5610, minutes 34.88, lr 6.25e-05
    epoch 119: loss 0.7176, val_ap 0.5618, minutes 35.11, lr 6.25e-05
    epoch 120: loss 0.7006, val_ap 0.5632, minutes 35.35, lr 6.25e-05
    epoch 121: loss 0.7127, val_ap 0.5624, minutes 35.58, lr 6.25e-05
    epoch 122: loss 0.7044, val_ap 0.5622, minutes 35.83, lr 6.25e-05
    epoch 123: loss 0.7105, val_ap 0.5640, minutes 36.06, lr 3.13e-05
    epoch 124: loss 0.7060, val_ap 0.5635, minutes 36.3, lr 3.13e-05
    epoch 125: loss 0.7168, val_ap 0.5630, minutes 36.53, lr 3.13e-05
    epoch 126: loss 0.7092, val_ap 0.5637, minutes 36.76, lr 3.13e-05
    epoch 127: loss 0.7115, val_ap 0.5629, minutes 36.99, lr 3.13e-05
    epoch 128: loss 0.7138, val_ap 0.5649, minutes 37.22, lr 3.13e-05
    epoch 129: loss 0.7098, val_ap 0.5648, minutes 37.44, lr 3.13e-05
    epoch 130: loss 0.7138, val_ap 0.5653, minutes 37.67, lr 3.13e-05
    epoch 131: loss 0.7113, val_ap 0.5661, minutes 37.9, lr 3.13e-05
    epoch 132: loss 0.7068, val_ap 0.5659, minutes 38.13, lr 3.13e-05
    epoch 133: loss 0.7062, val_ap 0.5655, minutes 38.36, lr 3.13e-05
    epoch 134: loss 0.7076, val_ap 0.5662, minutes 38.59, lr 3.13e-05
    epoch 135: loss 0.7079, val_ap 0.5643, minutes 38.81, lr 3.13e-05
    epoch 136: loss 0.7207, val_ap 0.5648, minutes 39.03, lr 3.13e-05
    epoch 137: loss 0.7070, val_ap 0.5650, minutes 39.24, lr 3.13e-05
    epoch 138: loss 0.7072, val_ap 0.5657, minutes 39.46, lr 3.13e-05
    epoch 139: loss 0.7094, val_ap 0.5656, minutes 39.68, lr 3.13e-05
    epoch 140: loss 0.7112, val_ap 0.5663, minutes 39.89, lr 3.13e-05
    epoch 141: loss 0.7093, val_ap 0.5665, minutes 40.11, lr 3.13e-05
    epoch 142: loss 0.7054, val_ap 0.5660, minutes 40.33, lr 3.13e-05
    epoch 143: loss 0.7103, val_ap 0.5648, minutes 40.54, lr 3.13e-05
    epoch 144: loss 0.7083, val_ap 0.5650, minutes 40.76, lr 3.13e-05
    epoch 145: loss 0.7000, val_ap 0.5654, minutes 40.97, lr 3.13e-05
    epoch 146: loss 0.7116, val_ap 0.5642, minutes 41.19, lr 3.13e-05
    epoch 147: loss 0.6986, val_ap 0.5657, minutes 41.41, lr 3.13e-05
    epoch 148: loss 0.7090, val_ap 0.5646, minutes 41.63, lr 3.13e-05
    epoch 149: loss 0.7164, val_ap 0.5655, minutes 41.84, lr 3.13e-05
    epoch 150: loss 0.7006, val_ap 0.5657, minutes 42.06, lr 1.56e-05
    epoch 151: loss 0.7068, val_ap 0.5659, minutes 42.28, lr 1.56e-05
    epoch 152: loss 0.6942, val_ap 0.5659, minutes 42.5, lr 1.56e-05
    epoch 153: loss 0.7029, val_ap 0.5662, minutes 42.72, lr 1.56e-05
    epoch 154: loss 0.6913, val_ap 0.5656, minutes 42.94, lr 1.56e-05
    epoch 155: loss 0.7036, val_ap 0.5666, minutes 43.15, lr 1.56e-05
    epoch 156: loss 0.7074, val_ap 0.5656, minutes 43.37, lr 1.56e-05
    epoch 157: loss 0.6997, val_ap 0.5657, minutes 43.59, lr 1.56e-05
    epoch 158: loss 0.7074, val_ap 0.5657, minutes 43.81, lr 1.56e-05
    epoch 159: loss 0.7033, val_ap 0.5654, minutes 44.03, lr 7.81e-06
    epoch 160: loss 0.6953, val_ap 0.5654, minutes 44.25, lr 7.81e-06
    epoch 161: loss 0.7060, val_ap 0.5657, minutes 44.46, lr 7.81e-06
    epoch 162: loss 0.6958, val_ap 0.5655, minutes 44.68, lr 7.81e-06
    epoch 163: loss 0.6954, val_ap 0.5656, minutes 44.9, lr 7.81e-06
    epoch 164: loss 0.6919, val_ap 0.5655, minutes 45.12, lr 7.81e-06
    epoch 165: loss 0.7072, val_ap 0.5654, minutes 45.33, lr 7.81e-06
    epoch 166: loss 0.6997, val_ap 0.5655, minutes 45.55, lr 7.81e-06
    epoch 167: loss 0.7087, val_ap 0.5654, minutes 45.77, lr 7.81e-06
    epoch 168: loss 0.6972, val_ap 0.5657, minutes 45.99, lr 3.91e-06
    epoch 169: loss 0.7066, val_ap 0.5656, minutes 46.2, lr 3.91e-06
    epoch 170: loss 0.6954, val_ap 0.5656, minutes 46.42, lr 3.91e-06
    epoch 171: loss 0.6925, val_ap 0.5656, minutes 46.64, lr 3.91e-06
    epoch 172: loss 0.7052, val_ap 0.5655, minutes 46.85, lr 3.91e-06
    epoch 173: loss 0.6975, val_ap 0.5656, minutes 47.07, lr 3.91e-06
    epoch 174: loss 0.6843, val_ap 0.5658, minutes 47.29, lr 3.91e-06
    epoch 175: loss 0.6936, val_ap 0.5659, minutes 47.51, lr 3.91e-06
    epoch 176: loss 0.7053, val_ap 0.5656, minutes 47.73, lr 3.91e-06
    epoch 177: loss 0.6996, val_ap 0.5655, minutes 47.95, lr 1.95e-06
    epoch 178: loss 0.7015, val_ap 0.5655, minutes 48.16, lr 1.95e-06
    epoch 179: loss 0.6978, val_ap 0.5655, minutes 48.37, lr 1.95e-06
    epoch 180: loss 0.7026, val_ap 0.5658, minutes 48.59, lr 1.95e-06
    stopping: no validation gain in 25 epochs
[h2gcn_aux dataset0 fold 4] done (49.0 min)
