loaded: dataset0 121,838 sites, data1 90,452
[scalar_drop dataset0 fold 2]
    kernel decay scale 108.1 nt (fitted to cell line 1 training labels)
    epoch 1: loss 1.9635, val_ap 0.1563, minutes 0.3, lr 3.33e-04
    epoch 2: loss 1.6472, val_ap 0.2685, minutes 0.64, lr 6.63e-04
    epoch 3: loss 1.3672, val_ap 0.4125, minutes 0.97, lr 9.92e-04
    epoch 4: loss 1.2291, val_ap 0.4687, minutes 1.29, lr 1.00e-03
    epoch 5: loss 1.1722, val_ap 0.4996, minutes 1.61, lr 1.00e-03
    epoch 6: loss 1.1097, val_ap 0.5231, minutes 1.93, lr 1.00e-03
    epoch 7: loss 1.0812, val_ap 0.5309, minutes 2.25, lr 1.00e-03
    epoch 8: loss 1.1086, val_ap 0.5277, minutes 2.57, lr 1.00e-03
    epoch 9: loss 1.0699, val_ap 0.5358, minutes 2.89, lr 1.00e-03
    epoch 10: loss 1.0448, val_ap 0.5387, minutes 3.22, lr 1.00e-03
    epoch 11: loss 1.0502, val_ap 0.5234, minutes 3.54, lr 1.00e-03
    epoch 12: loss 1.0408, val_ap 0.5384, minutes 3.87, lr 1.00e-03
    epoch 13: loss 1.0010, val_ap 0.5483, minutes 4.14, lr 1.00e-03
    epoch 14: loss 1.0206, val_ap 0.5435, minutes 4.47, lr 1.00e-03
    epoch 15: loss 0.9864, val_ap 0.5458, minutes 4.8, lr 1.00e-03
    epoch 16: loss 0.9847, val_ap 0.5557, minutes 5.13, lr 1.00e-03
    epoch 17: loss 0.9924, val_ap 0.5572, minutes 5.47, lr 1.00e-03
    epoch 18: loss 0.9789, val_ap 0.5566, minutes 5.79, lr 1.00e-03
    epoch 19: loss 0.9769, val_ap 0.5670, minutes 6.1, lr 1.00e-03
    epoch 20: loss 0.9656, val_ap 0.5606, minutes 6.45, lr 1.00e-03
    epoch 21: loss 0.9792, val_ap 0.5514, minutes 6.77, lr 1.00e-03
    epoch 22: loss 0.9613, val_ap 0.5677, minutes 7.1, lr 1.00e-03
    epoch 23: loss 0.9700, val_ap 0.5684, minutes 7.44, lr 1.00e-03
    epoch 24: loss 0.9409, val_ap 0.5774, minutes 7.78, lr 1.00e-03
    epoch 25: loss 0.9446, val_ap 0.5685, minutes 8.12, lr 1.00e-03
    epoch 26: loss 0.9698, val_ap 0.5552, minutes 8.45, lr 1.00e-03
    epoch 27: loss 1.0718, val_ap 0.5616, minutes 8.78, lr 1.00e-03
    epoch 28: loss 0.9488, val_ap 0.5739, minutes 9.1, lr 1.00e-03
    epoch 29: loss 0.9277, val_ap 0.5701, minutes 9.42, lr 1.00e-03
    epoch 30: loss 0.9277, val_ap 0.5685, minutes 9.76, lr 1.00e-03
    epoch 31: loss 0.9749, val_ap 0.5704, minutes 10.11, lr 1.00e-03
    epoch 32: loss 0.9661, val_ap 0.5737, minutes 10.4, lr 1.00e-03
    epoch 33: loss 0.9408, val_ap 0.5705, minutes 10.73, lr 5.00e-04
    epoch 34: loss 0.9148, val_ap 0.5782, minutes 11.08, lr 5.00e-04
    epoch 35: loss 0.9001, val_ap 0.5808, minutes 11.4, lr 5.00e-04
    epoch 36: loss 0.9086, val_ap 0.5798, minutes 11.7, lr 5.00e-04
    epoch 37: loss 0.9032, val_ap 0.5794, minutes 11.99, lr 5.00e-04
    epoch 38: loss 0.8929, val_ap 0.5816, minutes 12.29, lr 5.00e-04
    epoch 39: loss 0.8943, val_ap 0.5841, minutes 12.58, lr 5.00e-04
    epoch 40: loss 0.8896, val_ap 0.5806, minutes 12.86, lr 5.00e-04
    epoch 41: loss 0.8845, val_ap 0.5809, minutes 13.15, lr 5.00e-04
    epoch 42: loss 0.8883, val_ap 0.5841, minutes 13.48, lr 5.00e-04
    epoch 43: loss 0.8990, val_ap 0.5841, minutes 13.79, lr 5.00e-04
    epoch 44: loss 0.8942, val_ap 0.5846, minutes 14.11, lr 5.00e-04
    epoch 45: loss 0.8885, val_ap 0.5816, minutes 14.47, lr 5.00e-04
    epoch 46: loss 0.8805, val_ap 0.5862, minutes 14.8, lr 5.00e-04
    epoch 47: loss 0.8900, val_ap 0.5886, minutes 15.14, lr 5.00e-04
    epoch 48: loss 0.8818, val_ap 0.5892, minutes 15.49, lr 5.00e-04
    epoch 49: loss 0.8901, val_ap 0.5877, minutes 15.84, lr 5.00e-04
    epoch 50: loss 0.8791, val_ap 0.5891, minutes 16.17, lr 5.00e-04
    epoch 51: loss 0.8711, val_ap 0.5931, minutes 16.53, lr 5.00e-04
    epoch 52: loss 0.8901, val_ap 0.5848, minutes 16.86, lr 5.00e-04
    epoch 53: loss 0.8861, val_ap 0.5907, minutes 17.18, lr 5.00e-04
    epoch 54: loss 0.8747, val_ap 0.5890, minutes 17.53, lr 5.00e-04
    epoch 55: loss 0.8734, val_ap 0.5901, minutes 17.86, lr 5.00e-04
    epoch 56: loss 0.8760, val_ap 0.5886, minutes 18.22, lr 5.00e-04
    epoch 57: loss 0.8740, val_ap 0.5870, minutes 18.54, lr 5.00e-04
    epoch 58: loss 0.8717, val_ap 0.5898, minutes 18.86, lr 5.00e-04
    epoch 59: loss 0.8667, val_ap 0.5907, minutes 19.22, lr 5.00e-04
    epoch 60: loss 0.8636, val_ap 0.5922, minutes 19.55, lr 2.50e-04
    epoch 61: loss 0.8584, val_ap 0.5943, minutes 19.85, lr 2.50e-04
    epoch 62: loss 0.8534, val_ap 0.5926, minutes 20.18, lr 2.50e-04
    epoch 63: loss 0.8509, val_ap 0.5939, minutes 20.47, lr 2.50e-04
    epoch 64: loss 0.8369, val_ap 0.5968, minutes 20.82, lr 2.50e-04
    epoch 65: loss 0.8521, val_ap 0.5951, minutes 21.15, lr 2.50e-04
    epoch 66: loss 0.8365, val_ap 0.5941, minutes 21.49, lr 2.50e-04
    epoch 67: loss 0.8397, val_ap 0.5962, minutes 21.83, lr 2.50e-04
    epoch 68: loss 0.8321, val_ap 0.5952, minutes 22.14, lr 2.50e-04
    epoch 69: loss 0.8345, val_ap 0.5957, minutes 22.48, lr 2.50e-04
    epoch 70: loss 0.8423, val_ap 0.5964, minutes 22.81, lr 2.50e-04
    epoch 71: loss 0.8516, val_ap 0.5987, minutes 23.13, lr 2.50e-04
    epoch 72: loss 0.8337, val_ap 0.5976, minutes 23.45, lr 2.50e-04
    epoch 73: loss 0.8465, val_ap 0.5986, minutes 23.75, lr 2.50e-04
    epoch 74: loss 0.8438, val_ap 0.6018, minutes 24.07, lr 2.50e-04
    epoch 75: loss 0.8468, val_ap 0.5984, minutes 24.41, lr 2.50e-04
    epoch 76: loss 0.8333, val_ap 0.6006, minutes 24.74, lr 2.50e-04
    epoch 77: loss 0.8373, val_ap 0.6024, minutes 25.05, lr 2.50e-04
    epoch 78: loss 0.8343, val_ap 0.6011, minutes 25.38, lr 2.50e-04
    epoch 79: loss 0.8371, val_ap 0.6027, minutes 25.73, lr 2.50e-04
    epoch 80: loss 0.8178, val_ap 0.6023, minutes 26.05, lr 2.50e-04
    epoch 81: loss 0.8297, val_ap 0.6025, minutes 26.37, lr 2.50e-04
    epoch 82: loss 0.8364, val_ap 0.6008, minutes 26.68, lr 2.50e-04
    epoch 83: loss 0.8439, val_ap 0.6012, minutes 26.97, lr 2.50e-04
    epoch 84: loss 0.8255, val_ap 0.6035, minutes 27.28, lr 2.50e-04
    epoch 85: loss 0.8421, val_ap 0.5984, minutes 27.58, lr 2.50e-04
    epoch 86: loss 0.8413, val_ap 0.6022, minutes 27.91, lr 2.50e-04
    epoch 87: loss 0.8292, val_ap 0.5983, minutes 28.22, lr 2.50e-04
    epoch 88: loss 0.8235, val_ap 0.5987, minutes 28.51, lr 2.50e-04
    epoch 89: loss 0.8333, val_ap 0.6022, minutes 28.83, lr 2.50e-04
    epoch 90: loss 0.8337, val_ap 0.6007, minutes 29.12, lr 2.50e-04
    epoch 91: loss 0.8246, val_ap 0.6018, minutes 29.44, lr 2.50e-04
    epoch 92: loss 0.8217, val_ap 0.6015, minutes 29.72, lr 2.50e-04
    epoch 93: loss 0.8123, val_ap 0.6020, minutes 29.99, lr 1.25e-04
    epoch 94: loss 0.8160, val_ap 0.6013, minutes 30.26, lr 1.25e-04
    epoch 95: loss 0.8025, val_ap 0.6030, minutes 30.5, lr 1.25e-04
    epoch 96: loss 0.8154, val_ap 0.6037, minutes 30.77, lr 1.25e-04
    epoch 97: loss 0.8066, val_ap 0.6023, minutes 31.06, lr 1.25e-04
    epoch 98: loss 0.8129, val_ap 0.6028, minutes 31.34, lr 1.25e-04
    epoch 99: loss 0.7994, val_ap 0.6019, minutes 31.59, lr 1.25e-04
    epoch 100: loss 0.8375, val_ap 0.6034, minutes 31.86, lr 1.25e-04
    epoch 101: loss 0.8064, val_ap 0.6033, minutes 32.17, lr 1.25e-04
    epoch 102: loss 0.8095, val_ap 0.6036, minutes 32.46, lr 1.25e-04
    epoch 103: loss 0.8076, val_ap 0.6027, minutes 32.75, lr 1.25e-04
    epoch 104: loss 0.8107, val_ap 0.6045, minutes 33.03, lr 1.25e-04
    epoch 105: loss 0.8111, val_ap 0.6032, minutes 33.29, lr 1.25e-04
    epoch 106: loss 0.8127, val_ap 0.6039, minutes 33.58, lr 1.25e-04
    epoch 107: loss 0.7950, val_ap 0.6037, minutes 33.88, lr 1.25e-04
    epoch 108: loss 0.7951, val_ap 0.6050, minutes 34.15, lr 1.25e-04
    epoch 109: loss 0.7962, val_ap 0.6049, minutes 34.42, lr 1.25e-04
    epoch 110: loss 0.8008, val_ap 0.6037, minutes 34.67, lr 1.25e-04
    epoch 111: loss 0.8008, val_ap 0.6052, minutes 34.94, lr 1.25e-04
    epoch 112: loss 0.7895, val_ap 0.6042, minutes 35.21, lr 1.25e-04
    epoch 113: loss 0.8015, val_ap 0.6041, minutes 35.45, lr 1.25e-04
    epoch 114: loss 0.8066, val_ap 0.6028, minutes 35.69, lr 1.25e-04
    epoch 115: loss 0.8151, val_ap 0.6040, minutes 35.92, lr 1.25e-04
    epoch 116: loss 0.8127, val_ap 0.6031, minutes 36.17, lr 1.25e-04
    epoch 117: loss 0.7954, val_ap 0.6026, minutes 36.41, lr 1.25e-04
    epoch 118: loss 0.8247, val_ap 0.6056, minutes 36.64, lr 1.25e-04
    epoch 119: loss 0.8070, val_ap 0.6041, minutes 36.87, lr 1.25e-04
    epoch 120: loss 0.7951, val_ap 0.6037, minutes 37.09, lr 1.25e-04
    epoch 121: loss 0.7828, val_ap 0.6029, minutes 37.31, lr 1.25e-04
    epoch 122: loss 0.8020, val_ap 0.6030, minutes 37.53, lr 1.25e-04
    epoch 123: loss 0.8021, val_ap 0.6038, minutes 37.75, lr 1.25e-04
    epoch 124: loss 0.7925, val_ap 0.6034, minutes 37.97, lr 1.25e-04
    epoch 125: loss 0.8013, val_ap 0.6061, minutes 38.18, lr 1.25e-04
    epoch 126: loss 0.7992, val_ap 0.6037, minutes 38.4, lr 1.25e-04
    epoch 127: loss 0.7969, val_ap 0.6061, minutes 38.61, lr 1.25e-04
    epoch 128: loss 0.7931, val_ap 0.6055, minutes 38.83, lr 1.25e-04
    epoch 129: loss 0.8128, val_ap 0.6041, minutes 39.03, lr 1.25e-04
    epoch 130: loss 0.7967, val_ap 0.6038, minutes 39.25, lr 1.25e-04
    epoch 131: loss 0.7924, val_ap 0.6054, minutes 39.47, lr 1.25e-04
    epoch 132: loss 0.7904, val_ap 0.6050, minutes 39.69, lr 1.25e-04
    epoch 133: loss 0.8000, val_ap 0.6036, minutes 39.9, lr 1.25e-04
    epoch 134: loss 0.7938, val_ap 0.6050, minutes 40.1, lr 6.25e-05
    epoch 135: loss 0.7853, val_ap 0.6028, minutes 40.32, lr 6.25e-05
    epoch 136: loss 0.8063, val_ap 0.6052, minutes 40.53, lr 6.25e-05
    epoch 137: loss 0.7774, val_ap 0.6044, minutes 40.74, lr 6.25e-05
    epoch 138: loss 0.8081, val_ap 0.6052, minutes 40.95, lr 6.25e-05
    epoch 139: loss 0.8147, val_ap 0.6050, minutes 41.16, lr 6.25e-05
    epoch 140: loss 0.7976, val_ap 0.6063, minutes 41.37, lr 6.25e-05
    epoch 141: loss 0.8150, val_ap 0.6055, minutes 41.58, lr 6.25e-05
    epoch 142: loss 0.7861, val_ap 0.6042, minutes 41.78, lr 6.25e-05
    epoch 143: loss 0.7958, val_ap 0.6053, minutes 41.99, lr 6.25e-05
    epoch 144: loss 0.8162, val_ap 0.6046, minutes 42.21, lr 6.25e-05
    epoch 145: loss 0.8045, val_ap 0.6032, minutes 42.42, lr 6.25e-05
    epoch 146: loss 0.8041, val_ap 0.6041, minutes 42.63, lr 6.25e-05
    epoch 147: loss 0.7944, val_ap 0.6045, minutes 42.84, lr 6.25e-05
    epoch 148: loss 0.7851, val_ap 0.6041, minutes 43.05, lr 6.25e-05
    epoch 149: loss 0.7892, val_ap 0.6045, minutes 43.26, lr 3.13e-05
    epoch 150: loss 0.7895, val_ap 0.6049, minutes 43.46, lr 3.13e-05
    epoch 151: loss 0.7949, val_ap 0.6044, minutes 43.68, lr 3.13e-05
    epoch 152: loss 0.7793, val_ap 0.6050, minutes 43.89, lr 3.13e-05
    epoch 153: loss 0.7920, val_ap 0.6052, minutes 44.11, lr 3.13e-05
    epoch 154: loss 0.7872, val_ap 0.6045, minutes 44.33, lr 3.13e-05
    epoch 155: loss 0.7833, val_ap 0.6046, minutes 44.53, lr 3.13e-05
    epoch 156: loss 0.7856, val_ap 0.6052, minutes 44.73, lr 3.13e-05
    epoch 157: loss 0.7800, val_ap 0.6052, minutes 44.95, lr 3.13e-05
    epoch 158: loss 0.7914, val_ap 0.6049, minutes 45.15, lr 1.56e-05
    epoch 159: loss 0.7932, val_ap 0.6047, minutes 45.36, lr 1.56e-05
    epoch 160: loss 0.7827, val_ap 0.6050, minutes 45.57, lr 1.56e-05
    epoch 161: loss 0.7921, val_ap 0.6052, minutes 45.77, lr 1.56e-05
    epoch 162: loss 0.7812, val_ap 0.6055, minutes 45.98, lr 1.56e-05
    epoch 163: loss 0.7784, val_ap 0.6050, minutes 46.19, lr 1.56e-05
    epoch 164: loss 0.7889, val_ap 0.6050, minutes 46.39, lr 1.56e-05
    epoch 165: loss 0.7837, val_ap 0.6046, minutes 46.6, lr 1.56e-05
    stopping: no validation gain in 25 epochs
[scalar_drop dataset0 fold 2] done (46.9 min)
