loaded: dataset0 121,838 sites, data1 90,452
[scalar_msg dataset0 fold 4]
    kernel decay scale 97.3 nt (fitted to cell line 1 training labels)
    epoch 1: loss 2.2677, val_ap 0.0655, minutes 0.45, lr 3.33e-04
    epoch 2: loss 1.6661, val_ap 0.2192, minutes 0.86, lr 6.63e-04
    epoch 3: loss 1.3632, val_ap 0.3727, minutes 1.3, lr 9.92e-04
    epoch 4: loss 1.2191, val_ap 0.4442, minutes 1.72, lr 1.00e-03
    epoch 5: loss 1.1428, val_ap 0.4693, minutes 2.15, lr 1.00e-03
    epoch 6: loss 1.1161, val_ap 0.4676, minutes 2.54, lr 1.00e-03
    epoch 7: loss 1.0522, val_ap 0.4877, minutes 2.99, lr 1.00e-03
    epoch 8: loss 1.0415, val_ap 0.4927, minutes 3.42, lr 1.00e-03
    epoch 9: loss 1.0335, val_ap 0.5039, minutes 3.85, lr 1.00e-03
    epoch 10: loss 0.9970, val_ap 0.5015, minutes 4.32, lr 1.00e-03
    epoch 11: loss 1.0196, val_ap 0.5055, minutes 4.8, lr 1.00e-03
    epoch 12: loss 0.9930, val_ap 0.5033, minutes 5.27, lr 1.00e-03
    epoch 13: loss 0.9832, val_ap 0.5134, minutes 5.73, lr 1.00e-03
    epoch 14: loss 0.9697, val_ap 0.5043, minutes 6.13, lr 1.00e-03
    epoch 15: loss 0.9681, val_ap 0.5127, minutes 6.57, lr 1.00e-03
    epoch 16: loss 0.9710, val_ap 0.5042, minutes 7.02, lr 1.00e-03
    epoch 17: loss 0.9597, val_ap 0.5231, minutes 7.44, lr 1.00e-03
    epoch 18: loss 0.9594, val_ap 0.5160, minutes 7.88, lr 1.00e-03
    epoch 19: loss 0.9499, val_ap 0.5205, minutes 8.33, lr 1.00e-03
    epoch 20: loss 0.9886, val_ap 0.5218, minutes 8.76, lr 1.00e-03
    epoch 21: loss 0.9297, val_ap 0.5209, minutes 9.19, lr 1.00e-03
    epoch 22: loss 0.9369, val_ap 0.5305, minutes 9.64, lr 1.00e-03
    epoch 23: loss 0.9669, val_ap 0.5147, minutes 10.1, lr 1.00e-03
    epoch 24: loss 0.9788, val_ap 0.5253, minutes 10.55, lr 1.00e-03
    epoch 25: loss 0.9237, val_ap 0.5293, minutes 11.06, lr 1.00e-03
    epoch 26: loss 0.9245, val_ap 0.5265, minutes 11.52, lr 1.00e-03
    epoch 27: loss 0.9353, val_ap 0.5296, minutes 11.99, lr 1.00e-03
    epoch 28: loss 0.9270, val_ap 0.5349, minutes 12.44, lr 1.00e-03
    epoch 29: loss 0.9194, val_ap 0.5315, minutes 12.9, lr 1.00e-03
    epoch 30: loss 0.9036, val_ap 0.5379, minutes 13.36, lr 1.00e-03
    epoch 31: loss 0.9069, val_ap 0.5383, minutes 13.81, lr 1.00e-03
    epoch 32: loss 0.9091, val_ap 0.5377, minutes 14.28, lr 1.00e-03
    epoch 33: loss 0.8866, val_ap 0.5427, minutes 14.75, lr 1.00e-03
    epoch 34: loss 0.9068, val_ap 0.5427, minutes 15.21, lr 1.00e-03
    epoch 35: loss 0.9233, val_ap 0.5417, minutes 15.69, lr 1.00e-03
    epoch 36: loss 0.8925, val_ap 0.5433, minutes 16.17, lr 1.00e-03
    epoch 37: loss 0.9116, val_ap 0.5440, minutes 16.69, lr 1.00e-03
    epoch 38: loss 0.8812, val_ap 0.5537, minutes 17.14, lr 1.00e-03
    epoch 39: loss 0.8866, val_ap 0.5549, minutes 17.62, lr 1.00e-03
    epoch 40: loss 0.8750, val_ap 0.5537, minutes 18.12, lr 1.00e-03
    epoch 41: loss 0.8686, val_ap 0.5466, minutes 18.57, lr 1.00e-03
    epoch 42: loss 0.8735, val_ap 0.5555, minutes 19.05, lr 1.00e-03
    epoch 43: loss 0.8860, val_ap 0.5554, minutes 19.54, lr 1.00e-03
    epoch 44: loss 0.8610, val_ap 0.5601, minutes 20.07, lr 1.00e-03
    epoch 45: loss 0.8785, val_ap 0.5576, minutes 20.57, lr 1.00e-03
    epoch 46: loss 0.8751, val_ap 0.5587, minutes 21.02, lr 1.00e-03
    epoch 47: loss 0.8470, val_ap 0.5664, minutes 21.46, lr 1.00e-03
    epoch 48: loss 0.8589, val_ap 0.5615, minutes 21.91, lr 1.00e-03
    epoch 49: loss 0.8908, val_ap 0.5608, minutes 22.39, lr 1.00e-03
    epoch 50: loss 0.8522, val_ap 0.5689, minutes 22.84, lr 1.00e-03
    epoch 51: loss 0.8618, val_ap 0.5564, minutes 23.31, lr 1.00e-03
    epoch 52: loss 0.8655, val_ap 0.5647, minutes 23.78, lr 1.00e-03
    epoch 53: loss 0.8530, val_ap 0.5712, minutes 24.27, lr 1.00e-03
    epoch 54: loss 0.8472, val_ap 0.5639, minutes 24.77, lr 1.00e-03
    epoch 55: loss 0.8407, val_ap 0.5710, minutes 25.27, lr 1.00e-03
    epoch 56: loss 0.8482, val_ap 0.5677, minutes 25.76, lr 1.00e-03
    epoch 57: loss 0.8273, val_ap 0.5727, minutes 26.19, lr 1.00e-03
    epoch 58: loss 0.8371, val_ap 0.5695, minutes 26.62, lr 1.00e-03
    epoch 59: loss 0.8563, val_ap 0.5713, minutes 27.09, lr 1.00e-03
    epoch 60: loss 0.8306, val_ap 0.5688, minutes 27.56, lr 1.00e-03
    epoch 61: loss 0.8211, val_ap 0.5630, minutes 28.04, lr 1.00e-03
    epoch 62: loss 0.8481, val_ap 0.5736, minutes 28.55, lr 1.00e-03
    epoch 63: loss 0.8199, val_ap 0.5701, minutes 28.99, lr 1.00e-03
    epoch 64: loss 0.8268, val_ap 0.5715, minutes 29.48, lr 1.00e-03
    epoch 65: loss 0.8187, val_ap 0.5714, minutes 29.92, lr 1.00e-03
    epoch 66: loss 0.8408, val_ap 0.5596, minutes 30.42, lr 1.00e-03
    epoch 67: loss 0.8214, val_ap 0.5712, minutes 30.9, lr 1.00e-03
    epoch 68: loss 0.8080, val_ap 0.5725, minutes 31.32, lr 1.00e-03
    epoch 69: loss 0.8169, val_ap 0.5744, minutes 31.83, lr 1.00e-03
    epoch 70: loss 0.7955, val_ap 0.5815, minutes 32.29, lr 1.00e-03
    epoch 71: loss 0.8029, val_ap 0.5790, minutes 32.77, lr 1.00e-03
    epoch 72: loss 0.8193, val_ap 0.5777, minutes 33.25, lr 1.00e-03
    epoch 73: loss 0.8151, val_ap 0.5737, minutes 33.7, lr 1.00e-03
    epoch 74: loss 0.7971, val_ap 0.5751, minutes 34.18, lr 1.00e-03
    epoch 75: loss 0.7952, val_ap 0.5742, minutes 34.67, lr 1.00e-03
    epoch 76: loss 0.8010, val_ap 0.5700, minutes 35.15, lr 1.00e-03
    epoch 77: loss 0.7984, val_ap 0.5789, minutes 35.63, lr 1.00e-03
    epoch 78: loss 0.7946, val_ap 0.5754, minutes 36.13, lr 1.00e-03
    epoch 79: loss 0.8004, val_ap 0.5782, minutes 36.58, lr 5.00e-04
    epoch 80: loss 0.7689, val_ap 0.5769, minutes 37.04, lr 5.00e-04
    epoch 81: loss 0.7722, val_ap 0.5818, minutes 37.54, lr 5.00e-04
    epoch 82: loss 0.7605, val_ap 0.5788, minutes 37.99, lr 5.00e-04
    epoch 83: loss 0.7783, val_ap 0.5818, minutes 38.44, lr 5.00e-04
    epoch 84: loss 0.7799, val_ap 0.5793, minutes 38.92, lr 5.00e-04
    epoch 85: loss 0.7584, val_ap 0.5792, minutes 39.39, lr 5.00e-04
    epoch 86: loss 0.7518, val_ap 0.5780, minutes 39.85, lr 5.00e-04
    epoch 87: loss 0.7623, val_ap 0.5752, minutes 40.38, lr 5.00e-04
    epoch 88: loss 0.7560, val_ap 0.5840, minutes 40.87, lr 5.00e-04
    epoch 89: loss 0.7472, val_ap 0.5845, minutes 41.35, lr 5.00e-04
    epoch 90: loss 0.7458, val_ap 0.5791, minutes 41.79, lr 5.00e-04
    epoch 91: loss 0.7549, val_ap 0.5748, minutes 42.27, lr 5.00e-04
    epoch 92: loss 0.7725, val_ap 0.5749, minutes 42.78, lr 5.00e-04
    epoch 93: loss 0.7322, val_ap 0.5767, minutes 43.25, lr 5.00e-04
    epoch 94: loss 0.7424, val_ap 0.5767, minutes 43.75, lr 5.00e-04
    epoch 95: loss 0.7578, val_ap 0.5805, minutes 44.31, lr 5.00e-04
    epoch 96: loss 0.7374, val_ap 0.5808, minutes 44.75, lr 5.00e-04
    epoch 97: loss 0.7535, val_ap 0.5789, minutes 45.18, lr 5.00e-04
    epoch 98: loss 0.7362, val_ap 0.5809, minutes 45.62, lr 2.50e-04
    epoch 99: loss 0.7275, val_ap 0.5799, minutes 46.11, lr 2.50e-04
    epoch 100: loss 0.7420, val_ap 0.5773, minutes 46.54, lr 2.50e-04
    epoch 101: loss 0.7334, val_ap 0.5810, minutes 47.07, lr 2.50e-04
    epoch 102: loss 0.7360, val_ap 0.5840, minutes 47.56, lr 2.50e-04
    epoch 103: loss 0.7265, val_ap 0.5836, minutes 48.09, lr 2.50e-04
    epoch 104: loss 0.7373, val_ap 0.5826, minutes 48.58, lr 2.50e-04
    epoch 105: loss 0.7235, val_ap 0.5838, minutes 49.05, lr 2.50e-04
    epoch 106: loss 0.7322, val_ap 0.5821, minutes 49.51, lr 2.50e-04
    epoch 107: loss 0.7204, val_ap 0.5821, minutes 49.98, lr 1.25e-04
    epoch 108: loss 0.7101, val_ap 0.5816, minutes 50.52, lr 1.25e-04
    epoch 109: loss 0.7217, val_ap 0.5818, minutes 50.94, lr 1.25e-04
    epoch 110: loss 0.7171, val_ap 0.5819, minutes 51.42, lr 1.25e-04
    epoch 111: loss 0.7173, val_ap 0.5840, minutes 51.85, lr 1.25e-04
    epoch 112: loss 0.7065, val_ap 0.5811, minutes 52.34, lr 1.25e-04
    epoch 113: loss 0.7182, val_ap 0.5831, minutes 52.77, lr 1.25e-04
    epoch 114: loss 0.7111, val_ap 0.5807, minutes 53.27, lr 1.25e-04
    stopping: no validation gain in 25 epochs
[scalar_msg dataset0 fold 4] done (54.1 min)
