loaded: dataset0 121,838 sites, data1 90,452
[gcn dataset0 fold 1]
    epoch 1: loss 1.3242, val_ap 0.1080, minutes 0.51, lr 3.33e-04
    epoch 2: loss 1.2797, val_ap 0.1127, minutes 0.99, lr 6.63e-04
    epoch 3: loss 1.1501, val_ap 0.2067, minutes 1.48, lr 9.92e-04
    epoch 4: loss 0.9455, val_ap 0.3016, minutes 1.98, lr 1.00e-03
    epoch 5: loss 0.8786, val_ap 0.3000, minutes 2.48, lr 1.00e-03
    epoch 6: loss 0.8440, val_ap 0.3057, minutes 3.01, lr 1.00e-03
    epoch 7: loss 0.8413, val_ap 0.3078, minutes 3.5, lr 1.00e-03
    epoch 8: loss 0.8425, val_ap 0.3081, minutes 3.99, lr 1.00e-03
    epoch 9: loss 0.8265, val_ap 0.3068, minutes 4.49, lr 1.00e-03
    epoch 10: loss 0.8333, val_ap 0.3147, minutes 4.99, lr 1.00e-03
    epoch 11: loss 0.8144, val_ap 0.3202, minutes 5.5, lr 1.00e-03
    epoch 12: loss 0.8019, val_ap 0.3204, minutes 6.01, lr 1.00e-03
    epoch 13: loss 0.7974, val_ap 0.3223, minutes 6.53, lr 1.00e-03
    epoch 14: loss 0.7989, val_ap 0.3212, minutes 7.04, lr 1.00e-03
    epoch 15: loss 0.7846, val_ap 0.3245, minutes 7.52, lr 1.00e-03
    epoch 16: loss 0.7801, val_ap 0.3292, minutes 8.0, lr 1.00e-03
    epoch 17: loss 0.7712, val_ap 0.3303, minutes 8.54, lr 1.00e-03
    epoch 18: loss 0.7644, val_ap 0.3306, minutes 9.02, lr 1.00e-03
    epoch 19: loss 0.7752, val_ap 0.3322, minutes 9.53, lr 1.00e-03
    epoch 20: loss 0.7544, val_ap 0.3321, minutes 10.02, lr 1.00e-03
    epoch 21: loss 0.7600, val_ap 0.3302, minutes 10.51, lr 1.00e-03
    epoch 22: loss 0.7636, val_ap 0.3343, minutes 11.01, lr 1.00e-03
    epoch 23: loss 0.7634, val_ap 0.3315, minutes 11.51, lr 1.00e-03
    epoch 24: loss 0.7522, val_ap 0.3351, minutes 12.0, lr 1.00e-03
    epoch 25: loss 0.7421, val_ap 0.3317, minutes 12.5, lr 1.00e-03
    epoch 26: loss 0.7465, val_ap 0.3338, minutes 12.97, lr 1.00e-03
    epoch 27: loss 0.7476, val_ap 0.3338, minutes 13.47, lr 1.00e-03
    epoch 28: loss 0.7434, val_ap 0.3323, minutes 13.96, lr 1.00e-03
    epoch 29: loss 0.7335, val_ap 0.3382, minutes 14.46, lr 1.00e-03
    epoch 30: loss 0.7345, val_ap 0.3364, minutes 14.96, lr 1.00e-03
    epoch 31: loss 0.7336, val_ap 0.3331, minutes 15.47, lr 1.00e-03
    epoch 32: loss 0.7558, val_ap 0.3331, minutes 15.97, lr 1.00e-03
    epoch 33: loss 0.7432, val_ap 0.3337, minutes 16.46, lr 1.00e-03
    epoch 34: loss 0.7266, val_ap 0.3312, minutes 16.98, lr 1.00e-03
    epoch 35: loss 0.7186, val_ap 0.3248, minutes 17.44, lr 1.00e-03
    epoch 36: loss 0.7181, val_ap 0.3348, minutes 17.95, lr 1.00e-03
    epoch 37: loss 0.7271, val_ap 0.3350, minutes 18.46, lr 1.00e-03
    epoch 38: loss 0.7255, val_ap 0.3340, minutes 18.96, lr 5.00e-04
    epoch 39: loss 0.7049, val_ap 0.3325, minutes 19.45, lr 5.00e-04
    epoch 40: loss 0.7050, val_ap 0.3338, minutes 19.97, lr 5.00e-04
    epoch 41: loss 0.7030, val_ap 0.3365, minutes 20.44, lr 5.00e-04
    epoch 42: loss 0.7010, val_ap 0.3369, minutes 20.93, lr 5.00e-04
    epoch 43: loss 0.6919, val_ap 0.3377, minutes 21.46, lr 5.00e-04
    epoch 44: loss 0.7052, val_ap 0.3345, minutes 21.92, lr 5.00e-04
    epoch 45: loss 0.6967, val_ap 0.3363, minutes 22.41, lr 5.00e-04
    epoch 46: loss 0.7037, val_ap 0.3350, minutes 22.94, lr 5.00e-04
    epoch 47: loss 0.6991, val_ap 0.3373, minutes 23.42, lr 2.50e-04
    epoch 48: loss 0.6978, val_ap 0.3343, minutes 23.91, lr 2.50e-04
    epoch 49: loss 0.6879, val_ap 0.3372, minutes 24.42, lr 2.50e-04
    epoch 50: loss 0.6960, val_ap 0.3379, minutes 24.89, lr 2.50e-04
    epoch 51: loss 0.6727, val_ap 0.3366, minutes 25.39, lr 2.50e-04
    epoch 52: loss 0.6865, val_ap 0.3349, minutes 25.89, lr 2.50e-04
    epoch 53: loss 0.6904, val_ap 0.3383, minutes 26.37, lr 2.50e-04
    epoch 54: loss 0.6852, val_ap 0.3362, minutes 26.86, lr 2.50e-04
    epoch 55: loss 0.6809, val_ap 0.3393, minutes 27.35, lr 2.50e-04
    epoch 56: loss 0.6834, val_ap 0.3354, minutes 27.83, lr 2.50e-04
    epoch 57: loss 0.6803, val_ap 0.3355, minutes 28.31, lr 2.50e-04
    epoch 58: loss 0.6861, val_ap 0.3374, minutes 28.84, lr 2.50e-04
    epoch 59: loss 0.6785, val_ap 0.3379, minutes 29.35, lr 2.50e-04
    epoch 60: loss 0.6761, val_ap 0.3371, minutes 29.85, lr 2.50e-04
    epoch 61: loss 0.6849, val_ap 0.3367, minutes 30.33, lr 2.50e-04
    epoch 62: loss 0.6804, val_ap 0.3392, minutes 30.83, lr 2.50e-04
    epoch 63: loss 0.6878, val_ap 0.3380, minutes 31.35, lr 2.50e-04
    epoch 64: loss 0.6693, val_ap 0.3390, minutes 31.85, lr 1.25e-04
    epoch 65: loss 0.6762, val_ap 0.3392, minutes 32.35, lr 1.25e-04
    epoch 66: loss 0.6718, val_ap 0.3388, minutes 32.86, lr 1.25e-04
    epoch 67: loss 0.6714, val_ap 0.3411, minutes 33.37, lr 1.25e-04
    epoch 68: loss 0.6728, val_ap 0.3389, minutes 33.82, lr 1.25e-04
    epoch 69: loss 0.6749, val_ap 0.3372, minutes 34.3, lr 1.25e-04
    epoch 70: loss 0.6631, val_ap 0.3396, minutes 34.81, lr 1.25e-04
    epoch 71: loss 0.6651, val_ap 0.3382, minutes 35.29, lr 1.25e-04
    epoch 72: loss 0.6680, val_ap 0.3383, minutes 35.77, lr 1.25e-04
    epoch 73: loss 0.6660, val_ap 0.3390, minutes 36.28, lr 1.25e-04
    epoch 74: loss 0.6635, val_ap 0.3401, minutes 36.78, lr 1.25e-04
    epoch 75: loss 0.6706, val_ap 0.3401, minutes 37.25, lr 1.25e-04
    epoch 76: loss 0.6676, val_ap 0.3408, minutes 37.73, lr 6.25e-05
    epoch 77: loss 0.6607, val_ap 0.3407, minutes 38.21, lr 6.25e-05
    epoch 78: loss 0.6664, val_ap 0.3408, minutes 38.71, lr 6.25e-05
    epoch 79: loss 0.6752, val_ap 0.3407, minutes 39.17, lr 6.25e-05
    epoch 80: loss 0.6646, val_ap 0.3412, minutes 39.66, lr 6.25e-05
    epoch 81: loss 0.6666, val_ap 0.3399, minutes 40.15, lr 6.25e-05
    epoch 82: loss 0.6697, val_ap 0.3410, minutes 40.61, lr 6.25e-05
    epoch 83: loss 0.6649, val_ap 0.3414, minutes 41.07, lr 6.25e-05
    epoch 84: loss 0.6653, val_ap 0.3413, minutes 41.57, lr 6.25e-05
    epoch 85: loss 0.6650, val_ap 0.3412, minutes 42.06, lr 6.25e-05
    epoch 86: loss 0.6664, val_ap 0.3404, minutes 42.54, lr 6.25e-05
    epoch 87: loss 0.6675, val_ap 0.3402, minutes 43.0, lr 6.25e-05
    epoch 88: loss 0.6712, val_ap 0.3409, minutes 43.49, lr 6.25e-05
    epoch 89: loss 0.6629, val_ap 0.3394, minutes 43.99, lr 6.25e-05
    epoch 90: loss 0.6570, val_ap 0.3396, minutes 44.48, lr 6.25e-05
    epoch 91: loss 0.6596, val_ap 0.3417, minutes 44.98, lr 6.25e-05
    epoch 92: loss 0.6674, val_ap 0.3410, minutes 45.42, lr 6.25e-05
    epoch 93: loss 0.6681, val_ap 0.3391, minutes 45.89, lr 6.25e-05
    epoch 94: loss 0.6677, val_ap 0.3397, minutes 46.4, lr 6.25e-05
    epoch 95: loss 0.6699, val_ap 0.3428, minutes 46.91, lr 6.25e-05
    epoch 96: loss 0.6680, val_ap 0.3403, minutes 47.39, lr 6.25e-05
    epoch 97: loss 0.6587, val_ap 0.3416, minutes 47.89, lr 6.25e-05
    epoch 98: loss 0.6685, val_ap 0.3413, minutes 48.39, lr 6.25e-05
    epoch 99: loss 0.6591, val_ap 0.3412, minutes 48.85, lr 6.25e-05
    epoch 100: loss 0.6724, val_ap 0.3414, minutes 49.33, lr 6.25e-05
    epoch 101: loss 0.6587, val_ap 0.3398, minutes 49.81, lr 6.25e-05
    epoch 102: loss 0.6586, val_ap 0.3406, minutes 50.3, lr 6.25e-05
    epoch 103: loss 0.6588, val_ap 0.3404, minutes 50.75, lr 6.25e-05
    epoch 104: loss 0.6619, val_ap 0.3410, minutes 51.24, lr 3.13e-05
    epoch 105: loss 0.6623, val_ap 0.3403, minutes 51.71, lr 3.13e-05
    epoch 106: loss 0.6592, val_ap 0.3421, minutes 52.19, lr 3.13e-05
    epoch 107: loss 0.6593, val_ap 0.3411, minutes 52.67, lr 3.13e-05
    epoch 108: loss 0.6640, val_ap 0.3414, minutes 53.17, lr 3.13e-05
    epoch 109: loss 0.6710, val_ap 0.3412, minutes 53.63, lr 3.13e-05
    epoch 110: loss 0.6599, val_ap 0.3413, minutes 54.13, lr 3.13e-05
    epoch 111: loss 0.6690, val_ap 0.3406, minutes 54.63, lr 3.13e-05
    epoch 112: loss 0.6667, val_ap 0.3410, minutes 55.12, lr 3.13e-05
    epoch 113: loss 0.6571, val_ap 0.3409, minutes 55.61, lr 1.56e-05
    epoch 114: loss 0.6626, val_ap 0.3409, minutes 56.11, lr 1.56e-05
    epoch 115: loss 0.6555, val_ap 0.3412, minutes 56.6, lr 1.56e-05
    epoch 116: loss 0.6678, val_ap 0.3413, minutes 57.06, lr 1.56e-05
    epoch 117: loss 0.6546, val_ap 0.3413, minutes 57.56, lr 1.56e-05
    epoch 118: loss 0.6616, val_ap 0.3422, minutes 58.03, lr 1.56e-05
    epoch 119: loss 0.6559, val_ap 0.3412, minutes 58.51, lr 1.56e-05
    epoch 120: loss 0.6616, val_ap 0.3413, minutes 59.02, lr 1.56e-05
    stopping: no validation gain in 25 epochs
[gcn dataset0 fold 1] done (59.7 min)
