loaded: dataset0 121,838 sites, data1 90,452
[res_nogate pooled_both fold 0 seed 2]
    kernel decay scale 118.2 nt (fitted to cell line 1 training labels)
    epoch 1: loss 1.8854, val_ap 0.1838, minutes 0.87, lr 3.31e-04
    epoch 2: loss 1.5327, val_ap 0.3157, minutes 1.73, lr 6.60e-04
    epoch 3: loss 1.3915, val_ap 0.3876, minutes 2.62, lr 9.89e-04
    epoch 4: loss 1.3078, val_ap 0.4109, minutes 3.52, lr 1.00e-03
    epoch 5: loss 1.2843, val_ap 0.4264, minutes 4.33, lr 1.00e-03
    epoch 6: loss 1.2743, val_ap 0.4303, minutes 5.21, lr 1.00e-03
    epoch 7: loss 1.2596, val_ap 0.4375, minutes 6.06, lr 1.00e-03
    epoch 8: loss 1.2425, val_ap 0.4421, minutes 6.95, lr 1.00e-03
    epoch 9: loss 1.2409, val_ap 0.4522, minutes 7.79, lr 1.00e-03
    epoch 10: loss 1.2505, val_ap 0.4477, minutes 8.66, lr 1.00e-03
    epoch 11: loss 1.2295, val_ap 0.4450, minutes 9.55, lr 1.00e-03
    epoch 12: loss 1.2237, val_ap 0.4574, minutes 10.37, lr 1.00e-03
    epoch 13: loss 1.2156, val_ap 0.4553, minutes 11.27, lr 1.00e-03
    epoch 14: loss 1.2092, val_ap 0.4607, minutes 12.12, lr 1.00e-03
    epoch 15: loss 1.2235, val_ap 0.4595, minutes 13.0, lr 1.00e-03
    epoch 16: loss 1.2097, val_ap 0.4611, minutes 13.9, lr 1.00e-03
    epoch 17: loss 1.1950, val_ap 0.4619, minutes 14.81, lr 1.00e-03
    epoch 18: loss 1.1956, val_ap 0.4532, minutes 15.68, lr 1.00e-03
    epoch 19: loss 1.1812, val_ap 0.4701, minutes 16.58, lr 1.00e-03
    epoch 20: loss 1.1841, val_ap 0.4654, minutes 17.47, lr 1.00e-03
    epoch 21: loss 1.1787, val_ap 0.4743, minutes 18.36, lr 1.00e-03
    epoch 22: loss 1.1832, val_ap 0.4694, minutes 19.27, lr 1.00e-03
    epoch 23: loss 1.1828, val_ap 0.4672, minutes 20.17, lr 1.00e-03
    epoch 24: loss 1.1685, val_ap 0.4804, minutes 21.1, lr 1.00e-03
    epoch 25: loss 1.1671, val_ap 0.4823, minutes 21.99, lr 1.00e-03
    epoch 26: loss 1.1608, val_ap 0.4692, minutes 22.88, lr 1.00e-03
    epoch 27: loss 1.1536, val_ap 0.4684, minutes 23.77, lr 1.00e-03
    epoch 28: loss 1.1622, val_ap 0.4771, minutes 24.73, lr 1.00e-03
    epoch 29: loss 1.1589, val_ap 0.4788, minutes 25.67, lr 1.00e-03
    epoch 30: loss 1.1537, val_ap 0.4748, minutes 26.53, lr 1.00e-03
    epoch 31: loss 1.1461, val_ap 0.4779, minutes 27.42, lr 1.00e-03
    epoch 32: loss 1.1437, val_ap 0.4765, minutes 28.32, lr 1.00e-03
    epoch 33: loss 1.1422, val_ap 0.4748, minutes 29.22, lr 1.00e-03
    epoch 34: loss 1.1389, val_ap 0.4853, minutes 30.04, lr 1.00e-03
    epoch 35: loss 1.1383, val_ap 0.4900, minutes 30.87, lr 1.00e-03
    epoch 36: loss 1.1397, val_ap 0.4903, minutes 31.71, lr 1.00e-03
    epoch 37: loss 1.1332, val_ap 0.4746, minutes 32.5, lr 1.00e-03
    epoch 38: loss 1.1325, val_ap 0.4898, minutes 33.3, lr 1.00e-03
    epoch 39: loss 1.1249, val_ap 0.4864, minutes 34.11, lr 1.00e-03
    epoch 40: loss 1.1278, val_ap 0.4887, minutes 34.92, lr 1.00e-03
    epoch 41: loss 1.1204, val_ap 0.4876, minutes 35.74, lr 1.00e-03
    epoch 42: loss 1.1245, val_ap 0.4864, minutes 36.55, lr 1.00e-03
    epoch 43: loss 1.1153, val_ap 0.4846, minutes 37.36, lr 1.00e-03
    epoch 44: loss 1.1158, val_ap 0.4930, minutes 38.19, lr 1.00e-03
    epoch 45: loss 1.1173, val_ap 0.4792, minutes 39.0, lr 1.00e-03
    epoch 46: loss 1.1181, val_ap 0.4889, minutes 39.8, lr 1.00e-03
    epoch 47: loss 1.1112, val_ap 0.4892, minutes 40.61, lr 1.00e-03
    epoch 48: loss 1.1071, val_ap 0.4849, minutes 41.4, lr 1.00e-03
    epoch 49: loss 1.1077, val_ap 0.4881, minutes 42.24, lr 1.00e-03
    epoch 50: loss 1.1083, val_ap 0.4803, minutes 43.06, lr 1.00e-03
    epoch 51: loss 1.0979, val_ap 0.4769, minutes 43.9, lr 1.00e-03
    epoch 52: loss 1.0989, val_ap 0.4769, minutes 44.74, lr 1.00e-03
    epoch 53: loss 1.0940, val_ap 0.4839, minutes 45.58, lr 5.00e-04
    epoch 54: loss 1.0807, val_ap 0.4908, minutes 46.42, lr 5.00e-04
    epoch 55: loss 1.0710, val_ap 0.4847, minutes 47.23, lr 5.00e-04
    epoch 56: loss 1.0784, val_ap 0.4916, minutes 48.08, lr 5.00e-04
    epoch 57: loss 1.0726, val_ap 0.4868, minutes 48.93, lr 5.00e-04
    epoch 58: loss 1.0695, val_ap 0.4891, minutes 49.73, lr 5.00e-04
    epoch 59: loss 1.0686, val_ap 0.4898, minutes 50.6, lr 5.00e-04
    epoch 60: loss 1.0633, val_ap 0.4823, minutes 51.46, lr 5.00e-04
    epoch 61: loss 1.0614, val_ap 0.4846, minutes 52.28, lr 5.00e-04
    epoch 62: loss 1.0658, val_ap 0.4784, minutes 53.09, lr 2.50e-04
    epoch 63: loss 1.0525, val_ap 0.4836, minutes 53.97, lr 2.50e-04
    epoch 64: loss 1.0528, val_ap 0.4821, minutes 54.78, lr 2.50e-04
    epoch 65: loss 1.0463, val_ap 0.4858, minutes 55.59, lr 2.50e-04
    epoch 66: loss 1.0543, val_ap 0.4786, minutes 56.43, lr 2.50e-04
    epoch 67: loss 1.0451, val_ap 0.4836, minutes 57.32, lr 2.50e-04
    epoch 68: loss 1.0448, val_ap 0.4839, minutes 58.24, lr 2.50e-04
    epoch 69: loss 1.0476, val_ap 0.4814, minutes 59.07, lr 2.50e-04
    stopping: no validation gain in 25 epochs
[res_nogate pooled_both fold 0 seed 2] done (59.8 min)
