loaded: dataset0 121,838 sites, data1 90,452
[res_nodrop dataset0 fold 3]
    kernel decay scale 113.4 nt (fitted to cell line 1 training labels)
    epoch 1: loss 1.9555, val_ap 0.1449, minutes 0.47, lr 3.33e-04
    epoch 2: loss 1.5808, val_ap 0.2093, minutes 1.0, lr 6.63e-04
    epoch 3: loss 1.3489, val_ap 0.3781, minutes 1.54, lr 9.92e-04
    epoch 4: loss 1.1916, val_ap 0.4855, minutes 2.03, lr 1.00e-03
    epoch 5: loss 1.1096, val_ap 0.5067, minutes 2.53, lr 1.00e-03
    epoch 6: loss 1.0420, val_ap 0.5220, minutes 3.04, lr 1.00e-03
    epoch 7: loss 1.0393, val_ap 0.5333, minutes 3.54, lr 1.00e-03
    epoch 8: loss 1.0032, val_ap 0.5461, minutes 3.99, lr 1.00e-03
    epoch 9: loss 0.9975, val_ap 0.5540, minutes 4.46, lr 1.00e-03
    epoch 10: loss 0.9727, val_ap 0.5592, minutes 4.93, lr 1.00e-03
    epoch 11: loss 0.9616, val_ap 0.5566, minutes 5.45, lr 1.00e-03
    epoch 12: loss 0.9349, val_ap 0.5657, minutes 5.95, lr 1.00e-03
    epoch 13: loss 0.9326, val_ap 0.5647, minutes 6.41, lr 1.00e-03
    epoch 14: loss 0.9229, val_ap 0.5704, minutes 6.9, lr 1.00e-03
    epoch 15: loss 0.9392, val_ap 0.5715, minutes 7.37, lr 1.00e-03
    epoch 16: loss 0.9212, val_ap 0.5654, minutes 7.85, lr 1.00e-03
    epoch 17: loss 0.9438, val_ap 0.5751, minutes 8.38, lr 1.00e-03
    epoch 18: loss 0.8962, val_ap 0.5792, minutes 8.87, lr 1.00e-03
    epoch 19: loss 0.8896, val_ap 0.5770, minutes 9.34, lr 1.00e-03
    epoch 20: loss 0.8904, val_ap 0.5871, minutes 9.77, lr 1.00e-03
    epoch 21: loss 0.8936, val_ap 0.5878, minutes 10.23, lr 1.00e-03
    epoch 22: loss 0.8974, val_ap 0.5815, minutes 10.71, lr 1.00e-03
    epoch 23: loss 0.8584, val_ap 0.5900, minutes 11.18, lr 1.00e-03
    epoch 24: loss 0.8856, val_ap 0.5935, minutes 11.66, lr 1.00e-03
    epoch 25: loss 0.8596, val_ap 0.5989, minutes 12.13, lr 1.00e-03
    epoch 26: loss 0.8656, val_ap 0.5889, minutes 12.69, lr 1.00e-03
    epoch 27: loss 0.8605, val_ap 0.6006, minutes 13.19, lr 1.00e-03
    epoch 28: loss 0.8499, val_ap 0.6019, minutes 13.65, lr 1.00e-03
    epoch 29: loss 0.8439, val_ap 0.6045, minutes 14.18, lr 1.00e-03
    epoch 30: loss 0.8569, val_ap 0.6032, minutes 14.64, lr 1.00e-03
    epoch 31: loss 0.8469, val_ap 0.5956, minutes 15.15, lr 1.00e-03
    epoch 32: loss 0.8527, val_ap 0.6118, minutes 15.62, lr 1.00e-03
    epoch 33: loss 0.8526, val_ap 0.6023, minutes 16.12, lr 1.00e-03
    epoch 34: loss 0.8367, val_ap 0.6076, minutes 16.6, lr 1.00e-03
    epoch 35: loss 0.8472, val_ap 0.6112, minutes 17.08, lr 1.00e-03
    epoch 36: loss 0.8217, val_ap 0.6114, minutes 17.57, lr 1.00e-03
    epoch 37: loss 0.8274, val_ap 0.6143, minutes 18.02, lr 1.00e-03
    epoch 38: loss 0.8215, val_ap 0.6124, minutes 18.55, lr 1.00e-03
    epoch 39: loss 0.8335, val_ap 0.6201, minutes 19.03, lr 1.00e-03
    epoch 40: loss 0.8077, val_ap 0.6166, minutes 19.5, lr 1.00e-03
    epoch 41: loss 0.8228, val_ap 0.6197, minutes 20.01, lr 1.00e-03
    epoch 42: loss 0.8104, val_ap 0.6220, minutes 20.47, lr 1.00e-03
    epoch 43: loss 0.8180, val_ap 0.6203, minutes 20.92, lr 1.00e-03
    epoch 44: loss 0.8245, val_ap 0.6248, minutes 21.42, lr 1.00e-03
    epoch 45: loss 0.8124, val_ap 0.6192, minutes 21.91, lr 1.00e-03
    epoch 46: loss 0.7918, val_ap 0.6300, minutes 22.37, lr 1.00e-03
    epoch 47: loss 0.7885, val_ap 0.6278, minutes 22.84, lr 1.00e-03
    epoch 48: loss 0.7983, val_ap 0.6298, minutes 23.31, lr 1.00e-03
    epoch 49: loss 0.7774, val_ap 0.6333, minutes 23.83, lr 1.00e-03
    epoch 50: loss 0.7898, val_ap 0.6159, minutes 24.29, lr 1.00e-03
    epoch 51: loss 0.7941, val_ap 0.6217, minutes 24.81, lr 1.00e-03
    epoch 52: loss 0.7862, val_ap 0.6296, minutes 25.33, lr 1.00e-03
    epoch 53: loss 0.7716, val_ap 0.6337, minutes 25.81, lr 1.00e-03
    epoch 54: loss 0.7773, val_ap 0.6337, minutes 26.28, lr 1.00e-03
    epoch 55: loss 0.7734, val_ap 0.6355, minutes 26.79, lr 1.00e-03
    epoch 56: loss 0.7847, val_ap 0.6218, minutes 27.25, lr 1.00e-03
    epoch 57: loss 0.7800, val_ap 0.6281, minutes 27.76, lr 1.00e-03
    epoch 58: loss 0.7609, val_ap 0.6245, minutes 28.24, lr 1.00e-03
    epoch 59: loss 0.7569, val_ap 0.6275, minutes 28.75, lr 1.00e-03
    epoch 60: loss 0.7553, val_ap 0.6304, minutes 29.23, lr 1.00e-03
    epoch 61: loss 0.7561, val_ap 0.6301, minutes 29.7, lr 1.00e-03
    epoch 62: loss 0.7618, val_ap 0.6247, minutes 30.18, lr 1.00e-03
    epoch 63: loss 0.8192, val_ap 0.6227, minutes 30.61, lr 1.00e-03
    epoch 64: loss 0.7464, val_ap 0.6309, minutes 31.1, lr 5.00e-04
    epoch 65: loss 0.7300, val_ap 0.6284, minutes 31.57, lr 5.00e-04
    epoch 66: loss 0.7360, val_ap 0.6315, minutes 32.06, lr 5.00e-04
    epoch 67: loss 0.7250, val_ap 0.6345, minutes 32.56, lr 5.00e-04
    epoch 68: loss 0.7371, val_ap 0.6350, minutes 33.09, lr 5.00e-04
    epoch 69: loss 0.7184, val_ap 0.6319, minutes 33.55, lr 5.00e-04
    epoch 70: loss 0.7299, val_ap 0.6340, minutes 34.06, lr 5.00e-04
    epoch 71: loss 0.7129, val_ap 0.6326, minutes 34.48, lr 5.00e-04
    epoch 72: loss 0.7177, val_ap 0.6365, minutes 35.02, lr 5.00e-04
    epoch 73: loss 0.7087, val_ap 0.6348, minutes 35.51, lr 5.00e-04
    epoch 74: loss 0.7036, val_ap 0.6353, minutes 36.0, lr 5.00e-04
    epoch 75: loss 0.7000, val_ap 0.6343, minutes 36.52, lr 5.00e-04
    epoch 76: loss 0.7060, val_ap 0.6349, minutes 37.0, lr 5.00e-04
    epoch 77: loss 0.7118, val_ap 0.6360, minutes 37.55, lr 5.00e-04
    epoch 78: loss 0.7012, val_ap 0.6353, minutes 37.98, lr 5.00e-04
    epoch 79: loss 0.6985, val_ap 0.6390, minutes 38.48, lr 5.00e-04
    epoch 80: loss 0.7086, val_ap 0.6274, minutes 39.0, lr 5.00e-04
    epoch 81: loss 0.6898, val_ap 0.6292, minutes 39.51, lr 5.00e-04
    epoch 82: loss 0.7080, val_ap 0.6341, minutes 40.03, lr 5.00e-04
    epoch 83: loss 0.6879, val_ap 0.6308, minutes 40.53, lr 5.00e-04
    epoch 84: loss 0.6960, val_ap 0.6331, minutes 41.05, lr 5.00e-04
    epoch 85: loss 0.7000, val_ap 0.6311, minutes 41.57, lr 5.00e-04
    epoch 86: loss 0.6914, val_ap 0.6347, minutes 42.05, lr 5.00e-04
    epoch 87: loss 0.6965, val_ap 0.6373, minutes 42.56, lr 5.00e-04
    epoch 88: loss 0.7180, val_ap 0.6317, minutes 43.09, lr 2.50e-04
    epoch 89: loss 0.6698, val_ap 0.6364, minutes 43.59, lr 2.50e-04
    epoch 90: loss 0.6754, val_ap 0.6361, minutes 44.08, lr 2.50e-04
    epoch 91: loss 0.6815, val_ap 0.6354, minutes 44.55, lr 2.50e-04
    epoch 92: loss 0.6773, val_ap 0.6355, minutes 44.99, lr 2.50e-04
    epoch 93: loss 0.6646, val_ap 0.6355, minutes 45.51, lr 2.50e-04
    epoch 94: loss 0.6703, val_ap 0.6352, minutes 46.0, lr 2.50e-04
    epoch 95: loss 0.6701, val_ap 0.6362, minutes 46.47, lr 2.50e-04
    epoch 96: loss 0.6683, val_ap 0.6318, minutes 46.95, lr 2.50e-04
    epoch 97: loss 0.6626, val_ap 0.6313, minutes 47.42, lr 1.25e-04
    epoch 98: loss 0.6587, val_ap 0.6305, minutes 47.88, lr 1.25e-04
    epoch 99: loss 0.6415, val_ap 0.6337, minutes 48.3, lr 1.25e-04
    epoch 100: loss 0.6486, val_ap 0.6338, minutes 48.79, lr 1.25e-04
    epoch 101: loss 0.6512, val_ap 0.6371, minutes 49.27, lr 1.25e-04
    epoch 102: loss 0.6650, val_ap 0.6356, minutes 49.73, lr 1.25e-04
    epoch 103: loss 0.6513, val_ap 0.6353, minutes 50.2, lr 1.25e-04
    epoch 104: loss 0.6532, val_ap 0.6308, minutes 50.7, lr 1.25e-04
    stopping: no validation gain in 25 epochs
[res_nodrop dataset0 fold 3] done (51.4 min)
