loaded: dataset0 121,838 sites, data1 90,452
[gps pooled_both fold 4]
    epoch 1: loss 1.8852, val_ap 0.1592, minutes 2.68, lr 3.31e-04
    epoch 2: loss 1.5300, val_ap 0.3539, minutes 5.36, lr 6.60e-04
    epoch 3: loss 1.3686, val_ap 0.4259, minutes 7.98, lr 9.89e-04
    epoch 4: loss 1.3137, val_ap 0.4391, minutes 10.52, lr 1.00e-03
    epoch 5: loss 1.2774, val_ap 0.4555, minutes 13.18, lr 1.00e-03
    epoch 6: loss 1.2632, val_ap 0.4620, minutes 15.8, lr 1.00e-03
    epoch 7: loss 1.2503, val_ap 0.4608, minutes 18.35, lr 1.00e-03
    epoch 8: loss 1.2353, val_ap 0.4699, minutes 20.91, lr 1.00e-03
    epoch 9: loss 1.2261, val_ap 0.4763, minutes 23.57, lr 1.00e-03
    epoch 10: loss 1.1999, val_ap 0.4845, minutes 26.17, lr 1.00e-03
    epoch 11: loss 1.1916, val_ap 0.4861, minutes 28.79, lr 1.00e-03
    epoch 12: loss 1.1872, val_ap 0.4815, minutes 31.28, lr 1.00e-03
    epoch 13: loss 1.1734, val_ap 0.4822, minutes 33.89, lr 1.00e-03
    epoch 14: loss 1.1719, val_ap 0.4870, minutes 36.55, lr 1.00e-03
    epoch 15: loss 1.1721, val_ap 0.4935, minutes 39.14, lr 1.00e-03
    epoch 16: loss 1.1565, val_ap 0.4969, minutes 41.7, lr 1.00e-03
    epoch 17: loss 1.1619, val_ap 0.4990, minutes 44.3, lr 1.00e-03
    epoch 18: loss 1.1472, val_ap 0.4955, minutes 46.92, lr 1.00e-03
    epoch 19: loss 1.1425, val_ap 0.4918, minutes 49.5, lr 1.00e-03
    epoch 20: loss 1.1404, val_ap 0.4947, minutes 52.07, lr 1.00e-03
    epoch 21: loss 1.1290, val_ap 0.4967, minutes 54.64, lr 1.00e-03
    epoch 22: loss 1.1238, val_ap 0.5043, minutes 57.29, lr 1.00e-03
    epoch 23: loss 1.1324, val_ap 0.5013, minutes 59.93, lr 1.00e-03
    epoch 24: loss 1.1220, val_ap 0.4977, minutes 62.5, lr 1.00e-03
    epoch 25: loss 1.1163, val_ap 0.4978, minutes 65.13, lr 1.00e-03
    epoch 26: loss 1.1219, val_ap 0.5035, minutes 67.71, lr 1.00e-03
    epoch 27: loss 1.1017, val_ap 0.5079, minutes 70.29, lr 1.00e-03
    epoch 28: loss 1.1053, val_ap 0.5094, minutes 72.9, lr 1.00e-03
    epoch 29: loss 1.0962, val_ap 0.5027, minutes 75.47, lr 1.00e-03
    epoch 30: loss 1.0988, val_ap 0.5122, minutes 78.03, lr 1.00e-03
    epoch 31: loss 1.0936, val_ap 0.5018, minutes 80.62, lr 1.00e-03
    epoch 32: loss 1.0946, val_ap 0.5060, minutes 83.18, lr 1.00e-03
    epoch 33: loss 1.0883, val_ap 0.5058, minutes 85.62, lr 1.00e-03
    epoch 34: loss 1.0750, val_ap 0.5102, minutes 88.13, lr 1.00e-03
    epoch 35: loss 1.0689, val_ap 0.5065, minutes 90.69, lr 1.00e-03
    epoch 36: loss 1.0630, val_ap 0.5070, minutes 93.17, lr 1.00e-03
    epoch 37: loss 1.0563, val_ap 0.5063, minutes 95.66, lr 1.00e-03
    epoch 38: loss 1.0675, val_ap 0.5002, minutes 98.17, lr 1.00e-03
    epoch 39: loss 1.0579, val_ap 0.5077, minutes 100.64, lr 5.00e-04
    epoch 40: loss 1.0261, val_ap 0.5106, minutes 103.12, lr 5.00e-04
    epoch 41: loss 1.0236, val_ap 0.5001, minutes 105.49, lr 5.00e-04
    epoch 42: loss 1.0155, val_ap 0.5036, minutes 107.94, lr 5.00e-04
    epoch 43: loss 1.0109, val_ap 0.5141, minutes 110.39, lr 5.00e-04
    epoch 44: loss 1.0063, val_ap 0.5141, minutes 112.84, lr 5.00e-04
    epoch 45: loss 1.0061, val_ap 0.5082, minutes 115.2, lr 5.00e-04
    epoch 46: loss 1.0055, val_ap 0.5025, minutes 117.6, lr 5.00e-04
    epoch 47: loss 0.9938, val_ap 0.4887, minutes 119.91, lr 5.00e-04
    epoch 48: loss 0.9898, val_ap 0.5038, minutes 122.38, lr 5.00e-04
    epoch 49: loss 0.9931, val_ap 0.5028, minutes 124.72, lr 5.00e-04
    epoch 50: loss 0.9779, val_ap 0.5043, minutes 127.06, lr 5.00e-04
    epoch 51: loss 0.9754, val_ap 0.4894, minutes 129.38, lr 5.00e-04
    epoch 52: loss 0.9793, val_ap 0.4953, minutes 131.73, lr 2.50e-04
    epoch 53: loss 0.9661, val_ap 0.5001, minutes 134.08, lr 2.50e-04
    epoch 54: loss 0.9575, val_ap 0.4979, minutes 136.44, lr 2.50e-04
    epoch 55: loss 0.9446, val_ap 0.4901, minutes 138.76, lr 2.50e-04
    epoch 56: loss 0.9526, val_ap 0.5029, minutes 141.04, lr 2.50e-04
    epoch 57: loss 0.9446, val_ap 0.4947, minutes 143.35, lr 2.50e-04
    epoch 58: loss 0.9485, val_ap 0.5004, minutes 145.65, lr 2.50e-04
    epoch 59: loss 0.9399, val_ap 0.4959, minutes 147.96, lr 2.50e-04
    epoch 60: loss 0.9420, val_ap 0.4994, minutes 150.28, lr 2.50e-04
    epoch 61: loss 0.9345, val_ap 0.4942, minutes 152.71, lr 1.25e-04
    epoch 62: loss 0.9245, val_ap 0.4941, minutes 155.02, lr 1.25e-04
    epoch 63: loss 0.9213, val_ap 0.4955, minutes 157.32, lr 1.25e-04
    epoch 64: loss 0.9256, val_ap 0.4947, minutes 159.67, lr 1.25e-04
    epoch 65: loss 0.9228, val_ap 0.4949, minutes 162.02, lr 1.25e-04
    epoch 66: loss 0.9193, val_ap 0.4852, minutes 164.32, lr 1.25e-04
    epoch 67: loss 0.9160, val_ap 0.4926, minutes 166.66, lr 1.25e-04
    epoch 68: loss 0.9165, val_ap 0.4926, minutes 169.0, lr 1.25e-04
    epoch 69: loss 0.9191, val_ap 0.4894, minutes 171.37, lr 1.25e-04
    stopping: no validation gain in 25 epochs
[gps pooled_both fold 4] done (172.3 min)
