loaded: dataset0 121,838 sites, data1 90,452
[res_gate dataset0 fold 3 seed 1]
    kernel decay scale 113.4 nt (fitted to cell line 1 training labels)
    epoch 1: loss 1.9589, val_ap 0.1469, minutes 0.42, lr 3.33e-04
    epoch 2: loss 1.5882, val_ap 0.2501, minutes 0.87, lr 6.63e-04
    epoch 3: loss 1.3553, val_ap 0.4121, minutes 1.29, lr 9.92e-04
    epoch 4: loss 1.2358, val_ap 0.4548, minutes 1.76, lr 1.00e-03
    epoch 5: loss 1.1399, val_ap 0.5117, minutes 2.16, lr 1.00e-03
    epoch 6: loss 1.0835, val_ap 0.5250, minutes 2.64, lr 1.00e-03
    epoch 7: loss 1.0759, val_ap 0.5193, minutes 3.07, lr 1.00e-03
    epoch 8: loss 1.0466, val_ap 0.5290, minutes 3.54, lr 1.00e-03
    epoch 9: loss 1.0392, val_ap 0.5366, minutes 3.97, lr 1.00e-03
    epoch 10: loss 1.0169, val_ap 0.5569, minutes 4.44, lr 1.00e-03
    epoch 11: loss 0.9948, val_ap 0.5598, minutes 4.89, lr 1.00e-03
    epoch 12: loss 0.9915, val_ap 0.5613, minutes 5.31, lr 1.00e-03
    epoch 13: loss 0.9697, val_ap 0.5692, minutes 5.78, lr 1.00e-03
    epoch 14: loss 0.9708, val_ap 0.5668, minutes 6.22, lr 1.00e-03
    epoch 15: loss 0.9644, val_ap 0.5678, minutes 6.68, lr 1.00e-03
    epoch 16: loss 0.9328, val_ap 0.5836, minutes 7.12, lr 1.00e-03
    epoch 17: loss 0.9335, val_ap 0.5817, minutes 7.6, lr 1.00e-03
    epoch 18: loss 0.9290, val_ap 0.5766, minutes 8.03, lr 1.00e-03
    epoch 19: loss 0.9332, val_ap 0.5785, minutes 8.53, lr 1.00e-03
    epoch 20: loss 0.9061, val_ap 0.5819, minutes 8.98, lr 1.00e-03
    epoch 21: loss 0.9073, val_ap 0.5806, minutes 9.46, lr 1.00e-03
    epoch 22: loss 0.9286, val_ap 0.5929, minutes 9.93, lr 1.00e-03
    epoch 23: loss 0.9224, val_ap 0.5816, minutes 10.42, lr 1.00e-03
    epoch 24: loss 0.9187, val_ap 0.5966, minutes 10.86, lr 1.00e-03
    epoch 25: loss 0.8949, val_ap 0.5838, minutes 11.3, lr 1.00e-03
    epoch 26: loss 0.8827, val_ap 0.5973, minutes 11.74, lr 1.00e-03
    epoch 27: loss 0.8883, val_ap 0.5998, minutes 12.2, lr 1.00e-03
    epoch 28: loss 0.8988, val_ap 0.5908, minutes 12.65, lr 1.00e-03
    epoch 29: loss 0.8763, val_ap 0.5932, minutes 13.1, lr 1.00e-03
    epoch 30: loss 0.8822, val_ap 0.6000, minutes 13.56, lr 1.00e-03
    epoch 31: loss 0.8783, val_ap 0.6041, minutes 14.0, lr 1.00e-03
    epoch 32: loss 0.9108, val_ap 0.5998, minutes 14.49, lr 1.00e-03
    epoch 33: loss 0.8793, val_ap 0.6012, minutes 14.94, lr 1.00e-03
    epoch 34: loss 0.8633, val_ap 0.6115, minutes 15.4, lr 1.00e-03
    epoch 35: loss 0.8843, val_ap 0.5886, minutes 15.83, lr 1.00e-03
    epoch 36: loss 0.8673, val_ap 0.6080, minutes 16.3, lr 1.00e-03
    epoch 37: loss 0.8636, val_ap 0.6070, minutes 16.73, lr 1.00e-03
    epoch 38: loss 0.8523, val_ap 0.6199, minutes 17.15, lr 1.00e-03
    epoch 39: loss 0.8811, val_ap 0.6110, minutes 17.6, lr 1.00e-03
    epoch 40: loss 0.8530, val_ap 0.6132, minutes 18.09, lr 1.00e-03
    epoch 41: loss 0.8551, val_ap 0.6141, minutes 18.54, lr 1.00e-03
    epoch 42: loss 0.8449, val_ap 0.6215, minutes 19.01, lr 1.00e-03
    epoch 43: loss 0.8390, val_ap 0.6112, minutes 19.43, lr 1.00e-03
    epoch 44: loss 0.8376, val_ap 0.6234, minutes 19.91, lr 1.00e-03
    epoch 45: loss 0.8333, val_ap 0.6172, minutes 20.34, lr 1.00e-03
    epoch 46: loss 0.8354, val_ap 0.6214, minutes 20.85, lr 1.00e-03
    epoch 47: loss 0.8369, val_ap 0.6130, minutes 21.28, lr 1.00e-03
    epoch 48: loss 0.8389, val_ap 0.6170, minutes 21.74, lr 1.00e-03
    epoch 49: loss 0.8116, val_ap 0.6264, minutes 22.2, lr 1.00e-03
    epoch 50: loss 0.8120, val_ap 0.6298, minutes 22.69, lr 1.00e-03
    epoch 51: loss 0.8172, val_ap 0.6329, minutes 23.16, lr 1.00e-03
    epoch 52: loss 0.8340, val_ap 0.6290, minutes 23.58, lr 1.00e-03
    epoch 53: loss 0.8178, val_ap 0.6163, minutes 24.02, lr 1.00e-03
    epoch 54: loss 0.8267, val_ap 0.6261, minutes 24.46, lr 1.00e-03
    epoch 55: loss 0.8112, val_ap 0.6272, minutes 24.92, lr 1.00e-03
    epoch 56: loss 0.8224, val_ap 0.6289, minutes 25.38, lr 1.00e-03
    epoch 57: loss 0.8204, val_ap 0.6323, minutes 25.85, lr 1.00e-03
    epoch 58: loss 0.8199, val_ap 0.6327, minutes 26.39, lr 1.00e-03
    epoch 59: loss 0.8104, val_ap 0.6374, minutes 26.84, lr 1.00e-03
    epoch 60: loss 0.7896, val_ap 0.6371, minutes 27.3, lr 1.00e-03
    epoch 61: loss 0.8126, val_ap 0.6326, minutes 27.78, lr 1.00e-03
    epoch 62: loss 0.8060, val_ap 0.6368, minutes 28.23, lr 1.00e-03
    epoch 63: loss 0.7950, val_ap 0.6368, minutes 28.71, lr 1.00e-03
    epoch 64: loss 0.7848, val_ap 0.6381, minutes 29.14, lr 1.00e-03
    epoch 65: loss 0.7851, val_ap 0.6323, minutes 29.58, lr 1.00e-03
    epoch 66: loss 0.7865, val_ap 0.6434, minutes 30.05, lr 1.00e-03
    epoch 67: loss 0.7756, val_ap 0.6395, minutes 30.49, lr 1.00e-03
    epoch 68: loss 0.8007, val_ap 0.6389, minutes 30.94, lr 1.00e-03
    epoch 69: loss 0.7767, val_ap 0.6406, minutes 31.37, lr 1.00e-03
    epoch 70: loss 0.7849, val_ap 0.6397, minutes 31.81, lr 1.00e-03
    epoch 71: loss 0.7833, val_ap 0.6352, minutes 32.3, lr 1.00e-03
    epoch 72: loss 0.7853, val_ap 0.6373, minutes 32.77, lr 1.00e-03
    epoch 73: loss 0.7694, val_ap 0.6335, minutes 33.23, lr 1.00e-03
    epoch 74: loss 0.7678, val_ap 0.6413, minutes 33.74, lr 1.00e-03
    epoch 75: loss 0.7675, val_ap 0.6236, minutes 34.2, lr 5.00e-04
    epoch 76: loss 0.7554, val_ap 0.6460, minutes 34.68, lr 5.00e-04
    epoch 77: loss 0.7382, val_ap 0.6469, minutes 35.14, lr 5.00e-04
    epoch 78: loss 0.7353, val_ap 0.6449, minutes 35.59, lr 5.00e-04
    epoch 79: loss 0.7408, val_ap 0.6437, minutes 36.03, lr 5.00e-04
    epoch 80: loss 0.7519, val_ap 0.6400, minutes 36.48, lr 5.00e-04
    epoch 81: loss 0.7348, val_ap 0.6418, minutes 36.92, lr 5.00e-04
    epoch 82: loss 0.7414, val_ap 0.6443, minutes 37.39, lr 5.00e-04
    epoch 83: loss 0.7441, val_ap 0.6460, minutes 37.87, lr 5.00e-04
    epoch 84: loss 0.7466, val_ap 0.6473, minutes 38.35, lr 5.00e-04
    epoch 85: loss 0.7389, val_ap 0.6492, minutes 38.83, lr 5.00e-04
    epoch 86: loss 0.7268, val_ap 0.6421, minutes 39.28, lr 5.00e-04
    epoch 87: loss 0.7301, val_ap 0.6452, minutes 39.73, lr 5.00e-04
    epoch 88: loss 0.7281, val_ap 0.6507, minutes 40.16, lr 5.00e-04
    epoch 89: loss 0.7299, val_ap 0.6483, minutes 40.71, lr 5.00e-04
    epoch 90: loss 0.7286, val_ap 0.6443, minutes 41.14, lr 5.00e-04
    epoch 91: loss 0.7291, val_ap 0.6516, minutes 41.66, lr 5.00e-04
    epoch 92: loss 0.7182, val_ap 0.6444, minutes 42.09, lr 5.00e-04
    epoch 93: loss 0.7196, val_ap 0.6456, minutes 42.57, lr 5.00e-04
    epoch 94: loss 0.7293, val_ap 0.6534, minutes 43.04, lr 5.00e-04
    epoch 95: loss 0.7190, val_ap 0.6454, minutes 43.51, lr 5.00e-04
    epoch 96: loss 0.7259, val_ap 0.6522, minutes 43.96, lr 5.00e-04
    epoch 97: loss 0.7207, val_ap 0.6498, minutes 44.39, lr 5.00e-04
    epoch 98: loss 0.7138, val_ap 0.6548, minutes 44.84, lr 5.00e-04
    epoch 99: loss 0.7356, val_ap 0.6521, minutes 45.33, lr 5.00e-04
    epoch 100: loss 0.7245, val_ap 0.6531, minutes 45.81, lr 5.00e-04
    epoch 101: loss 0.7260, val_ap 0.6454, minutes 46.26, lr 5.00e-04
    epoch 102: loss 0.7111, val_ap 0.6569, minutes 46.69, lr 5.00e-04
    epoch 103: loss 0.7090, val_ap 0.6555, minutes 47.18, lr 5.00e-04
    epoch 104: loss 0.7122, val_ap 0.6499, minutes 47.64, lr 5.00e-04
    epoch 105: loss 0.7176, val_ap 0.6493, minutes 48.21, lr 5.00e-04
    epoch 106: loss 0.7268, val_ap 0.6499, minutes 48.72, lr 5.00e-04
    epoch 107: loss 0.7001, val_ap 0.6472, minutes 49.17, lr 5.00e-04
    epoch 108: loss 0.6982, val_ap 0.6480, minutes 49.63, lr 5.00e-04
    epoch 109: loss 0.7031, val_ap 0.6492, minutes 50.07, lr 5.00e-04
    epoch 110: loss 0.6833, val_ap 0.6515, minutes 50.55, lr 5.00e-04
    epoch 111: loss 0.7079, val_ap 0.6450, minutes 50.99, lr 2.50e-04
    epoch 112: loss 0.6804, val_ap 0.6463, minutes 51.46, lr 2.50e-04
    epoch 113: loss 0.6929, val_ap 0.6511, minutes 51.92, lr 2.50e-04
    epoch 114: loss 0.6851, val_ap 0.6552, minutes 52.4, lr 2.50e-04
    epoch 115: loss 0.6859, val_ap 0.6528, minutes 52.85, lr 2.50e-04
    epoch 116: loss 0.6715, val_ap 0.6518, minutes 53.34, lr 2.50e-04
    epoch 117: loss 0.6698, val_ap 0.6538, minutes 53.78, lr 2.50e-04
    epoch 118: loss 0.6894, val_ap 0.6466, minutes 54.23, lr 2.50e-04
    epoch 119: loss 0.6868, val_ap 0.6486, minutes 54.66, lr 2.50e-04
    epoch 120: loss 0.6905, val_ap 0.6505, minutes 55.09, lr 1.25e-04
    epoch 121: loss 0.6775, val_ap 0.6488, minutes 55.56, lr 1.25e-04
    epoch 122: loss 0.6695, val_ap 0.6520, minutes 55.99, lr 1.25e-04
    epoch 123: loss 0.6765, val_ap 0.6520, minutes 56.5, lr 1.25e-04
    epoch 124: loss 0.6793, val_ap 0.6528, minutes 56.96, lr 1.25e-04
    epoch 125: loss 0.6680, val_ap 0.6545, minutes 57.41, lr 1.25e-04
    epoch 126: loss 0.6669, val_ap 0.6533, minutes 57.89, lr 1.25e-04
    epoch 127: loss 0.6601, val_ap 0.6540, minutes 58.34, lr 1.25e-04
    stopping: no validation gain in 25 epochs
[res_gate dataset0 fold 3 seed 1] done (59.1 min)
