loaded: dataset0 121,838 sites, data1 90,452
[fk_band_shuffled dataset0 fold 3 seed 1]
    band weights [0.4, 0.363, 0.237] (bands ((0, 30), (30, 75), (75, 150)))
    epoch 1: loss 1.9648, val_ap 0.1480, minutes 0.46, lr 3.33e-04
    epoch 2: loss 1.5990, val_ap 0.2454, minutes 0.95, lr 6.63e-04
    epoch 3: loss 1.3447, val_ap 0.4328, minutes 1.4, lr 9.92e-04
    epoch 4: loss 1.2044, val_ap 0.4690, minutes 1.86, lr 1.00e-03
    epoch 5: loss 1.1087, val_ap 0.5096, minutes 2.34, lr 1.00e-03
    epoch 6: loss 1.0590, val_ap 0.5283, minutes 2.8, lr 1.00e-03
    epoch 7: loss 1.0545, val_ap 0.5314, minutes 3.29, lr 1.00e-03
    epoch 8: loss 1.0158, val_ap 0.5465, minutes 3.76, lr 1.00e-03
    epoch 9: loss 1.0081, val_ap 0.5486, minutes 4.3, lr 1.00e-03
    epoch 10: loss 0.9767, val_ap 0.5625, minutes 4.83, lr 1.00e-03
    epoch 11: loss 0.9517, val_ap 0.5680, minutes 5.39, lr 1.00e-03
    epoch 12: loss 0.9516, val_ap 0.5730, minutes 5.96, lr 1.00e-03
    epoch 13: loss 0.9299, val_ap 0.5788, minutes 6.54, lr 1.00e-03
    epoch 14: loss 0.9400, val_ap 0.5741, minutes 7.1, lr 1.00e-03
    epoch 15: loss 0.9277, val_ap 0.5733, minutes 7.68, lr 1.00e-03
    epoch 16: loss 0.9000, val_ap 0.5943, minutes 8.23, lr 1.00e-03
    epoch 17: loss 0.8937, val_ap 0.5910, minutes 8.79, lr 1.00e-03
    epoch 18: loss 0.8898, val_ap 0.5860, minutes 9.35, lr 1.00e-03
    epoch 19: loss 0.8917, val_ap 0.5962, minutes 9.93, lr 1.00e-03
    epoch 20: loss 0.8629, val_ap 0.6000, minutes 10.48, lr 1.00e-03
    epoch 21: loss 0.8567, val_ap 0.5858, minutes 11.04, lr 1.00e-03
    epoch 22: loss 0.8885, val_ap 0.6081, minutes 11.6, lr 1.00e-03
    epoch 23: loss 0.8599, val_ap 0.5995, minutes 12.15, lr 1.00e-03
    epoch 24: loss 0.8700, val_ap 0.6079, minutes 12.72, lr 1.00e-03
    epoch 25: loss 0.8417, val_ap 0.6057, minutes 13.26, lr 1.00e-03
    epoch 26: loss 0.8349, val_ap 0.6088, minutes 13.82, lr 1.00e-03
    epoch 27: loss 0.8421, val_ap 0.6018, minutes 14.38, lr 1.00e-03
    epoch 28: loss 0.8553, val_ap 0.6075, minutes 14.96, lr 1.00e-03
    epoch 29: loss 0.8284, val_ap 0.6090, minutes 15.51, lr 1.00e-03
    epoch 30: loss 0.8274, val_ap 0.6135, minutes 16.05, lr 1.00e-03
    epoch 31: loss 0.8222, val_ap 0.6073, minutes 16.57, lr 1.00e-03
    epoch 32: loss 0.8381, val_ap 0.6154, minutes 17.11, lr 1.00e-03
    epoch 33: loss 0.8303, val_ap 0.6110, minutes 17.66, lr 1.00e-03
    epoch 34: loss 0.8104, val_ap 0.6188, minutes 18.22, lr 1.00e-03
    epoch 35: loss 0.8290, val_ap 0.6136, minutes 18.77, lr 1.00e-03
    epoch 36: loss 0.8096, val_ap 0.6055, minutes 19.32, lr 1.00e-03
    epoch 37: loss 0.8051, val_ap 0.6154, minutes 19.87, lr 1.00e-03
    epoch 38: loss 0.7961, val_ap 0.6201, minutes 20.43, lr 1.00e-03
    epoch 39: loss 0.8017, val_ap 0.6220, minutes 20.99, lr 1.00e-03
    epoch 40: loss 0.8010, val_ap 0.6163, minutes 21.59, lr 1.00e-03
    epoch 41: loss 0.7997, val_ap 0.6153, minutes 22.15, lr 1.00e-03
    epoch 42: loss 0.7893, val_ap 0.6253, minutes 22.71, lr 1.00e-03
    epoch 43: loss 0.7799, val_ap 0.6199, minutes 23.29, lr 1.00e-03
    epoch 44: loss 0.7726, val_ap 0.6223, minutes 23.84, lr 1.00e-03
    epoch 45: loss 0.7756, val_ap 0.6259, minutes 24.43, lr 1.00e-03
    epoch 46: loss 0.7747, val_ap 0.6206, minutes 25.0, lr 1.00e-03
    epoch 47: loss 0.7691, val_ap 0.6277, minutes 25.56, lr 1.00e-03
    epoch 48: loss 0.7777, val_ap 0.6264, minutes 26.11, lr 1.00e-03
    epoch 49: loss 0.7510, val_ap 0.6287, minutes 26.68, lr 1.00e-03
    epoch 50: loss 0.7434, val_ap 0.6243, minutes 27.24, lr 1.00e-03
    epoch 51: loss 0.7617, val_ap 0.6366, minutes 27.82, lr 1.00e-03
    epoch 52: loss 0.7746, val_ap 0.6277, minutes 28.39, lr 1.00e-03
    epoch 53: loss 0.7580, val_ap 0.6162, minutes 28.95, lr 1.00e-03
    epoch 54: loss 0.7628, val_ap 0.6287, minutes 29.51, lr 1.00e-03
    epoch 55: loss 0.7499, val_ap 0.6264, minutes 30.07, lr 1.00e-03
    epoch 56: loss 0.7735, val_ap 0.6310, minutes 30.61, lr 1.00e-03
    epoch 57: loss 0.7477, val_ap 0.6386, minutes 31.15, lr 1.00e-03
    epoch 58: loss 0.7548, val_ap 0.6375, minutes 31.66, lr 1.00e-03
    epoch 59: loss 0.7468, val_ap 0.6287, minutes 32.17, lr 1.00e-03
    epoch 60: loss 0.7375, val_ap 0.6375, minutes 32.68, lr 1.00e-03
    epoch 61: loss 0.7463, val_ap 0.6346, minutes 33.17, lr 1.00e-03
    epoch 62: loss 0.7323, val_ap 0.6239, minutes 33.7, lr 1.00e-03
    epoch 63: loss 0.7254, val_ap 0.6312, minutes 34.21, lr 1.00e-03
    epoch 64: loss 0.7225, val_ap 0.6239, minutes 34.75, lr 1.00e-03
    epoch 65: loss 0.7204, val_ap 0.6261, minutes 35.23, lr 1.00e-03
    epoch 66: loss 0.7155, val_ap 0.6379, minutes 35.74, lr 5.00e-04
    epoch 67: loss 0.6914, val_ap 0.6411, minutes 36.19, lr 5.00e-04
    epoch 68: loss 0.6974, val_ap 0.6389, minutes 36.6, lr 5.00e-04
    epoch 69: loss 0.6966, val_ap 0.6370, minutes 37.08, lr 5.00e-04
    epoch 70: loss 0.6934, val_ap 0.6351, minutes 37.5, lr 5.00e-04
    epoch 71: loss 0.6860, val_ap 0.6306, minutes 37.89, lr 5.00e-04
    epoch 72: loss 0.6878, val_ap 0.6325, minutes 38.34, lr 5.00e-04
    epoch 73: loss 0.6900, val_ap 0.6337, minutes 38.8, lr 5.00e-04
    epoch 74: loss 0.6792, val_ap 0.6358, minutes 39.24, lr 5.00e-04
    epoch 75: loss 0.6704, val_ap 0.6326, minutes 39.7, lr 5.00e-04
    epoch 76: loss 0.6787, val_ap 0.6319, minutes 40.15, lr 2.50e-04
    epoch 77: loss 0.6631, val_ap 0.6309, minutes 40.64, lr 2.50e-04
    epoch 78: loss 0.6531, val_ap 0.6353, minutes 41.08, lr 2.50e-04
    epoch 79: loss 0.6617, val_ap 0.6344, minutes 41.56, lr 2.50e-04
    epoch 80: loss 0.6731, val_ap 0.6336, minutes 42.06, lr 2.50e-04
    epoch 81: loss 0.6621, val_ap 0.6316, minutes 42.53, lr 2.50e-04
    epoch 82: loss 0.6584, val_ap 0.6323, minutes 43.02, lr 2.50e-04
    epoch 83: loss 0.6622, val_ap 0.6302, minutes 43.51, lr 2.50e-04
    epoch 84: loss 0.6595, val_ap 0.6318, minutes 43.89, lr 2.50e-04
    epoch 85: loss 0.6618, val_ap 0.6304, minutes 44.37, lr 1.25e-04
    epoch 86: loss 0.6519, val_ap 0.6308, minutes 44.83, lr 1.25e-04
    epoch 87: loss 0.6476, val_ap 0.6334, minutes 45.3, lr 1.25e-04
    epoch 88: loss 0.6485, val_ap 0.6292, minutes 45.74, lr 1.25e-04
    epoch 89: loss 0.6478, val_ap 0.6302, minutes 46.2, lr 1.25e-04
    epoch 90: loss 0.6506, val_ap 0.6318, minutes 46.65, lr 1.25e-04
    epoch 91: loss 0.6498, val_ap 0.6311, minutes 47.13, lr 1.25e-04
    epoch 92: loss 0.6400, val_ap 0.6314, minutes 47.58, lr 1.25e-04
    stopping: no validation gain in 25 epochs
[fk_band_shuffled dataset0 fold 3 seed 1] done (48.3 min)
