loaded: dataset0 121,838 sites, data1 90,452
[deepset pooled_both fold 4 seed 2]
    epoch 1: loss 1.1605248385667801, minutes 0.29, val_ap 0.265576203829084, lr 0.0003338888888888889
    epoch 2: loss 0.9499299309651057, minutes 0.61, val_ap 0.3873991173170151, lr 0.0006672222222222223
    epoch 3: loss 0.8919501424829165, minutes 0.92, val_ap 0.4151670857539159, lr 0.001
    epoch 4: loss 0.8704183912277221, minutes 1.24, val_ap 0.42368630273454955, lr 0.001
    epoch 5: loss 0.8614280171195666, minutes 1.56, val_ap 0.42070697081791253, lr 0.001
    epoch 6: loss 0.8516736347973347, minutes 1.89, val_ap 0.41443900976357845, lr 0.001
    epoch 7: loss 0.8455236725509166, minutes 2.19, val_ap 0.4343346812665046, lr 0.001
    epoch 8: loss 0.8386409838994344, minutes 2.5, val_ap 0.4400646309228389, lr 0.001
    epoch 9: loss 0.8332533390323321, minutes 2.8, val_ap 0.44392449185127975, lr 0.001
    epoch 10: loss 0.835275730441014, minutes 3.08, val_ap 0.44799926897997305, lr 0.001
    epoch 11: loss 0.8263200935721398, minutes 3.41, val_ap 0.4566415795787281, lr 0.001
    epoch 12: loss 0.8230613304674625, minutes 3.72, val_ap 0.45311970280277175, lr 0.001
    epoch 13: loss 0.8185790088772774, minutes 4.05, val_ap 0.454168356702901, lr 0.001
    epoch 14: loss 0.8227236977716287, minutes 4.36, val_ap 0.45582278803276505, lr 0.001
    epoch 15: loss 0.8149376173317432, minutes 4.66, val_ap 0.45423807794162335, lr 0.001
    epoch 16: loss 0.8109688767294089, minutes 4.93, val_ap 0.44761675762474884, lr 0.001
    epoch 17: loss 0.8079667298992474, minutes 5.21, val_ap 0.44149966098276644, lr 0.001
    epoch 18: loss 0.8046644257505735, minutes 5.46, val_ap 0.44749380462892285, lr 0.001
    epoch 19: loss 0.8018063990275065, minutes 5.74, val_ap 0.4577071040307026, lr 0.001
    epoch 20: loss 0.7965190608302752, minutes 5.99, val_ap 0.44671776745259456, lr 0.001
    epoch 21: loss 0.7963891516625882, minutes 6.24, val_ap 0.46511097135324364, lr 0.001
    epoch 22: loss 0.7969800797104836, minutes 6.5, val_ap 0.45289434047002664, lr 0.001
    epoch 23: loss 0.7914883466561635, minutes 6.75, val_ap 0.45781260534856183, lr 0.001
    epoch 24: loss 0.789700299402078, minutes 6.97, val_ap 0.46196597797379435, lr 0.001
    epoch 25: loss 0.7878689430654049, minutes 7.19, val_ap 0.46316459840630986, lr 0.001
    epoch 26: loss 0.7872602846225103, minutes 7.42, val_ap 0.46628894290149586, lr 0.001
    epoch 27: loss 0.7812053086360295, minutes 7.66, val_ap 0.4628784370496201, lr 0.001
    epoch 28: loss 0.7824390753606956, minutes 7.91, val_ap 0.46274234214237603, lr 0.001
    epoch 29: loss 0.7784249780078729, minutes 8.13, val_ap 0.4642303071783622, lr 0.001
    epoch 30: loss 0.7757618926465512, minutes 8.37, val_ap 0.45756760869709207, lr 0.001
    epoch 31: loss 0.771546021749576, minutes 8.62, val_ap 0.4566434082193134, lr 0.001
    epoch 32: loss 0.7683924643695355, minutes 8.85, val_ap 0.4570138621407214, lr 0.001
    epoch 33: loss 0.7684290558099747, minutes 9.06, val_ap 0.4503262907554336, lr 0.001
    epoch 34: loss 0.7654429092009862, minutes 9.27, val_ap 0.4534832349947907, lr 0.001
    epoch 35: loss 0.7589740633964539, minutes 9.48, val_ap 0.45785407376861603, lr 0.0005
    epoch 36: loss 0.7514547651012738, minutes 9.66, val_ap 0.45472972236380027, lr 0.0005
    epoch 37: loss 0.7461967199047407, minutes 9.85, val_ap 0.4607591154828403, lr 0.0005
    epoch 38: loss 0.7441992002228895, minutes 10.03, val_ap 0.4599790637445453, lr 0.0005
    epoch 39: loss 0.7412258046865463, minutes 10.21, val_ap 0.4496360026267229, lr 0.0005
    epoch 40: loss 0.7362297250330448, minutes 10.39, val_ap 0.45427069446299845, lr 0.0005
    epoch 41: loss 0.73366637190183, minutes 10.56, val_ap 0.4515840703449402, lr 0.0005
    epoch 42: loss 0.736808833827575, minutes 10.73, val_ap 0.4592292792669861, lr 0.0005
    epoch 43: loss 0.7365163984894753, minutes 10.91, val_ap 0.45416639174346085, lr 0.0005
    epoch 44: loss 0.7329967032372952, minutes 11.07, val_ap 0.4469204071658006, lr 0.00025
    epoch 45: loss 0.722280578960975, minutes 11.23, val_ap 0.4538300081056942, lr 0.00025
    epoch 46: loss 0.7161015444993972, minutes 11.4, val_ap 0.45153701330739715, lr 0.00025
    epoch 47: loss 0.7145762300988039, minutes 11.56, val_ap 0.4559418991866504, lr 0.00025
    epoch 48: loss 0.715604457060496, minutes 11.71, val_ap 0.4544709785115746, lr 0.00025
    epoch 49: loss 0.7158157496154308, minutes 11.87, val_ap 0.44853204692386395, lr 0.00025
    epoch 50: loss 0.7167924697697162, minutes 12.04, val_ap 0.44879379177719286, lr 0.00025
    stopping: no validation gain in 25 epochs
[deepset pooled_both fold 4 seed 2] done (12.3 min)
