loaded: dataset0 121,838 sites, data1 90,452
[h2gcn_aux_r200 dataset0 fold 1]
    epoch 1: loss 1.9682, val_ap 0.1910, minutes 0.95, lr 3.33e-04
    epoch 2: loss 1.5376, val_ap 0.2987, minutes 1.89, lr 6.63e-04
    epoch 3: loss 1.2583, val_ap 0.4543, minutes 2.78, lr 9.92e-04
    epoch 4: loss 1.1686, val_ap 0.4973, minutes 3.7, lr 1.00e-03
    epoch 5: loss 1.1058, val_ap 0.5205, minutes 4.58, lr 1.00e-03
    epoch 6: loss 1.0190, val_ap 0.5402, minutes 5.53, lr 1.00e-03
    epoch 7: loss 0.9967, val_ap 0.5509, minutes 6.46, lr 1.00e-03
    epoch 8: loss 0.9910, val_ap 0.5540, minutes 7.4, lr 1.00e-03
    epoch 9: loss 0.9699, val_ap 0.5554, minutes 8.28, lr 1.00e-03
    epoch 10: loss 0.9669, val_ap 0.5446, minutes 9.21, lr 1.00e-03
    epoch 11: loss 0.9477, val_ap 0.5671, minutes 10.08, lr 1.00e-03
    epoch 12: loss 0.9225, val_ap 0.5643, minutes 10.95, lr 1.00e-03
    epoch 13: loss 0.9476, val_ap 0.5703, minutes 11.85, lr 1.00e-03
    epoch 14: loss 0.9344, val_ap 0.5646, minutes 12.81, lr 1.00e-03
    epoch 15: loss 0.9097, val_ap 0.5613, minutes 13.8, lr 1.00e-03
    epoch 16: loss 0.9031, val_ap 0.5722, minutes 14.71, lr 1.00e-03
    epoch 17: loss 0.8925, val_ap 0.5864, minutes 15.65, lr 1.00e-03
    epoch 18: loss 0.8800, val_ap 0.5777, minutes 16.58, lr 1.00e-03
    epoch 19: loss 0.8998, val_ap 0.5786, minutes 17.49, lr 1.00e-03
    epoch 20: loss 0.8749, val_ap 0.5875, minutes 18.4, lr 1.00e-03
    epoch 21: loss 0.8731, val_ap 0.5761, minutes 19.3, lr 1.00e-03
    epoch 22: loss 0.8853, val_ap 0.5857, minutes 20.21, lr 1.00e-03
    epoch 23: loss 0.8785, val_ap 0.5909, minutes 21.17, lr 1.00e-03
    epoch 24: loss 0.8585, val_ap 0.5932, minutes 22.05, lr 1.00e-03
    epoch 25: loss 0.8486, val_ap 0.5910, minutes 22.95, lr 1.00e-03
    epoch 26: loss 0.8611, val_ap 0.5968, minutes 23.86, lr 1.00e-03
    epoch 27: loss 0.8546, val_ap 0.5972, minutes 24.79, lr 1.00e-03
    epoch 28: loss 0.8535, val_ap 0.5947, minutes 25.7, lr 1.00e-03
    epoch 29: loss 0.8447, val_ap 0.6001, minutes 26.64, lr 1.00e-03
    epoch 30: loss 0.8387, val_ap 0.6023, minutes 27.52, lr 1.00e-03
    epoch 31: loss 0.8339, val_ap 0.6104, minutes 28.51, lr 1.00e-03
    epoch 32: loss 0.8652, val_ap 0.6023, minutes 29.38, lr 1.00e-03
    epoch 33: loss 0.8385, val_ap 0.6041, minutes 30.34, lr 1.00e-03
    epoch 34: loss 0.8277, val_ap 0.6034, minutes 31.22, lr 1.00e-03
    epoch 35: loss 0.8167, val_ap 0.6089, minutes 32.07, lr 1.00e-03
    epoch 36: loss 0.8157, val_ap 0.6160, minutes 32.96, lr 1.00e-03
    epoch 37: loss 0.8148, val_ap 0.6035, minutes 33.92, lr 1.00e-03
    epoch 38: loss 0.8203, val_ap 0.6114, minutes 34.81, lr 1.00e-03
    epoch 39: loss 0.8059, val_ap 0.6094, minutes 35.71, lr 1.00e-03
    epoch 40: loss 0.8055, val_ap 0.6058, minutes 36.61, lr 1.00e-03
    epoch 41: loss 0.8029, val_ap 0.6265, minutes 37.5, lr 1.00e-03
    epoch 42: loss 0.8349, val_ap 0.6098, minutes 38.41, lr 1.00e-03
    epoch 43: loss 0.7982, val_ap 0.6236, minutes 39.34, lr 1.00e-03
    epoch 44: loss 0.8114, val_ap 0.6198, minutes 40.24, lr 1.00e-03
    epoch 45: loss 0.7955, val_ap 0.6253, minutes 41.16, lr 1.00e-03
    epoch 46: loss 0.7707, val_ap 0.6229, minutes 42.14, lr 1.00e-03
    epoch 47: loss 0.7688, val_ap 0.6248, minutes 43.07, lr 1.00e-03
    epoch 48: loss 0.7932, val_ap 0.6189, minutes 44.03, lr 1.00e-03
    epoch 49: loss 0.7796, val_ap 0.6212, minutes 44.95, lr 1.00e-03
    epoch 50: loss 0.7811, val_ap 0.6267, minutes 45.85, lr 1.00e-03
    epoch 51: loss 0.7706, val_ap 0.6042, minutes 46.71, lr 1.00e-03
    epoch 52: loss 0.7699, val_ap 0.6167, minutes 47.65, lr 1.00e-03
    epoch 53: loss 0.7687, val_ap 0.6153, minutes 48.56, lr 1.00e-03
    epoch 54: loss 0.7622, val_ap 0.6191, minutes 49.53, lr 1.00e-03
    epoch 55: loss 0.7456, val_ap 0.6151, minutes 50.46, lr 1.00e-03
    epoch 56: loss 0.7664, val_ap 0.6088, minutes 51.29, lr 1.00e-03
    epoch 57: loss 0.7547, val_ap 0.6032, minutes 52.19, lr 1.00e-03
    epoch 58: loss 0.7496, val_ap 0.6113, minutes 53.05, lr 1.00e-03
    epoch 59: loss 0.7478, val_ap 0.6076, minutes 54.0, lr 5.00e-04
    epoch 60: loss 0.7279, val_ap 0.6169, minutes 54.91, lr 5.00e-04
    epoch 61: loss 0.7169, val_ap 0.6177, minutes 55.83, lr 5.00e-04
    epoch 62: loss 0.7189, val_ap 0.6182, minutes 56.75, lr 5.00e-04
    epoch 63: loss 0.7183, val_ap 0.6142, minutes 57.64, lr 5.00e-04
    epoch 64: loss 0.7094, val_ap 0.6104, minutes 58.55, lr 5.00e-04
    epoch 65: loss 0.7218, val_ap 0.6146, minutes 59.42, lr 5.00e-04
    epoch 66: loss 0.7045, val_ap 0.6168, minutes 60.3, lr 5.00e-04
    epoch 67: loss 0.7066, val_ap 0.6131, minutes 61.21, lr 5.00e-04
    epoch 68: loss 0.7140, val_ap 0.6087, minutes 62.11, lr 2.50e-04
    epoch 69: loss 0.6982, val_ap 0.6182, minutes 63.0, lr 2.50e-04
    epoch 70: loss 0.6814, val_ap 0.6175, minutes 63.88, lr 2.50e-04
    epoch 71: loss 0.6964, val_ap 0.6148, minutes 64.8, lr 2.50e-04
    epoch 72: loss 0.6971, val_ap 0.6156, minutes 65.69, lr 2.50e-04
    epoch 73: loss 0.6953, val_ap 0.6159, minutes 66.61, lr 2.50e-04
    epoch 74: loss 0.6884, val_ap 0.6190, minutes 67.51, lr 2.50e-04
    epoch 75: loss 0.6923, val_ap 0.6146, minutes 68.38, lr 2.50e-04
    stopping: no validation gain in 25 epochs
[h2gcn_aux_r200 dataset0 fold 1] done (69.6 min)
