loaded: dataset0 121,838 sites, data1 90,452
[h2gcn_aux_r100 pooled_both fold 2 seed 2]
    epoch 1: loss 1.8859, val_ap 0.1911, minutes 0.87, lr 3.31e-04
    epoch 2: loss 1.5298, val_ap 0.3315, minutes 1.74, lr 6.60e-04
    epoch 3: loss 1.3770, val_ap 0.4369, minutes 2.58, lr 9.87e-04
    epoch 4: loss 1.2952, val_ap 0.4569, minutes 3.42, lr 1.00e-03
    epoch 5: loss 1.2617, val_ap 0.4719, minutes 4.24, lr 1.00e-03
    epoch 6: loss 1.2498, val_ap 0.4763, minutes 5.03, lr 1.00e-03
    epoch 7: loss 1.2243, val_ap 0.4758, minutes 5.83, lr 1.00e-03
    epoch 8: loss 1.2057, val_ap 0.4820, minutes 6.65, lr 1.00e-03
    epoch 9: loss 1.2056, val_ap 0.4776, minutes 7.45, lr 1.00e-03
    epoch 10: loss 1.1864, val_ap 0.4865, minutes 8.25, lr 1.00e-03
    epoch 11: loss 1.2014, val_ap 0.4847, minutes 9.02, lr 1.00e-03
    epoch 12: loss 1.1901, val_ap 0.4877, minutes 9.8, lr 1.00e-03
    epoch 13: loss 1.1908, val_ap 0.4881, minutes 10.57, lr 1.00e-03
    epoch 14: loss 1.1701, val_ap 0.4870, minutes 11.38, lr 1.00e-03
    epoch 15: loss 1.1683, val_ap 0.4906, minutes 12.21, lr 1.00e-03
    epoch 16: loss 1.1557, val_ap 0.4940, minutes 13.0, lr 1.00e-03
    epoch 17: loss 1.1477, val_ap 0.4984, minutes 13.8, lr 1.00e-03
    epoch 18: loss 1.1443, val_ap 0.4954, minutes 14.55, lr 1.00e-03
    epoch 19: loss 1.1426, val_ap 0.4909, minutes 15.24, lr 1.00e-03
    epoch 20: loss 1.1478, val_ap 0.4947, minutes 16.01, lr 1.00e-03
    epoch 21: loss 1.1329, val_ap 0.4919, minutes 16.74, lr 1.00e-03
    epoch 22: loss 1.1318, val_ap 0.4975, minutes 17.51, lr 1.00e-03
    epoch 23: loss 1.1254, val_ap 0.5010, minutes 18.28, lr 1.00e-03
    epoch 24: loss 1.1284, val_ap 0.4989, minutes 19.07, lr 1.00e-03
    epoch 25: loss 1.1285, val_ap 0.4959, minutes 19.87, lr 1.00e-03
    epoch 26: loss 1.1142, val_ap 0.4971, minutes 20.65, lr 1.00e-03
    epoch 27: loss 1.1139, val_ap 0.4949, minutes 21.43, lr 1.00e-03
    epoch 28: loss 1.1137, val_ap 0.4979, minutes 22.2, lr 1.00e-03
    epoch 29: loss 1.0992, val_ap 0.4995, minutes 22.89, lr 1.00e-03
    epoch 30: loss 1.1122, val_ap 0.4968, minutes 23.64, lr 1.00e-03
    epoch 31: loss 1.1007, val_ap 0.4990, minutes 24.33, lr 1.00e-03
    epoch 32: loss 1.0918, val_ap 0.4953, minutes 25.08, lr 5.00e-04
    epoch 33: loss 1.0668, val_ap 0.4946, minutes 25.7, lr 5.00e-04
    epoch 34: loss 1.0722, val_ap 0.4972, minutes 26.3, lr 5.00e-04
    epoch 35: loss 1.0664, val_ap 0.4977, minutes 26.96, lr 5.00e-04
    epoch 36: loss 1.0594, val_ap 0.4953, minutes 27.57, lr 5.00e-04
    epoch 37: loss 1.0553, val_ap 0.5006, minutes 28.14, lr 5.00e-04
    epoch 38: loss 1.0647, val_ap 0.4974, minutes 28.7, lr 5.00e-04
    epoch 39: loss 1.0554, val_ap 0.5026, minutes 29.26, lr 5.00e-04
    epoch 40: loss 1.0502, val_ap 0.5019, minutes 29.82, lr 5.00e-04
    epoch 41: loss 1.0468, val_ap 0.4959, minutes 30.35, lr 5.00e-04
    epoch 42: loss 1.0466, val_ap 0.4972, minutes 30.91, lr 5.00e-04
    epoch 43: loss 1.0365, val_ap 0.4946, minutes 31.41, lr 5.00e-04
    epoch 44: loss 1.0383, val_ap 0.4946, minutes 31.87, lr 5.00e-04
    epoch 45: loss 1.0380, val_ap 0.4896, minutes 32.34, lr 5.00e-04
    epoch 46: loss 1.0358, val_ap 0.4944, minutes 32.78, lr 5.00e-04
    epoch 47: loss 1.0275, val_ap 0.4956, minutes 33.22, lr 5.00e-04
    epoch 48: loss 1.0222, val_ap 0.4976, minutes 33.64, lr 2.50e-04
    epoch 49: loss 1.0140, val_ap 0.4974, minutes 34.05, lr 2.50e-04
    epoch 50: loss 1.0148, val_ap 0.4985, minutes 34.46, lr 2.50e-04
    epoch 51: loss 1.0142, val_ap 0.4994, minutes 34.87, lr 2.50e-04
    epoch 52: loss 1.0139, val_ap 0.5024, minutes 35.3, lr 2.50e-04
    epoch 53: loss 1.0065, val_ap 0.4995, minutes 35.75, lr 2.50e-04
    epoch 54: loss 1.0142, val_ap 0.4983, minutes 36.18, lr 2.50e-04
    epoch 55: loss 1.0109, val_ap 0.4947, minutes 36.59, lr 2.50e-04
    epoch 56: loss 1.0074, val_ap 0.4989, minutes 36.99, lr 2.50e-04
    epoch 57: loss 1.0069, val_ap 0.4978, minutes 37.36, lr 1.25e-04
    epoch 58: loss 0.9995, val_ap 0.4952, minutes 37.73, lr 1.25e-04
    epoch 59: loss 0.9980, val_ap 0.4973, minutes 38.13, lr 1.25e-04
    epoch 60: loss 0.9932, val_ap 0.4970, minutes 38.52, lr 1.25e-04
    epoch 61: loss 0.9909, val_ap 0.4990, minutes 38.9, lr 1.25e-04
    epoch 62: loss 0.9952, val_ap 0.4961, minutes 39.31, lr 1.25e-04
    epoch 63: loss 0.9957, val_ap 0.4965, minutes 39.71, lr 1.25e-04
    epoch 64: loss 0.9933, val_ap 0.4965, minutes 40.1, lr 1.25e-04
    stopping: no validation gain in 25 epochs
[h2gcn_aux_r100 pooled_both fold 2 seed 2] done (40.5 min)
