loaded: dataset0 121,838 sites, data1 90,452
[h2gcn pooled_both fold 2]
    epoch 1: loss 1.2540, val_ap 0.1873, minutes 0.87, lr 3.31e-04
    epoch 2: loss 1.0181, val_ap 0.3400, minutes 1.76, lr 6.58e-04
    epoch 3: loss 0.8789, val_ap 0.4571, minutes 2.67, lr 9.85e-04
    epoch 4: loss 0.8170, val_ap 0.4693, minutes 3.57, lr 1.00e-03
    epoch 5: loss 0.7878, val_ap 0.4712, minutes 4.46, lr 1.00e-03
    epoch 6: loss 0.7805, val_ap 0.4761, minutes 5.32, lr 1.00e-03
    epoch 7: loss 0.7702, val_ap 0.4717, minutes 6.2, lr 1.00e-03
    epoch 8: loss 0.7626, val_ap 0.4705, minutes 7.11, lr 1.00e-03
    epoch 9: loss 0.7536, val_ap 0.4754, minutes 7.98, lr 1.00e-03
    epoch 10: loss 0.7421, val_ap 0.4799, minutes 8.89, lr 1.00e-03
    epoch 11: loss 0.7478, val_ap 0.4911, minutes 9.76, lr 1.00e-03
    epoch 12: loss 0.7288, val_ap 0.4858, minutes 10.65, lr 1.00e-03
    epoch 13: loss 0.7299, val_ap 0.4916, minutes 11.49, lr 1.00e-03
    epoch 14: loss 0.7274, val_ap 0.4876, minutes 12.37, lr 1.00e-03
    epoch 15: loss 0.7325, val_ap 0.4934, minutes 13.22, lr 1.00e-03
    epoch 16: loss 0.7223, val_ap 0.4963, minutes 14.11, lr 1.00e-03
    epoch 17: loss 0.7134, val_ap 0.5016, minutes 14.99, lr 1.00e-03
    epoch 18: loss 0.7047, val_ap 0.4952, minutes 15.83, lr 1.00e-03
    epoch 19: loss 0.7026, val_ap 0.4960, minutes 16.72, lr 1.00e-03
    epoch 20: loss 0.7036, val_ap 0.4879, minutes 17.61, lr 1.00e-03
    epoch 21: loss 0.7087, val_ap 0.4996, minutes 18.49, lr 1.00e-03
    epoch 22: loss 0.6979, val_ap 0.5050, minutes 19.37, lr 1.00e-03
    epoch 23: loss 0.6920, val_ap 0.4977, minutes 20.24, lr 1.00e-03
    epoch 24: loss 0.6943, val_ap 0.5016, minutes 21.1, lr 1.00e-03
    epoch 25: loss 0.6860, val_ap 0.5073, minutes 21.97, lr 1.00e-03
    epoch 26: loss 0.6859, val_ap 0.4939, minutes 22.86, lr 1.00e-03
    epoch 27: loss 0.6863, val_ap 0.4974, minutes 23.73, lr 1.00e-03
    epoch 28: loss 0.6700, val_ap 0.4981, minutes 24.53, lr 1.00e-03
    epoch 29: loss 0.6756, val_ap 0.5084, minutes 25.38, lr 1.00e-03
    epoch 30: loss 0.6762, val_ap 0.5059, minutes 26.22, lr 1.00e-03
    epoch 31: loss 0.6691, val_ap 0.5032, minutes 27.05, lr 1.00e-03
    epoch 32: loss 0.6669, val_ap 0.4927, minutes 27.91, lr 1.00e-03
    epoch 33: loss 0.6645, val_ap 0.4946, minutes 28.78, lr 1.00e-03
    epoch 34: loss 0.6566, val_ap 0.5005, minutes 29.7, lr 1.00e-03
    epoch 35: loss 0.6613, val_ap 0.4877, minutes 30.57, lr 1.00e-03
    epoch 36: loss 0.6467, val_ap 0.5002, minutes 31.42, lr 1.00e-03
    epoch 37: loss 0.6387, val_ap 0.4924, minutes 32.29, lr 1.00e-03
    epoch 38: loss 0.6366, val_ap 0.4941, minutes 33.16, lr 5.00e-04
    epoch 39: loss 0.6245, val_ap 0.4885, minutes 33.99, lr 5.00e-04
    epoch 40: loss 0.6260, val_ap 0.4972, minutes 34.81, lr 5.00e-04
    epoch 41: loss 0.6213, val_ap 0.5010, minutes 35.65, lr 5.00e-04
    epoch 42: loss 0.6179, val_ap 0.4891, minutes 36.48, lr 5.00e-04
    epoch 43: loss 0.6152, val_ap 0.4938, minutes 37.24, lr 5.00e-04
    epoch 44: loss 0.6092, val_ap 0.4910, minutes 38.02, lr 5.00e-04
    epoch 45: loss 0.6067, val_ap 0.4908, minutes 38.81, lr 5.00e-04
    epoch 46: loss 0.6008, val_ap 0.4939, minutes 39.65, lr 5.00e-04
    epoch 47: loss 0.5990, val_ap 0.4911, minutes 40.49, lr 2.50e-04
    epoch 48: loss 0.5932, val_ap 0.4942, minutes 41.38, lr 2.50e-04
    epoch 49: loss 0.5850, val_ap 0.4848, minutes 42.24, lr 2.50e-04
    epoch 50: loss 0.5823, val_ap 0.4905, minutes 43.08, lr 2.50e-04
    epoch 51: loss 0.5869, val_ap 0.4911, minutes 43.89, lr 2.50e-04
    epoch 52: loss 0.5825, val_ap 0.4870, minutes 44.77, lr 2.50e-04
    epoch 53: loss 0.5780, val_ap 0.4825, minutes 45.6, lr 2.50e-04
    epoch 54: loss 0.5763, val_ap 0.4861, minutes 46.39, lr 2.50e-04
    stopping: no validation gain in 25 epochs
[h2gcn pooled_both fold 2] done (47.0 min)
