loaded: dataset0 121,838 sites, data1 90,452
[res_nogate dataset0 fold 0 seed 1]
    kernel decay scale 118.2 nt (fitted to cell line 1 training labels)
    epoch 1: loss 1.9611, val_ap 0.1743, minutes 0.5, lr 3.33e-04
    epoch 2: loss 1.5989, val_ap 0.2614, minutes 0.99, lr 6.59e-04
    epoch 3: loss 1.3735, val_ap 0.4068, minutes 1.51, lr 9.88e-04
    epoch 4: loss 1.2261, val_ap 0.4595, minutes 2.02, lr 1.00e-03
    epoch 5: loss 1.1491, val_ap 0.4679, minutes 2.54, lr 1.00e-03
    epoch 6: loss 1.1123, val_ap 0.4755, minutes 3.06, lr 1.00e-03
    epoch 7: loss 1.1304, val_ap 0.4747, minutes 3.57, lr 1.00e-03
    epoch 8: loss 1.0656, val_ap 0.4839, minutes 4.16, lr 1.00e-03
    epoch 9: loss 1.0518, val_ap 0.5009, minutes 4.71, lr 1.00e-03
    epoch 10: loss 1.0052, val_ap 0.5067, minutes 5.36, lr 1.00e-03
    epoch 11: loss 0.9974, val_ap 0.5179, minutes 5.99, lr 1.00e-03
    epoch 12: loss 0.9993, val_ap 0.5194, minutes 6.6, lr 1.00e-03
    epoch 13: loss 0.9939, val_ap 0.5012, minutes 7.22, lr 1.00e-03
    epoch 14: loss 0.9663, val_ap 0.5354, minutes 7.85, lr 1.00e-03
    epoch 15: loss 0.9654, val_ap 0.5334, minutes 8.49, lr 1.00e-03
    epoch 16: loss 0.9650, val_ap 0.5230, minutes 9.12, lr 1.00e-03
    epoch 17: loss 0.9489, val_ap 0.5428, minutes 9.76, lr 1.00e-03
    epoch 18: loss 0.9522, val_ap 0.5385, minutes 10.39, lr 1.00e-03
    epoch 19: loss 0.9435, val_ap 0.5238, minutes 11.02, lr 1.00e-03
    epoch 20: loss 0.9513, val_ap 0.5493, minutes 11.66, lr 1.00e-03
    epoch 21: loss 0.9437, val_ap 0.5503, minutes 12.28, lr 1.00e-03
    epoch 22: loss 0.9348, val_ap 0.5448, minutes 12.92, lr 1.00e-03
    epoch 23: loss 0.9155, val_ap 0.5349, minutes 13.5, lr 1.00e-03
    epoch 24: loss 0.9202, val_ap 0.5420, minutes 14.09, lr 1.00e-03
    epoch 25: loss 0.9320, val_ap 0.5437, minutes 14.68, lr 1.00e-03
    epoch 26: loss 0.9224, val_ap 0.5448, minutes 15.26, lr 1.00e-03
    epoch 27: loss 0.9270, val_ap 0.5483, minutes 15.82, lr 1.00e-03
    epoch 28: loss 0.9430, val_ap 0.5559, minutes 16.36, lr 1.00e-03
    epoch 29: loss 0.8925, val_ap 0.5538, minutes 16.93, lr 1.00e-03
    epoch 30: loss 0.8951, val_ap 0.5676, minutes 17.51, lr 1.00e-03
    epoch 31: loss 0.8989, val_ap 0.5572, minutes 18.13, lr 1.00e-03
    epoch 32: loss 0.9195, val_ap 0.5594, minutes 18.75, lr 1.00e-03
    epoch 33: loss 0.8862, val_ap 0.5596, minutes 19.38, lr 1.00e-03
    epoch 34: loss 0.8789, val_ap 0.5715, minutes 20.0, lr 1.00e-03
    epoch 35: loss 0.8772, val_ap 0.5710, minutes 20.63, lr 1.00e-03
    epoch 36: loss 0.8798, val_ap 0.5808, minutes 21.26, lr 1.00e-03
    epoch 37: loss 0.9069, val_ap 0.5702, minutes 21.87, lr 1.00e-03
    epoch 38: loss 0.8816, val_ap 0.5774, minutes 22.49, lr 1.00e-03
    epoch 39: loss 0.8876, val_ap 0.5734, minutes 23.12, lr 1.00e-03
    epoch 40: loss 0.9140, val_ap 0.5740, minutes 23.75, lr 1.00e-03
    epoch 41: loss 0.8926, val_ap 0.5800, minutes 24.37, lr 1.00e-03
    epoch 42: loss 0.8721, val_ap 0.5842, minutes 25.0, lr 1.00e-03
    epoch 43: loss 0.8656, val_ap 0.5779, minutes 25.6, lr 1.00e-03
    epoch 44: loss 0.8711, val_ap 0.5904, minutes 26.25, lr 1.00e-03
    epoch 45: loss 0.8584, val_ap 0.5848, minutes 26.85, lr 1.00e-03
    epoch 46: loss 0.8536, val_ap 0.5871, minutes 27.45, lr 1.00e-03
    epoch 47: loss 0.8450, val_ap 0.5855, minutes 28.04, lr 1.00e-03
    epoch 48: loss 0.8398, val_ap 0.5941, minutes 28.61, lr 1.00e-03
    epoch 49: loss 0.8461, val_ap 0.5984, minutes 29.25, lr 1.00e-03
    epoch 50: loss 0.8335, val_ap 0.5906, minutes 29.89, lr 1.00e-03
    epoch 51: loss 0.8386, val_ap 0.6051, minutes 30.53, lr 1.00e-03
    epoch 52: loss 0.8365, val_ap 0.6079, minutes 31.1, lr 1.00e-03
    epoch 53: loss 0.8227, val_ap 0.5888, minutes 31.67, lr 1.00e-03
    epoch 54: loss 0.8361, val_ap 0.5943, minutes 32.23, lr 1.00e-03
    epoch 55: loss 0.8209, val_ap 0.5978, minutes 32.81, lr 1.00e-03
    epoch 56: loss 0.8215, val_ap 0.5994, minutes 33.37, lr 1.00e-03
    epoch 57: loss 0.8491, val_ap 0.5929, minutes 33.94, lr 1.00e-03
    epoch 58: loss 0.8028, val_ap 0.6026, minutes 34.53, lr 1.00e-03
    epoch 59: loss 0.8308, val_ap 0.5938, minutes 35.08, lr 1.00e-03
    epoch 60: loss 0.8495, val_ap 0.5989, minutes 35.65, lr 1.00e-03
    epoch 61: loss 0.9661, val_ap 0.5820, minutes 36.21, lr 5.00e-04
    epoch 62: loss 0.8182, val_ap 0.5965, minutes 36.69, lr 5.00e-04
    epoch 63: loss 0.8193, val_ap 0.6037, minutes 37.26, lr 5.00e-04
    epoch 64: loss 0.8123, val_ap 0.6079, minutes 37.77, lr 5.00e-04
    epoch 65: loss 0.7951, val_ap 0.6085, minutes 38.3, lr 5.00e-04
    epoch 66: loss 0.8054, val_ap 0.6078, minutes 38.82, lr 5.00e-04
    epoch 67: loss 0.8071, val_ap 0.6112, minutes 39.38, lr 5.00e-04
    epoch 68: loss 0.7959, val_ap 0.6114, minutes 39.92, lr 5.00e-04
    epoch 69: loss 0.7942, val_ap 0.6128, minutes 40.45, lr 5.00e-04
    epoch 70: loss 0.7988, val_ap 0.6128, minutes 40.99, lr 5.00e-04
    epoch 71: loss 0.7927, val_ap 0.6183, minutes 41.49, lr 5.00e-04
    epoch 72: loss 0.7842, val_ap 0.6149, minutes 42.01, lr 5.00e-04
    epoch 73: loss 0.7881, val_ap 0.6146, minutes 42.53, lr 5.00e-04
    epoch 74: loss 0.7922, val_ap 0.6198, minutes 43.07, lr 5.00e-04
    epoch 75: loss 0.7802, val_ap 0.6156, minutes 43.59, lr 5.00e-04
    epoch 76: loss 0.8012, val_ap 0.6166, minutes 44.09, lr 5.00e-04
    epoch 77: loss 0.8899, val_ap 0.6195, minutes 44.63, lr 5.00e-04
    epoch 78: loss 0.7904, val_ap 0.6226, minutes 45.13, lr 5.00e-04
    epoch 79: loss 0.7924, val_ap 0.6177, minutes 45.64, lr 5.00e-04
    epoch 80: loss 0.7919, val_ap 0.6221, minutes 46.18, lr 5.00e-04
    epoch 81: loss 0.7854, val_ap 0.6194, minutes 46.68, lr 5.00e-04
    epoch 82: loss 0.7761, val_ap 0.6207, minutes 47.24, lr 5.00e-04
    epoch 83: loss 0.7653, val_ap 0.6239, minutes 47.78, lr 5.00e-04
    epoch 84: loss 0.7872, val_ap 0.6204, minutes 48.28, lr 5.00e-04
    epoch 85: loss 0.7771, val_ap 0.6204, minutes 48.88, lr 5.00e-04
    epoch 86: loss 0.7710, val_ap 0.6239, minutes 49.37, lr 5.00e-04
    epoch 87: loss 0.7790, val_ap 0.6198, minutes 49.92, lr 5.00e-04
    epoch 88: loss 0.7634, val_ap 0.6255, minutes 50.42, lr 5.00e-04
    epoch 89: loss 0.7688, val_ap 0.6267, minutes 50.94, lr 5.00e-04
    epoch 90: loss 0.7639, val_ap 0.6204, minutes 51.48, lr 5.00e-04
    epoch 91: loss 0.7784, val_ap 0.6228, minutes 51.99, lr 5.00e-04
    epoch 92: loss 0.7656, val_ap 0.6318, minutes 52.46, lr 5.00e-04
    epoch 93: loss 0.7717, val_ap 0.6223, minutes 52.97, lr 5.00e-04
    epoch 94: loss 0.7511, val_ap 0.6207, minutes 53.49, lr 5.00e-04
    epoch 95: loss 0.7673, val_ap 0.6218, minutes 53.99, lr 5.00e-04
    epoch 96: loss 0.7600, val_ap 0.6196, minutes 54.5, lr 5.00e-04
    epoch 97: loss 0.7541, val_ap 0.6064, minutes 55.03, lr 5.00e-04
    epoch 98: loss 0.7552, val_ap 0.6230, minutes 55.5, lr 5.00e-04
    epoch 99: loss 0.7544, val_ap 0.6200, minutes 56.02, lr 5.00e-04
    epoch 100: loss 0.7674, val_ap 0.6229, minutes 56.55, lr 5.00e-04
    epoch 101: loss 0.7548, val_ap 0.6201, minutes 57.05, lr 2.50e-04
    epoch 102: loss 0.7380, val_ap 0.6212, minutes 57.53, lr 2.50e-04
    epoch 103: loss 0.7380, val_ap 0.6200, minutes 58.08, lr 2.50e-04
    epoch 104: loss 0.7345, val_ap 0.6242, minutes 58.58, lr 2.50e-04
    epoch 105: loss 0.7309, val_ap 0.6257, minutes 59.06, lr 2.50e-04
    epoch 106: loss 0.7324, val_ap 0.6215, minutes 59.59, lr 2.50e-04
    epoch 107: loss 0.7452, val_ap 0.6220, minutes 60.1, lr 2.50e-04
    epoch 108: loss 0.7678, val_ap 0.6219, minutes 60.61, lr 2.50e-04
    epoch 109: loss 0.7293, val_ap 0.6241, minutes 61.12, lr 2.50e-04
    epoch 110: loss 0.7299, val_ap 0.6223, minutes 61.64, lr 1.25e-04
    epoch 111: loss 0.7143, val_ap 0.6203, minutes 62.16, lr 1.25e-04
    epoch 112: loss 0.7267, val_ap 0.6203, minutes 62.65, lr 1.25e-04
    epoch 113: loss 0.7210, val_ap 0.6234, minutes 63.17, lr 1.25e-04
    epoch 114: loss 0.7140, val_ap 0.6182, minutes 63.73, lr 1.25e-04
    epoch 115: loss 0.7193, val_ap 0.6213, minutes 64.24, lr 1.25e-04
    epoch 116: loss 0.7107, val_ap 0.6193, minutes 64.75, lr 1.25e-04
    epoch 117: loss 0.7236, val_ap 0.6238, minutes 65.26, lr 1.25e-04
    stopping: no validation gain in 25 epochs
[res_nogate dataset0 fold 0 seed 1] done (66.0 min)
