loaded: dataset0 121,838 sites, data1 90,452
[fk_band dataset0 fold 2 seed 2]
    band weights [0.387, 0.361, 0.252] (bands ((0, 30), (30, 75), (75, 150)))
    epoch 1: loss 1.9625, val_ap 0.1878, minutes 0.51, lr 3.33e-04
    epoch 2: loss 1.5462, val_ap 0.2873, minutes 1.0, lr 6.63e-04
    epoch 3: loss 1.3440, val_ap 0.4209, minutes 1.54, lr 9.89e-04
    epoch 4: loss 1.2205, val_ap 0.4971, minutes 2.0, lr 1.00e-03
    epoch 5: loss 1.1231, val_ap 0.5121, minutes 2.5, lr 1.00e-03
    epoch 6: loss 1.1046, val_ap 0.5287, minutes 2.94, lr 1.00e-03
    epoch 7: loss 1.0871, val_ap 0.5428, minutes 3.5, lr 1.00e-03
    epoch 8: loss 1.0345, val_ap 0.5574, minutes 4.0, lr 1.00e-03
    epoch 9: loss 1.0332, val_ap 0.5672, minutes 4.47, lr 1.00e-03
    epoch 10: loss 0.9904, val_ap 0.5768, minutes 4.96, lr 1.00e-03
    epoch 11: loss 0.9526, val_ap 0.5809, minutes 5.41, lr 1.00e-03
    epoch 12: loss 0.9796, val_ap 0.5763, minutes 5.88, lr 1.00e-03
    epoch 13: loss 0.9360, val_ap 0.5874, minutes 6.34, lr 1.00e-03
    epoch 14: loss 0.9340, val_ap 0.5815, minutes 6.9, lr 1.00e-03
    epoch 15: loss 0.9244, val_ap 0.5857, minutes 7.35, lr 1.00e-03
    epoch 16: loss 0.9231, val_ap 0.5868, minutes 7.84, lr 1.00e-03
    epoch 17: loss 0.9122, val_ap 0.5913, minutes 8.33, lr 1.00e-03
    epoch 18: loss 0.9054, val_ap 0.5935, minutes 8.78, lr 1.00e-03
    epoch 19: loss 0.9012, val_ap 0.5979, minutes 9.26, lr 1.00e-03
    epoch 20: loss 0.9013, val_ap 0.5978, minutes 9.75, lr 1.00e-03
    epoch 21: loss 0.8821, val_ap 0.5963, minutes 10.25, lr 1.00e-03
    epoch 22: loss 0.8926, val_ap 0.5946, minutes 10.75, lr 1.00e-03
    epoch 23: loss 0.8931, val_ap 0.5906, minutes 11.24, lr 1.00e-03
    epoch 24: loss 0.8713, val_ap 0.5985, minutes 11.71, lr 1.00e-03
    epoch 25: loss 0.8566, val_ap 0.5983, minutes 12.2, lr 1.00e-03
    epoch 26: loss 0.8569, val_ap 0.5923, minutes 12.68, lr 1.00e-03
    epoch 27: loss 0.8645, val_ap 0.6071, minutes 13.12, lr 1.00e-03
    epoch 28: loss 0.8515, val_ap 0.6084, minutes 13.66, lr 1.00e-03
    epoch 29: loss 0.8604, val_ap 0.6028, minutes 14.15, lr 1.00e-03
    epoch 30: loss 0.8441, val_ap 0.6059, minutes 14.65, lr 1.00e-03
    epoch 31: loss 0.8541, val_ap 0.5951, minutes 15.16, lr 1.00e-03
    epoch 32: loss 0.8650, val_ap 0.6029, minutes 15.62, lr 1.00e-03
    epoch 33: loss 0.8685, val_ap 0.6081, minutes 16.13, lr 1.00e-03
    epoch 34: loss 0.8372, val_ap 0.6079, minutes 16.6, lr 1.00e-03
    epoch 35: loss 0.8414, val_ap 0.6058, minutes 17.07, lr 1.00e-03
    epoch 36: loss 0.8328, val_ap 0.6109, minutes 17.56, lr 1.00e-03
    epoch 37: loss 0.8324, val_ap 0.6123, minutes 18.02, lr 1.00e-03
    epoch 38: loss 0.8349, val_ap 0.6150, minutes 18.48, lr 1.00e-03
    epoch 39: loss 0.8273, val_ap 0.6159, minutes 18.93, lr 1.00e-03
    epoch 40: loss 0.8344, val_ap 0.6082, minutes 19.4, lr 1.00e-03
    epoch 41: loss 0.8135, val_ap 0.6114, minutes 19.86, lr 1.00e-03
    epoch 42: loss 0.8164, val_ap 0.6171, minutes 20.35, lr 1.00e-03
    epoch 43: loss 0.8095, val_ap 0.6110, minutes 20.79, lr 1.00e-03
    epoch 44: loss 0.7942, val_ap 0.6158, minutes 21.29, lr 1.00e-03
    epoch 45: loss 0.8050, val_ap 0.6032, minutes 21.75, lr 1.00e-03
    epoch 46: loss 0.8006, val_ap 0.6101, minutes 22.27, lr 1.00e-03
    epoch 47: loss 0.8149, val_ap 0.6172, minutes 22.74, lr 1.00e-03
    epoch 48: loss 0.7878, val_ap 0.6085, minutes 23.23, lr 1.00e-03
    epoch 49: loss 0.7830, val_ap 0.6129, minutes 23.74, lr 1.00e-03
    epoch 50: loss 0.7964, val_ap 0.6182, minutes 24.21, lr 1.00e-03
    epoch 51: loss 0.7751, val_ap 0.6166, minutes 24.72, lr 1.00e-03
    epoch 52: loss 0.7900, val_ap 0.6174, minutes 25.19, lr 1.00e-03
    epoch 53: loss 0.7639, val_ap 0.6138, minutes 25.67, lr 1.00e-03
    epoch 54: loss 0.7685, val_ap 0.6153, minutes 26.15, lr 1.00e-03
    epoch 55: loss 0.7688, val_ap 0.6207, minutes 26.6, lr 1.00e-03
    epoch 56: loss 0.7575, val_ap 0.6168, minutes 27.07, lr 1.00e-03
    epoch 57: loss 0.7612, val_ap 0.6163, minutes 27.55, lr 1.00e-03
    epoch 58: loss 0.7671, val_ap 0.6190, minutes 28.03, lr 1.00e-03
    epoch 59: loss 0.7647, val_ap 0.6263, minutes 28.5, lr 1.00e-03
    epoch 60: loss 0.7764, val_ap 0.6204, minutes 28.98, lr 1.00e-03
    epoch 61: loss 0.7719, val_ap 0.6183, minutes 29.52, lr 1.00e-03
    epoch 62: loss 0.7606, val_ap 0.6209, minutes 29.97, lr 1.00e-03
    epoch 63: loss 0.7506, val_ap 0.6243, minutes 30.43, lr 1.00e-03
    epoch 64: loss 0.7493, val_ap 0.6175, minutes 30.92, lr 1.00e-03
    epoch 65: loss 0.7446, val_ap 0.6130, minutes 31.42, lr 1.00e-03
    epoch 66: loss 0.7359, val_ap 0.6092, minutes 31.88, lr 1.00e-03
    epoch 67: loss 0.7416, val_ap 0.6236, minutes 32.32, lr 1.00e-03
    epoch 68: loss 0.7330, val_ap 0.6125, minutes 32.77, lr 5.00e-04
    epoch 69: loss 0.7063, val_ap 0.6189, minutes 33.25, lr 5.00e-04
    epoch 70: loss 0.7043, val_ap 0.6181, minutes 33.71, lr 5.00e-04
    epoch 71: loss 0.7314, val_ap 0.6043, minutes 34.17, lr 5.00e-04
    epoch 72: loss 0.7068, val_ap 0.6088, minutes 34.66, lr 5.00e-04
    epoch 73: loss 0.6937, val_ap 0.6190, minutes 35.13, lr 5.00e-04
    epoch 74: loss 0.7029, val_ap 0.6097, minutes 35.57, lr 5.00e-04
    epoch 75: loss 0.7024, val_ap 0.6147, minutes 36.03, lr 5.00e-04
    epoch 76: loss 0.6934, val_ap 0.6122, minutes 36.53, lr 5.00e-04
    epoch 77: loss 0.7000, val_ap 0.6167, minutes 37.0, lr 2.50e-04
    epoch 78: loss 0.6913, val_ap 0.6182, minutes 37.49, lr 2.50e-04
    epoch 79: loss 0.6703, val_ap 0.6150, minutes 37.93, lr 2.50e-04
    epoch 80: loss 0.6851, val_ap 0.6115, minutes 38.41, lr 2.50e-04
    epoch 81: loss 0.6873, val_ap 0.6069, minutes 38.89, lr 2.50e-04
    epoch 82: loss 0.6798, val_ap 0.6151, minutes 39.38, lr 2.50e-04
    epoch 83: loss 0.6770, val_ap 0.6192, minutes 39.87, lr 2.50e-04
    epoch 84: loss 0.6674, val_ap 0.6159, minutes 40.35, lr 2.50e-04
    stopping: no validation gain in 25 epochs
[fk_band dataset0 fold 2 seed 2] done (41.0 min)
