loaded: dataset0 121,838 sites, data1 90,452
[knn_static dataset0 fold 0]
    epoch 1: loss 1.2007796985712664, minutes 2.48, val_ap 0.23041120631922735, lr 0.00033430799220272904
    epoch 2: loss 0.8698165946536593, minutes 5.3, val_ap 0.4254855459848448, lr 0.0006676413255360624
    epoch 3: loss 0.7730152240970678, minutes 8.09, val_ap 0.4277178870802237, lr 0.001
    epoch 4: loss 0.7497998425486492, minutes 10.91, val_ap 0.4444109307554502, lr 0.001
    epoch 5: loss 0.735996001557997, minutes 14.03, val_ap 0.453504350099985, lr 0.001
    epoch 6: loss 0.7167559225133985, minutes 17.09, val_ap 0.47384726137977806, lr 0.001
    epoch 7: loss 0.6979189211862129, minutes 20.25, val_ap 0.47167010185215597, lr 0.001
    epoch 8: loss 0.6993316002407967, minutes 23.23, val_ap 0.4846570054237401, lr 0.001
    epoch 9: loss 0.6869808912974352, minutes 26.06, val_ap 0.4904144590483651, lr 0.001
    epoch 10: loss 0.6867122965597967, minutes 28.8, val_ap 0.5068457157452615, lr 0.001
    epoch 11: loss 0.6769997037467901, minutes 31.65, val_ap 0.5035200485010533, lr 0.001
    epoch 12: loss 0.6769065679165355, minutes 34.42, val_ap 0.48951381029880686, lr 0.001
    epoch 13: loss 0.662496652606635, minutes 37.27, val_ap 0.5090459409950727, lr 0.001
    epoch 14: loss 0.661331119593124, minutes 40.05, val_ap 0.5034551147176426, lr 0.001
    epoch 15: loss 0.6564417056172912, minutes 42.91, val_ap 0.5047836504342246, lr 0.001
    epoch 16: loss 0.6537601994840723, minutes 45.73, val_ap 0.5057780467012142, lr 0.001
    epoch 17: loss 0.6511143935702698, minutes 48.63, val_ap 0.49959911039047716, lr 0.001
    epoch 18: loss 0.6403110352350257, minutes 51.52, val_ap 0.5160079972395345, lr 0.001
    epoch 19: loss 0.6384428814489241, minutes 54.27, val_ap 0.5066218393295794, lr 0.001
    epoch 20: loss 0.632173302229385, minutes 57.1, val_ap 0.5153438324331597, lr 0.001
    epoch 21: loss 0.6294132952975948, minutes 59.94, val_ap 0.5211266466893895, lr 0.001
    epoch 22: loss 0.6338854835570207, minutes 62.77, val_ap 0.5068356813093094, lr 0.001
    epoch 23: loss 0.6210344799777918, minutes 65.46, val_ap 0.528211388225183, lr 0.001
    epoch 24: loss 0.6299795337587769, minutes 68.29, val_ap 0.5188896467990974, lr 0.001
    epoch 25: loss 0.6132777085778309, minutes 71.14, val_ap 0.5264856733334448, lr 0.001
    epoch 26: loss 0.6162369494375429, minutes 73.93, val_ap 0.522398064499648, lr 0.001
    epoch 27: loss 0.6145112020404715, minutes 76.71, val_ap 0.5391028408490516, lr 0.001
    epoch 28: loss 0.6149671722573844, minutes 79.5, val_ap 0.5244103092962594, lr 0.001
    epoch 29: loss 0.6116602144568984, minutes 82.2, val_ap 0.5202053988155767, lr 0.001
    epoch 30: loss 0.5989307125932292, minutes 85.05, val_ap 0.5293941059059472, lr 0.001
    epoch 31: loss 0.6035176108629383, minutes 87.89, val_ap 0.5302500733275209, lr 0.001
    epoch 32: loss 0.5986329514903632, minutes 90.66, val_ap 0.5340979580294886, lr 0.001
    epoch 33: loss 0.6018473559130005, minutes 93.47, val_ap 0.5191827123088065, lr 0.001
    epoch 34: loss 0.5949376482538312, minutes 96.23, val_ap 0.5360952902448074, lr 0.001
    epoch 35: loss 0.59556956188372, minutes 99.12, val_ap 0.5130014515239645, lr 0.001
    epoch 36: loss 0.5960648706433369, minutes 101.94, val_ap 0.525598703478183, lr 0.0005
    epoch 37: loss 0.5660259751548544, minutes 104.73, val_ap 0.5278514572724706, lr 0.0005
    epoch 38: loss 0.5699746850986926, minutes 107.54, val_ap 0.5363692733182807, lr 0.0005
    epoch 39: loss 0.5560381428627242, minutes 110.38, val_ap 0.5201706596485328, lr 0.0005
    epoch 40: loss 0.5658612491791708, minutes 113.26, val_ap 0.5242264904007118, lr 0.0005
    epoch 41: loss 0.55559841068516, minutes 116.07, val_ap 0.5184125761241551, lr 0.0005
    epoch 42: loss 0.5571607652811976, minutes 118.91, val_ap 0.5307434738237979, lr 0.0005
    epoch 43: loss 0.5409602730246316, minutes 121.66, val_ap 0.5421011840284348, lr 0.0005
    epoch 44: loss 0.549845563825111, minutes 124.51, val_ap 0.5359196300528307, lr 0.0005
    epoch 45: loss 0.5384383342332311, minutes 127.29, val_ap 0.5269925611798159, lr 0.0005
    epoch 46: loss 0.5373378267500832, minutes 130.11, val_ap 0.532475153303536, lr 0.0005
    epoch 47: loss 0.541107338335779, minutes 132.98, val_ap 0.5337917651444228, lr 0.0005
    epoch 48: loss 0.53813936827127, minutes 135.81, val_ap 0.5233147915800166, lr 0.0005
    epoch 49: loss 0.5296842151740838, minutes 138.6, val_ap 0.5358606889872473, lr 0.0005
    epoch 50: loss 0.5293832267498413, minutes 141.42, val_ap 0.5324614092015191, lr 0.0005
    epoch 51: loss 0.5313662786842787, minutes 144.26, val_ap 0.5350329062152118, lr 0.0005
    epoch 52: loss 0.521429985935925, minutes 147.08, val_ap 0.532162394555586, lr 0.00025
    epoch 53: loss 0.518852187353268, minutes 149.9, val_ap 0.5270486463083585, lr 0.00025
    epoch 54: loss 0.5188741221675399, minutes 152.71, val_ap 0.5321955527164419, lr 0.00025
    epoch 55: loss 0.5156533083720514, minutes 155.53, val_ap 0.5226715528176432, lr 0.00025
    epoch 56: loss 0.5121997135163051, minutes 158.33, val_ap 0.5292824726988046, lr 0.00025
    epoch 57: loss 0.5049588533869961, minutes 161.14, val_ap 0.5256161258718078, lr 0.00025
    epoch 58: loss 0.5005297717033771, minutes 163.93, val_ap 0.5253433486922762, lr 0.00025
    epoch 59: loss 0.5017756733455156, minutes 166.77, val_ap 0.5259130939219294, lr 0.00025
    epoch 60: loss 0.5065658465899222, minutes 169.62, val_ap 0.5311833788823366, lr 0.00025
    epoch 61: loss 0.5022775957807463, minutes 172.46, val_ap 0.5330617751887883, lr 0.000125
    epoch 62: loss 0.4810188167799286, minutes 175.39, val_ap 0.5348580995686952, lr 0.000125
    epoch 63: loss 0.5015792550834995, minutes 178.22, val_ap 0.533944104414338, lr 0.000125
    epoch 64: loss 0.49019643616432335, minutes 181.1, val_ap 0.5320216713884975, lr 0.000125
    epoch 65: loss 0.4934172669087934, minutes 183.93, val_ap 0.5255737197304386, lr 0.000125
    epoch 66: loss 0.4924714822779622, minutes 186.74, val_ap 0.5261182419040021, lr 0.000125
    epoch 67: loss 0.500634095386455, minutes 189.55, val_ap 0.5301751204106833, lr 0.000125
    stopping: no validation gain in 25 epochs
[knn_static dataset0 fold 0] done (193.5 min)
