loaded: dataset0 121,838 sites, data1 90,452
[gps dataset0 fold 2]
    epoch 1: loss 1.9677, val_ap 0.1758, minutes 1.42, lr 3.33e-04
    epoch 2: loss 1.6311, val_ap 0.2702, minutes 2.82, lr 6.63e-04
    epoch 3: loss 1.3712, val_ap 0.3899, minutes 4.24, lr 9.92e-04
    epoch 4: loss 1.1983, val_ap 0.4701, minutes 5.64, lr 1.00e-03
    epoch 5: loss 1.1212, val_ap 0.5055, minutes 7.08, lr 1.00e-03
    epoch 6: loss 1.0803, val_ap 0.5249, minutes 8.5, lr 1.00e-03
    epoch 7: loss 1.0364, val_ap 0.5357, minutes 9.9, lr 1.00e-03
    epoch 8: loss 1.0436, val_ap 0.5314, minutes 11.33, lr 1.00e-03
    epoch 9: loss 0.9989, val_ap 0.5432, minutes 12.8, lr 1.00e-03
    epoch 10: loss 1.0114, val_ap 0.5487, minutes 14.3, lr 1.00e-03
    epoch 11: loss 0.9812, val_ap 0.5358, minutes 15.72, lr 1.00e-03
    epoch 12: loss 0.9798, val_ap 0.5438, minutes 17.19, lr 1.00e-03
    epoch 13: loss 0.9343, val_ap 0.5577, minutes 18.64, lr 1.00e-03
    epoch 14: loss 0.9551, val_ap 0.5475, minutes 20.15, lr 1.00e-03
    epoch 15: loss 0.9154, val_ap 0.5584, minutes 21.7, lr 1.00e-03
    epoch 16: loss 0.9176, val_ap 0.5606, minutes 23.15, lr 1.00e-03
    epoch 17: loss 0.9063, val_ap 0.5652, minutes 24.59, lr 1.00e-03
    epoch 18: loss 0.9105, val_ap 0.5634, minutes 26.08, lr 1.00e-03
    epoch 19: loss 0.8873, val_ap 0.5791, minutes 27.62, lr 1.00e-03
    epoch 20: loss 0.8803, val_ap 0.5695, minutes 29.11, lr 1.00e-03
    epoch 21: loss 0.8923, val_ap 0.5602, minutes 30.62, lr 1.00e-03
    epoch 22: loss 0.8601, val_ap 0.5799, minutes 32.18, lr 1.00e-03
    epoch 23: loss 0.8647, val_ap 0.5676, minutes 33.61, lr 1.00e-03
    epoch 24: loss 0.8529, val_ap 0.5846, minutes 35.17, lr 1.00e-03
    epoch 25: loss 0.8594, val_ap 0.5819, minutes 36.65, lr 1.00e-03
    epoch 26: loss 0.8605, val_ap 0.5653, minutes 38.16, lr 1.00e-03
    epoch 27: loss 0.9033, val_ap 0.5765, minutes 39.62, lr 1.00e-03
    epoch 28: loss 0.8568, val_ap 0.5810, minutes 41.2, lr 1.00e-03
    epoch 29: loss 0.8307, val_ap 0.5714, minutes 42.73, lr 1.00e-03
    epoch 30: loss 0.8142, val_ap 0.5799, minutes 44.23, lr 1.00e-03
    epoch 31: loss 0.8591, val_ap 0.5856, minutes 45.79, lr 1.00e-03
    epoch 32: loss 0.8710, val_ap 0.5815, minutes 47.34, lr 1.00e-03
    epoch 33: loss 0.8228, val_ap 0.5868, minutes 48.81, lr 1.00e-03
    epoch 34: loss 0.8206, val_ap 0.5810, minutes 50.3, lr 1.00e-03
    epoch 35: loss 0.8080, val_ap 0.6038, minutes 51.73, lr 1.00e-03
    epoch 36: loss 0.8110, val_ap 0.5966, minutes 53.22, lr 1.00e-03
    epoch 37: loss 0.8078, val_ap 0.5997, minutes 54.7, lr 1.00e-03
    epoch 38: loss 0.7859, val_ap 0.5941, minutes 56.12, lr 1.00e-03
    epoch 39: loss 0.8041, val_ap 0.5869, minutes 57.62, lr 1.00e-03
    epoch 40: loss 0.7610, val_ap 0.5942, minutes 59.09, lr 1.00e-03
    epoch 41: loss 0.7909, val_ap 0.6027, minutes 60.54, lr 1.00e-03
    epoch 42: loss 0.7842, val_ap 0.6054, minutes 62.0, lr 1.00e-03
    epoch 43: loss 0.7718, val_ap 0.6052, minutes 63.46, lr 1.00e-03
    epoch 44: loss 0.7849, val_ap 0.5960, minutes 64.92, lr 1.00e-03
    epoch 45: loss 0.7683, val_ap 0.6024, minutes 66.38, lr 1.00e-03
    epoch 46: loss 0.7608, val_ap 0.6079, minutes 67.87, lr 1.00e-03
    epoch 47: loss 0.7645, val_ap 0.5960, minutes 69.38, lr 1.00e-03
    epoch 48: loss 0.7574, val_ap 0.6010, minutes 70.92, lr 1.00e-03
    epoch 49: loss 0.7652, val_ap 0.6026, minutes 72.36, lr 1.00e-03
    epoch 50: loss 0.7631, val_ap 0.5848, minutes 73.86, lr 1.00e-03
    epoch 51: loss 0.7466, val_ap 0.6006, minutes 75.32, lr 1.00e-03
    epoch 52: loss 0.7507, val_ap 0.5871, minutes 76.82, lr 1.00e-03
    epoch 53: loss 0.7477, val_ap 0.5767, minutes 78.3, lr 1.00e-03
    epoch 54: loss 0.7397, val_ap 0.5970, minutes 79.76, lr 1.00e-03
    epoch 55: loss 0.7385, val_ap 0.6056, minutes 81.19, lr 5.00e-04
    epoch 56: loss 0.7126, val_ap 0.5989, minutes 82.66, lr 5.00e-04
    epoch 57: loss 0.7031, val_ap 0.5969, minutes 84.13, lr 5.00e-04
    epoch 58: loss 0.7079, val_ap 0.6066, minutes 85.6, lr 5.00e-04
    epoch 59: loss 0.6912, val_ap 0.5959, minutes 87.11, lr 5.00e-04
    epoch 60: loss 0.6937, val_ap 0.5871, minutes 88.58, lr 5.00e-04
    epoch 61: loss 0.6892, val_ap 0.6049, minutes 90.06, lr 5.00e-04
    epoch 62: loss 0.6859, val_ap 0.6040, minutes 91.49, lr 5.00e-04
    epoch 63: loss 0.6862, val_ap 0.5875, minutes 92.95, lr 5.00e-04
    epoch 64: loss 0.6798, val_ap 0.5893, minutes 94.46, lr 2.50e-04
    epoch 65: loss 0.6645, val_ap 0.5979, minutes 95.91, lr 2.50e-04
    epoch 66: loss 0.6558, val_ap 0.5893, minutes 97.37, lr 2.50e-04
    epoch 67: loss 0.6536, val_ap 0.5844, minutes 98.85, lr 2.50e-04
    epoch 68: loss 0.6531, val_ap 0.6043, minutes 100.31, lr 2.50e-04
    epoch 69: loss 0.6545, val_ap 0.5898, minutes 101.83, lr 2.50e-04
    epoch 70: loss 0.6568, val_ap 0.5887, minutes 103.35, lr 2.50e-04
    epoch 71: loss 0.6492, val_ap 0.5961, minutes 104.84, lr 2.50e-04
    stopping: no validation gain in 25 epochs
[gps dataset0 fold 2] done (105.5 min)
