loaded: dataset0 121,838 sites, data1 90,452
[h2gcn_aux_r400 dataset0 fold 2 seed 2]
    epoch 1: loss 1.9627, val_ap 0.1887, minutes 0.51, lr 3.33e-04
    epoch 2: loss 1.5432, val_ap 0.2961, minutes 1.03, lr 6.63e-04
    epoch 3: loss 1.3265, val_ap 0.4479, minutes 1.54, lr 9.89e-04
    epoch 4: loss 1.2260, val_ap 0.5158, minutes 2.03, lr 1.00e-03
    epoch 5: loss 1.1127, val_ap 0.5340, minutes 2.51, lr 1.00e-03
    epoch 6: loss 1.0996, val_ap 0.5401, minutes 3.0, lr 1.00e-03
    epoch 7: loss 1.0741, val_ap 0.5513, minutes 3.52, lr 1.00e-03
    epoch 8: loss 1.0258, val_ap 0.5703, minutes 3.98, lr 1.00e-03
    epoch 9: loss 1.0062, val_ap 0.5815, minutes 4.47, lr 1.00e-03
    epoch 10: loss 0.9718, val_ap 0.5891, minutes 4.96, lr 1.00e-03
    epoch 11: loss 0.9499, val_ap 0.5960, minutes 5.43, lr 1.00e-03
    epoch 12: loss 0.9955, val_ap 0.5825, minutes 5.88, lr 1.00e-03
    epoch 13: loss 0.9422, val_ap 0.5986, minutes 6.35, lr 1.00e-03
    epoch 14: loss 0.9427, val_ap 0.5911, minutes 6.87, lr 1.00e-03
    epoch 15: loss 0.9241, val_ap 0.5912, minutes 7.38, lr 1.00e-03
    epoch 16: loss 0.9287, val_ap 0.5990, minutes 7.88, lr 1.00e-03
    epoch 17: loss 0.9097, val_ap 0.6017, minutes 8.37, lr 1.00e-03
    epoch 18: loss 0.9086, val_ap 0.6066, minutes 8.85, lr 1.00e-03
    epoch 19: loss 0.9225, val_ap 0.6059, minutes 9.33, lr 1.00e-03
    epoch 20: loss 0.9105, val_ap 0.6092, minutes 9.83, lr 1.00e-03
    epoch 21: loss 0.8921, val_ap 0.6050, minutes 10.32, lr 1.00e-03
    epoch 22: loss 0.8906, val_ap 0.6022, minutes 10.78, lr 1.00e-03
    epoch 23: loss 0.8938, val_ap 0.5993, minutes 11.25, lr 1.00e-03
    epoch 24: loss 0.8811, val_ap 0.6027, minutes 11.74, lr 1.00e-03
    epoch 25: loss 0.8681, val_ap 0.6107, minutes 12.23, lr 1.00e-03
    epoch 26: loss 0.8687, val_ap 0.5991, minutes 12.72, lr 1.00e-03
    epoch 27: loss 0.8783, val_ap 0.6125, minutes 13.25, lr 1.00e-03
    epoch 28: loss 0.8661, val_ap 0.6197, minutes 13.74, lr 1.00e-03
    epoch 29: loss 0.8756, val_ap 0.6140, minutes 14.23, lr 1.00e-03
    epoch 30: loss 0.8646, val_ap 0.6126, minutes 14.71, lr 1.00e-03
    epoch 31: loss 0.8650, val_ap 0.6089, minutes 15.17, lr 1.00e-03
    epoch 32: loss 0.8608, val_ap 0.6121, minutes 15.66, lr 1.00e-03
    epoch 33: loss 0.8811, val_ap 0.6224, minutes 16.17, lr 1.00e-03
    epoch 34: loss 0.8492, val_ap 0.6205, minutes 16.66, lr 1.00e-03
    epoch 35: loss 0.8637, val_ap 0.6183, minutes 17.16, lr 1.00e-03
    epoch 36: loss 0.8537, val_ap 0.6123, minutes 17.62, lr 1.00e-03
    epoch 37: loss 0.8529, val_ap 0.6209, minutes 18.12, lr 1.00e-03
    epoch 38: loss 0.8488, val_ap 0.6217, minutes 18.59, lr 1.00e-03
    epoch 39: loss 0.8535, val_ap 0.6276, minutes 19.08, lr 1.00e-03
    epoch 40: loss 0.8530, val_ap 0.6280, minutes 19.6, lr 1.00e-03
    epoch 41: loss 0.8240, val_ap 0.6276, minutes 20.07, lr 1.00e-03
    epoch 42: loss 0.8371, val_ap 0.6224, minutes 20.62, lr 1.00e-03
    epoch 43: loss 0.8251, val_ap 0.6211, minutes 21.11, lr 1.00e-03
    epoch 44: loss 0.8104, val_ap 0.6349, minutes 21.61, lr 1.00e-03
    epoch 45: loss 0.8196, val_ap 0.6201, minutes 22.15, lr 1.00e-03
    epoch 46: loss 0.8224, val_ap 0.6307, minutes 22.64, lr 1.00e-03
    epoch 47: loss 0.8333, val_ap 0.6346, minutes 23.14, lr 1.00e-03
    epoch 48: loss 0.8002, val_ap 0.6288, minutes 23.63, lr 1.00e-03
    epoch 49: loss 0.8047, val_ap 0.6225, minutes 24.09, lr 1.00e-03
    epoch 50: loss 0.8111, val_ap 0.6312, minutes 24.58, lr 1.00e-03
    epoch 51: loss 0.7876, val_ap 0.6271, minutes 25.08, lr 1.00e-03
    epoch 52: loss 0.8081, val_ap 0.6377, minutes 25.59, lr 1.00e-03
    epoch 53: loss 0.7862, val_ap 0.6372, minutes 26.05, lr 1.00e-03
    epoch 54: loss 0.7848, val_ap 0.6349, minutes 26.55, lr 1.00e-03
    epoch 55: loss 0.7800, val_ap 0.6384, minutes 27.04, lr 1.00e-03
    epoch 56: loss 0.7778, val_ap 0.6384, minutes 27.54, lr 1.00e-03
    epoch 57: loss 0.7751, val_ap 0.6228, minutes 28.02, lr 1.00e-03
    epoch 58: loss 0.7835, val_ap 0.6313, minutes 28.52, lr 1.00e-03
    epoch 59: loss 0.7777, val_ap 0.6380, minutes 29.02, lr 1.00e-03
    epoch 60: loss 0.8016, val_ap 0.6331, minutes 29.52, lr 1.00e-03
    epoch 61: loss 0.7774, val_ap 0.6433, minutes 30.02, lr 1.00e-03
    epoch 62: loss 0.7782, val_ap 0.6408, minutes 30.53, lr 1.00e-03
    epoch 63: loss 0.7649, val_ap 0.6438, minutes 31.0, lr 1.00e-03
    epoch 64: loss 0.7541, val_ap 0.6382, minutes 31.49, lr 1.00e-03
    epoch 65: loss 0.7579, val_ap 0.6292, minutes 31.98, lr 1.00e-03
    epoch 66: loss 0.7497, val_ap 0.6322, minutes 32.45, lr 1.00e-03
    epoch 67: loss 0.7496, val_ap 0.6439, minutes 32.92, lr 1.00e-03
    epoch 68: loss 0.7472, val_ap 0.6367, minutes 33.4, lr 1.00e-03
    epoch 69: loss 0.7412, val_ap 0.6361, minutes 33.87, lr 1.00e-03
    epoch 70: loss 0.7467, val_ap 0.6242, minutes 34.4, lr 1.00e-03
    epoch 71: loss 0.7708, val_ap 0.6253, minutes 34.88, lr 1.00e-03
    epoch 72: loss 0.7498, val_ap 0.6419, minutes 35.37, lr 1.00e-03
    epoch 73: loss 0.7222, val_ap 0.6434, minutes 35.84, lr 1.00e-03
    epoch 74: loss 0.7364, val_ap 0.6337, minutes 36.34, lr 1.00e-03
    epoch 75: loss 0.7605, val_ap 0.6372, minutes 36.82, lr 1.00e-03
    epoch 76: loss 0.7463, val_ap 0.6159, minutes 37.3, lr 5.00e-04
    epoch 77: loss 0.7180, val_ap 0.6416, minutes 37.79, lr 5.00e-04
    epoch 78: loss 0.7093, val_ap 0.6389, minutes 38.29, lr 5.00e-04
    epoch 79: loss 0.6882, val_ap 0.6371, minutes 38.77, lr 5.00e-04
    epoch 80: loss 0.7035, val_ap 0.6341, minutes 39.25, lr 5.00e-04
    epoch 81: loss 0.7127, val_ap 0.6292, minutes 39.74, lr 5.00e-04
    epoch 82: loss 0.6978, val_ap 0.6402, minutes 40.25, lr 5.00e-04
    epoch 83: loss 0.6861, val_ap 0.6354, minutes 40.71, lr 5.00e-04
    epoch 84: loss 0.6915, val_ap 0.6362, minutes 41.2, lr 5.00e-04
    epoch 85: loss 0.6899, val_ap 0.6339, minutes 41.69, lr 2.50e-04
    epoch 86: loss 0.6804, val_ap 0.6348, minutes 42.14, lr 2.50e-04
    epoch 87: loss 0.6797, val_ap 0.6386, minutes 42.64, lr 2.50e-04
    epoch 88: loss 0.6713, val_ap 0.6314, minutes 43.13, lr 2.50e-04
    epoch 89: loss 0.6717, val_ap 0.6344, minutes 43.6, lr 2.50e-04
    epoch 90: loss 0.6754, val_ap 0.6312, minutes 44.1, lr 2.50e-04
    epoch 91: loss 0.6739, val_ap 0.6243, minutes 44.58, lr 2.50e-04
    epoch 92: loss 0.6736, val_ap 0.6304, minutes 45.04, lr 2.50e-04
    stopping: no validation gain in 25 epochs
[h2gcn_aux_r400 dataset0 fold 2 seed 2] done (45.6 min)
