loaded: dataset0 121,838 sites, data1 90,452
[deepset_hand pooled_both fold 4]
    epoch 1: loss 1.0893329460422199, minutes 0.29, val_ap 0.3489873680585277, lr 0.0003338888888888889
    epoch 2: loss 0.8551966730753581, minutes 0.6, val_ap 0.40510256621388846, lr 0.0006672222222222223
    epoch 3: loss 0.8250084010263284, minutes 0.89, val_ap 0.41661861541366707, lr 0.001
    epoch 4: loss 0.8083273488779863, minutes 1.18, val_ap 0.43184417965843636, lr 0.001
    epoch 5: loss 0.7971018039683501, minutes 1.51, val_ap 0.43186758043622553, lr 0.001
    epoch 6: loss 0.7854914052784443, minutes 1.83, val_ap 0.4453671356653126, lr 0.001
    epoch 7: loss 0.7776756681501865, minutes 2.13, val_ap 0.4436606532287167, lr 0.001
    epoch 8: loss 0.7700136389334996, minutes 2.44, val_ap 0.43785321557479695, lr 0.001
    epoch 9: loss 0.7606135932107766, minutes 2.76, val_ap 0.4308159921423021, lr 0.001
    epoch 10: loss 0.7537510899206002, minutes 3.08, val_ap 0.43184623090507235, lr 0.001
    epoch 11: loss 0.745285538683335, minutes 3.41, val_ap 0.4323629051458115, lr 0.001
    epoch 12: loss 0.7362563574810823, minutes 3.74, val_ap 0.43664411450371354, lr 0.001
    epoch 13: loss 0.7306340605517229, minutes 4.07, val_ap 0.45104829588372747, lr 0.001
    epoch 14: loss 0.7194427519539992, minutes 4.4, val_ap 0.4335866275497169, lr 0.001
    epoch 15: loss 0.7124341921011607, minutes 4.72, val_ap 0.4226774328262803, lr 0.001
    epoch 16: loss 0.7029097179571787, minutes 5.06, val_ap 0.4389176251212285, lr 0.001
    epoch 17: loss 0.695721521427234, minutes 5.39, val_ap 0.43486557421468225, lr 0.001
    epoch 18: loss 0.6883404948314031, minutes 5.7, val_ap 0.4405065294289063, lr 0.001
    epoch 19: loss 0.6800962589681149, minutes 6.01, val_ap 0.43570187100109165, lr 0.001
    epoch 20: loss 0.6724423755705357, minutes 6.33, val_ap 0.4380297276417894, lr 0.001
    epoch 21: loss 0.6635840045909087, minutes 6.65, val_ap 0.4371756604685297, lr 0.001
    epoch 22: loss 0.6552708789209525, minutes 6.97, val_ap 0.43878642646536636, lr 0.0005
    epoch 23: loss 0.6194533133506774, minutes 7.3, val_ap 0.43453300097411784, lr 0.0005
    epoch 24: loss 0.6076126345992088, minutes 7.61, val_ap 0.439950511147315, lr 0.0005
    epoch 25: loss 0.5997275132934252, minutes 7.93, val_ap 0.42143017482735823, lr 0.0005
    epoch 26: loss 0.5933294782042503, minutes 8.24, val_ap 0.42571212534667685, lr 0.0005
    epoch 27: loss 0.5857321162521839, minutes 8.55, val_ap 0.4213402600311538, lr 0.0005
    epoch 28: loss 0.5811808923383553, minutes 8.87, val_ap 0.4330973719768245, lr 0.0005
    epoch 29: loss 0.5722753569980462, minutes 9.18, val_ap 0.4238919718902195, lr 0.0005
    epoch 30: loss 0.5674496882160505, minutes 9.48, val_ap 0.4249795654578822, lr 0.0005
    epoch 31: loss 0.5642517026265462, minutes 9.82, val_ap 0.413845811370925, lr 0.00025
    epoch 32: loss 0.538531643251578, minutes 10.15, val_ap 0.4178606828125951, lr 0.00025
    epoch 33: loss 0.5310071690877278, minutes 10.46, val_ap 0.4166530978793912, lr 0.00025
    epoch 34: loss 0.5281371335685253, minutes 10.77, val_ap 0.4241214033459778, lr 0.00025
    epoch 35: loss 0.5232776889701685, minutes 11.11, val_ap 0.4215666732117522, lr 0.00025
    epoch 36: loss 0.5191597940027713, minutes 11.44, val_ap 0.40974770493277124, lr 0.00025
    epoch 37: loss 0.5135041234890619, minutes 11.76, val_ap 0.4183887384961954, lr 0.00025
    stopping: no validation gain in 25 epochs
[deepset_hand pooled_both fold 4] done (12.3 min)
