loaded: dataset0 121,838 sites, data1 90,452
[h2gcn_aux_r400 pooled_both fold 3 seed 1]
    epoch 1: loss 1.8949, val_ap 0.1625, minutes 0.93, lr 3.31e-04
    epoch 2: loss 1.5575, val_ap 0.3138, minutes 1.78, lr 6.60e-04
    epoch 3: loss 1.3828, val_ap 0.4224, minutes 2.7, lr 9.89e-04
    epoch 4: loss 1.3024, val_ap 0.4439, minutes 3.63, lr 1.00e-03
    epoch 5: loss 1.2538, val_ap 0.4581, minutes 4.58, lr 1.00e-03
    epoch 6: loss 1.2347, val_ap 0.4567, minutes 5.48, lr 1.00e-03
    epoch 7: loss 1.2231, val_ap 0.4679, minutes 6.37, lr 1.00e-03
    epoch 8: loss 1.2219, val_ap 0.4546, minutes 7.28, lr 1.00e-03
    epoch 9: loss 1.1999, val_ap 0.4693, minutes 8.19, lr 1.00e-03
    epoch 10: loss 1.1883, val_ap 0.4683, minutes 9.05, lr 1.00e-03
    epoch 11: loss 1.1883, val_ap 0.4712, minutes 9.93, lr 1.00e-03
    epoch 12: loss 1.1823, val_ap 0.4732, minutes 10.79, lr 1.00e-03
    epoch 13: loss 1.1662, val_ap 0.4773, minutes 11.66, lr 1.00e-03
    epoch 14: loss 1.1683, val_ap 0.4783, minutes 12.51, lr 1.00e-03
    epoch 15: loss 1.1685, val_ap 0.4757, minutes 13.4, lr 1.00e-03
    epoch 16: loss 1.1528, val_ap 0.4829, minutes 14.24, lr 1.00e-03
    epoch 17: loss 1.1598, val_ap 0.4848, minutes 15.15, lr 1.00e-03
    epoch 18: loss 1.1520, val_ap 0.4891, minutes 16.04, lr 1.00e-03
    epoch 19: loss 1.1375, val_ap 0.4952, minutes 16.96, lr 1.00e-03
    epoch 20: loss 1.1403, val_ap 0.4952, minutes 17.84, lr 1.00e-03
    epoch 21: loss 1.1415, val_ap 0.4977, minutes 18.73, lr 1.00e-03
    epoch 22: loss 1.1284, val_ap 0.4958, minutes 19.58, lr 1.00e-03
    epoch 23: loss 1.1261, val_ap 0.5018, minutes 20.41, lr 1.00e-03
    epoch 24: loss 1.1226, val_ap 0.4964, minutes 21.28, lr 1.00e-03
    epoch 25: loss 1.1192, val_ap 0.4875, minutes 22.12, lr 1.00e-03
    epoch 26: loss 1.1216, val_ap 0.5082, minutes 22.92, lr 1.00e-03
    epoch 27: loss 1.1211, val_ap 0.5044, minutes 23.78, lr 1.00e-03
    epoch 28: loss 1.1083, val_ap 0.4997, minutes 24.68, lr 1.00e-03
    epoch 29: loss 1.1087, val_ap 0.5067, minutes 25.52, lr 1.00e-03
    epoch 30: loss 1.1060, val_ap 0.5096, minutes 26.4, lr 1.00e-03
    epoch 31: loss 1.0975, val_ap 0.5080, minutes 27.26, lr 1.00e-03
    epoch 32: loss 1.1055, val_ap 0.5083, minutes 28.13, lr 1.00e-03
    epoch 33: loss 1.0879, val_ap 0.5102, minutes 29.04, lr 1.00e-03
    epoch 34: loss 1.0897, val_ap 0.5106, minutes 29.88, lr 1.00e-03
    epoch 35: loss 1.0764, val_ap 0.5056, minutes 30.74, lr 1.00e-03
    epoch 36: loss 1.0825, val_ap 0.5075, minutes 31.59, lr 1.00e-03
    epoch 37: loss 1.0755, val_ap 0.5038, minutes 32.44, lr 1.00e-03
    epoch 38: loss 1.0846, val_ap 0.5117, minutes 33.23, lr 1.00e-03
    epoch 39: loss 1.0763, val_ap 0.4994, minutes 34.1, lr 1.00e-03
    epoch 40: loss 1.0749, val_ap 0.5057, minutes 34.95, lr 1.00e-03
    epoch 41: loss 1.0565, val_ap 0.5035, minutes 35.8, lr 1.00e-03
    epoch 42: loss 1.0571, val_ap 0.5080, minutes 36.66, lr 1.00e-03
    epoch 43: loss 1.0521, val_ap 0.5125, minutes 37.52, lr 1.00e-03
    epoch 44: loss 1.0602, val_ap 0.5173, minutes 38.37, lr 1.00e-03
    epoch 45: loss 1.0553, val_ap 0.5086, minutes 39.23, lr 1.00e-03
    epoch 46: loss 1.0435, val_ap 0.5119, minutes 40.03, lr 1.00e-03
    epoch 47: loss 1.0407, val_ap 0.5092, minutes 40.87, lr 1.00e-03
    epoch 48: loss 1.0380, val_ap 0.5059, minutes 41.65, lr 1.00e-03
    epoch 49: loss 1.0392, val_ap 0.5023, minutes 42.49, lr 1.00e-03
    epoch 50: loss 1.0355, val_ap 0.5116, minutes 43.33, lr 1.00e-03
    epoch 51: loss 1.0320, val_ap 0.5002, minutes 44.18, lr 1.00e-03
    epoch 52: loss 1.0320, val_ap 0.4634, minutes 45.01, lr 1.00e-03
    epoch 53: loss 1.0254, val_ap 0.5113, minutes 45.89, lr 5.00e-04
    epoch 54: loss 0.9957, val_ap 0.4961, minutes 46.7, lr 5.00e-04
    epoch 55: loss 0.9976, val_ap 0.5030, minutes 47.49, lr 5.00e-04
    epoch 56: loss 0.9962, val_ap 0.4996, minutes 48.28, lr 5.00e-04
    epoch 57: loss 0.9931, val_ap 0.4939, minutes 49.04, lr 5.00e-04
    epoch 58: loss 0.9897, val_ap 0.4923, minutes 49.74, lr 5.00e-04
    epoch 59: loss 0.9901, val_ap 0.4970, minutes 50.41, lr 5.00e-04
    epoch 60: loss 0.9815, val_ap 0.4890, minutes 51.03, lr 5.00e-04
    epoch 61: loss 0.9897, val_ap 0.4941, minutes 51.62, lr 5.00e-04
    epoch 62: loss 0.9805, val_ap 0.4795, minutes 52.12, lr 2.50e-04
    epoch 63: loss 0.9739, val_ap 0.4816, minutes 52.58, lr 2.50e-04
    epoch 64: loss 0.9704, val_ap 0.4870, minutes 53.05, lr 2.50e-04
    epoch 65: loss 0.9686, val_ap 0.4879, minutes 53.52, lr 2.50e-04
    epoch 66: loss 0.9604, val_ap 0.4789, minutes 54.01, lr 2.50e-04
    epoch 67: loss 0.9660, val_ap 0.4783, minutes 54.46, lr 2.50e-04
    epoch 68: loss 0.9584, val_ap 0.4848, minutes 54.9, lr 2.50e-04
    epoch 69: loss 0.9595, val_ap 0.4758, minutes 55.29, lr 2.50e-04
    stopping: no validation gain in 25 epochs
[h2gcn_aux_r400 pooled_both fold 3 seed 1] done (55.7 min)
