loaded: dataset0 121,838 sites, data1 90,452
[h2gcn_aux pooled_both fold 2]
    epoch 1: loss 1.8933, val_ap 0.1829, minutes 0.7, lr 3.31e-04
    epoch 2: loss 1.5311, val_ap 0.3314, minutes 1.34, lr 6.58e-04
    epoch 3: loss 1.3641, val_ap 0.4171, minutes 2.05, lr 9.85e-04
    epoch 4: loss 1.2996, val_ap 0.4393, minutes 2.75, lr 1.00e-03
    epoch 5: loss 1.2667, val_ap 0.4433, minutes 3.36, lr 1.00e-03
    epoch 6: loss 1.2436, val_ap 0.4470, minutes 4.0, lr 1.00e-03
    epoch 7: loss 1.2403, val_ap 0.4467, minutes 4.66, lr 1.00e-03
    epoch 8: loss 1.2319, val_ap 0.4518, minutes 5.31, lr 1.00e-03
    epoch 9: loss 1.2060, val_ap 0.4558, minutes 5.94, lr 1.00e-03
    epoch 10: loss 1.1999, val_ap 0.4567, minutes 6.53, lr 1.00e-03
    epoch 11: loss 1.2091, val_ap 0.4615, minutes 7.16, lr 1.00e-03
    epoch 12: loss 1.1872, val_ap 0.4618, minutes 7.84, lr 1.00e-03
    epoch 13: loss 1.1837, val_ap 0.4619, minutes 8.5, lr 1.00e-03
    epoch 14: loss 1.1985, val_ap 0.4574, minutes 9.14, lr 1.00e-03
    epoch 15: loss 1.1879, val_ap 0.4683, minutes 9.8, lr 1.00e-03
    epoch 16: loss 1.1804, val_ap 0.4656, minutes 10.42, lr 1.00e-03
    epoch 17: loss 1.1812, val_ap 0.4719, minutes 11.07, lr 1.00e-03
    epoch 18: loss 1.1674, val_ap 0.4705, minutes 11.79, lr 1.00e-03
    epoch 19: loss 1.1661, val_ap 0.4700, minutes 12.45, lr 1.00e-03
    epoch 20: loss 1.1584, val_ap 0.4662, minutes 13.06, lr 1.00e-03
    epoch 21: loss 1.1537, val_ap 0.4761, minutes 13.66, lr 1.00e-03
    epoch 22: loss 1.1440, val_ap 0.4764, minutes 14.24, lr 1.00e-03
    epoch 23: loss 1.1434, val_ap 0.4734, minutes 14.79, lr 1.00e-03
    epoch 24: loss 1.1478, val_ap 0.4759, minutes 15.39, lr 1.00e-03
    epoch 25: loss 1.1358, val_ap 0.4776, minutes 15.97, lr 1.00e-03
    epoch 26: loss 1.1416, val_ap 0.4754, minutes 16.54, lr 1.00e-03
    epoch 27: loss 1.1314, val_ap 0.4787, minutes 17.13, lr 1.00e-03
    epoch 28: loss 1.1270, val_ap 0.4729, minutes 17.74, lr 1.00e-03
    epoch 29: loss 1.1308, val_ap 0.4784, minutes 18.33, lr 1.00e-03
    epoch 30: loss 1.1259, val_ap 0.4745, minutes 18.87, lr 1.00e-03
    epoch 31: loss 1.1167, val_ap 0.4824, minutes 19.45, lr 1.00e-03
    epoch 32: loss 1.1133, val_ap 0.4735, minutes 19.99, lr 1.00e-03
    epoch 33: loss 1.1094, val_ap 0.4840, minutes 20.55, lr 1.00e-03
    epoch 34: loss 1.1004, val_ap 0.4795, minutes 21.11, lr 1.00e-03
    epoch 35: loss 1.1082, val_ap 0.4694, minutes 21.58, lr 1.00e-03
    epoch 36: loss 1.1026, val_ap 0.4836, minutes 22.06, lr 1.00e-03
    epoch 37: loss 1.0884, val_ap 0.4810, minutes 22.56, lr 1.00e-03
    epoch 38: loss 1.0898, val_ap 0.4796, minutes 23.05, lr 1.00e-03
    epoch 39: loss 1.0982, val_ap 0.4822, minutes 23.52, lr 1.00e-03
    epoch 40: loss 1.0943, val_ap 0.4801, minutes 23.99, lr 1.00e-03
    epoch 41: loss 1.0805, val_ap 0.4882, minutes 24.45, lr 1.00e-03
    epoch 42: loss 1.0763, val_ap 0.4850, minutes 24.91, lr 1.00e-03
    epoch 43: loss 1.0769, val_ap 0.4853, minutes 25.37, lr 1.00e-03
    epoch 44: loss 1.0714, val_ap 0.4828, minutes 25.8, lr 1.00e-03
    epoch 45: loss 1.0564, val_ap 0.4918, minutes 26.25, lr 1.00e-03
    epoch 46: loss 1.0594, val_ap 0.4857, minutes 26.72, lr 1.00e-03
    epoch 47: loss 1.0615, val_ap 0.4812, minutes 27.18, lr 1.00e-03
    epoch 48: loss 1.0564, val_ap 0.4891, minutes 27.65, lr 1.00e-03
    epoch 49: loss 1.0478, val_ap 0.4787, minutes 28.1, lr 1.00e-03
    epoch 50: loss 1.0477, val_ap 0.4843, minutes 28.57, lr 1.00e-03
    epoch 51: loss 1.0452, val_ap 0.4887, minutes 29.02, lr 1.00e-03
    epoch 52: loss 1.0420, val_ap 0.4700, minutes 29.49, lr 1.00e-03
    epoch 53: loss 1.0314, val_ap 0.4852, minutes 29.91, lr 1.00e-03
    epoch 54: loss 1.0233, val_ap 0.4697, minutes 30.35, lr 5.00e-04
    epoch 55: loss 1.0085, val_ap 0.4798, minutes 30.8, lr 5.00e-04
    epoch 56: loss 0.9967, val_ap 0.4747, minutes 31.26, lr 5.00e-04
    epoch 57: loss 1.0008, val_ap 0.4820, minutes 31.73, lr 5.00e-04
    epoch 58: loss 0.9978, val_ap 0.4758, minutes 32.22, lr 5.00e-04
    epoch 59: loss 0.9894, val_ap 0.4753, minutes 32.7, lr 5.00e-04
    epoch 60: loss 0.9887, val_ap 0.4748, minutes 33.17, lr 5.00e-04
    epoch 61: loss 0.9945, val_ap 0.4700, minutes 33.65, lr 5.00e-04
    epoch 62: loss 0.9842, val_ap 0.4766, minutes 34.12, lr 5.00e-04
    epoch 63: loss 0.9756, val_ap 0.4705, minutes 34.59, lr 2.50e-04
    epoch 64: loss 0.9682, val_ap 0.4744, minutes 35.06, lr 2.50e-04
    epoch 65: loss 0.9717, val_ap 0.4735, minutes 35.54, lr 2.50e-04
    epoch 66: loss 0.9519, val_ap 0.4693, minutes 36.02, lr 2.50e-04
    epoch 67: loss 0.9608, val_ap 0.4680, minutes 36.49, lr 2.50e-04
    epoch 68: loss 0.9586, val_ap 0.4723, minutes 36.97, lr 2.50e-04
    epoch 69: loss 0.9612, val_ap 0.4686, minutes 37.43, lr 2.50e-04
    epoch 70: loss 0.9507, val_ap 0.4686, minutes 37.87, lr 2.50e-04
    stopping: no validation gain in 25 epochs
[h2gcn_aux pooled_both fold 2] done (38.2 min)
