loaded: dataset0 121,838 sites, data1 90,452
[fk_band_shuffled dataset0 fold 2]
    band weights [0.387, 0.361, 0.252] (bands ((0, 30), (30, 75), (75, 150)))
    epoch 1: loss 1.9672, val_ap 0.1861, minutes 0.46, lr 3.33e-04
    epoch 2: loss 1.6229, val_ap 0.2951, minutes 1.05, lr 6.63e-04
    epoch 3: loss 1.3566, val_ap 0.4277, minutes 1.53, lr 9.92e-04
    epoch 4: loss 1.2041, val_ap 0.4946, minutes 2.02, lr 1.00e-03
    epoch 5: loss 1.1254, val_ap 0.5257, minutes 2.54, lr 1.00e-03
    epoch 6: loss 1.0788, val_ap 0.5423, minutes 3.03, lr 1.00e-03
    epoch 7: loss 1.0347, val_ap 0.5631, minutes 3.59, lr 1.00e-03
    epoch 8: loss 1.0347, val_ap 0.5750, minutes 4.1, lr 1.00e-03
    epoch 9: loss 1.0039, val_ap 0.5822, minutes 4.68, lr 1.00e-03
    epoch 10: loss 0.9855, val_ap 0.5900, minutes 5.18, lr 1.00e-03
    epoch 11: loss 0.9697, val_ap 0.5744, minutes 5.68, lr 1.00e-03
    epoch 12: loss 0.9421, val_ap 0.5848, minutes 6.17, lr 1.00e-03
    epoch 13: loss 0.9272, val_ap 0.5881, minutes 6.68, lr 1.00e-03
    epoch 14: loss 0.9405, val_ap 0.5921, minutes 7.18, lr 1.00e-03
    epoch 15: loss 0.9083, val_ap 0.5841, minutes 7.7, lr 1.00e-03
    epoch 16: loss 0.9087, val_ap 0.5946, minutes 8.25, lr 1.00e-03
    epoch 17: loss 0.9017, val_ap 0.6050, minutes 8.73, lr 1.00e-03
    epoch 18: loss 0.9117, val_ap 0.5930, minutes 9.22, lr 1.00e-03
    epoch 19: loss 0.8923, val_ap 0.5981, minutes 9.8, lr 1.00e-03
    epoch 20: loss 0.8916, val_ap 0.6003, minutes 10.35, lr 1.00e-03
    epoch 21: loss 0.8875, val_ap 0.5955, minutes 10.89, lr 1.00e-03
    epoch 22: loss 0.8705, val_ap 0.6008, minutes 11.43, lr 1.00e-03
    epoch 23: loss 0.8829, val_ap 0.5963, minutes 12.0, lr 1.00e-03
    epoch 24: loss 0.8785, val_ap 0.6078, minutes 12.54, lr 1.00e-03
    epoch 25: loss 0.8697, val_ap 0.6055, minutes 13.03, lr 1.00e-03
    epoch 26: loss 0.8737, val_ap 0.5870, minutes 13.52, lr 1.00e-03
    epoch 27: loss 0.8801, val_ap 0.6067, minutes 14.01, lr 1.00e-03
    epoch 28: loss 0.8617, val_ap 0.6054, minutes 14.53, lr 1.00e-03
    epoch 29: loss 0.8505, val_ap 0.6009, minutes 15.04, lr 1.00e-03
    epoch 30: loss 0.8265, val_ap 0.6007, minutes 15.55, lr 1.00e-03
    epoch 31: loss 0.8790, val_ap 0.6087, minutes 16.03, lr 1.00e-03
    epoch 32: loss 0.8815, val_ap 0.6109, minutes 16.51, lr 1.00e-03
    epoch 33: loss 0.8433, val_ap 0.6043, minutes 17.03, lr 1.00e-03
    epoch 34: loss 0.8478, val_ap 0.6088, minutes 17.56, lr 1.00e-03
    epoch 35: loss 0.8240, val_ap 0.6136, minutes 18.09, lr 1.00e-03
    epoch 36: loss 0.8344, val_ap 0.6103, minutes 18.59, lr 1.00e-03
    epoch 37: loss 0.8264, val_ap 0.6060, minutes 19.16, lr 1.00e-03
    epoch 38: loss 0.8089, val_ap 0.6013, minutes 19.64, lr 1.00e-03
    epoch 39: loss 0.8230, val_ap 0.6113, minutes 20.17, lr 1.00e-03
    epoch 40: loss 0.7867, val_ap 0.6083, minutes 20.68, lr 1.00e-03
    epoch 41: loss 0.8180, val_ap 0.6157, minutes 21.19, lr 1.00e-03
    epoch 42: loss 0.8139, val_ap 0.6154, minutes 21.71, lr 1.00e-03
    epoch 43: loss 0.8061, val_ap 0.6176, minutes 22.21, lr 1.00e-03
    epoch 44: loss 0.8159, val_ap 0.6112, minutes 22.76, lr 1.00e-03
    epoch 45: loss 0.8022, val_ap 0.6117, minutes 23.3, lr 1.00e-03
    epoch 46: loss 0.7809, val_ap 0.6188, minutes 23.85, lr 1.00e-03
    epoch 47: loss 0.7989, val_ap 0.6127, minutes 24.35, lr 1.00e-03
    epoch 48: loss 0.7852, val_ap 0.6205, minutes 24.82, lr 1.00e-03
    epoch 49: loss 0.8076, val_ap 0.6181, minutes 25.37, lr 1.00e-03
    epoch 50: loss 0.7905, val_ap 0.6200, minutes 25.94, lr 1.00e-03
    epoch 51: loss 0.7802, val_ap 0.6145, minutes 26.49, lr 1.00e-03
    epoch 52: loss 0.7891, val_ap 0.6060, minutes 27.02, lr 1.00e-03
    epoch 53: loss 0.7963, val_ap 0.6077, minutes 27.62, lr 1.00e-03
    epoch 54: loss 0.7767, val_ap 0.6093, minutes 28.2, lr 1.00e-03
    epoch 55: loss 0.7827, val_ap 0.6154, minutes 28.72, lr 1.00e-03
    epoch 56: loss 0.7931, val_ap 0.6160, minutes 29.31, lr 1.00e-03
    epoch 57: loss 0.7651, val_ap 0.6089, minutes 29.85, lr 5.00e-04
    epoch 58: loss 0.7499, val_ap 0.6150, minutes 30.4, lr 5.00e-04
    epoch 59: loss 0.7418, val_ap 0.6100, minutes 30.95, lr 5.00e-04
    epoch 60: loss 0.7427, val_ap 0.6134, minutes 31.51, lr 5.00e-04
    epoch 61: loss 0.7415, val_ap 0.6211, minutes 32.08, lr 5.00e-04
    epoch 62: loss 0.7411, val_ap 0.6191, minutes 32.58, lr 5.00e-04
    epoch 63: loss 0.7408, val_ap 0.6190, minutes 33.07, lr 5.00e-04
    epoch 64: loss 0.7344, val_ap 0.6226, minutes 33.6, lr 5.00e-04
    epoch 65: loss 0.7423, val_ap 0.6182, minutes 34.15, lr 5.00e-04
    epoch 66: loss 0.7269, val_ap 0.6149, minutes 34.71, lr 5.00e-04
    epoch 67: loss 0.7258, val_ap 0.6182, minutes 35.26, lr 5.00e-04
    epoch 68: loss 0.7230, val_ap 0.6189, minutes 35.82, lr 5.00e-04
    epoch 69: loss 0.7225, val_ap 0.6137, minutes 36.37, lr 5.00e-04
    epoch 70: loss 0.7258, val_ap 0.6112, minutes 36.9, lr 5.00e-04
    epoch 71: loss 0.7191, val_ap 0.6172, minutes 37.45, lr 5.00e-04
    epoch 72: loss 0.7242, val_ap 0.6174, minutes 38.03, lr 5.00e-04
    epoch 73: loss 0.7248, val_ap 0.6165, minutes 38.57, lr 2.50e-04
    epoch 74: loss 0.7147, val_ap 0.6212, minutes 39.16, lr 2.50e-04
    epoch 75: loss 0.7132, val_ap 0.6223, minutes 39.74, lr 2.50e-04
    epoch 76: loss 0.7097, val_ap 0.6243, minutes 40.29, lr 2.50e-04
    epoch 77: loss 0.7061, val_ap 0.6228, minutes 40.84, lr 2.50e-04
    epoch 78: loss 0.6999, val_ap 0.6237, minutes 41.37, lr 2.50e-04
    epoch 79: loss 0.6959, val_ap 0.6208, minutes 41.87, lr 2.50e-04
    epoch 80: loss 0.7002, val_ap 0.6209, minutes 42.39, lr 2.50e-04
    epoch 81: loss 0.6915, val_ap 0.6243, minutes 42.89, lr 2.50e-04
    epoch 82: loss 0.6976, val_ap 0.6180, minutes 43.51, lr 2.50e-04
    epoch 83: loss 0.7071, val_ap 0.6203, minutes 44.11, lr 2.50e-04
    epoch 84: loss 0.6953, val_ap 0.6199, minutes 44.62, lr 2.50e-04
    epoch 85: loss 0.7060, val_ap 0.6178, minutes 45.17, lr 1.25e-04
    epoch 86: loss 0.6958, val_ap 0.6192, minutes 45.69, lr 1.25e-04
    epoch 87: loss 0.6924, val_ap 0.6217, minutes 46.24, lr 1.25e-04
    epoch 88: loss 0.6850, val_ap 0.6237, minutes 46.8, lr 1.25e-04
    epoch 89: loss 0.6961, val_ap 0.6207, minutes 47.34, lr 1.25e-04
    epoch 90: loss 0.6764, val_ap 0.6233, minutes 47.9, lr 1.25e-04
    epoch 91: loss 0.6830, val_ap 0.6204, minutes 48.45, lr 1.25e-04
    epoch 92: loss 0.6815, val_ap 0.6218, minutes 49.0, lr 1.25e-04
    epoch 93: loss 0.6744, val_ap 0.6209, minutes 49.54, lr 1.25e-04
    epoch 94: loss 0.6809, val_ap 0.6220, minutes 50.08, lr 6.25e-05
    epoch 95: loss 0.6727, val_ap 0.6221, minutes 50.64, lr 6.25e-05
    epoch 96: loss 0.6758, val_ap 0.6212, minutes 51.16, lr 6.25e-05
    epoch 97: loss 0.6778, val_ap 0.6224, minutes 51.68, lr 6.25e-05
    epoch 98: loss 0.6802, val_ap 0.6237, minutes 52.23, lr 6.25e-05
    epoch 99: loss 0.6608, val_ap 0.6218, minutes 52.74, lr 6.25e-05
    epoch 100: loss 0.6970, val_ap 0.6207, minutes 53.26, lr 6.25e-05
    epoch 101: loss 0.6770, val_ap 0.6202, minutes 53.84, lr 6.25e-05
    epoch 102: loss 0.6750, val_ap 0.6218, minutes 54.38, lr 6.25e-05
    epoch 103: loss 0.6660, val_ap 0.6230, minutes 54.9, lr 3.13e-05
    epoch 104: loss 0.6832, val_ap 0.6224, minutes 55.43, lr 3.13e-05
    epoch 105: loss 0.6724, val_ap 0.6226, minutes 55.98, lr 3.13e-05
    epoch 106: loss 0.6781, val_ap 0.6225, minutes 56.56, lr 3.13e-05
    stopping: no validation gain in 25 epochs
[fk_band_shuffled dataset0 fold 2] done (57.3 min)
