loaded: dataset0 121,838 sites, data1 90,452
[h2gcn_twohead_aux pooled_both fold 0]
    epoch 1: loss 1.8923, val_ap 0.2018, minutes 0.35, lr 3.31e-04
    epoch 2: loss 1.4998, val_ap 0.3139, minutes 0.74, lr 6.60e-04
    epoch 3: loss 1.3297, val_ap 0.4023, minutes 1.14, lr 9.89e-04
    epoch 4: loss 1.2449, val_ap 0.4241, minutes 1.51, lr 1.00e-03
    epoch 5: loss 1.2051, val_ap 0.4317, minutes 1.9, lr 1.00e-03
    epoch 6: loss 1.1723, val_ap 0.4437, minutes 2.3, lr 1.00e-03
    epoch 7: loss 1.1568, val_ap 0.4470, minutes 2.69, lr 1.00e-03
    epoch 8: loss 1.1421, val_ap 0.4440, minutes 3.07, lr 1.00e-03
    epoch 9: loss 1.1382, val_ap 0.4510, minutes 3.44, lr 1.00e-03
    epoch 10: loss 1.1420, val_ap 0.4537, minutes 3.8, lr 1.00e-03
    epoch 11: loss 1.1312, val_ap 0.4547, minutes 4.14, lr 1.00e-03
    epoch 12: loss 1.1158, val_ap 0.4576, minutes 4.49, lr 1.00e-03
    epoch 13: loss 1.1026, val_ap 0.4556, minutes 4.82, lr 1.00e-03
    epoch 14: loss 1.1027, val_ap 0.4629, minutes 5.15, lr 1.00e-03
    epoch 15: loss 1.0911, val_ap 0.4641, minutes 5.5, lr 1.00e-03
    epoch 16: loss 1.1020, val_ap 0.4682, minutes 5.85, lr 1.00e-03
    epoch 17: loss 1.0894, val_ap 0.4691, minutes 6.21, lr 1.00e-03
    epoch 18: loss 1.0880, val_ap 0.4696, minutes 6.56, lr 1.00e-03
    epoch 19: loss 1.0752, val_ap 0.4717, minutes 6.94, lr 1.00e-03
    epoch 20: loss 1.0780, val_ap 0.4701, minutes 7.3, lr 1.00e-03
    epoch 21: loss 1.0688, val_ap 0.4739, minutes 7.66, lr 1.00e-03
    epoch 22: loss 1.0725, val_ap 0.4767, minutes 8.04, lr 1.00e-03
    epoch 23: loss 1.0650, val_ap 0.4702, minutes 8.41, lr 1.00e-03
    epoch 24: loss 1.0619, val_ap 0.4742, minutes 8.79, lr 1.00e-03
    epoch 25: loss 1.0616, val_ap 0.4788, minutes 9.16, lr 1.00e-03
    epoch 26: loss 1.0463, val_ap 0.4794, minutes 9.55, lr 1.00e-03
    epoch 27: loss 1.0453, val_ap 0.4851, minutes 9.92, lr 1.00e-03
    epoch 28: loss 1.0442, val_ap 0.4690, minutes 10.31, lr 1.00e-03
    epoch 29: loss 1.0441, val_ap 0.4753, minutes 10.68, lr 1.00e-03
    epoch 30: loss 1.0338, val_ap 0.4765, minutes 11.06, lr 1.00e-03
    epoch 31: loss 1.0352, val_ap 0.4754, minutes 11.43, lr 1.00e-03
    epoch 32: loss 1.0311, val_ap 0.4815, minutes 11.81, lr 1.00e-03
    epoch 33: loss 1.0292, val_ap 0.4756, minutes 12.18, lr 1.00e-03
    epoch 34: loss 1.0204, val_ap 0.4818, minutes 12.56, lr 1.00e-03
    epoch 35: loss 1.0115, val_ap 0.4809, minutes 12.93, lr 1.00e-03
    epoch 36: loss 1.0174, val_ap 0.4713, minutes 13.3, lr 5.00e-04
    epoch 37: loss 0.9871, val_ap 0.4804, minutes 13.67, lr 5.00e-04
    epoch 38: loss 1.0006, val_ap 0.4799, minutes 14.05, lr 5.00e-04
    epoch 39: loss 0.9951, val_ap 0.4772, minutes 14.43, lr 5.00e-04
    epoch 40: loss 0.9795, val_ap 0.4832, minutes 14.81, lr 5.00e-04
    epoch 41: loss 0.9853, val_ap 0.4870, minutes 15.18, lr 5.00e-04
    epoch 42: loss 0.9776, val_ap 0.4828, minutes 15.58, lr 5.00e-04
    epoch 43: loss 0.9847, val_ap 0.4811, minutes 15.97, lr 5.00e-04
    epoch 44: loss 0.9817, val_ap 0.4728, minutes 16.35, lr 5.00e-04
    epoch 45: loss 0.9740, val_ap 0.4798, minutes 16.72, lr 5.00e-04
    epoch 46: loss 0.9720, val_ap 0.4806, minutes 17.11, lr 5.00e-04
    epoch 47: loss 0.9704, val_ap 0.4832, minutes 17.47, lr 5.00e-04
    epoch 48: loss 0.9579, val_ap 0.4784, minutes 17.84, lr 5.00e-04
    epoch 49: loss 0.9637, val_ap 0.4832, minutes 18.21, lr 5.00e-04
    epoch 50: loss 0.9653, val_ap 0.4824, minutes 18.59, lr 2.50e-04
    epoch 51: loss 0.9463, val_ap 0.4777, minutes 18.98, lr 2.50e-04
    epoch 52: loss 0.9391, val_ap 0.4804, minutes 19.34, lr 2.50e-04
    epoch 53: loss 0.9449, val_ap 0.4787, minutes 19.73, lr 2.50e-04
    epoch 54: loss 0.9492, val_ap 0.4800, minutes 20.11, lr 2.50e-04
    epoch 55: loss 0.9413, val_ap 0.4754, minutes 20.49, lr 2.50e-04
    epoch 56: loss 0.9421, val_ap 0.4809, minutes 20.88, lr 2.50e-04
    epoch 57: loss 0.9364, val_ap 0.4716, minutes 21.29, lr 2.50e-04
    epoch 58: loss 0.9406, val_ap 0.4727, minutes 21.68, lr 2.50e-04
    epoch 59: loss 0.9363, val_ap 0.4737, minutes 22.05, lr 1.25e-04
    epoch 60: loss 0.9326, val_ap 0.4738, minutes 22.43, lr 1.25e-04
    epoch 61: loss 0.9285, val_ap 0.4729, minutes 22.79, lr 1.25e-04
    epoch 62: loss 0.9309, val_ap 0.4762, minutes 23.19, lr 1.25e-04
    epoch 63: loss 0.9196, val_ap 0.4728, minutes 23.53, lr 1.25e-04
    epoch 64: loss 0.9279, val_ap 0.4716, minutes 23.85, lr 1.25e-04
    epoch 65: loss 0.9248, val_ap 0.4717, minutes 24.1, lr 1.25e-04
    epoch 66: loss 0.9225, val_ap 0.4727, minutes 24.34, lr 1.25e-04
    stopping: no validation gain in 25 epochs
[h2gcn_twohead_aux pooled_both fold 0] done (24.6 min)
