loaded: dataset0 121,838 sites, data1 90,452
[h2gcn_noisy2 pooled_both fold 4]
    epoch 1: loss 0.4342, val_ap 0.1033, minutes 1.04, lr 3.31e-04
    epoch 2: loss 0.2053, val_ap 0.1766, minutes 2.07, lr 6.60e-04
    epoch 3: loss 0.1855, val_ap 0.3930, minutes 3.12, lr 9.89e-04
    epoch 4: loss 0.1601, val_ap 0.4678, minutes 4.18, lr 1.00e-03
    epoch 5: loss 0.1524, val_ap 0.4841, minutes 5.24, lr 1.00e-03
    epoch 6: loss 0.1501, val_ap 0.4865, minutes 6.29, lr 1.00e-03
    epoch 7: loss 0.1470, val_ap 0.4856, minutes 7.35, lr 1.00e-03
    epoch 8: loss 0.1468, val_ap 0.4875, minutes 8.39, lr 1.00e-03
    epoch 9: loss 0.1460, val_ap 0.4968, minutes 9.44, lr 1.00e-03
    epoch 10: loss 0.1430, val_ap 0.5002, minutes 10.46, lr 1.00e-03
    epoch 11: loss 0.1420, val_ap 0.5101, minutes 11.51, lr 1.00e-03
    epoch 12: loss 0.1412, val_ap 0.5017, minutes 12.56, lr 1.00e-03
    epoch 13: loss 0.1396, val_ap 0.5065, minutes 13.62, lr 1.00e-03
    epoch 14: loss 0.1393, val_ap 0.5082, minutes 14.68, lr 1.00e-03
    epoch 15: loss 0.1393, val_ap 0.5129, minutes 15.73, lr 1.00e-03
    epoch 16: loss 0.1376, val_ap 0.5083, minutes 16.79, lr 1.00e-03
    epoch 17: loss 0.1398, val_ap 0.5147, minutes 17.83, lr 1.00e-03
    epoch 18: loss 0.1369, val_ap 0.5089, minutes 18.87, lr 1.00e-03
    epoch 19: loss 0.1363, val_ap 0.5162, minutes 19.91, lr 1.00e-03
    epoch 20: loss 0.1362, val_ap 0.5172, minutes 20.94, lr 1.00e-03
    epoch 21: loss 0.1349, val_ap 0.5173, minutes 21.98, lr 1.00e-03
    epoch 22: loss 0.1343, val_ap 0.5164, minutes 23.02, lr 1.00e-03
    epoch 23: loss 0.1344, val_ap 0.5103, minutes 24.07, lr 1.00e-03
    epoch 24: loss 0.1345, val_ap 0.5174, minutes 25.11, lr 1.00e-03
    epoch 25: loss 0.1334, val_ap 0.5154, minutes 26.16, lr 1.00e-03
    epoch 26: loss 0.1339, val_ap 0.5180, minutes 27.19, lr 1.00e-03
    epoch 27: loss 0.1329, val_ap 0.5230, minutes 28.23, lr 1.00e-03
    epoch 28: loss 0.1331, val_ap 0.5191, minutes 29.27, lr 1.00e-03
    epoch 29: loss 0.1314, val_ap 0.5180, minutes 30.33, lr 1.00e-03
    epoch 30: loss 0.1312, val_ap 0.5165, minutes 31.38, lr 1.00e-03
    epoch 31: loss 0.1315, val_ap 0.5215, minutes 32.41, lr 1.00e-03
    epoch 32: loss 0.1312, val_ap 0.5237, minutes 33.47, lr 1.00e-03
    epoch 33: loss 0.1311, val_ap 0.5219, minutes 34.52, lr 1.00e-03
    epoch 34: loss 0.1295, val_ap 0.5212, minutes 35.57, lr 1.00e-03
    epoch 35: loss 0.1292, val_ap 0.5197, minutes 36.62, lr 1.00e-03
    epoch 36: loss 0.1290, val_ap 0.5240, minutes 37.65, lr 1.00e-03
    epoch 37: loss 0.1282, val_ap 0.5227, minutes 38.7, lr 1.00e-03
    epoch 38: loss 0.1285, val_ap 0.5228, minutes 40.65, lr 1.00e-03
    epoch 39: loss 0.1276, val_ap 0.5235, minutes 42.56, lr 1.00e-03
    epoch 40: loss 0.1266, val_ap 0.5159, minutes 44.47, lr 1.00e-03
    epoch 41: loss 0.1270, val_ap 0.5127, minutes 46.4, lr 1.00e-03
    epoch 42: loss 0.1264, val_ap 0.5212, minutes 48.3, lr 1.00e-03
    epoch 43: loss 0.1261, val_ap 0.5194, minutes 50.23, lr 1.00e-03
    epoch 44: loss 0.1249, val_ap 0.5065, minutes 52.41, lr 1.00e-03
    epoch 45: loss 0.1258, val_ap 0.5142, minutes 54.56, lr 5.00e-04
    epoch 46: loss 0.1231, val_ap 0.5165, minutes 56.18, lr 5.00e-04
    epoch 47: loss 0.1230, val_ap 0.4986, minutes 57.24, lr 5.00e-04
    epoch 48: loss 0.1222, val_ap 0.5104, minutes 58.3, lr 5.00e-04
    epoch 49: loss 0.1229, val_ap 0.5112, minutes 59.37, lr 5.00e-04
    epoch 50: loss 0.1218, val_ap 0.4948, minutes 60.39, lr 5.00e-04
    epoch 51: loss 0.1204, val_ap 0.4913, minutes 61.44, lr 5.00e-04
    epoch 52: loss 0.1214, val_ap 0.5036, minutes 62.48, lr 5.00e-04
    epoch 53: loss 0.1216, val_ap 0.5023, minutes 63.52, lr 5.00e-04
    epoch 54: loss 0.1211, val_ap 0.5050, minutes 64.59, lr 2.50e-04
    epoch 55: loss 0.1186, val_ap 0.5038, minutes 65.63, lr 2.50e-04
    epoch 56: loss 0.1189, val_ap 0.4857, minutes 66.71, lr 2.50e-04
    epoch 57: loss 0.1183, val_ap 0.4913, minutes 67.75, lr 2.50e-04
    epoch 58: loss 0.1182, val_ap 0.4895, minutes 68.76, lr 2.50e-04
    epoch 59: loss 0.1178, val_ap 0.4926, minutes 69.74, lr 2.50e-04
    epoch 60: loss 0.1180, val_ap 0.4927, minutes 70.74, lr 2.50e-04
    epoch 61: loss 0.1178, val_ap 0.4914, minutes 71.72, lr 2.50e-04
    stopping: no validation gain in 25 epochs
[h2gcn_noisy2 pooled_both fold 4] done (72.5 min)
