loaded: dataset0 121,838 sites, data1 90,452
[fk_kernel dataset0 fold 4 seed 2]
    kernel decay scale 97.3 nt (fitted to cell line 1 training labels)
    epoch 1: loss 1.9655, val_ap 0.1536, minutes 0.49, lr 3.33e-04
    epoch 2: loss 1.6161, val_ap 0.2124, minutes 0.94, lr 6.63e-04
    epoch 3: loss 1.3667, val_ap 0.3703, minutes 1.39, lr 9.92e-04
    epoch 4: loss 1.1942, val_ap 0.4672, minutes 1.86, lr 1.00e-03
    epoch 5: loss 1.1344, val_ap 0.4889, minutes 2.36, lr 1.00e-03
    epoch 6: loss 1.1130, val_ap 0.5065, minutes 2.84, lr 1.00e-03
    epoch 7: loss 1.0375, val_ap 0.5165, minutes 3.28, lr 1.00e-03
    epoch 8: loss 1.0369, val_ap 0.5337, minutes 3.76, lr 1.00e-03
    epoch 9: loss 1.0035, val_ap 0.5327, minutes 4.24, lr 1.00e-03
    epoch 10: loss 0.9715, val_ap 0.5373, minutes 4.76, lr 1.00e-03
    epoch 11: loss 0.9698, val_ap 0.5347, minutes 5.23, lr 1.00e-03
    epoch 12: loss 0.9555, val_ap 0.5443, minutes 5.68, lr 1.00e-03
    epoch 13: loss 0.9393, val_ap 0.5477, minutes 6.12, lr 1.00e-03
    epoch 14: loss 0.9337, val_ap 0.5542, minutes 6.62, lr 1.00e-03
    epoch 15: loss 0.9099, val_ap 0.5515, minutes 7.1, lr 1.00e-03
    epoch 16: loss 0.9281, val_ap 0.5538, minutes 7.52, lr 1.00e-03
    epoch 17: loss 0.9153, val_ap 0.5517, minutes 7.98, lr 1.00e-03
    epoch 18: loss 0.9030, val_ap 0.5575, minutes 8.42, lr 1.00e-03
    epoch 19: loss 0.9189, val_ap 0.5530, minutes 8.86, lr 1.00e-03
    epoch 20: loss 0.9177, val_ap 0.5474, minutes 9.3, lr 1.00e-03
    epoch 21: loss 0.8923, val_ap 0.5544, minutes 9.82, lr 1.00e-03
    epoch 22: loss 0.9052, val_ap 0.5688, minutes 10.23, lr 1.00e-03
    epoch 23: loss 0.8827, val_ap 0.5598, minutes 10.72, lr 1.00e-03
    epoch 24: loss 0.8868, val_ap 0.5738, minutes 11.18, lr 1.00e-03
    epoch 25: loss 0.8878, val_ap 0.5707, minutes 11.66, lr 1.00e-03
    epoch 26: loss 0.8742, val_ap 0.5687, minutes 12.1, lr 1.00e-03
    epoch 27: loss 0.8789, val_ap 0.5696, minutes 12.6, lr 1.00e-03
    epoch 28: loss 0.8703, val_ap 0.5710, minutes 13.07, lr 1.00e-03
    epoch 29: loss 0.8640, val_ap 0.5741, minutes 13.57, lr 1.00e-03
    epoch 30: loss 0.8609, val_ap 0.5696, minutes 14.03, lr 1.00e-03
    epoch 31: loss 0.8480, val_ap 0.5683, minutes 14.5, lr 1.00e-03
    epoch 32: loss 0.8644, val_ap 0.5728, minutes 14.94, lr 1.00e-03
    epoch 33: loss 0.8437, val_ap 0.5707, minutes 15.39, lr 1.00e-03
    epoch 34: loss 0.8374, val_ap 0.5799, minutes 15.83, lr 1.00e-03
    epoch 35: loss 0.8479, val_ap 0.5738, minutes 16.28, lr 1.00e-03
    epoch 36: loss 0.8456, val_ap 0.5827, minutes 16.75, lr 1.00e-03
    epoch 37: loss 0.8347, val_ap 0.5835, minutes 17.2, lr 1.00e-03
    epoch 38: loss 0.8132, val_ap 0.5838, minutes 17.67, lr 1.00e-03
    epoch 39: loss 0.8392, val_ap 0.5903, minutes 18.13, lr 1.00e-03
    epoch 40: loss 0.8354, val_ap 0.5879, minutes 18.6, lr 1.00e-03
    epoch 41: loss 0.8275, val_ap 0.5890, minutes 19.02, lr 1.00e-03
    epoch 42: loss 0.8180, val_ap 0.5911, minutes 19.44, lr 1.00e-03
    epoch 43: loss 0.8212, val_ap 0.5814, minutes 19.87, lr 1.00e-03
    epoch 44: loss 0.8059, val_ap 0.5885, minutes 20.32, lr 1.00e-03
    epoch 45: loss 0.8148, val_ap 0.5867, minutes 20.78, lr 1.00e-03
    epoch 46: loss 0.7956, val_ap 0.5913, minutes 21.28, lr 1.00e-03
    epoch 47: loss 0.8162, val_ap 0.5916, minutes 21.73, lr 1.00e-03
    epoch 48: loss 0.8111, val_ap 0.5929, minutes 22.18, lr 1.00e-03
    epoch 49: loss 0.7950, val_ap 0.5939, minutes 22.63, lr 1.00e-03
    epoch 50: loss 0.7993, val_ap 0.5963, minutes 23.09, lr 1.00e-03
    epoch 51: loss 0.7959, val_ap 0.5942, minutes 23.53, lr 1.00e-03
    epoch 52: loss 0.7962, val_ap 0.5863, minutes 23.95, lr 1.00e-03
    epoch 53: loss 0.7868, val_ap 0.5915, minutes 24.36, lr 1.00e-03
    epoch 54: loss 0.8029, val_ap 0.5948, minutes 24.76, lr 1.00e-03
    epoch 55: loss 0.7737, val_ap 0.5876, minutes 25.2, lr 1.00e-03
    epoch 56: loss 0.7870, val_ap 0.5981, minutes 25.6, lr 1.00e-03
    epoch 57: loss 0.7743, val_ap 0.6028, minutes 26.09, lr 1.00e-03
    epoch 58: loss 0.7820, val_ap 0.5914, minutes 26.5, lr 1.00e-03
    epoch 59: loss 0.7756, val_ap 0.5935, minutes 26.93, lr 1.00e-03
    epoch 60: loss 0.7707, val_ap 0.6018, minutes 27.36, lr 1.00e-03
    epoch 61: loss 0.7744, val_ap 0.6007, minutes 27.79, lr 1.00e-03
    epoch 62: loss 0.7669, val_ap 0.6075, minutes 28.23, lr 1.00e-03
    epoch 63: loss 0.7610, val_ap 0.6028, minutes 28.65, lr 1.00e-03
    epoch 64: loss 0.7616, val_ap 0.6055, minutes 29.06, lr 1.00e-03
    epoch 65: loss 0.7659, val_ap 0.6049, minutes 29.52, lr 1.00e-03
    epoch 66: loss 0.7561, val_ap 0.6048, minutes 29.95, lr 1.00e-03
    epoch 67: loss 0.7448, val_ap 0.6054, minutes 30.38, lr 1.00e-03
    epoch 68: loss 0.7518, val_ap 0.5991, minutes 30.81, lr 1.00e-03
    epoch 69: loss 0.7465, val_ap 0.6040, minutes 31.25, lr 1.00e-03
    epoch 70: loss 0.7464, val_ap 0.6049, minutes 31.64, lr 1.00e-03
    epoch 71: loss 0.7442, val_ap 0.5994, minutes 32.08, lr 5.00e-04
    epoch 72: loss 0.7126, val_ap 0.6001, minutes 32.51, lr 5.00e-04
    epoch 73: loss 0.7085, val_ap 0.5958, minutes 32.95, lr 5.00e-04
    epoch 74: loss 0.7247, val_ap 0.6049, minutes 33.36, lr 5.00e-04
    epoch 75: loss 0.7064, val_ap 0.6034, minutes 33.84, lr 5.00e-04
    epoch 76: loss 0.7056, val_ap 0.6000, minutes 34.21, lr 5.00e-04
    epoch 77: loss 0.7194, val_ap 0.5980, minutes 34.65, lr 5.00e-04
    epoch 78: loss 0.7124, val_ap 0.5971, minutes 35.05, lr 5.00e-04
    epoch 79: loss 0.7061, val_ap 0.5918, minutes 35.51, lr 5.00e-04
    epoch 80: loss 0.7074, val_ap 0.5901, minutes 36.0, lr 2.50e-04
    epoch 81: loss 0.7047, val_ap 0.5956, minutes 36.43, lr 2.50e-04
    epoch 82: loss 0.6932, val_ap 0.5935, minutes 36.86, lr 2.50e-04
    epoch 83: loss 0.6943, val_ap 0.5991, minutes 37.37, lr 2.50e-04
    epoch 84: loss 0.6994, val_ap 0.5977, minutes 37.77, lr 2.50e-04
    epoch 85: loss 0.6779, val_ap 0.5890, minutes 38.21, lr 2.50e-04
    epoch 86: loss 0.6785, val_ap 0.5882, minutes 38.61, lr 2.50e-04
    epoch 87: loss 0.6774, val_ap 0.5891, minutes 39.17, lr 2.50e-04
    stopping: no validation gain in 25 epochs
[fk_kernel dataset0 fold 4 seed 2] done (39.9 min)
