loaded: dataset0 121,838 sites, data1 90,452
[fk_kernel dataset0 fold 3 seed 1]
    kernel decay scale 113.4 nt (fitted to cell line 1 training labels)
    epoch 1: loss 1.9647, val_ap 0.1506, minutes 0.47, lr 3.33e-04
    epoch 2: loss 1.5973, val_ap 0.2330, minutes 1.01, lr 6.63e-04
    epoch 3: loss 1.3390, val_ap 0.4211, minutes 1.55, lr 9.92e-04
    epoch 4: loss 1.1994, val_ap 0.4669, minutes 2.05, lr 1.00e-03
    epoch 5: loss 1.0998, val_ap 0.5051, minutes 2.56, lr 1.00e-03
    epoch 6: loss 1.0568, val_ap 0.5269, minutes 3.08, lr 1.00e-03
    epoch 7: loss 1.0451, val_ap 0.5270, minutes 3.59, lr 1.00e-03
    epoch 8: loss 1.0005, val_ap 0.5460, minutes 4.11, lr 1.00e-03
    epoch 9: loss 0.9896, val_ap 0.5476, minutes 4.61, lr 1.00e-03
    epoch 10: loss 0.9666, val_ap 0.5596, minutes 5.13, lr 1.00e-03
    epoch 11: loss 0.9443, val_ap 0.5553, minutes 5.65, lr 1.00e-03
    epoch 12: loss 0.9425, val_ap 0.5617, minutes 6.13, lr 1.00e-03
    epoch 13: loss 0.9258, val_ap 0.5690, minutes 6.65, lr 1.00e-03
    epoch 14: loss 0.9338, val_ap 0.5588, minutes 7.17, lr 1.00e-03
    epoch 15: loss 0.9233, val_ap 0.5575, minutes 7.65, lr 1.00e-03
    epoch 16: loss 0.8929, val_ap 0.5765, minutes 8.15, lr 1.00e-03
    epoch 17: loss 0.8888, val_ap 0.5792, minutes 8.67, lr 1.00e-03
    epoch 18: loss 0.8896, val_ap 0.5705, minutes 9.2, lr 1.00e-03
    epoch 19: loss 0.8863, val_ap 0.5792, minutes 9.68, lr 1.00e-03
    epoch 20: loss 0.8625, val_ap 0.5826, minutes 10.18, lr 1.00e-03
    epoch 21: loss 0.8571, val_ap 0.5752, minutes 10.66, lr 1.00e-03
    epoch 22: loss 0.8888, val_ap 0.5940, minutes 11.16, lr 1.00e-03
    epoch 23: loss 0.8611, val_ap 0.5858, minutes 11.61, lr 1.00e-03
    epoch 24: loss 0.8718, val_ap 0.5971, minutes 12.07, lr 1.00e-03
    epoch 25: loss 0.8373, val_ap 0.5942, minutes 12.56, lr 1.00e-03
    epoch 26: loss 0.8290, val_ap 0.6014, minutes 13.04, lr 1.00e-03
    epoch 27: loss 0.8435, val_ap 0.6008, minutes 13.53, lr 1.00e-03
    epoch 28: loss 0.8544, val_ap 0.6001, minutes 14.03, lr 1.00e-03
    epoch 29: loss 0.8263, val_ap 0.6031, minutes 14.55, lr 1.00e-03
    epoch 30: loss 0.8251, val_ap 0.6043, minutes 15.05, lr 1.00e-03
    epoch 31: loss 0.8194, val_ap 0.6041, minutes 15.52, lr 1.00e-03
    epoch 32: loss 0.8366, val_ap 0.6067, minutes 16.08, lr 1.00e-03
    epoch 33: loss 0.8290, val_ap 0.6074, minutes 16.56, lr 1.00e-03
    epoch 34: loss 0.8048, val_ap 0.6147, minutes 17.08, lr 1.00e-03
    epoch 35: loss 0.8283, val_ap 0.6062, minutes 17.58, lr 1.00e-03
    epoch 36: loss 0.8106, val_ap 0.6155, minutes 18.04, lr 1.00e-03
    epoch 37: loss 0.8056, val_ap 0.6099, minutes 18.62, lr 1.00e-03
    epoch 38: loss 0.7933, val_ap 0.6102, minutes 19.06, lr 1.00e-03
    epoch 39: loss 0.8070, val_ap 0.6174, minutes 19.59, lr 1.00e-03
    epoch 40: loss 0.7986, val_ap 0.6167, minutes 20.06, lr 1.00e-03
    epoch 41: loss 0.7941, val_ap 0.6163, minutes 20.55, lr 1.00e-03
    epoch 42: loss 0.7878, val_ap 0.6239, minutes 21.1, lr 1.00e-03
    epoch 43: loss 0.7724, val_ap 0.6238, minutes 21.57, lr 1.00e-03
    epoch 44: loss 0.7753, val_ap 0.6258, minutes 22.07, lr 1.00e-03
    epoch 45: loss 0.7733, val_ap 0.6271, minutes 22.56, lr 1.00e-03
    epoch 46: loss 0.7702, val_ap 0.6174, minutes 23.01, lr 1.00e-03
    epoch 47: loss 0.7695, val_ap 0.6256, minutes 23.49, lr 1.00e-03
    epoch 48: loss 0.7715, val_ap 0.6199, minutes 23.96, lr 1.00e-03
    epoch 49: loss 0.7492, val_ap 0.6270, minutes 24.48, lr 1.00e-03
    epoch 50: loss 0.7456, val_ap 0.6292, minutes 24.96, lr 1.00e-03
    epoch 51: loss 0.7643, val_ap 0.6296, minutes 25.46, lr 1.00e-03
    epoch 52: loss 0.7717, val_ap 0.6217, minutes 25.93, lr 1.00e-03
    epoch 53: loss 0.7652, val_ap 0.6170, minutes 26.41, lr 1.00e-03
    epoch 54: loss 0.7599, val_ap 0.6304, minutes 26.94, lr 1.00e-03
    epoch 55: loss 0.7455, val_ap 0.6282, minutes 27.42, lr 1.00e-03
    epoch 56: loss 0.7755, val_ap 0.6348, minutes 27.92, lr 1.00e-03
    epoch 57: loss 0.7434, val_ap 0.6387, minutes 28.4, lr 1.00e-03
    epoch 58: loss 0.7529, val_ap 0.6381, minutes 28.89, lr 1.00e-03
    epoch 59: loss 0.7366, val_ap 0.6304, minutes 29.36, lr 1.00e-03
    epoch 60: loss 0.7341, val_ap 0.6347, minutes 29.88, lr 1.00e-03
    epoch 61: loss 0.7465, val_ap 0.6321, minutes 30.35, lr 1.00e-03
    epoch 62: loss 0.7293, val_ap 0.6334, minutes 30.82, lr 1.00e-03
    epoch 63: loss 0.7214, val_ap 0.6345, minutes 31.29, lr 1.00e-03
    epoch 64: loss 0.7211, val_ap 0.6342, minutes 31.75, lr 1.00e-03
    epoch 65: loss 0.7035, val_ap 0.6335, minutes 32.28, lr 1.00e-03
    epoch 66: loss 0.7117, val_ap 0.6392, minutes 32.74, lr 1.00e-03
    epoch 67: loss 0.7052, val_ap 0.6442, minutes 33.29, lr 1.00e-03
    epoch 68: loss 0.7197, val_ap 0.6385, minutes 33.76, lr 1.00e-03
    epoch 69: loss 0.7059, val_ap 0.6237, minutes 34.24, lr 1.00e-03
    epoch 70: loss 0.7057, val_ap 0.6249, minutes 34.71, lr 1.00e-03
    epoch 71: loss 0.7230, val_ap 0.6360, minutes 35.18, lr 1.00e-03
    epoch 72: loss 0.7047, val_ap 0.6406, minutes 35.69, lr 1.00e-03
    epoch 73: loss 0.7017, val_ap 0.6349, minutes 36.15, lr 1.00e-03
    epoch 74: loss 0.6925, val_ap 0.6364, minutes 36.66, lr 1.00e-03
    epoch 75: loss 0.6851, val_ap 0.6237, minutes 37.16, lr 1.00e-03
    epoch 76: loss 0.7010, val_ap 0.6389, minutes 37.66, lr 5.00e-04
    epoch 77: loss 0.6583, val_ap 0.6403, minutes 38.12, lr 5.00e-04
    epoch 78: loss 0.6464, val_ap 0.6431, minutes 38.61, lr 5.00e-04
    epoch 79: loss 0.6615, val_ap 0.6398, minutes 39.12, lr 5.00e-04
    epoch 80: loss 0.6637, val_ap 0.6393, minutes 39.58, lr 5.00e-04
    epoch 81: loss 0.6550, val_ap 0.6333, minutes 40.08, lr 5.00e-04
    epoch 82: loss 0.6483, val_ap 0.6288, minutes 40.55, lr 5.00e-04
    epoch 83: loss 0.6522, val_ap 0.6339, minutes 41.05, lr 5.00e-04
    epoch 84: loss 0.6566, val_ap 0.6339, minutes 41.5, lr 5.00e-04
    epoch 85: loss 0.6577, val_ap 0.6363, minutes 42.04, lr 2.50e-04
    epoch 86: loss 0.6447, val_ap 0.6357, minutes 42.54, lr 2.50e-04
    epoch 87: loss 0.6277, val_ap 0.6398, minutes 43.0, lr 2.50e-04
    epoch 88: loss 0.6286, val_ap 0.6362, minutes 43.5, lr 2.50e-04
    epoch 89: loss 0.6313, val_ap 0.6352, minutes 43.98, lr 2.50e-04
    epoch 90: loss 0.6332, val_ap 0.6358, minutes 44.46, lr 2.50e-04
    epoch 91: loss 0.6285, val_ap 0.6354, minutes 44.93, lr 2.50e-04
    epoch 92: loss 0.6200, val_ap 0.6337, minutes 45.41, lr 2.50e-04
    stopping: no validation gain in 25 epochs
[fk_kernel dataset0 fold 3 seed 1] done (46.1 min)
