loaded: dataset0 121,838 sites, data1 90,452
[res_nogate pooled_both fold 0 seed 1]
    kernel decay scale 118.2 nt (fitted to cell line 1 training labels)
    epoch 1: loss 1.8793, val_ap 0.1905, minutes 0.85, lr 3.31e-04
    epoch 2: loss 1.5581, val_ap 0.3115, minutes 1.73, lr 6.60e-04
    epoch 3: loss 1.4061, val_ap 0.3906, minutes 2.6, lr 9.89e-04
    epoch 4: loss 1.3321, val_ap 0.4071, minutes 3.44, lr 1.00e-03
    epoch 5: loss 1.3032, val_ap 0.4123, minutes 4.31, lr 1.00e-03
    epoch 6: loss 1.2815, val_ap 0.4307, minutes 5.17, lr 1.00e-03
    epoch 7: loss 1.2587, val_ap 0.4352, minutes 6.08, lr 1.00e-03
    epoch 8: loss 1.2655, val_ap 0.4370, minutes 6.94, lr 1.00e-03
    epoch 9: loss 1.2513, val_ap 0.4422, minutes 7.8, lr 1.00e-03
    epoch 10: loss 1.2464, val_ap 0.4406, minutes 8.64, lr 1.00e-03
    epoch 11: loss 1.2308, val_ap 0.4415, minutes 9.5, lr 1.00e-03
    epoch 12: loss 1.2252, val_ap 0.4523, minutes 10.34, lr 1.00e-03
    epoch 13: loss 1.2179, val_ap 0.4525, minutes 11.2, lr 1.00e-03
    epoch 14: loss 1.2147, val_ap 0.4590, minutes 11.99, lr 1.00e-03
    epoch 15: loss 1.2085, val_ap 0.4525, minutes 12.83, lr 1.00e-03
    epoch 16: loss 1.2117, val_ap 0.4572, minutes 13.65, lr 1.00e-03
    epoch 17: loss 1.2066, val_ap 0.4514, minutes 14.5, lr 1.00e-03
    epoch 18: loss 1.1964, val_ap 0.4622, minutes 15.29, lr 1.00e-03
    epoch 19: loss 1.2010, val_ap 0.4677, minutes 16.04, lr 1.00e-03
    epoch 20: loss 1.1977, val_ap 0.4637, minutes 16.81, lr 1.00e-03
    epoch 21: loss 1.1866, val_ap 0.4725, minutes 17.57, lr 1.00e-03
    epoch 22: loss 1.1959, val_ap 0.4661, minutes 18.38, lr 1.00e-03
    epoch 23: loss 1.1860, val_ap 0.4714, minutes 19.16, lr 1.00e-03
    epoch 24: loss 1.1784, val_ap 0.4761, minutes 19.95, lr 1.00e-03
    epoch 25: loss 1.1719, val_ap 0.4732, minutes 20.77, lr 1.00e-03
    epoch 26: loss 1.1777, val_ap 0.4765, minutes 21.56, lr 1.00e-03
    epoch 27: loss 1.1805, val_ap 0.4822, minutes 22.35, lr 1.00e-03
    epoch 28: loss 1.1696, val_ap 0.4809, minutes 23.12, lr 1.00e-03
    epoch 29: loss 1.1626, val_ap 0.4738, minutes 23.89, lr 1.00e-03
    epoch 30: loss 1.1715, val_ap 0.4782, minutes 24.67, lr 1.00e-03
    epoch 31: loss 1.1548, val_ap 0.4765, minutes 25.43, lr 1.00e-03
    epoch 32: loss 1.1466, val_ap 0.4846, minutes 26.21, lr 1.00e-03
    epoch 33: loss 1.1484, val_ap 0.4844, minutes 27.0, lr 1.00e-03
    epoch 34: loss 1.1505, val_ap 0.4879, minutes 27.76, lr 1.00e-03
    epoch 35: loss 1.1494, val_ap 0.4907, minutes 28.54, lr 1.00e-03
    epoch 36: loss 1.1430, val_ap 0.4887, minutes 29.37, lr 1.00e-03
    epoch 37: loss 1.1379, val_ap 0.4830, minutes 30.16, lr 1.00e-03
    epoch 38: loss 1.1374, val_ap 0.4849, minutes 30.94, lr 1.00e-03
    epoch 39: loss 1.1410, val_ap 0.4903, minutes 31.73, lr 1.00e-03
    epoch 40: loss 1.1303, val_ap 0.4853, minutes 32.51, lr 1.00e-03
    epoch 41: loss 1.1275, val_ap 0.4884, minutes 33.3, lr 1.00e-03
    epoch 42: loss 1.1201, val_ap 0.4909, minutes 34.11, lr 1.00e-03
    epoch 43: loss 1.1220, val_ap 0.4829, minutes 34.86, lr 1.00e-03
    epoch 44: loss 1.1259, val_ap 0.4910, minutes 35.66, lr 1.00e-03
    epoch 45: loss 1.1243, val_ap 0.4849, minutes 36.42, lr 1.00e-03
    epoch 46: loss 1.1206, val_ap 0.4842, minutes 37.16, lr 1.00e-03
    epoch 47: loss 1.1199, val_ap 0.4943, minutes 37.91, lr 1.00e-03
    epoch 48: loss 1.1203, val_ap 0.4849, minutes 38.71, lr 1.00e-03
    epoch 49: loss 1.1122, val_ap 0.4852, minutes 39.49, lr 1.00e-03
    epoch 50: loss 1.1112, val_ap 0.4847, minutes 40.27, lr 1.00e-03
    epoch 51: loss 1.1027, val_ap 0.4910, minutes 41.02, lr 1.00e-03
    epoch 52: loss 1.1124, val_ap 0.4771, minutes 41.76, lr 1.00e-03
    epoch 53: loss 1.1035, val_ap 0.4788, minutes 42.53, lr 1.00e-03
    epoch 54: loss 1.0965, val_ap 0.4809, minutes 43.29, lr 1.00e-03
    epoch 55: loss 1.0966, val_ap 0.4873, minutes 44.07, lr 1.00e-03
    epoch 56: loss 1.0946, val_ap 0.4785, minutes 44.85, lr 5.00e-04
    epoch 57: loss 1.0836, val_ap 0.4818, minutes 45.65, lr 5.00e-04
    epoch 58: loss 1.0742, val_ap 0.4843, minutes 46.42, lr 5.00e-04
    epoch 59: loss 1.0764, val_ap 0.4817, minutes 47.19, lr 5.00e-04
    epoch 60: loss 1.0761, val_ap 0.4824, minutes 47.98, lr 5.00e-04
    epoch 61: loss 1.0729, val_ap 0.4821, minutes 48.76, lr 5.00e-04
    epoch 62: loss 1.0720, val_ap 0.4798, minutes 49.55, lr 5.00e-04
    epoch 63: loss 1.0702, val_ap 0.4787, minutes 50.36, lr 5.00e-04
    epoch 64: loss 1.0641, val_ap 0.4780, minutes 51.16, lr 5.00e-04
    epoch 65: loss 1.0634, val_ap 0.4665, minutes 51.94, lr 2.50e-04
    epoch 66: loss 1.0536, val_ap 0.4777, minutes 52.73, lr 2.50e-04
    epoch 67: loss 1.0536, val_ap 0.4773, minutes 53.52, lr 2.50e-04
    epoch 68: loss 1.0466, val_ap 0.4746, minutes 54.33, lr 2.50e-04
    epoch 69: loss 1.0456, val_ap 0.4777, minutes 55.17, lr 2.50e-04
    epoch 70: loss 1.0510, val_ap 0.4708, minutes 55.94, lr 2.50e-04
    epoch 71: loss 1.0486, val_ap 0.4748, minutes 56.75, lr 2.50e-04
    epoch 72: loss 1.0455, val_ap 0.4658, minutes 57.55, lr 2.50e-04
    stopping: no validation gain in 25 epochs
[res_nogate pooled_both fold 0 seed 1] done (58.2 min)
