loaded: dataset0 121,838 sites, data1 90,452
[h2gcn_local pooled_both fold 0 seed 1]
    epoch 1: loss 1.2509, val_ap 0.1971, minutes 0.8, lr 3.31e-04
    epoch 2: loss 1.0232, val_ap 0.3091, minutes 1.6, lr 6.60e-04
    epoch 3: loss 0.9169, val_ap 0.3767, minutes 2.39, lr 9.89e-04
    epoch 4: loss 0.8746, val_ap 0.3956, minutes 3.24, lr 1.00e-03
    epoch 5: loss 0.8514, val_ap 0.4037, minutes 4.05, lr 1.00e-03
    epoch 6: loss 0.8339, val_ap 0.4159, minutes 4.94, lr 1.00e-03
    epoch 7: loss 0.8166, val_ap 0.4173, minutes 5.72, lr 1.00e-03
    epoch 8: loss 0.8215, val_ap 0.4242, minutes 6.58, lr 1.00e-03
    epoch 9: loss 0.8112, val_ap 0.4247, minutes 7.41, lr 1.00e-03
    epoch 10: loss 0.8045, val_ap 0.4228, minutes 8.31, lr 1.00e-03
    epoch 11: loss 0.7980, val_ap 0.4283, minutes 9.05, lr 1.00e-03
    epoch 12: loss 0.7915, val_ap 0.4326, minutes 9.87, lr 1.00e-03
    epoch 13: loss 0.7877, val_ap 0.4370, minutes 10.67, lr 1.00e-03
    epoch 14: loss 0.7861, val_ap 0.4468, minutes 11.49, lr 1.00e-03
    epoch 15: loss 0.7728, val_ap 0.4500, minutes 12.25, lr 1.00e-03
    epoch 16: loss 0.7742, val_ap 0.4494, minutes 13.09, lr 1.00e-03
    epoch 17: loss 0.7744, val_ap 0.4538, minutes 13.88, lr 1.00e-03
    epoch 18: loss 0.7687, val_ap 0.4498, minutes 14.67, lr 1.00e-03
    epoch 19: loss 0.7657, val_ap 0.4557, minutes 15.49, lr 1.00e-03
    epoch 20: loss 0.7656, val_ap 0.4600, minutes 16.34, lr 1.00e-03
    epoch 21: loss 0.7550, val_ap 0.4682, minutes 17.18, lr 1.00e-03
    epoch 22: loss 0.7549, val_ap 0.4574, minutes 18.0, lr 1.00e-03
    epoch 23: loss 0.7573, val_ap 0.4522, minutes 18.82, lr 1.00e-03
    epoch 24: loss 0.7431, val_ap 0.4627, minutes 19.65, lr 1.00e-03
    epoch 25: loss 0.7379, val_ap 0.4642, minutes 20.5, lr 1.00e-03
    epoch 26: loss 0.7373, val_ap 0.4558, minutes 21.26, lr 1.00e-03
    epoch 27: loss 0.7416, val_ap 0.4582, minutes 22.05, lr 1.00e-03
    epoch 28: loss 0.7311, val_ap 0.4678, minutes 22.82, lr 1.00e-03
    epoch 29: loss 0.7245, val_ap 0.4589, minutes 23.66, lr 1.00e-03
    epoch 30: loss 0.7272, val_ap 0.4630, minutes 24.46, lr 5.00e-04
    epoch 31: loss 0.7076, val_ap 0.4601, minutes 25.27, lr 5.00e-04
    epoch 32: loss 0.7029, val_ap 0.4639, minutes 26.11, lr 5.00e-04
    epoch 33: loss 0.6970, val_ap 0.4666, minutes 26.92, lr 5.00e-04
    epoch 34: loss 0.6959, val_ap 0.4673, minutes 27.71, lr 5.00e-04
    epoch 35: loss 0.7021, val_ap 0.4652, minutes 28.56, lr 5.00e-04
    epoch 36: loss 0.6931, val_ap 0.4631, minutes 29.38, lr 5.00e-04
    epoch 37: loss 0.6894, val_ap 0.4599, minutes 30.22, lr 5.00e-04
    epoch 38: loss 0.6839, val_ap 0.4604, minutes 31.05, lr 5.00e-04
    epoch 39: loss 0.6885, val_ap 0.4615, minutes 31.89, lr 2.50e-04
    epoch 40: loss 0.6692, val_ap 0.4636, minutes 32.75, lr 2.50e-04
    epoch 41: loss 0.6692, val_ap 0.4647, minutes 33.55, lr 2.50e-04
    epoch 42: loss 0.6669, val_ap 0.4634, minutes 34.37, lr 2.50e-04
    epoch 43: loss 0.6649, val_ap 0.4626, minutes 35.17, lr 2.50e-04
    epoch 44: loss 0.6625, val_ap 0.4627, minutes 36.03, lr 2.50e-04
    epoch 45: loss 0.6627, val_ap 0.4618, minutes 36.85, lr 2.50e-04
    epoch 46: loss 0.6603, val_ap 0.4593, minutes 37.7, lr 2.50e-04
    stopping: no validation gain in 25 epochs
[h2gcn_local pooled_both fold 0 seed 1] done (38.4 min)
