loaded: dataset0 121,838 sites, data1 90,452
[h2gcn_aux pooled_both fold 1 seed 1]
    epoch 1: loss 1.9051, val_ap 0.1685, minutes 0.86, lr 3.31e-04
    epoch 2: loss 1.5559, val_ap 0.3295, minutes 1.75, lr 6.60e-04
    epoch 3: loss 1.3722, val_ap 0.4223, minutes 2.59, lr 9.89e-04
    epoch 4: loss 1.3167, val_ap 0.4366, minutes 3.48, lr 1.00e-03
    epoch 5: loss 1.2792, val_ap 0.4461, minutes 4.33, lr 1.00e-03
    epoch 6: loss 1.2609, val_ap 0.4401, minutes 5.24, lr 1.00e-03
    epoch 7: loss 1.2494, val_ap 0.4411, minutes 6.09, lr 1.00e-03
    epoch 8: loss 1.2460, val_ap 0.4551, minutes 6.88, lr 1.00e-03
    epoch 9: loss 1.2392, val_ap 0.4476, minutes 7.7, lr 1.00e-03
    epoch 10: loss 1.2312, val_ap 0.4550, minutes 8.45, lr 1.00e-03
    epoch 11: loss 1.2185, val_ap 0.4575, minutes 9.27, lr 1.00e-03
    epoch 12: loss 1.2219, val_ap 0.4609, minutes 10.07, lr 1.00e-03
    epoch 13: loss 1.2057, val_ap 0.4650, minutes 10.88, lr 1.00e-03
    epoch 14: loss 1.2131, val_ap 0.4687, minutes 11.68, lr 1.00e-03
    epoch 15: loss 1.2182, val_ap 0.4653, minutes 12.49, lr 1.00e-03
    epoch 16: loss 1.2025, val_ap 0.4740, minutes 13.34, lr 1.00e-03
    epoch 17: loss 1.2018, val_ap 0.4742, minutes 14.19, lr 1.00e-03
    epoch 18: loss 1.1889, val_ap 0.4739, minutes 15.12, lr 1.00e-03
    epoch 19: loss 1.1952, val_ap 0.4772, minutes 15.94, lr 1.00e-03
    epoch 20: loss 1.1887, val_ap 0.4730, minutes 16.79, lr 1.00e-03
    epoch 21: loss 1.1802, val_ap 0.4760, minutes 17.62, lr 1.00e-03
    epoch 22: loss 1.1823, val_ap 0.4773, minutes 18.49, lr 1.00e-03
    epoch 23: loss 1.1705, val_ap 0.4758, minutes 19.34, lr 1.00e-03
    epoch 24: loss 1.1749, val_ap 0.4768, minutes 20.17, lr 1.00e-03
    epoch 25: loss 1.1660, val_ap 0.4747, minutes 21.0, lr 1.00e-03
    epoch 26: loss 1.1603, val_ap 0.4811, minutes 21.8, lr 1.00e-03
    epoch 27: loss 1.1467, val_ap 0.4747, minutes 22.58, lr 1.00e-03
    epoch 28: loss 1.1489, val_ap 0.4810, minutes 23.33, lr 1.00e-03
    epoch 29: loss 1.1470, val_ap 0.4791, minutes 24.05, lr 1.00e-03
    epoch 30: loss 1.1451, val_ap 0.4770, minutes 24.81, lr 1.00e-03
    epoch 31: loss 1.1385, val_ap 0.4866, minutes 25.6, lr 1.00e-03
    epoch 32: loss 1.1370, val_ap 0.4838, minutes 26.38, lr 1.00e-03
    epoch 33: loss 1.1396, val_ap 0.4891, minutes 27.24, lr 1.00e-03
    epoch 34: loss 1.1345, val_ap 0.4853, minutes 28.04, lr 1.00e-03
    epoch 35: loss 1.1229, val_ap 0.4885, minutes 28.89, lr 1.00e-03
    epoch 36: loss 1.1157, val_ap 0.4876, minutes 29.72, lr 1.00e-03
    epoch 37: loss 1.1176, val_ap 0.4836, minutes 30.5, lr 1.00e-03
    epoch 38: loss 1.1092, val_ap 0.4862, minutes 31.28, lr 1.00e-03
    epoch 39: loss 1.1054, val_ap 0.4865, minutes 32.09, lr 1.00e-03
    epoch 40: loss 1.1100, val_ap 0.4836, minutes 32.89, lr 1.00e-03
    epoch 41: loss 1.1032, val_ap 0.4882, minutes 33.68, lr 1.00e-03
    epoch 42: loss 1.0960, val_ap 0.4922, minutes 34.44, lr 1.00e-03
    epoch 43: loss 1.0927, val_ap 0.4927, minutes 35.2, lr 1.00e-03
    epoch 44: loss 1.0893, val_ap 0.4911, minutes 35.96, lr 1.00e-03
    epoch 45: loss 1.0873, val_ap 0.4871, minutes 36.71, lr 1.00e-03
    epoch 46: loss 1.0795, val_ap 0.4857, minutes 37.47, lr 1.00e-03
    epoch 47: loss 1.0714, val_ap 0.4954, minutes 38.27, lr 1.00e-03
    epoch 48: loss 1.0752, val_ap 0.4947, minutes 39.04, lr 1.00e-03
    epoch 49: loss 1.0780, val_ap 0.4977, minutes 39.84, lr 1.00e-03
    epoch 50: loss 1.0605, val_ap 0.4880, minutes 40.64, lr 1.00e-03
    epoch 51: loss 1.0569, val_ap 0.4966, minutes 41.5, lr 1.00e-03
    epoch 52: loss 1.0512, val_ap 0.4875, minutes 42.26, lr 1.00e-03
    epoch 53: loss 1.0364, val_ap 0.4919, minutes 43.09, lr 1.00e-03
    epoch 54: loss 1.0487, val_ap 0.4950, minutes 43.86, lr 1.00e-03
    epoch 55: loss 1.0361, val_ap 0.4828, minutes 44.66, lr 1.00e-03
    epoch 56: loss 1.0283, val_ap 0.4851, minutes 45.4, lr 1.00e-03
    epoch 57: loss 1.0143, val_ap 0.4908, minutes 46.18, lr 1.00e-03
    epoch 58: loss 1.0207, val_ap 0.4802, minutes 46.99, lr 5.00e-04
    epoch 59: loss 1.0004, val_ap 0.4941, minutes 47.77, lr 5.00e-04
    epoch 60: loss 0.9962, val_ap 0.4900, minutes 48.54, lr 5.00e-04
    epoch 61: loss 0.9910, val_ap 0.4974, minutes 49.34, lr 5.00e-04
    epoch 62: loss 0.9829, val_ap 0.4885, minutes 50.12, lr 5.00e-04
    epoch 63: loss 0.9763, val_ap 0.4951, minutes 50.87, lr 5.00e-04
    epoch 64: loss 0.9834, val_ap 0.4928, minutes 51.65, lr 5.00e-04
    epoch 65: loss 0.9718, val_ap 0.4889, minutes 52.36, lr 5.00e-04
    epoch 66: loss 0.9714, val_ap 0.4929, minutes 53.1, lr 5.00e-04
    epoch 67: loss 0.9701, val_ap 0.4931, minutes 53.87, lr 2.50e-04
    epoch 68: loss 0.9570, val_ap 0.4885, minutes 54.65, lr 2.50e-04
    epoch 69: loss 0.9453, val_ap 0.4859, minutes 55.39, lr 2.50e-04
    epoch 70: loss 0.9460, val_ap 0.4896, minutes 56.18, lr 2.50e-04
    epoch 71: loss 0.9457, val_ap 0.4941, minutes 56.97, lr 2.50e-04
    epoch 72: loss 0.9404, val_ap 0.4901, minutes 57.75, lr 2.50e-04
    epoch 73: loss 0.9451, val_ap 0.4900, minutes 58.48, lr 2.50e-04
    epoch 74: loss 0.9470, val_ap 0.4883, minutes 59.23, lr 2.50e-04
    stopping: no validation gain in 25 epochs
[h2gcn_aux pooled_both fold 1 seed 1] done (60.2 min)
