loaded: dataset0 121,838 sites, data1 90,452
[gps dataset0 fold 3]
    epoch 1: loss 1.9715, val_ap 0.1476, minutes 1.31, lr 3.33e-04
    epoch 2: loss 1.6006, val_ap 0.2088, minutes 2.68, lr 6.63e-04
    epoch 3: loss 1.3394, val_ap 0.3895, minutes 4.07, lr 9.92e-04
    epoch 4: loss 1.2034, val_ap 0.4713, minutes 5.44, lr 1.00e-03
    epoch 5: loss 1.1046, val_ap 0.5036, minutes 6.81, lr 1.00e-03
    epoch 6: loss 1.0443, val_ap 0.5114, minutes 8.18, lr 1.00e-03
    epoch 7: loss 1.0570, val_ap 0.5162, minutes 9.54, lr 1.00e-03
    epoch 8: loss 1.0034, val_ap 0.5348, minutes 10.92, lr 1.00e-03
    epoch 9: loss 0.9867, val_ap 0.5305, minutes 12.32, lr 1.00e-03
    epoch 10: loss 0.9755, val_ap 0.5373, minutes 13.69, lr 1.00e-03
    epoch 11: loss 0.9731, val_ap 0.5439, minutes 15.11, lr 1.00e-03
    epoch 12: loss 0.9268, val_ap 0.5449, minutes 16.47, lr 1.00e-03
    epoch 13: loss 0.9440, val_ap 0.5380, minutes 17.87, lr 1.00e-03
    epoch 14: loss 0.9106, val_ap 0.5536, minutes 19.28, lr 1.00e-03
    epoch 15: loss 0.9238, val_ap 0.5597, minutes 20.68, lr 1.00e-03
    epoch 16: loss 0.8944, val_ap 0.5550, minutes 22.07, lr 1.00e-03
    epoch 17: loss 0.9153, val_ap 0.5540, minutes 23.48, lr 1.00e-03
    epoch 18: loss 0.8891, val_ap 0.5638, minutes 24.84, lr 1.00e-03
    epoch 19: loss 0.8849, val_ap 0.5670, minutes 26.24, lr 1.00e-03
    epoch 20: loss 0.8750, val_ap 0.5759, minutes 27.61, lr 1.00e-03
    epoch 21: loss 0.8735, val_ap 0.5748, minutes 29.08, lr 1.00e-03
    epoch 22: loss 0.8755, val_ap 0.5791, minutes 30.47, lr 1.00e-03
    epoch 23: loss 0.8419, val_ap 0.5865, minutes 31.87, lr 1.00e-03
    epoch 24: loss 0.8633, val_ap 0.5899, minutes 33.31, lr 1.00e-03
    epoch 25: loss 0.8467, val_ap 0.5926, minutes 34.71, lr 1.00e-03
    epoch 26: loss 0.8528, val_ap 0.5826, minutes 36.16, lr 1.00e-03
    epoch 27: loss 0.8440, val_ap 0.6017, minutes 37.55, lr 1.00e-03
    epoch 28: loss 0.8270, val_ap 0.6061, minutes 38.97, lr 1.00e-03
    epoch 29: loss 0.8205, val_ap 0.5977, minutes 40.4, lr 1.00e-03
    epoch 30: loss 0.8384, val_ap 0.6013, minutes 41.8, lr 1.00e-03
    epoch 31: loss 0.8136, val_ap 0.6006, minutes 43.19, lr 1.00e-03
    epoch 32: loss 0.8253, val_ap 0.6006, minutes 44.61, lr 1.00e-03
    epoch 33: loss 0.8212, val_ap 0.5931, minutes 46.06, lr 1.00e-03
    epoch 34: loss 0.8082, val_ap 0.6073, minutes 47.49, lr 1.00e-03
    epoch 35: loss 0.8016, val_ap 0.6109, minutes 48.9, lr 1.00e-03
    epoch 36: loss 0.8037, val_ap 0.6031, minutes 50.37, lr 1.00e-03
    epoch 37: loss 0.7895, val_ap 0.6070, minutes 51.77, lr 1.00e-03
    epoch 38: loss 0.7905, val_ap 0.6136, minutes 53.19, lr 1.00e-03
    epoch 39: loss 0.7870, val_ap 0.6126, minutes 54.63, lr 1.00e-03
    epoch 40: loss 0.7759, val_ap 0.6149, minutes 56.06, lr 1.00e-03
    epoch 41: loss 0.7881, val_ap 0.6210, minutes 57.5, lr 1.00e-03
    epoch 42: loss 0.7624, val_ap 0.6224, minutes 58.96, lr 1.00e-03
    epoch 43: loss 0.7669, val_ap 0.6139, minutes 60.37, lr 1.00e-03
    epoch 44: loss 0.7880, val_ap 0.6205, minutes 61.79, lr 1.00e-03
    epoch 45: loss 0.7882, val_ap 0.6081, minutes 63.24, lr 1.00e-03
    epoch 46: loss 0.7542, val_ap 0.6061, minutes 64.67, lr 1.00e-03
    epoch 47: loss 0.7607, val_ap 0.6058, minutes 66.09, lr 1.00e-03
    epoch 48: loss 0.7640, val_ap 0.6048, minutes 67.51, lr 1.00e-03
    epoch 49: loss 0.7497, val_ap 0.6139, minutes 68.91, lr 1.00e-03
    epoch 50: loss 0.7547, val_ap 0.6147, minutes 70.32, lr 1.00e-03
    epoch 51: loss 0.7514, val_ap 0.6100, minutes 71.71, lr 5.00e-04
    epoch 52: loss 0.7198, val_ap 0.6145, minutes 73.11, lr 5.00e-04
    epoch 53: loss 0.7135, val_ap 0.6139, minutes 74.47, lr 5.00e-04
    epoch 54: loss 0.7113, val_ap 0.6150, minutes 75.9, lr 5.00e-04
    epoch 55: loss 0.7014, val_ap 0.6076, minutes 77.36, lr 5.00e-04
    epoch 56: loss 0.7117, val_ap 0.6102, minutes 78.78, lr 5.00e-04
    epoch 57: loss 0.7074, val_ap 0.6065, minutes 80.21, lr 5.00e-04
    epoch 58: loss 0.6953, val_ap 0.6103, minutes 81.61, lr 5.00e-04
    epoch 59: loss 0.6914, val_ap 0.6033, minutes 82.97, lr 5.00e-04
    epoch 60: loss 0.6959, val_ap 0.6008, minutes 84.41, lr 2.50e-04
    epoch 61: loss 0.6878, val_ap 0.6063, minutes 85.83, lr 2.50e-04
    epoch 62: loss 0.6788, val_ap 0.6044, minutes 87.23, lr 2.50e-04
    epoch 63: loss 0.6858, val_ap 0.6060, minutes 88.63, lr 2.50e-04
    epoch 64: loss 0.6657, val_ap 0.6088, minutes 90.05, lr 2.50e-04
    epoch 65: loss 0.6678, val_ap 0.5923, minutes 91.48, lr 2.50e-04
    epoch 66: loss 0.6779, val_ap 0.5987, minutes 92.96, lr 2.50e-04
    epoch 67: loss 0.6660, val_ap 0.6064, minutes 94.36, lr 2.50e-04
    stopping: no validation gain in 25 epochs
[gps dataset0 fold 3] done (95.1 min)
