loaded: dataset0 121,838 sites, data1 90,452
[h2gcn_aux_r100 dataset0 fold 3 seed 2]
    epoch 1: loss 1.9718, val_ap 0.1455, minutes 0.55, lr 3.33e-04
    epoch 2: loss 1.5825, val_ap 0.2160, minutes 1.07, lr 6.63e-04
    epoch 3: loss 1.3658, val_ap 0.3374, minutes 1.6, lr 9.92e-04
    epoch 4: loss 1.2276, val_ap 0.4511, minutes 2.14, lr 1.00e-03
    epoch 5: loss 1.1418, val_ap 0.4834, minutes 2.64, lr 1.00e-03
    epoch 6: loss 1.0698, val_ap 0.5080, minutes 3.15, lr 1.00e-03
    epoch 7: loss 1.0421, val_ap 0.5282, minutes 3.66, lr 1.00e-03
    epoch 8: loss 1.0055, val_ap 0.5336, minutes 4.18, lr 1.00e-03
    epoch 9: loss 0.9859, val_ap 0.5459, minutes 4.72, lr 1.00e-03
    epoch 10: loss 0.9792, val_ap 0.5503, minutes 5.24, lr 1.00e-03
    epoch 11: loss 0.9539, val_ap 0.5408, minutes 5.74, lr 1.00e-03
    epoch 12: loss 0.9443, val_ap 0.5490, minutes 6.25, lr 1.00e-03
    epoch 13: loss 0.9328, val_ap 0.5469, minutes 6.85, lr 1.00e-03
    epoch 14: loss 0.9342, val_ap 0.5571, minutes 7.36, lr 1.00e-03
    epoch 15: loss 0.9083, val_ap 0.5505, minutes 7.88, lr 1.00e-03
    epoch 16: loss 0.9170, val_ap 0.5636, minutes 8.47, lr 1.00e-03
    epoch 17: loss 0.9431, val_ap 0.5631, minutes 9.01, lr 1.00e-03
    epoch 18: loss 0.9006, val_ap 0.5597, minutes 9.54, lr 1.00e-03
    epoch 19: loss 0.9064, val_ap 0.5630, minutes 10.07, lr 1.00e-03
    epoch 20: loss 0.8913, val_ap 0.5707, minutes 10.61, lr 1.00e-03
    epoch 21: loss 0.8799, val_ap 0.5626, minutes 11.1, lr 1.00e-03
    epoch 22: loss 0.8669, val_ap 0.5760, minutes 11.62, lr 1.00e-03
    epoch 23: loss 0.8863, val_ap 0.5728, minutes 12.17, lr 1.00e-03
    epoch 24: loss 0.8834, val_ap 0.5848, minutes 12.7, lr 1.00e-03
    epoch 25: loss 0.8849, val_ap 0.5689, minutes 13.2, lr 1.00e-03
    epoch 26: loss 0.8593, val_ap 0.5899, minutes 13.71, lr 1.00e-03
    epoch 27: loss 0.8554, val_ap 0.5826, minutes 14.24, lr 1.00e-03
    epoch 28: loss 0.8674, val_ap 0.5780, minutes 14.7, lr 1.00e-03
    epoch 29: loss 0.8595, val_ap 0.5818, minutes 15.24, lr 1.00e-03
    epoch 30: loss 0.8516, val_ap 0.5966, minutes 15.72, lr 1.00e-03
    epoch 31: loss 0.8497, val_ap 0.5888, minutes 16.22, lr 1.00e-03
    epoch 32: loss 0.8310, val_ap 0.5908, minutes 16.69, lr 1.00e-03
    epoch 33: loss 0.8388, val_ap 0.5877, minutes 17.13, lr 1.00e-03
    epoch 34: loss 0.8266, val_ap 0.5987, minutes 17.61, lr 1.00e-03
    epoch 35: loss 0.8266, val_ap 0.5966, minutes 18.04, lr 1.00e-03
    epoch 36: loss 0.8430, val_ap 0.5894, minutes 18.48, lr 1.00e-03
    epoch 37: loss 0.8330, val_ap 0.5925, minutes 18.94, lr 1.00e-03
    epoch 38: loss 0.8212, val_ap 0.6000, minutes 19.37, lr 1.00e-03
    epoch 39: loss 0.8126, val_ap 0.5999, minutes 19.83, lr 1.00e-03
    epoch 40: loss 0.8089, val_ap 0.5958, minutes 20.28, lr 1.00e-03
    epoch 41: loss 0.8065, val_ap 0.5972, minutes 20.69, lr 1.00e-03
    epoch 42: loss 0.7997, val_ap 0.5931, minutes 21.07, lr 1.00e-03
    epoch 43: loss 0.7997, val_ap 0.6057, minutes 21.47, lr 1.00e-03
    epoch 44: loss 0.8057, val_ap 0.6054, minutes 21.87, lr 1.00e-03
    epoch 45: loss 0.7977, val_ap 0.6122, minutes 22.31, lr 1.00e-03
    epoch 46: loss 0.7848, val_ap 0.6083, minutes 22.72, lr 1.00e-03
    epoch 47: loss 0.7942, val_ap 0.6079, minutes 23.08, lr 1.00e-03
    epoch 48: loss 0.7897, val_ap 0.6051, minutes 23.42, lr 1.00e-03
    epoch 49: loss 0.7744, val_ap 0.6137, minutes 23.77, lr 1.00e-03
    epoch 50: loss 0.7794, val_ap 0.6064, minutes 24.1, lr 1.00e-03
    epoch 51: loss 0.7858, val_ap 0.6128, minutes 24.48, lr 1.00e-03
    epoch 52: loss 0.7940, val_ap 0.6068, minutes 24.83, lr 1.00e-03
    epoch 53: loss 0.7588, val_ap 0.6167, minutes 25.19, lr 1.00e-03
    epoch 54: loss 0.7686, val_ap 0.6186, minutes 25.56, lr 1.00e-03
    epoch 55: loss 0.7702, val_ap 0.6169, minutes 25.86, lr 1.00e-03
    epoch 56: loss 0.7623, val_ap 0.6171, minutes 26.18, lr 1.00e-03
    epoch 57: loss 0.7630, val_ap 0.6117, minutes 26.5, lr 1.00e-03
    epoch 58: loss 0.7812, val_ap 0.6143, minutes 26.83, lr 1.00e-03
    epoch 59: loss 0.7544, val_ap 0.6133, minutes 27.2, lr 1.00e-03
    epoch 60: loss 0.7563, val_ap 0.6198, minutes 27.5, lr 1.00e-03
    epoch 61: loss 0.7577, val_ap 0.6155, minutes 27.8, lr 1.00e-03
    epoch 62: loss 0.7561, val_ap 0.6138, minutes 28.12, lr 1.00e-03
    epoch 63: loss 0.7488, val_ap 0.6173, minutes 28.4, lr 1.00e-03
    epoch 64: loss 0.7397, val_ap 0.6211, minutes 28.69, lr 1.00e-03
    epoch 65: loss 0.7666, val_ap 0.6104, minutes 28.97, lr 1.00e-03
    epoch 66: loss 0.7388, val_ap 0.6116, minutes 29.24, lr 1.00e-03
    epoch 67: loss 0.7545, val_ap 0.6028, minutes 29.54, lr 1.00e-03
    epoch 68: loss 0.7514, val_ap 0.6124, minutes 29.82, lr 1.00e-03
    epoch 69: loss 0.7373, val_ap 0.6176, minutes 30.11, lr 1.00e-03
    epoch 70: loss 0.7332, val_ap 0.6217, minutes 30.41, lr 1.00e-03
    epoch 71: loss 0.7318, val_ap 0.6151, minutes 30.68, lr 1.00e-03
    epoch 72: loss 0.7461, val_ap 0.6138, minutes 30.97, lr 1.00e-03
    epoch 73: loss 0.7212, val_ap 0.6114, minutes 31.25, lr 1.00e-03
    epoch 74: loss 0.7142, val_ap 0.6053, minutes 31.53, lr 1.00e-03
    epoch 75: loss 0.7321, val_ap 0.6020, minutes 31.8, lr 1.00e-03
    epoch 76: loss 0.7149, val_ap 0.6095, minutes 32.06, lr 1.00e-03
    epoch 77: loss 0.7464, val_ap 0.6069, minutes 32.32, lr 1.00e-03
    epoch 78: loss 0.7893, val_ap 0.6115, minutes 32.59, lr 1.00e-03
    epoch 79: loss 0.7101, val_ap 0.6166, minutes 32.85, lr 5.00e-04
    epoch 80: loss 0.6887, val_ap 0.6055, minutes 33.12, lr 5.00e-04
    epoch 81: loss 0.6712, val_ap 0.6049, minutes 33.38, lr 5.00e-04
    epoch 82: loss 0.6879, val_ap 0.6074, minutes 33.65, lr 5.00e-04
    epoch 83: loss 0.6824, val_ap 0.6125, minutes 33.94, lr 5.00e-04
    epoch 84: loss 0.6837, val_ap 0.6064, minutes 34.21, lr 5.00e-04
    epoch 85: loss 0.6648, val_ap 0.6011, minutes 34.47, lr 5.00e-04
    epoch 86: loss 0.6822, val_ap 0.6053, minutes 34.76, lr 5.00e-04
    epoch 87: loss 0.6768, val_ap 0.6099, minutes 35.03, lr 5.00e-04
    epoch 88: loss 0.6815, val_ap 0.5993, minutes 35.29, lr 2.50e-04
    epoch 89: loss 0.6616, val_ap 0.6064, minutes 35.55, lr 2.50e-04
    epoch 90: loss 0.6592, val_ap 0.6024, minutes 35.81, lr 2.50e-04
    epoch 91: loss 0.6486, val_ap 0.6080, minutes 36.06, lr 2.50e-04
    epoch 92: loss 0.6534, val_ap 0.6028, minutes 36.31, lr 2.50e-04
    epoch 93: loss 0.6431, val_ap 0.6022, minutes 36.56, lr 2.50e-04
    epoch 94: loss 0.6563, val_ap 0.6027, minutes 36.81, lr 2.50e-04
    epoch 95: loss 0.6520, val_ap 0.6013, minutes 37.04, lr 2.50e-04
    stopping: no validation gain in 25 epochs
[h2gcn_aux_r100 dataset0 fold 3 seed 2] done (37.5 min)
