loaded: dataset0 121,838 sites, data1 90,452
[scalar_random dataset0 fold 1 seed 2]
    kernel decay scale 114.6 nt (fitted to cell line 1 training labels)
    epoch 1: loss 1.9507, val_ap 0.1453, minutes 0.5, lr 3.33e-04
    epoch 2: loss 1.5434, val_ap 0.2324, minutes 0.97, lr 6.63e-04
    epoch 3: loss 1.3481, val_ap 0.3898, minutes 1.44, lr 9.92e-04
    epoch 4: loss 1.2254, val_ap 0.4355, minutes 1.92, lr 1.00e-03
    epoch 5: loss 1.1752, val_ap 0.4517, minutes 2.36, lr 1.00e-03
    epoch 6: loss 1.1383, val_ap 0.4593, minutes 2.85, lr 1.00e-03
    epoch 7: loss 1.1185, val_ap 0.4746, minutes 3.32, lr 1.00e-03
    epoch 8: loss 1.0825, val_ap 0.4727, minutes 3.79, lr 1.00e-03
    epoch 9: loss 1.0807, val_ap 0.4695, minutes 4.25, lr 1.00e-03
    epoch 10: loss 1.0761, val_ap 0.4680, minutes 4.73, lr 1.00e-03
    epoch 11: loss 1.0488, val_ap 0.4744, minutes 5.24, lr 1.00e-03
    epoch 12: loss 1.0446, val_ap 0.4848, minutes 5.71, lr 1.00e-03
    epoch 13: loss 1.0335, val_ap 0.4817, minutes 6.17, lr 1.00e-03
    epoch 14: loss 1.0441, val_ap 0.4862, minutes 6.64, lr 1.00e-03
    epoch 15: loss 1.0289, val_ap 0.4765, minutes 7.12, lr 1.00e-03
    epoch 16: loss 1.0062, val_ap 0.4872, minutes 7.59, lr 1.00e-03
    epoch 17: loss 1.0018, val_ap 0.4907, minutes 8.07, lr 1.00e-03
    epoch 18: loss 1.0111, val_ap 0.4854, minutes 8.56, lr 1.00e-03
    epoch 19: loss 0.9874, val_ap 0.4966, minutes 9.02, lr 1.00e-03
    epoch 20: loss 1.0029, val_ap 0.4964, minutes 9.5, lr 1.00e-03
    epoch 21: loss 0.9965, val_ap 0.4986, minutes 9.95, lr 1.00e-03
    epoch 22: loss 0.9850, val_ap 0.5015, minutes 10.45, lr 1.00e-03
    epoch 23: loss 0.9999, val_ap 0.5048, minutes 10.91, lr 1.00e-03
    epoch 24: loss 1.0011, val_ap 0.5044, minutes 11.38, lr 1.00e-03
    epoch 25: loss 0.9854, val_ap 0.5098, minutes 11.87, lr 1.00e-03
    epoch 26: loss 0.9703, val_ap 0.5145, minutes 12.36, lr 1.00e-03
    epoch 27: loss 0.9699, val_ap 0.5141, minutes 12.77, lr 1.00e-03
    epoch 28: loss 0.9799, val_ap 0.5168, minutes 13.21, lr 1.00e-03
    epoch 29: loss 0.9761, val_ap 0.5171, minutes 13.69, lr 1.00e-03
    epoch 30: loss 0.9682, val_ap 0.5103, minutes 14.14, lr 1.00e-03
    epoch 31: loss 0.9540, val_ap 0.5158, minutes 14.62, lr 1.00e-03
    epoch 32: loss 0.9574, val_ap 0.5174, minutes 15.08, lr 1.00e-03
    epoch 33: loss 0.9484, val_ap 0.5263, minutes 15.54, lr 1.00e-03
    epoch 34: loss 0.9422, val_ap 0.5232, minutes 16.01, lr 1.00e-03
    epoch 35: loss 0.9286, val_ap 0.5218, minutes 16.49, lr 1.00e-03
    epoch 36: loss 0.9573, val_ap 0.5282, minutes 16.98, lr 1.00e-03
    epoch 37: loss 0.9538, val_ap 0.5315, minutes 17.45, lr 1.00e-03
    epoch 38: loss 0.9429, val_ap 0.5310, minutes 17.94, lr 1.00e-03
    epoch 39: loss 0.9233, val_ap 0.5395, minutes 18.41, lr 1.00e-03
    epoch 40: loss 0.9236, val_ap 0.5403, minutes 18.89, lr 1.00e-03
    epoch 41: loss 0.9239, val_ap 0.5275, minutes 19.39, lr 1.00e-03
    epoch 42: loss 0.9296, val_ap 0.5428, minutes 19.8, lr 1.00e-03
    epoch 43: loss 0.9198, val_ap 0.5478, minutes 20.26, lr 1.00e-03
    epoch 44: loss 0.9101, val_ap 0.5422, minutes 20.74, lr 1.00e-03
    epoch 45: loss 0.9201, val_ap 0.5243, minutes 21.25, lr 1.00e-03
    epoch 46: loss 0.9093, val_ap 0.5516, minutes 21.74, lr 1.00e-03
    epoch 47: loss 0.9374, val_ap 0.5425, minutes 22.21, lr 1.00e-03
    epoch 48: loss 0.9167, val_ap 0.5356, minutes 22.75, lr 1.00e-03
    epoch 49: loss 0.9140, val_ap 0.5387, minutes 23.25, lr 1.00e-03
    epoch 50: loss 0.8858, val_ap 0.5514, minutes 23.76, lr 1.00e-03
    epoch 51: loss 0.9013, val_ap 0.5507, minutes 24.26, lr 1.00e-03
    epoch 52: loss 0.8895, val_ap 0.5493, minutes 24.75, lr 1.00e-03
    epoch 53: loss 0.8856, val_ap 0.5529, minutes 25.27, lr 1.00e-03
    epoch 54: loss 0.8854, val_ap 0.5367, minutes 25.74, lr 1.00e-03
    epoch 55: loss 0.8902, val_ap 0.5370, minutes 26.24, lr 1.00e-03
    epoch 56: loss 0.8846, val_ap 0.5488, minutes 26.72, lr 1.00e-03
    epoch 57: loss 0.8835, val_ap 0.5526, minutes 27.22, lr 1.00e-03
    epoch 58: loss 0.8817, val_ap 0.5349, minutes 27.68, lr 1.00e-03
    epoch 59: loss 0.8711, val_ap 0.5599, minutes 28.15, lr 1.00e-03
    epoch 60: loss 0.8620, val_ap 0.5456, minutes 28.64, lr 1.00e-03
    epoch 61: loss 0.8643, val_ap 0.5533, minutes 29.12, lr 1.00e-03
    epoch 62: loss 0.8642, val_ap 0.5545, minutes 29.58, lr 1.00e-03
    epoch 63: loss 0.8565, val_ap 0.5514, minutes 30.08, lr 1.00e-03
    epoch 64: loss 0.8475, val_ap 0.5583, minutes 30.55, lr 1.00e-03
    epoch 65: loss 0.8556, val_ap 0.5598, minutes 31.09, lr 1.00e-03
    epoch 66: loss 0.8615, val_ap 0.5537, minutes 31.56, lr 1.00e-03
    epoch 67: loss 0.8571, val_ap 0.5447, minutes 32.05, lr 1.00e-03
    epoch 68: loss 0.8571, val_ap 0.5534, minutes 32.55, lr 5.00e-04
    epoch 69: loss 0.8259, val_ap 0.5524, minutes 33.02, lr 5.00e-04
    epoch 70: loss 0.8145, val_ap 0.5584, minutes 33.52, lr 5.00e-04
    epoch 71: loss 0.8113, val_ap 0.5599, minutes 33.98, lr 5.00e-04
    epoch 72: loss 0.8274, val_ap 0.5552, minutes 34.46, lr 5.00e-04
    epoch 73: loss 0.8115, val_ap 0.5565, minutes 34.93, lr 5.00e-04
    epoch 74: loss 0.8225, val_ap 0.5561, minutes 35.42, lr 5.00e-04
    epoch 75: loss 0.8245, val_ap 0.5613, minutes 35.89, lr 5.00e-04
    epoch 76: loss 0.8099, val_ap 0.5542, minutes 36.35, lr 5.00e-04
    epoch 77: loss 0.8069, val_ap 0.5513, minutes 36.84, lr 5.00e-04
    epoch 78: loss 0.8104, val_ap 0.5596, minutes 37.31, lr 5.00e-04
    epoch 79: loss 0.8087, val_ap 0.5612, minutes 37.79, lr 5.00e-04
    epoch 80: loss 0.8113, val_ap 0.5526, minutes 38.28, lr 5.00e-04
    epoch 81: loss 0.7930, val_ap 0.5468, minutes 38.75, lr 5.00e-04
    epoch 82: loss 0.8040, val_ap 0.5535, minutes 39.22, lr 5.00e-04
    epoch 83: loss 0.8140, val_ap 0.5440, minutes 39.72, lr 5.00e-04
    epoch 84: loss 0.7985, val_ap 0.5557, minutes 40.2, lr 2.50e-04
    epoch 85: loss 0.7872, val_ap 0.5531, minutes 40.68, lr 2.50e-04
    epoch 86: loss 0.7816, val_ap 0.5488, minutes 41.16, lr 2.50e-04
    epoch 87: loss 0.7721, val_ap 0.5460, minutes 41.63, lr 2.50e-04
    epoch 88: loss 0.7850, val_ap 0.5546, minutes 42.11, lr 2.50e-04
    epoch 89: loss 0.7712, val_ap 0.5533, minutes 42.6, lr 2.50e-04
    epoch 90: loss 0.7758, val_ap 0.5461, minutes 43.11, lr 2.50e-04
    epoch 91: loss 0.7656, val_ap 0.5550, minutes 43.58, lr 2.50e-04
    epoch 92: loss 0.7860, val_ap 0.5546, minutes 44.04, lr 2.50e-04
    epoch 93: loss 0.7702, val_ap 0.5554, minutes 44.52, lr 1.25e-04
    epoch 94: loss 0.7627, val_ap 0.5534, minutes 44.99, lr 1.25e-04
    epoch 95: loss 0.7599, val_ap 0.5532, minutes 45.48, lr 1.25e-04
    epoch 96: loss 0.7728, val_ap 0.5534, minutes 45.94, lr 1.25e-04
    epoch 97: loss 0.7655, val_ap 0.5511, minutes 46.42, lr 1.25e-04
    epoch 98: loss 0.7565, val_ap 0.5526, minutes 46.91, lr 1.25e-04
    epoch 99: loss 0.7729, val_ap 0.5517, minutes 47.41, lr 1.25e-04
    epoch 100: loss 0.7626, val_ap 0.5498, minutes 47.89, lr 1.25e-04
    stopping: no validation gain in 25 epochs
[scalar_random dataset0 fold 1 seed 2] done (48.7 min)
