loaded: dataset0 121,838 sites, data1 90,452
[deepset dataset0 fold 3 seed 2]
    epoch 1: loss 1.1805192935605382, minutes 0.17, val_ap 0.23871912073545906, lr 0.00033430232558139537
    epoch 2: loss 0.8819303824458011, minutes 0.35, val_ap 0.4141654304899362, lr 0.0006676356589147286
    epoch 3: loss 0.7928645144714865, minutes 0.53, val_ap 0.4622698998867433, lr 0.001
    epoch 4: loss 0.7539877678419269, minutes 0.72, val_ap 0.4709855965924937, lr 0.001
    epoch 5: loss 0.7151159470857575, minutes 0.91, val_ap 0.4762051136206954, lr 0.001
    epoch 6: loss 0.6996078725124515, minutes 1.09, val_ap 0.4758013408077803, lr 0.001
    epoch 7: loss 0.6868825271552386, minutes 1.27, val_ap 0.47887154272673205, lr 0.001
    epoch 8: loss 0.6773569061485833, minutes 1.44, val_ap 0.4999607895959442, lr 0.001
    epoch 9: loss 0.6724281307353184, minutes 1.63, val_ap 0.4955041923100679, lr 0.001
    epoch 10: loss 0.6660130612205627, minutes 1.81, val_ap 0.5083052017500233, lr 0.001
    epoch 11: loss 0.6662519775157751, minutes 1.98, val_ap 0.5146073812411985, lr 0.001
    epoch 12: loss 0.6482252855676898, minutes 2.13, val_ap 0.5207626922449973, lr 0.001
    epoch 13: loss 0.6537216857595499, minutes 2.31, val_ap 0.5238628103944137, lr 0.001
    epoch 14: loss 0.6403559155242388, minutes 2.49, val_ap 0.5229111711254957, lr 0.001
    epoch 15: loss 0.6443288914512756, minutes 2.68, val_ap 0.5179991058044239, lr 0.001
    epoch 16: loss 0.6450566223194433, minutes 2.86, val_ap 0.5347935014834285, lr 0.001
    epoch 17: loss 0.6491171161449233, minutes 3.04, val_ap 0.5319970660032943, lr 0.001
    epoch 18: loss 0.6432712162996448, minutes 3.23, val_ap 0.5338395220631749, lr 0.001
    epoch 19: loss 0.6261361269930075, minutes 3.42, val_ap 0.5454256856360656, lr 0.001
    epoch 20: loss 0.625806677133538, minutes 3.6, val_ap 0.5400135719251021, lr 0.001
    epoch 21: loss 0.6242331913997268, minutes 3.77, val_ap 0.5529589553909524, lr 0.001
    epoch 22: loss 0.6226098754031714, minutes 3.95, val_ap 0.5589817582119605, lr 0.001
    epoch 23: loss 0.608024021134127, minutes 4.14, val_ap 0.5506726237494844, lr 0.001
    epoch 24: loss 0.6099689022399658, minutes 4.32, val_ap 0.5561837756902502, lr 0.001
    epoch 25: loss 0.614235116472078, minutes 4.5, val_ap 0.5651945396351158, lr 0.001
    epoch 26: loss 0.6122872374172128, minutes 4.68, val_ap 0.5578100874072118, lr 0.001
    epoch 27: loss 0.5948127472643242, minutes 4.87, val_ap 0.5706962438574125, lr 0.001
    epoch 28: loss 0.6019438953073912, minutes 5.05, val_ap 0.5643480777259704, lr 0.001
    epoch 29: loss 0.59609865687441, minutes 5.22, val_ap 0.5645570609641244, lr 0.001
    epoch 30: loss 0.602802113478267, minutes 5.41, val_ap 0.5761922896804769, lr 0.001
    epoch 31: loss 0.5933893975303617, minutes 5.6, val_ap 0.5579242586512023, lr 0.001
    epoch 32: loss 0.5934708563740864, minutes 5.79, val_ap 0.5632570994052721, lr 0.001
    epoch 33: loss 0.5832197506760441, minutes 5.99, val_ap 0.5604370108373976, lr 0.001
    epoch 34: loss 0.577490127190601, minutes 6.17, val_ap 0.567525640114181, lr 0.001
    epoch 35: loss 0.5748754868846994, minutes 6.36, val_ap 0.5731487042127252, lr 0.001
    epoch 36: loss 0.5800265649896722, minutes 6.53, val_ap 0.5722314485405872, lr 0.001
    epoch 37: loss 0.5741019329532634, minutes 6.7, val_ap 0.5713437820188979, lr 0.001
    epoch 38: loss 0.5736125691165758, minutes 6.87, val_ap 0.570098952555514, lr 0.001
    epoch 39: loss 0.5748028980004926, minutes 7.04, val_ap 0.5727204005806943, lr 0.0005
    epoch 40: loss 0.547960072279323, minutes 7.19, val_ap 0.5726447888194612, lr 0.0005
    epoch 41: loss 0.5492830428533083, minutes 7.34, val_ap 0.5757566261247615, lr 0.0005
    epoch 42: loss 0.5405520474494889, minutes 7.5, val_ap 0.5818843558070782, lr 0.0005
    epoch 43: loss 0.5470343342180862, minutes 7.68, val_ap 0.5781653544991957, lr 0.0005
    epoch 44: loss 0.5399904396644858, minutes 7.84, val_ap 0.5731340582239759, lr 0.0005
    epoch 45: loss 0.5386411954843721, minutes 7.99, val_ap 0.5807515352257708, lr 0.0005
    epoch 46: loss 0.5422356949989185, minutes 8.15, val_ap 0.5821548806529465, lr 0.0005
    epoch 47: loss 0.5357941190690495, minutes 8.3, val_ap 0.5786442161257744, lr 0.0005
    epoch 48: loss 0.5341212702698486, minutes 8.48, val_ap 0.5792503956875881, lr 0.0005
    epoch 49: loss 0.5331711053068555, minutes 8.64, val_ap 0.5720505040435013, lr 0.0005
    epoch 50: loss 0.5360640279602172, minutes 8.77, val_ap 0.5777642123241655, lr 0.0005
    epoch 51: loss 0.5253703748417455, minutes 8.91, val_ap 0.5784920349793816, lr 0.0005
    epoch 52: loss 0.5217408272329458, minutes 9.06, val_ap 0.5736093365135156, lr 0.0005
    epoch 53: loss 0.519946676007537, minutes 9.22, val_ap 0.5725969156569407, lr 0.0005
    epoch 54: loss 0.5311821838624255, minutes 9.36, val_ap 0.5737902155096163, lr 0.0005
    epoch 55: loss 0.5214838669743649, minutes 9.5, val_ap 0.5782073224271939, lr 0.00025
    epoch 56: loss 0.5208844880378524, minutes 9.64, val_ap 0.5786313394943503, lr 0.00025
    epoch 57: loss 0.5155915499686502, minutes 9.79, val_ap 0.5807334447127044, lr 0.00025
    epoch 58: loss 0.514037049786989, minutes 9.93, val_ap 0.5774490067467, lr 0.00025
    epoch 59: loss 0.5110566240063933, minutes 10.07, val_ap 0.5783733665434838, lr 0.00025
    epoch 60: loss 0.5057582556768212, minutes 10.21, val_ap 0.5784944943592011, lr 0.00025
    epoch 61: loss 0.4969904813915491, minutes 10.34, val_ap 0.578421538929489, lr 0.00025
    epoch 62: loss 0.5082599519383769, minutes 10.48, val_ap 0.5770915500180435, lr 0.00025
    epoch 63: loss 0.5105608913527672, minutes 10.61, val_ap 0.5760071075239626, lr 0.00025
    epoch 64: loss 0.5021678331026505, minutes 10.74, val_ap 0.574819008929328, lr 0.000125
    epoch 65: loss 0.49882911964384624, minutes 10.87, val_ap 0.5779957261220293, lr 0.000125
    epoch 66: loss 0.5075323147222747, minutes 11.01, val_ap 0.5781218050560931, lr 0.000125
    epoch 67: loss 0.48930958320581636, minutes 11.14, val_ap 0.576352717443505, lr 0.000125
    epoch 68: loss 0.48652171629459356, minutes 11.27, val_ap 0.5750636307708489, lr 0.000125
    epoch 69: loss 0.49022046052092727, minutes 11.39, val_ap 0.576481560043873, lr 0.000125
    epoch 70: loss 0.4921838846490827, minutes 11.51, val_ap 0.5786225031993903, lr 0.000125
    stopping: no validation gain in 25 epochs
[deepset dataset0 fold 3 seed 2] done (11.8 min)
