loaded: dataset0 121,838 sites, data1 90,452
[res_nodrop pooled_both fold 3 seed 1]
    kernel decay scale 113.4 nt (fitted to cell line 1 training labels)
    epoch 1: loss 1.8864, val_ap 0.1666, minutes 0.85, lr 3.31e-04
    epoch 2: loss 1.5629, val_ap 0.3072, minutes 1.61, lr 6.60e-04
    epoch 3: loss 1.3992, val_ap 0.4146, minutes 2.48, lr 9.89e-04
    epoch 4: loss 1.3059, val_ap 0.4445, minutes 3.28, lr 1.00e-03
    epoch 5: loss 1.2582, val_ap 0.4623, minutes 4.11, lr 1.00e-03
    epoch 6: loss 1.2294, val_ap 0.4656, minutes 4.88, lr 1.00e-03
    epoch 7: loss 1.2193, val_ap 0.4754, minutes 5.65, lr 1.00e-03
    epoch 8: loss 1.2150, val_ap 0.4648, minutes 6.48, lr 1.00e-03
    epoch 9: loss 1.1991, val_ap 0.4790, minutes 7.33, lr 1.00e-03
    epoch 10: loss 1.1871, val_ap 0.4769, minutes 8.11, lr 1.00e-03
    epoch 11: loss 1.1871, val_ap 0.4798, minutes 8.94, lr 1.00e-03
    epoch 12: loss 1.1789, val_ap 0.4813, minutes 9.77, lr 1.00e-03
    epoch 13: loss 1.1635, val_ap 0.4853, minutes 10.59, lr 1.00e-03
    epoch 14: loss 1.1675, val_ap 0.4849, minutes 11.45, lr 1.00e-03
    epoch 15: loss 1.1644, val_ap 0.4871, minutes 12.27, lr 1.00e-03
    epoch 16: loss 1.1534, val_ap 0.4888, minutes 13.07, lr 1.00e-03
    epoch 17: loss 1.1543, val_ap 0.4933, minutes 13.82, lr 1.00e-03
    epoch 18: loss 1.1541, val_ap 0.4914, minutes 14.75, lr 1.00e-03
    epoch 19: loss 1.1361, val_ap 0.5011, minutes 15.59, lr 1.00e-03
    epoch 20: loss 1.1375, val_ap 0.4994, minutes 16.46, lr 1.00e-03
    epoch 21: loss 1.1383, val_ap 0.5027, minutes 17.34, lr 1.00e-03
    epoch 22: loss 1.1279, val_ap 0.5031, minutes 18.18, lr 1.00e-03
    epoch 23: loss 1.1280, val_ap 0.5024, minutes 18.99, lr 1.00e-03
    epoch 24: loss 1.1277, val_ap 0.4998, minutes 19.77, lr 1.00e-03
    epoch 25: loss 1.1204, val_ap 0.4947, minutes 20.6, lr 1.00e-03
    epoch 26: loss 1.1219, val_ap 0.5086, minutes 21.45, lr 1.00e-03
    epoch 27: loss 1.1242, val_ap 0.4982, minutes 22.25, lr 1.00e-03
    epoch 28: loss 1.1134, val_ap 0.5051, minutes 23.05, lr 1.00e-03
    epoch 29: loss 1.1156, val_ap 0.5094, minutes 23.84, lr 1.00e-03
    epoch 30: loss 1.1140, val_ap 0.5106, minutes 24.61, lr 1.00e-03
    epoch 31: loss 1.1003, val_ap 0.5143, minutes 25.41, lr 1.00e-03
    epoch 32: loss 1.1092, val_ap 0.5074, minutes 26.23, lr 1.00e-03
    epoch 33: loss 1.0930, val_ap 0.5114, minutes 27.06, lr 1.00e-03
    epoch 34: loss 1.0953, val_ap 0.5130, minutes 27.88, lr 1.00e-03
    epoch 35: loss 1.0913, val_ap 0.5070, minutes 28.73, lr 1.00e-03
    epoch 36: loss 1.0903, val_ap 0.5174, minutes 29.53, lr 1.00e-03
    epoch 37: loss 1.0819, val_ap 0.5125, minutes 30.35, lr 1.00e-03
    epoch 38: loss 1.0974, val_ap 0.5099, minutes 31.18, lr 1.00e-03
    epoch 39: loss 1.0909, val_ap 0.5005, minutes 31.96, lr 1.00e-03
    epoch 40: loss 1.0820, val_ap 0.5108, minutes 32.79, lr 1.00e-03
    epoch 41: loss 1.0675, val_ap 0.5151, minutes 33.61, lr 1.00e-03
    epoch 42: loss 1.0695, val_ap 0.5098, minutes 34.45, lr 1.00e-03
    epoch 43: loss 1.0627, val_ap 0.5135, minutes 35.3, lr 1.00e-03
    epoch 44: loss 1.0701, val_ap 0.5200, minutes 36.1, lr 1.00e-03
    epoch 45: loss 1.0635, val_ap 0.5173, minutes 36.95, lr 1.00e-03
    epoch 46: loss 1.0563, val_ap 0.5107, minutes 37.7, lr 1.00e-03
    epoch 47: loss 1.0514, val_ap 0.5098, minutes 38.41, lr 1.00e-03
    epoch 48: loss 1.0558, val_ap 0.5111, minutes 39.17, lr 1.00e-03
    epoch 49: loss 1.0544, val_ap 0.5081, minutes 39.94, lr 1.00e-03
    epoch 50: loss 1.0485, val_ap 0.5188, minutes 40.73, lr 1.00e-03
    epoch 51: loss 1.0465, val_ap 0.5069, minutes 41.55, lr 1.00e-03
    epoch 52: loss 1.0513, val_ap 0.4807, minutes 42.33, lr 1.00e-03
    epoch 53: loss 1.0489, val_ap 0.5121, minutes 43.14, lr 5.00e-04
    epoch 54: loss 1.0214, val_ap 0.5129, minutes 43.95, lr 5.00e-04
    epoch 55: loss 1.0210, val_ap 0.5143, minutes 44.76, lr 5.00e-04
    epoch 56: loss 1.0189, val_ap 0.5091, minutes 45.6, lr 5.00e-04
    epoch 57: loss 1.0197, val_ap 0.5081, minutes 46.39, lr 5.00e-04
    epoch 58: loss 1.0112, val_ap 0.5110, minutes 47.16, lr 5.00e-04
    epoch 59: loss 1.0147, val_ap 0.5118, minutes 47.99, lr 5.00e-04
    epoch 60: loss 1.0062, val_ap 0.5056, minutes 48.8, lr 5.00e-04
    epoch 61: loss 1.0134, val_ap 0.5100, minutes 49.65, lr 5.00e-04
    epoch 62: loss 1.0060, val_ap 0.5039, minutes 50.47, lr 2.50e-04
    epoch 63: loss 0.9980, val_ap 0.5070, minutes 51.29, lr 2.50e-04
    epoch 64: loss 0.9963, val_ap 0.5087, minutes 52.08, lr 2.50e-04
    epoch 65: loss 0.9917, val_ap 0.5064, minutes 52.95, lr 2.50e-04
    epoch 66: loss 0.9865, val_ap 0.5050, minutes 53.75, lr 2.50e-04
    epoch 67: loss 0.9905, val_ap 0.5071, minutes 54.56, lr 2.50e-04
    epoch 68: loss 0.9834, val_ap 0.5049, minutes 55.34, lr 2.50e-04
    epoch 69: loss 0.9869, val_ap 0.5084, minutes 56.19, lr 2.50e-04
    stopping: no validation gain in 25 epochs
[res_nodrop pooled_both fold 3 seed 1] done (56.9 min)
