loaded: dataset0 121,838 sites, data1 90,452
[knn_static pooled_both fold 2]
    epoch 1: loss 1.1636380087030995, minutes 3.26, val_ap 0.2851019413604635, lr 0.0003338833883388339
    epoch 2: loss 0.9317388613231898, minutes 6.81, val_ap 0.38265426070308645, lr 0.0006672167216721672
    epoch 3: loss 0.8891637312992178, minutes 10.44, val_ap 0.40389304380331587, lr 0.001
    epoch 4: loss 0.8796510752966695, minutes 13.96, val_ap 0.42131594534462696, lr 0.001
    epoch 5: loss 0.8567358824384488, minutes 17.53, val_ap 0.4274156376995519, lr 0.001
    epoch 6: loss 0.8500733459153191, minutes 21.57, val_ap 0.43358324414729915, lr 0.001
    epoch 7: loss 0.8375938702927958, minutes 25.15, val_ap 0.4422497618040081, lr 0.001
    epoch 8: loss 0.8308858992931473, minutes 28.76, val_ap 0.4425538307759322, lr 0.001
    epoch 9: loss 0.8237710077770473, minutes 32.34, val_ap 0.44435939932670276, lr 0.001
    epoch 10: loss 0.8210912714696953, minutes 35.88, val_ap 0.4502004316952264, lr 0.001
    epoch 11: loss 0.8160134642431052, minutes 40.43, val_ap 0.4508321269578161, lr 0.001
    epoch 12: loss 0.8089845718526998, minutes 56.44, val_ap 0.44931752255938984, lr 0.001
    epoch 13: loss 0.8136158318016002, minutes 60.04, val_ap 0.4510129204301277, lr 0.001
    epoch 14: loss 0.8098492704504, minutes 63.38, val_ap 0.44845282971794176, lr 0.001
    epoch 15: loss 0.7989866375529727, minutes 66.73, val_ap 0.45854068064085535, lr 0.001
    epoch 16: loss 0.7988028335984391, minutes 69.98, val_ap 0.4576462836330465, lr 0.001
    epoch 17: loss 0.7986525777149516, minutes 73.11, val_ap 0.4568208110738632, lr 0.001
    epoch 18: loss 0.7957917130229497, minutes 75.78, val_ap 0.4731331397430614, lr 0.001
    epoch 19: loss 0.7943219513487895, minutes 78.29, val_ap 0.4643286731439229, lr 0.001
    epoch 20: loss 0.7904289114494921, minutes 80.72, val_ap 0.46652177965277425, lr 0.001
    epoch 21: loss 0.7882721216568459, minutes 83.26, val_ap 0.46515479239352964, lr 0.001
    epoch 22: loss 0.7867180621958408, minutes 85.64, val_ap 0.47050841301973684, lr 0.001
    epoch 23: loss 0.7784343777414989, minutes 87.97, val_ap 0.47550776713126014, lr 0.001
    epoch 24: loss 0.7798462449127298, minutes 90.16, val_ap 0.47773579473372557, lr 0.001
    epoch 25: loss 0.7767531987857503, minutes 92.65, val_ap 0.47763798691268383, lr 0.001
    epoch 26: loss 0.7716426798711122, minutes 94.98, val_ap 0.481954654743228, lr 0.001
    epoch 27: loss 0.7734353099227345, minutes 97.47, val_ap 0.4817717958400044, lr 0.001
    epoch 28: loss 0.7716192544096767, minutes 99.89, val_ap 0.4708536832434958, lr 0.001
    epoch 29: loss 0.7675804364012413, minutes 102.29, val_ap 0.48377347262706993, lr 0.001
    epoch 30: loss 0.7650620631947376, minutes 104.85, val_ap 0.4857734356989474, lr 0.001
    epoch 31: loss 0.7630520117263196, minutes 107.36, val_ap 0.4842033381792743, lr 0.001
    epoch 32: loss 0.7606671426457541, minutes 109.74, val_ap 0.47171619783266683, lr 0.001
    epoch 33: loss 0.7610994269057075, minutes 112.27, val_ap 0.48521985769548953, lr 0.001
    epoch 34: loss 0.7591402848856678, minutes 114.8, val_ap 0.4679771491248356, lr 0.001
    epoch 35: loss 0.7582532561356479, minutes 117.32, val_ap 0.4794651067287827, lr 0.001
    epoch 36: loss 0.7545011102563084, minutes 119.75, val_ap 0.4819499311776479, lr 0.001
    epoch 37: loss 0.7554713907119858, minutes 122.32, val_ap 0.484709187782191, lr 0.001
    epoch 38: loss 0.7546047300297042, minutes 124.87, val_ap 0.4716707786386891, lr 0.001
    epoch 39: loss 0.7496634026860246, minutes 127.37, val_ap 0.48019322901635547, lr 0.0005
    epoch 40: loss 0.7398618325935339, minutes 129.75, val_ap 0.4826588917391636, lr 0.0005
    epoch 41: loss 0.7330733555870088, minutes 132.17, val_ap 0.48211000446673, lr 0.0005
    epoch 42: loss 0.7241985954762292, minutes 134.61, val_ap 0.4827902405654915, lr 0.0005
    epoch 43: loss 0.725465986791617, minutes 137.05, val_ap 0.4848607543316467, lr 0.0005
    epoch 44: loss 0.7246232450795252, minutes 139.52, val_ap 0.486829316936756, lr 0.0005
    epoch 45: loss 0.7218959366429364, minutes 142.04, val_ap 0.4744350428312981, lr 0.0005
    epoch 46: loss 0.7189286657095743, minutes 144.49, val_ap 0.4880071812173423, lr 0.0005
    epoch 47: loss 0.7216308393297416, minutes 146.92, val_ap 0.48144930585685924, lr 0.0005
    epoch 48: loss 0.7145378744051402, minutes 149.21, val_ap 0.4732495841364056, lr 0.0005
    epoch 49: loss 0.713065516043811, minutes 151.7, val_ap 0.47076950684782237, lr 0.0005
    epoch 50: loss 0.7104864739152071, minutes 154.23, val_ap 0.4723562356192522, lr 0.0005
    epoch 51: loss 0.7116735123663452, minutes 156.77, val_ap 0.475427717690043, lr 0.0005
    epoch 52: loss 0.7069207557750614, minutes 159.23, val_ap 0.47822595383278976, lr 0.0005
    epoch 53: loss 0.7061473339697709, minutes 161.58, val_ap 0.4692845944449327, lr 0.0005
    epoch 54: loss 0.7076805651974757, minutes 163.72, val_ap 0.4753572040193811, lr 0.0005
    epoch 55: loss 0.7083910346621334, minutes 165.89, val_ap 0.47461196663734906, lr 0.00025
    epoch 56: loss 0.6930227759647685, minutes 167.94, val_ap 0.4709689723379528, lr 0.00025
    epoch 57: loss 0.6890778880898315, minutes 170.0, val_ap 0.47141035391531094, lr 0.00025
    epoch 58: loss 0.6887882862350728, minutes 172.33, val_ap 0.4721724741188397, lr 0.00025
    epoch 59: loss 0.6852372989992891, minutes 174.54, val_ap 0.4699993095428977, lr 0.00025
    epoch 60: loss 0.6882337126204676, minutes 176.66, val_ap 0.46868747325077453, lr 0.00025
    epoch 61: loss 0.683635219439815, minutes 178.86, val_ap 0.46356731059052547, lr 0.00025
    epoch 62: loss 0.6813341980129972, minutes 180.84, val_ap 0.46683626526934363, lr 0.00025
    epoch 63: loss 0.6782301489767855, minutes 183.05, val_ap 0.4644508598398497, lr 0.00025
    epoch 64: loss 0.6822184321313801, minutes 185.17, val_ap 0.4653183012112398, lr 0.000125
    epoch 65: loss 0.6757676990905611, minutes 187.32, val_ap 0.4623961167137253, lr 0.000125
    epoch 66: loss 0.6711647235127566, minutes 189.24, val_ap 0.46459482605347785, lr 0.000125
    epoch 67: loss 0.6759814968695341, minutes 191.08, val_ap 0.4584156649841563, lr 0.000125
    epoch 68: loss 0.6705545424038034, minutes 192.95, val_ap 0.46267174224211877, lr 0.000125
    epoch 69: loss 0.6698039724390106, minutes 194.73, val_ap 0.4604186469126307, lr 0.000125
    epoch 70: loss 0.67167495594363, minutes 196.06, val_ap 0.4622293390326683, lr 0.000125
    stopping: no validation gain in 25 epochs
[knn_static pooled_both fold 2] done (197.8 min)
