loaded: dataset0 121,838 sites, data1 90,452
[scalar_msg dataset0 fold 2 seed 1]
    kernel decay scale 108.1 nt (fitted to cell line 1 training labels)
    epoch 1: loss 1.9475, val_ap 0.1376, minutes 0.43, lr 3.33e-04
    epoch 2: loss 1.5790, val_ap 0.2745, minutes 0.92, lr 6.59e-04
    epoch 3: loss 1.3290, val_ap 0.4185, minutes 1.37, lr 9.89e-04
    epoch 4: loss 1.1933, val_ap 0.5078, minutes 1.85, lr 1.00e-03
    epoch 5: loss 1.1373, val_ap 0.5205, minutes 2.28, lr 1.00e-03
    epoch 6: loss 1.0959, val_ap 0.5317, minutes 2.73, lr 1.00e-03
    epoch 7: loss 1.0612, val_ap 0.5333, minutes 3.18, lr 1.00e-03
    epoch 8: loss 1.0937, val_ap 0.5290, minutes 3.65, lr 1.00e-03
    epoch 9: loss 1.0333, val_ap 0.5435, minutes 4.11, lr 1.00e-03
    epoch 10: loss 1.0376, val_ap 0.5448, minutes 4.59, lr 1.00e-03
    epoch 11: loss 1.0222, val_ap 0.5438, minutes 5.03, lr 1.00e-03
    epoch 12: loss 1.0061, val_ap 0.5562, minutes 5.52, lr 1.00e-03
    epoch 13: loss 1.0020, val_ap 0.5485, minutes 5.97, lr 1.00e-03
    epoch 14: loss 0.9800, val_ap 0.5537, minutes 6.42, lr 1.00e-03
    epoch 15: loss 0.9964, val_ap 0.5565, minutes 6.9, lr 1.00e-03
    epoch 16: loss 0.9679, val_ap 0.5555, minutes 7.39, lr 1.00e-03
    epoch 17: loss 0.9877, val_ap 0.5579, minutes 7.84, lr 1.00e-03
    epoch 18: loss 0.9650, val_ap 0.5636, minutes 8.31, lr 1.00e-03
    epoch 19: loss 0.9558, val_ap 0.5659, minutes 8.74, lr 1.00e-03
    epoch 20: loss 0.9442, val_ap 0.5686, minutes 9.19, lr 1.00e-03
    epoch 21: loss 0.9615, val_ap 0.5729, minutes 9.64, lr 1.00e-03
    epoch 22: loss 0.9311, val_ap 0.5695, minutes 10.1, lr 1.00e-03
    epoch 23: loss 0.9726, val_ap 0.5814, minutes 10.55, lr 1.00e-03
    epoch 24: loss 0.9295, val_ap 0.5744, minutes 11.01, lr 1.00e-03
    epoch 25: loss 0.9244, val_ap 0.5830, minutes 11.48, lr 1.00e-03
    epoch 26: loss 0.9680, val_ap 0.5777, minutes 11.93, lr 1.00e-03
    epoch 27: loss 0.9391, val_ap 0.5859, minutes 12.38, lr 1.00e-03
    epoch 28: loss 0.9176, val_ap 0.5877, minutes 12.84, lr 1.00e-03
    epoch 29: loss 0.9322, val_ap 0.5862, minutes 13.31, lr 1.00e-03
    epoch 30: loss 0.9117, val_ap 0.5822, minutes 13.76, lr 1.00e-03
    epoch 31: loss 0.9177, val_ap 0.5828, minutes 14.22, lr 1.00e-03
    epoch 32: loss 0.9203, val_ap 0.5926, minutes 14.7, lr 1.00e-03
    epoch 33: loss 0.8908, val_ap 0.5852, minutes 15.15, lr 1.00e-03
    epoch 34: loss 0.9246, val_ap 0.5879, minutes 15.61, lr 1.00e-03
    epoch 35: loss 0.8927, val_ap 0.5893, minutes 16.09, lr 1.00e-03
    epoch 36: loss 0.8931, val_ap 0.5817, minutes 16.55, lr 1.00e-03
    epoch 37: loss 0.8956, val_ap 0.5941, minutes 16.98, lr 1.00e-03
    epoch 38: loss 0.8873, val_ap 0.5969, minutes 17.45, lr 1.00e-03
    epoch 39: loss 0.8861, val_ap 0.5927, minutes 17.89, lr 1.00e-03
    epoch 40: loss 0.8949, val_ap 0.5973, minutes 18.37, lr 1.00e-03
    epoch 41: loss 0.8859, val_ap 0.6001, minutes 18.86, lr 1.00e-03
    epoch 42: loss 0.8645, val_ap 0.5986, minutes 19.31, lr 1.00e-03
    epoch 43: loss 0.8622, val_ap 0.6014, minutes 19.78, lr 1.00e-03
    epoch 44: loss 0.8770, val_ap 0.5935, minutes 20.25, lr 1.00e-03
    epoch 45: loss 0.8989, val_ap 0.5912, minutes 20.74, lr 1.00e-03
    epoch 46: loss 0.9857, val_ap 0.5831, minutes 21.22, lr 1.00e-03
    epoch 47: loss 0.8884, val_ap 0.5905, minutes 21.7, lr 1.00e-03
    epoch 48: loss 0.8836, val_ap 0.5930, minutes 22.14, lr 1.00e-03
    epoch 49: loss 0.8788, val_ap 0.6026, minutes 22.61, lr 1.00e-03
    epoch 50: loss 0.8696, val_ap 0.5944, minutes 23.11, lr 1.00e-03
    epoch 51: loss 0.8620, val_ap 0.6025, minutes 23.58, lr 1.00e-03
    epoch 52: loss 0.8654, val_ap 0.6022, minutes 24.06, lr 1.00e-03
    epoch 53: loss 0.8747, val_ap 0.6063, minutes 24.55, lr 1.00e-03
    epoch 54: loss 0.8626, val_ap 0.5939, minutes 25.01, lr 1.00e-03
    epoch 55: loss 0.8565, val_ap 0.5987, minutes 25.49, lr 1.00e-03
    epoch 56: loss 0.8369, val_ap 0.6042, minutes 25.95, lr 1.00e-03
    epoch 57: loss 0.8531, val_ap 0.6005, minutes 26.42, lr 1.00e-03
    epoch 58: loss 0.8412, val_ap 0.6065, minutes 26.93, lr 1.00e-03
    epoch 59: loss 0.8364, val_ap 0.6064, minutes 27.39, lr 1.00e-03
    epoch 60: loss 0.8286, val_ap 0.5998, minutes 27.87, lr 1.00e-03
    epoch 61: loss 0.8406, val_ap 0.6115, minutes 28.37, lr 1.00e-03
    epoch 62: loss 0.8366, val_ap 0.6063, minutes 28.82, lr 1.00e-03
    epoch 63: loss 0.8267, val_ap 0.6082, minutes 29.29, lr 1.00e-03
    epoch 64: loss 0.8397, val_ap 0.6167, minutes 29.76, lr 1.00e-03
    epoch 65: loss 0.8404, val_ap 0.6030, minutes 30.25, lr 1.00e-03
    epoch 66: loss 0.8343, val_ap 0.6150, minutes 30.74, lr 1.00e-03
    epoch 67: loss 0.8199, val_ap 0.6094, minutes 31.25, lr 1.00e-03
    epoch 68: loss 0.8436, val_ap 0.6091, minutes 31.76, lr 1.00e-03
    epoch 69: loss 0.8278, val_ap 0.6192, minutes 32.25, lr 1.00e-03
    epoch 70: loss 0.8238, val_ap 0.6094, minutes 32.7, lr 1.00e-03
    epoch 71: loss 0.8198, val_ap 0.6135, minutes 33.15, lr 1.00e-03
    epoch 72: loss 0.8157, val_ap 0.5946, minutes 33.62, lr 1.00e-03
    epoch 73: loss 0.8247, val_ap 0.6174, minutes 34.11, lr 1.00e-03
    epoch 74: loss 0.8076, val_ap 0.6209, minutes 34.6, lr 1.00e-03
    epoch 75: loss 0.8129, val_ap 0.6176, minutes 35.04, lr 1.00e-03
    epoch 76: loss 0.8070, val_ap 0.6226, minutes 35.52, lr 1.00e-03
    epoch 77: loss 0.7923, val_ap 0.6208, minutes 36.06, lr 1.00e-03
    epoch 78: loss 0.7940, val_ap 0.6181, minutes 36.56, lr 1.00e-03
    epoch 79: loss 0.8042, val_ap 0.6101, minutes 37.09, lr 1.00e-03
    epoch 80: loss 0.7846, val_ap 0.6180, minutes 37.58, lr 1.00e-03
    epoch 81: loss 0.7858, val_ap 0.6198, minutes 38.09, lr 1.00e-03
    epoch 82: loss 0.7963, val_ap 0.6043, minutes 38.58, lr 1.00e-03
    epoch 83: loss 0.7924, val_ap 0.6163, minutes 39.05, lr 1.00e-03
    epoch 84: loss 0.7837, val_ap 0.6187, minutes 39.53, lr 1.00e-03
    epoch 85: loss 0.7903, val_ap 0.6021, minutes 40.02, lr 5.00e-04
    epoch 86: loss 0.7755, val_ap 0.6155, minutes 40.53, lr 5.00e-04
    epoch 87: loss 0.7801, val_ap 0.6165, minutes 41.05, lr 5.00e-04
    epoch 88: loss 0.7621, val_ap 0.6147, minutes 41.52, lr 5.00e-04
    epoch 89: loss 0.7650, val_ap 0.6163, minutes 42.01, lr 5.00e-04
    epoch 90: loss 0.7641, val_ap 0.6145, minutes 42.5, lr 5.00e-04
    epoch 91: loss 0.7497, val_ap 0.6186, minutes 43.01, lr 5.00e-04
    epoch 92: loss 0.8282, val_ap 0.6020, minutes 43.5, lr 5.00e-04
    epoch 93: loss 0.8673, val_ap 0.6203, minutes 43.99, lr 5.00e-04
    epoch 94: loss 0.7741, val_ap 0.6215, minutes 44.54, lr 2.50e-04
    epoch 95: loss 0.7504, val_ap 0.6188, minutes 45.01, lr 2.50e-04
    epoch 96: loss 0.7482, val_ap 0.6189, minutes 45.52, lr 2.50e-04
    epoch 97: loss 0.7523, val_ap 0.6140, minutes 46.02, lr 2.50e-04
    epoch 98: loss 0.7526, val_ap 0.6183, minutes 46.48, lr 2.50e-04
    epoch 99: loss 0.7412, val_ap 0.6145, minutes 46.94, lr 2.50e-04
    epoch 100: loss 0.7555, val_ap 0.6169, minutes 47.45, lr 2.50e-04
    epoch 101: loss 0.7562, val_ap 0.6163, minutes 47.92, lr 2.50e-04
    stopping: no validation gain in 25 epochs
[scalar_msg dataset0 fold 2 seed 1] done (48.7 min)
