loaded: dataset0 121,838 sites, data1 90,452
[gcn pooled_both fold 0 seed 2]
    epoch 1: loss 1.3059, val_ap 0.0994, minutes 0.91, lr 3.31e-04
    epoch 2: loss 1.1924, val_ap 0.1963, minutes 1.84, lr 6.60e-04
    epoch 3: loss 1.0520, val_ap 0.2626, minutes 2.79, lr 9.89e-04
    epoch 4: loss 0.9877, val_ap 0.2662, minutes 3.68, lr 1.00e-03
    epoch 5: loss 0.9728, val_ap 0.2733, minutes 4.67, lr 1.00e-03
    epoch 6: loss 0.9612, val_ap 0.2796, minutes 5.64, lr 1.00e-03
    epoch 7: loss 0.9498, val_ap 0.2794, minutes 6.57, lr 1.00e-03
    epoch 8: loss 0.9381, val_ap 0.2777, minutes 7.45, lr 1.00e-03
    epoch 9: loss 0.9454, val_ap 0.2807, minutes 8.37, lr 1.00e-03
    epoch 10: loss 0.9378, val_ap 0.2813, minutes 9.29, lr 1.00e-03
    epoch 11: loss 0.9257, val_ap 0.2814, minutes 10.19, lr 1.00e-03
    epoch 12: loss 0.9332, val_ap 0.2822, minutes 11.14, lr 1.00e-03
    epoch 13: loss 0.9235, val_ap 0.2862, minutes 12.08, lr 1.00e-03
    epoch 14: loss 0.9171, val_ap 0.2844, minutes 12.98, lr 1.00e-03
    epoch 15: loss 0.9218, val_ap 0.2850, minutes 13.91, lr 1.00e-03
    epoch 16: loss 0.9178, val_ap 0.2850, minutes 14.84, lr 1.00e-03
    epoch 17: loss 0.9147, val_ap 0.2876, minutes 15.79, lr 1.00e-03
    epoch 18: loss 0.9169, val_ap 0.2849, minutes 16.63, lr 1.00e-03
    epoch 19: loss 0.9095, val_ap 0.2863, minutes 17.55, lr 1.00e-03
    epoch 20: loss 0.9081, val_ap 0.2859, minutes 18.49, lr 1.00e-03
    epoch 21: loss 0.9039, val_ap 0.2877, minutes 19.4, lr 1.00e-03
    epoch 22: loss 0.9067, val_ap 0.2873, minutes 20.27, lr 1.00e-03
    epoch 23: loss 0.9105, val_ap 0.2879, minutes 21.21, lr 1.00e-03
    epoch 24: loss 0.8964, val_ap 0.2878, minutes 22.15, lr 1.00e-03
    epoch 25: loss 0.8993, val_ap 0.2881, minutes 23.06, lr 1.00e-03
    epoch 26: loss 0.8931, val_ap 0.2875, minutes 23.97, lr 1.00e-03
    epoch 27: loss 0.8874, val_ap 0.2890, minutes 24.92, lr 1.00e-03
    epoch 28: loss 0.8901, val_ap 0.2883, minutes 25.88, lr 1.00e-03
    epoch 29: loss 0.8969, val_ap 0.2907, minutes 26.74, lr 1.00e-03
    epoch 30: loss 0.8844, val_ap 0.2899, minutes 27.68, lr 1.00e-03
    epoch 31: loss 0.8848, val_ap 0.2886, minutes 28.6, lr 1.00e-03
    epoch 32: loss 0.8741, val_ap 0.2825, minutes 29.55, lr 1.00e-03
    epoch 33: loss 0.8921, val_ap 0.2876, minutes 30.45, lr 1.00e-03
    epoch 34: loss 0.8829, val_ap 0.2871, minutes 31.39, lr 1.00e-03
    epoch 35: loss 0.8777, val_ap 0.2854, minutes 32.32, lr 1.00e-03
    epoch 36: loss 0.8822, val_ap 0.2891, minutes 33.23, lr 1.00e-03
    epoch 37: loss 0.8746, val_ap 0.2883, minutes 34.19, lr 1.00e-03
    epoch 38: loss 0.8749, val_ap 0.2881, minutes 35.09, lr 5.00e-04
    epoch 39: loss 0.8631, val_ap 0.2868, minutes 35.98, lr 5.00e-04
    epoch 40: loss 0.8616, val_ap 0.2876, minutes 36.91, lr 5.00e-04
    epoch 41: loss 0.8621, val_ap 0.2878, minutes 37.85, lr 5.00e-04
    epoch 42: loss 0.8616, val_ap 0.2839, minutes 38.75, lr 5.00e-04
    epoch 43: loss 0.8591, val_ap 0.2862, minutes 39.64, lr 5.00e-04
    epoch 44: loss 0.8612, val_ap 0.2874, minutes 40.57, lr 5.00e-04
    epoch 45: loss 0.8616, val_ap 0.2833, minutes 41.46, lr 5.00e-04
    epoch 46: loss 0.8625, val_ap 0.2848, minutes 42.4, lr 5.00e-04
    epoch 47: loss 0.8547, val_ap 0.2848, minutes 43.33, lr 2.50e-04
    epoch 48: loss 0.8572, val_ap 0.2868, minutes 44.26, lr 2.50e-04
    epoch 49: loss 0.8488, val_ap 0.2869, minutes 45.16, lr 2.50e-04
    epoch 50: loss 0.8466, val_ap 0.2860, minutes 46.04, lr 2.50e-04
    epoch 51: loss 0.8473, val_ap 0.2849, minutes 46.94, lr 2.50e-04
    epoch 52: loss 0.8480, val_ap 0.2809, minutes 47.84, lr 2.50e-04
    epoch 53: loss 0.8470, val_ap 0.2854, minutes 48.73, lr 2.50e-04
    epoch 54: loss 0.8419, val_ap 0.2835, minutes 49.63, lr 2.50e-04
    stopping: no validation gain in 25 epochs
[gcn pooled_both fold 0 seed 2] done (50.3 min)
