loaded: dataset0 121,838 sites, data1 90,452
[knn_dynamic dataset0 fold 4]
    epoch 1: loss 1.200565370189589, minutes 2.76, val_ap 0.20931758420288388, lr 0.00033430232558139537
    epoch 2: loss 0.880290228700222, minutes 5.84, val_ap 0.42212865545685413, lr 0.0006676356589147286
    epoch 3: loss 0.7785755648862484, minutes 8.88, val_ap 0.44813797016708595, lr 0.001
    epoch 4: loss 0.7530445975446424, minutes 11.88, val_ap 0.44959056604226105, lr 0.001
    epoch 5: loss 0.7329285175128039, minutes 14.93, val_ap 0.453662431322494, lr 0.001
    epoch 6: loss 0.7207943836963454, minutes 17.92, val_ap 0.45856001283021924, lr 0.001
    epoch 7: loss 0.7051723542255025, minutes 20.95, val_ap 0.45783639328744125, lr 0.001
    epoch 8: loss 0.700013261894847, minutes 23.97, val_ap 0.4600144519240717, lr 0.001
    epoch 9: loss 0.7007366562652033, minutes 27.03, val_ap 0.475361286620327, lr 0.001
    epoch 10: loss 0.6873108965539655, minutes 30.01, val_ap 0.47601636115286106, lr 0.001
    epoch 11: loss 0.6748798762469791, minutes 33.04, val_ap 0.4816196481874566, lr 0.001
    epoch 12: loss 0.6774075027815131, minutes 36.12, val_ap 0.4722502385737294, lr 0.001
    epoch 13: loss 0.6747149909998096, minutes 39.13, val_ap 0.4804669445539289, lr 0.001
    epoch 14: loss 0.6685062563696573, minutes 42.15, val_ap 0.47509246495442403, lr 0.001
    epoch 15: loss 0.6653330874477708, minutes 45.1, val_ap 0.4806825227550873, lr 0.001
    epoch 16: loss 0.6555071492181268, minutes 48.02, val_ap 0.4827371200337716, lr 0.001
    epoch 17: loss 0.6554533483157324, minutes 50.61, val_ap 0.4944971733687332, lr 0.001
    epoch 18: loss 0.6497662734500197, minutes 53.08, val_ap 0.4835268362050618, lr 0.001
    epoch 19: loss 0.6546140303618686, minutes 55.75, val_ap 0.49445299350535277, lr 0.001
    epoch 20: loss 0.6433864996530289, minutes 58.38, val_ap 0.5010573359959067, lr 0.001
    epoch 21: loss 0.6401749622336653, minutes 61.02, val_ap 0.5064781029627601, lr 0.001
    epoch 22: loss 0.6361381221822527, minutes 63.51, val_ap 0.5066282632502366, lr 0.001
    epoch 23: loss 0.6474212836907354, minutes 66.12, val_ap 0.5102185631425135, lr 0.001
    epoch 24: loss 0.6364298559898554, minutes 68.69, val_ap 0.5105462547400264, lr 0.001
    epoch 25: loss 0.627022209728873, minutes 71.32, val_ap 0.5168447679261091, lr 0.001
    epoch 26: loss 0.6237060187254534, minutes 73.8, val_ap 0.4987074131022674, lr 0.001
    epoch 27: loss 0.623978988808948, minutes 76.29, val_ap 0.513542818327093, lr 0.001
    epoch 28: loss 0.6279066118390061, minutes 78.84, val_ap 0.5124759873765576, lr 0.001
    epoch 29: loss 0.6231088422152192, minutes 81.23, val_ap 0.5118954437602146, lr 0.001
    epoch 30: loss 0.6112119807580183, minutes 83.77, val_ap 0.5104691879232957, lr 0.001
    epoch 31: loss 0.6122296314339998, minutes 86.25, val_ap 0.5103498043072603, lr 0.001
    epoch 32: loss 0.6099589717422806, minutes 88.72, val_ap 0.5220962726035469, lr 0.001
    epoch 33: loss 0.6101753930019778, minutes 91.3, val_ap 0.5106135292378722, lr 0.001
    epoch 34: loss 0.6085267094678657, minutes 93.71, val_ap 0.506841589583076, lr 0.001
    epoch 35: loss 0.6071537108442118, minutes 96.08, val_ap 0.5116440800359155, lr 0.001
    epoch 36: loss 0.598202933145817, minutes 98.53, val_ap 0.5095516360592581, lr 0.001
    epoch 37: loss 0.6013892314635044, minutes 101.01, val_ap 0.5020828288026496, lr 0.001
    epoch 38: loss 0.603501022641742, minutes 103.5, val_ap 0.5058994587683949, lr 0.001
    epoch 39: loss 0.6025166386781737, minutes 105.66, val_ap 0.5119337420476963, lr 0.001
    epoch 40: loss 0.5926918418601502, minutes 108.02, val_ap 0.5242461343328428, lr 0.001
    epoch 41: loss 0.5952553991661516, minutes 110.51, val_ap 0.5116322599286482, lr 0.001
    epoch 42: loss 0.5941212662430697, minutes 112.93, val_ap 0.5165588635882978, lr 0.001
    epoch 43: loss 0.586715390255978, minutes 115.28, val_ap 0.5141322478774569, lr 0.001
    epoch 44: loss 0.5801518120218155, minutes 117.82, val_ap 0.5032238528744352, lr 0.001
    epoch 45: loss 0.5792819942499317, minutes 120.22, val_ap 0.5157020567979572, lr 0.001
    epoch 46: loss 0.5824751641687959, minutes 122.62, val_ap 0.4920081995630727, lr 0.001
    epoch 47: loss 0.5701762959361076, minutes 125.04, val_ap 0.5190214863263658, lr 0.001
    epoch 48: loss 0.5805488133499789, minutes 127.26, val_ap 0.5141961984821772, lr 0.001
    epoch 49: loss 0.572951790725076, minutes 129.68, val_ap 0.5114979091662754, lr 0.0005
    epoch 50: loss 0.5465060830289541, minutes 132.2, val_ap 0.5207540019424709, lr 0.0005
    epoch 51: loss 0.5457143408008093, minutes 134.7, val_ap 0.515337461348, lr 0.0005
    epoch 52: loss 0.5495209346503712, minutes 137.15, val_ap 0.5199137548419739, lr 0.0005
    epoch 53: loss 0.543705303741749, minutes 139.54, val_ap 0.5257414691312362, lr 0.0005
    epoch 54: loss 0.5356854743562466, minutes 142.07, val_ap 0.5227645728318455, lr 0.0005
    epoch 55: loss 0.536796574589125, minutes 144.34, val_ap 0.5175993794212135, lr 0.0005
    epoch 56: loss 0.5344805513443642, minutes 146.77, val_ap 0.5201145617653588, lr 0.0005
    epoch 57: loss 0.5325458195320395, minutes 149.3, val_ap 0.5234100381162372, lr 0.0005
    epoch 58: loss 0.5340018770549186, minutes 151.66, val_ap 0.5153694730377623, lr 0.0005
    epoch 59: loss 0.5284854043275118, minutes 154.28, val_ap 0.5067968770520359, lr 0.0005
    epoch 60: loss 0.5360046135218337, minutes 156.71, val_ap 0.522711126238327, lr 0.0005
    epoch 61: loss 0.5284011357918729, minutes 159.17, val_ap 0.5008767806005394, lr 0.0005
    epoch 62: loss 0.534124118947359, minutes 161.66, val_ap 0.5182884142073041, lr 0.00025
    epoch 63: loss 0.5106357330413058, minutes 164.12, val_ap 0.5196964985294534, lr 0.00025
    epoch 64: loss 0.5032488623590663, minutes 166.56, val_ap 0.5189139186944948, lr 0.00025
    epoch 65: loss 0.5088785484779713, minutes 169.11, val_ap 0.514165326685345, lr 0.00025
    epoch 66: loss 0.5063105834604695, minutes 171.58, val_ap 0.5221223106144318, lr 0.00025
    epoch 67: loss 0.5150816818309385, minutes 174.05, val_ap 0.5235731356717274, lr 0.00025
    epoch 68: loss 0.5039999326474445, minutes 176.57, val_ap 0.5172458428096349, lr 0.00025
    epoch 69: loss 0.49336259630183843, minutes 179.02, val_ap 0.5150487942724585, lr 0.00025
    epoch 70: loss 0.4998380566925503, minutes 181.5, val_ap 0.5134195074297783, lr 0.00025
    epoch 71: loss 0.48992162106861903, minutes 184.05, val_ap 0.5176960651646142, lr 0.000125
    epoch 72: loss 0.49323662587029987, minutes 186.4, val_ap 0.5228124345939038, lr 0.000125
    epoch 73: loss 0.49863437099685504, minutes 188.56, val_ap 0.523871894512211, lr 0.000125
    epoch 74: loss 0.4937595335203548, minutes 190.83, val_ap 0.5159977965149094, lr 0.000125
    epoch 75: loss 0.49651249056292135, minutes 193.07, val_ap 0.5208128703446748, lr 0.000125
    epoch 76: loss 0.4850136389912561, minutes 195.35, val_ap 0.5201798300973514, lr 0.000125
    epoch 77: loss 0.491337581342736, minutes 197.55, val_ap 0.5225505478454602, lr 0.000125
    stopping: no validation gain in 25 epochs
[knn_dynamic dataset0 fold 4] done (201.0 min)
