loaded: dataset0 121,838 sites, data1 90,452
[h2gcn_twohead pooled_both fold 1]
    epoch 1: loss 1.2623, val_ap 0.1742, minutes 0.8, lr 3.31e-04
    epoch 2: loss 0.9910, val_ap 0.3373, minutes 1.53, lr 6.60e-04
    epoch 3: loss 0.8554, val_ap 0.4393, minutes 2.18, lr 9.89e-04
    epoch 4: loss 0.8013, val_ap 0.4572, minutes 2.82, lr 1.00e-03
    epoch 5: loss 0.7674, val_ap 0.4616, minutes 3.59, lr 1.00e-03
    epoch 6: loss 0.7616, val_ap 0.4624, minutes 4.35, lr 1.00e-03
    epoch 7: loss 0.7412, val_ap 0.4708, minutes 5.15, lr 1.00e-03
    epoch 8: loss 0.7397, val_ap 0.4762, minutes 5.91, lr 1.00e-03
    epoch 9: loss 0.7205, val_ap 0.4719, minutes 6.61, lr 1.00e-03
    epoch 10: loss 0.7187, val_ap 0.4820, minutes 7.29, lr 1.00e-03
    epoch 11: loss 0.7112, val_ap 0.4835, minutes 8.06, lr 1.00e-03
    epoch 12: loss 0.7280, val_ap 0.4915, minutes 8.86, lr 1.00e-03
    epoch 13: loss 0.7007, val_ap 0.4877, minutes 9.66, lr 1.00e-03
    epoch 14: loss 0.6962, val_ap 0.4917, minutes 10.46, lr 1.00e-03
    epoch 15: loss 0.7042, val_ap 0.4895, minutes 11.25, lr 1.00e-03
    epoch 16: loss 0.6881, val_ap 0.4919, minutes 12.03, lr 1.00e-03
    epoch 17: loss 0.6944, val_ap 0.4922, minutes 12.76, lr 1.00e-03
    epoch 18: loss 0.6802, val_ap 0.4885, minutes 13.5, lr 1.00e-03
    epoch 19: loss 0.6824, val_ap 0.4973, minutes 14.23, lr 1.00e-03
    epoch 20: loss 0.6720, val_ap 0.4908, minutes 15.0, lr 1.00e-03
    epoch 21: loss 0.6726, val_ap 0.5003, minutes 15.77, lr 1.00e-03
    epoch 22: loss 0.6734, val_ap 0.4931, minutes 16.55, lr 1.00e-03
    epoch 23: loss 0.6725, val_ap 0.4969, minutes 17.35, lr 1.00e-03
    epoch 24: loss 0.6532, val_ap 0.4894, minutes 18.12, lr 1.00e-03
    epoch 25: loss 0.6591, val_ap 0.4959, minutes 18.9, lr 1.00e-03
    epoch 26: loss 0.6567, val_ap 0.4983, minutes 19.67, lr 1.00e-03
    epoch 27: loss 0.6508, val_ap 0.4965, minutes 20.46, lr 1.00e-03
    epoch 28: loss 0.6473, val_ap 0.4976, minutes 21.21, lr 1.00e-03
    epoch 29: loss 0.6435, val_ap 0.5031, minutes 21.97, lr 1.00e-03
    epoch 30: loss 0.6395, val_ap 0.4967, minutes 22.69, lr 1.00e-03
    epoch 31: loss 0.6374, val_ap 0.4975, minutes 23.49, lr 1.00e-03
    epoch 32: loss 0.6378, val_ap 0.5005, minutes 24.27, lr 1.00e-03
    epoch 33: loss 0.6236, val_ap 0.5062, minutes 25.09, lr 1.00e-03
    epoch 34: loss 0.6308, val_ap 0.5052, minutes 25.91, lr 1.00e-03
    epoch 35: loss 0.6190, val_ap 0.4993, minutes 26.66, lr 1.00e-03
    epoch 36: loss 0.6157, val_ap 0.5094, minutes 27.46, lr 1.00e-03
    epoch 37: loss 0.6127, val_ap 0.5074, minutes 28.22, lr 1.00e-03
    epoch 38: loss 0.6074, val_ap 0.5076, minutes 29.01, lr 1.00e-03
    epoch 39: loss 0.6059, val_ap 0.4916, minutes 29.75, lr 1.00e-03
    epoch 40: loss 0.5964, val_ap 0.5010, minutes 30.49, lr 1.00e-03
    epoch 41: loss 0.5962, val_ap 0.5019, minutes 31.27, lr 1.00e-03
    epoch 42: loss 0.6047, val_ap 0.5075, minutes 32.04, lr 1.00e-03
    epoch 43: loss 0.5901, val_ap 0.4995, minutes 32.8, lr 1.00e-03
    epoch 44: loss 0.5882, val_ap 0.5012, minutes 33.58, lr 1.00e-03
    epoch 45: loss 0.5754, val_ap 0.5026, minutes 34.38, lr 5.00e-04
    epoch 46: loss 0.5624, val_ap 0.4941, minutes 35.17, lr 5.00e-04
    epoch 47: loss 0.5616, val_ap 0.5002, minutes 35.96, lr 5.00e-04
    epoch 48: loss 0.5550, val_ap 0.4945, minutes 36.7, lr 5.00e-04
    epoch 49: loss 0.5511, val_ap 0.4967, minutes 37.46, lr 5.00e-04
    epoch 50: loss 0.5526, val_ap 0.4834, minutes 38.23, lr 5.00e-04
    epoch 51: loss 0.5406, val_ap 0.5049, minutes 39.03, lr 5.00e-04
    epoch 52: loss 0.5431, val_ap 0.4981, minutes 39.8, lr 5.00e-04
    epoch 53: loss 0.5357, val_ap 0.5043, minutes 40.56, lr 5.00e-04
    epoch 54: loss 0.5313, val_ap 0.4749, minutes 41.33, lr 2.50e-04
    epoch 55: loss 0.5312, val_ap 0.4939, minutes 42.06, lr 2.50e-04
    epoch 56: loss 0.5199, val_ap 0.4843, minutes 42.76, lr 2.50e-04
    epoch 57: loss 0.5201, val_ap 0.4919, minutes 43.44, lr 2.50e-04
    epoch 58: loss 0.5219, val_ap 0.4892, minutes 44.18, lr 2.50e-04
    epoch 59: loss 0.5198, val_ap 0.4851, minutes 44.94, lr 2.50e-04
    epoch 60: loss 0.5127, val_ap 0.4809, minutes 45.76, lr 2.50e-04
    epoch 61: loss 0.5109, val_ap 0.4826, minutes 46.51, lr 2.50e-04
    stopping: no validation gain in 25 epochs
[h2gcn_twohead pooled_both fold 1] done (47.3 min)
