loaded: dataset0 121,838 sites, data1 90,452
[h2gcn dataset0 fold 4]
    epoch 1: loss 1.3039, val_ap 0.1478, minutes 0.53, lr 3.33e-04
    epoch 2: loss 1.0141, val_ap 0.2486, minutes 1.07, lr 6.63e-04
    epoch 3: loss 0.9210, val_ap 0.3812, minutes 1.62, lr 9.92e-04
    epoch 4: loss 0.8053, val_ap 0.4790, minutes 2.14, lr 1.00e-03
    epoch 5: loss 0.7043, val_ap 0.5191, minutes 2.65, lr 1.00e-03
    epoch 6: loss 0.6977, val_ap 0.5176, minutes 3.18, lr 1.00e-03
    epoch 7: loss 0.6458, val_ap 0.5289, minutes 3.72, lr 1.00e-03
    epoch 8: loss 0.6351, val_ap 0.5527, minutes 4.21, lr 1.00e-03
    epoch 9: loss 0.6153, val_ap 0.5651, minutes 4.73, lr 1.00e-03
    epoch 10: loss 0.5913, val_ap 0.5647, minutes 5.27, lr 1.00e-03
    epoch 11: loss 0.5933, val_ap 0.5608, minutes 5.75, lr 1.00e-03
    epoch 12: loss 0.5794, val_ap 0.5534, minutes 6.29, lr 1.00e-03
    epoch 13: loss 0.5675, val_ap 0.5652, minutes 6.77, lr 1.00e-03
    epoch 14: loss 0.5638, val_ap 0.5571, minutes 7.32, lr 1.00e-03
    epoch 15: loss 0.5587, val_ap 0.5526, minutes 7.86, lr 1.00e-03
    epoch 16: loss 0.5517, val_ap 0.5614, minutes 8.37, lr 1.00e-03
    epoch 17: loss 0.5483, val_ap 0.5702, minutes 8.9, lr 1.00e-03
    epoch 18: loss 0.5479, val_ap 0.5641, minutes 9.41, lr 1.00e-03
    epoch 19: loss 0.5438, val_ap 0.5747, minutes 9.94, lr 1.00e-03
    epoch 20: loss 0.5540, val_ap 0.5629, minutes 10.45, lr 1.00e-03
    epoch 21: loss 0.5261, val_ap 0.5711, minutes 10.99, lr 1.00e-03
    epoch 22: loss 0.5254, val_ap 0.5779, minutes 11.51, lr 1.00e-03
    epoch 23: loss 0.5407, val_ap 0.5776, minutes 12.04, lr 1.00e-03
    epoch 24: loss 0.5276, val_ap 0.5595, minutes 12.58, lr 1.00e-03
    epoch 25: loss 0.5214, val_ap 0.5820, minutes 13.08, lr 1.00e-03
    epoch 26: loss 0.5120, val_ap 0.5867, minutes 13.59, lr 1.00e-03
    epoch 27: loss 0.5128, val_ap 0.5827, minutes 14.05, lr 1.00e-03
    epoch 28: loss 0.5042, val_ap 0.5797, minutes 14.57, lr 1.00e-03
    epoch 29: loss 0.4950, val_ap 0.5793, minutes 15.09, lr 1.00e-03
    epoch 30: loss 0.5015, val_ap 0.5848, minutes 15.6, lr 1.00e-03
    epoch 31: loss 0.4945, val_ap 0.5830, minutes 16.11, lr 1.00e-03
    epoch 32: loss 0.4931, val_ap 0.5834, minutes 16.62, lr 1.00e-03
    epoch 33: loss 0.4796, val_ap 0.5870, minutes 17.13, lr 1.00e-03
    epoch 34: loss 0.4834, val_ap 0.5828, minutes 17.62, lr 1.00e-03
    epoch 35: loss 0.4980, val_ap 0.5876, minutes 18.13, lr 1.00e-03
    epoch 36: loss 0.4888, val_ap 0.5877, minutes 18.62, lr 1.00e-03
    epoch 37: loss 0.5076, val_ap 0.5876, minutes 19.15, lr 1.00e-03
    epoch 38: loss 0.4714, val_ap 0.5810, minutes 19.64, lr 1.00e-03
    epoch 39: loss 0.4752, val_ap 0.5871, minutes 20.12, lr 1.00e-03
    epoch 40: loss 0.4646, val_ap 0.5862, minutes 20.63, lr 1.00e-03
    epoch 41: loss 0.4607, val_ap 0.5914, minutes 21.12, lr 1.00e-03
    epoch 42: loss 0.4521, val_ap 0.5974, minutes 21.61, lr 1.00e-03
    epoch 43: loss 0.4744, val_ap 0.5926, minutes 22.1, lr 1.00e-03
    epoch 44: loss 0.4546, val_ap 0.5995, minutes 22.61, lr 1.00e-03
    epoch 45: loss 0.4647, val_ap 0.6036, minutes 23.07, lr 1.00e-03
    epoch 46: loss 0.4699, val_ap 0.5926, minutes 23.59, lr 1.00e-03
    epoch 47: loss 0.4448, val_ap 0.5918, minutes 24.07, lr 1.00e-03
    epoch 48: loss 0.4396, val_ap 0.5952, minutes 24.59, lr 1.00e-03
    epoch 49: loss 0.4499, val_ap 0.5919, minutes 25.09, lr 1.00e-03
    epoch 50: loss 0.4432, val_ap 0.5901, minutes 25.58, lr 1.00e-03
    epoch 51: loss 0.4336, val_ap 0.5893, minutes 26.07, lr 1.00e-03
    epoch 52: loss 0.4342, val_ap 0.5972, minutes 26.56, lr 1.00e-03
    epoch 53: loss 0.4364, val_ap 0.6005, minutes 27.08, lr 1.00e-03
    epoch 54: loss 0.4363, val_ap 0.5825, minutes 27.58, lr 5.00e-04
    epoch 55: loss 0.4113, val_ap 0.6030, minutes 28.08, lr 5.00e-04
    epoch 56: loss 0.4080, val_ap 0.5990, minutes 28.6, lr 5.00e-04
    epoch 57: loss 0.3998, val_ap 0.6000, minutes 29.08, lr 5.00e-04
    epoch 58: loss 0.4052, val_ap 0.5958, minutes 29.57, lr 5.00e-04
    epoch 59: loss 0.3977, val_ap 0.6033, minutes 30.07, lr 5.00e-04
    epoch 60: loss 0.3911, val_ap 0.5946, minutes 30.56, lr 5.00e-04
    epoch 61: loss 0.3954, val_ap 0.5994, minutes 31.06, lr 5.00e-04
    epoch 62: loss 0.4005, val_ap 0.6078, minutes 31.57, lr 5.00e-04
    epoch 63: loss 0.3999, val_ap 0.6020, minutes 32.09, lr 5.00e-04
    epoch 64: loss 0.3937, val_ap 0.5992, minutes 32.59, lr 5.00e-04
    epoch 65: loss 0.3889, val_ap 0.5933, minutes 33.07, lr 5.00e-04
    epoch 66: loss 0.3866, val_ap 0.5962, minutes 33.58, lr 5.00e-04
    epoch 67: loss 0.3903, val_ap 0.5917, minutes 34.06, lr 5.00e-04
    epoch 68: loss 0.3747, val_ap 0.5893, minutes 34.57, lr 5.00e-04
    epoch 69: loss 0.3871, val_ap 0.5996, minutes 35.1, lr 5.00e-04
    epoch 70: loss 0.3764, val_ap 0.5931, minutes 35.6, lr 5.00e-04
    epoch 71: loss 0.3683, val_ap 0.5912, minutes 36.1, lr 2.50e-04
    epoch 72: loss 0.3660, val_ap 0.5986, minutes 36.55, lr 2.50e-04
    epoch 73: loss 0.3659, val_ap 0.5870, minutes 37.06, lr 2.50e-04
    epoch 74: loss 0.3669, val_ap 0.5975, minutes 37.56, lr 2.50e-04
    epoch 75: loss 0.3539, val_ap 0.5935, minutes 38.07, lr 2.50e-04
    epoch 76: loss 0.3660, val_ap 0.5923, minutes 38.58, lr 2.50e-04
    epoch 77: loss 0.3554, val_ap 0.5971, minutes 39.07, lr 2.50e-04
    epoch 78: loss 0.3518, val_ap 0.5964, minutes 39.55, lr 2.50e-04
    epoch 79: loss 0.3603, val_ap 0.5891, minutes 40.05, lr 2.50e-04
    epoch 80: loss 0.3583, val_ap 0.5932, minutes 40.52, lr 1.25e-04
    epoch 81: loss 0.3525, val_ap 0.5982, minutes 40.97, lr 1.25e-04
    epoch 82: loss 0.3387, val_ap 0.5955, minutes 41.42, lr 1.25e-04
    epoch 83: loss 0.3489, val_ap 0.5914, minutes 41.9, lr 1.25e-04
    epoch 84: loss 0.3479, val_ap 0.5854, minutes 42.38, lr 1.25e-04
    epoch 85: loss 0.3418, val_ap 0.5918, minutes 42.84, lr 1.25e-04
    epoch 86: loss 0.3429, val_ap 0.5924, minutes 43.31, lr 1.25e-04
    epoch 87: loss 0.3449, val_ap 0.5898, minutes 43.81, lr 1.25e-04
    stopping: no validation gain in 25 epochs
[h2gcn dataset0 fold 4] done (44.5 min)
