loaded: dataset0 121,838 sites, data1 90,452
[h2gcn_twohead_aux pooled_both fold 0 seed 1]
    epoch 1: loss 1.9020, val_ap 0.1807, minutes 0.99, lr 3.31e-04
    epoch 2: loss 1.5367, val_ap 0.3071, minutes 1.9, lr 6.60e-04
    epoch 3: loss 1.3510, val_ap 0.3985, minutes 2.73, lr 9.89e-04
    epoch 4: loss 1.2462, val_ap 0.4179, minutes 3.59, lr 1.00e-03
    epoch 5: loss 1.2071, val_ap 0.4219, minutes 4.57, lr 1.00e-03
    epoch 6: loss 1.1975, val_ap 0.4328, minutes 5.59, lr 1.00e-03
    epoch 7: loss 1.1583, val_ap 0.4394, minutes 6.62, lr 1.00e-03
    epoch 8: loss 1.1646, val_ap 0.4365, minutes 7.69, lr 1.00e-03
    epoch 9: loss 1.1467, val_ap 0.4441, minutes 8.76, lr 1.00e-03
    epoch 10: loss 1.1311, val_ap 0.4389, minutes 9.82, lr 1.00e-03
    epoch 11: loss 1.1278, val_ap 0.4450, minutes 10.88, lr 1.00e-03
    epoch 12: loss 1.1138, val_ap 0.4481, minutes 11.95, lr 1.00e-03
    epoch 13: loss 1.1037, val_ap 0.4517, minutes 13.01, lr 1.00e-03
    epoch 14: loss 1.1047, val_ap 0.4558, minutes 14.04, lr 1.00e-03
    epoch 15: loss 1.0927, val_ap 0.4503, minutes 15.07, lr 1.00e-03
    epoch 16: loss 1.0920, val_ap 0.4521, minutes 16.12, lr 1.00e-03
    epoch 17: loss 1.0903, val_ap 0.4553, minutes 17.09, lr 1.00e-03
    epoch 18: loss 1.0792, val_ap 0.4585, minutes 18.09, lr 1.00e-03
    epoch 19: loss 1.0799, val_ap 0.4604, minutes 19.12, lr 1.00e-03
    epoch 20: loss 1.0816, val_ap 0.4616, minutes 20.17, lr 1.00e-03
    epoch 21: loss 1.0669, val_ap 0.4651, minutes 21.23, lr 1.00e-03
    epoch 22: loss 1.0664, val_ap 0.4630, minutes 22.27, lr 1.00e-03
    epoch 23: loss 1.0571, val_ap 0.4660, minutes 23.32, lr 1.00e-03
    epoch 24: loss 1.0542, val_ap 0.4697, minutes 24.41, lr 1.00e-03
    epoch 25: loss 1.0486, val_ap 0.4677, minutes 25.52, lr 1.00e-03
    epoch 26: loss 1.0485, val_ap 0.4675, minutes 26.57, lr 1.00e-03
    epoch 27: loss 1.0507, val_ap 0.4754, minutes 27.58, lr 1.00e-03
    epoch 28: loss 1.0368, val_ap 0.4773, minutes 28.66, lr 1.00e-03
    epoch 29: loss 1.0361, val_ap 0.4756, minutes 29.71, lr 1.00e-03
    epoch 30: loss 1.0261, val_ap 0.4796, minutes 30.77, lr 1.00e-03
    epoch 31: loss 1.0216, val_ap 0.4734, minutes 31.71, lr 1.00e-03
    epoch 32: loss 1.0135, val_ap 0.4749, minutes 32.68, lr 1.00e-03
    epoch 33: loss 1.0195, val_ap 0.4793, minutes 33.62, lr 1.00e-03
    epoch 34: loss 1.0168, val_ap 0.4829, minutes 34.55, lr 1.00e-03
    epoch 35: loss 1.0132, val_ap 0.4772, minutes 35.52, lr 1.00e-03
    epoch 36: loss 1.0073, val_ap 0.4781, minutes 36.49, lr 1.00e-03
    epoch 37: loss 0.9986, val_ap 0.4874, minutes 37.43, lr 1.00e-03
    epoch 38: loss 0.9943, val_ap 0.4866, minutes 38.32, lr 1.00e-03
    epoch 39: loss 1.0079, val_ap 0.4860, minutes 39.21, lr 1.00e-03
    epoch 40: loss 0.9840, val_ap 0.4817, minutes 40.13, lr 1.00e-03
    epoch 41: loss 0.9826, val_ap 0.4786, minutes 40.96, lr 1.00e-03
    epoch 42: loss 0.9810, val_ap 0.4670, minutes 41.8, lr 1.00e-03
    epoch 43: loss 0.9819, val_ap 0.4806, minutes 42.66, lr 1.00e-03
    epoch 44: loss 0.9736, val_ap 0.4703, minutes 43.54, lr 1.00e-03
    epoch 45: loss 0.9705, val_ap 0.4798, minutes 44.42, lr 1.00e-03
    epoch 46: loss 0.9661, val_ap 0.4635, minutes 45.28, lr 5.00e-04
    epoch 47: loss 0.9472, val_ap 0.4747, minutes 46.14, lr 5.00e-04
    epoch 48: loss 0.9431, val_ap 0.4686, minutes 47.0, lr 5.00e-04
    epoch 49: loss 0.9355, val_ap 0.4765, minutes 47.85, lr 5.00e-04
    epoch 50: loss 0.9354, val_ap 0.4806, minutes 48.67, lr 5.00e-04
    epoch 51: loss 0.9310, val_ap 0.4792, minutes 49.51, lr 5.00e-04
    epoch 52: loss 0.9304, val_ap 0.4775, minutes 50.3, lr 5.00e-04
    epoch 53: loss 0.9238, val_ap 0.4803, minutes 51.16, lr 5.00e-04
    epoch 54: loss 0.9218, val_ap 0.4760, minutes 52.03, lr 5.00e-04
    epoch 55: loss 0.9209, val_ap 0.4829, minutes 52.89, lr 2.50e-04
    epoch 56: loss 0.9129, val_ap 0.4749, minutes 53.74, lr 2.50e-04
    epoch 57: loss 0.9064, val_ap 0.4741, minutes 54.59, lr 2.50e-04
    epoch 58: loss 0.9023, val_ap 0.4752, minutes 55.43, lr 2.50e-04
    epoch 59: loss 0.9015, val_ap 0.4717, minutes 56.3, lr 2.50e-04
    epoch 60: loss 0.9026, val_ap 0.4785, minutes 57.16, lr 2.50e-04
    epoch 61: loss 0.8998, val_ap 0.4710, minutes 58.01, lr 2.50e-04
    epoch 62: loss 0.8974, val_ap 0.4682, minutes 58.85, lr 2.50e-04
    stopping: no validation gain in 25 epochs
[h2gcn_twohead_aux pooled_both fold 0 seed 1] done (59.5 min)
