loaded: dataset0 121,838 sites, data1 90,452
[scalar_drop dataset0 fold 0]
    kernel decay scale 118.2 nt (fitted to cell line 1 training labels)
    epoch 1: loss 2.0110, val_ap 0.1317, minutes 0.34, lr 3.33e-04
    epoch 2: loss 1.5968, val_ap 0.2734, minutes 0.69, lr 6.59e-04
    epoch 3: loss 1.3855, val_ap 0.3878, minutes 1.08, lr 9.88e-04
    epoch 4: loss 1.2412, val_ap 0.4540, minutes 1.42, lr 1.00e-03
    epoch 5: loss 1.1255, val_ap 0.4673, minutes 1.75, lr 1.00e-03
    epoch 6: loss 1.0997, val_ap 0.4787, minutes 2.1, lr 1.00e-03
    epoch 7: loss 1.1040, val_ap 0.4802, minutes 2.43, lr 1.00e-03
    epoch 8: loss 1.0759, val_ap 0.4859, minutes 2.75, lr 1.00e-03
    epoch 9: loss 1.0631, val_ap 0.4876, minutes 3.07, lr 1.00e-03
    epoch 10: loss 1.0444, val_ap 0.4855, minutes 3.4, lr 1.00e-03
    epoch 11: loss 1.0375, val_ap 0.4875, minutes 3.78, lr 1.00e-03
    epoch 12: loss 1.0193, val_ap 0.4855, minutes 4.1, lr 1.00e-03
    epoch 13: loss 1.0276, val_ap 0.4972, minutes 4.44, lr 1.00e-03
    epoch 14: loss 1.0413, val_ap 0.4856, minutes 4.78, lr 1.00e-03
    epoch 15: loss 1.0142, val_ap 0.4937, minutes 5.14, lr 1.00e-03
    epoch 16: loss 0.9993, val_ap 0.4949, minutes 5.5, lr 1.00e-03
    epoch 17: loss 1.0189, val_ap 0.5003, minutes 5.85, lr 1.00e-03
    epoch 18: loss 0.9999, val_ap 0.4995, minutes 6.19, lr 1.00e-03
    epoch 19: loss 0.9956, val_ap 0.5030, minutes 6.5, lr 1.00e-03
    epoch 20: loss 0.9734, val_ap 0.5015, minutes 6.8, lr 1.00e-03
    epoch 21: loss 0.9726, val_ap 0.5038, minutes 7.13, lr 1.00e-03
    epoch 22: loss 0.9777, val_ap 0.5062, minutes 7.46, lr 1.00e-03
    epoch 23: loss 0.9718, val_ap 0.5108, minutes 7.79, lr 1.00e-03
    epoch 24: loss 0.9945, val_ap 0.5136, minutes 8.14, lr 1.00e-03
    epoch 25: loss 1.0061, val_ap 0.5089, minutes 8.52, lr 1.00e-03
    epoch 26: loss 0.9563, val_ap 0.5172, minutes 8.85, lr 1.00e-03
    epoch 27: loss 0.9415, val_ap 0.5081, minutes 9.2, lr 1.00e-03
    epoch 28: loss 1.0027, val_ap 0.5192, minutes 9.52, lr 1.00e-03
    epoch 29: loss 1.0072, val_ap 0.5153, minutes 9.85, lr 1.00e-03
    epoch 30: loss 0.9446, val_ap 0.5182, minutes 10.22, lr 1.00e-03
    epoch 31: loss 0.9529, val_ap 0.5273, minutes 10.58, lr 1.00e-03
    epoch 32: loss 0.9459, val_ap 0.5283, minutes 10.92, lr 1.00e-03
    epoch 33: loss 0.9389, val_ap 0.5345, minutes 11.24, lr 1.00e-03
    epoch 34: loss 0.9649, val_ap 0.5297, minutes 11.58, lr 1.00e-03
    epoch 35: loss 0.9227, val_ap 0.5327, minutes 11.93, lr 1.00e-03
    epoch 36: loss 0.9552, val_ap 0.5353, minutes 12.27, lr 1.00e-03
    epoch 37: loss 0.9599, val_ap 0.5440, minutes 12.65, lr 1.00e-03
    epoch 38: loss 0.9259, val_ap 0.5392, minutes 12.99, lr 1.00e-03
    epoch 39: loss 0.9098, val_ap 0.5401, minutes 13.32, lr 1.00e-03
    epoch 40: loss 0.9162, val_ap 0.5381, minutes 13.65, lr 1.00e-03
    epoch 41: loss 0.9054, val_ap 0.5457, minutes 14.01, lr 1.00e-03
    epoch 42: loss 0.9016, val_ap 0.5434, minutes 14.33, lr 1.00e-03
    epoch 43: loss 0.9246, val_ap 0.5477, minutes 14.65, lr 1.00e-03
    epoch 44: loss 0.9022, val_ap 0.5447, minutes 14.99, lr 1.00e-03
    epoch 45: loss 0.8983, val_ap 0.5607, minutes 15.34, lr 1.00e-03
    epoch 46: loss 0.9078, val_ap 0.5497, minutes 15.67, lr 1.00e-03
    epoch 47: loss 0.8942, val_ap 0.5486, minutes 16.02, lr 1.00e-03
    epoch 48: loss 0.8911, val_ap 0.5541, minutes 16.36, lr 1.00e-03
    epoch 49: loss 0.8951, val_ap 0.5548, minutes 16.68, lr 1.00e-03
    epoch 50: loss 0.8878, val_ap 0.5571, minutes 17.02, lr 1.00e-03
    epoch 51: loss 0.8777, val_ap 0.5650, minutes 17.33, lr 1.00e-03
    epoch 52: loss 0.8776, val_ap 0.5573, minutes 17.68, lr 1.00e-03
    epoch 53: loss 0.8707, val_ap 0.5552, minutes 18.01, lr 1.00e-03
    epoch 54: loss 0.8771, val_ap 0.5655, minutes 18.35, lr 1.00e-03
    epoch 55: loss 0.8851, val_ap 0.5660, minutes 18.69, lr 1.00e-03
    epoch 56: loss 0.8653, val_ap 0.5797, minutes 19.01, lr 1.00e-03
    epoch 57: loss 0.8668, val_ap 0.5765, minutes 19.32, lr 1.00e-03
    epoch 58: loss 0.8665, val_ap 0.5847, minutes 19.67, lr 1.00e-03
    epoch 59: loss 0.8678, val_ap 0.5700, minutes 19.98, lr 1.00e-03
    epoch 60: loss 0.8733, val_ap 0.5593, minutes 20.31, lr 1.00e-03
    epoch 61: loss 0.8649, val_ap 0.5693, minutes 20.65, lr 1.00e-03
    epoch 62: loss 0.8573, val_ap 0.5796, minutes 20.96, lr 1.00e-03
    epoch 63: loss 0.8687, val_ap 0.5758, minutes 21.31, lr 1.00e-03
    epoch 64: loss 0.8538, val_ap 0.5651, minutes 21.64, lr 1.00e-03
    epoch 65: loss 0.8441, val_ap 0.5747, minutes 21.97, lr 1.00e-03
    epoch 66: loss 0.8479, val_ap 0.5835, minutes 22.29, lr 1.00e-03
    epoch 67: loss 0.8467, val_ap 0.5749, minutes 22.62, lr 5.00e-04
    epoch 68: loss 0.8547, val_ap 0.5754, minutes 22.97, lr 5.00e-04
    epoch 69: loss 0.8268, val_ap 0.5846, minutes 23.28, lr 5.00e-04
    epoch 70: loss 0.8277, val_ap 0.5810, minutes 23.6, lr 5.00e-04
    epoch 71: loss 0.8312, val_ap 0.5794, minutes 23.91, lr 5.00e-04
    epoch 72: loss 0.8080, val_ap 0.5863, minutes 24.21, lr 5.00e-04
    epoch 73: loss 0.8285, val_ap 0.5788, minutes 24.53, lr 5.00e-04
    epoch 74: loss 0.8228, val_ap 0.5847, minutes 24.84, lr 5.00e-04
    epoch 75: loss 0.8117, val_ap 0.5888, minutes 25.2, lr 5.00e-04
    epoch 76: loss 0.8230, val_ap 0.5724, minutes 25.54, lr 5.00e-04
    epoch 77: loss 0.8416, val_ap 0.5844, minutes 25.92, lr 5.00e-04
    epoch 78: loss 0.8159, val_ap 0.5872, minutes 26.31, lr 5.00e-04
    epoch 79: loss 0.8162, val_ap 0.5691, minutes 26.63, lr 5.00e-04
    epoch 80: loss 0.7997, val_ap 0.5895, minutes 26.95, lr 5.00e-04
    epoch 81: loss 0.8064, val_ap 0.5733, minutes 27.28, lr 5.00e-04
    epoch 82: loss 0.8325, val_ap 0.5810, minutes 27.59, lr 5.00e-04
    epoch 83: loss 0.7926, val_ap 0.5820, minutes 27.94, lr 5.00e-04
    epoch 84: loss 0.8070, val_ap 0.5786, minutes 28.26, lr 5.00e-04
    epoch 85: loss 0.7946, val_ap 0.5811, minutes 28.56, lr 5.00e-04
    epoch 86: loss 0.7898, val_ap 0.5833, minutes 28.9, lr 5.00e-04
    epoch 87: loss 0.8015, val_ap 0.5823, minutes 29.24, lr 5.00e-04
    epoch 88: loss 0.8013, val_ap 0.5802, minutes 29.56, lr 5.00e-04
    epoch 89: loss 0.8021, val_ap 0.5912, minutes 29.86, lr 5.00e-04
    epoch 90: loss 0.8015, val_ap 0.5715, minutes 30.15, lr 5.00e-04
    epoch 91: loss 0.8027, val_ap 0.5710, minutes 30.44, lr 5.00e-04
    epoch 92: loss 0.7914, val_ap 0.5746, minutes 30.72, lr 5.00e-04
    epoch 93: loss 0.7894, val_ap 0.5791, minutes 31.0, lr 5.00e-04
    epoch 94: loss 0.7918, val_ap 0.5703, minutes 31.29, lr 5.00e-04
    epoch 95: loss 0.7917, val_ap 0.5777, minutes 31.61, lr 5.00e-04
    epoch 96: loss 0.7926, val_ap 0.5674, minutes 31.9, lr 5.00e-04
    epoch 97: loss 0.7809, val_ap 0.5724, minutes 32.2, lr 5.00e-04
    epoch 98: loss 0.7830, val_ap 0.5818, minutes 32.5, lr 2.50e-04
    epoch 99: loss 0.7825, val_ap 0.5769, minutes 32.78, lr 2.50e-04
    epoch 100: loss 0.7675, val_ap 0.5775, minutes 33.07, lr 2.50e-04
    epoch 101: loss 0.7743, val_ap 0.5798, minutes 33.35, lr 2.50e-04
    epoch 102: loss 0.7662, val_ap 0.5813, minutes 33.64, lr 2.50e-04
    epoch 103: loss 0.7531, val_ap 0.5696, minutes 33.94, lr 2.50e-04
    epoch 104: loss 0.7683, val_ap 0.5773, minutes 34.22, lr 2.50e-04
    epoch 105: loss 0.7613, val_ap 0.5753, minutes 34.5, lr 2.50e-04
    epoch 106: loss 0.7664, val_ap 0.5777, minutes 34.78, lr 2.50e-04
    epoch 107: loss 0.7513, val_ap 0.5779, minutes 35.06, lr 1.25e-04
    epoch 108: loss 0.7605, val_ap 0.5789, minutes 35.34, lr 1.25e-04
    epoch 109: loss 0.7482, val_ap 0.5708, minutes 35.61, lr 1.25e-04
    epoch 110: loss 0.7555, val_ap 0.5790, minutes 35.86, lr 1.25e-04
    epoch 111: loss 0.7641, val_ap 0.5817, minutes 36.11, lr 1.25e-04
    epoch 112: loss 0.7631, val_ap 0.5793, minutes 36.36, lr 1.25e-04
    epoch 113: loss 0.7473, val_ap 0.5793, minutes 36.61, lr 1.25e-04
    epoch 114: loss 0.7566, val_ap 0.5784, minutes 36.86, lr 1.25e-04
    stopping: no validation gain in 25 epochs
[scalar_drop dataset0 fold 0] done (37.2 min)
