loaded: dataset0 121,838 sites, data1 90,452
[deepset_hand pooled_both fold 3]
    epoch 1: loss 1.0784746584476241, minutes 0.3, val_ap 0.36023642726534566, lr 0.00033389261744966444
    epoch 2: loss 0.8458050225405085, minutes 0.62, val_ap 0.40877584894273067, lr 0.0006672259507829977
    epoch 3: loss 0.8194088551322086, minutes 0.93, val_ap 0.41723393357948374, lr 0.001
    epoch 4: loss 0.8016562547859729, minutes 1.26, val_ap 0.41023748920371256, lr 0.001
    epoch 5: loss 0.7877332540166458, minutes 1.57, val_ap 0.4266244569834976, lr 0.001
    epoch 6: loss 0.7774568353623352, minutes 1.88, val_ap 0.4233599487161398, lr 0.001
    epoch 7: loss 0.7676862057223416, minutes 2.2, val_ap 0.42971228644153914, lr 0.001
    epoch 8: loss 0.7555943737994104, minutes 2.51, val_ap 0.4419478520711879, lr 0.001
    epoch 9: loss 0.7493894977757595, minutes 2.83, val_ap 0.446400191631402, lr 0.001
    epoch 10: loss 0.7376054890403811, minutes 3.14, val_ap 0.43937823257619657, lr 0.001
    epoch 11: loss 0.7320164233546129, minutes 3.42, val_ap 0.4402185221668622, lr 0.001
    epoch 12: loss 0.7226318364975436, minutes 3.72, val_ap 0.45063108098250176, lr 0.001
    epoch 13: loss 0.7137985793036102, minutes 4.05, val_ap 0.44120509704030775, lr 0.001
    epoch 14: loss 0.7047343383599448, minutes 4.35, val_ap 0.44468761857719546, lr 0.001
    epoch 15: loss 0.6961898635197806, minutes 4.66, val_ap 0.4345138314594903, lr 0.001
    epoch 16: loss 0.6889138726780079, minutes 4.98, val_ap 0.43762722192712594, lr 0.001
    epoch 17: loss 0.6788536921743579, minutes 5.29, val_ap 0.4341665467646171, lr 0.001
    epoch 18: loss 0.6706762311342579, minutes 5.59, val_ap 0.42853523750882677, lr 0.001
    epoch 19: loss 0.6636862175276615, minutes 5.91, val_ap 0.430381474454081, lr 0.001
    epoch 20: loss 0.6588711049032692, minutes 6.22, val_ap 0.43148844587237073, lr 0.001
    epoch 21: loss 0.6491288830269903, minutes 6.54, val_ap 0.4300929089094397, lr 0.0005
    epoch 22: loss 0.6142397689439306, minutes 6.85, val_ap 0.43082087154992316, lr 0.0005
    epoch 23: loss 0.6076320156255024, minutes 7.18, val_ap 0.4269187304689838, lr 0.0005
    epoch 24: loss 0.5986308856498475, minutes 7.52, val_ap 0.41994448003943474, lr 0.0005
    epoch 25: loss 0.5899879022832685, minutes 7.84, val_ap 0.4163197340673627, lr 0.0005
    epoch 26: loss 0.583452399045029, minutes 8.15, val_ap 0.41885110561008865, lr 0.0005
    epoch 27: loss 0.5794333798573321, minutes 8.47, val_ap 0.409037403631986, lr 0.0005
    epoch 28: loss 0.5730594611107903, minutes 8.8, val_ap 0.4118524913658699, lr 0.0005
    epoch 29: loss 0.5690106992053505, minutes 9.12, val_ap 0.4072258949594567, lr 0.0005
    epoch 30: loss 0.5603692176558027, minutes 9.45, val_ap 0.4103838482742349, lr 0.00025
    epoch 31: loss 0.5387865648973709, minutes 9.75, val_ap 0.4046687352036434, lr 0.00025
    epoch 32: loss 0.5309366597825249, minutes 10.07, val_ap 0.41073496919863295, lr 0.00025
    epoch 33: loss 0.526706500441436, minutes 10.4, val_ap 0.40403976052996116, lr 0.00025
    epoch 34: loss 0.5237042886898822, minutes 10.71, val_ap 0.40265790761271025, lr 0.00025
    epoch 35: loss 0.5184572342058156, minutes 11.02, val_ap 0.4049139490138719, lr 0.00025
    epoch 36: loss 0.516628793772035, minutes 11.33, val_ap 0.4035491885831239, lr 0.00025
    stopping: no validation gain in 25 epochs
[deepset_hand pooled_both fold 3] done (11.8 min)
