loaded: dataset0 121,838 sites, data1 90,452
[res_gate pooled_both fold 1]
    kernel decay scale 114.6 nt (fitted to cell line 1 training labels)
    epoch 1: loss 1.8868, val_ap 0.1809, minutes 0.97, lr 3.31e-04
    epoch 2: loss 1.5407, val_ap 0.3399, minutes 1.96, lr 6.60e-04
    epoch 3: loss 1.3867, val_ap 0.4257, minutes 2.95, lr 9.89e-04
    epoch 4: loss 1.3275, val_ap 0.4391, minutes 3.95, lr 1.00e-03
    epoch 5: loss 1.2851, val_ap 0.4499, minutes 4.92, lr 1.00e-03
    epoch 6: loss 1.2693, val_ap 0.4586, minutes 5.9, lr 1.00e-03
    epoch 7: loss 1.2577, val_ap 0.4608, minutes 6.87, lr 1.00e-03
    epoch 8: loss 1.2541, val_ap 0.4563, minutes 7.93, lr 1.00e-03
    epoch 9: loss 1.2340, val_ap 0.4587, minutes 8.9, lr 1.00e-03
    epoch 10: loss 1.2214, val_ap 0.4642, minutes 9.87, lr 1.00e-03
    epoch 11: loss 1.2198, val_ap 0.4662, minutes 10.85, lr 1.00e-03
    epoch 12: loss 1.2224, val_ap 0.4711, minutes 11.83, lr 1.00e-03
    epoch 13: loss 1.2080, val_ap 0.4717, minutes 12.81, lr 1.00e-03
    epoch 14: loss 1.2001, val_ap 0.4743, minutes 13.81, lr 1.00e-03
    epoch 15: loss 1.2085, val_ap 0.4793, minutes 14.79, lr 1.00e-03
    epoch 16: loss 1.1970, val_ap 0.4784, minutes 15.77, lr 1.00e-03
    epoch 17: loss 1.1906, val_ap 0.4825, minutes 16.73, lr 1.00e-03
    epoch 18: loss 1.1851, val_ap 0.4765, minutes 17.73, lr 1.00e-03
    epoch 19: loss 1.1942, val_ap 0.4820, minutes 18.73, lr 1.00e-03
    epoch 20: loss 1.1760, val_ap 0.4831, minutes 19.74, lr 1.00e-03
    epoch 21: loss 1.1808, val_ap 0.4879, minutes 20.71, lr 1.00e-03
    epoch 22: loss 1.1852, val_ap 0.4848, minutes 21.76, lr 1.00e-03
    epoch 23: loss 1.1812, val_ap 0.4877, minutes 22.83, lr 1.00e-03
    epoch 24: loss 1.1673, val_ap 0.4784, minutes 23.82, lr 1.00e-03
    epoch 25: loss 1.1636, val_ap 0.4845, minutes 24.82, lr 1.00e-03
    epoch 26: loss 1.1663, val_ap 0.4834, minutes 25.85, lr 1.00e-03
    epoch 27: loss 1.1662, val_ap 0.4848, minutes 26.83, lr 1.00e-03
    epoch 28: loss 1.1565, val_ap 0.4902, minutes 27.85, lr 1.00e-03
    epoch 29: loss 1.1556, val_ap 0.4882, minutes 28.85, lr 1.00e-03
    epoch 30: loss 1.1463, val_ap 0.4891, minutes 29.81, lr 1.00e-03
    epoch 31: loss 1.1519, val_ap 0.4885, minutes 30.82, lr 1.00e-03
    epoch 32: loss 1.1444, val_ap 0.4935, minutes 31.77, lr 1.00e-03
    epoch 33: loss 1.1396, val_ap 0.4965, minutes 32.81, lr 1.00e-03
    epoch 34: loss 1.1475, val_ap 0.4915, minutes 33.81, lr 1.00e-03
    epoch 35: loss 1.1355, val_ap 0.4923, minutes 34.81, lr 1.00e-03
    epoch 36: loss 1.1303, val_ap 0.4894, minutes 35.77, lr 1.00e-03
    epoch 37: loss 1.1374, val_ap 0.4969, minutes 36.76, lr 1.00e-03
    epoch 38: loss 1.1282, val_ap 0.4884, minutes 37.72, lr 1.00e-03
    epoch 39: loss 1.1276, val_ap 0.4901, minutes 38.69, lr 1.00e-03
    epoch 40: loss 1.1236, val_ap 0.4990, minutes 39.67, lr 1.00e-03
    epoch 41: loss 1.1209, val_ap 0.4963, minutes 40.63, lr 1.00e-03
    epoch 42: loss 1.1286, val_ap 0.4949, minutes 41.56, lr 1.00e-03
    epoch 43: loss 1.1196, val_ap 0.4898, minutes 42.53, lr 1.00e-03
    epoch 44: loss 1.1189, val_ap 0.4964, minutes 43.54, lr 1.00e-03
    epoch 45: loss 1.1093, val_ap 0.4954, minutes 44.51, lr 1.00e-03
    epoch 46: loss 1.1080, val_ap 0.5006, minutes 45.49, lr 1.00e-03
    epoch 47: loss 1.1091, val_ap 0.4909, minutes 46.46, lr 1.00e-03
    epoch 48: loss 1.1060, val_ap 0.4926, minutes 47.43, lr 1.00e-03
    epoch 49: loss 1.1090, val_ap 0.4923, minutes 48.41, lr 1.00e-03
    epoch 50: loss 1.1090, val_ap 0.4880, minutes 49.36, lr 1.00e-03
    epoch 51: loss 1.0953, val_ap 0.4937, minutes 50.12, lr 1.00e-03
    epoch 52: loss 1.1033, val_ap 0.4962, minutes 50.87, lr 1.00e-03
    epoch 53: loss 1.0968, val_ap 0.4879, minutes 51.65, lr 1.00e-03
    epoch 54: loss 1.0877, val_ap 0.4942, minutes 52.45, lr 1.00e-03
    epoch 55: loss 1.0862, val_ap 0.4943, minutes 53.21, lr 5.00e-04
    epoch 56: loss 1.0758, val_ap 0.5005, minutes 54.02, lr 5.00e-04
    epoch 57: loss 1.0748, val_ap 0.4967, minutes 54.85, lr 5.00e-04
    epoch 58: loss 1.0715, val_ap 0.4966, minutes 55.62, lr 5.00e-04
    epoch 59: loss 1.0664, val_ap 0.4969, minutes 56.43, lr 5.00e-04
    epoch 60: loss 1.0592, val_ap 0.4935, minutes 57.26, lr 5.00e-04
    epoch 61: loss 1.0607, val_ap 0.4944, minutes 58.07, lr 5.00e-04
    epoch 62: loss 1.0691, val_ap 0.4952, minutes 58.84, lr 5.00e-04
    epoch 63: loss 1.0591, val_ap 0.4949, minutes 59.6, lr 5.00e-04
    epoch 64: loss 1.0529, val_ap 0.4981, minutes 60.4, lr 2.50e-04
    epoch 65: loss 1.0443, val_ap 0.4963, minutes 61.23, lr 2.50e-04
    epoch 66: loss 1.0440, val_ap 0.4991, minutes 62.11, lr 2.50e-04
    epoch 67: loss 1.0393, val_ap 0.4973, minutes 62.92, lr 2.50e-04
    epoch 68: loss 1.0400, val_ap 0.4962, minutes 63.69, lr 2.50e-04
    epoch 69: loss 1.0379, val_ap 0.4982, minutes 64.53, lr 2.50e-04
    epoch 70: loss 1.0398, val_ap 0.4986, minutes 65.33, lr 2.50e-04
    epoch 71: loss 1.0372, val_ap 0.4979, minutes 66.18, lr 2.50e-04
    stopping: no validation gain in 25 epochs
[res_gate pooled_both fold 1] done (67.0 min)
