loaded: dataset0 121,838 sites, data1 90,452
[h2gcn_aux_r400 dataset0 fold 2]
    epoch 1: loss 1.9671, val_ap 0.1951, minutes 0.93, lr 3.33e-04
    epoch 2: loss 1.6262, val_ap 0.2983, minutes 1.84, lr 6.63e-04
    epoch 3: loss 1.3624, val_ap 0.4342, minutes 2.72, lr 9.92e-04
    epoch 4: loss 1.2171, val_ap 0.5065, minutes 3.66, lr 1.00e-03
    epoch 5: loss 1.1193, val_ap 0.5355, minutes 4.56, lr 1.00e-03
    epoch 6: loss 1.0671, val_ap 0.5560, minutes 5.43, lr 1.00e-03
    epoch 7: loss 1.0263, val_ap 0.5772, minutes 6.29, lr 1.00e-03
    epoch 8: loss 1.0141, val_ap 0.5880, minutes 7.2, lr 1.00e-03
    epoch 9: loss 0.9845, val_ap 0.5929, minutes 8.1, lr 1.00e-03
    epoch 10: loss 0.9987, val_ap 0.5968, minutes 8.98, lr 1.00e-03
    epoch 11: loss 0.9604, val_ap 0.5810, minutes 9.89, lr 1.00e-03
    epoch 12: loss 0.9604, val_ap 0.5913, minutes 10.8, lr 1.00e-03
    epoch 13: loss 0.9389, val_ap 0.5861, minutes 11.71, lr 1.00e-03
    epoch 14: loss 1.0022, val_ap 0.5940, minutes 12.58, lr 1.00e-03
    epoch 15: loss 0.9062, val_ap 0.5918, minutes 13.49, lr 1.00e-03
    epoch 16: loss 0.9111, val_ap 0.5949, minutes 14.39, lr 1.00e-03
    epoch 17: loss 0.9005, val_ap 0.6111, minutes 15.29, lr 1.00e-03
    epoch 18: loss 0.9035, val_ap 0.6021, minutes 16.18, lr 1.00e-03
    epoch 19: loss 0.8996, val_ap 0.6061, minutes 17.06, lr 1.00e-03
    epoch 20: loss 0.8923, val_ap 0.6034, minutes 17.94, lr 1.00e-03
    epoch 21: loss 0.8989, val_ap 0.6005, minutes 18.86, lr 1.00e-03
    epoch 22: loss 0.8762, val_ap 0.6026, minutes 19.81, lr 1.00e-03
    epoch 23: loss 0.8859, val_ap 0.6058, minutes 20.75, lr 1.00e-03
    epoch 24: loss 0.8758, val_ap 0.6171, minutes 21.64, lr 1.00e-03
    epoch 25: loss 0.8713, val_ap 0.6132, minutes 22.59, lr 1.00e-03
    epoch 26: loss 0.8824, val_ap 0.5968, minutes 23.49, lr 1.00e-03
    epoch 27: loss 0.8934, val_ap 0.6139, minutes 24.37, lr 1.00e-03
    epoch 28: loss 0.8949, val_ap 0.6138, minutes 25.27, lr 1.00e-03
    epoch 29: loss 0.8569, val_ap 0.5997, minutes 26.16, lr 1.00e-03
    epoch 30: loss 0.8379, val_ap 0.6138, minutes 27.06, lr 1.00e-03
    epoch 31: loss 0.8857, val_ap 0.6164, minutes 27.92, lr 1.00e-03
    epoch 32: loss 0.8834, val_ap 0.6188, minutes 28.82, lr 1.00e-03
    epoch 33: loss 0.8488, val_ap 0.6126, minutes 29.7, lr 1.00e-03
    epoch 34: loss 0.8549, val_ap 0.6186, minutes 30.56, lr 1.00e-03
    epoch 35: loss 0.8337, val_ap 0.6200, minutes 31.45, lr 1.00e-03
    epoch 36: loss 0.8393, val_ap 0.6191, minutes 32.35, lr 1.00e-03
    epoch 37: loss 0.8355, val_ap 0.6156, minutes 33.24, lr 1.00e-03
    epoch 38: loss 0.8152, val_ap 0.6215, minutes 34.16, lr 1.00e-03
    epoch 39: loss 0.8360, val_ap 0.6257, minutes 35.08, lr 1.00e-03
    epoch 40: loss 0.7903, val_ap 0.6206, minutes 35.96, lr 1.00e-03
    epoch 41: loss 0.8185, val_ap 0.6211, minutes 36.81, lr 1.00e-03
    epoch 42: loss 0.8193, val_ap 0.6242, minutes 37.75, lr 1.00e-03
    epoch 43: loss 0.8109, val_ap 0.6299, minutes 38.64, lr 1.00e-03
    epoch 44: loss 0.8118, val_ap 0.6275, minutes 39.5, lr 1.00e-03
    epoch 45: loss 0.8057, val_ap 0.6222, minutes 40.41, lr 1.00e-03
    epoch 46: loss 0.7898, val_ap 0.6329, minutes 41.33, lr 1.00e-03
    epoch 47: loss 0.8052, val_ap 0.6296, minutes 42.22, lr 1.00e-03
    epoch 48: loss 0.7975, val_ap 0.6297, minutes 43.11, lr 1.00e-03
    epoch 49: loss 0.8143, val_ap 0.6318, minutes 43.98, lr 1.00e-03
    epoch 50: loss 0.8026, val_ap 0.6272, minutes 44.91, lr 1.00e-03
    epoch 51: loss 0.7900, val_ap 0.6300, minutes 45.82, lr 1.00e-03
    epoch 52: loss 0.7944, val_ap 0.6194, minutes 46.73, lr 1.00e-03
    epoch 53: loss 0.8037, val_ap 0.6280, minutes 47.64, lr 1.00e-03
    epoch 54: loss 0.7830, val_ap 0.6270, minutes 48.51, lr 1.00e-03
    epoch 55: loss 0.7908, val_ap 0.6344, minutes 49.45, lr 1.00e-03
    epoch 56: loss 0.7901, val_ap 0.6318, minutes 50.33, lr 1.00e-03
    epoch 57: loss 0.7788, val_ap 0.6311, minutes 51.21, lr 1.00e-03
    epoch 58: loss 0.7877, val_ap 0.6332, minutes 52.08, lr 1.00e-03
    epoch 59: loss 0.7635, val_ap 0.6267, minutes 52.98, lr 1.00e-03
    epoch 60: loss 0.7782, val_ap 0.6292, minutes 53.91, lr 1.00e-03
    epoch 61: loss 0.7687, val_ap 0.6279, minutes 54.81, lr 1.00e-03
    epoch 62: loss 0.7812, val_ap 0.6345, minutes 55.67, lr 1.00e-03
    epoch 63: loss 0.7645, val_ap 0.6297, minutes 56.55, lr 1.00e-03
    epoch 64: loss 0.7632, val_ap 0.6336, minutes 57.39, lr 1.00e-03
    epoch 65: loss 0.7586, val_ap 0.6303, minutes 58.29, lr 1.00e-03
    epoch 66: loss 0.7486, val_ap 0.6266, minutes 59.17, lr 1.00e-03
    epoch 67: loss 0.7545, val_ap 0.6413, minutes 60.04, lr 1.00e-03
    epoch 68: loss 0.7499, val_ap 0.6386, minutes 60.92, lr 1.00e-03
    epoch 69: loss 0.7422, val_ap 0.6382, minutes 61.74, lr 1.00e-03
    epoch 70: loss 0.7415, val_ap 0.6344, minutes 62.64, lr 1.00e-03
    epoch 71: loss 0.7403, val_ap 0.6402, minutes 63.53, lr 1.00e-03
    epoch 72: loss 0.7422, val_ap 0.6319, minutes 64.41, lr 1.00e-03
    epoch 73: loss 0.7457, val_ap 0.6317, minutes 65.29, lr 1.00e-03
    epoch 74: loss 0.7420, val_ap 0.6403, minutes 66.17, lr 1.00e-03
    epoch 75: loss 0.7435, val_ap 0.6383, minutes 67.05, lr 1.00e-03
    epoch 76: loss 0.7342, val_ap 0.6342, minutes 67.93, lr 5.00e-04
    epoch 77: loss 0.7207, val_ap 0.6370, minutes 68.82, lr 5.00e-04
    epoch 78: loss 0.7066, val_ap 0.6389, minutes 69.66, lr 5.00e-04
    epoch 79: loss 0.6996, val_ap 0.6331, minutes 70.39, lr 5.00e-04
    epoch 80: loss 0.6994, val_ap 0.6305, minutes 71.1, lr 5.00e-04
    epoch 81: loss 0.6913, val_ap 0.6349, minutes 71.81, lr 5.00e-04
    epoch 82: loss 0.6934, val_ap 0.6351, minutes 72.51, lr 5.00e-04
    epoch 83: loss 0.7030, val_ap 0.6309, minutes 73.18, lr 5.00e-04
    epoch 84: loss 0.6924, val_ap 0.6300, minutes 73.88, lr 5.00e-04
    epoch 85: loss 0.7143, val_ap 0.6289, minutes 74.55, lr 2.50e-04
    epoch 86: loss 0.6976, val_ap 0.6326, minutes 75.19, lr 2.50e-04
    epoch 87: loss 0.6840, val_ap 0.6354, minutes 75.8, lr 2.50e-04
    epoch 88: loss 0.6738, val_ap 0.6336, minutes 76.36, lr 2.50e-04
    epoch 89: loss 0.6885, val_ap 0.6330, minutes 76.89, lr 2.50e-04
    epoch 90: loss 0.6712, val_ap 0.6393, minutes 77.43, lr 2.50e-04
    epoch 91: loss 0.6766, val_ap 0.6338, minutes 77.95, lr 2.50e-04
    epoch 92: loss 0.6659, val_ap 0.6400, minutes 78.46, lr 2.50e-04
    stopping: no validation gain in 25 epochs
[h2gcn_aux_r400 dataset0 fold 2] done (79.2 min)
