loaded: dataset0 121,838 sites, data1 90,452
[res_gate dataset0 fold 1]
    kernel decay scale 114.6 nt (fitted to cell line 1 training labels)
    epoch 1: loss 1.9598, val_ap 0.1717, minutes 0.59, lr 3.33e-04
    epoch 2: loss 1.5643, val_ap 0.2717, minutes 1.21, lr 6.63e-04
    epoch 3: loss 1.3229, val_ap 0.4333, minutes 1.83, lr 9.92e-04
    epoch 4: loss 1.1890, val_ap 0.4910, minutes 2.47, lr 1.00e-03
    epoch 5: loss 1.1409, val_ap 0.5094, minutes 3.09, lr 1.00e-03
    epoch 6: loss 1.0681, val_ap 0.5135, minutes 3.69, lr 1.00e-03
    epoch 7: loss 1.0550, val_ap 0.5189, minutes 4.31, lr 1.00e-03
    epoch 8: loss 1.0471, val_ap 0.5179, minutes 4.89, lr 1.00e-03
    epoch 9: loss 1.0455, val_ap 0.5221, minutes 5.51, lr 1.00e-03
    epoch 10: loss 1.0052, val_ap 0.5275, minutes 6.12, lr 1.00e-03
    epoch 11: loss 0.9838, val_ap 0.5551, minutes 6.73, lr 1.00e-03
    epoch 12: loss 0.9634, val_ap 0.5473, minutes 7.35, lr 1.00e-03
    epoch 13: loss 0.9707, val_ap 0.5524, minutes 7.97, lr 1.00e-03
    epoch 14: loss 0.9764, val_ap 0.5344, minutes 8.59, lr 1.00e-03
    epoch 15: loss 0.9620, val_ap 0.5450, minutes 9.22, lr 1.00e-03
    epoch 16: loss 0.9448, val_ap 0.5520, minutes 9.86, lr 1.00e-03
    epoch 17: loss 0.9264, val_ap 0.5670, minutes 10.46, lr 1.00e-03
    epoch 18: loss 0.9257, val_ap 0.5644, minutes 11.06, lr 1.00e-03
    epoch 19: loss 0.9340, val_ap 0.5703, minutes 11.69, lr 1.00e-03
    epoch 20: loss 0.9143, val_ap 0.5715, minutes 12.29, lr 1.00e-03
    epoch 21: loss 0.9139, val_ap 0.5672, minutes 12.88, lr 1.00e-03
    epoch 22: loss 0.9113, val_ap 0.5674, minutes 13.48, lr 1.00e-03
    epoch 23: loss 0.9237, val_ap 0.5736, minutes 14.11, lr 1.00e-03
    epoch 24: loss 0.9101, val_ap 0.5752, minutes 14.72, lr 1.00e-03
    epoch 25: loss 0.9070, val_ap 0.5751, minutes 15.35, lr 1.00e-03
    epoch 26: loss 0.9007, val_ap 0.5788, minutes 16.0, lr 1.00e-03
    epoch 27: loss 0.9015, val_ap 0.5841, minutes 16.63, lr 1.00e-03
    epoch 28: loss 0.8913, val_ap 0.5854, minutes 17.24, lr 1.00e-03
    epoch 29: loss 0.8873, val_ap 0.5891, minutes 17.83, lr 1.00e-03
    epoch 30: loss 0.8866, val_ap 0.5854, minutes 18.4, lr 1.00e-03
    epoch 31: loss 0.8924, val_ap 0.5921, minutes 19.0, lr 1.00e-03
    epoch 32: loss 0.8986, val_ap 0.5895, minutes 19.62, lr 1.00e-03
    epoch 33: loss 0.8892, val_ap 0.5921, minutes 20.2, lr 1.00e-03
    epoch 34: loss 0.8735, val_ap 0.5865, minutes 20.81, lr 1.00e-03
    epoch 35: loss 0.8602, val_ap 0.5970, minutes 21.42, lr 1.00e-03
    epoch 36: loss 0.8618, val_ap 0.6028, minutes 22.03, lr 1.00e-03
    epoch 37: loss 0.8782, val_ap 0.5902, minutes 22.66, lr 1.00e-03
    epoch 38: loss 0.8680, val_ap 0.5926, minutes 23.23, lr 1.00e-03
    epoch 39: loss 0.8649, val_ap 0.6001, minutes 23.84, lr 1.00e-03
    epoch 40: loss 0.8483, val_ap 0.5968, minutes 24.44, lr 1.00e-03
    epoch 41: loss 0.8626, val_ap 0.6039, minutes 25.07, lr 1.00e-03
    epoch 42: loss 0.8767, val_ap 0.5983, minutes 25.69, lr 1.00e-03
    epoch 43: loss 0.8649, val_ap 0.6058, minutes 26.27, lr 1.00e-03
    epoch 44: loss 0.8716, val_ap 0.6049, minutes 26.89, lr 1.00e-03
    epoch 45: loss 0.8462, val_ap 0.6111, minutes 27.46, lr 1.00e-03
    epoch 46: loss 0.8339, val_ap 0.6075, minutes 28.07, lr 1.00e-03
    epoch 47: loss 0.8272, val_ap 0.6044, minutes 28.69, lr 1.00e-03
    epoch 48: loss 0.8368, val_ap 0.6106, minutes 29.28, lr 1.00e-03
    epoch 49: loss 0.8362, val_ap 0.6114, minutes 29.91, lr 1.00e-03
    epoch 50: loss 0.8442, val_ap 0.6157, minutes 30.49, lr 1.00e-03
    epoch 51: loss 0.8162, val_ap 0.5982, minutes 31.1, lr 1.00e-03
    epoch 52: loss 0.8237, val_ap 0.6158, minutes 31.69, lr 1.00e-03
    epoch 53: loss 0.8371, val_ap 0.6062, minutes 32.3, lr 1.00e-03
    epoch 54: loss 0.8205, val_ap 0.6153, minutes 32.96, lr 1.00e-03
    epoch 55: loss 0.8075, val_ap 0.6003, minutes 33.58, lr 1.00e-03
    epoch 56: loss 0.8236, val_ap 0.5979, minutes 34.18, lr 1.00e-03
    epoch 57: loss 0.8084, val_ap 0.6129, minutes 34.78, lr 1.00e-03
    epoch 58: loss 0.8105, val_ap 0.6111, minutes 35.39, lr 1.00e-03
    epoch 59: loss 0.8086, val_ap 0.6076, minutes 36.02, lr 1.00e-03
    epoch 60: loss 0.8001, val_ap 0.6132, minutes 36.62, lr 1.00e-03
    epoch 61: loss 0.7956, val_ap 0.6075, minutes 37.26, lr 5.00e-04
    epoch 62: loss 0.8014, val_ap 0.6145, minutes 37.89, lr 5.00e-04
    epoch 63: loss 0.7737, val_ap 0.6128, minutes 38.49, lr 5.00e-04
    epoch 64: loss 0.7737, val_ap 0.6052, minutes 39.1, lr 5.00e-04
    epoch 65: loss 0.7894, val_ap 0.6158, minutes 39.7, lr 5.00e-04
    epoch 66: loss 0.7747, val_ap 0.6111, minutes 40.31, lr 5.00e-04
    epoch 67: loss 0.7723, val_ap 0.6170, minutes 40.93, lr 5.00e-04
    epoch 68: loss 0.7828, val_ap 0.6148, minutes 41.56, lr 5.00e-04
    epoch 69: loss 0.7804, val_ap 0.6098, minutes 42.18, lr 5.00e-04
    epoch 70: loss 0.7670, val_ap 0.6149, minutes 42.81, lr 5.00e-04
    epoch 71: loss 0.7811, val_ap 0.6122, minutes 43.43, lr 5.00e-04
    epoch 72: loss 0.7737, val_ap 0.6139, minutes 44.02, lr 5.00e-04
    epoch 73: loss 0.7775, val_ap 0.6136, minutes 44.62, lr 5.00e-04
    epoch 74: loss 0.7723, val_ap 0.6074, minutes 45.22, lr 5.00e-04
    epoch 75: loss 0.7775, val_ap 0.6161, minutes 45.84, lr 5.00e-04
    epoch 76: loss 0.7672, val_ap 0.6136, minutes 46.47, lr 2.50e-04
    epoch 77: loss 0.7526, val_ap 0.6207, minutes 47.09, lr 2.50e-04
    epoch 78: loss 0.7561, val_ap 0.6195, minutes 47.72, lr 2.50e-04
    epoch 79: loss 0.7634, val_ap 0.6164, minutes 48.32, lr 2.50e-04
    epoch 80: loss 0.7544, val_ap 0.6206, minutes 48.94, lr 2.50e-04
    epoch 81: loss 0.7583, val_ap 0.6217, minutes 49.54, lr 2.50e-04
    epoch 82: loss 0.7614, val_ap 0.6125, minutes 50.06, lr 2.50e-04
    epoch 83: loss 0.7629, val_ap 0.6188, minutes 50.57, lr 2.50e-04
    epoch 84: loss 0.7519, val_ap 0.6164, minutes 51.07, lr 2.50e-04
    epoch 85: loss 0.7613, val_ap 0.6176, minutes 51.59, lr 2.50e-04
    epoch 86: loss 0.7491, val_ap 0.6174, minutes 52.09, lr 2.50e-04
    epoch 87: loss 0.7469, val_ap 0.6162, minutes 52.6, lr 2.50e-04
    epoch 88: loss 0.7448, val_ap 0.6193, minutes 53.08, lr 2.50e-04
    epoch 89: loss 0.7330, val_ap 0.6139, minutes 53.6, lr 2.50e-04
    epoch 90: loss 0.7431, val_ap 0.6145, minutes 54.1, lr 1.25e-04
    epoch 91: loss 0.7376, val_ap 0.6147, minutes 54.6, lr 1.25e-04
    epoch 92: loss 0.7381, val_ap 0.6170, minutes 55.12, lr 1.25e-04
    epoch 93: loss 0.7339, val_ap 0.6183, minutes 55.66, lr 1.25e-04
    epoch 94: loss 0.7395, val_ap 0.6170, minutes 56.17, lr 1.25e-04
    epoch 95: loss 0.7440, val_ap 0.6151, minutes 56.66, lr 1.25e-04
    epoch 96: loss 0.7328, val_ap 0.6175, minutes 57.14, lr 1.25e-04
    epoch 97: loss 0.7299, val_ap 0.6180, minutes 57.64, lr 1.25e-04
    epoch 98: loss 0.7347, val_ap 0.6167, minutes 58.19, lr 1.25e-04
    epoch 99: loss 0.7317, val_ap 0.6157, minutes 58.67, lr 6.25e-05
    epoch 100: loss 0.7348, val_ap 0.6165, minutes 59.17, lr 6.25e-05
    epoch 101: loss 0.7161, val_ap 0.6159, minutes 59.69, lr 6.25e-05
    epoch 102: loss 0.7385, val_ap 0.6164, minutes 60.18, lr 6.25e-05
    epoch 103: loss 0.7185, val_ap 0.6151, minutes 60.69, lr 6.25e-05
    epoch 104: loss 0.7134, val_ap 0.6159, minutes 61.2, lr 6.25e-05
    epoch 105: loss 0.7245, val_ap 0.6163, minutes 61.68, lr 6.25e-05
    epoch 106: loss 0.7261, val_ap 0.6155, minutes 62.2, lr 6.25e-05
    stopping: no validation gain in 25 epochs
[res_gate dataset0 fold 1] done (63.0 min)
