loaded: dataset0 121,838 sites, data1 90,452
[h2gcn_local dataset0 fold 3]
    epoch 1: loss 1.3076, val_ap 0.1371, minutes 0.46, lr 3.33e-04
    epoch 2: loss 1.0477, val_ap 0.2147, minutes 0.94, lr 6.63e-04
    epoch 3: loss 0.8732, val_ap 0.3929, minutes 1.4, lr 9.92e-04
    epoch 4: loss 0.7758, val_ap 0.4595, minutes 1.88, lr 1.00e-03
    epoch 5: loss 0.7348, val_ap 0.4818, minutes 2.39, lr 1.00e-03
    epoch 6: loss 0.6857, val_ap 0.4964, minutes 2.86, lr 1.00e-03
    epoch 7: loss 0.6902, val_ap 0.4948, minutes 3.38, lr 1.00e-03
    epoch 8: loss 0.6641, val_ap 0.5068, minutes 3.86, lr 1.00e-03
    epoch 9: loss 0.6546, val_ap 0.5087, minutes 4.33, lr 1.00e-03
    epoch 10: loss 0.6509, val_ap 0.5061, minutes 4.83, lr 1.00e-03
    epoch 11: loss 0.6494, val_ap 0.5009, minutes 5.3, lr 1.00e-03
    epoch 12: loss 0.6196, val_ap 0.5100, minutes 5.78, lr 1.00e-03
    epoch 13: loss 0.6220, val_ap 0.5103, minutes 6.3, lr 1.00e-03
    epoch 14: loss 0.6074, val_ap 0.5155, minutes 6.75, lr 1.00e-03
    epoch 15: loss 0.6224, val_ap 0.5225, minutes 7.2, lr 1.00e-03
    epoch 16: loss 0.6033, val_ap 0.5186, minutes 7.7, lr 1.00e-03
    epoch 17: loss 0.6397, val_ap 0.5211, minutes 8.22, lr 1.00e-03
    epoch 18: loss 0.6044, val_ap 0.5246, minutes 8.73, lr 1.00e-03
    epoch 19: loss 0.5927, val_ap 0.5170, minutes 9.22, lr 1.00e-03
    epoch 20: loss 0.5906, val_ap 0.5343, minutes 9.71, lr 1.00e-03
    epoch 21: loss 0.5916, val_ap 0.5190, minutes 10.19, lr 1.00e-03
    epoch 22: loss 0.5926, val_ap 0.5227, minutes 10.69, lr 1.00e-03
    epoch 23: loss 0.5705, val_ap 0.5352, minutes 11.16, lr 1.00e-03
    epoch 24: loss 0.5802, val_ap 0.5378, minutes 11.64, lr 1.00e-03
    epoch 25: loss 0.5652, val_ap 0.5456, minutes 12.14, lr 1.00e-03
    epoch 26: loss 0.5732, val_ap 0.5284, minutes 12.59, lr 1.00e-03
    epoch 27: loss 0.5570, val_ap 0.5483, minutes 13.09, lr 1.00e-03
    epoch 28: loss 0.5633, val_ap 0.5406, minutes 13.63, lr 1.00e-03
    epoch 29: loss 0.5556, val_ap 0.5456, minutes 14.09, lr 1.00e-03
    epoch 30: loss 0.5786, val_ap 0.5440, minutes 14.57, lr 1.00e-03
    epoch 31: loss 0.5488, val_ap 0.5308, minutes 15.09, lr 1.00e-03
    epoch 32: loss 0.5574, val_ap 0.5559, minutes 15.61, lr 1.00e-03
    epoch 33: loss 0.5600, val_ap 0.5490, minutes 16.09, lr 1.00e-03
    epoch 34: loss 0.5457, val_ap 0.5428, minutes 16.6, lr 1.00e-03
    epoch 35: loss 0.5430, val_ap 0.5582, minutes 17.09, lr 1.00e-03
    epoch 36: loss 0.5382, val_ap 0.5462, minutes 17.57, lr 1.00e-03
    epoch 37: loss 0.5306, val_ap 0.5472, minutes 18.08, lr 1.00e-03
    epoch 38: loss 0.5337, val_ap 0.5542, minutes 18.59, lr 1.00e-03
    epoch 39: loss 0.5398, val_ap 0.5516, minutes 19.04, lr 1.00e-03
    epoch 40: loss 0.5231, val_ap 0.5553, minutes 19.51, lr 1.00e-03
    epoch 41: loss 0.5228, val_ap 0.5567, minutes 19.96, lr 1.00e-03
    epoch 42: loss 0.5115, val_ap 0.5611, minutes 20.38, lr 1.00e-03
    epoch 43: loss 0.5287, val_ap 0.5492, minutes 20.84, lr 1.00e-03
    epoch 44: loss 0.5259, val_ap 0.5614, minutes 21.27, lr 1.00e-03
    epoch 45: loss 0.5198, val_ap 0.5596, minutes 21.72, lr 1.00e-03
    epoch 46: loss 0.5054, val_ap 0.5680, minutes 22.21, lr 1.00e-03
    epoch 47: loss 0.5007, val_ap 0.5592, minutes 22.66, lr 1.00e-03
    epoch 48: loss 0.5062, val_ap 0.5615, minutes 23.14, lr 1.00e-03
    epoch 49: loss 0.4949, val_ap 0.5661, minutes 23.57, lr 1.00e-03
    epoch 50: loss 0.5008, val_ap 0.5553, minutes 24.03, lr 1.00e-03
    epoch 51: loss 0.4988, val_ap 0.5475, minutes 24.48, lr 1.00e-03
    epoch 52: loss 0.4912, val_ap 0.5491, minutes 24.96, lr 1.00e-03
    epoch 53: loss 0.4851, val_ap 0.5507, minutes 25.42, lr 1.00e-03
    epoch 54: loss 0.4982, val_ap 0.5668, minutes 25.85, lr 1.00e-03
    epoch 55: loss 0.4846, val_ap 0.5495, minutes 26.35, lr 5.00e-04
    epoch 56: loss 0.4773, val_ap 0.5509, minutes 26.81, lr 5.00e-04
    epoch 57: loss 0.4682, val_ap 0.5514, minutes 27.24, lr 5.00e-04
    epoch 58: loss 0.4639, val_ap 0.5518, minutes 27.74, lr 5.00e-04
    epoch 59: loss 0.4499, val_ap 0.5520, minutes 28.15, lr 5.00e-04
    epoch 60: loss 0.4542, val_ap 0.5528, minutes 28.56, lr 5.00e-04
    epoch 61: loss 0.4580, val_ap 0.5567, minutes 29.01, lr 5.00e-04
    epoch 62: loss 0.4523, val_ap 0.5548, minutes 29.42, lr 5.00e-04
    epoch 63: loss 0.4758, val_ap 0.5582, minutes 29.86, lr 5.00e-04
    epoch 64: loss 0.4447, val_ap 0.5604, minutes 30.29, lr 2.50e-04
    epoch 65: loss 0.4389, val_ap 0.5565, minutes 30.72, lr 2.50e-04
    epoch 66: loss 0.4386, val_ap 0.5549, minutes 31.13, lr 2.50e-04
    epoch 67: loss 0.4327, val_ap 0.5557, minutes 31.55, lr 2.50e-04
    epoch 68: loss 0.4416, val_ap 0.5543, minutes 31.97, lr 2.50e-04
    epoch 69: loss 0.4258, val_ap 0.5557, minutes 32.45, lr 2.50e-04
    epoch 70: loss 0.4399, val_ap 0.5541, minutes 32.91, lr 2.50e-04
    epoch 71: loss 0.4281, val_ap 0.5558, minutes 33.32, lr 2.50e-04
    stopping: no validation gain in 25 epochs
[h2gcn_local dataset0 fold 3] done (33.9 min)
