loaded: dataset0 121,838 sites, data1 90,452
[gat dataset0 fold 3 seed 1]
    epoch 1: loss 1.2345, val_ap 0.1986, minutes 1.44, lr 3.33e-04
    epoch 2: loss 0.9736, val_ap 0.3018, minutes 2.92, lr 6.63e-04
    epoch 3: loss 0.8384, val_ap 0.5165, minutes 4.4, lr 9.92e-04
    epoch 4: loss 0.7351, val_ap 0.4285, minutes 5.88, lr 1.00e-03
    epoch 5: loss 0.6572, val_ap 0.5457, minutes 7.34, lr 1.00e-03
    epoch 6: loss 0.6088, val_ap 0.5668, minutes 8.8, lr 1.00e-03
    epoch 7: loss 0.5870, val_ap 0.5523, minutes 10.27, lr 1.00e-03
    epoch 8: loss 0.5564, val_ap 0.5560, minutes 11.73, lr 1.00e-03
    epoch 9: loss 0.5580, val_ap 0.5613, minutes 13.21, lr 1.00e-03
    epoch 10: loss 0.5378, val_ap 0.5493, minutes 14.68, lr 1.00e-03
    epoch 11: loss 0.5423, val_ap 0.5644, minutes 16.1, lr 1.00e-03
    epoch 12: loss 0.5115, val_ap 0.5722, minutes 17.58, lr 1.00e-03
    epoch 13: loss 0.4917, val_ap 0.5671, minutes 19.06, lr 1.00e-03
    epoch 14: loss 0.5316, val_ap 0.5637, minutes 20.51, lr 1.00e-03
    epoch 15: loss 0.4712, val_ap 0.5745, minutes 21.97, lr 1.00e-03
    epoch 16: loss 0.4571, val_ap 0.5713, minutes 23.42, lr 1.00e-03
    epoch 17: loss 0.4833, val_ap 0.5744, minutes 24.88, lr 1.00e-03
    epoch 18: loss 0.4627, val_ap 0.5540, minutes 26.35, lr 1.00e-03
    epoch 19: loss 0.4614, val_ap 0.5669, minutes 27.81, lr 1.00e-03
    epoch 20: loss 0.4311, val_ap 0.5853, minutes 29.29, lr 1.00e-03
    epoch 21: loss 0.4369, val_ap 0.5824, minutes 30.74, lr 1.00e-03
    epoch 22: loss 0.4120, val_ap 0.5889, minutes 32.22, lr 1.00e-03
    epoch 23: loss 0.4036, val_ap 0.5580, minutes 33.66, lr 1.00e-03
    epoch 24: loss 0.3923, val_ap 0.5829, minutes 35.11, lr 1.00e-03
    epoch 25: loss 0.3957, val_ap 0.5759, minutes 36.52, lr 1.00e-03
    epoch 26: loss 0.4010, val_ap 0.5794, minutes 37.97, lr 1.00e-03
    epoch 27: loss 0.3796, val_ap 0.5708, minutes 39.41, lr 1.00e-03
    epoch 28: loss 0.3950, val_ap 0.5237, minutes 40.82, lr 1.00e-03
    epoch 29: loss 0.3792, val_ap 0.5891, minutes 42.24, lr 1.00e-03
    epoch 30: loss 0.3724, val_ap 0.5797, minutes 43.65, lr 1.00e-03
    epoch 31: loss 0.3643, val_ap 0.5784, minutes 45.07, lr 1.00e-03
    epoch 32: loss 0.3645, val_ap 0.5318, minutes 46.48, lr 1.00e-03
    epoch 33: loss 0.3501, val_ap 0.5692, minutes 47.99, lr 1.00e-03
    epoch 34: loss 0.3292, val_ap 0.5549, minutes 49.62, lr 1.00e-03
    epoch 35: loss 0.3300, val_ap 0.5906, minutes 51.23, lr 1.00e-03
    epoch 36: loss 0.3222, val_ap 0.5109, minutes 52.83, lr 1.00e-03
    epoch 37: loss 0.3187, val_ap 0.5492, minutes 54.41, lr 1.00e-03
    epoch 38: loss 0.3206, val_ap 0.5262, minutes 55.93, lr 1.00e-03
    epoch 39: loss 0.3210, val_ap 0.5584, minutes 57.48, lr 1.00e-03
    epoch 40: loss 0.3383, val_ap 0.5960, minutes 58.97, lr 1.00e-03
    epoch 41: loss 0.3245, val_ap 0.5506, minutes 60.55, lr 1.00e-03
    epoch 42: loss 0.2894, val_ap 0.5796, minutes 62.07, lr 1.00e-03
    epoch 43: loss 0.3074, val_ap 0.5597, minutes 63.58, lr 1.00e-03
    epoch 44: loss 0.2687, val_ap 0.5209, minutes 65.13, lr 1.00e-03
    epoch 45: loss 0.2955, val_ap 0.5593, minutes 66.71, lr 1.00e-03
    epoch 46: loss 0.3103, val_ap 0.5171, minutes 68.23, lr 1.00e-03
    epoch 47: loss 0.2813, val_ap 0.5436, minutes 69.71, lr 1.00e-03
    epoch 48: loss 0.2947, val_ap 0.5433, minutes 71.27, lr 1.00e-03
    epoch 49: loss 0.2903, val_ap 0.5084, minutes 72.84, lr 5.00e-04
    epoch 50: loss 0.2589, val_ap 0.5557, minutes 74.35, lr 5.00e-04
    epoch 51: loss 0.2277, val_ap 0.5576, minutes 75.76, lr 5.00e-04
    epoch 52: loss 0.2117, val_ap 0.5301, minutes 77.33, lr 5.00e-04
    epoch 53: loss 0.2252, val_ap 0.4956, minutes 78.84, lr 5.00e-04
    epoch 54: loss 0.2142, val_ap 0.5395, minutes 80.37, lr 5.00e-04
    epoch 55: loss 0.1997, val_ap 0.5363, minutes 81.89, lr 5.00e-04
    epoch 56: loss 0.2000, val_ap 0.5350, minutes 83.35, lr 5.00e-04
    epoch 57: loss 0.2066, val_ap 0.5360, minutes 84.84, lr 5.00e-04
    epoch 58: loss 0.2101, val_ap 0.5099, minutes 86.27, lr 2.50e-04
    epoch 59: loss 0.1774, val_ap 0.5228, minutes 87.75, lr 2.50e-04
    epoch 60: loss 0.1707, val_ap 0.5414, minutes 89.25, lr 2.50e-04
    epoch 61: loss 0.1700, val_ap 0.5025, minutes 90.74, lr 2.50e-04
    epoch 62: loss 0.1614, val_ap 0.5233, minutes 92.25, lr 2.50e-04
    epoch 63: loss 0.1640, val_ap 0.5036, minutes 93.75, lr 2.50e-04
    epoch 64: loss 0.1689, val_ap 0.5105, minutes 95.3, lr 2.50e-04
    epoch 65: loss 0.1617, val_ap 0.5133, minutes 96.83, lr 2.50e-04
    stopping: no validation gain in 25 epochs
[gat dataset0 fold 3 seed 1] done (97.7 min)
