loaded: dataset0 121,838 sites, data1 90,452
[gcn dataset0 fold 3]
    epoch 1: loss 1.3259, val_ap 0.0879, minutes 0.49, lr 3.33e-04
    epoch 2: loss 1.2814, val_ap 0.0817, minutes 0.99, lr 6.63e-04
    epoch 3: loss 1.1886, val_ap 0.1542, minutes 1.48, lr 9.92e-04
    epoch 4: loss 1.0250, val_ap 0.2921, minutes 1.98, lr 1.00e-03
    epoch 5: loss 0.9058, val_ap 0.3145, minutes 2.49, lr 1.00e-03
    epoch 6: loss 0.8671, val_ap 0.3196, minutes 2.97, lr 1.00e-03
    epoch 7: loss 0.8694, val_ap 0.3222, minutes 3.46, lr 1.00e-03
    epoch 8: loss 0.8528, val_ap 0.3245, minutes 3.96, lr 1.00e-03
    epoch 9: loss 0.8284, val_ap 0.3269, minutes 4.47, lr 1.00e-03
    epoch 10: loss 0.8224, val_ap 0.3347, minutes 4.96, lr 1.00e-03
    epoch 11: loss 0.8174, val_ap 0.3314, minutes 5.47, lr 1.00e-03
    epoch 12: loss 0.7950, val_ap 0.3386, minutes 5.94, lr 1.00e-03
    epoch 13: loss 0.8064, val_ap 0.3311, minutes 6.44, lr 1.00e-03
    epoch 14: loss 0.7945, val_ap 0.3345, minutes 6.91, lr 1.00e-03
    epoch 15: loss 0.7939, val_ap 0.3370, minutes 7.4, lr 1.00e-03
    epoch 16: loss 0.7638, val_ap 0.3344, minutes 7.89, lr 1.00e-03
    epoch 17: loss 0.7880, val_ap 0.3368, minutes 8.36, lr 1.00e-03
    epoch 18: loss 0.7632, val_ap 0.3445, minutes 8.88, lr 1.00e-03
    epoch 19: loss 0.7597, val_ap 0.3435, minutes 9.37, lr 1.00e-03
    epoch 20: loss 0.7561, val_ap 0.3430, minutes 9.87, lr 1.00e-03
    epoch 21: loss 0.7643, val_ap 0.3479, minutes 10.34, lr 1.00e-03
    epoch 22: loss 0.7669, val_ap 0.3482, minutes 10.81, lr 1.00e-03
    epoch 23: loss 0.7410, val_ap 0.3439, minutes 11.29, lr 1.00e-03
    epoch 24: loss 0.7657, val_ap 0.3438, minutes 11.77, lr 1.00e-03
    epoch 25: loss 0.7435, val_ap 0.3471, minutes 12.26, lr 1.00e-03
    epoch 26: loss 0.7409, val_ap 0.3463, minutes 12.71, lr 1.00e-03
    epoch 27: loss 0.7416, val_ap 0.3478, minutes 13.16, lr 1.00e-03
    epoch 28: loss 0.7425, val_ap 0.3484, minutes 13.66, lr 1.00e-03
    epoch 29: loss 0.7293, val_ap 0.3512, minutes 14.16, lr 1.00e-03
    epoch 30: loss 0.7500, val_ap 0.3506, minutes 14.66, lr 1.00e-03
    epoch 31: loss 0.7315, val_ap 0.3436, minutes 15.17, lr 1.00e-03
    epoch 32: loss 0.7191, val_ap 0.3507, minutes 15.64, lr 1.00e-03
    epoch 33: loss 0.7244, val_ap 0.3501, minutes 16.14, lr 1.00e-03
    epoch 34: loss 0.7249, val_ap 0.3517, minutes 16.59, lr 1.00e-03
    epoch 35: loss 0.7163, val_ap 0.3519, minutes 17.06, lr 1.00e-03
    epoch 36: loss 0.7249, val_ap 0.3515, minutes 17.53, lr 1.00e-03
    epoch 37: loss 0.7067, val_ap 0.3480, minutes 17.96, lr 1.00e-03
    epoch 38: loss 0.7187, val_ap 0.3538, minutes 18.41, lr 1.00e-03
    epoch 39: loss 0.7247, val_ap 0.3524, minutes 18.86, lr 1.00e-03
    epoch 40: loss 0.7097, val_ap 0.3530, minutes 19.33, lr 1.00e-03
    epoch 41: loss 0.7275, val_ap 0.3538, minutes 19.78, lr 1.00e-03
    epoch 42: loss 0.7006, val_ap 0.3567, minutes 20.24, lr 1.00e-03
    epoch 43: loss 0.7035, val_ap 0.3534, minutes 20.68, lr 1.00e-03
    epoch 44: loss 0.7116, val_ap 0.3518, minutes 21.16, lr 1.00e-03
    epoch 45: loss 0.7077, val_ap 0.3519, minutes 21.6, lr 1.00e-03
    epoch 46: loss 0.6995, val_ap 0.3576, minutes 22.06, lr 1.00e-03
    epoch 47: loss 0.6966, val_ap 0.3563, minutes 22.51, lr 1.00e-03
    epoch 48: loss 0.7044, val_ap 0.3595, minutes 22.97, lr 1.00e-03
    epoch 49: loss 0.6887, val_ap 0.3585, minutes 23.44, lr 1.00e-03
    epoch 50: loss 0.6988, val_ap 0.3525, minutes 23.89, lr 1.00e-03
    epoch 51: loss 0.7060, val_ap 0.3610, minutes 24.35, lr 1.00e-03
    epoch 52: loss 0.6932, val_ap 0.3557, minutes 24.81, lr 1.00e-03
    epoch 53: loss 0.6875, val_ap 0.3586, minutes 25.27, lr 1.00e-03
    epoch 54: loss 0.6937, val_ap 0.3610, minutes 25.74, lr 1.00e-03
    epoch 55: loss 0.6921, val_ap 0.3551, minutes 26.2, lr 1.00e-03
    epoch 56: loss 0.6917, val_ap 0.3556, minutes 26.66, lr 1.00e-03
    epoch 57: loss 0.6895, val_ap 0.3574, minutes 27.11, lr 1.00e-03
    epoch 58: loss 0.6805, val_ap 0.3551, minutes 27.59, lr 1.00e-03
    epoch 59: loss 0.6706, val_ap 0.3584, minutes 28.05, lr 1.00e-03
    epoch 60: loss 0.6814, val_ap 0.3595, minutes 28.51, lr 5.00e-04
    epoch 61: loss 0.6621, val_ap 0.3568, minutes 28.98, lr 5.00e-04
    epoch 62: loss 0.6704, val_ap 0.3582, minutes 29.43, lr 5.00e-04
    epoch 63: loss 0.6666, val_ap 0.3614, minutes 29.85, lr 5.00e-04
    epoch 64: loss 0.6503, val_ap 0.3583, minutes 30.32, lr 5.00e-04
    epoch 65: loss 0.6612, val_ap 0.3590, minutes 30.8, lr 5.00e-04
    epoch 66: loss 0.6669, val_ap 0.3590, minutes 31.24, lr 5.00e-04
    epoch 67: loss 0.6663, val_ap 0.3593, minutes 31.67, lr 5.00e-04
    epoch 68: loss 0.6594, val_ap 0.3603, minutes 32.11, lr 5.00e-04
    epoch 69: loss 0.6532, val_ap 0.3597, minutes 32.58, lr 5.00e-04
    epoch 70: loss 0.6419, val_ap 0.3594, minutes 33.06, lr 5.00e-04
    epoch 71: loss 0.6536, val_ap 0.3598, minutes 33.49, lr 5.00e-04
    epoch 72: loss 0.6567, val_ap 0.3597, minutes 33.96, lr 2.50e-04
    epoch 73: loss 0.6430, val_ap 0.3592, minutes 34.38, lr 2.50e-04
    epoch 74: loss 0.6405, val_ap 0.3596, minutes 34.85, lr 2.50e-04
    epoch 75: loss 0.6347, val_ap 0.3609, minutes 35.34, lr 2.50e-04
    epoch 76: loss 0.6384, val_ap 0.3611, minutes 35.79, lr 2.50e-04
    epoch 77: loss 0.6381, val_ap 0.3601, minutes 36.24, lr 2.50e-04
    epoch 78: loss 0.6352, val_ap 0.3619, minutes 36.69, lr 2.50e-04
    epoch 79: loss 0.6362, val_ap 0.3620, minutes 37.14, lr 2.50e-04
    epoch 80: loss 0.6418, val_ap 0.3612, minutes 37.59, lr 2.50e-04
    epoch 81: loss 0.6313, val_ap 0.3598, minutes 38.05, lr 2.50e-04
    epoch 82: loss 0.6484, val_ap 0.3605, minutes 38.51, lr 2.50e-04
    epoch 83: loss 0.6345, val_ap 0.3630, minutes 38.98, lr 2.50e-04
    epoch 84: loss 0.6418, val_ap 0.3598, minutes 39.43, lr 2.50e-04
    epoch 85: loss 0.6368, val_ap 0.3618, minutes 39.9, lr 2.50e-04
    epoch 86: loss 0.6392, val_ap 0.3626, minutes 40.34, lr 2.50e-04
    epoch 87: loss 0.6491, val_ap 0.3629, minutes 40.82, lr 2.50e-04
    epoch 88: loss 0.6440, val_ap 0.3594, minutes 41.27, lr 2.50e-04
    epoch 89: loss 0.6380, val_ap 0.3599, minutes 41.74, lr 2.50e-04
    epoch 90: loss 0.6305, val_ap 0.3621, minutes 42.21, lr 2.50e-04
    epoch 91: loss 0.6495, val_ap 0.3599, minutes 42.68, lr 2.50e-04
    epoch 92: loss 0.6291, val_ap 0.3584, minutes 43.13, lr 1.25e-04
    epoch 93: loss 0.6192, val_ap 0.3607, minutes 43.61, lr 1.25e-04
    epoch 94: loss 0.6382, val_ap 0.3598, minutes 44.06, lr 1.25e-04
    epoch 95: loss 0.6259, val_ap 0.3612, minutes 44.52, lr 1.25e-04
    epoch 96: loss 0.6290, val_ap 0.3615, minutes 44.98, lr 1.25e-04
    epoch 97: loss 0.6343, val_ap 0.3604, minutes 45.47, lr 1.25e-04
    epoch 98: loss 0.6293, val_ap 0.3612, minutes 45.94, lr 1.25e-04
    epoch 99: loss 0.6247, val_ap 0.3606, minutes 46.4, lr 1.25e-04
    epoch 100: loss 0.6193, val_ap 0.3615, minutes 46.88, lr 1.25e-04
    epoch 101: loss 0.6258, val_ap 0.3617, minutes 47.35, lr 6.25e-05
    epoch 102: loss 0.6296, val_ap 0.3619, minutes 47.81, lr 6.25e-05
    epoch 103: loss 0.6273, val_ap 0.3599, minutes 48.28, lr 6.25e-05
    epoch 104: loss 0.6277, val_ap 0.3603, minutes 48.74, lr 6.25e-05
    epoch 105: loss 0.6303, val_ap 0.3595, minutes 49.22, lr 6.25e-05
    epoch 106: loss 0.6224, val_ap 0.3610, minutes 49.67, lr 6.25e-05
    epoch 107: loss 0.6344, val_ap 0.3607, minutes 50.14, lr 6.25e-05
    epoch 108: loss 0.6231, val_ap 0.3602, minutes 50.6, lr 6.25e-05
    stopping: no validation gain in 25 epochs
[gcn dataset0 fold 3] done (51.3 min)
