loaded: dataset0 121,838 sites, data1 90,452
[deepset dataset0 fold 0]
    epoch 1: loss 1.1857410373046384, minutes 0.17, val_ap 0.2701185956650078, lr 0.00033430799220272904
    epoch 2: loss 0.8699302424115745, minutes 0.37, val_ap 0.42658590311582195, lr 0.0006676413255360624
    epoch 3: loss 0.7866085822644987, minutes 0.56, val_ap 0.4276692298770142, lr 0.001
    epoch 4: loss 0.7561956342549352, minutes 0.74, val_ap 0.4451099223507238, lr 0.001
    epoch 5: loss 0.7335780093892973, minutes 0.94, val_ap 0.44786698791151686, lr 0.001
    epoch 6: loss 0.7190634721552419, minutes 1.12, val_ap 0.4553165853429146, lr 0.001
    epoch 7: loss 0.7032187925270427, minutes 1.3, val_ap 0.4565353079791058, lr 0.001
    epoch 8: loss 0.7043195958548819, minutes 1.49, val_ap 0.4718953025652218, lr 0.001
    epoch 9: loss 0.6873653448290296, minutes 1.68, val_ap 0.4694471790603524, lr 0.001
    epoch 10: loss 0.6893479202748739, minutes 1.87, val_ap 0.4869669432404177, lr 0.001
    epoch 11: loss 0.6824355816457703, minutes 2.06, val_ap 0.49120647621973024, lr 0.001
    epoch 12: loss 0.6812273085291622, minutes 2.24, val_ap 0.4914445144022096, lr 0.001
    epoch 13: loss 0.6650842690502691, minutes 2.43, val_ap 0.4829573833815709, lr 0.001
    epoch 14: loss 0.6698180240148689, minutes 2.63, val_ap 0.48410096899389976, lr 0.001
    epoch 15: loss 0.6618810427642008, minutes 2.81, val_ap 0.49564635297204734, lr 0.001
    epoch 16: loss 0.6598990257197653, minutes 2.99, val_ap 0.5005963159927705, lr 0.001
    epoch 17: loss 0.6599063739964837, minutes 3.17, val_ap 0.49668809486297, lr 0.001
    epoch 18: loss 0.6454689068752423, minutes 3.37, val_ap 0.5099228936961899, lr 0.001
    epoch 19: loss 0.6417439452737396, minutes 3.56, val_ap 0.5022575298642827, lr 0.001
    epoch 20: loss 0.6390310187785946, minutes 3.75, val_ap 0.5075915081796051, lr 0.001
    epoch 21: loss 0.6365143561746642, minutes 3.92, val_ap 0.5124115426206283, lr 0.001
    epoch 22: loss 0.6423876641089457, minutes 4.1, val_ap 0.5163001772307904, lr 0.001
    epoch 23: loss 0.6282081698116503, minutes 4.29, val_ap 0.5223184986394683, lr 0.001
    epoch 24: loss 0.6349764014022392, minutes 4.47, val_ap 0.5200862134292534, lr 0.001
    epoch 25: loss 0.6247922193411498, minutes 4.65, val_ap 0.520560383756928, lr 0.001
    epoch 26: loss 0.622015150666934, minutes 4.84, val_ap 0.5211039203278983, lr 0.001
    epoch 27: loss 0.6239122971456651, minutes 5.03, val_ap 0.5187171756494755, lr 0.001
    epoch 28: loss 0.6184826844442658, minutes 5.22, val_ap 0.5283100587780244, lr 0.001
    epoch 29: loss 0.6163848199342427, minutes 5.4, val_ap 0.5247467391416564, lr 0.001
    epoch 30: loss 0.6110129333727541, minutes 5.59, val_ap 0.5237931741119134, lr 0.001
    epoch 31: loss 0.6086599757099709, minutes 5.79, val_ap 0.5283268674228221, lr 0.001
    epoch 32: loss 0.6049319427264365, minutes 5.98, val_ap 0.5398804908368725, lr 0.001
    epoch 33: loss 0.6064506126513258, minutes 6.16, val_ap 0.5253867489240334, lr 0.001
    epoch 34: loss 0.6004110911087683, minutes 6.35, val_ap 0.536016788337228, lr 0.001
    epoch 35: loss 0.6015635912704189, minutes 6.53, val_ap 0.5433394019295987, lr 0.001
    epoch 36: loss 0.5976315909310391, minutes 6.71, val_ap 0.5364542054935634, lr 0.001
    epoch 37: loss 0.5995568497139111, minutes 6.9, val_ap 0.5313325546663247, lr 0.001
    epoch 38: loss 0.5946517604136328, minutes 7.08, val_ap 0.5336843979191628, lr 0.001
    epoch 39: loss 0.5889332588565978, minutes 7.27, val_ap 0.5366384667067806, lr 0.001
    epoch 40: loss 0.5940221940216265, minutes 7.46, val_ap 0.5318738864810094, lr 0.001
    epoch 41: loss 0.5901376932249431, minutes 7.65, val_ap 0.5338341661675288, lr 0.001
    epoch 42: loss 0.5866463659276739, minutes 7.84, val_ap 0.5431276022450613, lr 0.001
    epoch 43: loss 0.5790346952819685, minutes 8.03, val_ap 0.5291369123280861, lr 0.001
    epoch 44: loss 0.5823848334669369, minutes 8.21, val_ap 0.5321205019332593, lr 0.0005
    epoch 45: loss 0.5546070193948104, minutes 8.4, val_ap 0.548981199100561, lr 0.0005
    epoch 46: loss 0.5542538788234979, minutes 8.59, val_ap 0.5418062172335433, lr 0.0005
    epoch 47: loss 0.5583046606758184, minutes 8.78, val_ap 0.5472342747499263, lr 0.0005
    epoch 48: loss 0.5558385511762217, minutes 8.97, val_ap 0.5468351879511086, lr 0.0005
    epoch 49: loss 0.550726678636339, minutes 9.15, val_ap 0.555943949603387, lr 0.0005
    epoch 50: loss 0.5436354106978366, minutes 9.33, val_ap 0.5549419626609725, lr 0.0005
    epoch 51: loss 0.5448931945781958, minutes 9.5, val_ap 0.5563428160336844, lr 0.0005
    epoch 52: loss 0.5425204056048254, minutes 9.68, val_ap 0.5352914257888323, lr 0.0005
    epoch 53: loss 0.5392261063843443, minutes 9.86, val_ap 0.5470871385417952, lr 0.0005
    epoch 54: loss 0.5433406193266835, minutes 10.05, val_ap 0.5520800824515139, lr 0.0005
    epoch 55: loss 0.547672106900759, minutes 10.23, val_ap 0.5394978025536146, lr 0.0005
    epoch 56: loss 0.5459072260044472, minutes 10.4, val_ap 0.5452333940740711, lr 0.0005
    epoch 57: loss 0.5395580170273083, minutes 10.59, val_ap 0.5483224581126422, lr 0.0005
    epoch 58: loss 0.5406969043246487, minutes 10.77, val_ap 0.5378586467392112, lr 0.0005
    epoch 59: loss 0.5335830106721287, minutes 10.96, val_ap 0.5349950946964542, lr 0.0005
    epoch 60: loss 0.5363585372940142, minutes 11.16, val_ap 0.5438027867152575, lr 0.00025
    epoch 61: loss 0.5251683866419987, minutes 11.35, val_ap 0.5459055497540314, lr 0.00025
    epoch 62: loss 0.5088268773771866, minutes 11.54, val_ap 0.5449506539856303, lr 0.00025
    epoch 63: loss 0.5170548248883576, minutes 11.73, val_ap 0.5489579455645267, lr 0.00025
    epoch 64: loss 0.5136785807839611, minutes 11.92, val_ap 0.5429697223994354, lr 0.00025
    epoch 65: loss 0.522797821906575, minutes 12.09, val_ap 0.5489783745915779, lr 0.00025
    epoch 66: loss 0.5193984318110678, minutes 12.28, val_ap 0.5441096600924781, lr 0.00025
    epoch 67: loss 0.514468481840446, minutes 12.47, val_ap 0.5529955336107238, lr 0.00025
    epoch 68: loss 0.5118313244821733, minutes 12.65, val_ap 0.5492021914638349, lr 0.00025
    epoch 69: loss 0.5221827288991526, minutes 12.85, val_ap 0.542383292914728, lr 0.000125
    epoch 70: loss 0.49376244947575687, minutes 13.03, val_ap 0.5460147247269347, lr 0.000125
    epoch 71: loss 0.5049390245599357, minutes 13.22, val_ap 0.5459530477369514, lr 0.000125
    epoch 72: loss 0.49108751749957513, minutes 13.41, val_ap 0.5466979936059011, lr 0.000125
    epoch 73: loss 0.5089955667131826, minutes 13.6, val_ap 0.5485635535307204, lr 0.000125
    epoch 74: loss 0.4937738242030841, minutes 13.79, val_ap 0.5468665711076778, lr 0.000125
    epoch 75: loss 0.494037289717044, minutes 13.98, val_ap 0.5449112701751179, lr 0.000125
    stopping: no validation gain in 25 epochs
[deepset dataset0 fold 0] done (14.3 min)
