loaded: dataset0 121,838 sites, data1 90,452
[attn_mil pooled_both fold 2]
    epoch 1: loss 1.1671732096585503, minutes 0.39, val_ap 0.2922851159974517, lr 0.0003338833883388339
    epoch 2: loss 0.9276942889092386, minutes 0.84, val_ap 0.3701765638310851, lr 0.0006672167216721672
    epoch 3: loss 0.8876561913946674, minutes 1.3, val_ap 0.3938174513815458, lr 0.001
    epoch 4: loss 0.875786280671362, minutes 1.78, val_ap 0.4079741097046269, lr 0.001
    epoch 5: loss 0.8623088658741205, minutes 2.22, val_ap 0.4182677722219908, lr 0.001
    epoch 6: loss 0.8541236351130426, minutes 2.66, val_ap 0.4237645853352512, lr 0.001
    epoch 7: loss 0.8449841550867944, minutes 3.11, val_ap 0.43834740030133656, lr 0.001
    epoch 8: loss 0.8378921298205656, minutes 3.57, val_ap 0.4340533200925006, lr 0.001
    epoch 9: loss 0.8322096656356314, minutes 4.01, val_ap 0.44782424997463943, lr 0.001
    epoch 10: loss 0.8288681775134782, minutes 4.46, val_ap 0.45126175492545645, lr 0.001
    epoch 11: loss 0.8242993956745261, minutes 4.92, val_ap 0.45577031028298576, lr 0.001
    epoch 12: loss 0.818751679936258, minutes 5.39, val_ap 0.4578156496372778, lr 0.001
    epoch 13: loss 0.8175475394273355, minutes 5.84, val_ap 0.4523764471196694, lr 0.001
    epoch 14: loss 0.8141698245168125, minutes 6.29, val_ap 0.46626802316681565, lr 0.001
    epoch 15: loss 0.8090158412755519, minutes 6.75, val_ap 0.4669392435345627, lr 0.001
    epoch 16: loss 0.80733554399643, minutes 7.19, val_ap 0.4660371348447452, lr 0.001
    epoch 17: loss 0.8074551970750192, minutes 7.65, val_ap 0.469614050891816, lr 0.001
    epoch 18: loss 0.8053672594009059, minutes 8.1, val_ap 0.4695039473993725, lr 0.001
    epoch 19: loss 0.801449188698243, minutes 8.58, val_ap 0.4709788342076301, lr 0.001
    epoch 20: loss 0.8001515256001217, minutes 9.04, val_ap 0.4735998382289701, lr 0.001
    epoch 21: loss 0.7965316281657014, minutes 9.5, val_ap 0.45552677433876804, lr 0.001
    epoch 22: loss 0.7966861266999354, minutes 9.96, val_ap 0.46885033731619363, lr 0.001
    epoch 23: loss 0.792407296032402, minutes 10.42, val_ap 0.4716864048084437, lr 0.001
    epoch 24: loss 0.7898909421053657, minutes 10.87, val_ap 0.4737122700061873, lr 0.001
    epoch 25: loss 0.7887913735196141, minutes 11.31, val_ap 0.46836366985678035, lr 0.001
    epoch 26: loss 0.7852644712323009, minutes 11.76, val_ap 0.46598622887529134, lr 0.001
    epoch 27: loss 0.7867946361649548, minutes 12.21, val_ap 0.45658534373142984, lr 0.001
    epoch 28: loss 0.78538214643993, minutes 12.64, val_ap 0.4665934373859873, lr 0.001
    epoch 29: loss 0.7817726367377605, minutes 13.07, val_ap 0.46727892453075276, lr 0.001
    epoch 30: loss 0.7794051470339495, minutes 13.51, val_ap 0.4759433531400058, lr 0.001
    epoch 31: loss 0.7747642026580993, minutes 13.96, val_ap 0.4575776741884309, lr 0.001
    epoch 32: loss 0.7747583895331562, minutes 14.4, val_ap 0.4648363776292281, lr 0.001
    epoch 33: loss 0.7777012760686403, minutes 14.87, val_ap 0.46478384565978637, lr 0.001
    epoch 34: loss 0.7717926684680945, minutes 15.31, val_ap 0.4661757311012424, lr 0.001
    epoch 35: loss 0.7727265545342228, minutes 15.72, val_ap 0.4641616642965802, lr 0.001
    epoch 36: loss 0.7698185629773848, minutes 16.15, val_ap 0.4627151554837697, lr 0.001
    epoch 37: loss 0.7694207628568014, minutes 16.59, val_ap 0.4660568334072468, lr 0.001
    epoch 38: loss 0.769859582628354, minutes 17.04, val_ap 0.466893568409325, lr 0.001
    epoch 39: loss 0.7656191235820059, minutes 17.49, val_ap 0.4614466458770519, lr 0.0005
    epoch 40: loss 0.7576670001442283, minutes 17.94, val_ap 0.46223011705158407, lr 0.0005
    epoch 41: loss 0.7527329274038277, minutes 18.39, val_ap 0.46668165457450705, lr 0.0005
    epoch 42: loss 0.7460694812705414, minutes 18.84, val_ap 0.4730440787103619, lr 0.0005
    epoch 43: loss 0.7449835336247687, minutes 19.3, val_ap 0.4674139449209122, lr 0.0005
    epoch 44: loss 0.7466216970099868, minutes 19.74, val_ap 0.4643594997829271, lr 0.0005
    epoch 45: loss 0.742163029686846, minutes 20.17, val_ap 0.4626732505094403, lr 0.0005
    epoch 46: loss 0.7385975348674031, minutes 20.6, val_ap 0.4662444420153308, lr 0.0005
    epoch 47: loss 0.7439686585672618, minutes 21.05, val_ap 0.4692826949856724, lr 0.0005
    epoch 48: loss 0.7371730960339996, minutes 21.5, val_ap 0.4625177810748966, lr 0.00025
    epoch 49: loss 0.7308287504974371, minutes 21.95, val_ap 0.46080331446269146, lr 0.00025
    epoch 50: loss 0.7276288267016018, minutes 22.39, val_ap 0.46335308839659556, lr 0.00025
    epoch 51: loss 0.7331267568242825, minutes 22.83, val_ap 0.4657329563695321, lr 0.00025
    epoch 52: loss 0.7288200792798115, minutes 23.28, val_ap 0.4698452135505515, lr 0.00025
    epoch 53: loss 0.7273082542340747, minutes 23.74, val_ap 0.4627361603020281, lr 0.00025
    epoch 54: loss 0.7269277945406759, minutes 24.15, val_ap 0.4612294785973491, lr 0.00025
    stopping: no validation gain in 25 epochs
[attn_mil pooled_both fold 2] done (24.7 min)
