loaded: dataset0 121,838 sites, data1 90,452
[deepset pooled_both fold 3]
    epoch 1: loss 1.1690735218908963, minutes 0.29, val_ap 0.2327654160251051, lr 0.00033389261744966444
    epoch 2: loss 0.9555436998805744, minutes 0.61, val_ap 0.38517841996520563, lr 0.0006672259507829977
    epoch 3: loss 0.8831580328261293, minutes 0.93, val_ap 0.40514493262173223, lr 0.001
    epoch 4: loss 0.8612553888319323, minutes 1.24, val_ap 0.4043927939809775, lr 0.001
    epoch 5: loss 0.8441249218163074, minutes 1.54, val_ap 0.4077934311384015, lr 0.001
    epoch 6: loss 0.8406824000029756, minutes 1.84, val_ap 0.41925993640103565, lr 0.001
    epoch 7: loss 0.8348155452701069, minutes 2.15, val_ap 0.42145874787803567, lr 0.001
    epoch 8: loss 0.8268458673717992, minutes 2.46, val_ap 0.419145855617504, lr 0.001
    epoch 9: loss 0.8279908010423583, minutes 2.77, val_ap 0.4308498449500097, lr 0.001
    epoch 10: loss 0.8217997031423869, minutes 3.08, val_ap 0.4343793173802496, lr 0.001
    epoch 11: loss 0.8178815269130189, minutes 3.4, val_ap 0.44310413910305546, lr 0.001
    epoch 12: loss 0.8108863661053197, minutes 3.71, val_ap 0.44565369294340257, lr 0.001
    epoch 13: loss 0.8101915246588272, minutes 4.02, val_ap 0.4420804812775963, lr 0.001
    epoch 14: loss 0.8052945285535499, minutes 4.32, val_ap 0.4509172421226282, lr 0.001
    epoch 15: loss 0.8045311562666957, minutes 4.62, val_ap 0.451708254013757, lr 0.001
    epoch 16: loss 0.799723548477128, minutes 4.93, val_ap 0.4562614124616523, lr 0.001
    epoch 17: loss 0.7932041256419764, minutes 5.26, val_ap 0.46235871835293485, lr 0.001
    epoch 18: loss 0.7902810378562684, minutes 5.57, val_ap 0.4577115443902685, lr 0.001
    epoch 19: loss 0.789563262822644, minutes 5.88, val_ap 0.4512972865503346, lr 0.001
    epoch 20: loss 0.7842947654176078, minutes 6.17, val_ap 0.4654169606683295, lr 0.001
    epoch 21: loss 0.7851087636495596, minutes 6.44, val_ap 0.46306246935934803, lr 0.001
    epoch 22: loss 0.7798699984114442, minutes 6.7, val_ap 0.4534182474133996, lr 0.001
    epoch 23: loss 0.7824525251584565, minutes 6.95, val_ap 0.46076499876754945, lr 0.001
    epoch 24: loss 0.7724933961793881, minutes 7.18, val_ap 0.4593599132392219, lr 0.001
    epoch 25: loss 0.7741218423783379, minutes 7.4, val_ap 0.46743863672906866, lr 0.001
    epoch 26: loss 0.7691366809026506, minutes 7.61, val_ap 0.46932436646169307, lr 0.001
    epoch 27: loss 0.7722211719159312, minutes 7.81, val_ap 0.46537496989303473, lr 0.001
    epoch 28: loss 0.7659456325857431, minutes 8.02, val_ap 0.470234923221454, lr 0.001
    epoch 29: loss 0.7659664130050864, minutes 8.21, val_ap 0.4664025538658427, lr 0.001
    epoch 30: loss 0.7653808770763794, minutes 8.42, val_ap 0.47082746198932696, lr 0.001
    epoch 31: loss 0.7651816865541791, minutes 8.64, val_ap 0.46057765868655776, lr 0.001
    epoch 32: loss 0.7599002946443205, minutes 8.86, val_ap 0.4680875541838345, lr 0.001
    epoch 33: loss 0.7579999002534271, minutes 9.08, val_ap 0.47206669993652145, lr 0.001
    epoch 34: loss 0.7542557085820493, minutes 9.29, val_ap 0.46892359053604615, lr 0.001
    epoch 35: loss 0.7569544339340005, minutes 9.49, val_ap 0.46770508248606985, lr 0.001
    epoch 36: loss 0.7523114297213971, minutes 9.68, val_ap 0.47543362168446973, lr 0.001
    epoch 37: loss 0.7471541406824285, minutes 9.88, val_ap 0.4760567024375115, lr 0.001
    epoch 38: loss 0.7478875235823177, minutes 10.07, val_ap 0.47442561248100656, lr 0.001
    epoch 39: loss 0.7449380674418187, minutes 10.25, val_ap 0.47374472565074277, lr 0.001
    epoch 40: loss 0.741864318715646, minutes 10.43, val_ap 0.4794575778135876, lr 0.001
    epoch 41: loss 0.7427338022213654, minutes 10.61, val_ap 0.46727935492113093, lr 0.001
    epoch 42: loss 0.745532691578737, minutes 10.79, val_ap 0.47583745470945005, lr 0.001
    epoch 43: loss 0.7405340970062569, minutes 10.96, val_ap 0.471101416682019, lr 0.001
    epoch 44: loss 0.7388970628880814, minutes 11.14, val_ap 0.4771133631888982, lr 0.001
    epoch 45: loss 0.7359743976853038, minutes 11.32, val_ap 0.468699384287843, lr 0.001
    epoch 46: loss 0.7324280817336684, minutes 11.49, val_ap 0.4677758306056413, lr 0.001
    epoch 47: loss 0.7313037931219043, minutes 11.67, val_ap 0.4687607179209634, lr 0.001
    epoch 48: loss 0.7339115033313732, minutes 11.84, val_ap 0.46988831942534653, lr 0.001
    epoch 49: loss 0.7289903495435747, minutes 12.01, val_ap 0.4770545143369321, lr 0.0005
    epoch 50: loss 0.7132290979759806, minutes 12.18, val_ap 0.4692719478038449, lr 0.0005
    epoch 51: loss 0.7111349636876343, minutes 12.35, val_ap 0.4764105937548839, lr 0.0005
    epoch 52: loss 0.7064039956703282, minutes 12.52, val_ap 0.47643599418652915, lr 0.0005
    epoch 53: loss 0.7018157986786542, minutes 12.68, val_ap 0.47471910935470935, lr 0.0005
    epoch 54: loss 0.7045911320003887, minutes 12.85, val_ap 0.47159120244398783, lr 0.0005
    epoch 55: loss 0.7043325517001569, minutes 13.0, val_ap 0.47270343845584395, lr 0.0005
    epoch 56: loss 0.704043625485177, minutes 13.15, val_ap 0.47741894369282545, lr 0.0005
    epoch 57: loss 0.7004152228868248, minutes 13.3, val_ap 0.47329839670885704, lr 0.0005
    epoch 58: loss 0.697700985326063, minutes 13.46, val_ap 0.4734217178794736, lr 0.00025
    epoch 59: loss 0.6927741757975329, minutes 13.61, val_ap 0.4743459252784165, lr 0.00025
    epoch 60: loss 0.683396182654288, minutes 13.76, val_ap 0.47584936851507037, lr 0.00025
    epoch 61: loss 0.6845363150507011, minutes 13.91, val_ap 0.47254136881318826, lr 0.00025
    epoch 62: loss 0.6830739680452634, minutes 14.06, val_ap 0.4745122264779769, lr 0.00025
    epoch 63: loss 0.6829328373974601, minutes 14.21, val_ap 0.4743471983572443, lr 0.00025
    epoch 64: loss 0.6778960782009483, minutes 14.36, val_ap 0.47434996477370495, lr 0.00025
    stopping: no validation gain in 25 epochs
[deepset pooled_both fold 3] done (14.7 min)
