loaded: dataset0 121,838 sites, data1 90,452
[gcn pooled_both fold 1 seed 1]
    epoch 1: loss 1.3102, val_ap 0.1093, minutes 0.96, lr 3.31e-04
    epoch 2: loss 1.2042, val_ap 0.2040, minutes 1.92, lr 6.60e-04
    epoch 3: loss 1.0665, val_ap 0.2758, minutes 2.91, lr 9.89e-04
    epoch 4: loss 1.0041, val_ap 0.2867, minutes 3.84, lr 1.00e-03
    epoch 5: loss 0.9826, val_ap 0.2866, minutes 4.84, lr 1.00e-03
    epoch 6: loss 0.9657, val_ap 0.2950, minutes 5.8, lr 1.00e-03
    epoch 7: loss 0.9588, val_ap 0.2931, minutes 6.74, lr 1.00e-03
    epoch 8: loss 0.9541, val_ap 0.3007, minutes 7.76, lr 1.00e-03
    epoch 9: loss 0.9522, val_ap 0.2990, minutes 8.74, lr 1.00e-03
    epoch 10: loss 0.9478, val_ap 0.3017, minutes 9.7, lr 1.00e-03
    epoch 11: loss 0.9378, val_ap 0.2989, minutes 10.66, lr 1.00e-03
    epoch 12: loss 0.9256, val_ap 0.3034, minutes 11.68, lr 1.00e-03
    epoch 13: loss 0.9321, val_ap 0.3045, minutes 12.66, lr 1.00e-03
    epoch 14: loss 0.9207, val_ap 0.3015, minutes 13.63, lr 1.00e-03
    epoch 15: loss 0.9297, val_ap 0.3012, minutes 14.58, lr 1.00e-03
    epoch 16: loss 0.9228, val_ap 0.3052, minutes 15.56, lr 1.00e-03
    epoch 17: loss 0.9190, val_ap 0.3068, minutes 16.53, lr 1.00e-03
    epoch 18: loss 0.9150, val_ap 0.3072, minutes 17.56, lr 1.00e-03
    epoch 19: loss 0.9223, val_ap 0.3082, minutes 18.53, lr 1.00e-03
    epoch 20: loss 0.9176, val_ap 0.3086, minutes 19.5, lr 1.00e-03
    epoch 21: loss 0.9153, val_ap 0.3082, minutes 20.41, lr 1.00e-03
    epoch 22: loss 0.9112, val_ap 0.3077, minutes 21.34, lr 1.00e-03
    epoch 23: loss 0.9088, val_ap 0.3061, minutes 22.3, lr 1.00e-03
    epoch 24: loss 0.9129, val_ap 0.3097, minutes 23.32, lr 1.00e-03
    epoch 25: loss 0.9119, val_ap 0.3093, minutes 24.32, lr 1.00e-03
    epoch 26: loss 0.9077, val_ap 0.3079, minutes 25.31, lr 1.00e-03
    epoch 27: loss 0.9012, val_ap 0.3082, minutes 26.28, lr 1.00e-03
    epoch 28: loss 0.9067, val_ap 0.3100, minutes 27.25, lr 1.00e-03
    epoch 29: loss 0.8981, val_ap 0.3088, minutes 28.16, lr 1.00e-03
    epoch 30: loss 0.9010, val_ap 0.3094, minutes 29.13, lr 1.00e-03
    epoch 31: loss 0.8941, val_ap 0.3102, minutes 30.09, lr 1.00e-03
    epoch 32: loss 0.8952, val_ap 0.3079, minutes 31.0, lr 1.00e-03
    epoch 33: loss 0.8937, val_ap 0.3092, minutes 31.92, lr 1.00e-03
    epoch 34: loss 0.8941, val_ap 0.3082, minutes 32.86, lr 1.00e-03
    epoch 35: loss 0.8909, val_ap 0.3097, minutes 33.85, lr 1.00e-03
    epoch 36: loss 0.8859, val_ap 0.3092, minutes 34.82, lr 1.00e-03
    epoch 37: loss 0.8826, val_ap 0.2996, minutes 35.79, lr 1.00e-03
    epoch 38: loss 0.8816, val_ap 0.3076, minutes 36.75, lr 1.00e-03
    epoch 39: loss 0.8816, val_ap 0.3073, minutes 37.75, lr 1.00e-03
    epoch 40: loss 0.8838, val_ap 0.3071, minutes 38.74, lr 5.00e-04
    epoch 41: loss 0.8665, val_ap 0.3058, minutes 39.68, lr 5.00e-04
    epoch 42: loss 0.8696, val_ap 0.3072, minutes 40.69, lr 5.00e-04
    epoch 43: loss 0.8715, val_ap 0.3066, minutes 41.67, lr 5.00e-04
    epoch 44: loss 0.8662, val_ap 0.3066, minutes 42.64, lr 5.00e-04
    epoch 45: loss 0.8645, val_ap 0.3085, minutes 43.56, lr 5.00e-04
    epoch 46: loss 0.8671, val_ap 0.3109, minutes 44.56, lr 5.00e-04
    epoch 47: loss 0.8651, val_ap 0.3056, minutes 45.53, lr 5.00e-04
    epoch 48: loss 0.8641, val_ap 0.3037, minutes 46.51, lr 5.00e-04
    epoch 49: loss 0.8632, val_ap 0.3079, minutes 47.51, lr 5.00e-04
    epoch 50: loss 0.8576, val_ap 0.3062, minutes 48.47, lr 5.00e-04
    epoch 51: loss 0.8601, val_ap 0.3070, minutes 49.44, lr 5.00e-04
    epoch 52: loss 0.8577, val_ap 0.3102, minutes 50.39, lr 5.00e-04
    epoch 53: loss 0.8523, val_ap 0.3065, minutes 51.35, lr 5.00e-04
    epoch 54: loss 0.8602, val_ap 0.3067, minutes 52.35, lr 5.00e-04
    epoch 55: loss 0.8547, val_ap 0.3087, minutes 53.23, lr 2.50e-04
    epoch 56: loss 0.8470, val_ap 0.3060, minutes 54.16, lr 2.50e-04
    epoch 57: loss 0.8476, val_ap 0.3082, minutes 55.09, lr 2.50e-04
    epoch 58: loss 0.8460, val_ap 0.3070, minutes 56.03, lr 2.50e-04
    epoch 59: loss 0.8483, val_ap 0.3081, minutes 56.94, lr 2.50e-04
    epoch 60: loss 0.8431, val_ap 0.3082, minutes 57.88, lr 2.50e-04
    epoch 61: loss 0.8427, val_ap 0.3083, minutes 58.81, lr 2.50e-04
    epoch 62: loss 0.8464, val_ap 0.3088, minutes 59.71, lr 2.50e-04
    epoch 63: loss 0.8422, val_ap 0.3080, minutes 60.66, lr 2.50e-04
    epoch 64: loss 0.8496, val_ap 0.3082, minutes 61.58, lr 1.25e-04
    epoch 65: loss 0.8415, val_ap 0.3085, minutes 62.46, lr 1.25e-04
    epoch 66: loss 0.8366, val_ap 0.3071, minutes 63.36, lr 1.25e-04
    epoch 67: loss 0.8386, val_ap 0.3073, minutes 64.31, lr 1.25e-04
    epoch 68: loss 0.8397, val_ap 0.3062, minutes 65.24, lr 1.25e-04
    epoch 69: loss 0.8317, val_ap 0.3065, minutes 66.18, lr 1.25e-04
    epoch 70: loss 0.8385, val_ap 0.3073, minutes 67.1, lr 1.25e-04
    epoch 71: loss 0.8328, val_ap 0.3069, minutes 68.07, lr 1.25e-04
    stopping: no validation gain in 25 epochs
[gcn pooled_both fold 1 seed 1] done (68.9 min)
