loaded: dataset0 121,838 sites, data1 90,452
[h2gcn_aux pooled_both fold 1 seed 2]
    epoch 1: loss 1.8920, val_ap 0.1792, minutes 0.79, lr 3.31e-04
    epoch 2: loss 1.5702, val_ap 0.3039, minutes 1.56, lr 6.60e-04
    epoch 3: loss 1.3887, val_ap 0.4118, minutes 2.37, lr 9.89e-04
    epoch 4: loss 1.3180, val_ap 0.4054, minutes 3.19, lr 1.00e-03
    epoch 5: loss 1.2910, val_ap 0.4338, minutes 4.03, lr 1.00e-03
    epoch 6: loss 1.2596, val_ap 0.4405, minutes 4.91, lr 1.00e-03
    epoch 7: loss 1.2525, val_ap 0.4520, minutes 5.75, lr 1.00e-03
    epoch 8: loss 1.2443, val_ap 0.4516, minutes 6.55, lr 1.00e-03
    epoch 9: loss 1.2318, val_ap 0.4549, minutes 7.4, lr 1.00e-03
    epoch 10: loss 1.2306, val_ap 0.4637, minutes 8.28, lr 1.00e-03
    epoch 11: loss 1.2193, val_ap 0.4631, minutes 9.14, lr 1.00e-03
    epoch 12: loss 1.2025, val_ap 0.4706, minutes 9.96, lr 1.00e-03
    epoch 13: loss 1.2193, val_ap 0.4718, minutes 10.75, lr 1.00e-03
    epoch 14: loss 1.2060, val_ap 0.4772, minutes 11.54, lr 1.00e-03
    epoch 15: loss 1.1980, val_ap 0.4686, minutes 12.35, lr 1.00e-03
    epoch 16: loss 1.1851, val_ap 0.4788, minutes 13.13, lr 1.00e-03
    epoch 17: loss 1.1891, val_ap 0.4749, minutes 13.99, lr 1.00e-03
    epoch 18: loss 1.1816, val_ap 0.4789, minutes 14.83, lr 1.00e-03
    epoch 19: loss 1.1773, val_ap 0.4881, minutes 15.59, lr 1.00e-03
    epoch 20: loss 1.1684, val_ap 0.4770, minutes 16.46, lr 1.00e-03
    epoch 21: loss 1.1687, val_ap 0.4845, minutes 17.29, lr 1.00e-03
    epoch 22: loss 1.1612, val_ap 0.4883, minutes 18.15, lr 1.00e-03
    epoch 23: loss 1.1588, val_ap 0.4798, minutes 19.06, lr 1.00e-03
    epoch 24: loss 1.1560, val_ap 0.4868, minutes 19.9, lr 1.00e-03
    epoch 25: loss 1.1477, val_ap 0.4796, minutes 20.77, lr 1.00e-03
    epoch 26: loss 1.1434, val_ap 0.4749, minutes 21.68, lr 1.00e-03
    epoch 27: loss 1.1450, val_ap 0.4823, minutes 22.57, lr 1.00e-03
    epoch 28: loss 1.1360, val_ap 0.4830, minutes 23.44, lr 1.00e-03
    epoch 29: loss 1.1279, val_ap 0.4811, minutes 24.32, lr 1.00e-03
    epoch 30: loss 1.1324, val_ap 0.4838, minutes 25.17, lr 1.00e-03
    epoch 31: loss 1.1270, val_ap 0.4820, minutes 25.98, lr 5.00e-04
    epoch 32: loss 1.1100, val_ap 0.4860, minutes 26.78, lr 5.00e-04
    epoch 33: loss 1.1052, val_ap 0.4894, minutes 27.61, lr 5.00e-04
    epoch 34: loss 1.1047, val_ap 0.4850, minutes 28.39, lr 5.00e-04
    epoch 35: loss 1.1011, val_ap 0.4844, minutes 29.21, lr 5.00e-04
    epoch 36: loss 1.1038, val_ap 0.4829, minutes 29.99, lr 5.00e-04
    epoch 37: loss 1.0975, val_ap 0.4853, minutes 30.76, lr 5.00e-04
    epoch 38: loss 1.0942, val_ap 0.4859, minutes 31.51, lr 5.00e-04
    epoch 39: loss 1.0858, val_ap 0.4865, minutes 32.34, lr 5.00e-04
    epoch 40: loss 1.0885, val_ap 0.4875, minutes 33.14, lr 5.00e-04
    epoch 41: loss 1.0791, val_ap 0.4896, minutes 33.9, lr 5.00e-04
    epoch 42: loss 1.0786, val_ap 0.4857, minutes 34.8, lr 5.00e-04
    epoch 43: loss 1.0816, val_ap 0.4881, minutes 35.59, lr 5.00e-04
    epoch 44: loss 1.0745, val_ap 0.4858, minutes 36.39, lr 5.00e-04
    epoch 45: loss 1.0739, val_ap 0.4898, minutes 37.17, lr 5.00e-04
    epoch 46: loss 1.0693, val_ap 0.4824, minutes 37.97, lr 5.00e-04
    epoch 47: loss 1.0639, val_ap 0.4884, minutes 38.68, lr 5.00e-04
    epoch 48: loss 1.0703, val_ap 0.4810, minutes 39.4, lr 5.00e-04
    epoch 49: loss 1.0658, val_ap 0.4852, minutes 40.21, lr 5.00e-04
    epoch 50: loss 1.0616, val_ap 0.4764, minutes 40.98, lr 5.00e-04
    epoch 51: loss 1.0517, val_ap 0.4836, minutes 41.74, lr 5.00e-04
    epoch 52: loss 1.0656, val_ap 0.4816, minutes 42.53, lr 5.00e-04
    epoch 53: loss 1.0576, val_ap 0.4861, minutes 43.3, lr 5.00e-04
    epoch 54: loss 1.0562, val_ap 0.4803, minutes 44.08, lr 2.50e-04
    epoch 55: loss 1.0347, val_ap 0.4858, minutes 44.9, lr 2.50e-04
    epoch 56: loss 1.0326, val_ap 0.4848, minutes 45.67, lr 2.50e-04
    epoch 57: loss 1.0273, val_ap 0.4832, minutes 46.41, lr 2.50e-04
    epoch 58: loss 1.0348, val_ap 0.4819, minutes 47.16, lr 2.50e-04
    epoch 59: loss 1.0334, val_ap 0.4843, minutes 47.96, lr 2.50e-04
    epoch 60: loss 1.0304, val_ap 0.4850, minutes 48.81, lr 2.50e-04
    epoch 61: loss 1.0227, val_ap 0.4820, minutes 49.6, lr 2.50e-04
    epoch 62: loss 1.0128, val_ap 0.4817, minutes 50.46, lr 2.50e-04
    epoch 63: loss 1.0267, val_ap 0.4840, minutes 51.21, lr 1.25e-04
    epoch 64: loss 1.0142, val_ap 0.4842, minutes 51.99, lr 1.25e-04
    epoch 65: loss 1.0138, val_ap 0.4785, minutes 52.78, lr 1.25e-04
    epoch 66: loss 1.0160, val_ap 0.4820, minutes 53.53, lr 1.25e-04
    epoch 67: loss 1.0092, val_ap 0.4809, minutes 54.27, lr 1.25e-04
    epoch 68: loss 1.0071, val_ap 0.4837, minutes 55.07, lr 1.25e-04
    epoch 69: loss 1.0112, val_ap 0.4824, minutes 55.78, lr 1.25e-04
    epoch 70: loss 1.0045, val_ap 0.4803, minutes 56.56, lr 1.25e-04
    stopping: no validation gain in 25 epochs
[h2gcn_aux pooled_both fold 1 seed 2] done (57.4 min)
