loaded: dataset0 121,838 sites, data1 90,452
[set_transformer dataset0 fold 0 seed 1]
    epoch 1: loss 1.0002540623583989, minutes 1.62, val_ap 0.35470074776534966, lr 0.00033430799220272904
    epoch 2: loss 0.8310529590524428, minutes 3.58, val_ap 0.4032988881101426, lr 0.0006676413255360624
    epoch 3: loss 0.7945247684654436, minutes 5.71, val_ap 0.34705263278753584, lr 0.001
    epoch 4: loss 0.7482532525097417, minutes 7.79, val_ap 0.47928247387983514, lr 0.001
    epoch 5: loss 0.7293591647468812, minutes 9.88, val_ap 0.48221520622131764, lr 0.001
    epoch 6: loss 0.7191836341605549, minutes 11.96, val_ap 0.4733132742647171, lr 0.001
    epoch 7: loss 0.7030856162309647, minutes 14.01, val_ap 0.48166812313265545, lr 0.001
    epoch 8: loss 0.6997330356062504, minutes 16.13, val_ap 0.4943706078298576, lr 0.001
    epoch 9: loss 0.6825854556079496, minutes 18.19, val_ap 0.5005488768003581, lr 0.001
    epoch 10: loss 0.6841896237337102, minutes 20.31, val_ap 0.4917067112624033, lr 0.001
    epoch 11: loss 0.6735710167919683, minutes 22.35, val_ap 0.5144605646177246, lr 0.001
    epoch 12: loss 0.6662331623466391, minutes 24.56, val_ap 0.5042589928711843, lr 0.001
    epoch 13: loss 0.6666115174690882, minutes 26.71, val_ap 0.5026154700624972, lr 0.001
    epoch 14: loss 0.658643546857332, minutes 28.77, val_ap 0.5017526369314906, lr 0.001
    epoch 15: loss 0.6571497930246487, minutes 30.87, val_ap 0.5159690756969704, lr 0.001
    epoch 16: loss 0.6589355165498298, minutes 32.98, val_ap 0.5157662296339092, lr 0.001
    epoch 17: loss 0.6484923417630949, minutes 35.06, val_ap 0.5196620880692766, lr 0.001
    epoch 18: loss 0.639909498349965, minutes 37.13, val_ap 0.5167238611870467, lr 0.001
    epoch 19: loss 0.6414996142450132, minutes 39.19, val_ap 0.5135396358658714, lr 0.001
    epoch 20: loss 0.6438574252421396, minutes 41.21, val_ap 0.5154150257742065, lr 0.001
    epoch 21: loss 0.6270650327205658, minutes 43.31, val_ap 0.49498323240882336, lr 0.001
    epoch 22: loss 0.6386992223778664, minutes 45.4, val_ap 0.5162787460750881, lr 0.001
    epoch 23: loss 0.6315134589435064, minutes 47.5, val_ap 0.5162849733572641, lr 0.001
    epoch 24: loss 0.6259587938674012, minutes 49.56, val_ap 0.5124213773013678, lr 0.001
    epoch 25: loss 0.6245415272594196, minutes 51.66, val_ap 0.5238512600405516, lr 0.001
    epoch 26: loss 0.6215818417176866, minutes 53.81, val_ap 0.5399592808306466, lr 0.001
    epoch 27: loss 0.6225895110452384, minutes 55.92, val_ap 0.5219010457040751, lr 0.001
    epoch 28: loss 0.6100111826818589, minutes 57.98, val_ap 0.5353604938293669, lr 0.001
    epoch 29: loss 0.6247199651790641, minutes 60.04, val_ap 0.5289400797066814, lr 0.001
    epoch 30: loss 0.6134450078359124, minutes 62.11, val_ap 0.5241673805460587, lr 0.001
    epoch 31: loss 0.6106878506858446, minutes 64.19, val_ap 0.5129799916210512, lr 0.001
    epoch 32: loss 0.6091925617721345, minutes 66.26, val_ap 0.5342066577019464, lr 0.001
    epoch 33: loss 0.5952008290771853, minutes 68.37, val_ap 0.5308016938393766, lr 0.001
    epoch 34: loss 0.5993400605624182, minutes 70.48, val_ap 0.5259399745582422, lr 0.001
    epoch 35: loss 0.5943364571148192, minutes 72.62, val_ap 0.5204092720360843, lr 0.0005
    epoch 36: loss 0.5733218465806448, minutes 74.69, val_ap 0.5407913627995703, lr 0.0005
    epoch 37: loss 0.5650887491061674, minutes 76.77, val_ap 0.5390861387504992, lr 0.0005
    epoch 38: loss 0.5589946223455563, minutes 78.86, val_ap 0.536321668598261, lr 0.0005
    epoch 39: loss 0.5455397752206228, minutes 80.98, val_ap 0.5331106956685046, lr 0.0005
    epoch 40: loss 0.5451713028358437, minutes 83.05, val_ap 0.5325329197535862, lr 0.0005
    epoch 41: loss 0.5417512723664094, minutes 85.13, val_ap 0.5360298214750757, lr 0.0005
    epoch 42: loss 0.5388822951163464, minutes 87.2, val_ap 0.5326152616653685, lr 0.0005
    epoch 43: loss 0.536966560441151, minutes 89.27, val_ap 0.538287333388138, lr 0.0005
    epoch 44: loss 0.5374413125696238, minutes 91.35, val_ap 0.527532841679661, lr 0.0005
    epoch 45: loss 0.5248363103870063, minutes 93.44, val_ap 0.5372289439888623, lr 0.00025
    epoch 46: loss 0.5095462084077952, minutes 95.5, val_ap 0.531116493696197, lr 0.00025
    epoch 47: loss 0.5047220841311572, minutes 97.59, val_ap 0.543154955558525, lr 0.00025
    epoch 48: loss 0.5005293177408084, minutes 99.62, val_ap 0.5370387508693533, lr 0.00025
    epoch 49: loss 0.5005096815395773, minutes 101.61, val_ap 0.5363445764940272, lr 0.00025
    epoch 50: loss 0.510972214938953, minutes 103.64, val_ap 0.5332999377437065, lr 0.00025
    epoch 51: loss 0.4851673562624301, minutes 105.68, val_ap 0.5346559162369305, lr 0.00025
    epoch 52: loss 0.4948563124788435, minutes 107.71, val_ap 0.5339966986531338, lr 0.00025
    epoch 53: loss 0.49850107664078996, minutes 109.84, val_ap 0.5390227139047291, lr 0.00025
    epoch 54: loss 0.4936477294442249, minutes 112.0, val_ap 0.5306148743324086, lr 0.00025
    epoch 55: loss 0.4824865457781574, minutes 114.2, val_ap 0.5382159024946734, lr 0.00025
    epoch 56: loss 0.4957066788310893, minutes 116.34, val_ap 0.5366242854916495, lr 0.000125
    epoch 57: loss 0.4681384197452612, minutes 118.51, val_ap 0.544514591807208, lr 0.000125
    epoch 58: loss 0.4604789425145116, minutes 120.59, val_ap 0.5348066822623406, lr 0.000125
    epoch 59: loss 0.4702005775438415, minutes 122.65, val_ap 0.539630355028686, lr 0.000125
    epoch 60: loss 0.46270331953875504, minutes 124.81, val_ap 0.5329570835551977, lr 0.000125
    epoch 61: loss 0.4692858674111422, minutes 126.87, val_ap 0.5324405711700497, lr 0.000125
    epoch 62: loss 0.45545221534040237, minutes 129.01, val_ap 0.5369860220087287, lr 0.000125
    epoch 63: loss 0.4663110944001298, minutes 131.09, val_ap 0.5350243418382511, lr 0.000125
    epoch 64: loss 0.46624971651717234, minutes 133.23, val_ap 0.5446688543700188, lr 0.000125
    epoch 65: loss 0.4574525287886809, minutes 135.46, val_ap 0.543895497929328, lr 0.000125
    epoch 66: loss 0.45821261959292037, minutes 137.54, val_ap 0.5441698438387358, lr 0.000125
    epoch 67: loss 0.4553945073258807, minutes 139.67, val_ap 0.5332925111201108, lr 0.000125
    epoch 68: loss 0.44789483437412664, minutes 141.86, val_ap 0.5368068411635747, lr 0.000125
    epoch 69: loss 0.4535015292944964, minutes 143.97, val_ap 0.5277745789222091, lr 0.000125
    epoch 70: loss 0.4428823177664601, minutes 146.11, val_ap 0.5360807372971454, lr 0.000125
    epoch 71: loss 0.45306316615022413, minutes 148.19, val_ap 0.5344811836165797, lr 0.000125
    epoch 72: loss 0.45022232935094, minutes 150.3, val_ap 0.5292817274196586, lr 0.000125
    epoch 73: loss 0.44825443250742575, minutes 152.48, val_ap 0.5330579725262267, lr 6.25e-05
    epoch 74: loss 0.4486421118789946, minutes 154.65, val_ap 0.537604729390379, lr 6.25e-05
    epoch 75: loss 0.44478872758254673, minutes 156.74, val_ap 0.5310811253903354, lr 6.25e-05
    epoch 76: loss 0.43351748332991236, minutes 158.88, val_ap 0.5326299044608691, lr 6.25e-05
    epoch 77: loss 0.43812474394925155, minutes 160.99, val_ap 0.5302174657290794, lr 6.25e-05
    epoch 78: loss 0.4439487634607923, minutes 163.12, val_ap 0.5307608963306459, lr 6.25e-05
    epoch 79: loss 0.4308796274906013, minutes 165.22, val_ap 0.5274528745819929, lr 6.25e-05
    epoch 80: loss 0.4342644101782152, minutes 167.38, val_ap 0.5274088226404705, lr 6.25e-05
    epoch 81: loss 0.42756076601513643, minutes 169.46, val_ap 0.5235852738026577, lr 6.25e-05
    epoch 82: loss 0.4340936578592362, minutes 171.52, val_ap 0.5172455806361773, lr 3.125e-05
    epoch 83: loss 0.426207770686052, minutes 173.6, val_ap 0.5223288521977562, lr 3.125e-05
    epoch 84: loss 0.42396832941568385, minutes 175.7, val_ap 0.5249437660632859, lr 3.125e-05
    epoch 85: loss 0.427535805306588, minutes 177.77, val_ap 0.5257140734619145, lr 3.125e-05
    epoch 86: loss 0.4271695497091751, minutes 179.81, val_ap 0.5263930330141295, lr 3.125e-05
    epoch 87: loss 0.42154823788251095, minutes 181.96, val_ap 0.5234596825251697, lr 3.125e-05
    epoch 88: loss 0.4277584060852291, minutes 184.07, val_ap 0.5231293850511715, lr 3.125e-05
    stopping: no validation gain in 25 epochs
[set_transformer dataset0 fold 0 seed 1] done (188.1 min)
