loaded: dataset0 121,838 sites, data1 90,452
[h2gcn dataset0 fold 2]
    epoch 1: loss 1.3066, val_ap 0.1965, minutes 0.48, lr 3.33e-04
    epoch 2: loss 1.0744, val_ap 0.2886, minutes 1.0, lr 6.63e-04
    epoch 3: loss 0.9143, val_ap 0.4296, minutes 1.52, lr 9.92e-04
    epoch 4: loss 0.7667, val_ap 0.5104, minutes 2.02, lr 1.00e-03
    epoch 5: loss 0.6992, val_ap 0.5490, minutes 2.52, lr 1.00e-03
    epoch 6: loss 0.6546, val_ap 0.5673, minutes 3.02, lr 1.00e-03
    epoch 7: loss 0.6256, val_ap 0.5770, minutes 3.54, lr 1.00e-03
    epoch 8: loss 0.6188, val_ap 0.5848, minutes 4.02, lr 1.00e-03
    epoch 9: loss 0.5965, val_ap 0.5812, minutes 4.54, lr 1.00e-03
    epoch 10: loss 0.6086, val_ap 0.5925, minutes 5.04, lr 1.00e-03
    epoch 11: loss 0.5844, val_ap 0.5705, minutes 5.54, lr 1.00e-03
    epoch 12: loss 0.6497, val_ap 0.5825, minutes 6.05, lr 1.00e-03
    epoch 13: loss 0.5664, val_ap 0.5862, minutes 6.57, lr 1.00e-03
    epoch 14: loss 0.5860, val_ap 0.5792, minutes 7.08, lr 1.00e-03
    epoch 15: loss 0.5552, val_ap 0.5876, minutes 7.6, lr 1.00e-03
    epoch 16: loss 0.5509, val_ap 0.5934, minutes 8.11, lr 1.00e-03
    epoch 17: loss 0.5421, val_ap 0.6015, minutes 8.62, lr 1.00e-03
    epoch 18: loss 0.5464, val_ap 0.5888, minutes 9.12, lr 1.00e-03
    epoch 19: loss 0.5353, val_ap 0.5952, minutes 9.63, lr 1.00e-03
    epoch 20: loss 0.5408, val_ap 0.5908, minutes 10.14, lr 1.00e-03
    epoch 21: loss 0.5329, val_ap 0.5871, minutes 10.65, lr 1.00e-03
    epoch 22: loss 0.5207, val_ap 0.6022, minutes 11.15, lr 1.00e-03
    epoch 23: loss 0.5336, val_ap 0.6047, minutes 11.65, lr 1.00e-03
    epoch 24: loss 0.5302, val_ap 0.6073, minutes 12.16, lr 1.00e-03
    epoch 25: loss 0.5207, val_ap 0.6077, minutes 12.66, lr 1.00e-03
    epoch 26: loss 0.5209, val_ap 0.5979, minutes 13.16, lr 1.00e-03
    epoch 27: loss 0.5234, val_ap 0.6054, minutes 13.66, lr 1.00e-03
    epoch 28: loss 0.5380, val_ap 0.6029, minutes 14.18, lr 1.00e-03
    epoch 29: loss 0.5046, val_ap 0.5990, minutes 14.69, lr 1.00e-03
    epoch 30: loss 0.4963, val_ap 0.5896, minutes 15.22, lr 1.00e-03
    epoch 31: loss 0.5271, val_ap 0.5961, minutes 15.75, lr 1.00e-03
    epoch 32: loss 0.5466, val_ap 0.6066, minutes 16.27, lr 1.00e-03
    epoch 33: loss 0.5092, val_ap 0.6055, minutes 16.78, lr 1.00e-03
    epoch 34: loss 0.4981, val_ap 0.6043, minutes 17.29, lr 5.00e-04
    epoch 35: loss 0.4808, val_ap 0.6102, minutes 17.83, lr 5.00e-04
    epoch 36: loss 0.4873, val_ap 0.6090, minutes 18.34, lr 5.00e-04
    epoch 37: loss 0.4854, val_ap 0.6075, minutes 18.86, lr 5.00e-04
    epoch 38: loss 0.4768, val_ap 0.6106, minutes 19.34, lr 5.00e-04
    epoch 39: loss 0.4837, val_ap 0.6132, minutes 19.85, lr 5.00e-04
    epoch 40: loss 0.4600, val_ap 0.6093, minutes 20.37, lr 5.00e-04
    epoch 41: loss 0.4643, val_ap 0.6086, minutes 20.88, lr 5.00e-04
    epoch 42: loss 0.4676, val_ap 0.6138, minutes 21.38, lr 5.00e-04
    epoch 43: loss 0.4632, val_ap 0.6085, minutes 21.89, lr 5.00e-04
    epoch 44: loss 0.4692, val_ap 0.6117, minutes 22.37, lr 5.00e-04
    epoch 45: loss 0.4675, val_ap 0.6049, minutes 22.87, lr 5.00e-04
    epoch 46: loss 0.4536, val_ap 0.6123, minutes 23.4, lr 5.00e-04
    epoch 47: loss 0.4625, val_ap 0.6112, minutes 23.9, lr 5.00e-04
    epoch 48: loss 0.4614, val_ap 0.6137, minutes 24.39, lr 5.00e-04
    epoch 49: loss 0.4572, val_ap 0.6125, minutes 24.9, lr 5.00e-04
    epoch 50: loss 0.4634, val_ap 0.6152, minutes 25.4, lr 5.00e-04
    epoch 51: loss 0.4554, val_ap 0.6108, minutes 25.94, lr 5.00e-04
    epoch 52: loss 0.4554, val_ap 0.6093, minutes 26.44, lr 5.00e-04
    epoch 53: loss 0.4527, val_ap 0.6170, minutes 26.98, lr 5.00e-04
    epoch 54: loss 0.4459, val_ap 0.6128, minutes 27.5, lr 5.00e-04
    epoch 55: loss 0.4450, val_ap 0.6165, minutes 27.99, lr 5.00e-04
    epoch 56: loss 0.4563, val_ap 0.6153, minutes 28.48, lr 5.00e-04
    epoch 57: loss 0.4375, val_ap 0.6100, minutes 28.96, lr 5.00e-04
    epoch 58: loss 0.4464, val_ap 0.6144, minutes 29.45, lr 5.00e-04
    epoch 59: loss 0.4376, val_ap 0.6097, minutes 29.95, lr 5.00e-04
    epoch 60: loss 0.4512, val_ap 0.6085, minutes 30.47, lr 5.00e-04
    epoch 61: loss 0.4433, val_ap 0.6114, minutes 30.95, lr 5.00e-04
    epoch 62: loss 0.4390, val_ap 0.6059, minutes 31.44, lr 2.50e-04
    epoch 63: loss 0.4233, val_ap 0.6154, minutes 31.93, lr 2.50e-04
    epoch 64: loss 0.4222, val_ap 0.6177, minutes 32.43, lr 2.50e-04
    epoch 65: loss 0.4211, val_ap 0.6190, minutes 32.9, lr 2.50e-04
    epoch 66: loss 0.4176, val_ap 0.6151, minutes 33.43, lr 2.50e-04
    epoch 67: loss 0.4134, val_ap 0.6138, minutes 33.9, lr 2.50e-04
    epoch 68: loss 0.4199, val_ap 0.6137, minutes 34.4, lr 2.50e-04
    epoch 69: loss 0.4197, val_ap 0.6130, minutes 34.85, lr 2.50e-04
    epoch 70: loss 0.4181, val_ap 0.6113, minutes 35.35, lr 2.50e-04
    epoch 71: loss 0.4181, val_ap 0.6133, minutes 35.85, lr 2.50e-04
    epoch 72: loss 0.4138, val_ap 0.6186, minutes 36.35, lr 2.50e-04
    epoch 73: loss 0.4138, val_ap 0.6126, minutes 36.85, lr 2.50e-04
    epoch 74: loss 0.4213, val_ap 0.6100, minutes 37.33, lr 1.25e-04
    epoch 75: loss 0.4095, val_ap 0.6173, minutes 37.76, lr 1.25e-04
    epoch 76: loss 0.4074, val_ap 0.6152, minutes 38.26, lr 1.25e-04
    epoch 77: loss 0.4107, val_ap 0.6185, minutes 38.76, lr 1.25e-04
    epoch 78: loss 0.4081, val_ap 0.6168, minutes 39.24, lr 1.25e-04
    epoch 79: loss 0.4038, val_ap 0.6168, minutes 39.75, lr 1.25e-04
    epoch 80: loss 0.3968, val_ap 0.6159, minutes 40.24, lr 1.25e-04
    epoch 81: loss 0.3941, val_ap 0.6162, minutes 40.72, lr 1.25e-04
    epoch 82: loss 0.3986, val_ap 0.6155, minutes 41.18, lr 1.25e-04
    epoch 83: loss 0.4055, val_ap 0.6169, minutes 41.64, lr 6.25e-05
    epoch 84: loss 0.3966, val_ap 0.6156, minutes 42.1, lr 6.25e-05
    epoch 85: loss 0.4052, val_ap 0.6128, minutes 42.58, lr 6.25e-05
    epoch 86: loss 0.4018, val_ap 0.6161, minutes 43.06, lr 6.25e-05
    epoch 87: loss 0.3959, val_ap 0.6156, minutes 43.54, lr 6.25e-05
    epoch 88: loss 0.3952, val_ap 0.6169, minutes 44.02, lr 6.25e-05
    epoch 89: loss 0.4056, val_ap 0.6122, minutes 44.46, lr 6.25e-05
    epoch 90: loss 0.3874, val_ap 0.6133, minutes 44.93, lr 6.25e-05
    stopping: no validation gain in 25 epochs
[h2gcn dataset0 fold 2] done (45.6 min)
