loaded: dataset0 121,838 sites, data1 90,452
[h2gcn_aux_r100 dataset0 fold 1]
    epoch 1: loss 1.9682, val_ap 0.1764, minutes 0.94, lr 3.33e-04
    epoch 2: loss 1.5389, val_ap 0.2852, minutes 1.91, lr 6.63e-04
    epoch 3: loss 1.2648, val_ap 0.4271, minutes 2.83, lr 9.92e-04
    epoch 4: loss 1.1728, val_ap 0.4833, minutes 3.79, lr 1.00e-03
    epoch 5: loss 1.1215, val_ap 0.5019, minutes 4.7, lr 1.00e-03
    epoch 6: loss 1.0285, val_ap 0.5196, minutes 5.58, lr 1.00e-03
    epoch 7: loss 1.0124, val_ap 0.5276, minutes 6.5, lr 1.00e-03
    epoch 8: loss 1.0003, val_ap 0.5292, minutes 7.4, lr 1.00e-03
    epoch 9: loss 0.9921, val_ap 0.5304, minutes 8.35, lr 1.00e-03
    epoch 10: loss 0.9805, val_ap 0.5315, minutes 9.27, lr 1.00e-03
    epoch 11: loss 0.9550, val_ap 0.5443, minutes 10.2, lr 1.00e-03
    epoch 12: loss 0.9350, val_ap 0.5410, minutes 11.1, lr 1.00e-03
    epoch 13: loss 0.9486, val_ap 0.5511, minutes 12.0, lr 1.00e-03
    epoch 14: loss 0.9404, val_ap 0.5441, minutes 12.98, lr 1.00e-03
    epoch 15: loss 0.9284, val_ap 0.5444, minutes 13.9, lr 1.00e-03
    epoch 16: loss 0.9164, val_ap 0.5550, minutes 14.88, lr 1.00e-03
    epoch 17: loss 0.9039, val_ap 0.5562, minutes 15.85, lr 1.00e-03
    epoch 18: loss 0.8924, val_ap 0.5599, minutes 16.8, lr 1.00e-03
    epoch 19: loss 0.9094, val_ap 0.5647, minutes 17.74, lr 1.00e-03
    epoch 20: loss 0.8871, val_ap 0.5665, minutes 18.67, lr 1.00e-03
    epoch 21: loss 0.8846, val_ap 0.5618, minutes 19.59, lr 1.00e-03
    epoch 22: loss 0.8948, val_ap 0.5671, minutes 20.5, lr 1.00e-03
    epoch 23: loss 0.8928, val_ap 0.5646, minutes 21.46, lr 1.00e-03
    epoch 24: loss 0.8694, val_ap 0.5652, minutes 22.4, lr 1.00e-03
    epoch 25: loss 0.8683, val_ap 0.5649, minutes 23.37, lr 1.00e-03
    epoch 26: loss 0.8731, val_ap 0.5672, minutes 24.27, lr 1.00e-03
    epoch 27: loss 0.8670, val_ap 0.5640, minutes 25.2, lr 1.00e-03
    epoch 28: loss 0.8683, val_ap 0.5689, minutes 26.1, lr 1.00e-03
    epoch 29: loss 0.8552, val_ap 0.5696, minutes 26.98, lr 1.00e-03
    epoch 30: loss 0.8521, val_ap 0.5643, minutes 27.9, lr 1.00e-03
    epoch 31: loss 0.8538, val_ap 0.5746, minutes 28.84, lr 1.00e-03
    epoch 32: loss 0.8748, val_ap 0.5748, minutes 29.81, lr 1.00e-03
    epoch 33: loss 0.8605, val_ap 0.5688, minutes 30.77, lr 1.00e-03
    epoch 34: loss 0.8480, val_ap 0.5687, minutes 31.69, lr 1.00e-03
    epoch 35: loss 0.8340, val_ap 0.5651, minutes 32.6, lr 1.00e-03
    epoch 36: loss 0.8297, val_ap 0.5704, minutes 33.59, lr 1.00e-03
    epoch 37: loss 0.8345, val_ap 0.5647, minutes 34.55, lr 1.00e-03
    epoch 38: loss 0.8387, val_ap 0.5772, minutes 35.47, lr 1.00e-03
    epoch 39: loss 0.8238, val_ap 0.5704, minutes 36.42, lr 1.00e-03
    epoch 40: loss 0.8150, val_ap 0.5722, minutes 37.36, lr 1.00e-03
    epoch 41: loss 0.8152, val_ap 0.5818, minutes 38.29, lr 1.00e-03
    epoch 42: loss 0.8508, val_ap 0.5817, minutes 39.2, lr 1.00e-03
    epoch 43: loss 0.8200, val_ap 0.5761, minutes 40.13, lr 1.00e-03
    epoch 44: loss 0.8292, val_ap 0.5748, minutes 41.09, lr 1.00e-03
    epoch 45: loss 0.8211, val_ap 0.5801, minutes 42.05, lr 1.00e-03
    epoch 46: loss 0.7933, val_ap 0.5784, minutes 42.96, lr 1.00e-03
    epoch 47: loss 0.7908, val_ap 0.5746, minutes 43.88, lr 1.00e-03
    epoch 48: loss 0.8107, val_ap 0.5768, minutes 44.83, lr 1.00e-03
    epoch 49: loss 0.7957, val_ap 0.5801, minutes 45.75, lr 1.00e-03
    epoch 50: loss 0.8031, val_ap 0.5832, minutes 46.65, lr 1.00e-03
    epoch 51: loss 0.7828, val_ap 0.5802, minutes 47.6, lr 1.00e-03
    epoch 52: loss 0.7904, val_ap 0.5877, minutes 48.49, lr 1.00e-03
    epoch 53: loss 0.8093, val_ap 0.5825, minutes 49.41, lr 1.00e-03
    epoch 54: loss 0.7907, val_ap 0.5847, minutes 50.34, lr 1.00e-03
    epoch 55: loss 0.7688, val_ap 0.5839, minutes 51.26, lr 1.00e-03
    epoch 56: loss 0.7830, val_ap 0.5770, minutes 52.15, lr 1.00e-03
    epoch 57: loss 0.7683, val_ap 0.5849, minutes 53.06, lr 1.00e-03
    epoch 58: loss 0.7785, val_ap 0.5752, minutes 54.0, lr 1.00e-03
    epoch 59: loss 0.7604, val_ap 0.5791, minutes 54.89, lr 1.00e-03
    epoch 60: loss 0.7655, val_ap 0.5854, minutes 55.79, lr 1.00e-03
    epoch 61: loss 0.7580, val_ap 0.5814, minutes 56.68, lr 5.00e-04
    epoch 62: loss 0.7455, val_ap 0.5802, minutes 57.63, lr 5.00e-04
    epoch 63: loss 0.7379, val_ap 0.5863, minutes 58.54, lr 5.00e-04
    epoch 64: loss 0.7285, val_ap 0.5786, minutes 59.44, lr 5.00e-04
    epoch 65: loss 0.7347, val_ap 0.5858, minutes 60.37, lr 5.00e-04
    epoch 66: loss 0.7238, val_ap 0.5839, minutes 61.29, lr 5.00e-04
    epoch 67: loss 0.7163, val_ap 0.5849, minutes 62.23, lr 5.00e-04
    epoch 68: loss 0.7341, val_ap 0.5890, minutes 63.12, lr 5.00e-04
    epoch 69: loss 0.7222, val_ap 0.5891, minutes 64.06, lr 5.00e-04
    epoch 70: loss 0.7080, val_ap 0.5888, minutes 64.99, lr 5.00e-04
    epoch 71: loss 0.7268, val_ap 0.5926, minutes 65.87, lr 5.00e-04
    epoch 72: loss 0.7245, val_ap 0.5900, minutes 66.75, lr 5.00e-04
    epoch 73: loss 0.7177, val_ap 0.5819, minutes 67.69, lr 5.00e-04
    epoch 74: loss 0.7162, val_ap 0.5865, minutes 68.59, lr 5.00e-04
    epoch 75: loss 0.7178, val_ap 0.5872, minutes 69.49, lr 5.00e-04
    epoch 76: loss 0.7177, val_ap 0.5806, minutes 70.26, lr 5.00e-04
    epoch 77: loss 0.7082, val_ap 0.5893, minutes 71.01, lr 5.00e-04
    epoch 78: loss 0.7150, val_ap 0.5860, minutes 71.77, lr 5.00e-04
    epoch 79: loss 0.7223, val_ap 0.5849, minutes 72.48, lr 5.00e-04
    epoch 80: loss 0.7138, val_ap 0.5758, minutes 73.18, lr 2.50e-04
    epoch 81: loss 0.6975, val_ap 0.5882, minutes 73.86, lr 2.50e-04
    epoch 82: loss 0.6905, val_ap 0.5862, minutes 74.56, lr 2.50e-04
    epoch 83: loss 0.6976, val_ap 0.5891, minutes 75.24, lr 2.50e-04
    epoch 84: loss 0.6860, val_ap 0.5882, minutes 75.89, lr 2.50e-04
    epoch 85: loss 0.6914, val_ap 0.5858, minutes 76.47, lr 2.50e-04
    epoch 86: loss 0.6824, val_ap 0.5875, minutes 77.09, lr 2.50e-04
    epoch 87: loss 0.6835, val_ap 0.5849, minutes 77.67, lr 2.50e-04
    epoch 88: loss 0.6825, val_ap 0.5882, minutes 78.27, lr 2.50e-04
    epoch 89: loss 0.6693, val_ap 0.5847, minutes 78.83, lr 1.25e-04
    epoch 90: loss 0.6681, val_ap 0.5858, minutes 79.35, lr 1.25e-04
    epoch 91: loss 0.6713, val_ap 0.5858, minutes 79.85, lr 1.25e-04
    epoch 92: loss 0.6743, val_ap 0.5871, minutes 80.33, lr 1.25e-04
    epoch 93: loss 0.6746, val_ap 0.5871, minutes 80.76, lr 1.25e-04
    epoch 94: loss 0.6774, val_ap 0.5870, minutes 81.21, lr 1.25e-04
    epoch 95: loss 0.6729, val_ap 0.5846, minutes 81.65, lr 1.25e-04
    epoch 96: loss 0.6668, val_ap 0.5835, minutes 82.04, lr 1.25e-04
    stopping: no validation gain in 25 epochs
[h2gcn_aux_r100 dataset0 fold 1] done (82.7 min)
