loaded: dataset0 121,838 sites, data1 90,452
[h2gcn pooled_both fold 4 seed 1]
    epoch 1: loss 1.2537, val_ap 0.1391, minutes 0.79, lr 3.31e-04
    epoch 2: loss 1.0327, val_ap 0.3026, minutes 1.61, lr 6.60e-04
    epoch 3: loss 0.9055, val_ap 0.4428, minutes 2.47, lr 9.89e-04
    epoch 4: loss 0.8302, val_ap 0.4626, minutes 3.26, lr 1.00e-03
    epoch 5: loss 0.8181, val_ap 0.4720, minutes 4.06, lr 1.00e-03
    epoch 6: loss 0.7985, val_ap 0.4694, minutes 4.92, lr 1.00e-03
    epoch 7: loss 0.7829, val_ap 0.4786, minutes 5.69, lr 1.00e-03
    epoch 8: loss 0.7697, val_ap 0.4722, minutes 6.5, lr 1.00e-03
    epoch 9: loss 0.7616, val_ap 0.4814, minutes 7.27, lr 1.00e-03
    epoch 10: loss 0.7691, val_ap 0.4824, minutes 8.08, lr 1.00e-03
    epoch 11: loss 0.7558, val_ap 0.4814, minutes 8.83, lr 1.00e-03
    epoch 12: loss 0.7440, val_ap 0.4886, minutes 9.63, lr 1.00e-03
    epoch 13: loss 0.7434, val_ap 0.4906, minutes 10.42, lr 1.00e-03
    epoch 14: loss 0.7387, val_ap 0.4857, minutes 11.24, lr 1.00e-03
    epoch 15: loss 0.7408, val_ap 0.4858, minutes 12.07, lr 1.00e-03
    epoch 16: loss 0.7367, val_ap 0.4936, minutes 12.77, lr 1.00e-03
    epoch 17: loss 0.7353, val_ap 0.4889, minutes 13.59, lr 1.00e-03
    epoch 18: loss 0.7236, val_ap 0.4950, minutes 14.36, lr 1.00e-03
    epoch 19: loss 0.7174, val_ap 0.4941, minutes 15.16, lr 1.00e-03
    epoch 20: loss 0.7162, val_ap 0.4920, minutes 15.9, lr 1.00e-03
    epoch 21: loss 0.7332, val_ap 0.4979, minutes 16.71, lr 1.00e-03
    epoch 22: loss 0.7164, val_ap 0.4861, minutes 17.49, lr 1.00e-03
    epoch 23: loss 0.7148, val_ap 0.4928, minutes 18.29, lr 1.00e-03
    epoch 24: loss 0.7091, val_ap 0.4940, minutes 19.1, lr 1.00e-03
    epoch 25: loss 0.7024, val_ap 0.4973, minutes 19.86, lr 1.00e-03
    epoch 26: loss 0.7016, val_ap 0.4946, minutes 20.71, lr 1.00e-03
    epoch 27: loss 0.7058, val_ap 0.4940, minutes 21.48, lr 1.00e-03
    epoch 28: loss 0.6968, val_ap 0.4919, minutes 22.29, lr 1.00e-03
    epoch 29: loss 0.6958, val_ap 0.4982, minutes 23.07, lr 1.00e-03
    epoch 30: loss 0.6842, val_ap 0.4953, minutes 23.89, lr 1.00e-03
    epoch 31: loss 0.6806, val_ap 0.4968, minutes 24.65, lr 1.00e-03
    epoch 32: loss 0.6820, val_ap 0.4965, minutes 25.47, lr 1.00e-03
    epoch 33: loss 0.6763, val_ap 0.4948, minutes 26.24, lr 1.00e-03
    epoch 34: loss 0.6686, val_ap 0.4965, minutes 27.11, lr 1.00e-03
    epoch 35: loss 0.6663, val_ap 0.4959, minutes 27.91, lr 1.00e-03
    epoch 36: loss 0.6645, val_ap 0.4900, minutes 28.74, lr 1.00e-03
    epoch 37: loss 0.6740, val_ap 0.5046, minutes 29.57, lr 1.00e-03
    epoch 38: loss 0.6569, val_ap 0.4961, minutes 30.38, lr 1.00e-03
    epoch 39: loss 0.6595, val_ap 0.4980, minutes 31.19, lr 1.00e-03
    epoch 40: loss 0.6468, val_ap 0.5016, minutes 31.99, lr 1.00e-03
    epoch 41: loss 0.6499, val_ap 0.4990, minutes 32.79, lr 1.00e-03
    epoch 42: loss 0.6481, val_ap 0.4767, minutes 33.61, lr 1.00e-03
    epoch 43: loss 0.6473, val_ap 0.5011, minutes 34.4, lr 1.00e-03
    epoch 44: loss 0.6381, val_ap 0.4978, minutes 35.14, lr 1.00e-03
    epoch 45: loss 0.6264, val_ap 0.5000, minutes 35.94, lr 1.00e-03
    epoch 46: loss 0.6245, val_ap 0.4953, minutes 36.73, lr 5.00e-04
    epoch 47: loss 0.6063, val_ap 0.4922, minutes 37.54, lr 5.00e-04
    epoch 48: loss 0.6023, val_ap 0.5067, minutes 38.33, lr 5.00e-04
    epoch 49: loss 0.5973, val_ap 0.4963, minutes 39.15, lr 5.00e-04
    epoch 50: loss 0.5936, val_ap 0.4997, minutes 39.95, lr 5.00e-04
    epoch 51: loss 0.5894, val_ap 0.4959, minutes 40.75, lr 5.00e-04
    epoch 52: loss 0.5879, val_ap 0.4990, minutes 41.58, lr 5.00e-04
    epoch 53: loss 0.5833, val_ap 0.4962, minutes 42.35, lr 5.00e-04
    epoch 54: loss 0.5855, val_ap 0.4947, minutes 43.14, lr 5.00e-04
    epoch 55: loss 0.5825, val_ap 0.5024, minutes 43.92, lr 5.00e-04
    epoch 56: loss 0.5774, val_ap 0.5002, minutes 44.75, lr 5.00e-04
    epoch 57: loss 0.5802, val_ap 0.4906, minutes 45.54, lr 2.50e-04
    epoch 58: loss 0.5635, val_ap 0.4987, minutes 46.33, lr 2.50e-04
    epoch 59: loss 0.5566, val_ap 0.4937, minutes 47.11, lr 2.50e-04
    epoch 60: loss 0.5546, val_ap 0.4943, minutes 47.89, lr 2.50e-04
    epoch 61: loss 0.5570, val_ap 0.4952, minutes 48.62, lr 2.50e-04
    epoch 62: loss 0.5544, val_ap 0.4913, minutes 49.39, lr 2.50e-04
    epoch 63: loss 0.5505, val_ap 0.4865, minutes 50.15, lr 2.50e-04
    epoch 64: loss 0.5509, val_ap 0.4876, minutes 50.95, lr 2.50e-04
    epoch 65: loss 0.5509, val_ap 0.4867, minutes 51.76, lr 2.50e-04
    epoch 66: loss 0.5415, val_ap 0.4877, minutes 52.56, lr 1.25e-04
    epoch 67: loss 0.5396, val_ap 0.4815, minutes 53.4, lr 1.25e-04
    epoch 68: loss 0.5359, val_ap 0.4815, minutes 54.22, lr 1.25e-04
    epoch 69: loss 0.5368, val_ap 0.4787, minutes 55.01, lr 1.25e-04
    epoch 70: loss 0.5361, val_ap 0.4843, minutes 55.82, lr 1.25e-04
    epoch 71: loss 0.5342, val_ap 0.4784, minutes 56.63, lr 1.25e-04
    epoch 72: loss 0.5311, val_ap 0.4834, minutes 57.46, lr 1.25e-04
    epoch 73: loss 0.5312, val_ap 0.4840, minutes 58.29, lr 1.25e-04
    stopping: no validation gain in 25 epochs
[h2gcn pooled_both fold 4 seed 1] done (59.0 min)
