loaded: dataset0 121,838 sites, data1 90,452
[res_nogate pooled_both fold 2 seed 2]
    kernel decay scale 108.1 nt (fitted to cell line 1 training labels)
    epoch 1: loss 1.8704, val_ap 0.2000, minutes 0.85, lr 3.31e-04
    epoch 2: loss 1.5400, val_ap 0.3234, minutes 1.72, lr 6.60e-04
    epoch 3: loss 1.4048, val_ap 0.4309, minutes 2.57, lr 9.87e-04
    epoch 4: loss 1.3224, val_ap 0.4517, minutes 3.45, lr 1.00e-03
    epoch 5: loss 1.2857, val_ap 0.4734, minutes 4.28, lr 1.00e-03
    epoch 6: loss 1.2686, val_ap 0.4782, minutes 5.09, lr 1.00e-03
    epoch 7: loss 1.2459, val_ap 0.4800, minutes 5.95, lr 1.00e-03
    epoch 8: loss 1.2273, val_ap 0.4854, minutes 6.82, lr 1.00e-03
    epoch 9: loss 1.2196, val_ap 0.4841, minutes 7.65, lr 1.00e-03
    epoch 10: loss 1.2057, val_ap 0.4903, minutes 8.5, lr 1.00e-03
    epoch 11: loss 1.2178, val_ap 0.4925, minutes 9.36, lr 1.00e-03
    epoch 12: loss 1.2062, val_ap 0.4887, minutes 10.19, lr 1.00e-03
    epoch 13: loss 1.2085, val_ap 0.4958, minutes 11.08, lr 1.00e-03
    epoch 14: loss 1.1914, val_ap 0.4944, minutes 11.92, lr 1.00e-03
    epoch 15: loss 1.1861, val_ap 0.5004, minutes 12.78, lr 1.00e-03
    epoch 16: loss 1.1792, val_ap 0.5038, minutes 13.66, lr 1.00e-03
    epoch 17: loss 1.1716, val_ap 0.5023, minutes 14.55, lr 1.00e-03
    epoch 18: loss 1.1693, val_ap 0.5027, minutes 15.4, lr 1.00e-03
    epoch 19: loss 1.1652, val_ap 0.4896, minutes 16.26, lr 1.00e-03
    epoch 20: loss 1.1699, val_ap 0.5028, minutes 17.13, lr 1.00e-03
    epoch 21: loss 1.1605, val_ap 0.4997, minutes 18.02, lr 1.00e-03
    epoch 22: loss 1.1585, val_ap 0.5034, minutes 18.9, lr 1.00e-03
    epoch 23: loss 1.1527, val_ap 0.5151, minutes 19.8, lr 1.00e-03
    epoch 24: loss 1.1554, val_ap 0.5058, minutes 20.67, lr 1.00e-03
    epoch 25: loss 1.1561, val_ap 0.5087, minutes 21.55, lr 1.00e-03
    epoch 26: loss 1.1448, val_ap 0.5069, minutes 22.41, lr 1.00e-03
    epoch 27: loss 1.1520, val_ap 0.5053, minutes 23.27, lr 1.00e-03
    epoch 28: loss 1.1461, val_ap 0.5081, minutes 24.15, lr 1.00e-03
    epoch 29: loss 1.1333, val_ap 0.5111, minutes 25.01, lr 1.00e-03
    epoch 30: loss 1.1497, val_ap 0.5075, minutes 25.83, lr 1.00e-03
    epoch 31: loss 1.1378, val_ap 0.5137, minutes 26.67, lr 1.00e-03
    epoch 32: loss 1.1347, val_ap 0.5098, minutes 27.49, lr 5.00e-04
    epoch 33: loss 1.1131, val_ap 0.5106, minutes 28.34, lr 5.00e-04
    epoch 34: loss 1.1171, val_ap 0.5158, minutes 29.22, lr 5.00e-04
    epoch 35: loss 1.1084, val_ap 0.5141, minutes 30.08, lr 5.00e-04
    epoch 36: loss 1.1106, val_ap 0.5139, minutes 30.92, lr 5.00e-04
    epoch 37: loss 1.1027, val_ap 0.5152, minutes 31.77, lr 5.00e-04
    epoch 38: loss 1.1117, val_ap 0.5142, minutes 32.67, lr 5.00e-04
    epoch 39: loss 1.1064, val_ap 0.5193, minutes 33.5, lr 5.00e-04
    epoch 40: loss 1.1012, val_ap 0.5167, minutes 34.36, lr 5.00e-04
    epoch 41: loss 1.0973, val_ap 0.5108, minutes 35.24, lr 5.00e-04
    epoch 42: loss 1.0989, val_ap 0.5172, minutes 36.13, lr 5.00e-04
    epoch 43: loss 1.0950, val_ap 0.5160, minutes 36.97, lr 5.00e-04
    epoch 44: loss 1.0964, val_ap 0.5184, minutes 37.86, lr 5.00e-04
    epoch 45: loss 1.0939, val_ap 0.5091, minutes 38.75, lr 5.00e-04
    epoch 46: loss 1.0952, val_ap 0.5189, minutes 39.59, lr 5.00e-04
    epoch 47: loss 1.0904, val_ap 0.5170, minutes 40.43, lr 5.00e-04
    epoch 48: loss 1.0818, val_ap 0.5191, minutes 41.29, lr 2.50e-04
    epoch 49: loss 1.0769, val_ap 0.5198, minutes 42.16, lr 2.50e-04
    epoch 50: loss 1.0772, val_ap 0.5233, minutes 43.03, lr 2.50e-04
    epoch 51: loss 1.0815, val_ap 0.5230, minutes 43.9, lr 2.50e-04
    epoch 52: loss 1.0797, val_ap 0.5219, minutes 44.77, lr 2.50e-04
    epoch 53: loss 1.0690, val_ap 0.5244, minutes 45.64, lr 2.50e-04
    epoch 54: loss 1.0809, val_ap 0.5200, minutes 46.49, lr 2.50e-04
    epoch 55: loss 1.0761, val_ap 0.5187, minutes 47.34, lr 2.50e-04
    epoch 56: loss 1.0663, val_ap 0.5194, minutes 48.21, lr 2.50e-04
    epoch 57: loss 1.0717, val_ap 0.5240, minutes 49.05, lr 2.50e-04
    epoch 58: loss 1.0717, val_ap 0.5203, minutes 49.9, lr 2.50e-04
    epoch 59: loss 1.0712, val_ap 0.5194, minutes 50.78, lr 2.50e-04
    epoch 60: loss 1.0635, val_ap 0.5253, minutes 51.65, lr 2.50e-04
    epoch 61: loss 1.0651, val_ap 0.5243, minutes 52.5, lr 2.50e-04
    epoch 62: loss 1.0704, val_ap 0.5197, minutes 53.37, lr 2.50e-04
    epoch 63: loss 1.0673, val_ap 0.5210, minutes 54.2, lr 2.50e-04
    epoch 64: loss 1.0662, val_ap 0.5184, minutes 55.02, lr 2.50e-04
    epoch 65: loss 1.0680, val_ap 0.5192, minutes 55.83, lr 2.50e-04
    epoch 66: loss 1.0621, val_ap 0.5222, minutes 56.65, lr 2.50e-04
    epoch 67: loss 1.0585, val_ap 0.5223, minutes 57.51, lr 2.50e-04
    epoch 68: loss 1.0616, val_ap 0.5180, minutes 58.35, lr 2.50e-04
    epoch 69: loss 1.0743, val_ap 0.5172, minutes 59.18, lr 1.25e-04
    epoch 70: loss 1.0526, val_ap 0.5169, minutes 60.05, lr 1.25e-04
    epoch 71: loss 1.0471, val_ap 0.5210, minutes 60.88, lr 1.25e-04
    epoch 72: loss 1.0564, val_ap 0.5204, minutes 61.7, lr 1.25e-04
    epoch 73: loss 1.0524, val_ap 0.5152, minutes 62.52, lr 1.25e-04
    epoch 74: loss 1.0569, val_ap 0.5213, minutes 63.37, lr 1.25e-04
    epoch 75: loss 1.0606, val_ap 0.5144, minutes 64.23, lr 1.25e-04
    epoch 76: loss 1.0532, val_ap 0.5173, minutes 65.07, lr 1.25e-04
    epoch 77: loss 1.0532, val_ap 0.5230, minutes 65.97, lr 1.25e-04
    epoch 78: loss 1.0430, val_ap 0.5196, minutes 66.82, lr 6.25e-05
    epoch 79: loss 1.0496, val_ap 0.5211, minutes 67.64, lr 6.25e-05
    epoch 80: loss 1.0454, val_ap 0.5207, minutes 68.46, lr 6.25e-05
    epoch 81: loss 1.0458, val_ap 0.5188, minutes 69.32, lr 6.25e-05
    epoch 82: loss 1.0489, val_ap 0.5222, minutes 70.21, lr 6.25e-05
    epoch 83: loss 1.0449, val_ap 0.5196, minutes 71.08, lr 6.25e-05
    epoch 84: loss 1.0458, val_ap 0.5179, minutes 71.95, lr 6.25e-05
    epoch 85: loss 1.0447, val_ap 0.5198, minutes 72.8, lr 6.25e-05
    stopping: no validation gain in 25 epochs
[res_nogate pooled_both fold 2 seed 2] done (73.4 min)
