loaded: dataset0 121,838 sites, data1 90,452
[scalar_random pooled_both fold 3 seed 2]
    kernel decay scale 113.4 nt (fitted to cell line 1 training labels)
    epoch 1: loss 1.9004, val_ap 0.1524, minutes 0.82, lr 3.31e-04
    epoch 2: loss 1.5435, val_ap 0.3109, minutes 1.57, lr 6.60e-04
    epoch 3: loss 1.4266, val_ap 0.3761, minutes 2.32, lr 9.89e-04
    epoch 4: loss 1.3624, val_ap 0.3978, minutes 3.06, lr 1.00e-03
    epoch 5: loss 1.3168, val_ap 0.4098, minutes 3.78, lr 1.00e-03
    epoch 6: loss 1.3043, val_ap 0.4050, minutes 4.51, lr 1.00e-03
    epoch 7: loss 1.3017, val_ap 0.4161, minutes 5.23, lr 1.00e-03
    epoch 8: loss 1.2753, val_ap 0.4163, minutes 5.84, lr 1.00e-03
    epoch 9: loss 1.2690, val_ap 0.4181, minutes 6.57, lr 1.00e-03
    epoch 10: loss 1.2675, val_ap 0.4196, minutes 7.25, lr 1.00e-03
    epoch 11: loss 1.2608, val_ap 0.4287, minutes 8.06, lr 1.00e-03
    epoch 12: loss 1.2570, val_ap 0.4283, minutes 8.84, lr 1.00e-03
    epoch 13: loss 1.2490, val_ap 0.4340, minutes 9.63, lr 1.00e-03
    epoch 14: loss 1.2514, val_ap 0.4389, minutes 10.43, lr 1.00e-03
    epoch 15: loss 1.2406, val_ap 0.4387, minutes 11.19, lr 1.00e-03
    epoch 16: loss 1.2325, val_ap 0.4453, minutes 11.9, lr 1.00e-03
    epoch 17: loss 1.2389, val_ap 0.4450, minutes 12.63, lr 1.00e-03
    epoch 18: loss 1.2278, val_ap 0.4502, minutes 13.37, lr 1.00e-03
    epoch 19: loss 1.2332, val_ap 0.4424, minutes 14.09, lr 1.00e-03
    epoch 20: loss 1.2261, val_ap 0.4512, minutes 14.87, lr 1.00e-03
    epoch 21: loss 1.2184, val_ap 0.4529, minutes 15.63, lr 1.00e-03
    epoch 22: loss 1.2311, val_ap 0.4584, minutes 16.39, lr 1.00e-03
    epoch 23: loss 1.2135, val_ap 0.4576, minutes 17.15, lr 1.00e-03
    epoch 24: loss 1.2079, val_ap 0.4542, minutes 17.91, lr 1.00e-03
    epoch 25: loss 1.2145, val_ap 0.4564, minutes 18.67, lr 1.00e-03
    epoch 26: loss 1.2067, val_ap 0.4573, minutes 19.42, lr 1.00e-03
    epoch 27: loss 1.2095, val_ap 0.4595, minutes 20.15, lr 1.00e-03
    epoch 28: loss 1.1998, val_ap 0.4639, minutes 20.91, lr 1.00e-03
    epoch 29: loss 1.1972, val_ap 0.4654, minutes 21.65, lr 1.00e-03
    epoch 30: loss 1.1988, val_ap 0.4599, minutes 22.41, lr 1.00e-03
    epoch 31: loss 1.1904, val_ap 0.4581, minutes 23.24, lr 1.00e-03
    epoch 32: loss 1.1871, val_ap 0.4608, minutes 23.98, lr 1.00e-03
    epoch 33: loss 1.1906, val_ap 0.4624, minutes 24.66, lr 1.00e-03
    epoch 34: loss 1.1837, val_ap 0.4603, minutes 25.35, lr 1.00e-03
    epoch 35: loss 1.1790, val_ap 0.4598, minutes 26.1, lr 1.00e-03
    epoch 36: loss 1.1763, val_ap 0.4635, minutes 26.85, lr 1.00e-03
    epoch 37: loss 1.1832, val_ap 0.4569, minutes 27.6, lr 1.00e-03
    epoch 38: loss 1.1728, val_ap 0.4652, minutes 28.33, lr 5.00e-04
    epoch 39: loss 1.1595, val_ap 0.4595, minutes 29.1, lr 5.00e-04
    epoch 40: loss 1.1603, val_ap 0.4638, minutes 29.9, lr 5.00e-04
    epoch 41: loss 1.1537, val_ap 0.4594, minutes 30.68, lr 5.00e-04
    epoch 42: loss 1.1542, val_ap 0.4598, minutes 31.48, lr 5.00e-04
    epoch 43: loss 1.1553, val_ap 0.4664, minutes 32.27, lr 5.00e-04
    epoch 44: loss 1.1449, val_ap 0.4620, minutes 33.0, lr 5.00e-04
    epoch 45: loss 1.1523, val_ap 0.4671, minutes 33.77, lr 5.00e-04
    epoch 46: loss 1.1362, val_ap 0.4670, minutes 34.51, lr 5.00e-04
    epoch 47: loss 1.1459, val_ap 0.4684, minutes 35.28, lr 5.00e-04
    epoch 48: loss 1.1434, val_ap 0.4684, minutes 36.03, lr 5.00e-04
    epoch 49: loss 1.1353, val_ap 0.4656, minutes 36.84, lr 5.00e-04
    epoch 50: loss 1.1369, val_ap 0.4658, minutes 37.54, lr 5.00e-04
    epoch 51: loss 1.1349, val_ap 0.4641, minutes 38.29, lr 5.00e-04
    epoch 52: loss 1.1291, val_ap 0.4639, minutes 39.03, lr 5.00e-04
    epoch 53: loss 1.1341, val_ap 0.4641, minutes 39.82, lr 5.00e-04
    epoch 54: loss 1.1326, val_ap 0.4679, minutes 40.58, lr 5.00e-04
    epoch 55: loss 1.1269, val_ap 0.4685, minutes 41.3, lr 5.00e-04
    epoch 56: loss 1.1281, val_ap 0.4698, minutes 42.01, lr 5.00e-04
    epoch 57: loss 1.1270, val_ap 0.4723, minutes 42.76, lr 5.00e-04
    epoch 58: loss 1.1303, val_ap 0.4676, minutes 43.43, lr 5.00e-04
    epoch 59: loss 1.1265, val_ap 0.4623, minutes 44.18, lr 5.00e-04
    epoch 60: loss 1.1199, val_ap 0.4651, minutes 44.9, lr 5.00e-04
    epoch 61: loss 1.1216, val_ap 0.4621, minutes 45.55, lr 5.00e-04
    epoch 62: loss 1.1162, val_ap 0.4683, minutes 46.19, lr 5.00e-04
    epoch 63: loss 1.1238, val_ap 0.4675, minutes 46.91, lr 5.00e-04
    epoch 64: loss 1.1220, val_ap 0.4672, minutes 47.65, lr 5.00e-04
    epoch 65: loss 1.1203, val_ap 0.4685, minutes 48.34, lr 5.00e-04
    epoch 66: loss 1.1116, val_ap 0.4688, minutes 49.02, lr 2.50e-04
    epoch 67: loss 1.1047, val_ap 0.4685, minutes 49.74, lr 2.50e-04
    epoch 68: loss 1.1017, val_ap 0.4700, minutes 50.42, lr 2.50e-04
    epoch 69: loss 1.1019, val_ap 0.4659, minutes 51.07, lr 2.50e-04
    epoch 70: loss 1.0961, val_ap 0.4666, minutes 51.69, lr 2.50e-04
    epoch 71: loss 1.1034, val_ap 0.4680, minutes 52.38, lr 2.50e-04
    epoch 72: loss 1.1003, val_ap 0.4702, minutes 53.0, lr 2.50e-04
    epoch 73: loss 1.0958, val_ap 0.4672, minutes 53.63, lr 2.50e-04
    epoch 74: loss 1.0975, val_ap 0.4658, minutes 54.26, lr 2.50e-04
    epoch 75: loss 1.0927, val_ap 0.4669, minutes 54.81, lr 1.25e-04
    epoch 76: loss 1.0934, val_ap 0.4660, minutes 55.34, lr 1.25e-04
    epoch 77: loss 1.0840, val_ap 0.4669, minutes 55.85, lr 1.25e-04
    epoch 78: loss 1.0836, val_ap 0.4664, minutes 56.39, lr 1.25e-04
    epoch 79: loss 1.0883, val_ap 0.4682, minutes 56.94, lr 1.25e-04
    epoch 80: loss 1.0831, val_ap 0.4655, minutes 57.49, lr 1.25e-04
    epoch 81: loss 1.0846, val_ap 0.4669, minutes 58.04, lr 1.25e-04
    epoch 82: loss 1.0865, val_ap 0.4653, minutes 58.53, lr 1.25e-04
    stopping: no validation gain in 25 epochs
[scalar_random pooled_both fold 3 seed 2] done (59.0 min)
