loaded: dataset0 121,838 sites, data1 90,452
[h2gcn_aux_qf pooled_both fold 2]
    epoch 1: loss 1.8562, val_ap 0.2075, minutes 0.88, lr 3.31e-04
    epoch 2: loss 1.5002, val_ap 0.3434, minutes 1.79, lr 6.58e-04
    epoch 3: loss 1.3612, val_ap 0.4204, minutes 2.62, lr 9.85e-04
    epoch 4: loss 1.2948, val_ap 0.4418, minutes 3.46, lr 1.00e-03
    epoch 5: loss 1.2613, val_ap 0.4455, minutes 4.31, lr 1.00e-03
    epoch 6: loss 1.2389, val_ap 0.4519, minutes 5.13, lr 1.00e-03
    epoch 7: loss 1.2352, val_ap 0.4523, minutes 5.9, lr 1.00e-03
    epoch 8: loss 1.2231, val_ap 0.4497, minutes 6.67, lr 1.00e-03
    epoch 9: loss 1.2008, val_ap 0.4563, minutes 7.41, lr 1.00e-03
    epoch 10: loss 1.1942, val_ap 0.4602, minutes 8.16, lr 1.00e-03
    epoch 11: loss 1.2010, val_ap 0.4627, minutes 8.92, lr 1.00e-03
    epoch 12: loss 1.1805, val_ap 0.4643, minutes 9.72, lr 1.00e-03
    epoch 13: loss 1.1767, val_ap 0.4586, minutes 10.51, lr 1.00e-03
    epoch 14: loss 1.1841, val_ap 0.4604, minutes 11.28, lr 1.00e-03
    epoch 15: loss 1.1804, val_ap 0.4701, minutes 12.08, lr 1.00e-03
    epoch 16: loss 1.1683, val_ap 0.4689, minutes 12.85, lr 1.00e-03
    epoch 17: loss 1.1693, val_ap 0.4713, minutes 13.6, lr 1.00e-03
    epoch 18: loss 1.1560, val_ap 0.4733, minutes 14.38, lr 1.00e-03
    epoch 19: loss 1.1497, val_ap 0.4674, minutes 15.16, lr 1.00e-03
    epoch 20: loss 1.1415, val_ap 0.4727, minutes 15.98, lr 1.00e-03
    epoch 21: loss 1.1330, val_ap 0.4750, minutes 16.76, lr 1.00e-03
    epoch 22: loss 1.1282, val_ap 0.4750, minutes 17.51, lr 1.00e-03
    epoch 23: loss 1.1245, val_ap 0.4709, minutes 18.29, lr 1.00e-03
    epoch 24: loss 1.1290, val_ap 0.4771, minutes 19.03, lr 1.00e-03
    epoch 25: loss 1.1179, val_ap 0.4778, minutes 19.83, lr 1.00e-03
    epoch 26: loss 1.1192, val_ap 0.4729, minutes 20.62, lr 1.00e-03
    epoch 27: loss 1.1092, val_ap 0.4720, minutes 21.44, lr 1.00e-03
    epoch 28: loss 1.0997, val_ap 0.4703, minutes 22.23, lr 1.00e-03
    epoch 29: loss 1.1121, val_ap 0.4783, minutes 23.03, lr 1.00e-03
    epoch 30: loss 1.1020, val_ap 0.4650, minutes 23.8, lr 1.00e-03
    epoch 31: loss 1.0894, val_ap 0.4769, minutes 24.57, lr 1.00e-03
    epoch 32: loss 1.0901, val_ap 0.4745, minutes 25.35, lr 1.00e-03
    epoch 33: loss 1.0766, val_ap 0.4652, minutes 26.13, lr 1.00e-03
    epoch 34: loss 1.0660, val_ap 0.4709, minutes 26.98, lr 1.00e-03
    epoch 35: loss 1.0767, val_ap 0.4650, minutes 27.78, lr 1.00e-03
    epoch 36: loss 1.0652, val_ap 0.4735, minutes 28.59, lr 1.00e-03
    epoch 37: loss 1.0525, val_ap 0.4724, minutes 29.36, lr 1.00e-03
    epoch 38: loss 1.0554, val_ap 0.4716, minutes 30.14, lr 5.00e-04
    epoch 39: loss 1.0304, val_ap 0.4750, minutes 30.95, lr 5.00e-04
    epoch 40: loss 1.0293, val_ap 0.4746, minutes 31.78, lr 5.00e-04
    epoch 41: loss 1.0278, val_ap 0.4819, minutes 32.58, lr 5.00e-04
    epoch 42: loss 1.0141, val_ap 0.4724, minutes 33.37, lr 5.00e-04
    epoch 43: loss 1.0131, val_ap 0.4726, minutes 34.17, lr 5.00e-04
    epoch 44: loss 1.0096, val_ap 0.4741, minutes 34.94, lr 5.00e-04
    epoch 45: loss 1.0003, val_ap 0.4797, minutes 35.67, lr 5.00e-04
    epoch 46: loss 1.0019, val_ap 0.4777, minutes 36.45, lr 5.00e-04
    epoch 47: loss 1.0050, val_ap 0.4837, minutes 37.21, lr 5.00e-04
    epoch 48: loss 1.0049, val_ap 0.4876, minutes 38.0, lr 5.00e-04
    epoch 49: loss 1.0005, val_ap 0.4830, minutes 38.82, lr 5.00e-04
    epoch 50: loss 0.9950, val_ap 0.4863, minutes 39.64, lr 5.00e-04
    epoch 51: loss 0.9926, val_ap 0.4845, minutes 40.46, lr 5.00e-04
    epoch 52: loss 0.9904, val_ap 0.4826, minutes 41.31, lr 5.00e-04
    epoch 53: loss 0.9888, val_ap 0.4817, minutes 42.09, lr 5.00e-04
    epoch 54: loss 0.9770, val_ap 0.4730, minutes 42.86, lr 5.00e-04
    epoch 55: loss 0.9784, val_ap 0.4789, minutes 43.57, lr 5.00e-04
    epoch 56: loss 0.9749, val_ap 0.4751, minutes 44.27, lr 5.00e-04
    epoch 57: loss 0.9758, val_ap 0.4818, minutes 45.02, lr 2.50e-04
    epoch 58: loss 0.9568, val_ap 0.4771, minutes 45.67, lr 2.50e-04
    epoch 59: loss 0.9518, val_ap 0.4829, minutes 46.23, lr 2.50e-04
    epoch 60: loss 0.9414, val_ap 0.4773, minutes 46.84, lr 2.50e-04
    epoch 61: loss 0.9522, val_ap 0.4767, minutes 47.43, lr 2.50e-04
    epoch 62: loss 0.9418, val_ap 0.4793, minutes 47.97, lr 2.50e-04
    epoch 63: loss 0.9334, val_ap 0.4825, minutes 48.5, lr 2.50e-04
    epoch 64: loss 0.9399, val_ap 0.4778, minutes 49.03, lr 2.50e-04
    epoch 65: loss 0.9465, val_ap 0.4849, minutes 49.57, lr 2.50e-04
    epoch 66: loss 0.9333, val_ap 0.4783, minutes 50.12, lr 1.25e-04
    epoch 67: loss 0.9288, val_ap 0.4778, minutes 50.7, lr 1.25e-04
    epoch 68: loss 0.9248, val_ap 0.4800, minutes 51.23, lr 1.25e-04
    epoch 69: loss 0.9248, val_ap 0.4757, minutes 51.7, lr 1.25e-04
    epoch 70: loss 0.9205, val_ap 0.4762, minutes 52.16, lr 1.25e-04
    epoch 71: loss 0.9210, val_ap 0.4774, minutes 52.62, lr 1.25e-04
    epoch 72: loss 0.9145, val_ap 0.4786, minutes 53.09, lr 1.25e-04
    epoch 73: loss 0.9189, val_ap 0.4760, minutes 53.53, lr 1.25e-04
    stopping: no validation gain in 25 epochs
[h2gcn_aux_qf pooled_both fold 2] done (54.0 min)
