loaded: dataset0 121,838 sites, data1 90,452
[scalar_random dataset0 fold 0]
    kernel decay scale 118.2 nt (fitted to cell line 1 training labels)
    epoch 1: loss 2.0184, val_ap 0.1106, minutes 0.48, lr 3.33e-04
    epoch 2: loss 1.5978, val_ap 0.2427, minutes 0.94, lr 6.59e-04
    epoch 3: loss 1.3914, val_ap 0.3625, minutes 1.38, lr 9.88e-04
    epoch 4: loss 1.2656, val_ap 0.4202, minutes 1.85, lr 1.00e-03
    epoch 5: loss 1.1664, val_ap 0.4274, minutes 2.35, lr 1.00e-03
    epoch 6: loss 1.1492, val_ap 0.4440, minutes 2.83, lr 1.00e-03
    epoch 7: loss 1.1634, val_ap 0.4411, minutes 3.3, lr 1.00e-03
    epoch 8: loss 1.1239, val_ap 0.4512, minutes 3.78, lr 1.00e-03
    epoch 9: loss 1.1093, val_ap 0.4504, minutes 4.32, lr 1.00e-03
    epoch 10: loss 1.0964, val_ap 0.4458, minutes 4.82, lr 1.00e-03
    epoch 11: loss 1.0826, val_ap 0.4574, minutes 5.31, lr 1.00e-03
    epoch 12: loss 1.0785, val_ap 0.4493, minutes 5.83, lr 1.00e-03
    epoch 13: loss 1.0694, val_ap 0.4659, minutes 6.32, lr 1.00e-03
    epoch 14: loss 1.0743, val_ap 0.4611, minutes 6.81, lr 1.00e-03
    epoch 15: loss 1.0525, val_ap 0.4629, minutes 7.3, lr 1.00e-03
    epoch 16: loss 1.0517, val_ap 0.4641, minutes 7.8, lr 1.00e-03
    epoch 17: loss 1.0541, val_ap 0.4698, minutes 8.25, lr 1.00e-03
    epoch 18: loss 1.0427, val_ap 0.4700, minutes 8.75, lr 1.00e-03
    epoch 19: loss 1.0320, val_ap 0.4818, minutes 9.23, lr 1.00e-03
    epoch 20: loss 1.0184, val_ap 0.4784, minutes 9.74, lr 1.00e-03
    epoch 21: loss 1.0092, val_ap 0.4765, minutes 10.24, lr 1.00e-03
    epoch 22: loss 1.0155, val_ap 0.4835, minutes 10.68, lr 1.00e-03
    epoch 23: loss 1.0041, val_ap 0.4849, minutes 11.15, lr 1.00e-03
    epoch 24: loss 1.0489, val_ap 0.4837, minutes 11.62, lr 1.00e-03
    epoch 25: loss 1.0328, val_ap 0.4921, minutes 12.09, lr 1.00e-03
    epoch 26: loss 0.9941, val_ap 0.4895, minutes 12.59, lr 1.00e-03
    epoch 27: loss 0.9772, val_ap 0.4960, minutes 13.08, lr 1.00e-03
    epoch 28: loss 1.0384, val_ap 0.4973, minutes 13.56, lr 1.00e-03
    epoch 29: loss 1.0408, val_ap 0.4942, minutes 14.04, lr 1.00e-03
    epoch 30: loss 0.9836, val_ap 0.5009, minutes 14.55, lr 1.00e-03
    epoch 31: loss 0.9804, val_ap 0.5085, minutes 15.06, lr 1.00e-03
    epoch 32: loss 0.9766, val_ap 0.5105, minutes 15.54, lr 1.00e-03
    epoch 33: loss 0.9664, val_ap 0.5113, minutes 16.05, lr 1.00e-03
    epoch 34: loss 1.0051, val_ap 0.5146, minutes 16.57, lr 1.00e-03
    epoch 35: loss 0.9626, val_ap 0.5049, minutes 17.06, lr 1.00e-03
    epoch 36: loss 0.9785, val_ap 0.5126, minutes 17.63, lr 1.00e-03
    epoch 37: loss 0.9823, val_ap 0.5286, minutes 18.1, lr 1.00e-03
    epoch 38: loss 0.9592, val_ap 0.5202, minutes 18.6, lr 1.00e-03
    epoch 39: loss 0.9509, val_ap 0.5242, minutes 19.09, lr 1.00e-03
    epoch 40: loss 0.9470, val_ap 0.5236, minutes 19.61, lr 1.00e-03
    epoch 41: loss 0.9451, val_ap 0.5237, minutes 20.12, lr 1.00e-03
    epoch 42: loss 0.9363, val_ap 0.5268, minutes 20.59, lr 1.00e-03
    epoch 43: loss 0.9462, val_ap 0.5310, minutes 21.07, lr 1.00e-03
    epoch 44: loss 0.9420, val_ap 0.5330, minutes 21.58, lr 1.00e-03
    epoch 45: loss 0.9268, val_ap 0.5348, minutes 22.03, lr 1.00e-03
    epoch 46: loss 0.9421, val_ap 0.5335, minutes 22.56, lr 1.00e-03
    epoch 47: loss 0.9215, val_ap 0.5091, minutes 23.06, lr 1.00e-03
    epoch 48: loss 0.9259, val_ap 0.5336, minutes 23.55, lr 1.00e-03
    epoch 49: loss 0.9233, val_ap 0.5290, minutes 24.05, lr 1.00e-03
    epoch 50: loss 0.9066, val_ap 0.5332, minutes 24.56, lr 1.00e-03
    epoch 51: loss 0.9144, val_ap 0.5352, minutes 25.09, lr 1.00e-03
    epoch 52: loss 0.9080, val_ap 0.5273, minutes 25.55, lr 1.00e-03
    epoch 53: loss 0.9025, val_ap 0.5364, minutes 26.03, lr 1.00e-03
    epoch 54: loss 0.8999, val_ap 0.5329, minutes 26.53, lr 1.00e-03
    epoch 55: loss 0.9102, val_ap 0.5290, minutes 27.02, lr 1.00e-03
    epoch 56: loss 0.8999, val_ap 0.5440, minutes 27.51, lr 1.00e-03
    epoch 57: loss 0.8961, val_ap 0.5394, minutes 28.0, lr 1.00e-03
    epoch 58: loss 0.9057, val_ap 0.5418, minutes 28.5, lr 1.00e-03
    epoch 59: loss 0.8937, val_ap 0.5363, minutes 28.96, lr 1.00e-03
    epoch 60: loss 0.8997, val_ap 0.5328, minutes 29.48, lr 1.00e-03
    epoch 61: loss 0.8879, val_ap 0.5283, minutes 29.95, lr 1.00e-03
    epoch 62: loss 0.8834, val_ap 0.5445, minutes 30.43, lr 1.00e-03
    epoch 63: loss 0.8951, val_ap 0.5351, minutes 30.87, lr 1.00e-03
    epoch 64: loss 0.8777, val_ap 0.5288, minutes 31.36, lr 1.00e-03
    epoch 65: loss 0.8688, val_ap 0.5359, minutes 31.83, lr 1.00e-03
    epoch 66: loss 0.8804, val_ap 0.5407, minutes 32.28, lr 1.00e-03
    epoch 67: loss 0.8729, val_ap 0.5375, minutes 32.75, lr 1.00e-03
    epoch 68: loss 0.8898, val_ap 0.5379, minutes 33.19, lr 1.00e-03
    epoch 69: loss 0.8804, val_ap 0.5472, minutes 33.67, lr 1.00e-03
    epoch 70: loss 0.8811, val_ap 0.5349, minutes 34.12, lr 1.00e-03
    epoch 71: loss 0.8741, val_ap 0.5283, minutes 34.58, lr 1.00e-03
    epoch 72: loss 0.8674, val_ap 0.5417, minutes 35.06, lr 1.00e-03
    epoch 73: loss 0.8766, val_ap 0.5265, minutes 35.53, lr 1.00e-03
    epoch 74: loss 0.8646, val_ap 0.5410, minutes 35.98, lr 1.00e-03
    epoch 75: loss 0.8549, val_ap 0.5405, minutes 36.48, lr 1.00e-03
    epoch 76: loss 0.8698, val_ap 0.5267, minutes 36.94, lr 1.00e-03
    epoch 77: loss 0.8879, val_ap 0.5432, minutes 37.39, lr 1.00e-03
    epoch 78: loss 0.8655, val_ap 0.5476, minutes 37.91, lr 1.00e-03
    epoch 79: loss 0.8590, val_ap 0.5389, minutes 38.36, lr 1.00e-03
    epoch 80: loss 0.8358, val_ap 0.5395, minutes 38.81, lr 1.00e-03
    epoch 81: loss 0.8450, val_ap 0.5180, minutes 39.25, lr 1.00e-03
    epoch 82: loss 0.8706, val_ap 0.5425, minutes 39.69, lr 1.00e-03
    epoch 83: loss 0.8473, val_ap 0.5448, minutes 40.16, lr 1.00e-03
    epoch 84: loss 0.8803, val_ap 0.5389, minutes 40.63, lr 1.00e-03
    epoch 85: loss 0.8402, val_ap 0.5434, minutes 41.07, lr 1.00e-03
    epoch 86: loss 0.8351, val_ap 0.5461, minutes 41.5, lr 1.00e-03
    epoch 87: loss 0.8456, val_ap 0.5447, minutes 41.94, lr 5.00e-04
    epoch 88: loss 0.8157, val_ap 0.5323, minutes 42.37, lr 5.00e-04
    epoch 89: loss 0.8149, val_ap 0.5462, minutes 42.8, lr 5.00e-04
    epoch 90: loss 0.8102, val_ap 0.5366, minutes 43.17, lr 5.00e-04
    epoch 91: loss 0.8161, val_ap 0.5340, minutes 43.51, lr 5.00e-04
    epoch 92: loss 0.8028, val_ap 0.5327, minutes 43.87, lr 5.00e-04
    epoch 93: loss 0.8122, val_ap 0.5324, minutes 44.19, lr 5.00e-04
    epoch 94: loss 0.8031, val_ap 0.5285, minutes 44.53, lr 5.00e-04
    epoch 95: loss 0.8070, val_ap 0.5393, minutes 44.9, lr 5.00e-04
    epoch 96: loss 0.8069, val_ap 0.5266, minutes 45.26, lr 2.50e-04
    epoch 97: loss 0.7942, val_ap 0.5351, minutes 45.66, lr 2.50e-04
    epoch 98: loss 0.7841, val_ap 0.5316, minutes 46.01, lr 2.50e-04
    epoch 99: loss 0.7996, val_ap 0.5392, minutes 46.38, lr 2.50e-04
    epoch 100: loss 0.7773, val_ap 0.5370, minutes 46.76, lr 2.50e-04
    epoch 101: loss 0.7848, val_ap 0.5434, minutes 47.09, lr 2.50e-04
    epoch 102: loss 0.7798, val_ap 0.5427, minutes 47.46, lr 2.50e-04
    epoch 103: loss 0.7699, val_ap 0.5337, minutes 47.81, lr 2.50e-04
    stopping: no validation gain in 25 epochs
[scalar_random dataset0 fold 0] done (48.4 min)
