loaded: dataset0 121,838 sites, data1 90,452
[scalar_msg dataset0 fold 2]
    kernel decay scale 108.1 nt (fitted to cell line 1 training labels)
    epoch 1: loss 1.9635, val_ap 0.1573, minutes 0.49, lr 3.33e-04
    epoch 2: loss 1.6472, val_ap 0.2683, minutes 0.93, lr 6.63e-04
    epoch 3: loss 1.3573, val_ap 0.4148, minutes 1.38, lr 9.92e-04
    epoch 4: loss 1.2035, val_ap 0.4709, minutes 1.82, lr 1.00e-03
    epoch 5: loss 1.1408, val_ap 0.4979, minutes 2.25, lr 1.00e-03
    epoch 6: loss 1.0812, val_ap 0.5208, minutes 2.68, lr 1.00e-03
    epoch 7: loss 1.0538, val_ap 0.5295, minutes 3.08, lr 1.00e-03
    epoch 8: loss 1.0707, val_ap 0.5286, minutes 3.55, lr 1.00e-03
    epoch 9: loss 1.0372, val_ap 0.5344, minutes 3.95, lr 1.00e-03
    epoch 10: loss 1.0222, val_ap 0.5390, minutes 4.37, lr 1.00e-03
    epoch 11: loss 1.0122, val_ap 0.5231, minutes 4.8, lr 1.00e-03
    epoch 12: loss 1.0088, val_ap 0.5392, minutes 5.28, lr 1.00e-03
    epoch 13: loss 0.9687, val_ap 0.5432, minutes 5.7, lr 1.00e-03
    epoch 14: loss 0.9919, val_ap 0.5427, minutes 6.19, lr 1.00e-03
    epoch 15: loss 0.9533, val_ap 0.5425, minutes 6.63, lr 1.00e-03
    epoch 16: loss 0.9535, val_ap 0.5572, minutes 7.07, lr 1.00e-03
    epoch 17: loss 0.9538, val_ap 0.5596, minutes 7.52, lr 1.00e-03
    epoch 18: loss 0.9464, val_ap 0.5573, minutes 7.93, lr 1.00e-03
    epoch 19: loss 0.9362, val_ap 0.5670, minutes 8.35, lr 1.00e-03
    epoch 20: loss 0.9341, val_ap 0.5600, minutes 8.82, lr 1.00e-03
    epoch 21: loss 0.9463, val_ap 0.5510, minutes 9.27, lr 1.00e-03
    epoch 22: loss 0.9249, val_ap 0.5622, minutes 9.78, lr 1.00e-03
    epoch 23: loss 0.9338, val_ap 0.5635, minutes 10.23, lr 1.00e-03
    epoch 24: loss 0.9086, val_ap 0.5737, minutes 10.68, lr 1.00e-03
    epoch 25: loss 0.9108, val_ap 0.5658, minutes 11.1, lr 1.00e-03
    epoch 26: loss 0.9406, val_ap 0.5433, minutes 11.57, lr 1.00e-03
    epoch 27: loss 1.0851, val_ap 0.5585, minutes 11.97, lr 1.00e-03
    epoch 28: loss 0.9194, val_ap 0.5705, minutes 12.4, lr 1.00e-03
    epoch 29: loss 0.8955, val_ap 0.5666, minutes 12.91, lr 1.00e-03
    epoch 30: loss 0.8883, val_ap 0.5634, minutes 13.35, lr 1.00e-03
    epoch 31: loss 0.9438, val_ap 0.5679, minutes 13.78, lr 1.00e-03
    epoch 32: loss 0.9315, val_ap 0.5740, minutes 14.22, lr 1.00e-03
    epoch 33: loss 0.9052, val_ap 0.5715, minutes 14.7, lr 1.00e-03
    epoch 34: loss 0.8897, val_ap 0.5777, minutes 15.17, lr 1.00e-03
    epoch 35: loss 0.8805, val_ap 0.5841, minutes 15.56, lr 1.00e-03
    epoch 36: loss 0.8865, val_ap 0.5778, minutes 15.98, lr 1.00e-03
    epoch 37: loss 0.8846, val_ap 0.5725, minutes 16.42, lr 1.00e-03
    epoch 38: loss 0.8652, val_ap 0.5776, minutes 16.89, lr 1.00e-03
    epoch 39: loss 0.8687, val_ap 0.5797, minutes 17.34, lr 1.00e-03
    epoch 40: loss 0.8486, val_ap 0.5779, minutes 17.77, lr 1.00e-03
    epoch 41: loss 0.8639, val_ap 0.5814, minutes 18.18, lr 1.00e-03
    epoch 42: loss 0.8582, val_ap 0.5830, minutes 18.6, lr 1.00e-03
    epoch 43: loss 0.8673, val_ap 0.5868, minutes 19.04, lr 1.00e-03
    epoch 44: loss 0.8731, val_ap 0.5851, minutes 19.48, lr 1.00e-03
    epoch 45: loss 0.8702, val_ap 0.5879, minutes 19.92, lr 1.00e-03
    epoch 46: loss 0.8414, val_ap 0.5904, minutes 20.33, lr 1.00e-03
    epoch 47: loss 0.8541, val_ap 0.5913, minutes 20.76, lr 1.00e-03
    epoch 48: loss 0.8520, val_ap 0.5970, minutes 21.2, lr 1.00e-03
    epoch 49: loss 0.8586, val_ap 0.5897, minutes 21.71, lr 1.00e-03
    epoch 50: loss 0.8518, val_ap 0.5925, minutes 22.15, lr 1.00e-03
    epoch 51: loss 0.8395, val_ap 0.5957, minutes 22.6, lr 1.00e-03
    epoch 52: loss 0.8492, val_ap 0.5884, minutes 23.1, lr 1.00e-03
    epoch 53: loss 0.8433, val_ap 0.5935, minutes 23.59, lr 1.00e-03
    epoch 54: loss 0.8397, val_ap 0.5982, minutes 24.02, lr 1.00e-03
    epoch 55: loss 0.8378, val_ap 0.5982, minutes 24.46, lr 1.00e-03
    epoch 56: loss 0.8390, val_ap 0.5966, minutes 24.93, lr 1.00e-03
    epoch 57: loss 0.8291, val_ap 0.5874, minutes 25.42, lr 1.00e-03
    epoch 58: loss 0.8184, val_ap 0.6016, minutes 25.88, lr 1.00e-03
    epoch 59: loss 0.8106, val_ap 0.5969, minutes 26.35, lr 1.00e-03
    epoch 60: loss 0.8261, val_ap 0.6035, minutes 26.78, lr 1.00e-03
    epoch 61: loss 0.8234, val_ap 0.6018, minutes 27.26, lr 1.00e-03
    epoch 62: loss 0.8310, val_ap 0.5950, minutes 27.73, lr 1.00e-03
    epoch 63: loss 0.8246, val_ap 0.5935, minutes 28.2, lr 1.00e-03
    epoch 64: loss 0.8163, val_ap 0.6025, minutes 28.72, lr 1.00e-03
    epoch 65: loss 0.8173, val_ap 0.6021, minutes 29.25, lr 1.00e-03
    epoch 66: loss 0.7985, val_ap 0.6019, minutes 29.71, lr 1.00e-03
    epoch 67: loss 0.8022, val_ap 0.6051, minutes 30.2, lr 1.00e-03
    epoch 68: loss 0.7918, val_ap 0.6011, minutes 30.62, lr 1.00e-03
    epoch 69: loss 0.7984, val_ap 0.6114, minutes 31.09, lr 1.00e-03
    epoch 70: loss 0.8022, val_ap 0.6006, minutes 31.61, lr 1.00e-03
    epoch 71: loss 0.7887, val_ap 0.6039, minutes 32.17, lr 1.00e-03
    epoch 72: loss 0.7994, val_ap 0.6012, minutes 32.71, lr 1.00e-03
    epoch 73: loss 0.7933, val_ap 0.5986, minutes 33.24, lr 1.00e-03
    epoch 74: loss 0.8010, val_ap 0.6049, minutes 33.82, lr 1.00e-03
    epoch 75: loss 0.8117, val_ap 0.6049, minutes 34.37, lr 1.00e-03
    epoch 76: loss 0.7881, val_ap 0.6009, minutes 34.89, lr 1.00e-03
    epoch 77: loss 0.7908, val_ap 0.6047, minutes 35.43, lr 1.00e-03
    epoch 78: loss 0.7762, val_ap 0.5992, minutes 35.94, lr 5.00e-04
    epoch 79: loss 0.7603, val_ap 0.6075, minutes 36.45, lr 5.00e-04
    epoch 80: loss 0.7570, val_ap 0.6056, minutes 36.95, lr 5.00e-04
    epoch 81: loss 0.7512, val_ap 0.6043, minutes 37.52, lr 5.00e-04
    epoch 82: loss 0.7545, val_ap 0.6055, minutes 38.06, lr 5.00e-04
    epoch 83: loss 0.7605, val_ap 0.6016, minutes 38.59, lr 5.00e-04
    epoch 84: loss 0.7540, val_ap 0.6085, minutes 39.14, lr 5.00e-04
    epoch 85: loss 0.7702, val_ap 0.6030, minutes 39.65, lr 5.00e-04
    epoch 86: loss 0.7601, val_ap 0.6015, minutes 40.17, lr 5.00e-04
    epoch 87: loss 0.7502, val_ap 0.6020, minutes 40.73, lr 2.50e-04
    epoch 88: loss 0.7375, val_ap 0.6016, minutes 41.24, lr 2.50e-04
    epoch 89: loss 0.7467, val_ap 0.6049, minutes 41.76, lr 2.50e-04
    epoch 90: loss 0.7400, val_ap 0.6041, minutes 42.25, lr 2.50e-04
    epoch 91: loss 0.7355, val_ap 0.6044, minutes 42.82, lr 2.50e-04
    epoch 92: loss 0.7361, val_ap 0.6056, minutes 43.35, lr 2.50e-04
    epoch 93: loss 0.7261, val_ap 0.6037, minutes 43.9, lr 2.50e-04
    epoch 94: loss 0.7357, val_ap 0.6015, minutes 44.48, lr 2.50e-04
    stopping: no validation gain in 25 epochs
[scalar_msg dataset0 fold 2] done (45.3 min)
