loaded: dataset0 121,838 sites, data1 90,452
[h2gcn dataset0 fold 0]
    epoch 1: loss 1.3165, val_ap 0.1947, minutes 0.57, lr 3.33e-04
    epoch 2: loss 1.0609, val_ap 0.3019, minutes 1.18, lr 6.59e-04
    epoch 3: loss 0.9018, val_ap 0.4372, minutes 1.76, lr 9.88e-04
    epoch 4: loss 0.7811, val_ap 0.4916, minutes 2.34, lr 1.00e-03
    epoch 5: loss 0.6842, val_ap 0.5031, minutes 2.9, lr 1.00e-03
    epoch 6: loss 0.6448, val_ap 0.5083, minutes 3.5, lr 1.00e-03
    epoch 7: loss 0.6363, val_ap 0.5178, minutes 4.07, lr 1.00e-03
    epoch 8: loss 0.6161, val_ap 0.5242, minutes 4.64, lr 1.00e-03
    epoch 9: loss 0.6217, val_ap 0.5143, minutes 5.22, lr 1.00e-03
    epoch 10: loss 0.6099, val_ap 0.5197, minutes 5.76, lr 1.00e-03
    epoch 11: loss 0.5768, val_ap 0.5287, minutes 6.33, lr 1.00e-03
    epoch 12: loss 0.5833, val_ap 0.5236, minutes 6.89, lr 1.00e-03
    epoch 13: loss 0.5668, val_ap 0.5386, minutes 7.45, lr 1.00e-03
    epoch 14: loss 0.5583, val_ap 0.5445, minutes 8.03, lr 1.00e-03
    epoch 15: loss 0.5580, val_ap 0.5418, minutes 8.6, lr 1.00e-03
    epoch 16: loss 0.5471, val_ap 0.5465, minutes 9.18, lr 1.00e-03
    epoch 17: loss 0.5840, val_ap 0.5480, minutes 9.75, lr 1.00e-03
    epoch 18: loss 0.5471, val_ap 0.5468, minutes 10.34, lr 1.00e-03
    epoch 19: loss 0.5368, val_ap 0.5546, minutes 10.9, lr 1.00e-03
    epoch 20: loss 0.5360, val_ap 0.5514, minutes 11.48, lr 1.00e-03
    epoch 21: loss 0.5265, val_ap 0.5590, minutes 12.06, lr 1.00e-03
    epoch 22: loss 0.5286, val_ap 0.5525, minutes 12.61, lr 1.00e-03
    epoch 23: loss 0.5330, val_ap 0.5398, minutes 13.21, lr 1.00e-03
    epoch 24: loss 0.5414, val_ap 0.5478, minutes 13.79, lr 1.00e-03
    epoch 25: loss 0.5538, val_ap 0.5540, minutes 14.34, lr 1.00e-03
    epoch 26: loss 0.5195, val_ap 0.5520, minutes 14.89, lr 1.00e-03
    epoch 27: loss 0.5080, val_ap 0.5508, minutes 15.44, lr 1.00e-03
    epoch 28: loss 0.5288, val_ap 0.5528, minutes 16.0, lr 1.00e-03
    epoch 29: loss 0.5421, val_ap 0.5521, minutes 16.56, lr 1.00e-03
    epoch 30: loss 0.5144, val_ap 0.5609, minutes 17.13, lr 1.00e-03
    epoch 31: loss 0.5151, val_ap 0.5664, minutes 17.7, lr 1.00e-03
    epoch 32: loss 0.5003, val_ap 0.5651, minutes 18.26, lr 1.00e-03
    epoch 33: loss 0.4948, val_ap 0.5695, minutes 18.8, lr 1.00e-03
    epoch 34: loss 0.5182, val_ap 0.5627, minutes 19.34, lr 1.00e-03
    epoch 35: loss 0.4887, val_ap 0.5720, minutes 19.92, lr 1.00e-03
    epoch 36: loss 0.4919, val_ap 0.5769, minutes 20.47, lr 1.00e-03
    epoch 37: loss 0.5147, val_ap 0.5722, minutes 21.03, lr 1.00e-03
    epoch 38: loss 0.4946, val_ap 0.5743, minutes 21.61, lr 1.00e-03
    epoch 39: loss 0.4854, val_ap 0.5705, minutes 22.16, lr 1.00e-03
    epoch 40: loss 0.4797, val_ap 0.5753, minutes 22.72, lr 1.00e-03
    epoch 41: loss 0.4722, val_ap 0.5722, minutes 23.28, lr 1.00e-03
    epoch 42: loss 0.4862, val_ap 0.5782, minutes 23.83, lr 1.00e-03
    epoch 43: loss 0.4707, val_ap 0.5781, minutes 24.43, lr 1.00e-03
    epoch 44: loss 0.4639, val_ap 0.5761, minutes 24.98, lr 1.00e-03
    epoch 45: loss 0.4733, val_ap 0.5887, minutes 25.54, lr 1.00e-03
    epoch 46: loss 0.4726, val_ap 0.5840, minutes 26.08, lr 1.00e-03
    epoch 47: loss 0.4589, val_ap 0.5777, minutes 26.65, lr 1.00e-03
    epoch 48: loss 0.4802, val_ap 0.5721, minutes 27.21, lr 1.00e-03
    epoch 49: loss 0.5279, val_ap 0.5798, minutes 27.78, lr 1.00e-03
    epoch 50: loss 0.4604, val_ap 0.5797, minutes 28.34, lr 1.00e-03
    epoch 51: loss 0.4690, val_ap 0.5815, minutes 28.88, lr 1.00e-03
    epoch 52: loss 0.4542, val_ap 0.5964, minutes 29.44, lr 1.00e-03
    epoch 53: loss 0.4412, val_ap 0.5840, minutes 29.98, lr 1.00e-03
    epoch 54: loss 0.4516, val_ap 0.5917, minutes 30.53, lr 1.00e-03
    epoch 55: loss 0.4492, val_ap 0.5981, minutes 31.08, lr 1.00e-03
    epoch 56: loss 0.4437, val_ap 0.5861, minutes 31.6, lr 1.00e-03
    epoch 57: loss 0.4514, val_ap 0.5822, minutes 32.16, lr 1.00e-03
    epoch 58: loss 0.4405, val_ap 0.5941, minutes 32.7, lr 1.00e-03
    epoch 59: loss 0.4467, val_ap 0.5931, minutes 33.25, lr 1.00e-03
    epoch 60: loss 0.4292, val_ap 0.5934, minutes 33.78, lr 1.00e-03
    epoch 61: loss 0.4264, val_ap 0.5952, minutes 34.34, lr 1.00e-03
    epoch 62: loss 0.4338, val_ap 0.5890, minutes 34.89, lr 1.00e-03
    epoch 63: loss 0.4359, val_ap 0.6013, minutes 35.45, lr 1.00e-03
    epoch 64: loss 0.4272, val_ap 0.5923, minutes 36.0, lr 1.00e-03
    epoch 65: loss 0.4348, val_ap 0.6021, minutes 36.54, lr 1.00e-03
    epoch 66: loss 0.4275, val_ap 0.6023, minutes 37.11, lr 1.00e-03
    epoch 67: loss 0.4230, val_ap 0.5875, minutes 37.62, lr 1.00e-03
    epoch 68: loss 0.4202, val_ap 0.6010, minutes 38.16, lr 1.00e-03
    epoch 69: loss 0.4122, val_ap 0.5985, minutes 38.69, lr 1.00e-03
    epoch 70: loss 0.4067, val_ap 0.6036, minutes 39.22, lr 1.00e-03
    epoch 71: loss 0.4067, val_ap 0.6025, minutes 39.74, lr 1.00e-03
    epoch 72: loss 0.4126, val_ap 0.5973, minutes 40.27, lr 1.00e-03
    epoch 73: loss 0.4186, val_ap 0.5866, minutes 40.8, lr 1.00e-03
    epoch 74: loss 0.4204, val_ap 0.6042, minutes 41.33, lr 1.00e-03
    epoch 75: loss 0.4006, val_ap 0.6032, minutes 41.87, lr 1.00e-03
    epoch 76: loss 0.3969, val_ap 0.5983, minutes 42.41, lr 1.00e-03
    epoch 77: loss 0.4114, val_ap 0.5954, minutes 42.94, lr 1.00e-03
    epoch 78: loss 0.4069, val_ap 0.5965, minutes 43.53, lr 1.00e-03
    epoch 79: loss 0.4238, val_ap 0.5984, minutes 44.07, lr 1.00e-03
    epoch 80: loss 0.3805, val_ap 0.5974, minutes 44.65, lr 1.00e-03
    epoch 81: loss 0.3825, val_ap 0.5906, minutes 45.2, lr 1.00e-03
    epoch 82: loss 0.3931, val_ap 0.5940, minutes 45.73, lr 1.00e-03
    epoch 83: loss 0.3788, val_ap 0.6053, minutes 46.28, lr 1.00e-03
    epoch 84: loss 0.3938, val_ap 0.5974, minutes 46.81, lr 1.00e-03
    epoch 85: loss 0.3676, val_ap 0.6074, minutes 47.38, lr 1.00e-03
    epoch 86: loss 0.3759, val_ap 0.5970, minutes 47.93, lr 1.00e-03
    epoch 87: loss 0.3896, val_ap 0.5872, minutes 48.49, lr 1.00e-03
    epoch 88: loss 0.3686, val_ap 0.5872, minutes 49.03, lr 1.00e-03
    epoch 89: loss 0.3961, val_ap 0.5888, minutes 49.6, lr 1.00e-03
    epoch 90: loss 0.3825, val_ap 0.6008, minutes 50.14, lr 1.00e-03
    epoch 91: loss 0.3737, val_ap 0.5864, minutes 50.68, lr 1.00e-03
    epoch 92: loss 0.3645, val_ap 0.5924, minutes 51.24, lr 1.00e-03
    epoch 93: loss 0.3630, val_ap 0.5984, minutes 51.8, lr 1.00e-03
    epoch 94: loss 0.3668, val_ap 0.5860, minutes 52.35, lr 5.00e-04
    epoch 95: loss 0.3505, val_ap 0.5985, minutes 52.87, lr 5.00e-04
    epoch 96: loss 0.3435, val_ap 0.5972, minutes 53.42, lr 5.00e-04
    epoch 97: loss 0.3419, val_ap 0.5833, minutes 53.96, lr 5.00e-04
    epoch 98: loss 0.3401, val_ap 0.5922, minutes 54.49, lr 5.00e-04
    epoch 99: loss 0.3437, val_ap 0.6001, minutes 55.03, lr 5.00e-04
    epoch 100: loss 0.3318, val_ap 0.5945, minutes 55.55, lr 5.00e-04
    epoch 101: loss 0.3261, val_ap 0.5885, minutes 56.13, lr 5.00e-04
    epoch 102: loss 0.3299, val_ap 0.5915, minutes 56.65, lr 5.00e-04
    epoch 103: loss 0.3171, val_ap 0.5899, minutes 57.21, lr 2.50e-04
    epoch 104: loss 0.3178, val_ap 0.5892, minutes 57.76, lr 2.50e-04
    epoch 105: loss 0.3147, val_ap 0.5915, minutes 58.32, lr 2.50e-04
    epoch 106: loss 0.3198, val_ap 0.5890, minutes 58.87, lr 2.50e-04
    epoch 107: loss 0.3043, val_ap 0.5909, minutes 59.4, lr 2.50e-04
    epoch 108: loss 0.3213, val_ap 0.5902, minutes 59.94, lr 2.50e-04
    epoch 109: loss 0.3062, val_ap 0.5837, minutes 60.47, lr 2.50e-04
    epoch 110: loss 0.3138, val_ap 0.5928, minutes 61.01, lr 2.50e-04
    stopping: no validation gain in 25 epochs
[h2gcn dataset0 fold 0] done (61.7 min)
