loaded: dataset0 121,838 sites, data1 90,452
[scalar_drop dataset0 fold 3]
    kernel decay scale 113.4 nt (fitted to cell line 1 training labels)
    epoch 1: loss 1.9862, val_ap 0.0975, minutes 0.32, lr 3.33e-04
    epoch 2: loss 1.5995, val_ap 0.1747, minutes 0.64, lr 6.63e-04
    epoch 3: loss 1.3860, val_ap 0.3221, minutes 0.99, lr 9.92e-04
    epoch 4: loss 1.2412, val_ap 0.4622, minutes 1.33, lr 1.00e-03
    epoch 5: loss 1.1735, val_ap 0.4800, minutes 1.67, lr 1.00e-03
    epoch 6: loss 1.1185, val_ap 0.4910, minutes 1.97, lr 1.00e-03
    epoch 7: loss 1.0733, val_ap 0.4981, minutes 2.3, lr 1.00e-03
    epoch 8: loss 1.0459, val_ap 0.5096, minutes 2.61, lr 1.00e-03
    epoch 9: loss 1.0521, val_ap 0.5097, minutes 2.94, lr 1.00e-03
    epoch 10: loss 1.0357, val_ap 0.5173, minutes 3.28, lr 1.00e-03
    epoch 11: loss 1.0150, val_ap 0.5198, minutes 3.59, lr 1.00e-03
    epoch 12: loss 1.0069, val_ap 0.5196, minutes 3.92, lr 1.00e-03
    epoch 13: loss 0.9900, val_ap 0.5264, minutes 4.25, lr 1.00e-03
    epoch 14: loss 0.9883, val_ap 0.5285, minutes 4.58, lr 1.00e-03
    epoch 15: loss 1.0183, val_ap 0.5355, minutes 4.93, lr 1.00e-03
    epoch 16: loss 0.9794, val_ap 0.5349, minutes 5.25, lr 1.00e-03
    epoch 17: loss 1.0026, val_ap 0.5389, minutes 5.58, lr 1.00e-03
    epoch 18: loss 0.9577, val_ap 0.5453, minutes 5.91, lr 1.00e-03
    epoch 19: loss 0.9577, val_ap 0.5432, minutes 6.24, lr 1.00e-03
    epoch 20: loss 0.9491, val_ap 0.5496, minutes 6.59, lr 1.00e-03
    epoch 21: loss 0.9588, val_ap 0.5431, minutes 6.94, lr 1.00e-03
    epoch 22: loss 0.9573, val_ap 0.5459, minutes 7.25, lr 1.00e-03
    epoch 23: loss 0.9266, val_ap 0.5531, minutes 7.56, lr 1.00e-03
    epoch 24: loss 0.9417, val_ap 0.5569, minutes 7.9, lr 1.00e-03
    epoch 25: loss 0.9352, val_ap 0.5609, minutes 8.22, lr 1.00e-03
    epoch 26: loss 0.9403, val_ap 0.5567, minutes 8.55, lr 1.00e-03
    epoch 27: loss 0.9256, val_ap 0.5636, minutes 8.88, lr 1.00e-03
    epoch 28: loss 0.9286, val_ap 0.5527, minutes 9.2, lr 1.00e-03
    epoch 29: loss 0.9191, val_ap 0.5646, minutes 9.53, lr 1.00e-03
    epoch 30: loss 0.9158, val_ap 0.5650, minutes 9.86, lr 1.00e-03
    epoch 31: loss 0.9138, val_ap 0.5550, minutes 10.16, lr 1.00e-03
    epoch 32: loss 0.9222, val_ap 0.5662, minutes 10.48, lr 1.00e-03
    epoch 33: loss 0.9303, val_ap 0.5688, minutes 10.81, lr 1.00e-03
    epoch 34: loss 0.9082, val_ap 0.5706, minutes 11.17, lr 1.00e-03
    epoch 35: loss 0.9124, val_ap 0.5654, minutes 11.5, lr 1.00e-03
    epoch 36: loss 0.8879, val_ap 0.5647, minutes 11.82, lr 1.00e-03
    epoch 37: loss 0.9076, val_ap 0.5611, minutes 12.14, lr 1.00e-03
    epoch 38: loss 0.8964, val_ap 0.5706, minutes 12.46, lr 1.00e-03
    epoch 39: loss 0.9119, val_ap 0.5682, minutes 12.79, lr 1.00e-03
    epoch 40: loss 0.8892, val_ap 0.5719, minutes 13.13, lr 1.00e-03
    epoch 41: loss 0.9026, val_ap 0.5700, minutes 13.47, lr 1.00e-03
    epoch 42: loss 0.8761, val_ap 0.5804, minutes 13.82, lr 1.00e-03
    epoch 43: loss 0.8957, val_ap 0.5773, minutes 14.15, lr 1.00e-03
    epoch 44: loss 0.9042, val_ap 0.5779, minutes 14.5, lr 1.00e-03
    epoch 45: loss 0.8732, val_ap 0.5778, minutes 14.83, lr 1.00e-03
    epoch 46: loss 0.8651, val_ap 0.5828, minutes 15.17, lr 1.00e-03
    epoch 47: loss 0.8662, val_ap 0.5806, minutes 15.49, lr 1.00e-03
    epoch 48: loss 0.8713, val_ap 0.5872, minutes 15.82, lr 1.00e-03
    epoch 49: loss 0.8746, val_ap 0.5872, minutes 16.17, lr 1.00e-03
    epoch 50: loss 0.8692, val_ap 0.5781, minutes 16.49, lr 1.00e-03
    epoch 51: loss 0.8744, val_ap 0.5748, minutes 16.83, lr 1.00e-03
    epoch 52: loss 0.8630, val_ap 0.5862, minutes 17.15, lr 1.00e-03
    epoch 53: loss 0.8499, val_ap 0.5844, minutes 17.5, lr 1.00e-03
    epoch 54: loss 0.8754, val_ap 0.5857, minutes 17.81, lr 1.00e-03
    epoch 55: loss 0.8413, val_ap 0.5886, minutes 18.13, lr 1.00e-03
    epoch 56: loss 0.8744, val_ap 0.5823, minutes 18.47, lr 1.00e-03
    epoch 57: loss 0.8647, val_ap 0.5829, minutes 18.82, lr 1.00e-03
    epoch 58: loss 0.8457, val_ap 0.5795, minutes 19.17, lr 1.00e-03
    epoch 59: loss 0.8358, val_ap 0.5871, minutes 19.53, lr 1.00e-03
    epoch 60: loss 0.8521, val_ap 0.5861, minutes 19.87, lr 1.00e-03
    epoch 61: loss 0.8528, val_ap 0.5864, minutes 20.21, lr 1.00e-03
    epoch 62: loss 0.8392, val_ap 0.5794, minutes 20.53, lr 1.00e-03
    epoch 63: loss 0.8858, val_ap 0.5854, minutes 20.88, lr 1.00e-03
    epoch 64: loss 0.8366, val_ap 0.5990, minutes 21.2, lr 1.00e-03
    epoch 65: loss 0.8426, val_ap 0.5979, minutes 21.53, lr 1.00e-03
    epoch 66: loss 0.8410, val_ap 0.5943, minutes 21.88, lr 1.00e-03
    epoch 67: loss 0.8267, val_ap 0.5957, minutes 22.23, lr 1.00e-03
    epoch 68: loss 0.8353, val_ap 0.6077, minutes 22.58, lr 1.00e-03
    epoch 69: loss 0.8204, val_ap 0.6038, minutes 22.93, lr 1.00e-03
    epoch 70: loss 0.8359, val_ap 0.6076, minutes 23.25, lr 1.00e-03
    epoch 71: loss 0.8215, val_ap 0.6065, minutes 23.59, lr 1.00e-03
    epoch 72: loss 0.8248, val_ap 0.6039, minutes 23.93, lr 1.00e-03
    epoch 73: loss 0.8223, val_ap 0.5997, minutes 24.29, lr 1.00e-03
    epoch 74: loss 0.8108, val_ap 0.6017, minutes 24.66, lr 1.00e-03
    epoch 75: loss 0.7994, val_ap 0.6068, minutes 25.01, lr 1.00e-03
    epoch 76: loss 0.8143, val_ap 0.6026, minutes 25.36, lr 1.00e-03
    epoch 77: loss 0.8215, val_ap 0.6028, minutes 25.7, lr 5.00e-04
    epoch 78: loss 0.7944, val_ap 0.6090, minutes 26.04, lr 5.00e-04
    epoch 79: loss 0.7884, val_ap 0.6058, minutes 26.36, lr 5.00e-04
    epoch 80: loss 0.7933, val_ap 0.6040, minutes 26.64, lr 5.00e-04
    epoch 81: loss 0.7717, val_ap 0.6071, minutes 26.94, lr 5.00e-04
    epoch 82: loss 0.7901, val_ap 0.6091, minutes 27.26, lr 5.00e-04
    epoch 83: loss 0.7761, val_ap 0.6070, minutes 27.56, lr 5.00e-04
    epoch 84: loss 0.7767, val_ap 0.6096, minutes 27.92, lr 5.00e-04
    epoch 85: loss 0.7827, val_ap 0.6094, minutes 28.22, lr 5.00e-04
    epoch 86: loss 0.7732, val_ap 0.6134, minutes 28.53, lr 5.00e-04
    epoch 87: loss 0.7911, val_ap 0.6109, minutes 28.86, lr 5.00e-04
    epoch 88: loss 0.8124, val_ap 0.6056, minutes 29.15, lr 5.00e-04
    epoch 89: loss 0.7647, val_ap 0.6099, minutes 29.46, lr 5.00e-04
    epoch 90: loss 0.7787, val_ap 0.6114, minutes 29.78, lr 5.00e-04
    epoch 91: loss 0.7758, val_ap 0.6071, minutes 30.07, lr 5.00e-04
    epoch 92: loss 0.7765, val_ap 0.6141, minutes 30.37, lr 5.00e-04
    epoch 93: loss 0.7677, val_ap 0.6096, minutes 30.67, lr 5.00e-04
    epoch 94: loss 0.7698, val_ap 0.6062, minutes 30.98, lr 5.00e-04
    epoch 95: loss 0.7632, val_ap 0.6102, minutes 31.3, lr 5.00e-04
    epoch 96: loss 0.7656, val_ap 0.6122, minutes 31.63, lr 5.00e-04
    epoch 97: loss 0.7616, val_ap 0.6110, minutes 31.93, lr 5.00e-04
    epoch 98: loss 0.7635, val_ap 0.6176, minutes 32.22, lr 5.00e-04
    epoch 99: loss 0.7559, val_ap 0.6153, minutes 32.5, lr 5.00e-04
    epoch 100: loss 0.7647, val_ap 0.6131, minutes 32.76, lr 5.00e-04
    epoch 101: loss 0.7650, val_ap 0.6081, minutes 33.06, lr 5.00e-04
    epoch 102: loss 0.7787, val_ap 0.6122, minutes 33.35, lr 5.00e-04
    epoch 103: loss 0.7589, val_ap 0.6074, minutes 33.64, lr 5.00e-04
    epoch 104: loss 0.7529, val_ap 0.6149, minutes 33.92, lr 5.00e-04
    epoch 105: loss 0.7534, val_ap 0.6159, minutes 34.19, lr 5.00e-04
    epoch 106: loss 0.7461, val_ap 0.6116, minutes 34.46, lr 5.00e-04
    epoch 107: loss 0.7516, val_ap 0.6079, minutes 34.72, lr 2.50e-04
    epoch 108: loss 0.7399, val_ap 0.6127, minutes 35.0, lr 2.50e-04
    epoch 109: loss 0.7760, val_ap 0.6141, minutes 35.27, lr 2.50e-04
    epoch 110: loss 0.7484, val_ap 0.6152, minutes 35.53, lr 2.50e-04
    epoch 111: loss 0.7456, val_ap 0.6194, minutes 35.79, lr 2.50e-04
    epoch 112: loss 0.7393, val_ap 0.6156, minutes 36.03, lr 2.50e-04
    epoch 113: loss 0.7276, val_ap 0.6155, minutes 36.26, lr 2.50e-04
    epoch 114: loss 0.7303, val_ap 0.6153, minutes 36.49, lr 2.50e-04
    epoch 115: loss 0.7392, val_ap 0.6200, minutes 36.73, lr 2.50e-04
    epoch 116: loss 0.7220, val_ap 0.6122, minutes 36.96, lr 2.50e-04
    epoch 117: loss 0.7336, val_ap 0.6155, minutes 37.19, lr 2.50e-04
    epoch 118: loss 0.7423, val_ap 0.6131, minutes 37.42, lr 2.50e-04
    epoch 119: loss 0.7367, val_ap 0.6160, minutes 37.63, lr 2.50e-04
    epoch 120: loss 0.7273, val_ap 0.6149, minutes 37.85, lr 2.50e-04
    epoch 121: loss 0.7568, val_ap 0.6149, minutes 38.06, lr 2.50e-04
    epoch 122: loss 0.7367, val_ap 0.6145, minutes 38.28, lr 2.50e-04
    epoch 123: loss 0.7470, val_ap 0.6134, minutes 38.49, lr 2.50e-04
    epoch 124: loss 0.7242, val_ap 0.6160, minutes 38.71, lr 1.25e-04
    epoch 125: loss 0.7121, val_ap 0.6181, minutes 38.92, lr 1.25e-04
    epoch 126: loss 0.7123, val_ap 0.6151, minutes 39.14, lr 1.25e-04
    epoch 127: loss 0.7280, val_ap 0.6154, minutes 39.36, lr 1.25e-04
    epoch 128: loss 0.7076, val_ap 0.6154, minutes 39.57, lr 1.25e-04
    epoch 129: loss 0.7179, val_ap 0.6149, minutes 39.79, lr 1.25e-04
    epoch 130: loss 0.7256, val_ap 0.6188, minutes 40.01, lr 1.25e-04
    epoch 131: loss 0.6988, val_ap 0.6173, minutes 40.23, lr 1.25e-04
    epoch 132: loss 0.7227, val_ap 0.6126, minutes 40.44, lr 1.25e-04
    epoch 133: loss 0.7255, val_ap 0.6146, minutes 40.66, lr 6.25e-05
    epoch 134: loss 0.7224, val_ap 0.6148, minutes 40.88, lr 6.25e-05
    epoch 135: loss 0.7060, val_ap 0.6140, minutes 41.09, lr 6.25e-05
    epoch 136: loss 0.7098, val_ap 0.6158, minutes 41.31, lr 6.25e-05
    epoch 137: loss 0.7188, val_ap 0.6151, minutes 41.53, lr 6.25e-05
    epoch 138: loss 0.7207, val_ap 0.6160, minutes 41.74, lr 6.25e-05
    epoch 139: loss 0.7120, val_ap 0.6165, minutes 41.96, lr 6.25e-05
    epoch 140: loss 0.7147, val_ap 0.6161, minutes 42.18, lr 6.25e-05
    stopping: no validation gain in 25 epochs
[scalar_drop dataset0 fold 3] done (42.6 min)
