loaded: dataset0 121,838 sites, data1 90,452
[set_transformer pooled_both fold 3]
    epoch 1: loss 1.021614164714045, minutes 2.79, val_ap 0.36471248035414616, lr 0.00033389261744966444
    epoch 2: loss 0.9088388928430993, minutes 6.26, val_ap 0.37036643396292684, lr 0.0006672259507829977
    epoch 3: loss 0.8850760602911046, minutes 9.83, val_ap 0.40963555438168986, lr 0.001
    epoch 4: loss 0.8611651274981915, minutes 13.28, val_ap 0.4170174611055923, lr 0.001
    epoch 5: loss 0.8491152599453926, minutes 16.68, val_ap 0.4313340580503956, lr 0.001
    epoch 6: loss 0.8391173042907011, minutes 20.14, val_ap 0.42749822889421135, lr 0.001
    epoch 7: loss 0.8316927697734545, minutes 23.66, val_ap 0.43134829085340143, lr 0.001
    epoch 8: loss 0.8267407786326121, minutes 27.1, val_ap 0.42873170179881354, lr 0.001
    epoch 9: loss 0.8271857481074814, minutes 30.52, val_ap 0.4513120527183891, lr 0.001
    epoch 10: loss 0.8202632726638909, minutes 33.92, val_ap 0.4365169032997116, lr 0.001
    epoch 11: loss 0.8110591165671412, minutes 37.46, val_ap 0.44715415778120293, lr 0.001
    epoch 12: loss 0.806978065495523, minutes 40.95, val_ap 0.4478364112326458, lr 0.001
    epoch 13: loss 0.8081918750333306, minutes 44.42, val_ap 0.43962597895464955, lr 0.001
    epoch 14: loss 0.7996030437366274, minutes 47.84, val_ap 0.43954251458433163, lr 0.001
    epoch 15: loss 0.8001138376909614, minutes 51.25, val_ap 0.44568967545171784, lr 0.001
    epoch 16: loss 0.7936057366380755, minutes 54.7, val_ap 0.44479256038675374, lr 0.001
    epoch 17: loss 0.7887473048379757, minutes 58.15, val_ap 0.44432188225364433, lr 0.001
    epoch 18: loss 0.7865073022826407, minutes 61.6, val_ap 0.44966237895142885, lr 0.0005
    epoch 19: loss 0.766280480929269, minutes 65.02, val_ap 0.4509803202091432, lr 0.0005
    epoch 20: loss 0.7599493448666278, minutes 68.46, val_ap 0.45785274481546634, lr 0.0005
    epoch 21: loss 0.7564517971153227, minutes 71.89, val_ap 0.46386244284265654, lr 0.0005
    epoch 22: loss 0.7505848498252414, minutes 75.37, val_ap 0.4590415056933979, lr 0.0005
    epoch 23: loss 0.7493947384341452, minutes 78.82, val_ap 0.45269060533934463, lr 0.0005
    epoch 24: loss 0.7426354968607826, minutes 82.21, val_ap 0.45330307158449124, lr 0.0005
    epoch 25: loss 0.7411035120787236, minutes 85.68, val_ap 0.45424707138595755, lr 0.0005
    epoch 26: loss 0.7364280881897715, minutes 89.22, val_ap 0.4520710506880527, lr 0.0005
    epoch 27: loss 0.7358779457191493, minutes 92.67, val_ap 0.44947863298436036, lr 0.0005
    epoch 28: loss 0.7308719437194351, minutes 96.17, val_ap 0.45576715573909626, lr 0.0005
    epoch 29: loss 0.7267818291915343, minutes 99.6, val_ap 0.45753800444763715, lr 0.0005
    epoch 30: loss 0.726119189954444, minutes 103.07, val_ap 0.45233372175860265, lr 0.00025
    epoch 31: loss 0.7092781671441641, minutes 106.47, val_ap 0.45408236454914896, lr 0.00025
    epoch 32: loss 0.6936713575616779, minutes 109.8, val_ap 0.4601001275033513, lr 0.00025
    epoch 33: loss 0.6890866442914777, minutes 113.21, val_ap 0.4575266664248774, lr 0.00025
    epoch 34: loss 0.6859278244860221, minutes 116.6, val_ap 0.45747283970053665, lr 0.00025
    epoch 35: loss 0.6851895134020972, minutes 119.97, val_ap 0.4574785078336824, lr 0.00025
    epoch 36: loss 0.6838131420464324, minutes 123.4, val_ap 0.46056171708413013, lr 0.00025
    epoch 37: loss 0.6757978082403241, minutes 126.8, val_ap 0.45065571431462803, lr 0.00025
    epoch 38: loss 0.6735774638168763, minutes 130.12, val_ap 0.4616024634139705, lr 0.00025
    epoch 39: loss 0.6719093801291197, minutes 133.43, val_ap 0.45707169277056664, lr 0.000125
    epoch 40: loss 0.6580452020936365, minutes 136.78, val_ap 0.46269731061666924, lr 0.000125
    epoch 41: loss 0.6577841747027116, minutes 140.01, val_ap 0.4594855826097018, lr 0.000125
    epoch 42: loss 0.6574107546034276, minutes 143.32, val_ap 0.4571950150093125, lr 0.000125
    epoch 43: loss 0.6431858327564777, minutes 146.64, val_ap 0.45333974553679185, lr 0.000125
    epoch 44: loss 0.6479641452131656, minutes 149.96, val_ap 0.4543189569704642, lr 0.000125
    epoch 45: loss 0.6444582409106645, minutes 153.25, val_ap 0.4546698603765481, lr 0.000125
    stopping: no validation gain in 25 epochs
[set_transformer pooled_both fold 3] done (158.7 min)
