loaded: dataset0 121,838 sites, data1 90,452
[gps dataset0 fold 1 seed 1]
    epoch 1: loss 1.9725, val_ap 0.1844, minutes 1.35, lr 3.33e-04
    epoch 2: loss 1.5973, val_ap 0.2507, minutes 2.72, lr 6.63e-04
    epoch 3: loss 1.3636, val_ap 0.3945, minutes 4.09, lr 9.92e-04
    epoch 4: loss 1.1846, val_ap 0.4993, minutes 5.45, lr 1.00e-03
    epoch 5: loss 1.0720, val_ap 0.5271, minutes 6.85, lr 1.00e-03
    epoch 6: loss 1.0358, val_ap 0.5301, minutes 8.24, lr 1.00e-03
    epoch 7: loss 1.0128, val_ap 0.5389, minutes 9.64, lr 1.00e-03
    epoch 8: loss 1.0073, val_ap 0.5429, minutes 10.96, lr 1.00e-03
    epoch 9: loss 1.0047, val_ap 0.5477, minutes 12.35, lr 1.00e-03
    epoch 10: loss 0.9704, val_ap 0.5233, minutes 13.77, lr 1.00e-03
    epoch 11: loss 0.9609, val_ap 0.5490, minutes 15.2, lr 1.00e-03
    epoch 12: loss 0.9381, val_ap 0.5552, minutes 16.67, lr 1.00e-03
    epoch 13: loss 0.9211, val_ap 0.5454, minutes 18.08, lr 1.00e-03
    epoch 14: loss 0.9172, val_ap 0.5603, minutes 19.5, lr 1.00e-03
    epoch 15: loss 0.9216, val_ap 0.5572, minutes 20.9, lr 1.00e-03
    epoch 16: loss 0.9185, val_ap 0.5697, minutes 22.43, lr 1.00e-03
    epoch 17: loss 0.9160, val_ap 0.5335, minutes 23.91, lr 1.00e-03
    epoch 18: loss 0.8872, val_ap 0.5604, minutes 25.37, lr 1.00e-03
    epoch 19: loss 0.8723, val_ap 0.5595, minutes 26.83, lr 1.00e-03
    epoch 20: loss 0.9224, val_ap 0.5481, minutes 28.32, lr 1.00e-03
    epoch 21: loss 0.8893, val_ap 0.5702, minutes 29.79, lr 1.00e-03
    epoch 22: loss 0.8856, val_ap 0.5663, minutes 31.32, lr 1.00e-03
    epoch 23: loss 0.8768, val_ap 0.5730, minutes 32.78, lr 1.00e-03
    epoch 24: loss 0.8571, val_ap 0.5672, minutes 34.22, lr 1.00e-03
    epoch 25: loss 0.8761, val_ap 0.5579, minutes 35.66, lr 1.00e-03
    epoch 26: loss 0.8532, val_ap 0.5729, minutes 37.12, lr 1.00e-03
    epoch 27: loss 0.8504, val_ap 0.5792, minutes 38.54, lr 1.00e-03
    epoch 28: loss 0.8374, val_ap 0.5781, minutes 39.95, lr 1.00e-03
    epoch 29: loss 0.8462, val_ap 0.5722, minutes 41.37, lr 1.00e-03
    epoch 30: loss 0.8290, val_ap 0.5815, minutes 42.78, lr 1.00e-03
    epoch 31: loss 0.8474, val_ap 0.5691, minutes 44.22, lr 1.00e-03
    epoch 32: loss 0.8345, val_ap 0.5780, minutes 45.69, lr 1.00e-03
    epoch 33: loss 0.8220, val_ap 0.5897, minutes 47.14, lr 1.00e-03
    epoch 34: loss 0.8121, val_ap 0.5826, minutes 48.62, lr 1.00e-03
    epoch 35: loss 0.8200, val_ap 0.5805, minutes 50.07, lr 1.00e-03
    epoch 36: loss 0.8294, val_ap 0.5711, minutes 51.52, lr 1.00e-03
    epoch 37: loss 0.8269, val_ap 0.5780, minutes 52.99, lr 1.00e-03
    epoch 38: loss 0.7992, val_ap 0.5880, minutes 54.46, lr 1.00e-03
    epoch 39: loss 0.8339, val_ap 0.5871, minutes 55.94, lr 1.00e-03
    epoch 40: loss 0.8011, val_ap 0.5906, minutes 57.42, lr 1.00e-03
    epoch 41: loss 0.7862, val_ap 0.5876, minutes 58.83, lr 1.00e-03
    epoch 42: loss 0.7813, val_ap 0.5899, minutes 60.31, lr 1.00e-03
    epoch 43: loss 0.7696, val_ap 0.5916, minutes 61.78, lr 1.00e-03
    epoch 44: loss 0.7819, val_ap 0.5912, minutes 63.24, lr 1.00e-03
    epoch 45: loss 0.7759, val_ap 0.5849, minutes 64.68, lr 1.00e-03
    epoch 46: loss 0.7754, val_ap 0.5900, minutes 66.16, lr 1.00e-03
    epoch 47: loss 0.7718, val_ap 0.5876, minutes 67.61, lr 1.00e-03
    epoch 48: loss 0.7680, val_ap 0.5845, minutes 69.02, lr 1.00e-03
    epoch 49: loss 0.7476, val_ap 0.5840, minutes 70.5, lr 1.00e-03
    epoch 50: loss 0.7573, val_ap 0.5759, minutes 72.0, lr 1.00e-03
    epoch 51: loss 0.7346, val_ap 0.5911, minutes 73.45, lr 1.00e-03
    epoch 52: loss 0.7255, val_ap 0.5944, minutes 74.91, lr 1.00e-03
    epoch 53: loss 0.7462, val_ap 0.6065, minutes 76.35, lr 1.00e-03
    epoch 54: loss 0.7496, val_ap 0.5934, minutes 77.82, lr 1.00e-03
    epoch 55: loss 0.7275, val_ap 0.5729, minutes 79.28, lr 1.00e-03
    epoch 56: loss 0.7303, val_ap 0.5893, minutes 80.73, lr 1.00e-03
    epoch 57: loss 0.7250, val_ap 0.5767, minutes 82.17, lr 1.00e-03
    epoch 58: loss 0.7273, val_ap 0.5959, minutes 83.58, lr 1.00e-03
    epoch 59: loss 0.7075, val_ap 0.5798, minutes 85.04, lr 1.00e-03
    epoch 60: loss 0.7237, val_ap 0.5816, minutes 86.49, lr 1.00e-03
    epoch 61: loss 0.7004, val_ap 0.5855, minutes 87.9, lr 1.00e-03
    epoch 62: loss 0.7105, val_ap 0.5817, minutes 89.29, lr 5.00e-04
    epoch 63: loss 0.6805, val_ap 0.5798, minutes 90.67, lr 5.00e-04
    epoch 64: loss 0.6650, val_ap 0.5735, minutes 92.13, lr 5.00e-04
    epoch 65: loss 0.6610, val_ap 0.5917, minutes 93.55, lr 5.00e-04
    epoch 66: loss 0.6606, val_ap 0.5754, minutes 94.95, lr 5.00e-04
    epoch 67: loss 0.6713, val_ap 0.5761, minutes 96.39, lr 5.00e-04
    epoch 68: loss 0.6539, val_ap 0.5729, minutes 97.91, lr 5.00e-04
    epoch 69: loss 0.6667, val_ap 0.5821, minutes 99.35, lr 5.00e-04
    epoch 70: loss 0.6496, val_ap 0.5880, minutes 100.81, lr 5.00e-04
    epoch 71: loss 0.6491, val_ap 0.5855, minutes 102.28, lr 2.50e-04
    epoch 72: loss 0.6241, val_ap 0.5804, minutes 103.74, lr 2.50e-04
    epoch 73: loss 0.6275, val_ap 0.5800, minutes 105.19, lr 2.50e-04
    epoch 74: loss 0.6327, val_ap 0.5821, minutes 106.59, lr 2.50e-04
    epoch 75: loss 0.6157, val_ap 0.5725, minutes 108.13, lr 2.50e-04
    epoch 76: loss 0.6293, val_ap 0.5698, minutes 109.57, lr 2.50e-04
    epoch 77: loss 0.6311, val_ap 0.5691, minutes 110.99, lr 2.50e-04
    epoch 78: loss 0.6164, val_ap 0.5683, minutes 112.42, lr 2.50e-04
    stopping: no validation gain in 25 epochs
[gps dataset0 fold 1 seed 1] done (113.4 min)
