loaded: dataset0 121,838 sites, data1 90,452
[fk_band_shuffled dataset0 fold 4]
    band weights [0.402, 0.362, 0.236] (bands ((0, 30), (30, 75), (75, 150)))
    epoch 1: loss 1.9658, val_ap 0.1568, minutes 0.53, lr 3.33e-04
    epoch 2: loss 1.5549, val_ap 0.2622, minutes 1.09, lr 6.63e-04
    epoch 3: loss 1.3570, val_ap 0.4073, minutes 1.59, lr 9.92e-04
    epoch 4: loss 1.1951, val_ap 0.4863, minutes 2.11, lr 1.00e-03
    epoch 5: loss 1.1140, val_ap 0.5117, minutes 2.59, lr 1.00e-03
    epoch 6: loss 1.0957, val_ap 0.4995, minutes 3.15, lr 1.00e-03
    epoch 7: loss 1.0240, val_ap 0.5392, minutes 3.69, lr 1.00e-03
    epoch 8: loss 1.0117, val_ap 0.5537, minutes 4.15, lr 1.00e-03
    epoch 9: loss 0.9976, val_ap 0.5667, minutes 4.73, lr 1.00e-03
    epoch 10: loss 0.9667, val_ap 0.5651, minutes 5.23, lr 1.00e-03
    epoch 11: loss 0.9766, val_ap 0.5683, minutes 5.76, lr 1.00e-03
    epoch 12: loss 0.9529, val_ap 0.5635, minutes 6.31, lr 1.00e-03
    epoch 13: loss 0.9398, val_ap 0.5709, minutes 6.87, lr 1.00e-03
    epoch 14: loss 0.9245, val_ap 0.5713, minutes 7.39, lr 1.00e-03
    epoch 15: loss 0.9256, val_ap 0.5669, minutes 7.9, lr 1.00e-03
    epoch 16: loss 0.9190, val_ap 0.5648, minutes 8.41, lr 1.00e-03
    epoch 17: loss 0.9139, val_ap 0.5742, minutes 8.9, lr 1.00e-03
    epoch 18: loss 0.9064, val_ap 0.5573, minutes 9.48, lr 1.00e-03
    epoch 19: loss 0.9082, val_ap 0.5722, minutes 9.99, lr 1.00e-03
    epoch 20: loss 0.9356, val_ap 0.5654, minutes 10.46, lr 1.00e-03
    epoch 21: loss 0.8762, val_ap 0.5801, minutes 11.04, lr 1.00e-03
    epoch 22: loss 0.8790, val_ap 0.5763, minutes 11.55, lr 1.00e-03
    epoch 23: loss 0.9044, val_ap 0.5744, minutes 12.03, lr 1.00e-03
    epoch 24: loss 0.8954, val_ap 0.5734, minutes 12.63, lr 1.00e-03
    epoch 25: loss 0.8715, val_ap 0.5775, minutes 13.11, lr 1.00e-03
    epoch 26: loss 0.8634, val_ap 0.5793, minutes 13.74, lr 1.00e-03
    epoch 27: loss 0.8755, val_ap 0.5768, minutes 14.27, lr 1.00e-03
    epoch 28: loss 0.8700, val_ap 0.5774, minutes 14.78, lr 1.00e-03
    epoch 29: loss 0.8510, val_ap 0.5821, minutes 15.31, lr 1.00e-03
    epoch 30: loss 0.8447, val_ap 0.5778, minutes 15.81, lr 1.00e-03
    epoch 31: loss 0.8453, val_ap 0.5827, minutes 16.28, lr 1.00e-03
    epoch 32: loss 0.8403, val_ap 0.5856, minutes 16.79, lr 1.00e-03
    epoch 33: loss 0.8230, val_ap 0.5795, minutes 17.32, lr 1.00e-03
    epoch 34: loss 0.8431, val_ap 0.5868, minutes 17.85, lr 1.00e-03
    epoch 35: loss 0.8660, val_ap 0.5853, minutes 18.43, lr 1.00e-03
    epoch 36: loss 0.8400, val_ap 0.5894, minutes 18.97, lr 1.00e-03
    epoch 37: loss 0.8690, val_ap 0.5884, minutes 19.49, lr 1.00e-03
    epoch 38: loss 0.8222, val_ap 0.5880, minutes 20.02, lr 1.00e-03
    epoch 39: loss 0.8241, val_ap 0.5857, minutes 20.51, lr 1.00e-03
    epoch 40: loss 0.8138, val_ap 0.5851, minutes 21.02, lr 1.00e-03
    epoch 41: loss 0.8067, val_ap 0.5878, minutes 21.55, lr 1.00e-03
    epoch 42: loss 0.8115, val_ap 0.5865, minutes 22.04, lr 1.00e-03
    epoch 43: loss 0.8205, val_ap 0.5879, minutes 22.57, lr 1.00e-03
    epoch 44: loss 0.8011, val_ap 0.5894, minutes 23.07, lr 1.00e-03
    epoch 45: loss 0.8130, val_ap 0.5955, minutes 23.58, lr 1.00e-03
    epoch 46: loss 0.8119, val_ap 0.5875, minutes 24.11, lr 1.00e-03
    epoch 47: loss 0.7876, val_ap 0.5945, minutes 24.61, lr 1.00e-03
    epoch 48: loss 0.8053, val_ap 0.5913, minutes 25.12, lr 1.00e-03
    epoch 49: loss 0.8199, val_ap 0.5884, minutes 25.61, lr 1.00e-03
    epoch 50: loss 0.7910, val_ap 0.5904, minutes 26.11, lr 1.00e-03
    epoch 51: loss 0.7878, val_ap 0.5901, minutes 26.63, lr 1.00e-03
    epoch 52: loss 0.7938, val_ap 0.5936, minutes 27.13, lr 1.00e-03
    epoch 53: loss 0.7866, val_ap 0.5910, minutes 27.63, lr 1.00e-03
    epoch 54: loss 0.7831, val_ap 0.5925, minutes 28.12, lr 5.00e-04
    epoch 55: loss 0.7604, val_ap 0.5959, minutes 28.59, lr 5.00e-04
    epoch 56: loss 0.7596, val_ap 0.5941, minutes 29.07, lr 5.00e-04
    epoch 57: loss 0.7498, val_ap 0.5939, minutes 29.56, lr 5.00e-04
    epoch 58: loss 0.7595, val_ap 0.5895, minutes 30.02, lr 5.00e-04
    epoch 59: loss 0.7575, val_ap 0.5899, minutes 30.54, lr 5.00e-04
    epoch 60: loss 0.7563, val_ap 0.5899, minutes 31.02, lr 5.00e-04
    epoch 61: loss 0.7413, val_ap 0.5883, minutes 31.53, lr 5.00e-04
    epoch 62: loss 0.7631, val_ap 0.5933, minutes 32.02, lr 5.00e-04
    epoch 63: loss 0.7424, val_ap 0.5921, minutes 32.5, lr 5.00e-04
    epoch 64: loss 0.7421, val_ap 0.5908, minutes 33.0, lr 2.50e-04
    epoch 65: loss 0.7248, val_ap 0.5968, minutes 33.55, lr 2.50e-04
    epoch 66: loss 0.7334, val_ap 0.5947, minutes 34.02, lr 2.50e-04
    epoch 67: loss 0.7252, val_ap 0.5935, minutes 34.5, lr 2.50e-04
    epoch 68: loss 0.7156, val_ap 0.5939, minutes 34.97, lr 2.50e-04
    epoch 69: loss 0.7229, val_ap 0.5915, minutes 35.46, lr 2.50e-04
    epoch 70: loss 0.7150, val_ap 0.5895, minutes 35.91, lr 2.50e-04
    epoch 71: loss 0.7076, val_ap 0.5899, minutes 36.39, lr 2.50e-04
    epoch 72: loss 0.7203, val_ap 0.5946, minutes 36.84, lr 2.50e-04
    epoch 73: loss 0.7222, val_ap 0.5932, minutes 37.39, lr 2.50e-04
    epoch 74: loss 0.7189, val_ap 0.5919, minutes 37.87, lr 1.25e-04
    epoch 75: loss 0.7082, val_ap 0.5930, minutes 38.36, lr 1.25e-04
    epoch 76: loss 0.7110, val_ap 0.5929, minutes 38.84, lr 1.25e-04
    epoch 77: loss 0.7025, val_ap 0.5916, minutes 39.33, lr 1.25e-04
    epoch 78: loss 0.7044, val_ap 0.5916, minutes 39.84, lr 1.25e-04
    epoch 79: loss 0.7158, val_ap 0.5936, minutes 40.29, lr 1.25e-04
    epoch 80: loss 0.7020, val_ap 0.5941, minutes 40.74, lr 1.25e-04
    epoch 81: loss 0.7085, val_ap 0.5907, minutes 41.21, lr 1.25e-04
    epoch 82: loss 0.6956, val_ap 0.5928, minutes 41.68, lr 1.25e-04
    epoch 83: loss 0.7056, val_ap 0.5914, minutes 42.15, lr 6.25e-05
    epoch 84: loss 0.6992, val_ap 0.5925, minutes 42.66, lr 6.25e-05
    epoch 85: loss 0.6957, val_ap 0.5916, minutes 43.13, lr 6.25e-05
    epoch 86: loss 0.6954, val_ap 0.5898, minutes 43.65, lr 6.25e-05
    epoch 87: loss 0.7002, val_ap 0.5910, minutes 44.19, lr 6.25e-05
    epoch 88: loss 0.6932, val_ap 0.5887, minutes 44.64, lr 6.25e-05
    epoch 89: loss 0.6978, val_ap 0.5913, minutes 45.15, lr 6.25e-05
    epoch 90: loss 0.6957, val_ap 0.5909, minutes 45.6, lr 6.25e-05
    stopping: no validation gain in 25 epochs
[fk_band_shuffled dataset0 fold 4] done (46.4 min)
