loaded: dataset0 121,838 sites, data1 90,452
[res_nodrop dataset0 fold 1 seed 1]
    kernel decay scale 114.6 nt (fitted to cell line 1 training labels)
    epoch 1: loss 1.9583, val_ap 0.1638, minutes 0.47, lr 3.33e-04
    epoch 2: loss 1.5733, val_ap 0.2581, minutes 1.0, lr 6.63e-04
    epoch 3: loss 1.3375, val_ap 0.4158, minutes 1.52, lr 9.92e-04
    epoch 4: loss 1.1757, val_ap 0.4981, minutes 2.02, lr 1.00e-03
    epoch 5: loss 1.0875, val_ap 0.5146, minutes 2.5, lr 1.00e-03
    epoch 6: loss 1.0750, val_ap 0.5162, minutes 3.03, lr 1.00e-03
    epoch 7: loss 1.0208, val_ap 0.5311, minutes 3.5, lr 1.00e-03
    epoch 8: loss 1.0074, val_ap 0.5475, minutes 3.96, lr 1.00e-03
    epoch 9: loss 1.0068, val_ap 0.5541, minutes 4.45, lr 1.00e-03
    epoch 10: loss 0.9745, val_ap 0.5419, minutes 4.95, lr 1.00e-03
    epoch 11: loss 0.9542, val_ap 0.5555, minutes 5.44, lr 1.00e-03
    epoch 12: loss 0.9443, val_ap 0.5622, minutes 5.94, lr 1.00e-03
    epoch 13: loss 0.9281, val_ap 0.5448, minutes 6.45, lr 1.00e-03
    epoch 14: loss 0.9285, val_ap 0.5581, minutes 6.94, lr 1.00e-03
    epoch 15: loss 0.9335, val_ap 0.5643, minutes 7.42, lr 1.00e-03
    epoch 16: loss 0.9191, val_ap 0.5710, minutes 7.89, lr 1.00e-03
    epoch 17: loss 0.9222, val_ap 0.5635, minutes 8.42, lr 1.00e-03
    epoch 18: loss 0.9000, val_ap 0.5709, minutes 8.92, lr 1.00e-03
    epoch 19: loss 0.8874, val_ap 0.5727, minutes 9.42, lr 1.00e-03
    epoch 20: loss 0.9185, val_ap 0.5600, minutes 9.92, lr 1.00e-03
    epoch 21: loss 0.9034, val_ap 0.5769, minutes 10.42, lr 1.00e-03
    epoch 22: loss 0.8976, val_ap 0.5751, minutes 10.91, lr 1.00e-03
    epoch 23: loss 0.8953, val_ap 0.5748, minutes 11.39, lr 1.00e-03
    epoch 24: loss 0.8726, val_ap 0.5716, minutes 11.86, lr 1.00e-03
    epoch 25: loss 0.8857, val_ap 0.5726, minutes 12.34, lr 1.00e-03
    epoch 26: loss 0.8718, val_ap 0.5745, minutes 12.81, lr 1.00e-03
    epoch 27: loss 0.8683, val_ap 0.5815, minutes 13.33, lr 1.00e-03
    epoch 28: loss 0.8577, val_ap 0.5774, minutes 13.8, lr 1.00e-03
    epoch 29: loss 0.8714, val_ap 0.5778, minutes 14.3, lr 1.00e-03
    epoch 30: loss 0.8499, val_ap 0.5838, minutes 14.77, lr 1.00e-03
    epoch 31: loss 0.8755, val_ap 0.5788, minutes 15.29, lr 1.00e-03
    epoch 32: loss 0.8656, val_ap 0.5856, minutes 15.79, lr 1.00e-03
    epoch 33: loss 0.8423, val_ap 0.5895, minutes 16.26, lr 1.00e-03
    epoch 34: loss 0.8441, val_ap 0.5886, minutes 16.74, lr 1.00e-03
    epoch 35: loss 0.8450, val_ap 0.5914, minutes 17.26, lr 1.00e-03
    epoch 36: loss 0.8670, val_ap 0.5866, minutes 17.76, lr 1.00e-03
    epoch 37: loss 0.8560, val_ap 0.5939, minutes 18.26, lr 1.00e-03
    epoch 38: loss 0.8319, val_ap 0.5978, minutes 18.75, lr 1.00e-03
    epoch 39: loss 0.8581, val_ap 0.6029, minutes 19.27, lr 1.00e-03
    epoch 40: loss 0.8271, val_ap 0.5965, minutes 19.76, lr 1.00e-03
    epoch 41: loss 0.8273, val_ap 0.6021, minutes 20.26, lr 1.00e-03
    epoch 42: loss 0.8148, val_ap 0.6018, minutes 20.76, lr 1.00e-03
    epoch 43: loss 0.8116, val_ap 0.5961, minutes 21.25, lr 1.00e-03
    epoch 44: loss 0.8186, val_ap 0.6015, minutes 21.73, lr 1.00e-03
    epoch 45: loss 0.8300, val_ap 0.5994, minutes 22.16, lr 1.00e-03
    epoch 46: loss 0.8158, val_ap 0.6073, minutes 22.62, lr 1.00e-03
    epoch 47: loss 0.8143, val_ap 0.6040, minutes 23.11, lr 1.00e-03
    epoch 48: loss 0.8150, val_ap 0.6042, minutes 23.58, lr 1.00e-03
    epoch 49: loss 0.8017, val_ap 0.5984, minutes 24.06, lr 1.00e-03
    epoch 50: loss 0.8073, val_ap 0.5985, minutes 24.54, lr 1.00e-03
    epoch 51: loss 0.7872, val_ap 0.6058, minutes 25.05, lr 1.00e-03
    epoch 52: loss 0.7845, val_ap 0.6061, minutes 25.53, lr 1.00e-03
    epoch 53: loss 0.7891, val_ap 0.6120, minutes 26.02, lr 1.00e-03
    epoch 54: loss 0.7976, val_ap 0.6068, minutes 26.51, lr 1.00e-03
    epoch 55: loss 0.7966, val_ap 0.6059, minutes 26.99, lr 1.00e-03
    epoch 56: loss 0.7969, val_ap 0.6003, minutes 27.5, lr 1.00e-03
    epoch 57: loss 0.7872, val_ap 0.6062, minutes 27.99, lr 1.00e-03
    epoch 58: loss 0.7925, val_ap 0.6011, minutes 28.47, lr 1.00e-03
    epoch 59: loss 0.7712, val_ap 0.6002, minutes 28.94, lr 1.00e-03
    epoch 60: loss 0.7846, val_ap 0.6092, minutes 29.44, lr 1.00e-03
    epoch 61: loss 0.7741, val_ap 0.6124, minutes 29.93, lr 1.00e-03
    epoch 62: loss 0.7888, val_ap 0.6128, minutes 30.42, lr 1.00e-03
    epoch 63: loss 0.7708, val_ap 0.6073, minutes 30.9, lr 1.00e-03
    epoch 64: loss 0.7619, val_ap 0.6095, minutes 31.35, lr 1.00e-03
    epoch 65: loss 0.7701, val_ap 0.6095, minutes 31.82, lr 1.00e-03
    epoch 66: loss 0.7715, val_ap 0.6089, minutes 32.32, lr 1.00e-03
    epoch 67: loss 0.7802, val_ap 0.6131, minutes 32.78, lr 1.00e-03
    epoch 68: loss 0.7413, val_ap 0.6040, minutes 33.26, lr 1.00e-03
    epoch 69: loss 0.7618, val_ap 0.6026, minutes 33.72, lr 1.00e-03
    epoch 70: loss 0.7571, val_ap 0.6036, minutes 34.2, lr 1.00e-03
    epoch 71: loss 0.7458, val_ap 0.6070, minutes 34.68, lr 1.00e-03
    epoch 72: loss 0.7429, val_ap 0.6114, minutes 35.2, lr 1.00e-03
    epoch 73: loss 0.7489, val_ap 0.6121, minutes 35.66, lr 1.00e-03
    epoch 74: loss 0.7433, val_ap 0.6095, minutes 36.16, lr 1.00e-03
    epoch 75: loss 0.7284, val_ap 0.6116, minutes 36.61, lr 1.00e-03
    epoch 76: loss 0.7371, val_ap 0.5878, minutes 37.11, lr 5.00e-04
    epoch 77: loss 0.7242, val_ap 0.6004, minutes 37.6, lr 5.00e-04
    epoch 78: loss 0.7009, val_ap 0.6091, minutes 38.13, lr 5.00e-04
    epoch 79: loss 0.6981, val_ap 0.6099, minutes 38.61, lr 5.00e-04
    epoch 80: loss 0.7096, val_ap 0.6104, minutes 39.09, lr 5.00e-04
    epoch 81: loss 0.6885, val_ap 0.6004, minutes 39.53, lr 5.00e-04
    epoch 82: loss 0.7029, val_ap 0.6055, minutes 40.02, lr 5.00e-04
    epoch 83: loss 0.7122, val_ap 0.6074, minutes 40.52, lr 5.00e-04
    epoch 84: loss 0.6979, val_ap 0.6089, minutes 41.0, lr 5.00e-04
    epoch 85: loss 0.6910, val_ap 0.6044, minutes 41.5, lr 2.50e-04
    epoch 86: loss 0.6943, val_ap 0.6109, minutes 41.98, lr 2.50e-04
    epoch 87: loss 0.6822, val_ap 0.6118, minutes 42.47, lr 2.50e-04
    epoch 88: loss 0.6739, val_ap 0.6103, minutes 42.95, lr 2.50e-04
    epoch 89: loss 0.6785, val_ap 0.6109, minutes 43.44, lr 2.50e-04
    epoch 90: loss 0.6820, val_ap 0.6094, minutes 43.92, lr 2.50e-04
    epoch 91: loss 0.6740, val_ap 0.6091, minutes 44.39, lr 2.50e-04
    epoch 92: loss 0.6822, val_ap 0.6129, minutes 44.86, lr 2.50e-04
    stopping: no validation gain in 25 epochs
[res_nodrop dataset0 fold 1 seed 1] done (45.7 min)
