loaded: dataset0 121,838 sites, data1 90,452
[set_transformer dataset0 fold 4]
    epoch 1: loss 0.9888107977634253, minutes 1.58, val_ap 0.32704437378805107, lr 0.00033430232558139537
    epoch 2: loss 0.8320986498580423, minutes 3.52, val_ap 0.4498740148827532, lr 0.0006676356589147286
    epoch 3: loss 0.7898083595169145, minutes 5.67, val_ap 0.43730934276352473, lr 0.001
    epoch 4: loss 0.7587609146396781, minutes 7.7, val_ap 0.3997531000027816, lr 0.001
    epoch 5: loss 0.7373967471337596, minutes 9.76, val_ap 0.4344114816840898, lr 0.001
    epoch 6: loss 0.719804571161783, minutes 11.89, val_ap 0.4844725345968884, lr 0.001
    epoch 7: loss 0.7058463898855586, minutes 13.89, val_ap 0.45326618351412656, lr 0.001
    epoch 8: loss 0.6916037959068321, minutes 15.98, val_ap 0.48543073445552815, lr 0.001
    epoch 9: loss 0.6927294414923635, minutes 17.98, val_ap 0.5204108749513623, lr 0.001
    epoch 10: loss 0.6818333624234033, minutes 20.03, val_ap 0.49081191327210333, lr 0.001
    epoch 11: loss 0.6719057853658532, minutes 22.04, val_ap 0.5001322606395157, lr 0.001
    epoch 12: loss 0.6790368621519138, minutes 24.03, val_ap 0.48559788296744144, lr 0.001
    epoch 13: loss 0.6751158313695774, minutes 26.1, val_ap 0.4882140314974791, lr 0.001
    epoch 14: loss 0.6730652117971764, minutes 28.15, val_ap 0.48599730271304825, lr 0.001
    epoch 15: loss 0.6620777467655581, minutes 30.21, val_ap 0.4904947898719237, lr 0.001
    epoch 16: loss 0.6616596741558507, minutes 32.27, val_ap 0.4985238703722706, lr 0.001
    epoch 17: loss 0.6556413154615912, minutes 34.29, val_ap 0.5146598276058436, lr 0.001
    epoch 18: loss 0.6567786841025186, minutes 36.34, val_ap 0.4904461454961797, lr 0.0005
    epoch 19: loss 0.6287778877588206, minutes 38.39, val_ap 0.5135040439750755, lr 0.0005
    epoch 20: loss 0.6188292104837506, minutes 40.43, val_ap 0.5125775162984559, lr 0.0005
    epoch 21: loss 0.6074716509428135, minutes 42.51, val_ap 0.49985399946278797, lr 0.0005
    epoch 22: loss 0.6100374740916629, minutes 44.54, val_ap 0.5345228765133594, lr 0.0005
    epoch 23: loss 0.6115541761351186, minutes 46.56, val_ap 0.5176598756658147, lr 0.0005
    epoch 24: loss 0.6046236414722231, minutes 48.61, val_ap 0.5339453862256547, lr 0.0005
    epoch 25: loss 0.5928334502806497, minutes 50.6, val_ap 0.5343305284311584, lr 0.0005
    epoch 26: loss 0.5792066474380189, minutes 52.63, val_ap 0.5203618490378448, lr 0.0005
    epoch 27: loss 0.5941691948750685, minutes 54.7, val_ap 0.5374420204176747, lr 0.0005
    epoch 28: loss 0.5886820700279501, minutes 56.74, val_ap 0.5311999300557513, lr 0.0005
    epoch 29: loss 0.5916339807039084, minutes 58.78, val_ap 0.5338366853480555, lr 0.0005
    epoch 30: loss 0.5748272173453209, minutes 60.83, val_ap 0.5220736008030813, lr 0.0005
    epoch 31: loss 0.5799183197492777, minutes 62.86, val_ap 0.5219282944599175, lr 0.0005
    epoch 32: loss 0.572298037971175, minutes 64.87, val_ap 0.5224249515726073, lr 0.0005
    epoch 33: loss 0.5728816722714624, minutes 66.88, val_ap 0.48128860869936096, lr 0.0005
    epoch 34: loss 0.5710159209231997, minutes 68.89, val_ap 0.5165710196913611, lr 0.0005
    epoch 35: loss 0.5673610173858875, minutes 70.98, val_ap 0.5313321943519803, lr 0.0005
    epoch 36: loss 0.5588405386999596, minutes 73.03, val_ap 0.5308951342407102, lr 0.00025
    epoch 37: loss 0.5336089165837958, minutes 75.07, val_ap 0.5246119246531826, lr 0.00025
    epoch 38: loss 0.5332748967461115, minutes 77.08, val_ap 0.5349192600715823, lr 0.00025
    epoch 39: loss 0.527779615159298, minutes 79.05, val_ap 0.5229052859577602, lr 0.00025
    epoch 40: loss 0.5262372834218103, minutes 81.12, val_ap 0.5160602626229144, lr 0.00025
    epoch 41: loss 0.5144755050626605, minutes 83.17, val_ap 0.5274338406816405, lr 0.00025
    epoch 42: loss 0.5294476902588855, minutes 85.22, val_ap 0.5284534529968693, lr 0.00025
    epoch 43: loss 0.5162330995811972, minutes 87.22, val_ap 0.5252386744735672, lr 0.00025
    epoch 44: loss 0.5121102359059245, minutes 89.26, val_ap 0.5252823472641556, lr 0.00025
    epoch 45: loss 0.5089450488516758, minutes 91.23, val_ap 0.5356797044451458, lr 0.000125
    epoch 46: loss 0.49217116806742756, minutes 93.2, val_ap 0.5266984253694423, lr 0.000125
    epoch 47: loss 0.4934235054479782, minutes 95.24, val_ap 0.5339041442845903, lr 0.000125
    epoch 48: loss 0.4961670508045097, minutes 97.15, val_ap 0.5318776963913106, lr 0.000125
    epoch 49: loss 0.48322996258908923, minutes 99.13, val_ap 0.5241650800565187, lr 0.000125
    epoch 50: loss 0.4780964073833338, minutes 101.11, val_ap 0.5220226997127283, lr 0.000125
    epoch 51: loss 0.484724078544004, minutes 103.07, val_ap 0.527704308133673, lr 0.000125
    stopping: no validation gain in 25 epochs
[set_transformer dataset0 fold 4] done (107.2 min)
