loaded: dataset0 121,838 sites, data1 90,452
[res_gate pooled_both fold 2 seed 1]
    kernel decay scale 108.1 nt (fitted to cell line 1 training labels)
    epoch 1: loss 1.8855, val_ap 0.1721, minutes 0.81, lr 3.31e-04
    epoch 2: loss 1.5550, val_ap 0.3181, minutes 1.64, lr 6.58e-04
    epoch 3: loss 1.3904, val_ap 0.4202, minutes 2.43, lr 9.87e-04
    epoch 4: loss 1.3271, val_ap 0.4501, minutes 3.32, lr 1.00e-03
    epoch 5: loss 1.2718, val_ap 0.4686, minutes 4.09, lr 1.00e-03
    epoch 6: loss 1.2682, val_ap 0.4625, minutes 4.91, lr 1.00e-03
    epoch 7: loss 1.2562, val_ap 0.4776, minutes 5.68, lr 1.00e-03
    epoch 8: loss 1.2467, val_ap 0.4790, minutes 6.49, lr 1.00e-03
    epoch 9: loss 1.2312, val_ap 0.4848, minutes 7.31, lr 1.00e-03
    epoch 10: loss 1.2255, val_ap 0.4841, minutes 8.14, lr 1.00e-03
    epoch 11: loss 1.2091, val_ap 0.4930, minutes 8.96, lr 1.00e-03
    epoch 12: loss 1.1986, val_ap 0.4903, minutes 9.76, lr 1.00e-03
    epoch 13: loss 1.2106, val_ap 0.4898, minutes 10.53, lr 1.00e-03
    epoch 14: loss 1.1931, val_ap 0.4959, minutes 11.27, lr 1.00e-03
    epoch 15: loss 1.2002, val_ap 0.4997, minutes 12.04, lr 1.00e-03
    epoch 16: loss 1.1874, val_ap 0.4969, minutes 12.8, lr 1.00e-03
    epoch 17: loss 1.1834, val_ap 0.4949, minutes 13.58, lr 1.00e-03
    epoch 18: loss 1.1801, val_ap 0.4924, minutes 14.45, lr 1.00e-03
    epoch 19: loss 1.1859, val_ap 0.5043, minutes 15.28, lr 1.00e-03
    epoch 20: loss 1.1778, val_ap 0.5015, minutes 16.08, lr 1.00e-03
    epoch 21: loss 1.1716, val_ap 0.5024, minutes 16.84, lr 1.00e-03
    epoch 22: loss 1.1612, val_ap 0.5085, minutes 17.63, lr 1.00e-03
    epoch 23: loss 1.1643, val_ap 0.4999, minutes 18.36, lr 1.00e-03
    epoch 24: loss 1.1611, val_ap 0.5023, minutes 19.14, lr 1.00e-03
    epoch 25: loss 1.1616, val_ap 0.5065, minutes 19.9, lr 1.00e-03
    epoch 26: loss 1.1579, val_ap 0.5008, minutes 20.7, lr 1.00e-03
    epoch 27: loss 1.1634, val_ap 0.5078, minutes 21.54, lr 1.00e-03
    epoch 28: loss 1.1472, val_ap 0.5003, minutes 22.31, lr 1.00e-03
    epoch 29: loss 1.1468, val_ap 0.5112, minutes 23.13, lr 1.00e-03
    epoch 30: loss 1.1426, val_ap 0.5052, minutes 23.89, lr 1.00e-03
    epoch 31: loss 1.1445, val_ap 0.5066, minutes 24.68, lr 1.00e-03
    epoch 32: loss 1.1395, val_ap 0.5112, minutes 25.47, lr 1.00e-03
    epoch 33: loss 1.1454, val_ap 0.4924, minutes 26.29, lr 1.00e-03
    epoch 34: loss 1.2686, val_ap 0.5006, minutes 27.05, lr 1.00e-03
    epoch 35: loss 1.1472, val_ap 0.5066, minutes 27.86, lr 1.00e-03
    epoch 36: loss 1.1397, val_ap 0.5078, minutes 28.63, lr 1.00e-03
    epoch 37: loss 1.1398, val_ap 0.5091, minutes 29.42, lr 1.00e-03
    epoch 38: loss 1.1305, val_ap 0.5083, minutes 30.19, lr 5.00e-04
    epoch 39: loss 1.1237, val_ap 0.5104, minutes 30.93, lr 5.00e-04
    epoch 40: loss 1.1192, val_ap 0.5120, minutes 31.76, lr 5.00e-04
    epoch 41: loss 1.1151, val_ap 0.5094, minutes 32.59, lr 5.00e-04
    epoch 42: loss 1.1086, val_ap 0.5110, minutes 33.41, lr 5.00e-04
    epoch 43: loss 1.1097, val_ap 0.5051, minutes 34.2, lr 5.00e-04
    epoch 44: loss 1.1108, val_ap 0.5118, minutes 35.01, lr 5.00e-04
    epoch 45: loss 1.1136, val_ap 0.5099, minutes 35.79, lr 5.00e-04
    epoch 46: loss 1.1018, val_ap 0.5117, minutes 36.58, lr 5.00e-04
    epoch 47: loss 1.1096, val_ap 0.5157, minutes 37.32, lr 5.00e-04
    epoch 48: loss 1.1085, val_ap 0.5073, minutes 38.1, lr 5.00e-04
    epoch 49: loss 1.1027, val_ap 0.5135, minutes 38.87, lr 5.00e-04
    epoch 50: loss 1.0981, val_ap 0.5088, minutes 39.66, lr 5.00e-04
    epoch 51: loss 1.0997, val_ap 0.5084, minutes 40.45, lr 5.00e-04
    epoch 52: loss 1.1040, val_ap 0.5098, minutes 41.27, lr 5.00e-04
    epoch 53: loss 1.1070, val_ap 0.5088, minutes 42.18, lr 5.00e-04
    epoch 54: loss 1.1020, val_ap 0.5139, minutes 42.99, lr 5.00e-04
    epoch 55: loss 1.0906, val_ap 0.5081, minutes 43.79, lr 5.00e-04
    epoch 56: loss 1.0967, val_ap 0.5105, minutes 44.61, lr 2.50e-04
    epoch 57: loss 1.0839, val_ap 0.5151, minutes 45.41, lr 2.50e-04
    epoch 58: loss 1.0783, val_ap 0.5153, minutes 46.18, lr 2.50e-04
    epoch 59: loss 1.0787, val_ap 0.5148, minutes 46.96, lr 2.50e-04
    epoch 60: loss 1.0840, val_ap 0.5143, minutes 47.74, lr 2.50e-04
    epoch 61: loss 1.0826, val_ap 0.5143, minutes 48.58, lr 2.50e-04
    epoch 62: loss 1.0721, val_ap 0.5132, minutes 49.37, lr 2.50e-04
    epoch 63: loss 1.0833, val_ap 0.5141, minutes 50.15, lr 2.50e-04
    epoch 64: loss 1.0794, val_ap 0.5149, minutes 50.95, lr 2.50e-04
    epoch 65: loss 1.0840, val_ap 0.5141, minutes 51.71, lr 1.25e-04
    epoch 66: loss 1.0730, val_ap 0.5140, minutes 52.48, lr 1.25e-04
    epoch 67: loss 1.0686, val_ap 0.5136, minutes 53.24, lr 1.25e-04
    epoch 68: loss 1.0625, val_ap 0.5150, minutes 53.98, lr 1.25e-04
    epoch 69: loss 1.0680, val_ap 0.5156, minutes 54.75, lr 1.25e-04
    epoch 70: loss 1.0680, val_ap 0.5111, minutes 55.5, lr 1.25e-04
    epoch 71: loss 1.0683, val_ap 0.5134, minutes 56.27, lr 1.25e-04
    epoch 72: loss 1.0874, val_ap 0.5091, minutes 57.03, lr 1.25e-04
    stopping: no validation gain in 25 epochs
[res_gate pooled_both fold 2 seed 1] done (57.7 min)
