loaded: dataset0 121,838 sites, data1 90,452
[h2gcn_twohead pooled_both fold 3 seed 2]
    epoch 1: loss 1.2549, val_ap 0.1610, minutes 1.03, lr 3.31e-04
    epoch 2: loss 0.9943, val_ap 0.3022, minutes 1.93, lr 6.60e-04
    epoch 3: loss 0.8881, val_ap 0.4029, minutes 2.79, lr 9.89e-04
    epoch 4: loss 0.8086, val_ap 0.4373, minutes 3.63, lr 1.00e-03
    epoch 5: loss 0.7662, val_ap 0.4489, minutes 4.43, lr 1.00e-03
    epoch 6: loss 0.7431, val_ap 0.4531, minutes 5.23, lr 1.00e-03
    epoch 7: loss 0.7495, val_ap 0.4593, minutes 6.0, lr 1.00e-03
    epoch 8: loss 0.7291, val_ap 0.4579, minutes 6.79, lr 1.00e-03
    epoch 9: loss 0.7226, val_ap 0.4595, minutes 7.59, lr 1.00e-03
    epoch 10: loss 0.7086, val_ap 0.4528, minutes 8.33, lr 1.00e-03
    epoch 11: loss 0.6974, val_ap 0.4693, minutes 9.1, lr 1.00e-03
    epoch 12: loss 0.6957, val_ap 0.4746, minutes 9.81, lr 1.00e-03
    epoch 13: loss 0.6893, val_ap 0.4714, minutes 10.56, lr 1.00e-03
    epoch 14: loss 0.6889, val_ap 0.4771, minutes 11.27, lr 1.00e-03
    epoch 15: loss 0.6902, val_ap 0.4812, minutes 12.0, lr 1.00e-03
    epoch 16: loss 0.6796, val_ap 0.4819, minutes 12.71, lr 1.00e-03
    epoch 17: loss 0.6850, val_ap 0.4844, minutes 13.46, lr 1.00e-03
    epoch 18: loss 0.6691, val_ap 0.4874, minutes 14.22, lr 1.00e-03
    epoch 19: loss 0.6784, val_ap 0.4902, minutes 14.96, lr 1.00e-03
    epoch 20: loss 0.6600, val_ap 0.4832, minutes 15.71, lr 1.00e-03
    epoch 21: loss 0.6605, val_ap 0.4912, minutes 16.43, lr 1.00e-03
    epoch 22: loss 0.6652, val_ap 0.4905, minutes 17.23, lr 1.00e-03
    epoch 23: loss 0.6609, val_ap 0.4925, minutes 18.02, lr 1.00e-03
    epoch 24: loss 0.6457, val_ap 0.4843, minutes 18.74, lr 1.00e-03
    epoch 25: loss 0.6549, val_ap 0.4968, minutes 19.49, lr 1.00e-03
    epoch 26: loss 0.6472, val_ap 0.4968, minutes 20.22, lr 1.00e-03
    epoch 27: loss 0.6458, val_ap 0.4970, minutes 20.98, lr 1.00e-03
    epoch 28: loss 0.6343, val_ap 0.5011, minutes 21.7, lr 1.00e-03
    epoch 29: loss 0.6336, val_ap 0.4944, minutes 22.39, lr 1.00e-03
    epoch 30: loss 0.6379, val_ap 0.4990, minutes 23.11, lr 1.00e-03
    epoch 31: loss 0.6353, val_ap 0.4980, minutes 23.8, lr 1.00e-03
    epoch 32: loss 0.6225, val_ap 0.4939, minutes 24.53, lr 1.00e-03
    epoch 33: loss 0.6214, val_ap 0.4971, minutes 25.24, lr 1.00e-03
    epoch 34: loss 0.6186, val_ap 0.4990, minutes 25.99, lr 1.00e-03
    epoch 35: loss 0.6173, val_ap 0.5004, minutes 26.72, lr 1.00e-03
    epoch 36: loss 0.6175, val_ap 0.4965, minutes 27.47, lr 1.00e-03
    epoch 37: loss 0.6141, val_ap 0.5058, minutes 28.21, lr 1.00e-03
    epoch 38: loss 0.6098, val_ap 0.4911, minutes 28.93, lr 1.00e-03
    epoch 39: loss 0.6035, val_ap 0.4836, minutes 29.63, lr 1.00e-03
    epoch 40: loss 0.6008, val_ap 0.4947, minutes 30.34, lr 1.00e-03
    epoch 41: loss 0.5945, val_ap 0.4742, minutes 31.07, lr 1.00e-03
    epoch 42: loss 0.6019, val_ap 0.4946, minutes 31.8, lr 1.00e-03
    epoch 43: loss 0.5925, val_ap 0.4987, minutes 32.54, lr 1.00e-03
    epoch 44: loss 0.5818, val_ap 0.4848, minutes 33.28, lr 1.00e-03
    epoch 45: loss 0.5812, val_ap 0.4892, minutes 34.04, lr 1.00e-03
    epoch 46: loss 0.5770, val_ap 0.4986, minutes 34.83, lr 5.00e-04
    epoch 47: loss 0.5579, val_ap 0.4957, minutes 35.48, lr 5.00e-04
    epoch 48: loss 0.5614, val_ap 0.4977, minutes 36.12, lr 5.00e-04
    epoch 49: loss 0.5581, val_ap 0.4957, minutes 36.7, lr 5.00e-04
    epoch 50: loss 0.5503, val_ap 0.4919, minutes 37.3, lr 5.00e-04
    epoch 51: loss 0.5528, val_ap 0.4832, minutes 37.85, lr 5.00e-04
    epoch 52: loss 0.5464, val_ap 0.4907, minutes 38.42, lr 5.00e-04
    epoch 53: loss 0.5481, val_ap 0.4910, minutes 38.96, lr 5.00e-04
    epoch 54: loss 0.5473, val_ap 0.4723, minutes 39.51, lr 5.00e-04
    epoch 55: loss 0.5388, val_ap 0.4950, minutes 40.07, lr 2.50e-04
    epoch 56: loss 0.5295, val_ap 0.4939, minutes 40.6, lr 2.50e-04
    epoch 57: loss 0.5335, val_ap 0.4936, minutes 41.1, lr 2.50e-04
    epoch 58: loss 0.5244, val_ap 0.4896, minutes 41.56, lr 2.50e-04
    epoch 59: loss 0.5286, val_ap 0.4846, minutes 42.02, lr 2.50e-04
    epoch 60: loss 0.5215, val_ap 0.4726, minutes 42.44, lr 2.50e-04
    epoch 61: loss 0.5248, val_ap 0.4916, minutes 42.85, lr 2.50e-04
    epoch 62: loss 0.5164, val_ap 0.4824, minutes 43.25, lr 2.50e-04
    stopping: no validation gain in 25 epochs
[h2gcn_twohead pooled_both fold 3 seed 2] done (43.7 min)
