loaded: dataset0 121,838 sites, data1 90,452
[h2gcn_aux_r400 dataset0 fold 1 seed 1]
    epoch 1: loss 1.9728, val_ap 0.1636, minutes 0.57, lr 3.33e-04
    epoch 2: loss 1.5988, val_ap 0.2384, minutes 1.12, lr 6.63e-04
    epoch 3: loss 1.3629, val_ap 0.4068, minutes 1.65, lr 9.92e-04
    epoch 4: loss 1.1966, val_ap 0.5190, minutes 2.18, lr 1.00e-03
    epoch 5: loss 1.0948, val_ap 0.5390, minutes 2.72, lr 1.00e-03
    epoch 6: loss 1.0573, val_ap 0.5450, minutes 3.26, lr 1.00e-03
    epoch 7: loss 1.0238, val_ap 0.5597, minutes 3.75, lr 1.00e-03
    epoch 8: loss 1.0140, val_ap 0.5755, minutes 4.3, lr 1.00e-03
    epoch 9: loss 1.0068, val_ap 0.5823, minutes 4.82, lr 1.00e-03
    epoch 10: loss 0.9756, val_ap 0.5799, minutes 5.35, lr 1.00e-03
    epoch 11: loss 0.9643, val_ap 0.5865, minutes 5.87, lr 1.00e-03
    epoch 12: loss 0.9575, val_ap 0.5935, minutes 6.43, lr 1.00e-03
    epoch 13: loss 0.9383, val_ap 0.5744, minutes 7.01, lr 1.00e-03
    epoch 14: loss 0.9363, val_ap 0.5858, minutes 7.58, lr 1.00e-03
    epoch 15: loss 0.9527, val_ap 0.5890, minutes 8.13, lr 1.00e-03
    epoch 16: loss 0.9341, val_ap 0.5990, minutes 8.69, lr 1.00e-03
    epoch 17: loss 0.9241, val_ap 0.5867, minutes 9.26, lr 1.00e-03
    epoch 18: loss 0.9056, val_ap 0.5928, minutes 9.81, lr 1.00e-03
    epoch 19: loss 0.8953, val_ap 0.5903, minutes 10.37, lr 1.00e-03
    epoch 20: loss 0.9309, val_ap 0.5812, minutes 10.93, lr 1.00e-03
    epoch 21: loss 0.9149, val_ap 0.6081, minutes 11.5, lr 1.00e-03
    epoch 22: loss 0.9081, val_ap 0.6030, minutes 12.05, lr 1.00e-03
    epoch 23: loss 0.9053, val_ap 0.5975, minutes 12.59, lr 1.00e-03
    epoch 24: loss 0.8769, val_ap 0.5917, minutes 13.14, lr 1.00e-03
    epoch 25: loss 0.8990, val_ap 0.6040, minutes 13.7, lr 1.00e-03
    epoch 26: loss 0.8818, val_ap 0.6001, minutes 14.28, lr 1.00e-03
    epoch 27: loss 0.8844, val_ap 0.6070, minutes 14.83, lr 1.00e-03
    epoch 28: loss 0.8629, val_ap 0.6080, minutes 15.4, lr 1.00e-03
    epoch 29: loss 0.8757, val_ap 0.6087, minutes 15.98, lr 1.00e-03
    epoch 30: loss 0.8526, val_ap 0.6088, minutes 16.54, lr 1.00e-03
    epoch 31: loss 0.8768, val_ap 0.6025, minutes 17.12, lr 1.00e-03
    epoch 32: loss 0.8684, val_ap 0.6115, minutes 17.68, lr 1.00e-03
    epoch 33: loss 0.8529, val_ap 0.6102, minutes 18.23, lr 1.00e-03
    epoch 34: loss 0.8487, val_ap 0.6098, minutes 18.77, lr 1.00e-03
    epoch 35: loss 0.8501, val_ap 0.6026, minutes 19.29, lr 1.00e-03
    epoch 36: loss 0.8688, val_ap 0.5959, minutes 19.82, lr 1.00e-03
    epoch 37: loss 0.8636, val_ap 0.6078, minutes 20.32, lr 1.00e-03
    epoch 38: loss 0.8380, val_ap 0.6131, minutes 20.84, lr 1.00e-03
    epoch 39: loss 0.8753, val_ap 0.6168, minutes 21.35, lr 1.00e-03
    epoch 40: loss 0.8378, val_ap 0.6107, minutes 21.9, lr 1.00e-03
    epoch 41: loss 0.8332, val_ap 0.6090, minutes 22.44, lr 1.00e-03
    epoch 42: loss 0.8288, val_ap 0.6156, minutes 23.0, lr 1.00e-03
    epoch 43: loss 0.8182, val_ap 0.6125, minutes 23.54, lr 1.00e-03
    epoch 44: loss 0.8172, val_ap 0.6176, minutes 24.05, lr 1.00e-03
    epoch 45: loss 0.8312, val_ap 0.6181, minutes 24.6, lr 1.00e-03
    epoch 46: loss 0.8147, val_ap 0.6231, minutes 25.12, lr 1.00e-03
    epoch 47: loss 0.8199, val_ap 0.6207, minutes 25.65, lr 1.00e-03
    epoch 48: loss 0.8181, val_ap 0.6145, minutes 26.2, lr 1.00e-03
    epoch 49: loss 0.8035, val_ap 0.6203, minutes 26.7, lr 1.00e-03
    epoch 50: loss 0.8142, val_ap 0.6113, minutes 27.22, lr 1.00e-03
    epoch 51: loss 0.7911, val_ap 0.6200, minutes 27.75, lr 1.00e-03
    epoch 52: loss 0.7886, val_ap 0.6221, minutes 28.29, lr 1.00e-03
    epoch 53: loss 0.7908, val_ap 0.6252, minutes 28.8, lr 1.00e-03
    epoch 54: loss 0.7958, val_ap 0.6189, minutes 29.32, lr 1.00e-03
    epoch 55: loss 0.8021, val_ap 0.6168, minutes 29.84, lr 1.00e-03
    epoch 56: loss 0.7862, val_ap 0.6044, minutes 30.35, lr 1.00e-03
    epoch 57: loss 0.7867, val_ap 0.6206, minutes 30.85, lr 1.00e-03
    epoch 58: loss 0.7887, val_ap 0.6145, minutes 31.38, lr 1.00e-03
    epoch 59: loss 0.7698, val_ap 0.6215, minutes 31.92, lr 1.00e-03
    epoch 60: loss 0.7873, val_ap 0.6184, minutes 32.45, lr 1.00e-03
    epoch 61: loss 0.7639, val_ap 0.6187, minutes 33.0, lr 1.00e-03
    epoch 62: loss 0.7760, val_ap 0.6225, minutes 33.5, lr 5.00e-04
    epoch 63: loss 0.7510, val_ap 0.6186, minutes 34.01, lr 5.00e-04
    epoch 64: loss 0.7395, val_ap 0.6266, minutes 34.54, lr 5.00e-04
    epoch 65: loss 0.7375, val_ap 0.6174, minutes 35.08, lr 5.00e-04
    epoch 66: loss 0.7366, val_ap 0.6184, minutes 35.59, lr 5.00e-04
    epoch 67: loss 0.7363, val_ap 0.6187, minutes 36.12, lr 5.00e-04
    epoch 68: loss 0.7169, val_ap 0.6114, minutes 36.67, lr 5.00e-04
    epoch 69: loss 0.7359, val_ap 0.6108, minutes 37.21, lr 5.00e-04
    epoch 70: loss 0.7225, val_ap 0.6149, minutes 37.78, lr 5.00e-04
    epoch 71: loss 0.7223, val_ap 0.6133, minutes 38.33, lr 5.00e-04
    epoch 72: loss 0.7276, val_ap 0.6100, minutes 38.85, lr 5.00e-04
    epoch 73: loss 0.7224, val_ap 0.6173, minutes 39.38, lr 2.50e-04
    epoch 74: loss 0.7139, val_ap 0.6152, minutes 39.92, lr 2.50e-04
    epoch 75: loss 0.6933, val_ap 0.6171, minutes 40.42, lr 2.50e-04
    epoch 76: loss 0.7069, val_ap 0.6138, minutes 40.95, lr 2.50e-04
    epoch 77: loss 0.7050, val_ap 0.6074, minutes 41.48, lr 2.50e-04
    epoch 78: loss 0.6929, val_ap 0.6119, minutes 42.01, lr 2.50e-04
    epoch 79: loss 0.6976, val_ap 0.6136, minutes 42.51, lr 2.50e-04
    epoch 80: loss 0.6987, val_ap 0.6122, minutes 43.03, lr 2.50e-04
    epoch 81: loss 0.6844, val_ap 0.6146, minutes 43.58, lr 2.50e-04
    epoch 82: loss 0.6986, val_ap 0.6055, minutes 44.1, lr 1.25e-04
    epoch 83: loss 0.6895, val_ap 0.6104, minutes 44.64, lr 1.25e-04
    epoch 84: loss 0.6860, val_ap 0.6102, minutes 45.15, lr 1.25e-04
    epoch 85: loss 0.6837, val_ap 0.6135, minutes 45.68, lr 1.25e-04
    epoch 86: loss 0.7013, val_ap 0.6122, minutes 46.18, lr 1.25e-04
    epoch 87: loss 0.6857, val_ap 0.6128, minutes 46.71, lr 1.25e-04
    epoch 88: loss 0.6840, val_ap 0.6120, minutes 47.22, lr 1.25e-04
    epoch 89: loss 0.6838, val_ap 0.6097, minutes 47.72, lr 1.25e-04
    stopping: no validation gain in 25 epochs
[h2gcn_aux_r400 dataset0 fold 1 seed 1] done (48.5 min)
