loaded: dataset0 121,838 sites, data1 90,452
[h2gcn_local_deep dataset0 fold 3]
    epoch 1: loss 1.0845, val_ap 0.2391, minutes 1.7, lr 3.33e-04
    epoch 2: loss 0.8781, val_ap 0.2809, minutes 3.4, lr 6.63e-04
    epoch 3: loss 0.7907, val_ap 0.4727, minutes 5.18, lr 9.92e-04
    epoch 4: loss 0.7344, val_ap 0.4879, minutes 6.82, lr 1.00e-03
    epoch 5: loss 0.6960, val_ap 0.4966, minutes 8.61, lr 1.00e-03
    epoch 6: loss 0.6644, val_ap 0.5237, minutes 10.28, lr 1.00e-03
    epoch 7: loss 0.6338, val_ap 0.4984, minutes 12.06, lr 1.00e-03
    epoch 8: loss 0.6398, val_ap 0.5441, minutes 13.72, lr 1.00e-03
    epoch 9: loss 0.6092, val_ap 0.5533, minutes 15.49, lr 1.00e-03
    epoch 10: loss 0.6165, val_ap 0.5271, minutes 17.19, lr 1.00e-03
    epoch 11: loss 0.6239, val_ap 0.5459, minutes 18.89, lr 1.00e-03
    epoch 12: loss 0.5938, val_ap 0.5670, minutes 20.63, lr 1.00e-03
    epoch 13: loss 0.5957, val_ap 0.5266, minutes 22.29, lr 1.00e-03
    epoch 14: loss 0.5802, val_ap 0.5525, minutes 23.96, lr 1.00e-03
    epoch 15: loss 0.6021, val_ap 0.5406, minutes 25.64, lr 1.00e-03
    epoch 16: loss 0.5707, val_ap 0.5588, minutes 27.4, lr 1.00e-03
    epoch 17: loss 0.5642, val_ap 0.5514, minutes 29.06, lr 1.00e-03
    epoch 18: loss 0.5797, val_ap 0.5711, minutes 30.79, lr 1.00e-03
    epoch 19: loss 0.5620, val_ap 0.5605, minutes 32.44, lr 1.00e-03
    epoch 20: loss 0.5641, val_ap 0.5720, minutes 34.14, lr 1.00e-03
    epoch 21: loss 0.5688, val_ap 0.5500, minutes 35.82, lr 1.00e-03
    epoch 22: loss 0.5591, val_ap 0.5689, minutes 37.44, lr 1.00e-03
    epoch 23: loss 0.5445, val_ap 0.5624, minutes 39.15, lr 1.00e-03
    epoch 24: loss 0.5384, val_ap 0.5706, minutes 40.8, lr 1.00e-03
    epoch 25: loss 0.5451, val_ap 0.5803, minutes 42.49, lr 1.00e-03
    epoch 26: loss 0.5508, val_ap 0.5613, minutes 44.16, lr 1.00e-03
    epoch 27: loss 0.5382, val_ap 0.5692, minutes 45.89, lr 1.00e-03
    epoch 28: loss 0.5409, val_ap 0.5766, minutes 47.59, lr 1.00e-03
    epoch 29: loss 0.5269, val_ap 0.5574, minutes 49.25, lr 1.00e-03
    epoch 30: loss 0.5296, val_ap 0.5709, minutes 51.0, lr 1.00e-03
    epoch 31: loss 0.5105, val_ap 0.5483, minutes 52.71, lr 1.00e-03
    epoch 32: loss 0.5108, val_ap 0.5689, minutes 54.42, lr 1.00e-03
    epoch 33: loss 0.5212, val_ap 0.5729, minutes 56.12, lr 1.00e-03
    epoch 34: loss 0.5124, val_ap 0.5809, minutes 57.78, lr 1.00e-03
    epoch 35: loss 0.4982, val_ap 0.5839, minutes 59.48, lr 1.00e-03
    epoch 36: loss 0.4888, val_ap 0.5579, minutes 61.14, lr 1.00e-03
    epoch 37: loss 0.4986, val_ap 0.5689, minutes 62.8, lr 1.00e-03
    epoch 38: loss 0.4991, val_ap 0.5639, minutes 64.47, lr 1.00e-03
    epoch 39: loss 0.4862, val_ap 0.5718, minutes 66.17, lr 1.00e-03
    epoch 40: loss 0.4841, val_ap 0.5816, minutes 67.89, lr 1.00e-03
    epoch 41: loss 0.4976, val_ap 0.5693, minutes 69.6, lr 1.00e-03
    epoch 42: loss 0.4734, val_ap 0.5669, minutes 71.31, lr 1.00e-03
    epoch 43: loss 0.4741, val_ap 0.5727, minutes 72.97, lr 1.00e-03
    epoch 44: loss 0.5020, val_ap 0.5736, minutes 74.69, lr 5.00e-04
    epoch 45: loss 0.4503, val_ap 0.5689, minutes 76.41, lr 5.00e-04
    epoch 46: loss 0.4280, val_ap 0.5826, minutes 78.08, lr 5.00e-04
    epoch 47: loss 0.4250, val_ap 0.5582, minutes 79.84, lr 5.00e-04
    epoch 48: loss 0.4289, val_ap 0.5783, minutes 81.5, lr 5.00e-04
    epoch 49: loss 0.4290, val_ap 0.5745, minutes 83.2, lr 5.00e-04
    epoch 50: loss 0.4154, val_ap 0.5678, minutes 84.88, lr 5.00e-04
    epoch 51: loss 0.4249, val_ap 0.5701, minutes 86.57, lr 5.00e-04
    epoch 52: loss 0.4085, val_ap 0.5773, minutes 88.23, lr 5.00e-04
    epoch 53: loss 0.4102, val_ap 0.5764, minutes 89.96, lr 2.50e-04
    epoch 54: loss 0.3924, val_ap 0.5743, minutes 91.67, lr 2.50e-04
    epoch 55: loss 0.3781, val_ap 0.5638, minutes 93.36, lr 2.50e-04
    epoch 56: loss 0.3815, val_ap 0.5497, minutes 95.08, lr 2.50e-04
    epoch 57: loss 0.3871, val_ap 0.5585, minutes 96.74, lr 2.50e-04
    epoch 58: loss 0.3666, val_ap 0.5669, minutes 98.33, lr 2.50e-04
    epoch 59: loss 0.3645, val_ap 0.5562, minutes 99.95, lr 2.50e-04
    epoch 60: loss 0.3728, val_ap 0.5440, minutes 101.6, lr 2.50e-04
    stopping: no validation gain in 25 epochs
[h2gcn_local_deep dataset0 fold 3] done (103.9 min)
