loaded: dataset0 121,838 sites, data1 90,452
[deepset pooled_both fold 2 seed 1]
    epoch 1: loss 1.1549422413405805, minutes 0.3, val_ap 0.2741194412860811, lr 0.0003338833883388339
    epoch 2: loss 0.9463744486125782, minutes 0.62, val_ap 0.39527594078928874, lr 0.0006672167216721672
    epoch 3: loss 0.8849698755115566, minutes 0.95, val_ap 0.40020015434864004, lr 0.001
    epoch 4: loss 0.8691512099390376, minutes 1.25, val_ap 0.41674607821475657, lr 0.001
    epoch 5: loss 0.8513465439624125, minutes 1.59, val_ap 0.4280805854132827, lr 0.001
    epoch 6: loss 0.8461213037125742, minutes 1.92, val_ap 0.4373896453451469, lr 0.001
    epoch 7: loss 0.838926117805758, minutes 2.23, val_ap 0.44960001301419883, lr 0.001
    epoch 8: loss 0.8347395804062141, minutes 2.57, val_ap 0.4464291275208075, lr 0.001
    epoch 9: loss 0.8224948583164624, minutes 2.91, val_ap 0.45572214867558153, lr 0.001
    epoch 10: loss 0.8240203570709763, minutes 3.23, val_ap 0.4537179063429242, lr 0.001
    epoch 11: loss 0.8191552132171372, minutes 3.56, val_ap 0.4578806886347131, lr 0.001
    epoch 12: loss 0.8153205349697138, minutes 3.9, val_ap 0.4571150021833489, lr 0.001
    epoch 13: loss 0.8111661564398913, minutes 4.24, val_ap 0.462811128610733, lr 0.001
    epoch 14: loss 0.8054936544434859, minutes 4.57, val_ap 0.45936705967040636, lr 0.001
    epoch 15: loss 0.8050138578556552, minutes 4.89, val_ap 0.45817557827395955, lr 0.001
    epoch 16: loss 0.7954111229075064, minutes 5.21, val_ap 0.46560332582052877, lr 0.001
    epoch 17: loss 0.7952813918244327, minutes 5.52, val_ap 0.4625875682083178, lr 0.001
    epoch 18: loss 0.7953548944822633, minutes 5.83, val_ap 0.46767525708604035, lr 0.001
    epoch 19: loss 0.7907849469594043, minutes 6.15, val_ap 0.46005967813294174, lr 0.001
    epoch 20: loss 0.7857141698351001, minutes 6.44, val_ap 0.4613123880814702, lr 0.001
    epoch 21: loss 0.7855368574263633, minutes 6.75, val_ap 0.46380596266234797, lr 0.001
    epoch 22: loss 0.7789121779671596, minutes 7.05, val_ap 0.4703749909612311, lr 0.001
    epoch 23: loss 0.7829944445650177, minutes 7.33, val_ap 0.4687523020231596, lr 0.001
    epoch 24: loss 0.7781330512793544, minutes 7.63, val_ap 0.46093546400456925, lr 0.001
    epoch 25: loss 0.7757638856129284, minutes 7.92, val_ap 0.4692159935098318, lr 0.001
    epoch 26: loss 0.7694179855852631, minutes 8.16, val_ap 0.46278835688475783, lr 0.001
    epoch 27: loss 0.7728114241223918, minutes 8.4, val_ap 0.4640122521575697, lr 0.001
    epoch 28: loss 0.7684272928501513, minutes 8.64, val_ap 0.46284354004568684, lr 0.001
    epoch 29: loss 0.7659663277687413, minutes 8.87, val_ap 0.46152479534396534, lr 0.001
    epoch 30: loss 0.7619125759444221, minutes 9.11, val_ap 0.46635716563749496, lr 0.001
    epoch 31: loss 0.7673571695982426, minutes 9.33, val_ap 0.4641353126738711, lr 0.0005
    epoch 32: loss 0.7490301651529746, minutes 9.56, val_ap 0.4610251167266036, lr 0.0005
    epoch 33: loss 0.7463304726007355, minutes 9.78, val_ap 0.46527043320904826, lr 0.0005
    epoch 34: loss 0.7419722664474261, minutes 10.01, val_ap 0.46267526825446603, lr 0.0005
    epoch 35: loss 0.7397514080057049, minutes 10.24, val_ap 0.4704501952768315, lr 0.0005
    epoch 36: loss 0.7368998349007994, minutes 10.45, val_ap 0.4612383979100488, lr 0.0005
    epoch 37: loss 0.7360237390786508, minutes 10.64, val_ap 0.46171494430788806, lr 0.0005
    epoch 38: loss 0.738538232868654, minutes 10.83, val_ap 0.4662614811973339, lr 0.0005
    epoch 39: loss 0.7335180789724042, minutes 11.02, val_ap 0.4609128132264011, lr 0.0005
    epoch 40: loss 0.7299608244459228, minutes 11.21, val_ap 0.46024374096692516, lr 0.0005
    epoch 41: loss 0.7288552070214803, minutes 11.4, val_ap 0.4609537683255149, lr 0.0005
    epoch 42: loss 0.7297435262710741, minutes 11.59, val_ap 0.4577851118654409, lr 0.0005
    epoch 43: loss 0.7299554667653817, minutes 11.77, val_ap 0.4526398390987909, lr 0.0005
    epoch 44: loss 0.7267510119837897, minutes 11.94, val_ap 0.4662976355902741, lr 0.00025
    epoch 45: loss 0.7138536469672773, minutes 12.13, val_ap 0.45569329896615696, lr 0.00025
    epoch 46: loss 0.7150905712111162, minutes 12.32, val_ap 0.45854852483968295, lr 0.00025
    epoch 47: loss 0.716284980868349, minutes 12.5, val_ap 0.45987968319464323, lr 0.00025
    epoch 48: loss 0.714978414695255, minutes 12.69, val_ap 0.46094234053194433, lr 0.00025
    epoch 49: loss 0.7055229317925551, minutes 12.88, val_ap 0.46157082344058364, lr 0.00025
    epoch 50: loss 0.713686992429664, minutes 13.07, val_ap 0.4587749563693051, lr 0.00025
    epoch 51: loss 0.7088349566798006, minutes 13.27, val_ap 0.46008995363624267, lr 0.00025
    epoch 52: loss 0.7059230856081047, minutes 13.47, val_ap 0.4584733875099286, lr 0.00025
    epoch 53: loss 0.708495490277561, minutes 13.66, val_ap 0.45007818309403297, lr 0.000125
    epoch 54: loss 0.6982579101430307, minutes 13.84, val_ap 0.455686601523771, lr 0.000125
    epoch 55: loss 0.6975247714385735, minutes 14.02, val_ap 0.4548660412646906, lr 0.000125
    epoch 56: loss 0.6979073375070056, minutes 14.21, val_ap 0.45747747898930224, lr 0.000125
    epoch 57: loss 0.6982018504008995, minutes 14.4, val_ap 0.4545865154369891, lr 0.000125
    epoch 58: loss 0.6942440435634588, minutes 14.6, val_ap 0.45534653784339874, lr 0.000125
    epoch 59: loss 0.6979797244957178, minutes 14.79, val_ap 0.45604786641755, lr 0.000125
    stopping: no validation gain in 25 epochs
[deepset pooled_both fold 2 seed 1] done (15.1 min)
