loaded: dataset0 121,838 sites, data1 90,452
[fk_band pooled_both fold 0]
    band weights [0.395, 0.347, 0.258] (bands ((0, 30), (30, 75), (75, 150)))
    epoch 1: loss 1.8863, val_ap 0.2028, minutes 0.91, lr 3.31e-04
    epoch 2: loss 1.5340, val_ap 0.3142, minutes 1.74, lr 6.60e-04
    epoch 3: loss 1.3844, val_ap 0.3968, minutes 2.6, lr 9.89e-04
    epoch 4: loss 1.2988, val_ap 0.4288, minutes 3.52, lr 1.00e-03
    epoch 5: loss 1.2721, val_ap 0.4425, minutes 4.31, lr 1.00e-03
    epoch 6: loss 1.2466, val_ap 0.4509, minutes 5.23, lr 1.00e-03
    epoch 7: loss 1.2264, val_ap 0.4500, minutes 6.12, lr 1.00e-03
    epoch 8: loss 1.2231, val_ap 0.4457, minutes 7.0, lr 1.00e-03
    epoch 9: loss 1.2189, val_ap 0.4482, minutes 7.83, lr 1.00e-03
    epoch 10: loss 1.2219, val_ap 0.4570, minutes 8.74, lr 1.00e-03
    epoch 11: loss 1.2110, val_ap 0.4626, minutes 9.69, lr 1.00e-03
    epoch 12: loss 1.1951, val_ap 0.4648, minutes 10.71, lr 1.00e-03
    epoch 13: loss 1.1870, val_ap 0.4613, minutes 11.75, lr 1.00e-03
    epoch 14: loss 1.1848, val_ap 0.4671, minutes 12.83, lr 1.00e-03
    epoch 15: loss 1.1797, val_ap 0.4679, minutes 13.87, lr 1.00e-03
    epoch 16: loss 1.1852, val_ap 0.4711, minutes 14.92, lr 1.00e-03
    epoch 17: loss 1.1742, val_ap 0.4712, minutes 15.96, lr 1.00e-03
    epoch 18: loss 1.1687, val_ap 0.4765, minutes 17.04, lr 1.00e-03
    epoch 19: loss 1.1650, val_ap 0.4768, minutes 18.06, lr 1.00e-03
    epoch 20: loss 1.1600, val_ap 0.4767, minutes 19.1, lr 1.00e-03
    epoch 21: loss 1.1491, val_ap 0.4734, minutes 20.15, lr 1.00e-03
    epoch 22: loss 1.1512, val_ap 0.4819, minutes 21.19, lr 1.00e-03
    epoch 23: loss 1.1483, val_ap 0.4760, minutes 22.24, lr 1.00e-03
    epoch 24: loss 1.1476, val_ap 0.4844, minutes 23.27, lr 1.00e-03
    epoch 25: loss 1.1376, val_ap 0.4845, minutes 24.3, lr 1.00e-03
    epoch 26: loss 1.1308, val_ap 0.4804, minutes 25.34, lr 1.00e-03
    epoch 27: loss 1.1299, val_ap 0.4824, minutes 26.41, lr 1.00e-03
    epoch 28: loss 1.1249, val_ap 0.4721, minutes 27.47, lr 1.00e-03
    epoch 29: loss 1.1244, val_ap 0.4793, minutes 28.54, lr 1.00e-03
    epoch 30: loss 1.1203, val_ap 0.4801, minutes 29.61, lr 1.00e-03
    epoch 31: loss 1.1171, val_ap 0.4813, minutes 30.61, lr 1.00e-03
    epoch 32: loss 1.1130, val_ap 0.4817, minutes 31.63, lr 1.00e-03
    epoch 33: loss 1.1111, val_ap 0.4781, minutes 32.66, lr 1.00e-03
    epoch 34: loss 1.1102, val_ap 0.4870, minutes 33.71, lr 1.00e-03
    epoch 35: loss 1.0984, val_ap 0.4878, minutes 34.71, lr 1.00e-03
    epoch 36: loss 1.0989, val_ap 0.4849, minutes 35.72, lr 1.00e-03
    epoch 37: loss 1.0793, val_ap 0.4794, minutes 36.74, lr 1.00e-03
    epoch 38: loss 1.0935, val_ap 0.4894, minutes 37.76, lr 1.00e-03
    epoch 39: loss 1.0827, val_ap 0.4759, minutes 38.77, lr 1.00e-03
    epoch 40: loss 1.0720, val_ap 0.4884, minutes 39.8, lr 1.00e-03
    epoch 41: loss 1.0752, val_ap 0.4881, minutes 40.82, lr 1.00e-03
    epoch 42: loss 1.0636, val_ap 0.4773, minutes 41.83, lr 1.00e-03
    epoch 43: loss 1.0689, val_ap 0.4841, minutes 42.88, lr 1.00e-03
    epoch 44: loss 1.0657, val_ap 0.4729, minutes 43.89, lr 1.00e-03
    epoch 45: loss 1.0540, val_ap 0.4859, minutes 44.88, lr 1.00e-03
    epoch 46: loss 1.0520, val_ap 0.4757, minutes 45.9, lr 1.00e-03
    epoch 47: loss 1.0496, val_ap 0.4835, minutes 46.85, lr 5.00e-04
    epoch 48: loss 1.0249, val_ap 0.4882, minutes 47.86, lr 5.00e-04
    epoch 49: loss 1.0263, val_ap 0.4759, minutes 48.86, lr 5.00e-04
    epoch 50: loss 1.0231, val_ap 0.4758, minutes 49.86, lr 5.00e-04
    epoch 51: loss 1.0138, val_ap 0.4822, minutes 50.88, lr 5.00e-04
    epoch 52: loss 1.0139, val_ap 0.4823, minutes 51.84, lr 5.00e-04
    epoch 53: loss 1.0161, val_ap 0.4762, minutes 52.79, lr 5.00e-04
    epoch 54: loss 1.0127, val_ap 0.4757, minutes 53.77, lr 5.00e-04
    epoch 55: loss 1.0040, val_ap 0.4759, minutes 54.77, lr 5.00e-04
    epoch 56: loss 1.0013, val_ap 0.4773, minutes 55.74, lr 2.50e-04
    epoch 57: loss 0.9854, val_ap 0.4761, minutes 56.76, lr 2.50e-04
    epoch 58: loss 0.9883, val_ap 0.4725, minutes 57.77, lr 2.50e-04
    epoch 59: loss 0.9818, val_ap 0.4707, minutes 58.81, lr 2.50e-04
    epoch 60: loss 0.9814, val_ap 0.4738, minutes 59.73, lr 2.50e-04
    epoch 61: loss 0.9779, val_ap 0.4723, minutes 60.71, lr 2.50e-04
    epoch 62: loss 0.9830, val_ap 0.4754, minutes 61.73, lr 2.50e-04
    epoch 63: loss 0.9722, val_ap 0.4755, minutes 62.68, lr 2.50e-04
    stopping: no validation gain in 25 epochs
[fk_band pooled_both fold 0] done (63.5 min)
