loaded: dataset0 121,838 sites, data1 90,452
[scalar_drop pooled_both fold 3]
    kernel decay scale 113.4 nt (fitted to cell line 1 training labels)
    epoch 1: loss 1.9132, val_ap 0.1280, minutes 0.55, lr 3.31e-04
    epoch 2: loss 1.5842, val_ap 0.2467, minutes 1.11, lr 6.60e-04
    epoch 3: loss 1.4455, val_ap 0.3814, minutes 1.69, lr 9.89e-04
    epoch 4: loss 1.3444, val_ap 0.4329, minutes 2.23, lr 1.00e-03
    epoch 5: loss 1.2912, val_ap 0.4426, minutes 2.79, lr 1.00e-03
    epoch 6: loss 1.2677, val_ap 0.4455, minutes 3.33, lr 1.00e-03
    epoch 7: loss 1.2545, val_ap 0.4483, minutes 3.88, lr 1.00e-03
    epoch 8: loss 1.2556, val_ap 0.4575, minutes 4.41, lr 1.00e-03
    epoch 9: loss 1.2398, val_ap 0.4644, minutes 4.94, lr 1.00e-03
    epoch 10: loss 1.2300, val_ap 0.4657, minutes 5.49, lr 1.00e-03
    epoch 11: loss 1.2269, val_ap 0.4635, minutes 6.04, lr 1.00e-03
    epoch 12: loss 1.2201, val_ap 0.4710, minutes 6.59, lr 1.00e-03
    epoch 13: loss 1.2128, val_ap 0.4744, minutes 7.13, lr 1.00e-03
    epoch 14: loss 1.2148, val_ap 0.4738, minutes 7.69, lr 1.00e-03
    epoch 15: loss 1.2071, val_ap 0.4785, minutes 8.19, lr 1.00e-03
    epoch 16: loss 1.2079, val_ap 0.4764, minutes 8.71, lr 1.00e-03
    epoch 17: loss 1.1982, val_ap 0.4824, minutes 9.25, lr 1.00e-03
    epoch 18: loss 1.2017, val_ap 0.4796, minutes 9.77, lr 1.00e-03
    epoch 19: loss 1.1977, val_ap 0.4814, minutes 10.32, lr 1.00e-03
    epoch 20: loss 1.1865, val_ap 0.4812, minutes 10.82, lr 1.00e-03
    epoch 21: loss 1.1957, val_ap 0.4840, minutes 11.35, lr 1.00e-03
    epoch 22: loss 1.1864, val_ap 0.4841, minutes 11.88, lr 1.00e-03
    epoch 23: loss 1.1913, val_ap 0.4855, minutes 12.41, lr 1.00e-03
    epoch 24: loss 1.1753, val_ap 0.4888, minutes 12.92, lr 1.00e-03
    epoch 25: loss 1.1710, val_ap 0.4868, minutes 13.4, lr 1.00e-03
    epoch 26: loss 1.1797, val_ap 0.4848, minutes 13.93, lr 1.00e-03
    epoch 27: loss 1.1748, val_ap 0.4920, minutes 14.51, lr 1.00e-03
    epoch 28: loss 1.1703, val_ap 0.4914, minutes 14.99, lr 1.00e-03
    epoch 29: loss 1.1679, val_ap 0.4925, minutes 15.49, lr 1.00e-03
    epoch 30: loss 1.1631, val_ap 0.4935, minutes 16.0, lr 1.00e-03
    epoch 31: loss 1.1689, val_ap 0.4924, minutes 16.53, lr 1.00e-03
    epoch 32: loss 1.1653, val_ap 0.4930, minutes 17.07, lr 1.00e-03
    epoch 33: loss 1.1529, val_ap 0.4936, minutes 17.6, lr 1.00e-03
    epoch 34: loss 1.1540, val_ap 0.4898, minutes 18.1, lr 1.00e-03
    epoch 35: loss 1.1442, val_ap 0.5006, minutes 18.64, lr 1.00e-03
    epoch 36: loss 1.1500, val_ap 0.4945, minutes 19.19, lr 1.00e-03
    epoch 37: loss 1.1436, val_ap 0.4966, minutes 19.71, lr 1.00e-03
    epoch 38: loss 1.1379, val_ap 0.4982, minutes 20.23, lr 1.00e-03
    epoch 39: loss 1.1377, val_ap 0.4932, minutes 20.73, lr 1.00e-03
    epoch 40: loss 1.1481, val_ap 0.4992, minutes 21.24, lr 1.00e-03
    epoch 41: loss 1.1401, val_ap 0.4976, minutes 21.7, lr 1.00e-03
    epoch 42: loss 1.1374, val_ap 0.4951, minutes 22.21, lr 1.00e-03
    epoch 43: loss 1.1314, val_ap 0.5021, minutes 22.71, lr 1.00e-03
    epoch 44: loss 1.1345, val_ap 0.4922, minutes 23.21, lr 1.00e-03
    epoch 45: loss 1.1262, val_ap 0.4978, minutes 23.71, lr 1.00e-03
    epoch 46: loss 1.1209, val_ap 0.4949, minutes 24.22, lr 1.00e-03
    epoch 47: loss 1.1266, val_ap 0.4949, minutes 24.76, lr 1.00e-03
    epoch 48: loss 1.1202, val_ap 0.4918, minutes 25.28, lr 1.00e-03
    epoch 49: loss 1.1172, val_ap 0.4984, minutes 25.8, lr 1.00e-03
    epoch 50: loss 1.1179, val_ap 0.4984, minutes 26.34, lr 1.00e-03
    epoch 51: loss 1.1155, val_ap 0.5012, minutes 26.84, lr 1.00e-03
    epoch 52: loss 1.1119, val_ap 0.4956, minutes 27.37, lr 5.00e-04
    epoch 53: loss 1.0900, val_ap 0.4973, minutes 27.88, lr 5.00e-04
    epoch 54: loss 1.0921, val_ap 0.4936, minutes 28.37, lr 5.00e-04
    epoch 55: loss 1.0892, val_ap 0.4981, minutes 28.88, lr 5.00e-04
    epoch 56: loss 1.0983, val_ap 0.4954, minutes 29.37, lr 5.00e-04
    epoch 57: loss 1.0998, val_ap 0.4940, minutes 29.87, lr 5.00e-04
    epoch 58: loss 1.0926, val_ap 0.4902, minutes 30.33, lr 5.00e-04
    epoch 59: loss 1.0834, val_ap 0.4989, minutes 30.8, lr 5.00e-04
    epoch 60: loss 1.0907, val_ap 0.4921, minutes 31.25, lr 5.00e-04
    epoch 61: loss 1.0923, val_ap 0.4939, minutes 31.7, lr 2.50e-04
    epoch 62: loss 1.0745, val_ap 0.4926, minutes 32.16, lr 2.50e-04
    epoch 63: loss 1.0711, val_ap 0.4928, minutes 32.59, lr 2.50e-04
    epoch 64: loss 1.0724, val_ap 0.4924, minutes 33.07, lr 2.50e-04
    epoch 65: loss 1.0723, val_ap 0.4904, minutes 33.54, lr 2.50e-04
    epoch 66: loss 1.0713, val_ap 0.4870, minutes 34.02, lr 2.50e-04
    epoch 67: loss 1.0674, val_ap 0.4862, minutes 34.47, lr 2.50e-04
    epoch 68: loss 1.0692, val_ap 0.4904, minutes 34.91, lr 2.50e-04
    stopping: no validation gain in 25 epochs
[scalar_drop pooled_both fold 3] done (35.3 min)
