loaded: dataset0 121,838 sites, data1 90,452
[scalar_drop dataset0 fold 4]
    kernel decay scale 97.3 nt (fitted to cell line 1 training labels)
    epoch 1: loss 2.2262, val_ap 0.0683, minutes 0.3, lr 3.33e-04
    epoch 2: loss 1.6559, val_ap 0.2211, minutes 0.59, lr 6.63e-04
    epoch 3: loss 1.3764, val_ap 0.3745, minutes 0.9, lr 9.92e-04
    epoch 4: loss 1.2388, val_ap 0.4474, minutes 1.19, lr 1.00e-03
    epoch 5: loss 1.1642, val_ap 0.4742, minutes 1.51, lr 1.00e-03
    epoch 6: loss 1.1446, val_ap 0.4659, minutes 1.78, lr 1.00e-03
    epoch 7: loss 1.0804, val_ap 0.4902, minutes 2.04, lr 1.00e-03
    epoch 8: loss 1.0699, val_ap 0.4985, minutes 2.32, lr 1.00e-03
    epoch 9: loss 1.0622, val_ap 0.5092, minutes 2.59, lr 1.00e-03
    epoch 10: loss 1.0234, val_ap 0.5099, minutes 2.91, lr 1.00e-03
    epoch 11: loss 1.0450, val_ap 0.5087, minutes 3.27, lr 1.00e-03
    epoch 12: loss 1.0214, val_ap 0.5095, minutes 3.57, lr 1.00e-03
    epoch 13: loss 1.0079, val_ap 0.5184, minutes 3.9, lr 1.00e-03
    epoch 14: loss 1.0006, val_ap 0.5082, minutes 4.2, lr 1.00e-03
    epoch 15: loss 0.9937, val_ap 0.5148, minutes 4.48, lr 1.00e-03
    epoch 16: loss 1.0040, val_ap 0.5137, minutes 4.79, lr 1.00e-03
    epoch 17: loss 0.9857, val_ap 0.5249, minutes 5.11, lr 1.00e-03
    epoch 18: loss 0.9905, val_ap 0.5187, minutes 5.42, lr 1.00e-03
    epoch 19: loss 0.9764, val_ap 0.5248, minutes 5.72, lr 1.00e-03
    epoch 20: loss 1.0116, val_ap 0.5247, minutes 6.03, lr 1.00e-03
    epoch 21: loss 0.9598, val_ap 0.5273, minutes 6.33, lr 1.00e-03
    epoch 22: loss 0.9696, val_ap 0.5330, minutes 6.63, lr 1.00e-03
    epoch 23: loss 1.0119, val_ap 0.5204, minutes 6.96, lr 1.00e-03
    epoch 24: loss 1.0101, val_ap 0.5203, minutes 7.27, lr 1.00e-03
    epoch 25: loss 0.9576, val_ap 0.5272, minutes 7.56, lr 1.00e-03
    epoch 26: loss 0.9555, val_ap 0.5311, minutes 7.88, lr 1.00e-03
    epoch 27: loss 0.9557, val_ap 0.5330, minutes 8.18, lr 1.00e-03
    epoch 28: loss 0.9509, val_ap 0.5364, minutes 8.48, lr 1.00e-03
    epoch 29: loss 0.9526, val_ap 0.5335, minutes 8.77, lr 1.00e-03
    epoch 30: loss 0.9311, val_ap 0.5372, minutes 9.11, lr 1.00e-03
    epoch 31: loss 0.9362, val_ap 0.5376, minutes 9.42, lr 1.00e-03
    epoch 32: loss 0.9395, val_ap 0.5392, minutes 9.72, lr 1.00e-03
    epoch 33: loss 0.9166, val_ap 0.5456, minutes 10.0, lr 1.00e-03
    epoch 34: loss 0.9343, val_ap 0.5431, minutes 10.3, lr 1.00e-03
    epoch 35: loss 0.9412, val_ap 0.5428, minutes 10.64, lr 1.00e-03
    epoch 36: loss 0.9307, val_ap 0.5449, minutes 10.96, lr 1.00e-03
    epoch 37: loss 0.9412, val_ap 0.5479, minutes 11.31, lr 1.00e-03
    epoch 38: loss 0.9181, val_ap 0.5538, minutes 11.66, lr 1.00e-03
    epoch 39: loss 0.9158, val_ap 0.5522, minutes 11.97, lr 1.00e-03
    epoch 40: loss 0.9124, val_ap 0.5506, minutes 12.29, lr 1.00e-03
    epoch 41: loss 0.9014, val_ap 0.5462, minutes 12.61, lr 1.00e-03
    epoch 42: loss 0.9118, val_ap 0.5538, minutes 12.92, lr 1.00e-03
    epoch 43: loss 0.9166, val_ap 0.5569, minutes 13.23, lr 1.00e-03
    epoch 44: loss 0.9017, val_ap 0.5626, minutes 13.53, lr 1.00e-03
    epoch 45: loss 0.9174, val_ap 0.5587, minutes 13.86, lr 1.00e-03
    epoch 46: loss 0.9196, val_ap 0.5611, minutes 14.16, lr 1.00e-03
    epoch 47: loss 0.8781, val_ap 0.5636, minutes 14.5, lr 1.00e-03
    epoch 48: loss 0.9001, val_ap 0.5642, minutes 14.83, lr 1.00e-03
    epoch 49: loss 0.9249, val_ap 0.5622, minutes 15.13, lr 1.00e-03
    epoch 50: loss 0.8897, val_ap 0.5653, minutes 15.46, lr 1.00e-03
    epoch 51: loss 0.8932, val_ap 0.5627, minutes 15.76, lr 1.00e-03
    epoch 52: loss 0.9037, val_ap 0.5661, minutes 16.04, lr 1.00e-03
    epoch 53: loss 0.8877, val_ap 0.5649, minutes 16.33, lr 1.00e-03
    epoch 54: loss 0.8902, val_ap 0.5670, minutes 16.67, lr 1.00e-03
    epoch 55: loss 0.8753, val_ap 0.5708, minutes 16.99, lr 1.00e-03
    epoch 56: loss 0.8788, val_ap 0.5703, minutes 17.3, lr 1.00e-03
    epoch 57: loss 0.8676, val_ap 0.5733, minutes 17.6, lr 1.00e-03
    epoch 58: loss 0.8766, val_ap 0.5755, minutes 17.91, lr 1.00e-03
    epoch 59: loss 0.8841, val_ap 0.5730, minutes 18.17, lr 1.00e-03
    epoch 60: loss 0.8741, val_ap 0.5701, minutes 18.46, lr 1.00e-03
    epoch 61: loss 0.8635, val_ap 0.5618, minutes 18.76, lr 1.00e-03
    epoch 62: loss 0.8678, val_ap 0.5770, minutes 19.06, lr 1.00e-03
    epoch 63: loss 0.8573, val_ap 0.5780, minutes 19.37, lr 1.00e-03
    epoch 64: loss 0.8662, val_ap 0.5771, minutes 19.68, lr 1.00e-03
    epoch 65: loss 0.8588, val_ap 0.5709, minutes 19.98, lr 1.00e-03
    epoch 66: loss 0.8803, val_ap 0.5645, minutes 20.29, lr 1.00e-03
    epoch 67: loss 0.8550, val_ap 0.5719, minutes 20.6, lr 1.00e-03
    epoch 68: loss 0.8465, val_ap 0.5698, minutes 20.9, lr 1.00e-03
    epoch 69: loss 0.8469, val_ap 0.5743, minutes 21.21, lr 1.00e-03
    epoch 70: loss 0.8358, val_ap 0.5732, minutes 21.51, lr 1.00e-03
    epoch 71: loss 0.8356, val_ap 0.5781, minutes 21.81, lr 1.00e-03
    epoch 72: loss 0.8534, val_ap 0.5754, minutes 22.12, lr 1.00e-03
    epoch 73: loss 0.8601, val_ap 0.5745, minutes 22.44, lr 1.00e-03
    epoch 74: loss 0.8411, val_ap 0.5719, minutes 22.76, lr 1.00e-03
    epoch 75: loss 0.8309, val_ap 0.5735, minutes 23.07, lr 1.00e-03
    epoch 76: loss 0.8368, val_ap 0.5656, minutes 23.39, lr 1.00e-03
    epoch 77: loss 0.8302, val_ap 0.5697, minutes 23.68, lr 1.00e-03
    epoch 78: loss 0.8450, val_ap 0.5709, minutes 24.03, lr 1.00e-03
    epoch 79: loss 0.8443, val_ap 0.5713, minutes 24.35, lr 1.00e-03
    epoch 80: loss 0.8198, val_ap 0.5664, minutes 24.71, lr 5.00e-04
    epoch 81: loss 0.8119, val_ap 0.5739, minutes 25.04, lr 5.00e-04
    epoch 82: loss 0.7965, val_ap 0.5764, minutes 25.35, lr 5.00e-04
    epoch 83: loss 0.8097, val_ap 0.5771, minutes 25.66, lr 5.00e-04
    epoch 84: loss 0.8060, val_ap 0.5759, minutes 25.98, lr 5.00e-04
    epoch 85: loss 0.7949, val_ap 0.5744, minutes 26.31, lr 5.00e-04
    epoch 86: loss 0.7913, val_ap 0.5736, minutes 26.59, lr 5.00e-04
    epoch 87: loss 0.7930, val_ap 0.5735, minutes 26.88, lr 5.00e-04
    epoch 88: loss 0.7880, val_ap 0.5746, minutes 27.16, lr 5.00e-04
    epoch 89: loss 0.7875, val_ap 0.5778, minutes 27.42, lr 2.50e-04
    epoch 90: loss 0.7697, val_ap 0.5793, minutes 27.67, lr 2.50e-04
    epoch 91: loss 0.7706, val_ap 0.5755, minutes 27.94, lr 2.50e-04
    epoch 92: loss 0.7931, val_ap 0.5741, minutes 28.2, lr 2.50e-04
    epoch 93: loss 0.7532, val_ap 0.5734, minutes 28.48, lr 2.50e-04
    epoch 94: loss 0.7665, val_ap 0.5761, minutes 28.75, lr 2.50e-04
    epoch 95: loss 0.7821, val_ap 0.5799, minutes 29.02, lr 2.50e-04
    epoch 96: loss 0.7624, val_ap 0.5766, minutes 29.3, lr 2.50e-04
    epoch 97: loss 0.7650, val_ap 0.5736, minutes 29.56, lr 2.50e-04
    epoch 98: loss 0.7591, val_ap 0.5734, minutes 29.83, lr 2.50e-04
    epoch 99: loss 0.7664, val_ap 0.5734, minutes 30.08, lr 2.50e-04
    epoch 100: loss 0.7812, val_ap 0.5756, minutes 30.35, lr 2.50e-04
    epoch 101: loss 0.7709, val_ap 0.5758, minutes 30.59, lr 2.50e-04
    epoch 102: loss 0.7710, val_ap 0.5763, minutes 30.86, lr 2.50e-04
    epoch 103: loss 0.7661, val_ap 0.5796, minutes 31.1, lr 2.50e-04
    epoch 104: loss 0.7773, val_ap 0.5754, minutes 31.35, lr 1.25e-04
    epoch 105: loss 0.7637, val_ap 0.5781, minutes 31.62, lr 1.25e-04
    epoch 106: loss 0.7692, val_ap 0.5764, minutes 31.88, lr 1.25e-04
    epoch 107: loss 0.7571, val_ap 0.5748, minutes 32.14, lr 1.25e-04
    epoch 108: loss 0.7522, val_ap 0.5760, minutes 32.38, lr 1.25e-04
    epoch 109: loss 0.7521, val_ap 0.5746, minutes 32.63, lr 1.25e-04
    epoch 110: loss 0.7555, val_ap 0.5760, minutes 32.88, lr 1.25e-04
    epoch 111: loss 0.7565, val_ap 0.5753, minutes 33.13, lr 1.25e-04
    epoch 112: loss 0.7511, val_ap 0.5735, minutes 33.39, lr 1.25e-04
    epoch 113: loss 0.7562, val_ap 0.5752, minutes 33.63, lr 6.25e-05
    epoch 114: loss 0.7474, val_ap 0.5768, minutes 33.89, lr 6.25e-05
    epoch 115: loss 0.7462, val_ap 0.5762, minutes 34.13, lr 6.25e-05
    epoch 116: loss 0.7343, val_ap 0.5744, minutes 34.37, lr 6.25e-05
    epoch 117: loss 0.7531, val_ap 0.5745, minutes 34.6, lr 6.25e-05
    epoch 118: loss 0.7361, val_ap 0.5763, minutes 34.85, lr 6.25e-05
    epoch 119: loss 0.7449, val_ap 0.5762, minutes 35.09, lr 6.25e-05
    epoch 120: loss 0.7387, val_ap 0.5766, minutes 35.34, lr 6.25e-05
    stopping: no validation gain in 25 epochs
[scalar_drop dataset0 fold 4] done (35.8 min)
