loaded: dataset0 121,838 sites, data1 90,452
[h2gcn_aux_r100 dataset0 fold 0 seed 2]
    epoch 1: loss 1.9655, val_ap 0.1772, minutes 0.49, lr 3.33e-04
    epoch 2: loss 1.5861, val_ap 0.2637, minutes 1.02, lr 6.63e-04
    epoch 3: loss 1.3273, val_ap 0.3926, minutes 1.51, lr 9.88e-04
    epoch 4: loss 1.1878, val_ap 0.4515, minutes 2.03, lr 1.00e-03
    epoch 5: loss 1.1155, val_ap 0.4556, minutes 2.52, lr 1.00e-03
    epoch 6: loss 1.0994, val_ap 0.4732, minutes 3.04, lr 1.00e-03
    epoch 7: loss 1.0368, val_ap 0.4795, minutes 3.54, lr 1.00e-03
    epoch 8: loss 1.0444, val_ap 0.4951, minutes 4.02, lr 1.00e-03
    epoch 9: loss 0.9969, val_ap 0.4905, minutes 4.56, lr 1.00e-03
    epoch 10: loss 0.9714, val_ap 0.5037, minutes 5.11, lr 1.00e-03
    epoch 11: loss 0.9650, val_ap 0.5129, minutes 5.63, lr 1.00e-03
    epoch 12: loss 0.9603, val_ap 0.5161, minutes 6.2, lr 1.00e-03
    epoch 13: loss 0.9591, val_ap 0.5184, minutes 6.78, lr 1.00e-03
    epoch 14: loss 0.9302, val_ap 0.5207, minutes 7.33, lr 1.00e-03
    epoch 15: loss 0.9414, val_ap 0.5215, minutes 7.83, lr 1.00e-03
    epoch 16: loss 0.9371, val_ap 0.5199, minutes 8.34, lr 1.00e-03
    epoch 17: loss 0.9636, val_ap 0.5188, minutes 8.93, lr 1.00e-03
    epoch 18: loss 1.0020, val_ap 0.5256, minutes 9.47, lr 1.00e-03
    epoch 19: loss 0.9254, val_ap 0.5300, minutes 10.02, lr 1.00e-03
    epoch 20: loss 0.9221, val_ap 0.5261, minutes 10.53, lr 1.00e-03
    epoch 21: loss 0.9076, val_ap 0.5259, minutes 11.08, lr 1.00e-03
    epoch 22: loss 0.9098, val_ap 0.5219, minutes 11.62, lr 1.00e-03
    epoch 23: loss 0.9084, val_ap 0.5278, minutes 12.15, lr 1.00e-03
    epoch 24: loss 0.9072, val_ap 0.5446, minutes 12.72, lr 1.00e-03
    epoch 25: loss 0.8867, val_ap 0.5274, minutes 13.23, lr 1.00e-03
    epoch 26: loss 0.8975, val_ap 0.5267, minutes 13.79, lr 1.00e-03
    epoch 27: loss 0.9036, val_ap 0.5294, minutes 14.31, lr 1.00e-03
    epoch 28: loss 0.8870, val_ap 0.5373, minutes 14.86, lr 1.00e-03
    epoch 29: loss 0.8764, val_ap 0.5374, minutes 15.39, lr 1.00e-03
    epoch 30: loss 0.8633, val_ap 0.5371, minutes 15.93, lr 1.00e-03
    epoch 31: loss 0.8869, val_ap 0.5420, minutes 16.47, lr 1.00e-03
    epoch 32: loss 0.8688, val_ap 0.5423, minutes 17.0, lr 1.00e-03
    epoch 33: loss 0.8844, val_ap 0.5492, minutes 17.54, lr 1.00e-03
    epoch 34: loss 0.8539, val_ap 0.5462, minutes 18.05, lr 1.00e-03
    epoch 35: loss 0.8443, val_ap 0.5540, minutes 18.56, lr 1.00e-03
    epoch 36: loss 0.8477, val_ap 0.5496, minutes 19.06, lr 1.00e-03
    epoch 37: loss 0.8464, val_ap 0.5446, minutes 19.57, lr 1.00e-03
    epoch 38: loss 0.8395, val_ap 0.5458, minutes 20.06, lr 1.00e-03
    epoch 39: loss 0.8559, val_ap 0.5544, minutes 20.63, lr 1.00e-03
    epoch 40: loss 0.8591, val_ap 0.5468, minutes 21.13, lr 1.00e-03
    epoch 41: loss 0.8502, val_ap 0.5414, minutes 21.61, lr 1.00e-03
    epoch 42: loss 0.8251, val_ap 0.5540, minutes 22.1, lr 1.00e-03
    epoch 43: loss 0.8096, val_ap 0.5534, minutes 22.61, lr 1.00e-03
    epoch 44: loss 0.8419, val_ap 0.5593, minutes 23.18, lr 1.00e-03
    epoch 45: loss 0.8265, val_ap 0.5521, minutes 23.66, lr 1.00e-03
    epoch 46: loss 0.8181, val_ap 0.5595, minutes 24.21, lr 1.00e-03
    epoch 47: loss 0.8112, val_ap 0.5571, minutes 24.73, lr 1.00e-03
    epoch 48: loss 0.8079, val_ap 0.5522, minutes 25.23, lr 1.00e-03
    epoch 49: loss 0.8032, val_ap 0.5561, minutes 25.77, lr 1.00e-03
    epoch 50: loss 0.8343, val_ap 0.5500, minutes 26.28, lr 1.00e-03
    epoch 51: loss 0.8068, val_ap 0.5576, minutes 26.8, lr 1.00e-03
    epoch 52: loss 0.7939, val_ap 0.5658, minutes 27.32, lr 1.00e-03
    epoch 53: loss 0.8045, val_ap 0.5599, minutes 27.85, lr 1.00e-03
    epoch 54: loss 0.7889, val_ap 0.5657, minutes 28.4, lr 1.00e-03
    epoch 55: loss 0.7798, val_ap 0.5688, minutes 28.93, lr 1.00e-03
    epoch 56: loss 0.7970, val_ap 0.5715, minutes 29.44, lr 1.00e-03
    epoch 57: loss 0.7974, val_ap 0.5680, minutes 29.95, lr 1.00e-03
    epoch 58: loss 0.7678, val_ap 0.5692, minutes 30.46, lr 1.00e-03
    epoch 59: loss 0.7754, val_ap 0.5694, minutes 31.0, lr 1.00e-03
    epoch 60: loss 0.8216, val_ap 0.5700, minutes 31.51, lr 1.00e-03
    epoch 61: loss 0.7856, val_ap 0.5662, minutes 32.02, lr 1.00e-03
    epoch 62: loss 0.7610, val_ap 0.5692, minutes 32.52, lr 1.00e-03
    epoch 63: loss 0.7637, val_ap 0.5702, minutes 33.04, lr 1.00e-03
    epoch 64: loss 0.7442, val_ap 0.5740, minutes 33.54, lr 1.00e-03
    epoch 65: loss 0.7755, val_ap 0.5652, minutes 34.05, lr 1.00e-03
    epoch 66: loss 0.7920, val_ap 0.5676, minutes 34.59, lr 1.00e-03
    epoch 67: loss 0.7545, val_ap 0.5684, minutes 35.1, lr 1.00e-03
    epoch 68: loss 0.7422, val_ap 0.5746, minutes 35.61, lr 1.00e-03
    epoch 69: loss 0.7520, val_ap 0.5775, minutes 36.14, lr 1.00e-03
    epoch 70: loss 0.7601, val_ap 0.5689, minutes 36.65, lr 1.00e-03
    epoch 71: loss 0.7493, val_ap 0.5571, minutes 37.19, lr 1.00e-03
    epoch 72: loss 0.7457, val_ap 0.5680, minutes 37.69, lr 1.00e-03
    epoch 73: loss 0.7503, val_ap 0.5800, minutes 38.2, lr 1.00e-03
    epoch 74: loss 0.7320, val_ap 0.5760, minutes 38.75, lr 1.00e-03
    epoch 75: loss 0.7259, val_ap 0.5690, minutes 39.24, lr 1.00e-03
    epoch 76: loss 0.7360, val_ap 0.5728, minutes 39.75, lr 1.00e-03
    epoch 77: loss 0.7410, val_ap 0.5779, minutes 40.29, lr 1.00e-03
    epoch 78: loss 0.7307, val_ap 0.5731, minutes 40.79, lr 1.00e-03
    epoch 79: loss 0.7214, val_ap 0.5677, minutes 41.34, lr 1.00e-03
    epoch 80: loss 0.7145, val_ap 0.5691, minutes 41.81, lr 1.00e-03
    epoch 81: loss 0.7266, val_ap 0.5828, minutes 42.35, lr 1.00e-03
    epoch 82: loss 0.7177, val_ap 0.5660, minutes 42.85, lr 1.00e-03
    epoch 83: loss 0.7257, val_ap 0.5718, minutes 43.31, lr 1.00e-03
    epoch 84: loss 0.7293, val_ap 0.5741, minutes 43.78, lr 1.00e-03
    epoch 85: loss 0.7460, val_ap 0.5713, minutes 44.2, lr 1.00e-03
    epoch 86: loss 0.6924, val_ap 0.5674, minutes 44.7, lr 1.00e-03
    epoch 87: loss 0.7040, val_ap 0.5758, minutes 45.17, lr 1.00e-03
    epoch 88: loss 0.7109, val_ap 0.5531, minutes 45.62, lr 1.00e-03
    epoch 89: loss 0.6789, val_ap 0.5711, minutes 46.13, lr 1.00e-03
    epoch 90: loss 0.7104, val_ap 0.5732, minutes 46.58, lr 5.00e-04
    epoch 91: loss 0.6976, val_ap 0.5782, minutes 47.04, lr 5.00e-04
    epoch 92: loss 0.6714, val_ap 0.5831, minutes 47.47, lr 5.00e-04
    epoch 93: loss 0.6732, val_ap 0.5769, minutes 47.92, lr 5.00e-04
    epoch 94: loss 0.6643, val_ap 0.5737, minutes 48.4, lr 5.00e-04
    epoch 95: loss 0.6582, val_ap 0.5750, minutes 48.79, lr 5.00e-04
    epoch 96: loss 0.6665, val_ap 0.5739, minutes 49.19, lr 5.00e-04
    epoch 97: loss 0.6793, val_ap 0.5714, minutes 49.58, lr 5.00e-04
    epoch 98: loss 0.6639, val_ap 0.5756, minutes 49.94, lr 5.00e-04
    epoch 99: loss 0.6881, val_ap 0.5795, minutes 50.3, lr 5.00e-04
    epoch 100: loss 0.6819, val_ap 0.5776, minutes 50.74, lr 5.00e-04
    epoch 101: loss 0.6610, val_ap 0.5785, minutes 51.1, lr 2.50e-04
    epoch 102: loss 0.6457, val_ap 0.5789, minutes 51.45, lr 2.50e-04
    epoch 103: loss 0.6330, val_ap 0.5765, minutes 51.79, lr 2.50e-04
    epoch 104: loss 0.6338, val_ap 0.5780, minutes 52.15, lr 2.50e-04
    epoch 105: loss 0.6381, val_ap 0.5783, minutes 52.53, lr 2.50e-04
    epoch 106: loss 0.6397, val_ap 0.5795, minutes 52.85, lr 2.50e-04
    epoch 107: loss 0.6379, val_ap 0.5726, minutes 53.21, lr 2.50e-04
    epoch 108: loss 0.6322, val_ap 0.5814, minutes 53.57, lr 2.50e-04
    epoch 109: loss 0.6288, val_ap 0.5754, minutes 53.9, lr 2.50e-04
    epoch 110: loss 0.6320, val_ap 0.5773, minutes 54.23, lr 1.25e-04
    epoch 111: loss 0.6142, val_ap 0.5737, minutes 54.54, lr 1.25e-04
    epoch 112: loss 0.6314, val_ap 0.5747, minutes 54.86, lr 1.25e-04
    epoch 113: loss 0.6175, val_ap 0.5742, minutes 55.2, lr 1.25e-04
    epoch 114: loss 0.6254, val_ap 0.5746, minutes 55.52, lr 1.25e-04
    epoch 115: loss 0.6295, val_ap 0.5725, minutes 55.88, lr 1.25e-04
    epoch 116: loss 0.6225, val_ap 0.5720, minutes 56.17, lr 1.25e-04
    epoch 117: loss 0.6234, val_ap 0.5746, minutes 56.48, lr 1.25e-04
    stopping: no validation gain in 25 epochs
[h2gcn_aux_r100 dataset0 fold 0 seed 2] done (57.0 min)
