loaded: dataset0 121,838 sites, data1 90,452
[scalar_drop dataset0 fold 1 seed 1]
    kernel decay scale 114.6 nt (fitted to cell line 1 training labels)
    epoch 1: loss 1.9720, val_ap 0.1395, minutes 0.46, lr 3.33e-04
    epoch 2: loss 1.5829, val_ap 0.2288, minutes 0.96, lr 6.63e-04
    epoch 3: loss 1.3401, val_ap 0.4099, minutes 1.42, lr 9.92e-04
    epoch 4: loss 1.2001, val_ap 0.4902, minutes 1.92, lr 1.00e-03
    epoch 5: loss 1.1197, val_ap 0.5048, minutes 2.42, lr 1.00e-03
    epoch 6: loss 1.1037, val_ap 0.4987, minutes 2.89, lr 1.00e-03
    epoch 7: loss 1.0582, val_ap 0.5162, minutes 3.35, lr 1.00e-03
    epoch 8: loss 1.0507, val_ap 0.5196, minutes 3.83, lr 1.00e-03
    epoch 9: loss 1.0545, val_ap 0.5258, minutes 4.35, lr 1.00e-03
    epoch 10: loss 1.0335, val_ap 0.5228, minutes 4.84, lr 1.00e-03
    epoch 11: loss 1.0113, val_ap 0.5295, minutes 5.36, lr 1.00e-03
    epoch 12: loss 1.0217, val_ap 0.5319, minutes 5.88, lr 1.00e-03
    epoch 13: loss 1.0119, val_ap 0.5298, minutes 6.32, lr 1.00e-03
    epoch 14: loss 1.0057, val_ap 0.5273, minutes 6.8, lr 1.00e-03
    epoch 15: loss 0.9971, val_ap 0.5352, minutes 7.24, lr 1.00e-03
    epoch 16: loss 0.9894, val_ap 0.5374, minutes 7.74, lr 1.00e-03
    epoch 17: loss 0.9865, val_ap 0.5366, minutes 8.2, lr 1.00e-03
    epoch 18: loss 0.9785, val_ap 0.5343, minutes 8.67, lr 1.00e-03
    epoch 19: loss 0.9711, val_ap 0.5362, minutes 9.14, lr 1.00e-03
    epoch 20: loss 0.9886, val_ap 0.5402, minutes 9.6, lr 1.00e-03
    epoch 21: loss 0.9641, val_ap 0.5470, minutes 10.08, lr 1.00e-03
    epoch 22: loss 0.9671, val_ap 0.5438, minutes 10.57, lr 1.00e-03
    epoch 23: loss 0.9653, val_ap 0.5426, minutes 11.09, lr 1.00e-03
    epoch 24: loss 0.9419, val_ap 0.5448, minutes 11.58, lr 1.00e-03
    epoch 25: loss 0.9497, val_ap 0.5471, minutes 12.12, lr 1.00e-03
    epoch 26: loss 0.9474, val_ap 0.5507, minutes 12.65, lr 1.00e-03
    epoch 27: loss 0.9438, val_ap 0.5550, minutes 13.11, lr 1.00e-03
    epoch 28: loss 0.9349, val_ap 0.5559, minutes 13.62, lr 1.00e-03
    epoch 29: loss 0.9358, val_ap 0.5583, minutes 14.12, lr 1.00e-03
    epoch 30: loss 0.9328, val_ap 0.5561, minutes 14.59, lr 1.00e-03
    epoch 31: loss 0.9630, val_ap 0.5537, minutes 15.1, lr 1.00e-03
    epoch 32: loss 0.9300, val_ap 0.5587, minutes 15.58, lr 1.00e-03
    epoch 33: loss 0.9163, val_ap 0.5601, minutes 16.08, lr 1.00e-03
    epoch 34: loss 0.9190, val_ap 0.5602, minutes 16.54, lr 1.00e-03
    epoch 35: loss 0.9213, val_ap 0.5631, minutes 17.0, lr 1.00e-03
    epoch 36: loss 0.9432, val_ap 0.5591, minutes 17.47, lr 1.00e-03
    epoch 37: loss 0.9319, val_ap 0.5643, minutes 17.96, lr 1.00e-03
    epoch 38: loss 0.9117, val_ap 0.5679, minutes 18.45, lr 1.00e-03
    epoch 39: loss 0.9255, val_ap 0.5747, minutes 18.89, lr 1.00e-03
    epoch 40: loss 0.8952, val_ap 0.5714, minutes 19.38, lr 1.00e-03
    epoch 41: loss 0.9034, val_ap 0.5707, minutes 19.86, lr 1.00e-03
    epoch 42: loss 0.8898, val_ap 0.5745, minutes 20.36, lr 1.00e-03
    epoch 43: loss 0.8812, val_ap 0.5772, minutes 20.88, lr 1.00e-03
    epoch 44: loss 0.8840, val_ap 0.5807, minutes 21.36, lr 1.00e-03
    epoch 45: loss 0.8978, val_ap 0.5758, minutes 21.87, lr 1.00e-03
    epoch 46: loss 0.8884, val_ap 0.5782, minutes 22.34, lr 1.00e-03
    epoch 47: loss 0.8918, val_ap 0.5791, minutes 22.78, lr 1.00e-03
    epoch 48: loss 0.8692, val_ap 0.5795, minutes 23.25, lr 1.00e-03
    epoch 49: loss 0.8639, val_ap 0.5780, minutes 23.72, lr 1.00e-03
    epoch 50: loss 0.8788, val_ap 0.5790, minutes 24.19, lr 1.00e-03
    epoch 51: loss 0.8720, val_ap 0.5842, minutes 24.64, lr 1.00e-03
    epoch 52: loss 0.8639, val_ap 0.5873, minutes 25.1, lr 1.00e-03
    epoch 53: loss 0.8479, val_ap 0.5860, minutes 25.63, lr 1.00e-03
    epoch 54: loss 0.8698, val_ap 0.5824, minutes 26.13, lr 1.00e-03
    epoch 55: loss 0.8604, val_ap 0.5850, minutes 26.61, lr 1.00e-03
    epoch 56: loss 0.8684, val_ap 0.5744, minutes 27.13, lr 1.00e-03
    epoch 57: loss 0.8600, val_ap 0.5770, minutes 27.61, lr 1.00e-03
    epoch 58: loss 0.8739, val_ap 0.5768, minutes 28.09, lr 1.00e-03
    epoch 59: loss 0.8361, val_ap 0.5810, minutes 28.62, lr 1.00e-03
    epoch 60: loss 0.8539, val_ap 0.5795, minutes 29.1, lr 1.00e-03
    epoch 61: loss 0.8533, val_ap 0.5852, minutes 29.58, lr 5.00e-04
    epoch 62: loss 0.8399, val_ap 0.5872, minutes 30.05, lr 5.00e-04
    epoch 63: loss 0.8354, val_ap 0.5767, minutes 30.58, lr 5.00e-04
    epoch 64: loss 0.8200, val_ap 0.5844, minutes 31.08, lr 5.00e-04
    epoch 65: loss 0.8099, val_ap 0.5853, minutes 31.58, lr 5.00e-04
    epoch 66: loss 0.8300, val_ap 0.5801, minutes 32.06, lr 5.00e-04
    epoch 67: loss 0.8175, val_ap 0.5849, minutes 32.58, lr 5.00e-04
    epoch 68: loss 0.7996, val_ap 0.5835, minutes 33.05, lr 5.00e-04
    epoch 69: loss 0.8148, val_ap 0.5831, minutes 33.54, lr 5.00e-04
    epoch 70: loss 0.8058, val_ap 0.5872, minutes 34.03, lr 2.50e-04
    epoch 71: loss 0.7973, val_ap 0.5862, minutes 34.56, lr 2.50e-04
    epoch 72: loss 0.8000, val_ap 0.5870, minutes 35.0, lr 2.50e-04
    epoch 73: loss 0.7969, val_ap 0.5860, minutes 35.51, lr 2.50e-04
    epoch 74: loss 0.7989, val_ap 0.5830, minutes 35.97, lr 2.50e-04
    epoch 75: loss 0.7845, val_ap 0.5878, minutes 36.46, lr 2.50e-04
    epoch 76: loss 0.7937, val_ap 0.5868, minutes 36.96, lr 2.50e-04
    epoch 77: loss 0.7938, val_ap 0.5864, minutes 37.46, lr 2.50e-04
    epoch 78: loss 0.7915, val_ap 0.5887, minutes 37.95, lr 2.50e-04
    epoch 79: loss 0.7849, val_ap 0.5874, minutes 38.42, lr 2.50e-04
    epoch 80: loss 0.7870, val_ap 0.5877, minutes 38.87, lr 2.50e-04
    epoch 81: loss 0.7792, val_ap 0.5872, minutes 39.33, lr 2.50e-04
    epoch 82: loss 0.7859, val_ap 0.5897, minutes 39.76, lr 2.50e-04
    epoch 83: loss 0.7818, val_ap 0.5834, minutes 40.24, lr 2.50e-04
    epoch 84: loss 0.7844, val_ap 0.5865, minutes 40.73, lr 2.50e-04
    epoch 85: loss 0.7699, val_ap 0.5874, minutes 41.17, lr 2.50e-04
    epoch 86: loss 0.7851, val_ap 0.5887, minutes 41.61, lr 2.50e-04
    epoch 87: loss 0.7827, val_ap 0.5901, minutes 42.05, lr 2.50e-04
    epoch 88: loss 0.7824, val_ap 0.5882, minutes 42.52, lr 2.50e-04
    epoch 89: loss 0.7706, val_ap 0.5887, minutes 42.98, lr 2.50e-04
    epoch 90: loss 0.7855, val_ap 0.5891, minutes 43.36, lr 2.50e-04
    epoch 91: loss 0.7659, val_ap 0.5867, minutes 43.77, lr 2.50e-04
    epoch 92: loss 0.7779, val_ap 0.5869, minutes 44.19, lr 2.50e-04
    epoch 93: loss 0.7882, val_ap 0.5869, minutes 44.6, lr 2.50e-04
    epoch 94: loss 0.7623, val_ap 0.5877, minutes 45.0, lr 2.50e-04
    epoch 95: loss 0.7764, val_ap 0.5877, minutes 45.44, lr 2.50e-04
    epoch 96: loss 0.7601, val_ap 0.5875, minutes 45.86, lr 1.25e-04
    epoch 97: loss 0.7689, val_ap 0.5895, minutes 46.27, lr 1.25e-04
    epoch 98: loss 0.7491, val_ap 0.5879, minutes 46.65, lr 1.25e-04
    epoch 99: loss 0.7608, val_ap 0.5862, minutes 47.06, lr 1.25e-04
    epoch 100: loss 0.7646, val_ap 0.5876, minutes 47.46, lr 1.25e-04
    epoch 101: loss 0.7649, val_ap 0.5865, minutes 47.85, lr 1.25e-04
    epoch 102: loss 0.7555, val_ap 0.5882, minutes 48.26, lr 1.25e-04
    epoch 103: loss 0.7671, val_ap 0.5887, minutes 48.67, lr 1.25e-04
    epoch 104: loss 0.7635, val_ap 0.5881, minutes 49.04, lr 1.25e-04
    epoch 105: loss 0.7550, val_ap 0.5864, minutes 49.45, lr 6.25e-05
    epoch 106: loss 0.7604, val_ap 0.5884, minutes 49.86, lr 6.25e-05
    epoch 107: loss 0.7509, val_ap 0.5888, minutes 50.25, lr 6.25e-05
    epoch 108: loss 0.7560, val_ap 0.5887, minutes 50.61, lr 6.25e-05
    epoch 109: loss 0.7530, val_ap 0.5870, minutes 50.99, lr 6.25e-05
    epoch 110: loss 0.7508, val_ap 0.5884, minutes 51.37, lr 6.25e-05
    epoch 111: loss 0.7489, val_ap 0.5881, minutes 51.76, lr 6.25e-05
    epoch 112: loss 0.7568, val_ap 0.5875, minutes 52.15, lr 6.25e-05
    stopping: no validation gain in 25 epochs
[scalar_drop dataset0 fold 1 seed 1] done (52.8 min)
