loaded: dataset0 121,838 sites, data1 90,452
[res_nogate dataset0 fold 1 seed 2]
    kernel decay scale 114.6 nt (fitted to cell line 1 training labels)
    epoch 1: loss 1.9436, val_ap 0.1644, minutes 0.43, lr 3.33e-04
    epoch 2: loss 1.5471, val_ap 0.2759, minutes 0.94, lr 6.63e-04
    epoch 3: loss 1.3417, val_ap 0.4238, minutes 1.35, lr 9.92e-04
    epoch 4: loss 1.1799, val_ap 0.4764, minutes 1.85, lr 1.00e-03
    epoch 5: loss 1.1389, val_ap 0.4911, minutes 2.35, lr 1.00e-03
    epoch 6: loss 1.1025, val_ap 0.5035, minutes 2.85, lr 1.00e-03
    epoch 7: loss 1.0827, val_ap 0.5142, minutes 3.3, lr 1.00e-03
    epoch 8: loss 1.0285, val_ap 0.5202, minutes 3.86, lr 1.00e-03
    epoch 9: loss 1.0207, val_ap 0.5202, minutes 4.36, lr 1.00e-03
    epoch 10: loss 1.0165, val_ap 0.5251, minutes 4.84, lr 1.00e-03
    epoch 11: loss 0.9837, val_ap 0.5366, minutes 5.33, lr 1.00e-03
    epoch 12: loss 0.9950, val_ap 0.5423, minutes 5.84, lr 1.00e-03
    epoch 13: loss 0.9840, val_ap 0.5473, minutes 6.37, lr 1.00e-03
    epoch 14: loss 0.9872, val_ap 0.5508, minutes 6.84, lr 1.00e-03
    epoch 15: loss 0.9781, val_ap 0.5464, minutes 7.34, lr 1.00e-03
    epoch 16: loss 0.9411, val_ap 0.5501, minutes 7.84, lr 1.00e-03
    epoch 17: loss 0.9422, val_ap 0.5539, minutes 8.32, lr 1.00e-03
    epoch 18: loss 0.9371, val_ap 0.5539, minutes 8.81, lr 1.00e-03
    epoch 19: loss 0.9253, val_ap 0.5531, minutes 9.34, lr 1.00e-03
    epoch 20: loss 0.9320, val_ap 0.5597, minutes 9.85, lr 1.00e-03
    epoch 21: loss 0.9349, val_ap 0.5572, minutes 10.33, lr 1.00e-03
    epoch 22: loss 0.9296, val_ap 0.5564, minutes 10.83, lr 1.00e-03
    epoch 23: loss 0.9335, val_ap 0.5632, minutes 11.32, lr 1.00e-03
    epoch 24: loss 0.9118, val_ap 0.5704, minutes 11.8, lr 1.00e-03
    epoch 25: loss 0.9192, val_ap 0.5751, minutes 12.28, lr 1.00e-03
    epoch 26: loss 0.9002, val_ap 0.5760, minutes 12.77, lr 1.00e-03
    epoch 27: loss 0.9092, val_ap 0.5731, minutes 13.23, lr 1.00e-03
    epoch 28: loss 0.9029, val_ap 0.5745, minutes 13.71, lr 1.00e-03
    epoch 29: loss 0.8884, val_ap 0.5774, minutes 14.15, lr 1.00e-03
    epoch 30: loss 0.9073, val_ap 0.5769, minutes 14.66, lr 1.00e-03
    epoch 31: loss 0.8953, val_ap 0.5711, minutes 15.13, lr 1.00e-03
    epoch 32: loss 0.8856, val_ap 0.5799, minutes 15.6, lr 1.00e-03
    epoch 33: loss 0.8814, val_ap 0.5792, minutes 16.1, lr 1.00e-03
    epoch 34: loss 0.8670, val_ap 0.5794, minutes 16.62, lr 1.00e-03
    epoch 35: loss 0.8605, val_ap 0.5861, minutes 17.11, lr 1.00e-03
    epoch 36: loss 0.8779, val_ap 0.5827, minutes 17.6, lr 1.00e-03
    epoch 37: loss 0.8736, val_ap 0.5932, minutes 18.11, lr 1.00e-03
    epoch 38: loss 0.8777, val_ap 0.5875, minutes 18.58, lr 1.00e-03
    epoch 39: loss 0.8590, val_ap 0.5961, minutes 19.1, lr 1.00e-03
    epoch 40: loss 0.8489, val_ap 0.5983, minutes 19.56, lr 1.00e-03
    epoch 41: loss 0.8528, val_ap 0.5949, minutes 20.05, lr 1.00e-03
    epoch 42: loss 0.8618, val_ap 0.6000, minutes 20.51, lr 1.00e-03
    epoch 43: loss 0.8454, val_ap 0.6045, minutes 21.01, lr 1.00e-03
    epoch 44: loss 0.8384, val_ap 0.5926, minutes 21.5, lr 1.00e-03
    epoch 45: loss 0.8610, val_ap 0.5913, minutes 21.98, lr 1.00e-03
    epoch 46: loss 0.8446, val_ap 0.6029, minutes 22.47, lr 1.00e-03
    epoch 47: loss 0.8744, val_ap 0.6008, minutes 22.93, lr 1.00e-03
    epoch 48: loss 0.8504, val_ap 0.6082, minutes 23.44, lr 1.00e-03
    epoch 49: loss 0.8519, val_ap 0.6050, minutes 23.93, lr 1.00e-03
    epoch 50: loss 0.8204, val_ap 0.6056, minutes 24.43, lr 1.00e-03
    epoch 51: loss 0.8447, val_ap 0.6041, minutes 24.87, lr 1.00e-03
    epoch 52: loss 0.8280, val_ap 0.5987, minutes 25.36, lr 1.00e-03
    epoch 53: loss 0.8226, val_ap 0.6050, minutes 25.83, lr 1.00e-03
    epoch 54: loss 0.8110, val_ap 0.5909, minutes 26.32, lr 1.00e-03
    epoch 55: loss 0.8481, val_ap 0.6012, minutes 26.82, lr 1.00e-03
    epoch 56: loss 0.8087, val_ap 0.6062, minutes 27.28, lr 1.00e-03
    epoch 57: loss 0.8186, val_ap 0.6083, minutes 27.76, lr 1.00e-03
    epoch 58: loss 0.8310, val_ap 0.6004, minutes 28.23, lr 1.00e-03
    epoch 59: loss 0.8061, val_ap 0.6129, minutes 28.7, lr 1.00e-03
    epoch 60: loss 0.7986, val_ap 0.6074, minutes 29.19, lr 1.00e-03
    epoch 61: loss 0.8001, val_ap 0.6110, minutes 29.72, lr 1.00e-03
    epoch 62: loss 0.7923, val_ap 0.6066, minutes 30.24, lr 1.00e-03
    epoch 63: loss 0.7927, val_ap 0.6156, minutes 30.73, lr 1.00e-03
    epoch 64: loss 0.7828, val_ap 0.6031, minutes 31.23, lr 1.00e-03
    epoch 65: loss 0.7974, val_ap 0.6069, minutes 31.73, lr 1.00e-03
    epoch 66: loss 0.7894, val_ap 0.6157, minutes 32.21, lr 1.00e-03
    epoch 67: loss 0.7828, val_ap 0.6163, minutes 32.7, lr 1.00e-03
    epoch 68: loss 0.7967, val_ap 0.6034, minutes 33.19, lr 1.00e-03
    epoch 69: loss 0.7789, val_ap 0.6102, minutes 33.68, lr 1.00e-03
    epoch 70: loss 0.7661, val_ap 0.6159, minutes 34.17, lr 1.00e-03
    epoch 71: loss 0.7762, val_ap 0.6109, minutes 34.63, lr 1.00e-03
    epoch 72: loss 0.7632, val_ap 0.6019, minutes 35.16, lr 1.00e-03
    epoch 73: loss 0.7701, val_ap 0.5991, minutes 35.63, lr 1.00e-03
    epoch 74: loss 0.7682, val_ap 0.6106, minutes 36.14, lr 1.00e-03
    epoch 75: loss 0.7749, val_ap 0.6107, minutes 36.64, lr 1.00e-03
    epoch 76: loss 0.7569, val_ap 0.6060, minutes 37.12, lr 5.00e-04
    epoch 77: loss 0.7413, val_ap 0.6015, minutes 37.62, lr 5.00e-04
    epoch 78: loss 0.7482, val_ap 0.6069, minutes 38.11, lr 5.00e-04
    epoch 79: loss 0.7463, val_ap 0.6072, minutes 38.63, lr 5.00e-04
    epoch 80: loss 0.7436, val_ap 0.6074, minutes 39.14, lr 5.00e-04
    epoch 81: loss 0.7346, val_ap 0.6002, minutes 39.63, lr 5.00e-04
    epoch 82: loss 0.7360, val_ap 0.6091, minutes 40.16, lr 5.00e-04
    epoch 83: loss 0.7495, val_ap 0.5967, minutes 40.63, lr 5.00e-04
    epoch 84: loss 0.7244, val_ap 0.6052, minutes 41.13, lr 5.00e-04
    epoch 85: loss 0.7355, val_ap 0.6054, minutes 41.63, lr 2.50e-04
    epoch 86: loss 0.7080, val_ap 0.6029, minutes 42.12, lr 2.50e-04
    epoch 87: loss 0.7012, val_ap 0.6014, minutes 42.6, lr 2.50e-04
    epoch 88: loss 0.7171, val_ap 0.6036, minutes 43.1, lr 2.50e-04
    epoch 89: loss 0.7040, val_ap 0.6016, minutes 43.58, lr 2.50e-04
    epoch 90: loss 0.7129, val_ap 0.5988, minutes 44.07, lr 2.50e-04
    epoch 91: loss 0.7103, val_ap 0.6069, minutes 44.56, lr 2.50e-04
    epoch 92: loss 0.7153, val_ap 0.6040, minutes 45.04, lr 2.50e-04
    stopping: no validation gain in 25 epochs
[res_nogate dataset0 fold 1 seed 2] done (45.8 min)
