loaded: dataset0 121,838 sites, data1 90,452
[h2gcn_twohead_aux pooled_both fold 1 seed 1]
    epoch 1: loss 1.9094, val_ap 0.1557, minutes 0.96, lr 3.31e-04
    epoch 2: loss 1.5266, val_ap 0.3196, minutes 1.8, lr 6.60e-04
    epoch 3: loss 1.3366, val_ap 0.4273, minutes 2.63, lr 9.89e-04
    epoch 4: loss 1.2374, val_ap 0.4548, minutes 3.46, lr 1.00e-03
    epoch 5: loss 1.1940, val_ap 0.4647, minutes 4.3, lr 1.00e-03
    epoch 6: loss 1.1658, val_ap 0.4655, minutes 5.21, lr 1.00e-03
    epoch 7: loss 1.1561, val_ap 0.4690, minutes 6.16, lr 1.00e-03
    epoch 8: loss 1.1421, val_ap 0.4812, minutes 7.11, lr 1.00e-03
    epoch 9: loss 1.1414, val_ap 0.4770, minutes 8.11, lr 1.00e-03
    epoch 10: loss 1.1356, val_ap 0.4890, minutes 9.09, lr 1.00e-03
    epoch 11: loss 1.1157, val_ap 0.4862, minutes 10.03, lr 1.00e-03
    epoch 12: loss 1.1108, val_ap 0.4878, minutes 11.05, lr 1.00e-03
    epoch 13: loss 1.1051, val_ap 0.4873, minutes 12.01, lr 1.00e-03
    epoch 14: loss 1.1069, val_ap 0.4928, minutes 12.95, lr 1.00e-03
    epoch 15: loss 1.1072, val_ap 0.4958, minutes 13.92, lr 1.00e-03
    epoch 16: loss 1.0994, val_ap 0.4927, minutes 14.9, lr 1.00e-03
    epoch 17: loss 1.0915, val_ap 0.4908, minutes 15.85, lr 1.00e-03
    epoch 18: loss 1.0837, val_ap 0.4940, minutes 16.75, lr 1.00e-03
    epoch 19: loss 1.0915, val_ap 0.4917, minutes 17.64, lr 1.00e-03
    epoch 20: loss 1.0781, val_ap 0.4925, minutes 18.61, lr 1.00e-03
    epoch 21: loss 1.0754, val_ap 0.4975, minutes 19.59, lr 1.00e-03
    epoch 22: loss 1.0827, val_ap 0.4964, minutes 20.56, lr 1.00e-03
    epoch 23: loss 1.0685, val_ap 0.4972, minutes 21.56, lr 1.00e-03
    epoch 24: loss 1.0740, val_ap 0.5006, minutes 22.57, lr 1.00e-03
    epoch 25: loss 1.0674, val_ap 0.4940, minutes 23.52, lr 1.00e-03
    epoch 26: loss 1.0578, val_ap 0.4996, minutes 24.45, lr 1.00e-03
    epoch 27: loss 1.0505, val_ap 0.4970, minutes 25.44, lr 1.00e-03
    epoch 28: loss 1.0555, val_ap 0.5010, minutes 26.5, lr 1.00e-03
    epoch 29: loss 1.0425, val_ap 0.4958, minutes 27.47, lr 1.00e-03
    epoch 30: loss 1.0419, val_ap 0.4999, minutes 28.47, lr 1.00e-03
    epoch 31: loss 1.0415, val_ap 0.5061, minutes 29.44, lr 1.00e-03
    epoch 32: loss 1.0390, val_ap 0.5021, minutes 30.35, lr 1.00e-03
    epoch 33: loss 1.0332, val_ap 0.4981, minutes 31.25, lr 1.00e-03
    epoch 34: loss 1.0358, val_ap 0.4986, minutes 32.08, lr 1.00e-03
    epoch 35: loss 1.0231, val_ap 0.4999, minutes 33.02, lr 1.00e-03
    epoch 36: loss 1.0182, val_ap 0.5024, minutes 33.91, lr 1.00e-03
    epoch 37: loss 1.0158, val_ap 0.5005, minutes 34.79, lr 1.00e-03
    epoch 38: loss 1.0158, val_ap 0.5033, minutes 35.65, lr 1.00e-03
    epoch 39: loss 1.0135, val_ap 0.5001, minutes 36.55, lr 1.00e-03
    epoch 40: loss 1.0058, val_ap 0.5028, minutes 37.37, lr 5.00e-04
    epoch 41: loss 0.9880, val_ap 0.5006, minutes 38.23, lr 5.00e-04
    epoch 42: loss 0.9815, val_ap 0.5030, minutes 38.94, lr 5.00e-04
    epoch 43: loss 0.9827, val_ap 0.4997, minutes 39.68, lr 5.00e-04
    epoch 44: loss 0.9793, val_ap 0.5093, minutes 40.42, lr 5.00e-04
    epoch 45: loss 0.9733, val_ap 0.5012, minutes 41.19, lr 5.00e-04
    epoch 46: loss 0.9746, val_ap 0.5045, minutes 41.97, lr 5.00e-04
    epoch 47: loss 0.9699, val_ap 0.5022, minutes 42.7, lr 5.00e-04
    epoch 48: loss 0.9746, val_ap 0.5048, minutes 43.47, lr 5.00e-04
    epoch 49: loss 0.9693, val_ap 0.5034, minutes 44.22, lr 5.00e-04
    epoch 50: loss 0.9643, val_ap 0.5017, minutes 44.94, lr 5.00e-04
    epoch 51: loss 0.9570, val_ap 0.4932, minutes 45.67, lr 5.00e-04
    epoch 52: loss 0.9556, val_ap 0.4978, minutes 46.44, lr 5.00e-04
    epoch 53: loss 0.9491, val_ap 0.4865, minutes 47.18, lr 2.50e-04
    epoch 54: loss 0.9439, val_ap 0.4890, minutes 48.04, lr 2.50e-04
    epoch 55: loss 0.9393, val_ap 0.4996, minutes 48.76, lr 2.50e-04
    epoch 56: loss 0.9360, val_ap 0.4941, minutes 49.44, lr 2.50e-04
    epoch 57: loss 0.9348, val_ap 0.4991, minutes 50.19, lr 2.50e-04
    epoch 58: loss 0.9320, val_ap 0.5050, minutes 50.99, lr 2.50e-04
    epoch 59: loss 0.9334, val_ap 0.4964, minutes 51.83, lr 2.50e-04
    epoch 60: loss 0.9373, val_ap 0.5058, minutes 52.58, lr 2.50e-04
    epoch 61: loss 0.9317, val_ap 0.4968, minutes 53.32, lr 2.50e-04
    epoch 62: loss 0.9300, val_ap 0.5019, minutes 54.03, lr 1.25e-04
    epoch 63: loss 0.9223, val_ap 0.4935, minutes 54.78, lr 1.25e-04
    epoch 64: loss 0.9252, val_ap 0.4952, minutes 55.54, lr 1.25e-04
    epoch 65: loss 0.9243, val_ap 0.4999, minutes 56.29, lr 1.25e-04
    epoch 66: loss 0.9198, val_ap 0.4932, minutes 57.03, lr 1.25e-04
    epoch 67: loss 0.9193, val_ap 0.4962, minutes 57.76, lr 1.25e-04
    epoch 68: loss 0.9178, val_ap 0.4891, minutes 58.49, lr 1.25e-04
    epoch 69: loss 0.9127, val_ap 0.4966, minutes 59.24, lr 1.25e-04
    stopping: no validation gain in 25 epochs
[h2gcn_twohead_aux pooled_both fold 1 seed 1] done (60.0 min)
