loaded: dataset0 121,838 sites, data1 90,452
[deepset pooled_both fold 3 seed 2]
    epoch 1: loss 1.1537969115396474, minutes 0.29, val_ap 0.2508330464380513, lr 0.00033389261744966444
    epoch 2: loss 0.9455915389445004, minutes 0.6, val_ap 0.37991230058523934, lr 0.0006672259507829977
    epoch 3: loss 0.8863668192253017, minutes 0.93, val_ap 0.4043852976322698, lr 0.001
    epoch 4: loss 0.861034221497158, minutes 1.25, val_ap 0.40981134169090533, lr 0.001
    epoch 5: loss 0.8527230145347199, minutes 1.56, val_ap 0.4130136260096626, lr 0.001
    epoch 6: loss 0.843759889420647, minutes 1.89, val_ap 0.42656645196038295, lr 0.001
    epoch 7: loss 0.830302274017126, minutes 2.21, val_ap 0.4310412547582557, lr 0.001
    epoch 8: loss 0.8272510349450496, minutes 2.52, val_ap 0.4348655433483656, lr 0.001
    epoch 9: loss 0.8241717855402287, minutes 2.83, val_ap 0.44396543736549965, lr 0.001
    epoch 10: loss 0.8221457337073032, minutes 3.15, val_ap 0.447009771331566, lr 0.001
    epoch 11: loss 0.8152800634403357, minutes 3.48, val_ap 0.4476855015022527, lr 0.001
    epoch 12: loss 0.8094796824875294, minutes 3.78, val_ap 0.45388564757309374, lr 0.001
    epoch 13: loss 0.8085770653998292, minutes 4.1, val_ap 0.45566827646956287, lr 0.001
    epoch 14: loss 0.8041607648534262, minutes 4.4, val_ap 0.45617034892208946, lr 0.001
    epoch 15: loss 0.7987279071903869, minutes 4.7, val_ap 0.4604575463933724, lr 0.001
    epoch 16: loss 0.7960782613130224, minutes 4.98, val_ap 0.45914220933706196, lr 0.001
    epoch 17: loss 0.7948272795785194, minutes 5.26, val_ap 0.45889169947950365, lr 0.001
    epoch 18: loss 0.7884582808153742, minutes 5.53, val_ap 0.4614685187735558, lr 0.001
    epoch 19: loss 0.785560352640264, minutes 5.81, val_ap 0.4623918325483874, lr 0.001
    epoch 20: loss 0.7877009302977748, minutes 6.08, val_ap 0.4598581672595107, lr 0.001
    epoch 21: loss 0.7838755422490555, minutes 6.33, val_ap 0.4708381425501548, lr 0.001
    epoch 22: loss 0.7805408456881574, minutes 6.6, val_ap 0.4628765932654894, lr 0.001
    epoch 23: loss 0.7792285438251976, minutes 6.87, val_ap 0.4448923270016571, lr 0.001
    epoch 24: loss 0.7755305782060495, minutes 7.11, val_ap 0.4623084485220037, lr 0.001
    epoch 25: loss 0.7732230030850276, minutes 7.34, val_ap 0.46269021093407214, lr 0.001
    epoch 26: loss 0.7675899470212476, minutes 7.58, val_ap 0.46443201330327166, lr 0.001
    epoch 27: loss 0.7689117493745464, minutes 7.82, val_ap 0.4658364070274093, lr 0.001
    epoch 28: loss 0.7622265984247995, minutes 8.05, val_ap 0.46831626201104765, lr 0.001
    epoch 29: loss 0.7616235252794803, minutes 8.29, val_ap 0.4614211536931574, lr 0.001
    epoch 30: loss 0.7601951596220867, minutes 8.52, val_ap 0.4673330719643072, lr 0.0005
    epoch 31: loss 0.7431304040771203, minutes 8.73, val_ap 0.4696739563547378, lr 0.0005
    epoch 32: loss 0.7405006403491001, minutes 8.93, val_ap 0.46437556633844834, lr 0.0005
    epoch 33: loss 0.7399417063933891, minutes 9.13, val_ap 0.4699836306683692, lr 0.0005
    epoch 34: loss 0.7359345995339771, minutes 9.34, val_ap 0.46584459340463236, lr 0.0005
    epoch 35: loss 0.7341070712712787, minutes 9.54, val_ap 0.4645296483435361, lr 0.0005
    epoch 36: loss 0.7335468796675637, minutes 9.76, val_ap 0.46999436042220943, lr 0.0005
    epoch 37: loss 0.7336431151668498, minutes 9.97, val_ap 0.4676079253736075, lr 0.0005
    epoch 38: loss 0.7300756607679713, minutes 10.19, val_ap 0.46798153284550337, lr 0.0005
    epoch 39: loss 0.7323109155033258, minutes 10.37, val_ap 0.4677307816933309, lr 0.00025
    epoch 40: loss 0.7188850319225516, minutes 10.56, val_ap 0.46794073869851144, lr 0.00025
    epoch 41: loss 0.7165313014048058, minutes 10.75, val_ap 0.470824334009175, lr 0.00025
    epoch 42: loss 0.7161989298042835, minutes 10.93, val_ap 0.4702871052181737, lr 0.00025
    epoch 43: loss 0.7152123568242028, minutes 11.12, val_ap 0.470157936453323, lr 0.00025
    epoch 44: loss 0.7123215276022885, minutes 11.3, val_ap 0.46854196098882456, lr 0.00025
    epoch 45: loss 0.7102790502893844, minutes 11.48, val_ap 0.47200924253329446, lr 0.00025
    epoch 46: loss 0.711564470757574, minutes 11.66, val_ap 0.4656577814268648, lr 0.00025
    epoch 47: loss 0.7068568636106964, minutes 11.83, val_ap 0.4721553512573891, lr 0.00025
    epoch 48: loss 0.7113410013934109, minutes 11.99, val_ap 0.47078539278291404, lr 0.00025
    epoch 49: loss 0.712063508195765, minutes 12.15, val_ap 0.46671199318111284, lr 0.00025
    epoch 50: loss 0.7047170414620598, minutes 12.32, val_ap 0.4664826044289953, lr 0.00025
    epoch 51: loss 0.7051210679463892, minutes 12.48, val_ap 0.4655411406751604, lr 0.00025
    epoch 52: loss 0.7039697596290767, minutes 12.65, val_ap 0.4695061870697056, lr 0.00025
    epoch 53: loss 0.7044320527539157, minutes 12.81, val_ap 0.4674787187777296, lr 0.00025
    epoch 54: loss 0.7039005156331415, minutes 12.98, val_ap 0.46433461900302697, lr 0.00025
    epoch 55: loss 0.7029306426044278, minutes 13.14, val_ap 0.4639805940554293, lr 0.00025
    epoch 56: loss 0.6999987651337714, minutes 13.3, val_ap 0.4636460400862749, lr 0.000125
    epoch 57: loss 0.6948579654297573, minutes 13.46, val_ap 0.4667337826046634, lr 0.000125
    epoch 58: loss 0.69506977853559, minutes 13.61, val_ap 0.46507762301114614, lr 0.000125
    epoch 59: loss 0.6900684840027118, minutes 13.76, val_ap 0.46794399544210136, lr 0.000125
    epoch 60: loss 0.6892381713994398, minutes 13.92, val_ap 0.46699270555736266, lr 0.000125
    epoch 61: loss 0.6905444408923187, minutes 14.07, val_ap 0.46525063929078564, lr 0.000125
    epoch 62: loss 0.695106608055582, minutes 14.23, val_ap 0.46618604178238404, lr 0.000125
    epoch 63: loss 0.6930111087108618, minutes 14.38, val_ap 0.4644791067902927, lr 0.000125
    epoch 64: loss 0.6915819490915976, minutes 14.54, val_ap 0.4633308203279278, lr 0.000125
    epoch 65: loss 0.6929594254333701, minutes 14.69, val_ap 0.4618682162348803, lr 6.25e-05
    epoch 66: loss 0.6902703027797226, minutes 14.84, val_ap 0.4644822747577233, lr 6.25e-05
    epoch 67: loss 0.686063452655037, minutes 15.0, val_ap 0.4657975497735472, lr 6.25e-05
    epoch 68: loss 0.6885110772396094, minutes 15.15, val_ap 0.46525507296744556, lr 6.25e-05
    epoch 69: loss 0.6923208429709377, minutes 15.31, val_ap 0.4670485586265202, lr 6.25e-05
    epoch 70: loss 0.68839439804722, minutes 15.46, val_ap 0.4658570878569613, lr 6.25e-05
    epoch 71: loss 0.6879731069675228, minutes 15.62, val_ap 0.46525467828735473, lr 6.25e-05
    stopping: no validation gain in 25 epochs
[deepset pooled_both fold 3 seed 2] done (15.9 min)
