loaded: dataset0 121,838 sites, data1 90,452
[scalar_random dataset0 fold 3]
    kernel decay scale 113.4 nt (fitted to cell line 1 training labels)
    epoch 1: loss 1.9893, val_ap 0.1055, minutes 0.45, lr 3.33e-04
    epoch 2: loss 1.5891, val_ap 0.1933, minutes 0.89, lr 6.63e-04
    epoch 3: loss 1.3771, val_ap 0.3501, minutes 1.36, lr 9.92e-04
    epoch 4: loss 1.2527, val_ap 0.4466, minutes 1.8, lr 1.00e-03
    epoch 5: loss 1.2114, val_ap 0.4641, minutes 2.23, lr 1.00e-03
    epoch 6: loss 1.1547, val_ap 0.4664, minutes 2.61, lr 1.00e-03
    epoch 7: loss 1.1072, val_ap 0.4677, minutes 3.08, lr 1.00e-03
    epoch 8: loss 1.0798, val_ap 0.4801, minutes 3.52, lr 1.00e-03
    epoch 9: loss 1.0885, val_ap 0.4772, minutes 3.92, lr 1.00e-03
    epoch 10: loss 1.0673, val_ap 0.4832, minutes 4.36, lr 1.00e-03
    epoch 11: loss 1.0538, val_ap 0.4690, minutes 4.87, lr 1.00e-03
    epoch 12: loss 1.0614, val_ap 0.4803, minutes 5.29, lr 1.00e-03
    epoch 13: loss 1.0418, val_ap 0.4917, minutes 5.73, lr 1.00e-03
    epoch 14: loss 1.0229, val_ap 0.4869, minutes 6.18, lr 1.00e-03
    epoch 15: loss 1.0534, val_ap 0.4880, minutes 6.6, lr 1.00e-03
    epoch 16: loss 1.0159, val_ap 0.4908, minutes 7.04, lr 1.00e-03
    epoch 17: loss 1.0281, val_ap 0.5015, minutes 7.49, lr 1.00e-03
    epoch 18: loss 0.9915, val_ap 0.5022, minutes 7.94, lr 1.00e-03
    epoch 19: loss 0.9973, val_ap 0.5000, minutes 8.4, lr 1.00e-03
    epoch 20: loss 0.9890, val_ap 0.5128, minutes 8.85, lr 1.00e-03
    epoch 21: loss 0.9875, val_ap 0.4981, minutes 9.3, lr 1.00e-03
    epoch 22: loss 0.9864, val_ap 0.5030, minutes 9.77, lr 1.00e-03
    epoch 23: loss 0.9625, val_ap 0.5123, minutes 10.2, lr 1.00e-03
    epoch 24: loss 0.9735, val_ap 0.5175, minutes 10.59, lr 1.00e-03
    epoch 25: loss 0.9691, val_ap 0.5228, minutes 11.01, lr 1.00e-03
    epoch 26: loss 0.9793, val_ap 0.5179, minutes 11.4, lr 1.00e-03
    epoch 27: loss 0.9619, val_ap 0.5324, minutes 11.85, lr 1.00e-03
    epoch 28: loss 0.9680, val_ap 0.5235, minutes 12.23, lr 1.00e-03
    epoch 29: loss 0.9529, val_ap 0.5347, minutes 12.68, lr 1.00e-03
    epoch 30: loss 0.9411, val_ap 0.5332, minutes 13.06, lr 1.00e-03
    epoch 31: loss 0.9446, val_ap 0.5255, minutes 13.47, lr 1.00e-03
    epoch 32: loss 0.9582, val_ap 0.5264, minutes 13.87, lr 1.00e-03
    epoch 33: loss 0.9489, val_ap 0.5387, minutes 14.28, lr 1.00e-03
    epoch 34: loss 0.9505, val_ap 0.5380, minutes 14.65, lr 1.00e-03
    epoch 35: loss 0.9415, val_ap 0.5324, minutes 15.08, lr 1.00e-03
    epoch 36: loss 0.9215, val_ap 0.5344, minutes 15.51, lr 1.00e-03
    epoch 37: loss 0.9417, val_ap 0.5282, minutes 15.95, lr 1.00e-03
    epoch 38: loss 0.9335, val_ap 0.5389, minutes 16.38, lr 1.00e-03
    epoch 39: loss 0.9398, val_ap 0.5388, minutes 16.81, lr 1.00e-03
    epoch 40: loss 0.9186, val_ap 0.5358, minutes 17.22, lr 1.00e-03
    epoch 41: loss 0.9273, val_ap 0.5400, minutes 17.67, lr 1.00e-03
    epoch 42: loss 0.9058, val_ap 0.5481, minutes 18.06, lr 1.00e-03
    epoch 43: loss 0.9182, val_ap 0.5462, minutes 18.49, lr 1.00e-03
    epoch 44: loss 0.9309, val_ap 0.5428, minutes 18.85, lr 1.00e-03
    epoch 45: loss 0.9106, val_ap 0.5465, minutes 19.26, lr 1.00e-03
    epoch 46: loss 0.8949, val_ap 0.5520, minutes 19.63, lr 1.00e-03
    epoch 47: loss 0.9027, val_ap 0.5456, minutes 20.0, lr 1.00e-03
    epoch 48: loss 0.9110, val_ap 0.5455, minutes 20.48, lr 1.00e-03
    epoch 49: loss 0.9041, val_ap 0.5545, minutes 20.85, lr 1.00e-03
    epoch 50: loss 0.8956, val_ap 0.5404, minutes 21.24, lr 1.00e-03
    epoch 51: loss 0.9097, val_ap 0.5392, minutes 21.64, lr 1.00e-03
    epoch 52: loss 0.8853, val_ap 0.5449, minutes 21.99, lr 1.00e-03
    epoch 53: loss 0.8834, val_ap 0.5471, minutes 22.4, lr 1.00e-03
    epoch 54: loss 0.9125, val_ap 0.5489, minutes 22.77, lr 1.00e-03
    epoch 55: loss 0.8700, val_ap 0.5518, minutes 23.14, lr 1.00e-03
    epoch 56: loss 0.9052, val_ap 0.5512, minutes 23.5, lr 1.00e-03
    epoch 57: loss 0.8864, val_ap 0.5518, minutes 23.84, lr 1.00e-03
    epoch 58: loss 0.8703, val_ap 0.5472, minutes 24.17, lr 5.00e-04
    epoch 59: loss 0.8542, val_ap 0.5527, minutes 24.52, lr 5.00e-04
    epoch 60: loss 0.8646, val_ap 0.5549, minutes 24.85, lr 5.00e-04
    epoch 61: loss 0.8688, val_ap 0.5547, minutes 25.16, lr 5.00e-04
    epoch 62: loss 0.8436, val_ap 0.5456, minutes 25.47, lr 5.00e-04
    epoch 63: loss 0.8719, val_ap 0.5545, minutes 25.79, lr 5.00e-04
    epoch 64: loss 0.8443, val_ap 0.5551, minutes 26.11, lr 5.00e-04
    epoch 65: loss 0.8442, val_ap 0.5522, minutes 26.4, lr 5.00e-04
    epoch 66: loss 0.8532, val_ap 0.5548, minutes 26.73, lr 5.00e-04
    epoch 67: loss 0.8454, val_ap 0.5629, minutes 27.03, lr 5.00e-04
    epoch 68: loss 0.8515, val_ap 0.5624, minutes 27.38, lr 5.00e-04
    epoch 69: loss 0.8350, val_ap 0.5595, minutes 27.7, lr 5.00e-04
    epoch 70: loss 0.8536, val_ap 0.5632, minutes 28.03, lr 5.00e-04
    epoch 71: loss 0.8275, val_ap 0.5613, minutes 28.33, lr 5.00e-04
    epoch 72: loss 0.8404, val_ap 0.5627, minutes 28.63, lr 5.00e-04
    epoch 73: loss 0.8347, val_ap 0.5594, minutes 28.91, lr 5.00e-04
    epoch 74: loss 0.8223, val_ap 0.5626, minutes 29.19, lr 5.00e-04
    epoch 75: loss 0.8261, val_ap 0.5605, minutes 29.49, lr 5.00e-04
    epoch 76: loss 0.8223, val_ap 0.5585, minutes 29.77, lr 5.00e-04
    epoch 77: loss 0.8316, val_ap 0.5594, minutes 30.08, lr 5.00e-04
    epoch 78: loss 0.8347, val_ap 0.5634, minutes 30.36, lr 5.00e-04
    epoch 79: loss 0.8245, val_ap 0.5640, minutes 30.63, lr 5.00e-04
    epoch 80: loss 0.8250, val_ap 0.5568, minutes 30.89, lr 5.00e-04
    epoch 81: loss 0.8157, val_ap 0.5611, minutes 31.14, lr 5.00e-04
    epoch 82: loss 0.8354, val_ap 0.5626, minutes 31.41, lr 5.00e-04
    epoch 83: loss 0.8188, val_ap 0.5594, minutes 31.67, lr 5.00e-04
    epoch 84: loss 0.8196, val_ap 0.5628, minutes 31.93, lr 5.00e-04
    epoch 85: loss 0.8250, val_ap 0.5615, minutes 32.18, lr 5.00e-04
    epoch 86: loss 0.8092, val_ap 0.5643, minutes 32.44, lr 5.00e-04
    epoch 87: loss 0.8347, val_ap 0.5661, minutes 32.71, lr 5.00e-04
    epoch 88: loss 0.8353, val_ap 0.5579, minutes 32.97, lr 5.00e-04
    epoch 89: loss 0.7985, val_ap 0.5660, minutes 33.23, lr 5.00e-04
    epoch 90: loss 0.8130, val_ap 0.5637, minutes 33.48, lr 5.00e-04
    epoch 91: loss 0.8168, val_ap 0.5699, minutes 33.73, lr 5.00e-04
    epoch 92: loss 0.8106, val_ap 0.5665, minutes 33.97, lr 5.00e-04
    epoch 93: loss 0.8076, val_ap 0.5646, minutes 34.24, lr 5.00e-04
    epoch 94: loss 0.8087, val_ap 0.5594, minutes 34.49, lr 5.00e-04
    epoch 95: loss 0.7961, val_ap 0.5662, minutes 34.74, lr 5.00e-04
    epoch 96: loss 0.7979, val_ap 0.5642, minutes 34.98, lr 5.00e-04
    epoch 97: loss 0.8032, val_ap 0.5683, minutes 35.22, lr 5.00e-04
    epoch 98: loss 0.8002, val_ap 0.5688, minutes 35.47, lr 5.00e-04
    epoch 99: loss 0.7892, val_ap 0.5664, minutes 35.71, lr 5.00e-04
    epoch 100: loss 0.7902, val_ap 0.5598, minutes 35.94, lr 2.50e-04
    epoch 101: loss 0.7792, val_ap 0.5632, minutes 36.16, lr 2.50e-04
    epoch 102: loss 0.7910, val_ap 0.5657, minutes 36.38, lr 2.50e-04
    epoch 103: loss 0.7793, val_ap 0.5642, minutes 36.61, lr 2.50e-04
    epoch 104: loss 0.7743, val_ap 0.5684, minutes 36.83, lr 2.50e-04
    epoch 105: loss 0.7790, val_ap 0.5677, minutes 37.05, lr 2.50e-04
    epoch 106: loss 0.7755, val_ap 0.5623, minutes 37.26, lr 2.50e-04
    epoch 107: loss 0.7802, val_ap 0.5661, minutes 37.48, lr 2.50e-04
    epoch 108: loss 0.7731, val_ap 0.5653, minutes 37.69, lr 2.50e-04
    epoch 109: loss 0.7983, val_ap 0.5669, minutes 37.91, lr 1.25e-04
    epoch 110: loss 0.7714, val_ap 0.5647, minutes 38.13, lr 1.25e-04
    epoch 111: loss 0.7685, val_ap 0.5673, minutes 38.35, lr 1.25e-04
    epoch 112: loss 0.7628, val_ap 0.5669, minutes 38.57, lr 1.25e-04
    epoch 113: loss 0.7555, val_ap 0.5664, minutes 38.79, lr 1.25e-04
    epoch 114: loss 0.7587, val_ap 0.5660, minutes 39.0, lr 1.25e-04
    epoch 115: loss 0.7659, val_ap 0.5667, minutes 39.22, lr 1.25e-04
    epoch 116: loss 0.7487, val_ap 0.5652, minutes 39.44, lr 1.25e-04
    stopping: no validation gain in 25 epochs
[scalar_random dataset0 fold 3] done (39.9 min)
