loaded: dataset0 121,838 sites, data1 90,452
[res_gate pooled_both fold 1 seed 2]
    kernel decay scale 114.6 nt (fitted to cell line 1 training labels)
    epoch 1: loss 1.8765, val_ap 0.1715, minutes 0.88, lr 3.31e-04
    epoch 2: loss 1.5696, val_ap 0.3036, minutes 1.74, lr 6.60e-04
    epoch 3: loss 1.3994, val_ap 0.4091, minutes 2.57, lr 9.89e-04
    epoch 4: loss 1.3272, val_ap 0.4121, minutes 3.31, lr 1.00e-03
    epoch 5: loss 1.3021, val_ap 0.4365, minutes 4.13, lr 1.00e-03
    epoch 6: loss 1.2698, val_ap 0.4433, minutes 4.89, lr 1.00e-03
    epoch 7: loss 1.2608, val_ap 0.4615, minutes 5.65, lr 1.00e-03
    epoch 8: loss 1.2510, val_ap 0.4574, minutes 6.45, lr 1.00e-03
    epoch 9: loss 1.2349, val_ap 0.4642, minutes 7.32, lr 1.00e-03
    epoch 10: loss 1.2375, val_ap 0.4718, minutes 8.13, lr 1.00e-03
    epoch 11: loss 1.2195, val_ap 0.4698, minutes 8.9, lr 1.00e-03
    epoch 12: loss 1.2076, val_ap 0.4753, minutes 9.67, lr 1.00e-03
    epoch 13: loss 1.2244, val_ap 0.4732, minutes 10.47, lr 1.00e-03
    epoch 14: loss 1.2146, val_ap 0.4772, minutes 11.3, lr 1.00e-03
    epoch 15: loss 1.2130, val_ap 0.4718, minutes 12.04, lr 1.00e-03
    epoch 16: loss 1.1961, val_ap 0.4753, minutes 12.82, lr 1.00e-03
    epoch 17: loss 1.1974, val_ap 0.4800, minutes 13.61, lr 1.00e-03
    epoch 18: loss 1.1942, val_ap 0.4831, minutes 14.41, lr 1.00e-03
    epoch 19: loss 1.1855, val_ap 0.4881, minutes 15.19, lr 1.00e-03
    epoch 20: loss 1.1804, val_ap 0.4876, minutes 16.04, lr 1.00e-03
    epoch 21: loss 1.1810, val_ap 0.4903, minutes 16.82, lr 1.00e-03
    epoch 22: loss 1.1746, val_ap 0.4923, minutes 17.63, lr 1.00e-03
    epoch 23: loss 1.1712, val_ap 0.4850, minutes 18.45, lr 1.00e-03
    epoch 24: loss 1.1736, val_ap 0.4893, minutes 19.26, lr 1.00e-03
    epoch 25: loss 1.1670, val_ap 0.4898, minutes 20.09, lr 1.00e-03
    epoch 26: loss 1.1574, val_ap 0.4894, minutes 20.88, lr 1.00e-03
    epoch 27: loss 1.1623, val_ap 0.4922, minutes 21.67, lr 1.00e-03
    epoch 28: loss 1.1591, val_ap 0.4898, minutes 22.4, lr 1.00e-03
    epoch 29: loss 1.1478, val_ap 0.4970, minutes 23.19, lr 1.00e-03
    epoch 30: loss 1.1512, val_ap 0.4913, minutes 23.98, lr 1.00e-03
    epoch 31: loss 1.1479, val_ap 0.4855, minutes 24.79, lr 1.00e-03
    epoch 32: loss 1.1482, val_ap 0.4898, minutes 25.68, lr 1.00e-03
    epoch 33: loss 1.1507, val_ap 0.5060, minutes 26.5, lr 1.00e-03
    epoch 34: loss 1.1413, val_ap 0.4976, minutes 27.32, lr 1.00e-03
    epoch 35: loss 1.1396, val_ap 0.4966, minutes 28.19, lr 1.00e-03
    epoch 36: loss 1.1401, val_ap 0.5016, minutes 28.99, lr 1.00e-03
    epoch 37: loss 1.1384, val_ap 0.4945, minutes 29.74, lr 1.00e-03
    epoch 38: loss 1.1290, val_ap 0.4968, minutes 30.46, lr 1.00e-03
    epoch 39: loss 1.1261, val_ap 0.4997, minutes 31.23, lr 1.00e-03
    epoch 40: loss 1.1345, val_ap 0.4966, minutes 31.96, lr 1.00e-03
    epoch 41: loss 1.1197, val_ap 0.5008, minutes 32.76, lr 1.00e-03
    epoch 42: loss 1.1169, val_ap 0.5015, minutes 33.63, lr 5.00e-04
    epoch 43: loss 1.1068, val_ap 0.5009, minutes 34.44, lr 5.00e-04
    epoch 44: loss 1.1003, val_ap 0.4984, minutes 35.26, lr 5.00e-04
    epoch 45: loss 1.0989, val_ap 0.5017, minutes 36.08, lr 5.00e-04
    epoch 46: loss 1.0976, val_ap 0.4989, minutes 36.87, lr 5.00e-04
    epoch 47: loss 1.0898, val_ap 0.5021, minutes 37.69, lr 5.00e-04
    epoch 48: loss 1.0938, val_ap 0.4968, minutes 38.51, lr 5.00e-04
    epoch 49: loss 1.0931, val_ap 0.5033, minutes 39.36, lr 5.00e-04
    epoch 50: loss 1.0902, val_ap 0.4948, minutes 40.22, lr 5.00e-04
    epoch 51: loss 1.0835, val_ap 0.5007, minutes 41.01, lr 2.50e-04
    epoch 52: loss 1.0857, val_ap 0.5033, minutes 41.8, lr 2.50e-04
    epoch 53: loss 1.0788, val_ap 0.5030, minutes 42.63, lr 2.50e-04
    epoch 54: loss 1.0772, val_ap 0.5025, minutes 43.42, lr 2.50e-04
    epoch 55: loss 1.0729, val_ap 0.5001, minutes 44.26, lr 2.50e-04
    epoch 56: loss 1.0726, val_ap 0.5018, minutes 45.07, lr 2.50e-04
    epoch 57: loss 1.0619, val_ap 0.5019, minutes 45.88, lr 2.50e-04
    epoch 58: loss 1.0745, val_ap 0.4996, minutes 46.69, lr 2.50e-04
    stopping: no validation gain in 25 epochs
[res_gate pooled_both fold 1 seed 2] done (47.5 min)
