loaded: dataset0 121,838 sites, data1 90,452
[h2gcn_twohead_aux pooled_both fold 0 seed 2]
    epoch 1: loss 1.9125, val_ap 0.1747, minutes 0.99, lr 3.31e-04
    epoch 2: loss 1.5104, val_ap 0.3109, minutes 1.88, lr 6.60e-04
    epoch 3: loss 1.3564, val_ap 0.3867, minutes 2.77, lr 9.89e-04
    epoch 4: loss 1.2424, val_ap 0.4134, minutes 3.63, lr 1.00e-03
    epoch 5: loss 1.2083, val_ap 0.4219, minutes 4.44, lr 1.00e-03
    epoch 6: loss 1.1831, val_ap 0.4346, minutes 5.35, lr 1.00e-03
    epoch 7: loss 1.1581, val_ap 0.4351, minutes 6.23, lr 1.00e-03
    epoch 8: loss 1.1412, val_ap 0.4417, minutes 7.12, lr 1.00e-03
    epoch 9: loss 1.1349, val_ap 0.4508, minutes 7.96, lr 1.00e-03
    epoch 10: loss 1.1282, val_ap 0.4470, minutes 8.82, lr 1.00e-03
    epoch 11: loss 1.1205, val_ap 0.4484, minutes 9.68, lr 1.00e-03
    epoch 12: loss 1.1170, val_ap 0.4575, minutes 10.53, lr 1.00e-03
    epoch 13: loss 1.1069, val_ap 0.4561, minutes 11.34, lr 1.00e-03
    epoch 14: loss 1.1034, val_ap 0.4547, minutes 12.16, lr 1.00e-03
    epoch 15: loss 1.1077, val_ap 0.4632, minutes 12.99, lr 1.00e-03
    epoch 16: loss 1.0944, val_ap 0.4626, minutes 13.84, lr 1.00e-03
    epoch 17: loss 1.0859, val_ap 0.4663, minutes 14.65, lr 1.00e-03
    epoch 18: loss 1.0849, val_ap 0.4521, minutes 15.5, lr 1.00e-03
    epoch 19: loss 1.0709, val_ap 0.4657, minutes 16.32, lr 1.00e-03
    epoch 20: loss 1.0764, val_ap 0.4626, minutes 17.17, lr 1.00e-03
    epoch 21: loss 1.0680, val_ap 0.4693, minutes 18.05, lr 1.00e-03
    epoch 22: loss 1.0700, val_ap 0.4695, minutes 18.92, lr 1.00e-03
    epoch 23: loss 1.0676, val_ap 0.4657, minutes 19.76, lr 1.00e-03
    epoch 24: loss 1.0536, val_ap 0.4739, minutes 20.62, lr 1.00e-03
    epoch 25: loss 1.0522, val_ap 0.4783, minutes 21.47, lr 1.00e-03
    epoch 26: loss 1.0389, val_ap 0.4733, minutes 22.29, lr 1.00e-03
    epoch 27: loss 1.0347, val_ap 0.4641, minutes 23.07, lr 1.00e-03
    epoch 28: loss 1.0336, val_ap 0.4712, minutes 23.94, lr 1.00e-03
    epoch 29: loss 1.0400, val_ap 0.4792, minutes 24.8, lr 1.00e-03
    epoch 30: loss 1.0267, val_ap 0.4656, minutes 25.61, lr 1.00e-03
    epoch 31: loss 1.0251, val_ap 0.4765, minutes 26.41, lr 1.00e-03
    epoch 32: loss 1.0096, val_ap 0.4711, minutes 27.22, lr 1.00e-03
    epoch 33: loss 1.0189, val_ap 0.4719, minutes 28.08, lr 1.00e-03
    epoch 34: loss 1.0148, val_ap 0.4751, minutes 28.94, lr 1.00e-03
    epoch 35: loss 1.0132, val_ap 0.4791, minutes 29.79, lr 1.00e-03
    epoch 36: loss 1.0071, val_ap 0.4785, minutes 30.65, lr 1.00e-03
    epoch 37: loss 1.0056, val_ap 0.4753, minutes 31.53, lr 1.00e-03
    epoch 38: loss 0.9984, val_ap 0.4802, minutes 32.38, lr 1.00e-03
    epoch 39: loss 0.9937, val_ap 0.4810, minutes 33.27, lr 1.00e-03
    epoch 40: loss 0.9934, val_ap 0.4835, minutes 34.14, lr 1.00e-03
    epoch 41: loss 0.9817, val_ap 0.4790, minutes 34.94, lr 1.00e-03
    epoch 42: loss 0.9799, val_ap 0.4780, minutes 35.78, lr 1.00e-03
    epoch 43: loss 0.9826, val_ap 0.4789, minutes 36.68, lr 1.00e-03
    epoch 44: loss 0.9773, val_ap 0.4821, minutes 37.5, lr 1.00e-03
    epoch 45: loss 0.9756, val_ap 0.4799, minutes 38.34, lr 1.00e-03
    epoch 46: loss 0.9693, val_ap 0.4752, minutes 39.14, lr 1.00e-03
    epoch 47: loss 0.9718, val_ap 0.4774, minutes 39.95, lr 1.00e-03
    epoch 48: loss 0.9638, val_ap 0.4732, minutes 40.76, lr 1.00e-03
    epoch 49: loss 0.9663, val_ap 0.4843, minutes 41.57, lr 1.00e-03
    epoch 50: loss 0.9585, val_ap 0.4788, minutes 42.31, lr 1.00e-03
    epoch 51: loss 0.9501, val_ap 0.4639, minutes 43.12, lr 1.00e-03
    epoch 52: loss 0.9569, val_ap 0.4712, minutes 43.93, lr 1.00e-03
    epoch 53: loss 0.9433, val_ap 0.4745, minutes 44.77, lr 1.00e-03
    epoch 54: loss 0.9348, val_ap 0.4722, minutes 45.6, lr 1.00e-03
    epoch 55: loss 0.9283, val_ap 0.4727, minutes 46.36, lr 1.00e-03
    epoch 56: loss 0.9280, val_ap 0.4785, minutes 47.18, lr 1.00e-03
    epoch 57: loss 0.9269, val_ap 0.4680, minutes 48.0, lr 1.00e-03
    epoch 58: loss 0.9237, val_ap 0.4809, minutes 48.86, lr 5.00e-04
    epoch 59: loss 0.8957, val_ap 0.4769, minutes 49.67, lr 5.00e-04
    epoch 60: loss 0.8935, val_ap 0.4690, minutes 50.46, lr 5.00e-04
    epoch 61: loss 0.8916, val_ap 0.4729, minutes 51.29, lr 5.00e-04
    epoch 62: loss 0.8883, val_ap 0.4710, minutes 52.14, lr 5.00e-04
    epoch 63: loss 0.8918, val_ap 0.4754, minutes 52.97, lr 5.00e-04
    epoch 64: loss 0.8851, val_ap 0.4736, minutes 53.83, lr 5.00e-04
    epoch 65: loss 0.8813, val_ap 0.4707, minutes 54.68, lr 5.00e-04
    epoch 66: loss 0.8833, val_ap 0.4572, minutes 55.53, lr 5.00e-04
    epoch 67: loss 0.8722, val_ap 0.4663, minutes 56.44, lr 2.50e-04
    epoch 68: loss 0.8642, val_ap 0.4669, minutes 57.34, lr 2.50e-04
    epoch 69: loss 0.8610, val_ap 0.4630, minutes 58.21, lr 2.50e-04
    epoch 70: loss 0.8629, val_ap 0.4693, minutes 59.03, lr 2.50e-04
    epoch 71: loss 0.8506, val_ap 0.4671, minutes 59.82, lr 2.50e-04
    epoch 72: loss 0.8498, val_ap 0.4592, minutes 60.57, lr 2.50e-04
    epoch 73: loss 0.8524, val_ap 0.4558, minutes 61.34, lr 2.50e-04
    epoch 74: loss 0.8546, val_ap 0.4668, minutes 62.15, lr 2.50e-04
    stopping: no validation gain in 25 epochs
[h2gcn_twohead_aux pooled_both fold 0 seed 2] done (62.9 min)
