loaded: dataset0 121,838 sites, data1 90,452
[res_nodrop pooled_both fold 4 seed 2]
    kernel decay scale 97.3 nt (fitted to cell line 1 training labels)
    epoch 1: loss 1.8967, val_ap 0.1582, minutes 0.85, lr 3.31e-04
    epoch 2: loss 1.5597, val_ap 0.2981, minutes 1.62, lr 6.60e-04
    epoch 3: loss 1.4105, val_ap 0.4178, minutes 2.43, lr 9.89e-04
    epoch 4: loss 1.3228, val_ap 0.4553, minutes 3.21, lr 1.00e-03
    epoch 5: loss 1.2610, val_ap 0.4661, minutes 4.02, lr 1.00e-03
    epoch 6: loss 1.2377, val_ap 0.4709, minutes 4.85, lr 1.00e-03
    epoch 7: loss 1.2257, val_ap 0.4697, minutes 5.65, lr 1.00e-03
    epoch 8: loss 1.2210, val_ap 0.4751, minutes 6.44, lr 1.00e-03
    epoch 9: loss 1.2105, val_ap 0.4794, minutes 7.23, lr 1.00e-03
    epoch 10: loss 1.2096, val_ap 0.4838, minutes 8.02, lr 1.00e-03
    epoch 11: loss 1.2032, val_ap 0.4864, minutes 8.79, lr 1.00e-03
    epoch 12: loss 1.1961, val_ap 0.4831, minutes 9.58, lr 1.00e-03
    epoch 13: loss 1.1998, val_ap 0.4819, minutes 10.41, lr 1.00e-03
    epoch 14: loss 1.1801, val_ap 0.4889, minutes 11.17, lr 1.00e-03
    epoch 15: loss 1.1708, val_ap 0.4907, minutes 11.93, lr 1.00e-03
    epoch 16: loss 1.1729, val_ap 0.4826, minutes 12.65, lr 1.00e-03
    epoch 17: loss 1.1703, val_ap 0.4874, minutes 13.42, lr 1.00e-03
    epoch 18: loss 1.1664, val_ap 0.4881, minutes 14.18, lr 1.00e-03
    epoch 19: loss 1.1682, val_ap 0.4912, minutes 14.99, lr 1.00e-03
    epoch 20: loss 1.1606, val_ap 0.4926, minutes 15.76, lr 1.00e-03
    epoch 21: loss 1.1540, val_ap 0.4972, minutes 16.59, lr 1.00e-03
    epoch 22: loss 1.1507, val_ap 0.4978, minutes 17.44, lr 1.00e-03
    epoch 23: loss 1.1518, val_ap 0.4934, minutes 18.27, lr 1.00e-03
    epoch 24: loss 1.1465, val_ap 0.4984, minutes 19.07, lr 1.00e-03
    epoch 25: loss 1.1529, val_ap 0.4979, minutes 19.83, lr 1.00e-03
    epoch 26: loss 1.1443, val_ap 0.4998, minutes 20.62, lr 1.00e-03
    epoch 27: loss 1.1352, val_ap 0.5010, minutes 21.43, lr 1.00e-03
    epoch 28: loss 1.1376, val_ap 0.4990, minutes 22.17, lr 1.00e-03
    epoch 29: loss 1.1364, val_ap 0.5016, minutes 22.93, lr 1.00e-03
    epoch 30: loss 1.1319, val_ap 0.4991, minutes 23.8, lr 1.00e-03
    epoch 31: loss 1.1283, val_ap 0.5026, minutes 24.56, lr 1.00e-03
    epoch 32: loss 1.1187, val_ap 0.5022, minutes 25.37, lr 1.00e-03
    epoch 33: loss 1.1141, val_ap 0.5068, minutes 26.18, lr 1.00e-03
    epoch 34: loss 1.1119, val_ap 0.5024, minutes 27.0, lr 1.00e-03
    epoch 35: loss 1.1161, val_ap 0.5076, minutes 27.89, lr 1.00e-03
    epoch 36: loss 1.1040, val_ap 0.5019, minutes 28.62, lr 1.00e-03
    epoch 37: loss 1.1095, val_ap 0.5056, minutes 29.46, lr 1.00e-03
    epoch 38: loss 1.1006, val_ap 0.5048, minutes 30.33, lr 1.00e-03
    epoch 39: loss 1.1052, val_ap 0.5074, minutes 31.12, lr 1.00e-03
    epoch 40: loss 1.1008, val_ap 0.5013, minutes 31.99, lr 1.00e-03
    epoch 41: loss 1.1004, val_ap 0.5006, minutes 32.85, lr 1.00e-03
    epoch 42: loss 1.0907, val_ap 0.5075, minutes 33.72, lr 1.00e-03
    epoch 43: loss 1.0851, val_ap 0.5079, minutes 34.56, lr 1.00e-03
    epoch 44: loss 1.0989, val_ap 0.5108, minutes 35.38, lr 1.00e-03
    epoch 45: loss 1.0864, val_ap 0.5044, minutes 36.18, lr 1.00e-03
    epoch 46: loss 1.0894, val_ap 0.5026, minutes 36.98, lr 1.00e-03
    epoch 47: loss 1.0766, val_ap 0.5042, minutes 37.72, lr 1.00e-03
    epoch 48: loss 1.0713, val_ap 0.5041, minutes 38.5, lr 1.00e-03
    epoch 49: loss 1.0734, val_ap 0.5049, minutes 39.22, lr 1.00e-03
    epoch 50: loss 1.0686, val_ap 0.4956, minutes 39.95, lr 1.00e-03
    epoch 51: loss 1.0572, val_ap 0.5016, minutes 40.72, lr 1.00e-03
    epoch 52: loss 1.0622, val_ap 0.4998, minutes 41.49, lr 1.00e-03
    epoch 53: loss 1.0623, val_ap 0.5026, minutes 42.3, lr 5.00e-04
    epoch 54: loss 1.0407, val_ap 0.5072, minutes 43.09, lr 5.00e-04
    epoch 55: loss 1.0341, val_ap 0.5015, minutes 43.87, lr 5.00e-04
    epoch 56: loss 1.0386, val_ap 0.5016, minutes 44.62, lr 5.00e-04
    epoch 57: loss 1.0296, val_ap 0.4974, minutes 45.38, lr 5.00e-04
    epoch 58: loss 1.0290, val_ap 0.4945, minutes 46.06, lr 5.00e-04
    epoch 59: loss 1.0342, val_ap 0.5021, minutes 46.76, lr 5.00e-04
    epoch 60: loss 1.0200, val_ap 0.4959, minutes 47.51, lr 5.00e-04
    epoch 61: loss 1.0202, val_ap 0.4985, minutes 48.26, lr 5.00e-04
    epoch 62: loss 1.0151, val_ap 0.4976, minutes 49.02, lr 2.50e-04
    epoch 63: loss 1.0043, val_ap 0.4985, minutes 49.78, lr 2.50e-04
    epoch 64: loss 1.0011, val_ap 0.4959, minutes 50.58, lr 2.50e-04
    epoch 65: loss 1.0008, val_ap 0.4822, minutes 51.36, lr 2.50e-04
    epoch 66: loss 0.9988, val_ap 0.4858, minutes 52.15, lr 2.50e-04
    epoch 67: loss 0.9943, val_ap 0.4879, minutes 52.95, lr 2.50e-04
    epoch 68: loss 1.0004, val_ap 0.4899, minutes 53.73, lr 2.50e-04
    epoch 69: loss 0.9909, val_ap 0.4915, minutes 54.53, lr 2.50e-04
    stopping: no validation gain in 25 epochs
[res_nodrop pooled_both fold 4 seed 2] done (55.3 min)
