loaded: dataset0 121,838 sites, data1 90,452
[h2gcn_twohead_aux pooled_both fold 4 seed 2]
    epoch 1: loss 1.9146, val_ap 0.1444, minutes 0.87, lr 3.31e-04
    epoch 2: loss 1.5419, val_ap 0.2965, minutes 1.74, lr 6.60e-04
    epoch 3: loss 1.3619, val_ap 0.4271, minutes 2.62, lr 9.89e-04
    epoch 4: loss 1.2690, val_ap 0.4576, minutes 3.52, lr 1.00e-03
    epoch 5: loss 1.2080, val_ap 0.4679, minutes 4.39, lr 1.00e-03
    epoch 6: loss 1.1804, val_ap 0.4644, minutes 5.33, lr 1.00e-03
    epoch 7: loss 1.1643, val_ap 0.4676, minutes 6.19, lr 1.00e-03
    epoch 8: loss 1.1524, val_ap 0.4697, minutes 6.99, lr 1.00e-03
    epoch 9: loss 1.1393, val_ap 0.4798, minutes 7.78, lr 1.00e-03
    epoch 10: loss 1.1298, val_ap 0.4785, minutes 8.6, lr 1.00e-03
    epoch 11: loss 1.1241, val_ap 0.4834, minutes 9.42, lr 1.00e-03
    epoch 12: loss 1.1146, val_ap 0.4860, minutes 10.27, lr 1.00e-03
    epoch 13: loss 1.1140, val_ap 0.4838, minutes 11.07, lr 1.00e-03
    epoch 14: loss 1.1005, val_ap 0.4896, minutes 11.92, lr 1.00e-03
    epoch 15: loss 1.0938, val_ap 0.4899, minutes 12.75, lr 1.00e-03
    epoch 16: loss 1.0891, val_ap 0.4872, minutes 13.57, lr 1.00e-03
    epoch 17: loss 1.0830, val_ap 0.4941, minutes 14.41, lr 1.00e-03
    epoch 18: loss 1.0795, val_ap 0.4926, minutes 15.24, lr 1.00e-03
    epoch 19: loss 1.0805, val_ap 0.4967, minutes 16.08, lr 1.00e-03
    epoch 20: loss 1.0727, val_ap 0.4975, minutes 16.92, lr 1.00e-03
    epoch 21: loss 1.0683, val_ap 0.5028, minutes 17.78, lr 1.00e-03
    epoch 22: loss 1.0636, val_ap 0.5011, minutes 18.59, lr 1.00e-03
    epoch 23: loss 1.0674, val_ap 0.5009, minutes 19.4, lr 1.00e-03
    epoch 24: loss 1.0585, val_ap 0.5031, minutes 20.22, lr 1.00e-03
    epoch 25: loss 1.0613, val_ap 0.5019, minutes 21.03, lr 1.00e-03
    epoch 26: loss 1.0629, val_ap 0.5035, minutes 21.9, lr 1.00e-03
    epoch 27: loss 1.0496, val_ap 0.5047, minutes 22.75, lr 1.00e-03
    epoch 28: loss 1.0473, val_ap 0.5056, minutes 23.56, lr 1.00e-03
    epoch 29: loss 1.0412, val_ap 0.5095, minutes 24.41, lr 1.00e-03
    epoch 30: loss 1.0412, val_ap 0.5051, minutes 25.24, lr 1.00e-03
    epoch 31: loss 1.0368, val_ap 0.5033, minutes 26.08, lr 1.00e-03
    epoch 32: loss 1.0310, val_ap 0.5048, minutes 26.88, lr 1.00e-03
    epoch 33: loss 1.0302, val_ap 0.5110, minutes 27.73, lr 1.00e-03
    epoch 34: loss 1.0212, val_ap 0.5041, minutes 28.58, lr 1.00e-03
    epoch 35: loss 1.0273, val_ap 0.5099, minutes 29.46, lr 1.00e-03
    epoch 36: loss 1.0247, val_ap 0.5038, minutes 30.29, lr 1.00e-03
    epoch 37: loss 1.0134, val_ap 0.5056, minutes 31.12, lr 1.00e-03
    epoch 38: loss 1.0104, val_ap 0.5067, minutes 31.92, lr 1.00e-03
    epoch 39: loss 1.0184, val_ap 0.4952, minutes 32.71, lr 1.00e-03
    epoch 40: loss 1.0125, val_ap 0.5057, minutes 33.55, lr 1.00e-03
    epoch 41: loss 1.0086, val_ap 0.4971, minutes 34.34, lr 1.00e-03
    epoch 42: loss 1.0019, val_ap 0.5095, minutes 35.2, lr 5.00e-04
    epoch 43: loss 0.9824, val_ap 0.5068, minutes 35.99, lr 5.00e-04
    epoch 44: loss 0.9838, val_ap 0.5084, minutes 36.84, lr 5.00e-04
    epoch 45: loss 0.9755, val_ap 0.5073, minutes 37.74, lr 5.00e-04
    epoch 46: loss 0.9766, val_ap 0.4915, minutes 38.61, lr 5.00e-04
    epoch 47: loss 0.9679, val_ap 0.4902, minutes 39.49, lr 5.00e-04
    epoch 48: loss 0.9659, val_ap 0.4963, minutes 40.37, lr 5.00e-04
    epoch 49: loss 0.9640, val_ap 0.5074, minutes 41.2, lr 5.00e-04
    epoch 50: loss 0.9603, val_ap 0.5005, minutes 42.06, lr 5.00e-04
    epoch 51: loss 0.9528, val_ap 0.4807, minutes 42.89, lr 2.50e-04
    epoch 52: loss 0.9544, val_ap 0.5044, minutes 43.7, lr 2.50e-04
    epoch 53: loss 0.9503, val_ap 0.4964, minutes 44.52, lr 2.50e-04
    epoch 54: loss 0.9446, val_ap 0.4937, minutes 45.35, lr 2.50e-04
    epoch 55: loss 0.9424, val_ap 0.4849, minutes 46.14, lr 2.50e-04
    epoch 56: loss 0.9487, val_ap 0.5033, minutes 46.93, lr 2.50e-04
    epoch 57: loss 0.9364, val_ap 0.4835, minutes 47.75, lr 2.50e-04
    epoch 58: loss 0.9413, val_ap 0.4806, minutes 48.6, lr 2.50e-04
    stopping: no validation gain in 25 epochs
[h2gcn_twohead_aux pooled_both fold 4 seed 2] done (49.3 min)
