loaded: dataset0 121,838 sites, data1 90,452
[fk_band dataset0 fold 3 seed 1]
    band weights [0.4, 0.363, 0.237] (bands ((0, 30), (30, 75), (75, 150)))
    epoch 1: loss 1.9649, val_ap 0.1484, minutes 0.46, lr 3.33e-04
    epoch 2: loss 1.5981, val_ap 0.2437, minutes 0.92, lr 6.63e-04
    epoch 3: loss 1.3421, val_ap 0.4323, minutes 1.42, lr 9.92e-04
    epoch 4: loss 1.2026, val_ap 0.4685, minutes 1.84, lr 1.00e-03
    epoch 5: loss 1.1039, val_ap 0.5052, minutes 2.3, lr 1.00e-03
    epoch 6: loss 1.0628, val_ap 0.5254, minutes 2.67, lr 1.00e-03
    epoch 7: loss 1.0557, val_ap 0.5279, minutes 3.13, lr 1.00e-03
    epoch 8: loss 1.0169, val_ap 0.5406, minutes 3.56, lr 1.00e-03
    epoch 9: loss 1.0061, val_ap 0.5487, minutes 4.01, lr 1.00e-03
    epoch 10: loss 0.9755, val_ap 0.5644, minutes 4.45, lr 1.00e-03
    epoch 11: loss 0.9514, val_ap 0.5675, minutes 4.94, lr 1.00e-03
    epoch 12: loss 0.9493, val_ap 0.5720, minutes 5.34, lr 1.00e-03
    epoch 13: loss 0.9290, val_ap 0.5815, minutes 5.79, lr 1.00e-03
    epoch 14: loss 0.9440, val_ap 0.5755, minutes 6.21, lr 1.00e-03
    epoch 15: loss 0.9263, val_ap 0.5748, minutes 6.69, lr 1.00e-03
    epoch 16: loss 0.8963, val_ap 0.5964, minutes 7.13, lr 1.00e-03
    epoch 17: loss 0.8928, val_ap 0.5919, minutes 7.6, lr 1.00e-03
    epoch 18: loss 0.8917, val_ap 0.5899, minutes 8.02, lr 1.00e-03
    epoch 19: loss 0.8937, val_ap 0.5986, minutes 8.55, lr 1.00e-03
    epoch 20: loss 0.8646, val_ap 0.6031, minutes 9.01, lr 1.00e-03
    epoch 21: loss 0.8543, val_ap 0.5901, minutes 9.47, lr 1.00e-03
    epoch 22: loss 0.8867, val_ap 0.6110, minutes 9.92, lr 1.00e-03
    epoch 23: loss 0.8622, val_ap 0.6041, minutes 10.35, lr 1.00e-03
    epoch 24: loss 0.8711, val_ap 0.6135, minutes 10.8, lr 1.00e-03
    epoch 25: loss 0.8415, val_ap 0.6085, minutes 11.23, lr 1.00e-03
    epoch 26: loss 0.8335, val_ap 0.6136, minutes 11.67, lr 1.00e-03
    epoch 27: loss 0.8468, val_ap 0.6073, minutes 12.13, lr 1.00e-03
    epoch 28: loss 0.8578, val_ap 0.6111, minutes 12.59, lr 1.00e-03
    epoch 29: loss 0.8347, val_ap 0.6153, minutes 13.05, lr 1.00e-03
    epoch 30: loss 0.8288, val_ap 0.6127, minutes 13.48, lr 1.00e-03
    epoch 31: loss 0.8205, val_ap 0.6087, minutes 13.93, lr 1.00e-03
    epoch 32: loss 0.8412, val_ap 0.6153, minutes 14.35, lr 1.00e-03
    epoch 33: loss 0.8394, val_ap 0.6103, minutes 14.78, lr 1.00e-03
    epoch 34: loss 0.8097, val_ap 0.6218, minutes 15.19, lr 1.00e-03
    epoch 35: loss 0.8288, val_ap 0.6129, minutes 15.61, lr 1.00e-03
    epoch 36: loss 0.8137, val_ap 0.6117, minutes 16.04, lr 1.00e-03
    epoch 37: loss 0.8076, val_ap 0.6173, minutes 16.52, lr 1.00e-03
    epoch 38: loss 0.7974, val_ap 0.6218, minutes 17.01, lr 1.00e-03
    epoch 39: loss 0.8084, val_ap 0.6224, minutes 17.44, lr 1.00e-03
    epoch 40: loss 0.7972, val_ap 0.6203, minutes 17.9, lr 1.00e-03
    epoch 41: loss 0.8004, val_ap 0.6138, minutes 18.34, lr 1.00e-03
    epoch 42: loss 0.7848, val_ap 0.6285, minutes 18.77, lr 1.00e-03
    epoch 43: loss 0.7775, val_ap 0.6256, minutes 19.17, lr 1.00e-03
    epoch 44: loss 0.7729, val_ap 0.6260, minutes 19.61, lr 1.00e-03
    epoch 45: loss 0.7777, val_ap 0.6329, minutes 20.06, lr 1.00e-03
    epoch 46: loss 0.7714, val_ap 0.6251, minutes 20.53, lr 1.00e-03
    epoch 47: loss 0.7673, val_ap 0.6336, minutes 20.97, lr 1.00e-03
    epoch 48: loss 0.7724, val_ap 0.6299, minutes 21.45, lr 1.00e-03
    epoch 49: loss 0.7485, val_ap 0.6392, minutes 21.89, lr 1.00e-03
    epoch 50: loss 0.7412, val_ap 0.6321, minutes 22.39, lr 1.00e-03
    epoch 51: loss 0.7609, val_ap 0.6387, minutes 22.82, lr 1.00e-03
    epoch 52: loss 0.7724, val_ap 0.6295, minutes 23.3, lr 1.00e-03
    epoch 53: loss 0.7661, val_ap 0.6282, minutes 23.76, lr 1.00e-03
    epoch 54: loss 0.7575, val_ap 0.6352, minutes 24.19, lr 1.00e-03
    epoch 55: loss 0.7487, val_ap 0.6292, minutes 24.61, lr 1.00e-03
    epoch 56: loss 0.7569, val_ap 0.6388, minutes 25.04, lr 1.00e-03
    epoch 57: loss 0.7375, val_ap 0.6480, minutes 25.49, lr 1.00e-03
    epoch 58: loss 0.7470, val_ap 0.6453, minutes 25.96, lr 1.00e-03
    epoch 59: loss 0.7362, val_ap 0.6353, minutes 26.4, lr 1.00e-03
    epoch 60: loss 0.7377, val_ap 0.6413, minutes 26.86, lr 1.00e-03
    epoch 61: loss 0.7398, val_ap 0.6414, minutes 27.35, lr 1.00e-03
    epoch 62: loss 0.7327, val_ap 0.6356, minutes 27.8, lr 1.00e-03
    epoch 63: loss 0.7161, val_ap 0.6360, minutes 28.25, lr 1.00e-03
    epoch 64: loss 0.7140, val_ap 0.6373, minutes 28.7, lr 1.00e-03
    epoch 65: loss 0.7093, val_ap 0.6356, minutes 29.15, lr 1.00e-03
    epoch 66: loss 0.7127, val_ap 0.6435, minutes 29.59, lr 5.00e-04
    epoch 67: loss 0.6884, val_ap 0.6481, minutes 30.05, lr 5.00e-04
    epoch 68: loss 0.6908, val_ap 0.6489, minutes 30.5, lr 5.00e-04
    epoch 69: loss 0.6880, val_ap 0.6403, minutes 30.95, lr 5.00e-04
    epoch 70: loss 0.6844, val_ap 0.6467, minutes 31.37, lr 5.00e-04
    epoch 71: loss 0.6780, val_ap 0.6392, minutes 31.79, lr 5.00e-04
    epoch 72: loss 0.6815, val_ap 0.6434, minutes 32.21, lr 5.00e-04
    epoch 73: loss 0.6877, val_ap 0.6483, minutes 32.66, lr 5.00e-04
    epoch 74: loss 0.6730, val_ap 0.6462, minutes 33.12, lr 5.00e-04
    epoch 75: loss 0.6652, val_ap 0.6431, minutes 33.57, lr 5.00e-04
    epoch 76: loss 0.6716, val_ap 0.6478, minutes 34.01, lr 5.00e-04
    epoch 77: loss 0.6653, val_ap 0.6458, minutes 34.55, lr 2.50e-04
    epoch 78: loss 0.6462, val_ap 0.6496, minutes 35.0, lr 2.50e-04
    epoch 79: loss 0.6514, val_ap 0.6465, minutes 35.51, lr 2.50e-04
    epoch 80: loss 0.6672, val_ap 0.6471, minutes 35.96, lr 2.50e-04
    epoch 81: loss 0.6522, val_ap 0.6489, minutes 36.43, lr 2.50e-04
    epoch 82: loss 0.6496, val_ap 0.6468, minutes 36.86, lr 2.50e-04
    epoch 83: loss 0.6539, val_ap 0.6477, minutes 37.3, lr 2.50e-04
    epoch 84: loss 0.6511, val_ap 0.6456, minutes 37.77, lr 2.50e-04
    epoch 85: loss 0.6526, val_ap 0.6452, minutes 38.21, lr 2.50e-04
    epoch 86: loss 0.6534, val_ap 0.6448, minutes 38.67, lr 2.50e-04
    epoch 87: loss 0.6446, val_ap 0.6478, minutes 39.11, lr 1.25e-04
    epoch 88: loss 0.6393, val_ap 0.6462, minutes 39.56, lr 1.25e-04
    epoch 89: loss 0.6406, val_ap 0.6474, minutes 40.01, lr 1.25e-04
    epoch 90: loss 0.6427, val_ap 0.6471, minutes 40.49, lr 1.25e-04
    epoch 91: loss 0.6425, val_ap 0.6454, minutes 40.97, lr 1.25e-04
    epoch 92: loss 0.6274, val_ap 0.6472, minutes 41.45, lr 1.25e-04
    epoch 93: loss 0.6317, val_ap 0.6449, minutes 41.88, lr 1.25e-04
    epoch 94: loss 0.6398, val_ap 0.6451, minutes 42.33, lr 1.25e-04
    epoch 95: loss 0.6322, val_ap 0.6437, minutes 42.79, lr 1.25e-04
    epoch 96: loss 0.6391, val_ap 0.6465, minutes 43.24, lr 6.25e-05
    epoch 97: loss 0.6274, val_ap 0.6461, minutes 43.69, lr 6.25e-05
    epoch 98: loss 0.6329, val_ap 0.6468, minutes 44.15, lr 6.25e-05
    epoch 99: loss 0.6376, val_ap 0.6460, minutes 44.58, lr 6.25e-05
    epoch 100: loss 0.6322, val_ap 0.6455, minutes 45.05, lr 6.25e-05
    epoch 101: loss 0.6405, val_ap 0.6471, minutes 45.48, lr 6.25e-05
    epoch 102: loss 0.6218, val_ap 0.6479, minutes 45.92, lr 6.25e-05
    epoch 103: loss 0.6357, val_ap 0.6471, minutes 46.38, lr 6.25e-05
    stopping: no validation gain in 25 epochs
[fk_band dataset0 fold 3 seed 1] done (47.1 min)
