loaded: dataset0 121,838 sites, data1 90,452
[gps dataset0 fold 0]
    epoch 1: loss 1.9661, val_ap 0.1837, minutes 1.33, lr 3.33e-04
    epoch 2: loss 1.5805, val_ap 0.2492, minutes 2.63, lr 6.59e-04
    epoch 3: loss 1.3520, val_ap 0.4211, minutes 3.95, lr 9.88e-04
    epoch 4: loss 1.2124, val_ap 0.4722, minutes 5.28, lr 1.00e-03
    epoch 5: loss 1.0865, val_ap 0.4761, minutes 6.64, lr 1.00e-03
    epoch 6: loss 1.0482, val_ap 0.4854, minutes 8.03, lr 1.00e-03
    epoch 7: loss 1.0391, val_ap 0.4914, minutes 9.43, lr 1.00e-03
    epoch 8: loss 1.0063, val_ap 0.4981, minutes 10.76, lr 1.00e-03
    epoch 9: loss 1.0096, val_ap 0.5017, minutes 12.16, lr 1.00e-03
    epoch 10: loss 0.9902, val_ap 0.5044, minutes 13.58, lr 1.00e-03
    epoch 11: loss 0.9550, val_ap 0.5090, minutes 14.98, lr 1.00e-03
    epoch 12: loss 0.9617, val_ap 0.5029, minutes 16.4, lr 1.00e-03
    epoch 13: loss 0.9443, val_ap 0.5181, minutes 17.75, lr 1.00e-03
    epoch 14: loss 0.9585, val_ap 0.5118, minutes 19.12, lr 1.00e-03
    epoch 15: loss 0.9280, val_ap 0.5239, minutes 20.5, lr 1.00e-03
    epoch 16: loss 0.9061, val_ap 0.5295, minutes 21.86, lr 1.00e-03
    epoch 17: loss 0.9558, val_ap 0.5289, minutes 23.34, lr 1.00e-03
    epoch 18: loss 0.9165, val_ap 0.5261, minutes 24.76, lr 1.00e-03
    epoch 19: loss 0.8936, val_ap 0.5367, minutes 26.28, lr 1.00e-03
    epoch 20: loss 0.8741, val_ap 0.5382, minutes 27.7, lr 1.00e-03
    epoch 21: loss 0.8728, val_ap 0.5370, minutes 29.11, lr 1.00e-03
    epoch 22: loss 0.8779, val_ap 0.5421, minutes 30.57, lr 1.00e-03
    epoch 23: loss 0.8674, val_ap 0.5392, minutes 31.99, lr 1.00e-03
    epoch 24: loss 0.8927, val_ap 0.5460, minutes 33.45, lr 1.00e-03
    epoch 25: loss 0.9004, val_ap 0.5441, minutes 34.92, lr 1.00e-03
    epoch 26: loss 0.8539, val_ap 0.5506, minutes 36.32, lr 1.00e-03
    epoch 27: loss 0.8370, val_ap 0.5406, minutes 37.78, lr 1.00e-03
    epoch 28: loss 0.8726, val_ap 0.5523, minutes 39.21, lr 1.00e-03
    epoch 29: loss 0.8902, val_ap 0.5401, minutes 40.67, lr 1.00e-03
    epoch 30: loss 0.8397, val_ap 0.5495, minutes 42.06, lr 1.00e-03
    epoch 31: loss 0.8423, val_ap 0.5616, minutes 43.5, lr 1.00e-03
    epoch 32: loss 0.8347, val_ap 0.5610, minutes 44.95, lr 1.00e-03
    epoch 33: loss 0.8271, val_ap 0.5645, minutes 46.41, lr 1.00e-03
    epoch 34: loss 0.8515, val_ap 0.5656, minutes 47.84, lr 1.00e-03
    epoch 35: loss 0.8499, val_ap 0.5659, minutes 49.27, lr 1.00e-03
    epoch 36: loss 0.8309, val_ap 0.5671, minutes 50.67, lr 1.00e-03
    epoch 37: loss 0.8396, val_ap 0.5619, minutes 52.1, lr 1.00e-03
    epoch 38: loss 0.8247, val_ap 0.5769, minutes 53.51, lr 1.00e-03
    epoch 39: loss 0.8005, val_ap 0.5722, minutes 54.93, lr 1.00e-03
    epoch 40: loss 0.7972, val_ap 0.5787, minutes 56.37, lr 1.00e-03
    epoch 41: loss 0.7854, val_ap 0.5656, minutes 57.86, lr 1.00e-03
    epoch 42: loss 0.7921, val_ap 0.5767, minutes 59.29, lr 1.00e-03
    epoch 43: loss 0.7763, val_ap 0.5674, minutes 60.74, lr 1.00e-03
    epoch 44: loss 0.7759, val_ap 0.5729, minutes 62.17, lr 1.00e-03
    epoch 45: loss 0.7850, val_ap 0.5869, minutes 63.56, lr 1.00e-03
    epoch 46: loss 0.7799, val_ap 0.5790, minutes 64.97, lr 1.00e-03
    epoch 47: loss 0.7645, val_ap 0.5822, minutes 66.41, lr 1.00e-03
    epoch 48: loss 0.7848, val_ap 0.5795, minutes 67.82, lr 1.00e-03
    epoch 49: loss 0.7786, val_ap 0.5962, minutes 69.25, lr 1.00e-03
    epoch 50: loss 0.7514, val_ap 0.5961, minutes 70.69, lr 1.00e-03
    epoch 51: loss 0.7655, val_ap 0.5967, minutes 72.08, lr 1.00e-03
    epoch 52: loss 0.7424, val_ap 0.5880, minutes 73.55, lr 1.00e-03
    epoch 53: loss 0.7342, val_ap 0.5923, minutes 74.9, lr 1.00e-03
    epoch 54: loss 0.7467, val_ap 0.5909, minutes 76.3, lr 1.00e-03
    epoch 55: loss 0.7503, val_ap 0.5754, minutes 77.73, lr 1.00e-03
    epoch 56: loss 0.7332, val_ap 0.5920, minutes 79.14, lr 1.00e-03
    epoch 57: loss 0.7425, val_ap 0.5993, minutes 80.6, lr 1.00e-03
    epoch 58: loss 0.7306, val_ap 0.5910, minutes 82.0, lr 1.00e-03
    epoch 59: loss 0.7376, val_ap 0.5983, minutes 83.41, lr 1.00e-03
    epoch 60: loss 0.7197, val_ap 0.5910, minutes 84.83, lr 1.00e-03
    epoch 61: loss 0.7073, val_ap 0.5881, minutes 86.26, lr 1.00e-03
    epoch 62: loss 0.7111, val_ap 0.5832, minutes 87.67, lr 1.00e-03
    epoch 63: loss 0.7134, val_ap 0.5978, minutes 89.08, lr 1.00e-03
    epoch 64: loss 0.7032, val_ap 0.6069, minutes 90.53, lr 1.00e-03
    epoch 65: loss 0.7056, val_ap 0.5785, minutes 91.97, lr 1.00e-03
    epoch 66: loss 0.7030, val_ap 0.5815, minutes 93.43, lr 1.00e-03
    epoch 67: loss 0.7034, val_ap 0.5769, minutes 94.82, lr 1.00e-03
    epoch 68: loss 0.6982, val_ap 0.5713, minutes 96.3, lr 1.00e-03
    epoch 69: loss 0.6863, val_ap 0.5865, minutes 97.76, lr 1.00e-03
    epoch 70: loss 0.6965, val_ap 0.5792, minutes 99.22, lr 1.00e-03
    epoch 71: loss 0.6782, val_ap 0.5925, minutes 100.64, lr 1.00e-03
    epoch 72: loss 0.6623, val_ap 0.5916, minutes 102.07, lr 1.00e-03
    epoch 73: loss 0.6884, val_ap 0.5780, minutes 103.52, lr 5.00e-04
    epoch 74: loss 0.6628, val_ap 0.5860, minutes 104.96, lr 5.00e-04
    epoch 75: loss 0.6318, val_ap 0.5843, minutes 106.38, lr 5.00e-04
    epoch 76: loss 0.6339, val_ap 0.5845, minutes 107.76, lr 5.00e-04
    epoch 77: loss 0.6447, val_ap 0.5839, minutes 109.21, lr 5.00e-04
    epoch 78: loss 0.6236, val_ap 0.5567, minutes 110.67, lr 5.00e-04
    epoch 79: loss 0.6327, val_ap 0.5816, minutes 112.12, lr 5.00e-04
    epoch 80: loss 0.6146, val_ap 0.5983, minutes 113.45, lr 5.00e-04
    epoch 81: loss 0.6187, val_ap 0.5902, minutes 114.83, lr 5.00e-04
    epoch 82: loss 0.6323, val_ap 0.5762, minutes 116.25, lr 2.50e-04
    epoch 83: loss 0.5949, val_ap 0.5835, minutes 117.66, lr 2.50e-04
    epoch 84: loss 0.5927, val_ap 0.5860, minutes 119.03, lr 2.50e-04
    epoch 85: loss 0.5839, val_ap 0.5733, minutes 120.4, lr 2.50e-04
    epoch 86: loss 0.5843, val_ap 0.5857, minutes 121.76, lr 2.50e-04
    epoch 87: loss 0.5913, val_ap 0.5882, minutes 123.1, lr 2.50e-04
    epoch 88: loss 0.5893, val_ap 0.5869, minutes 124.47, lr 2.50e-04
    epoch 89: loss 0.5940, val_ap 0.5716, minutes 125.84, lr 2.50e-04
    stopping: no validation gain in 25 epochs
[gps dataset0 fold 0] done (126.5 min)
