loaded: dataset0 121,838 sites, data1 90,452
[scalar_drop pooled_both fold 4]
    kernel decay scale 97.3 nt (fitted to cell line 1 training labels)
    epoch 1: loss 2.1147, val_ap 0.1342, minutes 0.51, lr 3.31e-04
    epoch 2: loss 1.5811, val_ap 0.3092, minutes 1.07, lr 6.60e-04
    epoch 3: loss 1.4354, val_ap 0.4048, minutes 1.6, lr 9.89e-04
    epoch 4: loss 1.3454, val_ap 0.4413, minutes 2.15, lr 1.00e-03
    epoch 5: loss 1.3050, val_ap 0.4519, minutes 2.68, lr 1.00e-03
    epoch 6: loss 1.2876, val_ap 0.4565, minutes 3.25, lr 1.00e-03
    epoch 7: loss 1.2755, val_ap 0.4605, minutes 3.83, lr 1.00e-03
    epoch 8: loss 1.2570, val_ap 0.4634, minutes 4.39, lr 1.00e-03
    epoch 9: loss 1.2622, val_ap 0.4664, minutes 4.95, lr 1.00e-03
    epoch 10: loss 1.2488, val_ap 0.4683, minutes 5.49, lr 1.00e-03
    epoch 11: loss 1.2428, val_ap 0.4691, minutes 6.0, lr 1.00e-03
    epoch 12: loss 1.2466, val_ap 0.4671, minutes 6.53, lr 1.00e-03
    epoch 13: loss 1.2287, val_ap 0.4680, minutes 7.0, lr 1.00e-03
    epoch 14: loss 1.2303, val_ap 0.4733, minutes 7.48, lr 1.00e-03
    epoch 15: loss 1.2306, val_ap 0.4760, minutes 8.0, lr 1.00e-03
    epoch 16: loss 1.2183, val_ap 0.4800, minutes 8.48, lr 1.00e-03
    epoch 17: loss 1.2184, val_ap 0.4801, minutes 9.01, lr 1.00e-03
    epoch 18: loss 1.2084, val_ap 0.4771, minutes 9.54, lr 1.00e-03
    epoch 19: loss 1.2154, val_ap 0.4755, minutes 10.05, lr 1.00e-03
    epoch 20: loss 1.2195, val_ap 0.4792, minutes 10.54, lr 1.00e-03
    epoch 21: loss 1.2054, val_ap 0.4768, minutes 11.04, lr 1.00e-03
    epoch 22: loss 1.1982, val_ap 0.4838, minutes 11.59, lr 1.00e-03
    epoch 23: loss 1.2077, val_ap 0.4779, minutes 12.12, lr 1.00e-03
    epoch 24: loss 1.1969, val_ap 0.4807, minutes 12.68, lr 1.00e-03
    epoch 25: loss 1.1968, val_ap 0.4841, minutes 13.27, lr 1.00e-03
    epoch 26: loss 1.1956, val_ap 0.4909, minutes 13.79, lr 1.00e-03
    epoch 27: loss 1.1822, val_ap 0.4935, minutes 14.31, lr 1.00e-03
    epoch 28: loss 1.2036, val_ap 0.4913, minutes 14.88, lr 1.00e-03
    epoch 29: loss 1.1771, val_ap 0.4927, minutes 15.41, lr 1.00e-03
    epoch 30: loss 1.1843, val_ap 0.4909, minutes 15.95, lr 1.00e-03
    epoch 31: loss 1.1826, val_ap 0.4932, minutes 16.48, lr 1.00e-03
    epoch 32: loss 1.1695, val_ap 0.4915, minutes 17.0, lr 1.00e-03
    epoch 33: loss 1.1798, val_ap 0.4964, minutes 17.53, lr 1.00e-03
    epoch 34: loss 1.1688, val_ap 0.4977, minutes 18.05, lr 1.00e-03
    epoch 35: loss 1.1632, val_ap 0.4910, minutes 18.61, lr 1.00e-03
    epoch 36: loss 1.1662, val_ap 0.4936, minutes 19.17, lr 1.00e-03
    epoch 37: loss 1.1568, val_ap 0.5000, minutes 19.73, lr 1.00e-03
    epoch 38: loss 1.1676, val_ap 0.4977, minutes 20.29, lr 1.00e-03
    epoch 39: loss 1.1649, val_ap 0.5009, minutes 20.86, lr 1.00e-03
    epoch 40: loss 1.1511, val_ap 0.4939, minutes 21.4, lr 1.00e-03
    epoch 41: loss 1.1527, val_ap 0.4874, minutes 21.95, lr 1.00e-03
    epoch 42: loss 1.1440, val_ap 0.4937, minutes 22.47, lr 1.00e-03
    epoch 43: loss 1.1439, val_ap 0.4951, minutes 23.0, lr 1.00e-03
    epoch 44: loss 1.1370, val_ap 0.4932, minutes 23.54, lr 1.00e-03
    epoch 45: loss 1.1463, val_ap 0.4977, minutes 24.11, lr 1.00e-03
    epoch 46: loss 1.1412, val_ap 0.4935, minutes 24.68, lr 1.00e-03
    epoch 47: loss 1.1394, val_ap 0.4939, minutes 25.24, lr 1.00e-03
    epoch 48: loss 1.1349, val_ap 0.4975, minutes 25.83, lr 5.00e-04
    epoch 49: loss 1.1253, val_ap 0.4929, minutes 26.35, lr 5.00e-04
    epoch 50: loss 1.1169, val_ap 0.4979, minutes 26.84, lr 5.00e-04
    epoch 51: loss 1.1104, val_ap 0.4957, minutes 27.34, lr 5.00e-04
    epoch 52: loss 1.1183, val_ap 0.4913, minutes 27.88, lr 5.00e-04
    epoch 53: loss 1.1177, val_ap 0.4911, minutes 28.37, lr 5.00e-04
    epoch 54: loss 1.1188, val_ap 0.4919, minutes 28.87, lr 5.00e-04
    epoch 55: loss 1.1037, val_ap 0.4917, minutes 29.39, lr 5.00e-04
    epoch 56: loss 1.1164, val_ap 0.4904, minutes 29.88, lr 5.00e-04
    epoch 57: loss 1.1117, val_ap 0.4895, minutes 30.34, lr 2.50e-04
    epoch 58: loss 1.1016, val_ap 0.4936, minutes 30.82, lr 2.50e-04
    epoch 59: loss 1.0957, val_ap 0.4905, minutes 31.29, lr 2.50e-04
    epoch 60: loss 1.1035, val_ap 0.4901, minutes 31.76, lr 2.50e-04
    epoch 61: loss 1.1008, val_ap 0.4886, minutes 32.22, lr 2.50e-04
    epoch 62: loss 1.0949, val_ap 0.4907, minutes 32.68, lr 2.50e-04
    epoch 63: loss 1.0933, val_ap 0.4923, minutes 33.16, lr 2.50e-04
    epoch 64: loss 1.0988, val_ap 0.4880, minutes 33.67, lr 2.50e-04
    stopping: no validation gain in 25 epochs
[scalar_drop pooled_both fold 4] done (34.2 min)
