loaded: dataset0 121,838 sites, data1 90,452
[h2gcn_noisy2 pooled_both fold 1]
    epoch 1: loss 0.4095, val_ap 0.0877, minutes 1.03, lr 3.31e-04
    epoch 2: loss 0.1994, val_ap 0.2047, minutes 2.08, lr 6.60e-04
    epoch 3: loss 0.1727, val_ap 0.4081, minutes 3.1, lr 9.89e-04
    epoch 4: loss 0.1558, val_ap 0.4457, minutes 4.15, lr 1.00e-03
    epoch 5: loss 0.1489, val_ap 0.4612, minutes 5.19, lr 1.00e-03
    epoch 6: loss 0.1464, val_ap 0.4706, minutes 6.23, lr 1.00e-03
    epoch 7: loss 0.1440, val_ap 0.4742, minutes 7.32, lr 1.00e-03
    epoch 8: loss 0.1428, val_ap 0.4735, minutes 8.35, lr 1.00e-03
    epoch 9: loss 0.1410, val_ap 0.4759, minutes 9.37, lr 1.00e-03
    epoch 10: loss 0.1403, val_ap 0.4831, minutes 10.38, lr 1.00e-03
    epoch 11: loss 0.1395, val_ap 0.4847, minutes 11.42, lr 1.00e-03
    epoch 12: loss 0.1388, val_ap 0.4886, minutes 12.47, lr 1.00e-03
    epoch 13: loss 0.1368, val_ap 0.4913, minutes 13.5, lr 1.00e-03
    epoch 14: loss 0.1366, val_ap 0.4913, minutes 14.54, lr 1.00e-03
    epoch 15: loss 0.1365, val_ap 0.4861, minutes 15.56, lr 1.00e-03
    epoch 16: loss 0.1351, val_ap 0.4950, minutes 16.6, lr 1.00e-03
    epoch 17: loss 0.1355, val_ap 0.4913, minutes 17.65, lr 1.00e-03
    epoch 18: loss 0.1338, val_ap 0.4887, minutes 18.67, lr 1.00e-03
    epoch 19: loss 0.1343, val_ap 0.4939, minutes 19.69, lr 1.00e-03
    epoch 20: loss 0.1321, val_ap 0.4945, minutes 20.74, lr 1.00e-03
    epoch 21: loss 0.1325, val_ap 0.4923, minutes 21.76, lr 1.00e-03
    epoch 22: loss 0.1316, val_ap 0.4971, minutes 22.82, lr 1.00e-03
    epoch 23: loss 0.1323, val_ap 0.4930, minutes 23.85, lr 1.00e-03
    epoch 24: loss 0.1301, val_ap 0.4933, minutes 24.9, lr 1.00e-03
    epoch 25: loss 0.1312, val_ap 0.4988, minutes 25.94, lr 1.00e-03
    epoch 26: loss 0.1303, val_ap 0.4932, minutes 26.99, lr 1.00e-03
    epoch 27: loss 0.1298, val_ap 0.4835, minutes 28.03, lr 1.00e-03
    epoch 28: loss 0.1300, val_ap 0.4813, minutes 29.08, lr 1.00e-03
    epoch 29: loss 0.1287, val_ap 0.4963, minutes 30.15, lr 1.00e-03
    epoch 30: loss 0.1283, val_ap 0.4971, minutes 31.19, lr 1.00e-03
    epoch 31: loss 0.1278, val_ap 0.4946, minutes 32.22, lr 1.00e-03
    epoch 32: loss 0.1280, val_ap 0.5003, minutes 33.27, lr 1.00e-03
    epoch 33: loss 0.1268, val_ap 0.4985, minutes 34.31, lr 1.00e-03
    epoch 34: loss 0.1283, val_ap 0.4971, minutes 35.32, lr 1.00e-03
    epoch 35: loss 0.1258, val_ap 0.4938, minutes 36.37, lr 1.00e-03
    epoch 36: loss 0.1258, val_ap 0.4963, minutes 37.38, lr 1.00e-03
    epoch 37: loss 0.1252, val_ap 0.4968, minutes 38.44, lr 1.00e-03
    epoch 38: loss 0.1244, val_ap 0.4859, minutes 39.7, lr 1.00e-03
    epoch 39: loss 0.1250, val_ap 0.4873, minutes 41.75, lr 1.00e-03
    epoch 40: loss 0.1241, val_ap 0.4891, minutes 43.82, lr 1.00e-03
    epoch 41: loss 0.1234, val_ap 0.4873, minutes 45.85, lr 5.00e-04
    epoch 42: loss 0.1224, val_ap 0.4986, minutes 47.78, lr 5.00e-04
    epoch 43: loss 0.1217, val_ap 0.4845, minutes 49.81, lr 5.00e-04
    epoch 44: loss 0.1217, val_ap 0.4892, minutes 51.73, lr 5.00e-04
    epoch 45: loss 0.1208, val_ap 0.4874, minutes 53.69, lr 5.00e-04
    epoch 46: loss 0.1207, val_ap 0.4930, minutes 55.89, lr 5.00e-04
    epoch 47: loss 0.1203, val_ap 0.4911, minutes 56.95, lr 5.00e-04
    epoch 48: loss 0.1206, val_ap 0.4824, minutes 58.0, lr 5.00e-04
    epoch 49: loss 0.1200, val_ap 0.4914, minutes 59.05, lr 5.00e-04
    epoch 50: loss 0.1196, val_ap 0.4748, minutes 60.1, lr 2.50e-04
    epoch 51: loss 0.1179, val_ap 0.4944, minutes 61.15, lr 2.50e-04
    epoch 52: loss 0.1180, val_ap 0.4837, minutes 62.19, lr 2.50e-04
    epoch 53: loss 0.1173, val_ap 0.4928, minutes 63.22, lr 2.50e-04
    epoch 54: loss 0.1173, val_ap 0.4831, minutes 64.26, lr 2.50e-04
    epoch 55: loss 0.1179, val_ap 0.4866, minutes 65.31, lr 2.50e-04
    epoch 56: loss 0.1169, val_ap 0.4803, minutes 66.32, lr 2.50e-04
    epoch 57: loss 0.1169, val_ap 0.4914, minutes 67.36, lr 2.50e-04
    stopping: no validation gain in 25 epochs
[h2gcn_noisy2 pooled_both fold 1] done (68.1 min)
