loaded: dataset0 121,838 sites, data1 90,452
[res_nogate pooled_both fold 3 seed 1]
    kernel decay scale 113.4 nt (fitted to cell line 1 training labels)
    epoch 1: loss 1.8860, val_ap 0.1655, minutes 0.83, lr 3.31e-04
    epoch 2: loss 1.5657, val_ap 0.3117, minutes 1.61, lr 6.60e-04
    epoch 3: loss 1.4127, val_ap 0.4030, minutes 2.45, lr 9.89e-04
    epoch 4: loss 1.3252, val_ap 0.4405, minutes 3.27, lr 1.00e-03
    epoch 5: loss 1.2775, val_ap 0.4586, minutes 4.07, lr 1.00e-03
    epoch 6: loss 1.2537, val_ap 0.4632, minutes 4.84, lr 1.00e-03
    epoch 7: loss 1.2424, val_ap 0.4713, minutes 5.67, lr 1.00e-03
    epoch 8: loss 1.2410, val_ap 0.4660, minutes 6.41, lr 1.00e-03
    epoch 9: loss 1.2239, val_ap 0.4757, minutes 7.2, lr 1.00e-03
    epoch 10: loss 1.2147, val_ap 0.4812, minutes 7.98, lr 1.00e-03
    epoch 11: loss 1.2109, val_ap 0.4814, minutes 8.78, lr 1.00e-03
    epoch 12: loss 1.2036, val_ap 0.4900, minutes 9.57, lr 1.00e-03
    epoch 13: loss 1.1908, val_ap 0.4869, minutes 10.41, lr 1.00e-03
    epoch 14: loss 1.1994, val_ap 0.4872, minutes 11.26, lr 1.00e-03
    epoch 15: loss 1.1890, val_ap 0.4850, minutes 12.13, lr 1.00e-03
    epoch 16: loss 1.1746, val_ap 0.4874, minutes 12.95, lr 1.00e-03
    epoch 17: loss 1.1762, val_ap 0.4968, minutes 13.76, lr 1.00e-03
    epoch 18: loss 1.1783, val_ap 0.4933, minutes 14.52, lr 1.00e-03
    epoch 19: loss 1.1587, val_ap 0.5031, minutes 15.38, lr 1.00e-03
    epoch 20: loss 1.1604, val_ap 0.5015, minutes 16.2, lr 1.00e-03
    epoch 21: loss 1.1636, val_ap 0.5028, minutes 16.98, lr 1.00e-03
    epoch 22: loss 1.1543, val_ap 0.5054, minutes 17.8, lr 1.00e-03
    epoch 23: loss 1.1521, val_ap 0.5014, minutes 18.61, lr 1.00e-03
    epoch 24: loss 1.1501, val_ap 0.5018, minutes 19.45, lr 1.00e-03
    epoch 25: loss 1.1437, val_ap 0.4919, minutes 20.28, lr 1.00e-03
    epoch 26: loss 1.1446, val_ap 0.5137, minutes 21.07, lr 1.00e-03
    epoch 27: loss 1.1443, val_ap 0.5041, minutes 21.87, lr 1.00e-03
    epoch 28: loss 1.1338, val_ap 0.4993, minutes 22.72, lr 1.00e-03
    epoch 29: loss 1.1342, val_ap 0.5134, minutes 23.52, lr 1.00e-03
    epoch 30: loss 1.1451, val_ap 0.5143, minutes 24.35, lr 1.00e-03
    epoch 31: loss 1.1274, val_ap 0.5204, minutes 25.13, lr 1.00e-03
    epoch 32: loss 1.1329, val_ap 0.5161, minutes 25.91, lr 1.00e-03
    epoch 33: loss 1.1224, val_ap 0.5149, minutes 26.67, lr 1.00e-03
    epoch 34: loss 1.1269, val_ap 0.5151, minutes 27.46, lr 1.00e-03
    epoch 35: loss 1.1174, val_ap 0.5134, minutes 28.25, lr 1.00e-03
    epoch 36: loss 1.1138, val_ap 0.5213, minutes 29.02, lr 1.00e-03
    epoch 37: loss 1.1037, val_ap 0.5207, minutes 29.79, lr 1.00e-03
    epoch 38: loss 1.1225, val_ap 0.5044, minutes 30.57, lr 1.00e-03
    epoch 39: loss 1.1213, val_ap 0.4986, minutes 31.37, lr 1.00e-03
    epoch 40: loss 1.1127, val_ap 0.5207, minutes 32.16, lr 1.00e-03
    epoch 41: loss 1.0930, val_ap 0.5236, minutes 32.92, lr 1.00e-03
    epoch 42: loss 1.0929, val_ap 0.5127, minutes 33.73, lr 1.00e-03
    epoch 43: loss 1.0977, val_ap 0.5156, minutes 34.47, lr 1.00e-03
    epoch 44: loss 1.0963, val_ap 0.5264, minutes 35.25, lr 1.00e-03
    epoch 45: loss 1.0945, val_ap 0.5218, minutes 36.04, lr 1.00e-03
    epoch 46: loss 1.0862, val_ap 0.5168, minutes 36.83, lr 1.00e-03
    epoch 47: loss 1.0895, val_ap 0.5249, minutes 37.63, lr 1.00e-03
    epoch 48: loss 1.0887, val_ap 0.5202, minutes 38.44, lr 1.00e-03
    epoch 49: loss 1.0931, val_ap 0.5162, minutes 39.25, lr 1.00e-03
    epoch 50: loss 1.0851, val_ap 0.5263, minutes 39.99, lr 1.00e-03
    epoch 51: loss 1.0759, val_ap 0.5117, minutes 40.84, lr 1.00e-03
    epoch 52: loss 1.0797, val_ap 0.5079, minutes 41.7, lr 1.00e-03
    epoch 53: loss 1.0789, val_ap 0.5243, minutes 42.57, lr 5.00e-04
    epoch 54: loss 1.0537, val_ap 0.5238, minutes 43.37, lr 5.00e-04
    epoch 55: loss 1.0512, val_ap 0.5225, minutes 44.13, lr 5.00e-04
    epoch 56: loss 1.0507, val_ap 0.5242, minutes 44.93, lr 5.00e-04
    epoch 57: loss 1.0496, val_ap 0.5254, minutes 45.73, lr 5.00e-04
    epoch 58: loss 1.0423, val_ap 0.5247, minutes 46.56, lr 5.00e-04
    epoch 59: loss 1.0444, val_ap 0.5226, minutes 47.37, lr 5.00e-04
    epoch 60: loss 1.0353, val_ap 0.5194, minutes 48.15, lr 5.00e-04
    epoch 61: loss 1.0451, val_ap 0.5236, minutes 48.97, lr 5.00e-04
    epoch 62: loss 1.0500, val_ap 0.5148, minutes 49.83, lr 2.50e-04
    epoch 63: loss 1.0370, val_ap 0.5188, minutes 50.68, lr 2.50e-04
    epoch 64: loss 1.0338, val_ap 0.5216, minutes 51.51, lr 2.50e-04
    epoch 65: loss 1.0286, val_ap 0.5187, minutes 52.3, lr 2.50e-04
    epoch 66: loss 1.0234, val_ap 0.5232, minutes 53.09, lr 2.50e-04
    epoch 67: loss 1.0279, val_ap 0.5211, minutes 53.93, lr 2.50e-04
    epoch 68: loss 1.0224, val_ap 0.5203, minutes 54.75, lr 2.50e-04
    epoch 69: loss 1.0234, val_ap 0.5231, minutes 55.53, lr 2.50e-04
    stopping: no validation gain in 25 epochs
[res_nogate pooled_both fold 3 seed 1] done (56.2 min)
