loaded: dataset0 121,838 sites, data1 90,452
[res_gate dataset0 fold 3]
    kernel decay scale 113.4 nt (fitted to cell line 1 training labels)
    epoch 1: loss 1.9562, val_ap 0.1446, minutes 0.6, lr 3.33e-04
    epoch 2: loss 1.5859, val_ap 0.2134, minutes 1.13, lr 6.63e-04
    epoch 3: loss 1.3586, val_ap 0.3723, minutes 1.73, lr 9.92e-04
    epoch 4: loss 1.2111, val_ap 0.4835, minutes 2.32, lr 1.00e-03
    epoch 5: loss 1.1383, val_ap 0.5019, minutes 2.92, lr 1.00e-03
    epoch 6: loss 1.0760, val_ap 0.5183, minutes 3.5, lr 1.00e-03
    epoch 7: loss 1.0631, val_ap 0.5234, minutes 4.09, lr 1.00e-03
    epoch 8: loss 1.0341, val_ap 0.5318, minutes 4.66, lr 1.00e-03
    epoch 9: loss 1.0344, val_ap 0.5289, minutes 5.31, lr 1.00e-03
    epoch 10: loss 1.0158, val_ap 0.5403, minutes 5.92, lr 1.00e-03
    epoch 11: loss 1.0037, val_ap 0.5414, minutes 6.51, lr 1.00e-03
    epoch 12: loss 0.9896, val_ap 0.5445, minutes 7.1, lr 1.00e-03
    epoch 13: loss 0.9660, val_ap 0.5593, minutes 7.69, lr 1.00e-03
    epoch 14: loss 0.9627, val_ap 0.5591, minutes 8.28, lr 1.00e-03
    epoch 15: loss 0.9816, val_ap 0.5539, minutes 8.84, lr 1.00e-03
    epoch 16: loss 0.9697, val_ap 0.5536, minutes 9.38, lr 1.00e-03
    epoch 17: loss 0.9795, val_ap 0.5660, minutes 9.97, lr 1.00e-03
    epoch 18: loss 0.9418, val_ap 0.5720, minutes 10.58, lr 1.00e-03
    epoch 19: loss 0.9347, val_ap 0.5683, minutes 11.15, lr 1.00e-03
    epoch 20: loss 0.9332, val_ap 0.5746, minutes 11.74, lr 1.00e-03
    epoch 21: loss 0.9359, val_ap 0.5779, minutes 12.33, lr 1.00e-03
    epoch 22: loss 0.9272, val_ap 0.5742, minutes 12.92, lr 1.00e-03
    epoch 23: loss 0.9006, val_ap 0.5741, minutes 13.5, lr 1.00e-03
    epoch 24: loss 0.9210, val_ap 0.5866, minutes 14.11, lr 1.00e-03
    epoch 25: loss 0.9039, val_ap 0.5890, minutes 14.73, lr 1.00e-03
    epoch 26: loss 0.9089, val_ap 0.5810, minutes 15.37, lr 1.00e-03
    epoch 27: loss 0.9023, val_ap 0.5877, minutes 15.99, lr 1.00e-03
    epoch 28: loss 0.8945, val_ap 0.5872, minutes 16.63, lr 1.00e-03
    epoch 29: loss 0.8959, val_ap 0.5916, minutes 17.26, lr 1.00e-03
    epoch 30: loss 0.8972, val_ap 0.5936, minutes 17.82, lr 1.00e-03
    epoch 31: loss 0.8803, val_ap 0.5868, minutes 18.5, lr 1.00e-03
    epoch 32: loss 0.9046, val_ap 0.5919, minutes 19.09, lr 1.00e-03
    epoch 33: loss 0.8987, val_ap 0.5823, minutes 19.7, lr 1.00e-03
    epoch 34: loss 0.8796, val_ap 0.5993, minutes 20.29, lr 1.00e-03
    epoch 35: loss 0.8934, val_ap 0.5955, minutes 20.86, lr 1.00e-03
    epoch 36: loss 0.8714, val_ap 0.5990, minutes 21.53, lr 1.00e-03
    epoch 37: loss 0.8813, val_ap 0.6001, minutes 22.1, lr 1.00e-03
    epoch 38: loss 0.8721, val_ap 0.5975, minutes 22.74, lr 1.00e-03
    epoch 39: loss 0.8765, val_ap 0.6032, minutes 23.37, lr 1.00e-03
    epoch 40: loss 0.8575, val_ap 0.6049, minutes 23.94, lr 1.00e-03
    epoch 41: loss 0.8726, val_ap 0.6061, minutes 24.52, lr 1.00e-03
    epoch 42: loss 0.8515, val_ap 0.6137, minutes 25.14, lr 1.00e-03
    epoch 43: loss 0.8566, val_ap 0.6093, minutes 25.75, lr 1.00e-03
    epoch 44: loss 0.8724, val_ap 0.6100, minutes 26.32, lr 1.00e-03
    epoch 45: loss 0.8576, val_ap 0.6070, minutes 26.87, lr 1.00e-03
    epoch 46: loss 0.8370, val_ap 0.6170, minutes 27.44, lr 1.00e-03
    epoch 47: loss 0.8394, val_ap 0.6136, minutes 27.99, lr 1.00e-03
    epoch 48: loss 0.8461, val_ap 0.6186, minutes 28.56, lr 1.00e-03
    epoch 49: loss 0.8371, val_ap 0.6200, minutes 29.14, lr 1.00e-03
    epoch 50: loss 0.8283, val_ap 0.6133, minutes 29.7, lr 1.00e-03
    epoch 51: loss 0.8421, val_ap 0.6113, minutes 30.27, lr 1.00e-03
    epoch 52: loss 0.8341, val_ap 0.6163, minutes 30.85, lr 1.00e-03
    epoch 53: loss 0.8267, val_ap 0.6201, minutes 31.42, lr 1.00e-03
    epoch 54: loss 0.8324, val_ap 0.6245, minutes 31.98, lr 1.00e-03
    epoch 55: loss 0.8184, val_ap 0.6212, minutes 32.55, lr 1.00e-03
    epoch 56: loss 0.8305, val_ap 0.6142, minutes 33.11, lr 1.00e-03
    epoch 57: loss 0.8239, val_ap 0.6190, minutes 33.73, lr 1.00e-03
    epoch 58: loss 0.8143, val_ap 0.6136, minutes 34.3, lr 1.00e-03
    epoch 59: loss 0.8105, val_ap 0.6246, minutes 34.89, lr 1.00e-03
    epoch 60: loss 0.8145, val_ap 0.6239, minutes 35.49, lr 1.00e-03
    epoch 61: loss 0.8217, val_ap 0.6264, minutes 36.05, lr 1.00e-03
    epoch 62: loss 0.8139, val_ap 0.6240, minutes 36.65, lr 1.00e-03
    epoch 63: loss 0.8616, val_ap 0.6199, minutes 37.25, lr 1.00e-03
    epoch 64: loss 0.8035, val_ap 0.6253, minutes 37.82, lr 1.00e-03
    epoch 65: loss 0.8064, val_ap 0.6228, minutes 38.42, lr 1.00e-03
    epoch 66: loss 0.8207, val_ap 0.6207, minutes 39.01, lr 1.00e-03
    epoch 67: loss 0.7990, val_ap 0.6253, minutes 39.57, lr 1.00e-03
    epoch 68: loss 0.8083, val_ap 0.6305, minutes 40.17, lr 1.00e-03
    epoch 69: loss 0.7907, val_ap 0.6306, minutes 40.74, lr 1.00e-03
    epoch 70: loss 0.8075, val_ap 0.6292, minutes 41.3, lr 1.00e-03
    epoch 71: loss 0.7869, val_ap 0.6271, minutes 41.88, lr 1.00e-03
    epoch 72: loss 0.7899, val_ap 0.6274, minutes 42.45, lr 1.00e-03
    epoch 73: loss 0.7800, val_ap 0.6236, minutes 43.04, lr 1.00e-03
    epoch 74: loss 0.7832, val_ap 0.6333, minutes 43.63, lr 1.00e-03
    epoch 75: loss 0.7836, val_ap 0.6316, minutes 44.23, lr 1.00e-03
    epoch 76: loss 0.7801, val_ap 0.6293, minutes 44.85, lr 1.00e-03
    epoch 77: loss 0.7935, val_ap 0.6244, minutes 45.45, lr 1.00e-03
    epoch 78: loss 0.7794, val_ap 0.6294, minutes 46.03, lr 1.00e-03
    epoch 79: loss 0.7758, val_ap 0.6346, minutes 46.53, lr 1.00e-03
    epoch 80: loss 0.7764, val_ap 0.6212, minutes 46.99, lr 1.00e-03
    epoch 81: loss 0.7714, val_ap 0.6216, minutes 47.44, lr 1.00e-03
    epoch 82: loss 0.7902, val_ap 0.6329, minutes 47.87, lr 1.00e-03
    epoch 83: loss 0.7570, val_ap 0.6273, minutes 48.34, lr 1.00e-03
    epoch 84: loss 0.7666, val_ap 0.6331, minutes 48.8, lr 1.00e-03
    epoch 85: loss 0.7870, val_ap 0.6309, minutes 49.24, lr 1.00e-03
    epoch 86: loss 0.7711, val_ap 0.6352, minutes 49.71, lr 1.00e-03
    epoch 87: loss 0.7755, val_ap 0.6282, minutes 50.2, lr 1.00e-03
    epoch 88: loss 0.8396, val_ap 0.6328, minutes 50.7, lr 1.00e-03
    epoch 89: loss 0.7543, val_ap 0.6357, minutes 51.22, lr 1.00e-03
    epoch 90: loss 0.7555, val_ap 0.6327, minutes 51.72, lr 1.00e-03
    epoch 91: loss 0.7706, val_ap 0.6322, minutes 52.13, lr 1.00e-03
    epoch 92: loss 0.7490, val_ap 0.6378, minutes 52.6, lr 1.00e-03
    epoch 93: loss 0.7394, val_ap 0.6374, minutes 53.08, lr 1.00e-03
    epoch 94: loss 0.7522, val_ap 0.6272, minutes 53.52, lr 1.00e-03
    epoch 95: loss 0.7379, val_ap 0.6362, minutes 54.01, lr 1.00e-03
    epoch 96: loss 0.7488, val_ap 0.6302, minutes 54.47, lr 1.00e-03
    epoch 97: loss 0.7521, val_ap 0.6351, minutes 54.96, lr 1.00e-03
    epoch 98: loss 0.7469, val_ap 0.6365, minutes 55.44, lr 1.00e-03
    epoch 99: loss 0.7254, val_ap 0.6431, minutes 55.9, lr 1.00e-03
    epoch 100: loss 0.7390, val_ap 0.6340, minutes 56.34, lr 1.00e-03
    epoch 101: loss 0.7256, val_ap 0.6420, minutes 56.81, lr 1.00e-03
    epoch 102: loss 0.7561, val_ap 0.6399, minutes 57.25, lr 1.00e-03
    epoch 103: loss 0.7407, val_ap 0.6408, minutes 57.71, lr 1.00e-03
    epoch 104: loss 0.7234, val_ap 0.6400, minutes 58.13, lr 1.00e-03
    epoch 105: loss 0.7360, val_ap 0.6385, minutes 58.58, lr 1.00e-03
    epoch 106: loss 0.7183, val_ap 0.6364, minutes 59.01, lr 1.00e-03
    epoch 107: loss 0.7318, val_ap 0.6349, minutes 59.49, lr 1.00e-03
    epoch 108: loss 0.7352, val_ap 0.6347, minutes 59.9, lr 5.00e-04
    epoch 109: loss 0.7444, val_ap 0.6383, minutes 60.4, lr 5.00e-04
    epoch 110: loss 0.7216, val_ap 0.6378, minutes 60.84, lr 5.00e-04
    epoch 111: loss 0.6977, val_ap 0.6435, minutes 61.37, lr 5.00e-04
    epoch 112: loss 0.6937, val_ap 0.6409, minutes 61.82, lr 5.00e-04
    epoch 113: loss 0.6905, val_ap 0.6397, minutes 62.29, lr 5.00e-04
    epoch 114: loss 0.6979, val_ap 0.6396, minutes 62.75, lr 5.00e-04
    epoch 115: loss 0.6933, val_ap 0.6358, minutes 63.17, lr 5.00e-04
    epoch 116: loss 0.6920, val_ap 0.6398, minutes 63.64, lr 5.00e-04
    epoch 117: loss 0.7152, val_ap 0.6388, minutes 64.09, lr 5.00e-04
    epoch 118: loss 0.6986, val_ap 0.6436, minutes 64.59, lr 5.00e-04
    epoch 119: loss 0.6951, val_ap 0.6413, minutes 65.04, lr 5.00e-04
    epoch 120: loss 0.6835, val_ap 0.6362, minutes 65.55, lr 5.00e-04
    epoch 121: loss 0.7011, val_ap 0.6470, minutes 66.06, lr 5.00e-04
    epoch 122: loss 0.7111, val_ap 0.6452, minutes 66.53, lr 5.00e-04
    epoch 123: loss 0.6963, val_ap 0.6331, minutes 67.03, lr 5.00e-04
    epoch 124: loss 0.6815, val_ap 0.6428, minutes 67.54, lr 5.00e-04
    epoch 125: loss 0.6686, val_ap 0.6423, minutes 68.05, lr 5.00e-04
    epoch 126: loss 0.6771, val_ap 0.6371, minutes 68.53, lr 5.00e-04
    epoch 127: loss 0.6890, val_ap 0.6391, minutes 69.02, lr 5.00e-04
    epoch 128: loss 0.6646, val_ap 0.6336, minutes 69.52, lr 5.00e-04
    epoch 129: loss 0.6757, val_ap 0.6341, minutes 69.99, lr 5.00e-04
    epoch 130: loss 0.6851, val_ap 0.6291, minutes 70.48, lr 2.50e-04
    epoch 131: loss 0.6477, val_ap 0.6363, minutes 70.93, lr 2.50e-04
    epoch 132: loss 0.6634, val_ap 0.6328, minutes 71.36, lr 2.50e-04
    epoch 133: loss 0.6685, val_ap 0.6343, minutes 71.84, lr 2.50e-04
    epoch 134: loss 0.6685, val_ap 0.6313, minutes 72.28, lr 2.50e-04
    epoch 135: loss 0.6595, val_ap 0.6307, minutes 72.78, lr 2.50e-04
    epoch 136: loss 0.6583, val_ap 0.6326, minutes 73.32, lr 2.50e-04
    epoch 137: loss 0.6640, val_ap 0.6345, minutes 73.79, lr 2.50e-04
    epoch 138: loss 0.6535, val_ap 0.6351, minutes 74.36, lr 2.50e-04
    epoch 139: loss 0.6511, val_ap 0.6309, minutes 74.84, lr 1.25e-04
    epoch 140: loss 0.6519, val_ap 0.6351, minutes 75.32, lr 1.25e-04
    epoch 141: loss 0.6396, val_ap 0.6322, minutes 75.81, lr 1.25e-04
    epoch 142: loss 0.6456, val_ap 0.6375, minutes 76.31, lr 1.25e-04
    epoch 143: loss 0.6457, val_ap 0.6316, minutes 76.77, lr 1.25e-04
    epoch 144: loss 0.6514, val_ap 0.6341, minutes 77.26, lr 1.25e-04
    epoch 145: loss 0.6594, val_ap 0.6352, minutes 77.72, lr 1.25e-04
    epoch 146: loss 0.6406, val_ap 0.6343, minutes 78.2, lr 1.25e-04
    stopping: no validation gain in 25 epochs
[res_gate dataset0 fold 3] done (79.0 min)
