loaded: dataset0 121,838 sites, data1 90,452
[deepset_hand dataset0 fold 4]
    epoch 1: loss 1.129015582418719, minutes 0.17, val_ap 0.32068007472271304, lr 0.00033430232558139537
    epoch 2: loss 0.743476384254389, minutes 0.36, val_ap 0.43932144045759197, lr 0.0006676356589147286
    epoch 3: loss 0.6895344642012619, minutes 0.56, val_ap 0.4432618358961124, lr 0.001
    epoch 4: loss 0.668724026790885, minutes 0.75, val_ap 0.4759897021927172, lr 0.001
    epoch 5: loss 0.6426918130627898, minutes 0.94, val_ap 0.47446342461125074, lr 0.001
    epoch 6: loss 0.6297193483211273, minutes 1.12, val_ap 0.4583945995524146, lr 0.001
    epoch 7: loss 0.6112858657400275, minutes 1.3, val_ap 0.44189665813258217, lr 0.001
    epoch 8: loss 0.6001520417630672, minutes 1.48, val_ap 0.4709616830989755, lr 0.001
    epoch 9: loss 0.5906789476095244, minutes 1.66, val_ap 0.48657205210241034, lr 0.001
    epoch 10: loss 0.5785425184077995, minutes 1.85, val_ap 0.4906422954043734, lr 0.001
    epoch 11: loss 0.5660302741236465, minutes 2.03, val_ap 0.4881769081439502, lr 0.001
    epoch 12: loss 0.5545874813268351, minutes 2.22, val_ap 0.49523050220784165, lr 0.001
    epoch 13: loss 0.5486423505340204, minutes 2.4, val_ap 0.4810057797053356, lr 0.001
    epoch 14: loss 0.5356998634199763, minutes 2.59, val_ap 0.4755326043266112, lr 0.001
    epoch 15: loss 0.5237662675249022, minutes 2.78, val_ap 0.4809578728759102, lr 0.001
    epoch 16: loss 0.5103268188446067, minutes 2.96, val_ap 0.4831827291928332, lr 0.001
    epoch 17: loss 0.49802230584413504, minutes 3.14, val_ap 0.4852253079340195, lr 0.001
    epoch 18: loss 0.4924944890013268, minutes 3.31, val_ap 0.4648226817698822, lr 0.001
    epoch 19: loss 0.4793153438977031, minutes 3.5, val_ap 0.48536523486225397, lr 0.001
    epoch 20: loss 0.4692784807276587, minutes 3.69, val_ap 0.46903334430352817, lr 0.001
    epoch 21: loss 0.44940301208475303, minutes 3.88, val_ap 0.47470593422635454, lr 0.0005
    epoch 22: loss 0.41049947749909965, minutes 4.07, val_ap 0.48400787397540557, lr 0.0005
    epoch 23: loss 0.39084610360306365, minutes 4.24, val_ap 0.47824308178386754, lr 0.0005
    epoch 24: loss 0.3868090577510207, minutes 4.42, val_ap 0.4663137582983772, lr 0.0005
    epoch 25: loss 0.37320194748598473, minutes 4.61, val_ap 0.4709796138777122, lr 0.0005
    epoch 26: loss 0.36248725163208884, minutes 4.8, val_ap 0.4681511415390056, lr 0.0005
    epoch 27: loss 0.35261002434201016, minutes 4.99, val_ap 0.45606504943392484, lr 0.0005
    epoch 28: loss 0.3447194234576336, minutes 5.18, val_ap 0.45337373729688385, lr 0.0005
    epoch 29: loss 0.33548435841708685, minutes 5.37, val_ap 0.45524706617042376, lr 0.0005
    epoch 30: loss 0.33299901245465113, minutes 5.57, val_ap 0.4592004747402596, lr 0.00025
    epoch 31: loss 0.29955167414317296, minutes 5.75, val_ap 0.45705361852285203, lr 0.00025
    epoch 32: loss 0.2922014459361171, minutes 5.93, val_ap 0.45131960061914017, lr 0.00025
    epoch 33: loss 0.2863908324737188, minutes 6.12, val_ap 0.4424743827266386, lr 0.00025
    epoch 34: loss 0.28666468549433144, minutes 6.31, val_ap 0.447123943111195, lr 0.00025
    epoch 35: loss 0.2801155120047719, minutes 6.5, val_ap 0.44545073532145507, lr 0.00025
    epoch 36: loss 0.27249194365427937, minutes 6.69, val_ap 0.443081993413051, lr 0.00025
    stopping: no validation gain in 25 epochs
[deepset_hand dataset0 fold 4] done (7.0 min)
