loaded: dataset0 121,838 sites, data1 90,452
[h2gcn dataset0 fold 3]
    epoch 1: loss 1.3111, val_ap 0.1514, minutes 0.55, lr 3.33e-04
    epoch 2: loss 1.0592, val_ap 0.2243, minutes 1.08, lr 6.63e-04
    epoch 3: loss 0.8734, val_ap 0.4123, minutes 1.62, lr 9.92e-04
    epoch 4: loss 0.7628, val_ap 0.5011, minutes 2.16, lr 1.00e-03
    epoch 5: loss 0.7002, val_ap 0.5184, minutes 2.72, lr 1.00e-03
    epoch 6: loss 0.6483, val_ap 0.5373, minutes 3.24, lr 1.00e-03
    epoch 7: loss 0.6701, val_ap 0.5307, minutes 3.76, lr 1.00e-03
    epoch 8: loss 0.6290, val_ap 0.5440, minutes 4.29, lr 1.00e-03
    epoch 9: loss 0.6137, val_ap 0.5510, minutes 4.83, lr 1.00e-03
    epoch 10: loss 0.5950, val_ap 0.5559, minutes 5.37, lr 1.00e-03
    epoch 11: loss 0.5934, val_ap 0.5542, minutes 5.91, lr 1.00e-03
    epoch 12: loss 0.5655, val_ap 0.5654, minutes 6.41, lr 1.00e-03
    epoch 13: loss 0.5686, val_ap 0.5663, minutes 6.98, lr 1.00e-03
    epoch 14: loss 0.5565, val_ap 0.5712, minutes 7.51, lr 1.00e-03
    epoch 15: loss 0.5607, val_ap 0.5793, minutes 8.04, lr 1.00e-03
    epoch 16: loss 0.5475, val_ap 0.5765, minutes 8.57, lr 1.00e-03
    epoch 17: loss 0.5658, val_ap 0.5758, minutes 9.11, lr 1.00e-03
    epoch 18: loss 0.5362, val_ap 0.5829, minutes 9.67, lr 1.00e-03
    epoch 19: loss 0.5329, val_ap 0.5823, minutes 10.21, lr 1.00e-03
    epoch 20: loss 0.5326, val_ap 0.5893, minutes 10.76, lr 1.00e-03
    epoch 21: loss 0.5318, val_ap 0.5898, minutes 11.29, lr 1.00e-03
    epoch 22: loss 0.5260, val_ap 0.5986, minutes 11.83, lr 1.00e-03
    epoch 23: loss 0.5086, val_ap 0.5863, minutes 12.32, lr 1.00e-03
    epoch 24: loss 0.5193, val_ap 0.5966, minutes 12.81, lr 1.00e-03
    epoch 25: loss 0.5097, val_ap 0.6033, minutes 13.34, lr 1.00e-03
    epoch 26: loss 0.5141, val_ap 0.5940, minutes 13.86, lr 1.00e-03
    epoch 27: loss 0.5027, val_ap 0.6005, minutes 14.4, lr 1.00e-03
    epoch 28: loss 0.4961, val_ap 0.5918, minutes 14.91, lr 1.00e-03
    epoch 29: loss 0.4860, val_ap 0.5987, minutes 15.42, lr 1.00e-03
    epoch 30: loss 0.5086, val_ap 0.5933, minutes 15.89, lr 1.00e-03
    epoch 31: loss 0.4889, val_ap 0.5887, minutes 16.41, lr 1.00e-03
    epoch 32: loss 0.4895, val_ap 0.6101, minutes 16.91, lr 1.00e-03
    epoch 33: loss 0.4908, val_ap 0.5990, minutes 17.45, lr 1.00e-03
    epoch 34: loss 0.4921, val_ap 0.6065, minutes 17.95, lr 1.00e-03
    epoch 35: loss 0.4787, val_ap 0.6013, minutes 18.45, lr 1.00e-03
    epoch 36: loss 0.4816, val_ap 0.6036, minutes 18.96, lr 1.00e-03
    epoch 37: loss 0.4629, val_ap 0.6062, minutes 19.46, lr 1.00e-03
    epoch 38: loss 0.4751, val_ap 0.5983, minutes 19.98, lr 1.00e-03
    epoch 39: loss 0.4676, val_ap 0.6103, minutes 20.47, lr 1.00e-03
    epoch 40: loss 0.4618, val_ap 0.6073, minutes 20.99, lr 1.00e-03
    epoch 41: loss 0.4760, val_ap 0.6051, minutes 21.46, lr 1.00e-03
    epoch 42: loss 0.4504, val_ap 0.6116, minutes 22.0, lr 1.00e-03
    epoch 43: loss 0.4513, val_ap 0.6150, minutes 22.56, lr 1.00e-03
    epoch 44: loss 0.4680, val_ap 0.6141, minutes 23.09, lr 1.00e-03
    epoch 45: loss 0.4677, val_ap 0.6083, minutes 23.63, lr 1.00e-03
    epoch 46: loss 0.4488, val_ap 0.6206, minutes 24.16, lr 1.00e-03
    epoch 47: loss 0.4476, val_ap 0.6095, minutes 24.69, lr 1.00e-03
    epoch 48: loss 0.4505, val_ap 0.6140, minutes 25.19, lr 1.00e-03
    epoch 49: loss 0.4403, val_ap 0.6156, minutes 25.7, lr 1.00e-03
    epoch 50: loss 0.4575, val_ap 0.5984, minutes 26.17, lr 1.00e-03
    epoch 51: loss 0.4459, val_ap 0.6137, minutes 26.64, lr 1.00e-03
    epoch 52: loss 0.4377, val_ap 0.6142, minutes 27.14, lr 1.00e-03
    epoch 53: loss 0.4343, val_ap 0.6064, minutes 27.66, lr 1.00e-03
    epoch 54: loss 0.4319, val_ap 0.6131, minutes 28.19, lr 1.00e-03
    epoch 55: loss 0.4273, val_ap 0.6079, minutes 28.69, lr 5.00e-04
    epoch 56: loss 0.4166, val_ap 0.6041, minutes 29.22, lr 5.00e-04
    epoch 57: loss 0.4093, val_ap 0.6118, minutes 29.75, lr 5.00e-04
    epoch 58: loss 0.4033, val_ap 0.6090, minutes 30.27, lr 5.00e-04
    epoch 59: loss 0.4081, val_ap 0.6009, minutes 30.79, lr 5.00e-04
    epoch 60: loss 0.4023, val_ap 0.6085, minutes 31.32, lr 5.00e-04
    epoch 61: loss 0.3997, val_ap 0.6048, minutes 31.84, lr 5.00e-04
    epoch 62: loss 0.4121, val_ap 0.6046, minutes 32.37, lr 5.00e-04
    epoch 63: loss 0.4231, val_ap 0.6026, minutes 32.88, lr 5.00e-04
    epoch 64: loss 0.3916, val_ap 0.6061, minutes 33.4, lr 2.50e-04
    epoch 65: loss 0.3856, val_ap 0.6021, minutes 33.88, lr 2.50e-04
    epoch 66: loss 0.3920, val_ap 0.6053, minutes 34.42, lr 2.50e-04
    epoch 67: loss 0.3874, val_ap 0.6043, minutes 34.89, lr 2.50e-04
    epoch 68: loss 0.3892, val_ap 0.6056, minutes 35.41, lr 2.50e-04
    epoch 69: loss 0.3833, val_ap 0.6043, minutes 35.93, lr 2.50e-04
    epoch 70: loss 0.3811, val_ap 0.6062, minutes 36.4, lr 2.50e-04
    epoch 71: loss 0.3740, val_ap 0.6008, minutes 36.91, lr 2.50e-04
    stopping: no validation gain in 25 epochs
[h2gcn dataset0 fold 3] done (37.6 min)
