loaded: dataset0 121,838 sites, data1 90,452
[scalar_random pooled_both fold 3 seed 1]
    kernel decay scale 113.4 nt (fitted to cell line 1 training labels)
    epoch 1: loss 1.9081, val_ap 0.1401, minutes 0.82, lr 3.31e-04
    epoch 2: loss 1.5748, val_ap 0.2776, minutes 1.65, lr 6.60e-04
    epoch 3: loss 1.4533, val_ap 0.3911, minutes 2.54, lr 9.89e-04
    epoch 4: loss 1.3583, val_ap 0.4003, minutes 3.35, lr 1.00e-03
    epoch 5: loss 1.3173, val_ap 0.4178, minutes 4.13, lr 1.00e-03
    epoch 6: loss 1.2967, val_ap 0.4113, minutes 4.9, lr 1.00e-03
    epoch 7: loss 1.2889, val_ap 0.4221, minutes 5.65, lr 1.00e-03
    epoch 8: loss 1.2786, val_ap 0.4175, minutes 6.36, lr 1.00e-03
    epoch 9: loss 1.2693, val_ap 0.4282, minutes 7.14, lr 1.00e-03
    epoch 10: loss 1.2553, val_ap 0.4310, minutes 7.86, lr 1.00e-03
    epoch 11: loss 1.2534, val_ap 0.4453, minutes 8.58, lr 1.00e-03
    epoch 12: loss 1.2505, val_ap 0.4519, minutes 9.34, lr 1.00e-03
    epoch 13: loss 1.2399, val_ap 0.4544, minutes 10.09, lr 1.00e-03
    epoch 14: loss 1.2426, val_ap 0.4444, minutes 10.85, lr 1.00e-03
    epoch 15: loss 1.2302, val_ap 0.4478, minutes 11.64, lr 1.00e-03
    epoch 16: loss 1.2197, val_ap 0.4520, minutes 12.4, lr 1.00e-03
    epoch 17: loss 1.2185, val_ap 0.4590, minutes 13.25, lr 1.00e-03
    epoch 18: loss 1.2245, val_ap 0.4636, minutes 14.0, lr 1.00e-03
    epoch 19: loss 1.2089, val_ap 0.4580, minutes 14.71, lr 1.00e-03
    epoch 20: loss 1.2082, val_ap 0.4650, minutes 15.51, lr 1.00e-03
    epoch 21: loss 1.2079, val_ap 0.4615, minutes 16.25, lr 1.00e-03
    epoch 22: loss 1.1969, val_ap 0.4672, minutes 16.96, lr 1.00e-03
    epoch 23: loss 1.1963, val_ap 0.4636, minutes 17.68, lr 1.00e-03
    epoch 24: loss 1.1982, val_ap 0.4595, minutes 18.4, lr 1.00e-03
    epoch 25: loss 1.1945, val_ap 0.4653, minutes 19.14, lr 1.00e-03
    epoch 26: loss 1.1884, val_ap 0.4656, minutes 19.95, lr 1.00e-03
    epoch 27: loss 1.1900, val_ap 0.4622, minutes 20.63, lr 1.00e-03
    epoch 28: loss 1.1813, val_ap 0.4588, minutes 21.4, lr 1.00e-03
    epoch 29: loss 1.1809, val_ap 0.4637, minutes 22.13, lr 1.00e-03
    epoch 30: loss 1.1852, val_ap 0.4669, minutes 22.92, lr 1.00e-03
    epoch 31: loss 1.1725, val_ap 0.4707, minutes 23.65, lr 1.00e-03
    epoch 32: loss 1.1810, val_ap 0.4705, minutes 24.38, lr 1.00e-03
    epoch 33: loss 1.1661, val_ap 0.4714, minutes 25.14, lr 1.00e-03
    epoch 34: loss 1.1722, val_ap 0.4720, minutes 25.89, lr 1.00e-03
    epoch 35: loss 1.1672, val_ap 0.4720, minutes 26.66, lr 1.00e-03
    epoch 36: loss 1.1660, val_ap 0.4710, minutes 27.43, lr 1.00e-03
    epoch 37: loss 1.1563, val_ap 0.4709, minutes 28.17, lr 1.00e-03
    epoch 38: loss 1.1649, val_ap 0.4696, minutes 28.94, lr 1.00e-03
    epoch 39: loss 1.1684, val_ap 0.4706, minutes 29.69, lr 1.00e-03
    epoch 40: loss 1.1615, val_ap 0.4733, minutes 30.47, lr 1.00e-03
    epoch 41: loss 1.1474, val_ap 0.4767, minutes 31.23, lr 1.00e-03
    epoch 42: loss 1.1544, val_ap 0.4616, minutes 31.97, lr 1.00e-03
    epoch 43: loss 1.1463, val_ap 0.4644, minutes 32.75, lr 1.00e-03
    epoch 44: loss 1.1482, val_ap 0.4780, minutes 33.47, lr 1.00e-03
    epoch 45: loss 1.1479, val_ap 0.4729, minutes 34.18, lr 1.00e-03
    epoch 46: loss 1.1402, val_ap 0.4733, minutes 34.97, lr 1.00e-03
    epoch 47: loss 1.1396, val_ap 0.4780, minutes 35.72, lr 1.00e-03
    epoch 48: loss 1.1465, val_ap 0.4731, minutes 36.53, lr 1.00e-03
    epoch 49: loss 1.1492, val_ap 0.4723, minutes 37.32, lr 1.00e-03
    epoch 50: loss 1.1393, val_ap 0.4656, minutes 38.1, lr 1.00e-03
    epoch 51: loss 1.1295, val_ap 0.4639, minutes 38.83, lr 1.00e-03
    epoch 52: loss 1.1356, val_ap 0.4692, minutes 39.58, lr 1.00e-03
    epoch 53: loss 1.1412, val_ap 0.4727, minutes 40.32, lr 5.00e-04
    epoch 54: loss 1.1089, val_ap 0.4767, minutes 41.03, lr 5.00e-04
    epoch 55: loss 1.1059, val_ap 0.4752, minutes 41.81, lr 5.00e-04
    epoch 56: loss 1.1111, val_ap 0.4781, minutes 42.58, lr 5.00e-04
    epoch 57: loss 1.1100, val_ap 0.4797, minutes 43.3, lr 5.00e-04
    epoch 58: loss 1.1031, val_ap 0.4758, minutes 44.07, lr 5.00e-04
    epoch 59: loss 1.1069, val_ap 0.4768, minutes 44.81, lr 5.00e-04
    epoch 60: loss 1.0968, val_ap 0.4755, minutes 45.62, lr 5.00e-04
    epoch 61: loss 1.1050, val_ap 0.4754, minutes 46.37, lr 5.00e-04
    epoch 62: loss 1.1071, val_ap 0.4723, minutes 47.11, lr 5.00e-04
    epoch 63: loss 1.1044, val_ap 0.4751, minutes 47.83, lr 5.00e-04
    epoch 64: loss 1.0976, val_ap 0.4743, minutes 48.56, lr 5.00e-04
    epoch 65: loss 1.0995, val_ap 0.4781, minutes 49.24, lr 5.00e-04
    epoch 66: loss 1.0930, val_ap 0.4802, minutes 49.87, lr 5.00e-04
    epoch 67: loss 1.0947, val_ap 0.4760, minutes 50.5, lr 5.00e-04
    epoch 68: loss 1.0883, val_ap 0.4800, minutes 51.12, lr 5.00e-04
    epoch 69: loss 1.0883, val_ap 0.4742, minutes 51.79, lr 5.00e-04
    epoch 70: loss 1.1011, val_ap 0.4715, minutes 52.48, lr 5.00e-04
    epoch 71: loss 1.0966, val_ap 0.4737, minutes 53.13, lr 5.00e-04
    epoch 72: loss 1.0871, val_ap 0.4735, minutes 53.79, lr 5.00e-04
    epoch 73: loss 1.0864, val_ap 0.4782, minutes 54.39, lr 5.00e-04
    epoch 74: loss 1.0902, val_ap 0.4733, minutes 54.99, lr 5.00e-04
    epoch 75: loss 1.0844, val_ap 0.4767, minutes 55.68, lr 2.50e-04
    epoch 76: loss 1.0714, val_ap 0.4744, minutes 56.36, lr 2.50e-04
    epoch 77: loss 1.0734, val_ap 0.4755, minutes 56.98, lr 2.50e-04
    epoch 78: loss 1.0729, val_ap 0.4775, minutes 57.61, lr 2.50e-04
    epoch 79: loss 1.0653, val_ap 0.4760, minutes 58.25, lr 2.50e-04
    epoch 80: loss 1.0679, val_ap 0.4781, minutes 58.87, lr 2.50e-04
    epoch 81: loss 1.0681, val_ap 0.4742, minutes 59.49, lr 2.50e-04
    epoch 82: loss 1.0665, val_ap 0.4764, minutes 60.11, lr 2.50e-04
    epoch 83: loss 1.0697, val_ap 0.4792, minutes 60.64, lr 2.50e-04
    epoch 84: loss 1.0653, val_ap 0.4768, minutes 61.15, lr 1.25e-04
    epoch 85: loss 1.0634, val_ap 0.4774, minutes 61.66, lr 1.25e-04
    epoch 86: loss 1.0542, val_ap 0.4769, minutes 62.2, lr 1.25e-04
    epoch 87: loss 1.0552, val_ap 0.4770, minutes 62.73, lr 1.25e-04
    epoch 88: loss 1.0560, val_ap 0.4763, minutes 63.29, lr 1.25e-04
    epoch 89: loss 1.0646, val_ap 0.4772, minutes 63.81, lr 1.25e-04
    epoch 90: loss 1.0626, val_ap 0.4774, minutes 64.29, lr 1.25e-04
    epoch 91: loss 1.0608, val_ap 0.4738, minutes 64.77, lr 1.25e-04
    stopping: no validation gain in 25 epochs
[scalar_random pooled_both fold 3 seed 1] done (65.3 min)
