loaded: dataset0 121,838 sites, data1 90,452
[knn_dynamic dataset0 fold 1]
    epoch 1: loss 1.2058574278565015, minutes 2.52, val_ap 0.26194876940061496, lr 0.00033431372549019606
    epoch 2: loss 0.874347804925021, minutes 5.46, val_ap 0.4352413940760643, lr 0.0006676470588235294
    epoch 3: loss 0.7763201646945056, minutes 8.34, val_ap 0.44795630748298354, lr 0.001
    epoch 4: loss 0.7528900399804115, minutes 11.35, val_ap 0.4453573497749857, lr 0.001
    epoch 5: loss 0.7308027148246765, minutes 14.53, val_ap 0.4742559891217097, lr 0.001
    epoch 6: loss 0.7119762817726416, minutes 17.73, val_ap 0.4705862019761914, lr 0.001
    epoch 7: loss 0.6980372431523659, minutes 20.97, val_ap 0.49817867205735045, lr 0.001
    epoch 8: loss 0.686831142534228, minutes 23.93, val_ap 0.49471401645768925, lr 0.001
    epoch 9: loss 0.6906120391453013, minutes 26.87, val_ap 0.5033814900225637, lr 0.001
    epoch 10: loss 0.6737394019084818, minutes 29.74, val_ap 0.5022273553118871, lr 0.001
    epoch 11: loss 0.6700110755422536, minutes 32.61, val_ap 0.5055915652356872, lr 0.001
    epoch 12: loss 0.6632883641649695, minutes 35.47, val_ap 0.5179287658645503, lr 0.001
    epoch 13: loss 0.6685984072439811, minutes 38.42, val_ap 0.510477303661385, lr 0.001
    epoch 14: loss 0.6617324748459984, minutes 41.28, val_ap 0.5149700025786437, lr 0.001
    epoch 15: loss 0.6520391421282993, minutes 44.18, val_ap 0.5157643645458113, lr 0.001
    epoch 16: loss 0.6514960813171723, minutes 47.12, val_ap 0.5184971132526389, lr 0.001
    epoch 17: loss 0.6489558632759487, minutes 50.02, val_ap 0.5128752851587525, lr 0.001
    epoch 18: loss 0.6390171364826315, minutes 52.98, val_ap 0.5081935792817839, lr 0.001
    epoch 19: loss 0.6319788519073936, minutes 55.92, val_ap 0.5138596059607927, lr 0.001
    epoch 20: loss 0.6283491452827173, minutes 58.77, val_ap 0.5093868857962291, lr 0.001
    epoch 21: loss 0.6325255774399814, minutes 61.67, val_ap 0.5155208859943265, lr 0.001
    epoch 22: loss 0.6269286336267695, minutes 64.62, val_ap 0.5071123100451465, lr 0.001
    epoch 23: loss 0.6269645122044226, minutes 67.57, val_ap 0.5049946507471232, lr 0.001
    epoch 24: loss 0.6327963738757021, minutes 70.44, val_ap 0.5080252994172455, lr 0.001
    epoch 25: loss 0.6247653773602317, minutes 73.34, val_ap 0.5177326538236008, lr 0.0005
    epoch 26: loss 0.6097179574124953, minutes 76.27, val_ap 0.5118772459553231, lr 0.0005
    epoch 27: loss 0.6005831557161668, minutes 79.19, val_ap 0.517687226492967, lr 0.0005
    epoch 28: loss 0.5978557875489487, minutes 82.11, val_ap 0.5171068088424682, lr 0.0005
    epoch 29: loss 0.5966564212213544, minutes 85.02, val_ap 0.5260958439832865, lr 0.0005
    epoch 30: loss 0.6009022156105323, minutes 87.99, val_ap 0.5184371308339107, lr 0.0005
    epoch 31: loss 0.5959942991242689, minutes 90.9, val_ap 0.5162219580821251, lr 0.0005
    epoch 32: loss 0.5891987783943906, minutes 93.75, val_ap 0.5067132396864055, lr 0.0005
    epoch 33: loss 0.5918784426415667, minutes 96.65, val_ap 0.5133147917871012, lr 0.0005
    epoch 34: loss 0.5852495599318953, minutes 99.56, val_ap 0.5096452769857972, lr 0.0005
    epoch 35: loss 0.5821139629272853, minutes 102.53, val_ap 0.5224157745429371, lr 0.0005
    epoch 36: loss 0.5806890630985008, minutes 105.44, val_ap 0.5219153920598901, lr 0.0005
    epoch 37: loss 0.5794600902234807, minutes 108.34, val_ap 0.5174510741638322, lr 0.0005
    epoch 38: loss 0.5784100220483892, minutes 111.3, val_ap 0.512789489109177, lr 0.00025
    epoch 39: loss 0.5648998262251125, minutes 114.29, val_ap 0.5125335939459397, lr 0.00025
    epoch 40: loss 0.5558661275926758, minutes 117.2, val_ap 0.513538857072792, lr 0.00025
    epoch 41: loss 0.5663712377933895, minutes 120.14, val_ap 0.5141500066755932, lr 0.00025
    epoch 42: loss 0.5601053370272412, minutes 123.15, val_ap 0.5104828369184147, lr 0.00025
    epoch 43: loss 0.558715300524936, minutes 126.05, val_ap 0.5134400498001287, lr 0.00025
    epoch 44: loss 0.5584965424502597, minutes 128.98, val_ap 0.50911055219288, lr 0.00025
    epoch 45: loss 0.5602663829922676, minutes 131.92, val_ap 0.5131105913148414, lr 0.00025
    epoch 46: loss 0.5519751400632017, minutes 134.88, val_ap 0.5201744627762672, lr 0.00025
    epoch 47: loss 0.550911298481857, minutes 137.68, val_ap 0.506702301595149, lr 0.000125
    epoch 48: loss 0.5480460778755301, minutes 140.61, val_ap 0.5132121375336106, lr 0.000125
    epoch 49: loss 0.540267553311937, minutes 143.59, val_ap 0.5161315169495795, lr 0.000125
    epoch 50: loss 0.5419575593927327, minutes 146.58, val_ap 0.5159953393516584, lr 0.000125
    epoch 51: loss 0.5393109999158803, minutes 149.45, val_ap 0.515567098183019, lr 0.000125
    epoch 52: loss 0.5453535555916674, minutes 152.38, val_ap 0.516424281778058, lr 0.000125
    epoch 53: loss 0.5382966623586767, minutes 155.33, val_ap 0.513388184584407, lr 0.000125
    stopping: no validation gain in 25 epochs
[knn_dynamic dataset0 fold 1] done (159.8 min)
