loaded: dataset0 121,838 sites, data1 90,452
[set_transformer dataset0 fold 4 seed 1]
    epoch 1: loss 1.0041705252126205, minutes 1.7, val_ap 0.404615021532422, lr 0.00033430232558139537
    epoch 2: loss 0.8208726236466751, minutes 3.76, val_ap 0.38221511317772144, lr 0.0006676356589147286
    epoch 3: loss 0.7856678068637848, minutes 5.83, val_ap 0.46191182413133436, lr 0.001
    epoch 4: loss 0.7598083515673183, minutes 8.03, val_ap 0.45466805837309077, lr 0.001
    epoch 5: loss 0.7398867580259956, minutes 10.15, val_ap 0.47627554874547134, lr 0.001
    epoch 6: loss 0.7114234068539254, minutes 12.3, val_ap 0.4795389449151833, lr 0.001
    epoch 7: loss 0.7096149559284366, minutes 14.3, val_ap 0.4499094387238726, lr 0.001
    epoch 8: loss 0.6899066837721093, minutes 16.34, val_ap 0.5041409991678265, lr 0.001
    epoch 9: loss 0.6902392866133258, minutes 18.36, val_ap 0.4977019558490323, lr 0.001
    epoch 10: loss 0.6889819734145043, minutes 20.36, val_ap 0.5285011288978421, lr 0.001
    epoch 11: loss 0.6845194818668587, minutes 22.43, val_ap 0.5203274722002571, lr 0.001
    epoch 12: loss 0.6710974606143874, minutes 24.58, val_ap 0.5158124297129593, lr 0.001
    epoch 13: loss 0.6618916332548441, minutes 26.66, val_ap 0.529218282314902, lr 0.001
    epoch 14: loss 0.6692751071654087, minutes 28.68, val_ap 0.5093163994363363, lr 0.001
    epoch 15: loss 0.671124589391226, minutes 30.71, val_ap 0.5094953859857041, lr 0.001
    epoch 16: loss 0.6535999943004098, minutes 32.74, val_ap 0.5180988037318447, lr 0.001
    epoch 17: loss 0.6482820011848627, minutes 34.77, val_ap 0.532986945702531, lr 0.001
    epoch 18: loss 0.6579090943343417, minutes 36.77, val_ap 0.5212818912493946, lr 0.001
    epoch 19: loss 0.6511054928739404, minutes 38.77, val_ap 0.5204696091932887, lr 0.001
    epoch 20: loss 0.6429479756327563, minutes 40.77, val_ap 0.5185467938540305, lr 0.001
    epoch 21: loss 0.6432595482572566, minutes 42.88, val_ap 0.5215908947756472, lr 0.001
    epoch 22: loss 0.6320772541816845, minutes 44.85, val_ap 0.5236781623073952, lr 0.001
    epoch 23: loss 0.6399148337023203, minutes 46.91, val_ap 0.5417078332993257, lr 0.001
    epoch 24: loss 0.6257635513103978, minutes 48.91, val_ap 0.5180563061214004, lr 0.001
    epoch 25: loss 0.6254951212295267, minutes 50.95, val_ap 0.5308602679279267, lr 0.001
    epoch 26: loss 0.6185362174413925, minutes 52.93, val_ap 0.5295620970091339, lr 0.001
    epoch 27: loss 0.6204445673975834, minutes 54.95, val_ap 0.5342978097073148, lr 0.001
    epoch 28: loss 0.6165260054864162, minutes 57.0, val_ap 0.5231568243633178, lr 0.001
    epoch 29: loss 0.6056057729779981, minutes 59.04, val_ap 0.5374562580430905, lr 0.001
    epoch 30: loss 0.616219119363746, minutes 61.05, val_ap 0.516170111273119, lr 0.001
    epoch 31: loss 0.6050128657803979, minutes 63.05, val_ap 0.5267268960521365, lr 0.001
    epoch 32: loss 0.596274649551095, minutes 65.07, val_ap 0.5418474511112011, lr 0.001
    epoch 33: loss 0.5923605114654746, minutes 67.07, val_ap 0.5456352042861287, lr 0.001
    epoch 34: loss 0.5924726712495781, minutes 69.06, val_ap 0.5429539595307087, lr 0.001
    epoch 35: loss 0.5938546827366186, minutes 71.07, val_ap 0.5450701093080906, lr 0.001
    epoch 36: loss 0.5941732418398524, minutes 73.1, val_ap 0.5298051928851311, lr 0.001
    epoch 37: loss 0.5918471030024595, minutes 75.13, val_ap 0.5444180531758648, lr 0.001
    epoch 38: loss 0.593369044276864, minutes 77.18, val_ap 0.5309213172410965, lr 0.001
    epoch 39: loss 0.5704626227880634, minutes 79.21, val_ap 0.5339690766088003, lr 0.001
    epoch 40: loss 0.5860345470177573, minutes 81.26, val_ap 0.5065367623706973, lr 0.001
    epoch 41: loss 0.5771906996189162, minutes 83.25, val_ap 0.5426068556355084, lr 0.001
    epoch 42: loss 0.571817476129116, minutes 85.24, val_ap 0.5331611106026337, lr 0.0005
    epoch 43: loss 0.5431106047228326, minutes 87.31, val_ap 0.5350660198726291, lr 0.0005
    epoch 44: loss 0.5353972991971776, minutes 89.33, val_ap 0.546051029828774, lr 0.0005
    epoch 45: loss 0.5195848430658496, minutes 91.32, val_ap 0.5347868127271687, lr 0.0005
    epoch 46: loss 0.5271536874649829, minutes 93.4, val_ap 0.5350372607254646, lr 0.0005
    epoch 47: loss 0.5090637894477262, minutes 95.43, val_ap 0.5362370673449851, lr 0.0005
    epoch 48: loss 0.516944810184975, minutes 97.46, val_ap 0.5393855311563905, lr 0.0005
    epoch 49: loss 0.5173169648231462, minutes 99.49, val_ap 0.536807936314417, lr 0.0005
    epoch 50: loss 0.5122339879270903, minutes 101.44, val_ap 0.5325920465658832, lr 0.0005
    epoch 51: loss 0.5098678093663481, minutes 103.41, val_ap 0.5307436189807256, lr 0.0005
    epoch 52: loss 0.5052132543263047, minutes 105.41, val_ap 0.5264626955220175, lr 0.0005
    epoch 53: loss 0.5057360844383406, minutes 107.42, val_ap 0.5328827823966059, lr 0.00025
    epoch 54: loss 0.4793102747305881, minutes 109.44, val_ap 0.5309030469627871, lr 0.00025
    epoch 55: loss 0.4741902458806371, minutes 111.52, val_ap 0.5317461827631661, lr 0.00025
    epoch 56: loss 0.4726374367641848, minutes 113.68, val_ap 0.5220123468953465, lr 0.00025
    epoch 57: loss 0.47319430511358174, minutes 115.79, val_ap 0.5240638225097025, lr 0.00025
    epoch 58: loss 0.4603794726954643, minutes 117.87, val_ap 0.5237516911839921, lr 0.00025
    epoch 59: loss 0.45803839973239013, minutes 119.92, val_ap 0.5223320174823584, lr 0.00025
    epoch 60: loss 0.46440441438625024, minutes 121.97, val_ap 0.5244332235576702, lr 0.00025
    epoch 61: loss 0.46610703596542047, minutes 124.1, val_ap 0.5231251717424261, lr 0.00025
    epoch 62: loss 0.4566462686675232, minutes 126.15, val_ap 0.5192508267533101, lr 0.000125
    epoch 63: loss 0.4502564292227806, minutes 128.25, val_ap 0.5246987823219089, lr 0.000125
    epoch 64: loss 0.4364605896867985, minutes 130.29, val_ap 0.5161308227146907, lr 0.000125
    epoch 65: loss 0.446179942292876, minutes 132.32, val_ap 0.5199599742861828, lr 0.000125
    epoch 66: loss 0.43431248606810735, minutes 134.48, val_ap 0.5101764332984996, lr 0.000125
    epoch 67: loss 0.4335264434908019, minutes 136.49, val_ap 0.52076982628146, lr 0.000125
    epoch 68: loss 0.42907743454845837, minutes 138.53, val_ap 0.5144954739454618, lr 0.000125
    stopping: no validation gain in 25 epochs
[set_transformer dataset0 fold 4 seed 1] done (142.9 min)
