loaded: dataset0 121,838 sites, data1 90,452
[scalar_random pooled_both fold 4]
    kernel decay scale 97.3 nt (fitted to cell line 1 training labels)
    epoch 1: loss 2.1447, val_ap 0.1324, minutes 0.84, lr 3.31e-04
    epoch 2: loss 1.5984, val_ap 0.2852, minutes 1.67, lr 6.60e-04
    epoch 3: loss 1.4552, val_ap 0.3695, minutes 2.43, lr 9.89e-04
    epoch 4: loss 1.3663, val_ap 0.4182, minutes 3.29, lr 1.00e-03
    epoch 5: loss 1.3235, val_ap 0.4207, minutes 4.12, lr 1.00e-03
    epoch 6: loss 1.3133, val_ap 0.4210, minutes 4.84, lr 1.00e-03
    epoch 7: loss 1.2928, val_ap 0.4223, minutes 5.64, lr 1.00e-03
    epoch 8: loss 1.2830, val_ap 0.4268, minutes 6.42, lr 1.00e-03
    epoch 9: loss 1.2831, val_ap 0.4284, minutes 7.22, lr 1.00e-03
    epoch 10: loss 1.2721, val_ap 0.4309, minutes 7.99, lr 1.00e-03
    epoch 11: loss 1.2696, val_ap 0.4296, minutes 8.79, lr 1.00e-03
    epoch 12: loss 1.2681, val_ap 0.4263, minutes 9.57, lr 1.00e-03
    epoch 13: loss 1.2535, val_ap 0.4295, minutes 10.33, lr 1.00e-03
    epoch 14: loss 1.2561, val_ap 0.4325, minutes 11.05, lr 1.00e-03
    epoch 15: loss 1.2584, val_ap 0.4334, minutes 11.78, lr 1.00e-03
    epoch 16: loss 1.2437, val_ap 0.4409, minutes 12.44, lr 1.00e-03
    epoch 17: loss 1.2426, val_ap 0.4384, minutes 13.16, lr 1.00e-03
    epoch 18: loss 1.2334, val_ap 0.4399, minutes 13.83, lr 1.00e-03
    epoch 19: loss 1.2439, val_ap 0.4406, minutes 14.5, lr 1.00e-03
    epoch 20: loss 1.2420, val_ap 0.4398, minutes 15.22, lr 1.00e-03
    epoch 21: loss 1.2380, val_ap 0.4330, minutes 15.94, lr 1.00e-03
    epoch 22: loss 1.2278, val_ap 0.4430, minutes 16.69, lr 1.00e-03
    epoch 23: loss 1.2385, val_ap 0.4430, minutes 17.32, lr 1.00e-03
    epoch 24: loss 1.2260, val_ap 0.4389, minutes 17.99, lr 1.00e-03
    epoch 25: loss 1.2267, val_ap 0.4429, minutes 18.62, lr 1.00e-03
    epoch 26: loss 1.2206, val_ap 0.4501, minutes 19.33, lr 1.00e-03
    epoch 27: loss 1.2090, val_ap 0.4509, minutes 20.0, lr 1.00e-03
    epoch 28: loss 1.2333, val_ap 0.4487, minutes 20.63, lr 1.00e-03
    epoch 29: loss 1.2102, val_ap 0.4541, minutes 21.23, lr 1.00e-03
    epoch 30: loss 1.2120, val_ap 0.4512, minutes 21.89, lr 1.00e-03
    epoch 31: loss 1.2110, val_ap 0.4566, minutes 22.52, lr 1.00e-03
    epoch 32: loss 1.1991, val_ap 0.4530, minutes 23.15, lr 1.00e-03
    epoch 33: loss 1.2049, val_ap 0.4561, minutes 23.71, lr 1.00e-03
    epoch 34: loss 1.1926, val_ap 0.4561, minutes 24.28, lr 1.00e-03
    epoch 35: loss 1.1894, val_ap 0.4533, minutes 24.85, lr 1.00e-03
    epoch 36: loss 1.1901, val_ap 0.4565, minutes 25.43, lr 1.00e-03
    epoch 37: loss 1.1818, val_ap 0.4566, minutes 26.01, lr 1.00e-03
    epoch 38: loss 1.1894, val_ap 0.4547, minutes 26.64, lr 1.00e-03
    epoch 39: loss 1.1892, val_ap 0.4605, minutes 27.23, lr 1.00e-03
    epoch 40: loss 1.1749, val_ap 0.4575, minutes 27.72, lr 1.00e-03
    epoch 41: loss 1.1766, val_ap 0.4491, minutes 28.24, lr 1.00e-03
    epoch 42: loss 1.1712, val_ap 0.4550, minutes 28.75, lr 1.00e-03
    epoch 43: loss 1.1704, val_ap 0.4539, minutes 29.27, lr 1.00e-03
    epoch 44: loss 1.1611, val_ap 0.4546, minutes 29.75, lr 1.00e-03
    epoch 45: loss 1.1700, val_ap 0.4609, minutes 30.2, lr 1.00e-03
    epoch 46: loss 1.1706, val_ap 0.4510, minutes 30.66, lr 1.00e-03
    epoch 47: loss 1.1619, val_ap 0.4533, minutes 31.11, lr 1.00e-03
    epoch 48: loss 1.1608, val_ap 0.4530, minutes 31.59, lr 1.00e-03
    epoch 49: loss 1.1633, val_ap 0.4576, minutes 32.07, lr 1.00e-03
    epoch 50: loss 1.1548, val_ap 0.4589, minutes 32.54, lr 1.00e-03
    epoch 51: loss 1.1443, val_ap 0.4547, minutes 32.98, lr 1.00e-03
    epoch 52: loss 1.1556, val_ap 0.4582, minutes 33.41, lr 1.00e-03
    epoch 53: loss 1.1593, val_ap 0.4476, minutes 33.84, lr 1.00e-03
    epoch 54: loss 1.1585, val_ap 0.4508, minutes 34.26, lr 5.00e-04
    epoch 55: loss 1.1247, val_ap 0.4518, minutes 34.7, lr 5.00e-04
    epoch 56: loss 1.1339, val_ap 0.4563, minutes 35.11, lr 5.00e-04
    epoch 57: loss 1.1287, val_ap 0.4548, minutes 35.5, lr 5.00e-04
    epoch 58: loss 1.1265, val_ap 0.4565, minutes 35.88, lr 5.00e-04
    epoch 59: loss 1.1202, val_ap 0.4494, minutes 36.28, lr 5.00e-04
    epoch 60: loss 1.1286, val_ap 0.4522, minutes 36.67, lr 5.00e-04
    epoch 61: loss 1.1225, val_ap 0.4461, minutes 37.05, lr 5.00e-04
    epoch 62: loss 1.1159, val_ap 0.4560, minutes 37.44, lr 5.00e-04
    epoch 63: loss 1.1238, val_ap 0.4525, minutes 37.82, lr 2.50e-04
    epoch 64: loss 1.1126, val_ap 0.4553, minutes 38.21, lr 2.50e-04
    epoch 65: loss 1.1084, val_ap 0.4571, minutes 38.59, lr 2.50e-04
    epoch 66: loss 1.1040, val_ap 0.4525, minutes 38.99, lr 2.50e-04
    epoch 67: loss 1.1052, val_ap 0.4531, minutes 39.37, lr 2.50e-04
    epoch 68: loss 1.1003, val_ap 0.4535, minutes 39.73, lr 2.50e-04
    epoch 69: loss 1.1051, val_ap 0.4540, minutes 40.11, lr 2.50e-04
    epoch 70: loss 1.1017, val_ap 0.4501, minutes 40.47, lr 2.50e-04
    stopping: no validation gain in 25 epochs
[scalar_random pooled_both fold 4] done (40.9 min)
