loaded: dataset0 121,838 sites, data1 90,452
[scalar_msg dataset0 fold 1 seed 2]
    kernel decay scale 114.6 nt (fitted to cell line 1 training labels)
    epoch 1: loss 1.9521, val_ap 0.1487, minutes 0.44, lr 3.33e-04
    epoch 2: loss 1.5505, val_ap 0.2541, minutes 0.91, lr 6.63e-04
    epoch 3: loss 1.3439, val_ap 0.4074, minutes 1.39, lr 9.92e-04
    epoch 4: loss 1.1772, val_ap 0.4747, minutes 1.84, lr 1.00e-03
    epoch 5: loss 1.1070, val_ap 0.4962, minutes 2.29, lr 1.00e-03
    epoch 6: loss 1.0939, val_ap 0.5059, minutes 2.77, lr 1.00e-03
    epoch 7: loss 1.0654, val_ap 0.5159, minutes 3.22, lr 1.00e-03
    epoch 8: loss 1.0187, val_ap 0.5202, minutes 3.69, lr 1.00e-03
    epoch 9: loss 1.0110, val_ap 0.5245, minutes 4.14, lr 1.00e-03
    epoch 10: loss 1.0082, val_ap 0.5289, minutes 4.59, lr 1.00e-03
    epoch 11: loss 0.9721, val_ap 0.5298, minutes 5.12, lr 1.00e-03
    epoch 12: loss 0.9758, val_ap 0.5436, minutes 5.59, lr 1.00e-03
    epoch 13: loss 0.9783, val_ap 0.5439, minutes 6.08, lr 1.00e-03
    epoch 14: loss 0.9751, val_ap 0.5438, minutes 6.57, lr 1.00e-03
    epoch 15: loss 0.9606, val_ap 0.5441, minutes 7.06, lr 1.00e-03
    epoch 16: loss 0.9350, val_ap 0.5429, minutes 7.61, lr 1.00e-03
    epoch 17: loss 0.9376, val_ap 0.5508, minutes 8.06, lr 1.00e-03
    epoch 18: loss 0.9316, val_ap 0.5522, minutes 8.57, lr 1.00e-03
    epoch 19: loss 0.9215, val_ap 0.5598, minutes 9.02, lr 1.00e-03
    epoch 20: loss 0.9242, val_ap 0.5625, minutes 9.46, lr 1.00e-03
    epoch 21: loss 0.9245, val_ap 0.5605, minutes 9.97, lr 1.00e-03
    epoch 22: loss 0.9206, val_ap 0.5637, minutes 10.44, lr 1.00e-03
    epoch 23: loss 0.9214, val_ap 0.5605, minutes 10.97, lr 1.00e-03
    epoch 24: loss 0.9119, val_ap 0.5673, minutes 11.42, lr 1.00e-03
    epoch 25: loss 0.9080, val_ap 0.5679, minutes 11.86, lr 1.00e-03
    epoch 26: loss 0.8933, val_ap 0.5740, minutes 12.41, lr 1.00e-03
    epoch 27: loss 0.9011, val_ap 0.5726, minutes 12.86, lr 1.00e-03
    epoch 28: loss 0.8874, val_ap 0.5708, minutes 13.37, lr 1.00e-03
    epoch 29: loss 0.8937, val_ap 0.5730, minutes 13.83, lr 1.00e-03
    epoch 30: loss 0.9034, val_ap 0.5732, minutes 14.31, lr 1.00e-03
    epoch 31: loss 0.8812, val_ap 0.5654, minutes 14.77, lr 1.00e-03
    epoch 32: loss 0.8841, val_ap 0.5790, minutes 15.25, lr 1.00e-03
    epoch 33: loss 0.8758, val_ap 0.5828, minutes 15.8, lr 1.00e-03
    epoch 34: loss 0.8623, val_ap 0.5795, minutes 16.29, lr 1.00e-03
    epoch 35: loss 0.8586, val_ap 0.5826, minutes 16.74, lr 1.00e-03
    epoch 36: loss 0.8703, val_ap 0.5776, minutes 17.22, lr 1.00e-03
    epoch 37: loss 0.8666, val_ap 0.5869, minutes 17.68, lr 1.00e-03
    epoch 38: loss 0.8696, val_ap 0.5834, minutes 18.18, lr 1.00e-03
    epoch 39: loss 0.8522, val_ap 0.5846, minutes 18.67, lr 1.00e-03
    epoch 40: loss 0.8551, val_ap 0.5879, minutes 19.17, lr 1.00e-03
    epoch 41: loss 0.8489, val_ap 0.5887, minutes 19.65, lr 1.00e-03
    epoch 42: loss 0.8622, val_ap 0.5877, minutes 20.12, lr 1.00e-03
    epoch 43: loss 0.8467, val_ap 0.5903, minutes 20.62, lr 1.00e-03
    epoch 44: loss 0.8350, val_ap 0.5821, minutes 21.1, lr 1.00e-03
    epoch 45: loss 0.8556, val_ap 0.5766, minutes 21.58, lr 1.00e-03
    epoch 46: loss 0.8383, val_ap 0.5874, minutes 22.06, lr 1.00e-03
    epoch 47: loss 0.8546, val_ap 0.5880, minutes 22.54, lr 1.00e-03
    epoch 48: loss 0.8545, val_ap 0.5940, minutes 23.0, lr 1.00e-03
    epoch 49: loss 0.8570, val_ap 0.5898, minutes 23.48, lr 1.00e-03
    epoch 50: loss 0.8284, val_ap 0.5854, minutes 24.0, lr 1.00e-03
    epoch 51: loss 0.8401, val_ap 0.5899, minutes 24.49, lr 1.00e-03
    epoch 52: loss 0.8299, val_ap 0.5905, minutes 24.95, lr 1.00e-03
    epoch 53: loss 0.8226, val_ap 0.5927, minutes 25.41, lr 1.00e-03
    epoch 54: loss 0.8151, val_ap 0.5848, minutes 25.91, lr 1.00e-03
    epoch 55: loss 0.8500, val_ap 0.5931, minutes 26.41, lr 1.00e-03
    epoch 56: loss 0.8136, val_ap 0.5842, minutes 26.85, lr 1.00e-03
    epoch 57: loss 0.8188, val_ap 0.5928, minutes 27.33, lr 5.00e-04
    epoch 58: loss 0.8054, val_ap 0.5937, minutes 27.8, lr 5.00e-04
    epoch 59: loss 0.7906, val_ap 0.5932, minutes 28.28, lr 5.00e-04
    epoch 60: loss 0.7872, val_ap 0.5956, minutes 28.84, lr 5.00e-04
    epoch 61: loss 0.7881, val_ap 0.5975, minutes 29.3, lr 5.00e-04
    epoch 62: loss 0.7863, val_ap 0.5994, minutes 29.8, lr 5.00e-04
    epoch 63: loss 0.7790, val_ap 0.5975, minutes 30.3, lr 5.00e-04
    epoch 64: loss 0.7796, val_ap 0.6014, minutes 30.78, lr 5.00e-04
    epoch 65: loss 0.7785, val_ap 0.5986, minutes 31.27, lr 5.00e-04
    epoch 66: loss 0.7805, val_ap 0.5987, minutes 31.73, lr 5.00e-04
    epoch 67: loss 0.7750, val_ap 0.5959, minutes 32.19, lr 5.00e-04
    epoch 68: loss 0.7867, val_ap 0.5951, minutes 32.65, lr 5.00e-04
    epoch 69: loss 0.7780, val_ap 0.5916, minutes 33.11, lr 5.00e-04
    epoch 70: loss 0.7720, val_ap 0.5930, minutes 33.55, lr 5.00e-04
    epoch 71: loss 0.7691, val_ap 0.5965, minutes 34.02, lr 5.00e-04
    epoch 72: loss 0.7703, val_ap 0.6013, minutes 34.56, lr 5.00e-04
    epoch 73: loss 0.7635, val_ap 0.5984, minutes 35.0, lr 2.50e-04
    epoch 74: loss 0.7612, val_ap 0.6007, minutes 35.48, lr 2.50e-04
    epoch 75: loss 0.7638, val_ap 0.5993, minutes 35.98, lr 2.50e-04
    epoch 76: loss 0.7492, val_ap 0.5999, minutes 36.44, lr 2.50e-04
    epoch 77: loss 0.7537, val_ap 0.5981, minutes 36.92, lr 2.50e-04
    epoch 78: loss 0.7591, val_ap 0.5977, minutes 37.45, lr 2.50e-04
    epoch 79: loss 0.7526, val_ap 0.6003, minutes 37.94, lr 2.50e-04
    epoch 80: loss 0.7571, val_ap 0.5992, minutes 38.38, lr 2.50e-04
    epoch 81: loss 0.7476, val_ap 0.5993, minutes 38.85, lr 2.50e-04
    epoch 82: loss 0.7565, val_ap 0.5994, minutes 39.33, lr 1.25e-04
    epoch 83: loss 0.7558, val_ap 0.5997, minutes 39.81, lr 1.25e-04
    epoch 84: loss 0.7416, val_ap 0.5996, minutes 40.33, lr 1.25e-04
    epoch 85: loss 0.7470, val_ap 0.6004, minutes 40.83, lr 1.25e-04
    epoch 86: loss 0.7392, val_ap 0.5992, minutes 41.29, lr 1.25e-04
    epoch 87: loss 0.7287, val_ap 0.6009, minutes 41.83, lr 1.25e-04
    epoch 88: loss 0.7444, val_ap 0.6018, minutes 42.27, lr 1.25e-04
    epoch 89: loss 0.7389, val_ap 0.6011, minutes 42.79, lr 1.25e-04
    epoch 90: loss 0.7383, val_ap 0.5996, minutes 43.25, lr 1.25e-04
    epoch 91: loss 0.7393, val_ap 0.6025, minutes 43.71, lr 1.25e-04
    epoch 92: loss 0.7493, val_ap 0.6025, minutes 44.19, lr 1.25e-04
    epoch 93: loss 0.7345, val_ap 0.6030, minutes 44.69, lr 1.25e-04
    epoch 94: loss 0.7373, val_ap 0.6021, minutes 45.23, lr 1.25e-04
    epoch 95: loss 0.7342, val_ap 0.6018, minutes 45.73, lr 1.25e-04
    epoch 96: loss 0.7479, val_ap 0.6011, minutes 46.21, lr 1.25e-04
    epoch 97: loss 0.7360, val_ap 0.6013, minutes 46.73, lr 1.25e-04
    epoch 98: loss 0.7340, val_ap 0.6005, minutes 47.25, lr 1.25e-04
    epoch 99: loss 0.7381, val_ap 0.6013, minutes 47.77, lr 1.25e-04
    epoch 100: loss 0.7348, val_ap 0.6009, minutes 48.35, lr 1.25e-04
    epoch 101: loss 0.7261, val_ap 0.6010, minutes 48.86, lr 1.25e-04
    epoch 102: loss 0.7426, val_ap 0.6013, minutes 49.34, lr 6.25e-05
    epoch 103: loss 0.7349, val_ap 0.6032, minutes 49.85, lr 6.25e-05
    epoch 104: loss 0.7224, val_ap 0.6022, minutes 50.35, lr 6.25e-05
    epoch 105: loss 0.7234, val_ap 0.6038, minutes 50.86, lr 6.25e-05
    epoch 106: loss 0.7242, val_ap 0.6033, minutes 51.37, lr 6.25e-05
    epoch 107: loss 0.7251, val_ap 0.6032, minutes 51.91, lr 6.25e-05
    epoch 108: loss 0.7285, val_ap 0.6022, minutes 52.46, lr 6.25e-05
    epoch 109: loss 0.7152, val_ap 0.6025, minutes 52.97, lr 6.25e-05
    epoch 110: loss 0.7237, val_ap 0.6029, minutes 53.5, lr 6.25e-05
    epoch 111: loss 0.7361, val_ap 0.6048, minutes 54.0, lr 6.25e-05
    epoch 112: loss 0.7165, val_ap 0.6030, minutes 54.5, lr 6.25e-05
    epoch 113: loss 0.7230, val_ap 0.6049, minutes 55.03, lr 6.25e-05
    epoch 114: loss 0.7218, val_ap 0.6033, minutes 55.55, lr 6.25e-05
    epoch 115: loss 0.7227, val_ap 0.6036, minutes 56.08, lr 6.25e-05
    epoch 116: loss 0.7335, val_ap 0.6034, minutes 56.59, lr 6.25e-05
    epoch 117: loss 0.7409, val_ap 0.6033, minutes 57.1, lr 6.25e-05
    epoch 118: loss 0.7215, val_ap 0.6026, minutes 57.65, lr 6.25e-05
    epoch 119: loss 0.7226, val_ap 0.6026, minutes 58.16, lr 6.25e-05
    epoch 120: loss 0.7289, val_ap 0.6031, minutes 58.66, lr 6.25e-05
    epoch 121: loss 0.7146, val_ap 0.6031, minutes 59.15, lr 6.25e-05
    epoch 122: loss 0.7180, val_ap 0.6043, minutes 59.7, lr 3.13e-05
    epoch 123: loss 0.7242, val_ap 0.6048, minutes 60.22, lr 3.13e-05
    epoch 124: loss 0.7084, val_ap 0.6047, minutes 60.71, lr 3.13e-05
    epoch 125: loss 0.7318, val_ap 0.6043, minutes 61.21, lr 3.13e-05
    epoch 126: loss 0.7301, val_ap 0.6044, minutes 61.72, lr 3.13e-05
    epoch 127: loss 0.7109, val_ap 0.6034, minutes 62.23, lr 3.13e-05
    epoch 128: loss 0.7138, val_ap 0.6036, minutes 62.74, lr 3.13e-05
    epoch 129: loss 0.7161, val_ap 0.6026, minutes 63.3, lr 3.13e-05
    epoch 130: loss 0.7267, val_ap 0.6032, minutes 63.83, lr 3.13e-05
    epoch 131: loss 0.7224, val_ap 0.6034, minutes 64.34, lr 1.56e-05
    epoch 132: loss 0.7385, val_ap 0.6032, minutes 64.96, lr 1.56e-05
    epoch 133: loss 0.7276, val_ap 0.6035, minutes 65.49, lr 1.56e-05
    epoch 134: loss 0.7194, val_ap 0.6033, minutes 65.99, lr 1.56e-05
    epoch 135: loss 0.7193, val_ap 0.6035, minutes 66.56, lr 1.56e-05
    epoch 136: loss 0.7103, val_ap 0.6036, minutes 67.12, lr 1.56e-05
    epoch 137: loss 0.7301, val_ap 0.6032, minutes 67.65, lr 1.56e-05
    epoch 138: loss 0.7267, val_ap 0.6031, minutes 68.15, lr 1.56e-05
    stopping: no validation gain in 25 epochs
[scalar_msg dataset0 fold 1 seed 2] done (69.1 min)
