loaded: dataset0 121,838 sites, data1 90,452
[h2gcn_local_deep dataset0 fold 2]
    epoch 1: loss 1.1053, val_ap 0.3399, minutes 1.74, lr 3.33e-04
    epoch 2: loss 0.8776, val_ap 0.3478, minutes 3.46, lr 6.63e-04
    epoch 3: loss 0.8279, val_ap 0.4790, minutes 5.24, lr 9.92e-04
    epoch 4: loss 0.7300, val_ap 0.4485, minutes 6.94, lr 1.00e-03
    epoch 5: loss 0.6878, val_ap 0.4888, minutes 8.81, lr 1.00e-03
    epoch 6: loss 0.6620, val_ap 0.5327, minutes 10.47, lr 1.00e-03
    epoch 7: loss 0.6619, val_ap 0.5025, minutes 12.27, lr 1.00e-03
    epoch 8: loss 0.6524, val_ap 0.5050, minutes 13.97, lr 1.00e-03
    epoch 9: loss 0.7219, val_ap 0.4897, minutes 15.69, lr 1.00e-03
    epoch 10: loss 0.6715, val_ap 0.5287, minutes 17.45, lr 1.00e-03
    epoch 11: loss 0.6378, val_ap 0.4935, minutes 19.18, lr 1.00e-03
    epoch 12: loss 0.6724, val_ap 0.5112, minutes 20.95, lr 1.00e-03
    epoch 13: loss 0.6207, val_ap 0.5247, minutes 22.65, lr 1.00e-03
    epoch 14: loss 0.6519, val_ap 0.5144, minutes 24.38, lr 1.00e-03
    epoch 15: loss 0.6020, val_ap 0.5337, minutes 26.11, lr 1.00e-03
    epoch 16: loss 0.6033, val_ap 0.5120, minutes 27.84, lr 1.00e-03
    epoch 17: loss 0.5926, val_ap 0.5481, minutes 29.54, lr 1.00e-03
    epoch 18: loss 0.5838, val_ap 0.5459, minutes 31.27, lr 1.00e-03
    epoch 19: loss 0.5828, val_ap 0.5346, minutes 33.0, lr 1.00e-03
    epoch 20: loss 0.5826, val_ap 0.5474, minutes 34.69, lr 1.00e-03
    epoch 21: loss 0.5813, val_ap 0.5496, minutes 36.48, lr 1.00e-03
    epoch 22: loss 0.5712, val_ap 0.5571, minutes 38.16, lr 1.00e-03
    epoch 23: loss 0.5826, val_ap 0.5478, minutes 39.91, lr 1.00e-03
    epoch 24: loss 0.5654, val_ap 0.5605, minutes 41.67, lr 1.00e-03
    epoch 25: loss 0.5687, val_ap 0.5607, minutes 43.36, lr 1.00e-03
    epoch 26: loss 0.5581, val_ap 0.5356, minutes 45.08, lr 1.00e-03
    epoch 27: loss 0.6764, val_ap 0.5396, minutes 46.76, lr 1.00e-03
    epoch 28: loss 0.5766, val_ap 0.5422, minutes 48.49, lr 1.00e-03
    epoch 29: loss 0.5626, val_ap 0.5211, minutes 50.1, lr 1.00e-03
    epoch 30: loss 0.5482, val_ap 0.5564, minutes 51.79, lr 1.00e-03
    epoch 31: loss 0.6056, val_ap 0.5539, minutes 53.51, lr 1.00e-03
    epoch 32: loss 0.6246, val_ap 0.5251, minutes 55.25, lr 1.00e-03
    epoch 33: loss 0.5657, val_ap 0.5406, minutes 56.99, lr 1.00e-03
    epoch 34: loss 0.5718, val_ap 0.5559, minutes 58.66, lr 5.00e-04
    epoch 35: loss 0.5190, val_ap 0.5609, minutes 60.35, lr 5.00e-04
    epoch 36: loss 0.5228, val_ap 0.5645, minutes 62.06, lr 5.00e-04
    epoch 37: loss 0.5157, val_ap 0.5543, minutes 63.77, lr 5.00e-04
    epoch 38: loss 0.5036, val_ap 0.5681, minutes 65.5, lr 5.00e-04
    epoch 39: loss 0.4986, val_ap 0.5687, minutes 67.21, lr 5.00e-04
    epoch 40: loss 0.4853, val_ap 0.5639, minutes 68.9, lr 5.00e-04
    epoch 41: loss 0.5019, val_ap 0.5645, minutes 70.6, lr 5.00e-04
    epoch 42: loss 0.4918, val_ap 0.5615, minutes 72.29, lr 5.00e-04
    epoch 43: loss 0.4926, val_ap 0.5615, minutes 74.04, lr 5.00e-04
    epoch 44: loss 0.4950, val_ap 0.5649, minutes 75.75, lr 5.00e-04
    epoch 45: loss 0.4959, val_ap 0.5623, minutes 77.47, lr 5.00e-04
    epoch 46: loss 0.4784, val_ap 0.5602, minutes 79.17, lr 5.00e-04
    epoch 47: loss 0.4856, val_ap 0.5644, minutes 80.89, lr 5.00e-04
    epoch 48: loss 0.4783, val_ap 0.5742, minutes 82.62, lr 5.00e-04
    epoch 49: loss 0.4855, val_ap 0.5725, minutes 84.34, lr 5.00e-04
    epoch 50: loss 0.4693, val_ap 0.5651, minutes 86.08, lr 5.00e-04
    epoch 51: loss 0.4703, val_ap 0.5549, minutes 87.79, lr 5.00e-04
    epoch 52: loss 0.4597, val_ap 0.5386, minutes 89.48, lr 5.00e-04
    epoch 53: loss 0.4777, val_ap 0.5371, minutes 91.2, lr 5.00e-04
    epoch 54: loss 0.4660, val_ap 0.5682, minutes 92.91, lr 5.00e-04
    epoch 55: loss 0.4705, val_ap 0.5741, minutes 94.63, lr 5.00e-04
    epoch 56: loss 0.4769, val_ap 0.5637, minutes 96.36, lr 5.00e-04
    epoch 57: loss 0.4583, val_ap 0.5616, minutes 98.02, lr 2.50e-04
    epoch 58: loss 0.4410, val_ap 0.5716, minutes 99.57, lr 2.50e-04
    epoch 59: loss 0.4214, val_ap 0.5601, minutes 101.18, lr 2.50e-04
    epoch 60: loss 0.4287, val_ap 0.5650, minutes 102.77, lr 2.50e-04
    epoch 61: loss 0.4245, val_ap 0.5692, minutes 104.34, lr 2.50e-04
    epoch 62: loss 0.4185, val_ap 0.5512, minutes 105.91, lr 2.50e-04
    epoch 63: loss 0.4178, val_ap 0.5471, minutes 107.42, lr 2.50e-04
    epoch 64: loss 0.4136, val_ap 0.5609, minutes 108.93, lr 2.50e-04
    epoch 65: loss 0.4221, val_ap 0.5676, minutes 110.54, lr 2.50e-04
    epoch 66: loss 0.4071, val_ap 0.5618, minutes 112.02, lr 1.25e-04
    epoch 67: loss 0.3972, val_ap 0.5605, minutes 113.6, lr 1.25e-04
    epoch 68: loss 0.4009, val_ap 0.5590, minutes 115.09, lr 1.25e-04
    epoch 69: loss 0.3940, val_ap 0.5667, minutes 116.49, lr 1.25e-04
    epoch 70: loss 0.3939, val_ap 0.5612, minutes 117.95, lr 1.25e-04
    epoch 71: loss 0.3810, val_ap 0.5613, minutes 119.33, lr 1.25e-04
    epoch 72: loss 0.3899, val_ap 0.5562, minutes 120.84, lr 1.25e-04
    epoch 73: loss 0.3833, val_ap 0.5657, minutes 122.34, lr 1.25e-04
    stopping: no validation gain in 25 epochs
[h2gcn_local_deep dataset0 fold 2] done (124.4 min)
