loaded: dataset0 121,838 sites, data1 90,452
[fk_kernel pooled_both fold 1 seed 2]
    kernel decay scale 114.6 nt (fitted to cell line 1 training labels)
    epoch 1: loss 1.8928, val_ap 0.1724, minutes 0.92, lr 3.31e-04
    epoch 2: loss 1.5720, val_ap 0.3054, minutes 1.78, lr 6.60e-04
    epoch 3: loss 1.3804, val_ap 0.4238, minutes 2.62, lr 9.89e-04
    epoch 4: loss 1.2970, val_ap 0.4292, minutes 3.56, lr 1.00e-03
    epoch 5: loss 1.2694, val_ap 0.4531, minutes 4.41, lr 1.00e-03
    epoch 6: loss 1.2339, val_ap 0.4611, minutes 5.33, lr 1.00e-03
    epoch 7: loss 1.2284, val_ap 0.4713, minutes 6.2, lr 1.00e-03
    epoch 8: loss 1.2189, val_ap 0.4737, minutes 7.07, lr 1.00e-03
    epoch 9: loss 1.2031, val_ap 0.4766, minutes 7.91, lr 1.00e-03
    epoch 10: loss 1.2040, val_ap 0.4864, minutes 8.78, lr 1.00e-03
    epoch 11: loss 1.1939, val_ap 0.4841, minutes 9.65, lr 1.00e-03
    epoch 12: loss 1.1817, val_ap 0.4878, minutes 10.47, lr 1.00e-03
    epoch 13: loss 1.1981, val_ap 0.4874, minutes 11.33, lr 1.00e-03
    epoch 14: loss 1.1876, val_ap 0.4892, minutes 12.17, lr 1.00e-03
    epoch 15: loss 1.1755, val_ap 0.4855, minutes 13.01, lr 1.00e-03
    epoch 16: loss 1.1642, val_ap 0.4934, minutes 13.88, lr 1.00e-03
    epoch 17: loss 1.1722, val_ap 0.4917, minutes 14.73, lr 1.00e-03
    epoch 18: loss 1.1645, val_ap 0.4976, minutes 15.57, lr 1.00e-03
    epoch 19: loss 1.1566, val_ap 0.4943, minutes 16.42, lr 1.00e-03
    epoch 20: loss 1.1504, val_ap 0.4970, minutes 17.25, lr 1.00e-03
    epoch 21: loss 1.1495, val_ap 0.5000, minutes 18.09, lr 1.00e-03
    epoch 22: loss 1.1427, val_ap 0.4975, minutes 18.95, lr 1.00e-03
    epoch 23: loss 1.1456, val_ap 0.4991, minutes 19.9, lr 1.00e-03
    epoch 24: loss 1.1373, val_ap 0.4979, minutes 20.81, lr 1.00e-03
    epoch 25: loss 1.1330, val_ap 0.5006, minutes 21.68, lr 1.00e-03
    epoch 26: loss 1.1277, val_ap 0.4981, minutes 22.52, lr 1.00e-03
    epoch 27: loss 1.1261, val_ap 0.5023, minutes 23.38, lr 1.00e-03
    epoch 28: loss 1.1213, val_ap 0.4978, minutes 24.19, lr 1.00e-03
    epoch 29: loss 1.1131, val_ap 0.5012, minutes 24.99, lr 1.00e-03
    epoch 30: loss 1.1103, val_ap 0.5017, minutes 25.77, lr 1.00e-03
    epoch 31: loss 1.1181, val_ap 0.5012, minutes 26.53, lr 1.00e-03
    epoch 32: loss 1.1131, val_ap 0.5001, minutes 27.31, lr 1.00e-03
    epoch 33: loss 1.1131, val_ap 0.5008, minutes 28.13, lr 1.00e-03
    epoch 34: loss 1.1014, val_ap 0.5017, minutes 28.88, lr 1.00e-03
    epoch 35: loss 1.1008, val_ap 0.5021, minutes 29.67, lr 1.00e-03
    epoch 36: loss 1.0983, val_ap 0.4972, minutes 30.49, lr 5.00e-04
    epoch 37: loss 1.0767, val_ap 0.5003, minutes 31.25, lr 5.00e-04
    epoch 38: loss 1.0745, val_ap 0.5045, minutes 32.05, lr 5.00e-04
    epoch 39: loss 1.0675, val_ap 0.4993, minutes 32.91, lr 5.00e-04
    epoch 40: loss 1.0705, val_ap 0.5051, minutes 33.77, lr 5.00e-04
    epoch 41: loss 1.0617, val_ap 0.5036, minutes 34.63, lr 5.00e-04
    epoch 42: loss 1.0598, val_ap 0.5077, minutes 35.35, lr 5.00e-04
    epoch 43: loss 1.0634, val_ap 0.5052, minutes 36.2, lr 5.00e-04
    epoch 44: loss 1.0526, val_ap 0.5020, minutes 37.03, lr 5.00e-04
    epoch 45: loss 1.0580, val_ap 0.5014, minutes 37.89, lr 5.00e-04
    epoch 46: loss 1.0541, val_ap 0.5036, minutes 38.73, lr 5.00e-04
    epoch 47: loss 1.0448, val_ap 0.5058, minutes 39.56, lr 5.00e-04
    epoch 48: loss 1.0522, val_ap 0.5028, minutes 40.43, lr 5.00e-04
    epoch 49: loss 1.0559, val_ap 0.5044, minutes 41.27, lr 5.00e-04
    epoch 50: loss 1.0458, val_ap 0.4980, minutes 42.09, lr 5.00e-04
    epoch 51: loss 1.0350, val_ap 0.5029, minutes 42.97, lr 2.50e-04
    epoch 52: loss 1.0331, val_ap 0.5025, minutes 43.86, lr 2.50e-04
    epoch 53: loss 1.0301, val_ap 0.5047, minutes 44.67, lr 2.50e-04
    epoch 54: loss 1.0276, val_ap 0.5019, minutes 45.55, lr 2.50e-04
    epoch 55: loss 1.0243, val_ap 0.5014, minutes 46.4, lr 2.50e-04
    epoch 56: loss 1.0204, val_ap 0.5028, minutes 47.32, lr 2.50e-04
    epoch 57: loss 1.0169, val_ap 0.5008, minutes 48.2, lr 2.50e-04
    epoch 58: loss 1.0234, val_ap 0.5005, minutes 49.05, lr 2.50e-04
    epoch 59: loss 1.0229, val_ap 0.5019, minutes 49.87, lr 2.50e-04
    epoch 60: loss 1.0152, val_ap 0.4976, minutes 50.75, lr 1.25e-04
    epoch 61: loss 1.0029, val_ap 0.4993, minutes 51.59, lr 1.25e-04
    epoch 62: loss 0.9980, val_ap 0.4992, minutes 52.42, lr 1.25e-04
    epoch 63: loss 1.0107, val_ap 0.5005, minutes 53.29, lr 1.25e-04
    epoch 64: loss 1.0045, val_ap 0.4995, minutes 54.17, lr 1.25e-04
    epoch 65: loss 1.0045, val_ap 0.4968, minutes 54.95, lr 1.25e-04
    epoch 66: loss 1.0053, val_ap 0.5003, minutes 55.81, lr 1.25e-04
    epoch 67: loss 1.0014, val_ap 0.4981, minutes 56.63, lr 1.25e-04
    stopping: no validation gain in 25 epochs
[fk_kernel pooled_both fold 1 seed 2] done (57.4 min)
