loaded: dataset0 121,838 sites, data1 90,452
[res_gate dataset0 fold 2]
    kernel decay scale 108.1 nt (fitted to cell line 1 training labels)
    epoch 1: loss 1.9620, val_ap 0.1822, minutes 0.64, lr 3.33e-04
    epoch 2: loss 1.6332, val_ap 0.2844, minutes 1.28, lr 6.63e-04
    epoch 3: loss 1.3724, val_ap 0.4173, minutes 1.93, lr 9.92e-04
    epoch 4: loss 1.2428, val_ap 0.4774, minutes 2.6, lr 1.00e-03
    epoch 5: loss 1.1602, val_ap 0.5138, minutes 3.22, lr 1.00e-03
    epoch 6: loss 1.1065, val_ap 0.5384, minutes 3.84, lr 1.00e-03
    epoch 7: loss 1.0695, val_ap 0.5494, minutes 4.48, lr 1.00e-03
    epoch 8: loss 1.0795, val_ap 0.5461, minutes 5.11, lr 1.00e-03
    epoch 9: loss 1.0338, val_ap 0.5621, minutes 5.73, lr 1.00e-03
    epoch 10: loss 1.0236, val_ap 0.5674, minutes 6.36, lr 1.00e-03
    epoch 11: loss 1.0063, val_ap 0.5561, minutes 6.99, lr 1.00e-03
    epoch 12: loss 0.9840, val_ap 0.5622, minutes 7.62, lr 1.00e-03
    epoch 13: loss 0.9611, val_ap 0.5657, minutes 8.25, lr 1.00e-03
    epoch 14: loss 0.9809, val_ap 0.5679, minutes 8.87, lr 1.00e-03
    epoch 15: loss 0.9413, val_ap 0.5737, minutes 9.5, lr 1.00e-03
    epoch 16: loss 0.9483, val_ap 0.5834, minutes 10.12, lr 1.00e-03
    epoch 17: loss 0.9478, val_ap 0.5888, minutes 10.75, lr 1.00e-03
    epoch 18: loss 0.9437, val_ap 0.5782, minutes 11.39, lr 1.00e-03
    epoch 19: loss 0.9348, val_ap 0.5870, minutes 12.04, lr 1.00e-03
    epoch 20: loss 0.9313, val_ap 0.5833, minutes 12.66, lr 1.00e-03
    epoch 21: loss 0.9366, val_ap 0.5706, minutes 13.31, lr 1.00e-03
    epoch 22: loss 0.9192, val_ap 0.5790, minutes 13.96, lr 1.00e-03
    epoch 23: loss 0.9238, val_ap 0.5849, minutes 14.6, lr 1.00e-03
    epoch 24: loss 0.9087, val_ap 0.5938, minutes 15.24, lr 1.00e-03
    epoch 25: loss 0.9085, val_ap 0.5884, minutes 15.89, lr 1.00e-03
    epoch 26: loss 0.9351, val_ap 0.5679, minutes 16.53, lr 1.00e-03
    epoch 27: loss 1.1184, val_ap 0.5678, minutes 17.19, lr 1.00e-03
    epoch 28: loss 0.9339, val_ap 0.5797, minutes 17.81, lr 1.00e-03
    epoch 29: loss 0.8906, val_ap 0.5730, minutes 18.45, lr 1.00e-03
    epoch 30: loss 0.8799, val_ap 0.5790, minutes 19.09, lr 1.00e-03
    epoch 31: loss 0.9391, val_ap 0.5797, minutes 19.71, lr 1.00e-03
    epoch 32: loss 0.9202, val_ap 0.5851, minutes 20.31, lr 1.00e-03
    epoch 33: loss 0.9034, val_ap 0.5806, minutes 20.94, lr 5.00e-04
    epoch 34: loss 0.8730, val_ap 0.5896, minutes 21.55, lr 5.00e-04
    epoch 35: loss 0.8641, val_ap 0.5880, minutes 22.23, lr 5.00e-04
    epoch 36: loss 0.8728, val_ap 0.5884, minutes 22.84, lr 5.00e-04
    epoch 37: loss 0.8704, val_ap 0.5866, minutes 23.47, lr 5.00e-04
    epoch 38: loss 0.8638, val_ap 0.5871, minutes 24.09, lr 5.00e-04
    epoch 39: loss 0.8670, val_ap 0.5934, minutes 24.7, lr 5.00e-04
    epoch 40: loss 0.8432, val_ap 0.5911, minutes 25.36, lr 5.00e-04
    epoch 41: loss 0.8568, val_ap 0.5909, minutes 25.98, lr 5.00e-04
    epoch 42: loss 0.8574, val_ap 0.5895, minutes 26.63, lr 2.50e-04
    epoch 43: loss 0.8630, val_ap 0.5924, minutes 27.29, lr 2.50e-04
    epoch 44: loss 0.8508, val_ap 0.5951, minutes 27.94, lr 2.50e-04
    epoch 45: loss 0.8383, val_ap 0.5959, minutes 28.58, lr 2.50e-04
    epoch 46: loss 0.8478, val_ap 0.5937, minutes 29.22, lr 2.50e-04
    epoch 47: loss 0.8507, val_ap 0.5974, minutes 29.83, lr 2.50e-04
    epoch 48: loss 0.8414, val_ap 0.5969, minutes 30.48, lr 2.50e-04
    epoch 49: loss 0.8615, val_ap 0.5958, minutes 31.17, lr 2.50e-04
    epoch 50: loss 0.8398, val_ap 0.5987, minutes 31.81, lr 2.50e-04
    epoch 51: loss 0.8420, val_ap 0.5966, minutes 32.42, lr 2.50e-04
    epoch 52: loss 0.8473, val_ap 0.5981, minutes 33.04, lr 2.50e-04
    epoch 53: loss 0.8465, val_ap 0.5971, minutes 33.68, lr 2.50e-04
    epoch 54: loss 0.8312, val_ap 0.5983, minutes 34.31, lr 2.50e-04
    epoch 55: loss 0.8433, val_ap 0.6000, minutes 34.92, lr 2.50e-04
    epoch 56: loss 0.8420, val_ap 0.5996, minutes 35.57, lr 2.50e-04
    epoch 57: loss 0.8372, val_ap 0.5999, minutes 36.2, lr 2.50e-04
    epoch 58: loss 0.8318, val_ap 0.6022, minutes 36.8, lr 2.50e-04
    epoch 59: loss 0.8335, val_ap 0.6004, minutes 37.45, lr 2.50e-04
    epoch 60: loss 0.8315, val_ap 0.6029, minutes 38.08, lr 2.50e-04
    epoch 61: loss 0.8361, val_ap 0.6029, minutes 38.7, lr 2.50e-04
    epoch 62: loss 0.8318, val_ap 0.6008, minutes 39.33, lr 2.50e-04
    epoch 63: loss 0.8321, val_ap 0.6017, minutes 39.94, lr 2.50e-04
    epoch 64: loss 0.8255, val_ap 0.6069, minutes 40.56, lr 2.50e-04
    epoch 65: loss 0.8381, val_ap 0.6053, minutes 41.18, lr 2.50e-04
    epoch 66: loss 0.8202, val_ap 0.6052, minutes 41.8, lr 2.50e-04
    epoch 67: loss 0.8137, val_ap 0.6061, minutes 42.44, lr 2.50e-04
    epoch 68: loss 0.8226, val_ap 0.6065, minutes 43.06, lr 2.50e-04
    epoch 69: loss 0.8253, val_ap 0.6085, minutes 43.69, lr 2.50e-04
    epoch 70: loss 0.8242, val_ap 0.6108, minutes 44.31, lr 2.50e-04
    epoch 71: loss 0.8326, val_ap 0.6091, minutes 44.97, lr 2.50e-04
    epoch 72: loss 0.8180, val_ap 0.6093, minutes 45.6, lr 2.50e-04
    epoch 73: loss 0.8168, val_ap 0.6087, minutes 46.22, lr 2.50e-04
    epoch 74: loss 0.8286, val_ap 0.6114, minutes 46.85, lr 2.50e-04
    epoch 75: loss 0.8290, val_ap 0.6114, minutes 47.5, lr 2.50e-04
    epoch 76: loss 0.8175, val_ap 0.6128, minutes 48.13, lr 2.50e-04
    epoch 77: loss 0.8268, val_ap 0.6134, minutes 48.75, lr 2.50e-04
    epoch 78: loss 0.8116, val_ap 0.6125, minutes 49.3, lr 2.50e-04
    epoch 79: loss 0.8096, val_ap 0.6133, minutes 49.78, lr 2.50e-04
    epoch 80: loss 0.8041, val_ap 0.6138, minutes 50.29, lr 2.50e-04
    epoch 81: loss 0.7989, val_ap 0.6144, minutes 50.79, lr 2.50e-04
    epoch 82: loss 0.8149, val_ap 0.6117, minutes 51.29, lr 2.50e-04
    epoch 83: loss 0.8250, val_ap 0.6147, minutes 51.82, lr 2.50e-04
    epoch 84: loss 0.8073, val_ap 0.6158, minutes 52.32, lr 2.50e-04
    epoch 85: loss 0.8242, val_ap 0.6111, minutes 52.81, lr 2.50e-04
    epoch 86: loss 0.8160, val_ap 0.6150, minutes 53.29, lr 2.50e-04
    epoch 87: loss 0.8105, val_ap 0.6130, minutes 53.79, lr 2.50e-04
    epoch 88: loss 0.8051, val_ap 0.6113, minutes 54.32, lr 2.50e-04
    epoch 89: loss 0.8235, val_ap 0.6114, minutes 54.82, lr 2.50e-04
    epoch 90: loss 0.8068, val_ap 0.6131, minutes 55.33, lr 2.50e-04
    epoch 91: loss 0.8025, val_ap 0.6131, minutes 55.8, lr 2.50e-04
    epoch 92: loss 0.8020, val_ap 0.6153, minutes 56.3, lr 2.50e-04
    epoch 93: loss 0.8019, val_ap 0.6161, minutes 56.82, lr 2.50e-04
    epoch 94: loss 0.7993, val_ap 0.6148, minutes 57.31, lr 2.50e-04
    epoch 95: loss 0.7946, val_ap 0.6165, minutes 57.82, lr 2.50e-04
    epoch 96: loss 0.7958, val_ap 0.6188, minutes 58.4, lr 2.50e-04
    epoch 97: loss 0.7927, val_ap 0.6168, minutes 58.95, lr 2.50e-04
    epoch 98: loss 0.8060, val_ap 0.6206, minutes 59.45, lr 2.50e-04
    epoch 99: loss 0.7920, val_ap 0.6162, minutes 60.0, lr 2.50e-04
    epoch 100: loss 0.8254, val_ap 0.6182, minutes 60.51, lr 2.50e-04
    epoch 101: loss 0.7901, val_ap 0.6190, minutes 61.02, lr 2.50e-04
    epoch 102: loss 0.7953, val_ap 0.6214, minutes 61.52, lr 2.50e-04
    epoch 103: loss 0.7832, val_ap 0.6196, minutes 62.01, lr 2.50e-04
    epoch 104: loss 0.8022, val_ap 0.6195, minutes 62.51, lr 2.50e-04
    epoch 105: loss 0.7901, val_ap 0.6209, minutes 63.01, lr 2.50e-04
    epoch 106: loss 0.8000, val_ap 0.6180, minutes 63.52, lr 2.50e-04
    epoch 107: loss 0.7816, val_ap 0.6187, minutes 64.08, lr 2.50e-04
    epoch 108: loss 0.7840, val_ap 0.6198, minutes 64.57, lr 2.50e-04
    epoch 109: loss 0.7787, val_ap 0.6242, minutes 65.07, lr 2.50e-04
    epoch 110: loss 0.7857, val_ap 0.6194, minutes 65.63, lr 2.50e-04
    epoch 111: loss 0.7919, val_ap 0.6199, minutes 66.16, lr 2.50e-04
    epoch 112: loss 0.7754, val_ap 0.6230, minutes 66.68, lr 2.50e-04
    epoch 113: loss 0.7933, val_ap 0.6217, minutes 67.19, lr 2.50e-04
    epoch 114: loss 0.7843, val_ap 0.6205, minutes 67.71, lr 2.50e-04
    epoch 115: loss 0.7910, val_ap 0.6219, minutes 68.23, lr 2.50e-04
    epoch 116: loss 0.7784, val_ap 0.6207, minutes 68.72, lr 2.50e-04
    epoch 117: loss 0.7849, val_ap 0.6207, minutes 69.24, lr 2.50e-04
    epoch 118: loss 0.7966, val_ap 0.6226, minutes 69.77, lr 1.25e-04
    epoch 119: loss 0.7840, val_ap 0.6220, minutes 70.27, lr 1.25e-04
    epoch 120: loss 0.7729, val_ap 0.6249, minutes 70.81, lr 1.25e-04
    epoch 121: loss 0.7606, val_ap 0.6235, minutes 71.3, lr 1.25e-04
    epoch 122: loss 0.7748, val_ap 0.6218, minutes 71.84, lr 1.25e-04
    epoch 123: loss 0.7732, val_ap 0.6237, minutes 72.34, lr 1.25e-04
    epoch 124: loss 0.7699, val_ap 0.6236, minutes 72.87, lr 1.25e-04
    epoch 125: loss 0.7709, val_ap 0.6250, minutes 73.38, lr 1.25e-04
    epoch 126: loss 0.7701, val_ap 0.6226, minutes 73.92, lr 1.25e-04
    epoch 127: loss 0.7712, val_ap 0.6247, minutes 74.43, lr 1.25e-04
    epoch 128: loss 0.7643, val_ap 0.6247, minutes 74.94, lr 1.25e-04
    epoch 129: loss 0.7836, val_ap 0.6243, minutes 75.48, lr 6.25e-05
    epoch 130: loss 0.7600, val_ap 0.6234, minutes 76.01, lr 6.25e-05
    epoch 131: loss 0.7703, val_ap 0.6243, minutes 76.5, lr 6.25e-05
    epoch 132: loss 0.7642, val_ap 0.6256, minutes 77.05, lr 6.25e-05
    epoch 133: loss 0.7602, val_ap 0.6247, minutes 77.58, lr 6.25e-05
    epoch 134: loss 0.7624, val_ap 0.6240, minutes 78.13, lr 6.25e-05
    epoch 135: loss 0.7555, val_ap 0.6237, minutes 78.66, lr 6.25e-05
    epoch 136: loss 0.7721, val_ap 0.6252, minutes 79.19, lr 6.25e-05
    epoch 137: loss 0.7460, val_ap 0.6248, minutes 79.72, lr 6.25e-05
    epoch 138: loss 0.7793, val_ap 0.6256, minutes 80.28, lr 6.25e-05
    epoch 139: loss 0.7794, val_ap 0.6237, minutes 80.87, lr 6.25e-05
    epoch 140: loss 0.7714, val_ap 0.6249, minutes 81.41, lr 6.25e-05
    epoch 141: loss 0.7879, val_ap 0.6230, minutes 81.94, lr 3.13e-05
    epoch 142: loss 0.7611, val_ap 0.6232, minutes 82.43, lr 3.13e-05
    epoch 143: loss 0.7654, val_ap 0.6239, minutes 82.98, lr 3.13e-05
    epoch 144: loss 0.7865, val_ap 0.6233, minutes 83.56, lr 3.13e-05
    epoch 145: loss 0.7719, val_ap 0.6233, minutes 84.08, lr 3.13e-05
    epoch 146: loss 0.7713, val_ap 0.6236, minutes 84.7, lr 3.13e-05
    epoch 147: loss 0.7619, val_ap 0.6248, minutes 85.22, lr 3.13e-05
    epoch 148: loss 0.7550, val_ap 0.6245, minutes 85.76, lr 3.13e-05
    epoch 149: loss 0.7611, val_ap 0.6252, minutes 86.31, lr 3.13e-05
    epoch 150: loss 0.7627, val_ap 0.6246, minutes 86.88, lr 1.56e-05
    epoch 151: loss 0.7662, val_ap 0.6237, minutes 87.45, lr 1.56e-05
    epoch 152: loss 0.7482, val_ap 0.6245, minutes 88.01, lr 1.56e-05
    epoch 153: loss 0.7615, val_ap 0.6248, minutes 88.56, lr 1.56e-05
    epoch 154: loss 0.7542, val_ap 0.6242, minutes 89.14, lr 1.56e-05
    epoch 155: loss 0.7511, val_ap 0.6243, minutes 89.65, lr 1.56e-05
    epoch 156: loss 0.7475, val_ap 0.6246, minutes 90.16, lr 1.56e-05
    epoch 157: loss 0.7493, val_ap 0.6243, minutes 90.69, lr 1.56e-05
    epoch 158: loss 0.7655, val_ap 0.6247, minutes 91.22, lr 1.56e-05
    epoch 159: loss 0.7642, val_ap 0.6235, minutes 91.78, lr 7.81e-06
    epoch 160: loss 0.7520, val_ap 0.6243, minutes 92.33, lr 7.81e-06
    epoch 161: loss 0.7690, val_ap 0.6246, minutes 92.94, lr 7.81e-06
    epoch 162: loss 0.7598, val_ap 0.6252, minutes 93.51, lr 7.81e-06
    epoch 163: loss 0.7539, val_ap 0.6245, minutes 94.07, lr 7.81e-06
    stopping: no validation gain in 25 epochs
[res_gate dataset0 fold 2] done (94.9 min)
