loaded: dataset0 121,838 sites, data1 90,452
[h2gcn_aux dataset0 fold 4 seed 2]
    epoch 1: loss 1.9657, val_ap 0.1431, minutes 0.51, lr 3.33e-04
    epoch 2: loss 1.6226, val_ap 0.1995, minutes 0.98, lr 6.63e-04
    epoch 3: loss 1.3780, val_ap 0.3479, minutes 1.48, lr 9.92e-04
    epoch 4: loss 1.2170, val_ap 0.4246, minutes 1.99, lr 1.00e-03
    epoch 5: loss 1.1606, val_ap 0.4512, minutes 2.52, lr 1.00e-03
    epoch 6: loss 1.1402, val_ap 0.4649, minutes 3.03, lr 1.00e-03
    epoch 7: loss 1.0763, val_ap 0.4685, minutes 3.55, lr 1.00e-03
    epoch 8: loss 1.0883, val_ap 0.4829, minutes 4.08, lr 1.00e-03
    epoch 9: loss 1.0491, val_ap 0.4873, minutes 4.59, lr 1.00e-03
    epoch 10: loss 1.0224, val_ap 0.4879, minutes 5.11, lr 1.00e-03
    epoch 11: loss 1.0194, val_ap 0.4843, minutes 5.63, lr 1.00e-03
    epoch 12: loss 0.9991, val_ap 0.4997, minutes 6.11, lr 1.00e-03
    epoch 13: loss 0.9829, val_ap 0.5000, minutes 6.61, lr 1.00e-03
    epoch 14: loss 0.9811, val_ap 0.4995, minutes 7.14, lr 1.00e-03
    epoch 15: loss 0.9586, val_ap 0.4943, minutes 7.61, lr 1.00e-03
    epoch 16: loss 0.9715, val_ap 0.4928, minutes 8.1, lr 1.00e-03
    epoch 17: loss 0.9576, val_ap 0.4912, minutes 8.61, lr 1.00e-03
    epoch 18: loss 0.9446, val_ap 0.5060, minutes 9.04, lr 1.00e-03
    epoch 19: loss 0.9560, val_ap 0.5028, minutes 9.63, lr 1.00e-03
    epoch 20: loss 0.9546, val_ap 0.5010, minutes 10.15, lr 1.00e-03
    epoch 21: loss 0.9282, val_ap 0.5004, minutes 10.62, lr 1.00e-03
    epoch 22: loss 0.9632, val_ap 0.5216, minutes 11.15, lr 1.00e-03
    epoch 23: loss 0.9219, val_ap 0.5109, minutes 11.62, lr 1.00e-03
    epoch 24: loss 0.9321, val_ap 0.5248, minutes 12.18, lr 1.00e-03
    epoch 25: loss 0.9235, val_ap 0.5287, minutes 12.67, lr 1.00e-03
    epoch 26: loss 0.9116, val_ap 0.5188, minutes 13.2, lr 1.00e-03
    epoch 27: loss 0.9142, val_ap 0.5213, minutes 13.69, lr 1.00e-03
    epoch 28: loss 0.9088, val_ap 0.5221, minutes 14.2, lr 1.00e-03
    epoch 29: loss 0.9042, val_ap 0.5298, minutes 14.74, lr 1.00e-03
    epoch 30: loss 0.8991, val_ap 0.5288, minutes 15.23, lr 1.00e-03
    epoch 31: loss 0.8900, val_ap 0.5272, minutes 15.72, lr 1.00e-03
    epoch 32: loss 0.9011, val_ap 0.5336, minutes 16.27, lr 1.00e-03
    epoch 33: loss 0.8742, val_ap 0.5199, minutes 16.77, lr 1.00e-03
    epoch 34: loss 0.8747, val_ap 0.5345, minutes 17.32, lr 1.00e-03
    epoch 35: loss 0.8847, val_ap 0.5322, minutes 17.82, lr 1.00e-03
    epoch 36: loss 0.8841, val_ap 0.5307, minutes 18.32, lr 1.00e-03
    epoch 37: loss 0.8762, val_ap 0.5337, minutes 18.89, lr 1.00e-03
    epoch 38: loss 0.8480, val_ap 0.5408, minutes 19.4, lr 1.00e-03
    epoch 39: loss 0.8891, val_ap 0.5455, minutes 19.86, lr 1.00e-03
    epoch 40: loss 0.8681, val_ap 0.5466, minutes 20.36, lr 1.00e-03
    epoch 41: loss 0.8591, val_ap 0.5479, minutes 20.88, lr 1.00e-03
    epoch 42: loss 0.8559, val_ap 0.5509, minutes 21.4, lr 1.00e-03
    epoch 43: loss 0.8601, val_ap 0.5426, minutes 21.91, lr 1.00e-03
    epoch 44: loss 0.8434, val_ap 0.5450, minutes 22.43, lr 1.00e-03
    epoch 45: loss 0.8468, val_ap 0.5484, minutes 22.96, lr 1.00e-03
    epoch 46: loss 0.8323, val_ap 0.5554, minutes 23.46, lr 1.00e-03
    epoch 47: loss 0.8515, val_ap 0.5580, minutes 24.01, lr 1.00e-03
    epoch 48: loss 0.8531, val_ap 0.5537, minutes 24.52, lr 1.00e-03
    epoch 49: loss 0.8283, val_ap 0.5555, minutes 25.03, lr 1.00e-03
    epoch 50: loss 0.8358, val_ap 0.5531, minutes 25.53, lr 1.00e-03
    epoch 51: loss 0.8334, val_ap 0.5515, minutes 26.0, lr 1.00e-03
    epoch 52: loss 0.8300, val_ap 0.5533, minutes 26.48, lr 1.00e-03
    epoch 53: loss 0.8255, val_ap 0.5552, minutes 26.96, lr 1.00e-03
    epoch 54: loss 0.8260, val_ap 0.5525, minutes 27.51, lr 1.00e-03
    epoch 55: loss 0.8017, val_ap 0.5515, minutes 28.01, lr 1.00e-03
    epoch 56: loss 0.8189, val_ap 0.5591, minutes 28.48, lr 1.00e-03
    epoch 57: loss 0.8026, val_ap 0.5680, minutes 29.11, lr 1.00e-03
    epoch 58: loss 0.8114, val_ap 0.5665, minutes 29.62, lr 1.00e-03
    epoch 59: loss 0.8174, val_ap 0.5546, minutes 30.13, lr 1.00e-03
    epoch 60: loss 0.7960, val_ap 0.5546, minutes 30.61, lr 1.00e-03
    epoch 61: loss 0.8085, val_ap 0.5585, minutes 31.1, lr 1.00e-03
    epoch 62: loss 0.7951, val_ap 0.5653, minutes 31.6, lr 1.00e-03
    epoch 63: loss 0.8006, val_ap 0.5676, minutes 32.09, lr 1.00e-03
    epoch 64: loss 0.7927, val_ap 0.5607, minutes 32.62, lr 1.00e-03
    epoch 65: loss 0.8005, val_ap 0.5669, minutes 33.12, lr 1.00e-03
    epoch 66: loss 0.7828, val_ap 0.5698, minutes 33.6, lr 1.00e-03
    epoch 67: loss 0.7673, val_ap 0.5662, minutes 34.08, lr 1.00e-03
    epoch 68: loss 0.7724, val_ap 0.5608, minutes 34.55, lr 1.00e-03
    epoch 69: loss 0.7765, val_ap 0.5725, minutes 35.08, lr 1.00e-03
    epoch 70: loss 0.7657, val_ap 0.5682, minutes 35.58, lr 1.00e-03
    epoch 71: loss 0.7708, val_ap 0.5674, minutes 36.09, lr 1.00e-03
    epoch 72: loss 0.7570, val_ap 0.5588, minutes 36.59, lr 1.00e-03
    epoch 73: loss 0.7503, val_ap 0.5703, minutes 37.06, lr 1.00e-03
    epoch 74: loss 0.7716, val_ap 0.5686, minutes 37.55, lr 1.00e-03
    epoch 75: loss 0.7567, val_ap 0.5655, minutes 38.0, lr 1.00e-03
    epoch 76: loss 0.7607, val_ap 0.5617, minutes 38.48, lr 1.00e-03
    epoch 77: loss 0.7575, val_ap 0.5597, minutes 38.97, lr 1.00e-03
    epoch 78: loss 0.7422, val_ap 0.5654, minutes 39.46, lr 5.00e-04
    epoch 79: loss 0.7311, val_ap 0.5609, minutes 39.99, lr 5.00e-04
    epoch 80: loss 0.7292, val_ap 0.5725, minutes 40.48, lr 5.00e-04
    epoch 81: loss 0.7224, val_ap 0.5608, minutes 41.0, lr 5.00e-04
    epoch 82: loss 0.7256, val_ap 0.5643, minutes 41.53, lr 5.00e-04
    epoch 83: loss 0.7349, val_ap 0.5773, minutes 41.99, lr 5.00e-04
    epoch 84: loss 0.7185, val_ap 0.5702, minutes 42.47, lr 5.00e-04
    epoch 85: loss 0.6987, val_ap 0.5577, minutes 43.02, lr 5.00e-04
    epoch 86: loss 0.7091, val_ap 0.5561, minutes 43.5, lr 5.00e-04
    epoch 87: loss 0.6949, val_ap 0.5585, minutes 44.02, lr 5.00e-04
    epoch 88: loss 0.7026, val_ap 0.5584, minutes 44.56, lr 5.00e-04
    epoch 89: loss 0.6895, val_ap 0.5565, minutes 45.07, lr 5.00e-04
    epoch 90: loss 0.7009, val_ap 0.5586, minutes 45.53, lr 5.00e-04
    epoch 91: loss 0.6895, val_ap 0.5549, minutes 45.99, lr 5.00e-04
    epoch 92: loss 0.6899, val_ap 0.5610, minutes 46.47, lr 2.50e-04
    epoch 93: loss 0.6764, val_ap 0.5542, minutes 46.92, lr 2.50e-04
    epoch 94: loss 0.6692, val_ap 0.5517, minutes 47.4, lr 2.50e-04
    epoch 95: loss 0.6740, val_ap 0.5588, minutes 47.92, lr 2.50e-04
    epoch 96: loss 0.6769, val_ap 0.5504, minutes 48.35, lr 2.50e-04
    epoch 97: loss 0.6691, val_ap 0.5535, minutes 48.88, lr 2.50e-04
    epoch 98: loss 0.6838, val_ap 0.5586, minutes 49.33, lr 2.50e-04
    epoch 99: loss 0.6733, val_ap 0.5469, minutes 49.87, lr 2.50e-04
    epoch 100: loss 0.6687, val_ap 0.5509, minutes 50.34, lr 2.50e-04
    epoch 101: loss 0.6651, val_ap 0.5511, minutes 50.78, lr 1.25e-04
    epoch 102: loss 0.6774, val_ap 0.5509, minutes 51.28, lr 1.25e-04
    epoch 103: loss 0.6735, val_ap 0.5531, minutes 51.71, lr 1.25e-04
    epoch 104: loss 0.6677, val_ap 0.5528, minutes 52.16, lr 1.25e-04
    epoch 105: loss 0.6795, val_ap 0.5556, minutes 52.6, lr 1.25e-04
    epoch 106: loss 0.6526, val_ap 0.5540, minutes 53.05, lr 1.25e-04
    epoch 107: loss 0.6738, val_ap 0.5521, minutes 53.48, lr 1.25e-04
    epoch 108: loss 0.6607, val_ap 0.5486, minutes 53.92, lr 1.25e-04
    stopping: no validation gain in 25 epochs
[h2gcn_aux dataset0 fold 4 seed 2] done (54.7 min)
