loaded: dataset0 121,838 sites, data1 90,452
[deepset dataset0 fold 4 seed 2]
    epoch 1: loss 1.1947462634984838, minutes 0.17, val_ap 0.21623237050873564, lr 0.00033430232558139537
    epoch 2: loss 0.8945920772330705, minutes 0.36, val_ap 0.40204484797740947, lr 0.0006676356589147286
    epoch 3: loss 0.7969572122187115, minutes 0.54, val_ap 0.43522554143789016, lr 0.001
    epoch 4: loss 0.7615811356105083, minutes 0.72, val_ap 0.46123506281936255, lr 0.001
    epoch 5: loss 0.7307968438538008, minutes 0.9, val_ap 0.46352855146063204, lr 0.001
    epoch 6: loss 0.7191381101864714, minutes 1.09, val_ap 0.47477785523724025, lr 0.001
    epoch 7: loss 0.7050938566410264, minutes 1.28, val_ap 0.47957823447695896, lr 0.001
    epoch 8: loss 0.6997426862200332, minutes 1.47, val_ap 0.4866673571954926, lr 0.001
    epoch 9: loss 0.698787547907857, minutes 1.66, val_ap 0.4896685696885689, lr 0.001
    epoch 10: loss 0.6766172344254893, minutes 1.83, val_ap 0.49114891918864495, lr 0.001
    epoch 11: loss 0.6763184579132602, minutes 2.0, val_ap 0.4792064317359177, lr 0.001
    epoch 12: loss 0.6750330471022185, minutes 2.18, val_ap 0.48319537314588434, lr 0.001
    epoch 13: loss 0.6701814222127892, minutes 2.38, val_ap 0.49081149515952577, lr 0.001
    epoch 14: loss 0.6700632508930772, minutes 2.57, val_ap 0.5043252663572205, lr 0.001
    epoch 15: loss 0.6639764593091122, minutes 2.76, val_ap 0.49325382919249844, lr 0.001
    epoch 16: loss 0.6579670317817566, minutes 2.94, val_ap 0.5027367034797192, lr 0.001
    epoch 17: loss 0.6504915047350318, minutes 3.11, val_ap 0.4977674872799813, lr 0.001
    epoch 18: loss 0.6515092174847459, minutes 3.31, val_ap 0.5109410097025469, lr 0.001
    epoch 19: loss 0.6502428508775179, minutes 3.49, val_ap 0.5044004437524375, lr 0.001
    epoch 20: loss 0.6390574875959131, minutes 3.67, val_ap 0.5082240824608039, lr 0.001
    epoch 21: loss 0.6364913411265196, minutes 3.85, val_ap 0.5048977790451972, lr 0.001
    epoch 22: loss 0.6474858799646067, minutes 4.03, val_ap 0.5192154814291762, lr 0.001
    epoch 23: loss 0.6317226221395094, minutes 4.21, val_ap 0.5203201080307778, lr 0.001
    epoch 24: loss 0.629882019879513, minutes 4.38, val_ap 0.5234003845150607, lr 0.001
    epoch 25: loss 0.6261765015159928, minutes 4.57, val_ap 0.5227498662719741, lr 0.001
    epoch 26: loss 0.6330328151410403, minutes 4.73, val_ap 0.5319437592786531, lr 0.001
    epoch 27: loss 0.6125105805695057, minutes 4.9, val_ap 0.5299786667181869, lr 0.001
    epoch 28: loss 0.6213631777222767, minutes 5.05, val_ap 0.5193084459118441, lr 0.001
    epoch 29: loss 0.6193097291817499, minutes 5.2, val_ap 0.5314576252431236, lr 0.001
    epoch 30: loss 0.6132948212325573, minutes 5.37, val_ap 0.539316704469521, lr 0.001
    epoch 31: loss 0.618400533618622, minutes 5.53, val_ap 0.5312698078864659, lr 0.001
    epoch 32: loss 0.6134502502201602, minutes 5.69, val_ap 0.5285409389562756, lr 0.001
    epoch 33: loss 0.6027202215478864, minutes 5.84, val_ap 0.5378327299250643, lr 0.001
    epoch 34: loss 0.6041777639888054, minutes 6.02, val_ap 0.5197792394022126, lr 0.001
    epoch 35: loss 0.6058532358688671, minutes 6.2, val_ap 0.533663085427261, lr 0.001
    epoch 36: loss 0.5958186331703219, minutes 6.35, val_ap 0.5255832682993568, lr 0.001
    epoch 37: loss 0.5964148908766896, minutes 6.5, val_ap 0.5390704547963265, lr 0.001
    epoch 38: loss 0.5906524619217529, minutes 6.64, val_ap 0.524314814866151, lr 0.001
    epoch 39: loss 0.591959310435625, minutes 6.79, val_ap 0.5384074980948419, lr 0.0005
    epoch 40: loss 0.5696244927686315, minutes 6.92, val_ap 0.5330297596045169, lr 0.0005
    epoch 41: loss 0.5663126143951749, minutes 7.07, val_ap 0.5385446836088778, lr 0.0005
    epoch 42: loss 0.5526388153260531, minutes 7.21, val_ap 0.5406554655983301, lr 0.0005
    epoch 43: loss 0.5667772580717885, minutes 7.35, val_ap 0.539192121767069, lr 0.0005
    epoch 44: loss 0.5566479829681474, minutes 7.48, val_ap 0.5429360314401769, lr 0.0005
    epoch 45: loss 0.5547152139073195, minutes 7.62, val_ap 0.5404249410984393, lr 0.0005
    epoch 46: loss 0.5683342482634756, minutes 7.76, val_ap 0.5347252627994377, lr 0.0005
    epoch 47: loss 0.5604407535216143, minutes 7.91, val_ap 0.5454831047732277, lr 0.0005
    epoch 48: loss 0.5464828016106472, minutes 8.04, val_ap 0.5288036641476438, lr 0.0005
    epoch 49: loss 0.5523618358338989, minutes 8.18, val_ap 0.543140023046039, lr 0.0005
    epoch 50: loss 0.551017259702433, minutes 8.32, val_ap 0.5429222155982343, lr 0.0005
    epoch 51: loss 0.5517982221100219, minutes 8.46, val_ap 0.5399355515515057, lr 0.0005
    epoch 52: loss 0.551315977086508, minutes 8.6, val_ap 0.5445669779823751, lr 0.0005
    epoch 53: loss 0.5428515014260314, minutes 8.73, val_ap 0.5407471273694445, lr 0.0005
    epoch 54: loss 0.5459258248379757, minutes 8.87, val_ap 0.5316307683715847, lr 0.0005
    epoch 55: loss 0.5440911835189476, minutes 9.0, val_ap 0.5315839586693031, lr 0.0005
    epoch 56: loss 0.5445810910747495, minutes 9.13, val_ap 0.532860716273017, lr 0.00025
    epoch 57: loss 0.5299086310835772, minutes 9.26, val_ap 0.5335900623340502, lr 0.00025
    epoch 58: loss 0.5264525721932567, minutes 9.4, val_ap 0.5375386161464127, lr 0.00025
    epoch 59: loss 0.5211683393044527, minutes 9.53, val_ap 0.5385534647716772, lr 0.00025
    epoch 60: loss 0.5316676702783552, minutes 9.65, val_ap 0.5401489463875876, lr 0.00025
    epoch 61: loss 0.5277065624331319, minutes 9.76, val_ap 0.534040438586241, lr 0.00025
    epoch 62: loss 0.5241764743140963, minutes 9.88, val_ap 0.5417004657506497, lr 0.00025
    epoch 63: loss 0.5200117584317923, minutes 10.01, val_ap 0.5435757505419352, lr 0.00025
    epoch 64: loss 0.5152881736758836, minutes 10.12, val_ap 0.5371425582878417, lr 0.00025
    epoch 65: loss 0.5231932212360376, minutes 10.23, val_ap 0.5425068543801794, lr 0.000125
    epoch 66: loss 0.5144231293437093, minutes 10.35, val_ap 0.5395309736437712, lr 0.000125
    epoch 67: loss 0.5046871917019057, minutes 10.47, val_ap 0.5395279606619442, lr 0.000125
    epoch 68: loss 0.5122369771693335, minutes 10.57, val_ap 0.5394762807044622, lr 0.000125
    epoch 69: loss 0.5021456318019435, minutes 10.68, val_ap 0.5395298894973655, lr 0.000125
    epoch 70: loss 0.511149826437928, minutes 10.79, val_ap 0.5363033106723353, lr 0.000125
    epoch 71: loss 0.5063939428953237, minutes 10.89, val_ap 0.5381768967272348, lr 0.000125
    stopping: no validation gain in 25 epochs
[deepset dataset0 fold 4 seed 2] done (11.1 min)
