loaded: dataset0 121,838 sites, data1 90,452
[res_nogate dataset0 fold 1 seed 1]
    kernel decay scale 114.6 nt (fitted to cell line 1 training labels)
    epoch 1: loss 1.9565, val_ap 0.1632, minutes 0.53, lr 3.33e-04
    epoch 2: loss 1.5755, val_ap 0.2617, minutes 1.02, lr 6.63e-04
    epoch 3: loss 1.3341, val_ap 0.4242, minutes 1.52, lr 9.92e-04
    epoch 4: loss 1.1911, val_ap 0.4940, minutes 1.99, lr 1.00e-03
    epoch 5: loss 1.1107, val_ap 0.5137, minutes 2.48, lr 1.00e-03
    epoch 6: loss 1.0884, val_ap 0.5101, minutes 2.97, lr 1.00e-03
    epoch 7: loss 1.0511, val_ap 0.5325, minutes 3.48, lr 1.00e-03
    epoch 8: loss 1.0299, val_ap 0.5401, minutes 3.97, lr 1.00e-03
    epoch 9: loss 1.0326, val_ap 0.5499, minutes 4.45, lr 1.00e-03
    epoch 10: loss 1.0066, val_ap 0.5336, minutes 4.96, lr 1.00e-03
    epoch 11: loss 0.9953, val_ap 0.5402, minutes 5.44, lr 1.00e-03
    epoch 12: loss 0.9895, val_ap 0.5597, minutes 5.94, lr 1.00e-03
    epoch 13: loss 0.9697, val_ap 0.5382, minutes 6.43, lr 1.00e-03
    epoch 14: loss 0.9740, val_ap 0.5486, minutes 6.92, lr 1.00e-03
    epoch 15: loss 0.9737, val_ap 0.5548, minutes 7.4, lr 1.00e-03
    epoch 16: loss 0.9545, val_ap 0.5651, minutes 7.88, lr 1.00e-03
    epoch 17: loss 0.9659, val_ap 0.5571, minutes 8.4, lr 1.00e-03
    epoch 18: loss 0.9413, val_ap 0.5621, minutes 8.89, lr 1.00e-03
    epoch 19: loss 0.9325, val_ap 0.5654, minutes 9.42, lr 1.00e-03
    epoch 20: loss 0.9545, val_ap 0.5553, minutes 9.93, lr 1.00e-03
    epoch 21: loss 0.9426, val_ap 0.5696, minutes 10.41, lr 1.00e-03
    epoch 22: loss 0.9431, val_ap 0.5708, minutes 10.87, lr 1.00e-03
    epoch 23: loss 0.9454, val_ap 0.5649, minutes 11.36, lr 1.00e-03
    epoch 24: loss 0.9164, val_ap 0.5675, minutes 11.82, lr 1.00e-03
    epoch 25: loss 0.9216, val_ap 0.5690, minutes 12.29, lr 1.00e-03
    epoch 26: loss 0.9208, val_ap 0.5710, minutes 12.75, lr 1.00e-03
    epoch 27: loss 0.9153, val_ap 0.5758, minutes 13.18, lr 1.00e-03
    epoch 28: loss 0.9034, val_ap 0.5790, minutes 13.66, lr 1.00e-03
    epoch 29: loss 0.9179, val_ap 0.5735, minutes 14.14, lr 1.00e-03
    epoch 30: loss 0.8917, val_ap 0.5814, minutes 14.67, lr 1.00e-03
    epoch 31: loss 0.9278, val_ap 0.5777, minutes 15.16, lr 1.00e-03
    epoch 32: loss 0.8998, val_ap 0.5840, minutes 15.61, lr 1.00e-03
    epoch 33: loss 0.8880, val_ap 0.5852, minutes 16.11, lr 1.00e-03
    epoch 34: loss 0.8863, val_ap 0.5816, minutes 16.61, lr 1.00e-03
    epoch 35: loss 0.8946, val_ap 0.5846, minutes 17.12, lr 1.00e-03
    epoch 36: loss 0.9188, val_ap 0.5785, minutes 17.62, lr 1.00e-03
    epoch 37: loss 0.8961, val_ap 0.5872, minutes 18.08, lr 1.00e-03
    epoch 38: loss 0.8767, val_ap 0.5845, minutes 18.56, lr 1.00e-03
    epoch 39: loss 0.9065, val_ap 0.5921, minutes 19.03, lr 1.00e-03
    epoch 40: loss 0.8756, val_ap 0.5899, minutes 19.47, lr 1.00e-03
    epoch 41: loss 0.8733, val_ap 0.5944, minutes 19.93, lr 1.00e-03
    epoch 42: loss 0.8665, val_ap 0.5909, minutes 20.4, lr 1.00e-03
    epoch 43: loss 0.8589, val_ap 0.5801, minutes 20.85, lr 1.00e-03
    epoch 44: loss 0.8570, val_ap 0.5958, minutes 21.32, lr 1.00e-03
    epoch 45: loss 0.8726, val_ap 0.5952, minutes 21.81, lr 1.00e-03
    epoch 46: loss 0.8561, val_ap 0.6025, minutes 22.31, lr 1.00e-03
    epoch 47: loss 0.8590, val_ap 0.5961, minutes 22.8, lr 1.00e-03
    epoch 48: loss 0.8579, val_ap 0.5960, minutes 23.29, lr 1.00e-03
    epoch 49: loss 0.8505, val_ap 0.5979, minutes 23.78, lr 1.00e-03
    epoch 50: loss 0.8492, val_ap 0.5987, minutes 24.28, lr 1.00e-03
    epoch 51: loss 0.8404, val_ap 0.6070, minutes 24.77, lr 1.00e-03
    epoch 52: loss 0.8385, val_ap 0.6012, minutes 25.26, lr 1.00e-03
    epoch 53: loss 0.8348, val_ap 0.6014, minutes 25.73, lr 1.00e-03
    epoch 54: loss 0.8377, val_ap 0.6056, minutes 26.2, lr 1.00e-03
    epoch 55: loss 0.8394, val_ap 0.6031, minutes 26.67, lr 1.00e-03
    epoch 56: loss 0.8384, val_ap 0.5963, minutes 27.14, lr 1.00e-03
    epoch 57: loss 0.8272, val_ap 0.6006, minutes 27.6, lr 1.00e-03
    epoch 58: loss 0.8373, val_ap 0.5952, minutes 28.09, lr 1.00e-03
    epoch 59: loss 0.8168, val_ap 0.6029, minutes 28.55, lr 1.00e-03
    epoch 60: loss 0.8386, val_ap 0.6076, minutes 29.04, lr 1.00e-03
    epoch 61: loss 0.8220, val_ap 0.6097, minutes 29.53, lr 1.00e-03
    epoch 62: loss 0.8223, val_ap 0.6045, minutes 30.02, lr 1.00e-03
    epoch 63: loss 0.8177, val_ap 0.6012, minutes 30.5, lr 1.00e-03
    epoch 64: loss 0.8080, val_ap 0.6064, minutes 30.96, lr 1.00e-03
    epoch 65: loss 0.8096, val_ap 0.6074, minutes 31.44, lr 1.00e-03
    epoch 66: loss 0.8198, val_ap 0.6054, minutes 31.92, lr 1.00e-03
    epoch 67: loss 0.8278, val_ap 0.6063, minutes 32.41, lr 1.00e-03
    epoch 68: loss 0.7850, val_ap 0.6010, minutes 32.89, lr 1.00e-03
    epoch 69: loss 0.8101, val_ap 0.5994, minutes 33.37, lr 1.00e-03
    epoch 70: loss 0.7963, val_ap 0.6038, minutes 33.83, lr 5.00e-04
    epoch 71: loss 0.7793, val_ap 0.6102, minutes 34.3, lr 5.00e-04
    epoch 72: loss 0.7753, val_ap 0.6092, minutes 34.77, lr 5.00e-04
    epoch 73: loss 0.7760, val_ap 0.6097, minutes 35.23, lr 5.00e-04
    epoch 74: loss 0.7699, val_ap 0.6074, minutes 35.72, lr 5.00e-04
    epoch 75: loss 0.7580, val_ap 0.6127, minutes 36.21, lr 5.00e-04
    epoch 76: loss 0.7698, val_ap 0.6065, minutes 36.73, lr 5.00e-04
    epoch 77: loss 0.7657, val_ap 0.6042, minutes 37.21, lr 5.00e-04
    epoch 78: loss 0.7641, val_ap 0.6108, minutes 37.67, lr 5.00e-04
    epoch 79: loss 0.7565, val_ap 0.6132, minutes 38.15, lr 5.00e-04
    epoch 80: loss 0.7646, val_ap 0.6119, minutes 38.63, lr 5.00e-04
    epoch 81: loss 0.7428, val_ap 0.6112, minutes 39.08, lr 5.00e-04
    epoch 82: loss 0.7603, val_ap 0.6119, minutes 39.55, lr 5.00e-04
    epoch 83: loss 0.7657, val_ap 0.6038, minutes 40.01, lr 5.00e-04
    epoch 84: loss 0.7544, val_ap 0.6063, minutes 40.48, lr 5.00e-04
    epoch 85: loss 0.7436, val_ap 0.6135, minutes 40.96, lr 5.00e-04
    epoch 86: loss 0.7615, val_ap 0.6117, minutes 41.4, lr 5.00e-04
    epoch 87: loss 0.7680, val_ap 0.6098, minutes 41.89, lr 5.00e-04
    epoch 88: loss 0.7515, val_ap 0.6117, minutes 42.33, lr 5.00e-04
    epoch 89: loss 0.7536, val_ap 0.6156, minutes 42.82, lr 5.00e-04
    epoch 90: loss 0.7518, val_ap 0.6179, minutes 43.32, lr 5.00e-04
    epoch 91: loss 0.7372, val_ap 0.6100, minutes 43.78, lr 5.00e-04
    epoch 92: loss 0.7466, val_ap 0.6138, minutes 44.24, lr 5.00e-04
    epoch 93: loss 0.7426, val_ap 0.6163, minutes 44.7, lr 5.00e-04
    epoch 94: loss 0.7309, val_ap 0.6113, minutes 45.2, lr 5.00e-04
    epoch 95: loss 0.7402, val_ap 0.6123, minutes 45.67, lr 5.00e-04
    epoch 96: loss 0.7240, val_ap 0.6157, minutes 46.15, lr 5.00e-04
    epoch 97: loss 0.7552, val_ap 0.6164, minutes 46.63, lr 5.00e-04
    epoch 98: loss 0.7224, val_ap 0.6179, minutes 47.14, lr 5.00e-04
    epoch 99: loss 0.7344, val_ap 0.6030, minutes 47.62, lr 2.50e-04
    epoch 100: loss 0.7228, val_ap 0.6152, minutes 48.09, lr 2.50e-04
    epoch 101: loss 0.7255, val_ap 0.6135, minutes 48.55, lr 2.50e-04
    epoch 102: loss 0.7083, val_ap 0.6120, minutes 49.03, lr 2.50e-04
    epoch 103: loss 0.7165, val_ap 0.6065, minutes 49.51, lr 2.50e-04
    epoch 104: loss 0.7192, val_ap 0.6057, minutes 50.01, lr 2.50e-04
    epoch 105: loss 0.7204, val_ap 0.6074, minutes 50.5, lr 2.50e-04
    epoch 106: loss 0.7140, val_ap 0.6057, minutes 50.95, lr 2.50e-04
    epoch 107: loss 0.7109, val_ap 0.6056, minutes 51.42, lr 2.50e-04
    epoch 108: loss 0.6914, val_ap 0.6118, minutes 51.9, lr 1.25e-04
    epoch 109: loss 0.7043, val_ap 0.6086, minutes 52.36, lr 1.25e-04
    epoch 110: loss 0.7109, val_ap 0.6092, minutes 52.85, lr 1.25e-04
    epoch 111: loss 0.7031, val_ap 0.6078, minutes 53.32, lr 1.25e-04
    epoch 112: loss 0.7075, val_ap 0.6065, minutes 53.81, lr 1.25e-04
    epoch 113: loss 0.7278, val_ap 0.6094, minutes 54.27, lr 1.25e-04
    epoch 114: loss 0.7140, val_ap 0.6090, minutes 54.72, lr 1.25e-04
    epoch 115: loss 0.7069, val_ap 0.6093, minutes 55.18, lr 1.25e-04
    stopping: no validation gain in 25 epochs
[res_nogate dataset0 fold 1 seed 1] done (55.9 min)
