loaded: dataset0 121,838 sites, data1 90,452
[h2gcn_aux_r400 pooled_both fold 2]
    epoch 1: loss 1.8938, val_ap 0.1835, minutes 0.96, lr 3.31e-04
    epoch 2: loss 1.5302, val_ap 0.3492, minutes 1.69, lr 6.58e-04
    epoch 3: loss 1.3481, val_ap 0.4507, minutes 2.47, lr 9.85e-04
    epoch 4: loss 1.2754, val_ap 0.4703, minutes 3.19, lr 1.00e-03
    epoch 5: loss 1.2373, val_ap 0.4684, minutes 3.94, lr 1.00e-03
    epoch 6: loss 1.2251, val_ap 0.4755, minutes 4.62, lr 1.00e-03
    epoch 7: loss 1.2159, val_ap 0.4666, minutes 5.28, lr 1.00e-03
    epoch 8: loss 1.2104, val_ap 0.4730, minutes 5.95, lr 1.00e-03
    epoch 9: loss 1.1885, val_ap 0.4796, minutes 6.65, lr 1.00e-03
    epoch 10: loss 1.1802, val_ap 0.4819, minutes 7.39, lr 1.00e-03
    epoch 11: loss 1.1882, val_ap 0.4856, minutes 8.12, lr 1.00e-03
    epoch 12: loss 1.1647, val_ap 0.4845, minutes 8.88, lr 1.00e-03
    epoch 13: loss 1.1631, val_ap 0.4879, minutes 9.85, lr 1.00e-03
    epoch 14: loss 1.1717, val_ap 0.4812, minutes 11.36, lr 1.00e-03
    epoch 15: loss 1.1664, val_ap 0.4931, minutes 12.93, lr 1.00e-03
    epoch 16: loss 1.1537, val_ap 0.4912, minutes 14.49, lr 1.00e-03
    epoch 17: loss 1.1462, val_ap 0.5016, minutes 16.06, lr 1.00e-03
    epoch 18: loss 1.1410, val_ap 0.4933, minutes 17.57, lr 1.00e-03
    epoch 19: loss 1.1415, val_ap 0.4995, minutes 19.11, lr 1.00e-03
    epoch 20: loss 1.1400, val_ap 0.4930, minutes 20.65, lr 1.00e-03
    epoch 21: loss 1.1368, val_ap 0.5018, minutes 22.18, lr 1.00e-03
    epoch 22: loss 1.1244, val_ap 0.5034, minutes 23.74, lr 1.00e-03
    epoch 23: loss 1.1202, val_ap 0.4981, minutes 25.23, lr 1.00e-03
    epoch 24: loss 1.1219, val_ap 0.5042, minutes 26.74, lr 1.00e-03
    epoch 25: loss 1.1156, val_ap 0.5083, minutes 28.3, lr 1.00e-03
    epoch 26: loss 1.1188, val_ap 0.5025, minutes 29.81, lr 1.00e-03
    epoch 27: loss 1.1130, val_ap 0.5028, minutes 31.32, lr 1.00e-03
    epoch 28: loss 1.1033, val_ap 0.5036, minutes 32.83, lr 1.00e-03
    epoch 29: loss 1.1061, val_ap 0.5050, minutes 34.31, lr 1.00e-03
    epoch 30: loss 1.1043, val_ap 0.5069, minutes 35.9, lr 1.00e-03
    epoch 31: loss 1.1017, val_ap 0.5073, minutes 37.42, lr 1.00e-03
    epoch 32: loss 1.0990, val_ap 0.5028, minutes 38.84, lr 1.00e-03
    epoch 33: loss 1.0959, val_ap 0.4999, minutes 40.29, lr 1.00e-03
    epoch 34: loss 1.0871, val_ap 0.5076, minutes 41.74, lr 5.00e-04
    epoch 35: loss 1.0788, val_ap 0.4954, minutes 43.24, lr 5.00e-04
    epoch 36: loss 1.0685, val_ap 0.5050, minutes 44.68, lr 5.00e-04
    epoch 37: loss 1.0553, val_ap 0.5084, minutes 46.12, lr 5.00e-04
    epoch 38: loss 1.0635, val_ap 0.5018, minutes 47.55, lr 5.00e-04
    epoch 39: loss 1.0646, val_ap 0.4967, minutes 49.06, lr 5.00e-04
    epoch 40: loss 1.0721, val_ap 0.5077, minutes 50.53, lr 5.00e-04
    epoch 41: loss 1.0632, val_ap 0.5019, minutes 51.95, lr 5.00e-04
    epoch 42: loss 1.0565, val_ap 0.5008, minutes 53.38, lr 5.00e-04
    epoch 43: loss 1.0595, val_ap 0.5025, minutes 54.87, lr 5.00e-04
    epoch 44: loss 1.0553, val_ap 0.4933, minutes 56.32, lr 5.00e-04
    epoch 45: loss 1.0482, val_ap 0.5018, minutes 57.82, lr 5.00e-04
    epoch 46: loss 1.0470, val_ap 0.4890, minutes 59.28, lr 2.50e-04
    epoch 47: loss 1.0385, val_ap 0.4948, minutes 60.78, lr 2.50e-04
    epoch 48: loss 1.0422, val_ap 0.4888, minutes 62.21, lr 2.50e-04
    epoch 49: loss 1.0380, val_ap 0.4886, minutes 63.65, lr 2.50e-04
    epoch 50: loss 1.0320, val_ap 0.4911, minutes 65.11, lr 2.50e-04
    epoch 51: loss 1.0363, val_ap 0.4941, minutes 66.57, lr 2.50e-04
    epoch 52: loss 1.0338, val_ap 0.4851, minutes 68.07, lr 2.50e-04
    epoch 53: loss 1.0279, val_ap 0.4736, minutes 69.51, lr 2.50e-04
    epoch 54: loss 1.0247, val_ap 0.4813, minutes 70.8, lr 2.50e-04
    epoch 55: loss 1.0314, val_ap 0.4776, minutes 72.11, lr 1.25e-04
    epoch 56: loss 1.0177, val_ap 0.4771, minutes 73.37, lr 1.25e-04
    epoch 57: loss 1.0239, val_ap 0.4866, minutes 74.58, lr 1.25e-04
    epoch 58: loss 1.0171, val_ap 0.4821, minutes 75.83, lr 1.25e-04
    epoch 59: loss 1.0178, val_ap 0.4793, minutes 77.06, lr 1.25e-04
    epoch 60: loss 1.0176, val_ap 0.4784, minutes 78.28, lr 1.25e-04
    epoch 61: loss 1.0218, val_ap 0.4772, minutes 79.47, lr 1.25e-04
    epoch 62: loss 1.0168, val_ap 0.4783, minutes 80.59, lr 1.25e-04
    stopping: no validation gain in 25 epochs
[h2gcn_aux_r400 pooled_both fold 2] done (81.3 min)
