loaded: dataset0 121,838 sites, data1 90,452
[fk_kernel dataset0 fold 1 seed 1]
    kernel decay scale 114.6 nt (fitted to cell line 1 training labels)
    epoch 1: loss 1.9727, val_ap 0.1638, minutes 0.46, lr 3.33e-04
    epoch 2: loss 1.5987, val_ap 0.2400, minutes 0.97, lr 6.63e-04
    epoch 3: loss 1.3519, val_ap 0.4045, minutes 1.43, lr 9.92e-04
    epoch 4: loss 1.1763, val_ap 0.5040, minutes 1.84, lr 1.00e-03
    epoch 5: loss 1.0838, val_ap 0.5267, minutes 2.3, lr 1.00e-03
    epoch 6: loss 1.0674, val_ap 0.5303, minutes 2.7, lr 1.00e-03
    epoch 7: loss 1.0129, val_ap 0.5442, minutes 3.11, lr 1.00e-03
    epoch 8: loss 1.0053, val_ap 0.5524, minutes 3.51, lr 1.00e-03
    epoch 9: loss 1.0042, val_ap 0.5589, minutes 3.97, lr 1.00e-03
    epoch 10: loss 0.9739, val_ap 0.5464, minutes 4.42, lr 1.00e-03
    epoch 11: loss 0.9552, val_ap 0.5589, minutes 4.9, lr 1.00e-03
    epoch 12: loss 0.9500, val_ap 0.5643, minutes 5.31, lr 1.00e-03
    epoch 13: loss 0.9320, val_ap 0.5469, minutes 5.77, lr 1.00e-03
    epoch 14: loss 0.9337, val_ap 0.5570, minutes 6.2, lr 1.00e-03
    epoch 15: loss 0.9391, val_ap 0.5664, minutes 6.67, lr 1.00e-03
    epoch 16: loss 0.9228, val_ap 0.5716, minutes 7.14, lr 1.00e-03
    epoch 17: loss 0.9239, val_ap 0.5622, minutes 7.61, lr 1.00e-03
    epoch 18: loss 0.9035, val_ap 0.5674, minutes 8.05, lr 1.00e-03
    epoch 19: loss 0.8860, val_ap 0.5722, minutes 8.53, lr 1.00e-03
    epoch 20: loss 0.9199, val_ap 0.5630, minutes 9.02, lr 1.00e-03
    epoch 21: loss 0.9051, val_ap 0.5768, minutes 9.45, lr 1.00e-03
    epoch 22: loss 0.9016, val_ap 0.5786, minutes 9.91, lr 1.00e-03
    epoch 23: loss 0.8938, val_ap 0.5789, minutes 10.36, lr 1.00e-03
    epoch 24: loss 0.8725, val_ap 0.5749, minutes 10.82, lr 1.00e-03
    epoch 25: loss 0.8858, val_ap 0.5791, minutes 11.28, lr 1.00e-03
    epoch 26: loss 0.8751, val_ap 0.5834, minutes 11.73, lr 1.00e-03
    epoch 27: loss 0.8692, val_ap 0.5910, minutes 12.19, lr 1.00e-03
    epoch 28: loss 0.8537, val_ap 0.5784, minutes 12.65, lr 1.00e-03
    epoch 29: loss 0.8702, val_ap 0.5815, minutes 13.11, lr 1.00e-03
    epoch 30: loss 0.8475, val_ap 0.5871, minutes 13.58, lr 1.00e-03
    epoch 31: loss 0.8673, val_ap 0.5879, minutes 14.04, lr 1.00e-03
    epoch 32: loss 0.8621, val_ap 0.5869, minutes 14.48, lr 1.00e-03
    epoch 33: loss 0.8413, val_ap 0.5944, minutes 14.96, lr 1.00e-03
    epoch 34: loss 0.8410, val_ap 0.5933, minutes 15.38, lr 1.00e-03
    epoch 35: loss 0.8469, val_ap 0.5934, minutes 15.82, lr 1.00e-03
    epoch 36: loss 0.8607, val_ap 0.5886, minutes 16.29, lr 1.00e-03
    epoch 37: loss 0.8551, val_ap 0.5943, minutes 16.73, lr 1.00e-03
    epoch 38: loss 0.8279, val_ap 0.5990, minutes 17.15, lr 1.00e-03
    epoch 39: loss 0.8543, val_ap 0.6081, minutes 17.59, lr 1.00e-03
    epoch 40: loss 0.8255, val_ap 0.6013, minutes 18.04, lr 1.00e-03
    epoch 41: loss 0.8225, val_ap 0.6023, minutes 18.48, lr 1.00e-03
    epoch 42: loss 0.8081, val_ap 0.6025, minutes 18.96, lr 1.00e-03
    epoch 43: loss 0.8034, val_ap 0.6015, minutes 19.42, lr 1.00e-03
    epoch 44: loss 0.8136, val_ap 0.6044, minutes 19.86, lr 1.00e-03
    epoch 45: loss 0.8240, val_ap 0.6033, minutes 20.28, lr 1.00e-03
    epoch 46: loss 0.8141, val_ap 0.6069, minutes 20.71, lr 1.00e-03
    epoch 47: loss 0.8081, val_ap 0.6062, minutes 21.17, lr 1.00e-03
    epoch 48: loss 0.8106, val_ap 0.5995, minutes 21.58, lr 5.00e-04
    epoch 49: loss 0.7823, val_ap 0.6036, minutes 22.0, lr 5.00e-04
    epoch 50: loss 0.7932, val_ap 0.6011, minutes 22.45, lr 5.00e-04
    epoch 51: loss 0.7673, val_ap 0.6073, minutes 22.91, lr 5.00e-04
    epoch 52: loss 0.7659, val_ap 0.6090, minutes 23.36, lr 5.00e-04
    epoch 53: loss 0.7724, val_ap 0.6132, minutes 23.77, lr 5.00e-04
    epoch 54: loss 0.7729, val_ap 0.6055, minutes 24.2, lr 5.00e-04
    epoch 55: loss 0.7684, val_ap 0.6069, minutes 24.64, lr 5.00e-04
    epoch 56: loss 0.7657, val_ap 0.6051, minutes 25.07, lr 5.00e-04
    epoch 57: loss 0.7600, val_ap 0.6059, minutes 25.52, lr 5.00e-04
    epoch 58: loss 0.7787, val_ap 0.6031, minutes 25.94, lr 5.00e-04
    epoch 59: loss 0.7719, val_ap 0.6061, minutes 26.37, lr 5.00e-04
    epoch 60: loss 0.7717, val_ap 0.6124, minutes 26.83, lr 5.00e-04
    epoch 61: loss 0.7497, val_ap 0.6131, minutes 27.29, lr 5.00e-04
    epoch 62: loss 0.7657, val_ap 0.6111, minutes 27.74, lr 2.50e-04
    epoch 63: loss 0.7487, val_ap 0.6055, minutes 28.19, lr 2.50e-04
    epoch 64: loss 0.7434, val_ap 0.6133, minutes 28.64, lr 2.50e-04
    epoch 65: loss 0.7308, val_ap 0.6119, minutes 29.05, lr 2.50e-04
    epoch 66: loss 0.7380, val_ap 0.6105, minutes 29.48, lr 2.50e-04
    epoch 67: loss 0.7367, val_ap 0.6133, minutes 29.89, lr 2.50e-04
    epoch 68: loss 0.7221, val_ap 0.6089, minutes 30.27, lr 2.50e-04
    epoch 69: loss 0.7307, val_ap 0.6099, minutes 30.69, lr 2.50e-04
    epoch 70: loss 0.7317, val_ap 0.6118, minutes 31.11, lr 2.50e-04
    epoch 71: loss 0.7273, val_ap 0.6111, minutes 31.57, lr 2.50e-04
    epoch 72: loss 0.7218, val_ap 0.6120, minutes 32.04, lr 2.50e-04
    epoch 73: loss 0.7337, val_ap 0.6128, minutes 32.49, lr 2.50e-04
    epoch 74: loss 0.7373, val_ap 0.6116, minutes 32.93, lr 2.50e-04
    epoch 75: loss 0.7140, val_ap 0.6127, minutes 33.35, lr 2.50e-04
    epoch 76: loss 0.7269, val_ap 0.6104, minutes 33.76, lr 1.25e-04
    epoch 77: loss 0.7196, val_ap 0.6105, minutes 34.18, lr 1.25e-04
    epoch 78: loss 0.7033, val_ap 0.6103, minutes 34.62, lr 1.25e-04
    epoch 79: loss 0.7101, val_ap 0.6100, minutes 35.08, lr 1.25e-04
    epoch 80: loss 0.7090, val_ap 0.6106, minutes 35.51, lr 1.25e-04
    epoch 81: loss 0.7039, val_ap 0.6102, minutes 35.93, lr 1.25e-04
    epoch 82: loss 0.7137, val_ap 0.6103, minutes 36.42, lr 1.25e-04
    epoch 83: loss 0.7146, val_ap 0.6072, minutes 36.92, lr 1.25e-04
    epoch 84: loss 0.7104, val_ap 0.6093, minutes 37.37, lr 1.25e-04
    epoch 85: loss 0.7060, val_ap 0.6086, minutes 37.82, lr 6.25e-05
    epoch 86: loss 0.7197, val_ap 0.6093, minutes 38.22, lr 6.25e-05
    epoch 87: loss 0.7030, val_ap 0.6098, minutes 38.69, lr 6.25e-05
    epoch 88: loss 0.7035, val_ap 0.6096, minutes 39.14, lr 6.25e-05
    epoch 89: loss 0.7044, val_ap 0.6103, minutes 39.57, lr 6.25e-05
    epoch 90: loss 0.7083, val_ap 0.6095, minutes 40.0, lr 6.25e-05
    epoch 91: loss 0.6985, val_ap 0.6097, minutes 40.42, lr 6.25e-05
    epoch 92: loss 0.7026, val_ap 0.6099, minutes 40.85, lr 6.25e-05
    stopping: no validation gain in 25 epochs
[fk_kernel dataset0 fold 1 seed 1] done (41.6 min)
