loaded: dataset0 121,838 sites, data1 90,452
[gcn pooled_both fold 3 seed 2]
    epoch 1: loss 1.3062, val_ap 0.0950, minutes 0.92, lr 3.31e-04
    epoch 2: loss 1.2224, val_ap 0.1640, minutes 1.78, lr 6.60e-04
    epoch 3: loss 1.0922, val_ap 0.2646, minutes 2.6, lr 9.89e-04
    epoch 4: loss 1.0111, val_ap 0.2775, minutes 3.42, lr 1.00e-03
    epoch 5: loss 0.9782, val_ap 0.2851, minutes 4.24, lr 1.00e-03
    epoch 6: loss 0.9632, val_ap 0.2936, minutes 5.09, lr 1.00e-03
    epoch 7: loss 0.9629, val_ap 0.2939, minutes 5.92, lr 1.00e-03
    epoch 8: loss 0.9518, val_ap 0.2967, minutes 6.72, lr 1.00e-03
    epoch 9: loss 0.9375, val_ap 0.2981, minutes 7.51, lr 1.00e-03
    epoch 10: loss 0.9270, val_ap 0.2940, minutes 8.36, lr 1.00e-03
    epoch 11: loss 0.9151, val_ap 0.2999, minutes 9.17, lr 1.00e-03
    epoch 12: loss 0.9169, val_ap 0.3039, minutes 9.97, lr 1.00e-03
    epoch 13: loss 0.9153, val_ap 0.3017, minutes 10.75, lr 1.00e-03
    epoch 14: loss 0.9127, val_ap 0.3077, minutes 11.59, lr 1.00e-03
    epoch 15: loss 0.9102, val_ap 0.3007, minutes 12.36, lr 1.00e-03
    epoch 16: loss 0.9125, val_ap 0.3047, minutes 13.21, lr 1.00e-03
    epoch 17: loss 0.9072, val_ap 0.3090, minutes 14.03, lr 1.00e-03
    epoch 18: loss 0.9043, val_ap 0.3089, minutes 14.81, lr 1.00e-03
    epoch 19: loss 0.9051, val_ap 0.3094, minutes 15.62, lr 1.00e-03
    epoch 20: loss 0.8946, val_ap 0.3104, minutes 16.39, lr 1.00e-03
    epoch 21: loss 0.8931, val_ap 0.3099, minutes 17.24, lr 1.00e-03
    epoch 22: loss 0.8956, val_ap 0.3089, minutes 18.01, lr 1.00e-03
    epoch 23: loss 0.8976, val_ap 0.3082, minutes 18.81, lr 1.00e-03
    epoch 24: loss 0.8835, val_ap 0.3122, minutes 19.64, lr 1.00e-03
    epoch 25: loss 0.8896, val_ap 0.3115, minutes 20.36, lr 1.00e-03
    epoch 26: loss 0.8876, val_ap 0.3138, minutes 21.2, lr 1.00e-03
    epoch 27: loss 0.8839, val_ap 0.3161, minutes 21.98, lr 1.00e-03
    epoch 28: loss 0.8825, val_ap 0.3145, minutes 22.78, lr 1.00e-03
    epoch 29: loss 0.8798, val_ap 0.3125, minutes 23.5, lr 1.00e-03
    epoch 30: loss 0.8829, val_ap 0.3108, minutes 24.28, lr 1.00e-03
    epoch 31: loss 0.8807, val_ap 0.3113, minutes 25.1, lr 1.00e-03
    epoch 32: loss 0.8739, val_ap 0.3119, minutes 25.92, lr 1.00e-03
    epoch 33: loss 0.8757, val_ap 0.3133, minutes 26.67, lr 1.00e-03
    epoch 34: loss 0.8712, val_ap 0.3136, minutes 27.49, lr 1.00e-03
    epoch 35: loss 0.8741, val_ap 0.3136, minutes 28.28, lr 1.00e-03
    epoch 36: loss 0.8686, val_ap 0.3121, minutes 29.1, lr 5.00e-04
    epoch 37: loss 0.8580, val_ap 0.3153, minutes 29.9, lr 5.00e-04
    epoch 38: loss 0.8572, val_ap 0.3173, minutes 30.68, lr 5.00e-04
    epoch 39: loss 0.8637, val_ap 0.3123, minutes 31.5, lr 5.00e-04
    epoch 40: loss 0.8618, val_ap 0.3154, minutes 32.28, lr 5.00e-04
    epoch 41: loss 0.8516, val_ap 0.3159, minutes 33.05, lr 5.00e-04
    epoch 42: loss 0.8540, val_ap 0.3106, minutes 33.8, lr 5.00e-04
    epoch 43: loss 0.8557, val_ap 0.3141, minutes 34.59, lr 5.00e-04
    epoch 44: loss 0.8521, val_ap 0.3140, minutes 35.34, lr 5.00e-04
    epoch 45: loss 0.8521, val_ap 0.3095, minutes 36.11, lr 5.00e-04
    epoch 46: loss 0.8460, val_ap 0.3055, minutes 36.87, lr 5.00e-04
    epoch 47: loss 0.8475, val_ap 0.3161, minutes 37.66, lr 2.50e-04
    epoch 48: loss 0.8458, val_ap 0.3156, minutes 38.44, lr 2.50e-04
    epoch 49: loss 0.8435, val_ap 0.3129, minutes 39.22, lr 2.50e-04
    epoch 50: loss 0.8387, val_ap 0.3161, minutes 40.02, lr 2.50e-04
    epoch 51: loss 0.8452, val_ap 0.3176, minutes 40.77, lr 2.50e-04
    epoch 52: loss 0.8401, val_ap 0.3122, minutes 41.54, lr 2.50e-04
    epoch 53: loss 0.8414, val_ap 0.3131, minutes 42.33, lr 2.50e-04
    epoch 54: loss 0.8434, val_ap 0.3138, minutes 43.07, lr 2.50e-04
    epoch 55: loss 0.8352, val_ap 0.3090, minutes 43.8, lr 2.50e-04
    epoch 56: loss 0.8375, val_ap 0.3137, minutes 44.59, lr 2.50e-04
    epoch 57: loss 0.8432, val_ap 0.3122, minutes 45.38, lr 2.50e-04
    epoch 58: loss 0.8349, val_ap 0.3090, minutes 46.15, lr 2.50e-04
    epoch 59: loss 0.8355, val_ap 0.3112, minutes 46.97, lr 2.50e-04
    epoch 60: loss 0.8361, val_ap 0.3141, minutes 47.75, lr 1.25e-04
    epoch 61: loss 0.8354, val_ap 0.3098, minutes 48.55, lr 1.25e-04
    epoch 62: loss 0.8300, val_ap 0.3104, minutes 49.32, lr 1.25e-04
    epoch 63: loss 0.8315, val_ap 0.3117, minutes 50.06, lr 1.25e-04
    epoch 64: loss 0.8292, val_ap 0.3097, minutes 50.82, lr 1.25e-04
    epoch 65: loss 0.8319, val_ap 0.3100, minutes 51.58, lr 1.25e-04
    epoch 66: loss 0.8276, val_ap 0.3090, minutes 52.33, lr 1.25e-04
    epoch 67: loss 0.8272, val_ap 0.3077, minutes 53.09, lr 1.25e-04
    epoch 68: loss 0.8299, val_ap 0.3094, minutes 53.86, lr 1.25e-04
    epoch 69: loss 0.8325, val_ap 0.3095, minutes 54.64, lr 6.25e-05
    epoch 70: loss 0.8265, val_ap 0.3078, minutes 55.43, lr 6.25e-05
    epoch 71: loss 0.8295, val_ap 0.3075, minutes 56.22, lr 6.25e-05
    epoch 72: loss 0.8252, val_ap 0.3066, minutes 56.98, lr 6.25e-05
    epoch 73: loss 0.8268, val_ap 0.3071, minutes 57.72, lr 6.25e-05
    epoch 74: loss 0.8231, val_ap 0.3080, minutes 58.51, lr 6.25e-05
    epoch 75: loss 0.8262, val_ap 0.3062, minutes 59.25, lr 6.25e-05
    epoch 76: loss 0.8255, val_ap 0.3091, minutes 60.02, lr 6.25e-05
    stopping: no validation gain in 25 epochs
[gcn pooled_both fold 3 seed 2] done (60.7 min)
