loaded: dataset0 121,838 sites, data1 90,452
[fk_band_shuffled dataset0 fold 1 seed 1]
    band weights [0.415, 0.354, 0.231] (bands ((0, 30), (30, 75), (75, 150)))
    epoch 1: loss 1.9727, val_ap 0.1694, minutes 0.45, lr 3.33e-04
    epoch 2: loss 1.5991, val_ap 0.2326, minutes 0.96, lr 6.63e-04
    epoch 3: loss 1.3520, val_ap 0.4185, minutes 1.45, lr 9.92e-04
    epoch 4: loss 1.1839, val_ap 0.5118, minutes 1.91, lr 1.00e-03
    epoch 5: loss 1.0958, val_ap 0.5289, minutes 2.42, lr 1.00e-03
    epoch 6: loss 1.0852, val_ap 0.5346, minutes 2.91, lr 1.00e-03
    epoch 7: loss 1.0222, val_ap 0.5492, minutes 3.39, lr 1.00e-03
    epoch 8: loss 1.0147, val_ap 0.5618, minutes 3.85, lr 1.00e-03
    epoch 9: loss 1.0072, val_ap 0.5652, minutes 4.38, lr 1.00e-03
    epoch 10: loss 0.9827, val_ap 0.5551, minutes 4.93, lr 1.00e-03
    epoch 11: loss 0.9612, val_ap 0.5647, minutes 5.52, lr 1.00e-03
    epoch 12: loss 0.9514, val_ap 0.5689, minutes 6.09, lr 1.00e-03
    epoch 13: loss 0.9332, val_ap 0.5509, minutes 6.66, lr 1.00e-03
    epoch 14: loss 0.9348, val_ap 0.5599, minutes 7.22, lr 1.00e-03
    epoch 15: loss 0.9388, val_ap 0.5713, minutes 7.78, lr 1.00e-03
    epoch 16: loss 0.9267, val_ap 0.5781, minutes 8.35, lr 1.00e-03
    epoch 17: loss 0.9261, val_ap 0.5669, minutes 8.93, lr 1.00e-03
    epoch 18: loss 0.9034, val_ap 0.5734, minutes 9.5, lr 1.00e-03
    epoch 19: loss 0.8882, val_ap 0.5732, minutes 10.07, lr 1.00e-03
    epoch 20: loss 0.9243, val_ap 0.5637, minutes 10.66, lr 1.00e-03
    epoch 21: loss 0.9056, val_ap 0.5805, minutes 11.22, lr 1.00e-03
    epoch 22: loss 0.8987, val_ap 0.5772, minutes 11.83, lr 1.00e-03
    epoch 23: loss 0.8994, val_ap 0.5767, minutes 12.38, lr 1.00e-03
    epoch 24: loss 0.8706, val_ap 0.5751, minutes 12.95, lr 1.00e-03
    epoch 25: loss 0.8851, val_ap 0.5797, minutes 13.52, lr 1.00e-03
    epoch 26: loss 0.8734, val_ap 0.5831, minutes 14.1, lr 1.00e-03
    epoch 27: loss 0.8705, val_ap 0.5873, minutes 14.68, lr 1.00e-03
    epoch 28: loss 0.8541, val_ap 0.5838, minutes 15.26, lr 1.00e-03
    epoch 29: loss 0.8615, val_ap 0.5800, minutes 15.81, lr 1.00e-03
    epoch 30: loss 0.8474, val_ap 0.5874, minutes 16.33, lr 1.00e-03
    epoch 31: loss 0.8722, val_ap 0.5803, minutes 16.84, lr 1.00e-03
    epoch 32: loss 0.8610, val_ap 0.5858, minutes 17.34, lr 1.00e-03
    epoch 33: loss 0.8442, val_ap 0.5914, minutes 17.9, lr 1.00e-03
    epoch 34: loss 0.8414, val_ap 0.5849, minutes 18.47, lr 1.00e-03
    epoch 35: loss 0.8449, val_ap 0.5786, minutes 19.05, lr 1.00e-03
    epoch 36: loss 0.8611, val_ap 0.5789, minutes 19.62, lr 1.00e-03
    epoch 37: loss 0.8600, val_ap 0.5851, minutes 20.2, lr 1.00e-03
    epoch 38: loss 0.8298, val_ap 0.5841, minutes 20.79, lr 1.00e-03
    epoch 39: loss 0.8634, val_ap 0.5953, minutes 21.37, lr 1.00e-03
    epoch 40: loss 0.8251, val_ap 0.5928, minutes 21.96, lr 1.00e-03
    epoch 41: loss 0.8317, val_ap 0.5926, minutes 22.52, lr 1.00e-03
    epoch 42: loss 0.8142, val_ap 0.5928, minutes 23.11, lr 1.00e-03
    epoch 43: loss 0.8136, val_ap 0.5896, minutes 23.65, lr 1.00e-03
    epoch 44: loss 0.8135, val_ap 0.5936, minutes 24.26, lr 1.00e-03
    epoch 45: loss 0.8241, val_ap 0.5905, minutes 24.79, lr 1.00e-03
    epoch 46: loss 0.8066, val_ap 0.5926, minutes 25.41, lr 1.00e-03
    epoch 47: loss 0.8110, val_ap 0.5903, minutes 25.98, lr 1.00e-03
    epoch 48: loss 0.8028, val_ap 0.5893, minutes 26.58, lr 5.00e-04
    epoch 49: loss 0.7859, val_ap 0.5944, minutes 27.16, lr 5.00e-04
    epoch 50: loss 0.7927, val_ap 0.5947, minutes 27.72, lr 5.00e-04
    epoch 51: loss 0.7705, val_ap 0.5968, minutes 28.29, lr 5.00e-04
    epoch 52: loss 0.7675, val_ap 0.5952, minutes 28.85, lr 5.00e-04
    epoch 53: loss 0.7727, val_ap 0.5991, minutes 29.42, lr 5.00e-04
    epoch 54: loss 0.7757, val_ap 0.5993, minutes 29.99, lr 5.00e-04
    epoch 55: loss 0.7694, val_ap 0.5911, minutes 30.54, lr 5.00e-04
    epoch 56: loss 0.7665, val_ap 0.5889, minutes 31.1, lr 5.00e-04
    epoch 57: loss 0.7615, val_ap 0.5916, minutes 31.61, lr 5.00e-04
    epoch 58: loss 0.7744, val_ap 0.5945, minutes 32.13, lr 5.00e-04
    epoch 59: loss 0.7689, val_ap 0.5951, minutes 32.68, lr 5.00e-04
    epoch 60: loss 0.7677, val_ap 0.5945, minutes 33.2, lr 5.00e-04
    epoch 61: loss 0.7495, val_ap 0.5929, minutes 33.76, lr 5.00e-04
    epoch 62: loss 0.7605, val_ap 0.6009, minutes 34.26, lr 5.00e-04
    epoch 63: loss 0.7564, val_ap 0.5962, minutes 34.81, lr 5.00e-04
    epoch 64: loss 0.7519, val_ap 0.5976, minutes 35.34, lr 5.00e-04
    epoch 65: loss 0.7437, val_ap 0.5988, minutes 35.86, lr 5.00e-04
    epoch 66: loss 0.7456, val_ap 0.5989, minutes 36.35, lr 5.00e-04
    epoch 67: loss 0.7463, val_ap 0.5994, minutes 36.79, lr 5.00e-04
    epoch 68: loss 0.7299, val_ap 0.5961, minutes 37.29, lr 5.00e-04
    epoch 69: loss 0.7411, val_ap 0.5982, minutes 37.75, lr 5.00e-04
    epoch 70: loss 0.7419, val_ap 0.5988, minutes 38.21, lr 5.00e-04
    epoch 71: loss 0.7294, val_ap 0.6002, minutes 38.67, lr 2.50e-04
    epoch 72: loss 0.7194, val_ap 0.5987, minutes 39.16, lr 2.50e-04
    epoch 73: loss 0.7250, val_ap 0.5993, minutes 39.64, lr 2.50e-04
    epoch 74: loss 0.7270, val_ap 0.6012, minutes 40.13, lr 2.50e-04
    epoch 75: loss 0.7078, val_ap 0.5992, minutes 40.6, lr 2.50e-04
    epoch 76: loss 0.7215, val_ap 0.5980, minutes 41.11, lr 2.50e-04
    epoch 77: loss 0.7189, val_ap 0.5959, minutes 41.61, lr 2.50e-04
    epoch 78: loss 0.7051, val_ap 0.5980, minutes 42.08, lr 2.50e-04
    epoch 79: loss 0.7098, val_ap 0.5981, minutes 42.55, lr 2.50e-04
    epoch 80: loss 0.7131, val_ap 0.5976, minutes 43.03, lr 2.50e-04
    epoch 81: loss 0.7019, val_ap 0.5991, minutes 43.53, lr 2.50e-04
    epoch 82: loss 0.7107, val_ap 0.5940, minutes 43.99, lr 2.50e-04
    epoch 83: loss 0.7065, val_ap 0.5938, minutes 44.5, lr 1.25e-04
    epoch 84: loss 0.7003, val_ap 0.5965, minutes 44.96, lr 1.25e-04
    epoch 85: loss 0.6944, val_ap 0.5991, minutes 45.46, lr 1.25e-04
    epoch 86: loss 0.7108, val_ap 0.5987, minutes 45.92, lr 1.25e-04
    epoch 87: loss 0.6935, val_ap 0.5994, minutes 46.42, lr 1.25e-04
    epoch 88: loss 0.6959, val_ap 0.5975, minutes 46.87, lr 1.25e-04
    epoch 89: loss 0.6958, val_ap 0.5971, minutes 47.36, lr 1.25e-04
    epoch 90: loss 0.7006, val_ap 0.5980, minutes 47.8, lr 1.25e-04
    epoch 91: loss 0.6888, val_ap 0.5990, minutes 48.27, lr 1.25e-04
    epoch 92: loss 0.6897, val_ap 0.5970, minutes 48.72, lr 6.25e-05
    epoch 93: loss 0.6931, val_ap 0.5977, minutes 49.18, lr 6.25e-05
    epoch 94: loss 0.6846, val_ap 0.5988, minutes 49.66, lr 6.25e-05
    epoch 95: loss 0.6882, val_ap 0.5980, minutes 50.14, lr 6.25e-05
    epoch 96: loss 0.6822, val_ap 0.5974, minutes 50.62, lr 6.25e-05
    epoch 97: loss 0.6888, val_ap 0.5948, minutes 51.08, lr 6.25e-05
    epoch 98: loss 0.6781, val_ap 0.5975, minutes 51.57, lr 6.25e-05
    epoch 99: loss 0.6864, val_ap 0.5945, minutes 52.05, lr 6.25e-05
    stopping: no validation gain in 25 epochs
[fk_band_shuffled dataset0 fold 1 seed 1] done (52.8 min)
