loaded: dataset0 121,838 sites, data1 90,452
[h2gcn_aux_r100 pooled_both fold 1 seed 2]
    epoch 1: loss 1.8920, val_ap 0.1707, minutes 0.93, lr 3.31e-04
    epoch 2: loss 1.5712, val_ap 0.3008, minutes 1.79, lr 6.60e-04
    epoch 3: loss 1.3823, val_ap 0.4187, minutes 2.67, lr 9.89e-04
    epoch 4: loss 1.3033, val_ap 0.4145, minutes 3.48, lr 1.00e-03
    epoch 5: loss 1.2750, val_ap 0.4459, minutes 4.39, lr 1.00e-03
    epoch 6: loss 1.2397, val_ap 0.4536, minutes 5.23, lr 1.00e-03
    epoch 7: loss 1.2346, val_ap 0.4642, minutes 6.11, lr 1.00e-03
    epoch 8: loss 1.2250, val_ap 0.4658, minutes 7.0, lr 1.00e-03
    epoch 9: loss 1.2086, val_ap 0.4691, minutes 7.8, lr 1.00e-03
    epoch 10: loss 1.2087, val_ap 0.4765, minutes 8.66, lr 1.00e-03
    epoch 11: loss 1.1990, val_ap 0.4767, minutes 9.44, lr 1.00e-03
    epoch 12: loss 1.1862, val_ap 0.4803, minutes 10.22, lr 1.00e-03
    epoch 13: loss 1.2016, val_ap 0.4811, minutes 11.05, lr 1.00e-03
    epoch 14: loss 1.1913, val_ap 0.4814, minutes 11.85, lr 1.00e-03
    epoch 15: loss 1.1807, val_ap 0.4777, minutes 12.74, lr 1.00e-03
    epoch 16: loss 1.1691, val_ap 0.4854, minutes 13.56, lr 1.00e-03
    epoch 17: loss 1.1780, val_ap 0.4826, minutes 14.4, lr 1.00e-03
    epoch 18: loss 1.1683, val_ap 0.4888, minutes 15.25, lr 1.00e-03
    epoch 19: loss 1.1629, val_ap 0.4891, minutes 16.01, lr 1.00e-03
    epoch 20: loss 1.1559, val_ap 0.4890, minutes 16.82, lr 1.00e-03
    epoch 21: loss 1.1541, val_ap 0.4867, minutes 17.65, lr 1.00e-03
    epoch 22: loss 1.1479, val_ap 0.4907, minutes 18.53, lr 1.00e-03
    epoch 23: loss 1.1496, val_ap 0.4862, minutes 19.38, lr 1.00e-03
    epoch 24: loss 1.1424, val_ap 0.4870, minutes 20.12, lr 1.00e-03
    epoch 25: loss 1.1365, val_ap 0.4884, minutes 20.94, lr 1.00e-03
    epoch 26: loss 1.1340, val_ap 0.4871, minutes 21.75, lr 1.00e-03
    epoch 27: loss 1.1315, val_ap 0.4914, minutes 22.55, lr 1.00e-03
    epoch 28: loss 1.1260, val_ap 0.4885, minutes 23.42, lr 1.00e-03
    epoch 29: loss 1.1169, val_ap 0.4904, minutes 24.23, lr 1.00e-03
    epoch 30: loss 1.1149, val_ap 0.4910, minutes 25.03, lr 1.00e-03
    epoch 31: loss 1.1189, val_ap 0.4931, minutes 25.72, lr 1.00e-03
    epoch 32: loss 1.1149, val_ap 0.4937, minutes 26.45, lr 1.00e-03
    epoch 33: loss 1.1173, val_ap 0.4922, minutes 27.19, lr 1.00e-03
    epoch 34: loss 1.1041, val_ap 0.4910, minutes 27.87, lr 1.00e-03
    epoch 35: loss 1.1060, val_ap 0.4909, minutes 28.57, lr 1.00e-03
    epoch 36: loss 1.1009, val_ap 0.4906, minutes 29.27, lr 1.00e-03
    epoch 37: loss 1.0876, val_ap 0.4724, minutes 29.97, lr 1.00e-03
    epoch 38: loss 1.0878, val_ap 0.4911, minutes 30.62, lr 1.00e-03
    epoch 39: loss 1.0854, val_ap 0.4922, minutes 31.27, lr 1.00e-03
    epoch 40: loss 1.0950, val_ap 0.4962, minutes 31.9, lr 1.00e-03
    epoch 41: loss 1.0765, val_ap 0.4975, minutes 32.49, lr 1.00e-03
    epoch 42: loss 1.0735, val_ap 0.4930, minutes 33.12, lr 1.00e-03
    epoch 43: loss 1.0729, val_ap 0.4921, minutes 33.71, lr 1.00e-03
    epoch 44: loss 1.0637, val_ap 0.4936, minutes 34.23, lr 1.00e-03
    epoch 45: loss 1.0734, val_ap 0.4986, minutes 34.86, lr 1.00e-03
    epoch 46: loss 1.0640, val_ap 0.4928, minutes 35.41, lr 1.00e-03
    epoch 47: loss 1.0467, val_ap 0.4974, minutes 35.96, lr 1.00e-03
    epoch 48: loss 1.0516, val_ap 0.4879, minutes 36.51, lr 1.00e-03
    epoch 49: loss 1.0548, val_ap 0.4972, minutes 37.04, lr 1.00e-03
    epoch 50: loss 1.0528, val_ap 0.4908, minutes 37.5, lr 1.00e-03
    epoch 51: loss 1.0361, val_ap 0.4873, minutes 37.97, lr 1.00e-03
    epoch 52: loss 1.0497, val_ap 0.4922, minutes 38.44, lr 1.00e-03
    epoch 53: loss 1.0401, val_ap 0.4957, minutes 38.9, lr 1.00e-03
    epoch 54: loss 1.0340, val_ap 0.4910, minutes 39.37, lr 5.00e-04
    epoch 55: loss 1.0111, val_ap 0.4896, minutes 39.85, lr 5.00e-04
    epoch 56: loss 1.0029, val_ap 0.4916, minutes 40.32, lr 5.00e-04
    epoch 57: loss 1.0001, val_ap 0.4930, minutes 40.77, lr 5.00e-04
    epoch 58: loss 1.0009, val_ap 0.4892, minutes 41.22, lr 5.00e-04
    epoch 59: loss 1.0026, val_ap 0.4919, minutes 41.66, lr 5.00e-04
    epoch 60: loss 0.9933, val_ap 0.4906, minutes 42.09, lr 5.00e-04
    epoch 61: loss 0.9860, val_ap 0.4866, minutes 42.53, lr 5.00e-04
    epoch 62: loss 0.9776, val_ap 0.4859, minutes 42.98, lr 5.00e-04
    epoch 63: loss 0.9864, val_ap 0.4887, minutes 43.39, lr 2.50e-04
    epoch 64: loss 0.9687, val_ap 0.4882, minutes 43.8, lr 2.50e-04
    epoch 65: loss 0.9648, val_ap 0.4851, minutes 44.23, lr 2.50e-04
    epoch 66: loss 0.9705, val_ap 0.4857, minutes 44.65, lr 2.50e-04
    epoch 67: loss 0.9630, val_ap 0.4855, minutes 45.06, lr 2.50e-04
    epoch 68: loss 0.9589, val_ap 0.4872, minutes 45.47, lr 2.50e-04
    epoch 69: loss 0.9636, val_ap 0.4837, minutes 45.86, lr 2.50e-04
    epoch 70: loss 0.9548, val_ap 0.4805, minutes 46.23, lr 2.50e-04
    stopping: no validation gain in 25 epochs
[h2gcn_aux_r100 pooled_both fold 1 seed 2] done (46.7 min)
