loaded: dataset0 121,838 sites, data1 90,452
[h2gcn_noisy2 pooled_both fold 0]
    epoch 1: loss 0.3930, val_ap 0.1040, minutes 1.03, lr 3.31e-04
    epoch 2: loss 0.2051, val_ap 0.2060, minutes 2.11, lr 6.60e-04
    epoch 3: loss 0.1819, val_ap 0.3898, minutes 3.21, lr 9.89e-04
    epoch 4: loss 0.1606, val_ap 0.4271, minutes 4.28, lr 1.00e-03
    epoch 5: loss 0.1536, val_ap 0.4406, minutes 5.35, lr 1.00e-03
    epoch 6: loss 0.1489, val_ap 0.4595, minutes 6.42, lr 1.00e-03
    epoch 7: loss 0.1466, val_ap 0.4654, minutes 7.52, lr 1.00e-03
    epoch 8: loss 0.1460, val_ap 0.4644, minutes 8.61, lr 1.00e-03
    epoch 9: loss 0.1453, val_ap 0.4636, minutes 9.68, lr 1.00e-03
    epoch 10: loss 0.1449, val_ap 0.4636, minutes 10.75, lr 1.00e-03
    epoch 11: loss 0.1442, val_ap 0.4669, minutes 11.83, lr 1.00e-03
    epoch 12: loss 0.1430, val_ap 0.4742, minutes 12.9, lr 1.00e-03
    epoch 13: loss 0.1411, val_ap 0.4707, minutes 13.96, lr 1.00e-03
    epoch 14: loss 0.1411, val_ap 0.4757, minutes 15.03, lr 1.00e-03
    epoch 15: loss 0.1405, val_ap 0.4780, minutes 16.11, lr 1.00e-03
    epoch 16: loss 0.1401, val_ap 0.4765, minutes 17.16, lr 1.00e-03
    epoch 17: loss 0.1390, val_ap 0.4775, minutes 18.24, lr 1.00e-03
    epoch 18: loss 0.1394, val_ap 0.4827, minutes 19.3, lr 1.00e-03
    epoch 19: loss 0.1377, val_ap 0.4827, minutes 20.36, lr 1.00e-03
    epoch 20: loss 0.1376, val_ap 0.4812, minutes 21.41, lr 1.00e-03
    epoch 21: loss 0.1362, val_ap 0.4807, minutes 22.48, lr 1.00e-03
    epoch 22: loss 0.1375, val_ap 0.4880, minutes 23.52, lr 1.00e-03
    epoch 23: loss 0.1362, val_ap 0.4772, minutes 24.59, lr 1.00e-03
    epoch 24: loss 0.1366, val_ap 0.4867, minutes 25.65, lr 1.00e-03
    epoch 25: loss 0.1361, val_ap 0.4829, minutes 26.74, lr 1.00e-03
    epoch 26: loss 0.1347, val_ap 0.4848, minutes 27.8, lr 1.00e-03
    epoch 27: loss 0.1347, val_ap 0.4845, minutes 28.88, lr 1.00e-03
    epoch 28: loss 0.1341, val_ap 0.4701, minutes 29.94, lr 1.00e-03
    epoch 29: loss 0.1346, val_ap 0.4779, minutes 31.0, lr 1.00e-03
    epoch 30: loss 0.1336, val_ap 0.4799, minutes 32.06, lr 1.00e-03
    epoch 31: loss 0.1330, val_ap 0.4780, minutes 33.14, lr 5.00e-04
    epoch 32: loss 0.1316, val_ap 0.4847, minutes 34.2, lr 5.00e-04
    epoch 33: loss 0.1308, val_ap 0.4849, minutes 35.28, lr 5.00e-04
    epoch 34: loss 0.1312, val_ap 0.4887, minutes 36.37, lr 5.00e-04
    epoch 35: loss 0.1295, val_ap 0.4848, minutes 37.44, lr 5.00e-04
    epoch 36: loss 0.1300, val_ap 0.4778, minutes 38.52, lr 5.00e-04
    epoch 37: loss 0.1287, val_ap 0.4763, minutes 39.99, lr 5.00e-04
    epoch 38: loss 0.1299, val_ap 0.4873, minutes 41.9, lr 5.00e-04
    epoch 39: loss 0.1295, val_ap 0.4868, minutes 44.15, lr 5.00e-04
    epoch 40: loss 0.1279, val_ap 0.4873, minutes 46.38, lr 5.00e-04
    epoch 41: loss 0.1286, val_ap 0.4858, minutes 48.59, lr 5.00e-04
    epoch 42: loss 0.1277, val_ap 0.4803, minutes 50.85, lr 5.00e-04
    epoch 43: loss 0.1286, val_ap 0.4852, minutes 53.0, lr 2.50e-04
    epoch 44: loss 0.1266, val_ap 0.4791, minutes 55.07, lr 2.50e-04
    epoch 45: loss 0.1270, val_ap 0.4808, minutes 56.5, lr 2.50e-04
    epoch 46: loss 0.1263, val_ap 0.4781, minutes 57.58, lr 2.50e-04
    epoch 47: loss 0.1262, val_ap 0.4817, minutes 58.67, lr 2.50e-04
    epoch 48: loss 0.1251, val_ap 0.4784, minutes 59.76, lr 2.50e-04
    epoch 49: loss 0.1259, val_ap 0.4826, minutes 60.84, lr 2.50e-04
    epoch 50: loss 0.1257, val_ap 0.4806, minutes 61.92, lr 2.50e-04
    epoch 51: loss 0.1252, val_ap 0.4830, minutes 63.0, lr 2.50e-04
    epoch 52: loss 0.1254, val_ap 0.4820, minutes 64.07, lr 1.25e-04
    epoch 53: loss 0.1249, val_ap 0.4812, minutes 65.13, lr 1.25e-04
    epoch 54: loss 0.1254, val_ap 0.4825, minutes 66.2, lr 1.25e-04
    epoch 55: loss 0.1246, val_ap 0.4735, minutes 67.3, lr 1.25e-04
    epoch 56: loss 0.1245, val_ap 0.4779, minutes 68.38, lr 1.25e-04
    epoch 57: loss 0.1241, val_ap 0.4746, minutes 69.39, lr 1.25e-04
    epoch 58: loss 0.1241, val_ap 0.4769, minutes 70.39, lr 1.25e-04
    epoch 59: loss 0.1242, val_ap 0.4759, minutes 71.42, lr 1.25e-04
    stopping: no validation gain in 25 epochs
[h2gcn_noisy2 pooled_both fold 0] done (72.1 min)
