loaded: dataset0 121,838 sites, data1 90,452
[gps dataset0 fold 0 seed 2]
    epoch 1: loss 1.9552, val_ap 0.1678, minutes 1.35, lr 3.33e-04
    epoch 2: loss 1.5492, val_ap 0.2769, minutes 2.73, lr 6.63e-04
    epoch 3: loss 1.2956, val_ap 0.4284, minutes 4.12, lr 9.88e-04
    epoch 4: loss 1.1598, val_ap 0.4674, minutes 5.44, lr 1.00e-03
    epoch 5: loss 1.1038, val_ap 0.4531, minutes 6.79, lr 1.00e-03
    epoch 6: loss 1.0815, val_ap 0.4669, minutes 8.18, lr 1.00e-03
    epoch 7: loss 1.0300, val_ap 0.4708, minutes 9.59, lr 1.00e-03
    epoch 8: loss 1.0341, val_ap 0.4862, minutes 11.07, lr 1.00e-03
    epoch 9: loss 0.9847, val_ap 0.4787, minutes 12.48, lr 1.00e-03
    epoch 10: loss 0.9595, val_ap 0.4999, minutes 13.92, lr 1.00e-03
    epoch 11: loss 0.9484, val_ap 0.5115, minutes 15.35, lr 1.00e-03
    epoch 12: loss 0.9395, val_ap 0.5149, minutes 16.85, lr 1.00e-03
    epoch 13: loss 0.9487, val_ap 0.5198, minutes 18.36, lr 1.00e-03
    epoch 14: loss 0.9021, val_ap 0.5168, minutes 19.86, lr 1.00e-03
    epoch 15: loss 0.9197, val_ap 0.5208, minutes 21.31, lr 1.00e-03
    epoch 16: loss 0.9107, val_ap 0.5287, minutes 22.76, lr 1.00e-03
    epoch 17: loss 0.9352, val_ap 0.5229, minutes 24.19, lr 1.00e-03
    epoch 18: loss 0.9040, val_ap 0.5259, minutes 25.66, lr 1.00e-03
    epoch 19: loss 0.8908, val_ap 0.5302, minutes 27.08, lr 1.00e-03
    epoch 20: loss 0.8923, val_ap 0.5319, minutes 28.54, lr 1.00e-03
    epoch 21: loss 0.8774, val_ap 0.5297, minutes 29.96, lr 1.00e-03
    epoch 22: loss 0.8843, val_ap 0.5421, minutes 31.42, lr 1.00e-03
    epoch 23: loss 0.8876, val_ap 0.5352, minutes 32.79, lr 1.00e-03
    epoch 24: loss 0.8663, val_ap 0.5493, minutes 34.29, lr 1.00e-03
    epoch 25: loss 0.8590, val_ap 0.5443, minutes 35.77, lr 1.00e-03
    epoch 26: loss 0.8839, val_ap 0.5334, minutes 37.34, lr 1.00e-03
    epoch 27: loss 0.8529, val_ap 0.5412, minutes 38.8, lr 1.00e-03
    epoch 28: loss 0.8577, val_ap 0.5400, minutes 40.31, lr 1.00e-03
    epoch 29: loss 0.8415, val_ap 0.5579, minutes 41.77, lr 1.00e-03
    epoch 30: loss 0.8338, val_ap 0.5562, minutes 43.28, lr 1.00e-03
    epoch 31: loss 0.8472, val_ap 0.5593, minutes 44.77, lr 1.00e-03
    epoch 32: loss 0.8328, val_ap 0.5621, minutes 46.32, lr 1.00e-03
    epoch 33: loss 0.8437, val_ap 0.5707, minutes 47.77, lr 1.00e-03
    epoch 34: loss 0.8179, val_ap 0.5732, minutes 49.2, lr 1.00e-03
    epoch 35: loss 0.8143, val_ap 0.5788, minutes 50.69, lr 1.00e-03
    epoch 36: loss 0.8087, val_ap 0.5731, minutes 52.14, lr 1.00e-03
    epoch 37: loss 0.8162, val_ap 0.5722, minutes 53.62, lr 1.00e-03
    epoch 38: loss 0.8011, val_ap 0.5758, minutes 55.16, lr 1.00e-03
    epoch 39: loss 0.8077, val_ap 0.5761, minutes 56.63, lr 1.00e-03
    epoch 40: loss 0.7990, val_ap 0.5773, minutes 58.01, lr 1.00e-03
    epoch 41: loss 0.7892, val_ap 0.5811, minutes 59.55, lr 1.00e-03
    epoch 42: loss 0.7794, val_ap 0.5596, minutes 60.99, lr 1.00e-03
    epoch 43: loss 0.7719, val_ap 0.5773, minutes 62.53, lr 1.00e-03
    epoch 44: loss 0.7818, val_ap 0.5843, minutes 63.98, lr 1.00e-03
    epoch 45: loss 0.7892, val_ap 0.5590, minutes 65.52, lr 1.00e-03
    epoch 46: loss 0.7704, val_ap 0.5888, minutes 66.97, lr 1.00e-03
    epoch 47: loss 0.7795, val_ap 0.5745, minutes 68.51, lr 1.00e-03
    epoch 48: loss 0.7682, val_ap 0.5661, minutes 69.97, lr 1.00e-03
    epoch 49: loss 0.7551, val_ap 0.5816, minutes 71.47, lr 1.00e-03
    epoch 50: loss 0.7757, val_ap 0.5775, minutes 72.96, lr 1.00e-03
    epoch 51: loss 0.7438, val_ap 0.5819, minutes 74.41, lr 1.00e-03
    epoch 52: loss 0.7377, val_ap 0.5879, minutes 75.91, lr 1.00e-03
    epoch 53: loss 0.7440, val_ap 0.5757, minutes 77.42, lr 1.00e-03
    epoch 54: loss 0.7382, val_ap 0.5747, minutes 78.96, lr 1.00e-03
    epoch 55: loss 0.7292, val_ap 0.5720, minutes 80.42, lr 5.00e-04
    epoch 56: loss 0.7250, val_ap 0.5900, minutes 81.93, lr 5.00e-04
    epoch 57: loss 0.7122, val_ap 0.5822, minutes 83.38, lr 5.00e-04
    epoch 58: loss 0.6922, val_ap 0.5903, minutes 84.91, lr 5.00e-04
    epoch 59: loss 0.7026, val_ap 0.5789, minutes 86.44, lr 5.00e-04
    epoch 60: loss 0.7048, val_ap 0.5820, minutes 88.02, lr 5.00e-04
    epoch 61: loss 0.6868, val_ap 0.5885, minutes 89.58, lr 5.00e-04
    epoch 62: loss 0.6844, val_ap 0.5872, minutes 91.08, lr 5.00e-04
    epoch 63: loss 0.6903, val_ap 0.5758, minutes 92.6, lr 5.00e-04
    epoch 64: loss 0.6756, val_ap 0.5922, minutes 94.07, lr 5.00e-04
    epoch 65: loss 0.6776, val_ap 0.5811, minutes 95.57, lr 5.00e-04
    epoch 66: loss 0.6927, val_ap 0.5769, minutes 97.12, lr 5.00e-04
    epoch 67: loss 0.6743, val_ap 0.5670, minutes 98.63, lr 5.00e-04
    epoch 68: loss 0.6781, val_ap 0.5856, minutes 100.19, lr 5.00e-04
    epoch 69: loss 0.6667, val_ap 0.5881, minutes 101.66, lr 5.00e-04
    epoch 70: loss 0.6786, val_ap 0.5766, minutes 103.14, lr 5.00e-04
    epoch 71: loss 0.6732, val_ap 0.5671, minutes 104.59, lr 5.00e-04
    epoch 72: loss 0.6651, val_ap 0.5776, minutes 106.06, lr 5.00e-04
    epoch 73: loss 0.6610, val_ap 0.5759, minutes 107.55, lr 2.50e-04
    epoch 74: loss 0.6418, val_ap 0.5752, minutes 109.0, lr 2.50e-04
    epoch 75: loss 0.6409, val_ap 0.5757, minutes 110.48, lr 2.50e-04
    epoch 76: loss 0.6369, val_ap 0.5709, minutes 112.0, lr 2.50e-04
    epoch 77: loss 0.6490, val_ap 0.5660, minutes 113.41, lr 2.50e-04
    epoch 78: loss 0.6328, val_ap 0.5759, minutes 114.86, lr 2.50e-04
    epoch 79: loss 0.6287, val_ap 0.5705, minutes 116.32, lr 2.50e-04
    epoch 80: loss 0.6243, val_ap 0.5758, minutes 117.78, lr 2.50e-04
    epoch 81: loss 0.6365, val_ap 0.5611, minutes 119.2, lr 2.50e-04
    epoch 82: loss 0.6280, val_ap 0.5615, minutes 120.64, lr 1.25e-04
    epoch 83: loss 0.6226, val_ap 0.5666, minutes 122.11, lr 1.25e-04
    epoch 84: loss 0.6277, val_ap 0.5632, minutes 123.51, lr 1.25e-04
    epoch 85: loss 0.6204, val_ap 0.5676, minutes 124.93, lr 1.25e-04
    epoch 86: loss 0.6132, val_ap 0.5675, minutes 126.43, lr 1.25e-04
    epoch 87: loss 0.6153, val_ap 0.5668, minutes 127.86, lr 1.25e-04
    epoch 88: loss 0.6269, val_ap 0.5652, minutes 129.29, lr 1.25e-04
    epoch 89: loss 0.6048, val_ap 0.5643, minutes 130.78, lr 1.25e-04
    stopping: no validation gain in 25 epochs
[gps dataset0 fold 0 seed 2] done (131.6 min)
