loaded: dataset0 121,838 sites, data1 90,452
[h2gcn_aux pooled_both fold 4]
    epoch 1: loss 1.8878, val_ap 0.1595, minutes 0.51, lr 3.31e-04
    epoch 2: loss 1.5362, val_ap 0.3109, minutes 1.07, lr 6.60e-04
    epoch 3: loss 1.3858, val_ap 0.4087, minutes 1.63, lr 9.89e-04
    epoch 4: loss 1.3207, val_ap 0.4353, minutes 2.18, lr 1.00e-03
    epoch 5: loss 1.2882, val_ap 0.4431, minutes 2.71, lr 1.00e-03
    epoch 6: loss 1.2706, val_ap 0.4461, minutes 3.26, lr 1.00e-03
    epoch 7: loss 1.2646, val_ap 0.4497, minutes 3.81, lr 1.00e-03
    epoch 8: loss 1.2463, val_ap 0.4493, minutes 4.41, lr 1.00e-03
    epoch 9: loss 1.2489, val_ap 0.4511, minutes 4.92, lr 1.00e-03
    epoch 10: loss 1.2272, val_ap 0.4539, minutes 5.4, lr 1.00e-03
    epoch 11: loss 1.2229, val_ap 0.4558, minutes 5.91, lr 1.00e-03
    epoch 12: loss 1.2274, val_ap 0.4541, minutes 6.39, lr 1.00e-03
    epoch 13: loss 1.2060, val_ap 0.4559, minutes 6.86, lr 1.00e-03
    epoch 14: loss 1.2016, val_ap 0.4570, minutes 7.31, lr 1.00e-03
    epoch 15: loss 1.2060, val_ap 0.4615, minutes 7.78, lr 1.00e-03
    epoch 16: loss 1.1896, val_ap 0.4627, minutes 8.27, lr 1.00e-03
    epoch 17: loss 1.1943, val_ap 0.4665, minutes 8.74, lr 1.00e-03
    epoch 18: loss 1.1783, val_ap 0.4659, minutes 9.2, lr 1.00e-03
    epoch 19: loss 1.1773, val_ap 0.4623, minutes 9.67, lr 1.00e-03
    epoch 20: loss 1.1794, val_ap 0.4694, minutes 10.13, lr 1.00e-03
    epoch 21: loss 1.1651, val_ap 0.4717, minutes 10.64, lr 1.00e-03
    epoch 22: loss 1.1623, val_ap 0.4722, minutes 11.13, lr 1.00e-03
    epoch 23: loss 1.1741, val_ap 0.4691, minutes 11.61, lr 1.00e-03
    epoch 24: loss 1.1600, val_ap 0.4664, minutes 12.07, lr 1.00e-03
    epoch 25: loss 1.1516, val_ap 0.4638, minutes 12.52, lr 1.00e-03
    epoch 26: loss 1.1563, val_ap 0.4764, minutes 12.96, lr 1.00e-03
    epoch 27: loss 1.1346, val_ap 0.4806, minutes 13.41, lr 1.00e-03
    epoch 28: loss 1.1424, val_ap 0.4757, minutes 13.86, lr 1.00e-03
    epoch 29: loss 1.1355, val_ap 0.4777, minutes 14.32, lr 1.00e-03
    epoch 30: loss 1.1346, val_ap 0.4783, minutes 14.78, lr 1.00e-03
    epoch 31: loss 1.1375, val_ap 0.4782, minutes 15.24, lr 1.00e-03
    epoch 32: loss 1.1243, val_ap 0.4705, minutes 15.7, lr 1.00e-03
    epoch 33: loss 1.1244, val_ap 0.4750, minutes 16.18, lr 1.00e-03
    epoch 34: loss 1.1134, val_ap 0.4853, minutes 16.64, lr 1.00e-03
    epoch 35: loss 1.1056, val_ap 0.4796, minutes 17.08, lr 1.00e-03
    epoch 36: loss 1.1070, val_ap 0.4784, minutes 17.56, lr 1.00e-03
    epoch 37: loss 1.1017, val_ap 0.4865, minutes 18.02, lr 1.00e-03
    epoch 38: loss 1.1064, val_ap 0.4791, minutes 18.48, lr 1.00e-03
    epoch 39: loss 1.0966, val_ap 0.4858, minutes 18.93, lr 1.00e-03
    epoch 40: loss 1.0842, val_ap 0.4744, minutes 19.41, lr 1.00e-03
    epoch 41: loss 1.0827, val_ap 0.4719, minutes 19.88, lr 1.00e-03
    epoch 42: loss 1.0803, val_ap 0.4768, minutes 20.34, lr 1.00e-03
    epoch 43: loss 1.0744, val_ap 0.4826, minutes 20.8, lr 1.00e-03
    epoch 44: loss 1.0632, val_ap 0.4755, minutes 21.24, lr 1.00e-03
    epoch 45: loss 1.0647, val_ap 0.4748, minutes 21.64, lr 1.00e-03
    epoch 46: loss 1.0646, val_ap 0.4770, minutes 22.03, lr 5.00e-04
    epoch 47: loss 1.0359, val_ap 0.4713, minutes 22.41, lr 5.00e-04
    epoch 48: loss 1.0301, val_ap 0.4732, minutes 22.79, lr 5.00e-04
    epoch 49: loss 1.0332, val_ap 0.4730, minutes 23.17, lr 5.00e-04
    epoch 50: loss 1.0289, val_ap 0.4763, minutes 23.55, lr 5.00e-04
    epoch 51: loss 1.0190, val_ap 0.4729, minutes 23.93, lr 5.00e-04
    epoch 52: loss 1.0248, val_ap 0.4630, minutes 24.31, lr 5.00e-04
    epoch 53: loss 1.0287, val_ap 0.4738, minutes 24.7, lr 5.00e-04
    epoch 54: loss 1.0191, val_ap 0.4686, minutes 25.08, lr 5.00e-04
    epoch 55: loss 1.0051, val_ap 0.4648, minutes 25.47, lr 2.50e-04
    epoch 56: loss 1.0002, val_ap 0.4706, minutes 25.85, lr 2.50e-04
    epoch 57: loss 0.9964, val_ap 0.4738, minutes 26.24, lr 2.50e-04
    epoch 58: loss 0.9928, val_ap 0.4694, minutes 26.62, lr 2.50e-04
    epoch 59: loss 0.9907, val_ap 0.4697, minutes 27.0, lr 2.50e-04
    epoch 60: loss 0.9901, val_ap 0.4683, minutes 27.39, lr 2.50e-04
    epoch 61: loss 0.9899, val_ap 0.4687, minutes 27.77, lr 2.50e-04
    epoch 62: loss 0.9838, val_ap 0.4683, minutes 28.17, lr 2.50e-04
    stopping: no validation gain in 25 epochs
[h2gcn_aux pooled_both fold 4] done (28.6 min)
