loaded: dataset0 121,838 sites, data1 90,452
[set_transformer pooled_both fold 4 seed 2]
    epoch 1: loss 1.036465814113617, minutes 2.78, val_ap 0.3860319830029027, lr 0.0003338888888888889
    epoch 2: loss 0.9100745934744676, minutes 6.25, val_ap 0.3933944724541477, lr 0.0006672222222222223
    epoch 3: loss 0.881659912665685, minutes 9.72, val_ap 0.4081062973060931, lr 0.001
    epoch 4: loss 0.8622226084272067, minutes 13.17, val_ap 0.43001225828973016, lr 0.001
    epoch 5: loss 0.8530849654475848, minutes 16.67, val_ap 0.4317653320744556, lr 0.001
    epoch 6: loss 0.8462067543963592, minutes 20.19, val_ap 0.43186492741781196, lr 0.001
    epoch 7: loss 0.839814213613669, minutes 23.56, val_ap 0.43674348923403944, lr 0.001
    epoch 8: loss 0.8346567682921886, minutes 27.0, val_ap 0.447408381833419, lr 0.001
    epoch 9: loss 0.8300882496436437, minutes 30.45, val_ap 0.4432752395388864, lr 0.001
    epoch 10: loss 0.8331660617887974, minutes 33.88, val_ap 0.43866227902781835, lr 0.001
    epoch 11: loss 0.8238695509235064, minutes 37.36, val_ap 0.45427712731608133, lr 0.001
    epoch 12: loss 0.821656228651603, minutes 40.84, val_ap 0.44638253433842634, lr 0.001
    epoch 13: loss 0.81773926983277, minutes 44.28, val_ap 0.44307707796256585, lr 0.001
    epoch 14: loss 0.8232431476314862, minutes 47.74, val_ap 0.44080913958760076, lr 0.001
    epoch 15: loss 0.8175020893911521, minutes 51.13, val_ap 0.4537257753053655, lr 0.001
    epoch 16: loss 0.8088295228779316, minutes 54.54, val_ap 0.44889206994995573, lr 0.001
    epoch 17: loss 0.8060039339959622, minutes 57.99, val_ap 0.4555925619109328, lr 0.001
    epoch 18: loss 0.8034625069797039, minutes 61.39, val_ap 0.4547135175922308, lr 0.001
    epoch 19: loss 0.8014999526242416, minutes 64.71, val_ap 0.4558748422304338, lr 0.001
    epoch 20: loss 0.7976927716036638, minutes 68.17, val_ap 0.44170113681001355, lr 0.001
    epoch 21: loss 0.796327406913042, minutes 71.54, val_ap 0.4456842582730005, lr 0.001
    epoch 22: loss 0.7954061790804068, minutes 74.93, val_ap 0.43864666319499673, lr 0.001
    epoch 23: loss 0.7927634566028913, minutes 78.27, val_ap 0.45048735118850847, lr 0.001
    epoch 24: loss 0.7881572705507278, minutes 81.66, val_ap 0.44680394293595865, lr 0.001
    epoch 25: loss 0.7824667965372404, minutes 84.98, val_ap 0.45241551687973963, lr 0.001
    epoch 26: loss 0.7840050410230954, minutes 88.38, val_ap 0.4549319546005372, lr 0.001
    epoch 27: loss 0.7781971046328544, minutes 91.69, val_ap 0.45238980387032224, lr 0.001
    epoch 28: loss 0.7787390863895416, minutes 95.02, val_ap 0.4518982517892526, lr 0.0005
    epoch 29: loss 0.7511465185383955, minutes 98.32, val_ap 0.46237929464329164, lr 0.0005
    epoch 30: loss 0.7462308411796887, minutes 101.63, val_ap 0.4482230917135754, lr 0.0005
    epoch 31: loss 0.7379636253416538, minutes 104.86, val_ap 0.45429925579613967, lr 0.0005
    epoch 32: loss 0.7374827339748542, minutes 108.21, val_ap 0.446545557101893, lr 0.0005
    epoch 33: loss 0.7299708069860935, minutes 111.49, val_ap 0.45330821461081033, lr 0.0005
    epoch 34: loss 0.7251183497409026, minutes 114.74, val_ap 0.4532181423466599, lr 0.0005
    epoch 35: loss 0.7187915241221586, minutes 117.98, val_ap 0.451452995816206, lr 0.0005
    epoch 36: loss 0.721644512762626, minutes 121.22, val_ap 0.45146690632846553, lr 0.0005
    epoch 37: loss 0.7180936755239964, minutes 124.33, val_ap 0.46041277323054475, lr 0.0005
    epoch 38: loss 0.7136230432490508, minutes 127.6, val_ap 0.4305807358291235, lr 0.00025
    epoch 39: loss 0.6906909990807374, minutes 130.87, val_ap 0.44188636344792415, lr 0.00025
    epoch 40: loss 0.6817803105711937, minutes 134.1, val_ap 0.44406909430344, lr 0.00025
    epoch 41: loss 0.6787015817066033, minutes 137.39, val_ap 0.4426709755035411, lr 0.00025
    epoch 42: loss 0.682086148460706, minutes 140.69, val_ap 0.44215945575253723, lr 0.00025
    epoch 43: loss 0.6812045598526796, minutes 143.94, val_ap 0.4394748000440998, lr 0.00025
    epoch 44: loss 0.6715809976061186, minutes 147.21, val_ap 0.43267060819561026, lr 0.00025
    epoch 45: loss 0.6644438176353773, minutes 150.39, val_ap 0.44145619941012426, lr 0.00025
    epoch 46: loss 0.6594791463514169, minutes 153.66, val_ap 0.434530717663137, lr 0.00025
    epoch 47: loss 0.6566789448261261, minutes 156.89, val_ap 0.44058793404990104, lr 0.000125
    epoch 48: loss 0.6434155832231044, minutes 160.03, val_ap 0.43983947699071907, lr 0.000125
    epoch 49: loss 0.6423796168466409, minutes 163.23, val_ap 0.4452241024460774, lr 0.000125
    epoch 50: loss 0.6413017974297206, minutes 166.36, val_ap 0.43882587373945464, lr 0.000125
    epoch 51: loss 0.6394948991636435, minutes 169.52, val_ap 0.443899385633376, lr 0.000125
    epoch 52: loss 0.6301041374107202, minutes 172.71, val_ap 0.43980597011415495, lr 0.000125
    epoch 53: loss 0.6343922790884972, minutes 175.82, val_ap 0.430171073106764, lr 0.000125
    stopping: no validation gain in 25 epochs
[set_transformer pooled_both fold 4 seed 2] done (181.2 min)
