loaded: dataset0 121,838 sites, data1 90,452
[h2gcn_noisy pooled_both fold 4]
    epoch 1: loss 1.2547, val_ap 0.1602, minutes 0.84, lr 3.31e-04
    epoch 2: loss 1.0225, val_ap 0.3139, minutes 1.66, lr 6.60e-04
    epoch 3: loss 0.9218, val_ap 0.4260, minutes 2.46, lr 9.89e-04
    epoch 4: loss 0.8543, val_ap 0.4491, minutes 3.19, lr 1.00e-03
    epoch 5: loss 0.8178, val_ap 0.4663, minutes 3.84, lr 1.00e-03
    epoch 6: loss 0.8020, val_ap 0.4742, minutes 4.58, lr 1.00e-03
    epoch 7: loss 0.7780, val_ap 0.4644, minutes 5.41, lr 1.00e-03
    epoch 8: loss 0.7718, val_ap 0.4721, minutes 6.23, lr 1.00e-03
    epoch 9: loss 0.7627, val_ap 0.4796, minutes 7.09, lr 1.00e-03
    epoch 10: loss 0.7478, val_ap 0.4794, minutes 7.97, lr 1.00e-03
    epoch 11: loss 0.7449, val_ap 0.4872, minutes 8.77, lr 1.00e-03
    epoch 12: loss 0.7314, val_ap 0.4774, minutes 9.6, lr 1.00e-03
    epoch 13: loss 0.7287, val_ap 0.4777, minutes 10.47, lr 1.00e-03
    epoch 14: loss 0.7215, val_ap 0.4853, minutes 11.29, lr 1.00e-03
    epoch 15: loss 0.7216, val_ap 0.4869, minutes 12.11, lr 1.00e-03
    epoch 16: loss 0.7078, val_ap 0.4842, minutes 12.93, lr 1.00e-03
    epoch 17: loss 0.7210, val_ap 0.4847, minutes 13.7, lr 1.00e-03
    epoch 18: loss 0.6994, val_ap 0.4864, minutes 14.43, lr 1.00e-03
    epoch 19: loss 0.6959, val_ap 0.4891, minutes 15.19, lr 1.00e-03
    epoch 20: loss 0.6944, val_ap 0.4842, minutes 15.99, lr 1.00e-03
    epoch 21: loss 0.6823, val_ap 0.4906, minutes 16.75, lr 1.00e-03
    epoch 22: loss 0.6781, val_ap 0.4902, minutes 17.57, lr 1.00e-03
    epoch 23: loss 0.6853, val_ap 0.4868, minutes 18.36, lr 1.00e-03
    epoch 24: loss 0.6787, val_ap 0.4839, minutes 19.12, lr 1.00e-03
    epoch 25: loss 0.6719, val_ap 0.4847, minutes 19.92, lr 1.00e-03
    epoch 26: loss 0.6794, val_ap 0.4940, minutes 20.74, lr 1.00e-03
    epoch 27: loss 0.6661, val_ap 0.4928, minutes 21.5, lr 1.00e-03
    epoch 28: loss 0.6695, val_ap 0.4957, minutes 22.3, lr 1.00e-03
    epoch 29: loss 0.6591, val_ap 0.4940, minutes 23.08, lr 1.00e-03
    epoch 30: loss 0.6574, val_ap 0.4975, minutes 23.82, lr 1.00e-03
    epoch 31: loss 0.6595, val_ap 0.4874, minutes 24.62, lr 1.00e-03
    epoch 32: loss 0.6594, val_ap 0.4974, minutes 25.36, lr 1.00e-03
    epoch 33: loss 0.6564, val_ap 0.4949, minutes 26.13, lr 1.00e-03
    epoch 34: loss 0.6436, val_ap 0.4989, minutes 26.96, lr 1.00e-03
    epoch 35: loss 0.6450, val_ap 0.4979, minutes 27.74, lr 1.00e-03
    epoch 36: loss 0.6429, val_ap 0.5053, minutes 28.53, lr 1.00e-03
    epoch 37: loss 0.6392, val_ap 0.4963, minutes 29.34, lr 1.00e-03
    epoch 38: loss 0.6374, val_ap 0.5059, minutes 30.12, lr 1.00e-03
    epoch 39: loss 0.6350, val_ap 0.4949, minutes 30.93, lr 1.00e-03
    epoch 40: loss 0.6235, val_ap 0.5048, minutes 31.73, lr 1.00e-03
    epoch 41: loss 0.6329, val_ap 0.4973, minutes 32.47, lr 1.00e-03
    epoch 42: loss 0.6313, val_ap 0.5023, minutes 33.26, lr 1.00e-03
    epoch 43: loss 0.6167, val_ap 0.5023, minutes 34.06, lr 1.00e-03
    epoch 44: loss 0.6151, val_ap 0.5044, minutes 34.87, lr 1.00e-03
    epoch 45: loss 0.6152, val_ap 0.5032, minutes 35.66, lr 1.00e-03
    epoch 46: loss 0.6164, val_ap 0.5012, minutes 36.46, lr 1.00e-03
    epoch 47: loss 0.6081, val_ap 0.5037, minutes 37.29, lr 5.00e-04
    epoch 48: loss 0.5959, val_ap 0.5017, minutes 38.06, lr 5.00e-04
    epoch 49: loss 0.5951, val_ap 0.4987, minutes 38.87, lr 5.00e-04
    epoch 50: loss 0.5881, val_ap 0.4970, minutes 39.66, lr 5.00e-04
    epoch 51: loss 0.5826, val_ap 0.4920, minutes 40.39, lr 5.00e-04
    epoch 52: loss 0.5858, val_ap 0.4965, minutes 41.13, lr 5.00e-04
    epoch 53: loss 0.5906, val_ap 0.4947, minutes 41.85, lr 5.00e-04
    epoch 54: loss 0.5856, val_ap 0.4983, minutes 42.58, lr 5.00e-04
    epoch 55: loss 0.5754, val_ap 0.4972, minutes 43.37, lr 5.00e-04
    epoch 56: loss 0.5747, val_ap 0.4958, minutes 44.14, lr 2.50e-04
    epoch 57: loss 0.5662, val_ap 0.4976, minutes 44.87, lr 2.50e-04
    epoch 58: loss 0.5653, val_ap 0.4971, minutes 45.7, lr 2.50e-04
    epoch 59: loss 0.5633, val_ap 0.5029, minutes 46.45, lr 2.50e-04
    epoch 60: loss 0.5608, val_ap 0.4945, minutes 47.25, lr 2.50e-04
    epoch 61: loss 0.5598, val_ap 0.4958, minutes 48.03, lr 2.50e-04
    epoch 62: loss 0.5600, val_ap 0.4956, minutes 48.81, lr 2.50e-04
    epoch 63: loss 0.5602, val_ap 0.4975, minutes 49.58, lr 2.50e-04
    stopping: no validation gain in 25 epochs
[h2gcn_noisy pooled_both fold 4] done (50.2 min)
