loaded: dataset0 121,838 sites, data1 90,452
[res_gate dataset0 fold 4 seed 1]
    kernel decay scale 97.3 nt (fitted to cell line 1 training labels)
    epoch 1: loss 1.9665, val_ap 0.1404, minutes 0.5, lr 3.33e-04
    epoch 2: loss 1.6022, val_ap 0.2211, minutes 1.05, lr 6.63e-04
    epoch 3: loss 1.3630, val_ap 0.4071, minutes 1.52, lr 9.92e-04
    epoch 4: loss 1.1997, val_ap 0.4835, minutes 2.04, lr 1.00e-03
    epoch 5: loss 1.1375, val_ap 0.4929, minutes 2.57, lr 1.00e-03
    epoch 6: loss 1.1187, val_ap 0.4991, minutes 3.09, lr 1.00e-03
    epoch 7: loss 1.0778, val_ap 0.4985, minutes 3.57, lr 1.00e-03
    epoch 8: loss 1.0411, val_ap 0.5028, minutes 4.07, lr 1.00e-03
    epoch 9: loss 1.0380, val_ap 0.5198, minutes 4.57, lr 1.00e-03
    epoch 10: loss 1.0463, val_ap 0.5323, minutes 5.08, lr 1.00e-03
    epoch 11: loss 0.9978, val_ap 0.5378, minutes 5.58, lr 1.00e-03
    epoch 12: loss 1.0200, val_ap 0.5388, minutes 6.1, lr 1.00e-03
    epoch 13: loss 0.9752, val_ap 0.5416, minutes 6.6, lr 1.00e-03
    epoch 14: loss 0.9789, val_ap 0.5398, minutes 7.09, lr 1.00e-03
    epoch 15: loss 0.9682, val_ap 0.5394, minutes 7.61, lr 1.00e-03
    epoch 16: loss 0.9853, val_ap 0.5544, minutes 8.08, lr 1.00e-03
    epoch 17: loss 0.9759, val_ap 0.5485, minutes 8.59, lr 1.00e-03
    epoch 18: loss 0.9660, val_ap 0.5508, minutes 9.08, lr 1.00e-03
    epoch 19: loss 0.9380, val_ap 0.5472, minutes 9.58, lr 1.00e-03
    epoch 20: loss 0.9581, val_ap 0.5476, minutes 10.07, lr 1.00e-03
    epoch 21: loss 0.9330, val_ap 0.5430, minutes 10.56, lr 1.00e-03
    epoch 22: loss 0.9271, val_ap 0.5469, minutes 11.04, lr 1.00e-03
    epoch 23: loss 0.9383, val_ap 0.5591, minutes 11.51, lr 1.00e-03
    epoch 24: loss 0.9406, val_ap 0.5498, minutes 12.0, lr 1.00e-03
    epoch 25: loss 0.9317, val_ap 0.5533, minutes 12.48, lr 1.00e-03
    epoch 26: loss 0.9313, val_ap 0.5621, minutes 13.01, lr 1.00e-03
    epoch 27: loss 0.9229, val_ap 0.5528, minutes 13.48, lr 1.00e-03
    epoch 28: loss 0.9418, val_ap 0.5558, minutes 14.01, lr 1.00e-03
    epoch 29: loss 0.9063, val_ap 0.5608, minutes 14.54, lr 1.00e-03
    epoch 30: loss 0.8989, val_ap 0.5619, minutes 15.03, lr 1.00e-03
    epoch 31: loss 0.9045, val_ap 0.5569, minutes 15.55, lr 1.00e-03
    epoch 32: loss 0.8994, val_ap 0.5657, minutes 16.06, lr 1.00e-03
    epoch 33: loss 0.9083, val_ap 0.5711, minutes 16.58, lr 1.00e-03
    epoch 34: loss 0.8836, val_ap 0.5709, minutes 17.1, lr 1.00e-03
    epoch 35: loss 0.9015, val_ap 0.5605, minutes 17.65, lr 1.00e-03
    epoch 36: loss 0.8920, val_ap 0.5750, minutes 18.14, lr 1.00e-03
    epoch 37: loss 0.8787, val_ap 0.5736, minutes 18.62, lr 1.00e-03
    epoch 38: loss 0.9029, val_ap 0.5816, minutes 19.17, lr 1.00e-03
    epoch 39: loss 0.8811, val_ap 0.5838, minutes 19.68, lr 1.00e-03
    epoch 40: loss 0.8637, val_ap 0.5799, minutes 20.21, lr 1.00e-03
    epoch 41: loss 0.8845, val_ap 0.5819, minutes 20.74, lr 1.00e-03
    epoch 42: loss 0.8762, val_ap 0.5850, minutes 21.26, lr 1.00e-03
    epoch 43: loss 0.8826, val_ap 0.5870, minutes 21.76, lr 1.00e-03
    epoch 44: loss 0.8682, val_ap 0.5875, minutes 22.26, lr 1.00e-03
    epoch 45: loss 0.8532, val_ap 0.5917, minutes 22.78, lr 1.00e-03
    epoch 46: loss 0.8637, val_ap 0.5831, minutes 23.32, lr 1.00e-03
    epoch 47: loss 0.8730, val_ap 0.5897, minutes 23.89, lr 1.00e-03
    epoch 48: loss 0.8906, val_ap 0.5830, minutes 24.42, lr 1.00e-03
    epoch 49: loss 0.8438, val_ap 0.5925, minutes 24.93, lr 1.00e-03
    epoch 50: loss 0.8492, val_ap 0.5923, minutes 25.44, lr 1.00e-03
    epoch 51: loss 0.8523, val_ap 0.5937, minutes 25.95, lr 1.00e-03
    epoch 52: loss 0.8617, val_ap 0.5907, minutes 26.46, lr 1.00e-03
    epoch 53: loss 0.8549, val_ap 0.5923, minutes 26.98, lr 1.00e-03
    epoch 54: loss 0.8523, val_ap 0.5942, minutes 27.49, lr 1.00e-03
    epoch 55: loss 0.8320, val_ap 0.5952, minutes 27.97, lr 1.00e-03
    epoch 56: loss 0.8462, val_ap 0.6012, minutes 28.5, lr 1.00e-03
    epoch 57: loss 0.8407, val_ap 0.5923, minutes 29.04, lr 1.00e-03
    epoch 58: loss 0.8444, val_ap 0.5937, minutes 29.56, lr 1.00e-03
    epoch 59: loss 0.8383, val_ap 0.5971, minutes 30.05, lr 1.00e-03
    epoch 60: loss 0.8428, val_ap 0.6022, minutes 30.56, lr 1.00e-03
    epoch 61: loss 0.8508, val_ap 0.5903, minutes 31.09, lr 1.00e-03
    epoch 62: loss 0.8222, val_ap 0.6053, minutes 31.6, lr 1.00e-03
    epoch 63: loss 0.8175, val_ap 0.6019, minutes 32.15, lr 1.00e-03
    epoch 64: loss 0.8157, val_ap 0.6045, minutes 32.68, lr 1.00e-03
    epoch 65: loss 0.8222, val_ap 0.6050, minutes 33.19, lr 1.00e-03
    epoch 66: loss 0.8272, val_ap 0.6006, minutes 33.7, lr 1.00e-03
    epoch 67: loss 0.8293, val_ap 0.6064, minutes 34.21, lr 1.00e-03
    epoch 68: loss 0.8190, val_ap 0.6035, minutes 34.72, lr 1.00e-03
    epoch 69: loss 0.7930, val_ap 0.6070, minutes 35.24, lr 1.00e-03
    epoch 70: loss 0.8244, val_ap 0.5967, minutes 35.81, lr 1.00e-03
    epoch 71: loss 0.8019, val_ap 0.6132, minutes 36.31, lr 1.00e-03
    epoch 72: loss 0.7960, val_ap 0.6060, minutes 36.81, lr 1.00e-03
    epoch 73: loss 0.8081, val_ap 0.6024, minutes 37.31, lr 1.00e-03
    epoch 74: loss 0.8058, val_ap 0.6057, minutes 37.77, lr 1.00e-03
    epoch 75: loss 0.8114, val_ap 0.6037, minutes 38.25, lr 1.00e-03
    epoch 76: loss 0.8057, val_ap 0.6055, minutes 38.75, lr 1.00e-03
    epoch 77: loss 0.7867, val_ap 0.6155, minutes 39.22, lr 1.00e-03
    epoch 78: loss 0.7913, val_ap 0.6067, minutes 39.77, lr 1.00e-03
    epoch 79: loss 0.7948, val_ap 0.6138, minutes 40.29, lr 1.00e-03
    epoch 80: loss 0.7931, val_ap 0.6088, minutes 40.81, lr 1.00e-03
    epoch 81: loss 0.8094, val_ap 0.6090, minutes 41.29, lr 1.00e-03
    epoch 82: loss 0.7728, val_ap 0.6095, minutes 41.83, lr 1.00e-03
    epoch 83: loss 0.7992, val_ap 0.6071, minutes 42.33, lr 1.00e-03
    epoch 84: loss 0.7832, val_ap 0.6097, minutes 42.84, lr 1.00e-03
    epoch 85: loss 0.7986, val_ap 0.6070, minutes 43.36, lr 1.00e-03
    epoch 86: loss 0.7735, val_ap 0.6140, minutes 43.88, lr 5.00e-04
    epoch 87: loss 0.7797, val_ap 0.6155, minutes 44.4, lr 5.00e-04
    epoch 88: loss 0.7467, val_ap 0.6190, minutes 44.9, lr 5.00e-04
    epoch 89: loss 0.7546, val_ap 0.6145, minutes 45.49, lr 5.00e-04
    epoch 90: loss 0.7525, val_ap 0.6177, minutes 46.05, lr 5.00e-04
    epoch 91: loss 0.7390, val_ap 0.6191, minutes 46.59, lr 5.00e-04
    epoch 92: loss 0.7549, val_ap 0.6152, minutes 47.14, lr 5.00e-04
    epoch 93: loss 0.7369, val_ap 0.6011, minutes 47.64, lr 5.00e-04
    epoch 94: loss 0.7538, val_ap 0.6121, minutes 48.16, lr 5.00e-04
    epoch 95: loss 0.7493, val_ap 0.6137, minutes 48.63, lr 5.00e-04
    epoch 96: loss 0.7586, val_ap 0.6166, minutes 49.14, lr 5.00e-04
    epoch 97: loss 0.7522, val_ap 0.6155, minutes 49.63, lr 5.00e-04
    epoch 98: loss 0.7442, val_ap 0.6160, minutes 50.13, lr 5.00e-04
    epoch 99: loss 0.7356, val_ap 0.6207, minutes 50.63, lr 5.00e-04
    epoch 100: loss 0.7357, val_ap 0.6186, minutes 51.15, lr 5.00e-04
    epoch 101: loss 0.7398, val_ap 0.6209, minutes 51.65, lr 5.00e-04
    epoch 102: loss 0.7478, val_ap 0.6143, minutes 52.2, lr 5.00e-04
    epoch 103: loss 0.7412, val_ap 0.6151, minutes 52.67, lr 5.00e-04
    epoch 104: loss 0.7311, val_ap 0.6150, minutes 53.22, lr 5.00e-04
    epoch 105: loss 0.7377, val_ap 0.6127, minutes 53.72, lr 5.00e-04
    epoch 106: loss 0.7203, val_ap 0.6128, minutes 54.19, lr 5.00e-04
    epoch 107: loss 0.7215, val_ap 0.6101, minutes 54.71, lr 5.00e-04
    epoch 108: loss 0.7263, val_ap 0.6147, minutes 55.23, lr 5.00e-04
    epoch 109: loss 0.7241, val_ap 0.6123, minutes 55.77, lr 5.00e-04
    epoch 110: loss 0.7188, val_ap 0.6123, minutes 56.35, lr 2.50e-04
    epoch 111: loss 0.7033, val_ap 0.6159, minutes 56.85, lr 2.50e-04
    epoch 112: loss 0.7183, val_ap 0.6141, minutes 57.42, lr 2.50e-04
    epoch 113: loss 0.7030, val_ap 0.6159, minutes 57.97, lr 2.50e-04
    epoch 114: loss 0.7067, val_ap 0.6167, minutes 58.5, lr 2.50e-04
    epoch 115: loss 0.7103, val_ap 0.6143, minutes 59.03, lr 2.50e-04
    epoch 116: loss 0.7064, val_ap 0.6138, minutes 59.58, lr 2.50e-04
    epoch 117: loss 0.7141, val_ap 0.6172, minutes 60.13, lr 2.50e-04
    epoch 118: loss 0.7001, val_ap 0.6099, minutes 60.68, lr 2.50e-04
    epoch 119: loss 0.7064, val_ap 0.6175, minutes 61.24, lr 1.25e-04
    epoch 120: loss 0.7004, val_ap 0.6159, minutes 61.76, lr 1.25e-04
    epoch 121: loss 0.7057, val_ap 0.6168, minutes 62.3, lr 1.25e-04
    epoch 122: loss 0.6898, val_ap 0.6162, minutes 62.82, lr 1.25e-04
    epoch 123: loss 0.7106, val_ap 0.6142, minutes 63.38, lr 1.25e-04
    epoch 124: loss 0.6938, val_ap 0.6165, minutes 63.95, lr 1.25e-04
    epoch 125: loss 0.7028, val_ap 0.6137, minutes 64.48, lr 1.25e-04
    epoch 126: loss 0.7011, val_ap 0.6138, minutes 65.0, lr 1.25e-04
    stopping: no validation gain in 25 epochs
[res_gate dataset0 fold 4 seed 1] done (65.8 min)
