loaded: dataset0 121,838 sites, data1 90,452, 18,922,588 reads (3s)
  [dataset0 fold 2] network on 48,530 sites, scoring 90,080
    epoch 1: loss 1.0096550840278005, minutes 0.05, val_ap 0.37535047695001056
    epoch 2: loss 0.8243555611995763, minutes 0.1, val_ap 0.4334020886370573
    epoch 3: loss 0.7823234280181486, minutes 0.14, val_ap 0.4489811746774232
    epoch 4: loss 0.7436957338521647, minutes 0.19, val_ap 0.46903087096982465
    epoch 5: loss 0.7256062063713407, minutes 0.24, val_ap 0.4684045529102089
    epoch 6: loss 0.7049264692982962, minutes 0.29, val_ap 0.4522781550188433
    epoch 7: loss 0.7023593712338182, minutes 0.34, val_ap 0.4665213071340261
    epoch 8: loss 0.6958803674855898, minutes 0.38, val_ap 0.47164343943842935
    epoch 9: loss 0.6955109500261241, minutes 0.43, val_ap 0.4809349079633475
    epoch 10: loss 0.6877416193831799, minutes 0.48, val_ap 0.47381856577629666
    epoch 11: loss 0.6906524364684903, minutes 0.53, val_ap 0.4907307340512631
    epoch 12: loss 0.6739925215410631, minutes 0.58, val_ap 0.4819151955210937
    epoch 13: loss 0.6735726340219031, minutes 0.62, val_ap 0.472812206632487
    epoch 14: loss 0.6712671178717946, minutes 0.67, val_ap 0.48189236302949956
    epoch 15: loss 0.6552056398156078, minutes 0.72, val_ap 0.4718579081149379
    epoch 16: loss 0.670186711605205, minutes 0.77, val_ap 0.4739929545873838
    epoch 17: loss 0.6558240300347639, minutes 0.82, val_ap 0.4807023849445017
    epoch 18: loss 0.6498322580442872, minutes 0.86, val_ap 0.49053497994238204
    epoch 19: loss 0.6543502681130586, minutes 0.91, val_ap 0.4927209473735868
    epoch 20: loss 0.6437727096815442, minutes 0.96, val_ap 0.4860268148992199
    epoch 21: loss 0.6470178114466889, minutes 1.01, val_ap 0.4796740006380572
    epoch 22: loss 0.6391400448804678, minutes 1.06, val_ap 0.4883794894166086
    epoch 23: loss 0.6364137639486512, minutes 1.11, val_ap 0.49272578331342676
    epoch 24: loss 0.6283562325460966, minutes 1.15, val_ap 0.48650969803579813
    epoch 25: loss 0.6289312555346378, minutes 1.2, val_ap 0.495271732500275
    epoch 26: loss 0.616484637350537, minutes 1.25, val_ap 0.4920814490905701
    epoch 27: loss 0.6161537943191306, minutes 1.3, val_ap 0.502329070526203
    epoch 28: loss 0.6200538757582044, minutes 1.35, val_ap 0.5038030289106797
    epoch 29: loss 0.618254168608854, minutes 1.39, val_ap 0.5035523473940289
    epoch 30: loss 0.6084467572874801, minutes 1.44, val_ap 0.5042440652217733
    epoch 31: loss 0.6088835387382396, minutes 1.49, val_ap 0.4963691517291552
    epoch 32: loss 0.6173679119972295, minutes 1.54, val_ap 0.5073960457507148
    epoch 33: loss 0.6055300490454186, minutes 1.59, val_ap 0.5076325925847448
    epoch 34: loss 0.5987433141400648, minutes 1.64, val_ap 0.5071092915904255
    epoch 35: loss 0.598783272643422, minutes 1.68, val_ap 0.5292271754297846
    epoch 36: loss 0.5959074602917184, minutes 1.73, val_ap 0.5219030076399658
    epoch 37: loss 0.6032102834000144, minutes 1.78, val_ap 0.5226717334116107
    epoch 38: loss 0.5942258411195389, minutes 1.83, val_ap 0.5184231346035837
    epoch 39: loss 0.5835609886535379, minutes 1.88, val_ap 0.5230131767672588
    epoch 40: loss 0.5912537754968156, minutes 1.93, val_ap 0.5160814611625631
    epoch 41: loss 0.577822720761909, minutes 1.98, val_ap 0.5333907765268092
    epoch 42: loss 0.5914417575438355, minutes 2.02, val_ap 0.5373350781531102
    epoch 43: loss 0.5720944735546445, minutes 2.07, val_ap 0.5268306823909702
    epoch 44: loss 0.5821992631915004, minutes 2.12, val_ap 0.5223057155399553
    epoch 45: loss 0.5632377131733783, minutes 2.17, val_ap 0.5266374604987476
    epoch 46: loss 0.5656504377202932, minutes 2.22, val_ap 0.5225310123620902
    epoch 47: loss 0.5555328719837721, minutes 2.27, val_ap 0.5160454602990259
    epoch 48: loss 0.5656821017348489, minutes 2.31, val_ap 0.5319839449158315
    epoch 49: loss 0.553178631722234, minutes 2.36, val_ap 0.5335046446890714
    epoch 50: loss 0.5574050299650015, minutes 2.41, val_ap 0.5208564952935217
    epoch 51: loss 0.5564957824210788, minutes 2.46, val_ap 0.5466552834276732
    epoch 52: loss 0.548772353592307, minutes 2.51, val_ap 0.5346520038634436
    epoch 53: loss 0.5565604895006778, minutes 2.56, val_ap 0.5297290848791105
    epoch 54: loss 0.5490717300495436, minutes 2.61, val_ap 0.5329332291427972
    epoch 55: loss 0.546458208456982, minutes 2.66, val_ap 0.5425657731151542
    epoch 56: loss 0.5368582968448483, minutes 2.71, val_ap 0.5454507115144134
    epoch 57: loss 0.5364445508566014, minutes 2.75, val_ap 0.5307332880357014
    epoch 58: loss 0.5413488814997118, minutes 2.8, val_ap 0.5485013881664522
    epoch 59: loss 0.5297381860572238, minutes 2.85, val_ap 0.5296746243165432
    epoch 60: loss 0.5369546156983043, minutes 2.9, val_ap 0.545632856040529
    epoch 61: loss 0.5271192125456278, minutes 2.95, val_ap 0.5281988978139517
    epoch 62: loss 0.5299485382992167, minutes 3.0, val_ap 0.5401550782364919
    epoch 63: loss 0.5279893383037212, minutes 3.05, val_ap 0.5312887350105345
    epoch 64: loss 0.5252397608791672, minutes 3.1, val_ap 0.5575108898102191
    epoch 65: loss 0.5281333932869656, minutes 3.15, val_ap 0.5317663455622296
    epoch 66: loss 0.531281057312045, minutes 3.2, val_ap 0.5338817232682461
    epoch 67: loss 0.5315747179610785, minutes 3.25, val_ap 0.5241373735952969
    epoch 68: loss 0.5246707098775132, minutes 3.29, val_ap 0.5300813060026867
    epoch 69: loss 0.5051476555161698, minutes 3.34, val_ap 0.5388523009085889
    epoch 70: loss 0.5226969968440921, minutes 3.39, val_ap 0.5193978427623056
    epoch 71: loss 0.5090166818956996, minutes 3.44, val_ap 0.536888552336021
    epoch 72: loss 0.5110906443970148, minutes 3.49, val_ap 0.5339868404410201
    epoch 73: loss 0.5160876886789189, minutes 3.54, val_ap 0.5286953194607802
    epoch 74: loss 0.5074747982759809, minutes 3.59, val_ap 0.5305496893286736
    epoch 75: loss 0.506824812223745, minutes 3.64, val_ap 0.5343036665128805
    epoch 76: loss 0.5036766788987226, minutes 3.69, val_ap 0.5208813193072926
    epoch 77: loss 0.49380209964028626, minutes 3.74, val_ap 0.5227515330547537
    epoch 78: loss 0.5171431845357252, minutes 3.79, val_ap 0.5395717721575068
    epoch 79: loss 0.5054195272021516, minutes 3.83, val_ap 0.5196048221857673
    epoch 80: loss 0.4960818953465584, minutes 3.88, val_ap 0.5261979138616801
    epoch 81: loss 0.5059476252212081, minutes 3.93, val_ap 0.5246404771534348
    epoch 82: loss 0.48393132667555366, minutes 3.98, val_ap 0.5323164211779423
    epoch 83: loss 0.4957943177500436, minutes 4.03, val_ap 0.5106814026091168
    epoch 84: loss 0.49037712171327236, minutes 4.08, val_ap 0.5126804904983556
    epoch 85: loss 0.48361808979927107, minutes 4.13, val_ap 0.5121718078799277
    epoch 86: loss 0.4900157108556393, minutes 4.18, val_ap 0.5213145486670085
    epoch 87: loss 0.4597561901738477, minutes 4.23, val_ap 0.5241135682327633
    epoch 88: loss 0.46892364834283673, minutes 4.28, val_ap 0.5233558069964386
    epoch 89: loss 0.4833165715600169, minutes 4.32, val_ap 0.5163223075839851
    epoch 90: loss 0.4860292552688787, minutes 4.37, val_ap 0.5273532558593459
    epoch 91: loss 0.47584893571776016, minutes 4.42, val_ap 0.5305179541477252
    epoch 92: loss 0.4746649204645046, minutes 4.47, val_ap 0.5210150816988819
    epoch 93: loss 0.4894799460158792, minutes 4.52, val_ap 0.546955834873277
    stopping: no validation gain in 30 epochs
  [dataset0 fold 2] network on 49,914 sites, scoring 88,696
    epoch 1: loss 1.0470501941511001, minutes 0.05, val_ap 0.3189668976930863
    epoch 2: loss 0.8696769369744707, minutes 0.1, val_ap 0.42318889026180007
    epoch 3: loss 0.8044504641458906, minutes 0.15, val_ap 0.482127689579416
    epoch 4: loss 0.7695375316101929, minutes 0.2, val_ap 0.5014841493305163
    epoch 5: loss 0.7366397975162527, minutes 0.25, val_ap 0.4844797331952037
    epoch 6: loss 0.7183016336512291, minutes 0.3, val_ap 0.49098257030790243
    epoch 7: loss 0.7240437061964781, minutes 0.36, val_ap 0.4918123924895554
    epoch 8: loss 0.7130331551206524, minutes 0.43, val_ap 0.5004926542332733
    epoch 9: loss 0.7086937867704479, minutes 0.49, val_ap 0.48536356862399904
    epoch 10: loss 0.7026623992741793, minutes 0.56, val_ap 0.4903468536891335
    epoch 11: loss 0.6990080965661455, minutes 0.62, val_ap 0.4871378619492374
    epoch 12: loss 0.695892241494409, minutes 0.69, val_ap 0.5001129136124869
    epoch 13: loss 0.6948947815716952, minutes 0.76, val_ap 0.48870452190213176
    epoch 14: loss 0.6874907804631639, minutes 0.82, val_ap 0.4941048242712555
    epoch 15: loss 0.6690509995852394, minutes 0.89, val_ap 0.5101763797013377
    epoch 16: loss 0.6542775764547545, minutes 0.95, val_ap 0.5033586671507493
    epoch 17: loss 0.6669077318290184, minutes 1.04, val_ap 0.5184553931091052
    epoch 18: loss 0.6602365772785812, minutes 1.11, val_ap 0.5183247854668979
    epoch 19: loss 0.6598216314082859, minutes 1.19, val_ap 0.5184425404125748
    epoch 20: loss 0.660314515746873, minutes 1.27, val_ap 0.506995838486458
    epoch 21: loss 0.6384999297302345, minutes 1.35, val_ap 0.5057741624048752
    epoch 22: loss 0.6328182681196037, minutes 1.42, val_ap 0.5007879569292635
    epoch 23: loss 0.6249195208837246, minutes 1.49, val_ap 0.5071662145385955
    epoch 24: loss 0.6215814283524437, minutes 1.55, val_ap 0.517144200846486
    epoch 25: loss 0.6330361117919286, minutes 1.61, val_ap 0.5083403566560579
    epoch 26: loss 0.6269751725525692, minutes 1.67, val_ap 0.5182568660943173
    epoch 27: loss 0.6166890494782349, minutes 1.73, val_ap 0.5303251882657108
    epoch 28: loss 0.608700632021345, minutes 1.8, val_ap 0.5284124585316974
    epoch 29: loss 0.6222164123907856, minutes 1.87, val_ap 0.5125101166697913
    epoch 30: loss 0.6077073696015896, minutes 1.94, val_ap 0.5225545126882795
    epoch 31: loss 0.6176053945017957, minutes 1.99, val_ap 0.5187014306543739
    epoch 32: loss 0.6034649537726381, minutes 2.05, val_ap 0.5334335629415705
    epoch 33: loss 0.6049406752846707, minutes 2.11, val_ap 0.5297546645136453
    epoch 34: loss 0.5959296283023111, minutes 2.17, val_ap 0.531939486035535
    epoch 35: loss 0.5810185467032181, minutes 2.24, val_ap 0.5159564095166064
    epoch 36: loss 0.5870756856326399, minutes 2.3, val_ap 0.5279946337142644
    epoch 37: loss 0.5780739996625089, minutes 2.35, val_ap 0.5357923862324347
    epoch 38: loss 0.5734124252165871, minutes 2.42, val_ap 0.5461514415008777
    epoch 39: loss 0.5771775915362369, minutes 2.5, val_ap 0.5365089451784174
    epoch 40: loss 0.5821605936206621, minutes 2.57, val_ap 0.5450111340434026
    epoch 41: loss 0.5777698395581081, minutes 2.63, val_ap 0.5591476164053133
    epoch 42: loss 0.5690420379583863, minutes 2.7, val_ap 0.5457952151397188
    epoch 43: loss 0.5649144502206781, minutes 2.76, val_ap 0.5422558685949306
    epoch 44: loss 0.5660699162332491, minutes 2.82, val_ap 0.5579622172099733
    epoch 45: loss 0.5508820940365736, minutes 2.88, val_ap 0.5501943793009327
    epoch 46: loss 0.5619769557111565, minutes 2.94, val_ap 0.5399631480052273
    epoch 47: loss 0.5600807432128095, minutes 3.0, val_ap 0.5584458321706446
    epoch 48: loss 0.5583246172159567, minutes 3.06, val_ap 0.5331113605101231
    epoch 49: loss 0.5535758374066189, minutes 3.12, val_ap 0.541046557410198
    epoch 50: loss 0.5514401087815735, minutes 3.18, val_ap 0.5639899507700729
    epoch 51: loss 0.5480236654309021, minutes 3.24, val_ap 0.5413473682813879
    epoch 52: loss 0.5359793176938747, minutes 3.3, val_ap 0.5599774872752158
    epoch 53: loss 0.5469650552533138, minutes 3.36, val_ap 0.5640208593546636
    epoch 54: loss 0.5414880635752075, minutes 3.43, val_ap 0.5528022147902587
    epoch 55: loss 0.5320977203804871, minutes 3.49, val_ap 0.5681599492186026
    epoch 56: loss 0.538577338830493, minutes 3.55, val_ap 0.5548279406230928
    epoch 57: loss 0.5276100003513796, minutes 3.61, val_ap 0.5546438922456601
    epoch 58: loss 0.5273634472797657, minutes 3.67, val_ap 0.5386835784718335
    epoch 59: loss 0.5241940835940426, minutes 3.74, val_ap 0.5381872494282721
    epoch 60: loss 0.5317989979153392, minutes 3.82, val_ap 0.5643741865217732
    epoch 61: loss 0.5419199192660978, minutes 3.89, val_ap 0.5507792591384093
    epoch 62: loss 0.5380847140632826, minutes 3.96, val_ap 0.554185566790975
    epoch 63: loss 0.5187180857548769, minutes 4.04, val_ap 0.5588237939064806
    epoch 64: loss 0.508919448345557, minutes 4.11, val_ap 0.5529588342802757
    epoch 65: loss 0.5171881256432369, minutes 4.18, val_ap 0.5531105790739212
    epoch 66: loss 0.5175841908002722, minutes 4.25, val_ap 0.5515602030935761
    epoch 67: loss 0.5194493801943187, minutes 4.33, val_ap 0.5450720147492067
    epoch 68: loss 0.524987923687902, minutes 4.4, val_ap 0.5337811989936987
    epoch 69: loss 0.5091559180411799, minutes 4.47, val_ap 0.5409331045162319
    epoch 70: loss 0.512815836003457, minutes 4.54, val_ap 0.5535751783620311
    epoch 71: loss 0.5006550528194712, minutes 4.61, val_ap 0.5531809813705384
    epoch 72: loss 0.5161065122690695, minutes 4.67, val_ap 0.5451335627899276
    epoch 73: loss 0.4913125842295844, minutes 4.74, val_ap 0.5385084673372292
    epoch 74: loss 0.5169130561166796, minutes 4.8, val_ap 0.5522062928747199
    epoch 75: loss 0.5075626811761965, minutes 4.86, val_ap 0.5366095037302068
    epoch 76: loss 0.4973672078601245, minutes 4.92, val_ap 0.5458110480814528
    epoch 77: loss 0.4984300597303215, minutes 4.99, val_ap 0.5410651238279776
    epoch 78: loss 0.49156858283897925, minutes 5.06, val_ap 0.5532029491182857
    epoch 79: loss 0.49948082153482, minutes 5.12, val_ap 0.5481496599919298
    epoch 80: loss 0.4834567029243228, minutes 5.19, val_ap 0.5252116964580987
    epoch 81: loss 0.5017914169992523, minutes 5.25, val_ap 0.5493394367139312
    epoch 82: loss 0.4716414752705344, minutes 5.32, val_ap 0.5294181387199527
    epoch 83: loss 0.4791130718143507, minutes 5.38, val_ap 0.5321171464124718
    epoch 84: loss 0.4801425914997342, minutes 5.44, val_ap 0.5490366882519223
    stopping: no validation gain in 30 epochs
  [dataset0 fold 2] done (10.3 min)
  [pooled_both fold 2] network on 85,077 sites, scoring 127,213
    epoch 1: loss 1.046856050262388, minutes 0.11, val_ap 0.3553601612276149
    epoch 2: loss 0.9162254258496871, minutes 0.22, val_ap 0.42042561738748896
    epoch 3: loss 0.8819647291243471, minutes 0.33, val_ap 0.425354755436628
    epoch 4: loss 0.8621348951826032, minutes 0.44, val_ap 0.43515896495578316
    epoch 5: loss 0.8569357780036547, minutes 0.54, val_ap 0.4377180992620823
    epoch 6: loss 0.8414339186339979, minutes 0.64, val_ap 0.43108747511970996
    epoch 7: loss 0.8357681820526818, minutes 0.74, val_ap 0.43254531371992655
    epoch 8: loss 0.827734843192511, minutes 0.84, val_ap 0.4348998952971178
    epoch 9: loss 0.8360369020937294, minutes 0.95, val_ap 0.42132582473445146
    epoch 10: loss 0.8270945106910554, minutes 1.07, val_ap 0.4265509555824196
    epoch 11: loss 0.8270670884097648, minutes 1.18, val_ap 0.43007965004674964
    epoch 12: loss 0.816579985796221, minutes 1.27, val_ap 0.4426098970598254
    epoch 13: loss 0.8151536463506964, minutes 1.37, val_ap 0.4447779716150847
    epoch 14: loss 0.8161228262628151, minutes 1.47, val_ap 0.43497706875951775
    epoch 15: loss 0.8075460836982096, minutes 1.56, val_ap 0.4374862874927958
    epoch 16: loss 0.8064422500844033, minutes 1.65, val_ap 0.4453611482503822
    epoch 17: loss 0.7971778912654776, minutes 1.74, val_ap 0.4420171565337161
    epoch 18: loss 0.791386549342547, minutes 1.84, val_ap 0.4488850644328192
    epoch 19: loss 0.7945229811778921, minutes 1.93, val_ap 0.4464728784474138
    epoch 20: loss 0.7880319833558127, minutes 2.01, val_ap 0.4556518049711969
    epoch 21: loss 0.7777747025355598, minutes 2.09, val_ap 0.43828879102562324
    epoch 22: loss 0.7799511534094021, minutes 2.17, val_ap 0.4431530582363603
    epoch 23: loss 0.7845700541079439, minutes 2.26, val_ap 0.44317939967949505
    epoch 24: loss 0.7759596801159397, minutes 2.34, val_ap 0.448846054437747
    epoch 25: loss 0.7786789624304171, minutes 2.42, val_ap 0.4561284906904064
    epoch 26: loss 0.768038522822178, minutes 2.5, val_ap 0.4460428157634019
    epoch 27: loss 0.7672405772848635, minutes 2.59, val_ap 0.4523740370884854
    epoch 28: loss 0.763220837870181, minutes 2.67, val_ap 0.4452530168166229
    epoch 29: loss 0.760481784675295, minutes 2.75, val_ap 0.45311407193416386
    epoch 30: loss 0.7597330576734037, minutes 2.83, val_ap 0.44505450173607
    epoch 31: loss 0.7555856404715027, minutes 2.92, val_ap 0.45745582788031436
    epoch 32: loss 0.7517801423538599, minutes 3.01, val_ap 0.4545746410618127
    epoch 33: loss 0.7562570558083768, minutes 3.1, val_ap 0.45453203122332586
    epoch 34: loss 0.7436997565804728, minutes 3.19, val_ap 0.4525552338920725
    epoch 35: loss 0.7474059558269993, minutes 3.28, val_ap 0.45413459476622364
    epoch 36: loss 0.7483442464214287, minutes 3.37, val_ap 0.4572081430415411
    epoch 37: loss 0.7323673460262501, minutes 3.47, val_ap 0.4572409868380961
    epoch 38: loss 0.7414567193250783, minutes 3.56, val_ap 0.45780362068194735
    epoch 39: loss 0.731860180564274, minutes 3.65, val_ap 0.4546662142864068
    epoch 40: loss 0.7331505356640216, minutes 3.76, val_ap 0.43853637066301876
    epoch 41: loss 0.7282687546006891, minutes 3.87, val_ap 0.4502183025393814
    epoch 42: loss 0.7345241773010089, minutes 3.99, val_ap 0.4533638367333486
    epoch 43: loss 0.7238172801914594, minutes 4.1, val_ap 0.46432266567623687
    epoch 44: loss 0.7270821901346673, minutes 4.2, val_ap 0.461797427102357
    epoch 45: loss 0.7158628180129638, minutes 4.29, val_ap 0.4591441364006348
    epoch 46: loss 0.7164740658161656, minutes 4.38, val_ap 0.4678081313891202
    epoch 47: loss 0.7128232685935418, minutes 4.47, val_ap 0.4634096913998972
    epoch 48: loss 0.7135543994950933, minutes 4.56, val_ap 0.468465055187665
    epoch 49: loss 0.7101545031891753, minutes 4.66, val_ap 0.4585635063349623
    epoch 50: loss 0.707399986733664, minutes 4.76, val_ap 0.46936078620663185
    epoch 51: loss 0.7085874132960048, minutes 4.86, val_ap 0.46200820270309445
    epoch 52: loss 0.7036327320021509, minutes 4.96, val_ap 0.46602018640159426
    epoch 53: loss 0.6997928567082676, minutes 5.09, val_ap 0.4689097297267655
    epoch 54: loss 0.6959247243720175, minutes 5.23, val_ap 0.46526020610491764
    epoch 55: loss 0.701596277636408, minutes 5.36, val_ap 0.46352699932339614
    epoch 56: loss 0.6950527364449786, minutes 5.48, val_ap 0.46345762682267344
    epoch 57: loss 0.6896684353320014, minutes 5.59, val_ap 0.46855877158480586
    epoch 58: loss 0.6883860516627103, minutes 5.71, val_ap 0.47067115728796904
    epoch 59: loss 0.6801603035816294, minutes 5.82, val_ap 0.46325244532747073
    epoch 60: loss 0.6847431506739546, minutes 5.94, val_ap 0.4514227914569709
    epoch 61: loss 0.6866064086457752, minutes 6.05, val_ap 0.461757103366592
    epoch 62: loss 0.6814956609776478, minutes 6.17, val_ap 0.4590356633948199
    epoch 63: loss 0.684969016159607, minutes 6.31, val_ap 0.45990248558740077
    epoch 64: loss 0.6810702673646788, minutes 6.44, val_ap 0.45311184485043454
    epoch 65: loss 0.6801240121489329, minutes 6.57, val_ap 0.46078896420984106
    epoch 66: loss 0.6795613835781615, minutes 6.7, val_ap 0.4590954938381495
    epoch 67: loss 0.6712965420539806, minutes 6.82, val_ap 0.4552727757720263
    epoch 68: loss 0.6854052257458896, minutes 6.92, val_ap 0.4626222459507877
    epoch 69: loss 0.675295975528016, minutes 7.03, val_ap 0.46685089645348404
    epoch 70: loss 0.6736256827581797, minutes 7.15, val_ap 0.4682454156861335
    epoch 71: loss 0.6787968738781696, minutes 7.27, val_ap 0.4428819600682235
    epoch 72: loss 0.6733634720574941, minutes 7.38, val_ap 0.4540153934402936
    epoch 73: loss 0.6679338561185938, minutes 7.49, val_ap 0.4612711587017181
    epoch 74: loss 0.666671030174028, minutes 7.6, val_ap 0.4580783605746557
    epoch 75: loss 0.6614137392565115, minutes 7.71, val_ap 0.4567373194604937
    epoch 76: loss 0.664544139279435, minutes 7.81, val_ap 0.44723949768315574
    epoch 77: loss 0.6650321946436206, minutes 7.91, val_ap 0.46127939222965747
    epoch 78: loss 0.6680205223536251, minutes 8.0, val_ap 0.45063408910875136
  [pooled_both fold 2] network on 87,047 sites, scoring 125,243
    epoch 1: loss 1.0461973414609307, minutes 0.1, val_ap 0.3671897082308423
    epoch 2: loss 0.9099741156556105, minutes 0.21, val_ap 0.40068788211202705
    epoch 3: loss 0.86976054840182, minutes 0.32, val_ap 0.4141585902402806
    epoch 4: loss 0.8598285525252944, minutes 0.43, val_ap 0.41560071676996974
    epoch 5: loss 0.847531009465456, minutes 0.54, val_ap 0.42090033407775945
    epoch 6: loss 0.8355888452773031, minutes 0.65, val_ap 0.430964421728435
    epoch 7: loss 0.8314596129287231, minutes 0.76, val_ap 0.43047505903660044
    epoch 8: loss 0.8242111151155672, minutes 0.87, val_ap 0.4349654830470665
    epoch 9: loss 0.8102394348304522, minutes 0.96, val_ap 0.43901509049812526
    epoch 10: loss 0.816983176493331, minutes 1.06, val_ap 0.43803666629214616
    epoch 11: loss 0.8084440866583272, minutes 1.16, val_ap 0.43153440168139007
    epoch 12: loss 0.8050172236797056, minutes 1.26, val_ap 0.4364255968885264
    epoch 13: loss 0.8024385093074096, minutes 1.37, val_ap 0.43847743943019585
    epoch 14: loss 0.7969592218532374, minutes 1.47, val_ap 0.43975369002697623
    epoch 15: loss 0.7915907895290538, minutes 1.58, val_ap 0.44878814082623203
    epoch 16: loss 0.7880165276950911, minutes 1.69, val_ap 0.4506339888023464
    epoch 17: loss 0.7829811130895427, minutes 1.79, val_ap 0.4501513624866403
    epoch 18: loss 0.7900504455166427, minutes 1.89, val_ap 0.449449223594505
    epoch 19: loss 0.7798136507013911, minutes 2.0, val_ap 0.45394830404852204
    epoch 20: loss 0.7752976600865, minutes 2.1, val_ap 0.4538220973104229
    epoch 21: loss 0.7666564375946396, minutes 2.21, val_ap 0.4468006442602828
    epoch 22: loss 0.7744564980660614, minutes 2.32, val_ap 0.45999566230159994
    epoch 23: loss 0.7669520901614114, minutes 2.42, val_ap 0.4649834562583499
    epoch 24: loss 0.76560505499181, minutes 2.53, val_ap 0.46546884345017336
    epoch 25: loss 0.7590085944454921, minutes 2.63, val_ap 0.46092954236024286
    epoch 26: loss 0.7561919922499281, minutes 2.73, val_ap 0.46707558156244533
    epoch 27: loss 0.7568835512195763, minutes 2.82, val_ap 0.47135896726335363
    epoch 28: loss 0.7525156143268472, minutes 2.91, val_ap 0.47388848139952855
    epoch 29: loss 0.748808428645134, minutes 3.0, val_ap 0.46786465832706475
    epoch 30: loss 0.7419741621339008, minutes 3.08, val_ap 0.452227931629978
    epoch 31: loss 0.7418097526227173, minutes 3.17, val_ap 0.4594326371027724
    epoch 32: loss 0.739909341656848, minutes 3.26, val_ap 0.46188585971360857
    epoch 33: loss 0.7369867480899158, minutes 3.35, val_ap 0.4634294739043787
    epoch 34: loss 0.7299546208232641, minutes 3.44, val_ap 0.4639939489879026
    epoch 35: loss 0.7273411191019573, minutes 3.52, val_ap 0.4626023244741037
    epoch 36: loss 0.7209720416484695, minutes 3.61, val_ap 0.4623971215837877
    epoch 37: loss 0.7223592461331895, minutes 3.7, val_ap 0.46139471933126525
    epoch 38: loss 0.7131637817150668, minutes 3.79, val_ap 0.4775116085133087
    epoch 39: loss 0.7184149838591877, minutes 3.87, val_ap 0.46699849787419817
    epoch 40: loss 0.7117685814829249, minutes 3.96, val_ap 0.466026907813205
    epoch 41: loss 0.7100199127667829, minutes 4.05, val_ap 0.4652890158833476
    epoch 42: loss 0.7109223133639285, minutes 4.14, val_ap 0.46337864281401164
    epoch 43: loss 0.7109606202299658, minutes 4.23, val_ap 0.4674843171602802
    epoch 44: loss 0.701374708821899, minutes 4.34, val_ap 0.4677126904421328
    epoch 45: loss 0.6975927344082218, minutes 4.44, val_ap 0.4580615245896813
    epoch 46: loss 0.6965978422055119, minutes 4.55, val_ap 0.44854386783937056
    epoch 47: loss 0.7036095123345915, minutes 4.65, val_ap 0.46301264384063634
    epoch 48: loss 0.696790282859614, minutes 4.75, val_ap 0.46698360729357785
    epoch 49: loss 0.6913395342662146, minutes 4.86, val_ap 0.4532204049382907
    epoch 50: loss 0.6914833089042651, minutes 4.95, val_ap 0.4575493039834071
    epoch 51: loss 0.6916002077295592, minutes 5.04, val_ap 0.4646308659618836
    epoch 52: loss 0.6951983555367118, minutes 5.13, val_ap 0.464738277110663
    epoch 53: loss 0.6805424728479824, minutes 5.22, val_ap 0.4511250759773081
    epoch 54: loss 0.6835495272749349, minutes 5.31, val_ap 0.45390875766766714
    epoch 55: loss 0.6825726428314259, minutes 5.4, val_ap 0.4551900086154735
    epoch 56: loss 0.6849124991383991, minutes 5.49, val_ap 0.4441022618046481
    epoch 57: loss 0.679916244980536, minutes 5.58, val_ap 0.4624847264223901
    epoch 58: loss 0.6722411570188246, minutes 5.67, val_ap 0.4574955219678053
    epoch 59: loss 0.6779260645179372, minutes 5.75, val_ap 0.46546332104645083
    epoch 60: loss 0.6702482084694662, minutes 5.84, val_ap 0.45427068343517696
    epoch 61: loss 0.6701670741956485, minutes 5.93, val_ap 0.45505627874644194
    epoch 62: loss 0.6650120044421208, minutes 6.02, val_ap 0.45302241511253877
    epoch 63: loss 0.6653750401578451, minutes 6.11, val_ap 0.4458525877207781
    epoch 64: loss 0.6690429988268175, minutes 6.2, val_ap 0.44449938299031055
    epoch 65: loss 0.6631043833729467, minutes 6.28, val_ap 0.4447340698240969
    epoch 66: loss 0.6640650644702347, minutes 6.37, val_ap 0.4459197557720121
    epoch 67: loss 0.6595812603635224, minutes 6.46, val_ap 0.4568209010952868
    stopping: no validation gain in 30 epochs
  [pooled_both fold 2] done (14.8 min)
