loaded: dataset0 121,838 sites, data1 90,452
[fk_band_shuffled pooled_both fold 3 seed 1]
    band weights [0.4, 0.363, 0.237] (bands ((0, 30), (30, 75), (75, 150)))
    epoch 1: loss 1.8959, val_ap 0.1603, minutes 0.94, lr 3.31e-04
    epoch 2: loss 1.5559, val_ap 0.3197, minutes 1.81, lr 6.60e-04
    epoch 3: loss 1.3710, val_ap 0.4299, minutes 2.69, lr 9.89e-04
    epoch 4: loss 1.2961, val_ap 0.4546, minutes 3.52, lr 1.00e-03
    epoch 5: loss 1.2532, val_ap 0.4734, minutes 4.47, lr 1.00e-03
    epoch 6: loss 1.2298, val_ap 0.4785, minutes 5.54, lr 1.00e-03
    epoch 7: loss 1.2180, val_ap 0.4858, minutes 6.59, lr 1.00e-03
    epoch 8: loss 1.2148, val_ap 0.4715, minutes 7.65, lr 1.00e-03
    epoch 9: loss 1.1976, val_ap 0.4857, minutes 8.73, lr 1.00e-03
    epoch 10: loss 1.1845, val_ap 0.4922, minutes 9.79, lr 1.00e-03
    epoch 11: loss 1.1831, val_ap 0.4961, minutes 10.86, lr 1.00e-03
    epoch 12: loss 1.1763, val_ap 0.4966, minutes 11.96, lr 1.00e-03
    epoch 13: loss 1.1609, val_ap 0.5024, minutes 13.01, lr 1.00e-03
    epoch 14: loss 1.1616, val_ap 0.5021, minutes 14.07, lr 1.00e-03
    epoch 15: loss 1.1605, val_ap 0.4993, minutes 15.14, lr 1.00e-03
    epoch 16: loss 1.1458, val_ap 0.5008, minutes 16.16, lr 1.00e-03
    epoch 17: loss 1.1519, val_ap 0.5021, minutes 17.14, lr 1.00e-03
    epoch 18: loss 1.1446, val_ap 0.5040, minutes 18.17, lr 1.00e-03
    epoch 19: loss 1.1302, val_ap 0.5095, minutes 19.22, lr 1.00e-03
    epoch 20: loss 1.1298, val_ap 0.5075, minutes 20.25, lr 1.00e-03
    epoch 21: loss 1.1337, val_ap 0.5045, minutes 21.3, lr 1.00e-03
    epoch 22: loss 1.1205, val_ap 0.5099, minutes 22.35, lr 1.00e-03
    epoch 23: loss 1.1198, val_ap 0.5096, minutes 23.4, lr 1.00e-03
    epoch 24: loss 1.1157, val_ap 0.5039, minutes 24.51, lr 1.00e-03
    epoch 25: loss 1.1114, val_ap 0.4957, minutes 25.61, lr 1.00e-03
    epoch 26: loss 1.1129, val_ap 0.5169, minutes 26.67, lr 1.00e-03
    epoch 27: loss 1.1175, val_ap 0.5056, minutes 27.71, lr 1.00e-03
    epoch 28: loss 1.1031, val_ap 0.5074, minutes 28.75, lr 1.00e-03
    epoch 29: loss 1.1031, val_ap 0.5171, minutes 29.77, lr 1.00e-03
    epoch 30: loss 1.1028, val_ap 0.5128, minutes 30.82, lr 1.00e-03
    epoch 31: loss 1.0885, val_ap 0.5172, minutes 31.76, lr 1.00e-03
    epoch 32: loss 1.0990, val_ap 0.5149, minutes 32.71, lr 1.00e-03
    epoch 33: loss 1.0801, val_ap 0.5167, minutes 33.68, lr 1.00e-03
    epoch 34: loss 1.0815, val_ap 0.5188, minutes 34.63, lr 1.00e-03
    epoch 35: loss 1.0726, val_ap 0.5110, minutes 35.63, lr 1.00e-03
    epoch 36: loss 1.0768, val_ap 0.5155, minutes 36.58, lr 1.00e-03
    epoch 37: loss 1.0662, val_ap 0.5067, minutes 37.52, lr 1.00e-03
    epoch 38: loss 1.0821, val_ap 0.5069, minutes 38.45, lr 1.00e-03
    epoch 39: loss 1.0719, val_ap 0.5032, minutes 39.32, lr 1.00e-03
    epoch 40: loss 1.0663, val_ap 0.5160, minutes 40.25, lr 1.00e-03
    epoch 41: loss 1.0509, val_ap 0.5070, minutes 41.18, lr 1.00e-03
    epoch 42: loss 1.0490, val_ap 0.5126, minutes 42.06, lr 1.00e-03
    epoch 43: loss 1.0419, val_ap 0.5137, minutes 42.98, lr 5.00e-04
    epoch 44: loss 1.0305, val_ap 0.5200, minutes 43.84, lr 5.00e-04
    epoch 45: loss 1.0260, val_ap 0.5129, minutes 44.7, lr 5.00e-04
    epoch 46: loss 1.0226, val_ap 0.5138, minutes 45.59, lr 5.00e-04
    epoch 47: loss 1.0149, val_ap 0.5129, minutes 46.46, lr 5.00e-04
    epoch 48: loss 1.0197, val_ap 0.5118, minutes 47.33, lr 5.00e-04
    epoch 49: loss 1.0223, val_ap 0.5105, minutes 48.21, lr 5.00e-04
    epoch 50: loss 1.0126, val_ap 0.5111, minutes 49.09, lr 5.00e-04
    epoch 51: loss 1.0096, val_ap 0.5038, minutes 50.05, lr 5.00e-04
    epoch 52: loss 1.0061, val_ap 0.4646, minutes 50.92, lr 5.00e-04
    epoch 53: loss 1.0108, val_ap 0.5088, minutes 51.82, lr 2.50e-04
    epoch 54: loss 0.9842, val_ap 0.5044, minutes 52.7, lr 2.50e-04
    epoch 55: loss 0.9879, val_ap 0.5114, minutes 53.56, lr 2.50e-04
    epoch 56: loss 0.9887, val_ap 0.5050, minutes 54.45, lr 2.50e-04
    epoch 57: loss 0.9848, val_ap 0.5056, minutes 55.34, lr 2.50e-04
    epoch 58: loss 0.9807, val_ap 0.5017, minutes 56.25, lr 2.50e-04
    epoch 59: loss 0.9826, val_ap 0.5052, minutes 57.11, lr 2.50e-04
    epoch 60: loss 0.9776, val_ap 0.5047, minutes 57.98, lr 2.50e-04
    epoch 61: loss 0.9847, val_ap 0.5074, minutes 58.87, lr 2.50e-04
    epoch 62: loss 0.9839, val_ap 0.4999, minutes 59.75, lr 1.25e-04
    epoch 63: loss 0.9735, val_ap 0.5032, minutes 60.58, lr 1.25e-04
    epoch 64: loss 0.9753, val_ap 0.5041, minutes 61.45, lr 1.25e-04
    epoch 65: loss 0.9702, val_ap 0.4987, minutes 62.34, lr 1.25e-04
    epoch 66: loss 0.9647, val_ap 0.4992, minutes 63.24, lr 1.25e-04
    epoch 67: loss 0.9652, val_ap 0.5027, minutes 64.05, lr 1.25e-04
    epoch 68: loss 0.9611, val_ap 0.5016, minutes 64.91, lr 1.25e-04
    epoch 69: loss 0.9652, val_ap 0.4974, minutes 65.79, lr 1.25e-04
    stopping: no validation gain in 25 epochs
[fk_band_shuffled pooled_both fold 3 seed 1] done (66.5 min)
