loaded: dataset0 121,838 sites, data1 90,452
[attn_mil dataset0 fold 3]
    epoch 1: loss 1.1943036763993806, minutes 0.24, val_ap 0.2083780996574388, lr 0.00033430232558139537
    epoch 2: loss 0.8702635419403397, minutes 0.48, val_ap 0.3941614810983981, lr 0.0006676356589147286
    epoch 3: loss 0.7813232499499654, minutes 0.72, val_ap 0.4254656894290489, lr 0.001
    epoch 4: loss 0.7372112612911436, minutes 0.98, val_ap 0.45566230281895226, lr 0.001
    epoch 5: loss 0.7325448754221894, minutes 1.22, val_ap 0.4711525153880104, lr 0.001
    epoch 6: loss 0.7110163290919953, minutes 1.46, val_ap 0.4814862749805292, lr 0.001
    epoch 7: loss 0.6971798196521609, minutes 1.72, val_ap 0.48222172100704164, lr 0.001
    epoch 8: loss 0.6917783131952896, minutes 1.99, val_ap 0.49476013116198414, lr 0.001
    epoch 9: loss 0.6906254339183486, minutes 2.24, val_ap 0.5107214977110325, lr 0.001
    epoch 10: loss 0.6800793134715668, minutes 2.5, val_ap 0.513705114528693, lr 0.001
    epoch 11: loss 0.6666021525513294, minutes 2.76, val_ap 0.5154749087501476, lr 0.001
    epoch 12: loss 0.6683213069688442, minutes 3.0, val_ap 0.5180118718729229, lr 0.001
    epoch 13: loss 0.6655687818000483, minutes 3.26, val_ap 0.509319585450587, lr 0.001
    epoch 14: loss 0.6583062827500493, minutes 3.5, val_ap 0.5152823292394122, lr 0.001
    epoch 15: loss 0.6523872276031694, minutes 3.74, val_ap 0.5197304270005287, lr 0.001
    epoch 16: loss 0.6449164671086988, minutes 4.0, val_ap 0.5271314779407621, lr 0.001
    epoch 17: loss 0.6526822718076928, minutes 4.26, val_ap 0.5338362035545757, lr 0.001
    epoch 18: loss 0.6324981865148211, minutes 4.51, val_ap 0.5350232355443862, lr 0.001
    epoch 19: loss 0.6354998570195464, minutes 4.77, val_ap 0.5263947389631516, lr 0.001
    epoch 20: loss 0.6383440145399681, minutes 5.04, val_ap 0.5515388470672411, lr 0.001
    epoch 21: loss 0.6373960827152396, minutes 5.28, val_ap 0.5241228106677663, lr 0.001
    epoch 22: loss 0.638226865682491, minutes 5.54, val_ap 0.5393636558775812, lr 0.001
    epoch 23: loss 0.6339712059775064, minutes 5.8, val_ap 0.5578462282802882, lr 0.001
    epoch 24: loss 0.6298004009349402, minutes 6.06, val_ap 0.5483074554030439, lr 0.001
    epoch 25: loss 0.6238261580813763, minutes 6.33, val_ap 0.5540407304402253, lr 0.001
    epoch 26: loss 0.6177096575238678, minutes 6.59, val_ap 0.5440733589022838, lr 0.001
    epoch 27: loss 0.6191780198105546, minutes 6.84, val_ap 0.5529087647662139, lr 0.001
    epoch 28: loss 0.6164981462061405, minutes 7.09, val_ap 0.5489610431801157, lr 0.001
    epoch 29: loss 0.6098122381020424, minutes 7.32, val_ap 0.5602839614372789, lr 0.001
    epoch 30: loss 0.6107602137639079, minutes 7.57, val_ap 0.5635197314582259, lr 0.001
    epoch 31: loss 0.616326690543183, minutes 7.83, val_ap 0.5385886664265723, lr 0.001
    epoch 32: loss 0.6023094110017599, minutes 8.09, val_ap 0.5566521429568174, lr 0.001
    epoch 33: loss 0.6027983103900455, minutes 8.34, val_ap 0.5591858169821328, lr 0.001
    epoch 34: loss 0.5897977583456872, minutes 8.6, val_ap 0.5497319904178669, lr 0.001
    epoch 35: loss 0.5972121596163096, minutes 8.86, val_ap 0.5531730865602821, lr 0.001
    epoch 36: loss 0.5920464863437552, minutes 9.11, val_ap 0.5484930232634516, lr 0.001
    epoch 37: loss 0.5919462336703788, minutes 9.35, val_ap 0.5601972890453691, lr 0.001
    epoch 38: loss 0.601111151148067, minutes 9.6, val_ap 0.5511499677903885, lr 0.001
    epoch 39: loss 0.5885992471215337, minutes 9.85, val_ap 0.5653237334504418, lr 0.001
    epoch 40: loss 0.5875965129843977, minutes 10.11, val_ap 0.5714853654808877, lr 0.001
    epoch 41: loss 0.5865710101328617, minutes 10.37, val_ap 0.556227376636833, lr 0.001
    epoch 42: loss 0.58235617536445, minutes 10.62, val_ap 0.557907154420646, lr 0.001
    epoch 43: loss 0.5722003982424043, minutes 10.87, val_ap 0.5620325828347768, lr 0.001
    epoch 44: loss 0.5816246520208065, minutes 11.12, val_ap 0.5666005326785281, lr 0.001
    epoch 45: loss 0.5801918922468673, minutes 11.39, val_ap 0.5539255251708379, lr 0.001
    epoch 46: loss 0.5812546529395636, minutes 11.63, val_ap 0.5624568366190452, lr 0.001
    epoch 47: loss 0.5705962176326402, minutes 11.88, val_ap 0.5524921423137211, lr 0.001
    epoch 48: loss 0.5728063276687334, minutes 12.11, val_ap 0.5468163966424416, lr 0.001
    epoch 49: loss 0.5684737700882346, minutes 12.37, val_ap 0.5504803708188918, lr 0.0005
    epoch 50: loss 0.5552811299472354, minutes 12.61, val_ap 0.5618239528090117, lr 0.0005
    epoch 51: loss 0.5489197966404432, minutes 12.85, val_ap 0.549183845088095, lr 0.0005
    epoch 52: loss 0.5462745801913876, minutes 13.1, val_ap 0.5635714896392214, lr 0.0005
    epoch 53: loss 0.532481062897416, minutes 13.35, val_ap 0.5530062397224303, lr 0.0005
    epoch 54: loss 0.5396711124150559, minutes 13.6, val_ap 0.5599407669341039, lr 0.0005
    epoch 55: loss 0.5364246792051681, minutes 13.86, val_ap 0.5534179638080505, lr 0.0005
    epoch 56: loss 0.5408645467182924, minutes 14.12, val_ap 0.553191371575039, lr 0.0005
    epoch 57: loss 0.5410048228710197, minutes 14.37, val_ap 0.5585272436230506, lr 0.0005
    epoch 58: loss 0.5372320096506629, minutes 14.63, val_ap 0.5543309126067538, lr 0.00025
    epoch 59: loss 0.5253645306409791, minutes 14.89, val_ap 0.5581433979583892, lr 0.00025
    epoch 60: loss 0.5193358798359715, minutes 15.15, val_ap 0.5602993038461094, lr 0.00025
    epoch 61: loss 0.5272853443788927, minutes 15.38, val_ap 0.5609528547057344, lr 0.00025
    epoch 62: loss 0.5228861431742824, minutes 15.62, val_ap 0.565404404520235, lr 0.00025
    epoch 63: loss 0.5015366272351076, minutes 15.88, val_ap 0.5608328619719476, lr 0.00025
    epoch 64: loss 0.5131451170025176, minutes 16.13, val_ap 0.5580377254444694, lr 0.00025
    stopping: no validation gain in 25 epochs
[attn_mil dataset0 fold 3] done (16.6 min)
