loaded: dataset0 121,838 sites, data1 90,452
[deepset dataset0 fold 0 seed 1]
    epoch 1: loss 1.189639180201536, minutes 0.16, val_ap 0.2712288153864266, lr 0.00033430799220272904
    epoch 2: loss 0.8731688103306363, minutes 0.35, val_ap 0.4031005280104853, lr 0.0006676413255360624
    epoch 3: loss 0.804883681804116, minutes 0.53, val_ap 0.4310061702916511, lr 0.001
    epoch 4: loss 0.7569046506756231, minutes 0.72, val_ap 0.438949148488614, lr 0.001
    epoch 5: loss 0.742086716911249, minutes 0.91, val_ap 0.4434981830283185, lr 0.001
    epoch 6: loss 0.7312826583085702, minutes 1.11, val_ap 0.45756061844099755, lr 0.001
    epoch 7: loss 0.7150775357993723, minutes 1.29, val_ap 0.4608292428472311, lr 0.001
    epoch 8: loss 0.709793674318414, minutes 1.48, val_ap 0.4703352928645138, lr 0.001
    epoch 9: loss 0.6956561714062217, minutes 1.65, val_ap 0.4787335209690361, lr 0.001
    epoch 10: loss 0.6921904128023059, minutes 1.83, val_ap 0.47507398337169665, lr 0.001
    epoch 11: loss 0.6840577931606282, minutes 2.0, val_ap 0.4852260367579845, lr 0.001
    epoch 12: loss 0.6757151930652864, minutes 2.2, val_ap 0.4797366954153347, lr 0.001
    epoch 13: loss 0.6740487335543883, minutes 2.38, val_ap 0.49049051546552697, lr 0.001
    epoch 14: loss 0.6666931204105678, minutes 2.56, val_ap 0.4971874627398196, lr 0.001
    epoch 15: loss 0.6623482352111771, minutes 2.75, val_ap 0.4958817824931319, lr 0.001
    epoch 16: loss 0.6618342577365407, minutes 2.94, val_ap 0.5059717692629825, lr 0.001
    epoch 17: loss 0.6567328668128677, minutes 3.13, val_ap 0.4973349622431716, lr 0.001
    epoch 18: loss 0.6483695072214506, minutes 3.32, val_ap 0.5122611950672096, lr 0.001
    epoch 19: loss 0.6423698781788001, minutes 3.5, val_ap 0.5030911540460549, lr 0.001
    epoch 20: loss 0.6510880136350442, minutes 3.69, val_ap 0.5066850994464422, lr 0.001
    epoch 21: loss 0.6361432560877494, minutes 3.89, val_ap 0.5126049862615992, lr 0.001
    epoch 22: loss 0.640443973548231, minutes 4.09, val_ap 0.5157298859377397, lr 0.001
    epoch 23: loss 0.6371503964676495, minutes 4.27, val_ap 0.5157420455628207, lr 0.001
    epoch 24: loss 0.627489446722276, minutes 4.47, val_ap 0.5124828022348332, lr 0.001
    epoch 25: loss 0.6290610378597215, minutes 4.67, val_ap 0.5046893454414705, lr 0.001
    epoch 26: loss 0.6271521117080722, minutes 4.85, val_ap 0.5252144861543248, lr 0.001
    epoch 27: loss 0.6314330085327751, minutes 5.05, val_ap 0.5263675362944836, lr 0.001
    epoch 28: loss 0.619204015236849, minutes 5.25, val_ap 0.5183839322152008, lr 0.001
    epoch 29: loss 0.6283127973999894, minutes 5.44, val_ap 0.5225274382993363, lr 0.001
    epoch 30: loss 0.6203441342763734, minutes 5.63, val_ap 0.5164858345692206, lr 0.001
    epoch 31: loss 0.61468084478936, minutes 5.82, val_ap 0.5204645991970267, lr 0.001
    epoch 32: loss 0.6130502947241242, minutes 6.01, val_ap 0.5184710126096707, lr 0.001
    epoch 33: loss 0.6054630906958329, minutes 6.21, val_ap 0.5330799931520152, lr 0.001
    epoch 34: loss 0.6057268074381421, minutes 6.4, val_ap 0.5395623970286286, lr 0.001
    epoch 35: loss 0.6101459935743209, minutes 6.58, val_ap 0.5387262999548109, lr 0.001
    epoch 36: loss 0.6005058426257462, minutes 6.77, val_ap 0.5290950035093062, lr 0.001
    epoch 37: loss 0.609846985043838, minutes 6.95, val_ap 0.540446235907061, lr 0.001
    epoch 38: loss 0.5980181708844782, minutes 7.14, val_ap 0.5110608849430536, lr 0.001
    epoch 39: loss 0.5987911326320547, minutes 7.32, val_ap 0.5357183786643274, lr 0.001
    epoch 40: loss 0.5944771502624479, minutes 7.49, val_ap 0.5444449916382469, lr 0.001
    epoch 41: loss 0.5899348455040079, minutes 7.68, val_ap 0.5311749686650286, lr 0.001
    epoch 42: loss 0.585713696322943, minutes 7.86, val_ap 0.5290545778251184, lr 0.001
    epoch 43: loss 0.5799034959391544, minutes 8.04, val_ap 0.5369693047604766, lr 0.001
    epoch 44: loss 0.5884876191964623, minutes 8.22, val_ap 0.5215468220959668, lr 0.001
    epoch 45: loss 0.5781236070464228, minutes 8.39, val_ap 0.5325258586546026, lr 0.001
    epoch 46: loss 0.5806419617599912, minutes 8.57, val_ap 0.5382936194870681, lr 0.001
    epoch 47: loss 0.574315847709165, minutes 8.74, val_ap 0.5407856787196021, lr 0.001
    epoch 48: loss 0.574024152598883, minutes 8.93, val_ap 0.5125928046384834, lr 0.001
    epoch 49: loss 0.5722515127289365, minutes 9.13, val_ap 0.5456964694921848, lr 0.001
    epoch 50: loss 0.5805858155788733, minutes 9.32, val_ap 0.5378578949385846, lr 0.001
    epoch 51: loss 0.5648840943797987, minutes 9.5, val_ap 0.5398280504049439, lr 0.001
    epoch 52: loss 0.5719769892462513, minutes 9.69, val_ap 0.5157142471778748, lr 0.001
    epoch 53: loss 0.5726462322020391, minutes 9.87, val_ap 0.5265516305744873, lr 0.001
    epoch 54: loss 0.5639133388448877, minutes 10.06, val_ap 0.5178021758452341, lr 0.001
    epoch 55: loss 0.562155228870654, minutes 10.25, val_ap 0.5440860518479769, lr 0.001
    epoch 56: loss 0.5582474004804042, minutes 10.44, val_ap 0.525354343550141, lr 0.001
    epoch 57: loss 0.553000623109745, minutes 10.62, val_ap 0.5386138344226941, lr 0.001
    epoch 58: loss 0.5556812867609381, minutes 10.8, val_ap 0.5437434152369299, lr 0.0005
    epoch 59: loss 0.5376263412902926, minutes 10.99, val_ap 0.5413215167124922, lr 0.0005
    epoch 60: loss 0.5287928631779744, minutes 11.18, val_ap 0.5449280553997358, lr 0.0005
    epoch 61: loss 0.5297056980300368, minutes 11.38, val_ap 0.5355026310917074, lr 0.0005
    epoch 62: loss 0.5239447096460744, minutes 11.57, val_ap 0.5417249970666816, lr 0.0005
    epoch 63: loss 0.5270478785560843, minutes 11.75, val_ap 0.5458393303419495, lr 0.0005
    epoch 64: loss 0.5300380896057999, minutes 11.94, val_ap 0.5340998206769499, lr 0.0005
    epoch 65: loss 0.5243664378659767, minutes 12.12, val_ap 0.5450346525309142, lr 0.0005
    epoch 66: loss 0.5250436437931675, minutes 12.3, val_ap 0.5424384717584236, lr 0.0005
    epoch 67: loss 0.5206920133348096, minutes 12.49, val_ap 0.5379556447891245, lr 0.0005
    epoch 68: loss 0.516569912956472, minutes 12.67, val_ap 0.5375315481669293, lr 0.0005
    epoch 69: loss 0.5226575511327961, minutes 12.85, val_ap 0.533188095068988, lr 0.0005
    epoch 70: loss 0.5079562479728147, minutes 13.05, val_ap 0.5340172976154941, lr 0.0005
    epoch 71: loss 0.5132523156397524, minutes 13.23, val_ap 0.5385106765338029, lr 0.0005
    epoch 72: loss 0.5152669943738402, minutes 13.42, val_ap 0.5382159717170351, lr 0.00025
    epoch 73: loss 0.5045207976772074, minutes 13.59, val_ap 0.5364961263089582, lr 0.00025
    epoch 74: loss 0.4996650624170638, minutes 13.77, val_ap 0.5394609105914897, lr 0.00025
    epoch 75: loss 0.49992910907631033, minutes 13.93, val_ap 0.5379291519535175, lr 0.00025
    epoch 76: loss 0.4921133453734437, minutes 14.11, val_ap 0.5376755393494226, lr 0.00025
    epoch 77: loss 0.49925110916122356, minutes 14.29, val_ap 0.5341769310544136, lr 0.00025
    epoch 78: loss 0.4979334786011462, minutes 14.47, val_ap 0.534202291451913, lr 0.00025
    epoch 79: loss 0.4860380546391359, minutes 14.64, val_ap 0.535629026355942, lr 0.00025
    epoch 80: loss 0.4949052933799593, minutes 14.82, val_ap 0.5388670949320495, lr 0.00025
    epoch 81: loss 0.4907915969951111, minutes 15.0, val_ap 0.537821343896849, lr 0.000125
    epoch 82: loss 0.4824556123617797, minutes 15.17, val_ap 0.533058535805674, lr 0.000125
    epoch 83: loss 0.4813065729294604, minutes 15.33, val_ap 0.5395367011845393, lr 0.000125
    epoch 84: loss 0.48124557964460196, minutes 15.5, val_ap 0.53504806356874, lr 0.000125
    epoch 85: loss 0.4823450236989741, minutes 15.67, val_ap 0.5357395867034458, lr 0.000125
    epoch 86: loss 0.4788445477422915, minutes 15.84, val_ap 0.5313278796607651, lr 0.000125
    epoch 87: loss 0.4802432954311371, minutes 16.0, val_ap 0.5317467718047951, lr 0.000125
    stopping: no validation gain in 25 epochs
[deepset dataset0 fold 0 seed 1] done (16.3 min)
