loaded: dataset0 121,838 sites, data1 90,452
[scalar_random pooled_both fold 2 seed 1]
    kernel decay scale 108.1 nt (fitted to cell line 1 training labels)
    epoch 1: loss 1.8934, val_ap 0.1577, minutes 0.75, lr 3.31e-04
    epoch 2: loss 1.5591, val_ap 0.2952, minutes 1.46, lr 6.58e-04
    epoch 3: loss 1.4098, val_ap 0.3785, minutes 2.15, lr 9.87e-04
    epoch 4: loss 1.3687, val_ap 0.4026, minutes 2.87, lr 1.00e-03
    epoch 5: loss 1.3121, val_ap 0.4258, minutes 3.63, lr 1.00e-03
    epoch 6: loss 1.3122, val_ap 0.4095, minutes 4.41, lr 1.00e-03
    epoch 7: loss 1.2973, val_ap 0.4275, minutes 5.2, lr 1.00e-03
    epoch 8: loss 1.2838, val_ap 0.4335, minutes 6.02, lr 1.00e-03
    epoch 9: loss 1.2732, val_ap 0.4281, minutes 6.73, lr 1.00e-03
    epoch 10: loss 1.2765, val_ap 0.4337, minutes 7.46, lr 1.00e-03
    epoch 11: loss 1.2544, val_ap 0.4458, minutes 8.18, lr 1.00e-03
    epoch 12: loss 1.2444, val_ap 0.4517, minutes 8.87, lr 1.00e-03
    epoch 13: loss 1.2515, val_ap 0.4477, minutes 9.58, lr 1.00e-03
    epoch 14: loss 1.2373, val_ap 0.4459, minutes 10.36, lr 1.00e-03
    epoch 15: loss 1.2467, val_ap 0.4553, minutes 11.13, lr 1.00e-03
    epoch 16: loss 1.2325, val_ap 0.4549, minutes 11.91, lr 1.00e-03
    epoch 17: loss 1.2303, val_ap 0.4559, minutes 12.68, lr 1.00e-03
    epoch 18: loss 1.2242, val_ap 0.4513, minutes 13.42, lr 1.00e-03
    epoch 19: loss 1.2289, val_ap 0.4580, minutes 14.19, lr 1.00e-03
    epoch 20: loss 1.2208, val_ap 0.4568, minutes 14.93, lr 1.00e-03
    epoch 21: loss 1.2145, val_ap 0.4613, minutes 15.67, lr 1.00e-03
    epoch 22: loss 1.2093, val_ap 0.4612, minutes 16.42, lr 1.00e-03
    epoch 23: loss 1.2110, val_ap 0.4542, minutes 17.16, lr 1.00e-03
    epoch 24: loss 1.2075, val_ap 0.4614, minutes 17.88, lr 1.00e-03
    epoch 25: loss 1.2061, val_ap 0.4661, minutes 18.58, lr 1.00e-03
    epoch 26: loss 1.2002, val_ap 0.4581, minutes 19.39, lr 1.00e-03
    epoch 27: loss 1.2008, val_ap 0.4637, minutes 20.14, lr 1.00e-03
    epoch 28: loss 1.1880, val_ap 0.4604, minutes 20.91, lr 1.00e-03
    epoch 29: loss 1.1877, val_ap 0.4704, minutes 21.7, lr 1.00e-03
    epoch 30: loss 1.1877, val_ap 0.4665, minutes 22.48, lr 1.00e-03
    epoch 31: loss 1.1866, val_ap 0.4663, minutes 23.31, lr 1.00e-03
    epoch 32: loss 1.1844, val_ap 0.4654, minutes 24.2, lr 1.00e-03
    epoch 33: loss 1.1787, val_ap 0.4566, minutes 24.93, lr 1.00e-03
    epoch 34: loss 1.2303, val_ap 0.4704, minutes 25.65, lr 1.00e-03
    epoch 35: loss 1.1858, val_ap 0.4685, minutes 26.43, lr 1.00e-03
    epoch 36: loss 1.1752, val_ap 0.4640, minutes 27.13, lr 1.00e-03
    epoch 37: loss 1.1803, val_ap 0.4662, minutes 27.86, lr 1.00e-03
    epoch 38: loss 1.1738, val_ap 0.4714, minutes 28.62, lr 1.00e-03
    epoch 39: loss 1.1743, val_ap 0.4718, minutes 29.37, lr 1.00e-03
    epoch 40: loss 1.1711, val_ap 0.4729, minutes 30.14, lr 1.00e-03
    epoch 41: loss 1.1588, val_ap 0.4686, minutes 30.87, lr 1.00e-03
    epoch 42: loss 1.1572, val_ap 0.4698, minutes 31.64, lr 1.00e-03
    epoch 43: loss 1.1601, val_ap 0.4649, minutes 32.38, lr 1.00e-03
    epoch 44: loss 1.1627, val_ap 0.4621, minutes 33.14, lr 1.00e-03
    epoch 45: loss 1.1595, val_ap 0.4647, minutes 33.83, lr 1.00e-03
    epoch 46: loss 1.1519, val_ap 0.4674, minutes 34.6, lr 1.00e-03
    epoch 47: loss 1.1643, val_ap 0.4709, minutes 35.32, lr 1.00e-03
    epoch 48: loss 1.1536, val_ap 0.4655, minutes 36.04, lr 1.00e-03
    epoch 49: loss 1.1510, val_ap 0.4722, minutes 36.8, lr 5.00e-04
    epoch 50: loss 1.1305, val_ap 0.4682, minutes 37.54, lr 5.00e-04
    epoch 51: loss 1.1330, val_ap 0.4695, minutes 38.29, lr 5.00e-04
    epoch 52: loss 1.1296, val_ap 0.4708, minutes 39.02, lr 5.00e-04
    epoch 53: loss 1.1378, val_ap 0.4668, minutes 39.81, lr 5.00e-04
    epoch 54: loss 1.1323, val_ap 0.4673, minutes 40.52, lr 5.00e-04
    epoch 55: loss 1.1250, val_ap 0.4650, minutes 41.27, lr 5.00e-04
    epoch 56: loss 1.1294, val_ap 0.4682, minutes 42.01, lr 5.00e-04
    epoch 57: loss 1.1188, val_ap 0.4678, minutes 42.75, lr 5.00e-04
    epoch 58: loss 1.1154, val_ap 0.4677, minutes 43.51, lr 2.50e-04
    epoch 59: loss 1.1120, val_ap 0.4727, minutes 44.23, lr 2.50e-04
    epoch 60: loss 1.1147, val_ap 0.4709, minutes 44.99, lr 2.50e-04
    epoch 61: loss 1.1148, val_ap 0.4702, minutes 45.82, lr 2.50e-04
    epoch 62: loss 1.1029, val_ap 0.4685, minutes 46.62, lr 2.50e-04
    epoch 63: loss 1.1160, val_ap 0.4706, minutes 47.34, lr 2.50e-04
    epoch 64: loss 1.1126, val_ap 0.4739, minutes 48.04, lr 2.50e-04
    epoch 65: loss 1.1171, val_ap 0.4726, minutes 48.76, lr 2.50e-04
    epoch 66: loss 1.1105, val_ap 0.4685, minutes 49.51, lr 2.50e-04
    epoch 67: loss 1.1030, val_ap 0.4714, minutes 50.23, lr 2.50e-04
    epoch 68: loss 1.0993, val_ap 0.4715, minutes 50.97, lr 2.50e-04
    epoch 69: loss 1.1002, val_ap 0.4723, minutes 51.72, lr 2.50e-04
    epoch 70: loss 1.0992, val_ap 0.4705, minutes 52.44, lr 2.50e-04
    epoch 71: loss 1.1022, val_ap 0.4709, minutes 53.14, lr 2.50e-04
    epoch 72: loss 1.1111, val_ap 0.4663, minutes 53.87, lr 2.50e-04
    epoch 73: loss 1.1106, val_ap 0.4701, minutes 54.57, lr 1.25e-04
    epoch 74: loss 1.0999, val_ap 0.4706, minutes 55.22, lr 1.25e-04
    epoch 75: loss 1.0968, val_ap 0.4713, minutes 55.82, lr 1.25e-04
    epoch 76: loss 1.0950, val_ap 0.4709, minutes 56.43, lr 1.25e-04
    epoch 77: loss 1.0947, val_ap 0.4695, minutes 57.09, lr 1.25e-04
    epoch 78: loss 1.0924, val_ap 0.4710, minutes 57.75, lr 1.25e-04
    epoch 79: loss 1.0983, val_ap 0.4694, minutes 58.43, lr 1.25e-04
    epoch 80: loss 1.0936, val_ap 0.4705, minutes 59.09, lr 1.25e-04
    epoch 81: loss 1.0937, val_ap 0.4708, minutes 59.76, lr 1.25e-04
    epoch 82: loss 1.0902, val_ap 0.4713, minutes 60.46, lr 6.25e-05
    epoch 83: loss 1.0950, val_ap 0.4715, minutes 61.13, lr 6.25e-05
    epoch 84: loss 1.0889, val_ap 0.4703, minutes 61.72, lr 6.25e-05
    epoch 85: loss 1.0891, val_ap 0.4688, minutes 62.33, lr 6.25e-05
    epoch 86: loss 1.0936, val_ap 0.4691, minutes 62.98, lr 6.25e-05
    epoch 87: loss 1.0947, val_ap 0.4696, minutes 63.64, lr 6.25e-05
    epoch 88: loss 1.0892, val_ap 0.4690, minutes 64.27, lr 6.25e-05
    epoch 89: loss 1.0931, val_ap 0.4699, minutes 64.88, lr 6.25e-05
    stopping: no validation gain in 25 epochs
[scalar_random pooled_both fold 2 seed 1] done (65.4 min)
