loaded: dataset0 121,838 sites, data1 90,452
[h2gcn_twohead_aux pooled_both fold 3 seed 1]
    epoch 1: loss 1.9092, val_ap 0.1513, minutes 0.85, lr 3.31e-04
    epoch 2: loss 1.5346, val_ap 0.2897, minutes 1.59, lr 6.60e-04
    epoch 3: loss 1.3439, val_ap 0.4204, minutes 2.36, lr 9.89e-04
    epoch 4: loss 1.2427, val_ap 0.4550, minutes 3.11, lr 1.00e-03
    epoch 5: loss 1.1870, val_ap 0.4685, minutes 3.88, lr 1.00e-03
    epoch 6: loss 1.1560, val_ap 0.4688, minutes 4.76, lr 1.00e-03
    epoch 7: loss 1.1490, val_ap 0.4767, minutes 5.71, lr 1.00e-03
    epoch 8: loss 1.1380, val_ap 0.4687, minutes 6.68, lr 1.00e-03
    epoch 9: loss 1.1214, val_ap 0.4803, minutes 7.65, lr 1.00e-03
    epoch 10: loss 1.1082, val_ap 0.4840, minutes 8.58, lr 1.00e-03
    epoch 11: loss 1.1032, val_ap 0.4840, minutes 9.54, lr 1.00e-03
    epoch 12: loss 1.0989, val_ap 0.4845, minutes 10.5, lr 1.00e-03
    epoch 13: loss 1.0812, val_ap 0.4895, minutes 11.42, lr 1.00e-03
    epoch 14: loss 1.0807, val_ap 0.4909, minutes 12.35, lr 1.00e-03
    epoch 15: loss 1.0815, val_ap 0.4879, minutes 13.28, lr 1.00e-03
    epoch 16: loss 1.0722, val_ap 0.4906, minutes 14.24, lr 1.00e-03
    epoch 17: loss 1.0757, val_ap 0.4934, minutes 15.17, lr 1.00e-03
    epoch 18: loss 1.0650, val_ap 0.4930, minutes 16.11, lr 1.00e-03
    epoch 19: loss 1.0504, val_ap 0.5011, minutes 16.99, lr 1.00e-03
    epoch 20: loss 1.0532, val_ap 0.5005, minutes 17.87, lr 1.00e-03
    epoch 21: loss 1.0558, val_ap 0.5011, minutes 18.83, lr 1.00e-03
    epoch 22: loss 1.0400, val_ap 0.5005, minutes 19.76, lr 1.00e-03
    epoch 23: loss 1.0426, val_ap 0.5047, minutes 20.71, lr 1.00e-03
    epoch 24: loss 1.0361, val_ap 0.5056, minutes 21.71, lr 1.00e-03
    epoch 25: loss 1.0312, val_ap 0.5002, minutes 22.67, lr 1.00e-03
    epoch 26: loss 1.0319, val_ap 0.5118, minutes 23.64, lr 1.00e-03
    epoch 27: loss 1.0307, val_ap 0.5077, minutes 24.61, lr 1.00e-03
    epoch 28: loss 1.0184, val_ap 0.5098, minutes 25.59, lr 1.00e-03
    epoch 29: loss 1.0217, val_ap 0.5178, minutes 26.57, lr 1.00e-03
    epoch 30: loss 1.0182, val_ap 0.5201, minutes 27.53, lr 1.00e-03
    epoch 31: loss 1.0050, val_ap 0.5167, minutes 28.47, lr 1.00e-03
    epoch 32: loss 1.0120, val_ap 0.5162, minutes 29.44, lr 1.00e-03
    epoch 33: loss 0.9952, val_ap 0.5098, minutes 30.36, lr 1.00e-03
    epoch 34: loss 0.9972, val_ap 0.5186, minutes 31.26, lr 1.00e-03
    epoch 35: loss 0.9897, val_ap 0.5144, minutes 32.12, lr 1.00e-03
    epoch 36: loss 1.0005, val_ap 0.5207, minutes 32.99, lr 1.00e-03
    epoch 37: loss 0.9857, val_ap 0.5184, minutes 33.89, lr 1.00e-03
    epoch 38: loss 0.9937, val_ap 0.5193, minutes 34.77, lr 1.00e-03
    epoch 39: loss 0.9899, val_ap 0.4993, minutes 35.66, lr 1.00e-03
    epoch 40: loss 0.9830, val_ap 0.5214, minutes 36.56, lr 1.00e-03
    epoch 41: loss 0.9682, val_ap 0.5119, minutes 37.38, lr 1.00e-03
    epoch 42: loss 0.9670, val_ap 0.5061, minutes 38.16, lr 1.00e-03
    epoch 43: loss 0.9578, val_ap 0.5218, minutes 38.9, lr 1.00e-03
    epoch 44: loss 0.9714, val_ap 0.5154, minutes 39.69, lr 1.00e-03
    epoch 45: loss 0.9641, val_ap 0.5080, minutes 40.45, lr 1.00e-03
    epoch 46: loss 0.9548, val_ap 0.5137, minutes 41.24, lr 1.00e-03
    epoch 47: loss 0.9532, val_ap 0.5162, minutes 42.05, lr 1.00e-03
    epoch 48: loss 0.9525, val_ap 0.5190, minutes 42.82, lr 1.00e-03
    epoch 49: loss 0.9488, val_ap 0.5159, minutes 43.61, lr 1.00e-03
    epoch 50: loss 0.9422, val_ap 0.5210, minutes 44.36, lr 1.00e-03
    epoch 51: loss 0.9424, val_ap 0.5139, minutes 45.13, lr 1.00e-03
    epoch 52: loss 0.9464, val_ap 0.4931, minutes 45.89, lr 5.00e-04
    epoch 53: loss 0.9181, val_ap 0.5124, minutes 46.68, lr 5.00e-04
    epoch 54: loss 0.9051, val_ap 0.5150, minutes 47.51, lr 5.00e-04
    epoch 55: loss 0.9084, val_ap 0.5205, minutes 48.25, lr 5.00e-04
    epoch 56: loss 0.9085, val_ap 0.5189, minutes 49.07, lr 5.00e-04
    epoch 57: loss 0.9031, val_ap 0.4992, minutes 49.86, lr 5.00e-04
    epoch 58: loss 0.9004, val_ap 0.4983, minutes 50.61, lr 5.00e-04
    epoch 59: loss 0.9029, val_ap 0.5136, minutes 51.37, lr 5.00e-04
    epoch 60: loss 0.8924, val_ap 0.4931, minutes 52.14, lr 5.00e-04
    epoch 61: loss 0.8975, val_ap 0.5113, minutes 52.87, lr 2.50e-04
    epoch 62: loss 0.8851, val_ap 0.5068, minutes 53.66, lr 2.50e-04
    epoch 63: loss 0.8842, val_ap 0.5069, minutes 54.44, lr 2.50e-04
    epoch 64: loss 0.8813, val_ap 0.5103, minutes 55.22, lr 2.50e-04
    epoch 65: loss 0.8802, val_ap 0.5046, minutes 55.95, lr 2.50e-04
    epoch 66: loss 0.8754, val_ap 0.5037, minutes 56.73, lr 2.50e-04
    epoch 67: loss 0.8774, val_ap 0.5089, minutes 57.48, lr 2.50e-04
    epoch 68: loss 0.8703, val_ap 0.5105, minutes 58.2, lr 2.50e-04
    stopping: no validation gain in 25 epochs
[h2gcn_twohead_aux pooled_both fold 3 seed 1] done (58.9 min)
