loaded: dataset0 121,838 sites, data1 90,452
[gps pooled_both fold 3 seed 1]
    epoch 1: loss 1.8954, val_ap 0.1689, minutes 2.56, lr 3.31e-04
    epoch 2: loss 1.5595, val_ap 0.2895, minutes 4.99, lr 6.60e-04
    epoch 3: loss 1.3836, val_ap 0.4160, minutes 7.46, lr 9.89e-04
    epoch 4: loss 1.3039, val_ap 0.4481, minutes 9.94, lr 1.00e-03
    epoch 5: loss 1.2492, val_ap 0.4584, minutes 12.4, lr 1.00e-03
    epoch 6: loss 1.2256, val_ap 0.4627, minutes 14.97, lr 1.00e-03
    epoch 7: loss 1.2077, val_ap 0.4699, minutes 17.48, lr 1.00e-03
    epoch 8: loss 1.2102, val_ap 0.4573, minutes 19.96, lr 1.00e-03
    epoch 9: loss 1.1848, val_ap 0.4795, minutes 22.55, lr 1.00e-03
    epoch 10: loss 1.1659, val_ap 0.4798, minutes 25.17, lr 1.00e-03
    epoch 11: loss 1.1680, val_ap 0.4827, minutes 27.64, lr 1.00e-03
    epoch 12: loss 1.1591, val_ap 0.4834, minutes 30.19, lr 1.00e-03
    epoch 13: loss 1.1430, val_ap 0.4866, minutes 32.72, lr 1.00e-03
    epoch 14: loss 1.1400, val_ap 0.4877, minutes 35.2, lr 1.00e-03
    epoch 15: loss 1.1378, val_ap 0.4912, minutes 37.7, lr 1.00e-03
    epoch 16: loss 1.1302, val_ap 0.4970, minutes 40.21, lr 1.00e-03
    epoch 17: loss 1.1296, val_ap 0.4952, minutes 42.74, lr 1.00e-03
    epoch 18: loss 1.1243, val_ap 0.4984, minutes 45.29, lr 1.00e-03
    epoch 19: loss 1.1081, val_ap 0.5051, minutes 47.83, lr 1.00e-03
    epoch 20: loss 1.1095, val_ap 0.5030, minutes 50.43, lr 1.00e-03
    epoch 21: loss 1.1056, val_ap 0.4974, minutes 52.87, lr 1.00e-03
    epoch 22: loss 1.0992, val_ap 0.5016, minutes 55.42, lr 1.00e-03
    epoch 23: loss 1.0982, val_ap 0.5025, minutes 57.99, lr 1.00e-03
    epoch 24: loss 1.0890, val_ap 0.4939, minutes 60.52, lr 1.00e-03
    epoch 25: loss 1.0840, val_ap 0.4985, minutes 62.99, lr 1.00e-03
    epoch 26: loss 1.0890, val_ap 0.5089, minutes 65.53, lr 1.00e-03
    epoch 27: loss 1.0795, val_ap 0.4926, minutes 68.07, lr 1.00e-03
    epoch 28: loss 1.0692, val_ap 0.5060, minutes 70.63, lr 1.00e-03
    epoch 29: loss 1.0703, val_ap 0.5017, minutes 73.14, lr 1.00e-03
    epoch 30: loss 1.0620, val_ap 0.5042, minutes 75.56, lr 1.00e-03
    epoch 31: loss 1.0518, val_ap 0.5036, minutes 78.09, lr 1.00e-03
    epoch 32: loss 1.0533, val_ap 0.4975, minutes 80.61, lr 1.00e-03
    epoch 33: loss 1.0370, val_ap 0.5119, minutes 83.11, lr 1.00e-03
    epoch 34: loss 1.0323, val_ap 0.5028, minutes 85.64, lr 1.00e-03
    epoch 35: loss 1.0196, val_ap 0.4808, minutes 88.21, lr 1.00e-03
    epoch 36: loss 1.0279, val_ap 0.4987, minutes 90.76, lr 1.00e-03
    epoch 37: loss 1.0165, val_ap 0.4830, minutes 93.24, lr 1.00e-03
    epoch 38: loss 1.0133, val_ap 0.4790, minutes 95.82, lr 1.00e-03
    epoch 39: loss 1.0036, val_ap 0.4832, minutes 98.31, lr 1.00e-03
    epoch 40: loss 1.0029, val_ap 0.4818, minutes 100.81, lr 1.00e-03
    epoch 41: loss 0.9873, val_ap 0.4742, minutes 103.43, lr 1.00e-03
    epoch 42: loss 0.9826, val_ap 0.4836, minutes 105.94, lr 5.00e-04
    epoch 43: loss 0.9545, val_ap 0.4767, minutes 108.42, lr 5.00e-04
    epoch 44: loss 0.9542, val_ap 0.4812, minutes 110.93, lr 5.00e-04
    epoch 45: loss 0.9497, val_ap 0.4703, minutes 113.36, lr 5.00e-04
    epoch 46: loss 0.9400, val_ap 0.4760, minutes 115.8, lr 5.00e-04
    epoch 47: loss 0.9321, val_ap 0.4733, minutes 118.24, lr 5.00e-04
    epoch 48: loss 0.9379, val_ap 0.4607, minutes 120.64, lr 5.00e-04
    epoch 49: loss 0.9380, val_ap 0.4859, minutes 123.06, lr 5.00e-04
    epoch 50: loss 0.9204, val_ap 0.4741, minutes 125.49, lr 5.00e-04
    epoch 51: loss 0.9212, val_ap 0.4710, minutes 127.9, lr 2.50e-04
    epoch 52: loss 0.8994, val_ap 0.4725, minutes 130.24, lr 2.50e-04
    epoch 53: loss 0.8991, val_ap 0.4527, minutes 132.6, lr 2.50e-04
    epoch 54: loss 0.8928, val_ap 0.4702, minutes 135.03, lr 2.50e-04
    epoch 55: loss 0.8972, val_ap 0.4677, minutes 137.42, lr 2.50e-04
    epoch 56: loss 0.8940, val_ap 0.4746, minutes 139.78, lr 2.50e-04
    epoch 57: loss 0.8868, val_ap 0.4681, minutes 142.17, lr 2.50e-04
    epoch 58: loss 0.8826, val_ap 0.4642, minutes 144.49, lr 2.50e-04
    stopping: no validation gain in 25 epochs
[gps pooled_both fold 3 seed 1] done (145.2 min)
