loaded: dataset0 121,838 sites, data1 90,452
[fk_band dataset0 fold 1]
    band weights [0.415, 0.354, 0.231] (bands ((0, 30), (30, 75), (75, 150)))
    epoch 1: loss 1.9683, val_ap 0.1792, minutes 0.44, lr 3.33e-04
    epoch 2: loss 1.5408, val_ap 0.3100, minutes 0.95, lr 6.63e-04
    epoch 3: loss 1.2620, val_ap 0.4620, minutes 1.45, lr 9.92e-04
    epoch 4: loss 1.1681, val_ap 0.5084, minutes 1.92, lr 1.00e-03
    epoch 5: loss 1.1116, val_ap 0.5247, minutes 2.44, lr 1.00e-03
    epoch 6: loss 1.0421, val_ap 0.5307, minutes 2.85, lr 1.00e-03
    epoch 7: loss 1.0164, val_ap 0.5423, minutes 3.35, lr 1.00e-03
    epoch 8: loss 1.0049, val_ap 0.5447, minutes 3.79, lr 1.00e-03
    epoch 9: loss 0.9839, val_ap 0.5538, minutes 4.25, lr 1.00e-03
    epoch 10: loss 0.9748, val_ap 0.5459, minutes 4.7, lr 1.00e-03
    epoch 11: loss 0.9533, val_ap 0.5663, minutes 5.14, lr 1.00e-03
    epoch 12: loss 0.9288, val_ap 0.5627, minutes 5.61, lr 1.00e-03
    epoch 13: loss 0.9488, val_ap 0.5712, minutes 6.11, lr 1.00e-03
    epoch 14: loss 0.9392, val_ap 0.5677, minutes 6.59, lr 1.00e-03
    epoch 15: loss 0.9249, val_ap 0.5600, minutes 7.06, lr 1.00e-03
    epoch 16: loss 0.9142, val_ap 0.5724, minutes 7.53, lr 1.00e-03
    epoch 17: loss 0.8954, val_ap 0.5818, minutes 7.95, lr 1.00e-03
    epoch 18: loss 0.8873, val_ap 0.5798, minutes 8.44, lr 1.00e-03
    epoch 19: loss 0.9041, val_ap 0.5875, minutes 8.87, lr 1.00e-03
    epoch 20: loss 0.8773, val_ap 0.5896, minutes 9.38, lr 1.00e-03
    epoch 21: loss 0.8696, val_ap 0.5835, minutes 9.94, lr 1.00e-03
    epoch 22: loss 0.8807, val_ap 0.5924, minutes 10.52, lr 1.00e-03
    epoch 23: loss 0.8815, val_ap 0.5923, minutes 11.07, lr 1.00e-03
    epoch 24: loss 0.8586, val_ap 0.5977, minutes 11.66, lr 1.00e-03
    epoch 25: loss 0.8521, val_ap 0.5927, minutes 12.23, lr 1.00e-03
    epoch 26: loss 0.8587, val_ap 0.5980, minutes 12.8, lr 1.00e-03
    epoch 27: loss 0.8528, val_ap 0.5921, minutes 13.39, lr 1.00e-03
    epoch 28: loss 0.8529, val_ap 0.5990, minutes 13.92, lr 1.00e-03
    epoch 29: loss 0.8407, val_ap 0.6018, minutes 14.5, lr 1.00e-03
    epoch 30: loss 0.8352, val_ap 0.5938, minutes 15.03, lr 1.00e-03
    epoch 31: loss 0.8326, val_ap 0.6010, minutes 15.61, lr 1.00e-03
    epoch 32: loss 0.8531, val_ap 0.5956, minutes 16.13, lr 1.00e-03
    epoch 33: loss 0.8412, val_ap 0.5988, minutes 16.69, lr 1.00e-03
    epoch 34: loss 0.8277, val_ap 0.5950, minutes 17.24, lr 1.00e-03
    epoch 35: loss 0.8178, val_ap 0.5924, minutes 17.8, lr 1.00e-03
    epoch 36: loss 0.8103, val_ap 0.6017, minutes 18.36, lr 1.00e-03
    epoch 37: loss 0.8158, val_ap 0.5895, minutes 18.93, lr 1.00e-03
    epoch 38: loss 0.8267, val_ap 0.5957, minutes 19.5, lr 5.00e-04
    epoch 39: loss 0.7946, val_ap 0.6013, minutes 20.1, lr 5.00e-04
    epoch 40: loss 0.7796, val_ap 0.6002, minutes 20.68, lr 5.00e-04
    epoch 41: loss 0.7861, val_ap 0.6105, minutes 21.24, lr 5.00e-04
    epoch 42: loss 0.7954, val_ap 0.6054, minutes 21.79, lr 5.00e-04
    epoch 43: loss 0.7829, val_ap 0.6086, minutes 22.35, lr 5.00e-04
    epoch 44: loss 0.7920, val_ap 0.6047, minutes 22.93, lr 5.00e-04
    epoch 45: loss 0.7829, val_ap 0.6098, minutes 23.49, lr 5.00e-04
    epoch 46: loss 0.7579, val_ap 0.6101, minutes 24.08, lr 5.00e-04
    epoch 47: loss 0.7659, val_ap 0.6021, minutes 24.64, lr 5.00e-04
    epoch 48: loss 0.7785, val_ap 0.6059, minutes 25.26, lr 5.00e-04
    epoch 49: loss 0.7706, val_ap 0.6043, minutes 25.83, lr 5.00e-04
    epoch 50: loss 0.7789, val_ap 0.6097, minutes 26.42, lr 2.50e-04
    epoch 51: loss 0.7504, val_ap 0.6074, minutes 26.99, lr 2.50e-04
    epoch 52: loss 0.7514, val_ap 0.6088, minutes 27.55, lr 2.50e-04
    epoch 53: loss 0.7513, val_ap 0.6077, minutes 28.12, lr 2.50e-04
    epoch 54: loss 0.7577, val_ap 0.6110, minutes 28.68, lr 2.50e-04
    epoch 55: loss 0.7404, val_ap 0.6049, minutes 29.25, lr 2.50e-04
    epoch 56: loss 0.7540, val_ap 0.6098, minutes 29.8, lr 2.50e-04
    epoch 57: loss 0.7388, val_ap 0.6103, minutes 30.37, lr 2.50e-04
    epoch 58: loss 0.7562, val_ap 0.6070, minutes 30.91, lr 2.50e-04
    epoch 59: loss 0.7426, val_ap 0.6076, minutes 31.47, lr 2.50e-04
    epoch 60: loss 0.7356, val_ap 0.6036, minutes 32.04, lr 2.50e-04
    epoch 61: loss 0.7358, val_ap 0.6078, minutes 32.59, lr 2.50e-04
    epoch 62: loss 0.7434, val_ap 0.6103, minutes 33.16, lr 2.50e-04
    epoch 63: loss 0.7354, val_ap 0.6066, minutes 33.74, lr 1.25e-04
    epoch 64: loss 0.7209, val_ap 0.6065, minutes 34.3, lr 1.25e-04
    epoch 65: loss 0.7341, val_ap 0.6081, minutes 34.89, lr 1.25e-04
    epoch 66: loss 0.7221, val_ap 0.6090, minutes 35.46, lr 1.25e-04
    epoch 67: loss 0.7212, val_ap 0.6102, minutes 36.04, lr 1.25e-04
    epoch 68: loss 0.7318, val_ap 0.6091, minutes 36.62, lr 1.25e-04
    epoch 69: loss 0.7355, val_ap 0.6092, minutes 37.19, lr 1.25e-04
    epoch 70: loss 0.7127, val_ap 0.6098, minutes 37.79, lr 1.25e-04
    epoch 71: loss 0.7318, val_ap 0.6102, minutes 38.34, lr 1.25e-04
    epoch 72: loss 0.7292, val_ap 0.6091, minutes 38.9, lr 6.25e-05
    epoch 73: loss 0.7196, val_ap 0.6107, minutes 39.46, lr 6.25e-05
    epoch 74: loss 0.7169, val_ap 0.6118, minutes 40.03, lr 6.25e-05
    epoch 75: loss 0.7225, val_ap 0.6109, minutes 40.6, lr 6.25e-05
    epoch 76: loss 0.7160, val_ap 0.6104, minutes 41.16, lr 6.25e-05
    epoch 77: loss 0.7129, val_ap 0.6112, minutes 41.73, lr 6.25e-05
    epoch 78: loss 0.7269, val_ap 0.6103, minutes 42.29, lr 6.25e-05
    epoch 79: loss 0.7262, val_ap 0.6105, minutes 42.88, lr 6.25e-05
    epoch 80: loss 0.7191, val_ap 0.6102, minutes 43.46, lr 6.25e-05
    epoch 81: loss 0.7258, val_ap 0.6117, minutes 44.02, lr 6.25e-05
    epoch 82: loss 0.7164, val_ap 0.6115, minutes 44.6, lr 6.25e-05
    epoch 83: loss 0.7206, val_ap 0.6105, minutes 45.16, lr 3.13e-05
    epoch 84: loss 0.7182, val_ap 0.6110, minutes 45.75, lr 3.13e-05
    epoch 85: loss 0.7229, val_ap 0.6106, minutes 46.34, lr 3.13e-05
    epoch 86: loss 0.7115, val_ap 0.6110, minutes 46.93, lr 3.13e-05
    epoch 87: loss 0.7196, val_ap 0.6105, minutes 47.49, lr 3.13e-05
    epoch 88: loss 0.7208, val_ap 0.6114, minutes 48.07, lr 3.13e-05
    epoch 89: loss 0.7077, val_ap 0.6109, minutes 48.62, lr 3.13e-05
    epoch 90: loss 0.7072, val_ap 0.6107, minutes 49.19, lr 3.13e-05
    epoch 91: loss 0.7156, val_ap 0.6101, minutes 49.75, lr 3.13e-05
    epoch 92: loss 0.7162, val_ap 0.6102, minutes 50.32, lr 1.56e-05
    epoch 93: loss 0.7257, val_ap 0.6104, minutes 50.88, lr 1.56e-05
    epoch 94: loss 0.7236, val_ap 0.6105, minutes 51.44, lr 1.56e-05
    epoch 95: loss 0.7203, val_ap 0.6105, minutes 51.99, lr 1.56e-05
    epoch 96: loss 0.7132, val_ap 0.6105, minutes 52.55, lr 1.56e-05
    epoch 97: loss 0.7071, val_ap 0.6101, minutes 53.12, lr 1.56e-05
    epoch 98: loss 0.7088, val_ap 0.6106, minutes 53.67, lr 1.56e-05
    epoch 99: loss 0.7114, val_ap 0.6102, minutes 54.24, lr 1.56e-05
    stopping: no validation gain in 25 epochs
[fk_band dataset0 fold 1] done (55.2 min)
