loaded: dataset0 121,838 sites, data1 90,452
[scalar_random dataset0 fold 1 seed 1]
    kernel decay scale 114.6 nt (fitted to cell line 1 training labels)
    epoch 1: loss 1.9694, val_ap 0.1519, minutes 0.46, lr 3.33e-04
    epoch 2: loss 1.5757, val_ap 0.2331, minutes 0.88, lr 6.63e-04
    epoch 3: loss 1.3334, val_ap 0.4076, minutes 1.32, lr 9.92e-04
    epoch 4: loss 1.2313, val_ap 0.4398, minutes 1.73, lr 1.00e-03
    epoch 5: loss 1.1549, val_ap 0.4587, minutes 2.13, lr 1.00e-03
    epoch 6: loss 1.1261, val_ap 0.4527, minutes 2.56, lr 1.00e-03
    epoch 7: loss 1.0932, val_ap 0.4726, minutes 2.98, lr 1.00e-03
    epoch 8: loss 1.0836, val_ap 0.4693, minutes 3.4, lr 1.00e-03
    epoch 9: loss 1.0898, val_ap 0.4785, minutes 3.81, lr 1.00e-03
    epoch 10: loss 1.0671, val_ap 0.4673, minutes 4.21, lr 1.00e-03
    epoch 11: loss 1.0525, val_ap 0.4765, minutes 4.67, lr 1.00e-03
    epoch 12: loss 1.0564, val_ap 0.4760, minutes 5.08, lr 1.00e-03
    epoch 13: loss 1.0529, val_ap 0.4754, minutes 5.52, lr 1.00e-03
    epoch 14: loss 1.0475, val_ap 0.4745, minutes 5.89, lr 1.00e-03
    epoch 15: loss 1.0331, val_ap 0.4877, minutes 6.26, lr 1.00e-03
    epoch 16: loss 1.0202, val_ap 0.4911, minutes 6.68, lr 1.00e-03
    epoch 17: loss 1.0282, val_ap 0.4800, minutes 7.08, lr 1.00e-03
    epoch 18: loss 1.0113, val_ap 0.4893, minutes 7.44, lr 1.00e-03
    epoch 19: loss 1.0186, val_ap 0.4800, minutes 7.84, lr 1.00e-03
    epoch 20: loss 1.0220, val_ap 0.4902, minutes 8.25, lr 1.00e-03
    epoch 21: loss 1.0056, val_ap 0.4957, minutes 8.67, lr 1.00e-03
    epoch 22: loss 0.9998, val_ap 0.4956, minutes 9.05, lr 1.00e-03
    epoch 23: loss 1.0026, val_ap 0.5015, minutes 9.48, lr 1.00e-03
    epoch 24: loss 0.9840, val_ap 0.4980, minutes 9.86, lr 1.00e-03
    epoch 25: loss 0.9912, val_ap 0.5032, minutes 10.27, lr 1.00e-03
    epoch 26: loss 0.9891, val_ap 0.5026, minutes 10.68, lr 1.00e-03
    epoch 27: loss 0.9821, val_ap 0.5041, minutes 11.09, lr 1.00e-03
    epoch 28: loss 0.9694, val_ap 0.5137, minutes 11.51, lr 1.00e-03
    epoch 29: loss 0.9729, val_ap 0.5135, minutes 11.91, lr 1.00e-03
    epoch 30: loss 0.9639, val_ap 0.5063, minutes 12.29, lr 1.00e-03
    epoch 31: loss 0.9924, val_ap 0.4994, minutes 12.72, lr 1.00e-03
    epoch 32: loss 0.9758, val_ap 0.5053, minutes 13.13, lr 1.00e-03
    epoch 33: loss 0.9547, val_ap 0.5093, minutes 13.57, lr 1.00e-03
    epoch 34: loss 0.9566, val_ap 0.5163, minutes 13.98, lr 1.00e-03
    epoch 35: loss 0.9585, val_ap 0.5120, minutes 14.38, lr 1.00e-03
    epoch 36: loss 0.9775, val_ap 0.5115, minutes 14.78, lr 1.00e-03
    epoch 37: loss 0.9602, val_ap 0.5175, minutes 15.19, lr 1.00e-03
    epoch 38: loss 0.9430, val_ap 0.5154, minutes 15.62, lr 1.00e-03
    epoch 39: loss 0.9588, val_ap 0.5287, minutes 15.99, lr 1.00e-03
    epoch 40: loss 0.9262, val_ap 0.5247, minutes 16.44, lr 1.00e-03
    epoch 41: loss 0.9445, val_ap 0.5208, minutes 16.86, lr 1.00e-03
    epoch 42: loss 0.9242, val_ap 0.5268, minutes 17.33, lr 1.00e-03
    epoch 43: loss 0.9251, val_ap 0.5221, minutes 17.75, lr 1.00e-03
    epoch 44: loss 0.9280, val_ap 0.5273, minutes 18.2, lr 1.00e-03
    epoch 45: loss 0.9316, val_ap 0.5294, minutes 18.59, lr 1.00e-03
    epoch 46: loss 0.9255, val_ap 0.5343, minutes 18.97, lr 1.00e-03
    epoch 47: loss 0.9247, val_ap 0.5340, minutes 19.37, lr 1.00e-03
    epoch 48: loss 0.9072, val_ap 0.5321, minutes 19.8, lr 1.00e-03
    epoch 49: loss 0.8984, val_ap 0.5355, minutes 20.2, lr 1.00e-03
    epoch 50: loss 0.9125, val_ap 0.5409, minutes 20.57, lr 1.00e-03
    epoch 51: loss 0.9064, val_ap 0.5425, minutes 20.98, lr 1.00e-03
    epoch 52: loss 0.8962, val_ap 0.5374, minutes 21.37, lr 1.00e-03
    epoch 53: loss 0.8832, val_ap 0.5317, minutes 21.78, lr 1.00e-03
    epoch 54: loss 0.9018, val_ap 0.5371, minutes 22.17, lr 1.00e-03
    epoch 55: loss 0.8879, val_ap 0.5426, minutes 22.58, lr 1.00e-03
    epoch 56: loss 0.8992, val_ap 0.5292, minutes 23.0, lr 1.00e-03
    epoch 57: loss 0.8846, val_ap 0.5315, minutes 23.43, lr 1.00e-03
    epoch 58: loss 0.9028, val_ap 0.5313, minutes 23.88, lr 1.00e-03
    epoch 59: loss 0.8701, val_ap 0.5368, minutes 24.29, lr 1.00e-03
    epoch 60: loss 0.8899, val_ap 0.5346, minutes 24.64, lr 1.00e-03
    epoch 61: loss 0.8737, val_ap 0.5421, minutes 25.07, lr 1.00e-03
    epoch 62: loss 0.8761, val_ap 0.5370, minutes 25.47, lr 1.00e-03
    epoch 63: loss 0.8735, val_ap 0.5379, minutes 25.89, lr 1.00e-03
    epoch 64: loss 0.8735, val_ap 0.5440, minutes 26.33, lr 1.00e-03
    epoch 65: loss 0.8480, val_ap 0.5409, minutes 26.74, lr 1.00e-03
    epoch 66: loss 0.8731, val_ap 0.5355, minutes 27.12, lr 1.00e-03
    epoch 67: loss 0.8602, val_ap 0.5343, minutes 27.52, lr 1.00e-03
    epoch 68: loss 0.8369, val_ap 0.5322, minutes 27.9, lr 1.00e-03
    epoch 69: loss 0.8581, val_ap 0.5405, minutes 28.29, lr 1.00e-03
    epoch 70: loss 0.8468, val_ap 0.5469, minutes 28.72, lr 1.00e-03
    epoch 71: loss 0.8576, val_ap 0.5371, minutes 29.12, lr 1.00e-03
    epoch 72: loss 0.8578, val_ap 0.5373, minutes 29.53, lr 1.00e-03
    epoch 73: loss 0.8420, val_ap 0.5382, minutes 29.92, lr 1.00e-03
    epoch 74: loss 0.8421, val_ap 0.5363, minutes 30.34, lr 1.00e-03
    epoch 75: loss 0.8316, val_ap 0.5434, minutes 30.73, lr 1.00e-03
    epoch 76: loss 0.8388, val_ap 0.5371, minutes 31.15, lr 1.00e-03
    epoch 77: loss 0.8327, val_ap 0.5346, minutes 31.53, lr 1.00e-03
    epoch 78: loss 0.8200, val_ap 0.5479, minutes 31.93, lr 1.00e-03
    epoch 79: loss 0.8296, val_ap 0.5358, minutes 32.28, lr 1.00e-03
    epoch 80: loss 0.8363, val_ap 0.5403, minutes 32.69, lr 1.00e-03
    epoch 81: loss 0.8172, val_ap 0.5355, minutes 33.1, lr 1.00e-03
    epoch 82: loss 0.8145, val_ap 0.5425, minutes 33.52, lr 1.00e-03
    epoch 83: loss 0.8246, val_ap 0.5278, minutes 33.89, lr 1.00e-03
    epoch 84: loss 0.8221, val_ap 0.5434, minutes 34.31, lr 1.00e-03
    epoch 85: loss 0.8057, val_ap 0.5395, minutes 34.72, lr 1.00e-03
    epoch 86: loss 0.8178, val_ap 0.5395, minutes 35.18, lr 1.00e-03
    epoch 87: loss 0.8304, val_ap 0.5421, minutes 35.6, lr 5.00e-04
    epoch 88: loss 0.7942, val_ap 0.5441, minutes 36.0, lr 5.00e-04
    epoch 89: loss 0.7770, val_ap 0.5464, minutes 36.36, lr 5.00e-04
    epoch 90: loss 0.7856, val_ap 0.5459, minutes 36.8, lr 5.00e-04
    epoch 91: loss 0.7742, val_ap 0.5486, minutes 37.22, lr 5.00e-04
    epoch 92: loss 0.7795, val_ap 0.5462, minutes 37.63, lr 5.00e-04
    epoch 93: loss 0.7854, val_ap 0.5488, minutes 38.04, lr 5.00e-04
    epoch 94: loss 0.7611, val_ap 0.5525, minutes 38.43, lr 5.00e-04
    epoch 95: loss 0.7777, val_ap 0.5469, minutes 38.83, lr 5.00e-04
    epoch 96: loss 0.7608, val_ap 0.5395, minutes 39.28, lr 5.00e-04
    epoch 97: loss 0.7755, val_ap 0.5427, minutes 39.7, lr 5.00e-04
    epoch 98: loss 0.7528, val_ap 0.5446, minutes 40.12, lr 5.00e-04
    epoch 99: loss 0.7657, val_ap 0.5285, minutes 40.52, lr 5.00e-04
    epoch 100: loss 0.7706, val_ap 0.5364, minutes 40.94, lr 5.00e-04
    epoch 101: loss 0.7699, val_ap 0.5389, minutes 41.35, lr 5.00e-04
    epoch 102: loss 0.7661, val_ap 0.5419, minutes 41.76, lr 5.00e-04
    epoch 103: loss 0.7782, val_ap 0.5394, minutes 42.18, lr 2.50e-04
    epoch 104: loss 0.7561, val_ap 0.5344, minutes 42.59, lr 2.50e-04
    epoch 105: loss 0.7493, val_ap 0.5348, minutes 43.0, lr 2.50e-04
    epoch 106: loss 0.7487, val_ap 0.5369, minutes 43.41, lr 2.50e-04
    epoch 107: loss 0.7385, val_ap 0.5362, minutes 43.82, lr 2.50e-04
    epoch 108: loss 0.7300, val_ap 0.5414, minutes 44.23, lr 2.50e-04
    epoch 109: loss 0.7417, val_ap 0.5395, minutes 44.67, lr 2.50e-04
    epoch 110: loss 0.7446, val_ap 0.5366, minutes 45.08, lr 2.50e-04
    epoch 111: loss 0.7522, val_ap 0.5358, minutes 45.46, lr 2.50e-04
    epoch 112: loss 0.7433, val_ap 0.5406, minutes 45.87, lr 1.25e-04
    epoch 113: loss 0.7457, val_ap 0.5417, minutes 46.27, lr 1.25e-04
    epoch 114: loss 0.7343, val_ap 0.5360, minutes 46.71, lr 1.25e-04
    epoch 115: loss 0.7374, val_ap 0.5353, minutes 47.14, lr 1.25e-04
    epoch 116: loss 0.7356, val_ap 0.5396, minutes 47.53, lr 1.25e-04
    epoch 117: loss 0.7303, val_ap 0.5398, minutes 47.95, lr 1.25e-04
    epoch 118: loss 0.7141, val_ap 0.5393, minutes 48.36, lr 1.25e-04
    epoch 119: loss 0.7339, val_ap 0.5408, minutes 48.76, lr 1.25e-04
    stopping: no validation gain in 25 epochs
[scalar_random dataset0 fold 1 seed 1] done (49.5 min)
