loaded: dataset0 121,838 sites, data1 90,452
[res_nodrop dataset0 fold 2 seed 1]
    kernel decay scale 108.1 nt (fitted to cell line 1 training labels)
    epoch 1: loss 1.9445, val_ap 0.1604, minutes 0.5, lr 3.33e-04
    epoch 2: loss 1.5683, val_ap 0.2860, minutes 1.02, lr 6.59e-04
    epoch 3: loss 1.3257, val_ap 0.4204, minutes 1.5, lr 9.89e-04
    epoch 4: loss 1.1980, val_ap 0.5149, minutes 1.97, lr 1.00e-03
    epoch 5: loss 1.1389, val_ap 0.5269, minutes 2.46, lr 1.00e-03
    epoch 6: loss 1.0784, val_ap 0.5369, minutes 2.96, lr 1.00e-03
    epoch 7: loss 1.0516, val_ap 0.5440, minutes 3.46, lr 1.00e-03
    epoch 8: loss 1.0892, val_ap 0.5438, minutes 3.97, lr 1.00e-03
    epoch 9: loss 1.0126, val_ap 0.5692, minutes 4.46, lr 1.00e-03
    epoch 10: loss 1.0109, val_ap 0.5707, minutes 4.97, lr 1.00e-03
    epoch 11: loss 0.9763, val_ap 0.5710, minutes 5.43, lr 1.00e-03
    epoch 12: loss 0.9635, val_ap 0.5837, minutes 5.95, lr 1.00e-03
    epoch 13: loss 0.9697, val_ap 0.5763, minutes 6.45, lr 1.00e-03
    epoch 14: loss 0.9404, val_ap 0.5867, minutes 6.92, lr 1.00e-03
    epoch 15: loss 0.9475, val_ap 0.5828, minutes 7.39, lr 1.00e-03
    epoch 16: loss 0.9176, val_ap 0.5891, minutes 7.9, lr 1.00e-03
    epoch 17: loss 0.9269, val_ap 0.5853, minutes 8.38, lr 1.00e-03
    epoch 18: loss 0.9211, val_ap 0.5851, minutes 8.88, lr 1.00e-03
    epoch 19: loss 0.9249, val_ap 0.5884, minutes 9.36, lr 1.00e-03
    epoch 20: loss 0.9032, val_ap 0.5951, minutes 9.85, lr 1.00e-03
    epoch 21: loss 0.9138, val_ap 0.5964, minutes 10.34, lr 1.00e-03
    epoch 22: loss 0.8936, val_ap 0.5960, minutes 10.82, lr 1.00e-03
    epoch 23: loss 0.9263, val_ap 0.6024, minutes 11.3, lr 1.00e-03
    epoch 24: loss 0.8936, val_ap 0.6000, minutes 11.8, lr 1.00e-03
    epoch 25: loss 0.8828, val_ap 0.6025, minutes 12.3, lr 1.00e-03
    epoch 26: loss 0.9257, val_ap 0.5953, minutes 12.79, lr 1.00e-03
    epoch 27: loss 0.9024, val_ap 0.6056, minutes 13.3, lr 1.00e-03
    epoch 28: loss 0.8766, val_ap 0.6057, minutes 13.82, lr 1.00e-03
    epoch 29: loss 0.8887, val_ap 0.6093, minutes 14.33, lr 1.00e-03
    epoch 30: loss 0.8617, val_ap 0.6065, minutes 14.84, lr 1.00e-03
    epoch 31: loss 0.8779, val_ap 0.6033, minutes 15.34, lr 1.00e-03
    epoch 32: loss 0.8795, val_ap 0.6075, minutes 15.85, lr 1.00e-03
    epoch 33: loss 0.8450, val_ap 0.6031, minutes 16.34, lr 1.00e-03
    epoch 34: loss 0.8687, val_ap 0.6112, minutes 16.83, lr 1.00e-03
    epoch 35: loss 0.8473, val_ap 0.6091, minutes 17.31, lr 1.00e-03
    epoch 36: loss 0.8433, val_ap 0.5981, minutes 17.79, lr 1.00e-03
    epoch 37: loss 0.8600, val_ap 0.6141, minutes 18.27, lr 1.00e-03
    epoch 38: loss 0.8423, val_ap 0.6106, minutes 18.72, lr 1.00e-03
    epoch 39: loss 0.8394, val_ap 0.6059, minutes 19.22, lr 1.00e-03
    epoch 40: loss 0.8452, val_ap 0.6164, minutes 19.68, lr 1.00e-03
    epoch 41: loss 0.8362, val_ap 0.6156, minutes 20.17, lr 1.00e-03
    epoch 42: loss 0.8135, val_ap 0.6191, minutes 20.65, lr 1.00e-03
    epoch 43: loss 0.8124, val_ap 0.6206, minutes 21.14, lr 1.00e-03
    epoch 44: loss 0.8251, val_ap 0.6090, minutes 21.63, lr 1.00e-03
    epoch 45: loss 0.8344, val_ap 0.6110, minutes 22.09, lr 1.00e-03
    epoch 46: loss 0.8597, val_ap 0.6119, minutes 22.56, lr 1.00e-03
    epoch 47: loss 0.8256, val_ap 0.6197, minutes 23.08, lr 1.00e-03
    epoch 48: loss 0.8254, val_ap 0.6187, minutes 23.56, lr 1.00e-03
    epoch 49: loss 0.8200, val_ap 0.6139, minutes 24.05, lr 1.00e-03
    epoch 50: loss 0.8099, val_ap 0.6124, minutes 24.51, lr 1.00e-03
    epoch 51: loss 0.7970, val_ap 0.6044, minutes 25.0, lr 1.00e-03
    epoch 52: loss 0.8136, val_ap 0.6197, minutes 25.47, lr 5.00e-04
    epoch 53: loss 0.8000, val_ap 0.6170, minutes 25.96, lr 5.00e-04
    epoch 54: loss 0.7827, val_ap 0.6189, minutes 26.45, lr 5.00e-04
    epoch 55: loss 0.7843, val_ap 0.6192, minutes 26.96, lr 5.00e-04
    epoch 56: loss 0.7614, val_ap 0.6199, minutes 27.47, lr 5.00e-04
    epoch 57: loss 0.7818, val_ap 0.6175, minutes 27.96, lr 5.00e-04
    epoch 58: loss 0.7682, val_ap 0.6152, minutes 28.47, lr 5.00e-04
    epoch 59: loss 0.7683, val_ap 0.6179, minutes 28.97, lr 5.00e-04
    epoch 60: loss 0.7646, val_ap 0.6171, minutes 29.46, lr 5.00e-04
    epoch 61: loss 0.7667, val_ap 0.6218, minutes 29.98, lr 5.00e-04
    epoch 62: loss 0.7715, val_ap 0.6191, minutes 30.47, lr 5.00e-04
    epoch 63: loss 0.7545, val_ap 0.6113, minutes 30.97, lr 5.00e-04
    epoch 64: loss 0.7719, val_ap 0.6159, minutes 31.48, lr 5.00e-04
    epoch 65: loss 0.7590, val_ap 0.6129, minutes 31.96, lr 5.00e-04
    epoch 66: loss 0.7705, val_ap 0.6142, minutes 32.46, lr 5.00e-04
    epoch 67: loss 0.7559, val_ap 0.6145, minutes 32.94, lr 5.00e-04
    epoch 68: loss 0.7646, val_ap 0.6178, minutes 33.45, lr 5.00e-04
    epoch 69: loss 0.7578, val_ap 0.6221, minutes 33.96, lr 5.00e-04
    epoch 70: loss 0.7500, val_ap 0.6251, minutes 34.43, lr 5.00e-04
    epoch 71: loss 0.7590, val_ap 0.6103, minutes 34.89, lr 5.00e-04
    epoch 72: loss 0.7600, val_ap 0.6113, minutes 35.36, lr 5.00e-04
    epoch 73: loss 0.7471, val_ap 0.6179, minutes 35.82, lr 5.00e-04
    epoch 74: loss 0.7426, val_ap 0.6188, minutes 36.32, lr 5.00e-04
    epoch 75: loss 0.7494, val_ap 0.6155, minutes 36.81, lr 5.00e-04
    epoch 76: loss 0.7460, val_ap 0.6149, minutes 37.32, lr 5.00e-04
    epoch 77: loss 0.7364, val_ap 0.6198, minutes 37.82, lr 5.00e-04
    epoch 78: loss 0.7323, val_ap 0.6071, minutes 38.3, lr 5.00e-04
    epoch 79: loss 0.7514, val_ap 0.6062, minutes 38.81, lr 2.50e-04
    epoch 80: loss 0.7231, val_ap 0.6137, minutes 39.3, lr 2.50e-04
    epoch 81: loss 0.7205, val_ap 0.6128, minutes 39.82, lr 2.50e-04
    epoch 82: loss 0.7316, val_ap 0.6137, minutes 40.36, lr 2.50e-04
    epoch 83: loss 0.7309, val_ap 0.6156, minutes 40.86, lr 2.50e-04
    epoch 84: loss 0.7220, val_ap 0.6128, minutes 41.35, lr 2.50e-04
    epoch 85: loss 0.7173, val_ap 0.6190, minutes 41.88, lr 2.50e-04
    epoch 86: loss 0.7229, val_ap 0.6158, minutes 42.35, lr 2.50e-04
    epoch 87: loss 0.7353, val_ap 0.6177, minutes 42.89, lr 2.50e-04
    epoch 88: loss 0.7185, val_ap 0.6150, minutes 43.42, lr 1.25e-04
    epoch 89: loss 0.7192, val_ap 0.6153, minutes 43.93, lr 1.25e-04
    epoch 90: loss 0.7207, val_ap 0.6143, minutes 44.44, lr 1.25e-04
    epoch 91: loss 0.7037, val_ap 0.6176, minutes 44.92, lr 1.25e-04
    epoch 92: loss 0.7737, val_ap 0.6160, minutes 45.41, lr 1.25e-04
    epoch 93: loss 0.7579, val_ap 0.6191, minutes 45.88, lr 1.25e-04
    epoch 94: loss 0.7145, val_ap 0.6179, minutes 46.37, lr 1.25e-04
    epoch 95: loss 0.7053, val_ap 0.6169, minutes 46.84, lr 1.25e-04
    stopping: no validation gain in 25 epochs
[res_nodrop dataset0 fold 2 seed 1] done (47.5 min)
