loaded: dataset0 121,838 sites, data1 90,452
[res_nogate pooled_both fold 2 seed 1]
    kernel decay scale 108.1 nt (fitted to cell line 1 training labels)
    epoch 1: loss 1.8820, val_ap 0.1761, minutes 0.83, lr 3.31e-04
    epoch 2: loss 1.5560, val_ap 0.3250, minutes 1.62, lr 6.58e-04
    epoch 3: loss 1.3845, val_ap 0.4242, minutes 2.51, lr 9.87e-04
    epoch 4: loss 1.3211, val_ap 0.4553, minutes 3.29, lr 1.00e-03
    epoch 5: loss 1.2649, val_ap 0.4736, minutes 4.06, lr 1.00e-03
    epoch 6: loss 1.2615, val_ap 0.4708, minutes 4.84, lr 1.00e-03
    epoch 7: loss 1.2463, val_ap 0.4782, minutes 5.64, lr 1.00e-03
    epoch 8: loss 1.2375, val_ap 0.4784, minutes 6.47, lr 1.00e-03
    epoch 9: loss 1.2214, val_ap 0.4857, minutes 7.31, lr 1.00e-03
    epoch 10: loss 1.2199, val_ap 0.4842, minutes 8.17, lr 1.00e-03
    epoch 11: loss 1.2039, val_ap 0.4941, minutes 8.99, lr 1.00e-03
    epoch 12: loss 1.1951, val_ap 0.4903, minutes 9.89, lr 1.00e-03
    epoch 13: loss 1.2080, val_ap 0.4922, minutes 10.68, lr 1.00e-03
    epoch 14: loss 1.1919, val_ap 0.5021, minutes 11.48, lr 1.00e-03
    epoch 15: loss 1.1973, val_ap 0.5001, minutes 12.25, lr 1.00e-03
    epoch 16: loss 1.1853, val_ap 0.5008, minutes 13.01, lr 1.00e-03
    epoch 17: loss 1.1814, val_ap 0.4982, minutes 13.83, lr 1.00e-03
    epoch 18: loss 1.1795, val_ap 0.4990, minutes 14.59, lr 1.00e-03
    epoch 19: loss 1.1846, val_ap 0.5067, minutes 15.42, lr 1.00e-03
    epoch 20: loss 1.1757, val_ap 0.5033, minutes 16.21, lr 1.00e-03
    epoch 21: loss 1.1708, val_ap 0.5039, minutes 17.03, lr 1.00e-03
    epoch 22: loss 1.1604, val_ap 0.5109, minutes 17.82, lr 1.00e-03
    epoch 23: loss 1.1625, val_ap 0.5042, minutes 18.62, lr 1.00e-03
    epoch 24: loss 1.1597, val_ap 0.5081, minutes 19.43, lr 1.00e-03
    epoch 25: loss 1.1597, val_ap 0.5108, minutes 20.2, lr 1.00e-03
    epoch 26: loss 1.1563, val_ap 0.5023, minutes 20.97, lr 1.00e-03
    epoch 27: loss 1.1614, val_ap 0.5085, minutes 21.77, lr 1.00e-03
    epoch 28: loss 1.1473, val_ap 0.5038, minutes 22.55, lr 1.00e-03
    epoch 29: loss 1.1406, val_ap 0.5110, minutes 23.33, lr 1.00e-03
    epoch 30: loss 1.1420, val_ap 0.5062, minutes 24.12, lr 1.00e-03
    epoch 31: loss 1.1429, val_ap 0.5111, minutes 24.89, lr 1.00e-03
    epoch 32: loss 1.1370, val_ap 0.5141, minutes 25.64, lr 1.00e-03
    epoch 33: loss 1.1394, val_ap 0.4809, minutes 26.42, lr 1.00e-03
    epoch 34: loss 1.2655, val_ap 0.5072, minutes 27.2, lr 1.00e-03
    epoch 35: loss 1.1528, val_ap 0.5085, minutes 27.97, lr 1.00e-03
    epoch 36: loss 1.1444, val_ap 0.5097, minutes 28.77, lr 1.00e-03
    epoch 37: loss 1.1439, val_ap 0.5145, minutes 29.52, lr 1.00e-03
    epoch 38: loss 1.1354, val_ap 0.5101, minutes 30.3, lr 1.00e-03
    epoch 39: loss 1.1398, val_ap 0.5160, minutes 31.05, lr 1.00e-03
    epoch 40: loss 1.1346, val_ap 0.5120, minutes 31.83, lr 1.00e-03
    epoch 41: loss 1.1222, val_ap 0.5064, minutes 32.61, lr 1.00e-03
    epoch 42: loss 1.1167, val_ap 0.5151, minutes 33.39, lr 1.00e-03
    epoch 43: loss 1.1186, val_ap 0.5055, minutes 34.11, lr 1.00e-03
    epoch 44: loss 1.1233, val_ap 0.5116, minutes 34.86, lr 1.00e-03
    epoch 45: loss 1.1190, val_ap 0.5099, minutes 35.64, lr 1.00e-03
    epoch 46: loss 1.1097, val_ap 0.5105, minutes 36.38, lr 1.00e-03
    epoch 47: loss 1.1258, val_ap 0.5199, minutes 37.2, lr 1.00e-03
    epoch 48: loss 1.1082, val_ap 0.5161, minutes 37.97, lr 1.00e-03
    epoch 49: loss 1.1101, val_ap 0.5150, minutes 38.78, lr 1.00e-03
    epoch 50: loss 1.0997, val_ap 0.5084, minutes 39.51, lr 1.00e-03
    epoch 51: loss 1.1056, val_ap 0.5134, minutes 40.31, lr 1.00e-03
    epoch 52: loss 1.1002, val_ap 0.5129, minutes 41.06, lr 1.00e-03
    epoch 53: loss 1.1110, val_ap 0.5190, minutes 41.86, lr 1.00e-03
    epoch 54: loss 1.0945, val_ap 0.5165, minutes 42.65, lr 1.00e-03
    epoch 55: loss 1.0921, val_ap 0.5094, minutes 43.4, lr 1.00e-03
    epoch 56: loss 1.0918, val_ap 0.5158, minutes 44.21, lr 5.00e-04
    epoch 57: loss 1.0762, val_ap 0.5165, minutes 45.0, lr 5.00e-04
    epoch 58: loss 1.0668, val_ap 0.5168, minutes 45.78, lr 5.00e-04
    epoch 59: loss 1.0734, val_ap 0.5170, minutes 46.57, lr 5.00e-04
    epoch 60: loss 1.0738, val_ap 0.5181, minutes 47.35, lr 5.00e-04
    epoch 61: loss 1.0714, val_ap 0.5142, minutes 48.13, lr 5.00e-04
    epoch 62: loss 1.0606, val_ap 0.5173, minutes 48.9, lr 5.00e-04
    epoch 63: loss 1.0714, val_ap 0.5133, minutes 49.75, lr 5.00e-04
    epoch 64: loss 1.0663, val_ap 0.5147, minutes 50.55, lr 5.00e-04
    epoch 65: loss 1.0686, val_ap 0.5137, minutes 51.31, lr 2.50e-04
    epoch 66: loss 1.0573, val_ap 0.5126, minutes 52.13, lr 2.50e-04
    epoch 67: loss 1.0531, val_ap 0.5128, minutes 52.89, lr 2.50e-04
    epoch 68: loss 1.0432, val_ap 0.5154, minutes 53.68, lr 2.50e-04
    epoch 69: loss 1.0495, val_ap 0.5129, minutes 54.45, lr 2.50e-04
    epoch 70: loss 1.0477, val_ap 0.5070, minutes 55.23, lr 2.50e-04
    epoch 71: loss 1.0490, val_ap 0.5091, minutes 55.99, lr 2.50e-04
    epoch 72: loss 1.0643, val_ap 0.4945, minutes 56.77, lr 2.50e-04
    stopping: no validation gain in 25 epochs
[res_nogate pooled_both fold 2 seed 1] done (57.5 min)
