loaded: dataset0 121,838 sites, data1 90,452
[h2gcn_aux_r400 pooled_both fold 2 seed 2]
    epoch 1: loss 1.8869, val_ap 0.1986, minutes 0.82, lr 3.31e-04
    epoch 2: loss 1.5357, val_ap 0.3292, minutes 1.58, lr 6.60e-04
    epoch 3: loss 1.3836, val_ap 0.4376, minutes 2.4, lr 9.87e-04
    epoch 4: loss 1.2979, val_ap 0.4583, minutes 3.2, lr 1.00e-03
    epoch 5: loss 1.2649, val_ap 0.4733, minutes 3.95, lr 1.00e-03
    epoch 6: loss 1.2474, val_ap 0.4750, minutes 4.73, lr 1.00e-03
    epoch 7: loss 1.2265, val_ap 0.4762, minutes 5.56, lr 1.00e-03
    epoch 8: loss 1.1985, val_ap 0.4784, minutes 6.34, lr 1.00e-03
    epoch 9: loss 1.2038, val_ap 0.4806, minutes 7.11, lr 1.00e-03
    epoch 10: loss 1.1845, val_ap 0.4884, minutes 7.82, lr 1.00e-03
    epoch 11: loss 1.2043, val_ap 0.4883, minutes 8.61, lr 1.00e-03
    epoch 12: loss 1.1888, val_ap 0.4851, minutes 9.38, lr 1.00e-03
    epoch 13: loss 1.1860, val_ap 0.4833, minutes 10.17, lr 1.00e-03
    epoch 14: loss 1.1723, val_ap 0.4872, minutes 10.95, lr 1.00e-03
    epoch 15: loss 1.1661, val_ap 0.4866, minutes 11.76, lr 1.00e-03
    epoch 16: loss 1.1571, val_ap 0.4941, minutes 12.57, lr 1.00e-03
    epoch 17: loss 1.1517, val_ap 0.4968, minutes 13.31, lr 1.00e-03
    epoch 18: loss 1.1468, val_ap 0.4903, minutes 14.08, lr 1.00e-03
    epoch 19: loss 1.1472, val_ap 0.4887, minutes 14.84, lr 1.00e-03
    epoch 20: loss 1.1523, val_ap 0.4964, minutes 15.6, lr 1.00e-03
    epoch 21: loss 1.1396, val_ap 0.4952, minutes 16.39, lr 1.00e-03
    epoch 22: loss 1.1324, val_ap 0.5017, minutes 17.15, lr 1.00e-03
    epoch 23: loss 1.1277, val_ap 0.5040, minutes 17.96, lr 1.00e-03
    epoch 24: loss 1.1370, val_ap 0.4951, minutes 18.75, lr 1.00e-03
    epoch 25: loss 1.1336, val_ap 0.5045, minutes 19.54, lr 1.00e-03
    epoch 26: loss 1.1215, val_ap 0.5046, minutes 20.31, lr 1.00e-03
    epoch 27: loss 1.1204, val_ap 0.4998, minutes 21.08, lr 1.00e-03
    epoch 28: loss 1.1198, val_ap 0.4975, minutes 21.92, lr 1.00e-03
    epoch 29: loss 1.1109, val_ap 0.5017, minutes 22.71, lr 1.00e-03
    epoch 30: loss 1.1120, val_ap 0.4965, minutes 23.53, lr 1.00e-03
    epoch 31: loss 1.1084, val_ap 0.4965, minutes 24.28, lr 1.00e-03
    epoch 32: loss 1.1023, val_ap 0.4943, minutes 25.08, lr 1.00e-03
    epoch 33: loss 1.0879, val_ap 0.5046, minutes 25.82, lr 1.00e-03
    epoch 34: loss 1.0930, val_ap 0.5073, minutes 26.62, lr 1.00e-03
    epoch 35: loss 1.0954, val_ap 0.4992, minutes 27.4, lr 1.00e-03
    epoch 36: loss 1.0902, val_ap 0.4955, minutes 28.18, lr 1.00e-03
    epoch 37: loss 1.0776, val_ap 0.5047, minutes 28.98, lr 1.00e-03
    epoch 38: loss 1.0845, val_ap 0.5038, minutes 29.75, lr 1.00e-03
    epoch 39: loss 1.0736, val_ap 0.5077, minutes 30.55, lr 1.00e-03
    epoch 40: loss 1.0719, val_ap 0.5102, minutes 31.33, lr 1.00e-03
    epoch 41: loss 1.0704, val_ap 0.4991, minutes 32.09, lr 1.00e-03
    epoch 42: loss 1.0650, val_ap 0.5062, minutes 32.85, lr 1.00e-03
    epoch 43: loss 1.0643, val_ap 0.4970, minutes 33.67, lr 1.00e-03
    epoch 44: loss 1.0636, val_ap 0.5027, minutes 34.45, lr 1.00e-03
    epoch 45: loss 1.0580, val_ap 0.5026, minutes 35.23, lr 1.00e-03
    epoch 46: loss 1.0496, val_ap 0.5100, minutes 36.0, lr 1.00e-03
    epoch 47: loss 1.0469, val_ap 0.5143, minutes 36.72, lr 1.00e-03
    epoch 48: loss 1.0434, val_ap 0.5104, minutes 37.48, lr 1.00e-03
    epoch 49: loss 1.0398, val_ap 0.5065, minutes 38.24, lr 1.00e-03
    epoch 50: loss 1.0443, val_ap 0.5181, minutes 39.0, lr 1.00e-03
    epoch 51: loss 1.0473, val_ap 0.5132, minutes 39.78, lr 1.00e-03
    epoch 52: loss 1.0359, val_ap 0.5022, minutes 40.56, lr 1.00e-03
    epoch 53: loss 1.0243, val_ap 0.5214, minutes 41.3, lr 1.00e-03
    epoch 54: loss 1.0379, val_ap 0.5038, minutes 42.05, lr 1.00e-03
    epoch 55: loss 1.0256, val_ap 0.4922, minutes 42.83, lr 1.00e-03
    epoch 56: loss 1.0280, val_ap 0.5111, minutes 43.56, lr 1.00e-03
    epoch 57: loss 1.0282, val_ap 0.5129, minutes 44.22, lr 1.00e-03
    epoch 58: loss 1.0295, val_ap 0.5094, minutes 44.86, lr 1.00e-03
    epoch 59: loss 1.0197, val_ap 0.4870, minutes 45.47, lr 1.00e-03
    epoch 60: loss 1.0177, val_ap 0.4940, minutes 46.05, lr 1.00e-03
    epoch 61: loss 1.0096, val_ap 0.5027, minutes 46.66, lr 1.00e-03
    epoch 62: loss 1.0239, val_ap 0.5088, minutes 47.24, lr 5.00e-04
    epoch 63: loss 0.9862, val_ap 0.4994, minutes 47.83, lr 5.00e-04
    epoch 64: loss 0.9897, val_ap 0.4878, minutes 48.38, lr 5.00e-04
    epoch 65: loss 0.9804, val_ap 0.4881, minutes 48.86, lr 5.00e-04
    epoch 66: loss 0.9795, val_ap 0.4978, minutes 49.29, lr 5.00e-04
    epoch 67: loss 0.9798, val_ap 0.4874, minutes 49.68, lr 5.00e-04
    epoch 68: loss 0.9738, val_ap 0.4826, minutes 50.03, lr 5.00e-04
    epoch 69: loss 0.9854, val_ap 0.4741, minutes 50.38, lr 5.00e-04
    epoch 70: loss 0.9745, val_ap 0.4992, minutes 50.72, lr 5.00e-04
    epoch 71: loss 0.9667, val_ap 0.4909, minutes 51.07, lr 2.50e-04
    epoch 72: loss 0.9613, val_ap 0.4834, minutes 51.42, lr 2.50e-04
    epoch 73: loss 0.9590, val_ap 0.4778, minutes 51.77, lr 2.50e-04
    epoch 74: loss 0.9606, val_ap 0.4872, minutes 52.11, lr 2.50e-04
    epoch 75: loss 0.9592, val_ap 0.4829, minutes 52.46, lr 2.50e-04
    epoch 76: loss 0.9543, val_ap 0.4671, minutes 52.81, lr 2.50e-04
    epoch 77: loss 0.9473, val_ap 0.4664, minutes 53.16, lr 2.50e-04
    epoch 78: loss 0.9464, val_ap 0.4670, minutes 53.5, lr 2.50e-04
    stopping: no validation gain in 25 epochs
[h2gcn_aux_r400 pooled_both fold 2 seed 2] done (53.9 min)
