loaded: dataset0 121,838 sites, data1 90,452
[fk_band_shuffled pooled_both fold 0 seed 1]
    band weights [0.395, 0.347, 0.258] (bands ((0, 30), (30, 75), (75, 150)))
    epoch 1: loss 1.8817, val_ap 0.1951, minutes 1.0, lr 3.31e-04
    epoch 2: loss 1.5475, val_ap 0.3221, minutes 1.92, lr 6.60e-04
    epoch 3: loss 1.3924, val_ap 0.4038, minutes 2.83, lr 9.89e-04
    epoch 4: loss 1.3199, val_ap 0.4254, minutes 3.74, lr 1.00e-03
    epoch 5: loss 1.2788, val_ap 0.4296, minutes 4.68, lr 1.00e-03
    epoch 6: loss 1.2652, val_ap 0.4480, minutes 5.73, lr 1.00e-03
    epoch 7: loss 1.2307, val_ap 0.4519, minutes 6.83, lr 1.00e-03
    epoch 8: loss 1.2362, val_ap 0.4504, minutes 7.9, lr 1.00e-03
    epoch 9: loss 1.2220, val_ap 0.4558, minutes 9.0, lr 1.00e-03
    epoch 10: loss 1.2119, val_ap 0.4495, minutes 10.08, lr 1.00e-03
    epoch 11: loss 1.2039, val_ap 0.4529, minutes 11.14, lr 1.00e-03
    epoch 12: loss 1.1945, val_ap 0.4587, minutes 12.18, lr 1.00e-03
    epoch 13: loss 1.1893, val_ap 0.4610, minutes 13.28, lr 1.00e-03
    epoch 14: loss 1.1867, val_ap 0.4685, minutes 14.36, lr 1.00e-03
    epoch 15: loss 1.1777, val_ap 0.4630, minutes 15.44, lr 1.00e-03
    epoch 16: loss 1.1787, val_ap 0.4649, minutes 16.46, lr 1.00e-03
    epoch 17: loss 1.1768, val_ap 0.4655, minutes 17.45, lr 1.00e-03
    epoch 18: loss 1.1671, val_ap 0.4741, minutes 18.5, lr 1.00e-03
    epoch 19: loss 1.1673, val_ap 0.4781, minutes 19.55, lr 1.00e-03
    epoch 20: loss 1.1656, val_ap 0.4801, minutes 20.61, lr 1.00e-03
    epoch 21: loss 1.1514, val_ap 0.4826, minutes 21.68, lr 1.00e-03
    epoch 22: loss 1.1514, val_ap 0.4796, minutes 22.66, lr 1.00e-03
    epoch 23: loss 1.1488, val_ap 0.4789, minutes 23.63, lr 1.00e-03
    epoch 24: loss 1.1402, val_ap 0.4864, minutes 24.59, lr 1.00e-03
    epoch 25: loss 1.1334, val_ap 0.4803, minutes 25.59, lr 1.00e-03
    epoch 26: loss 1.1342, val_ap 0.4839, minutes 26.59, lr 1.00e-03
    epoch 27: loss 1.1396, val_ap 0.4891, minutes 27.54, lr 1.00e-03
    epoch 28: loss 1.1238, val_ap 0.4902, minutes 28.6, lr 1.00e-03
    epoch 29: loss 1.1204, val_ap 0.4835, minutes 29.65, lr 1.00e-03
    epoch 30: loss 1.1254, val_ap 0.4871, minutes 30.72, lr 1.00e-03
    epoch 31: loss 1.1105, val_ap 0.4828, minutes 31.66, lr 1.00e-03
    epoch 32: loss 1.1051, val_ap 0.4920, minutes 32.6, lr 1.00e-03
    epoch 33: loss 1.1072, val_ap 0.4915, minutes 33.53, lr 1.00e-03
    epoch 34: loss 1.1059, val_ap 0.4873, minutes 34.48, lr 1.00e-03
    epoch 35: loss 1.0991, val_ap 0.4852, minutes 35.37, lr 1.00e-03
    epoch 36: loss 1.0973, val_ap 0.4923, minutes 36.26, lr 1.00e-03
    epoch 37: loss 1.0862, val_ap 0.4978, minutes 37.11, lr 1.00e-03
    epoch 38: loss 1.0848, val_ap 0.4928, minutes 37.94, lr 1.00e-03
    epoch 39: loss 1.0876, val_ap 0.4969, minutes 38.78, lr 1.00e-03
    epoch 40: loss 1.0806, val_ap 0.4895, minutes 39.58, lr 1.00e-03
    epoch 41: loss 1.0716, val_ap 0.4950, minutes 40.43, lr 1.00e-03
    epoch 42: loss 1.0677, val_ap 0.4864, minutes 41.3, lr 1.00e-03
    epoch 43: loss 1.0623, val_ap 0.4846, minutes 42.16, lr 1.00e-03
    epoch 44: loss 1.0610, val_ap 0.4911, minutes 43.01, lr 1.00e-03
    epoch 45: loss 1.0614, val_ap 0.4950, minutes 43.83, lr 1.00e-03
    epoch 46: loss 1.0617, val_ap 0.4890, minutes 44.69, lr 5.00e-04
    epoch 47: loss 1.0367, val_ap 0.4993, minutes 45.52, lr 5.00e-04
    epoch 48: loss 1.0349, val_ap 0.4922, minutes 46.44, lr 5.00e-04
    epoch 49: loss 1.0233, val_ap 0.4956, minutes 47.32, lr 5.00e-04
    epoch 50: loss 1.0275, val_ap 0.4892, minutes 48.22, lr 5.00e-04
    epoch 51: loss 1.0203, val_ap 0.4935, minutes 49.11, lr 5.00e-04
    epoch 52: loss 1.0236, val_ap 0.4882, minutes 50.02, lr 5.00e-04
    epoch 53: loss 1.0154, val_ap 0.4900, minutes 50.9, lr 5.00e-04
    epoch 54: loss 1.0150, val_ap 0.4840, minutes 51.77, lr 5.00e-04
    epoch 55: loss 1.0090, val_ap 0.4901, minutes 52.63, lr 5.00e-04
    epoch 56: loss 1.0094, val_ap 0.4890, minutes 53.52, lr 2.50e-04
    epoch 57: loss 0.9947, val_ap 0.4898, minutes 54.42, lr 2.50e-04
    epoch 58: loss 0.9922, val_ap 0.4913, minutes 55.32, lr 2.50e-04
    epoch 59: loss 0.9886, val_ap 0.4875, minutes 56.19, lr 2.50e-04
    epoch 60: loss 0.9918, val_ap 0.4868, minutes 57.08, lr 2.50e-04
    epoch 61: loss 0.9850, val_ap 0.4837, minutes 57.96, lr 2.50e-04
    epoch 62: loss 0.9854, val_ap 0.4841, minutes 58.87, lr 2.50e-04
    epoch 63: loss 0.9836, val_ap 0.4845, minutes 59.75, lr 2.50e-04
    epoch 64: loss 0.9795, val_ap 0.4845, minutes 60.55, lr 2.50e-04
    epoch 65: loss 0.9791, val_ap 0.4832, minutes 61.43, lr 1.25e-04
    epoch 66: loss 0.9730, val_ap 0.4860, minutes 62.26, lr 1.25e-04
    epoch 67: loss 0.9729, val_ap 0.4838, minutes 63.11, lr 1.25e-04
    epoch 68: loss 0.9659, val_ap 0.4831, minutes 63.95, lr 1.25e-04
    epoch 69: loss 0.9683, val_ap 0.4828, minutes 64.82, lr 1.25e-04
    epoch 70: loss 0.9696, val_ap 0.4804, minutes 65.71, lr 1.25e-04
    epoch 71: loss 0.9699, val_ap 0.4848, minutes 66.56, lr 1.25e-04
    epoch 72: loss 0.9702, val_ap 0.4824, minutes 67.38, lr 1.25e-04
    stopping: no validation gain in 25 epochs
[fk_band_shuffled pooled_both fold 0 seed 1] done (68.1 min)
