loaded: dataset0 121,838 sites, data1 90,452
[h2gcn_aux_qf pooled_both fold 1]
    epoch 1: loss 1.8496, val_ap 0.2001, minutes 0.87, lr 3.31e-04
    epoch 2: loss 1.5018, val_ap 0.3631, minutes 1.62, lr 6.60e-04
    epoch 3: loss 1.3826, val_ap 0.4151, minutes 2.39, lr 9.89e-04
    epoch 4: loss 1.3194, val_ap 0.4348, minutes 3.12, lr 1.00e-03
    epoch 5: loss 1.2769, val_ap 0.4418, minutes 3.84, lr 1.00e-03
    epoch 6: loss 1.2613, val_ap 0.4419, minutes 4.61, lr 1.00e-03
    epoch 7: loss 1.2443, val_ap 0.4474, minutes 5.39, lr 1.00e-03
    epoch 8: loss 1.2504, val_ap 0.4460, minutes 6.2, lr 1.00e-03
    epoch 9: loss 1.2268, val_ap 0.4529, minutes 6.97, lr 1.00e-03
    epoch 10: loss 1.2120, val_ap 0.4582, minutes 7.76, lr 1.00e-03
    epoch 11: loss 1.2124, val_ap 0.4549, minutes 8.55, lr 1.00e-03
    epoch 12: loss 1.2200, val_ap 0.4646, minutes 9.29, lr 1.00e-03
    epoch 13: loss 1.1978, val_ap 0.4544, minutes 10.01, lr 1.00e-03
    epoch 14: loss 1.1919, val_ap 0.4627, minutes 10.72, lr 1.00e-03
    epoch 15: loss 1.1953, val_ap 0.4642, minutes 11.47, lr 1.00e-03
    epoch 16: loss 1.1805, val_ap 0.4659, minutes 12.22, lr 1.00e-03
    epoch 17: loss 1.1756, val_ap 0.4728, minutes 12.97, lr 1.00e-03
    epoch 18: loss 1.1712, val_ap 0.4636, minutes 13.7, lr 1.00e-03
    epoch 19: loss 1.1732, val_ap 0.4660, minutes 14.47, lr 1.00e-03
    epoch 20: loss 1.1601, val_ap 0.4710, minutes 15.23, lr 1.00e-03
    epoch 21: loss 1.1585, val_ap 0.4723, minutes 15.98, lr 1.00e-03
    epoch 22: loss 1.1619, val_ap 0.4659, minutes 16.72, lr 1.00e-03
    epoch 23: loss 1.1556, val_ap 0.4746, minutes 17.47, lr 1.00e-03
    epoch 24: loss 1.1386, val_ap 0.4688, minutes 18.2, lr 1.00e-03
    epoch 25: loss 1.1413, val_ap 0.4736, minutes 18.92, lr 1.00e-03
    epoch 26: loss 1.1352, val_ap 0.4710, minutes 19.65, lr 1.00e-03
    epoch 27: loss 1.1359, val_ap 0.4684, minutes 20.47, lr 1.00e-03
    epoch 28: loss 1.1300, val_ap 0.4825, minutes 21.25, lr 1.00e-03
    epoch 29: loss 1.1245, val_ap 0.4822, minutes 22.04, lr 1.00e-03
    epoch 30: loss 1.1123, val_ap 0.4763, minutes 22.8, lr 1.00e-03
    epoch 31: loss 1.1167, val_ap 0.4814, minutes 23.53, lr 1.00e-03
    epoch 32: loss 1.1087, val_ap 0.4824, minutes 24.3, lr 1.00e-03
    epoch 33: loss 1.1006, val_ap 0.4827, minutes 25.09, lr 1.00e-03
    epoch 34: loss 1.0998, val_ap 0.4864, minutes 25.88, lr 1.00e-03
    epoch 35: loss 1.0964, val_ap 0.4781, minutes 26.63, lr 1.00e-03
    epoch 36: loss 1.0832, val_ap 0.4761, minutes 27.35, lr 1.00e-03
    epoch 37: loss 1.0866, val_ap 0.4798, minutes 28.12, lr 1.00e-03
    epoch 38: loss 1.0794, val_ap 0.4811, minutes 28.86, lr 1.00e-03
    epoch 39: loss 1.0743, val_ap 0.4775, minutes 29.63, lr 1.00e-03
    epoch 40: loss 1.0631, val_ap 0.4812, minutes 30.45, lr 1.00e-03
    epoch 41: loss 1.0647, val_ap 0.4799, minutes 31.2, lr 1.00e-03
    epoch 42: loss 1.0682, val_ap 0.4770, minutes 31.95, lr 1.00e-03
    epoch 43: loss 1.0561, val_ap 0.4756, minutes 32.69, lr 5.00e-04
    epoch 44: loss 1.0266, val_ap 0.4820, minutes 33.48, lr 5.00e-04
    epoch 45: loss 1.0230, val_ap 0.4862, minutes 34.3, lr 5.00e-04
    epoch 46: loss 1.0161, val_ap 0.4806, minutes 35.07, lr 5.00e-04
    epoch 47: loss 1.0126, val_ap 0.4764, minutes 35.79, lr 5.00e-04
    epoch 48: loss 1.0093, val_ap 0.4816, minutes 36.53, lr 5.00e-04
    epoch 49: loss 1.0100, val_ap 0.4789, minutes 37.27, lr 5.00e-04
    epoch 50: loss 1.0096, val_ap 0.4776, minutes 38.0, lr 5.00e-04
    epoch 51: loss 0.9931, val_ap 0.4842, minutes 38.77, lr 5.00e-04
    epoch 52: loss 1.0007, val_ap 0.4813, minutes 39.55, lr 2.50e-04
    epoch 53: loss 0.9754, val_ap 0.4812, minutes 40.36, lr 2.50e-04
    epoch 54: loss 0.9683, val_ap 0.4790, minutes 41.11, lr 2.50e-04
    epoch 55: loss 0.9805, val_ap 0.4839, minutes 41.8, lr 2.50e-04
    epoch 56: loss 0.9709, val_ap 0.4813, minutes 42.53, lr 2.50e-04
    epoch 57: loss 0.9707, val_ap 0.4792, minutes 43.25, lr 2.50e-04
    epoch 58: loss 0.9687, val_ap 0.4804, minutes 43.96, lr 2.50e-04
    epoch 59: loss 0.9576, val_ap 0.4804, minutes 44.69, lr 2.50e-04
    stopping: no validation gain in 25 epochs
[h2gcn_aux_qf pooled_both fold 1] done (45.6 min)
