loaded: dataset0 121,838 sites, data1 90,452
[res_nodrop dataset0 fold 1]
    kernel decay scale 114.6 nt (fitted to cell line 1 training labels)
    epoch 1: loss 1.9593, val_ap 0.1751, minutes 0.45, lr 3.33e-04
    epoch 2: loss 1.5413, val_ap 0.2902, minutes 0.94, lr 6.63e-04
    epoch 3: loss 1.2797, val_ap 0.4485, minutes 1.44, lr 9.92e-04
    epoch 4: loss 1.1778, val_ap 0.4906, minutes 1.96, lr 1.00e-03
    epoch 5: loss 1.1246, val_ap 0.5104, minutes 2.44, lr 1.00e-03
    epoch 6: loss 1.0414, val_ap 0.5186, minutes 2.95, lr 1.00e-03
    epoch 7: loss 1.0185, val_ap 0.5328, minutes 3.46, lr 1.00e-03
    epoch 8: loss 1.0060, val_ap 0.5344, minutes 3.97, lr 1.00e-03
    epoch 9: loss 0.9812, val_ap 0.5390, minutes 4.5, lr 1.00e-03
    epoch 10: loss 0.9779, val_ap 0.5372, minutes 4.98, lr 1.00e-03
    epoch 11: loss 0.9514, val_ap 0.5540, minutes 5.5, lr 1.00e-03
    epoch 12: loss 0.9328, val_ap 0.5505, minutes 5.99, lr 1.00e-03
    epoch 13: loss 0.9451, val_ap 0.5572, minutes 6.5, lr 1.00e-03
    epoch 14: loss 0.9415, val_ap 0.5491, minutes 6.99, lr 1.00e-03
    epoch 15: loss 0.9192, val_ap 0.5504, minutes 7.45, lr 1.00e-03
    epoch 16: loss 0.9083, val_ap 0.5563, minutes 7.95, lr 1.00e-03
    epoch 17: loss 0.8987, val_ap 0.5706, minutes 8.43, lr 1.00e-03
    epoch 18: loss 0.8864, val_ap 0.5664, minutes 8.96, lr 1.00e-03
    epoch 19: loss 0.9063, val_ap 0.5752, minutes 9.45, lr 1.00e-03
    epoch 20: loss 0.8783, val_ap 0.5747, minutes 9.93, lr 1.00e-03
    epoch 21: loss 0.8782, val_ap 0.5698, minutes 10.44, lr 1.00e-03
    epoch 22: loss 0.8862, val_ap 0.5719, minutes 10.91, lr 1.00e-03
    epoch 23: loss 0.8897, val_ap 0.5766, minutes 11.42, lr 1.00e-03
    epoch 24: loss 0.8671, val_ap 0.5755, minutes 11.88, lr 1.00e-03
    epoch 25: loss 0.8556, val_ap 0.5749, minutes 12.42, lr 1.00e-03
    epoch 26: loss 0.8619, val_ap 0.5795, minutes 12.91, lr 1.00e-03
    epoch 27: loss 0.8592, val_ap 0.5798, minutes 13.39, lr 1.00e-03
    epoch 28: loss 0.8592, val_ap 0.5815, minutes 13.89, lr 1.00e-03
    epoch 29: loss 0.8457, val_ap 0.5842, minutes 14.39, lr 1.00e-03
    epoch 30: loss 0.8471, val_ap 0.5807, minutes 14.9, lr 1.00e-03
    epoch 31: loss 0.8400, val_ap 0.5858, minutes 15.44, lr 1.00e-03
    epoch 32: loss 0.8644, val_ap 0.5843, minutes 15.94, lr 1.00e-03
    epoch 33: loss 0.8485, val_ap 0.5846, minutes 16.47, lr 1.00e-03
    epoch 34: loss 0.8356, val_ap 0.5829, minutes 16.96, lr 1.00e-03
    epoch 35: loss 0.8257, val_ap 0.5771, minutes 17.51, lr 1.00e-03
    epoch 36: loss 0.8177, val_ap 0.5845, minutes 18.01, lr 1.00e-03
    epoch 37: loss 0.8261, val_ap 0.5826, minutes 18.52, lr 1.00e-03
    epoch 38: loss 0.8294, val_ap 0.5886, minutes 19.03, lr 1.00e-03
    epoch 39: loss 0.8241, val_ap 0.5844, minutes 19.52, lr 1.00e-03
    epoch 40: loss 0.8092, val_ap 0.5893, minutes 20.03, lr 1.00e-03
    epoch 41: loss 0.8081, val_ap 0.5951, minutes 20.53, lr 1.00e-03
    epoch 42: loss 0.8376, val_ap 0.5902, minutes 21.02, lr 1.00e-03
    epoch 43: loss 0.8170, val_ap 0.5977, minutes 21.54, lr 1.00e-03
    epoch 44: loss 0.8203, val_ap 0.5855, minutes 22.06, lr 1.00e-03
    epoch 45: loss 0.8205, val_ap 0.5917, minutes 22.55, lr 1.00e-03
    epoch 46: loss 0.7875, val_ap 0.5833, minutes 23.02, lr 1.00e-03
    epoch 47: loss 0.7836, val_ap 0.5836, minutes 23.53, lr 1.00e-03
    epoch 48: loss 0.8026, val_ap 0.5880, minutes 24.02, lr 1.00e-03
    epoch 49: loss 0.7868, val_ap 0.5887, minutes 24.53, lr 1.00e-03
    epoch 50: loss 0.7957, val_ap 0.5959, minutes 25.04, lr 1.00e-03
    epoch 51: loss 0.7767, val_ap 0.5877, minutes 25.56, lr 1.00e-03
    epoch 52: loss 0.7816, val_ap 0.5977, minutes 26.08, lr 5.00e-04
    epoch 53: loss 0.7657, val_ap 0.5980, minutes 26.56, lr 5.00e-04
    epoch 54: loss 0.7628, val_ap 0.5967, minutes 27.11, lr 5.00e-04
    epoch 55: loss 0.7484, val_ap 0.5963, minutes 27.64, lr 5.00e-04
    epoch 56: loss 0.7634, val_ap 0.5965, minutes 28.14, lr 5.00e-04
    epoch 57: loss 0.7565, val_ap 0.5995, minutes 28.65, lr 5.00e-04
    epoch 58: loss 0.7646, val_ap 0.6002, minutes 29.14, lr 5.00e-04
    epoch 59: loss 0.7485, val_ap 0.5961, minutes 29.6, lr 5.00e-04
    epoch 60: loss 0.7433, val_ap 0.5945, minutes 30.08, lr 5.00e-04
    epoch 61: loss 0.7404, val_ap 0.5899, minutes 30.54, lr 5.00e-04
    epoch 62: loss 0.7518, val_ap 0.5961, minutes 31.05, lr 5.00e-04
    epoch 63: loss 0.7372, val_ap 0.5987, minutes 31.55, lr 5.00e-04
    epoch 64: loss 0.7336, val_ap 0.5972, minutes 32.06, lr 5.00e-04
    epoch 65: loss 0.7492, val_ap 0.5949, minutes 32.56, lr 5.00e-04
    epoch 66: loss 0.7349, val_ap 0.5981, minutes 33.09, lr 5.00e-04
    epoch 67: loss 0.7333, val_ap 0.5956, minutes 33.58, lr 2.50e-04
    epoch 68: loss 0.7289, val_ap 0.5960, minutes 34.08, lr 2.50e-04
    epoch 69: loss 0.7346, val_ap 0.5973, minutes 34.63, lr 2.50e-04
    epoch 70: loss 0.7077, val_ap 0.5968, minutes 35.11, lr 2.50e-04
    epoch 71: loss 0.7304, val_ap 0.5962, minutes 35.62, lr 2.50e-04
    epoch 72: loss 0.7245, val_ap 0.5951, minutes 36.1, lr 2.50e-04
    epoch 73: loss 0.7177, val_ap 0.5960, minutes 36.59, lr 2.50e-04
    epoch 74: loss 0.7162, val_ap 0.5988, minutes 37.09, lr 2.50e-04
    epoch 75: loss 0.7240, val_ap 0.5977, minutes 37.56, lr 2.50e-04
    epoch 76: loss 0.7168, val_ap 0.5957, minutes 38.05, lr 1.25e-04
    epoch 77: loss 0.7050, val_ap 0.5971, minutes 38.54, lr 1.25e-04
    epoch 78: loss 0.7176, val_ap 0.5962, minutes 39.07, lr 1.25e-04
    epoch 79: loss 0.7187, val_ap 0.5965, minutes 39.57, lr 1.25e-04
    epoch 80: loss 0.7105, val_ap 0.5972, minutes 40.06, lr 1.25e-04
    epoch 81: loss 0.7115, val_ap 0.5993, minutes 40.56, lr 1.25e-04
    epoch 82: loss 0.7076, val_ap 0.5992, minutes 41.05, lr 1.25e-04
    epoch 83: loss 0.7058, val_ap 0.5971, minutes 41.54, lr 1.25e-04
    stopping: no validation gain in 25 epochs
[res_nodrop dataset0 fold 1] done (42.4 min)
