loaded: dataset0 121,838 sites, data1 90,452
[h2gcn_aux_r100 pooled_both fold 2]
    epoch 1: loss 1.8934, val_ap 0.1835, minutes 0.68, lr 3.31e-04
    epoch 2: loss 1.5297, val_ap 0.3508, minutes 1.3, lr 6.58e-04
    epoch 3: loss 1.3489, val_ap 0.4468, minutes 1.9, lr 9.85e-04
    epoch 4: loss 1.2758, val_ap 0.4649, minutes 2.6, lr 1.00e-03
    epoch 5: loss 1.2421, val_ap 0.4697, minutes 3.36, lr 1.00e-03
    epoch 6: loss 1.2232, val_ap 0.4725, minutes 4.12, lr 1.00e-03
    epoch 7: loss 1.2152, val_ap 0.4730, minutes 4.9, lr 1.00e-03
    epoch 8: loss 1.2126, val_ap 0.4736, minutes 5.62, lr 1.00e-03
    epoch 9: loss 1.1850, val_ap 0.4811, minutes 6.35, lr 1.00e-03
    epoch 10: loss 1.1783, val_ap 0.4809, minutes 7.05, lr 1.00e-03
    epoch 11: loss 1.1873, val_ap 0.4857, minutes 7.73, lr 1.00e-03
    epoch 12: loss 1.1628, val_ap 0.4847, minutes 8.47, lr 1.00e-03
    epoch 13: loss 1.1594, val_ap 0.4859, minutes 9.18, lr 1.00e-03
    epoch 14: loss 1.1723, val_ap 0.4823, minutes 10.35, lr 1.00e-03
    epoch 15: loss 1.1641, val_ap 0.4884, minutes 11.8, lr 1.00e-03
    epoch 16: loss 1.1511, val_ap 0.4886, minutes 13.31, lr 1.00e-03
    epoch 17: loss 1.1518, val_ap 0.4904, minutes 14.79, lr 1.00e-03
    epoch 18: loss 1.1400, val_ap 0.4886, minutes 16.31, lr 1.00e-03
    epoch 19: loss 1.1407, val_ap 0.4936, minutes 17.85, lr 1.00e-03
    epoch 20: loss 1.1326, val_ap 0.4859, minutes 19.35, lr 1.00e-03
    epoch 21: loss 1.1288, val_ap 0.4962, minutes 20.92, lr 1.00e-03
    epoch 22: loss 1.1165, val_ap 0.4934, minutes 22.4, lr 1.00e-03
    epoch 23: loss 1.1157, val_ap 0.4897, minutes 23.9, lr 1.00e-03
    epoch 24: loss 1.1241, val_ap 0.4957, minutes 25.43, lr 1.00e-03
    epoch 25: loss 1.1098, val_ap 0.4954, minutes 26.94, lr 1.00e-03
    epoch 26: loss 1.1126, val_ap 0.4898, minutes 28.43, lr 1.00e-03
    epoch 27: loss 1.1025, val_ap 0.4961, minutes 29.94, lr 1.00e-03
    epoch 28: loss 1.0988, val_ap 0.4918, minutes 31.43, lr 1.00e-03
    epoch 29: loss 1.1058, val_ap 0.4983, minutes 32.99, lr 1.00e-03
    epoch 30: loss 1.0968, val_ap 0.4946, minutes 34.53, lr 1.00e-03
    epoch 31: loss 1.0897, val_ap 0.4940, minutes 36.0, lr 1.00e-03
    epoch 32: loss 1.0878, val_ap 0.4893, minutes 37.51, lr 1.00e-03
    epoch 33: loss 1.0853, val_ap 0.5008, minutes 39.02, lr 1.00e-03
    epoch 34: loss 1.0734, val_ap 0.5038, minutes 40.49, lr 1.00e-03
    epoch 35: loss 1.0876, val_ap 0.4870, minutes 41.97, lr 1.00e-03
    epoch 36: loss 1.0752, val_ap 0.4946, minutes 43.47, lr 1.00e-03
    epoch 37: loss 1.0603, val_ap 0.4973, minutes 45.0, lr 1.00e-03
    epoch 38: loss 1.0637, val_ap 0.4981, minutes 46.55, lr 1.00e-03
    epoch 39: loss 1.0737, val_ap 0.5073, minutes 48.06, lr 1.00e-03
    epoch 40: loss 1.0758, val_ap 0.5005, minutes 49.54, lr 1.00e-03
    epoch 41: loss 1.0553, val_ap 0.4953, minutes 51.15, lr 1.00e-03
    epoch 42: loss 1.0571, val_ap 0.4958, minutes 52.68, lr 1.00e-03
    epoch 43: loss 1.0525, val_ap 0.4980, minutes 54.21, lr 1.00e-03
    epoch 44: loss 1.0486, val_ap 0.4945, minutes 55.73, lr 1.00e-03
    epoch 45: loss 1.0440, val_ap 0.5020, minutes 57.25, lr 1.00e-03
    epoch 46: loss 1.0349, val_ap 0.5034, minutes 58.8, lr 1.00e-03
    epoch 47: loss 1.0357, val_ap 0.5001, minutes 60.34, lr 1.00e-03
    epoch 48: loss 1.0370, val_ap 0.5079, minutes 61.9, lr 1.00e-03
    epoch 49: loss 1.0292, val_ap 0.4885, minutes 63.41, lr 1.00e-03
    epoch 50: loss 1.0257, val_ap 0.5050, minutes 64.87, lr 1.00e-03
    epoch 51: loss 1.0330, val_ap 0.5115, minutes 66.32, lr 1.00e-03
    epoch 52: loss 1.0166, val_ap 0.4914, minutes 67.87, lr 1.00e-03
    epoch 53: loss 1.0143, val_ap 0.4962, minutes 69.4, lr 1.00e-03
    epoch 54: loss 1.0035, val_ap 0.4880, minutes 70.78, lr 1.00e-03
    epoch 55: loss 1.0043, val_ap 0.4902, minutes 72.18, lr 1.00e-03
    epoch 56: loss 0.9950, val_ap 0.4898, minutes 73.48, lr 1.00e-03
    epoch 57: loss 0.9931, val_ap 0.5024, minutes 74.75, lr 1.00e-03
    epoch 58: loss 0.9949, val_ap 0.5004, minutes 76.0, lr 1.00e-03
    epoch 59: loss 0.9914, val_ap 0.4909, minutes 77.26, lr 1.00e-03
    epoch 60: loss 0.9898, val_ap 0.4728, minutes 78.51, lr 5.00e-04
    epoch 61: loss 0.9692, val_ap 0.4847, minutes 79.72, lr 5.00e-04
    epoch 62: loss 0.9555, val_ap 0.4846, minutes 80.9, lr 5.00e-04
    epoch 63: loss 0.9479, val_ap 0.4846, minutes 82.03, lr 5.00e-04
    epoch 64: loss 0.9485, val_ap 0.4899, minutes 83.09, lr 5.00e-04
    epoch 65: loss 0.9516, val_ap 0.4786, minutes 84.15, lr 5.00e-04
    epoch 66: loss 0.9398, val_ap 0.4874, minutes 85.16, lr 5.00e-04
    epoch 67: loss 0.9388, val_ap 0.4713, minutes 86.11, lr 5.00e-04
    epoch 68: loss 0.9362, val_ap 0.4783, minutes 87.03, lr 5.00e-04
    epoch 69: loss 0.9391, val_ap 0.4717, minutes 87.97, lr 2.50e-04
    epoch 70: loss 0.9187, val_ap 0.4752, minutes 88.78, lr 2.50e-04
    epoch 71: loss 0.9151, val_ap 0.4785, minutes 89.58, lr 2.50e-04
    epoch 72: loss 0.9134, val_ap 0.4803, minutes 90.28, lr 2.50e-04
    epoch 73: loss 0.9148, val_ap 0.4727, minutes 90.94, lr 2.50e-04
    epoch 74: loss 0.9065, val_ap 0.4735, minutes 91.62, lr 2.50e-04
    epoch 75: loss 0.9093, val_ap 0.4725, minutes 92.13, lr 2.50e-04
    epoch 76: loss 0.9077, val_ap 0.4732, minutes 92.61, lr 2.50e-04
    stopping: no validation gain in 25 epochs
[h2gcn_aux_r100 pooled_both fold 2] done (93.0 min)
