loaded: dataset0 121,838 sites, data1 90,452
[res_nodrop pooled_both fold 2 seed 2]
    kernel decay scale 108.1 nt (fitted to cell line 1 training labels)
    epoch 1: loss 1.8714, val_ap 0.1970, minutes 0.78, lr 3.31e-04
    epoch 2: loss 1.5339, val_ap 0.3266, minutes 1.53, lr 6.60e-04
    epoch 3: loss 1.3825, val_ap 0.4340, minutes 2.33, lr 9.87e-04
    epoch 4: loss 1.2997, val_ap 0.4598, minutes 3.1, lr 1.00e-03
    epoch 5: loss 1.2584, val_ap 0.4784, minutes 3.9, lr 1.00e-03
    epoch 6: loss 1.2434, val_ap 0.4823, minutes 4.69, lr 1.00e-03
    epoch 7: loss 1.2198, val_ap 0.4811, minutes 5.48, lr 1.00e-03
    epoch 8: loss 1.1994, val_ap 0.4868, minutes 6.3, lr 1.00e-03
    epoch 9: loss 1.1986, val_ap 0.4856, minutes 7.14, lr 1.00e-03
    epoch 10: loss 1.1805, val_ap 0.4926, minutes 7.9, lr 1.00e-03
    epoch 11: loss 1.1970, val_ap 0.4942, minutes 8.72, lr 1.00e-03
    epoch 12: loss 1.1846, val_ap 0.4943, minutes 9.51, lr 1.00e-03
    epoch 13: loss 1.1872, val_ap 0.4949, minutes 10.31, lr 1.00e-03
    epoch 14: loss 1.1659, val_ap 0.4957, minutes 11.11, lr 1.00e-03
    epoch 15: loss 1.1660, val_ap 0.4933, minutes 11.85, lr 1.00e-03
    epoch 16: loss 1.1545, val_ap 0.5022, minutes 12.6, lr 1.00e-03
    epoch 17: loss 1.1486, val_ap 0.5059, minutes 13.34, lr 1.00e-03
    epoch 18: loss 1.1474, val_ap 0.5006, minutes 14.1, lr 1.00e-03
    epoch 19: loss 1.1418, val_ap 0.4974, minutes 14.85, lr 1.00e-03
    epoch 20: loss 1.1472, val_ap 0.5054, minutes 15.59, lr 1.00e-03
    epoch 21: loss 1.1376, val_ap 0.5018, minutes 16.35, lr 1.00e-03
    epoch 22: loss 1.1352, val_ap 0.5056, minutes 17.12, lr 1.00e-03
    epoch 23: loss 1.1297, val_ap 0.5117, minutes 17.86, lr 1.00e-03
    epoch 24: loss 1.1351, val_ap 0.5040, minutes 18.61, lr 1.00e-03
    epoch 25: loss 1.1353, val_ap 0.5066, minutes 19.35, lr 1.00e-03
    epoch 26: loss 1.1200, val_ap 0.5064, minutes 20.1, lr 1.00e-03
    epoch 27: loss 1.1242, val_ap 0.5049, minutes 20.83, lr 1.00e-03
    epoch 28: loss 1.1232, val_ap 0.5058, minutes 21.56, lr 1.00e-03
    epoch 29: loss 1.1132, val_ap 0.5107, minutes 22.38, lr 1.00e-03
    epoch 30: loss 1.1279, val_ap 0.5080, minutes 23.17, lr 1.00e-03
    epoch 31: loss 1.1151, val_ap 0.5124, minutes 23.94, lr 1.00e-03
    epoch 32: loss 1.1047, val_ap 0.5050, minutes 24.7, lr 1.00e-03
    epoch 33: loss 1.0936, val_ap 0.5070, minutes 25.49, lr 1.00e-03
    epoch 34: loss 1.0989, val_ap 0.5078, minutes 26.29, lr 1.00e-03
    epoch 35: loss 1.1021, val_ap 0.5117, minutes 27.09, lr 1.00e-03
    epoch 36: loss 1.0948, val_ap 0.5038, minutes 27.78, lr 1.00e-03
    epoch 37: loss 1.0891, val_ap 0.5113, minutes 28.48, lr 1.00e-03
    epoch 38: loss 1.1002, val_ap 0.5038, minutes 29.3, lr 1.00e-03
    epoch 39: loss 1.0854, val_ap 0.5173, minutes 30.06, lr 1.00e-03
    epoch 40: loss 1.0822, val_ap 0.5125, minutes 30.89, lr 1.00e-03
    epoch 41: loss 1.0801, val_ap 0.5056, minutes 31.67, lr 1.00e-03
    epoch 42: loss 1.0755, val_ap 0.5123, minutes 32.47, lr 1.00e-03
    epoch 43: loss 1.0748, val_ap 0.5059, minutes 33.28, lr 1.00e-03
    epoch 44: loss 1.0694, val_ap 0.5087, minutes 34.08, lr 1.00e-03
    epoch 45: loss 1.0685, val_ap 0.5037, minutes 34.89, lr 1.00e-03
    epoch 46: loss 1.0638, val_ap 0.5102, minutes 35.69, lr 1.00e-03
    epoch 47: loss 1.0593, val_ap 0.5113, minutes 36.54, lr 1.00e-03
    epoch 48: loss 1.0591, val_ap 0.5103, minutes 37.33, lr 5.00e-04
    epoch 49: loss 1.0417, val_ap 0.5115, minutes 38.15, lr 5.00e-04
    epoch 50: loss 1.0417, val_ap 0.5153, minutes 38.97, lr 5.00e-04
    epoch 51: loss 1.0425, val_ap 0.5118, minutes 39.82, lr 5.00e-04
    epoch 52: loss 1.0361, val_ap 0.5079, minutes 40.61, lr 5.00e-04
    epoch 53: loss 1.0314, val_ap 0.5134, minutes 41.38, lr 5.00e-04
    epoch 54: loss 1.0374, val_ap 0.5066, minutes 42.12, lr 5.00e-04
    epoch 55: loss 1.0311, val_ap 0.5061, minutes 42.84, lr 5.00e-04
    epoch 56: loss 1.0302, val_ap 0.5105, minutes 43.62, lr 5.00e-04
    epoch 57: loss 1.0342, val_ap 0.5101, minutes 44.36, lr 2.50e-04
    epoch 58: loss 1.0173, val_ap 0.5030, minutes 45.12, lr 2.50e-04
    epoch 59: loss 1.0157, val_ap 0.5072, minutes 45.92, lr 2.50e-04
    epoch 60: loss 1.0109, val_ap 0.5084, minutes 46.7, lr 2.50e-04
    epoch 61: loss 1.0091, val_ap 0.5102, minutes 47.52, lr 2.50e-04
    epoch 62: loss 1.0110, val_ap 0.4985, minutes 48.3, lr 2.50e-04
    epoch 63: loss 1.0124, val_ap 0.5022, minutes 49.06, lr 2.50e-04
    epoch 64: loss 1.0091, val_ap 0.5007, minutes 49.86, lr 2.50e-04
    stopping: no validation gain in 25 epochs
[res_nodrop pooled_both fold 2 seed 2] done (50.6 min)
