loaded: dataset0 121,838 sites, data1 90,452
[res_nodrop dataset0 fold 3 seed 2]
    kernel decay scale 113.4 nt (fitted to cell line 1 training labels)
    epoch 1: loss 1.9586, val_ap 0.1488, minutes 0.52, lr 3.33e-04
    epoch 2: loss 1.5638, val_ap 0.2516, minutes 1.0, lr 6.63e-04
    epoch 3: loss 1.3595, val_ap 0.3626, minutes 1.44, lr 9.92e-04
    epoch 4: loss 1.2262, val_ap 0.4648, minutes 1.88, lr 1.00e-03
    epoch 5: loss 1.1324, val_ap 0.4973, minutes 2.29, lr 1.00e-03
    epoch 6: loss 1.0671, val_ap 0.5122, minutes 2.77, lr 1.00e-03
    epoch 7: loss 1.0418, val_ap 0.5281, minutes 3.19, lr 1.00e-03
    epoch 8: loss 1.0140, val_ap 0.5330, minutes 3.65, lr 1.00e-03
    epoch 9: loss 0.9876, val_ap 0.5510, minutes 4.08, lr 1.00e-03
    epoch 10: loss 0.9758, val_ap 0.5594, minutes 4.53, lr 1.00e-03
    epoch 11: loss 0.9479, val_ap 0.5580, minutes 4.97, lr 1.00e-03
    epoch 12: loss 0.9369, val_ap 0.5587, minutes 5.44, lr 1.00e-03
    epoch 13: loss 0.9248, val_ap 0.5644, minutes 5.85, lr 1.00e-03
    epoch 14: loss 0.9234, val_ap 0.5744, minutes 6.27, lr 1.00e-03
    epoch 15: loss 0.9037, val_ap 0.5685, minutes 6.69, lr 1.00e-03
    epoch 16: loss 0.9123, val_ap 0.5802, minutes 7.08, lr 1.00e-03
    epoch 17: loss 0.9207, val_ap 0.5824, minutes 7.54, lr 1.00e-03
    epoch 18: loss 0.8963, val_ap 0.5785, minutes 7.98, lr 1.00e-03
    epoch 19: loss 0.8981, val_ap 0.5805, minutes 8.43, lr 1.00e-03
    epoch 20: loss 0.8886, val_ap 0.5924, minutes 8.84, lr 1.00e-03
    epoch 21: loss 0.8783, val_ap 0.5857, minutes 9.27, lr 1.00e-03
    epoch 22: loss 0.8774, val_ap 0.5889, minutes 9.69, lr 1.00e-03
    epoch 23: loss 0.8836, val_ap 0.5954, minutes 10.14, lr 1.00e-03
    epoch 24: loss 0.8718, val_ap 0.6054, minutes 10.59, lr 1.00e-03
    epoch 25: loss 0.8771, val_ap 0.5880, minutes 11.05, lr 1.00e-03
    epoch 26: loss 0.8653, val_ap 0.6088, minutes 11.46, lr 1.00e-03
    epoch 27: loss 0.8469, val_ap 0.6010, minutes 11.88, lr 1.00e-03
    epoch 28: loss 0.8613, val_ap 0.5980, minutes 12.29, lr 1.00e-03
    epoch 29: loss 0.8594, val_ap 0.6031, minutes 12.72, lr 1.00e-03
    epoch 30: loss 0.8524, val_ap 0.6103, minutes 13.17, lr 1.00e-03
    epoch 31: loss 0.8517, val_ap 0.6122, minutes 13.68, lr 1.00e-03
    epoch 32: loss 0.8308, val_ap 0.6076, minutes 14.14, lr 1.00e-03
    epoch 33: loss 0.8322, val_ap 0.6110, minutes 14.56, lr 1.00e-03
    epoch 34: loss 0.8272, val_ap 0.6168, minutes 14.98, lr 1.00e-03
    epoch 35: loss 0.8176, val_ap 0.6137, minutes 15.43, lr 1.00e-03
    epoch 36: loss 0.8382, val_ap 0.6087, minutes 15.87, lr 1.00e-03
    epoch 37: loss 0.8297, val_ap 0.6111, minutes 16.3, lr 1.00e-03
    epoch 38: loss 0.8195, val_ap 0.6168, minutes 16.7, lr 1.00e-03
    epoch 39: loss 0.8148, val_ap 0.6161, minutes 17.15, lr 1.00e-03
    epoch 40: loss 0.8152, val_ap 0.6123, minutes 17.59, lr 1.00e-03
    epoch 41: loss 0.8025, val_ap 0.6143, minutes 18.06, lr 1.00e-03
    epoch 42: loss 0.8003, val_ap 0.6140, minutes 18.49, lr 1.00e-03
    epoch 43: loss 0.8043, val_ap 0.6218, minutes 18.91, lr 1.00e-03
    epoch 44: loss 0.8077, val_ap 0.6163, minutes 19.33, lr 1.00e-03
    epoch 45: loss 0.7970, val_ap 0.6289, minutes 19.77, lr 1.00e-03
    epoch 46: loss 0.7806, val_ap 0.6275, minutes 20.21, lr 1.00e-03
    epoch 47: loss 0.7931, val_ap 0.6285, minutes 20.66, lr 1.00e-03
    epoch 48: loss 0.7958, val_ap 0.6220, minutes 21.13, lr 1.00e-03
    epoch 49: loss 0.7841, val_ap 0.6306, minutes 21.57, lr 1.00e-03
    epoch 50: loss 0.7923, val_ap 0.6226, minutes 22.01, lr 1.00e-03
    epoch 51: loss 0.7941, val_ap 0.6316, minutes 22.44, lr 1.00e-03
    epoch 52: loss 0.7965, val_ap 0.6284, minutes 22.88, lr 1.00e-03
    epoch 53: loss 0.7663, val_ap 0.6359, minutes 23.32, lr 1.00e-03
    epoch 54: loss 0.7729, val_ap 0.6386, minutes 23.78, lr 1.00e-03
    epoch 55: loss 0.7692, val_ap 0.6330, minutes 24.17, lr 1.00e-03
    epoch 56: loss 0.7697, val_ap 0.6390, minutes 24.62, lr 1.00e-03
    epoch 57: loss 0.7623, val_ap 0.6348, minutes 25.05, lr 1.00e-03
    epoch 58: loss 0.7860, val_ap 0.6323, minutes 25.49, lr 1.00e-03
    epoch 59: loss 0.7561, val_ap 0.6383, minutes 25.92, lr 1.00e-03
    epoch 60: loss 0.7616, val_ap 0.6396, minutes 26.39, lr 1.00e-03
    epoch 61: loss 0.7650, val_ap 0.6427, minutes 26.79, lr 1.00e-03
    epoch 62: loss 0.7565, val_ap 0.6393, minutes 27.28, lr 1.00e-03
    epoch 63: loss 0.7512, val_ap 0.6420, minutes 27.71, lr 1.00e-03
    epoch 64: loss 0.7509, val_ap 0.6365, minutes 28.14, lr 1.00e-03
    epoch 65: loss 0.7717, val_ap 0.6380, minutes 28.57, lr 1.00e-03
    epoch 66: loss 0.7471, val_ap 0.6391, minutes 29.02, lr 1.00e-03
    epoch 67: loss 0.7571, val_ap 0.6409, minutes 29.48, lr 1.00e-03
    epoch 68: loss 0.7604, val_ap 0.6328, minutes 29.92, lr 1.00e-03
    epoch 69: loss 0.7498, val_ap 0.6348, minutes 30.34, lr 1.00e-03
    epoch 70: loss 0.7394, val_ap 0.6450, minutes 30.76, lr 1.00e-03
    epoch 71: loss 0.7390, val_ap 0.6397, minutes 31.2, lr 1.00e-03
    epoch 72: loss 0.7532, val_ap 0.6403, minutes 31.61, lr 1.00e-03
    epoch 73: loss 0.7291, val_ap 0.6394, minutes 32.07, lr 1.00e-03
    epoch 74: loss 0.7197, val_ap 0.6382, minutes 32.44, lr 1.00e-03
    epoch 75: loss 0.7386, val_ap 0.6333, minutes 32.88, lr 1.00e-03
    epoch 76: loss 0.7175, val_ap 0.6420, minutes 33.29, lr 1.00e-03
    epoch 77: loss 0.7439, val_ap 0.6310, minutes 33.76, lr 1.00e-03
    epoch 78: loss 0.7636, val_ap 0.6361, minutes 34.15, lr 1.00e-03
    epoch 79: loss 0.7169, val_ap 0.6466, minutes 34.6, lr 1.00e-03
    epoch 80: loss 0.7241, val_ap 0.6283, minutes 35.0, lr 1.00e-03
    epoch 81: loss 0.7054, val_ap 0.6450, minutes 35.46, lr 1.00e-03
    epoch 82: loss 0.7197, val_ap 0.6395, minutes 35.85, lr 1.00e-03
    epoch 83: loss 0.7147, val_ap 0.6446, minutes 36.33, lr 1.00e-03
    epoch 84: loss 0.7469, val_ap 0.6388, minutes 36.75, lr 1.00e-03
    epoch 85: loss 0.6959, val_ap 0.6352, minutes 37.21, lr 1.00e-03
    epoch 86: loss 0.6994, val_ap 0.6439, minutes 37.64, lr 1.00e-03
    epoch 87: loss 0.7073, val_ap 0.6446, minutes 38.11, lr 1.00e-03
    epoch 88: loss 0.7071, val_ap 0.6465, minutes 38.56, lr 5.00e-04
    epoch 89: loss 0.6848, val_ap 0.6459, minutes 39.01, lr 5.00e-04
    epoch 90: loss 0.6831, val_ap 0.6421, minutes 39.43, lr 5.00e-04
    epoch 91: loss 0.6651, val_ap 0.6444, minutes 39.86, lr 5.00e-04
    epoch 92: loss 0.6796, val_ap 0.6430, minutes 40.29, lr 5.00e-04
    epoch 93: loss 0.6731, val_ap 0.6420, minutes 40.75, lr 5.00e-04
    epoch 94: loss 0.6761, val_ap 0.6429, minutes 41.19, lr 5.00e-04
    epoch 95: loss 0.6646, val_ap 0.6398, minutes 41.64, lr 5.00e-04
    epoch 96: loss 0.6746, val_ap 0.6390, minutes 42.08, lr 5.00e-04
    epoch 97: loss 0.6635, val_ap 0.6352, minutes 42.52, lr 2.50e-04
    epoch 98: loss 0.6589, val_ap 0.6397, minutes 42.97, lr 2.50e-04
    epoch 99: loss 0.6408, val_ap 0.6426, minutes 43.39, lr 2.50e-04
    epoch 100: loss 0.6464, val_ap 0.6410, minutes 43.85, lr 2.50e-04
    epoch 101: loss 0.6455, val_ap 0.6371, minutes 44.29, lr 2.50e-04
    epoch 102: loss 0.6548, val_ap 0.6361, minutes 44.73, lr 2.50e-04
    epoch 103: loss 0.6387, val_ap 0.6401, minutes 45.18, lr 2.50e-04
    epoch 104: loss 0.6345, val_ap 0.6382, minutes 45.62, lr 2.50e-04
    stopping: no validation gain in 25 epochs
[res_nodrop dataset0 fold 3 seed 2] done (46.4 min)
