loaded: dataset0 121,838 sites, data1 90,452
[gat pooled_both fold 2 seed 2]
    epoch 1: loss 1.1858, val_ap 0.2359, minutes 2.62, lr 3.31e-04
    epoch 2: loss 0.9655, val_ap 0.3969, minutes 5.29, lr 6.60e-04
    epoch 3: loss 0.8631, val_ap 0.4418, minutes 8.03, lr 9.87e-04
    epoch 4: loss 0.8009, val_ap 0.4166, minutes 10.85, lr 1.00e-03
    epoch 5: loss 0.7686, val_ap 0.4485, minutes 13.72, lr 1.00e-03
    epoch 6: loss 0.7543, val_ap 0.4596, minutes 16.5, lr 1.00e-03
    epoch 7: loss 0.7412, val_ap 0.4423, minutes 19.3, lr 1.00e-03
    epoch 8: loss 0.7123, val_ap 0.4651, minutes 22.11, lr 1.00e-03
    epoch 9: loss 0.7007, val_ap 0.4717, minutes 24.89, lr 1.00e-03
    epoch 10: loss 0.6750, val_ap 0.4686, minutes 27.72, lr 1.00e-03
    epoch 11: loss 0.6719, val_ap 0.4627, minutes 30.45, lr 1.00e-03
    epoch 12: loss 0.6606, val_ap 0.4526, minutes 33.1, lr 1.00e-03
    epoch 13: loss 0.6400, val_ap 0.4715, minutes 35.94, lr 1.00e-03
    epoch 14: loss 0.6162, val_ap 0.4609, minutes 38.77, lr 1.00e-03
    epoch 15: loss 0.6084, val_ap 0.4456, minutes 41.59, lr 1.00e-03
    epoch 16: loss 0.5827, val_ap 0.4549, minutes 44.35, lr 1.00e-03
    epoch 17: loss 0.5799, val_ap 0.4691, minutes 47.13, lr 1.00e-03
    epoch 18: loss 0.5579, val_ap 0.4437, minutes 49.81, lr 5.00e-04
    epoch 19: loss 0.5003, val_ap 0.4372, minutes 52.5, lr 5.00e-04
    epoch 20: loss 0.4818, val_ap 0.4390, minutes 55.17, lr 5.00e-04
    epoch 21: loss 0.4600, val_ap 0.4531, minutes 57.79, lr 5.00e-04
    epoch 22: loss 0.4581, val_ap 0.4379, minutes 60.48, lr 5.00e-04
    epoch 23: loss 0.4393, val_ap 0.4486, minutes 63.17, lr 5.00e-04
    epoch 24: loss 0.4349, val_ap 0.4392, minutes 65.8, lr 5.00e-04
    epoch 25: loss 0.4150, val_ap 0.4052, minutes 68.5, lr 5.00e-04
    epoch 26: loss 0.4081, val_ap 0.4572, minutes 71.16, lr 5.00e-04
    epoch 27: loss 0.3962, val_ap 0.4308, minutes 73.86, lr 2.50e-04
    epoch 28: loss 0.3702, val_ap 0.4116, minutes 76.54, lr 2.50e-04
    epoch 29: loss 0.3529, val_ap 0.4293, minutes 79.16, lr 2.50e-04
    epoch 30: loss 0.3339, val_ap 0.4001, minutes 81.82, lr 2.50e-04
    epoch 31: loss 0.3375, val_ap 0.4043, minutes 84.49, lr 2.50e-04
    epoch 32: loss 0.3285, val_ap 0.3911, minutes 87.13, lr 2.50e-04
    epoch 33: loss 0.3243, val_ap 0.3866, minutes 89.74, lr 2.50e-04
    epoch 34: loss 0.3234, val_ap 0.4026, minutes 92.44, lr 2.50e-04
    stopping: no validation gain in 25 epochs
[gat pooled_both fold 2 seed 2] done (93.2 min)
