loaded: dataset0 121,838 sites, data1 90,452
[res_nodrop dataset0 fold 0 seed 1]
    kernel decay scale 118.2 nt (fitted to cell line 1 training labels)
    epoch 1: loss 1.9630, val_ap 0.1760, minutes 0.45, lr 3.33e-04
    epoch 2: loss 1.5882, val_ap 0.2681, minutes 0.92, lr 6.59e-04
    epoch 3: loss 1.3647, val_ap 0.4123, minutes 1.41, lr 9.88e-04
    epoch 4: loss 1.2212, val_ap 0.4607, minutes 1.88, lr 1.00e-03
    epoch 5: loss 1.1197, val_ap 0.4674, minutes 2.38, lr 1.00e-03
    epoch 6: loss 1.0807, val_ap 0.4789, minutes 2.86, lr 1.00e-03
    epoch 7: loss 1.1057, val_ap 0.4784, minutes 3.37, lr 1.00e-03
    epoch 8: loss 1.0295, val_ap 0.4951, minutes 3.85, lr 1.00e-03
    epoch 9: loss 1.0206, val_ap 0.5061, minutes 4.37, lr 1.00e-03
    epoch 10: loss 0.9728, val_ap 0.5166, minutes 4.85, lr 1.00e-03
    epoch 11: loss 0.9631, val_ap 0.5268, minutes 5.34, lr 1.00e-03
    epoch 12: loss 0.9663, val_ap 0.5198, minutes 5.86, lr 1.00e-03
    epoch 13: loss 0.9664, val_ap 0.5141, minutes 6.36, lr 1.00e-03
    epoch 14: loss 0.9347, val_ap 0.5442, minutes 6.83, lr 1.00e-03
    epoch 15: loss 0.9315, val_ap 0.5278, minutes 7.35, lr 1.00e-03
    epoch 16: loss 0.9523, val_ap 0.5325, minutes 7.87, lr 1.00e-03
    epoch 17: loss 0.9204, val_ap 0.5465, minutes 8.37, lr 1.00e-03
    epoch 18: loss 0.9129, val_ap 0.5410, minutes 8.86, lr 1.00e-03
    epoch 19: loss 0.9151, val_ap 0.5416, minutes 9.36, lr 1.00e-03
    epoch 20: loss 0.9114, val_ap 0.5531, minutes 9.86, lr 1.00e-03
    epoch 21: loss 0.9202, val_ap 0.5478, minutes 10.39, lr 1.00e-03
    epoch 22: loss 0.9037, val_ap 0.5445, minutes 10.9, lr 1.00e-03
    epoch 23: loss 0.8788, val_ap 0.5447, minutes 11.41, lr 1.00e-03
    epoch 24: loss 0.8770, val_ap 0.5483, minutes 11.92, lr 1.00e-03
    epoch 25: loss 0.8955, val_ap 0.5518, minutes 12.39, lr 1.00e-03
    epoch 26: loss 0.8894, val_ap 0.5545, minutes 12.89, lr 1.00e-03
    epoch 27: loss 0.8927, val_ap 0.5523, minutes 13.4, lr 1.00e-03
    epoch 28: loss 0.8946, val_ap 0.5616, minutes 13.87, lr 1.00e-03
    epoch 29: loss 0.8581, val_ap 0.5601, minutes 14.4, lr 1.00e-03
    epoch 30: loss 0.8612, val_ap 0.5636, minutes 14.89, lr 1.00e-03
    epoch 31: loss 0.8727, val_ap 0.5600, minutes 15.35, lr 1.00e-03
    epoch 32: loss 0.8938, val_ap 0.5643, minutes 15.83, lr 1.00e-03
    epoch 33: loss 0.8572, val_ap 0.5648, minutes 16.37, lr 1.00e-03
    epoch 34: loss 0.8449, val_ap 0.5643, minutes 16.88, lr 1.00e-03
    epoch 35: loss 0.8501, val_ap 0.5634, minutes 17.38, lr 1.00e-03
    epoch 36: loss 0.8415, val_ap 0.5731, minutes 17.85, lr 1.00e-03
    epoch 37: loss 0.8574, val_ap 0.5709, minutes 18.35, lr 1.00e-03
    epoch 38: loss 0.8515, val_ap 0.5686, minutes 18.86, lr 1.00e-03
    epoch 39: loss 0.8518, val_ap 0.5760, minutes 19.38, lr 1.00e-03
    epoch 40: loss 0.8639, val_ap 0.5766, minutes 19.86, lr 1.00e-03
    epoch 41: loss 0.8453, val_ap 0.5761, minutes 20.36, lr 1.00e-03
    epoch 42: loss 0.8398, val_ap 0.5734, minutes 20.88, lr 1.00e-03
    epoch 43: loss 0.8265, val_ap 0.5782, minutes 21.35, lr 1.00e-03
    epoch 44: loss 0.8483, val_ap 0.5828, minutes 21.83, lr 1.00e-03
    epoch 45: loss 0.8254, val_ap 0.5715, minutes 22.35, lr 1.00e-03
    epoch 46: loss 0.8232, val_ap 0.5790, minutes 22.85, lr 1.00e-03
    epoch 47: loss 0.8051, val_ap 0.5734, minutes 23.36, lr 1.00e-03
    epoch 48: loss 0.8047, val_ap 0.5860, minutes 23.85, lr 1.00e-03
    epoch 49: loss 0.8049, val_ap 0.5888, minutes 24.35, lr 1.00e-03
    epoch 50: loss 0.7900, val_ap 0.5831, minutes 24.85, lr 1.00e-03
    epoch 51: loss 0.7998, val_ap 0.5940, minutes 25.39, lr 1.00e-03
    epoch 52: loss 0.7935, val_ap 0.5853, minutes 25.89, lr 1.00e-03
    epoch 53: loss 0.7926, val_ap 0.5734, minutes 26.34, lr 1.00e-03
    epoch 54: loss 0.7931, val_ap 0.5817, minutes 26.83, lr 1.00e-03
    epoch 55: loss 0.7895, val_ap 0.5906, minutes 27.32, lr 1.00e-03
    epoch 56: loss 0.7829, val_ap 0.5893, minutes 27.84, lr 1.00e-03
    epoch 57: loss 0.7996, val_ap 0.5843, minutes 28.32, lr 1.00e-03
    epoch 58: loss 0.7685, val_ap 0.6055, minutes 28.79, lr 1.00e-03
    epoch 59: loss 0.7962, val_ap 0.5980, minutes 29.29, lr 1.00e-03
    epoch 60: loss 0.8191, val_ap 0.5925, minutes 29.8, lr 1.00e-03
    epoch 61: loss 1.0524, val_ap 0.5576, minutes 30.28, lr 1.00e-03
    epoch 62: loss 0.8063, val_ap 0.5823, minutes 30.78, lr 1.00e-03
    epoch 63: loss 0.7928, val_ap 0.5911, minutes 31.26, lr 1.00e-03
    epoch 64: loss 0.7945, val_ap 0.5959, minutes 31.76, lr 1.00e-03
    epoch 65: loss 0.7707, val_ap 0.5946, minutes 32.27, lr 1.00e-03
    epoch 66: loss 0.7800, val_ap 0.5915, minutes 32.76, lr 1.00e-03
    epoch 67: loss 0.7874, val_ap 0.5940, minutes 33.26, lr 5.00e-04
    epoch 68: loss 0.7551, val_ap 0.5993, minutes 33.75, lr 5.00e-04
    epoch 69: loss 0.7495, val_ap 0.5990, minutes 34.25, lr 5.00e-04
    epoch 70: loss 0.7564, val_ap 0.5945, minutes 34.76, lr 5.00e-04
    epoch 71: loss 0.7473, val_ap 0.5989, minutes 35.26, lr 5.00e-04
    epoch 72: loss 0.7459, val_ap 0.5979, minutes 35.77, lr 5.00e-04
    epoch 73: loss 0.7556, val_ap 0.5965, minutes 36.29, lr 5.00e-04
    epoch 74: loss 0.7429, val_ap 0.6058, minutes 36.82, lr 5.00e-04
    epoch 75: loss 0.7370, val_ap 0.6050, minutes 37.32, lr 5.00e-04
    epoch 76: loss 0.7534, val_ap 0.6032, minutes 37.85, lr 5.00e-04
    epoch 77: loss 0.8358, val_ap 0.6045, minutes 38.35, lr 5.00e-04
    epoch 78: loss 0.7433, val_ap 0.6050, minutes 38.86, lr 5.00e-04
    epoch 79: loss 0.7323, val_ap 0.5998, minutes 39.37, lr 5.00e-04
    epoch 80: loss 0.7413, val_ap 0.6045, minutes 39.89, lr 5.00e-04
    epoch 81: loss 0.7382, val_ap 0.6038, minutes 40.44, lr 5.00e-04
    epoch 82: loss 0.7179, val_ap 0.6050, minutes 40.91, lr 5.00e-04
    epoch 83: loss 0.7281, val_ap 0.6066, minutes 41.41, lr 5.00e-04
    epoch 84: loss 0.7427, val_ap 0.6082, minutes 41.94, lr 5.00e-04
    epoch 85: loss 0.7328, val_ap 0.6118, minutes 42.47, lr 5.00e-04
    epoch 86: loss 0.7245, val_ap 0.6082, minutes 42.94, lr 5.00e-04
    epoch 87: loss 0.7244, val_ap 0.6119, minutes 43.46, lr 5.00e-04
    epoch 88: loss 0.7146, val_ap 0.6120, minutes 43.98, lr 5.00e-04
    epoch 89: loss 0.7123, val_ap 0.6125, minutes 44.5, lr 5.00e-04
    epoch 90: loss 0.7211, val_ap 0.6114, minutes 44.98, lr 5.00e-04
    epoch 91: loss 0.7276, val_ap 0.6127, minutes 45.46, lr 5.00e-04
    epoch 92: loss 0.7206, val_ap 0.6160, minutes 45.97, lr 5.00e-04
    epoch 93: loss 0.7246, val_ap 0.6134, minutes 46.5, lr 5.00e-04
    epoch 94: loss 0.7074, val_ap 0.6094, minutes 46.99, lr 5.00e-04
    epoch 95: loss 0.7090, val_ap 0.6090, minutes 47.47, lr 5.00e-04
    epoch 96: loss 0.7155, val_ap 0.6118, minutes 48.0, lr 5.00e-04
    epoch 97: loss 0.6954, val_ap 0.6059, minutes 48.48, lr 5.00e-04
    epoch 98: loss 0.7095, val_ap 0.6124, minutes 49.05, lr 5.00e-04
    epoch 99: loss 0.7122, val_ap 0.6096, minutes 49.56, lr 5.00e-04
    epoch 100: loss 0.7171, val_ap 0.6098, minutes 50.04, lr 5.00e-04
    epoch 101: loss 0.7127, val_ap 0.6123, minutes 50.56, lr 2.50e-04
    epoch 102: loss 0.6942, val_ap 0.6171, minutes 51.06, lr 2.50e-04
    epoch 103: loss 0.6871, val_ap 0.6130, minutes 51.6, lr 2.50e-04
    epoch 104: loss 0.6848, val_ap 0.6141, minutes 52.08, lr 2.50e-04
    epoch 105: loss 0.6858, val_ap 0.6139, minutes 52.59, lr 2.50e-04
    epoch 106: loss 0.6862, val_ap 0.6147, minutes 53.13, lr 2.50e-04
    epoch 107: loss 0.6888, val_ap 0.6155, minutes 53.62, lr 2.50e-04
    epoch 108: loss 0.6872, val_ap 0.6126, minutes 54.12, lr 2.50e-04
    epoch 109: loss 0.6826, val_ap 0.6142, minutes 54.65, lr 2.50e-04
    epoch 110: loss 0.6803, val_ap 0.6132, minutes 55.16, lr 2.50e-04
    epoch 111: loss 0.6819, val_ap 0.6152, minutes 55.69, lr 1.25e-04
    epoch 112: loss 0.6708, val_ap 0.6134, minutes 56.21, lr 1.25e-04
    epoch 113: loss 0.6659, val_ap 0.6132, minutes 56.73, lr 1.25e-04
    epoch 114: loss 0.6596, val_ap 0.6128, minutes 57.24, lr 1.25e-04
    epoch 115: loss 0.6662, val_ap 0.6128, minutes 57.72, lr 1.25e-04
    epoch 116: loss 0.6597, val_ap 0.6117, minutes 58.28, lr 1.25e-04
    epoch 117: loss 0.6717, val_ap 0.6117, minutes 58.75, lr 1.25e-04
    epoch 118: loss 0.6645, val_ap 0.6123, minutes 59.25, lr 1.25e-04
    epoch 119: loss 0.6577, val_ap 0.6118, minutes 59.76, lr 1.25e-04
    epoch 120: loss 0.6750, val_ap 0.6123, minutes 60.26, lr 6.25e-05
    epoch 121: loss 0.6722, val_ap 0.6129, minutes 60.77, lr 6.25e-05
    epoch 122: loss 0.6679, val_ap 0.6107, minutes 61.25, lr 6.25e-05
    epoch 123: loss 0.6552, val_ap 0.6106, minutes 61.75, lr 6.25e-05
    epoch 124: loss 0.6547, val_ap 0.6112, minutes 62.25, lr 6.25e-05
    epoch 125: loss 0.6581, val_ap 0.6125, minutes 62.72, lr 6.25e-05
    epoch 126: loss 0.6642, val_ap 0.6136, minutes 63.24, lr 6.25e-05
    epoch 127: loss 0.6793, val_ap 0.6135, minutes 63.73, lr 6.25e-05
    stopping: no validation gain in 25 epochs
[res_nodrop dataset0 fold 0 seed 1] done (64.5 min)
