loaded: dataset0 121,838 sites, data1 90,452
[gps pooled_both fold 0 seed 1]
    epoch 1: loss 1.8963, val_ap 0.1925, minutes 2.43, lr 3.31e-04
    epoch 2: loss 1.5558, val_ap 0.3054, minutes 4.83, lr 6.60e-04
    epoch 3: loss 1.3930, val_ap 0.3834, minutes 7.22, lr 9.89e-04
    epoch 4: loss 1.3279, val_ap 0.4023, minutes 9.63, lr 1.00e-03
    epoch 5: loss 1.2853, val_ap 0.4067, minutes 12.14, lr 1.00e-03
    epoch 6: loss 1.2763, val_ap 0.4234, minutes 14.67, lr 1.00e-03
    epoch 7: loss 1.2398, val_ap 0.4281, minutes 17.2, lr 1.00e-03
    epoch 8: loss 1.2397, val_ap 0.4326, minutes 19.76, lr 1.00e-03
    epoch 9: loss 1.2235, val_ap 0.4380, minutes 22.32, lr 1.00e-03
    epoch 10: loss 1.2128, val_ap 0.4372, minutes 24.9, lr 1.00e-03
    epoch 11: loss 1.2019, val_ap 0.4394, minutes 27.46, lr 1.00e-03
    epoch 12: loss 1.1903, val_ap 0.4444, minutes 30.01, lr 1.00e-03
    epoch 13: loss 1.1799, val_ap 0.4486, minutes 32.6, lr 1.00e-03
    epoch 14: loss 1.1837, val_ap 0.4490, minutes 35.13, lr 1.00e-03
    epoch 15: loss 1.1676, val_ap 0.4449, minutes 37.64, lr 1.00e-03
    epoch 16: loss 1.1652, val_ap 0.4546, minutes 40.26, lr 1.00e-03
    epoch 17: loss 1.1685, val_ap 0.4609, minutes 42.81, lr 1.00e-03
    epoch 18: loss 1.1543, val_ap 0.4567, minutes 45.4, lr 1.00e-03
    epoch 19: loss 1.1508, val_ap 0.4637, minutes 47.99, lr 1.00e-03
    epoch 20: loss 1.1490, val_ap 0.4641, minutes 50.54, lr 1.00e-03
    epoch 21: loss 1.1352, val_ap 0.4661, minutes 53.04, lr 1.00e-03
    epoch 22: loss 1.1318, val_ap 0.4647, minutes 55.55, lr 1.00e-03
    epoch 23: loss 1.1348, val_ap 0.4753, minutes 58.24, lr 1.00e-03
    epoch 24: loss 1.1284, val_ap 0.4738, minutes 60.93, lr 1.00e-03
    epoch 25: loss 1.1114, val_ap 0.4741, minutes 63.47, lr 1.00e-03
    epoch 26: loss 1.1104, val_ap 0.4723, minutes 66.02, lr 1.00e-03
    epoch 27: loss 1.1189, val_ap 0.4785, minutes 68.48, lr 1.00e-03
    epoch 28: loss 1.1008, val_ap 0.4803, minutes 71.13, lr 1.00e-03
    epoch 29: loss 1.0938, val_ap 0.4768, minutes 73.68, lr 1.00e-03
    epoch 30: loss 1.0974, val_ap 0.4686, minutes 76.33, lr 1.00e-03
    epoch 31: loss 1.0839, val_ap 0.4694, minutes 78.98, lr 1.00e-03
    epoch 32: loss 1.0800, val_ap 0.4720, minutes 81.52, lr 1.00e-03
    epoch 33: loss 1.0791, val_ap 0.4747, minutes 84.06, lr 1.00e-03
    epoch 34: loss 1.0742, val_ap 0.4720, minutes 86.65, lr 1.00e-03
    epoch 35: loss 1.0634, val_ap 0.4739, minutes 89.15, lr 1.00e-03
    epoch 36: loss 1.0662, val_ap 0.4736, minutes 91.78, lr 1.00e-03
    epoch 37: loss 1.0527, val_ap 0.4838, minutes 94.37, lr 1.00e-03
    epoch 38: loss 1.0467, val_ap 0.4837, minutes 96.91, lr 1.00e-03
    epoch 39: loss 1.0538, val_ap 0.4580, minutes 99.5, lr 1.00e-03
    epoch 40: loss 1.0356, val_ap 0.4788, minutes 101.99, lr 1.00e-03
    epoch 41: loss 1.0312, val_ap 0.4756, minutes 104.57, lr 1.00e-03
    epoch 42: loss 1.0264, val_ap 0.4555, minutes 107.13, lr 1.00e-03
    epoch 43: loss 1.0140, val_ap 0.4885, minutes 109.7, lr 1.00e-03
    epoch 44: loss 1.0103, val_ap 0.4614, minutes 112.23, lr 1.00e-03
    epoch 45: loss 1.0108, val_ap 0.4832, minutes 114.82, lr 1.00e-03
    epoch 46: loss 0.9948, val_ap 0.4704, minutes 117.39, lr 1.00e-03
    epoch 47: loss 0.9932, val_ap 0.4893, minutes 119.86, lr 1.00e-03
    epoch 48: loss 0.9949, val_ap 0.4592, minutes 122.32, lr 1.00e-03
    epoch 49: loss 0.9771, val_ap 0.4650, minutes 124.81, lr 1.00e-03
    epoch 50: loss 0.9721, val_ap 0.4231, minutes 127.27, lr 1.00e-03
    epoch 51: loss 0.9659, val_ap 0.4678, minutes 129.71, lr 1.00e-03
    epoch 52: loss 0.9579, val_ap 0.4748, minutes 132.17, lr 1.00e-03
    epoch 53: loss 0.9414, val_ap 0.4507, minutes 134.6, lr 1.00e-03
    epoch 54: loss 0.9462, val_ap 0.4409, minutes 137.02, lr 1.00e-03
    epoch 55: loss 0.9302, val_ap 0.4408, minutes 139.43, lr 1.00e-03
    epoch 56: loss 0.9204, val_ap 0.4521, minutes 141.84, lr 5.00e-04
    epoch 57: loss 0.8927, val_ap 0.4217, minutes 144.29, lr 5.00e-04
    epoch 58: loss 0.8811, val_ap 0.4343, minutes 146.72, lr 5.00e-04
    epoch 59: loss 0.8727, val_ap 0.4503, minutes 149.06, lr 5.00e-04
    epoch 60: loss 0.8718, val_ap 0.4480, minutes 151.49, lr 5.00e-04
    epoch 61: loss 0.8625, val_ap 0.4327, minutes 153.97, lr 5.00e-04
    epoch 62: loss 0.8630, val_ap 0.4198, minutes 156.28, lr 5.00e-04
    epoch 63: loss 0.8582, val_ap 0.4304, minutes 158.53, lr 5.00e-04
    epoch 64: loss 0.8476, val_ap 0.4412, minutes 160.64, lr 5.00e-04
    epoch 65: loss 0.8415, val_ap 0.4253, minutes 162.61, lr 2.50e-04
    epoch 66: loss 0.8268, val_ap 0.4442, minutes 164.44, lr 2.50e-04
    epoch 67: loss 0.8183, val_ap 0.4294, minutes 166.27, lr 2.50e-04
    epoch 68: loss 0.8074, val_ap 0.4481, minutes 167.78, lr 2.50e-04
    epoch 69: loss 0.8161, val_ap 0.4343, minutes 169.12, lr 2.50e-04
    epoch 70: loss 0.8113, val_ap 0.4360, minutes 170.48, lr 2.50e-04
    epoch 71: loss 0.8098, val_ap 0.4200, minutes 171.82, lr 2.50e-04
    epoch 72: loss 0.8060, val_ap 0.4269, minutes 173.11, lr 2.50e-04
    stopping: no validation gain in 25 epochs
[gps pooled_both fold 0 seed 1] done (173.6 min)
