loaded: dataset0 121,838 sites, data1 90,452
[scalar_random dataset0 fold 2 seed 1]
    kernel decay scale 108.1 nt (fitted to cell line 1 training labels)
    epoch 1: loss 1.9486, val_ap 0.1528, minutes 0.47, lr 3.33e-04
    epoch 2: loss 1.5870, val_ap 0.2643, minutes 0.94, lr 6.59e-04
    epoch 3: loss 1.3712, val_ap 0.3930, minutes 1.4, lr 9.89e-04
    epoch 4: loss 1.2382, val_ap 0.4633, minutes 1.87, lr 1.00e-03
    epoch 5: loss 1.2038, val_ap 0.4697, minutes 2.34, lr 1.00e-03
    epoch 6: loss 1.1601, val_ap 0.4817, minutes 2.81, lr 1.00e-03
    epoch 7: loss 1.1311, val_ap 0.4817, minutes 3.27, lr 1.00e-03
    epoch 8: loss 1.1297, val_ap 0.4741, minutes 3.7, lr 1.00e-03
    epoch 9: loss 1.0953, val_ap 0.4915, minutes 4.15, lr 1.00e-03
    epoch 10: loss 1.1019, val_ap 0.4840, minutes 4.56, lr 1.00e-03
    epoch 11: loss 1.0902, val_ap 0.4755, minutes 5.04, lr 1.00e-03
    epoch 12: loss 1.0752, val_ap 0.4913, minutes 5.51, lr 1.00e-03
    epoch 13: loss 1.0548, val_ap 0.4864, minutes 5.94, lr 1.00e-03
    epoch 14: loss 1.0478, val_ap 0.4948, minutes 6.4, lr 1.00e-03
    epoch 15: loss 1.0657, val_ap 0.4958, minutes 6.85, lr 1.00e-03
    epoch 16: loss 1.0547, val_ap 0.4962, minutes 7.32, lr 1.00e-03
    epoch 17: loss 1.0478, val_ap 0.4901, minutes 7.81, lr 1.00e-03
    epoch 18: loss 1.0273, val_ap 0.5032, minutes 8.26, lr 1.00e-03
    epoch 19: loss 1.0255, val_ap 0.5040, minutes 8.71, lr 1.00e-03
    epoch 20: loss 1.0147, val_ap 0.5085, minutes 9.23, lr 1.00e-03
    epoch 21: loss 1.0137, val_ap 0.5116, minutes 9.68, lr 1.00e-03
    epoch 22: loss 0.9972, val_ap 0.5081, minutes 10.16, lr 1.00e-03
    epoch 23: loss 1.0235, val_ap 0.5225, minutes 10.64, lr 1.00e-03
    epoch 24: loss 0.9980, val_ap 0.5110, minutes 11.14, lr 1.00e-03
    epoch 25: loss 0.9897, val_ap 0.5240, minutes 11.61, lr 1.00e-03
    epoch 26: loss 1.0501, val_ap 0.5146, minutes 12.07, lr 1.00e-03
    epoch 27: loss 1.0378, val_ap 0.5276, minutes 12.57, lr 1.00e-03
    epoch 28: loss 0.9830, val_ap 0.5252, minutes 13.02, lr 1.00e-03
    epoch 29: loss 0.9885, val_ap 0.5226, minutes 13.51, lr 1.00e-03
    epoch 30: loss 0.9757, val_ap 0.5259, minutes 13.93, lr 1.00e-03
    epoch 31: loss 0.9740, val_ap 0.5270, minutes 14.37, lr 1.00e-03
    epoch 32: loss 0.9764, val_ap 0.5314, minutes 14.85, lr 1.00e-03
    epoch 33: loss 0.9499, val_ap 0.5281, minutes 15.32, lr 1.00e-03
    epoch 34: loss 0.9804, val_ap 0.5372, minutes 15.8, lr 1.00e-03
    epoch 35: loss 0.9537, val_ap 0.5318, minutes 16.24, lr 1.00e-03
    epoch 36: loss 0.9555, val_ap 0.5255, minutes 16.73, lr 1.00e-03
    epoch 37: loss 0.9553, val_ap 0.5440, minutes 17.21, lr 1.00e-03
    epoch 38: loss 0.9434, val_ap 0.5358, minutes 17.68, lr 1.00e-03
    epoch 39: loss 0.9475, val_ap 0.5446, minutes 18.16, lr 1.00e-03
    epoch 40: loss 0.9617, val_ap 0.5403, minutes 18.61, lr 1.00e-03
    epoch 41: loss 0.9449, val_ap 0.5436, minutes 19.07, lr 1.00e-03
    epoch 42: loss 0.9267, val_ap 0.5514, minutes 19.53, lr 1.00e-03
    epoch 43: loss 0.9234, val_ap 0.5492, minutes 20.01, lr 1.00e-03
    epoch 44: loss 0.9356, val_ap 0.5439, minutes 20.49, lr 1.00e-03
    epoch 45: loss 0.9550, val_ap 0.5436, minutes 20.95, lr 1.00e-03
    epoch 46: loss 0.9792, val_ap 0.5471, minutes 21.39, lr 1.00e-03
    epoch 47: loss 0.9390, val_ap 0.5507, minutes 21.84, lr 1.00e-03
    epoch 48: loss 0.9351, val_ap 0.5547, minutes 22.32, lr 1.00e-03
    epoch 49: loss 0.9210, val_ap 0.5566, minutes 22.76, lr 1.00e-03
    epoch 50: loss 0.9443, val_ap 0.5516, minutes 23.22, lr 1.00e-03
    epoch 51: loss 0.9141, val_ap 0.5566, minutes 23.68, lr 1.00e-03
    epoch 52: loss 0.9167, val_ap 0.5533, minutes 24.16, lr 1.00e-03
    epoch 53: loss 0.9276, val_ap 0.5589, minutes 24.62, lr 1.00e-03
    epoch 54: loss 0.9154, val_ap 0.5454, minutes 25.07, lr 1.00e-03
    epoch 55: loss 0.9109, val_ap 0.5560, minutes 25.53, lr 1.00e-03
    epoch 56: loss 0.8953, val_ap 0.5532, minutes 26.0, lr 1.00e-03
    epoch 57: loss 0.9172, val_ap 0.5395, minutes 26.5, lr 1.00e-03
    epoch 58: loss 0.8997, val_ap 0.5573, minutes 26.98, lr 1.00e-03
    epoch 59: loss 0.8885, val_ap 0.5459, minutes 27.48, lr 1.00e-03
    epoch 60: loss 0.8834, val_ap 0.5422, minutes 27.93, lr 1.00e-03
    epoch 61: loss 0.8960, val_ap 0.5573, minutes 28.41, lr 1.00e-03
    epoch 62: loss 0.8828, val_ap 0.5371, minutes 28.87, lr 5.00e-04
    epoch 63: loss 0.8666, val_ap 0.5514, minutes 29.32, lr 5.00e-04
    epoch 64: loss 0.8833, val_ap 0.5557, minutes 29.78, lr 5.00e-04
    epoch 65: loss 0.8555, val_ap 0.5486, minutes 30.21, lr 5.00e-04
    epoch 66: loss 0.8824, val_ap 0.5547, minutes 30.68, lr 5.00e-04
    epoch 67: loss 0.8670, val_ap 0.5526, minutes 31.14, lr 5.00e-04
    epoch 68: loss 0.8658, val_ap 0.5551, minutes 31.59, lr 5.00e-04
    epoch 69: loss 0.8565, val_ap 0.5591, minutes 32.06, lr 5.00e-04
    epoch 70: loss 0.8593, val_ap 0.5601, minutes 32.53, lr 5.00e-04
    epoch 71: loss 0.8560, val_ap 0.5525, minutes 32.99, lr 5.00e-04
    epoch 72: loss 0.8652, val_ap 0.5378, minutes 33.49, lr 5.00e-04
    epoch 73: loss 0.8599, val_ap 0.5544, minutes 34.0, lr 5.00e-04
    epoch 74: loss 0.8492, val_ap 0.5592, minutes 34.47, lr 5.00e-04
    epoch 75: loss 0.8477, val_ap 0.5531, minutes 34.94, lr 5.00e-04
    epoch 76: loss 0.8471, val_ap 0.5527, minutes 35.44, lr 5.00e-04
    epoch 77: loss 0.8463, val_ap 0.5592, minutes 35.92, lr 5.00e-04
    epoch 78: loss 0.8323, val_ap 0.5515, minutes 36.37, lr 5.00e-04
    epoch 79: loss 0.8515, val_ap 0.5482, minutes 36.81, lr 2.50e-04
    epoch 80: loss 0.8255, val_ap 0.5514, minutes 37.27, lr 2.50e-04
    epoch 81: loss 0.8319, val_ap 0.5505, minutes 37.72, lr 2.50e-04
    epoch 82: loss 0.8369, val_ap 0.5523, minutes 38.2, lr 2.50e-04
    epoch 83: loss 0.8402, val_ap 0.5577, minutes 38.67, lr 2.50e-04
    epoch 84: loss 0.8308, val_ap 0.5545, minutes 39.11, lr 2.50e-04
    epoch 85: loss 0.8230, val_ap 0.5563, minutes 39.56, lr 2.50e-04
    epoch 86: loss 0.8451, val_ap 0.5575, minutes 40.0, lr 2.50e-04
    epoch 87: loss 0.8349, val_ap 0.5552, minutes 40.49, lr 2.50e-04
    epoch 88: loss 0.8303, val_ap 0.5511, minutes 40.96, lr 1.25e-04
    epoch 89: loss 0.8244, val_ap 0.5505, minutes 41.41, lr 1.25e-04
    epoch 90: loss 0.8222, val_ap 0.5505, minutes 41.86, lr 1.25e-04
    epoch 91: loss 0.8140, val_ap 0.5562, minutes 42.33, lr 1.25e-04
    epoch 92: loss 0.9404, val_ap 0.5564, minutes 42.79, lr 1.25e-04
    epoch 93: loss 0.8616, val_ap 0.5498, minutes 43.29, lr 1.25e-04
    epoch 94: loss 0.8236, val_ap 0.5507, minutes 43.7, lr 1.25e-04
    epoch 95: loss 0.8108, val_ap 0.5544, minutes 44.19, lr 1.25e-04
    stopping: no validation gain in 25 epochs
[scalar_random dataset0 fold 2 seed 1] done (44.8 min)
