loaded: dataset0 121,838 sites, data1 90,452
[fk_kernel pooled_both fold 4 seed 2]
    kernel decay scale 97.3 nt (fitted to cell line 1 training labels)
    epoch 1: loss 1.9099, val_ap 0.1567, minutes 0.8, lr 3.31e-04
    epoch 2: loss 1.5558, val_ap 0.3129, minutes 1.57, lr 6.60e-04
    epoch 3: loss 1.3917, val_ap 0.4297, minutes 2.4, lr 9.89e-04
    epoch 4: loss 1.3068, val_ap 0.4612, minutes 3.21, lr 1.00e-03
    epoch 5: loss 1.2508, val_ap 0.4682, minutes 4.06, lr 1.00e-03
    epoch 6: loss 1.2316, val_ap 0.4672, minutes 4.93, lr 1.00e-03
    epoch 7: loss 1.2226, val_ap 0.4665, minutes 5.82, lr 1.00e-03
    epoch 8: loss 1.2201, val_ap 0.4714, minutes 6.67, lr 1.00e-03
    epoch 9: loss 1.2089, val_ap 0.4774, minutes 7.62, lr 1.00e-03
    epoch 10: loss 1.2056, val_ap 0.4810, minutes 8.46, lr 1.00e-03
    epoch 11: loss 1.2009, val_ap 0.4844, minutes 9.29, lr 1.00e-03
    epoch 12: loss 1.1941, val_ap 0.4843, minutes 10.08, lr 1.00e-03
    epoch 13: loss 1.1951, val_ap 0.4796, minutes 10.87, lr 1.00e-03
    epoch 14: loss 1.1763, val_ap 0.4868, minutes 11.71, lr 1.00e-03
    epoch 15: loss 1.1656, val_ap 0.4888, minutes 12.43, lr 1.00e-03
    epoch 16: loss 1.1701, val_ap 0.4788, minutes 13.27, lr 1.00e-03
    epoch 17: loss 1.1657, val_ap 0.4867, minutes 14.06, lr 1.00e-03
    epoch 18: loss 1.1613, val_ap 0.4880, minutes 14.83, lr 1.00e-03
    epoch 19: loss 1.1637, val_ap 0.4914, minutes 15.62, lr 1.00e-03
    epoch 20: loss 1.1556, val_ap 0.4904, minutes 16.41, lr 1.00e-03
    epoch 21: loss 1.1496, val_ap 0.4958, minutes 17.28, lr 1.00e-03
    epoch 22: loss 1.1443, val_ap 0.4988, minutes 18.01, lr 1.00e-03
    epoch 23: loss 1.1442, val_ap 0.4976, minutes 18.86, lr 1.00e-03
    epoch 24: loss 1.1419, val_ap 0.4889, minutes 19.63, lr 1.00e-03
    epoch 25: loss 1.1468, val_ap 0.4973, minutes 20.36, lr 1.00e-03
    epoch 26: loss 1.1412, val_ap 0.5007, minutes 21.11, lr 1.00e-03
    epoch 27: loss 1.1315, val_ap 0.5022, minutes 21.85, lr 1.00e-03
    epoch 28: loss 1.1320, val_ap 0.5007, minutes 22.71, lr 1.00e-03
    epoch 29: loss 1.1306, val_ap 0.5021, minutes 23.58, lr 1.00e-03
    epoch 30: loss 1.1270, val_ap 0.5030, minutes 24.44, lr 1.00e-03
    epoch 31: loss 1.1224, val_ap 0.5047, minutes 25.3, lr 1.00e-03
    epoch 32: loss 1.1162, val_ap 0.5026, minutes 26.05, lr 1.00e-03
    epoch 33: loss 1.1106, val_ap 0.5071, minutes 26.85, lr 1.00e-03
    epoch 34: loss 1.1064, val_ap 0.5016, minutes 27.63, lr 1.00e-03
    epoch 35: loss 1.1106, val_ap 0.5082, minutes 28.39, lr 1.00e-03
    epoch 36: loss 1.1011, val_ap 0.5076, minutes 29.16, lr 1.00e-03
    epoch 37: loss 1.0989, val_ap 0.5027, minutes 29.96, lr 1.00e-03
    epoch 38: loss 1.0959, val_ap 0.5010, minutes 30.72, lr 1.00e-03
    epoch 39: loss 1.0986, val_ap 0.5070, minutes 31.58, lr 1.00e-03
    epoch 40: loss 1.0953, val_ap 0.5116, minutes 32.43, lr 1.00e-03
    epoch 41: loss 1.0962, val_ap 0.4874, minutes 33.33, lr 1.00e-03
    epoch 42: loss 1.0854, val_ap 0.5112, minutes 34.2, lr 1.00e-03
    epoch 43: loss 1.0782, val_ap 0.5044, minutes 35.09, lr 1.00e-03
    epoch 44: loss 1.0918, val_ap 0.5083, minutes 35.99, lr 1.00e-03
    epoch 45: loss 1.0787, val_ap 0.5001, minutes 36.93, lr 1.00e-03
    epoch 46: loss 1.0798, val_ap 0.4946, minutes 37.83, lr 1.00e-03
    epoch 47: loss 1.0725, val_ap 0.5064, minutes 38.71, lr 1.00e-03
    epoch 48: loss 1.0579, val_ap 0.4953, minutes 39.58, lr 1.00e-03
    epoch 49: loss 1.0589, val_ap 0.4761, minutes 40.45, lr 5.00e-04
    epoch 50: loss 1.0457, val_ap 0.5045, minutes 41.33, lr 5.00e-04
    epoch 51: loss 1.0316, val_ap 0.4820, minutes 42.22, lr 5.00e-04
    epoch 52: loss 1.0396, val_ap 0.5030, minutes 43.13, lr 5.00e-04
    epoch 53: loss 1.0372, val_ap 0.4909, minutes 44.03, lr 5.00e-04
    epoch 54: loss 1.0339, val_ap 0.4986, minutes 44.92, lr 5.00e-04
    epoch 55: loss 1.0220, val_ap 0.4785, minutes 45.8, lr 5.00e-04
    epoch 56: loss 1.0297, val_ap 0.4942, minutes 46.67, lr 5.00e-04
    epoch 57: loss 1.0217, val_ap 0.4919, minutes 47.51, lr 5.00e-04
    epoch 58: loss 1.0244, val_ap 0.4897, minutes 48.38, lr 2.50e-04
    epoch 59: loss 1.0132, val_ap 0.4984, minutes 49.23, lr 2.50e-04
    epoch 60: loss 1.0044, val_ap 0.4845, minutes 50.08, lr 2.50e-04
    epoch 61: loss 1.0050, val_ap 0.4930, minutes 51.0, lr 2.50e-04
    epoch 62: loss 0.9988, val_ap 0.4876, minutes 51.86, lr 2.50e-04
    epoch 63: loss 0.9952, val_ap 0.4927, minutes 52.72, lr 2.50e-04
    epoch 64: loss 0.9975, val_ap 0.4908, minutes 53.57, lr 2.50e-04
    epoch 65: loss 0.9966, val_ap 0.4764, minutes 54.56, lr 2.50e-04
    stopping: no validation gain in 25 epochs
[fk_kernel pooled_both fold 4 seed 2] done (55.3 min)
