loaded: dataset0 121,838 sites, data1 90,452
[h2gcn_aux_q pooled_both fold 0]
    epoch 1: loss 1.8311, val_ap 0.2437, minutes 0.75, lr 3.31e-04
    epoch 2: loss 1.4983, val_ap 0.3404, minutes 1.54, lr 6.60e-04
    epoch 3: loss 1.3754, val_ap 0.4019, minutes 2.37, lr 9.89e-04
    epoch 4: loss 1.3054, val_ap 0.4120, minutes 3.16, lr 1.00e-03
    epoch 5: loss 1.2793, val_ap 0.4158, minutes 3.93, lr 1.00e-03
    epoch 6: loss 1.2605, val_ap 0.4276, minutes 4.63, lr 1.00e-03
    epoch 7: loss 1.2417, val_ap 0.4346, minutes 5.47, lr 1.00e-03
    epoch 8: loss 1.2332, val_ap 0.4337, minutes 6.28, lr 1.00e-03
    epoch 9: loss 1.2376, val_ap 0.4334, minutes 7.1, lr 1.00e-03
    epoch 10: loss 1.2295, val_ap 0.4388, minutes 7.89, lr 1.00e-03
    epoch 11: loss 1.2156, val_ap 0.4416, minutes 8.71, lr 1.00e-03
    epoch 12: loss 1.2074, val_ap 0.4381, minutes 9.5, lr 1.00e-03
    epoch 13: loss 1.1962, val_ap 0.4403, minutes 10.3, lr 1.00e-03
    epoch 14: loss 1.1923, val_ap 0.4439, minutes 11.13, lr 1.00e-03
    epoch 15: loss 1.1889, val_ap 0.4419, minutes 11.94, lr 1.00e-03
    epoch 16: loss 1.1978, val_ap 0.4517, minutes 12.73, lr 1.00e-03
    epoch 17: loss 1.1782, val_ap 0.4515, minutes 13.53, lr 1.00e-03
    epoch 18: loss 1.1723, val_ap 0.4520, minutes 14.4, lr 1.00e-03
    epoch 19: loss 1.1757, val_ap 0.4574, minutes 15.26, lr 1.00e-03
    epoch 20: loss 1.1709, val_ap 0.4574, minutes 16.06, lr 1.00e-03
    epoch 21: loss 1.1551, val_ap 0.4618, minutes 16.88, lr 1.00e-03
    epoch 22: loss 1.1580, val_ap 0.4643, minutes 17.69, lr 1.00e-03
    epoch 23: loss 1.1575, val_ap 0.4596, minutes 18.49, lr 1.00e-03
    epoch 24: loss 1.1523, val_ap 0.4548, minutes 19.27, lr 1.00e-03
    epoch 25: loss 1.1425, val_ap 0.4723, minutes 20.04, lr 1.00e-03
    epoch 26: loss 1.1347, val_ap 0.4660, minutes 20.82, lr 1.00e-03
    epoch 27: loss 1.1341, val_ap 0.4643, minutes 21.6, lr 1.00e-03
    epoch 28: loss 1.1301, val_ap 0.4581, minutes 22.44, lr 1.00e-03
    epoch 29: loss 1.1274, val_ap 0.4696, minutes 23.25, lr 1.00e-03
    epoch 30: loss 1.1217, val_ap 0.4651, minutes 24.04, lr 1.00e-03
    epoch 31: loss 1.1183, val_ap 0.4686, minutes 24.83, lr 1.00e-03
    epoch 32: loss 1.1156, val_ap 0.4669, minutes 25.63, lr 1.00e-03
    epoch 33: loss 1.1196, val_ap 0.4743, minutes 26.42, lr 1.00e-03
    epoch 34: loss 1.1087, val_ap 0.4659, minutes 27.27, lr 1.00e-03
    epoch 35: loss 1.0974, val_ap 0.4649, minutes 28.04, lr 1.00e-03
    epoch 36: loss 1.0927, val_ap 0.4696, minutes 28.86, lr 1.00e-03
    epoch 37: loss 1.0760, val_ap 0.4731, minutes 29.64, lr 1.00e-03
    epoch 38: loss 1.0873, val_ap 0.4631, minutes 30.45, lr 1.00e-03
    epoch 39: loss 1.0810, val_ap 0.4680, minutes 31.23, lr 1.00e-03
    epoch 40: loss 1.0619, val_ap 0.4686, minutes 32.0, lr 1.00e-03
    epoch 41: loss 1.0605, val_ap 0.4613, minutes 32.78, lr 1.00e-03
    epoch 42: loss 1.0520, val_ap 0.4673, minutes 33.61, lr 5.00e-04
    epoch 43: loss 1.0371, val_ap 0.4691, minutes 34.5, lr 5.00e-04
    epoch 44: loss 1.0288, val_ap 0.4664, minutes 35.34, lr 5.00e-04
    epoch 45: loss 1.0249, val_ap 0.4626, minutes 36.15, lr 5.00e-04
    epoch 46: loss 1.0179, val_ap 0.4653, minutes 36.98, lr 5.00e-04
    epoch 47: loss 1.0130, val_ap 0.4656, minutes 37.8, lr 5.00e-04
    epoch 48: loss 1.0104, val_ap 0.4694, minutes 38.68, lr 5.00e-04
    epoch 49: loss 1.0088, val_ap 0.4713, minutes 39.52, lr 5.00e-04
    epoch 50: loss 1.0086, val_ap 0.4691, minutes 40.38, lr 5.00e-04
    epoch 51: loss 0.9911, val_ap 0.4587, minutes 41.34, lr 2.50e-04
    epoch 52: loss 0.9769, val_ap 0.4669, minutes 42.18, lr 2.50e-04
    epoch 53: loss 0.9781, val_ap 0.4674, minutes 43.0, lr 2.50e-04
    epoch 54: loss 0.9767, val_ap 0.4651, minutes 43.77, lr 2.50e-04
    epoch 55: loss 0.9708, val_ap 0.4677, minutes 44.55, lr 2.50e-04
    epoch 56: loss 0.9751, val_ap 0.4687, minutes 45.3, lr 2.50e-04
    epoch 57: loss 0.9671, val_ap 0.4680, minutes 45.93, lr 2.50e-04
    epoch 58: loss 0.9702, val_ap 0.4656, minutes 46.59, lr 2.50e-04
    stopping: no validation gain in 25 epochs
[h2gcn_aux_q pooled_both fold 0] done (47.3 min)
