loaded: dataset0 121,838 sites, data1 90,452
[scalar_random pooled_both fold 2]
    kernel decay scale 108.1 nt (fitted to cell line 1 training labels)
    epoch 1: loss 1.8995, val_ap 0.1595, minutes 0.83, lr 3.31e-04
    epoch 2: loss 1.5503, val_ap 0.3080, minutes 1.64, lr 6.58e-04
    epoch 3: loss 1.4067, val_ap 0.3859, minutes 2.44, lr 9.85e-04
    epoch 4: loss 1.3470, val_ap 0.4042, minutes 3.18, lr 1.00e-03
    epoch 5: loss 1.3130, val_ap 0.4143, minutes 3.9, lr 1.00e-03
    epoch 6: loss 1.2960, val_ap 0.4170, minutes 4.67, lr 1.00e-03
    epoch 7: loss 1.2932, val_ap 0.4189, minutes 5.41, lr 1.00e-03
    epoch 8: loss 1.2764, val_ap 0.4202, minutes 6.17, lr 1.00e-03
    epoch 9: loss 1.2557, val_ap 0.4318, minutes 6.92, lr 1.00e-03
    epoch 10: loss 1.2543, val_ap 0.4299, minutes 7.68, lr 1.00e-03
    epoch 11: loss 1.2591, val_ap 0.4384, minutes 8.41, lr 1.00e-03
    epoch 12: loss 1.2445, val_ap 0.4402, minutes 9.21, lr 1.00e-03
    epoch 13: loss 1.2413, val_ap 0.4403, minutes 10.06, lr 1.00e-03
    epoch 14: loss 1.2463, val_ap 0.4381, minutes 10.79, lr 1.00e-03
    epoch 15: loss 1.2397, val_ap 0.4484, minutes 11.56, lr 1.00e-03
    epoch 16: loss 1.2358, val_ap 0.4506, minutes 12.32, lr 1.00e-03
    epoch 17: loss 1.2315, val_ap 0.4535, minutes 13.13, lr 1.00e-03
    epoch 18: loss 1.2204, val_ap 0.4505, minutes 13.89, lr 1.00e-03
    epoch 19: loss 1.2161, val_ap 0.4546, minutes 14.7, lr 1.00e-03
    epoch 20: loss 1.2180, val_ap 0.4540, minutes 15.47, lr 1.00e-03
    epoch 21: loss 1.2095, val_ap 0.4614, minutes 16.22, lr 1.00e-03
    epoch 22: loss 1.2049, val_ap 0.4581, minutes 16.99, lr 1.00e-03
    epoch 23: loss 1.2093, val_ap 0.4574, minutes 17.74, lr 1.00e-03
    epoch 24: loss 1.2012, val_ap 0.4626, minutes 18.5, lr 1.00e-03
    epoch 25: loss 1.1955, val_ap 0.4690, minutes 19.2, lr 1.00e-03
    epoch 26: loss 1.1968, val_ap 0.4700, minutes 19.88, lr 1.00e-03
    epoch 27: loss 1.2026, val_ap 0.4639, minutes 20.58, lr 1.00e-03
    epoch 28: loss 1.1823, val_ap 0.4649, minutes 21.31, lr 1.00e-03
    epoch 29: loss 1.1895, val_ap 0.4654, minutes 22.03, lr 1.00e-03
    epoch 30: loss 1.1891, val_ap 0.4609, minutes 22.73, lr 1.00e-03
    epoch 31: loss 1.1891, val_ap 0.4744, minutes 23.4, lr 1.00e-03
    epoch 32: loss 1.1808, val_ap 0.4702, minutes 24.08, lr 1.00e-03
    epoch 33: loss 1.1735, val_ap 0.4733, minutes 24.8, lr 1.00e-03
    epoch 34: loss 1.1677, val_ap 0.4747, minutes 25.49, lr 1.00e-03
    epoch 35: loss 1.1720, val_ap 0.4684, minutes 26.12, lr 1.00e-03
    epoch 36: loss 1.1672, val_ap 0.4732, minutes 26.8, lr 1.00e-03
    epoch 37: loss 1.1586, val_ap 0.4598, minutes 27.42, lr 1.00e-03
    epoch 38: loss 1.1652, val_ap 0.4735, minutes 27.98, lr 1.00e-03
    epoch 39: loss 1.1591, val_ap 0.4674, minutes 28.52, lr 1.00e-03
    epoch 40: loss 1.1646, val_ap 0.4632, minutes 29.02, lr 1.00e-03
    epoch 41: loss 1.1645, val_ap 0.4682, minutes 29.57, lr 1.00e-03
    epoch 42: loss 1.1522, val_ap 0.4724, minutes 30.09, lr 1.00e-03
    epoch 43: loss 1.1510, val_ap 0.4694, minutes 30.64, lr 5.00e-04
    epoch 44: loss 1.1439, val_ap 0.4728, minutes 31.14, lr 5.00e-04
    epoch 45: loss 1.1279, val_ap 0.4752, minutes 31.7, lr 5.00e-04
    epoch 46: loss 1.1298, val_ap 0.4705, minutes 32.3, lr 5.00e-04
    epoch 47: loss 1.1301, val_ap 0.4772, minutes 32.83, lr 5.00e-04
    epoch 48: loss 1.1315, val_ap 0.4753, minutes 33.37, lr 5.00e-04
    epoch 49: loss 1.1329, val_ap 0.4739, minutes 33.87, lr 5.00e-04
    epoch 50: loss 1.1251, val_ap 0.4742, minutes 34.39, lr 5.00e-04
    epoch 51: loss 1.1283, val_ap 0.4750, minutes 34.9, lr 5.00e-04
    epoch 52: loss 1.1270, val_ap 0.4780, minutes 35.35, lr 5.00e-04
    epoch 53: loss 1.1197, val_ap 0.4696, minutes 35.81, lr 5.00e-04
    epoch 54: loss 1.1180, val_ap 0.4697, minutes 36.26, lr 5.00e-04
    epoch 55: loss 1.1245, val_ap 0.4708, minutes 36.72, lr 5.00e-04
    epoch 56: loss 1.1176, val_ap 0.4740, minutes 37.16, lr 5.00e-04
    epoch 57: loss 1.1208, val_ap 0.4748, minutes 37.65, lr 5.00e-04
    epoch 58: loss 1.1119, val_ap 0.4720, minutes 38.1, lr 5.00e-04
    epoch 59: loss 1.1128, val_ap 0.4752, minutes 38.57, lr 5.00e-04
    epoch 60: loss 1.1141, val_ap 0.4713, minutes 39.02, lr 5.00e-04
    epoch 61: loss 1.1140, val_ap 0.4715, minutes 39.47, lr 2.50e-04
    epoch 62: loss 1.1013, val_ap 0.4732, minutes 39.88, lr 2.50e-04
    epoch 63: loss 1.0963, val_ap 0.4737, minutes 40.27, lr 2.50e-04
    epoch 64: loss 1.1008, val_ap 0.4732, minutes 40.67, lr 2.50e-04
    epoch 65: loss 1.1032, val_ap 0.4758, minutes 41.08, lr 2.50e-04
    epoch 66: loss 1.0951, val_ap 0.4743, minutes 41.46, lr 2.50e-04
    epoch 67: loss 1.0966, val_ap 0.4746, minutes 41.86, lr 2.50e-04
    epoch 68: loss 1.1004, val_ap 0.4758, minutes 42.25, lr 2.50e-04
    epoch 69: loss 1.0972, val_ap 0.4734, minutes 42.64, lr 2.50e-04
    epoch 70: loss 1.0889, val_ap 0.4737, minutes 43.02, lr 1.25e-04
    epoch 71: loss 1.0879, val_ap 0.4738, minutes 43.38, lr 1.25e-04
    epoch 72: loss 1.0854, val_ap 0.4739, minutes 43.75, lr 1.25e-04
    epoch 73: loss 1.0866, val_ap 0.4711, minutes 44.11, lr 1.25e-04
    epoch 74: loss 1.0862, val_ap 0.4735, minutes 44.46, lr 1.25e-04
    epoch 75: loss 1.0923, val_ap 0.4727, minutes 44.81, lr 1.25e-04
    epoch 76: loss 1.0837, val_ap 0.4709, minutes 45.17, lr 1.25e-04
    epoch 77: loss 1.0868, val_ap 0.4736, minutes 45.53, lr 1.25e-04
    stopping: no validation gain in 25 epochs
[scalar_random pooled_both fold 2] done (45.9 min)
