loaded: dataset0 121,838 sites, data1 90,452
[knn_dynamic dataset0 fold 0]
    epoch 1: loss 1.2000591655572255, minutes 2.57, val_ap 0.24117375993443255, lr 0.00033430799220272904
    epoch 2: loss 0.8667935033639272, minutes 5.72, val_ap 0.42737028030081714, lr 0.0006676413255360624
    epoch 3: loss 0.7758451651411447, minutes 8.9, val_ap 0.4270962872745105, lr 0.001
    epoch 4: loss 0.7464762640278242, minutes 12.31, val_ap 0.4433182779788821, lr 0.001
    epoch 5: loss 0.735028695206196, minutes 15.88, val_ap 0.4434440761031097, lr 0.001
    epoch 6: loss 0.7163833361445812, minutes 19.45, val_ap 0.4589468805900432, lr 0.001
    epoch 7: loss 0.7007514328984489, minutes 22.95, val_ap 0.4647440268694889, lr 0.001
    epoch 8: loss 0.6979939353744886, minutes 26.13, val_ap 0.4762610902652895, lr 0.001
    epoch 9: loss 0.6855869106730522, minutes 29.37, val_ap 0.47763755112750667, lr 0.001
    epoch 10: loss 0.6864352407511215, minutes 32.61, val_ap 0.4850063294135413, lr 0.001
    epoch 11: loss 0.6792777171957562, minutes 35.88, val_ap 0.49330226201134114, lr 0.001
    epoch 12: loss 0.67628828823915, minutes 39.11, val_ap 0.4718082837346796, lr 0.001
    epoch 13: loss 0.6629147985351016, minutes 42.39, val_ap 0.48677766427679914, lr 0.001
    epoch 14: loss 0.6625951561662886, minutes 45.64, val_ap 0.49582171149370274, lr 0.001
    epoch 15: loss 0.6551741632627465, minutes 48.87, val_ap 0.4860930899772862, lr 0.001
    epoch 16: loss 0.6550333449366497, minutes 52.13, val_ap 0.4971793946586573, lr 0.001
    epoch 17: loss 0.658108947918429, minutes 55.4, val_ap 0.4849455088947036, lr 0.001
    epoch 18: loss 0.644245172017499, minutes 58.7, val_ap 0.5073441597535525, lr 0.001
    epoch 19: loss 0.6440733770529429, minutes 62.01, val_ap 0.5016761492118825, lr 0.001
    epoch 20: loss 0.6369412533546749, minutes 65.25, val_ap 0.49671721676705316, lr 0.001
    epoch 21: loss 0.6337353839860325, minutes 68.45, val_ap 0.5151899084124214, lr 0.001
    epoch 22: loss 0.6415670052257895, minutes 71.71, val_ap 0.509398921817902, lr 0.001
    epoch 23: loss 0.6294056899540605, minutes 74.99, val_ap 0.5233739067490968, lr 0.001
    epoch 24: loss 0.6312123061272136, minutes 78.21, val_ap 0.5216300084037503, lr 0.001
    epoch 25: loss 0.6195611326318038, minutes 81.49, val_ap 0.5206605010710317, lr 0.001
    epoch 26: loss 0.618552866909239, minutes 84.74, val_ap 0.5137551627937228, lr 0.001
    epoch 27: loss 0.6193242047788107, minutes 87.97, val_ap 0.5256652043641433, lr 0.001
    epoch 28: loss 0.6157826396979784, minutes 91.26, val_ap 0.5335986151876615, lr 0.001
    epoch 29: loss 0.6114075115898199, minutes 94.47, val_ap 0.5254000778242512, lr 0.001
    epoch 30: loss 0.6055769570476828, minutes 97.7, val_ap 0.5156336236746715, lr 0.001
    epoch 31: loss 0.6031729655656201, minutes 100.97, val_ap 0.5241846182805254, lr 0.001
    epoch 32: loss 0.5995843621373874, minutes 104.29, val_ap 0.5334547673350628, lr 0.001
    epoch 33: loss 0.6022350364609769, minutes 107.55, val_ap 0.511921535486928, lr 0.001
    epoch 34: loss 0.5938336983410238, minutes 110.81, val_ap 0.5251553587854293, lr 0.001
    epoch 35: loss 0.5938114407989714, minutes 114.1, val_ap 0.5180541267936083, lr 0.001
    epoch 36: loss 0.592855340991801, minutes 117.39, val_ap 0.529173217180958, lr 0.001
    epoch 37: loss 0.5870413227736602, minutes 120.67, val_ap 0.5226699424458895, lr 0.0005
    epoch 38: loss 0.5726289248954483, minutes 123.92, val_ap 0.5360577808899492, lr 0.0005
    epoch 39: loss 0.5601544652940237, minutes 127.16, val_ap 0.5270301811724359, lr 0.0005
    epoch 40: loss 0.5634868387241809, minutes 130.48, val_ap 0.5314445381345283, lr 0.0005
    epoch 41: loss 0.5607739040377544, minutes 133.79, val_ap 0.534910902913663, lr 0.0005
    epoch 42: loss 0.5579564464196825, minutes 137.08, val_ap 0.5339429925708059, lr 0.0005
    epoch 43: loss 0.5494538199657585, minutes 140.37, val_ap 0.536649523576151, lr 0.0005
    epoch 44: loss 0.5553115985808317, minutes 143.64, val_ap 0.5401391201744681, lr 0.0005
    epoch 45: loss 0.5392471791533698, minutes 146.94, val_ap 0.5339500413662835, lr 0.0005
    epoch 46: loss 0.5417713057576564, minutes 150.16, val_ap 0.5182672071768692, lr 0.0005
    epoch 47: loss 0.5473897334689285, minutes 153.48, val_ap 0.5326068267166087, lr 0.0005
    epoch 48: loss 0.5422764925928841, minutes 156.79, val_ap 0.5379771941567573, lr 0.0005
    epoch 49: loss 0.5421459049160717, minutes 160.11, val_ap 0.5470038134227976, lr 0.0005
    epoch 50: loss 0.5358875128957961, minutes 163.41, val_ap 0.5445104798494671, lr 0.0005
    epoch 51: loss 0.5374136881260146, minutes 166.7, val_ap 0.5456148377466643, lr 0.0005
    epoch 52: loss 0.5288813290191673, minutes 169.98, val_ap 0.5337879446886229, lr 0.0005
    epoch 53: loss 0.5405106742305366, minutes 173.31, val_ap 0.5244104218515812, lr 0.0005
    epoch 54: loss 0.5306325268152862, minutes 176.59, val_ap 0.5346729762110005, lr 0.0005
    epoch 55: loss 0.5389192668143769, minutes 179.86, val_ap 0.5178693816211193, lr 0.0005
    epoch 56: loss 0.5310252805550894, minutes 183.09, val_ap 0.5338482270578017, lr 0.0005
    epoch 57: loss 0.526361827177611, minutes 186.41, val_ap 0.5414218019078386, lr 0.0005
    epoch 58: loss 0.5281928743709597, minutes 189.7, val_ap 0.5337609615325561, lr 0.00025
    epoch 59: loss 0.5112794395427258, minutes 192.96, val_ap 0.5305414426612898, lr 0.00025
    epoch 60: loss 0.5143258625652358, minutes 196.07, val_ap 0.5385228714947436, lr 0.00025
    epoch 61: loss 0.5093800665168037, minutes 199.36, val_ap 0.5320916938170339, lr 0.00025
    epoch 62: loss 0.4942461958492709, minutes 202.59, val_ap 0.5290391827965232, lr 0.00025
    epoch 63: loss 0.5127413774791517, minutes 205.87, val_ap 0.539021410470313, lr 0.00025
    epoch 64: loss 0.5087093593694313, minutes 209.2, val_ap 0.5251461101677823, lr 0.00025
    epoch 65: loss 0.5053230686581622, minutes 212.5, val_ap 0.5272068010174605, lr 0.00025
    epoch 66: loss 0.5062901052205186, minutes 215.77, val_ap 0.5280351152336733, lr 0.00025
    epoch 67: loss 0.5062877442143117, minutes 219.12, val_ap 0.5297584966858185, lr 0.000125
    epoch 68: loss 0.49086611439087235, minutes 222.42, val_ap 0.5330657988326489, lr 0.000125
    epoch 69: loss 0.5060741959346665, minutes 225.72, val_ap 0.5268208698000946, lr 0.000125
    epoch 70: loss 0.4877606236010964, minutes 228.92, val_ap 0.527403966926383, lr 0.000125
    epoch 71: loss 0.4910491080137721, minutes 232.16, val_ap 0.5262881490362077, lr 0.000125
    epoch 72: loss 0.4859204513636249, minutes 235.39, val_ap 0.5272648605243342, lr 0.000125
    epoch 73: loss 0.4983969944698072, minutes 238.67, val_ap 0.5296717944114444, lr 0.000125
    stopping: no validation gain in 25 epochs
[knn_dynamic dataset0 fold 0] done (241.5 min)
