loaded: dataset0 121,838 sites, data1 90,452
[deepset pooled_both fold 2 seed 2]
    epoch 1: loss 1.147705205104532, minutes 0.27, val_ap 0.2739901249117334, lr 0.0003338833883388339
    epoch 2: loss 0.9345810242218546, minutes 0.58, val_ap 0.40325892713810074, lr 0.0006672167216721672
    epoch 3: loss 0.8816410500322631, minutes 0.88, val_ap 0.42148239063632137, lr 0.001
    epoch 4: loss 0.8630798385776702, minutes 1.2, val_ap 0.4284719020896095, lr 0.001
    epoch 5: loss 0.8516685678423828, minutes 1.52, val_ap 0.4312364556944968, lr 0.001
    epoch 6: loss 0.8394051441068303, minutes 1.85, val_ap 0.4380201666444144, lr 0.001
    epoch 7: loss 0.8384080073817728, minutes 2.16, val_ap 0.43669126556538657, lr 0.001
    epoch 8: loss 0.8298106229442967, minutes 2.48, val_ap 0.4437007555511131, lr 0.001
    epoch 9: loss 0.8253044871607236, minutes 2.78, val_ap 0.442559598759912, lr 0.001
    epoch 10: loss 0.8229027218354417, minutes 3.08, val_ap 0.4515173764729487, lr 0.001
    epoch 11: loss 0.8163412165622114, minutes 3.39, val_ap 0.4524802443653489, lr 0.001
    epoch 12: loss 0.8142180578543408, minutes 3.7, val_ap 0.45783935167594036, lr 0.001
    epoch 13: loss 0.8079500729986543, minutes 4.02, val_ap 0.4537817308146046, lr 0.001
    epoch 14: loss 0.8066527969372941, minutes 4.32, val_ap 0.4605035498834592, lr 0.001
    epoch 15: loss 0.8027614777040953, minutes 4.61, val_ap 0.4584607064857768, lr 0.001
    epoch 16: loss 0.7922335025599294, minutes 4.93, val_ap 0.4592918970713858, lr 0.001
    epoch 17: loss 0.7920374588506056, minutes 5.25, val_ap 0.45706142924403725, lr 0.001
    epoch 18: loss 0.7930560608213097, minutes 5.56, val_ap 0.46323764893946984, lr 0.001
    epoch 19: loss 0.7841576398304193, minutes 5.87, val_ap 0.45876778607153407, lr 0.001
    epoch 20: loss 0.7833262376561023, minutes 6.16, val_ap 0.46244536099944483, lr 0.001
    epoch 21: loss 0.7879527462492681, minutes 6.47, val_ap 0.4682484385698258, lr 0.001
    epoch 22: loss 0.7789279939514575, minutes 6.79, val_ap 0.4730459700644013, lr 0.001
    epoch 23: loss 0.7764153605935598, minutes 7.1, val_ap 0.4673765420747097, lr 0.001
    epoch 24: loss 0.775559194164701, minutes 7.42, val_ap 0.47657875567807095, lr 0.001
    epoch 25: loss 0.7634275711507293, minutes 7.73, val_ap 0.4736335498974269, lr 0.001
    epoch 26: loss 0.7718090663845389, minutes 8.04, val_ap 0.46641885791076815, lr 0.001
    epoch 27: loss 0.7669295043048292, minutes 8.36, val_ap 0.4748605957659592, lr 0.001
    epoch 28: loss 0.7645773099790706, minutes 8.66, val_ap 0.4720597482271161, lr 0.001
    epoch 29: loss 0.7635512439036133, minutes 8.97, val_ap 0.46939676932547414, lr 0.001
    epoch 30: loss 0.7588996384600208, minutes 9.29, val_ap 0.4614464451091278, lr 0.001
    epoch 31: loss 0.7586229278801297, minutes 9.61, val_ap 0.46278626750996266, lr 0.001
    epoch 32: loss 0.7558482498815744, minutes 9.93, val_ap 0.46408053017130163, lr 0.001
    epoch 33: loss 0.7525346028332663, minutes 10.25, val_ap 0.4624842945421483, lr 0.0005
    epoch 34: loss 0.7411634501549277, minutes 10.56, val_ap 0.46933454923741713, lr 0.0005
    epoch 35: loss 0.7390145202084343, minutes 10.88, val_ap 0.4746857551088233, lr 0.0005
    epoch 36: loss 0.7322023722401546, minutes 11.2, val_ap 0.46767651953682465, lr 0.0005
    epoch 37: loss 0.7328291078506917, minutes 11.49, val_ap 0.47101239855219595, lr 0.0005
    epoch 38: loss 0.7308655601031709, minutes 11.76, val_ap 0.4716916461768351, lr 0.0005
    epoch 39: loss 0.7301280303265002, minutes 12.05, val_ap 0.4636597870558696, lr 0.0005
    epoch 40: loss 0.7238789035542177, minutes 12.31, val_ap 0.463058168864764, lr 0.0005
    epoch 41: loss 0.727317808829125, minutes 12.55, val_ap 0.46746309365328503, lr 0.0005
    epoch 42: loss 0.7223138633144177, minutes 12.81, val_ap 0.4671660887786277, lr 0.00025
    epoch 43: loss 0.7138928898883732, minutes 13.04, val_ap 0.4646493047825442, lr 0.00025
    epoch 44: loss 0.709851676825643, minutes 13.28, val_ap 0.46882828653651315, lr 0.00025
    epoch 45: loss 0.7101816131730284, minutes 13.5, val_ap 0.47057666372622137, lr 0.00025
    epoch 46: loss 0.7089046935732215, minutes 13.73, val_ap 0.4664632915881792, lr 0.00025
    epoch 47: loss 0.7076514373616417, minutes 13.96, val_ap 0.4677314339247002, lr 0.00025
    epoch 48: loss 0.7113644067111975, minutes 14.19, val_ap 0.4585164016416371, lr 0.00025
    stopping: no validation gain in 25 epochs
[deepset pooled_both fold 2 seed 2] done (14.6 min)
