loaded: dataset0 121,838 sites, data1 90,452
[h2gcn_aux_r400 dataset0 fold 4]
    epoch 1: loss 1.9660, val_ap 0.1529, minutes 0.93, lr 3.33e-04
    epoch 2: loss 1.5579, val_ap 0.2591, minutes 1.82, lr 6.63e-04
    epoch 3: loss 1.3679, val_ap 0.3987, minutes 2.75, lr 9.92e-04
    epoch 4: loss 1.2101, val_ap 0.4897, minutes 3.7, lr 1.00e-03
    epoch 5: loss 1.1171, val_ap 0.5131, minutes 4.61, lr 1.00e-03
    epoch 6: loss 1.0887, val_ap 0.5103, minutes 5.49, lr 1.00e-03
    epoch 7: loss 1.0277, val_ap 0.5415, minutes 6.35, lr 1.00e-03
    epoch 8: loss 1.0076, val_ap 0.5560, minutes 7.25, lr 1.00e-03
    epoch 9: loss 0.9929, val_ap 0.5663, minutes 8.16, lr 1.00e-03
    epoch 10: loss 0.9644, val_ap 0.5651, minutes 9.04, lr 1.00e-03
    epoch 11: loss 0.9742, val_ap 0.5605, minutes 9.96, lr 1.00e-03
    epoch 12: loss 0.9521, val_ap 0.5583, minutes 10.83, lr 1.00e-03
    epoch 13: loss 0.9426, val_ap 0.5666, minutes 11.74, lr 1.00e-03
    epoch 14: loss 0.9298, val_ap 0.5668, minutes 12.64, lr 1.00e-03
    epoch 15: loss 0.9232, val_ap 0.5622, minutes 13.55, lr 1.00e-03
    epoch 16: loss 0.9137, val_ap 0.5613, minutes 14.48, lr 1.00e-03
    epoch 17: loss 0.9218, val_ap 0.5663, minutes 15.39, lr 1.00e-03
    epoch 18: loss 0.9127, val_ap 0.5577, minutes 16.3, lr 1.00e-03
    epoch 19: loss 0.9154, val_ap 0.5670, minutes 17.23, lr 1.00e-03
    epoch 20: loss 0.9287, val_ap 0.5657, minutes 18.11, lr 1.00e-03
    epoch 21: loss 0.8792, val_ap 0.5687, minutes 19.02, lr 1.00e-03
    epoch 22: loss 0.8866, val_ap 0.5715, minutes 19.94, lr 1.00e-03
    epoch 23: loss 0.9096, val_ap 0.5648, minutes 20.84, lr 1.00e-03
    epoch 24: loss 0.9005, val_ap 0.5625, minutes 21.77, lr 1.00e-03
    epoch 25: loss 0.8786, val_ap 0.5705, minutes 22.69, lr 1.00e-03
    epoch 26: loss 0.8707, val_ap 0.5732, minutes 23.59, lr 1.00e-03
    epoch 27: loss 0.8782, val_ap 0.5686, minutes 24.49, lr 1.00e-03
    epoch 28: loss 0.8734, val_ap 0.5768, minutes 25.39, lr 1.00e-03
    epoch 29: loss 0.8562, val_ap 0.5730, minutes 26.3, lr 1.00e-03
    epoch 30: loss 0.8548, val_ap 0.5756, minutes 27.24, lr 1.00e-03
    epoch 31: loss 0.8549, val_ap 0.5729, minutes 28.17, lr 1.00e-03
    epoch 32: loss 0.8516, val_ap 0.5809, minutes 29.09, lr 1.00e-03
    epoch 33: loss 0.8291, val_ap 0.5758, minutes 29.97, lr 1.00e-03
    epoch 34: loss 0.8472, val_ap 0.5751, minutes 30.83, lr 1.00e-03
    epoch 35: loss 0.8772, val_ap 0.5815, minutes 31.75, lr 1.00e-03
    epoch 36: loss 0.8439, val_ap 0.5764, minutes 32.68, lr 1.00e-03
    epoch 37: loss 0.8593, val_ap 0.5828, minutes 33.56, lr 1.00e-03
    epoch 38: loss 0.8332, val_ap 0.5838, minutes 34.46, lr 1.00e-03
    epoch 39: loss 0.8385, val_ap 0.5766, minutes 35.37, lr 1.00e-03
    epoch 40: loss 0.8265, val_ap 0.5881, minutes 36.26, lr 1.00e-03
    epoch 41: loss 0.8145, val_ap 0.5889, minutes 37.14, lr 1.00e-03
    epoch 42: loss 0.8110, val_ap 0.5852, minutes 38.02, lr 1.00e-03
    epoch 43: loss 0.8268, val_ap 0.5880, minutes 38.91, lr 1.00e-03
    epoch 44: loss 0.8043, val_ap 0.5925, minutes 39.85, lr 1.00e-03
    epoch 45: loss 0.8317, val_ap 0.5904, minutes 40.78, lr 1.00e-03
    epoch 46: loss 0.8263, val_ap 0.5860, minutes 41.75, lr 1.00e-03
    epoch 47: loss 0.7924, val_ap 0.5972, minutes 42.72, lr 1.00e-03
    epoch 48: loss 0.8060, val_ap 0.5876, minutes 43.6, lr 1.00e-03
    epoch 49: loss 0.8235, val_ap 0.5871, minutes 44.51, lr 1.00e-03
    epoch 50: loss 0.8038, val_ap 0.5918, minutes 45.4, lr 1.00e-03
    epoch 51: loss 0.7878, val_ap 0.5940, minutes 46.27, lr 1.00e-03
    epoch 52: loss 0.8005, val_ap 0.5945, minutes 47.13, lr 1.00e-03
    epoch 53: loss 0.8055, val_ap 0.5971, minutes 47.98, lr 1.00e-03
    epoch 54: loss 0.7838, val_ap 0.5950, minutes 48.81, lr 1.00e-03
    epoch 55: loss 0.7902, val_ap 0.6023, minutes 49.72, lr 1.00e-03
    epoch 56: loss 0.8018, val_ap 0.5980, minutes 50.58, lr 1.00e-03
    epoch 57: loss 0.7768, val_ap 0.5950, minutes 51.52, lr 1.00e-03
    epoch 58: loss 0.7801, val_ap 0.5927, minutes 52.4, lr 1.00e-03
    epoch 59: loss 0.7771, val_ap 0.6053, minutes 53.36, lr 1.00e-03
    epoch 60: loss 0.7684, val_ap 0.5930, minutes 54.29, lr 1.00e-03
    epoch 61: loss 0.7597, val_ap 0.6024, minutes 55.27, lr 1.00e-03
    epoch 62: loss 0.7940, val_ap 0.6055, minutes 56.21, lr 1.00e-03
    epoch 63: loss 0.7720, val_ap 0.6032, minutes 57.15, lr 1.00e-03
    epoch 64: loss 0.7694, val_ap 0.6035, minutes 58.0, lr 1.00e-03
    epoch 65: loss 0.7615, val_ap 0.6044, minutes 58.91, lr 1.00e-03
    epoch 66: loss 0.7862, val_ap 0.5745, minutes 59.78, lr 1.00e-03
    epoch 67: loss 0.7845, val_ap 0.5983, minutes 60.67, lr 1.00e-03
    epoch 68: loss 0.7523, val_ap 0.5950, minutes 61.58, lr 1.00e-03
    epoch 69: loss 0.7584, val_ap 0.6112, minutes 62.5, lr 1.00e-03
    epoch 70: loss 0.7445, val_ap 0.6015, minutes 63.41, lr 1.00e-03
    epoch 71: loss 0.7328, val_ap 0.5988, minutes 64.3, lr 1.00e-03
    epoch 72: loss 0.7715, val_ap 0.6116, minutes 65.18, lr 1.00e-03
    epoch 73: loss 0.7660, val_ap 0.5926, minutes 66.09, lr 1.00e-03
    epoch 74: loss 0.7479, val_ap 0.6094, minutes 66.94, lr 1.00e-03
    epoch 75: loss 0.7278, val_ap 0.6093, minutes 67.85, lr 1.00e-03
    epoch 76: loss 0.7479, val_ap 0.5856, minutes 68.74, lr 1.00e-03
    epoch 77: loss 0.7362, val_ap 0.5990, minutes 69.62, lr 1.00e-03
    epoch 78: loss 0.7354, val_ap 0.5990, minutes 70.37, lr 1.00e-03
    epoch 79: loss 0.7382, val_ap 0.5959, minutes 71.11, lr 1.00e-03
    epoch 80: loss 0.7250, val_ap 0.5897, minutes 71.84, lr 1.00e-03
    epoch 81: loss 0.7369, val_ap 0.6010, minutes 72.54, lr 5.00e-04
    epoch 82: loss 0.6981, val_ap 0.5941, minutes 73.22, lr 5.00e-04
    epoch 83: loss 0.6975, val_ap 0.5859, minutes 73.91, lr 5.00e-04
    epoch 84: loss 0.7009, val_ap 0.6048, minutes 74.58, lr 5.00e-04
    epoch 85: loss 0.6825, val_ap 0.6012, minutes 75.23, lr 5.00e-04
    epoch 86: loss 0.6902, val_ap 0.6000, minutes 75.84, lr 5.00e-04
    epoch 87: loss 0.6910, val_ap 0.5963, minutes 76.43, lr 5.00e-04
    epoch 88: loss 0.6839, val_ap 0.5976, minutes 77.05, lr 5.00e-04
    epoch 89: loss 0.6742, val_ap 0.5843, minutes 77.63, lr 5.00e-04
    epoch 90: loss 0.6790, val_ap 0.5978, minutes 78.23, lr 2.50e-04
    epoch 91: loss 0.6730, val_ap 0.5964, minutes 78.74, lr 2.50e-04
    epoch 92: loss 0.6721, val_ap 0.5972, minutes 79.24, lr 2.50e-04
    epoch 93: loss 0.6447, val_ap 0.5908, minutes 79.71, lr 2.50e-04
    epoch 94: loss 0.6610, val_ap 0.5932, minutes 80.14, lr 2.50e-04
    epoch 95: loss 0.6694, val_ap 0.5889, minutes 80.6, lr 2.50e-04
    epoch 96: loss 0.6523, val_ap 0.5901, minutes 80.99, lr 2.50e-04
    epoch 97: loss 0.6627, val_ap 0.5969, minutes 81.42, lr 2.50e-04
    stopping: no validation gain in 25 epochs
[h2gcn_aux_r400 dataset0 fold 4] done (82.2 min)
