loaded: dataset0 121,838 sites, data1 90,452
[scalar_random pooled_both fold 3]
    kernel decay scale 113.4 nt (fitted to cell line 1 training labels)
    epoch 1: loss 1.9141, val_ap 0.1335, minutes 0.83, lr 3.31e-04
    epoch 2: loss 1.5776, val_ap 0.2510, minutes 1.61, lr 6.60e-04
    epoch 3: loss 1.4464, val_ap 0.3624, minutes 2.45, lr 9.89e-04
    epoch 4: loss 1.3642, val_ap 0.4008, minutes 3.19, lr 1.00e-03
    epoch 5: loss 1.3166, val_ap 0.4101, minutes 3.97, lr 1.00e-03
    epoch 6: loss 1.2863, val_ap 0.4141, minutes 4.7, lr 1.00e-03
    epoch 7: loss 1.2830, val_ap 0.4121, minutes 5.43, lr 1.00e-03
    epoch 8: loss 1.2774, val_ap 0.4229, minutes 6.19, lr 1.00e-03
    epoch 9: loss 1.2614, val_ap 0.4275, minutes 6.96, lr 1.00e-03
    epoch 10: loss 1.2525, val_ap 0.4324, minutes 7.7, lr 1.00e-03
    epoch 11: loss 1.2496, val_ap 0.4336, minutes 8.43, lr 1.00e-03
    epoch 12: loss 1.2466, val_ap 0.4364, minutes 9.17, lr 1.00e-03
    epoch 13: loss 1.2360, val_ap 0.4367, minutes 9.92, lr 1.00e-03
    epoch 14: loss 1.2384, val_ap 0.4420, minutes 10.66, lr 1.00e-03
    epoch 15: loss 1.2322, val_ap 0.4449, minutes 11.42, lr 1.00e-03
    epoch 16: loss 1.2305, val_ap 0.4421, minutes 12.17, lr 1.00e-03
    epoch 17: loss 1.2220, val_ap 0.4475, minutes 12.94, lr 1.00e-03
    epoch 18: loss 1.2278, val_ap 0.4446, minutes 13.67, lr 1.00e-03
    epoch 19: loss 1.2238, val_ap 0.4412, minutes 14.42, lr 1.00e-03
    epoch 20: loss 1.2137, val_ap 0.4440, minutes 15.09, lr 1.00e-03
    epoch 21: loss 1.2249, val_ap 0.4521, minutes 15.77, lr 1.00e-03
    epoch 22: loss 1.2099, val_ap 0.4531, minutes 16.47, lr 1.00e-03
    epoch 23: loss 1.2125, val_ap 0.4529, minutes 17.15, lr 1.00e-03
    epoch 24: loss 1.2012, val_ap 0.4545, minutes 17.85, lr 1.00e-03
    epoch 25: loss 1.1984, val_ap 0.4554, minutes 18.48, lr 1.00e-03
    epoch 26: loss 1.2073, val_ap 0.4505, minutes 19.15, lr 1.00e-03
    epoch 27: loss 1.2017, val_ap 0.4606, minutes 19.89, lr 1.00e-03
    epoch 28: loss 1.1955, val_ap 0.4544, minutes 20.52, lr 1.00e-03
    epoch 29: loss 1.1973, val_ap 0.4527, minutes 21.17, lr 1.00e-03
    epoch 30: loss 1.1885, val_ap 0.4597, minutes 21.83, lr 1.00e-03
    epoch 31: loss 1.1925, val_ap 0.4575, minutes 22.42, lr 1.00e-03
    epoch 32: loss 1.1895, val_ap 0.4556, minutes 22.97, lr 1.00e-03
    epoch 33: loss 1.1788, val_ap 0.4584, minutes 23.5, lr 1.00e-03
    epoch 34: loss 1.1784, val_ap 0.4546, minutes 24.03, lr 1.00e-03
    epoch 35: loss 1.1698, val_ap 0.4620, minutes 24.57, lr 1.00e-03
    epoch 36: loss 1.1745, val_ap 0.4641, minutes 25.14, lr 1.00e-03
    epoch 37: loss 1.1704, val_ap 0.4644, minutes 25.67, lr 1.00e-03
    epoch 38: loss 1.1627, val_ap 0.4645, minutes 26.24, lr 1.00e-03
    epoch 39: loss 1.1585, val_ap 0.4628, minutes 26.81, lr 1.00e-03
    epoch 40: loss 1.1723, val_ap 0.4653, minutes 27.34, lr 1.00e-03
    epoch 41: loss 1.1624, val_ap 0.4565, minutes 27.83, lr 1.00e-03
    epoch 42: loss 1.1622, val_ap 0.4576, minutes 28.29, lr 1.00e-03
    epoch 43: loss 1.1539, val_ap 0.4659, minutes 28.73, lr 1.00e-03
    epoch 44: loss 1.1575, val_ap 0.4610, minutes 29.19, lr 1.00e-03
    epoch 45: loss 1.1526, val_ap 0.4659, minutes 29.64, lr 1.00e-03
    epoch 46: loss 1.1480, val_ap 0.4660, minutes 30.12, lr 1.00e-03
    epoch 47: loss 1.1524, val_ap 0.4632, minutes 30.57, lr 1.00e-03
    epoch 48: loss 1.1512, val_ap 0.4658, minutes 31.03, lr 1.00e-03
    epoch 49: loss 1.1450, val_ap 0.4684, minutes 31.51, lr 1.00e-03
    epoch 50: loss 1.1429, val_ap 0.4686, minutes 31.97, lr 1.00e-03
    epoch 51: loss 1.1336, val_ap 0.4695, minutes 32.41, lr 1.00e-03
    epoch 52: loss 1.1387, val_ap 0.4664, minutes 32.88, lr 1.00e-03
    epoch 53: loss 1.1365, val_ap 0.4673, minutes 33.31, lr 1.00e-03
    epoch 54: loss 1.1321, val_ap 0.4645, minutes 33.75, lr 1.00e-03
    epoch 55: loss 1.1330, val_ap 0.4664, minutes 34.16, lr 1.00e-03
    epoch 56: loss 1.1346, val_ap 0.4682, minutes 34.57, lr 1.00e-03
    epoch 57: loss 1.1378, val_ap 0.4555, minutes 35.0, lr 1.00e-03
    epoch 58: loss 1.1243, val_ap 0.4675, minutes 35.39, lr 1.00e-03
    epoch 59: loss 1.1252, val_ap 0.4733, minutes 35.78, lr 1.00e-03
    epoch 60: loss 1.1245, val_ap 0.4670, minutes 36.17, lr 1.00e-03
    epoch 61: loss 1.1285, val_ap 0.4690, minutes 36.55, lr 1.00e-03
    epoch 62: loss 1.1198, val_ap 0.4719, minutes 36.94, lr 1.00e-03
    epoch 63: loss 1.1146, val_ap 0.4701, minutes 37.32, lr 1.00e-03
    epoch 64: loss 1.1196, val_ap 0.4638, minutes 37.71, lr 1.00e-03
    epoch 65: loss 1.1136, val_ap 0.4703, minutes 38.09, lr 1.00e-03
    epoch 66: loss 1.1162, val_ap 0.4675, minutes 38.47, lr 1.00e-03
    epoch 67: loss 1.1059, val_ap 0.4720, minutes 38.84, lr 1.00e-03
    epoch 68: loss 1.1069, val_ap 0.4681, minutes 39.21, lr 5.00e-04
    epoch 69: loss 1.0925, val_ap 0.4743, minutes 39.58, lr 5.00e-04
    epoch 70: loss 1.0882, val_ap 0.4707, minutes 39.93, lr 5.00e-04
    epoch 71: loss 1.0827, val_ap 0.4723, minutes 40.29, lr 5.00e-04
    epoch 72: loss 1.0718, val_ap 0.4688, minutes 40.65, lr 5.00e-04
    epoch 73: loss 1.0816, val_ap 0.4702, minutes 41.01, lr 5.00e-04
    epoch 74: loss 1.0840, val_ap 0.4760, minutes 41.34, lr 5.00e-04
    epoch 75: loss 1.0755, val_ap 0.4738, minutes 41.68, lr 5.00e-04
    epoch 76: loss 1.0855, val_ap 0.4685, minutes 42.02, lr 5.00e-04
    epoch 77: loss 1.0785, val_ap 0.4698, minutes 42.35, lr 5.00e-04
    epoch 78: loss 1.0748, val_ap 0.4669, minutes 42.69, lr 5.00e-04
    epoch 79: loss 1.0738, val_ap 0.4696, minutes 43.02, lr 5.00e-04
    epoch 80: loss 1.0872, val_ap 0.4707, minutes 43.36, lr 5.00e-04
    epoch 81: loss 1.1226, val_ap 0.4596, minutes 43.69, lr 5.00e-04
    epoch 82: loss 1.1575, val_ap 0.4691, minutes 44.03, lr 5.00e-04
    epoch 83: loss 1.0965, val_ap 0.4711, minutes 44.36, lr 2.50e-04
    epoch 84: loss 1.0705, val_ap 0.4714, minutes 44.69, lr 2.50e-04
    epoch 85: loss 1.0781, val_ap 0.4731, minutes 45.03, lr 2.50e-04
    epoch 86: loss 1.0693, val_ap 0.4684, minutes 45.36, lr 2.50e-04
    epoch 87: loss 1.0639, val_ap 0.4721, minutes 45.69, lr 2.50e-04
    epoch 88: loss 1.0644, val_ap 0.4724, minutes 46.02, lr 2.50e-04
    epoch 89: loss 1.0663, val_ap 0.4707, minutes 46.34, lr 2.50e-04
    epoch 90: loss 1.0637, val_ap 0.4728, minutes 46.67, lr 2.50e-04
    epoch 91: loss 1.0616, val_ap 0.4720, minutes 47.0, lr 2.50e-04
    epoch 92: loss 1.0574, val_ap 0.4730, minutes 47.33, lr 1.25e-04
    epoch 93: loss 1.0559, val_ap 0.4725, minutes 47.66, lr 1.25e-04
    epoch 94: loss 1.0523, val_ap 0.4717, minutes 47.99, lr 1.25e-04
    epoch 95: loss 1.0507, val_ap 0.4726, minutes 48.32, lr 1.25e-04
    epoch 96: loss 1.0507, val_ap 0.4687, minutes 48.65, lr 1.25e-04
    epoch 97: loss 1.0498, val_ap 0.4718, minutes 48.97, lr 1.25e-04
    epoch 98: loss 1.0419, val_ap 0.4719, minutes 49.3, lr 1.25e-04
    epoch 99: loss 1.0354, val_ap 0.4732, minutes 49.63, lr 1.25e-04
    stopping: no validation gain in 25 epochs
[scalar_random pooled_both fold 3] done (50.0 min)
