loaded: dataset0 121,838 sites, data1 90,452
[h2gcn_local pooled_both fold 1]
    epoch 1: loss 1.2465, val_ap 0.1974, minutes 0.87, lr 3.31e-04
    epoch 2: loss 1.0060, val_ap 0.3565, minutes 1.72, lr 6.60e-04
    epoch 3: loss 0.9177, val_ap 0.4157, minutes 2.64, lr 9.89e-04
    epoch 4: loss 0.8692, val_ap 0.4325, minutes 3.44, lr 1.00e-03
    epoch 5: loss 0.8390, val_ap 0.4313, minutes 4.22, lr 1.00e-03
    epoch 6: loss 0.8292, val_ap 0.4375, minutes 4.93, lr 1.00e-03
    epoch 7: loss 0.8166, val_ap 0.4428, minutes 5.66, lr 1.00e-03
    epoch 8: loss 0.8186, val_ap 0.4430, minutes 6.39, lr 1.00e-03
    epoch 9: loss 0.8023, val_ap 0.4476, minutes 7.14, lr 1.00e-03
    epoch 10: loss 0.7949, val_ap 0.4529, minutes 7.94, lr 1.00e-03
    epoch 11: loss 0.7960, val_ap 0.4483, minutes 8.76, lr 1.00e-03
    epoch 12: loss 0.7931, val_ap 0.4609, minutes 9.59, lr 1.00e-03
    epoch 13: loss 0.7810, val_ap 0.4557, minutes 10.37, lr 1.00e-03
    epoch 14: loss 0.7744, val_ap 0.4633, minutes 11.09, lr 1.00e-03
    epoch 15: loss 0.7835, val_ap 0.4640, minutes 11.83, lr 1.00e-03
    epoch 16: loss 0.7716, val_ap 0.4696, minutes 12.55, lr 1.00e-03
    epoch 17: loss 0.7692, val_ap 0.4764, minutes 13.26, lr 1.00e-03
    epoch 18: loss 0.7629, val_ap 0.4676, minutes 14.05, lr 1.00e-03
    epoch 19: loss 0.7632, val_ap 0.4702, minutes 14.86, lr 1.00e-03
    epoch 20: loss 0.7524, val_ap 0.4717, minutes 15.64, lr 1.00e-03
    epoch 21: loss 0.7545, val_ap 0.4750, minutes 16.44, lr 1.00e-03
    epoch 22: loss 0.7497, val_ap 0.4708, minutes 17.21, lr 1.00e-03
    epoch 23: loss 0.7527, val_ap 0.4761, minutes 17.97, lr 1.00e-03
    epoch 24: loss 0.7359, val_ap 0.4676, minutes 18.74, lr 1.00e-03
    epoch 25: loss 0.7405, val_ap 0.4763, minutes 19.52, lr 1.00e-03
    epoch 26: loss 0.7378, val_ap 0.4710, minutes 20.28, lr 5.00e-04
    epoch 27: loss 0.7267, val_ap 0.4765, minutes 21.08, lr 5.00e-04
    epoch 28: loss 0.7181, val_ap 0.4812, minutes 21.86, lr 5.00e-04
    epoch 29: loss 0.7180, val_ap 0.4814, minutes 22.62, lr 5.00e-04
    epoch 30: loss 0.7108, val_ap 0.4824, minutes 23.41, lr 5.00e-04
    epoch 31: loss 0.7100, val_ap 0.4823, minutes 24.19, lr 5.00e-04
    epoch 32: loss 0.7051, val_ap 0.4837, minutes 24.98, lr 5.00e-04
    epoch 33: loss 0.7050, val_ap 0.4847, minutes 25.75, lr 5.00e-04
    epoch 34: loss 0.7050, val_ap 0.4814, minutes 26.53, lr 5.00e-04
    epoch 35: loss 0.7021, val_ap 0.4824, minutes 27.29, lr 5.00e-04
    epoch 36: loss 0.6929, val_ap 0.4807, minutes 28.05, lr 5.00e-04
    epoch 37: loss 0.6964, val_ap 0.4775, minutes 28.8, lr 5.00e-04
    epoch 38: loss 0.6910, val_ap 0.4803, minutes 29.57, lr 5.00e-04
    epoch 39: loss 0.6890, val_ap 0.4834, minutes 30.35, lr 5.00e-04
    epoch 40: loss 0.6862, val_ap 0.4855, minutes 31.1, lr 5.00e-04
    epoch 41: loss 0.6825, val_ap 0.4764, minutes 31.93, lr 5.00e-04
    epoch 42: loss 0.6863, val_ap 0.4866, minutes 32.72, lr 5.00e-04
    epoch 43: loss 0.6770, val_ap 0.4746, minutes 33.58, lr 5.00e-04
    epoch 44: loss 0.6759, val_ap 0.4804, minutes 34.36, lr 5.00e-04
    epoch 45: loss 0.6721, val_ap 0.4824, minutes 35.11, lr 5.00e-04
    epoch 46: loss 0.6698, val_ap 0.4814, minutes 35.9, lr 5.00e-04
    epoch 47: loss 0.6654, val_ap 0.4877, minutes 36.68, lr 5.00e-04
    epoch 48: loss 0.6683, val_ap 0.4781, minutes 37.5, lr 5.00e-04
    epoch 49: loss 0.6653, val_ap 0.4792, minutes 38.24, lr 5.00e-04
    epoch 50: loss 0.6630, val_ap 0.4760, minutes 39.0, lr 5.00e-04
    epoch 51: loss 0.6514, val_ap 0.4834, minutes 39.89, lr 5.00e-04
    epoch 52: loss 0.6551, val_ap 0.4854, minutes 40.65, lr 5.00e-04
    epoch 53: loss 0.6488, val_ap 0.4864, minutes 41.46, lr 5.00e-04
    epoch 54: loss 0.6434, val_ap 0.4785, minutes 42.3, lr 5.00e-04
    epoch 55: loss 0.6457, val_ap 0.4837, minutes 43.06, lr 5.00e-04
    epoch 56: loss 0.6463, val_ap 0.4738, minutes 43.73, lr 2.50e-04
    epoch 57: loss 0.6289, val_ap 0.4818, minutes 44.45, lr 2.50e-04
    epoch 58: loss 0.6293, val_ap 0.4796, minutes 45.16, lr 2.50e-04
    epoch 59: loss 0.6203, val_ap 0.4801, minutes 45.88, lr 2.50e-04
    epoch 60: loss 0.6214, val_ap 0.4837, minutes 46.61, lr 2.50e-04
    epoch 61: loss 0.6192, val_ap 0.4855, minutes 47.35, lr 2.50e-04
    epoch 62: loss 0.6251, val_ap 0.4865, minutes 48.11, lr 2.50e-04
    epoch 63: loss 0.6174, val_ap 0.4895, minutes 48.88, lr 2.50e-04
    epoch 64: loss 0.6150, val_ap 0.4865, minutes 49.66, lr 2.50e-04
    epoch 65: loss 0.6091, val_ap 0.4865, minutes 50.4, lr 2.50e-04
    epoch 66: loss 0.6111, val_ap 0.4862, minutes 51.22, lr 2.50e-04
    epoch 67: loss 0.6127, val_ap 0.4878, minutes 51.96, lr 2.50e-04
    epoch 68: loss 0.6058, val_ap 0.4819, minutes 52.64, lr 2.50e-04
    epoch 69: loss 0.6036, val_ap 0.4849, minutes 53.36, lr 2.50e-04
    epoch 70: loss 0.6036, val_ap 0.4850, minutes 54.12, lr 2.50e-04
    epoch 71: loss 0.6029, val_ap 0.4854, minutes 54.84, lr 2.50e-04
    epoch 72: loss 0.6070, val_ap 0.4857, minutes 55.56, lr 1.25e-04
    epoch 73: loss 0.5891, val_ap 0.4870, minutes 56.33, lr 1.25e-04
    epoch 74: loss 0.5925, val_ap 0.4866, minutes 57.05, lr 1.25e-04
    epoch 75: loss 0.5885, val_ap 0.4802, minutes 57.76, lr 1.25e-04
    epoch 76: loss 0.5860, val_ap 0.4830, minutes 58.51, lr 1.25e-04
    epoch 77: loss 0.5920, val_ap 0.4843, minutes 59.25, lr 1.25e-04
    epoch 78: loss 0.5905, val_ap 0.4825, minutes 59.95, lr 1.25e-04
    epoch 79: loss 0.5873, val_ap 0.4817, minutes 60.68, lr 1.25e-04
    epoch 80: loss 0.5826, val_ap 0.4814, minutes 61.4, lr 1.25e-04
    epoch 81: loss 0.5837, val_ap 0.4811, minutes 62.15, lr 6.25e-05
    epoch 82: loss 0.5822, val_ap 0.4821, minutes 62.89, lr 6.25e-05
    epoch 83: loss 0.5716, val_ap 0.4803, minutes 63.6, lr 6.25e-05
    epoch 84: loss 0.5776, val_ap 0.4832, minutes 64.25, lr 6.25e-05
    epoch 85: loss 0.5791, val_ap 0.4858, minutes 64.93, lr 6.25e-05
    epoch 86: loss 0.5709, val_ap 0.4844, minutes 65.58, lr 6.25e-05
    epoch 87: loss 0.5755, val_ap 0.4823, minutes 66.29, lr 6.25e-05
    epoch 88: loss 0.5783, val_ap 0.4826, minutes 67.08, lr 6.25e-05
    stopping: no validation gain in 25 epochs
[h2gcn_local pooled_both fold 1] done (67.8 min)
