loaded: dataset0 121,838 sites, data1 90,452
[res_nodrop pooled_both fold 3]
    kernel decay scale 113.4 nt (fitted to cell line 1 training labels)
    epoch 1: loss 1.8825, val_ap 0.1499, minutes 0.83, lr 3.31e-04
    epoch 2: loss 1.5658, val_ap 0.2636, minutes 1.61, lr 6.60e-04
    epoch 3: loss 1.4299, val_ap 0.3892, minutes 2.39, lr 9.89e-04
    epoch 4: loss 1.3109, val_ap 0.4415, minutes 3.19, lr 1.00e-03
    epoch 5: loss 1.2486, val_ap 0.4587, minutes 3.95, lr 1.00e-03
    epoch 6: loss 1.2215, val_ap 0.4708, minutes 4.86, lr 1.00e-03
    epoch 7: loss 1.2048, val_ap 0.4663, minutes 5.71, lr 1.00e-03
    epoch 8: loss 1.1991, val_ap 0.4734, minutes 6.57, lr 1.00e-03
    epoch 9: loss 1.1854, val_ap 0.4807, minutes 7.36, lr 1.00e-03
    epoch 10: loss 1.1800, val_ap 0.4781, minutes 8.18, lr 1.00e-03
    epoch 11: loss 1.1752, val_ap 0.4795, minutes 9.02, lr 1.00e-03
    epoch 12: loss 1.1742, val_ap 0.4821, minutes 9.82, lr 1.00e-03
    epoch 13: loss 1.1687, val_ap 0.4810, minutes 10.65, lr 1.00e-03
    epoch 14: loss 1.1621, val_ap 0.4864, minutes 11.44, lr 1.00e-03
    epoch 15: loss 1.1537, val_ap 0.4870, minutes 12.38, lr 1.00e-03
    epoch 16: loss 1.1495, val_ap 0.4936, minutes 13.17, lr 1.00e-03
    epoch 17: loss 1.1539, val_ap 0.4939, minutes 14.02, lr 1.00e-03
    epoch 18: loss 1.1548, val_ap 0.4910, minutes 14.84, lr 1.00e-03
    epoch 19: loss 1.1479, val_ap 0.4904, minutes 15.64, lr 1.00e-03
    epoch 20: loss 1.1388, val_ap 0.4910, minutes 16.39, lr 1.00e-03
    epoch 21: loss 1.1355, val_ap 0.4991, minutes 17.13, lr 1.00e-03
    epoch 22: loss 1.1394, val_ap 0.4988, minutes 17.88, lr 1.00e-03
    epoch 23: loss 1.1426, val_ap 0.5014, minutes 18.67, lr 1.00e-03
    epoch 24: loss 1.1211, val_ap 0.5004, minutes 19.5, lr 1.00e-03
    epoch 25: loss 1.1219, val_ap 0.4999, minutes 20.27, lr 1.00e-03
    epoch 26: loss 1.1277, val_ap 0.5032, minutes 21.04, lr 1.00e-03
    epoch 27: loss 1.1234, val_ap 0.5036, minutes 21.83, lr 1.00e-03
    epoch 28: loss 1.1110, val_ap 0.5035, minutes 22.63, lr 1.00e-03
    epoch 29: loss 1.1146, val_ap 0.5051, minutes 23.45, lr 1.00e-03
    epoch 30: loss 1.1108, val_ap 0.5076, minutes 24.23, lr 1.00e-03
    epoch 31: loss 1.1106, val_ap 0.5052, minutes 25.01, lr 1.00e-03
    epoch 32: loss 1.1071, val_ap 0.5068, minutes 25.86, lr 1.00e-03
    epoch 33: loss 1.0944, val_ap 0.5058, minutes 26.74, lr 1.00e-03
    epoch 34: loss 1.0911, val_ap 0.5033, minutes 27.56, lr 1.00e-03
    epoch 35: loss 1.0861, val_ap 0.5097, minutes 28.4, lr 1.00e-03
    epoch 36: loss 1.0880, val_ap 0.5091, minutes 29.21, lr 1.00e-03
    epoch 37: loss 1.0826, val_ap 0.5117, minutes 30.03, lr 1.00e-03
    epoch 38: loss 1.0756, val_ap 0.5120, minutes 30.82, lr 1.00e-03
    epoch 39: loss 1.0801, val_ap 0.5043, minutes 31.63, lr 1.00e-03
    epoch 40: loss 1.0871, val_ap 0.5124, minutes 32.33, lr 1.00e-03
    epoch 41: loss 1.0727, val_ap 0.5089, minutes 33.17, lr 1.00e-03
    epoch 42: loss 1.0734, val_ap 0.5094, minutes 34.0, lr 1.00e-03
    epoch 43: loss 1.0630, val_ap 0.5125, minutes 34.78, lr 1.00e-03
    epoch 44: loss 1.0698, val_ap 0.5079, minutes 35.65, lr 1.00e-03
    epoch 45: loss 1.0527, val_ap 0.5094, minutes 36.49, lr 1.00e-03
    epoch 46: loss 1.0524, val_ap 0.5032, minutes 37.29, lr 1.00e-03
    epoch 47: loss 1.0578, val_ap 0.5073, minutes 38.07, lr 1.00e-03
    epoch 48: loss 1.0458, val_ap 0.5029, minutes 38.88, lr 1.00e-03
    epoch 49: loss 1.0471, val_ap 0.4843, minutes 39.68, lr 1.00e-03
    epoch 50: loss 1.0471, val_ap 0.5077, minutes 40.45, lr 1.00e-03
    epoch 51: loss 1.0350, val_ap 0.5042, minutes 41.25, lr 1.00e-03
    epoch 52: loss 1.0335, val_ap 0.5062, minutes 42.01, lr 5.00e-04
    epoch 53: loss 1.0153, val_ap 0.5029, minutes 42.77, lr 5.00e-04
    epoch 54: loss 1.0074, val_ap 0.4976, minutes 43.53, lr 5.00e-04
    epoch 55: loss 1.0122, val_ap 0.4979, minutes 44.27, lr 5.00e-04
    epoch 56: loss 1.0108, val_ap 0.4987, minutes 45.05, lr 5.00e-04
    epoch 57: loss 1.0084, val_ap 0.4918, minutes 45.78, lr 5.00e-04
    epoch 58: loss 1.0020, val_ap 0.4972, minutes 46.52, lr 5.00e-04
    epoch 59: loss 0.9983, val_ap 0.4944, minutes 47.26, lr 5.00e-04
    epoch 60: loss 1.0048, val_ap 0.4882, minutes 48.03, lr 5.00e-04
    epoch 61: loss 0.9996, val_ap 0.4922, minutes 48.75, lr 2.50e-04
    epoch 62: loss 0.9813, val_ap 0.4864, minutes 49.5, lr 2.50e-04
    epoch 63: loss 0.9814, val_ap 0.4905, minutes 50.23, lr 2.50e-04
    epoch 64: loss 0.9793, val_ap 0.4891, minutes 50.97, lr 2.50e-04
    epoch 65: loss 0.9770, val_ap 0.4863, minutes 51.71, lr 2.50e-04
    epoch 66: loss 0.9778, val_ap 0.4817, minutes 52.41, lr 2.50e-04
    epoch 67: loss 0.9729, val_ap 0.4853, minutes 53.1, lr 2.50e-04
    epoch 68: loss 0.9760, val_ap 0.4829, minutes 53.76, lr 2.50e-04
    stopping: no validation gain in 25 epochs
[res_nodrop pooled_both fold 3] done (54.4 min)
