loaded: dataset0 121,838 sites, data1 90,452
[fk_kernel dataset0 fold 1]
    kernel decay scale 114.6 nt (fitted to cell line 1 training labels)
    epoch 1: loss 1.9682, val_ap 0.1918, minutes 0.44, lr 3.33e-04
    epoch 2: loss 1.5385, val_ap 0.3052, minutes 0.88, lr 6.63e-04
    epoch 3: loss 1.2604, val_ap 0.4560, minutes 1.32, lr 9.92e-04
    epoch 4: loss 1.1674, val_ap 0.4964, minutes 1.75, lr 1.00e-03
    epoch 5: loss 1.1117, val_ap 0.5169, minutes 2.2, lr 1.00e-03
    epoch 6: loss 1.0218, val_ap 0.5306, minutes 2.63, lr 1.00e-03
    epoch 7: loss 0.9987, val_ap 0.5427, minutes 3.09, lr 1.00e-03
    epoch 8: loss 0.9971, val_ap 0.5408, minutes 3.53, lr 1.00e-03
    epoch 9: loss 0.9751, val_ap 0.5463, minutes 3.98, lr 1.00e-03
    epoch 10: loss 0.9677, val_ap 0.5392, minutes 4.44, lr 1.00e-03
    epoch 11: loss 0.9459, val_ap 0.5607, minutes 4.89, lr 1.00e-03
    epoch 12: loss 0.9251, val_ap 0.5561, minutes 5.3, lr 1.00e-03
    epoch 13: loss 0.9446, val_ap 0.5640, minutes 5.75, lr 1.00e-03
    epoch 14: loss 0.9285, val_ap 0.5568, minutes 6.19, lr 1.00e-03
    epoch 15: loss 0.9134, val_ap 0.5560, minutes 6.66, lr 1.00e-03
    epoch 16: loss 0.9030, val_ap 0.5667, minutes 7.09, lr 1.00e-03
    epoch 17: loss 0.8946, val_ap 0.5771, minutes 7.54, lr 1.00e-03
    epoch 18: loss 0.8844, val_ap 0.5735, minutes 7.96, lr 1.00e-03
    epoch 19: loss 0.9021, val_ap 0.5812, minutes 8.4, lr 1.00e-03
    epoch 20: loss 0.8766, val_ap 0.5798, minutes 8.81, lr 1.00e-03
    epoch 21: loss 0.8760, val_ap 0.5791, minutes 9.28, lr 1.00e-03
    epoch 22: loss 0.8882, val_ap 0.5846, minutes 9.82, lr 1.00e-03
    epoch 23: loss 0.8834, val_ap 0.5877, minutes 10.36, lr 1.00e-03
    epoch 24: loss 0.8613, val_ap 0.5882, minutes 10.88, lr 1.00e-03
    epoch 25: loss 0.8559, val_ap 0.5857, minutes 11.45, lr 1.00e-03
    epoch 26: loss 0.8664, val_ap 0.5924, minutes 11.94, lr 1.00e-03
    epoch 27: loss 0.8573, val_ap 0.5884, minutes 12.5, lr 1.00e-03
    epoch 28: loss 0.8563, val_ap 0.5915, minutes 13.02, lr 1.00e-03
    epoch 29: loss 0.8456, val_ap 0.5954, minutes 13.56, lr 1.00e-03
    epoch 30: loss 0.8435, val_ap 0.5956, minutes 14.09, lr 1.00e-03
    epoch 31: loss 0.8396, val_ap 0.6007, minutes 14.66, lr 1.00e-03
    epoch 32: loss 0.8659, val_ap 0.5978, minutes 15.2, lr 1.00e-03
    epoch 33: loss 0.8462, val_ap 0.5927, minutes 15.76, lr 1.00e-03
    epoch 34: loss 0.8357, val_ap 0.5873, minutes 16.3, lr 1.00e-03
    epoch 35: loss 0.8229, val_ap 0.5885, minutes 16.87, lr 1.00e-03
    epoch 36: loss 0.8185, val_ap 0.5957, minutes 17.41, lr 1.00e-03
    epoch 37: loss 0.8263, val_ap 0.5904, minutes 17.95, lr 1.00e-03
    epoch 38: loss 0.8284, val_ap 0.5987, minutes 18.48, lr 1.00e-03
    epoch 39: loss 0.8125, val_ap 0.5947, minutes 19.03, lr 1.00e-03
    epoch 40: loss 0.8048, val_ap 0.5973, minutes 19.57, lr 5.00e-04
    epoch 41: loss 0.7915, val_ap 0.6020, minutes 20.15, lr 5.00e-04
    epoch 42: loss 0.8008, val_ap 0.5985, minutes 20.68, lr 5.00e-04
    epoch 43: loss 0.7857, val_ap 0.6050, minutes 21.25, lr 5.00e-04
    epoch 44: loss 0.7982, val_ap 0.6035, minutes 21.81, lr 5.00e-04
    epoch 45: loss 0.7914, val_ap 0.6036, minutes 22.37, lr 5.00e-04
    epoch 46: loss 0.7628, val_ap 0.6026, minutes 22.95, lr 5.00e-04
    epoch 47: loss 0.7725, val_ap 0.5988, minutes 23.5, lr 5.00e-04
    epoch 48: loss 0.7872, val_ap 0.6016, minutes 24.11, lr 5.00e-04
    epoch 49: loss 0.7767, val_ap 0.6007, minutes 24.64, lr 5.00e-04
    epoch 50: loss 0.7870, val_ap 0.6110, minutes 25.23, lr 5.00e-04
    epoch 51: loss 0.7656, val_ap 0.6049, minutes 25.77, lr 5.00e-04
    epoch 52: loss 0.7690, val_ap 0.6089, minutes 26.36, lr 5.00e-04
    epoch 53: loss 0.7751, val_ap 0.6060, minutes 26.9, lr 5.00e-04
    epoch 54: loss 0.7678, val_ap 0.6069, minutes 27.46, lr 5.00e-04
    epoch 55: loss 0.7618, val_ap 0.5991, minutes 28.0, lr 5.00e-04
    epoch 56: loss 0.7709, val_ap 0.6060, minutes 28.55, lr 5.00e-04
    epoch 57: loss 0.7579, val_ap 0.6115, minutes 29.09, lr 5.00e-04
    epoch 58: loss 0.7639, val_ap 0.6076, minutes 29.64, lr 5.00e-04
    epoch 59: loss 0.7566, val_ap 0.6055, minutes 30.17, lr 5.00e-04
    epoch 60: loss 0.7479, val_ap 0.6094, minutes 30.73, lr 5.00e-04
    epoch 61: loss 0.7455, val_ap 0.6040, minutes 31.3, lr 5.00e-04
    epoch 62: loss 0.7554, val_ap 0.6104, minutes 31.85, lr 5.00e-04
    epoch 63: loss 0.7417, val_ap 0.6080, minutes 32.41, lr 5.00e-04
    epoch 64: loss 0.7406, val_ap 0.6081, minutes 32.96, lr 5.00e-04
    epoch 65: loss 0.7496, val_ap 0.6134, minutes 33.5, lr 5.00e-04
    epoch 66: loss 0.7342, val_ap 0.6100, minutes 34.06, lr 5.00e-04
    epoch 67: loss 0.7391, val_ap 0.6104, minutes 34.62, lr 5.00e-04
    epoch 68: loss 0.7448, val_ap 0.6101, minutes 35.17, lr 5.00e-04
    epoch 69: loss 0.7332, val_ap 0.6076, minutes 35.72, lr 5.00e-04
    epoch 70: loss 0.7244, val_ap 0.6100, minutes 36.28, lr 5.00e-04
    epoch 71: loss 0.7395, val_ap 0.6072, minutes 36.85, lr 5.00e-04
    epoch 72: loss 0.7402, val_ap 0.6109, minutes 37.4, lr 5.00e-04
    epoch 73: loss 0.7345, val_ap 0.6099, minutes 37.95, lr 5.00e-04
    epoch 74: loss 0.7288, val_ap 0.6134, minutes 38.52, lr 2.50e-04
    epoch 75: loss 0.7180, val_ap 0.6099, minutes 39.05, lr 2.50e-04
    epoch 76: loss 0.7111, val_ap 0.6081, minutes 39.6, lr 2.50e-04
    epoch 77: loss 0.7055, val_ap 0.6087, minutes 40.15, lr 2.50e-04
    epoch 78: loss 0.7227, val_ap 0.6089, minutes 40.69, lr 2.50e-04
    epoch 79: loss 0.7171, val_ap 0.6095, minutes 41.24, lr 2.50e-04
    epoch 80: loss 0.7137, val_ap 0.6108, minutes 41.78, lr 2.50e-04
    epoch 81: loss 0.7134, val_ap 0.6097, minutes 42.34, lr 2.50e-04
    epoch 82: loss 0.7048, val_ap 0.6120, minutes 42.9, lr 2.50e-04
    epoch 83: loss 0.7135, val_ap 0.6122, minutes 43.49, lr 1.25e-04
    epoch 84: loss 0.6991, val_ap 0.6127, minutes 44.06, lr 1.25e-04
    epoch 85: loss 0.7048, val_ap 0.6135, minutes 44.61, lr 1.25e-04
    epoch 86: loss 0.6973, val_ap 0.6113, minutes 45.2, lr 1.25e-04
    epoch 87: loss 0.7009, val_ap 0.6105, minutes 45.76, lr 1.25e-04
    epoch 88: loss 0.7011, val_ap 0.6126, minutes 46.32, lr 1.25e-04
    epoch 89: loss 0.6866, val_ap 0.6103, minutes 46.87, lr 1.25e-04
    epoch 90: loss 0.6892, val_ap 0.6116, minutes 47.4, lr 1.25e-04
    epoch 91: loss 0.6920, val_ap 0.6119, minutes 47.96, lr 1.25e-04
    epoch 92: loss 0.6950, val_ap 0.6123, minutes 48.51, lr 1.25e-04
    epoch 93: loss 0.7016, val_ap 0.6110, minutes 49.06, lr 1.25e-04
    epoch 94: loss 0.6994, val_ap 0.6088, minutes 49.6, lr 6.25e-05
    epoch 95: loss 0.6894, val_ap 0.6104, minutes 50.17, lr 6.25e-05
    epoch 96: loss 0.6860, val_ap 0.6095, minutes 50.71, lr 6.25e-05
    epoch 97: loss 0.6820, val_ap 0.6108, minutes 51.27, lr 6.25e-05
    epoch 98: loss 0.6871, val_ap 0.6105, minutes 51.78, lr 6.25e-05
    epoch 99: loss 0.6874, val_ap 0.6099, minutes 52.31, lr 6.25e-05
    epoch 100: loss 0.6863, val_ap 0.6090, minutes 52.83, lr 6.25e-05
    epoch 101: loss 0.6722, val_ap 0.6087, minutes 53.36, lr 6.25e-05
    epoch 102: loss 0.6876, val_ap 0.6092, minutes 53.88, lr 6.25e-05
    epoch 103: loss 0.6793, val_ap 0.6075, minutes 54.44, lr 3.13e-05
    epoch 104: loss 0.6659, val_ap 0.6064, minutes 55.01, lr 3.13e-05
    epoch 105: loss 0.6738, val_ap 0.6071, minutes 55.54, lr 3.13e-05
    epoch 106: loss 0.6832, val_ap 0.6073, minutes 56.09, lr 3.13e-05
    epoch 107: loss 0.6698, val_ap 0.6085, minutes 56.67, lr 3.13e-05
    epoch 108: loss 0.6836, val_ap 0.6085, minutes 57.21, lr 3.13e-05
    epoch 109: loss 0.6901, val_ap 0.6087, minutes 57.75, lr 3.13e-05
    epoch 110: loss 0.6763, val_ap 0.6090, minutes 58.23, lr 3.13e-05
    stopping: no validation gain in 25 epochs
[fk_kernel dataset0 fold 1] done (59.2 min)
