loaded: dataset0 121,838 sites, data1 90,452
[gps dataset0 fold 0 seed 1]
    epoch 1: loss 1.9719, val_ap 0.1632, minutes 1.37, lr 3.33e-04
    epoch 2: loss 1.6097, val_ap 0.2564, minutes 2.69, lr 6.59e-04
    epoch 3: loss 1.3666, val_ap 0.3913, minutes 4.02, lr 9.88e-04
    epoch 4: loss 1.2092, val_ap 0.4495, minutes 5.36, lr 1.00e-03
    epoch 5: loss 1.1126, val_ap 0.4597, minutes 6.67, lr 1.00e-03
    epoch 6: loss 1.0886, val_ap 0.4727, minutes 7.98, lr 1.00e-03
    epoch 7: loss 1.0927, val_ap 0.4742, minutes 9.4, lr 1.00e-03
    epoch 8: loss 1.0274, val_ap 0.4866, minutes 10.74, lr 1.00e-03
    epoch 9: loss 1.0253, val_ap 0.5006, minutes 12.11, lr 1.00e-03
    epoch 10: loss 0.9675, val_ap 0.5056, minutes 13.56, lr 1.00e-03
    epoch 11: loss 0.9538, val_ap 0.5167, minutes 15.02, lr 1.00e-03
    epoch 12: loss 0.9593, val_ap 0.4993, minutes 16.43, lr 1.00e-03
    epoch 13: loss 0.9677, val_ap 0.5013, minutes 17.88, lr 1.00e-03
    epoch 14: loss 0.9271, val_ap 0.5298, minutes 19.29, lr 1.00e-03
    epoch 15: loss 0.9306, val_ap 0.5119, minutes 20.77, lr 1.00e-03
    epoch 16: loss 0.9223, val_ap 0.5226, minutes 22.17, lr 1.00e-03
    epoch 17: loss 0.9026, val_ap 0.5427, minutes 23.62, lr 1.00e-03
    epoch 18: loss 0.9051, val_ap 0.5266, minutes 25.06, lr 1.00e-03
    epoch 19: loss 0.9105, val_ap 0.5387, minutes 26.45, lr 1.00e-03
    epoch 20: loss 0.9072, val_ap 0.5466, minutes 27.92, lr 1.00e-03
    epoch 21: loss 0.9121, val_ap 0.5459, minutes 29.4, lr 1.00e-03
    epoch 22: loss 0.8839, val_ap 0.5421, minutes 30.89, lr 1.00e-03
    epoch 23: loss 0.8603, val_ap 0.5450, minutes 32.34, lr 1.00e-03
    epoch 24: loss 0.8523, val_ap 0.5437, minutes 33.82, lr 1.00e-03
    epoch 25: loss 0.8814, val_ap 0.5538, minutes 35.31, lr 1.00e-03
    epoch 26: loss 0.8653, val_ap 0.5583, minutes 36.77, lr 1.00e-03
    epoch 27: loss 0.8699, val_ap 0.5578, minutes 38.25, lr 1.00e-03
    epoch 28: loss 0.8598, val_ap 0.5551, minutes 39.72, lr 1.00e-03
    epoch 29: loss 0.8351, val_ap 0.5642, minutes 41.19, lr 1.00e-03
    epoch 30: loss 0.8383, val_ap 0.5657, minutes 42.68, lr 1.00e-03
    epoch 31: loss 0.8451, val_ap 0.5663, minutes 44.11, lr 1.00e-03
    epoch 32: loss 0.8598, val_ap 0.5714, minutes 45.55, lr 1.00e-03
    epoch 33: loss 0.8283, val_ap 0.5672, minutes 47.04, lr 1.00e-03
    epoch 34: loss 0.8108, val_ap 0.5654, minutes 48.48, lr 1.00e-03
    epoch 35: loss 0.8314, val_ap 0.5663, minutes 49.97, lr 1.00e-03
    epoch 36: loss 0.8073, val_ap 0.5731, minutes 51.47, lr 1.00e-03
    epoch 37: loss 0.8170, val_ap 0.5844, minutes 52.93, lr 1.00e-03
    epoch 38: loss 0.8124, val_ap 0.5818, minutes 54.4, lr 1.00e-03
    epoch 39: loss 0.8193, val_ap 0.5746, minutes 55.9, lr 1.00e-03
    epoch 40: loss 0.8157, val_ap 0.5824, minutes 57.34, lr 1.00e-03
    epoch 41: loss 0.8033, val_ap 0.5857, minutes 58.81, lr 1.00e-03
    epoch 42: loss 0.7973, val_ap 0.5755, minutes 60.31, lr 1.00e-03
    epoch 43: loss 0.7977, val_ap 0.5836, minutes 61.87, lr 1.00e-03
    epoch 44: loss 0.7854, val_ap 0.5919, minutes 63.29, lr 1.00e-03
    epoch 45: loss 0.7812, val_ap 0.5717, minutes 64.75, lr 1.00e-03
    epoch 46: loss 0.7764, val_ap 0.5858, minutes 66.24, lr 1.00e-03
    epoch 47: loss 0.7619, val_ap 0.5839, minutes 67.74, lr 1.00e-03
    epoch 48: loss 0.7599, val_ap 0.5953, minutes 69.23, lr 1.00e-03
    epoch 49: loss 0.7597, val_ap 0.5917, minutes 70.77, lr 1.00e-03
    epoch 50: loss 0.7416, val_ap 0.5908, minutes 72.3, lr 1.00e-03
    epoch 51: loss 0.7634, val_ap 0.5918, minutes 73.79, lr 1.00e-03
    epoch 52: loss 0.7505, val_ap 0.5892, minutes 75.27, lr 1.00e-03
    epoch 53: loss 0.7418, val_ap 0.5926, minutes 76.77, lr 1.00e-03
    epoch 54: loss 0.7488, val_ap 0.5961, minutes 78.22, lr 1.00e-03
    epoch 55: loss 0.7324, val_ap 0.6040, minutes 79.71, lr 1.00e-03
    epoch 56: loss 0.7299, val_ap 0.5979, minutes 81.16, lr 1.00e-03
    epoch 57: loss 0.7414, val_ap 0.5883, minutes 82.67, lr 1.00e-03
    epoch 58: loss 0.7093, val_ap 0.6101, minutes 84.18, lr 1.00e-03
    epoch 59: loss 0.7293, val_ap 0.5915, minutes 85.6, lr 1.00e-03
    epoch 60: loss 0.7472, val_ap 0.5517, minutes 87.08, lr 1.00e-03
    epoch 61: loss 0.9488, val_ap 0.5515, minutes 88.57, lr 1.00e-03
    epoch 62: loss 0.7457, val_ap 0.5831, minutes 90.05, lr 1.00e-03
    epoch 63: loss 0.7362, val_ap 0.5921, minutes 91.55, lr 1.00e-03
    epoch 64: loss 0.7246, val_ap 0.6076, minutes 93.07, lr 1.00e-03
    epoch 65: loss 0.7136, val_ap 0.6033, minutes 94.58, lr 1.00e-03
    epoch 66: loss 0.7160, val_ap 0.6015, minutes 96.01, lr 1.00e-03
    epoch 67: loss 0.7075, val_ap 0.5993, minutes 97.51, lr 5.00e-04
    epoch 68: loss 0.6795, val_ap 0.5941, minutes 98.92, lr 5.00e-04
    epoch 69: loss 0.6738, val_ap 0.5967, minutes 100.39, lr 5.00e-04
    epoch 70: loss 0.6779, val_ap 0.6002, minutes 101.84, lr 5.00e-04
    epoch 71: loss 0.6574, val_ap 0.5995, minutes 103.43, lr 5.00e-04
    epoch 72: loss 0.6606, val_ap 0.6028, minutes 104.89, lr 5.00e-04
    epoch 73: loss 0.6676, val_ap 0.5986, minutes 106.36, lr 5.00e-04
    epoch 74: loss 0.6640, val_ap 0.5906, minutes 107.82, lr 5.00e-04
    epoch 75: loss 0.6472, val_ap 0.5966, minutes 109.27, lr 5.00e-04
    epoch 76: loss 0.6630, val_ap 0.5834, minutes 110.78, lr 2.50e-04
    epoch 77: loss 0.6732, val_ap 0.5917, minutes 112.28, lr 2.50e-04
    epoch 78: loss 0.6393, val_ap 0.5843, minutes 113.82, lr 2.50e-04
    epoch 79: loss 0.6376, val_ap 0.5875, minutes 115.27, lr 2.50e-04
    epoch 80: loss 0.6398, val_ap 0.5777, minutes 116.76, lr 2.50e-04
    epoch 81: loss 0.6298, val_ap 0.5812, minutes 118.27, lr 2.50e-04
    epoch 82: loss 0.6141, val_ap 0.5870, minutes 119.75, lr 2.50e-04
    epoch 83: loss 0.6154, val_ap 0.5841, minutes 121.24, lr 2.50e-04
    stopping: no validation gain in 25 epochs
[gps dataset0 fold 0 seed 1] done (122.2 min)
