loaded: dataset0 121,838 sites, data1 90,452
[gcn pooled_both fold 2]
    epoch 1: loss 1.3073, val_ap 0.1033, minutes 0.83, lr 3.31e-04
    epoch 2: loss 1.1925, val_ap 0.2261, minutes 1.62, lr 6.58e-04
    epoch 3: loss 1.0469, val_ap 0.3041, minutes 2.42, lr 9.85e-04
    epoch 4: loss 0.9884, val_ap 0.3101, minutes 3.23, lr 1.00e-03
    epoch 5: loss 0.9664, val_ap 0.3091, minutes 4.02, lr 1.00e-03
    epoch 6: loss 0.9559, val_ap 0.3151, minutes 4.84, lr 1.00e-03
    epoch 7: loss 0.9420, val_ap 0.3136, minutes 5.59, lr 1.00e-03
    epoch 8: loss 0.9353, val_ap 0.3172, minutes 6.39, lr 1.00e-03
    epoch 9: loss 0.9321, val_ap 0.3103, minutes 7.17, lr 1.00e-03
    epoch 10: loss 0.9145, val_ap 0.3194, minutes 7.96, lr 1.00e-03
    epoch 11: loss 0.9147, val_ap 0.3168, minutes 8.73, lr 1.00e-03
    epoch 12: loss 0.9042, val_ap 0.3196, minutes 9.55, lr 1.00e-03
    epoch 13: loss 0.9108, val_ap 0.3174, minutes 10.3, lr 1.00e-03
    epoch 14: loss 0.9049, val_ap 0.3181, minutes 11.1, lr 1.00e-03
    epoch 15: loss 0.9047, val_ap 0.3209, minutes 11.87, lr 1.00e-03
    epoch 16: loss 0.9067, val_ap 0.3195, minutes 12.65, lr 1.00e-03
    epoch 17: loss 0.8914, val_ap 0.3227, minutes 13.46, lr 1.00e-03
    epoch 18: loss 0.8932, val_ap 0.3178, minutes 14.3, lr 1.00e-03
    epoch 19: loss 0.8957, val_ap 0.3213, minutes 15.06, lr 1.00e-03
    epoch 20: loss 0.8859, val_ap 0.3223, minutes 15.85, lr 1.00e-03
    epoch 21: loss 0.8901, val_ap 0.3242, minutes 16.64, lr 1.00e-03
    epoch 22: loss 0.8858, val_ap 0.3246, minutes 17.47, lr 1.00e-03
    epoch 23: loss 0.8794, val_ap 0.3240, minutes 18.28, lr 1.00e-03
    epoch 24: loss 0.8772, val_ap 0.3260, minutes 19.03, lr 1.00e-03
    epoch 25: loss 0.8813, val_ap 0.3240, minutes 19.83, lr 1.00e-03
    epoch 26: loss 0.8809, val_ap 0.3185, minutes 20.65, lr 1.00e-03
    epoch 27: loss 0.8795, val_ap 0.3245, minutes 21.41, lr 1.00e-03
    epoch 28: loss 0.8706, val_ap 0.3248, minutes 22.18, lr 1.00e-03
    epoch 29: loss 0.8705, val_ap 0.3248, minutes 22.96, lr 1.00e-03
    epoch 30: loss 0.8735, val_ap 0.3201, minutes 23.7, lr 1.00e-03
    epoch 31: loss 0.8710, val_ap 0.3196, minutes 24.43, lr 1.00e-03
    epoch 32: loss 0.8696, val_ap 0.3225, minutes 25.18, lr 1.00e-03
    epoch 33: loss 0.8734, val_ap 0.3206, minutes 25.93, lr 5.00e-04
    epoch 34: loss 0.8544, val_ap 0.3237, minutes 26.69, lr 5.00e-04
    epoch 35: loss 0.8608, val_ap 0.3206, minutes 27.4, lr 5.00e-04
    epoch 36: loss 0.8537, val_ap 0.3245, minutes 28.15, lr 5.00e-04
    epoch 37: loss 0.8453, val_ap 0.3234, minutes 28.91, lr 5.00e-04
    epoch 38: loss 0.8450, val_ap 0.3208, minutes 29.69, lr 5.00e-04
    epoch 39: loss 0.8527, val_ap 0.3229, minutes 30.48, lr 5.00e-04
    epoch 40: loss 0.8546, val_ap 0.3208, minutes 31.25, lr 5.00e-04
    epoch 41: loss 0.8471, val_ap 0.3233, minutes 32.01, lr 5.00e-04
    epoch 42: loss 0.8536, val_ap 0.3254, minutes 32.74, lr 2.50e-04
    epoch 43: loss 0.8422, val_ap 0.3222, minutes 33.52, lr 2.50e-04
    epoch 44: loss 0.8460, val_ap 0.3216, minutes 34.23, lr 2.50e-04
    epoch 45: loss 0.8407, val_ap 0.3209, minutes 34.96, lr 2.50e-04
    epoch 46: loss 0.8405, val_ap 0.3196, minutes 35.71, lr 2.50e-04
    epoch 47: loss 0.8429, val_ap 0.3208, minutes 36.44, lr 2.50e-04
    epoch 48: loss 0.8428, val_ap 0.3210, minutes 37.17, lr 2.50e-04
    epoch 49: loss 0.8398, val_ap 0.3225, minutes 37.95, lr 2.50e-04
    stopping: no validation gain in 25 epochs
[gcn pooled_both fold 2] done (38.5 min)
