loaded: dataset0 121,838 sites, data1 90,452
[h2gcn_aux_r100 pooled_both fold 1]
    epoch 1: loss 1.8941, val_ap 0.1811, minutes 0.78, lr 3.31e-04
    epoch 2: loss 1.5223, val_ap 0.3573, minutes 1.64, lr 6.60e-04
    epoch 3: loss 1.3697, val_ap 0.4265, minutes 2.42, lr 9.89e-04
    epoch 4: loss 1.3012, val_ap 0.4448, minutes 3.17, lr 1.00e-03
    epoch 5: loss 1.2615, val_ap 0.4487, minutes 3.92, lr 1.00e-03
    epoch 6: loss 1.2474, val_ap 0.4524, minutes 4.57, lr 1.00e-03
    epoch 7: loss 1.2351, val_ap 0.4591, minutes 5.21, lr 1.00e-03
    epoch 8: loss 1.2384, val_ap 0.4558, minutes 5.88, lr 1.00e-03
    epoch 9: loss 1.2169, val_ap 0.4561, minutes 6.59, lr 1.00e-03
    epoch 10: loss 1.2089, val_ap 0.4642, minutes 7.31, lr 1.00e-03
    epoch 11: loss 1.2091, val_ap 0.4582, minutes 8.04, lr 1.00e-03
    epoch 12: loss 1.2137, val_ap 0.4680, minutes 8.82, lr 1.00e-03
    epoch 13: loss 1.1955, val_ap 0.4622, minutes 9.68, lr 1.00e-03
    epoch 14: loss 1.1837, val_ap 0.4686, minutes 11.15, lr 1.00e-03
    epoch 15: loss 1.1946, val_ap 0.4698, minutes 12.66, lr 1.00e-03
    epoch 16: loss 1.1798, val_ap 0.4646, minutes 14.11, lr 1.00e-03
    epoch 17: loss 1.1781, val_ap 0.4782, minutes 15.63, lr 1.00e-03
    epoch 18: loss 1.1704, val_ap 0.4739, minutes 17.12, lr 1.00e-03
    epoch 19: loss 1.1737, val_ap 0.4732, minutes 18.62, lr 1.00e-03
    epoch 20: loss 1.1582, val_ap 0.4763, minutes 20.13, lr 1.00e-03
    epoch 21: loss 1.1614, val_ap 0.4750, minutes 21.61, lr 1.00e-03
    epoch 22: loss 1.1634, val_ap 0.4741, minutes 23.11, lr 1.00e-03
    epoch 23: loss 1.1598, val_ap 0.4787, minutes 24.62, lr 1.00e-03
    epoch 24: loss 1.1400, val_ap 0.4760, minutes 26.07, lr 1.00e-03
    epoch 25: loss 1.1425, val_ap 0.4810, minutes 27.58, lr 1.00e-03
    epoch 26: loss 1.1451, val_ap 0.4768, minutes 29.1, lr 1.00e-03
    epoch 27: loss 1.1432, val_ap 0.4735, minutes 30.58, lr 1.00e-03
    epoch 28: loss 1.1296, val_ap 0.4753, minutes 32.02, lr 1.00e-03
    epoch 29: loss 1.1322, val_ap 0.4777, minutes 33.53, lr 1.00e-03
    epoch 30: loss 1.1209, val_ap 0.4771, minutes 35.0, lr 1.00e-03
    epoch 31: loss 1.1240, val_ap 0.4800, minutes 36.44, lr 1.00e-03
    epoch 32: loss 1.1216, val_ap 0.4791, minutes 37.99, lr 1.00e-03
    epoch 33: loss 1.1084, val_ap 0.4806, minutes 39.45, lr 1.00e-03
    epoch 34: loss 1.1150, val_ap 0.4788, minutes 40.92, lr 5.00e-04
    epoch 35: loss 1.0916, val_ap 0.4832, minutes 42.38, lr 5.00e-04
    epoch 36: loss 1.0866, val_ap 0.4801, minutes 43.89, lr 5.00e-04
    epoch 37: loss 1.0886, val_ap 0.4843, minutes 45.4, lr 5.00e-04
    epoch 38: loss 1.0845, val_ap 0.4795, minutes 46.94, lr 5.00e-04
    epoch 39: loss 1.0822, val_ap 0.4823, minutes 48.43, lr 5.00e-04
    epoch 40: loss 1.0776, val_ap 0.4767, minutes 49.86, lr 5.00e-04
    epoch 41: loss 1.0735, val_ap 0.4759, minutes 51.34, lr 5.00e-04
    epoch 42: loss 1.0801, val_ap 0.4792, minutes 52.85, lr 5.00e-04
    epoch 43: loss 1.0678, val_ap 0.4714, minutes 54.34, lr 5.00e-04
    epoch 44: loss 1.0683, val_ap 0.4729, minutes 55.87, lr 5.00e-04
    epoch 45: loss 1.0631, val_ap 0.4791, minutes 57.39, lr 5.00e-04
    epoch 46: loss 1.0610, val_ap 0.4759, minutes 58.85, lr 2.50e-04
    epoch 47: loss 1.0535, val_ap 0.4761, minutes 60.32, lr 2.50e-04
    epoch 48: loss 1.0454, val_ap 0.4731, minutes 61.87, lr 2.50e-04
    epoch 49: loss 1.0450, val_ap 0.4707, minutes 63.36, lr 2.50e-04
    epoch 50: loss 1.0490, val_ap 0.4723, minutes 64.84, lr 2.50e-04
    epoch 51: loss 1.0418, val_ap 0.4807, minutes 66.36, lr 2.50e-04
    epoch 52: loss 1.0442, val_ap 0.4711, minutes 67.89, lr 2.50e-04
    epoch 53: loss 1.0369, val_ap 0.4773, minutes 69.36, lr 2.50e-04
    epoch 54: loss 1.0330, val_ap 0.4707, minutes 70.73, lr 2.50e-04
    epoch 55: loss 1.0409, val_ap 0.4716, minutes 72.13, lr 1.25e-04
    epoch 56: loss 1.0303, val_ap 0.4751, minutes 73.45, lr 1.25e-04
    epoch 57: loss 1.0283, val_ap 0.4745, minutes 74.73, lr 1.25e-04
    epoch 58: loss 1.0294, val_ap 0.4742, minutes 75.95, lr 1.25e-04
    epoch 59: loss 1.0232, val_ap 0.4759, minutes 77.26, lr 1.25e-04
    epoch 60: loss 1.0195, val_ap 0.4707, minutes 78.54, lr 1.25e-04
    epoch 61: loss 1.0218, val_ap 0.4737, minutes 79.74, lr 1.25e-04
    epoch 62: loss 1.0229, val_ap 0.4710, minutes 80.86, lr 1.25e-04
    stopping: no validation gain in 25 epochs
[h2gcn_aux_r100 pooled_both fold 1] done (81.8 min)
