loaded: dataset0 121,838 sites, data1 90,452
[fk_band pooled_both fold 4]
    band weights [0.402, 0.362, 0.236] (bands ((0, 30), (30, 75), (75, 150)))
    epoch 1: loss 1.8866, val_ap 0.1689, minutes 0.93, lr 3.31e-04
    epoch 2: loss 1.5318, val_ap 0.3465, minutes 1.73, lr 6.60e-04
    epoch 3: loss 1.3721, val_ap 0.4455, minutes 2.64, lr 9.89e-04
    epoch 4: loss 1.3050, val_ap 0.4630, minutes 3.5, lr 1.00e-03
    epoch 5: loss 1.2676, val_ap 0.4776, minutes 4.37, lr 1.00e-03
    epoch 6: loss 1.2504, val_ap 0.4815, minutes 5.24, lr 1.00e-03
    epoch 7: loss 1.2405, val_ap 0.4813, minutes 6.08, lr 1.00e-03
    epoch 8: loss 1.2234, val_ap 0.4855, minutes 6.96, lr 1.00e-03
    epoch 9: loss 1.2199, val_ap 0.4943, minutes 7.84, lr 1.00e-03
    epoch 10: loss 1.1992, val_ap 0.4954, minutes 8.73, lr 1.00e-03
    epoch 11: loss 1.1954, val_ap 0.4989, minutes 9.71, lr 1.00e-03
    epoch 12: loss 1.1995, val_ap 0.4912, minutes 10.74, lr 1.00e-03
    epoch 13: loss 1.1759, val_ap 0.4963, minutes 11.77, lr 1.00e-03
    epoch 14: loss 1.1755, val_ap 0.4969, minutes 12.81, lr 1.00e-03
    epoch 15: loss 1.1817, val_ap 0.4948, minutes 13.85, lr 1.00e-03
    epoch 16: loss 1.1619, val_ap 0.4960, minutes 14.89, lr 1.00e-03
    epoch 17: loss 1.1661, val_ap 0.4996, minutes 15.93, lr 1.00e-03
    epoch 18: loss 1.1528, val_ap 0.4950, minutes 16.95, lr 1.00e-03
    epoch 19: loss 1.1506, val_ap 0.5018, minutes 17.97, lr 1.00e-03
    epoch 20: loss 1.1499, val_ap 0.4985, minutes 19.05, lr 1.00e-03
    epoch 21: loss 1.1389, val_ap 0.5020, minutes 20.1, lr 1.00e-03
    epoch 22: loss 1.1328, val_ap 0.5037, minutes 21.13, lr 1.00e-03
    epoch 23: loss 1.1450, val_ap 0.5002, minutes 22.11, lr 1.00e-03
    epoch 24: loss 1.1335, val_ap 0.4917, minutes 23.13, lr 1.00e-03
    epoch 25: loss 1.1274, val_ap 0.4923, minutes 24.16, lr 1.00e-03
    epoch 26: loss 1.1336, val_ap 0.4988, minutes 25.21, lr 1.00e-03
    epoch 27: loss 1.1133, val_ap 0.4989, minutes 26.2, lr 1.00e-03
    epoch 28: loss 1.1203, val_ap 0.4985, minutes 27.14, lr 1.00e-03
    epoch 29: loss 1.1106, val_ap 0.4998, minutes 28.11, lr 1.00e-03
    epoch 30: loss 1.1101, val_ap 0.5020, minutes 29.1, lr 1.00e-03
    epoch 31: loss 1.1092, val_ap 0.4953, minutes 30.06, lr 5.00e-04
    epoch 32: loss 1.0873, val_ap 0.4940, minutes 31.07, lr 5.00e-04
    epoch 33: loss 1.0837, val_ap 0.4935, minutes 32.03, lr 5.00e-04
    epoch 34: loss 1.0791, val_ap 0.4962, minutes 33.02, lr 5.00e-04
    epoch 35: loss 1.0732, val_ap 0.4934, minutes 34.04, lr 5.00e-04
    epoch 36: loss 1.0750, val_ap 0.4895, minutes 35.07, lr 5.00e-04
    epoch 37: loss 1.0702, val_ap 0.4938, minutes 36.09, lr 5.00e-04
    epoch 38: loss 1.0711, val_ap 0.4949, minutes 37.09, lr 5.00e-04
    epoch 39: loss 1.0668, val_ap 0.4971, minutes 38.1, lr 5.00e-04
    epoch 40: loss 1.0599, val_ap 0.4958, minutes 39.11, lr 2.50e-04
    epoch 41: loss 1.0503, val_ap 0.4888, minutes 40.13, lr 2.50e-04
    epoch 42: loss 1.0484, val_ap 0.4919, minutes 41.14, lr 2.50e-04
    epoch 43: loss 1.0469, val_ap 0.4911, minutes 42.14, lr 2.50e-04
    epoch 44: loss 1.0446, val_ap 0.4815, minutes 43.13, lr 2.50e-04
    epoch 45: loss 1.0457, val_ap 0.4914, minutes 44.14, lr 2.50e-04
    epoch 46: loss 1.0506, val_ap 0.4906, minutes 45.16, lr 2.50e-04
    epoch 47: loss 1.0387, val_ap 0.4897, minutes 46.15, lr 2.50e-04
    stopping: no validation gain in 25 epochs
[fk_band pooled_both fold 4] done (47.0 min)
