loaded: dataset0 121,838 sites, data1 90,452
[scalar_random pooled_both fold 1]
    kernel decay scale 114.6 nt (fitted to cell line 1 training labels)
    epoch 1: loss 2.0050, val_ap 0.1487, minutes 0.73, lr 3.31e-04
    epoch 2: loss 1.6072, val_ap 0.2742, minutes 1.42, lr 6.60e-04
    epoch 3: loss 1.4323, val_ap 0.3794, minutes 2.16, lr 9.89e-04
    epoch 4: loss 1.3626, val_ap 0.3957, minutes 2.92, lr 1.00e-03
    epoch 5: loss 1.3327, val_ap 0.4037, minutes 3.65, lr 1.00e-03
    epoch 6: loss 1.3117, val_ap 0.4092, minutes 4.41, lr 1.00e-03
    epoch 7: loss 1.3074, val_ap 0.4115, minutes 5.13, lr 1.00e-03
    epoch 8: loss 1.2951, val_ap 0.4088, minutes 5.91, lr 1.00e-03
    epoch 9: loss 1.2836, val_ap 0.4190, minutes 6.66, lr 1.00e-03
    epoch 10: loss 1.2690, val_ap 0.4234, minutes 7.37, lr 1.00e-03
    epoch 11: loss 1.2696, val_ap 0.4223, minutes 8.12, lr 1.00e-03
    epoch 12: loss 1.2713, val_ap 0.4293, minutes 8.9, lr 1.00e-03
    epoch 13: loss 1.2580, val_ap 0.4283, minutes 9.64, lr 1.00e-03
    epoch 14: loss 1.2573, val_ap 0.4309, minutes 10.39, lr 1.00e-03
    epoch 15: loss 1.2490, val_ap 0.4388, minutes 11.13, lr 1.00e-03
    epoch 16: loss 1.2415, val_ap 0.4373, minutes 11.92, lr 1.00e-03
    epoch 17: loss 1.2379, val_ap 0.4339, minutes 12.68, lr 1.00e-03
    epoch 18: loss 1.2365, val_ap 0.4386, minutes 13.43, lr 1.00e-03
    epoch 19: loss 1.2437, val_ap 0.4413, minutes 14.26, lr 1.00e-03
    epoch 20: loss 1.2234, val_ap 0.4435, minutes 14.98, lr 1.00e-03
    epoch 21: loss 1.2290, val_ap 0.4460, minutes 15.73, lr 1.00e-03
    epoch 22: loss 1.2318, val_ap 0.4484, minutes 16.5, lr 1.00e-03
    epoch 23: loss 1.2383, val_ap 0.4449, minutes 17.27, lr 1.00e-03
    epoch 24: loss 1.2135, val_ap 0.4366, minutes 17.97, lr 1.00e-03
    epoch 25: loss 1.2129, val_ap 0.4491, minutes 18.69, lr 1.00e-03
    epoch 26: loss 1.2117, val_ap 0.4465, minutes 19.4, lr 1.00e-03
    epoch 27: loss 1.2154, val_ap 0.4489, minutes 20.07, lr 1.00e-03
    epoch 28: loss 1.2042, val_ap 0.4534, minutes 20.8, lr 1.00e-03
    epoch 29: loss 1.2021, val_ap 0.4529, minutes 21.5, lr 1.00e-03
    epoch 30: loss 1.1962, val_ap 0.4535, minutes 22.22, lr 1.00e-03
    epoch 31: loss 1.1969, val_ap 0.4520, minutes 22.93, lr 1.00e-03
    epoch 32: loss 1.1928, val_ap 0.4543, minutes 23.67, lr 1.00e-03
    epoch 33: loss 1.1914, val_ap 0.4542, minutes 24.39, lr 1.00e-03
    epoch 34: loss 1.1950, val_ap 0.4552, minutes 25.13, lr 1.00e-03
    epoch 35: loss 1.1869, val_ap 0.4540, minutes 25.87, lr 1.00e-03
    epoch 36: loss 1.1801, val_ap 0.4578, minutes 26.57, lr 1.00e-03
    epoch 37: loss 1.1874, val_ap 0.4587, minutes 27.29, lr 1.00e-03
    epoch 38: loss 1.1755, val_ap 0.4531, minutes 27.99, lr 1.00e-03
    epoch 39: loss 1.1774, val_ap 0.4533, minutes 28.71, lr 1.00e-03
    epoch 40: loss 1.1715, val_ap 0.4536, minutes 29.37, lr 1.00e-03
    epoch 41: loss 1.1693, val_ap 0.4530, minutes 30.01, lr 1.00e-03
    epoch 42: loss 1.1753, val_ap 0.4538, minutes 30.62, lr 1.00e-03
    epoch 43: loss 1.1661, val_ap 0.4551, minutes 31.26, lr 1.00e-03
    epoch 44: loss 1.1668, val_ap 0.4570, minutes 31.95, lr 1.00e-03
    epoch 45: loss 1.1627, val_ap 0.4606, minutes 32.6, lr 1.00e-03
    epoch 46: loss 1.1592, val_ap 0.4499, minutes 33.21, lr 1.00e-03
    epoch 47: loss 1.1606, val_ap 0.4510, minutes 33.78, lr 1.00e-03
    epoch 48: loss 1.1554, val_ap 0.4434, minutes 34.33, lr 1.00e-03
    epoch 49: loss 1.1579, val_ap 0.4532, minutes 34.88, lr 1.00e-03
    epoch 50: loss 1.1613, val_ap 0.4509, minutes 35.42, lr 1.00e-03
    epoch 51: loss 1.1509, val_ap 0.4554, minutes 35.99, lr 1.00e-03
    epoch 52: loss 1.1578, val_ap 0.4546, minutes 36.54, lr 1.00e-03
    epoch 53: loss 1.1508, val_ap 0.4507, minutes 37.06, lr 1.00e-03
    epoch 54: loss 1.1445, val_ap 0.4487, minutes 37.57, lr 5.00e-04
    epoch 55: loss 1.1324, val_ap 0.4553, minutes 38.06, lr 5.00e-04
    epoch 56: loss 1.1243, val_ap 0.4547, minutes 38.54, lr 5.00e-04
    epoch 57: loss 1.1282, val_ap 0.4572, minutes 39.02, lr 5.00e-04
    epoch 58: loss 1.1227, val_ap 0.4565, minutes 39.51, lr 5.00e-04
    epoch 59: loss 1.1204, val_ap 0.4545, minutes 39.99, lr 5.00e-04
    epoch 60: loss 1.1140, val_ap 0.4569, minutes 40.43, lr 5.00e-04
    epoch 61: loss 1.1181, val_ap 0.4581, minutes 40.85, lr 5.00e-04
    epoch 62: loss 1.1254, val_ap 0.4572, minutes 41.29, lr 5.00e-04
    epoch 63: loss 1.1099, val_ap 0.4548, minutes 41.74, lr 2.50e-04
    epoch 64: loss 1.1015, val_ap 0.4586, minutes 42.18, lr 2.50e-04
    epoch 65: loss 1.0998, val_ap 0.4583, minutes 42.62, lr 2.50e-04
    epoch 66: loss 1.1039, val_ap 0.4569, minutes 43.07, lr 2.50e-04
    epoch 67: loss 1.0979, val_ap 0.4575, minutes 43.47, lr 2.50e-04
    epoch 68: loss 1.0988, val_ap 0.4605, minutes 43.88, lr 2.50e-04
    epoch 69: loss 1.0968, val_ap 0.4592, minutes 44.3, lr 2.50e-04
    epoch 70: loss 1.0983, val_ap 0.4593, minutes 44.72, lr 2.50e-04
    stopping: no validation gain in 25 epochs
[scalar_random pooled_both fold 1] done (45.3 min)
