loaded: dataset0 121,838 sites, data1 90,452
[h2gcn_aux pooled_both fold 2 seed 2]
    epoch 1: loss 1.8856, val_ap 0.1880, minutes 0.82, lr 3.31e-04
    epoch 2: loss 1.5307, val_ap 0.3112, minutes 1.64, lr 6.60e-04
    epoch 3: loss 1.3884, val_ap 0.4130, minutes 2.44, lr 9.87e-04
    epoch 4: loss 1.3137, val_ap 0.4310, minutes 3.29, lr 1.00e-03
    epoch 5: loss 1.2861, val_ap 0.4491, minutes 4.17, lr 1.00e-03
    epoch 6: loss 1.2767, val_ap 0.4494, minutes 5.03, lr 1.00e-03
    epoch 7: loss 1.2504, val_ap 0.4521, minutes 5.89, lr 1.00e-03
    epoch 8: loss 1.2302, val_ap 0.4548, minutes 6.7, lr 1.00e-03
    epoch 9: loss 1.2283, val_ap 0.4565, minutes 7.52, lr 1.00e-03
    epoch 10: loss 1.2107, val_ap 0.4618, minutes 8.39, lr 1.00e-03
    epoch 11: loss 1.2226, val_ap 0.4601, minutes 9.2, lr 1.00e-03
    epoch 12: loss 1.2130, val_ap 0.4580, minutes 10.08, lr 1.00e-03
    epoch 13: loss 1.2146, val_ap 0.4612, minutes 10.89, lr 1.00e-03
    epoch 14: loss 1.1932, val_ap 0.4607, minutes 11.66, lr 1.00e-03
    epoch 15: loss 1.1931, val_ap 0.4607, minutes 12.47, lr 1.00e-03
    epoch 16: loss 1.1810, val_ap 0.4662, minutes 13.31, lr 1.00e-03
    epoch 17: loss 1.1729, val_ap 0.4675, minutes 14.12, lr 1.00e-03
    epoch 18: loss 1.1674, val_ap 0.4637, minutes 14.93, lr 1.00e-03
    epoch 19: loss 1.1672, val_ap 0.4651, minutes 15.78, lr 1.00e-03
    epoch 20: loss 1.1701, val_ap 0.4670, minutes 16.58, lr 1.00e-03
    epoch 21: loss 1.1584, val_ap 0.4691, minutes 17.39, lr 1.00e-03
    epoch 22: loss 1.1549, val_ap 0.4715, minutes 18.22, lr 1.00e-03
    epoch 23: loss 1.1517, val_ap 0.4695, minutes 19.13, lr 1.00e-03
    epoch 24: loss 1.1510, val_ap 0.4675, minutes 19.98, lr 1.00e-03
    epoch 25: loss 1.1513, val_ap 0.4725, minutes 20.77, lr 1.00e-03
    epoch 26: loss 1.1388, val_ap 0.4731, minutes 21.63, lr 1.00e-03
    epoch 27: loss 1.1390, val_ap 0.4727, minutes 22.45, lr 1.00e-03
    epoch 28: loss 1.1391, val_ap 0.4744, minutes 23.33, lr 1.00e-03
    epoch 29: loss 1.1264, val_ap 0.4745, minutes 24.15, lr 1.00e-03
    epoch 30: loss 1.1363, val_ap 0.4782, minutes 24.97, lr 1.00e-03
    epoch 31: loss 1.1284, val_ap 0.4696, minutes 25.8, lr 1.00e-03
    epoch 32: loss 1.1208, val_ap 0.4712, minutes 26.67, lr 1.00e-03
    epoch 33: loss 1.1028, val_ap 0.4755, minutes 27.48, lr 1.00e-03
    epoch 34: loss 1.1094, val_ap 0.4775, minutes 28.27, lr 1.00e-03
    epoch 35: loss 1.1158, val_ap 0.4806, minutes 29.12, lr 1.00e-03
    epoch 36: loss 1.1009, val_ap 0.4746, minutes 29.93, lr 1.00e-03
    epoch 37: loss 1.0897, val_ap 0.4763, minutes 30.73, lr 1.00e-03
    epoch 38: loss 1.1064, val_ap 0.4796, minutes 31.54, lr 1.00e-03
    epoch 39: loss 1.0910, val_ap 0.4796, minutes 32.32, lr 1.00e-03
    epoch 40: loss 1.0838, val_ap 0.4783, minutes 33.12, lr 1.00e-03
    epoch 41: loss 1.0869, val_ap 0.4678, minutes 33.98, lr 1.00e-03
    epoch 42: loss 1.0839, val_ap 0.4859, minutes 34.82, lr 1.00e-03
    epoch 43: loss 1.0720, val_ap 0.4684, minutes 35.62, lr 1.00e-03
    epoch 44: loss 1.0710, val_ap 0.4791, minutes 36.45, lr 1.00e-03
    epoch 45: loss 1.0625, val_ap 0.4769, minutes 37.24, lr 1.00e-03
    epoch 46: loss 1.0615, val_ap 0.4771, minutes 38.05, lr 1.00e-03
    epoch 47: loss 1.0536, val_ap 0.4837, minutes 38.85, lr 1.00e-03
    epoch 48: loss 1.0399, val_ap 0.4797, minutes 39.7, lr 1.00e-03
    epoch 49: loss 1.0447, val_ap 0.4794, minutes 40.46, lr 1.00e-03
    epoch 50: loss 1.0394, val_ap 0.4830, minutes 41.24, lr 1.00e-03
    epoch 51: loss 1.0422, val_ap 0.4774, minutes 42.01, lr 5.00e-04
    epoch 52: loss 1.0165, val_ap 0.4734, minutes 42.82, lr 5.00e-04
    epoch 53: loss 1.0069, val_ap 0.4727, minutes 43.58, lr 5.00e-04
    epoch 54: loss 1.0098, val_ap 0.4816, minutes 44.35, lr 5.00e-04
    epoch 55: loss 1.0022, val_ap 0.4742, minutes 45.05, lr 5.00e-04
    epoch 56: loss 1.0039, val_ap 0.4765, minutes 45.82, lr 5.00e-04
    epoch 57: loss 1.0002, val_ap 0.4757, minutes 46.59, lr 5.00e-04
    epoch 58: loss 0.9965, val_ap 0.4704, minutes 47.34, lr 5.00e-04
    epoch 59: loss 0.9969, val_ap 0.4831, minutes 48.16, lr 5.00e-04
    epoch 60: loss 0.9868, val_ap 0.4797, minutes 48.95, lr 2.50e-04
    epoch 61: loss 0.9733, val_ap 0.4786, minutes 49.8, lr 2.50e-04
    epoch 62: loss 0.9731, val_ap 0.4742, minutes 50.58, lr 2.50e-04
    epoch 63: loss 0.9711, val_ap 0.4750, minutes 51.38, lr 2.50e-04
    epoch 64: loss 0.9673, val_ap 0.4749, minutes 52.18, lr 2.50e-04
    epoch 65: loss 0.9652, val_ap 0.4736, minutes 52.99, lr 2.50e-04
    epoch 66: loss 0.9607, val_ap 0.4726, minutes 53.71, lr 2.50e-04
    epoch 67: loss 0.9607, val_ap 0.4745, minutes 54.51, lr 2.50e-04
    stopping: no validation gain in 25 epochs
[h2gcn_aux pooled_both fold 2 seed 2] done (55.2 min)
