loaded: dataset0 121,838 sites, data1 90,452
[set_transformer dataset0 fold 0 seed 2]
    epoch 1: loss 0.9733062763834557, minutes 1.69, val_ap 0.42080581917079013, lr 0.00033430799220272904
    epoch 2: loss 0.8224079225495545, minutes 3.72, val_ap 0.4006900787037438, lr 0.0006676413255360624
    epoch 3: loss 0.7972534335496133, minutes 5.89, val_ap 0.41470317076664603, lr 0.001
    epoch 4: loss 0.7605446123066004, minutes 8.06, val_ap 0.4309107139902917, lr 0.001
    epoch 5: loss 0.7509003514260576, minutes 10.25, val_ap 0.46532042827873776, lr 0.001
    epoch 6: loss 0.7165619382384227, minutes 12.44, val_ap 0.49093657040952193, lr 0.001
    epoch 7: loss 0.70741707618125, minutes 14.57, val_ap 0.4706102172067581, lr 0.001
    epoch 8: loss 0.7086482296387354, minutes 16.77, val_ap 0.48879704024941767, lr 0.001
    epoch 9: loss 0.6941387887760909, minutes 18.95, val_ap 0.4957835936640218, lr 0.001
    epoch 10: loss 0.6851914537231825, minutes 21.13, val_ap 0.47934278468198493, lr 0.001
    epoch 11: loss 0.6873663427711231, minutes 23.4, val_ap 0.4819197550981768, lr 0.001
    epoch 12: loss 0.6755961284302828, minutes 25.55, val_ap 0.4975667156936025, lr 0.001
    epoch 13: loss 0.6673659313666193, minutes 27.79, val_ap 0.49790404788114684, lr 0.001
    epoch 14: loss 0.6642856917708938, minutes 29.92, val_ap 0.5105530872807392, lr 0.001
    epoch 15: loss 0.6634281390068824, minutes 32.03, val_ap 0.5148010484588956, lr 0.001
    epoch 16: loss 0.6595975043829422, minutes 34.16, val_ap 0.512189928483925, lr 0.001
    epoch 17: loss 0.660755868456517, minutes 36.3, val_ap 0.490810308606276, lr 0.001
    epoch 18: loss 0.6448740028498465, minutes 38.45, val_ap 0.5016021714262097, lr 0.001
    epoch 19: loss 0.6506360560132746, minutes 40.65, val_ap 0.495307841368015, lr 0.001
    epoch 20: loss 0.6536790733797508, minutes 42.84, val_ap 0.4975253489537676, lr 0.001
    epoch 21: loss 0.6386124027228495, minutes 45.08, val_ap 0.5150198012027825, lr 0.001
    epoch 22: loss 0.6421804530055899, minutes 47.26, val_ap 0.510426250528868, lr 0.001
    epoch 23: loss 0.6436393268798527, minutes 49.4, val_ap 0.5087729208645627, lr 0.001
    epoch 24: loss 0.6350540052554761, minutes 51.55, val_ap 0.521851260710294, lr 0.001
    epoch 25: loss 0.627655807991474, minutes 53.66, val_ap 0.5166004455091405, lr 0.001
    epoch 26: loss 0.6237807754884687, minutes 55.77, val_ap 0.5237166420893807, lr 0.001
    epoch 27: loss 0.6199297523289397, minutes 57.9, val_ap 0.5259690006719648, lr 0.001
    epoch 28: loss 0.6151598355574914, minutes 60.05, val_ap 0.5275666542530606, lr 0.001
    epoch 29: loss 0.6209425615549785, minutes 62.1, val_ap 0.5310533847522839, lr 0.001
    epoch 30: loss 0.6177920817631727, minutes 64.16, val_ap 0.5196978623977385, lr 0.001
    epoch 31: loss 0.6132278329970544, minutes 66.23, val_ap 0.5202071497452007, lr 0.001
    epoch 32: loss 0.6164061718168314, minutes 68.32, val_ap 0.5111261690676572, lr 0.001
    epoch 33: loss 0.6048432851743977, minutes 70.44, val_ap 0.5215975065617999, lr 0.001
    epoch 34: loss 0.6027919454009909, minutes 72.6, val_ap 0.5119698419327107, lr 0.001
    epoch 35: loss 0.6065411321078128, minutes 74.63, val_ap 0.4996923485664142, lr 0.001
    epoch 36: loss 0.6026935804831354, minutes 76.77, val_ap 0.5213451100517605, lr 0.001
    epoch 37: loss 0.5887465970209468, minutes 78.81, val_ap 0.502514747325268, lr 0.001
    epoch 38: loss 0.5889231803995824, minutes 80.95, val_ap 0.5189011498889724, lr 0.0005
    epoch 39: loss 0.5677113559162408, minutes 83.03, val_ap 0.5306861681226795, lr 0.0005
    epoch 40: loss 0.5538972112519002, minutes 85.17, val_ap 0.524566405467424, lr 0.0005
    epoch 41: loss 0.5472621490732271, minutes 87.28, val_ap 0.5298539959892439, lr 0.0005
    epoch 42: loss 0.5531164831236789, minutes 89.39, val_ap 0.5263598848362744, lr 0.0005
    epoch 43: loss 0.5443979909545497, minutes 91.48, val_ap 0.5244910915383193, lr 0.0005
    epoch 44: loss 0.541091596958233, minutes 93.6, val_ap 0.537438502724724, lr 0.0005
    epoch 45: loss 0.5314476083942324, minutes 95.65, val_ap 0.5413250050826869, lr 0.0005
    epoch 46: loss 0.5314605478306262, minutes 97.74, val_ap 0.5277664301933399, lr 0.0005
    epoch 47: loss 0.5353583683047378, minutes 99.84, val_ap 0.5300135374500718, lr 0.0005
    epoch 48: loss 0.5417676164567122, minutes 101.92, val_ap 0.5415281684497686, lr 0.0005
    epoch 49: loss 0.5362254047864362, minutes 104.01, val_ap 0.5324817134901709, lr 0.0005
    epoch 50: loss 0.5276843869720983, minutes 106.06, val_ap 0.5359469619072609, lr 0.0005
    epoch 51: loss 0.5231094305016841, minutes 108.22, val_ap 0.5456723778358721, lr 0.0005
    epoch 52: loss 0.5208405468896119, minutes 110.29, val_ap 0.5278404117094894, lr 0.0005
    epoch 53: loss 0.5175774807644169, minutes 112.29, val_ap 0.5404899576413248, lr 0.0005
    epoch 54: loss 0.5137809492342653, minutes 114.29, val_ap 0.5369339540544112, lr 0.0005
    epoch 55: loss 0.5112904377325237, minutes 116.28, val_ap 0.5440213380687966, lr 0.0005
    epoch 56: loss 0.5180808858651864, minutes 118.29, val_ap 0.5289173573265414, lr 0.0005
    epoch 57: loss 0.511379638174821, minutes 120.3, val_ap 0.528770858233075, lr 0.0005
    epoch 58: loss 0.518934741136972, minutes 122.27, val_ap 0.5330047360464054, lr 0.0005
    epoch 59: loss 0.5028289531668028, minutes 124.26, val_ap 0.5316867890082367, lr 0.0005
    epoch 60: loss 0.5018971404659818, minutes 126.29, val_ap 0.5211763753835208, lr 0.00025
    epoch 61: loss 0.4735303206576241, minutes 128.28, val_ap 0.5225289737341037, lr 0.00025
    epoch 62: loss 0.47089203573458377, minutes 130.32, val_ap 0.5331101496555533, lr 0.00025
    epoch 63: loss 0.4680666825488994, minutes 132.31, val_ap 0.5282091161268815, lr 0.00025
    epoch 64: loss 0.4734544405898853, minutes 134.31, val_ap 0.519058068661044, lr 0.00025
    epoch 65: loss 0.46530207926244066, minutes 136.37, val_ap 0.5298854730224808, lr 0.00025
    epoch 66: loss 0.4647422390635948, minutes 138.32, val_ap 0.5364408959613282, lr 0.00025
    epoch 67: loss 0.45168737627086586, minutes 140.28, val_ap 0.5330583369555878, lr 0.00025
    epoch 68: loss 0.4559691754436632, minutes 142.25, val_ap 0.5300691052814092, lr 0.00025
    epoch 69: loss 0.44874807133486394, minutes 144.21, val_ap 0.5345149941271917, lr 0.000125
    epoch 70: loss 0.4433393840029923, minutes 146.21, val_ap 0.5338986066225772, lr 0.000125
    epoch 71: loss 0.4401863556769159, minutes 148.09, val_ap 0.5292601886732803, lr 0.000125
    epoch 72: loss 0.4386379287866821, minutes 150.09, val_ap 0.5334335884531939, lr 0.000125
    epoch 73: loss 0.44294659209530257, minutes 152.04, val_ap 0.5337455425529439, lr 0.000125
    epoch 74: loss 0.4360525426373147, minutes 154.0, val_ap 0.5235523735093189, lr 0.000125
    epoch 75: loss 0.4358596176519031, minutes 155.96, val_ap 0.5326767301151667, lr 0.000125
    stopping: no validation gain in 25 epochs
[set_transformer dataset0 fold 0 seed 2] done (159.9 min)
