loaded: dataset0 121,838 sites, data1 90,452
[scalar_msg dataset0 fold 1 seed 1]
    kernel decay scale 114.6 nt (fitted to cell line 1 training labels)
    epoch 1: loss 1.9707, val_ap 0.1410, minutes 0.46, lr 3.33e-04
    epoch 2: loss 1.5810, val_ap 0.2280, minutes 0.9, lr 6.63e-04
    epoch 3: loss 1.3354, val_ap 0.4159, minutes 1.36, lr 9.92e-04
    epoch 4: loss 1.1740, val_ap 0.4888, minutes 1.83, lr 1.00e-03
    epoch 5: loss 1.0863, val_ap 0.5044, minutes 2.26, lr 1.00e-03
    epoch 6: loss 1.0794, val_ap 0.4980, minutes 2.74, lr 1.00e-03
    epoch 7: loss 1.0313, val_ap 0.5179, minutes 3.2, lr 1.00e-03
    epoch 8: loss 1.0207, val_ap 0.5245, minutes 3.67, lr 1.00e-03
    epoch 9: loss 1.0295, val_ap 0.5291, minutes 4.14, lr 1.00e-03
    epoch 10: loss 1.0066, val_ap 0.5256, minutes 4.62, lr 1.00e-03
    epoch 11: loss 0.9806, val_ap 0.5342, minutes 5.1, lr 1.00e-03
    epoch 12: loss 0.9844, val_ap 0.5328, minutes 5.57, lr 1.00e-03
    epoch 13: loss 0.9722, val_ap 0.5331, minutes 6.05, lr 1.00e-03
    epoch 14: loss 0.9705, val_ap 0.5305, minutes 6.52, lr 1.00e-03
    epoch 15: loss 0.9597, val_ap 0.5363, minutes 7.0, lr 1.00e-03
    epoch 16: loss 0.9500, val_ap 0.5399, minutes 7.48, lr 1.00e-03
    epoch 17: loss 0.9503, val_ap 0.5389, minutes 7.92, lr 1.00e-03
    epoch 18: loss 0.9330, val_ap 0.5395, minutes 8.38, lr 1.00e-03
    epoch 19: loss 0.9248, val_ap 0.5375, minutes 8.85, lr 1.00e-03
    epoch 20: loss 0.9564, val_ap 0.5419, minutes 9.35, lr 1.00e-03
    epoch 21: loss 0.9335, val_ap 0.5471, minutes 9.81, lr 1.00e-03
    epoch 22: loss 0.9337, val_ap 0.5454, minutes 10.32, lr 1.00e-03
    epoch 23: loss 0.9316, val_ap 0.5467, minutes 10.78, lr 1.00e-03
    epoch 24: loss 0.9058, val_ap 0.5475, minutes 11.27, lr 1.00e-03
    epoch 25: loss 0.9231, val_ap 0.5524, minutes 11.73, lr 1.00e-03
    epoch 26: loss 0.9089, val_ap 0.5535, minutes 12.22, lr 1.00e-03
    epoch 27: loss 0.9038, val_ap 0.5594, minutes 12.67, lr 1.00e-03
    epoch 28: loss 0.8946, val_ap 0.5602, minutes 13.15, lr 1.00e-03
    epoch 29: loss 0.8982, val_ap 0.5606, minutes 13.67, lr 1.00e-03
    epoch 30: loss 0.8867, val_ap 0.5590, minutes 14.09, lr 1.00e-03
    epoch 31: loss 0.9184, val_ap 0.5525, minutes 14.58, lr 1.00e-03
    epoch 32: loss 0.8964, val_ap 0.5597, minutes 15.05, lr 1.00e-03
    epoch 33: loss 0.8799, val_ap 0.5640, minutes 15.53, lr 1.00e-03
    epoch 34: loss 0.8832, val_ap 0.5617, minutes 16.0, lr 1.00e-03
    epoch 35: loss 0.8856, val_ap 0.5653, minutes 16.47, lr 1.00e-03
    epoch 36: loss 0.9126, val_ap 0.5599, minutes 16.95, lr 1.00e-03
    epoch 37: loss 0.8910, val_ap 0.5658, minutes 17.4, lr 1.00e-03
    epoch 38: loss 0.8748, val_ap 0.5701, minutes 17.89, lr 1.00e-03
    epoch 39: loss 0.8969, val_ap 0.5794, minutes 18.39, lr 1.00e-03
    epoch 40: loss 0.8628, val_ap 0.5745, minutes 18.86, lr 1.00e-03
    epoch 41: loss 0.8667, val_ap 0.5715, minutes 19.33, lr 1.00e-03
    epoch 42: loss 0.8511, val_ap 0.5757, minutes 19.77, lr 1.00e-03
    epoch 43: loss 0.8536, val_ap 0.5847, minutes 20.25, lr 1.00e-03
    epoch 44: loss 0.8478, val_ap 0.5818, minutes 20.69, lr 1.00e-03
    epoch 45: loss 0.8664, val_ap 0.5844, minutes 21.21, lr 1.00e-03
    epoch 46: loss 0.8557, val_ap 0.5862, minutes 21.71, lr 1.00e-03
    epoch 47: loss 0.8557, val_ap 0.5820, minutes 22.19, lr 1.00e-03
    epoch 48: loss 0.8323, val_ap 0.5882, minutes 22.67, lr 1.00e-03
    epoch 49: loss 0.8363, val_ap 0.5876, minutes 23.14, lr 1.00e-03
    epoch 50: loss 0.8444, val_ap 0.5849, minutes 23.6, lr 1.00e-03
    epoch 51: loss 0.8287, val_ap 0.5870, minutes 24.07, lr 1.00e-03
    epoch 52: loss 0.8286, val_ap 0.5931, minutes 24.56, lr 1.00e-03
    epoch 53: loss 0.8212, val_ap 0.5919, minutes 25.03, lr 1.00e-03
    epoch 54: loss 0.8361, val_ap 0.5875, minutes 25.5, lr 1.00e-03
    epoch 55: loss 0.8347, val_ap 0.5927, minutes 25.94, lr 1.00e-03
    epoch 56: loss 0.8266, val_ap 0.5807, minutes 26.43, lr 1.00e-03
    epoch 57: loss 0.8256, val_ap 0.5805, minutes 26.9, lr 1.00e-03
    epoch 58: loss 0.8279, val_ap 0.5841, minutes 27.39, lr 1.00e-03
    epoch 59: loss 0.8014, val_ap 0.5847, minutes 27.87, lr 1.00e-03
    epoch 60: loss 0.8276, val_ap 0.5871, minutes 28.34, lr 1.00e-03
    epoch 61: loss 0.8092, val_ap 0.5921, minutes 28.8, lr 5.00e-04
    epoch 62: loss 0.8068, val_ap 0.5932, minutes 29.29, lr 5.00e-04
    epoch 63: loss 0.8000, val_ap 0.5894, minutes 29.78, lr 5.00e-04
    epoch 64: loss 0.7913, val_ap 0.5904, minutes 30.25, lr 5.00e-04
    epoch 65: loss 0.7768, val_ap 0.5904, minutes 30.72, lr 5.00e-04
    epoch 66: loss 0.7860, val_ap 0.5908, minutes 31.19, lr 5.00e-04
    epoch 67: loss 0.7826, val_ap 0.5906, minutes 31.66, lr 5.00e-04
    epoch 68: loss 0.7626, val_ap 0.5973, minutes 32.12, lr 5.00e-04
    epoch 69: loss 0.7768, val_ap 0.5932, minutes 32.6, lr 5.00e-04
    epoch 70: loss 0.7779, val_ap 0.5927, minutes 33.1, lr 5.00e-04
    epoch 71: loss 0.7726, val_ap 0.5960, minutes 33.57, lr 5.00e-04
    epoch 72: loss 0.7738, val_ap 0.5915, minutes 34.04, lr 5.00e-04
    epoch 73: loss 0.7688, val_ap 0.5941, minutes 34.52, lr 5.00e-04
    epoch 74: loss 0.7731, val_ap 0.5919, minutes 35.0, lr 5.00e-04
    epoch 75: loss 0.7561, val_ap 0.5936, minutes 35.47, lr 5.00e-04
    epoch 76: loss 0.7724, val_ap 0.5897, minutes 35.96, lr 5.00e-04
    epoch 77: loss 0.7684, val_ap 0.5907, minutes 36.44, lr 2.50e-04
    epoch 78: loss 0.7518, val_ap 0.5959, minutes 36.9, lr 2.50e-04
    epoch 79: loss 0.7472, val_ap 0.5963, minutes 37.42, lr 2.50e-04
    epoch 80: loss 0.7549, val_ap 0.5983, minutes 37.93, lr 2.50e-04
    epoch 81: loss 0.7400, val_ap 0.5953, minutes 38.42, lr 2.50e-04
    epoch 82: loss 0.7477, val_ap 0.5964, minutes 38.9, lr 2.50e-04
    epoch 83: loss 0.7462, val_ap 0.5974, minutes 39.39, lr 2.50e-04
    epoch 84: loss 0.7471, val_ap 0.5982, minutes 39.86, lr 2.50e-04
    epoch 85: loss 0.7368, val_ap 0.5970, minutes 40.35, lr 2.50e-04
    epoch 86: loss 0.7517, val_ap 0.5995, minutes 40.8, lr 2.50e-04
    epoch 87: loss 0.7432, val_ap 0.5971, minutes 41.32, lr 2.50e-04
    epoch 88: loss 0.7458, val_ap 0.5982, minutes 41.79, lr 2.50e-04
    epoch 89: loss 0.7356, val_ap 0.5935, minutes 42.3, lr 2.50e-04
    epoch 90: loss 0.7473, val_ap 0.5989, minutes 42.86, lr 2.50e-04
    epoch 91: loss 0.7324, val_ap 0.5964, minutes 43.37, lr 2.50e-04
    epoch 92: loss 0.7446, val_ap 0.5974, minutes 43.87, lr 2.50e-04
    epoch 93: loss 0.7460, val_ap 0.5977, minutes 44.43, lr 2.50e-04
    epoch 94: loss 0.7278, val_ap 0.5978, minutes 44.98, lr 2.50e-04
    epoch 95: loss 0.7400, val_ap 0.5992, minutes 45.47, lr 1.25e-04
    epoch 96: loss 0.7236, val_ap 0.5973, minutes 45.95, lr 1.25e-04
    epoch 97: loss 0.7364, val_ap 0.5978, minutes 46.47, lr 1.25e-04
    epoch 98: loss 0.7182, val_ap 0.5997, minutes 47.0, lr 1.25e-04
    epoch 99: loss 0.7313, val_ap 0.5965, minutes 47.51, lr 1.25e-04
    epoch 100: loss 0.7284, val_ap 0.5988, minutes 48.02, lr 1.25e-04
    epoch 101: loss 0.7341, val_ap 0.5980, minutes 48.55, lr 1.25e-04
    epoch 102: loss 0.7194, val_ap 0.5990, minutes 49.06, lr 1.25e-04
    epoch 103: loss 0.7306, val_ap 0.5989, minutes 49.55, lr 1.25e-04
    epoch 104: loss 0.7317, val_ap 0.5988, minutes 50.08, lr 1.25e-04
    epoch 105: loss 0.7221, val_ap 0.5996, minutes 50.6, lr 1.25e-04
    epoch 106: loss 0.7257, val_ap 0.5987, minutes 51.09, lr 1.25e-04
    epoch 107: loss 0.7192, val_ap 0.5991, minutes 51.62, lr 6.25e-05
    epoch 108: loss 0.7089, val_ap 0.5996, minutes 52.14, lr 6.25e-05
    epoch 109: loss 0.7241, val_ap 0.5970, minutes 52.69, lr 6.25e-05
    epoch 110: loss 0.7131, val_ap 0.5990, minutes 53.2, lr 6.25e-05
    epoch 111: loss 0.7166, val_ap 0.5992, minutes 53.72, lr 6.25e-05
    epoch 112: loss 0.7206, val_ap 0.5987, minutes 54.2, lr 6.25e-05
    epoch 113: loss 0.7414, val_ap 0.6003, minutes 54.75, lr 6.25e-05
    epoch 114: loss 0.7301, val_ap 0.5982, minutes 55.25, lr 6.25e-05
    epoch 115: loss 0.7232, val_ap 0.5976, minutes 55.77, lr 6.25e-05
    epoch 116: loss 0.7279, val_ap 0.5984, minutes 56.31, lr 6.25e-05
    epoch 117: loss 0.7081, val_ap 0.5988, minutes 56.8, lr 6.25e-05
    epoch 118: loss 0.7139, val_ap 0.5981, minutes 57.34, lr 6.25e-05
    epoch 119: loss 0.7265, val_ap 0.5991, minutes 57.84, lr 6.25e-05
    epoch 120: loss 0.7220, val_ap 0.5986, minutes 58.34, lr 6.25e-05
    epoch 121: loss 0.7180, val_ap 0.5986, minutes 58.86, lr 6.25e-05
    epoch 122: loss 0.7177, val_ap 0.5989, minutes 59.36, lr 3.13e-05
    epoch 123: loss 0.7115, val_ap 0.5988, minutes 59.88, lr 3.13e-05
    epoch 124: loss 0.7083, val_ap 0.5979, minutes 60.39, lr 3.13e-05
    epoch 125: loss 0.7199, val_ap 0.5985, minutes 60.92, lr 3.13e-05
    epoch 126: loss 0.7101, val_ap 0.5975, minutes 61.43, lr 3.13e-05
    epoch 127: loss 0.7147, val_ap 0.5999, minutes 61.93, lr 3.13e-05
    epoch 128: loss 0.7173, val_ap 0.5984, minutes 62.47, lr 3.13e-05
    epoch 129: loss 0.7041, val_ap 0.5990, minutes 62.97, lr 3.13e-05
    epoch 130: loss 0.7097, val_ap 0.5997, minutes 63.48, lr 3.13e-05
    epoch 131: loss 0.7186, val_ap 0.5985, minutes 64.0, lr 1.56e-05
    epoch 132: loss 0.7194, val_ap 0.5983, minutes 64.5, lr 1.56e-05
    epoch 133: loss 0.7234, val_ap 0.5981, minutes 65.0, lr 1.56e-05
    epoch 134: loss 0.7204, val_ap 0.5989, minutes 65.51, lr 1.56e-05
    epoch 135: loss 0.7118, val_ap 0.5996, minutes 66.02, lr 1.56e-05
    epoch 136: loss 0.7140, val_ap 0.5989, minutes 66.54, lr 1.56e-05
    epoch 137: loss 0.7136, val_ap 0.5976, minutes 67.06, lr 1.56e-05
    epoch 138: loss 0.7197, val_ap 0.5978, minutes 67.63, lr 1.56e-05
    stopping: no validation gain in 25 epochs
[scalar_msg dataset0 fold 1 seed 1] done (68.7 min)
