loaded: dataset0 121,838 sites, data1 90,452
[fk_band pooled_both fold 3 seed 2]
    band weights [0.4, 0.363, 0.237] (bands ((0, 30), (30, 75), (75, 150)))
    epoch 1: loss 1.8894, val_ap 0.1585, minutes 0.79, lr 3.31e-04
    epoch 2: loss 1.5314, val_ap 0.3251, minutes 1.66, lr 6.60e-04
    epoch 3: loss 1.4022, val_ap 0.4128, minutes 2.6, lr 9.89e-04
    epoch 4: loss 1.3046, val_ap 0.4482, minutes 3.47, lr 1.00e-03
    epoch 5: loss 1.2504, val_ap 0.4708, minutes 4.37, lr 1.00e-03
    epoch 6: loss 1.2314, val_ap 0.4739, minutes 5.21, lr 1.00e-03
    epoch 7: loss 1.2320, val_ap 0.4747, minutes 6.04, lr 1.00e-03
    epoch 8: loss 1.2051, val_ap 0.4783, minutes 6.85, lr 1.00e-03
    epoch 9: loss 1.1962, val_ap 0.4819, minutes 7.75, lr 1.00e-03
    epoch 10: loss 1.1948, val_ap 0.4820, minutes 8.59, lr 1.00e-03
    epoch 11: loss 1.1774, val_ap 0.4913, minutes 9.41, lr 1.00e-03
    epoch 12: loss 1.1807, val_ap 0.4863, minutes 10.3, lr 1.00e-03
    epoch 13: loss 1.1695, val_ap 0.4917, minutes 11.17, lr 1.00e-03
    epoch 14: loss 1.1679, val_ap 0.4920, minutes 12.04, lr 1.00e-03
    epoch 15: loss 1.1647, val_ap 0.4961, minutes 12.87, lr 1.00e-03
    epoch 16: loss 1.1591, val_ap 0.4955, minutes 13.74, lr 1.00e-03
    epoch 17: loss 1.1623, val_ap 0.4978, minutes 14.56, lr 1.00e-03
    epoch 18: loss 1.1437, val_ap 0.4993, minutes 15.41, lr 1.00e-03
    epoch 19: loss 1.1550, val_ap 0.5036, minutes 16.29, lr 1.00e-03
    epoch 20: loss 1.1384, val_ap 0.4989, minutes 17.13, lr 1.00e-03
    epoch 21: loss 1.1387, val_ap 0.5010, minutes 17.99, lr 1.00e-03
    epoch 22: loss 1.1403, val_ap 0.5024, minutes 18.84, lr 1.00e-03
    epoch 23: loss 1.1340, val_ap 0.5080, minutes 19.7, lr 1.00e-03
    epoch 24: loss 1.1222, val_ap 0.4977, minutes 20.52, lr 1.00e-03
    epoch 25: loss 1.1325, val_ap 0.5088, minutes 21.33, lr 1.00e-03
    epoch 26: loss 1.1285, val_ap 0.5067, minutes 22.14, lr 1.00e-03
    epoch 27: loss 1.1235, val_ap 0.5104, minutes 22.93, lr 1.00e-03
    epoch 28: loss 1.1110, val_ap 0.5123, minutes 23.72, lr 1.00e-03
    epoch 29: loss 1.1051, val_ap 0.5109, minutes 24.55, lr 1.00e-03
    epoch 30: loss 1.1096, val_ap 0.5049, minutes 25.38, lr 1.00e-03
    epoch 31: loss 1.1047, val_ap 0.5123, minutes 26.21, lr 1.00e-03
    epoch 32: loss 1.0953, val_ap 0.5114, minutes 27.08, lr 1.00e-03
    epoch 33: loss 1.0970, val_ap 0.5141, minutes 27.92, lr 1.00e-03
    epoch 34: loss 1.0949, val_ap 0.5136, minutes 28.78, lr 1.00e-03
    epoch 35: loss 1.0877, val_ap 0.5101, minutes 29.57, lr 1.00e-03
    epoch 36: loss 1.0831, val_ap 0.5136, minutes 30.4, lr 1.00e-03
    epoch 37: loss 1.0894, val_ap 0.5129, minutes 31.17, lr 1.00e-03
    epoch 38: loss 1.0839, val_ap 0.5070, minutes 32.04, lr 1.00e-03
    epoch 39: loss 1.0792, val_ap 0.5022, minutes 32.85, lr 1.00e-03
    epoch 40: loss 1.0714, val_ap 0.5091, minutes 33.64, lr 1.00e-03
    epoch 41: loss 1.0708, val_ap 0.4881, minutes 34.44, lr 1.00e-03
    epoch 42: loss 1.0689, val_ap 0.5019, minutes 35.24, lr 5.00e-04
    epoch 43: loss 1.0480, val_ap 0.5145, minutes 36.06, lr 5.00e-04
    epoch 44: loss 1.0420, val_ap 0.5132, minutes 36.85, lr 5.00e-04
    epoch 45: loss 1.0469, val_ap 0.5054, minutes 37.62, lr 5.00e-04
    epoch 46: loss 1.0314, val_ap 0.5116, minutes 38.46, lr 5.00e-04
    epoch 47: loss 1.0340, val_ap 0.5143, minutes 39.29, lr 5.00e-04
    epoch 48: loss 1.0333, val_ap 0.5197, minutes 40.1, lr 5.00e-04
    epoch 49: loss 1.0289, val_ap 0.5154, minutes 40.95, lr 5.00e-04
    epoch 50: loss 1.0288, val_ap 0.4997, minutes 41.79, lr 5.00e-04
    epoch 51: loss 1.0352, val_ap 0.5070, minutes 42.65, lr 5.00e-04
    epoch 52: loss 1.0199, val_ap 0.5124, minutes 43.46, lr 5.00e-04
    epoch 53: loss 1.0259, val_ap 0.5212, minutes 44.28, lr 5.00e-04
    epoch 54: loss 1.0207, val_ap 0.5082, minutes 45.03, lr 5.00e-04
    epoch 55: loss 1.0165, val_ap 0.5073, minutes 45.79, lr 5.00e-04
    epoch 56: loss 1.0154, val_ap 0.5124, minutes 46.6, lr 5.00e-04
    epoch 57: loss 1.0206, val_ap 0.5031, minutes 47.43, lr 5.00e-04
    epoch 58: loss 1.0163, val_ap 0.4967, minutes 48.32, lr 5.00e-04
    epoch 59: loss 1.0127, val_ap 0.5042, minutes 49.1, lr 5.00e-04
    epoch 60: loss 1.0023, val_ap 0.5051, minutes 49.97, lr 5.00e-04
    epoch 61: loss 1.0084, val_ap 0.5050, minutes 50.83, lr 5.00e-04
    epoch 62: loss 0.9956, val_ap 0.5076, minutes 51.65, lr 2.50e-04
    epoch 63: loss 0.9941, val_ap 0.4961, minutes 52.51, lr 2.50e-04
    epoch 64: loss 0.9903, val_ap 0.4936, minutes 53.44, lr 2.50e-04
    epoch 65: loss 0.9884, val_ap 0.5040, minutes 54.36, lr 2.50e-04
    epoch 66: loss 0.9843, val_ap 0.5081, minutes 55.11, lr 2.50e-04
    epoch 67: loss 0.9891, val_ap 0.4980, minutes 55.94, lr 2.50e-04
    epoch 68: loss 0.9800, val_ap 0.5049, minutes 56.83, lr 2.50e-04
    epoch 69: loss 0.9837, val_ap 0.4957, minutes 57.64, lr 2.50e-04
    epoch 70: loss 0.9743, val_ap 0.4875, minutes 58.49, lr 2.50e-04
    epoch 71: loss 0.9808, val_ap 0.5053, minutes 59.33, lr 1.25e-04
    epoch 72: loss 0.9688, val_ap 0.5061, minutes 60.19, lr 1.25e-04
    epoch 73: loss 0.9690, val_ap 0.5040, minutes 61.01, lr 1.25e-04
    epoch 74: loss 0.9665, val_ap 0.5010, minutes 61.86, lr 1.25e-04
    epoch 75: loss 0.9670, val_ap 0.4973, minutes 62.7, lr 1.25e-04
    epoch 76: loss 0.9693, val_ap 0.5013, minutes 63.54, lr 1.25e-04
    epoch 77: loss 0.9614, val_ap 0.4990, minutes 64.36, lr 1.25e-04
    epoch 78: loss 0.9628, val_ap 0.4981, minutes 65.19, lr 1.25e-04
    stopping: no validation gain in 25 epochs
[fk_band pooled_both fold 3 seed 2] done (65.9 min)
