loaded: dataset0 121,838 sites, data1 90,452
[fk_band_shuffled dataset0 fold 2 seed 1]
    band weights [0.387, 0.361, 0.252] (bands ((0, 30), (30, 75), (75, 150)))
    epoch 1: loss 1.9576, val_ap 0.1654, minutes 0.49, lr 3.33e-04
    epoch 2: loss 1.5828, val_ap 0.2781, minutes 0.96, lr 6.59e-04
    epoch 3: loss 1.3161, val_ap 0.4293, minutes 1.48, lr 9.89e-04
    epoch 4: loss 1.1898, val_ap 0.5203, minutes 1.96, lr 1.00e-03
    epoch 5: loss 1.1350, val_ap 0.5307, minutes 2.45, lr 1.00e-03
    epoch 6: loss 1.0755, val_ap 0.5453, minutes 2.93, lr 1.00e-03
    epoch 7: loss 1.0522, val_ap 0.5537, minutes 3.45, lr 1.00e-03
    epoch 8: loss 1.0775, val_ap 0.5562, minutes 3.98, lr 1.00e-03
    epoch 9: loss 1.0047, val_ap 0.5755, minutes 4.52, lr 1.00e-03
    epoch 10: loss 1.0049, val_ap 0.5800, minutes 5.09, lr 1.00e-03
    epoch 11: loss 0.9727, val_ap 0.5807, minutes 5.7, lr 1.00e-03
    epoch 12: loss 0.9604, val_ap 0.5968, minutes 6.28, lr 1.00e-03
    epoch 13: loss 0.9692, val_ap 0.5815, minutes 6.88, lr 1.00e-03
    epoch 14: loss 0.9474, val_ap 0.5942, minutes 7.48, lr 1.00e-03
    epoch 15: loss 0.9411, val_ap 0.5897, minutes 8.09, lr 1.00e-03
    epoch 16: loss 0.9138, val_ap 0.5989, minutes 8.7, lr 1.00e-03
    epoch 17: loss 0.9181, val_ap 0.5944, minutes 9.31, lr 1.00e-03
    epoch 18: loss 0.9134, val_ap 0.5976, minutes 9.93, lr 1.00e-03
    epoch 19: loss 0.9268, val_ap 0.6028, minutes 10.53, lr 1.00e-03
    epoch 20: loss 0.8949, val_ap 0.5982, minutes 11.12, lr 1.00e-03
    epoch 21: loss 0.9017, val_ap 0.6015, minutes 11.71, lr 1.00e-03
    epoch 22: loss 0.8918, val_ap 0.5973, minutes 12.31, lr 1.00e-03
    epoch 23: loss 0.9074, val_ap 0.6005, minutes 12.92, lr 1.00e-03
    epoch 24: loss 0.8928, val_ap 0.5945, minutes 13.5, lr 1.00e-03
    epoch 25: loss 0.8712, val_ap 0.6069, minutes 14.12, lr 1.00e-03
    epoch 26: loss 0.9332, val_ap 0.5949, minutes 14.73, lr 1.00e-03
    epoch 27: loss 0.9245, val_ap 0.6078, minutes 15.31, lr 1.00e-03
    epoch 28: loss 0.8737, val_ap 0.6038, minutes 15.89, lr 1.00e-03
    epoch 29: loss 0.8790, val_ap 0.6143, minutes 16.44, lr 1.00e-03
    epoch 30: loss 0.8507, val_ap 0.6051, minutes 17.0, lr 1.00e-03
    epoch 31: loss 0.8636, val_ap 0.5978, minutes 17.54, lr 1.00e-03
    epoch 32: loss 0.8701, val_ap 0.6076, minutes 18.14, lr 1.00e-03
    epoch 33: loss 0.8334, val_ap 0.5987, minutes 18.76, lr 1.00e-03
    epoch 34: loss 0.8496, val_ap 0.6105, minutes 19.36, lr 1.00e-03
    epoch 35: loss 0.8363, val_ap 0.6090, minutes 19.95, lr 1.00e-03
    epoch 36: loss 0.8269, val_ap 0.5869, minutes 20.57, lr 1.00e-03
    epoch 37: loss 0.8607, val_ap 0.6138, minutes 21.17, lr 1.00e-03
    epoch 38: loss 0.8330, val_ap 0.6122, minutes 21.78, lr 5.00e-04
    epoch 39: loss 0.8157, val_ap 0.6120, minutes 22.4, lr 5.00e-04
    epoch 40: loss 0.8124, val_ap 0.6115, minutes 22.99, lr 5.00e-04
    epoch 41: loss 0.8027, val_ap 0.6188, minutes 23.59, lr 5.00e-04
    epoch 42: loss 0.7969, val_ap 0.6159, minutes 24.19, lr 5.00e-04
    epoch 43: loss 0.7926, val_ap 0.6187, minutes 24.78, lr 5.00e-04
    epoch 44: loss 0.8109, val_ap 0.6108, minutes 25.43, lr 5.00e-04
    epoch 45: loss 0.8239, val_ap 0.6156, minutes 26.03, lr 5.00e-04
    epoch 46: loss 0.8949, val_ap 0.6137, minutes 26.65, lr 5.00e-04
    epoch 47: loss 0.8132, val_ap 0.6164, minutes 27.28, lr 5.00e-04
    epoch 48: loss 0.8091, val_ap 0.6176, minutes 27.9, lr 5.00e-04
    epoch 49: loss 0.7988, val_ap 0.6182, minutes 28.52, lr 5.00e-04
    epoch 50: loss 0.8006, val_ap 0.6154, minutes 29.12, lr 2.50e-04
    epoch 51: loss 0.7832, val_ap 0.6162, minutes 29.73, lr 2.50e-04
    epoch 52: loss 0.7807, val_ap 0.6199, minutes 30.35, lr 2.50e-04
    epoch 53: loss 0.7925, val_ap 0.6188, minutes 30.95, lr 2.50e-04
    epoch 54: loss 0.7855, val_ap 0.6165, minutes 31.48, lr 2.50e-04
    epoch 55: loss 0.7837, val_ap 0.6162, minutes 32.06, lr 2.50e-04
    epoch 56: loss 0.7616, val_ap 0.6174, minutes 32.63, lr 2.50e-04
    epoch 57: loss 0.7778, val_ap 0.6185, minutes 33.2, lr 2.50e-04
    epoch 58: loss 0.7718, val_ap 0.6168, minutes 33.79, lr 2.50e-04
    epoch 59: loss 0.7757, val_ap 0.6195, minutes 34.33, lr 2.50e-04
    epoch 60: loss 0.7705, val_ap 0.6146, minutes 34.88, lr 2.50e-04
    epoch 61: loss 0.7753, val_ap 0.6222, minutes 35.44, lr 2.50e-04
    epoch 62: loss 0.7652, val_ap 0.6207, minutes 35.97, lr 2.50e-04
    epoch 63: loss 0.7550, val_ap 0.6150, minutes 36.47, lr 2.50e-04
    epoch 64: loss 0.7747, val_ap 0.6170, minutes 36.96, lr 2.50e-04
    epoch 65: loss 0.7613, val_ap 0.6139, minutes 37.47, lr 2.50e-04
    epoch 66: loss 0.7754, val_ap 0.6210, minutes 37.99, lr 2.50e-04
    epoch 67: loss 0.7634, val_ap 0.6179, minutes 38.48, lr 2.50e-04
    epoch 68: loss 0.7591, val_ap 0.6179, minutes 39.0, lr 2.50e-04
    epoch 69: loss 0.7703, val_ap 0.6210, minutes 39.52, lr 2.50e-04
    epoch 70: loss 0.7528, val_ap 0.6245, minutes 40.02, lr 2.50e-04
    epoch 71: loss 0.7617, val_ap 0.6207, minutes 40.52, lr 2.50e-04
    epoch 72: loss 0.7706, val_ap 0.6204, minutes 41.01, lr 2.50e-04
    epoch 73: loss 0.7592, val_ap 0.6226, minutes 41.54, lr 2.50e-04
    epoch 74: loss 0.7548, val_ap 0.6256, minutes 42.04, lr 2.50e-04
    epoch 75: loss 0.7582, val_ap 0.6197, minutes 42.56, lr 2.50e-04
    epoch 76: loss 0.7627, val_ap 0.6258, minutes 43.04, lr 2.50e-04
    epoch 77: loss 0.7564, val_ap 0.6253, minutes 43.56, lr 2.50e-04
    epoch 78: loss 0.7483, val_ap 0.6208, minutes 44.07, lr 2.50e-04
    epoch 79: loss 0.7562, val_ap 0.6202, minutes 44.57, lr 2.50e-04
    epoch 80: loss 0.7533, val_ap 0.6250, minutes 45.04, lr 2.50e-04
    epoch 81: loss 0.7497, val_ap 0.6252, minutes 45.57, lr 2.50e-04
    epoch 82: loss 0.7544, val_ap 0.6221, minutes 46.07, lr 2.50e-04
    epoch 83: loss 0.7535, val_ap 0.6240, minutes 46.55, lr 2.50e-04
    epoch 84: loss 0.7525, val_ap 0.6259, minutes 47.05, lr 2.50e-04
    epoch 85: loss 0.7481, val_ap 0.6254, minutes 47.55, lr 2.50e-04
    epoch 86: loss 0.7483, val_ap 0.6192, minutes 48.04, lr 2.50e-04
    epoch 87: loss 0.7623, val_ap 0.6279, minutes 48.52, lr 2.50e-04
    epoch 88: loss 0.7435, val_ap 0.6269, minutes 48.98, lr 2.50e-04
    epoch 89: loss 0.7436, val_ap 0.6256, minutes 49.46, lr 2.50e-04
    epoch 90: loss 0.7460, val_ap 0.6248, minutes 49.99, lr 2.50e-04
    epoch 91: loss 0.7305, val_ap 0.6293, minutes 50.47, lr 2.50e-04
    epoch 92: loss 0.8061, val_ap 0.6248, minutes 50.95, lr 2.50e-04
    epoch 93: loss 0.8519, val_ap 0.6256, minutes 51.43, lr 2.50e-04
    epoch 94: loss 0.7500, val_ap 0.6288, minutes 51.91, lr 2.50e-04
    epoch 95: loss 0.7394, val_ap 0.6288, minutes 52.38, lr 2.50e-04
    epoch 96: loss 0.7357, val_ap 0.6288, minutes 52.88, lr 2.50e-04
    epoch 97: loss 0.7370, val_ap 0.6249, minutes 53.39, lr 2.50e-04
    epoch 98: loss 0.7434, val_ap 0.6265, minutes 53.9, lr 2.50e-04
    epoch 99: loss 0.7235, val_ap 0.6285, minutes 54.43, lr 2.50e-04
    epoch 100: loss 0.7422, val_ap 0.6291, minutes 54.9, lr 1.25e-04
    epoch 101: loss 0.7372, val_ap 0.6304, minutes 55.4, lr 1.25e-04
    epoch 102: loss 0.7419, val_ap 0.6313, minutes 55.88, lr 1.25e-04
    epoch 103: loss 0.7279, val_ap 0.6315, minutes 56.36, lr 1.25e-04
    epoch 104: loss 0.7216, val_ap 0.6310, minutes 56.85, lr 1.25e-04
    epoch 105: loss 0.7154, val_ap 0.6313, minutes 57.31, lr 1.25e-04
    epoch 106: loss 0.7254, val_ap 0.6315, minutes 57.81, lr 1.25e-04
    epoch 107: loss 0.7292, val_ap 0.6334, minutes 58.3, lr 1.25e-04
    epoch 108: loss 0.7221, val_ap 0.6339, minutes 58.84, lr 1.25e-04
    epoch 109: loss 0.7102, val_ap 0.6322, minutes 59.34, lr 1.25e-04
    epoch 110: loss 0.7267, val_ap 0.6315, minutes 59.82, lr 1.25e-04
    epoch 111: loss 0.7179, val_ap 0.6317, minutes 60.31, lr 1.25e-04
    epoch 112: loss 0.7132, val_ap 0.6297, minutes 60.75, lr 1.25e-04
    epoch 113: loss 0.7343, val_ap 0.6310, minutes 61.24, lr 1.25e-04
    epoch 114: loss 0.7165, val_ap 0.6326, minutes 61.76, lr 1.25e-04
    epoch 115: loss 0.7338, val_ap 0.6312, minutes 62.27, lr 1.25e-04
    epoch 116: loss 0.7324, val_ap 0.6329, minutes 62.77, lr 1.25e-04
    epoch 117: loss 0.7217, val_ap 0.6302, minutes 63.25, lr 6.25e-05
    epoch 118: loss 0.7490, val_ap 0.6305, minutes 63.75, lr 6.25e-05
    epoch 119: loss 0.7258, val_ap 0.6311, minutes 64.21, lr 6.25e-05
    epoch 120: loss 0.7293, val_ap 0.6312, minutes 64.71, lr 6.25e-05
    epoch 121: loss 0.7186, val_ap 0.6322, minutes 65.19, lr 6.25e-05
    epoch 122: loss 0.7056, val_ap 0.6324, minutes 65.71, lr 6.25e-05
    epoch 123: loss 0.7338, val_ap 0.6312, minutes 66.21, lr 6.25e-05
    epoch 124: loss 0.7161, val_ap 0.6288, minutes 66.68, lr 6.25e-05
    epoch 125: loss 0.7207, val_ap 0.6295, minutes 67.16, lr 6.25e-05
    epoch 126: loss 0.7212, val_ap 0.6302, minutes 67.65, lr 3.13e-05
    epoch 127: loss 0.7130, val_ap 0.6304, minutes 68.13, lr 3.13e-05
    epoch 128: loss 0.7210, val_ap 0.6305, minutes 68.64, lr 3.13e-05
    epoch 129: loss 0.7104, val_ap 0.6321, minutes 69.13, lr 3.13e-05
    epoch 130: loss 0.6929, val_ap 0.6322, minutes 69.6, lr 3.13e-05
    epoch 131: loss 0.7126, val_ap 0.6315, minutes 70.09, lr 3.13e-05
    epoch 132: loss 0.7151, val_ap 0.6303, minutes 70.54, lr 3.13e-05
    epoch 133: loss 0.7183, val_ap 0.6312, minutes 71.03, lr 3.13e-05
    stopping: no validation gain in 25 epochs
[fk_band_shuffled dataset0 fold 2 seed 1] done (71.7 min)
