loaded: dataset0 121,838 sites, data1 90,452
[res_nogate dataset0 fold 2 seed 1]
    kernel decay scale 108.1 nt (fitted to cell line 1 training labels)
    epoch 1: loss 1.9434, val_ap 0.1626, minutes 0.49, lr 3.33e-04
    epoch 2: loss 1.5747, val_ap 0.2894, minutes 0.93, lr 6.59e-04
    epoch 3: loss 1.3443, val_ap 0.4165, minutes 1.4, lr 9.89e-04
    epoch 4: loss 1.2175, val_ap 0.5114, minutes 1.87, lr 1.00e-03
    epoch 5: loss 1.1718, val_ap 0.5213, minutes 2.37, lr 1.00e-03
    epoch 6: loss 1.1173, val_ap 0.5388, minutes 2.83, lr 1.00e-03
    epoch 7: loss 1.0837, val_ap 0.5418, minutes 3.3, lr 1.00e-03
    epoch 8: loss 1.1057, val_ap 0.5411, minutes 3.78, lr 1.00e-03
    epoch 9: loss 1.0487, val_ap 0.5569, minutes 4.25, lr 1.00e-03
    epoch 10: loss 1.0308, val_ap 0.5674, minutes 4.68, lr 1.00e-03
    epoch 11: loss 1.0225, val_ap 0.5646, minutes 5.15, lr 1.00e-03
    epoch 12: loss 1.0092, val_ap 0.5753, minutes 5.61, lr 1.00e-03
    epoch 13: loss 1.0047, val_ap 0.5622, minutes 6.08, lr 1.00e-03
    epoch 14: loss 0.9852, val_ap 0.5786, minutes 6.55, lr 1.00e-03
    epoch 15: loss 0.9999, val_ap 0.5756, minutes 6.97, lr 1.00e-03
    epoch 16: loss 0.9684, val_ap 0.5831, minutes 7.44, lr 1.00e-03
    epoch 17: loss 0.9718, val_ap 0.5767, minutes 7.9, lr 1.00e-03
    epoch 18: loss 0.9614, val_ap 0.5843, minutes 8.37, lr 1.00e-03
    epoch 19: loss 0.9568, val_ap 0.5891, minutes 8.83, lr 1.00e-03
    epoch 20: loss 0.9506, val_ap 0.5863, minutes 9.28, lr 1.00e-03
    epoch 21: loss 0.9599, val_ap 0.5824, minutes 9.74, lr 1.00e-03
    epoch 22: loss 0.9340, val_ap 0.5864, minutes 10.19, lr 1.00e-03
    epoch 23: loss 0.9744, val_ap 0.5942, minutes 10.62, lr 1.00e-03
    epoch 24: loss 0.9410, val_ap 0.5834, minutes 11.09, lr 1.00e-03
    epoch 25: loss 0.9306, val_ap 0.5967, minutes 11.53, lr 1.00e-03
    epoch 26: loss 0.9722, val_ap 0.5871, minutes 11.97, lr 1.00e-03
    epoch 27: loss 0.9511, val_ap 0.5981, minutes 12.4, lr 1.00e-03
    epoch 28: loss 0.9238, val_ap 0.5951, minutes 12.82, lr 1.00e-03
    epoch 29: loss 0.9234, val_ap 0.6075, minutes 13.26, lr 1.00e-03
    epoch 30: loss 0.9060, val_ap 0.5980, minutes 13.68, lr 1.00e-03
    epoch 31: loss 0.9187, val_ap 0.6000, minutes 14.13, lr 1.00e-03
    epoch 32: loss 0.9312, val_ap 0.6015, minutes 14.6, lr 1.00e-03
    epoch 33: loss 0.8949, val_ap 0.5973, minutes 15.03, lr 1.00e-03
    epoch 34: loss 0.9266, val_ap 0.6039, minutes 15.42, lr 1.00e-03
    epoch 35: loss 0.8945, val_ap 0.6041, minutes 15.85, lr 1.00e-03
    epoch 36: loss 0.8920, val_ap 0.5907, minutes 16.31, lr 1.00e-03
    epoch 37: loss 0.9002, val_ap 0.6104, minutes 16.73, lr 1.00e-03
    epoch 38: loss 0.8881, val_ap 0.6052, minutes 17.16, lr 1.00e-03
    epoch 39: loss 0.8861, val_ap 0.6043, minutes 17.58, lr 1.00e-03
    epoch 40: loss 0.8902, val_ap 0.6109, minutes 18.02, lr 1.00e-03
    epoch 41: loss 0.8922, val_ap 0.6141, minutes 18.44, lr 1.00e-03
    epoch 42: loss 0.8677, val_ap 0.6145, minutes 18.85, lr 1.00e-03
    epoch 43: loss 0.8619, val_ap 0.6154, minutes 19.28, lr 1.00e-03
    epoch 44: loss 0.8733, val_ap 0.6042, minutes 19.72, lr 1.00e-03
    epoch 45: loss 0.8741, val_ap 0.6166, minutes 20.2, lr 1.00e-03
    epoch 46: loss 0.8777, val_ap 0.6138, minutes 20.67, lr 1.00e-03
    epoch 47: loss 0.8930, val_ap 0.6156, minutes 21.13, lr 1.00e-03
    epoch 48: loss 0.8660, val_ap 0.6192, minutes 21.55, lr 1.00e-03
    epoch 49: loss 0.8710, val_ap 0.6122, minutes 22.02, lr 1.00e-03
    epoch 50: loss 0.8583, val_ap 0.6168, minutes 22.47, lr 1.00e-03
    epoch 51: loss 0.8525, val_ap 0.6121, minutes 22.91, lr 1.00e-03
    epoch 52: loss 0.8619, val_ap 0.6206, minutes 23.34, lr 1.00e-03
    epoch 53: loss 0.8552, val_ap 0.6189, minutes 23.78, lr 1.00e-03
    epoch 54: loss 0.8574, val_ap 0.6200, minutes 24.27, lr 1.00e-03
    epoch 55: loss 0.8424, val_ap 0.6233, minutes 24.74, lr 1.00e-03
    epoch 56: loss 0.8216, val_ap 0.6236, minutes 25.21, lr 1.00e-03
    epoch 57: loss 0.8449, val_ap 0.6195, minutes 25.64, lr 1.00e-03
    epoch 58: loss 0.8274, val_ap 0.6226, minutes 26.09, lr 1.00e-03
    epoch 59: loss 0.8223, val_ap 0.6202, minutes 26.58, lr 1.00e-03
    epoch 60: loss 0.8165, val_ap 0.6196, minutes 27.04, lr 1.00e-03
    epoch 61: loss 0.8278, val_ap 0.6249, minutes 27.5, lr 1.00e-03
    epoch 62: loss 0.8197, val_ap 0.6209, minutes 27.95, lr 1.00e-03
    epoch 63: loss 0.8138, val_ap 0.6211, minutes 28.36, lr 1.00e-03
    epoch 64: loss 0.8216, val_ap 0.6250, minutes 28.79, lr 1.00e-03
    epoch 65: loss 0.8359, val_ap 0.6132, minutes 29.21, lr 1.00e-03
    epoch 66: loss 0.8288, val_ap 0.6266, minutes 29.65, lr 1.00e-03
    epoch 67: loss 0.8084, val_ap 0.6263, minutes 30.09, lr 1.00e-03
    epoch 68: loss 0.8387, val_ap 0.6214, minutes 30.52, lr 1.00e-03
    epoch 69: loss 0.8403, val_ap 0.6293, minutes 30.94, lr 1.00e-03
    epoch 70: loss 0.8204, val_ap 0.6344, minutes 31.36, lr 1.00e-03
    epoch 71: loss 0.8137, val_ap 0.6259, minutes 31.79, lr 1.00e-03
    epoch 72: loss 0.8030, val_ap 0.6064, minutes 32.28, lr 1.00e-03
    epoch 73: loss 0.8149, val_ap 0.6286, minutes 32.71, lr 1.00e-03
    epoch 74: loss 0.8004, val_ap 0.6404, minutes 33.16, lr 1.00e-03
    epoch 75: loss 0.8184, val_ap 0.6270, minutes 33.61, lr 1.00e-03
    epoch 76: loss 0.7961, val_ap 0.6339, minutes 34.05, lr 1.00e-03
    epoch 77: loss 0.7840, val_ap 0.6317, minutes 34.51, lr 1.00e-03
    epoch 78: loss 0.7846, val_ap 0.6239, minutes 34.96, lr 1.00e-03
    epoch 79: loss 0.8054, val_ap 0.6278, minutes 35.42, lr 1.00e-03
    epoch 80: loss 0.7766, val_ap 0.6268, minutes 35.87, lr 1.00e-03
    epoch 81: loss 0.7757, val_ap 0.6217, minutes 36.35, lr 1.00e-03
    epoch 82: loss 0.7810, val_ap 0.6142, minutes 36.81, lr 1.00e-03
    epoch 83: loss 0.7873, val_ap 0.6267, minutes 37.26, lr 5.00e-04
    epoch 84: loss 0.7625, val_ap 0.6313, minutes 37.7, lr 5.00e-04
    epoch 85: loss 0.7543, val_ap 0.6337, minutes 38.14, lr 5.00e-04
    epoch 86: loss 0.7644, val_ap 0.6336, minutes 38.58, lr 5.00e-04
    epoch 87: loss 0.7699, val_ap 0.6384, minutes 39.03, lr 5.00e-04
    epoch 88: loss 0.7547, val_ap 0.6374, minutes 39.46, lr 5.00e-04
    epoch 89: loss 0.7480, val_ap 0.6387, minutes 39.9, lr 5.00e-04
    epoch 90: loss 0.7572, val_ap 0.6290, minutes 40.34, lr 5.00e-04
    epoch 91: loss 0.7306, val_ap 0.6398, minutes 40.78, lr 5.00e-04
    epoch 92: loss 0.8123, val_ap 0.6298, minutes 41.22, lr 2.50e-04
    epoch 93: loss 0.8088, val_ap 0.6414, minutes 41.67, lr 2.50e-04
    epoch 94: loss 0.7403, val_ap 0.6461, minutes 42.1, lr 2.50e-04
    epoch 95: loss 0.7291, val_ap 0.6456, minutes 42.53, lr 2.50e-04
    epoch 96: loss 0.7253, val_ap 0.6445, minutes 42.97, lr 2.50e-04
    epoch 97: loss 0.7320, val_ap 0.6385, minutes 43.39, lr 2.50e-04
    epoch 98: loss 0.7356, val_ap 0.6395, minutes 43.82, lr 2.50e-04
    epoch 99: loss 0.7208, val_ap 0.6398, minutes 44.25, lr 2.50e-04
    epoch 100: loss 0.7306, val_ap 0.6391, minutes 44.68, lr 2.50e-04
    epoch 101: loss 0.7422, val_ap 0.6418, minutes 45.16, lr 2.50e-04
    epoch 102: loss 0.7403, val_ap 0.6382, minutes 45.63, lr 2.50e-04
    epoch 103: loss 0.7299, val_ap 0.6400, minutes 46.11, lr 1.25e-04
    epoch 104: loss 0.7190, val_ap 0.6392, minutes 46.56, lr 1.25e-04
    epoch 105: loss 0.7037, val_ap 0.6401, minutes 47.03, lr 1.25e-04
    epoch 106: loss 0.7181, val_ap 0.6394, minutes 47.47, lr 1.25e-04
    epoch 107: loss 0.7227, val_ap 0.6390, minutes 47.89, lr 1.25e-04
    epoch 108: loss 0.7181, val_ap 0.6429, minutes 48.37, lr 1.25e-04
    epoch 109: loss 0.7000, val_ap 0.6422, minutes 48.8, lr 1.25e-04
    epoch 110: loss 0.7154, val_ap 0.6394, minutes 49.25, lr 1.25e-04
    epoch 111: loss 0.7118, val_ap 0.6384, minutes 49.68, lr 1.25e-04
    epoch 112: loss 0.7095, val_ap 0.6410, minutes 50.17, lr 6.25e-05
    epoch 113: loss 0.7177, val_ap 0.6406, minutes 50.61, lr 6.25e-05
    epoch 114: loss 0.6996, val_ap 0.6411, minutes 51.05, lr 6.25e-05
    epoch 115: loss 0.7250, val_ap 0.6397, minutes 51.47, lr 6.25e-05
    epoch 116: loss 0.7118, val_ap 0.6425, minutes 51.92, lr 6.25e-05
    epoch 117: loss 0.7193, val_ap 0.6422, minutes 52.37, lr 6.25e-05
    epoch 118: loss 0.7389, val_ap 0.6406, minutes 52.82, lr 6.25e-05
    epoch 119: loss 0.7101, val_ap 0.6393, minutes 53.25, lr 6.25e-05
    stopping: no validation gain in 25 epochs
[res_nogate dataset0 fold 2 seed 1] done (53.9 min)
