loaded: dataset0 121,838 sites, data1 90,452
[res_nogate dataset0 fold 0]
    kernel decay scale 118.2 nt (fitted to cell line 1 training labels)
    epoch 1: loss 1.9546, val_ap 0.1912, minutes 0.51, lr 3.33e-04
    epoch 2: loss 1.5785, val_ap 0.2832, minutes 1.01, lr 6.59e-04
    epoch 3: loss 1.3746, val_ap 0.4017, minutes 1.53, lr 9.88e-04
    epoch 4: loss 1.2302, val_ap 0.4582, minutes 2.02, lr 1.00e-03
    epoch 5: loss 1.1129, val_ap 0.4803, minutes 2.57, lr 1.00e-03
    epoch 6: loss 1.0786, val_ap 0.4864, minutes 3.06, lr 1.00e-03
    epoch 7: loss 1.0746, val_ap 0.4916, minutes 3.58, lr 1.00e-03
    epoch 8: loss 1.0498, val_ap 0.4997, minutes 4.11, lr 1.00e-03
    epoch 9: loss 1.0317, val_ap 0.5005, minutes 4.6, lr 1.00e-03
    epoch 10: loss 1.0226, val_ap 0.5000, minutes 5.17, lr 1.00e-03
    epoch 11: loss 1.0038, val_ap 0.5122, minutes 5.72, lr 1.00e-03
    epoch 12: loss 0.9874, val_ap 0.5123, minutes 6.21, lr 1.00e-03
    epoch 13: loss 0.9912, val_ap 0.5281, minutes 6.71, lr 1.00e-03
    epoch 14: loss 0.9999, val_ap 0.5187, minutes 7.2, lr 1.00e-03
    epoch 15: loss 0.9753, val_ap 0.5288, minutes 7.71, lr 1.00e-03
    epoch 16: loss 0.9600, val_ap 0.5294, minutes 8.19, lr 1.00e-03
    epoch 17: loss 0.9815, val_ap 0.5388, minutes 8.71, lr 1.00e-03
    epoch 18: loss 0.9637, val_ap 0.5277, minutes 9.2, lr 1.00e-03
    epoch 19: loss 0.9540, val_ap 0.5337, minutes 9.74, lr 1.00e-03
    epoch 20: loss 0.9306, val_ap 0.5431, minutes 10.25, lr 1.00e-03
    epoch 21: loss 0.9309, val_ap 0.5414, minutes 10.76, lr 1.00e-03
    epoch 22: loss 0.9303, val_ap 0.5365, minutes 11.29, lr 1.00e-03
    epoch 23: loss 0.9375, val_ap 0.5425, minutes 11.79, lr 1.00e-03
    epoch 24: loss 0.9431, val_ap 0.5513, minutes 12.34, lr 1.00e-03
    epoch 25: loss 0.9516, val_ap 0.5486, minutes 12.85, lr 1.00e-03
    epoch 26: loss 0.9121, val_ap 0.5552, minutes 13.37, lr 1.00e-03
    epoch 27: loss 0.8840, val_ap 0.5587, minutes 13.91, lr 1.00e-03
    epoch 28: loss 0.9161, val_ap 0.5574, minutes 14.45, lr 1.00e-03
    epoch 29: loss 0.9273, val_ap 0.5414, minutes 15.0, lr 1.00e-03
    epoch 30: loss 0.9078, val_ap 0.5525, minutes 15.54, lr 1.00e-03
    epoch 31: loss 0.9090, val_ap 0.5609, minutes 16.08, lr 1.00e-03
    epoch 32: loss 0.8938, val_ap 0.5631, minutes 16.61, lr 1.00e-03
    epoch 33: loss 0.8924, val_ap 0.5664, minutes 17.12, lr 1.00e-03
    epoch 34: loss 0.9231, val_ap 0.5648, minutes 17.64, lr 1.00e-03
    epoch 35: loss 0.8812, val_ap 0.5678, minutes 18.13, lr 1.00e-03
    epoch 36: loss 0.9077, val_ap 0.5657, minutes 18.64, lr 1.00e-03
    epoch 37: loss 0.9161, val_ap 0.5809, minutes 19.14, lr 1.00e-03
    epoch 38: loss 0.8798, val_ap 0.5783, minutes 19.67, lr 1.00e-03
    epoch 39: loss 0.8705, val_ap 0.5746, minutes 20.28, lr 1.00e-03
    epoch 40: loss 0.8728, val_ap 0.5683, minutes 20.76, lr 1.00e-03
    epoch 41: loss 0.8545, val_ap 0.5735, minutes 21.3, lr 1.00e-03
    epoch 42: loss 0.8548, val_ap 0.5677, minutes 21.8, lr 1.00e-03
    epoch 43: loss 0.8800, val_ap 0.5832, minutes 22.28, lr 1.00e-03
    epoch 44: loss 0.8484, val_ap 0.5841, minutes 22.83, lr 1.00e-03
    epoch 45: loss 0.8548, val_ap 0.5915, minutes 23.31, lr 1.00e-03
    epoch 46: loss 0.8506, val_ap 0.5831, minutes 23.84, lr 1.00e-03
    epoch 47: loss 0.8468, val_ap 0.5719, minutes 24.38, lr 1.00e-03
    epoch 48: loss 0.8560, val_ap 0.5840, minutes 24.88, lr 1.00e-03
    epoch 49: loss 0.8455, val_ap 0.5867, minutes 25.42, lr 1.00e-03
    epoch 50: loss 0.8338, val_ap 0.5914, minutes 25.93, lr 1.00e-03
    epoch 51: loss 0.8404, val_ap 0.5817, minutes 26.45, lr 1.00e-03
    epoch 52: loss 0.8267, val_ap 0.5920, minutes 26.98, lr 1.00e-03
    epoch 53: loss 0.8188, val_ap 0.5838, minutes 27.47, lr 1.00e-03
    epoch 54: loss 0.8360, val_ap 0.5966, minutes 27.98, lr 1.00e-03
    epoch 55: loss 0.8403, val_ap 0.5950, minutes 28.44, lr 1.00e-03
    epoch 56: loss 0.8284, val_ap 0.5958, minutes 28.93, lr 1.00e-03
    epoch 57: loss 0.8197, val_ap 0.5990, minutes 29.42, lr 1.00e-03
    epoch 58: loss 0.8279, val_ap 0.6025, minutes 29.92, lr 1.00e-03
    epoch 59: loss 0.8244, val_ap 0.5975, minutes 30.43, lr 1.00e-03
    epoch 60: loss 0.8229, val_ap 0.5914, minutes 30.92, lr 1.00e-03
    epoch 61: loss 0.8059, val_ap 0.5937, minutes 31.42, lr 1.00e-03
    epoch 62: loss 0.8215, val_ap 0.5941, minutes 31.92, lr 1.00e-03
    epoch 63: loss 0.8111, val_ap 0.5964, minutes 32.42, lr 1.00e-03
    epoch 64: loss 0.8052, val_ap 0.6019, minutes 32.91, lr 1.00e-03
    epoch 65: loss 0.8033, val_ap 0.6011, minutes 33.39, lr 1.00e-03
    epoch 66: loss 0.8102, val_ap 0.6049, minutes 33.9, lr 1.00e-03
    epoch 67: loss 0.7999, val_ap 0.5983, minutes 34.41, lr 1.00e-03
    epoch 68: loss 0.8141, val_ap 0.6030, minutes 34.91, lr 1.00e-03
    epoch 69: loss 0.7862, val_ap 0.6144, minutes 35.38, lr 1.00e-03
    epoch 70: loss 0.8093, val_ap 0.6112, minutes 35.96, lr 1.00e-03
    epoch 71: loss 0.7979, val_ap 0.6048, minutes 36.44, lr 1.00e-03
    epoch 72: loss 0.7879, val_ap 0.6148, minutes 36.95, lr 1.00e-03
    epoch 73: loss 0.7941, val_ap 0.6018, minutes 37.44, lr 1.00e-03
    epoch 74: loss 0.7971, val_ap 0.6085, minutes 37.88, lr 1.00e-03
    epoch 75: loss 0.7787, val_ap 0.6244, minutes 38.36, lr 1.00e-03
    epoch 76: loss 0.7783, val_ap 0.6054, minutes 38.86, lr 1.00e-03
    epoch 77: loss 0.8014, val_ap 0.6189, minutes 39.33, lr 1.00e-03
    epoch 78: loss 0.7916, val_ap 0.6093, minutes 39.83, lr 1.00e-03
    epoch 79: loss 0.8059, val_ap 0.6108, minutes 40.32, lr 1.00e-03
    epoch 80: loss 0.7613, val_ap 0.6186, minutes 40.79, lr 1.00e-03
    epoch 81: loss 0.7667, val_ap 0.5945, minutes 41.27, lr 1.00e-03
    epoch 82: loss 0.7915, val_ap 0.6051, minutes 41.77, lr 1.00e-03
    epoch 83: loss 0.7793, val_ap 0.6175, minutes 42.26, lr 1.00e-03
    epoch 84: loss 0.7861, val_ap 0.6041, minutes 42.72, lr 5.00e-04
    epoch 85: loss 0.7377, val_ap 0.6156, minutes 43.21, lr 5.00e-04
    epoch 86: loss 0.7394, val_ap 0.6182, minutes 43.71, lr 5.00e-04
    epoch 87: loss 0.7495, val_ap 0.6153, minutes 44.16, lr 5.00e-04
    epoch 88: loss 0.7446, val_ap 0.6118, minutes 44.63, lr 5.00e-04
    epoch 89: loss 0.7485, val_ap 0.6270, minutes 45.11, lr 5.00e-04
    epoch 90: loss 0.7253, val_ap 0.6126, minutes 45.6, lr 5.00e-04
    epoch 91: loss 0.7386, val_ap 0.6193, minutes 46.05, lr 5.00e-04
    epoch 92: loss 0.7339, val_ap 0.6127, minutes 46.53, lr 5.00e-04
    epoch 93: loss 0.7338, val_ap 0.6177, minutes 47.01, lr 5.00e-04
    epoch 94: loss 0.7263, val_ap 0.6201, minutes 47.47, lr 5.00e-04
    epoch 95: loss 0.7300, val_ap 0.6202, minutes 47.97, lr 5.00e-04
    epoch 96: loss 0.7388, val_ap 0.6172, minutes 48.45, lr 5.00e-04
    epoch 97: loss 0.7376, val_ap 0.6213, minutes 48.93, lr 5.00e-04
    epoch 98: loss 0.7245, val_ap 0.6160, minutes 49.4, lr 2.50e-04
    epoch 99: loss 0.7252, val_ap 0.6239, minutes 49.88, lr 2.50e-04
    epoch 100: loss 0.7029, val_ap 0.6256, minutes 50.36, lr 2.50e-04
    epoch 101: loss 0.7224, val_ap 0.6270, minutes 50.82, lr 2.50e-04
    epoch 102: loss 0.7097, val_ap 0.6295, minutes 51.3, lr 2.50e-04
    epoch 103: loss 0.6993, val_ap 0.6261, minutes 51.73, lr 2.50e-04
    epoch 104: loss 0.7126, val_ap 0.6241, minutes 52.21, lr 2.50e-04
    epoch 105: loss 0.7014, val_ap 0.6257, minutes 52.64, lr 2.50e-04
    epoch 106: loss 0.7131, val_ap 0.6248, minutes 53.13, lr 2.50e-04
    epoch 107: loss 0.6900, val_ap 0.6287, minutes 53.59, lr 2.50e-04
    epoch 108: loss 0.7111, val_ap 0.6245, minutes 54.05, lr 2.50e-04
    epoch 109: loss 0.6981, val_ap 0.6229, minutes 54.52, lr 2.50e-04
    epoch 110: loss 0.7097, val_ap 0.6303, minutes 55.03, lr 2.50e-04
    epoch 111: loss 0.7163, val_ap 0.6239, minutes 55.5, lr 2.50e-04
    epoch 112: loss 0.7118, val_ap 0.6217, minutes 56.0, lr 2.50e-04
    epoch 113: loss 0.6909, val_ap 0.6229, minutes 56.45, lr 2.50e-04
    epoch 114: loss 0.7056, val_ap 0.6291, minutes 56.93, lr 2.50e-04
    epoch 115: loss 0.6976, val_ap 0.6253, minutes 57.39, lr 2.50e-04
    epoch 116: loss 0.6924, val_ap 0.6294, minutes 57.84, lr 2.50e-04
    epoch 117: loss 0.6978, val_ap 0.6283, minutes 58.33, lr 2.50e-04
    epoch 118: loss 0.7057, val_ap 0.6223, minutes 58.78, lr 2.50e-04
    epoch 119: loss 0.6825, val_ap 0.6287, minutes 59.24, lr 1.25e-04
    epoch 120: loss 0.6877, val_ap 0.6313, minutes 59.77, lr 1.25e-04
    epoch 121: loss 0.6827, val_ap 0.6300, minutes 60.29, lr 1.25e-04
    epoch 122: loss 0.6781, val_ap 0.6316, minutes 60.83, lr 1.25e-04
    epoch 123: loss 0.6925, val_ap 0.6280, minutes 61.34, lr 1.25e-04
    epoch 124: loss 0.6912, val_ap 0.6266, minutes 61.83, lr 1.25e-04
    epoch 125: loss 0.6903, val_ap 0.6267, minutes 62.3, lr 1.25e-04
    epoch 126: loss 0.6903, val_ap 0.6267, minutes 62.77, lr 1.25e-04
    epoch 127: loss 0.6915, val_ap 0.6299, minutes 63.25, lr 1.25e-04
    epoch 128: loss 0.6888, val_ap 0.6259, minutes 63.73, lr 1.25e-04
    epoch 129: loss 0.6799, val_ap 0.6242, minutes 64.19, lr 1.25e-04
    epoch 130: loss 0.6821, val_ap 0.6300, minutes 64.68, lr 1.25e-04
    epoch 131: loss 0.6942, val_ap 0.6288, minutes 65.14, lr 6.25e-05
    epoch 132: loss 0.6862, val_ap 0.6297, minutes 65.59, lr 6.25e-05
    epoch 133: loss 0.6839, val_ap 0.6279, minutes 66.07, lr 6.25e-05
    epoch 134: loss 0.6729, val_ap 0.6298, minutes 66.54, lr 6.25e-05
    epoch 135: loss 0.6764, val_ap 0.6310, minutes 67.02, lr 6.25e-05
    epoch 136: loss 0.6937, val_ap 0.6281, minutes 67.5, lr 6.25e-05
    epoch 137: loss 0.6753, val_ap 0.6283, minutes 67.98, lr 6.25e-05
    epoch 138: loss 0.6855, val_ap 0.6275, minutes 68.47, lr 6.25e-05
    epoch 139: loss 0.6655, val_ap 0.6298, minutes 68.96, lr 6.25e-05
    epoch 140: loss 0.6685, val_ap 0.6294, minutes 69.49, lr 3.13e-05
    epoch 141: loss 0.6704, val_ap 0.6292, minutes 69.94, lr 3.13e-05
    epoch 142: loss 0.6721, val_ap 0.6289, minutes 70.5, lr 3.13e-05
    epoch 143: loss 0.6823, val_ap 0.6284, minutes 70.97, lr 3.13e-05
    epoch 144: loss 0.6833, val_ap 0.6264, minutes 71.45, lr 3.13e-05
    epoch 145: loss 0.6858, val_ap 0.6271, minutes 71.99, lr 3.13e-05
    epoch 146: loss 0.6678, val_ap 0.6269, minutes 72.46, lr 3.13e-05
    epoch 147: loss 0.6788, val_ap 0.6292, minutes 72.97, lr 3.13e-05
    stopping: no validation gain in 25 epochs
[res_nogate dataset0 fold 0] done (73.7 min)
