loaded: dataset0 121,838 sites, data1 90,452
[res_gate dataset0 fold 2 seed 2]
    kernel decay scale 108.1 nt (fitted to cell line 1 training labels)
    epoch 1: loss 1.9504, val_ap 0.1936, minutes 0.52, lr 3.33e-04
    epoch 2: loss 1.5460, val_ap 0.2943, minutes 1.0, lr 6.63e-04
    epoch 3: loss 1.3548, val_ap 0.4089, minutes 1.55, lr 9.89e-04
    epoch 4: loss 1.2435, val_ap 0.4961, minutes 2.08, lr 1.00e-03
    epoch 5: loss 1.1543, val_ap 0.5093, minutes 2.6, lr 1.00e-03
    epoch 6: loss 1.1267, val_ap 0.5236, minutes 3.1, lr 1.00e-03
    epoch 7: loss 1.1142, val_ap 0.5259, minutes 3.6, lr 1.00e-03
    epoch 8: loss 1.0615, val_ap 0.5480, minutes 4.09, lr 1.00e-03
    epoch 9: loss 1.0671, val_ap 0.5623, minutes 4.62, lr 1.00e-03
    epoch 10: loss 1.0299, val_ap 0.5623, minutes 5.12, lr 1.00e-03
    epoch 11: loss 0.9957, val_ap 0.5711, minutes 5.63, lr 1.00e-03
    epoch 12: loss 1.0138, val_ap 0.5743, minutes 6.14, lr 1.00e-03
    epoch 13: loss 0.9827, val_ap 0.5822, minutes 6.61, lr 1.00e-03
    epoch 14: loss 0.9640, val_ap 0.5786, minutes 7.12, lr 1.00e-03
    epoch 15: loss 0.9715, val_ap 0.5862, minutes 7.6, lr 1.00e-03
    epoch 16: loss 0.9533, val_ap 0.5897, minutes 8.09, lr 1.00e-03
    epoch 17: loss 0.9468, val_ap 0.5900, minutes 8.59, lr 1.00e-03
    epoch 18: loss 0.9615, val_ap 0.5908, minutes 9.07, lr 1.00e-03
    epoch 19: loss 0.9505, val_ap 0.5985, minutes 9.6, lr 1.00e-03
    epoch 20: loss 0.9592, val_ap 0.6020, minutes 10.1, lr 1.00e-03
    epoch 21: loss 0.9472, val_ap 0.6010, minutes 10.59, lr 1.00e-03
    epoch 22: loss 0.9439, val_ap 0.6053, minutes 11.11, lr 1.00e-03
    epoch 23: loss 0.9369, val_ap 0.5964, minutes 11.61, lr 1.00e-03
    epoch 24: loss 0.9151, val_ap 0.6034, minutes 12.1, lr 1.00e-03
    epoch 25: loss 0.9048, val_ap 0.6080, minutes 12.56, lr 1.00e-03
    epoch 26: loss 0.9058, val_ap 0.6105, minutes 13.1, lr 1.00e-03
    epoch 27: loss 0.8995, val_ap 0.6096, minutes 13.62, lr 1.00e-03
    epoch 28: loss 0.8988, val_ap 0.6069, minutes 14.1, lr 1.00e-03
    epoch 29: loss 0.9090, val_ap 0.6082, minutes 14.6, lr 1.00e-03
    epoch 30: loss 0.8959, val_ap 0.6121, minutes 15.04, lr 1.00e-03
    epoch 31: loss 0.9131, val_ap 0.6021, minutes 15.54, lr 1.00e-03
    epoch 32: loss 0.9297, val_ap 0.6083, minutes 16.04, lr 1.00e-03
    epoch 33: loss 0.9145, val_ap 0.6111, minutes 16.53, lr 1.00e-03
    epoch 34: loss 0.8809, val_ap 0.6143, minutes 17.02, lr 1.00e-03
    epoch 35: loss 0.8953, val_ap 0.6105, minutes 17.5, lr 1.00e-03
    epoch 36: loss 0.8962, val_ap 0.5909, minutes 17.98, lr 1.00e-03
    epoch 37: loss 0.8986, val_ap 0.6055, minutes 18.46, lr 1.00e-03
    epoch 38: loss 0.8869, val_ap 0.6192, minutes 18.92, lr 1.00e-03
    epoch 39: loss 0.8779, val_ap 0.6192, minutes 19.4, lr 1.00e-03
    epoch 40: loss 0.8881, val_ap 0.6142, minutes 19.92, lr 1.00e-03
    epoch 41: loss 0.8744, val_ap 0.6185, minutes 20.41, lr 1.00e-03
    epoch 42: loss 0.8786, val_ap 0.6088, minutes 20.94, lr 1.00e-03
    epoch 43: loss 0.8670, val_ap 0.6116, minutes 21.46, lr 1.00e-03
    epoch 44: loss 0.8586, val_ap 0.6219, minutes 21.94, lr 1.00e-03
    epoch 45: loss 0.8599, val_ap 0.6073, minutes 22.46, lr 1.00e-03
    epoch 46: loss 0.8585, val_ap 0.6220, minutes 22.92, lr 1.00e-03
    epoch 47: loss 0.8694, val_ap 0.6220, minutes 23.48, lr 1.00e-03
    epoch 48: loss 0.8474, val_ap 0.6176, minutes 23.95, lr 1.00e-03
    epoch 49: loss 0.8419, val_ap 0.6084, minutes 24.44, lr 1.00e-03
    epoch 50: loss 0.8542, val_ap 0.6090, minutes 24.96, lr 1.00e-03
    epoch 51: loss 0.8285, val_ap 0.6185, minutes 25.47, lr 1.00e-03
    epoch 52: loss 0.8430, val_ap 0.6257, minutes 25.95, lr 1.00e-03
    epoch 53: loss 0.8327, val_ap 0.6290, minutes 26.46, lr 1.00e-03
    epoch 54: loss 0.8408, val_ap 0.6276, minutes 26.99, lr 1.00e-03
    epoch 55: loss 0.8262, val_ap 0.6309, minutes 27.46, lr 1.00e-03
    epoch 56: loss 0.8292, val_ap 0.6274, minutes 27.96, lr 1.00e-03
    epoch 57: loss 0.8268, val_ap 0.6126, minutes 28.46, lr 1.00e-03
    epoch 58: loss 0.8246, val_ap 0.6244, minutes 28.94, lr 1.00e-03
    epoch 59: loss 0.8250, val_ap 0.6348, minutes 29.44, lr 1.00e-03
    epoch 60: loss 0.8324, val_ap 0.6308, minutes 29.92, lr 1.00e-03
    epoch 61: loss 0.8225, val_ap 0.6291, minutes 30.46, lr 1.00e-03
    epoch 62: loss 0.8114, val_ap 0.6358, minutes 30.95, lr 1.00e-03
    epoch 63: loss 0.8094, val_ap 0.6336, minutes 31.39, lr 1.00e-03
    epoch 64: loss 0.8061, val_ap 0.6295, minutes 31.88, lr 1.00e-03
    epoch 65: loss 0.8095, val_ap 0.6206, minutes 32.33, lr 1.00e-03
    epoch 66: loss 0.7885, val_ap 0.6186, minutes 32.83, lr 1.00e-03
    epoch 67: loss 0.8131, val_ap 0.6352, minutes 33.29, lr 1.00e-03
    epoch 68: loss 0.8024, val_ap 0.6313, minutes 33.78, lr 1.00e-03
    epoch 69: loss 0.7876, val_ap 0.6306, minutes 34.27, lr 1.00e-03
    epoch 70: loss 0.7892, val_ap 0.6266, minutes 34.74, lr 1.00e-03
    epoch 71: loss 0.8467, val_ap 0.6364, minutes 35.27, lr 1.00e-03
    epoch 72: loss 0.7955, val_ap 0.6327, minutes 35.75, lr 1.00e-03
    epoch 73: loss 0.7840, val_ap 0.6334, minutes 36.26, lr 1.00e-03
    epoch 74: loss 0.7806, val_ap 0.6425, minutes 36.82, lr 1.00e-03
    epoch 75: loss 0.7922, val_ap 0.6413, minutes 37.27, lr 1.00e-03
    epoch 76: loss 0.7840, val_ap 0.6226, minutes 37.81, lr 1.00e-03
    epoch 77: loss 0.7800, val_ap 0.6402, minutes 38.3, lr 1.00e-03
    epoch 78: loss 0.7826, val_ap 0.6299, minutes 38.81, lr 1.00e-03
    epoch 79: loss 0.7466, val_ap 0.6409, minutes 39.33, lr 1.00e-03
    epoch 80: loss 0.7857, val_ap 0.6231, minutes 39.82, lr 1.00e-03
    epoch 81: loss 0.7869, val_ap 0.6298, minutes 40.35, lr 1.00e-03
    epoch 82: loss 0.7862, val_ap 0.6400, minutes 40.84, lr 1.00e-03
    epoch 83: loss 0.7617, val_ap 0.6341, minutes 41.29, lr 5.00e-04
    epoch 84: loss 0.7444, val_ap 0.6476, minutes 41.81, lr 5.00e-04
    epoch 85: loss 0.7436, val_ap 0.6428, minutes 42.25, lr 5.00e-04
    epoch 86: loss 0.7424, val_ap 0.6424, minutes 42.77, lr 5.00e-04
    epoch 87: loss 0.7458, val_ap 0.6463, minutes 43.25, lr 5.00e-04
    epoch 88: loss 0.7352, val_ap 0.6364, minutes 43.73, lr 5.00e-04
    epoch 89: loss 0.7329, val_ap 0.6446, minutes 44.22, lr 5.00e-04
    epoch 90: loss 0.7466, val_ap 0.6406, minutes 44.7, lr 5.00e-04
    epoch 91: loss 0.7333, val_ap 0.6334, minutes 45.19, lr 5.00e-04
    epoch 92: loss 0.7434, val_ap 0.6422, minutes 45.67, lr 5.00e-04
    epoch 93: loss 0.7321, val_ap 0.6317, minutes 46.17, lr 2.50e-04
    epoch 94: loss 0.7264, val_ap 0.6356, minutes 46.65, lr 2.50e-04
    epoch 95: loss 0.7253, val_ap 0.6414, minutes 47.14, lr 2.50e-04
    epoch 96: loss 0.7268, val_ap 0.6374, minutes 47.64, lr 2.50e-04
    epoch 97: loss 0.7144, val_ap 0.6434, minutes 48.05, lr 2.50e-04
    epoch 98: loss 0.7124, val_ap 0.6405, minutes 48.54, lr 2.50e-04
    epoch 99: loss 0.7249, val_ap 0.6341, minutes 49.03, lr 2.50e-04
    epoch 100: loss 0.7127, val_ap 0.6403, minutes 49.55, lr 2.50e-04
    epoch 101: loss 0.7221, val_ap 0.6412, minutes 50.03, lr 2.50e-04
    epoch 102: loss 0.7209, val_ap 0.6382, minutes 50.5, lr 1.25e-04
    epoch 103: loss 0.7036, val_ap 0.6412, minutes 51.0, lr 1.25e-04
    epoch 104: loss 0.7129, val_ap 0.6400, minutes 51.45, lr 1.25e-04
    epoch 105: loss 0.6930, val_ap 0.6432, minutes 51.95, lr 1.25e-04
    epoch 106: loss 0.6987, val_ap 0.6425, minutes 52.46, lr 1.25e-04
    epoch 107: loss 0.7085, val_ap 0.6404, minutes 52.9, lr 1.25e-04
    epoch 108: loss 0.7022, val_ap 0.6395, minutes 53.4, lr 1.25e-04
    epoch 109: loss 0.6950, val_ap 0.6416, minutes 53.89, lr 1.25e-04
    stopping: no validation gain in 25 epochs
[res_gate dataset0 fold 2 seed 2] done (54.6 min)
