loaded: dataset0 121,838 sites, data1 90,452
[res_nodrop pooled_both fold 0]
    kernel decay scale 118.2 nt (fitted to cell line 1 training labels)
    epoch 1: loss 1.8726, val_ap 0.2237, minutes 0.85, lr 3.31e-04
    epoch 2: loss 1.5363, val_ap 0.3153, minutes 1.74, lr 6.60e-04
    epoch 3: loss 1.3828, val_ap 0.3875, minutes 2.61, lr 9.89e-04
    epoch 4: loss 1.3005, val_ap 0.4128, minutes 3.46, lr 1.00e-03
    epoch 5: loss 1.2719, val_ap 0.4234, minutes 4.36, lr 1.00e-03
    epoch 6: loss 1.2479, val_ap 0.4368, minutes 5.33, lr 1.00e-03
    epoch 7: loss 1.2281, val_ap 0.4425, minutes 6.23, lr 1.00e-03
    epoch 8: loss 1.2238, val_ap 0.4416, minutes 7.14, lr 1.00e-03
    epoch 9: loss 1.2161, val_ap 0.4464, minutes 8.08, lr 1.00e-03
    epoch 10: loss 1.2214, val_ap 0.4489, minutes 8.97, lr 1.00e-03
    epoch 11: loss 1.2088, val_ap 0.4524, minutes 9.85, lr 1.00e-03
    epoch 12: loss 1.1970, val_ap 0.4508, minutes 10.74, lr 1.00e-03
    epoch 13: loss 1.1881, val_ap 0.4528, minutes 11.62, lr 1.00e-03
    epoch 14: loss 1.1832, val_ap 0.4551, minutes 12.54, lr 1.00e-03
    epoch 15: loss 1.1799, val_ap 0.4611, minutes 13.44, lr 1.00e-03
    epoch 16: loss 1.1874, val_ap 0.4623, minutes 14.29, lr 1.00e-03
    epoch 17: loss 1.1763, val_ap 0.4652, minutes 15.18, lr 1.00e-03
    epoch 18: loss 1.1684, val_ap 0.4690, minutes 16.04, lr 1.00e-03
    epoch 19: loss 1.1679, val_ap 0.4683, minutes 16.95, lr 1.00e-03
    epoch 20: loss 1.1695, val_ap 0.4769, minutes 17.86, lr 1.00e-03
    epoch 21: loss 1.1520, val_ap 0.4742, minutes 18.76, lr 1.00e-03
    epoch 22: loss 1.1584, val_ap 0.4813, minutes 19.62, lr 1.00e-03
    epoch 23: loss 1.1547, val_ap 0.4697, minutes 20.53, lr 1.00e-03
    epoch 24: loss 1.1530, val_ap 0.4801, minutes 21.4, lr 1.00e-03
    epoch 25: loss 1.1499, val_ap 0.4879, minutes 22.3, lr 1.00e-03
    epoch 26: loss 1.1393, val_ap 0.4767, minutes 23.15, lr 1.00e-03
    epoch 27: loss 1.1357, val_ap 0.4855, minutes 24.04, lr 1.00e-03
    epoch 28: loss 1.1321, val_ap 0.4688, minutes 24.92, lr 1.00e-03
    epoch 29: loss 1.1338, val_ap 0.4880, minutes 25.84, lr 1.00e-03
    epoch 30: loss 1.1266, val_ap 0.4857, minutes 26.7, lr 1.00e-03
    epoch 31: loss 1.1257, val_ap 0.4891, minutes 27.54, lr 1.00e-03
    epoch 32: loss 1.1242, val_ap 0.4872, minutes 28.39, lr 1.00e-03
    epoch 33: loss 1.1216, val_ap 0.4877, minutes 29.26, lr 1.00e-03
    epoch 34: loss 1.1186, val_ap 0.4882, minutes 30.09, lr 1.00e-03
    epoch 35: loss 1.1116, val_ap 0.4873, minutes 31.01, lr 1.00e-03
    epoch 36: loss 1.1107, val_ap 0.4878, minutes 31.89, lr 1.00e-03
    epoch 37: loss 1.0938, val_ap 0.4910, minutes 32.73, lr 1.00e-03
    epoch 38: loss 1.1139, val_ap 0.4922, minutes 33.65, lr 1.00e-03
    epoch 39: loss 1.1042, val_ap 0.4955, minutes 34.56, lr 1.00e-03
    epoch 40: loss 1.0935, val_ap 0.4957, minutes 35.48, lr 1.00e-03
    epoch 41: loss 1.0953, val_ap 0.4890, minutes 36.38, lr 1.00e-03
    epoch 42: loss 1.0843, val_ap 0.4934, minutes 37.26, lr 1.00e-03
    epoch 43: loss 1.0889, val_ap 0.4965, minutes 38.18, lr 1.00e-03
    epoch 44: loss 1.0890, val_ap 0.4837, minutes 39.06, lr 1.00e-03
    epoch 45: loss 1.0790, val_ap 0.4912, minutes 39.96, lr 1.00e-03
    epoch 46: loss 1.0814, val_ap 0.4899, minutes 40.79, lr 1.00e-03
    epoch 47: loss 1.0764, val_ap 0.4938, minutes 41.67, lr 1.00e-03
    epoch 48: loss 1.0713, val_ap 0.4913, minutes 42.56, lr 1.00e-03
    epoch 49: loss 1.0693, val_ap 0.4855, minutes 43.45, lr 1.00e-03
    epoch 50: loss 1.0709, val_ap 0.4806, minutes 44.37, lr 1.00e-03
    epoch 51: loss 1.0608, val_ap 0.4890, minutes 45.25, lr 1.00e-03
    epoch 52: loss 1.0510, val_ap 0.4840, minutes 46.15, lr 5.00e-04
    epoch 53: loss 1.0461, val_ap 0.4893, minutes 47.05, lr 5.00e-04
    epoch 54: loss 1.0417, val_ap 0.4903, minutes 47.9, lr 5.00e-04
    epoch 55: loss 1.0370, val_ap 0.4851, minutes 48.72, lr 5.00e-04
    epoch 56: loss 1.0325, val_ap 0.4882, minutes 49.57, lr 5.00e-04
    epoch 57: loss 1.0295, val_ap 0.4829, minutes 50.33, lr 5.00e-04
    epoch 58: loss 1.0332, val_ap 0.4848, minutes 51.11, lr 5.00e-04
    epoch 59: loss 1.0275, val_ap 0.4851, minutes 51.97, lr 5.00e-04
    epoch 60: loss 1.0237, val_ap 0.4853, minutes 52.83, lr 5.00e-04
    epoch 61: loss 1.0215, val_ap 0.4851, minutes 53.63, lr 2.50e-04
    epoch 62: loss 1.0176, val_ap 0.4803, minutes 54.5, lr 2.50e-04
    epoch 63: loss 1.0041, val_ap 0.4821, minutes 55.41, lr 2.50e-04
    epoch 64: loss 1.0124, val_ap 0.4829, minutes 56.26, lr 2.50e-04
    epoch 65: loss 1.0110, val_ap 0.4793, minutes 57.1, lr 2.50e-04
    epoch 66: loss 1.0034, val_ap 0.4809, minutes 57.95, lr 2.50e-04
    epoch 67: loss 1.0051, val_ap 0.4822, minutes 58.82, lr 2.50e-04
    epoch 68: loss 1.0028, val_ap 0.4827, minutes 59.66, lr 2.50e-04
    stopping: no validation gain in 25 epochs
[res_nodrop pooled_both fold 0] done (60.3 min)
