loaded: dataset0 121,838 sites, data1 90,452
[scalar_random pooled_both fold 0 seed 2]
    kernel decay scale 118.2 nt (fitted to cell line 1 training labels)
    epoch 1: loss 1.9798, val_ap 0.1579, minutes 0.9, lr 3.31e-04
    epoch 2: loss 1.5587, val_ap 0.2893, minutes 1.69, lr 6.60e-04
    epoch 3: loss 1.4271, val_ap 0.3506, minutes 2.54, lr 9.89e-04
    epoch 4: loss 1.3553, val_ap 0.3734, minutes 3.35, lr 1.00e-03
    epoch 5: loss 1.3295, val_ap 0.3771, minutes 4.17, lr 1.00e-03
    epoch 6: loss 1.3146, val_ap 0.3842, minutes 5.02, lr 1.00e-03
    epoch 7: loss 1.3028, val_ap 0.3886, minutes 5.89, lr 1.00e-03
    epoch 8: loss 1.2891, val_ap 0.3921, minutes 6.69, lr 1.00e-03
    epoch 9: loss 1.2840, val_ap 0.4069, minutes 7.53, lr 1.00e-03
    epoch 10: loss 1.2919, val_ap 0.4064, minutes 8.41, lr 1.00e-03
    epoch 11: loss 1.2745, val_ap 0.4008, minutes 9.25, lr 1.00e-03
    epoch 12: loss 1.2734, val_ap 0.4161, minutes 10.06, lr 1.00e-03
    epoch 13: loss 1.2600, val_ap 0.4202, minutes 10.9, lr 1.00e-03
    epoch 14: loss 1.2550, val_ap 0.4207, minutes 11.68, lr 1.00e-03
    epoch 15: loss 1.2594, val_ap 0.4227, minutes 12.52, lr 1.00e-03
    epoch 16: loss 1.2537, val_ap 0.4221, minutes 13.41, lr 1.00e-03
    epoch 17: loss 1.2381, val_ap 0.4264, minutes 14.21, lr 1.00e-03
    epoch 18: loss 1.2410, val_ap 0.4194, minutes 15.02, lr 1.00e-03
    epoch 19: loss 1.2258, val_ap 0.4342, minutes 15.82, lr 1.00e-03
    epoch 20: loss 1.2307, val_ap 0.4287, minutes 16.64, lr 1.00e-03
    epoch 21: loss 1.2272, val_ap 0.4381, minutes 17.46, lr 1.00e-03
    epoch 22: loss 1.2284, val_ap 0.4340, minutes 18.27, lr 1.00e-03
    epoch 23: loss 1.2274, val_ap 0.4313, minutes 19.07, lr 1.00e-03
    epoch 24: loss 1.2194, val_ap 0.4405, minutes 19.91, lr 1.00e-03
    epoch 25: loss 1.2173, val_ap 0.4455, minutes 20.67, lr 1.00e-03
    epoch 26: loss 1.2080, val_ap 0.4430, minutes 21.42, lr 1.00e-03
    epoch 27: loss 1.2032, val_ap 0.4400, minutes 22.22, lr 1.00e-03
    epoch 28: loss 1.2113, val_ap 0.4419, minutes 23.02, lr 1.00e-03
    epoch 29: loss 1.2128, val_ap 0.4365, minutes 23.81, lr 1.00e-03
    epoch 30: loss 1.2034, val_ap 0.4401, minutes 24.6, lr 1.00e-03
    epoch 31: loss 1.1992, val_ap 0.4380, minutes 25.42, lr 1.00e-03
    epoch 32: loss 1.1953, val_ap 0.4386, minutes 26.21, lr 1.00e-03
    epoch 33: loss 1.1941, val_ap 0.4384, minutes 26.99, lr 1.00e-03
    epoch 34: loss 1.1933, val_ap 0.4479, minutes 27.73, lr 1.00e-03
    epoch 35: loss 1.1854, val_ap 0.4485, minutes 28.49, lr 1.00e-03
    epoch 36: loss 1.1894, val_ap 0.4487, minutes 29.24, lr 1.00e-03
    epoch 37: loss 1.1827, val_ap 0.4407, minutes 30.05, lr 1.00e-03
    epoch 38: loss 1.1805, val_ap 0.4498, minutes 30.84, lr 1.00e-03
    epoch 39: loss 1.1739, val_ap 0.4486, minutes 31.62, lr 1.00e-03
    epoch 40: loss 1.1732, val_ap 0.4493, minutes 32.44, lr 1.00e-03
    epoch 41: loss 1.1722, val_ap 0.4531, minutes 33.27, lr 1.00e-03
    epoch 42: loss 1.1745, val_ap 0.4501, minutes 34.08, lr 1.00e-03
    epoch 43: loss 1.1643, val_ap 0.4451, minutes 34.89, lr 1.00e-03
    epoch 44: loss 1.1695, val_ap 0.4529, minutes 35.74, lr 1.00e-03
    epoch 45: loss 1.1699, val_ap 0.4461, minutes 36.59, lr 1.00e-03
    epoch 46: loss 1.1670, val_ap 0.4563, minutes 37.43, lr 1.00e-03
    epoch 47: loss 1.1607, val_ap 0.4500, minutes 38.26, lr 1.00e-03
    epoch 48: loss 1.1553, val_ap 0.4454, minutes 39.08, lr 1.00e-03
    epoch 49: loss 1.1651, val_ap 0.4469, minutes 39.89, lr 1.00e-03
    epoch 50: loss 1.1573, val_ap 0.4394, minutes 40.74, lr 1.00e-03
    epoch 51: loss 1.1500, val_ap 0.4436, minutes 41.54, lr 1.00e-03
    epoch 52: loss 1.1506, val_ap 0.4472, minutes 42.29, lr 1.00e-03
    epoch 53: loss 1.1442, val_ap 0.4398, minutes 43.06, lr 1.00e-03
    epoch 54: loss 1.1502, val_ap 0.4519, minutes 43.85, lr 1.00e-03
    epoch 55: loss 1.1409, val_ap 0.4493, minutes 44.63, lr 5.00e-04
    epoch 56: loss 1.1288, val_ap 0.4521, minutes 45.4, lr 5.00e-04
    epoch 57: loss 1.1255, val_ap 0.4440, minutes 46.2, lr 5.00e-04
    epoch 58: loss 1.1216, val_ap 0.4498, minutes 47.03, lr 5.00e-04
    epoch 59: loss 1.1220, val_ap 0.4503, minutes 47.83, lr 5.00e-04
    epoch 60: loss 1.1143, val_ap 0.4506, minutes 48.63, lr 5.00e-04
    epoch 61: loss 1.1168, val_ap 0.4484, minutes 49.46, lr 5.00e-04
    epoch 62: loss 1.1184, val_ap 0.4466, minutes 50.21, lr 5.00e-04
    epoch 63: loss 1.1190, val_ap 0.4480, minutes 51.0, lr 5.00e-04
    epoch 64: loss 1.1180, val_ap 0.4488, minutes 51.81, lr 2.50e-04
    epoch 65: loss 1.0983, val_ap 0.4489, minutes 52.6, lr 2.50e-04
    epoch 66: loss 1.1069, val_ap 0.4502, minutes 53.44, lr 2.50e-04
    epoch 67: loss 1.0983, val_ap 0.4504, minutes 54.23, lr 2.50e-04
    epoch 68: loss 1.0983, val_ap 0.4475, minutes 55.05, lr 2.50e-04
    epoch 69: loss 1.1005, val_ap 0.4466, minutes 55.85, lr 2.50e-04
    epoch 70: loss 1.0980, val_ap 0.4496, minutes 56.67, lr 2.50e-04
    epoch 71: loss 1.0889, val_ap 0.4459, minutes 57.47, lr 2.50e-04
    stopping: no validation gain in 25 epochs
[scalar_random pooled_both fold 0 seed 2] done (58.2 min)
