loaded: dataset0 121,838 sites, data1 90,452
[res_nogate dataset0 fold 4]
    kernel decay scale 97.3 nt (fitted to cell line 1 training labels)
    epoch 1: loss 1.9576, val_ap 0.1488, minutes 0.49, lr 3.33e-04
    epoch 2: loss 1.5635, val_ap 0.2503, minutes 0.94, lr 6.63e-04
    epoch 3: loss 1.3667, val_ap 0.3904, minutes 1.4, lr 9.92e-04
    epoch 4: loss 1.2165, val_ap 0.4621, minutes 1.89, lr 1.00e-03
    epoch 5: loss 1.1428, val_ap 0.4891, minutes 2.37, lr 1.00e-03
    epoch 6: loss 1.1255, val_ap 0.4739, minutes 2.86, lr 1.00e-03
    epoch 7: loss 1.0542, val_ap 0.5057, minutes 3.33, lr 1.00e-03
    epoch 8: loss 1.0534, val_ap 0.5190, minutes 3.8, lr 1.00e-03
    epoch 9: loss 1.0453, val_ap 0.5397, minutes 4.28, lr 1.00e-03
    epoch 10: loss 1.0123, val_ap 0.5364, minutes 4.77, lr 1.00e-03
    epoch 11: loss 1.0271, val_ap 0.5381, minutes 5.22, lr 1.00e-03
    epoch 12: loss 0.9942, val_ap 0.5386, minutes 5.72, lr 1.00e-03
    epoch 13: loss 0.9868, val_ap 0.5525, minutes 6.21, lr 1.00e-03
    epoch 14: loss 0.9773, val_ap 0.5411, minutes 6.7, lr 1.00e-03
    epoch 15: loss 0.9692, val_ap 0.5439, minutes 7.19, lr 1.00e-03
    epoch 16: loss 0.9790, val_ap 0.5444, minutes 7.69, lr 1.00e-03
    epoch 17: loss 0.9548, val_ap 0.5503, minutes 8.16, lr 1.00e-03
    epoch 18: loss 0.9514, val_ap 0.5437, minutes 8.62, lr 1.00e-03
    epoch 19: loss 0.9466, val_ap 0.5550, minutes 9.08, lr 1.00e-03
    epoch 20: loss 0.9818, val_ap 0.5534, minutes 9.55, lr 1.00e-03
    epoch 21: loss 0.9281, val_ap 0.5627, minutes 10.05, lr 1.00e-03
    epoch 22: loss 0.9314, val_ap 0.5591, minutes 10.52, lr 1.00e-03
    epoch 23: loss 0.9574, val_ap 0.5510, minutes 11.07, lr 1.00e-03
    epoch 24: loss 0.9639, val_ap 0.5461, minutes 11.54, lr 1.00e-03
    epoch 25: loss 0.9241, val_ap 0.5467, minutes 12.02, lr 1.00e-03
    epoch 26: loss 0.9184, val_ap 0.5616, minutes 12.5, lr 1.00e-03
    epoch 27: loss 0.9224, val_ap 0.5535, minutes 12.94, lr 1.00e-03
    epoch 28: loss 0.9137, val_ap 0.5636, minutes 13.44, lr 1.00e-03
    epoch 29: loss 0.9082, val_ap 0.5671, minutes 13.86, lr 1.00e-03
    epoch 30: loss 0.8990, val_ap 0.5595, minutes 14.32, lr 1.00e-03
    epoch 31: loss 0.8942, val_ap 0.5650, minutes 14.76, lr 1.00e-03
    epoch 32: loss 0.8926, val_ap 0.5698, minutes 15.23, lr 1.00e-03
    epoch 33: loss 0.8790, val_ap 0.5708, minutes 15.7, lr 1.00e-03
    epoch 34: loss 0.9000, val_ap 0.5740, minutes 16.16, lr 1.00e-03
    epoch 35: loss 0.9063, val_ap 0.5711, minutes 16.62, lr 1.00e-03
    epoch 36: loss 0.8838, val_ap 0.5745, minutes 17.07, lr 1.00e-03
    epoch 37: loss 0.9075, val_ap 0.5748, minutes 17.52, lr 1.00e-03
    epoch 38: loss 0.8761, val_ap 0.5815, minutes 18.01, lr 1.00e-03
    epoch 39: loss 0.8770, val_ap 0.5797, minutes 18.47, lr 1.00e-03
    epoch 40: loss 0.8696, val_ap 0.5862, minutes 18.95, lr 1.00e-03
    epoch 41: loss 0.8543, val_ap 0.5818, minutes 19.42, lr 1.00e-03
    epoch 42: loss 0.8675, val_ap 0.5837, minutes 19.88, lr 1.00e-03
    epoch 43: loss 0.8804, val_ap 0.5817, minutes 20.35, lr 1.00e-03
    epoch 44: loss 0.8509, val_ap 0.5853, minutes 20.83, lr 1.00e-03
    epoch 45: loss 0.8653, val_ap 0.5893, minutes 21.32, lr 1.00e-03
    epoch 46: loss 0.8635, val_ap 0.5795, minutes 21.8, lr 1.00e-03
    epoch 47: loss 0.8366, val_ap 0.5913, minutes 22.31, lr 1.00e-03
    epoch 48: loss 0.8489, val_ap 0.5886, minutes 22.78, lr 1.00e-03
    epoch 49: loss 0.8695, val_ap 0.5896, minutes 23.29, lr 1.00e-03
    epoch 50: loss 0.8406, val_ap 0.5902, minutes 23.74, lr 1.00e-03
    epoch 51: loss 0.8495, val_ap 0.5894, minutes 24.2, lr 1.00e-03
    epoch 52: loss 0.8614, val_ap 0.5895, minutes 24.65, lr 1.00e-03
    epoch 53: loss 0.8479, val_ap 0.5903, minutes 25.1, lr 1.00e-03
    epoch 54: loss 0.8347, val_ap 0.5934, minutes 25.56, lr 1.00e-03
    epoch 55: loss 0.8274, val_ap 0.6003, minutes 26.04, lr 1.00e-03
    epoch 56: loss 0.8422, val_ap 0.5951, minutes 26.53, lr 1.00e-03
    epoch 57: loss 0.8249, val_ap 0.5993, minutes 27.0, lr 1.00e-03
    epoch 58: loss 0.8331, val_ap 0.5989, minutes 27.48, lr 1.00e-03
    epoch 59: loss 0.8284, val_ap 0.5954, minutes 27.96, lr 1.00e-03
    epoch 60: loss 0.8256, val_ap 0.5958, minutes 28.43, lr 1.00e-03
    epoch 61: loss 0.8161, val_ap 0.5894, minutes 28.93, lr 1.00e-03
    epoch 62: loss 0.8351, val_ap 0.5989, minutes 29.42, lr 1.00e-03
    epoch 63: loss 0.8259, val_ap 0.6038, minutes 29.91, lr 1.00e-03
    epoch 64: loss 0.8191, val_ap 0.6024, minutes 30.37, lr 1.00e-03
    epoch 65: loss 0.8135, val_ap 0.6052, minutes 30.81, lr 1.00e-03
    epoch 66: loss 0.8346, val_ap 0.5834, minutes 31.28, lr 1.00e-03
    epoch 67: loss 0.8171, val_ap 0.5981, minutes 31.78, lr 1.00e-03
    epoch 68: loss 0.7969, val_ap 0.5984, minutes 32.25, lr 1.00e-03
    epoch 69: loss 0.8145, val_ap 0.6079, minutes 32.76, lr 1.00e-03
    epoch 70: loss 0.8026, val_ap 0.6054, minutes 33.22, lr 1.00e-03
    epoch 71: loss 0.7826, val_ap 0.6053, minutes 33.67, lr 1.00e-03
    epoch 72: loss 0.8068, val_ap 0.5990, minutes 34.14, lr 1.00e-03
    epoch 73: loss 0.8093, val_ap 0.6071, minutes 34.56, lr 1.00e-03
    epoch 74: loss 0.8142, val_ap 0.5948, minutes 35.08, lr 1.00e-03
    epoch 75: loss 0.7885, val_ap 0.6092, minutes 35.55, lr 1.00e-03
    epoch 76: loss 0.7920, val_ap 0.6026, minutes 36.04, lr 1.00e-03
    epoch 77: loss 0.7917, val_ap 0.6047, minutes 36.54, lr 1.00e-03
    epoch 78: loss 0.7803, val_ap 0.6120, minutes 36.97, lr 1.00e-03
    epoch 79: loss 0.7976, val_ap 0.6033, minutes 37.45, lr 1.00e-03
    epoch 80: loss 0.7821, val_ap 0.6039, minutes 37.87, lr 1.00e-03
    epoch 81: loss 0.7776, val_ap 0.5994, minutes 38.3, lr 1.00e-03
    epoch 82: loss 0.7831, val_ap 0.5967, minutes 38.77, lr 1.00e-03
    epoch 83: loss 0.7770, val_ap 0.5672, minutes 39.24, lr 1.00e-03
    epoch 84: loss 0.7907, val_ap 0.6099, minutes 39.72, lr 1.00e-03
    epoch 85: loss 0.7656, val_ap 0.6017, minutes 40.22, lr 1.00e-03
    epoch 86: loss 0.7717, val_ap 0.6100, minutes 40.69, lr 1.00e-03
    epoch 87: loss 0.7834, val_ap 0.6012, minutes 41.15, lr 5.00e-04
    epoch 88: loss 0.7318, val_ap 0.6104, minutes 41.63, lr 5.00e-04
    epoch 89: loss 0.7355, val_ap 0.6128, minutes 42.08, lr 5.00e-04
    epoch 90: loss 0.7290, val_ap 0.6060, minutes 42.56, lr 5.00e-04
    epoch 91: loss 0.7404, val_ap 0.5905, minutes 42.99, lr 5.00e-04
    epoch 92: loss 0.7470, val_ap 0.5996, minutes 43.49, lr 5.00e-04
    epoch 93: loss 0.7067, val_ap 0.6054, minutes 43.9, lr 5.00e-04
    epoch 94: loss 0.7327, val_ap 0.5832, minutes 44.4, lr 5.00e-04
    epoch 95: loss 0.7425, val_ap 0.6117, minutes 44.86, lr 5.00e-04
    epoch 96: loss 0.7298, val_ap 0.5983, minutes 45.33, lr 5.00e-04
    epoch 97: loss 0.7361, val_ap 0.6041, minutes 45.83, lr 5.00e-04
    epoch 98: loss 0.7246, val_ap 0.6037, minutes 46.34, lr 2.50e-04
    epoch 99: loss 0.7146, val_ap 0.6013, minutes 46.79, lr 2.50e-04
    epoch 100: loss 0.7267, val_ap 0.5959, minutes 47.25, lr 2.50e-04
    epoch 101: loss 0.7140, val_ap 0.5947, minutes 47.71, lr 2.50e-04
    epoch 102: loss 0.7205, val_ap 0.6036, minutes 48.15, lr 2.50e-04
    epoch 103: loss 0.7099, val_ap 0.5983, minutes 48.64, lr 2.50e-04
    epoch 104: loss 0.7230, val_ap 0.5982, minutes 49.05, lr 2.50e-04
    epoch 105: loss 0.7105, val_ap 0.5976, minutes 49.5, lr 2.50e-04
    epoch 106: loss 0.7107, val_ap 0.5971, minutes 49.93, lr 2.50e-04
    epoch 107: loss 0.7036, val_ap 0.5982, minutes 50.38, lr 1.25e-04
    epoch 108: loss 0.6962, val_ap 0.6006, minutes 50.86, lr 1.25e-04
    epoch 109: loss 0.7018, val_ap 0.5969, minutes 51.29, lr 1.25e-04
    epoch 110: loss 0.6948, val_ap 0.5961, minutes 51.73, lr 1.25e-04
    epoch 111: loss 0.7003, val_ap 0.6023, minutes 52.16, lr 1.25e-04
    epoch 112: loss 0.6899, val_ap 0.5919, minutes 52.62, lr 1.25e-04
    epoch 113: loss 0.6933, val_ap 0.5967, minutes 53.07, lr 1.25e-04
    epoch 114: loss 0.6927, val_ap 0.5886, minutes 53.49, lr 1.25e-04
    stopping: no validation gain in 25 epochs
[res_nogate dataset0 fold 4] done (54.2 min)
