loaded: dataset0 121,838 sites, data1 90,452
[h2gcn_aux pooled_both fold 3]
    epoch 1: loss 1.8929, val_ap 0.1529, minutes 0.71, lr 3.31e-04
    epoch 2: loss 1.5615, val_ap 0.2662, minutes 1.29, lr 6.60e-04
    epoch 3: loss 1.4222, val_ap 0.3810, minutes 1.87, lr 9.89e-04
    epoch 4: loss 1.3183, val_ap 0.4249, minutes 2.46, lr 1.00e-03
    epoch 5: loss 1.2680, val_ap 0.4385, minutes 3.07, lr 1.00e-03
    epoch 6: loss 1.2458, val_ap 0.4452, minutes 3.65, lr 1.00e-03
    epoch 7: loss 1.2335, val_ap 0.4500, minutes 4.21, lr 1.00e-03
    epoch 8: loss 1.2342, val_ap 0.4550, minutes 4.79, lr 1.00e-03
    epoch 9: loss 1.2150, val_ap 0.4637, minutes 5.42, lr 1.00e-03
    epoch 10: loss 1.2086, val_ap 0.4676, minutes 6.01, lr 1.00e-03
    epoch 11: loss 1.2034, val_ap 0.4594, minutes 6.56, lr 1.00e-03
    epoch 12: loss 1.1999, val_ap 0.4692, minutes 7.1, lr 1.00e-03
    epoch 13: loss 1.1964, val_ap 0.4661, minutes 7.64, lr 1.00e-03
    epoch 14: loss 1.1923, val_ap 0.4659, minutes 8.14, lr 1.00e-03
    epoch 15: loss 1.1827, val_ap 0.4776, minutes 8.67, lr 1.00e-03
    epoch 16: loss 1.1788, val_ap 0.4776, minutes 9.21, lr 1.00e-03
    epoch 17: loss 1.1806, val_ap 0.4808, minutes 9.73, lr 1.00e-03
    epoch 18: loss 1.1791, val_ap 0.4807, minutes 10.25, lr 1.00e-03
    epoch 19: loss 1.1733, val_ap 0.4857, minutes 10.78, lr 1.00e-03
    epoch 20: loss 1.1641, val_ap 0.4841, minutes 11.32, lr 1.00e-03
    epoch 21: loss 1.1630, val_ap 0.4888, minutes 11.86, lr 1.00e-03
    epoch 22: loss 1.1642, val_ap 0.4906, minutes 12.38, lr 1.00e-03
    epoch 23: loss 1.1654, val_ap 0.4911, minutes 12.92, lr 1.00e-03
    epoch 24: loss 1.1492, val_ap 0.4916, minutes 13.46, lr 1.00e-03
    epoch 25: loss 1.1441, val_ap 0.4932, minutes 13.99, lr 1.00e-03
    epoch 26: loss 1.1509, val_ap 0.4915, minutes 14.5, lr 1.00e-03
    epoch 27: loss 1.1413, val_ap 0.4998, minutes 15.01, lr 1.00e-03
    epoch 28: loss 1.1368, val_ap 0.4943, minutes 15.47, lr 1.00e-03
    epoch 29: loss 1.1336, val_ap 0.4947, minutes 15.89, lr 1.00e-03
    epoch 30: loss 1.1287, val_ap 0.5028, minutes 16.33, lr 1.00e-03
    epoch 31: loss 1.1288, val_ap 0.4942, minutes 16.74, lr 1.00e-03
    epoch 32: loss 1.1255, val_ap 0.4970, minutes 17.16, lr 1.00e-03
    epoch 33: loss 1.1120, val_ap 0.4924, minutes 17.55, lr 1.00e-03
    epoch 34: loss 1.1059, val_ap 0.5003, minutes 17.96, lr 1.00e-03
    epoch 35: loss 1.1021, val_ap 0.4982, minutes 18.35, lr 1.00e-03
    epoch 36: loss 1.0986, val_ap 0.4987, minutes 18.78, lr 1.00e-03
    epoch 37: loss 1.0965, val_ap 0.5009, minutes 19.17, lr 1.00e-03
    epoch 38: loss 1.0878, val_ap 0.4998, minutes 19.55, lr 1.00e-03
    epoch 39: loss 1.0904, val_ap 0.4996, minutes 19.95, lr 5.00e-04
    epoch 40: loss 1.0784, val_ap 0.5064, minutes 20.38, lr 5.00e-04
    epoch 41: loss 1.0634, val_ap 0.5014, minutes 20.8, lr 5.00e-04
    epoch 42: loss 1.0655, val_ap 0.4996, minutes 21.22, lr 5.00e-04
    epoch 43: loss 1.0584, val_ap 0.5031, minutes 21.64, lr 5.00e-04
    epoch 44: loss 1.0596, val_ap 0.4956, minutes 22.07, lr 5.00e-04
    epoch 45: loss 1.0491, val_ap 0.5039, minutes 22.47, lr 5.00e-04
    epoch 46: loss 1.0491, val_ap 0.5024, minutes 22.87, lr 5.00e-04
    epoch 47: loss 1.0460, val_ap 0.5019, minutes 23.3, lr 5.00e-04
    epoch 48: loss 1.0427, val_ap 0.4997, minutes 23.75, lr 5.00e-04
    epoch 49: loss 1.0374, val_ap 0.4957, minutes 24.17, lr 2.50e-04
    epoch 50: loss 1.0294, val_ap 0.5010, minutes 24.6, lr 2.50e-04
    epoch 51: loss 1.0269, val_ap 0.5002, minutes 25.0, lr 2.50e-04
    epoch 52: loss 1.0254, val_ap 0.4968, minutes 25.43, lr 2.50e-04
    epoch 53: loss 1.0202, val_ap 0.5005, minutes 25.86, lr 2.50e-04
    epoch 54: loss 1.0130, val_ap 0.5033, minutes 26.28, lr 2.50e-04
    epoch 55: loss 1.0147, val_ap 0.4944, minutes 26.68, lr 2.50e-04
    epoch 56: loss 1.0195, val_ap 0.4965, minutes 27.08, lr 2.50e-04
    epoch 57: loss 1.0223, val_ap 0.4913, minutes 27.48, lr 2.50e-04
    epoch 58: loss 1.0145, val_ap 0.4951, minutes 27.9, lr 1.25e-04
    epoch 59: loss 1.0063, val_ap 0.4950, minutes 28.31, lr 1.25e-04
    epoch 60: loss 1.0097, val_ap 0.4939, minutes 28.72, lr 1.25e-04
    epoch 61: loss 1.0063, val_ap 0.4940, minutes 29.14, lr 1.25e-04
    epoch 62: loss 1.0024, val_ap 0.4962, minutes 29.58, lr 1.25e-04
    epoch 63: loss 0.9966, val_ap 0.4968, minutes 30.02, lr 1.25e-04
    epoch 64: loss 0.9996, val_ap 0.4941, minutes 30.45, lr 1.25e-04
    epoch 65: loss 0.9988, val_ap 0.4933, minutes 30.86, lr 1.25e-04
    stopping: no validation gain in 25 epochs
[h2gcn_aux pooled_both fold 3] done (31.3 min)
