loaded: dataset0 121,838 sites, data1 90,452
[h2gcn_aux_r100 pooled_both fold 0 seed 1]
    epoch 1: loss 1.8809, val_ap 0.1956, minutes 0.88, lr 3.31e-04
    epoch 2: loss 1.5474, val_ap 0.3121, minutes 1.79, lr 6.60e-04
    epoch 3: loss 1.3957, val_ap 0.3875, minutes 2.64, lr 9.89e-04
    epoch 4: loss 1.3213, val_ap 0.4125, minutes 3.5, lr 1.00e-03
    epoch 5: loss 1.2745, val_ap 0.4188, minutes 4.41, lr 1.00e-03
    epoch 6: loss 1.2682, val_ap 0.4306, minutes 5.33, lr 1.00e-03
    epoch 7: loss 1.2306, val_ap 0.4315, minutes 6.2, lr 1.00e-03
    epoch 8: loss 1.2379, val_ap 0.4341, minutes 7.05, lr 1.00e-03
    epoch 9: loss 1.2242, val_ap 0.4375, minutes 7.89, lr 1.00e-03
    epoch 10: loss 1.2160, val_ap 0.4339, minutes 8.73, lr 1.00e-03
    epoch 11: loss 1.2105, val_ap 0.4341, minutes 9.57, lr 1.00e-03
    epoch 12: loss 1.2012, val_ap 0.4427, minutes 10.39, lr 1.00e-03
    epoch 13: loss 1.1952, val_ap 0.4432, minutes 11.25, lr 1.00e-03
    epoch 14: loss 1.1941, val_ap 0.4497, minutes 12.05, lr 1.00e-03
    epoch 15: loss 1.1816, val_ap 0.4442, minutes 12.88, lr 1.00e-03
    epoch 16: loss 1.1888, val_ap 0.4480, minutes 13.75, lr 1.00e-03
    epoch 17: loss 1.1844, val_ap 0.4480, minutes 14.67, lr 1.00e-03
    epoch 18: loss 1.1737, val_ap 0.4552, minutes 15.54, lr 1.00e-03
    epoch 19: loss 1.1733, val_ap 0.4564, minutes 16.44, lr 1.00e-03
    epoch 20: loss 1.1700, val_ap 0.4584, minutes 17.4, lr 1.00e-03
    epoch 21: loss 1.1592, val_ap 0.4627, minutes 18.31, lr 1.00e-03
    epoch 22: loss 1.1595, val_ap 0.4612, minutes 19.18, lr 1.00e-03
    epoch 23: loss 1.1559, val_ap 0.4640, minutes 19.99, lr 1.00e-03
    epoch 24: loss 1.1462, val_ap 0.4672, minutes 20.75, lr 1.00e-03
    epoch 25: loss 1.1354, val_ap 0.4654, minutes 21.6, lr 1.00e-03
    epoch 26: loss 1.1390, val_ap 0.4629, minutes 22.45, lr 1.00e-03
    epoch 27: loss 1.1469, val_ap 0.4719, minutes 23.24, lr 1.00e-03
    epoch 28: loss 1.1309, val_ap 0.4693, minutes 24.14, lr 1.00e-03
    epoch 29: loss 1.1234, val_ap 0.4706, minutes 24.91, lr 1.00e-03
    epoch 30: loss 1.1330, val_ap 0.4648, minutes 25.75, lr 1.00e-03
    epoch 31: loss 1.1163, val_ap 0.4666, minutes 26.58, lr 1.00e-03
    epoch 32: loss 1.1049, val_ap 0.4711, minutes 27.43, lr 1.00e-03
    epoch 33: loss 1.1066, val_ap 0.4702, minutes 28.28, lr 1.00e-03
    epoch 34: loss 1.1063, val_ap 0.4623, minutes 29.11, lr 1.00e-03
    epoch 35: loss 1.1019, val_ap 0.4632, minutes 29.97, lr 1.00e-03
    epoch 36: loss 1.1000, val_ap 0.4704, minutes 30.78, lr 5.00e-04
    epoch 37: loss 1.0731, val_ap 0.4746, minutes 31.68, lr 5.00e-04
    epoch 38: loss 1.0744, val_ap 0.4708, minutes 32.55, lr 5.00e-04
    epoch 39: loss 1.0768, val_ap 0.4737, minutes 33.46, lr 5.00e-04
    epoch 40: loss 1.0643, val_ap 0.4701, minutes 34.26, lr 5.00e-04
    epoch 41: loss 1.0654, val_ap 0.4718, minutes 35.1, lr 5.00e-04
    epoch 42: loss 1.0549, val_ap 0.4699, minutes 35.92, lr 5.00e-04
    epoch 43: loss 1.0549, val_ap 0.4679, minutes 36.79, lr 5.00e-04
    epoch 44: loss 1.0519, val_ap 0.4689, minutes 37.71, lr 5.00e-04
    epoch 45: loss 1.0560, val_ap 0.4703, minutes 38.52, lr 5.00e-04
    epoch 46: loss 1.0505, val_ap 0.4680, minutes 39.4, lr 2.50e-04
    epoch 47: loss 1.0411, val_ap 0.4723, minutes 40.24, lr 2.50e-04
    epoch 48: loss 1.0375, val_ap 0.4691, minutes 41.12, lr 2.50e-04
    epoch 49: loss 1.0310, val_ap 0.4678, minutes 41.94, lr 2.50e-04
    epoch 50: loss 1.0323, val_ap 0.4709, minutes 42.74, lr 2.50e-04
    epoch 51: loss 1.0304, val_ap 0.4687, minutes 43.57, lr 2.50e-04
    epoch 52: loss 1.0252, val_ap 0.4663, minutes 44.35, lr 2.50e-04
    epoch 53: loss 1.0194, val_ap 0.4636, minutes 45.18, lr 2.50e-04
    epoch 54: loss 1.0238, val_ap 0.4626, minutes 46.0, lr 2.50e-04
    epoch 55: loss 1.0161, val_ap 0.4671, minutes 46.82, lr 1.25e-04
    epoch 56: loss 1.0150, val_ap 0.4660, minutes 47.64, lr 1.25e-04
    epoch 57: loss 1.0091, val_ap 0.4654, minutes 48.46, lr 1.25e-04
    epoch 58: loss 1.0097, val_ap 0.4648, minutes 49.26, lr 1.25e-04
    epoch 59: loss 1.0095, val_ap 0.4655, minutes 50.07, lr 1.25e-04
    epoch 60: loss 1.0086, val_ap 0.4655, minutes 50.85, lr 1.25e-04
    epoch 61: loss 1.0045, val_ap 0.4652, minutes 51.66, lr 1.25e-04
    epoch 62: loss 1.0086, val_ap 0.4651, minutes 52.44, lr 1.25e-04
    stopping: no validation gain in 25 epochs
[h2gcn_aux_r100 pooled_both fold 0 seed 1] done (53.2 min)
