loaded: dataset0 121,838 sites, data1 90,452
[res_nogate dataset0 fold 4 seed 1]
    kernel decay scale 97.3 nt (fitted to cell line 1 training labels)
    epoch 1: loss 1.9626, val_ap 0.1441, minutes 0.5, lr 3.33e-04
    epoch 2: loss 1.6003, val_ap 0.2189, minutes 1.02, lr 6.63e-04
    epoch 3: loss 1.3622, val_ap 0.4119, minutes 1.53, lr 9.92e-04
    epoch 4: loss 1.1963, val_ap 0.4857, minutes 2.02, lr 1.00e-03
    epoch 5: loss 1.1332, val_ap 0.4982, minutes 2.52, lr 1.00e-03
    epoch 6: loss 1.1149, val_ap 0.5027, minutes 2.98, lr 1.00e-03
    epoch 7: loss 1.0714, val_ap 0.5078, minutes 3.49, lr 1.00e-03
    epoch 8: loss 1.0346, val_ap 0.5191, minutes 4.01, lr 1.00e-03
    epoch 9: loss 1.0269, val_ap 0.5323, minutes 4.5, lr 1.00e-03
    epoch 10: loss 1.0379, val_ap 0.5405, minutes 5.01, lr 1.00e-03
    epoch 11: loss 0.9928, val_ap 0.5431, minutes 5.54, lr 1.00e-03
    epoch 12: loss 1.0179, val_ap 0.5425, minutes 6.06, lr 1.00e-03
    epoch 13: loss 0.9738, val_ap 0.5512, minutes 6.59, lr 1.00e-03
    epoch 14: loss 0.9811, val_ap 0.5500, minutes 7.08, lr 1.00e-03
    epoch 15: loss 0.9675, val_ap 0.5484, minutes 7.59, lr 1.00e-03
    epoch 16: loss 0.9852, val_ap 0.5602, minutes 8.1, lr 1.00e-03
    epoch 17: loss 0.9763, val_ap 0.5626, minutes 8.6, lr 1.00e-03
    epoch 18: loss 0.9656, val_ap 0.5579, minutes 9.13, lr 1.00e-03
    epoch 19: loss 0.9400, val_ap 0.5566, minutes 9.68, lr 1.00e-03
    epoch 20: loss 0.9603, val_ap 0.5551, minutes 10.2, lr 1.00e-03
    epoch 21: loss 0.9350, val_ap 0.5573, minutes 10.7, lr 1.00e-03
    epoch 22: loss 0.9279, val_ap 0.5645, minutes 11.2, lr 1.00e-03
    epoch 23: loss 0.9393, val_ap 0.5744, minutes 11.69, lr 1.00e-03
    epoch 24: loss 0.9440, val_ap 0.5591, minutes 12.24, lr 1.00e-03
    epoch 25: loss 0.9314, val_ap 0.5643, minutes 12.75, lr 1.00e-03
    epoch 26: loss 0.9336, val_ap 0.5728, minutes 13.23, lr 1.00e-03
    epoch 27: loss 0.9240, val_ap 0.5621, minutes 13.72, lr 1.00e-03
    epoch 28: loss 0.9418, val_ap 0.5666, minutes 14.26, lr 1.00e-03
    epoch 29: loss 0.9096, val_ap 0.5678, minutes 14.76, lr 1.00e-03
    epoch 30: loss 0.9019, val_ap 0.5744, minutes 15.25, lr 1.00e-03
    epoch 31: loss 0.9063, val_ap 0.5677, minutes 15.78, lr 1.00e-03
    epoch 32: loss 0.9003, val_ap 0.5749, minutes 16.27, lr 1.00e-03
    epoch 33: loss 0.9107, val_ap 0.5763, minutes 16.8, lr 1.00e-03
    epoch 34: loss 0.8841, val_ap 0.5807, minutes 17.3, lr 1.00e-03
    epoch 35: loss 0.9019, val_ap 0.5746, minutes 17.81, lr 1.00e-03
    epoch 36: loss 0.8910, val_ap 0.5786, minutes 18.33, lr 1.00e-03
    epoch 37: loss 0.8808, val_ap 0.5798, minutes 18.82, lr 1.00e-03
    epoch 38: loss 0.9069, val_ap 0.5854, minutes 19.33, lr 1.00e-03
    epoch 39: loss 0.8820, val_ap 0.5909, minutes 19.86, lr 1.00e-03
    epoch 40: loss 0.8652, val_ap 0.5878, minutes 20.37, lr 1.00e-03
    epoch 41: loss 0.8858, val_ap 0.5898, minutes 20.91, lr 1.00e-03
    epoch 42: loss 0.8789, val_ap 0.5948, minutes 21.46, lr 1.00e-03
    epoch 43: loss 0.8812, val_ap 0.5938, minutes 21.99, lr 1.00e-03
    epoch 44: loss 0.8671, val_ap 0.5963, minutes 22.52, lr 1.00e-03
    epoch 45: loss 0.8534, val_ap 0.6034, minutes 23.03, lr 1.00e-03
    epoch 46: loss 0.8626, val_ap 0.5922, minutes 23.54, lr 1.00e-03
    epoch 47: loss 0.8707, val_ap 0.6001, minutes 24.07, lr 1.00e-03
    epoch 48: loss 0.8911, val_ap 0.5864, minutes 24.59, lr 1.00e-03
    epoch 49: loss 0.8412, val_ap 0.6029, minutes 25.1, lr 1.00e-03
    epoch 50: loss 0.8491, val_ap 0.6013, minutes 25.62, lr 1.00e-03
    epoch 51: loss 0.8558, val_ap 0.6011, minutes 26.15, lr 1.00e-03
    epoch 52: loss 0.8571, val_ap 0.5956, minutes 26.66, lr 1.00e-03
    epoch 53: loss 0.8524, val_ap 0.5986, minutes 27.19, lr 1.00e-03
    epoch 54: loss 0.8499, val_ap 0.6010, minutes 27.73, lr 5.00e-04
    epoch 55: loss 0.8155, val_ap 0.6064, minutes 28.22, lr 5.00e-04
    epoch 56: loss 0.8313, val_ap 0.6095, minutes 28.74, lr 5.00e-04
    epoch 57: loss 0.8119, val_ap 0.6083, minutes 29.29, lr 5.00e-04
    epoch 58: loss 0.8187, val_ap 0.6093, minutes 29.83, lr 5.00e-04
    epoch 59: loss 0.8123, val_ap 0.6111, minutes 30.34, lr 5.00e-04
    epoch 60: loss 0.8146, val_ap 0.6145, minutes 30.86, lr 5.00e-04
    epoch 61: loss 0.8209, val_ap 0.6103, minutes 31.38, lr 5.00e-04
    epoch 62: loss 0.8018, val_ap 0.6150, minutes 31.87, lr 5.00e-04
    epoch 63: loss 0.8063, val_ap 0.6157, minutes 32.39, lr 5.00e-04
    epoch 64: loss 0.7942, val_ap 0.6148, minutes 32.89, lr 5.00e-04
    epoch 65: loss 0.8051, val_ap 0.6158, minutes 33.39, lr 5.00e-04
    epoch 66: loss 0.8139, val_ap 0.6157, minutes 33.91, lr 5.00e-04
    epoch 67: loss 0.8156, val_ap 0.6192, minutes 34.44, lr 5.00e-04
    epoch 68: loss 0.7968, val_ap 0.6188, minutes 34.93, lr 5.00e-04
    epoch 69: loss 0.7823, val_ap 0.6199, minutes 35.46, lr 5.00e-04
    epoch 70: loss 0.8123, val_ap 0.6095, minutes 35.98, lr 5.00e-04
    epoch 71: loss 0.7873, val_ap 0.6189, minutes 36.52, lr 5.00e-04
    epoch 72: loss 0.7851, val_ap 0.6147, minutes 37.02, lr 5.00e-04
    epoch 73: loss 0.7883, val_ap 0.6161, minutes 37.56, lr 5.00e-04
    epoch 74: loss 0.7926, val_ap 0.6197, minutes 38.09, lr 5.00e-04
    epoch 75: loss 0.7943, val_ap 0.6151, minutes 38.62, lr 5.00e-04
    epoch 76: loss 0.7901, val_ap 0.6205, minutes 39.16, lr 5.00e-04
    epoch 77: loss 0.7810, val_ap 0.6205, minutes 39.69, lr 5.00e-04
    epoch 78: loss 0.7860, val_ap 0.6216, minutes 40.19, lr 5.00e-04
    epoch 79: loss 0.7863, val_ap 0.6204, minutes 40.72, lr 5.00e-04
    epoch 80: loss 0.7903, val_ap 0.6180, minutes 41.22, lr 5.00e-04
    epoch 81: loss 0.7970, val_ap 0.6201, minutes 41.74, lr 5.00e-04
    epoch 82: loss 0.7707, val_ap 0.6207, minutes 42.32, lr 5.00e-04
    epoch 83: loss 0.7919, val_ap 0.6222, minutes 42.86, lr 5.00e-04
    epoch 84: loss 0.7768, val_ap 0.6209, minutes 43.36, lr 5.00e-04
    epoch 85: loss 0.7772, val_ap 0.6170, minutes 43.84, lr 5.00e-04
    epoch 86: loss 0.7696, val_ap 0.6256, minutes 44.37, lr 5.00e-04
    epoch 87: loss 0.7959, val_ap 0.6240, minutes 44.9, lr 5.00e-04
    epoch 88: loss 0.7596, val_ap 0.6242, minutes 45.42, lr 5.00e-04
    epoch 89: loss 0.7738, val_ap 0.6251, minutes 45.88, lr 5.00e-04
    epoch 90: loss 0.7734, val_ap 0.6217, minutes 46.42, lr 5.00e-04
    epoch 91: loss 0.7558, val_ap 0.6241, minutes 46.94, lr 5.00e-04
    epoch 92: loss 0.7715, val_ap 0.6170, minutes 47.46, lr 5.00e-04
    epoch 93: loss 0.7516, val_ap 0.6127, minutes 48.0, lr 5.00e-04
    epoch 94: loss 0.7657, val_ap 0.6157, minutes 48.52, lr 5.00e-04
    epoch 95: loss 0.7693, val_ap 0.6213, minutes 49.03, lr 2.50e-04
    epoch 96: loss 0.7583, val_ap 0.6229, minutes 49.62, lr 2.50e-04
    epoch 97: loss 0.7570, val_ap 0.6240, minutes 50.11, lr 2.50e-04
    epoch 98: loss 0.7494, val_ap 0.6181, minutes 50.63, lr 2.50e-04
    epoch 99: loss 0.7438, val_ap 0.6248, minutes 51.19, lr 2.50e-04
    epoch 100: loss 0.7410, val_ap 0.6226, minutes 51.7, lr 2.50e-04
    epoch 101: loss 0.7485, val_ap 0.6247, minutes 52.22, lr 2.50e-04
    epoch 102: loss 0.7501, val_ap 0.6236, minutes 52.73, lr 2.50e-04
    epoch 103: loss 0.7484, val_ap 0.6234, minutes 53.26, lr 2.50e-04
    epoch 104: loss 0.7422, val_ap 0.6250, minutes 53.82, lr 1.25e-04
    epoch 105: loss 0.7416, val_ap 0.6253, minutes 54.33, lr 1.25e-04
    epoch 106: loss 0.7287, val_ap 0.6240, minutes 54.83, lr 1.25e-04
    epoch 107: loss 0.7283, val_ap 0.6215, minutes 55.37, lr 1.25e-04
    epoch 108: loss 0.7275, val_ap 0.6218, minutes 55.91, lr 1.25e-04
    epoch 109: loss 0.7233, val_ap 0.6204, minutes 56.4, lr 1.25e-04
    epoch 110: loss 0.7252, val_ap 0.6227, minutes 56.92, lr 1.25e-04
    epoch 111: loss 0.7228, val_ap 0.6217, minutes 57.42, lr 1.25e-04
    stopping: no validation gain in 25 epochs
[res_nogate dataset0 fold 4 seed 1] done (58.2 min)
