loaded: dataset0 121,838 sites, data1 90,452
[attn_mil pooled_both fold 0]
    epoch 1: loss 1.163637330652285, minutes 0.37, val_ap 0.28294227293214824, lr 0.00033389355742296915
    epoch 2: loss 0.9399529748604077, minutes 0.79, val_ap 0.3476281838794245, lr 0.0006672268907563025
    epoch 3: loss 0.9000969874758681, minutes 1.22, val_ap 0.36871811335492183, lr 0.001
    epoch 4: loss 0.8837560432297843, minutes 1.65, val_ap 0.3854002155550372, lr 0.001
    epoch 5: loss 0.867955721326235, minutes 2.02, val_ap 0.3945783232138845, lr 0.001
    epoch 6: loss 0.8597162215649581, minutes 2.46, val_ap 0.40225946090384024, lr 0.001
    epoch 7: loss 0.8495429473263877, minutes 2.87, val_ap 0.40748567342295094, lr 0.001
    epoch 8: loss 0.8424799170313763, minutes 3.29, val_ap 0.415459692068714, lr 0.001
    epoch 9: loss 0.8396955709998347, minutes 3.72, val_ap 0.4184720310814703, lr 0.001
    epoch 10: loss 0.8333207156477856, minutes 4.18, val_ap 0.4196449772567142, lr 0.001
    epoch 11: loss 0.8280457780140789, minutes 4.63, val_ap 0.4229649219934991, lr 0.001
    epoch 12: loss 0.83113659329775, minutes 5.06, val_ap 0.42209563042781145, lr 0.001
    epoch 13: loss 0.8232378826922729, minutes 5.49, val_ap 0.4251243618048097, lr 0.001
    epoch 14: loss 0.8207650574315496, minutes 5.95, val_ap 0.42627161421605575, lr 0.001
    epoch 15: loss 0.8218808416558915, minutes 6.38, val_ap 0.4162560496610883, lr 0.001
    epoch 16: loss 0.8196982260511703, minutes 6.82, val_ap 0.4207006126374433, lr 0.001
    epoch 17: loss 0.8133952001062762, minutes 7.26, val_ap 0.43160160495390376, lr 0.001
    epoch 18: loss 0.8105533602858792, minutes 7.71, val_ap 0.42854666174007333, lr 0.001
    epoch 19: loss 0.8092246414232654, minutes 8.15, val_ap 0.43340554209204973, lr 0.001
    epoch 20: loss 0.8056600144931249, minutes 8.6, val_ap 0.42856467953800637, lr 0.001
    epoch 21: loss 0.8067616863911893, minutes 9.05, val_ap 0.42419283546074227, lr 0.001
    epoch 22: loss 0.8048850906997168, minutes 9.49, val_ap 0.4278329090930904, lr 0.001
    epoch 23: loss 0.800002858017673, minutes 9.94, val_ap 0.4313133970141094, lr 0.001
    epoch 24: loss 0.798699795899271, minutes 10.4, val_ap 0.42592783135312023, lr 0.001
    epoch 25: loss 0.7973534737815376, minutes 10.85, val_ap 0.43375258376208586, lr 0.001
    epoch 26: loss 0.7928899770023442, minutes 11.27, val_ap 0.42777816728445883, lr 0.001
    epoch 27: loss 0.7936292857683005, minutes 11.71, val_ap 0.42848477456456036, lr 0.001
    epoch 28: loss 0.7921776821633347, minutes 12.17, val_ap 0.4308104441967183, lr 0.001
    epoch 29: loss 0.7902870752230412, minutes 12.61, val_ap 0.4366702217618021, lr 0.001
    epoch 30: loss 0.7859521271801796, minutes 13.01, val_ap 0.4378476103261646, lr 0.001
    epoch 31: loss 0.7856983140737068, minutes 13.44, val_ap 0.43433675567110097, lr 0.001
    epoch 32: loss 0.7826468503274837, minutes 13.88, val_ap 0.4449744827749878, lr 0.001
    epoch 33: loss 0.78462912901109, minutes 14.29, val_ap 0.4323964017353319, lr 0.001
    epoch 34: loss 0.7802317586766572, minutes 14.72, val_ap 0.43080265932468564, lr 0.001
    epoch 35: loss 0.7742917482592478, minutes 15.17, val_ap 0.44149497588002257, lr 0.001
    epoch 36: loss 0.7756298071696979, minutes 15.62, val_ap 0.4478199207264697, lr 0.001
    epoch 37: loss 0.7744587412902287, minutes 16.07, val_ap 0.4352691360373324, lr 0.001
    epoch 38: loss 0.7762969626598999, minutes 16.51, val_ap 0.44018853238611594, lr 0.001
    epoch 39: loss 0.7741730272769928, minutes 16.9, val_ap 0.4366852110082873, lr 0.001
    epoch 40: loss 0.7681345873019274, minutes 17.35, val_ap 0.43428427736116826, lr 0.001
    epoch 41: loss 0.7660871954525218, minutes 17.79, val_ap 0.44657325237660334, lr 0.001
    epoch 42: loss 0.7665814104701291, minutes 18.21, val_ap 0.44422222774817743, lr 0.001
    epoch 43: loss 0.7652477805354014, minutes 18.62, val_ap 0.45057138200585667, lr 0.001
    epoch 44: loss 0.7657264844209206, minutes 19.05, val_ap 0.43723252751071656, lr 0.001
    epoch 45: loss 0.7600483159558112, minutes 19.49, val_ap 0.44655697076463363, lr 0.001
    epoch 46: loss 0.7596506670743477, minutes 19.94, val_ap 0.4316397088019246, lr 0.001
    epoch 47: loss 0.7591504057415394, minutes 20.35, val_ap 0.43167403970184265, lr 0.001
    epoch 48: loss 0.7553006586908292, minutes 20.81, val_ap 0.4434171396663679, lr 0.001
    epoch 49: loss 0.7522013859588559, minutes 21.24, val_ap 0.43427526651119647, lr 0.001
    epoch 50: loss 0.7593187400773793, minutes 21.68, val_ap 0.44074782528612616, lr 0.001
    epoch 51: loss 0.7512147346464526, minutes 22.09, val_ap 0.43227539455886377, lr 0.001
    epoch 52: loss 0.7526727267173158, minutes 22.52, val_ap 0.4377518616735938, lr 0.0005
    epoch 53: loss 0.7382265771637444, minutes 22.95, val_ap 0.43776598401263905, lr 0.0005
    epoch 54: loss 0.7339429544801471, minutes 23.4, val_ap 0.43399072567449215, lr 0.0005
    epoch 55: loss 0.7311994739941188, minutes 23.82, val_ap 0.4372597167547965, lr 0.0005
    epoch 56: loss 0.7273855450273562, minutes 24.26, val_ap 0.4409931195695172, lr 0.0005
    epoch 57: loss 0.7270494395444373, minutes 24.69, val_ap 0.4343293031813832, lr 0.0005
    epoch 58: loss 0.7286960849741928, minutes 25.11, val_ap 0.44257806399153743, lr 0.0005
    epoch 59: loss 0.7259887856094777, minutes 25.54, val_ap 0.4392954741630624, lr 0.0005
    epoch 60: loss 0.7217443249806637, minutes 25.96, val_ap 0.440377091534793, lr 0.0005
    epoch 61: loss 0.7222526435591593, minutes 26.39, val_ap 0.43667135759228976, lr 0.00025
    epoch 62: loss 0.7144299829707427, minutes 26.83, val_ap 0.4366321594818322, lr 0.00025
    epoch 63: loss 0.7134341005016775, minutes 27.26, val_ap 0.4342198571850682, lr 0.00025
    epoch 64: loss 0.7157962483017385, minutes 27.68, val_ap 0.4368303056769927, lr 0.00025
    epoch 65: loss 0.7079414716788701, minutes 28.09, val_ap 0.4362165056261549, lr 0.00025
    epoch 66: loss 0.7046445862084878, minutes 28.51, val_ap 0.43363485116480177, lr 0.00025
    epoch 67: loss 0.7045569957304402, minutes 28.92, val_ap 0.43443677122118124, lr 0.00025
    stopping: no validation gain in 25 epochs
[attn_mil pooled_both fold 0] done (29.5 min)
