loaded: dataset0 121,838 sites, data1 90,452
[res_gate pooled_both fold 3 seed 1]
    kernel decay scale 113.4 nt (fitted to cell line 1 training labels)
    epoch 1: loss 1.8891, val_ap 0.1666, minutes 0.92, lr 3.31e-04
    epoch 2: loss 1.5660, val_ap 0.3057, minutes 1.72, lr 6.60e-04
    epoch 3: loss 1.4179, val_ap 0.4043, minutes 2.6, lr 9.89e-04
    epoch 4: loss 1.3262, val_ap 0.4396, minutes 3.47, lr 1.00e-03
    epoch 5: loss 1.2777, val_ap 0.4550, minutes 4.26, lr 1.00e-03
    epoch 6: loss 1.2547, val_ap 0.4576, minutes 5.08, lr 1.00e-03
    epoch 7: loss 1.2441, val_ap 0.4666, minutes 5.97, lr 1.00e-03
    epoch 8: loss 1.2431, val_ap 0.4566, minutes 6.8, lr 1.00e-03
    epoch 9: loss 1.2259, val_ap 0.4683, minutes 7.64, lr 1.00e-03
    epoch 10: loss 1.2144, val_ap 0.4739, minutes 8.53, lr 1.00e-03
    epoch 11: loss 1.2126, val_ap 0.4768, minutes 9.45, lr 1.00e-03
    epoch 12: loss 1.2042, val_ap 0.4843, minutes 10.36, lr 1.00e-03
    epoch 13: loss 1.1917, val_ap 0.4849, minutes 11.24, lr 1.00e-03
    epoch 14: loss 1.2019, val_ap 0.4822, minutes 12.17, lr 1.00e-03
    epoch 15: loss 1.1895, val_ap 0.4833, minutes 13.05, lr 1.00e-03
    epoch 16: loss 1.1761, val_ap 0.4849, minutes 13.92, lr 1.00e-03
    epoch 17: loss 1.1768, val_ap 0.4937, minutes 14.85, lr 1.00e-03
    epoch 18: loss 1.1830, val_ap 0.4863, minutes 15.67, lr 1.00e-03
    epoch 19: loss 1.1612, val_ap 0.4985, minutes 16.52, lr 1.00e-03
    epoch 20: loss 1.1638, val_ap 0.4978, minutes 17.39, lr 1.00e-03
    epoch 21: loss 1.1652, val_ap 0.4989, minutes 18.25, lr 1.00e-03
    epoch 22: loss 1.1554, val_ap 0.5029, minutes 19.15, lr 1.00e-03
    epoch 23: loss 1.1559, val_ap 0.5010, minutes 20.06, lr 1.00e-03
    epoch 24: loss 1.1567, val_ap 0.4969, minutes 21.01, lr 1.00e-03
    epoch 25: loss 1.1493, val_ap 0.4912, minutes 21.94, lr 1.00e-03
    epoch 26: loss 1.1482, val_ap 0.5096, minutes 22.82, lr 1.00e-03
    epoch 27: loss 1.1489, val_ap 0.5020, minutes 23.68, lr 1.00e-03
    epoch 28: loss 1.1382, val_ap 0.5010, minutes 24.59, lr 1.00e-03
    epoch 29: loss 1.1387, val_ap 0.5079, minutes 25.55, lr 1.00e-03
    epoch 30: loss 1.1445, val_ap 0.5144, minutes 26.45, lr 1.00e-03
    epoch 31: loss 1.1344, val_ap 0.5180, minutes 27.29, lr 1.00e-03
    epoch 32: loss 1.1360, val_ap 0.5088, minutes 28.14, lr 1.00e-03
    epoch 33: loss 1.1267, val_ap 0.5155, minutes 28.96, lr 1.00e-03
    epoch 34: loss 1.1312, val_ap 0.5089, minutes 29.78, lr 1.00e-03
    epoch 35: loss 1.1220, val_ap 0.5114, minutes 30.71, lr 1.00e-03
    epoch 36: loss 1.1175, val_ap 0.5223, minutes 31.56, lr 1.00e-03
    epoch 37: loss 1.1101, val_ap 0.5171, minutes 32.38, lr 1.00e-03
    epoch 38: loss 1.1262, val_ap 0.5088, minutes 33.16, lr 1.00e-03
    epoch 39: loss 1.1274, val_ap 0.5028, minutes 33.98, lr 1.00e-03
    epoch 40: loss 1.1184, val_ap 0.5175, minutes 34.82, lr 1.00e-03
    epoch 41: loss 1.1004, val_ap 0.5246, minutes 35.64, lr 1.00e-03
    epoch 42: loss 1.1054, val_ap 0.5132, minutes 36.46, lr 1.00e-03
    epoch 43: loss 1.1046, val_ap 0.5177, minutes 37.25, lr 1.00e-03
    epoch 44: loss 1.1009, val_ap 0.5247, minutes 38.08, lr 1.00e-03
    epoch 45: loss 1.0976, val_ap 0.5160, minutes 38.93, lr 1.00e-03
    epoch 46: loss 1.0948, val_ap 0.5178, minutes 39.94, lr 1.00e-03
    epoch 47: loss 1.0970, val_ap 0.5211, minutes 40.9, lr 1.00e-03
    epoch 48: loss 1.0948, val_ap 0.5201, minutes 41.79, lr 1.00e-03
    epoch 49: loss 1.0999, val_ap 0.5185, minutes 42.7, lr 1.00e-03
    epoch 50: loss 1.0907, val_ap 0.5191, minutes 43.64, lr 1.00e-03
    epoch 51: loss 1.0867, val_ap 0.5161, minutes 44.58, lr 1.00e-03
    epoch 52: loss 1.0876, val_ap 0.4948, minutes 45.48, lr 1.00e-03
    epoch 53: loss 1.0910, val_ap 0.5239, minutes 46.42, lr 5.00e-04
    epoch 54: loss 1.0648, val_ap 0.5259, minutes 47.37, lr 5.00e-04
    epoch 55: loss 1.0626, val_ap 0.5234, minutes 48.27, lr 5.00e-04
    epoch 56: loss 1.0603, val_ap 0.5254, minutes 49.13, lr 5.00e-04
    epoch 57: loss 1.0632, val_ap 0.5240, minutes 50.02, lr 5.00e-04
    epoch 58: loss 1.0536, val_ap 0.5235, minutes 50.93, lr 5.00e-04
    epoch 59: loss 1.0545, val_ap 0.5198, minutes 51.8, lr 5.00e-04
    epoch 60: loss 1.0496, val_ap 0.5208, minutes 52.74, lr 5.00e-04
    epoch 61: loss 1.0573, val_ap 0.5220, minutes 53.61, lr 5.00e-04
    epoch 62: loss 1.0574, val_ap 0.5140, minutes 54.47, lr 5.00e-04
    epoch 63: loss 1.0564, val_ap 0.5191, minutes 55.34, lr 2.50e-04
    epoch 64: loss 1.0443, val_ap 0.5235, minutes 56.21, lr 2.50e-04
    epoch 65: loss 1.0440, val_ap 0.5212, minutes 57.14, lr 2.50e-04
    epoch 66: loss 1.0361, val_ap 0.5231, minutes 58.1, lr 2.50e-04
    epoch 67: loss 1.0411, val_ap 0.5221, minutes 59.08, lr 2.50e-04
    epoch 68: loss 1.0337, val_ap 0.5204, minutes 60.06, lr 2.50e-04
    epoch 69: loss 1.0346, val_ap 0.5235, minutes 60.96, lr 2.50e-04
    epoch 70: loss 1.0446, val_ap 0.5199, minutes 61.89, lr 2.50e-04
    epoch 71: loss 1.0397, val_ap 0.5239, minutes 62.79, lr 2.50e-04
    epoch 72: loss 1.0338, val_ap 0.5207, minutes 63.73, lr 1.25e-04
    epoch 73: loss 1.0247, val_ap 0.5234, minutes 64.67, lr 1.25e-04
    epoch 74: loss 1.0270, val_ap 0.5231, minutes 65.61, lr 1.25e-04
    epoch 75: loss 1.0272, val_ap 0.5248, minutes 66.55, lr 1.25e-04
    epoch 76: loss 1.0215, val_ap 0.5173, minutes 67.52, lr 1.25e-04
    epoch 77: loss 1.0299, val_ap 0.5242, minutes 68.48, lr 1.25e-04
    epoch 78: loss 1.0238, val_ap 0.5214, minutes 69.42, lr 1.25e-04
    epoch 79: loss 1.0241, val_ap 0.5229, minutes 70.36, lr 1.25e-04
    stopping: no validation gain in 25 epochs
[res_gate pooled_both fold 3 seed 1] done (71.2 min)
