loaded: dataset0 121,838 sites, data1 90,452
[res_nodrop pooled_both fold 1 seed 2]
    kernel decay scale 114.6 nt (fitted to cell line 1 training labels)
    epoch 1: loss 1.8747, val_ap 0.1728, minutes 0.78, lr 3.31e-04
    epoch 2: loss 1.5669, val_ap 0.3079, minutes 1.44, lr 6.60e-04
    epoch 3: loss 1.3897, val_ap 0.4138, minutes 2.23, lr 9.89e-04
    epoch 4: loss 1.3089, val_ap 0.4115, minutes 3.0, lr 1.00e-03
    epoch 5: loss 1.2814, val_ap 0.4385, minutes 3.76, lr 1.00e-03
    epoch 6: loss 1.2468, val_ap 0.4538, minutes 4.52, lr 1.00e-03
    epoch 7: loss 1.2390, val_ap 0.4661, minutes 5.29, lr 1.00e-03
    epoch 8: loss 1.2289, val_ap 0.4642, minutes 6.06, lr 1.00e-03
    epoch 9: loss 1.2119, val_ap 0.4694, minutes 6.86, lr 1.00e-03
    epoch 10: loss 1.2116, val_ap 0.4772, minutes 7.66, lr 1.00e-03
    epoch 11: loss 1.1988, val_ap 0.4747, minutes 8.44, lr 1.00e-03
    epoch 12: loss 1.1860, val_ap 0.4820, minutes 9.21, lr 1.00e-03
    epoch 13: loss 1.2036, val_ap 0.4800, minutes 9.95, lr 1.00e-03
    epoch 14: loss 1.1922, val_ap 0.4821, minutes 10.67, lr 1.00e-03
    epoch 15: loss 1.1835, val_ap 0.4797, minutes 11.39, lr 1.00e-03
    epoch 16: loss 1.1681, val_ap 0.4825, minutes 12.12, lr 1.00e-03
    epoch 17: loss 1.1761, val_ap 0.4842, minutes 12.86, lr 1.00e-03
    epoch 18: loss 1.1675, val_ap 0.4901, minutes 13.61, lr 1.00e-03
    epoch 19: loss 1.1605, val_ap 0.4895, minutes 14.42, lr 1.00e-03
    epoch 20: loss 1.1549, val_ap 0.4897, minutes 15.22, lr 1.00e-03
    epoch 21: loss 1.1547, val_ap 0.4936, minutes 15.98, lr 1.00e-03
    epoch 22: loss 1.1502, val_ap 0.4975, minutes 16.78, lr 1.00e-03
    epoch 23: loss 1.1516, val_ap 0.4921, minutes 17.54, lr 1.00e-03
    epoch 24: loss 1.1451, val_ap 0.4937, minutes 18.28, lr 1.00e-03
    epoch 25: loss 1.1381, val_ap 0.4953, minutes 19.05, lr 1.00e-03
    epoch 26: loss 1.1362, val_ap 0.4954, minutes 19.8, lr 1.00e-03
    epoch 27: loss 1.1343, val_ap 0.4960, minutes 20.56, lr 1.00e-03
    epoch 28: loss 1.1312, val_ap 0.4947, minutes 21.35, lr 1.00e-03
    epoch 29: loss 1.1192, val_ap 0.4983, minutes 22.14, lr 1.00e-03
    epoch 30: loss 1.1174, val_ap 0.4999, minutes 22.93, lr 1.00e-03
    epoch 31: loss 1.1239, val_ap 0.4996, minutes 23.68, lr 1.00e-03
    epoch 32: loss 1.1180, val_ap 0.4996, minutes 24.48, lr 1.00e-03
    epoch 33: loss 1.1211, val_ap 0.5050, minutes 25.26, lr 1.00e-03
    epoch 34: loss 1.1092, val_ap 0.5020, minutes 26.04, lr 1.00e-03
    epoch 35: loss 1.1071, val_ap 0.4993, minutes 26.76, lr 1.00e-03
    epoch 36: loss 1.1064, val_ap 0.5017, minutes 27.5, lr 1.00e-03
    epoch 37: loss 1.0961, val_ap 0.4915, minutes 28.23, lr 1.00e-03
    epoch 38: loss 1.0900, val_ap 0.4963, minutes 28.95, lr 1.00e-03
    epoch 39: loss 1.0887, val_ap 0.4952, minutes 29.75, lr 1.00e-03
    epoch 40: loss 1.1003, val_ap 0.4994, minutes 30.53, lr 1.00e-03
    epoch 41: loss 1.0860, val_ap 0.4976, minutes 31.29, lr 1.00e-03
    epoch 42: loss 1.0796, val_ap 0.4982, minutes 32.02, lr 5.00e-04
    epoch 43: loss 1.0671, val_ap 0.4949, minutes 32.81, lr 5.00e-04
    epoch 44: loss 1.0584, val_ap 0.4982, minutes 33.59, lr 5.00e-04
    epoch 45: loss 1.0567, val_ap 0.4921, minutes 34.33, lr 5.00e-04
    epoch 46: loss 1.0501, val_ap 0.4930, minutes 35.07, lr 5.00e-04
    epoch 47: loss 1.0476, val_ap 0.4919, minutes 35.8, lr 5.00e-04
    epoch 48: loss 1.0491, val_ap 0.4929, minutes 36.58, lr 5.00e-04
    epoch 49: loss 1.0504, val_ap 0.4967, minutes 37.34, lr 5.00e-04
    epoch 50: loss 1.0472, val_ap 0.4871, minutes 38.09, lr 5.00e-04
    epoch 51: loss 1.0383, val_ap 0.4950, minutes 38.87, lr 2.50e-04
    epoch 52: loss 1.0398, val_ap 0.4937, minutes 39.69, lr 2.50e-04
    epoch 53: loss 1.0282, val_ap 0.4970, minutes 40.45, lr 2.50e-04
    epoch 54: loss 1.0263, val_ap 0.4930, minutes 41.29, lr 2.50e-04
    epoch 55: loss 1.0234, val_ap 0.4875, minutes 42.14, lr 2.50e-04
    epoch 56: loss 1.0166, val_ap 0.4873, minutes 42.94, lr 2.50e-04
    epoch 57: loss 1.0162, val_ap 0.4876, minutes 43.72, lr 2.50e-04
    epoch 58: loss 1.0259, val_ap 0.4879, minutes 44.46, lr 2.50e-04
    stopping: no validation gain in 25 epochs
[res_nodrop pooled_both fold 1 seed 2] done (45.2 min)
