loaded: dataset0 121,838 sites, data1 90,452
[set_transformer dataset0 fold 2 seed 2]
    epoch 1: loss 1.0227340876711586, minutes 1.65, val_ap 0.4309335791126386, lr 0.00033429672447013486
    epoch 2: loss 0.8185804459573216, minutes 3.62, val_ap 0.46375608963863235, lr 0.0006676300578034682
    epoch 3: loss 0.7833305294114041, minutes 5.7, val_ap 0.46033545782497215, lr 0.001
    epoch 4: loss 0.7476929426193237, minutes 7.8, val_ap 0.45479933318805055, lr 0.001
    epoch 5: loss 0.7238151647279717, minutes 9.93, val_ap 0.5024884429394119, lr 0.001
    epoch 6: loss 0.7138236169353386, minutes 12.09, val_ap 0.5235662018306243, lr 0.001
    epoch 7: loss 0.7051583764525508, minutes 14.11, val_ap 0.5057070707119404, lr 0.001
    epoch 8: loss 0.6970896637336367, minutes 16.23, val_ap 0.46927864962392063, lr 0.001
    epoch 9: loss 0.6922764076146087, minutes 18.3, val_ap 0.5227306859650147, lr 0.001
    epoch 10: loss 0.688734080147192, minutes 20.43, val_ap 0.5197542379435017, lr 0.001
    epoch 11: loss 0.6805864739624751, minutes 22.5, val_ap 0.49610731669655667, lr 0.001
    epoch 12: loss 0.6740131844158117, minutes 24.6, val_ap 0.5328572543871786, lr 0.001
    epoch 13: loss 0.6627531502115933, minutes 26.73, val_ap 0.540253066479279, lr 0.001
    epoch 14: loss 0.672508125015766, minutes 28.79, val_ap 0.5257249126478568, lr 0.001
    epoch 15: loss 0.653694869207509, minutes 30.83, val_ap 0.5371734990281232, lr 0.001
    epoch 16: loss 0.6593855683169613, minutes 32.81, val_ap 0.5284840048561402, lr 0.001
    epoch 17: loss 0.6561041883478275, minutes 34.9, val_ap 0.5277131750680493, lr 0.001
    epoch 18: loss 0.652796258299337, minutes 36.95, val_ap 0.5242086483557452, lr 0.001
    epoch 19: loss 0.649668350126702, minutes 39.06, val_ap 0.5419297244645499, lr 0.001
    epoch 20: loss 0.6472955973162128, minutes 41.15, val_ap 0.5147056891304587, lr 0.001
    epoch 21: loss 0.6319404243561574, minutes 43.25, val_ap 0.5443277694874349, lr 0.001
    epoch 22: loss 0.633708688823474, minutes 45.33, val_ap 0.5370723047628944, lr 0.001
    epoch 23: loss 0.6329137491697521, minutes 47.43, val_ap 0.539781955796608, lr 0.001
    epoch 24: loss 0.62218770462309, minutes 49.48, val_ap 0.5390728867558117, lr 0.001
    epoch 25: loss 0.6296443395704203, minutes 51.56, val_ap 0.5394181627015409, lr 0.001
    epoch 26: loss 0.6245772097841163, minutes 53.58, val_ap 0.5472132346084572, lr 0.001
    epoch 27: loss 0.6141163000912335, minutes 55.67, val_ap 0.5387029295842748, lr 0.001
    epoch 28: loss 0.6351021256060959, minutes 57.68, val_ap 0.5249449802528772, lr 0.001
    epoch 29: loss 0.6143318195908056, minutes 59.73, val_ap 0.5612120059320083, lr 0.001
    epoch 30: loss 0.6058510762849295, minutes 61.77, val_ap 0.5529067544571161, lr 0.001
    epoch 31: loss 0.6060249693476396, minutes 63.82, val_ap 0.5292462234078412, lr 0.001
    epoch 32: loss 0.6082979457054524, minutes 65.87, val_ap 0.5337383091076164, lr 0.001
    epoch 33: loss 0.6078661072977706, minutes 67.82, val_ap 0.527310422401652, lr 0.001
    epoch 34: loss 0.5930955596052843, minutes 69.88, val_ap 0.5598019875749034, lr 0.001
    epoch 35: loss 0.5918285739042856, minutes 71.93, val_ap 0.5435501852992786, lr 0.001
    epoch 36: loss 0.5886662561941698, minutes 74.0, val_ap 0.5600704596310727, lr 0.001
    epoch 37: loss 0.5925990927081577, minutes 76.06, val_ap 0.5552838662601587, lr 0.001
    epoch 38: loss 0.5798310491907803, minutes 78.09, val_ap 0.5450927297634917, lr 0.0005
    epoch 39: loss 0.563909520949587, minutes 80.17, val_ap 0.5516805654142651, lr 0.0005
    epoch 40: loss 0.5500692665749203, minutes 82.21, val_ap 0.5462315366197462, lr 0.0005
    epoch 41: loss 0.5355346564181968, minutes 84.32, val_ap 0.5450344706301854, lr 0.0005
    epoch 42: loss 0.5468492057454379, minutes 86.34, val_ap 0.5486799653182037, lr 0.0005
    epoch 43: loss 0.5472144167547282, minutes 88.33, val_ap 0.5538090066233338, lr 0.0005
    epoch 44: loss 0.5361518420149826, minutes 90.36, val_ap 0.5563970491268505, lr 0.0005
    epoch 45: loss 0.5258664016348089, minutes 92.36, val_ap 0.5478898061012024, lr 0.0005
    epoch 46: loss 0.5373190627621778, minutes 94.37, val_ap 0.5483940294178599, lr 0.0005
    epoch 47: loss 0.5254663356897459, minutes 96.36, val_ap 0.5418590728213615, lr 0.00025
    epoch 48: loss 0.5066542305870553, minutes 98.4, val_ap 0.5515919861409124, lr 0.00025
    epoch 49: loss 0.4989003230726099, minutes 100.38, val_ap 0.5553829670847685, lr 0.00025
    epoch 50: loss 0.5034335403342467, minutes 102.3, val_ap 0.547808755961793, lr 0.00025
    epoch 51: loss 0.48770849294745167, minutes 104.29, val_ap 0.5487455392977892, lr 0.00025
    epoch 52: loss 0.5009023541573844, minutes 106.26, val_ap 0.5452550955872422, lr 0.00025
    epoch 53: loss 0.4842720584717789, minutes 108.23, val_ap 0.5383740287403543, lr 0.00025
    stopping: no validation gain in 25 epochs
[set_transformer dataset0 fold 2 seed 2] done (112.0 min)
