loaded: dataset0 121,838 sites, data1 90,452
[res_gate pooled_both fold 1 seed 1]
    kernel decay scale 114.6 nt (fitted to cell line 1 training labels)
    epoch 1: loss 1.8913, val_ap 0.1717, minutes 0.78, lr 3.31e-04
    epoch 2: loss 1.5530, val_ap 0.3295, minutes 1.61, lr 6.60e-04
    epoch 3: loss 1.3774, val_ap 0.4297, minutes 2.4, lr 9.89e-04
    epoch 4: loss 1.3186, val_ap 0.4451, minutes 3.31, lr 1.00e-03
    epoch 5: loss 1.2801, val_ap 0.4562, minutes 4.16, lr 1.00e-03
    epoch 6: loss 1.2587, val_ap 0.4564, minutes 4.95, lr 1.00e-03
    epoch 7: loss 1.2543, val_ap 0.4556, minutes 5.75, lr 1.00e-03
    epoch 8: loss 1.2461, val_ap 0.4653, minutes 6.55, lr 1.00e-03
    epoch 9: loss 1.2409, val_ap 0.4606, minutes 7.39, lr 1.00e-03
    epoch 10: loss 1.2312, val_ap 0.4708, minutes 8.17, lr 1.00e-03
    epoch 11: loss 1.2210, val_ap 0.4716, minutes 8.95, lr 1.00e-03
    epoch 12: loss 1.2206, val_ap 0.4760, minutes 9.75, lr 1.00e-03
    epoch 13: loss 1.2091, val_ap 0.4769, minutes 10.56, lr 1.00e-03
    epoch 14: loss 1.2200, val_ap 0.4731, minutes 11.29, lr 1.00e-03
    epoch 15: loss 1.2240, val_ap 0.4762, minutes 12.06, lr 1.00e-03
    epoch 16: loss 1.2079, val_ap 0.4770, minutes 12.82, lr 1.00e-03
    epoch 17: loss 1.2120, val_ap 0.4771, minutes 13.56, lr 1.00e-03
    epoch 18: loss 1.1986, val_ap 0.4815, minutes 14.39, lr 1.00e-03
    epoch 19: loss 1.2031, val_ap 0.4794, minutes 15.2, lr 1.00e-03
    epoch 20: loss 1.2001, val_ap 0.4783, minutes 16.08, lr 1.00e-03
    epoch 21: loss 1.1881, val_ap 0.4815, minutes 16.97, lr 1.00e-03
    epoch 22: loss 1.1936, val_ap 0.4834, minutes 17.78, lr 1.00e-03
    epoch 23: loss 1.1855, val_ap 0.4838, minutes 18.58, lr 1.00e-03
    epoch 24: loss 1.1871, val_ap 0.4867, minutes 19.38, lr 1.00e-03
    epoch 25: loss 1.1798, val_ap 0.4852, minutes 20.14, lr 1.00e-03
    epoch 26: loss 1.1763, val_ap 0.4898, minutes 20.91, lr 1.00e-03
    epoch 27: loss 1.1652, val_ap 0.4871, minutes 21.6, lr 1.00e-03
    epoch 28: loss 1.1706, val_ap 0.4829, minutes 22.32, lr 1.00e-03
    epoch 29: loss 1.1661, val_ap 0.4921, minutes 23.14, lr 1.00e-03
    epoch 30: loss 1.1731, val_ap 0.4890, minutes 23.9, lr 1.00e-03
    epoch 31: loss 1.1644, val_ap 0.4939, minutes 24.7, lr 1.00e-03
    epoch 32: loss 1.1607, val_ap 0.4911, minutes 25.41, lr 1.00e-03
    epoch 33: loss 1.1698, val_ap 0.4960, minutes 26.07, lr 1.00e-03
    epoch 34: loss 1.1588, val_ap 0.4966, minutes 26.79, lr 1.00e-03
    epoch 35: loss 1.1528, val_ap 0.4964, minutes 27.51, lr 1.00e-03
    epoch 36: loss 1.1483, val_ap 0.5006, minutes 28.29, lr 1.00e-03
    epoch 37: loss 1.1484, val_ap 0.4974, minutes 29.01, lr 1.00e-03
    epoch 38: loss 1.1465, val_ap 0.5020, minutes 29.74, lr 1.00e-03
    epoch 39: loss 1.1430, val_ap 0.4999, minutes 30.46, lr 1.00e-03
    epoch 40: loss 1.1423, val_ap 0.5003, minutes 31.21, lr 1.00e-03
    epoch 41: loss 1.1472, val_ap 0.4951, minutes 31.97, lr 1.00e-03
    epoch 42: loss 1.1326, val_ap 0.5029, minutes 32.73, lr 1.00e-03
    epoch 43: loss 1.1364, val_ap 0.5012, minutes 33.48, lr 1.00e-03
    epoch 44: loss 1.1365, val_ap 0.4971, minutes 34.26, lr 1.00e-03
    epoch 45: loss 1.1284, val_ap 0.4878, minutes 35.05, lr 1.00e-03
    epoch 46: loss 1.1314, val_ap 0.4940, minutes 35.76, lr 1.00e-03
    epoch 47: loss 1.1266, val_ap 0.5008, minutes 36.47, lr 1.00e-03
    epoch 48: loss 1.1309, val_ap 0.4915, minutes 37.19, lr 1.00e-03
    epoch 49: loss 1.1347, val_ap 0.4947, minutes 37.91, lr 1.00e-03
    epoch 50: loss 1.1201, val_ap 0.4920, minutes 38.68, lr 1.00e-03
    epoch 51: loss 1.1140, val_ap 0.4910, minutes 39.43, lr 5.00e-04
    epoch 52: loss 1.1022, val_ap 0.4938, minutes 40.2, lr 5.00e-04
    epoch 53: loss 1.0935, val_ap 0.4951, minutes 40.93, lr 5.00e-04
    epoch 54: loss 1.1046, val_ap 0.4903, minutes 41.67, lr 5.00e-04
    epoch 55: loss 1.0938, val_ap 0.4972, minutes 42.36, lr 5.00e-04
    epoch 56: loss 1.0915, val_ap 0.4937, minutes 43.11, lr 5.00e-04
    epoch 57: loss 1.0905, val_ap 0.4941, minutes 43.88, lr 5.00e-04
    epoch 58: loss 1.0899, val_ap 0.4973, minutes 44.68, lr 5.00e-04
    epoch 59: loss 1.0904, val_ap 0.4979, minutes 45.46, lr 5.00e-04
    epoch 60: loss 1.0915, val_ap 0.4948, minutes 46.23, lr 2.50e-04
    epoch 61: loss 1.0828, val_ap 0.4957, minutes 46.96, lr 2.50e-04
    epoch 62: loss 1.0759, val_ap 0.4952, minutes 47.69, lr 2.50e-04
    epoch 63: loss 1.0767, val_ap 0.4912, minutes 48.41, lr 2.50e-04
    epoch 64: loss 1.0773, val_ap 0.4942, minutes 49.18, lr 2.50e-04
    epoch 65: loss 1.0723, val_ap 0.4908, minutes 49.9, lr 2.50e-04
    epoch 66: loss 1.0736, val_ap 0.4931, minutes 50.64, lr 2.50e-04
    epoch 67: loss 1.0707, val_ap 0.4955, minutes 51.34, lr 2.50e-04
    stopping: no validation gain in 25 epochs
[res_gate pooled_both fold 1 seed 1] done (52.2 min)
