loaded: dataset0 121,838 sites, data1 90,452
[h2gcn_local pooled_both fold 1 seed 1]
    epoch 1: loss 1.2573, val_ap 0.1852, minutes 0.79, lr 3.31e-04
    epoch 2: loss 1.0195, val_ap 0.3552, minutes 1.59, lr 6.60e-04
    epoch 3: loss 0.8959, val_ap 0.4269, minutes 2.46, lr 9.89e-04
    epoch 4: loss 0.8575, val_ap 0.4376, minutes 3.22, lr 1.00e-03
    epoch 5: loss 0.8354, val_ap 0.4443, minutes 4.02, lr 1.00e-03
    epoch 6: loss 0.8199, val_ap 0.4373, minutes 4.83, lr 1.00e-03
    epoch 7: loss 0.8123, val_ap 0.4375, minutes 5.61, lr 1.00e-03
    epoch 8: loss 0.8105, val_ap 0.4503, minutes 6.37, lr 1.00e-03
    epoch 9: loss 0.8021, val_ap 0.4445, minutes 7.16, lr 1.00e-03
    epoch 10: loss 0.8011, val_ap 0.4507, minutes 7.94, lr 1.00e-03
    epoch 11: loss 0.7896, val_ap 0.4539, minutes 8.71, lr 1.00e-03
    epoch 12: loss 0.7881, val_ap 0.4579, minutes 9.48, lr 1.00e-03
    epoch 13: loss 0.7829, val_ap 0.4630, minutes 10.28, lr 1.00e-03
    epoch 14: loss 0.7832, val_ap 0.4678, minutes 11.07, lr 1.00e-03
    epoch 15: loss 0.7856, val_ap 0.4699, minutes 11.87, lr 1.00e-03
    epoch 16: loss 0.7758, val_ap 0.4716, minutes 12.66, lr 1.00e-03
    epoch 17: loss 0.7727, val_ap 0.4697, minutes 13.49, lr 1.00e-03
    epoch 18: loss 0.7637, val_ap 0.4745, minutes 14.27, lr 1.00e-03
    epoch 19: loss 0.7644, val_ap 0.4738, minutes 15.0, lr 1.00e-03
    epoch 20: loss 0.7580, val_ap 0.4768, minutes 15.77, lr 1.00e-03
    epoch 21: loss 0.7569, val_ap 0.4807, minutes 16.52, lr 1.00e-03
    epoch 22: loss 0.7583, val_ap 0.4811, minutes 17.29, lr 1.00e-03
    epoch 23: loss 0.7485, val_ap 0.4861, minutes 18.03, lr 1.00e-03
    epoch 24: loss 0.7504, val_ap 0.4822, minutes 18.82, lr 1.00e-03
    epoch 25: loss 0.7450, val_ap 0.4820, minutes 19.56, lr 1.00e-03
    epoch 26: loss 0.7405, val_ap 0.4879, minutes 20.35, lr 1.00e-03
    epoch 27: loss 0.7295, val_ap 0.4798, minutes 21.17, lr 1.00e-03
    epoch 28: loss 0.7307, val_ap 0.4855, minutes 21.94, lr 1.00e-03
    epoch 29: loss 0.7288, val_ap 0.4840, minutes 22.76, lr 1.00e-03
    epoch 30: loss 0.7244, val_ap 0.4825, minutes 23.52, lr 1.00e-03
    epoch 31: loss 0.7194, val_ap 0.4865, minutes 24.32, lr 1.00e-03
    epoch 32: loss 0.7166, val_ap 0.4880, minutes 25.13, lr 1.00e-03
    epoch 33: loss 0.7132, val_ap 0.4899, minutes 25.91, lr 1.00e-03
    epoch 34: loss 0.7133, val_ap 0.4848, minutes 26.67, lr 1.00e-03
    epoch 35: loss 0.7049, val_ap 0.4910, minutes 27.44, lr 1.00e-03
    epoch 36: loss 0.6970, val_ap 0.4876, minutes 28.13, lr 1.00e-03
    epoch 37: loss 0.6941, val_ap 0.4904, minutes 28.92, lr 1.00e-03
    epoch 38: loss 0.6933, val_ap 0.4854, minutes 29.72, lr 1.00e-03
    epoch 39: loss 0.6892, val_ap 0.4887, minutes 30.54, lr 1.00e-03
    epoch 40: loss 0.6902, val_ap 0.4836, minutes 31.34, lr 1.00e-03
    epoch 41: loss 0.6786, val_ap 0.4942, minutes 32.14, lr 1.00e-03
    epoch 42: loss 0.6730, val_ap 0.4922, minutes 32.96, lr 1.00e-03
    epoch 43: loss 0.6709, val_ap 0.4943, minutes 33.77, lr 1.00e-03
    epoch 44: loss 0.6608, val_ap 0.4877, minutes 34.54, lr 1.00e-03
    epoch 45: loss 0.6648, val_ap 0.4915, minutes 35.34, lr 1.00e-03
    epoch 46: loss 0.6551, val_ap 0.4915, minutes 36.12, lr 1.00e-03
    epoch 47: loss 0.6502, val_ap 0.4860, minutes 36.91, lr 1.00e-03
    epoch 48: loss 0.6414, val_ap 0.4880, minutes 37.7, lr 1.00e-03
    epoch 49: loss 0.6495, val_ap 0.4814, minutes 38.49, lr 1.00e-03
    epoch 50: loss 0.6346, val_ap 0.4838, minutes 39.29, lr 1.00e-03
    epoch 51: loss 0.6329, val_ap 0.4826, minutes 40.08, lr 1.00e-03
    epoch 52: loss 0.6241, val_ap 0.4842, minutes 40.87, lr 5.00e-04
    epoch 53: loss 0.5965, val_ap 0.4893, minutes 41.6, lr 5.00e-04
    epoch 54: loss 0.5963, val_ap 0.4874, minutes 42.35, lr 5.00e-04
    epoch 55: loss 0.5911, val_ap 0.4884, minutes 43.08, lr 5.00e-04
    epoch 56: loss 0.5864, val_ap 0.4847, minutes 43.82, lr 5.00e-04
    epoch 57: loss 0.5780, val_ap 0.4852, minutes 44.52, lr 5.00e-04
    epoch 58: loss 0.5862, val_ap 0.4836, minutes 45.24, lr 5.00e-04
    epoch 59: loss 0.5802, val_ap 0.4772, minutes 45.98, lr 5.00e-04
    epoch 60: loss 0.5818, val_ap 0.4789, minutes 46.76, lr 5.00e-04
    epoch 61: loss 0.5765, val_ap 0.4745, minutes 47.55, lr 2.50e-04
    epoch 62: loss 0.5578, val_ap 0.4842, minutes 48.25, lr 2.50e-04
    epoch 63: loss 0.5525, val_ap 0.4826, minutes 49.0, lr 2.50e-04
    epoch 64: loss 0.5569, val_ap 0.4810, minutes 49.75, lr 2.50e-04
    epoch 65: loss 0.5508, val_ap 0.4781, minutes 50.5, lr 2.50e-04
    epoch 66: loss 0.5516, val_ap 0.4796, minutes 51.28, lr 2.50e-04
    epoch 67: loss 0.5503, val_ap 0.4807, minutes 52.02, lr 2.50e-04
    epoch 68: loss 0.5472, val_ap 0.4749, minutes 52.76, lr 2.50e-04
    stopping: no validation gain in 25 epochs
[h2gcn_local pooled_both fold 1 seed 1] done (53.5 min)
