loaded: dataset0 121,838 sites, data1 90,452
[scalar_random dataset0 fold 4 seed 1]
    kernel decay scale 97.3 nt (fitted to cell line 1 training labels)
    epoch 1: loss 1.9775, val_ap 0.1054, minutes 0.43, lr 3.33e-04
    epoch 2: loss 1.5996, val_ap 0.2226, minutes 0.86, lr 6.63e-04
    epoch 3: loss 1.3627, val_ap 0.4045, minutes 1.31, lr 9.92e-04
    epoch 4: loss 1.2312, val_ap 0.4479, minutes 1.75, lr 1.00e-03
    epoch 5: loss 1.1852, val_ap 0.4504, minutes 2.23, lr 1.00e-03
    epoch 6: loss 1.1636, val_ap 0.4506, minutes 2.67, lr 1.00e-03
    epoch 7: loss 1.1221, val_ap 0.4545, minutes 3.12, lr 1.00e-03
    epoch 8: loss 1.0985, val_ap 0.4539, minutes 3.57, lr 1.00e-03
    epoch 9: loss 1.0974, val_ap 0.4583, minutes 4.02, lr 1.00e-03
    epoch 10: loss 1.0963, val_ap 0.4620, minutes 4.48, lr 1.00e-03
    epoch 11: loss 1.0767, val_ap 0.4600, minutes 4.96, lr 1.00e-03
    epoch 12: loss 1.0760, val_ap 0.4533, minutes 5.41, lr 1.00e-03
    epoch 13: loss 1.0540, val_ap 0.4592, minutes 5.83, lr 1.00e-03
    epoch 14: loss 1.0609, val_ap 0.4638, minutes 6.29, lr 1.00e-03
    epoch 15: loss 1.0400, val_ap 0.4627, minutes 6.71, lr 1.00e-03
    epoch 16: loss 1.0498, val_ap 0.4781, minutes 7.18, lr 1.00e-03
    epoch 17: loss 1.0429, val_ap 0.4727, minutes 7.62, lr 1.00e-03
    epoch 18: loss 1.0188, val_ap 0.4803, minutes 8.04, lr 1.00e-03
    epoch 19: loss 1.0124, val_ap 0.4759, minutes 8.43, lr 1.00e-03
    epoch 20: loss 1.0223, val_ap 0.4812, minutes 8.95, lr 1.00e-03
    epoch 21: loss 1.0053, val_ap 0.4821, minutes 9.39, lr 1.00e-03
    epoch 22: loss 0.9896, val_ap 0.4842, minutes 9.78, lr 1.00e-03
    epoch 23: loss 0.9997, val_ap 0.4935, minutes 10.22, lr 1.00e-03
    epoch 24: loss 1.0010, val_ap 0.4911, minutes 10.66, lr 1.00e-03
    epoch 25: loss 0.9961, val_ap 0.4905, minutes 11.15, lr 1.00e-03
    epoch 26: loss 0.9951, val_ap 0.4983, minutes 11.6, lr 1.00e-03
    epoch 27: loss 0.9832, val_ap 0.4964, minutes 12.08, lr 1.00e-03
    epoch 28: loss 0.9970, val_ap 0.5007, minutes 12.53, lr 1.00e-03
    epoch 29: loss 0.9855, val_ap 0.5020, minutes 12.99, lr 1.00e-03
    epoch 30: loss 0.9683, val_ap 0.5088, minutes 13.46, lr 1.00e-03
    epoch 31: loss 0.9726, val_ap 0.5084, minutes 13.91, lr 1.00e-03
    epoch 32: loss 0.9692, val_ap 0.5098, minutes 14.37, lr 1.00e-03
    epoch 33: loss 0.9796, val_ap 0.5076, minutes 14.78, lr 1.00e-03
    epoch 34: loss 0.9590, val_ap 0.5175, minutes 15.18, lr 1.00e-03
    epoch 35: loss 0.9573, val_ap 0.5123, minutes 15.61, lr 1.00e-03
    epoch 36: loss 0.9662, val_ap 0.5183, minutes 16.08, lr 1.00e-03
    epoch 37: loss 0.9583, val_ap 0.5204, minutes 16.48, lr 1.00e-03
    epoch 38: loss 0.9676, val_ap 0.5208, minutes 16.99, lr 1.00e-03
    epoch 39: loss 0.9530, val_ap 0.5195, minutes 17.41, lr 1.00e-03
    epoch 40: loss 0.9270, val_ap 0.5234, minutes 17.86, lr 1.00e-03
    epoch 41: loss 0.9606, val_ap 0.5201, minutes 18.32, lr 1.00e-03
    epoch 42: loss 0.9377, val_ap 0.5237, minutes 18.81, lr 1.00e-03
    epoch 43: loss 0.9421, val_ap 0.5285, minutes 19.25, lr 1.00e-03
    epoch 44: loss 0.9374, val_ap 0.5304, minutes 19.69, lr 1.00e-03
    epoch 45: loss 0.9185, val_ap 0.5279, minutes 20.14, lr 1.00e-03
    epoch 46: loss 0.9306, val_ap 0.5246, minutes 20.54, lr 1.00e-03
    epoch 47: loss 0.9285, val_ap 0.5249, minutes 21.0, lr 1.00e-03
    epoch 48: loss 0.9594, val_ap 0.5224, minutes 21.43, lr 1.00e-03
    epoch 49: loss 0.9121, val_ap 0.5265, minutes 21.9, lr 1.00e-03
    epoch 50: loss 0.9227, val_ap 0.5266, minutes 22.34, lr 1.00e-03
    epoch 51: loss 0.9209, val_ap 0.5309, minutes 22.8, lr 1.00e-03
    epoch 52: loss 0.9175, val_ap 0.5312, minutes 23.24, lr 1.00e-03
    epoch 53: loss 0.9182, val_ap 0.5261, minutes 23.68, lr 1.00e-03
    epoch 54: loss 0.9171, val_ap 0.5323, minutes 24.14, lr 1.00e-03
    epoch 55: loss 0.9053, val_ap 0.5358, minutes 24.58, lr 1.00e-03
    epoch 56: loss 0.9045, val_ap 0.5358, minutes 25.02, lr 1.00e-03
    epoch 57: loss 0.9068, val_ap 0.5343, minutes 25.52, lr 1.00e-03
    epoch 58: loss 0.9067, val_ap 0.5329, minutes 25.96, lr 1.00e-03
    epoch 59: loss 0.9004, val_ap 0.5340, minutes 26.45, lr 1.00e-03
    epoch 60: loss 0.8908, val_ap 0.5335, minutes 26.95, lr 1.00e-03
    epoch 61: loss 0.9197, val_ap 0.5273, minutes 27.4, lr 1.00e-03
    epoch 62: loss 0.8865, val_ap 0.5360, minutes 27.91, lr 1.00e-03
    epoch 63: loss 0.8786, val_ap 0.5396, minutes 28.32, lr 1.00e-03
    epoch 64: loss 0.8843, val_ap 0.5362, minutes 28.71, lr 1.00e-03
    epoch 65: loss 0.8928, val_ap 0.5388, minutes 29.14, lr 1.00e-03
    epoch 66: loss 0.9076, val_ap 0.5335, minutes 29.66, lr 1.00e-03
    epoch 67: loss 0.8989, val_ap 0.5306, minutes 30.1, lr 1.00e-03
    epoch 68: loss 0.8856, val_ap 0.5364, minutes 30.55, lr 1.00e-03
    epoch 69: loss 0.8708, val_ap 0.5340, minutes 31.0, lr 1.00e-03
    epoch 70: loss 0.8857, val_ap 0.5310, minutes 31.42, lr 1.00e-03
    epoch 71: loss 0.8693, val_ap 0.5357, minutes 31.88, lr 1.00e-03
    epoch 72: loss 0.8514, val_ap 0.5322, minutes 32.32, lr 5.00e-04
    epoch 73: loss 0.8532, val_ap 0.5339, minutes 32.76, lr 5.00e-04
    epoch 74: loss 0.8518, val_ap 0.5436, minutes 33.17, lr 5.00e-04
    epoch 75: loss 0.8404, val_ap 0.5413, minutes 33.61, lr 5.00e-04
    epoch 76: loss 0.8454, val_ap 0.5410, minutes 34.02, lr 5.00e-04
    epoch 77: loss 0.8442, val_ap 0.5409, minutes 34.4, lr 5.00e-04
    epoch 78: loss 0.8416, val_ap 0.5413, minutes 34.87, lr 5.00e-04
    epoch 79: loss 0.8493, val_ap 0.5396, minutes 35.36, lr 5.00e-04
    epoch 80: loss 0.8420, val_ap 0.5390, minutes 35.82, lr 5.00e-04
    epoch 81: loss 0.8373, val_ap 0.5372, minutes 36.29, lr 5.00e-04
    epoch 82: loss 0.8148, val_ap 0.5382, minutes 36.71, lr 5.00e-04
    epoch 83: loss 0.8394, val_ap 0.5369, minutes 37.18, lr 2.50e-04
    epoch 84: loss 0.8261, val_ap 0.5329, minutes 37.63, lr 2.50e-04
    epoch 85: loss 0.8213, val_ap 0.5316, minutes 38.02, lr 2.50e-04
    epoch 86: loss 0.8179, val_ap 0.5334, minutes 38.49, lr 2.50e-04
    epoch 87: loss 0.8216, val_ap 0.5344, minutes 38.94, lr 2.50e-04
    epoch 88: loss 0.8078, val_ap 0.5367, minutes 39.42, lr 2.50e-04
    epoch 89: loss 0.8143, val_ap 0.5346, minutes 39.85, lr 2.50e-04
    epoch 90: loss 0.8144, val_ap 0.5352, minutes 40.29, lr 2.50e-04
    epoch 91: loss 0.8031, val_ap 0.5319, minutes 40.72, lr 2.50e-04
    epoch 92: loss 0.8146, val_ap 0.5330, minutes 41.17, lr 1.25e-04
    epoch 93: loss 0.7866, val_ap 0.5300, minutes 41.59, lr 1.25e-04
    epoch 94: loss 0.8041, val_ap 0.5315, minutes 42.02, lr 1.25e-04
    epoch 95: loss 0.8058, val_ap 0.5300, minutes 42.43, lr 1.25e-04
    epoch 96: loss 0.8071, val_ap 0.5306, minutes 42.89, lr 1.25e-04
    epoch 97: loss 0.8059, val_ap 0.5331, minutes 43.3, lr 1.25e-04
    epoch 98: loss 0.7967, val_ap 0.5324, minutes 43.75, lr 1.25e-04
    epoch 99: loss 0.7976, val_ap 0.5312, minutes 44.18, lr 1.25e-04
    stopping: no validation gain in 25 epochs
[scalar_random dataset0 fold 4 seed 1] done (44.9 min)
