loaded: dataset0 121,838 sites, data1 90,452
[fk_kernel dataset0 fold 2 seed 2]
    kernel decay scale 108.1 nt (fitted to cell line 1 training labels)
    epoch 1: loss 1.9623, val_ap 0.1863, minutes 0.42, lr 3.33e-04
    epoch 2: loss 1.5422, val_ap 0.2951, minutes 0.92, lr 6.63e-04
    epoch 3: loss 1.3363, val_ap 0.4208, minutes 1.37, lr 9.89e-04
    epoch 4: loss 1.2157, val_ap 0.4993, minutes 1.81, lr 1.00e-03
    epoch 5: loss 1.1105, val_ap 0.5187, minutes 2.32, lr 1.00e-03
    epoch 6: loss 1.0929, val_ap 0.5363, minutes 2.8, lr 1.00e-03
    epoch 7: loss 1.0693, val_ap 0.5470, minutes 3.31, lr 1.00e-03
    epoch 8: loss 1.0245, val_ap 0.5593, minutes 3.78, lr 1.00e-03
    epoch 9: loss 1.0172, val_ap 0.5665, minutes 4.33, lr 1.00e-03
    epoch 10: loss 0.9860, val_ap 0.5721, minutes 4.81, lr 1.00e-03
    epoch 11: loss 0.9480, val_ap 0.5788, minutes 5.3, lr 1.00e-03
    epoch 12: loss 0.9836, val_ap 0.5732, minutes 5.79, lr 1.00e-03
    epoch 13: loss 0.9361, val_ap 0.5813, minutes 6.21, lr 1.00e-03
    epoch 14: loss 0.9330, val_ap 0.5802, minutes 6.73, lr 1.00e-03
    epoch 15: loss 0.9262, val_ap 0.5856, minutes 7.22, lr 1.00e-03
    epoch 16: loss 0.9260, val_ap 0.5833, minutes 7.72, lr 1.00e-03
    epoch 17: loss 0.9173, val_ap 0.5888, minutes 8.2, lr 1.00e-03
    epoch 18: loss 0.9129, val_ap 0.5878, minutes 8.67, lr 1.00e-03
    epoch 19: loss 0.9102, val_ap 0.5930, minutes 9.14, lr 1.00e-03
    epoch 20: loss 0.9113, val_ap 0.5884, minutes 9.66, lr 1.00e-03
    epoch 21: loss 0.8894, val_ap 0.5924, minutes 10.18, lr 1.00e-03
    epoch 22: loss 0.8935, val_ap 0.5910, minutes 10.69, lr 1.00e-03
    epoch 23: loss 0.9074, val_ap 0.5865, minutes 11.2, lr 1.00e-03
    epoch 24: loss 0.8850, val_ap 0.5930, minutes 11.71, lr 1.00e-03
    epoch 25: loss 0.8667, val_ap 0.5975, minutes 12.22, lr 1.00e-03
    epoch 26: loss 0.8656, val_ap 0.5979, minutes 12.75, lr 1.00e-03
    epoch 27: loss 0.8700, val_ap 0.6004, minutes 13.24, lr 1.00e-03
    epoch 28: loss 0.8607, val_ap 0.6069, minutes 13.76, lr 1.00e-03
    epoch 29: loss 0.8652, val_ap 0.6029, minutes 14.26, lr 1.00e-03
    epoch 30: loss 0.8628, val_ap 0.5998, minutes 14.75, lr 1.00e-03
    epoch 31: loss 0.8621, val_ap 0.5920, minutes 15.25, lr 1.00e-03
    epoch 32: loss 0.8767, val_ap 0.6002, minutes 15.74, lr 1.00e-03
    epoch 33: loss 0.8775, val_ap 0.6052, minutes 16.25, lr 1.00e-03
    epoch 34: loss 0.8412, val_ap 0.6044, minutes 16.75, lr 1.00e-03
    epoch 35: loss 0.8521, val_ap 0.6039, minutes 17.26, lr 1.00e-03
    epoch 36: loss 0.8388, val_ap 0.6024, minutes 17.68, lr 1.00e-03
    epoch 37: loss 0.8458, val_ap 0.6058, minutes 18.19, lr 5.00e-04
    epoch 38: loss 0.8226, val_ap 0.6105, minutes 18.66, lr 5.00e-04
    epoch 39: loss 0.8114, val_ap 0.6117, minutes 19.15, lr 5.00e-04
    epoch 40: loss 0.8213, val_ap 0.6080, minutes 19.69, lr 5.00e-04
    epoch 41: loss 0.8092, val_ap 0.6038, minutes 20.17, lr 5.00e-04
    epoch 42: loss 0.8144, val_ap 0.6075, minutes 20.71, lr 5.00e-04
    epoch 43: loss 0.8027, val_ap 0.6043, minutes 21.19, lr 5.00e-04
    epoch 44: loss 0.7950, val_ap 0.6083, minutes 21.69, lr 5.00e-04
    epoch 45: loss 0.7948, val_ap 0.6002, minutes 22.19, lr 5.00e-04
    epoch 46: loss 0.8020, val_ap 0.6036, minutes 22.67, lr 5.00e-04
    epoch 47: loss 0.8028, val_ap 0.6079, minutes 23.16, lr 5.00e-04
    epoch 48: loss 0.7884, val_ap 0.6047, minutes 23.67, lr 2.50e-04
    epoch 49: loss 0.7820, val_ap 0.6051, minutes 24.17, lr 2.50e-04
    epoch 50: loss 0.7809, val_ap 0.6095, minutes 24.65, lr 2.50e-04
    epoch 51: loss 0.7694, val_ap 0.6063, minutes 25.16, lr 2.50e-04
    epoch 52: loss 0.7666, val_ap 0.6076, minutes 25.65, lr 2.50e-04
    epoch 53: loss 0.7724, val_ap 0.6102, minutes 26.14, lr 2.50e-04
    epoch 54: loss 0.7766, val_ap 0.6064, minutes 26.61, lr 2.50e-04
    epoch 55: loss 0.7701, val_ap 0.6082, minutes 27.1, lr 2.50e-04
    epoch 56: loss 0.7667, val_ap 0.6105, minutes 27.6, lr 2.50e-04
    epoch 57: loss 0.7681, val_ap 0.6091, minutes 28.06, lr 1.25e-04
    epoch 58: loss 0.7554, val_ap 0.6084, minutes 28.56, lr 1.25e-04
    epoch 59: loss 0.7652, val_ap 0.6098, minutes 29.04, lr 1.25e-04
    epoch 60: loss 0.7603, val_ap 0.6091, minutes 29.55, lr 1.25e-04
    epoch 61: loss 0.7636, val_ap 0.6092, minutes 30.05, lr 1.25e-04
    epoch 62: loss 0.7657, val_ap 0.6101, minutes 30.57, lr 1.25e-04
    epoch 63: loss 0.7597, val_ap 0.6095, minutes 31.04, lr 1.25e-04
    epoch 64: loss 0.7482, val_ap 0.6072, minutes 31.53, lr 1.25e-04
    stopping: no validation gain in 25 epochs
[fk_kernel dataset0 fold 2 seed 2] done (32.1 min)
