loaded: dataset0 121,838 sites, data1 90,452
[res_gate pooled_both fold 0]
    kernel decay scale 118.2 nt (fitted to cell line 1 training labels)
    epoch 1: loss 1.8751, val_ap 0.2223, minutes 1.13, lr 3.31e-04
    epoch 2: loss 1.5411, val_ap 0.3157, minutes 2.3, lr 6.60e-04
    epoch 3: loss 1.3976, val_ap 0.3915, minutes 3.44, lr 9.89e-04
    epoch 4: loss 1.3185, val_ap 0.4138, minutes 4.5, lr 1.00e-03
    epoch 5: loss 1.2913, val_ap 0.4222, minutes 5.6, lr 1.00e-03
    epoch 6: loss 1.2716, val_ap 0.4320, minutes 6.71, lr 1.00e-03
    epoch 7: loss 1.2552, val_ap 0.4398, minutes 7.83, lr 1.00e-03
    epoch 8: loss 1.2482, val_ap 0.4402, minutes 8.94, lr 1.00e-03
    epoch 9: loss 1.2461, val_ap 0.4388, minutes 10.06, lr 1.00e-03
    epoch 10: loss 1.2430, val_ap 0.4463, minutes 11.17, lr 1.00e-03
    epoch 11: loss 1.2318, val_ap 0.4483, minutes 12.31, lr 1.00e-03
    epoch 12: loss 1.2221, val_ap 0.4456, minutes 13.41, lr 1.00e-03
    epoch 13: loss 1.2142, val_ap 0.4473, minutes 14.52, lr 1.00e-03
    epoch 14: loss 1.2078, val_ap 0.4496, minutes 15.63, lr 1.00e-03
    epoch 15: loss 1.2072, val_ap 0.4503, minutes 16.72, lr 1.00e-03
    epoch 16: loss 1.2139, val_ap 0.4525, minutes 17.82, lr 1.00e-03
    epoch 17: loss 1.2025, val_ap 0.4585, minutes 18.95, lr 1.00e-03
    epoch 18: loss 1.1946, val_ap 0.4548, minutes 20.06, lr 1.00e-03
    epoch 19: loss 1.1974, val_ap 0.4595, minutes 21.15, lr 1.00e-03
    epoch 20: loss 1.1972, val_ap 0.4626, minutes 22.27, lr 1.00e-03
    epoch 21: loss 1.1789, val_ap 0.4620, minutes 23.34, lr 1.00e-03
    epoch 22: loss 1.1851, val_ap 0.4636, minutes 24.44, lr 1.00e-03
    epoch 23: loss 1.1873, val_ap 0.4603, minutes 25.6, lr 1.00e-03
    epoch 24: loss 1.1831, val_ap 0.4648, minutes 26.77, lr 1.00e-03
    epoch 25: loss 1.1757, val_ap 0.4640, minutes 27.89, lr 1.00e-03
    epoch 26: loss 1.1665, val_ap 0.4630, minutes 28.93, lr 1.00e-03
    epoch 27: loss 1.1680, val_ap 0.4663, minutes 29.97, lr 1.00e-03
    epoch 28: loss 1.1613, val_ap 0.4653, minutes 31.08, lr 1.00e-03
    epoch 29: loss 1.1686, val_ap 0.4679, minutes 32.15, lr 1.00e-03
    epoch 30: loss 1.1551, val_ap 0.4704, minutes 33.24, lr 1.00e-03
    epoch 31: loss 1.1612, val_ap 0.4726, minutes 34.31, lr 1.00e-03
    epoch 32: loss 1.1580, val_ap 0.4731, minutes 35.4, lr 1.00e-03
    epoch 33: loss 1.1554, val_ap 0.4728, minutes 36.51, lr 1.00e-03
    epoch 34: loss 1.1555, val_ap 0.4774, minutes 37.59, lr 1.00e-03
    epoch 35: loss 1.1452, val_ap 0.4758, minutes 38.68, lr 1.00e-03
    epoch 36: loss 1.1490, val_ap 0.4772, minutes 39.81, lr 1.00e-03
    epoch 37: loss 1.1314, val_ap 0.4760, minutes 40.92, lr 1.00e-03
    epoch 38: loss 1.1424, val_ap 0.4792, minutes 41.98, lr 1.00e-03
    epoch 39: loss 1.1380, val_ap 0.4763, minutes 43.07, lr 1.00e-03
    epoch 40: loss 1.1220, val_ap 0.4895, minutes 44.11, lr 1.00e-03
    epoch 41: loss 1.1285, val_ap 0.4778, minutes 45.21, lr 1.00e-03
    epoch 42: loss 1.1190, val_ap 0.4781, minutes 46.32, lr 1.00e-03
    epoch 43: loss 1.1245, val_ap 0.4851, minutes 47.41, lr 1.00e-03
    epoch 44: loss 1.1250, val_ap 0.4768, minutes 48.48, lr 1.00e-03
    epoch 45: loss 1.1162, val_ap 0.4843, minutes 49.57, lr 1.00e-03
    epoch 46: loss 1.1162, val_ap 0.4766, minutes 50.69, lr 1.00e-03
    epoch 47: loss 1.1164, val_ap 0.4850, minutes 51.81, lr 1.00e-03
    epoch 48: loss 1.1095, val_ap 0.4850, minutes 52.91, lr 1.00e-03
    epoch 49: loss 1.1169, val_ap 0.4835, minutes 53.87, lr 5.00e-04
    epoch 50: loss 1.0956, val_ap 0.4784, minutes 54.74, lr 5.00e-04
    epoch 51: loss 1.0853, val_ap 0.4824, minutes 55.63, lr 5.00e-04
    epoch 52: loss 1.0831, val_ap 0.4800, minutes 56.49, lr 5.00e-04
    epoch 53: loss 1.0872, val_ap 0.4808, minutes 57.4, lr 5.00e-04
    epoch 54: loss 1.0860, val_ap 0.4779, minutes 58.34, lr 5.00e-04
    epoch 55: loss 1.0821, val_ap 0.4819, minutes 59.21, lr 5.00e-04
    epoch 56: loss 1.0801, val_ap 0.4799, minutes 60.15, lr 5.00e-04
    epoch 57: loss 1.0763, val_ap 0.4786, minutes 61.08, lr 5.00e-04
    epoch 58: loss 1.0840, val_ap 0.4814, minutes 61.97, lr 2.50e-04
    epoch 59: loss 1.0631, val_ap 0.4800, minutes 62.88, lr 2.50e-04
    epoch 60: loss 1.0679, val_ap 0.4803, minutes 63.75, lr 2.50e-04
    epoch 61: loss 1.0651, val_ap 0.4794, minutes 64.59, lr 2.50e-04
    epoch 62: loss 1.0704, val_ap 0.4784, minutes 65.48, lr 2.50e-04
    epoch 63: loss 1.0560, val_ap 0.4798, minutes 66.37, lr 2.50e-04
    epoch 64: loss 1.0642, val_ap 0.4793, minutes 67.24, lr 2.50e-04
    epoch 65: loss 1.0619, val_ap 0.4766, minutes 68.08, lr 2.50e-04
    stopping: no validation gain in 25 epochs
[res_gate pooled_both fold 0] done (68.8 min)
