loaded: dataset0 121,838 sites, data1 90,452
[res_gate dataset0 fold 1 seed 1]
    kernel decay scale 114.6 nt (fitted to cell line 1 training labels)
    epoch 1: loss 1.9592, val_ap 0.1639, minutes 0.5, lr 3.33e-04
    epoch 2: loss 1.5776, val_ap 0.2576, minutes 0.96, lr 6.63e-04
    epoch 3: loss 1.3380, val_ap 0.4214, minutes 1.51, lr 9.92e-04
    epoch 4: loss 1.1980, val_ap 0.4915, minutes 2.0, lr 1.00e-03
    epoch 5: loss 1.1139, val_ap 0.5123, minutes 2.5, lr 1.00e-03
    epoch 6: loss 1.0886, val_ap 0.5094, minutes 3.0, lr 1.00e-03
    epoch 7: loss 1.0526, val_ap 0.5299, minutes 3.46, lr 1.00e-03
    epoch 8: loss 1.0326, val_ap 0.5401, minutes 3.97, lr 1.00e-03
    epoch 9: loss 1.0355, val_ap 0.5466, minutes 4.43, lr 1.00e-03
    epoch 10: loss 1.0058, val_ap 0.5382, minutes 4.94, lr 1.00e-03
    epoch 11: loss 0.9948, val_ap 0.5441, minutes 5.44, lr 1.00e-03
    epoch 12: loss 0.9865, val_ap 0.5571, minutes 5.93, lr 1.00e-03
    epoch 13: loss 0.9664, val_ap 0.5384, minutes 6.4, lr 1.00e-03
    epoch 14: loss 0.9728, val_ap 0.5454, minutes 6.91, lr 1.00e-03
    epoch 15: loss 0.9730, val_ap 0.5531, minutes 7.47, lr 1.00e-03
    epoch 16: loss 0.9544, val_ap 0.5631, minutes 7.99, lr 1.00e-03
    epoch 17: loss 0.9652, val_ap 0.5560, minutes 8.5, lr 1.00e-03
    epoch 18: loss 0.9421, val_ap 0.5642, minutes 9.0, lr 1.00e-03
    epoch 19: loss 0.9343, val_ap 0.5608, minutes 9.48, lr 1.00e-03
    epoch 20: loss 0.9548, val_ap 0.5554, minutes 9.98, lr 1.00e-03
    epoch 21: loss 0.9405, val_ap 0.5695, minutes 10.43, lr 1.00e-03
    epoch 22: loss 0.9431, val_ap 0.5656, minutes 10.94, lr 1.00e-03
    epoch 23: loss 0.9444, val_ap 0.5658, minutes 11.43, lr 1.00e-03
    epoch 24: loss 0.9157, val_ap 0.5687, minutes 11.9, lr 1.00e-03
    epoch 25: loss 0.9208, val_ap 0.5695, minutes 12.39, lr 1.00e-03
    epoch 26: loss 0.9201, val_ap 0.5724, minutes 12.86, lr 1.00e-03
    epoch 27: loss 0.9148, val_ap 0.5775, minutes 13.38, lr 1.00e-03
    epoch 28: loss 0.9028, val_ap 0.5788, minutes 13.87, lr 1.00e-03
    epoch 29: loss 0.9185, val_ap 0.5735, minutes 14.36, lr 1.00e-03
    epoch 30: loss 0.8946, val_ap 0.5764, minutes 14.81, lr 1.00e-03
    epoch 31: loss 0.9294, val_ap 0.5809, minutes 15.29, lr 1.00e-03
    epoch 32: loss 0.9018, val_ap 0.5864, minutes 15.76, lr 1.00e-03
    epoch 33: loss 0.8908, val_ap 0.5847, minutes 16.24, lr 1.00e-03
    epoch 34: loss 0.8885, val_ap 0.5816, minutes 16.73, lr 1.00e-03
    epoch 35: loss 0.8950, val_ap 0.5867, minutes 17.18, lr 1.00e-03
    epoch 36: loss 0.9197, val_ap 0.5757, minutes 17.71, lr 1.00e-03
    epoch 37: loss 0.8951, val_ap 0.5854, minutes 18.2, lr 1.00e-03
    epoch 38: loss 0.8794, val_ap 0.5873, minutes 18.71, lr 1.00e-03
    epoch 39: loss 0.9060, val_ap 0.5987, minutes 19.2, lr 1.00e-03
    epoch 40: loss 0.8815, val_ap 0.5900, minutes 19.7, lr 1.00e-03
    epoch 41: loss 0.8754, val_ap 0.5964, minutes 20.22, lr 1.00e-03
    epoch 42: loss 0.8696, val_ap 0.5969, minutes 20.7, lr 1.00e-03
    epoch 43: loss 0.8603, val_ap 0.5834, minutes 21.15, lr 1.00e-03
    epoch 44: loss 0.8578, val_ap 0.5960, minutes 21.61, lr 1.00e-03
    epoch 45: loss 0.8765, val_ap 0.5970, minutes 22.1, lr 1.00e-03
    epoch 46: loss 0.8593, val_ap 0.6056, minutes 22.57, lr 1.00e-03
    epoch 47: loss 0.8622, val_ap 0.5999, minutes 23.08, lr 1.00e-03
    epoch 48: loss 0.8565, val_ap 0.5944, minutes 23.54, lr 1.00e-03
    epoch 49: loss 0.8507, val_ap 0.6042, minutes 24.06, lr 1.00e-03
    epoch 50: loss 0.8553, val_ap 0.6000, minutes 24.53, lr 1.00e-03
    epoch 51: loss 0.8410, val_ap 0.6123, minutes 25.02, lr 1.00e-03
    epoch 52: loss 0.8368, val_ap 0.6069, minutes 25.52, lr 1.00e-03
    epoch 53: loss 0.8366, val_ap 0.6011, minutes 25.98, lr 1.00e-03
    epoch 54: loss 0.8382, val_ap 0.6045, minutes 26.5, lr 1.00e-03
    epoch 55: loss 0.8353, val_ap 0.6045, minutes 26.98, lr 1.00e-03
    epoch 56: loss 0.8403, val_ap 0.5992, minutes 27.47, lr 1.00e-03
    epoch 57: loss 0.8327, val_ap 0.6041, minutes 27.97, lr 1.00e-03
    epoch 58: loss 0.8403, val_ap 0.5992, minutes 28.44, lr 1.00e-03
    epoch 59: loss 0.8175, val_ap 0.6031, minutes 28.94, lr 1.00e-03
    epoch 60: loss 0.8382, val_ap 0.6084, minutes 29.44, lr 5.00e-04
    epoch 61: loss 0.8004, val_ap 0.6104, minutes 29.93, lr 5.00e-04
    epoch 62: loss 0.8091, val_ap 0.6076, minutes 30.42, lr 5.00e-04
    epoch 63: loss 0.8077, val_ap 0.6025, minutes 30.95, lr 5.00e-04
    epoch 64: loss 0.8052, val_ap 0.6080, minutes 31.42, lr 5.00e-04
    epoch 65: loss 0.7863, val_ap 0.6059, minutes 31.91, lr 5.00e-04
    epoch 66: loss 0.7984, val_ap 0.6122, minutes 32.42, lr 5.00e-04
    epoch 67: loss 0.8023, val_ap 0.6125, minutes 32.9, lr 5.00e-04
    epoch 68: loss 0.7715, val_ap 0.6096, minutes 33.4, lr 5.00e-04
    epoch 69: loss 0.7879, val_ap 0.6083, minutes 33.91, lr 5.00e-04
    epoch 70: loss 0.7852, val_ap 0.6088, minutes 34.39, lr 5.00e-04
    epoch 71: loss 0.7904, val_ap 0.6094, minutes 34.89, lr 5.00e-04
    epoch 72: loss 0.7861, val_ap 0.6118, minutes 35.4, lr 5.00e-04
    epoch 73: loss 0.7848, val_ap 0.6102, minutes 35.89, lr 5.00e-04
    epoch 74: loss 0.7806, val_ap 0.6105, minutes 36.38, lr 5.00e-04
    epoch 75: loss 0.7628, val_ap 0.6165, minutes 36.89, lr 5.00e-04
    epoch 76: loss 0.7734, val_ap 0.6127, minutes 37.39, lr 5.00e-04
    epoch 77: loss 0.7721, val_ap 0.6101, minutes 37.88, lr 5.00e-04
    epoch 78: loss 0.7715, val_ap 0.6150, minutes 38.36, lr 5.00e-04
    epoch 79: loss 0.7683, val_ap 0.6176, minutes 38.87, lr 5.00e-04
    epoch 80: loss 0.7709, val_ap 0.6120, minutes 39.34, lr 5.00e-04
    epoch 81: loss 0.7563, val_ap 0.6135, minutes 39.82, lr 5.00e-04
    epoch 82: loss 0.7700, val_ap 0.6179, minutes 40.32, lr 5.00e-04
    epoch 83: loss 0.7790, val_ap 0.6084, minutes 40.82, lr 5.00e-04
    epoch 84: loss 0.7647, val_ap 0.6131, minutes 41.34, lr 5.00e-04
    epoch 85: loss 0.7567, val_ap 0.6133, minutes 41.86, lr 5.00e-04
    epoch 86: loss 0.7727, val_ap 0.6174, minutes 42.34, lr 5.00e-04
    epoch 87: loss 0.7744, val_ap 0.6095, minutes 42.84, lr 5.00e-04
    epoch 88: loss 0.7561, val_ap 0.6146, minutes 43.33, lr 5.00e-04
    epoch 89: loss 0.7662, val_ap 0.6135, minutes 43.84, lr 5.00e-04
    epoch 90: loss 0.7588, val_ap 0.6170, minutes 44.31, lr 5.00e-04
    epoch 91: loss 0.7464, val_ap 0.6174, minutes 44.81, lr 2.50e-04
    epoch 92: loss 0.7424, val_ap 0.6199, minutes 45.33, lr 2.50e-04
    epoch 93: loss 0.7459, val_ap 0.6207, minutes 45.8, lr 2.50e-04
    epoch 94: loss 0.7241, val_ap 0.6206, minutes 46.32, lr 2.50e-04
    epoch 95: loss 0.7337, val_ap 0.6175, minutes 46.81, lr 2.50e-04
    epoch 96: loss 0.7200, val_ap 0.6168, minutes 47.27, lr 2.50e-04
    epoch 97: loss 0.7401, val_ap 0.6154, minutes 47.73, lr 2.50e-04
    epoch 98: loss 0.7208, val_ap 0.6169, minutes 48.22, lr 2.50e-04
    epoch 99: loss 0.7301, val_ap 0.6121, minutes 48.7, lr 2.50e-04
    epoch 100: loss 0.7292, val_ap 0.6172, minutes 49.21, lr 2.50e-04
    epoch 101: loss 0.7337, val_ap 0.6159, minutes 49.69, lr 2.50e-04
    epoch 102: loss 0.7207, val_ap 0.6160, minutes 50.17, lr 1.25e-04
    epoch 103: loss 0.7261, val_ap 0.6095, minutes 50.65, lr 1.25e-04
    epoch 104: loss 0.7253, val_ap 0.6123, minutes 51.14, lr 1.25e-04
    epoch 105: loss 0.7213, val_ap 0.6102, minutes 51.6, lr 1.25e-04
    epoch 106: loss 0.7164, val_ap 0.6114, minutes 52.08, lr 1.25e-04
    epoch 107: loss 0.7101, val_ap 0.6114, minutes 52.55, lr 1.25e-04
    epoch 108: loss 0.6999, val_ap 0.6136, minutes 53.02, lr 1.25e-04
    epoch 109: loss 0.7136, val_ap 0.6103, minutes 53.48, lr 1.25e-04
    epoch 110: loss 0.7205, val_ap 0.6112, minutes 53.96, lr 1.25e-04
    epoch 111: loss 0.7137, val_ap 0.6095, minutes 54.5, lr 6.25e-05
    epoch 112: loss 0.7201, val_ap 0.6090, minutes 54.97, lr 6.25e-05
    epoch 113: loss 0.7421, val_ap 0.6113, minutes 55.46, lr 6.25e-05
    epoch 114: loss 0.7171, val_ap 0.6107, minutes 55.95, lr 6.25e-05
    epoch 115: loss 0.7238, val_ap 0.6103, minutes 56.44, lr 6.25e-05
    epoch 116: loss 0.7140, val_ap 0.6119, minutes 56.94, lr 6.25e-05
    epoch 117: loss 0.7035, val_ap 0.6135, minutes 57.49, lr 6.25e-05
    epoch 118: loss 0.7010, val_ap 0.6108, minutes 57.96, lr 6.25e-05
    stopping: no validation gain in 25 epochs
[res_gate dataset0 fold 1 seed 1] done (58.7 min)
