loaded: dataset0 121,838 sites, data1 90,452
[res_nodrop pooled_both fold 0 seed 1]
    kernel decay scale 118.2 nt (fitted to cell line 1 training labels)
    epoch 1: loss 1.8817, val_ap 0.1884, minutes 0.8, lr 3.31e-04
    epoch 2: loss 1.5532, val_ap 0.3140, minutes 1.6, lr 6.60e-04
    epoch 3: loss 1.3979, val_ap 0.3891, minutes 2.38, lr 9.89e-04
    epoch 4: loss 1.3209, val_ap 0.4110, minutes 3.21, lr 1.00e-03
    epoch 5: loss 1.2858, val_ap 0.4152, minutes 3.99, lr 1.00e-03
    epoch 6: loss 1.2619, val_ap 0.4295, minutes 4.81, lr 1.00e-03
    epoch 7: loss 1.2358, val_ap 0.4359, minutes 5.68, lr 1.00e-03
    epoch 8: loss 1.2442, val_ap 0.4408, minutes 6.46, lr 1.00e-03
    epoch 9: loss 1.2288, val_ap 0.4432, minutes 7.25, lr 1.00e-03
    epoch 10: loss 1.2203, val_ap 0.4429, minutes 8.01, lr 1.00e-03
    epoch 11: loss 1.2121, val_ap 0.4420, minutes 8.82, lr 1.00e-03
    epoch 12: loss 1.2019, val_ap 0.4477, minutes 9.62, lr 1.00e-03
    epoch 13: loss 1.1969, val_ap 0.4498, minutes 10.42, lr 1.00e-03
    epoch 14: loss 1.1977, val_ap 0.4550, minutes 11.19, lr 1.00e-03
    epoch 15: loss 1.1864, val_ap 0.4506, minutes 11.98, lr 1.00e-03
    epoch 16: loss 1.1873, val_ap 0.4512, minutes 12.75, lr 1.00e-03
    epoch 17: loss 1.1923, val_ap 0.4498, minutes 13.56, lr 1.00e-03
    epoch 18: loss 1.1769, val_ap 0.4547, minutes 14.34, lr 1.00e-03
    epoch 19: loss 1.1810, val_ap 0.4595, minutes 15.09, lr 1.00e-03
    epoch 20: loss 1.1756, val_ap 0.4551, minutes 15.95, lr 1.00e-03
    epoch 21: loss 1.1663, val_ap 0.4595, minutes 16.77, lr 1.00e-03
    epoch 22: loss 1.1685, val_ap 0.4566, minutes 17.57, lr 1.00e-03
    epoch 23: loss 1.1662, val_ap 0.4563, minutes 18.38, lr 1.00e-03
    epoch 24: loss 1.1566, val_ap 0.4634, minutes 19.16, lr 1.00e-03
    epoch 25: loss 1.1498, val_ap 0.4634, minutes 19.98, lr 1.00e-03
    epoch 26: loss 1.1524, val_ap 0.4651, minutes 20.78, lr 1.00e-03
    epoch 27: loss 1.1613, val_ap 0.4672, minutes 21.53, lr 1.00e-03
    epoch 28: loss 1.1444, val_ap 0.4684, minutes 22.35, lr 1.00e-03
    epoch 29: loss 1.1390, val_ap 0.4720, minutes 23.19, lr 1.00e-03
    epoch 30: loss 1.1494, val_ap 0.4689, minutes 24.03, lr 1.00e-03
    epoch 31: loss 1.1329, val_ap 0.4643, minutes 24.88, lr 1.00e-03
    epoch 32: loss 1.1255, val_ap 0.4741, minutes 25.65, lr 1.00e-03
    epoch 33: loss 1.1280, val_ap 0.4772, minutes 26.47, lr 1.00e-03
    epoch 34: loss 1.1282, val_ap 0.4817, minutes 27.3, lr 1.00e-03
    epoch 35: loss 1.1275, val_ap 0.4771, minutes 28.09, lr 1.00e-03
    epoch 36: loss 1.1237, val_ap 0.4830, minutes 28.9, lr 1.00e-03
    epoch 37: loss 1.1147, val_ap 0.4784, minutes 29.74, lr 1.00e-03
    epoch 38: loss 1.1149, val_ap 0.4815, minutes 30.58, lr 1.00e-03
    epoch 39: loss 1.1171, val_ap 0.4831, minutes 31.38, lr 1.00e-03
    epoch 40: loss 1.1062, val_ap 0.4801, minutes 32.2, lr 1.00e-03
    epoch 41: loss 1.1015, val_ap 0.4846, minutes 32.99, lr 1.00e-03
    epoch 42: loss 1.0965, val_ap 0.4809, minutes 33.76, lr 1.00e-03
    epoch 43: loss 1.0972, val_ap 0.4868, minutes 34.58, lr 1.00e-03
    epoch 44: loss 1.0981, val_ap 0.4891, minutes 35.39, lr 1.00e-03
    epoch 45: loss 1.0954, val_ap 0.4865, minutes 36.17, lr 1.00e-03
    epoch 46: loss 1.0920, val_ap 0.4846, minutes 36.94, lr 1.00e-03
    epoch 47: loss 1.0928, val_ap 0.4872, minutes 37.74, lr 1.00e-03
    epoch 48: loss 1.0872, val_ap 0.4854, minutes 38.54, lr 1.00e-03
    epoch 49: loss 1.0807, val_ap 0.4896, minutes 39.31, lr 1.00e-03
    epoch 50: loss 1.0755, val_ap 0.4877, minutes 40.12, lr 1.00e-03
    epoch 51: loss 1.0758, val_ap 0.4911, minutes 40.92, lr 1.00e-03
    epoch 52: loss 1.0653, val_ap 0.4875, minutes 41.73, lr 1.00e-03
    epoch 53: loss 1.0671, val_ap 0.4809, minutes 42.55, lr 1.00e-03
    epoch 54: loss 1.0623, val_ap 0.4782, minutes 43.34, lr 1.00e-03
    epoch 55: loss 1.0650, val_ap 0.4866, minutes 44.1, lr 1.00e-03
    epoch 56: loss 1.0547, val_ap 0.4802, minutes 44.91, lr 1.00e-03
    epoch 57: loss 1.0594, val_ap 0.4769, minutes 45.67, lr 1.00e-03
    epoch 58: loss 1.0530, val_ap 0.4805, minutes 46.46, lr 1.00e-03
    epoch 59: loss 1.0504, val_ap 0.4862, minutes 47.17, lr 1.00e-03
    epoch 60: loss 1.0507, val_ap 0.4897, minutes 47.96, lr 5.00e-04
    epoch 61: loss 1.0229, val_ap 0.4820, minutes 48.68, lr 5.00e-04
    epoch 62: loss 1.0189, val_ap 0.4768, minutes 49.49, lr 5.00e-04
    epoch 63: loss 1.0199, val_ap 0.4797, minutes 50.26, lr 5.00e-04
    epoch 64: loss 1.0137, val_ap 0.4824, minutes 51.07, lr 5.00e-04
    epoch 65: loss 1.0127, val_ap 0.4749, minutes 51.85, lr 5.00e-04
    epoch 66: loss 1.0122, val_ap 0.4831, minutes 52.73, lr 5.00e-04
    epoch 67: loss 1.0059, val_ap 0.4791, minutes 53.6, lr 5.00e-04
    epoch 68: loss 1.0004, val_ap 0.4780, minutes 54.39, lr 5.00e-04
    epoch 69: loss 1.0000, val_ap 0.4742, minutes 55.22, lr 2.50e-04
    epoch 70: loss 0.9914, val_ap 0.4737, minutes 56.01, lr 2.50e-04
    epoch 71: loss 0.9884, val_ap 0.4800, minutes 56.81, lr 2.50e-04
    epoch 72: loss 0.9873, val_ap 0.4738, minutes 57.52, lr 2.50e-04
    epoch 73: loss 0.9777, val_ap 0.4691, minutes 58.24, lr 2.50e-04
    epoch 74: loss 0.9781, val_ap 0.4717, minutes 58.98, lr 2.50e-04
    epoch 75: loss 0.9796, val_ap 0.4717, minutes 59.74, lr 2.50e-04
    epoch 76: loss 0.9759, val_ap 0.4680, minutes 60.43, lr 2.50e-04
    stopping: no validation gain in 25 epochs
[res_nodrop pooled_both fold 0 seed 1] done (61.1 min)
