loaded: dataset0 121,838 sites, data1 90,452
[deepset dataset0 fold 4 seed 1]
    epoch 1: loss 1.1894378239332244, minutes 0.17, val_ap 0.18222479998843452, lr 0.00033430232558139537
    epoch 2: loss 0.9067509060855522, minutes 0.35, val_ap 0.3948024268300144, lr 0.0006676356589147286
    epoch 3: loss 0.7918758077850175, minutes 0.52, val_ap 0.4588213697510999, lr 0.001
    epoch 4: loss 0.756657021683316, minutes 0.68, val_ap 0.44405682684150855, lr 0.001
    epoch 5: loss 0.7306077316576658, minutes 0.83, val_ap 0.45708435005216497, lr 0.001
    epoch 6: loss 0.7119691001121388, minutes 1.0, val_ap 0.46162865637346506, lr 0.001
    epoch 7: loss 0.7078924999507361, minutes 1.16, val_ap 0.4552030248652155, lr 0.001
    epoch 8: loss 0.6942765117557936, minutes 1.33, val_ap 0.4705781287917757, lr 0.001
    epoch 9: loss 0.6906605144572813, minutes 1.49, val_ap 0.47600518858532465, lr 0.001
    epoch 10: loss 0.6886938548711843, minutes 1.65, val_ap 0.48602462369320765, lr 0.001
    epoch 11: loss 0.6867422212868236, minutes 1.79, val_ap 0.48107884917976496, lr 0.001
    epoch 12: loss 0.676583222091891, minutes 1.93, val_ap 0.4852471228863465, lr 0.001
    epoch 13: loss 0.6685159420377986, minutes 2.08, val_ap 0.49210748462775017, lr 0.001
    epoch 14: loss 0.6648727938706098, minutes 2.21, val_ap 0.49495014375670965, lr 0.001
    epoch 15: loss 0.6665535266836022, minutes 2.35, val_ap 0.4931736079969789, lr 0.001
    epoch 16: loss 0.6639817551991274, minutes 2.5, val_ap 0.49311834794922327, lr 0.001
    epoch 17: loss 0.6503121397176455, minutes 2.64, val_ap 0.5059388893082953, lr 0.001
    epoch 18: loss 0.658072663774324, minutes 2.76, val_ap 0.49701278736347965, lr 0.001
    epoch 19: loss 0.6583789245680322, minutes 2.88, val_ap 0.5150055963275966, lr 0.001
    epoch 20: loss 0.6464397610100203, minutes 3.01, val_ap 0.5078181842981977, lr 0.001
    epoch 21: loss 0.6444729010379592, minutes 3.13, val_ap 0.5097947757213245, lr 0.001
    epoch 22: loss 0.6407775025554868, minutes 3.25, val_ap 0.515022763636555, lr 0.001
    epoch 23: loss 0.6406317739639171, minutes 3.37, val_ap 0.5186798096122436, lr 0.001
    epoch 24: loss 0.636334853636664, minutes 3.49, val_ap 0.5117881957825943, lr 0.001
    epoch 25: loss 0.6323761233063632, minutes 3.61, val_ap 0.5322805803888161, lr 0.001
    epoch 26: loss 0.6238882490542046, minutes 3.74, val_ap 0.5312349211009628, lr 0.001
    epoch 27: loss 0.6290202646754509, minutes 3.85, val_ap 0.530088291032585, lr 0.001
    epoch 28: loss 0.622768176676229, minutes 3.97, val_ap 0.5186698081340945, lr 0.001
    epoch 29: loss 0.6154410776703857, minutes 4.08, val_ap 0.5283872362751671, lr 0.001
    epoch 30: loss 0.615845070675362, minutes 4.19, val_ap 0.5273464544187099, lr 0.001
    epoch 31: loss 0.6169236406337383, minutes 4.29, val_ap 0.5271979884360469, lr 0.001
    epoch 32: loss 0.6093971286575461, minutes 4.4, val_ap 0.539613840973479, lr 0.001
    epoch 33: loss 0.6110467539103919, minutes 4.51, val_ap 0.5430715954620549, lr 0.001
    epoch 34: loss 0.6034804749800715, minutes 4.63, val_ap 0.531448206716875, lr 0.001
    epoch 35: loss 0.6012620324658793, minutes 4.74, val_ap 0.5414623150491789, lr 0.001
    epoch 36: loss 0.6090671037172162, minutes 4.85, val_ap 0.5410923992179829, lr 0.001
    epoch 37: loss 0.601843187975329, minutes 4.96, val_ap 0.5400884481911726, lr 0.001
    epoch 38: loss 0.6017741865889971, minutes 5.08, val_ap 0.532040521283802, lr 0.001
    epoch 39: loss 0.5856485058401906, minutes 5.19, val_ap 0.5301214082863499, lr 0.001
    epoch 40: loss 0.5999131110865016, minutes 5.31, val_ap 0.5368538255184647, lr 0.001
    epoch 41: loss 0.588539625063192, minutes 5.42, val_ap 0.5342293674809102, lr 0.001
    epoch 42: loss 0.5868194673297017, minutes 5.54, val_ap 0.5423247097235768, lr 0.0005
    epoch 43: loss 0.572509462576966, minutes 5.65, val_ap 0.5463578150124415, lr 0.0005
    epoch 44: loss 0.5589266491317472, minutes 5.77, val_ap 0.5442504591223143, lr 0.0005
    epoch 45: loss 0.5511603762590608, minutes 5.88, val_ap 0.5456898858243984, lr 0.0005
    epoch 46: loss 0.5596491104468356, minutes 6.0, val_ap 0.5427149327832252, lr 0.0005
    epoch 47: loss 0.5500242389565291, minutes 6.12, val_ap 0.5397654560273969, lr 0.0005
    epoch 48: loss 0.5589842727884303, minutes 6.23, val_ap 0.5411223097129413, lr 0.0005
    epoch 49: loss 0.5547289572829424, minutes 6.34, val_ap 0.5313215338672754, lr 0.0005
    epoch 50: loss 0.5469537374758443, minutes 6.46, val_ap 0.5400003176490016, lr 0.0005
    epoch 51: loss 0.5460688400753709, minutes 6.57, val_ap 0.5389551406376468, lr 0.0005
    epoch 52: loss 0.5431179447576057, minutes 6.69, val_ap 0.5313787879166518, lr 0.00025
    epoch 53: loss 0.5350849799118763, minutes 6.79, val_ap 0.5415608274427893, lr 0.00025
    epoch 54: loss 0.5259270172046367, minutes 6.9, val_ap 0.5448258432256478, lr 0.00025
    epoch 55: loss 0.5359671944968922, minutes 7.01, val_ap 0.5443642937935803, lr 0.00025
    epoch 56: loss 0.5242300808083179, minutes 7.12, val_ap 0.5450178824459254, lr 0.00025
    epoch 57: loss 0.5259015368254378, minutes 7.23, val_ap 0.5455159895507876, lr 0.00025
    epoch 58: loss 0.5184276448779328, minutes 7.33, val_ap 0.5420182241472438, lr 0.00025
    epoch 59: loss 0.5250646348089673, minutes 7.43, val_ap 0.537675034834164, lr 0.00025
    epoch 60: loss 0.5196638291831627, minutes 7.53, val_ap 0.5327782485047261, lr 0.00025
    epoch 61: loss 0.5277144486127898, minutes 7.63, val_ap 0.5279930471469516, lr 0.000125
    epoch 62: loss 0.5162294011476428, minutes 7.74, val_ap 0.5366339053899988, lr 0.000125
    epoch 63: loss 0.5149723169242226, minutes 7.84, val_ap 0.5368404788310867, lr 0.000125
    epoch 64: loss 0.5124924655050732, minutes 7.94, val_ap 0.5367719970865851, lr 0.000125
    epoch 65: loss 0.51500366693146, minutes 8.04, val_ap 0.5365151621127879, lr 0.000125
    epoch 66: loss 0.5059017050404881, minutes 8.14, val_ap 0.5324650886357509, lr 0.000125
    epoch 67: loss 0.512760688052621, minutes 8.24, val_ap 0.5351597556116753, lr 0.000125
    stopping: no validation gain in 25 epochs
[deepset dataset0 fold 4 seed 1] done (8.5 min)
