loaded: dataset0 121,838 sites, data1 90,452
[gps dataset0 fold 3 seed 1]
    epoch 1: loss 1.9639, val_ap 0.1543, minutes 1.42, lr 3.33e-04
    epoch 2: loss 1.5952, val_ap 0.2383, minutes 2.88, lr 6.63e-04
    epoch 3: loss 1.3453, val_ap 0.4198, minutes 4.4, lr 9.92e-04
    epoch 4: loss 1.2066, val_ap 0.4404, minutes 5.84, lr 1.00e-03
    epoch 5: loss 1.1118, val_ap 0.5043, minutes 7.31, lr 1.00e-03
    epoch 6: loss 1.0659, val_ap 0.5244, minutes 8.76, lr 1.00e-03
    epoch 7: loss 1.0492, val_ap 0.5143, minutes 10.24, lr 1.00e-03
    epoch 8: loss 1.0100, val_ap 0.5317, minutes 11.67, lr 1.00e-03
    epoch 9: loss 0.9973, val_ap 0.5357, minutes 13.07, lr 1.00e-03
    epoch 10: loss 0.9767, val_ap 0.5487, minutes 14.51, lr 1.00e-03
    epoch 11: loss 0.9496, val_ap 0.5510, minutes 16.01, lr 1.00e-03
    epoch 12: loss 0.9406, val_ap 0.5491, minutes 17.45, lr 1.00e-03
    epoch 13: loss 0.9338, val_ap 0.5529, minutes 18.93, lr 1.00e-03
    epoch 14: loss 0.9351, val_ap 0.5575, minutes 20.43, lr 1.00e-03
    epoch 15: loss 0.9180, val_ap 0.5562, minutes 21.93, lr 1.00e-03
    epoch 16: loss 0.8920, val_ap 0.5668, minutes 23.34, lr 1.00e-03
    epoch 17: loss 0.8823, val_ap 0.5728, minutes 24.75, lr 1.00e-03
    epoch 18: loss 0.8890, val_ap 0.5595, minutes 26.15, lr 1.00e-03
    epoch 19: loss 0.8841, val_ap 0.5726, minutes 27.57, lr 1.00e-03
    epoch 20: loss 0.8490, val_ap 0.5723, minutes 28.97, lr 1.00e-03
    epoch 21: loss 0.8447, val_ap 0.5618, minutes 30.41, lr 1.00e-03
    epoch 22: loss 0.8664, val_ap 0.5771, minutes 31.79, lr 1.00e-03
    epoch 23: loss 0.8474, val_ap 0.5667, minutes 33.19, lr 1.00e-03
    epoch 24: loss 0.8424, val_ap 0.5816, minutes 34.6, lr 1.00e-03
    epoch 25: loss 0.8278, val_ap 0.5828, minutes 36.04, lr 1.00e-03
    epoch 26: loss 0.8147, val_ap 0.5913, minutes 37.49, lr 1.00e-03
    epoch 27: loss 0.8335, val_ap 0.5805, minutes 38.97, lr 1.00e-03
    epoch 28: loss 0.8389, val_ap 0.5873, minutes 40.46, lr 1.00e-03
    epoch 29: loss 0.8088, val_ap 0.5871, minutes 42.01, lr 1.00e-03
    epoch 30: loss 0.8069, val_ap 0.5852, minutes 43.46, lr 1.00e-03
    epoch 31: loss 0.8065, val_ap 0.5836, minutes 44.89, lr 1.00e-03
    epoch 32: loss 0.8276, val_ap 0.5924, minutes 46.34, lr 1.00e-03
    epoch 33: loss 0.8248, val_ap 0.5929, minutes 47.78, lr 1.00e-03
    epoch 34: loss 0.7966, val_ap 0.5898, minutes 49.17, lr 1.00e-03
    epoch 35: loss 0.7991, val_ap 0.5891, minutes 50.59, lr 1.00e-03
    epoch 36: loss 0.7929, val_ap 0.5957, minutes 52.04, lr 1.00e-03
    epoch 37: loss 0.7847, val_ap 0.6030, minutes 53.51, lr 1.00e-03
    epoch 38: loss 0.7839, val_ap 0.6092, minutes 55.04, lr 1.00e-03
    epoch 39: loss 0.7813, val_ap 0.5852, minutes 56.45, lr 1.00e-03
    epoch 40: loss 0.7784, val_ap 0.6004, minutes 57.89, lr 1.00e-03
    epoch 41: loss 0.7797, val_ap 0.6014, minutes 59.34, lr 1.00e-03
    epoch 42: loss 0.7645, val_ap 0.6093, minutes 60.86, lr 1.00e-03
    epoch 43: loss 0.7580, val_ap 0.6082, minutes 62.29, lr 1.00e-03
    epoch 44: loss 0.7523, val_ap 0.6146, minutes 63.77, lr 1.00e-03
    epoch 45: loss 0.7574, val_ap 0.6155, minutes 65.23, lr 1.00e-03
    epoch 46: loss 0.7596, val_ap 0.6171, minutes 66.76, lr 1.00e-03
    epoch 47: loss 0.7486, val_ap 0.6152, minutes 68.2, lr 1.00e-03
    epoch 48: loss 0.7485, val_ap 0.6280, minutes 69.67, lr 1.00e-03
    epoch 49: loss 0.7302, val_ap 0.6263, minutes 71.2, lr 1.00e-03
    epoch 50: loss 0.7306, val_ap 0.6183, minutes 72.63, lr 1.00e-03
    epoch 51: loss 0.7442, val_ap 0.6244, minutes 74.12, lr 1.00e-03
    epoch 52: loss 0.7483, val_ap 0.6402, minutes 75.59, lr 1.00e-03
    epoch 53: loss 0.7439, val_ap 0.6181, minutes 77.08, lr 1.00e-03
    epoch 54: loss 0.7316, val_ap 0.6331, minutes 78.56, lr 1.00e-03
    epoch 55: loss 0.7139, val_ap 0.6266, minutes 80.02, lr 1.00e-03
    epoch 56: loss 0.7419, val_ap 0.6323, minutes 81.48, lr 1.00e-03
    epoch 57: loss 0.7147, val_ap 0.6264, minutes 82.98, lr 1.00e-03
    epoch 58: loss 0.7456, val_ap 0.6359, minutes 84.42, lr 1.00e-03
    epoch 59: loss 0.7038, val_ap 0.6241, minutes 85.88, lr 1.00e-03
    epoch 60: loss 0.6913, val_ap 0.6340, minutes 87.27, lr 1.00e-03
    epoch 61: loss 0.7151, val_ap 0.6248, minutes 88.7, lr 5.00e-04
    epoch 62: loss 0.6706, val_ap 0.6224, minutes 90.23, lr 5.00e-04
    epoch 63: loss 0.6705, val_ap 0.6272, minutes 91.62, lr 5.00e-04
    epoch 64: loss 0.6650, val_ap 0.6271, minutes 93.06, lr 5.00e-04
    epoch 65: loss 0.6587, val_ap 0.6305, minutes 94.44, lr 5.00e-04
    epoch 66: loss 0.6632, val_ap 0.6137, minutes 95.84, lr 5.00e-04
    epoch 67: loss 0.6551, val_ap 0.6289, minutes 97.28, lr 5.00e-04
    epoch 68: loss 0.6636, val_ap 0.6222, minutes 98.7, lr 5.00e-04
    epoch 69: loss 0.6624, val_ap 0.6282, minutes 100.13, lr 5.00e-04
    epoch 70: loss 0.6569, val_ap 0.6240, minutes 101.56, lr 2.50e-04
    epoch 71: loss 0.6378, val_ap 0.6106, minutes 103.05, lr 2.50e-04
    epoch 72: loss 0.6353, val_ap 0.6150, minutes 104.45, lr 2.50e-04
    epoch 73: loss 0.6358, val_ap 0.6125, minutes 105.92, lr 2.50e-04
    epoch 74: loss 0.6233, val_ap 0.6000, minutes 107.35, lr 2.50e-04
    epoch 75: loss 0.6215, val_ap 0.5966, minutes 108.79, lr 2.50e-04
    epoch 76: loss 0.6272, val_ap 0.6084, minutes 110.2, lr 2.50e-04
    epoch 77: loss 0.6156, val_ap 0.5961, minutes 111.53, lr 2.50e-04
    stopping: no validation gain in 25 epochs
[gps dataset0 fold 3 seed 1] done (112.5 min)
