loaded: dataset0 121,838 sites, data1 90,452
[h2gcn_aux_r400 dataset0 fold 1 seed 2]
    epoch 1: loss 1.9622, val_ap 0.1668, minutes 0.52, lr 3.33e-04
    epoch 2: loss 1.5625, val_ap 0.2555, minutes 1.01, lr 6.63e-04
    epoch 3: loss 1.3499, val_ap 0.4210, minutes 1.5, lr 9.92e-04
    epoch 4: loss 1.1636, val_ap 0.5015, minutes 2.0, lr 1.00e-03
    epoch 5: loss 1.0984, val_ap 0.5250, minutes 2.52, lr 1.00e-03
    epoch 6: loss 1.0558, val_ap 0.5358, minutes 3.03, lr 1.00e-03
    epoch 7: loss 1.0545, val_ap 0.5497, minutes 3.55, lr 1.00e-03
    epoch 8: loss 0.9951, val_ap 0.5577, minutes 4.06, lr 1.00e-03
    epoch 9: loss 0.9771, val_ap 0.5468, minutes 4.57, lr 1.00e-03
    epoch 10: loss 0.9953, val_ap 0.5551, minutes 5.09, lr 1.00e-03
    epoch 11: loss 0.9397, val_ap 0.5662, minutes 5.63, lr 1.00e-03
    epoch 12: loss 0.9597, val_ap 0.5738, minutes 6.14, lr 1.00e-03
    epoch 13: loss 0.9428, val_ap 0.5796, minutes 6.62, lr 1.00e-03
    epoch 14: loss 0.9459, val_ap 0.5803, minutes 7.14, lr 1.00e-03
    epoch 15: loss 0.9285, val_ap 0.5701, minutes 7.63, lr 1.00e-03
    epoch 16: loss 0.9040, val_ap 0.5708, minutes 8.14, lr 1.00e-03
    epoch 17: loss 0.9081, val_ap 0.5907, minutes 8.65, lr 1.00e-03
    epoch 18: loss 0.8896, val_ap 0.5813, minutes 9.18, lr 1.00e-03
    epoch 19: loss 0.8907, val_ap 0.5874, minutes 9.64, lr 1.00e-03
    epoch 20: loss 0.8832, val_ap 0.5852, minutes 10.13, lr 1.00e-03
    epoch 21: loss 0.8790, val_ap 0.5858, minutes 10.58, lr 1.00e-03
    epoch 22: loss 0.8788, val_ap 0.5774, minutes 11.09, lr 1.00e-03
    epoch 23: loss 0.8763, val_ap 0.5956, minutes 11.61, lr 1.00e-03
    epoch 24: loss 0.8673, val_ap 0.5949, minutes 12.1, lr 1.00e-03
    epoch 25: loss 0.8718, val_ap 0.5948, minutes 12.58, lr 1.00e-03
    epoch 26: loss 0.8630, val_ap 0.6032, minutes 13.1, lr 1.00e-03
    epoch 27: loss 0.8667, val_ap 0.5923, minutes 13.59, lr 1.00e-03
    epoch 28: loss 0.8518, val_ap 0.6010, minutes 14.08, lr 1.00e-03
    epoch 29: loss 0.8432, val_ap 0.6063, minutes 14.58, lr 1.00e-03
    epoch 30: loss 0.8561, val_ap 0.6004, minutes 15.1, lr 1.00e-03
    epoch 31: loss 0.8604, val_ap 0.6080, minutes 15.57, lr 1.00e-03
    epoch 32: loss 0.8433, val_ap 0.6036, minutes 16.08, lr 1.00e-03
    epoch 33: loss 0.8379, val_ap 0.6059, minutes 16.55, lr 1.00e-03
    epoch 34: loss 0.8208, val_ap 0.6025, minutes 17.03, lr 1.00e-03
    epoch 35: loss 0.8192, val_ap 0.6123, minutes 17.51, lr 1.00e-03
    epoch 36: loss 0.8274, val_ap 0.6114, minutes 18.01, lr 1.00e-03
    epoch 37: loss 0.8355, val_ap 0.6114, minutes 18.51, lr 1.00e-03
    epoch 38: loss 0.8221, val_ap 0.6105, minutes 18.99, lr 1.00e-03
    epoch 39: loss 0.8139, val_ap 0.6158, minutes 19.48, lr 1.00e-03
    epoch 40: loss 0.8280, val_ap 0.6151, minutes 19.97, lr 1.00e-03
    epoch 41: loss 0.8148, val_ap 0.6115, minutes 20.47, lr 1.00e-03
    epoch 42: loss 0.8138, val_ap 0.6196, minutes 20.95, lr 1.00e-03
    epoch 43: loss 0.8025, val_ap 0.6223, minutes 21.42, lr 1.00e-03
    epoch 44: loss 0.7901, val_ap 0.6113, minutes 21.92, lr 1.00e-03
    epoch 45: loss 0.8039, val_ap 0.6123, minutes 22.4, lr 1.00e-03
    epoch 46: loss 0.7974, val_ap 0.6237, minutes 22.89, lr 1.00e-03
    epoch 47: loss 0.8025, val_ap 0.6141, minutes 23.39, lr 1.00e-03
    epoch 48: loss 0.7946, val_ap 0.6215, minutes 23.9, lr 1.00e-03
    epoch 49: loss 0.8022, val_ap 0.6183, minutes 24.4, lr 1.00e-03
    epoch 50: loss 0.7830, val_ap 0.6271, minutes 24.89, lr 1.00e-03
    epoch 51: loss 0.8018, val_ap 0.6239, minutes 25.4, lr 1.00e-03
    epoch 52: loss 0.7858, val_ap 0.6137, minutes 25.88, lr 1.00e-03
    epoch 53: loss 0.7814, val_ap 0.6188, minutes 26.37, lr 1.00e-03
    epoch 54: loss 0.7696, val_ap 0.6207, minutes 26.83, lr 1.00e-03
    epoch 55: loss 0.7971, val_ap 0.6239, minutes 27.32, lr 1.00e-03
    epoch 56: loss 0.7746, val_ap 0.6210, minutes 27.82, lr 1.00e-03
    epoch 57: loss 0.7624, val_ap 0.6279, minutes 28.32, lr 1.00e-03
    epoch 58: loss 0.7629, val_ap 0.6178, minutes 28.85, lr 1.00e-03
    epoch 59: loss 0.7625, val_ap 0.6230, minutes 29.33, lr 1.00e-03
    epoch 60: loss 0.7520, val_ap 0.6197, minutes 29.85, lr 1.00e-03
    epoch 61: loss 0.7545, val_ap 0.6273, minutes 30.37, lr 1.00e-03
    epoch 62: loss 0.7443, val_ap 0.6230, minutes 30.84, lr 1.00e-03
    epoch 63: loss 0.7493, val_ap 0.6292, minutes 31.36, lr 1.00e-03
    epoch 64: loss 0.7478, val_ap 0.6149, minutes 31.86, lr 1.00e-03
    epoch 65: loss 0.7592, val_ap 0.6237, minutes 32.35, lr 1.00e-03
    epoch 66: loss 0.7493, val_ap 0.6225, minutes 32.83, lr 1.00e-03
    epoch 67: loss 0.7386, val_ap 0.6218, minutes 33.33, lr 1.00e-03
    epoch 68: loss 0.7471, val_ap 0.6200, minutes 33.8, lr 1.00e-03
    epoch 69: loss 0.7315, val_ap 0.6285, minutes 34.29, lr 1.00e-03
    epoch 70: loss 0.7294, val_ap 0.6332, minutes 34.8, lr 1.00e-03
    epoch 71: loss 0.7294, val_ap 0.6207, minutes 35.3, lr 1.00e-03
    epoch 72: loss 0.7201, val_ap 0.6194, minutes 35.78, lr 1.00e-03
    epoch 73: loss 0.7115, val_ap 0.6254, minutes 36.27, lr 1.00e-03
    epoch 74: loss 0.7233, val_ap 0.6276, minutes 36.79, lr 1.00e-03
    epoch 75: loss 0.7143, val_ap 0.6311, minutes 37.28, lr 1.00e-03
    epoch 76: loss 0.7249, val_ap 0.6245, minutes 37.78, lr 1.00e-03
    epoch 77: loss 0.7251, val_ap 0.6235, minutes 38.26, lr 1.00e-03
    epoch 78: loss 0.7233, val_ap 0.6351, minutes 38.77, lr 1.00e-03
    epoch 79: loss 0.7152, val_ap 0.6143, minutes 39.25, lr 1.00e-03
    epoch 80: loss 0.7097, val_ap 0.6093, minutes 39.74, lr 1.00e-03
    epoch 81: loss 0.7054, val_ap 0.6187, minutes 40.24, lr 1.00e-03
    epoch 82: loss 0.7010, val_ap 0.6172, minutes 40.71, lr 1.00e-03
    epoch 83: loss 0.7203, val_ap 0.6075, minutes 41.19, lr 1.00e-03
    epoch 84: loss 0.6928, val_ap 0.6242, minutes 41.68, lr 1.00e-03
    epoch 85: loss 0.6908, val_ap 0.6184, minutes 42.16, lr 1.00e-03
    epoch 86: loss 0.6939, val_ap 0.6132, minutes 42.65, lr 1.00e-03
    epoch 87: loss 0.6842, val_ap 0.6118, minutes 43.13, lr 5.00e-04
    epoch 88: loss 0.6724, val_ap 0.6129, minutes 43.64, lr 5.00e-04
    epoch 89: loss 0.6639, val_ap 0.6144, minutes 44.14, lr 5.00e-04
    epoch 90: loss 0.6526, val_ap 0.6106, minutes 44.63, lr 5.00e-04
    epoch 91: loss 0.6638, val_ap 0.6180, minutes 45.12, lr 5.00e-04
    epoch 92: loss 0.6672, val_ap 0.6090, minutes 45.57, lr 5.00e-04
    epoch 93: loss 0.6473, val_ap 0.6128, minutes 46.04, lr 5.00e-04
    epoch 94: loss 0.6461, val_ap 0.6112, minutes 46.54, lr 5.00e-04
    epoch 95: loss 0.6515, val_ap 0.6092, minutes 47.02, lr 5.00e-04
    epoch 96: loss 0.6623, val_ap 0.6189, minutes 47.5, lr 2.50e-04
    epoch 97: loss 0.6366, val_ap 0.6181, minutes 47.97, lr 2.50e-04
    epoch 98: loss 0.6382, val_ap 0.6147, minutes 48.46, lr 2.50e-04
    epoch 99: loss 0.6398, val_ap 0.6195, minutes 48.96, lr 2.50e-04
    epoch 100: loss 0.6348, val_ap 0.6187, minutes 49.44, lr 2.50e-04
    epoch 101: loss 0.6347, val_ap 0.6128, minutes 49.94, lr 2.50e-04
    epoch 102: loss 0.6368, val_ap 0.6141, minutes 50.41, lr 2.50e-04
    epoch 103: loss 0.6396, val_ap 0.6132, minutes 50.89, lr 2.50e-04
    stopping: no validation gain in 25 epochs
[h2gcn_aux_r400 dataset0 fold 1 seed 2] done (51.6 min)
