loaded: dataset0 121,838 sites, data1 90,452
[fk_kernel dataset0 fold 2 seed 1]
    kernel decay scale 108.1 nt (fitted to cell line 1 training labels)
    epoch 1: loss 1.9579, val_ap 0.1709, minutes 0.5, lr 3.33e-04
    epoch 2: loss 1.5838, val_ap 0.2791, minutes 1.0, lr 6.59e-04
    epoch 3: loss 1.3143, val_ap 0.4268, minutes 1.54, lr 9.89e-04
    epoch 4: loss 1.1886, val_ap 0.5167, minutes 2.04, lr 1.00e-03
    epoch 5: loss 1.1289, val_ap 0.5343, minutes 2.55, lr 1.00e-03
    epoch 6: loss 1.0669, val_ap 0.5505, minutes 3.04, lr 1.00e-03
    epoch 7: loss 1.0348, val_ap 0.5563, minutes 3.57, lr 1.00e-03
    epoch 8: loss 1.0475, val_ap 0.5618, minutes 4.08, lr 1.00e-03
    epoch 9: loss 0.9968, val_ap 0.5769, minutes 4.58, lr 1.00e-03
    epoch 10: loss 0.9980, val_ap 0.5786, minutes 5.1, lr 1.00e-03
    epoch 11: loss 0.9641, val_ap 0.5722, minutes 5.62, lr 1.00e-03
    epoch 12: loss 0.9505, val_ap 0.5859, minutes 6.12, lr 1.00e-03
    epoch 13: loss 0.9646, val_ap 0.5754, minutes 6.64, lr 1.00e-03
    epoch 14: loss 0.9382, val_ap 0.5853, minutes 7.15, lr 1.00e-03
    epoch 15: loss 0.9334, val_ap 0.5805, minutes 7.67, lr 1.00e-03
    epoch 16: loss 0.9158, val_ap 0.5861, minutes 8.15, lr 1.00e-03
    epoch 17: loss 0.9195, val_ap 0.5851, minutes 8.66, lr 1.00e-03
    epoch 18: loss 0.9144, val_ap 0.5914, minutes 9.2, lr 1.00e-03
    epoch 19: loss 0.9192, val_ap 0.5880, minutes 9.71, lr 1.00e-03
    epoch 20: loss 0.8967, val_ap 0.5886, minutes 10.25, lr 1.00e-03
    epoch 21: loss 0.9017, val_ap 0.5927, minutes 10.76, lr 1.00e-03
    epoch 22: loss 0.8930, val_ap 0.5927, minutes 11.26, lr 1.00e-03
    epoch 23: loss 0.9096, val_ap 0.5958, minutes 11.76, lr 1.00e-03
    epoch 24: loss 0.8885, val_ap 0.5927, minutes 12.26, lr 1.00e-03
    epoch 25: loss 0.8739, val_ap 0.5982, minutes 12.76, lr 1.00e-03
    epoch 26: loss 0.9230, val_ap 0.5877, minutes 13.23, lr 1.00e-03
    epoch 27: loss 0.9143, val_ap 0.6099, minutes 13.72, lr 1.00e-03
    epoch 28: loss 0.8670, val_ap 0.6035, minutes 14.23, lr 1.00e-03
    epoch 29: loss 0.8819, val_ap 0.6106, minutes 14.75, lr 1.00e-03
    epoch 30: loss 0.8487, val_ap 0.6040, minutes 15.24, lr 1.00e-03
    epoch 31: loss 0.8676, val_ap 0.6011, minutes 15.73, lr 1.00e-03
    epoch 32: loss 0.8680, val_ap 0.6070, minutes 16.25, lr 1.00e-03
    epoch 33: loss 0.8311, val_ap 0.6021, minutes 16.74, lr 1.00e-03
    epoch 34: loss 0.8480, val_ap 0.6106, minutes 17.23, lr 1.00e-03
    epoch 35: loss 0.8314, val_ap 0.6095, minutes 17.72, lr 1.00e-03
    epoch 36: loss 0.8307, val_ap 0.5911, minutes 18.26, lr 1.00e-03
    epoch 37: loss 0.8524, val_ap 0.6140, minutes 18.77, lr 1.00e-03
    epoch 38: loss 0.8310, val_ap 0.6080, minutes 19.25, lr 1.00e-03
    epoch 39: loss 0.8327, val_ap 0.6075, minutes 19.74, lr 1.00e-03
    epoch 40: loss 0.8277, val_ap 0.6178, minutes 20.24, lr 1.00e-03
    epoch 41: loss 0.8237, val_ap 0.6139, minutes 20.74, lr 1.00e-03
    epoch 42: loss 0.8005, val_ap 0.6238, minutes 21.25, lr 1.00e-03
    epoch 43: loss 0.8037, val_ap 0.6188, minutes 21.73, lr 1.00e-03
    epoch 44: loss 0.8174, val_ap 0.6030, minutes 22.22, lr 1.00e-03
    epoch 45: loss 0.8272, val_ap 0.6209, minutes 22.71, lr 1.00e-03
    epoch 46: loss 0.8907, val_ap 0.6062, minutes 23.22, lr 1.00e-03
    epoch 47: loss 0.8182, val_ap 0.6218, minutes 23.74, lr 1.00e-03
    epoch 48: loss 0.8198, val_ap 0.6200, minutes 24.25, lr 1.00e-03
    epoch 49: loss 0.8065, val_ap 0.6182, minutes 24.76, lr 1.00e-03
    epoch 50: loss 0.8005, val_ap 0.6174, minutes 25.3, lr 1.00e-03
    epoch 51: loss 0.7840, val_ap 0.6079, minutes 25.78, lr 5.00e-04
    epoch 52: loss 0.7858, val_ap 0.6219, minutes 26.3, lr 5.00e-04
    epoch 53: loss 0.7880, val_ap 0.6214, minutes 26.82, lr 5.00e-04
    epoch 54: loss 0.7733, val_ap 0.6225, minutes 27.37, lr 5.00e-04
    epoch 55: loss 0.7745, val_ap 0.6240, minutes 27.86, lr 5.00e-04
    epoch 56: loss 0.7490, val_ap 0.6232, minutes 28.36, lr 5.00e-04
    epoch 57: loss 0.7731, val_ap 0.6240, minutes 28.87, lr 5.00e-04
    epoch 58: loss 0.7559, val_ap 0.6263, minutes 29.4, lr 5.00e-04
    epoch 59: loss 0.7602, val_ap 0.6296, minutes 29.95, lr 5.00e-04
    epoch 60: loss 0.7479, val_ap 0.6193, minutes 30.46, lr 5.00e-04
    epoch 61: loss 0.7564, val_ap 0.6308, minutes 30.97, lr 5.00e-04
    epoch 62: loss 0.7503, val_ap 0.6206, minutes 31.49, lr 5.00e-04
    epoch 63: loss 0.7390, val_ap 0.6176, minutes 31.99, lr 5.00e-04
    epoch 64: loss 0.7567, val_ap 0.6240, minutes 32.52, lr 5.00e-04
    epoch 65: loss 0.7401, val_ap 0.6189, minutes 33.04, lr 5.00e-04
    epoch 66: loss 0.7534, val_ap 0.6257, minutes 33.54, lr 5.00e-04
    epoch 67: loss 0.7397, val_ap 0.6297, minutes 34.07, lr 5.00e-04
    epoch 68: loss 0.7433, val_ap 0.6239, minutes 34.58, lr 5.00e-04
    epoch 69: loss 0.7438, val_ap 0.6294, minutes 35.09, lr 5.00e-04
    epoch 70: loss 0.7375, val_ap 0.6327, minutes 35.6, lr 5.00e-04
    epoch 71: loss 0.7446, val_ap 0.6252, minutes 36.1, lr 5.00e-04
    epoch 72: loss 0.7454, val_ap 0.6175, minutes 36.6, lr 5.00e-04
    epoch 73: loss 0.7361, val_ap 0.6343, minutes 37.12, lr 5.00e-04
    epoch 74: loss 0.7272, val_ap 0.6349, minutes 37.62, lr 5.00e-04
    epoch 75: loss 0.7330, val_ap 0.6292, minutes 38.13, lr 5.00e-04
    epoch 76: loss 0.7350, val_ap 0.6337, minutes 38.63, lr 5.00e-04
    epoch 77: loss 0.7160, val_ap 0.6264, minutes 39.13, lr 5.00e-04
    epoch 78: loss 0.7142, val_ap 0.6243, minutes 39.65, lr 5.00e-04
    epoch 79: loss 0.7340, val_ap 0.6220, minutes 40.15, lr 5.00e-04
    epoch 80: loss 0.7153, val_ap 0.6277, minutes 40.66, lr 5.00e-04
    epoch 81: loss 0.7138, val_ap 0.6215, minutes 41.18, lr 5.00e-04
    epoch 82: loss 0.7278, val_ap 0.6272, minutes 41.68, lr 5.00e-04
    epoch 83: loss 0.7204, val_ap 0.6325, minutes 42.19, lr 2.50e-04
    epoch 84: loss 0.7018, val_ap 0.6304, minutes 42.68, lr 2.50e-04
    epoch 85: loss 0.7023, val_ap 0.6329, minutes 43.19, lr 2.50e-04
    epoch 86: loss 0.7001, val_ap 0.6294, minutes 43.71, lr 2.50e-04
    epoch 87: loss 0.7134, val_ap 0.6357, minutes 44.2, lr 2.50e-04
    epoch 88: loss 0.6973, val_ap 0.6338, minutes 44.72, lr 2.50e-04
    epoch 89: loss 0.7009, val_ap 0.6315, minutes 45.24, lr 2.50e-04
    epoch 90: loss 0.7041, val_ap 0.6312, minutes 45.73, lr 2.50e-04
    epoch 91: loss 0.6841, val_ap 0.6370, minutes 46.25, lr 2.50e-04
    epoch 92: loss 0.7476, val_ap 0.6274, minutes 46.79, lr 2.50e-04
    epoch 93: loss 0.7668, val_ap 0.6372, minutes 47.27, lr 2.50e-04
    epoch 94: loss 0.7047, val_ap 0.6376, minutes 47.76, lr 2.50e-04
    epoch 95: loss 0.6912, val_ap 0.6369, minutes 48.27, lr 2.50e-04
    epoch 96: loss 0.6952, val_ap 0.6331, minutes 48.79, lr 2.50e-04
    epoch 97: loss 0.6926, val_ap 0.6316, minutes 49.28, lr 2.50e-04
    epoch 98: loss 0.6984, val_ap 0.6346, minutes 49.79, lr 2.50e-04
    epoch 99: loss 0.6790, val_ap 0.6349, minutes 50.28, lr 2.50e-04
    epoch 100: loss 0.7018, val_ap 0.6376, minutes 50.76, lr 2.50e-04
    epoch 101: loss 0.6975, val_ap 0.6341, minutes 51.21, lr 2.50e-04
    epoch 102: loss 0.6935, val_ap 0.6327, minutes 51.73, lr 2.50e-04
    epoch 103: loss 0.6913, val_ap 0.6365, minutes 52.26, lr 2.50e-04
    epoch 104: loss 0.6803, val_ap 0.6353, minutes 52.76, lr 2.50e-04
    epoch 105: loss 0.6732, val_ap 0.6335, minutes 53.25, lr 2.50e-04
    epoch 106: loss 0.6865, val_ap 0.6348, minutes 53.74, lr 2.50e-04
    epoch 107: loss 0.6888, val_ap 0.6305, minutes 54.26, lr 2.50e-04
    epoch 108: loss 0.6866, val_ap 0.6373, minutes 54.75, lr 2.50e-04
    epoch 109: loss 0.6660, val_ap 0.6337, minutes 55.23, lr 1.25e-04
    epoch 110: loss 0.6728, val_ap 0.6353, minutes 55.75, lr 1.25e-04
    epoch 111: loss 0.6713, val_ap 0.6395, minutes 56.24, lr 1.25e-04
    epoch 112: loss 0.6632, val_ap 0.6341, minutes 56.7, lr 1.25e-04
    epoch 113: loss 0.6869, val_ap 0.6350, minutes 57.23, lr 1.25e-04
    epoch 114: loss 0.6649, val_ap 0.6331, minutes 57.69, lr 1.25e-04
    epoch 115: loss 0.6758, val_ap 0.6353, minutes 58.19, lr 1.25e-04
    epoch 116: loss 0.6839, val_ap 0.6378, minutes 58.67, lr 1.25e-04
    epoch 117: loss 0.6688, val_ap 0.6354, minutes 59.17, lr 1.25e-04
    epoch 118: loss 0.6924, val_ap 0.6278, minutes 59.68, lr 1.25e-04
    epoch 119: loss 0.6818, val_ap 0.6312, minutes 60.17, lr 1.25e-04
    epoch 120: loss 0.6819, val_ap 0.6329, minutes 60.71, lr 6.25e-05
    epoch 121: loss 0.6702, val_ap 0.6353, minutes 61.24, lr 6.25e-05
    epoch 122: loss 0.6599, val_ap 0.6358, minutes 61.72, lr 6.25e-05
    epoch 123: loss 0.6869, val_ap 0.6354, minutes 62.27, lr 6.25e-05
    epoch 124: loss 0.6681, val_ap 0.6311, minutes 62.77, lr 6.25e-05
    epoch 125: loss 0.6700, val_ap 0.6307, minutes 63.29, lr 6.25e-05
    epoch 126: loss 0.6667, val_ap 0.6329, minutes 63.81, lr 6.25e-05
    epoch 127: loss 0.6633, val_ap 0.6349, minutes 64.28, lr 6.25e-05
    epoch 128: loss 0.6772, val_ap 0.6345, minutes 64.79, lr 6.25e-05
    epoch 129: loss 0.6621, val_ap 0.6348, minutes 65.25, lr 3.13e-05
    epoch 130: loss 0.6420, val_ap 0.6335, minutes 65.74, lr 3.13e-05
    epoch 131: loss 0.6649, val_ap 0.6335, minutes 66.23, lr 3.13e-05
    epoch 132: loss 0.6652, val_ap 0.6328, minutes 66.71, lr 3.13e-05
    epoch 133: loss 0.6642, val_ap 0.6345, minutes 67.22, lr 3.13e-05
    epoch 134: loss 0.6581, val_ap 0.6335, minutes 67.71, lr 3.13e-05
    epoch 135: loss 0.6580, val_ap 0.6336, minutes 68.22, lr 3.13e-05
    epoch 136: loss 0.6533, val_ap 0.6326, minutes 68.72, lr 3.13e-05
    stopping: no validation gain in 25 epochs
[fk_kernel dataset0 fold 2 seed 1] done (69.4 min)
