loaded: dataset0 121,838 sites, data1 90,452
[gps pooled_both fold 1]
    epoch 1: loss 1.8851, val_ap 0.2066, minutes 2.33, lr 3.31e-04
    epoch 2: loss 1.5076, val_ap 0.3789, minutes 4.69, lr 6.60e-04
    epoch 3: loss 1.3683, val_ap 0.4284, minutes 7.16, lr 9.89e-04
    epoch 4: loss 1.3055, val_ap 0.4426, minutes 9.62, lr 1.00e-03
    epoch 5: loss 1.2613, val_ap 0.4456, minutes 12.11, lr 1.00e-03
    epoch 6: loss 1.2496, val_ap 0.4523, minutes 14.64, lr 1.00e-03
    epoch 7: loss 1.2298, val_ap 0.4642, minutes 17.21, lr 1.00e-03
    epoch 8: loss 1.2358, val_ap 0.4522, minutes 19.88, lr 1.00e-03
    epoch 9: loss 1.2081, val_ap 0.4646, minutes 22.32, lr 1.00e-03
    epoch 10: loss 1.1999, val_ap 0.4769, minutes 24.8, lr 1.00e-03
    epoch 11: loss 1.1950, val_ap 0.4761, minutes 27.33, lr 1.00e-03
    epoch 12: loss 1.2030, val_ap 0.4849, minutes 29.86, lr 1.00e-03
    epoch 13: loss 1.1755, val_ap 0.4835, minutes 32.33, lr 1.00e-03
    epoch 14: loss 1.1690, val_ap 0.4891, minutes 34.85, lr 1.00e-03
    epoch 15: loss 1.1786, val_ap 0.4839, minutes 37.31, lr 1.00e-03
    epoch 16: loss 1.1597, val_ap 0.4898, minutes 39.79, lr 1.00e-03
    epoch 17: loss 1.1590, val_ap 0.4940, minutes 42.34, lr 1.00e-03
    epoch 18: loss 1.1506, val_ap 0.4859, minutes 44.89, lr 1.00e-03
    epoch 19: loss 1.1528, val_ap 0.4930, minutes 47.34, lr 1.00e-03
    epoch 20: loss 1.1344, val_ap 0.4963, minutes 49.8, lr 1.00e-03
    epoch 21: loss 1.1361, val_ap 0.4995, minutes 52.32, lr 1.00e-03
    epoch 22: loss 1.1347, val_ap 0.4970, minutes 54.81, lr 1.00e-03
    epoch 23: loss 1.1309, val_ap 0.5005, minutes 57.36, lr 1.00e-03
    epoch 24: loss 1.1121, val_ap 0.4963, minutes 59.88, lr 1.00e-03
    epoch 25: loss 1.1150, val_ap 0.5034, minutes 62.37, lr 1.00e-03
    epoch 26: loss 1.1090, val_ap 0.5109, minutes 64.91, lr 1.00e-03
    epoch 27: loss 1.0991, val_ap 0.4987, minutes 67.42, lr 1.00e-03
    epoch 28: loss 1.0938, val_ap 0.5095, minutes 69.89, lr 1.00e-03
    epoch 29: loss 1.0918, val_ap 0.5023, minutes 72.37, lr 1.00e-03
    epoch 30: loss 1.0772, val_ap 0.5070, minutes 74.95, lr 1.00e-03
    epoch 31: loss 1.0763, val_ap 0.5116, minutes 77.43, lr 1.00e-03
    epoch 32: loss 1.0789, val_ap 0.5067, minutes 79.97, lr 1.00e-03
    epoch 33: loss 1.0600, val_ap 0.5105, minutes 82.51, lr 1.00e-03
    epoch 34: loss 1.0676, val_ap 0.5139, minutes 84.98, lr 1.00e-03
    epoch 35: loss 1.0548, val_ap 0.5071, minutes 87.47, lr 1.00e-03
    epoch 36: loss 1.0446, val_ap 0.5139, minutes 89.95, lr 1.00e-03
    epoch 37: loss 1.0405, val_ap 0.5096, minutes 92.4, lr 1.00e-03
    epoch 38: loss 1.0298, val_ap 0.5073, minutes 94.94, lr 1.00e-03
    epoch 39: loss 1.0307, val_ap 0.5105, minutes 97.39, lr 1.00e-03
    epoch 40: loss 1.0235, val_ap 0.5087, minutes 99.86, lr 1.00e-03
    epoch 41: loss 1.0120, val_ap 0.5096, minutes 102.33, lr 1.00e-03
    epoch 42: loss 1.0164, val_ap 0.5201, minutes 104.7, lr 1.00e-03
    epoch 43: loss 0.9996, val_ap 0.4971, minutes 107.11, lr 1.00e-03
    epoch 44: loss 0.9910, val_ap 0.5120, minutes 109.48, lr 1.00e-03
    epoch 45: loss 0.9828, val_ap 0.5154, minutes 111.84, lr 1.00e-03
    epoch 46: loss 0.9782, val_ap 0.5140, minutes 114.2, lr 1.00e-03
    epoch 47: loss 0.9689, val_ap 0.5153, minutes 116.63, lr 1.00e-03
    epoch 48: loss 0.9644, val_ap 0.5097, minutes 119.04, lr 1.00e-03
    epoch 49: loss 0.9557, val_ap 0.5024, minutes 121.44, lr 1.00e-03
    epoch 50: loss 0.9540, val_ap 0.5040, minutes 123.77, lr 1.00e-03
    epoch 51: loss 0.9324, val_ap 0.5153, minutes 126.09, lr 5.00e-04
    epoch 52: loss 0.9091, val_ap 0.5131, minutes 128.48, lr 5.00e-04
    epoch 53: loss 0.8902, val_ap 0.5053, minutes 130.8, lr 5.00e-04
    epoch 54: loss 0.8835, val_ap 0.4994, minutes 133.17, lr 5.00e-04
    epoch 55: loss 0.8859, val_ap 0.5130, minutes 135.48, lr 5.00e-04
    epoch 56: loss 0.8776, val_ap 0.4998, minutes 137.84, lr 5.00e-04
    epoch 57: loss 0.8758, val_ap 0.4906, minutes 140.14, lr 5.00e-04
    epoch 58: loss 0.8722, val_ap 0.4984, minutes 142.42, lr 5.00e-04
    epoch 59: loss 0.8642, val_ap 0.4874, minutes 144.73, lr 5.00e-04
    epoch 60: loss 0.8530, val_ap 0.4824, minutes 146.98, lr 2.50e-04
    epoch 61: loss 0.8331, val_ap 0.4904, minutes 149.24, lr 2.50e-04
    epoch 62: loss 0.8304, val_ap 0.4900, minutes 151.48, lr 2.50e-04
    epoch 63: loss 0.8362, val_ap 0.4819, minutes 153.77, lr 2.50e-04
    epoch 64: loss 0.8238, val_ap 0.4696, minutes 156.0, lr 2.50e-04
    epoch 65: loss 0.8229, val_ap 0.4824, minutes 158.28, lr 2.50e-04
    epoch 66: loss 0.8187, val_ap 0.4812, minutes 160.48, lr 2.50e-04
    epoch 67: loss 0.8135, val_ap 0.4842, minutes 162.71, lr 2.50e-04
    stopping: no validation gain in 25 epochs
[gps pooled_both fold 1] done (163.5 min)
