loaded: dataset0 121,838 sites, data1 90,452
[set_transformer pooled_both fold 0]
    epoch 1: loss 1.0290030517497983, minutes 2.77, val_ap 0.3690945808676998, lr 0.00033389355742296915
    epoch 2: loss 0.9121127415104072, minutes 6.32, val_ap 0.39501340797533246, lr 0.0006672268907563025
    epoch 3: loss 0.8870967389154835, minutes 9.83, val_ap 0.39413494299755336, lr 0.001
    epoch 4: loss 0.8713540815004781, minutes 13.51, val_ap 0.41045730662057406, lr 0.001
    epoch 5: loss 0.8566647710920382, minutes 16.99, val_ap 0.4080115087027688, lr 0.001
    epoch 6: loss 0.850043483641969, minutes 20.57, val_ap 0.42179771945376754, lr 0.001
    epoch 7: loss 0.84323424145955, minutes 24.15, val_ap 0.42147205917074254, lr 0.001
    epoch 8: loss 0.8379868372648704, minutes 27.77, val_ap 0.42197487308602927, lr 0.001
    epoch 9: loss 0.8358077622261368, minutes 31.33, val_ap 0.4222156191848085, lr 0.001
    epoch 10: loss 0.829980556704417, minutes 34.93, val_ap 0.4324635554170101, lr 0.001
    epoch 11: loss 0.8208803604129984, minutes 38.47, val_ap 0.42590998205838615, lr 0.001
    epoch 12: loss 0.8239269176951978, minutes 42.02, val_ap 0.42769350386302296, lr 0.001
    epoch 13: loss 0.8175781908656369, minutes 45.63, val_ap 0.4261921298616901, lr 0.001
    epoch 14: loss 0.8143839124871903, minutes 49.23, val_ap 0.42949064676765847, lr 0.001
    epoch 15: loss 0.8135082714697894, minutes 52.86, val_ap 0.4233280922597541, lr 0.001
    epoch 16: loss 0.8116243270765834, minutes 56.42, val_ap 0.43090739943833656, lr 0.001
    epoch 17: loss 0.8030379252774374, minutes 59.98, val_ap 0.4389524755415741, lr 0.001
    epoch 18: loss 0.7996092534866653, minutes 63.58, val_ap 0.4272037836188911, lr 0.001
    epoch 19: loss 0.7965427405693952, minutes 67.17, val_ap 0.4403661075939633, lr 0.001
    epoch 20: loss 0.7946172269953399, minutes 70.71, val_ap 0.41908343079303195, lr 0.001
    epoch 21: loss 0.7898092021461295, minutes 74.19, val_ap 0.42570673665793485, lr 0.001
    epoch 22: loss 0.7904129963462092, minutes 77.73, val_ap 0.43457825732463184, lr 0.001
    epoch 23: loss 0.7861708207290714, minutes 81.21, val_ap 0.4390394553084404, lr 0.001
    epoch 24: loss 0.7811613748053543, minutes 84.7, val_ap 0.43655956381666855, lr 0.001
    epoch 25: loss 0.7752184239756159, minutes 88.23, val_ap 0.4313877820489482, lr 0.001
    epoch 26: loss 0.7712400371287049, minutes 91.79, val_ap 0.43169545878442567, lr 0.001
    epoch 27: loss 0.7704944695244317, minutes 95.23, val_ap 0.4493184973251555, lr 0.001
    epoch 28: loss 0.768385109931481, minutes 98.69, val_ap 0.44353776198892525, lr 0.001
    epoch 29: loss 0.7614861243913154, minutes 102.18, val_ap 0.4376019079168688, lr 0.001
    epoch 30: loss 0.7581249462957141, minutes 105.66, val_ap 0.4351126069318591, lr 0.001
    epoch 31: loss 0.7543499280424679, minutes 109.06, val_ap 0.43202039215230537, lr 0.001
    epoch 32: loss 0.7538038763178497, minutes 112.45, val_ap 0.4486132540640806, lr 0.001
    epoch 33: loss 0.7480509990904511, minutes 115.92, val_ap 0.4412166321449559, lr 0.001
    epoch 34: loss 0.742552229286242, minutes 119.31, val_ap 0.44158030329441844, lr 0.001
    epoch 35: loss 0.7377370676573585, minutes 122.67, val_ap 0.4301787135341187, lr 0.001
    epoch 36: loss 0.7372440575050707, minutes 125.97, val_ap 0.43547302153155326, lr 0.0005
    epoch 37: loss 0.7090487164609572, minutes 129.22, val_ap 0.4428967235639199, lr 0.0005
    epoch 38: loss 0.7001072090213039, minutes 132.65, val_ap 0.43987439702638226, lr 0.0005
    epoch 39: loss 0.6881593788872246, minutes 136.02, val_ap 0.43886819749131334, lr 0.0005
    epoch 40: loss 0.6885179835207322, minutes 139.38, val_ap 0.4453565362371277, lr 0.0005
    epoch 41: loss 0.6770412101965992, minutes 142.7, val_ap 0.43743708929854175, lr 0.0005
    epoch 42: loss 0.6754207286514154, minutes 146.02, val_ap 0.4405666664495147, lr 0.0005
    epoch 43: loss 0.6730208174521182, minutes 149.38, val_ap 0.44203673364736934, lr 0.0005
    epoch 44: loss 0.6705638050031262, minutes 152.71, val_ap 0.4370493365407157, lr 0.0005
    epoch 45: loss 0.6642699531647338, minutes 155.97, val_ap 0.4430057053768406, lr 0.00025
    epoch 46: loss 0.6435949283487656, minutes 159.19, val_ap 0.4524781921568166, lr 0.00025
    epoch 47: loss 0.633507069419412, minutes 162.46, val_ap 0.44443061759724567, lr 0.00025
    epoch 48: loss 0.6292797602024399, minutes 165.69, val_ap 0.44282069672526464, lr 0.00025
    epoch 49: loss 0.6241568372029216, minutes 168.99, val_ap 0.4383118759895906, lr 0.00025
    epoch 50: loss 0.6278041336716724, minutes 172.08, val_ap 0.43741863572730644, lr 0.00025
    epoch 51: loss 0.6188614346900908, minutes 175.39, val_ap 0.44013917166303895, lr 0.00025
    epoch 52: loss 0.6139774547404602, minutes 178.64, val_ap 0.4480995342241654, lr 0.00025
    epoch 53: loss 0.6150367992264884, minutes 181.87, val_ap 0.44178475239470283, lr 0.00025
    epoch 54: loss 0.6116769617345152, minutes 185.11, val_ap 0.4426809698999294, lr 0.00025
    epoch 55: loss 0.6056585410062004, minutes 188.27, val_ap 0.4328579863030198, lr 0.000125
    epoch 56: loss 0.5929137615095668, minutes 191.5, val_ap 0.43769258023028484, lr 0.000125
    epoch 57: loss 0.5907002670925204, minutes 194.58, val_ap 0.4392459649590816, lr 0.000125
    epoch 58: loss 0.5891013851686686, minutes 197.71, val_ap 0.44500064046309207, lr 0.000125
    epoch 59: loss 0.5917795442733444, minutes 200.95, val_ap 0.4399873516233843, lr 0.000125
    epoch 60: loss 0.5803370806850305, minutes 204.08, val_ap 0.43537223999090024, lr 0.000125
    epoch 61: loss 0.586025553691287, minutes 207.3, val_ap 0.4389895661739589, lr 0.000125
    epoch 62: loss 0.5762448433066617, minutes 210.4, val_ap 0.44082552170527306, lr 0.000125
    epoch 63: loss 0.5762877726254343, minutes 213.56, val_ap 0.43727140004271575, lr 0.000125
    epoch 64: loss 0.5845477270478961, minutes 216.75, val_ap 0.44169547338312914, lr 6.25e-05
    epoch 65: loss 0.5672806991749451, minutes 219.87, val_ap 0.4429744557253188, lr 6.25e-05
    epoch 66: loss 0.5697662522311971, minutes 223.04, val_ap 0.43833703780856154, lr 6.25e-05
    epoch 67: loss 0.5666104936800083, minutes 226.22, val_ap 0.4409502029947441, lr 6.25e-05
    epoch 68: loss 0.5594358807852289, minutes 229.41, val_ap 0.434041350670932, lr 6.25e-05
    epoch 69: loss 0.5651739020808404, minutes 232.52, val_ap 0.43121156747662137, lr 6.25e-05
    epoch 70: loss 0.5632816194987097, minutes 235.59, val_ap 0.4338256440479645, lr 6.25e-05
    stopping: no validation gain in 25 epochs
[set_transformer pooled_both fold 0] done (240.8 min)
