loaded: dataset0 121,838 sites, data1 90,452
[fk_kernel pooled_both fold 2 seed 1]
    kernel decay scale 108.1 nt (fitted to cell line 1 training labels)
    epoch 1: loss 1.8947, val_ap 0.1767, minutes 0.8, lr 3.31e-04
    epoch 2: loss 1.5385, val_ap 0.3356, minutes 1.57, lr 6.58e-04
    epoch 3: loss 1.3527, val_ap 0.4373, minutes 2.42, lr 9.87e-04
    epoch 4: loss 1.2764, val_ap 0.4685, minutes 3.29, lr 1.00e-03
    epoch 5: loss 1.2366, val_ap 0.4811, minutes 4.08, lr 1.00e-03
    epoch 6: loss 1.2245, val_ap 0.4834, minutes 4.9, lr 1.00e-03
    epoch 7: loss 1.2172, val_ap 0.4806, minutes 5.72, lr 1.00e-03
    epoch 8: loss 1.2136, val_ap 0.4826, minutes 6.54, lr 1.00e-03
    epoch 9: loss 1.1969, val_ap 0.4878, minutes 7.35, lr 1.00e-03
    epoch 10: loss 1.1839, val_ap 0.4860, minutes 8.15, lr 1.00e-03
    epoch 11: loss 1.1832, val_ap 0.4971, minutes 8.91, lr 1.00e-03
    epoch 12: loss 1.1707, val_ap 0.4912, minutes 9.69, lr 1.00e-03
    epoch 13: loss 1.1863, val_ap 0.4898, minutes 10.45, lr 1.00e-03
    epoch 14: loss 1.1657, val_ap 0.5006, minutes 11.25, lr 1.00e-03
    epoch 15: loss 1.1624, val_ap 0.4933, minutes 12.01, lr 1.00e-03
    epoch 16: loss 1.1624, val_ap 0.5000, minutes 12.85, lr 1.00e-03
    epoch 17: loss 1.1565, val_ap 0.4990, minutes 13.65, lr 1.00e-03
    epoch 18: loss 1.1547, val_ap 0.4998, minutes 14.46, lr 1.00e-03
    epoch 19: loss 1.1585, val_ap 0.4999, minutes 15.25, lr 1.00e-03
    epoch 20: loss 1.1528, val_ap 0.4987, minutes 16.05, lr 1.00e-03
    epoch 21: loss 1.1469, val_ap 0.5027, minutes 16.85, lr 1.00e-03
    epoch 22: loss 1.1336, val_ap 0.5023, minutes 17.65, lr 1.00e-03
    epoch 23: loss 1.1393, val_ap 0.5010, minutes 18.46, lr 1.00e-03
    epoch 24: loss 1.1309, val_ap 0.5006, minutes 19.26, lr 1.00e-03
    epoch 25: loss 1.1400, val_ap 0.5072, minutes 20.05, lr 1.00e-03
    epoch 26: loss 1.1322, val_ap 0.4974, minutes 20.84, lr 1.00e-03
    epoch 27: loss 1.1292, val_ap 0.5034, minutes 21.59, lr 1.00e-03
    epoch 28: loss 1.1167, val_ap 0.5007, minutes 22.37, lr 1.00e-03
    epoch 29: loss 1.1101, val_ap 0.5050, minutes 23.18, lr 1.00e-03
    epoch 30: loss 1.1119, val_ap 0.5051, minutes 23.97, lr 1.00e-03
    epoch 31: loss 1.1122, val_ap 0.5109, minutes 24.76, lr 1.00e-03
    epoch 32: loss 1.1000, val_ap 0.5031, minutes 25.58, lr 1.00e-03
    epoch 33: loss 1.1130, val_ap 0.4733, minutes 26.37, lr 1.00e-03
    epoch 34: loss 1.2759, val_ap 0.5039, minutes 27.12, lr 1.00e-03
    epoch 35: loss 1.1216, val_ap 0.5002, minutes 27.96, lr 1.00e-03
    epoch 36: loss 1.1099, val_ap 0.5001, minutes 28.74, lr 1.00e-03
    epoch 37: loss 1.1029, val_ap 0.4939, minutes 29.5, lr 1.00e-03
    epoch 38: loss 1.0977, val_ap 0.4988, minutes 30.31, lr 1.00e-03
    epoch 39: loss 1.1058, val_ap 0.5077, minutes 31.12, lr 1.00e-03
    epoch 40: loss 1.0921, val_ap 0.5062, minutes 31.96, lr 5.00e-04
    epoch 41: loss 1.0705, val_ap 0.5014, minutes 32.79, lr 5.00e-04
    epoch 42: loss 1.0621, val_ap 0.5017, minutes 33.59, lr 5.00e-04
    epoch 43: loss 1.0640, val_ap 0.5022, minutes 34.44, lr 5.00e-04
    epoch 44: loss 1.0667, val_ap 0.5022, minutes 35.3, lr 5.00e-04
    epoch 45: loss 1.0643, val_ap 0.4973, minutes 36.15, lr 5.00e-04
    epoch 46: loss 1.0566, val_ap 0.5074, minutes 36.95, lr 5.00e-04
    epoch 47: loss 1.0622, val_ap 0.5031, minutes 37.76, lr 5.00e-04
    epoch 48: loss 1.0508, val_ap 0.5024, minutes 38.6, lr 5.00e-04
    epoch 49: loss 1.0539, val_ap 0.5116, minutes 39.44, lr 5.00e-04
    epoch 50: loss 1.0447, val_ap 0.5040, minutes 40.28, lr 5.00e-04
    epoch 51: loss 1.0459, val_ap 0.5057, minutes 41.06, lr 5.00e-04
    epoch 52: loss 1.0495, val_ap 0.5029, minutes 41.84, lr 5.00e-04
    epoch 53: loss 1.0514, val_ap 0.5115, minutes 42.6, lr 5.00e-04
    epoch 54: loss 1.0378, val_ap 0.5085, minutes 43.37, lr 5.00e-04
    epoch 55: loss 1.0318, val_ap 0.5086, minutes 44.17, lr 5.00e-04
    epoch 56: loss 1.0410, val_ap 0.5020, minutes 44.97, lr 5.00e-04
    epoch 57: loss 1.0295, val_ap 0.5025, minutes 45.73, lr 5.00e-04
    epoch 58: loss 1.0234, val_ap 0.5083, minutes 46.56, lr 2.50e-04
    epoch 59: loss 1.0191, val_ap 0.5068, minutes 47.34, lr 2.50e-04
    epoch 60: loss 1.0174, val_ap 0.5062, minutes 48.09, lr 2.50e-04
    epoch 61: loss 1.0144, val_ap 0.5018, minutes 48.82, lr 2.50e-04
    epoch 62: loss 1.0037, val_ap 0.5077, minutes 49.61, lr 2.50e-04
    epoch 63: loss 1.0182, val_ap 0.5065, minutes 50.38, lr 2.50e-04
    epoch 64: loss 1.0109, val_ap 0.5049, minutes 51.2, lr 2.50e-04
    epoch 65: loss 1.0154, val_ap 0.5055, minutes 51.94, lr 2.50e-04
    epoch 66: loss 1.0041, val_ap 0.5035, minutes 52.63, lr 2.50e-04
    epoch 67: loss 1.0086, val_ap 0.5073, minutes 53.37, lr 1.25e-04
    epoch 68: loss 0.9957, val_ap 0.5051, minutes 54.09, lr 1.25e-04
    epoch 69: loss 0.9977, val_ap 0.5057, minutes 54.8, lr 1.25e-04
    epoch 70: loss 0.9967, val_ap 0.5033, minutes 55.57, lr 1.25e-04
    epoch 71: loss 0.9941, val_ap 0.5020, minutes 56.35, lr 1.25e-04
    epoch 72: loss 1.0123, val_ap 0.5023, minutes 57.17, lr 1.25e-04
    epoch 73: loss 1.0022, val_ap 0.5004, minutes 57.94, lr 1.25e-04
    epoch 74: loss 0.9948, val_ap 0.4979, minutes 58.66, lr 1.25e-04
    stopping: no validation gain in 25 epochs
[fk_kernel pooled_both fold 2 seed 1] done (59.3 min)
