loaded: dataset0 121,838 sites, data1 90,452
[attn_mil dataset0 fold 2]
    epoch 1: loss 1.2080971266148408, minutes 0.22, val_ap 0.2791923080296218, lr 0.00033429672447013486
    epoch 2: loss 0.8654991364203437, minutes 0.47, val_ap 0.40640230991902954, lr 0.0006676300578034682
    epoch 3: loss 0.7906402311573139, minutes 0.71, val_ap 0.4415849193627773, lr 0.001
    epoch 4: loss 0.7585184860953017, minutes 0.97, val_ap 0.4666625822093668, lr 0.001
    epoch 5: loss 0.7297575369563406, minutes 1.23, val_ap 0.48625313923115354, lr 0.001
    epoch 6: loss 0.7208793960037948, minutes 1.45, val_ap 0.48805743184331796, lr 0.001
    epoch 7: loss 0.715863392015413, minutes 1.69, val_ap 0.4886771451992115, lr 0.001
    epoch 8: loss 0.7070272352137318, minutes 1.94, val_ap 0.4847487006931024, lr 0.001
    epoch 9: loss 0.6939744950202159, minutes 2.2, val_ap 0.4805499274689504, lr 0.001
    epoch 10: loss 0.6826727583229197, minutes 2.44, val_ap 0.5079151972638467, lr 0.001
    epoch 11: loss 0.68233764274961, minutes 2.71, val_ap 0.5231857169393519, lr 0.001
    epoch 12: loss 0.6830542873957254, minutes 2.97, val_ap 0.5265400106593849, lr 0.001
    epoch 13: loss 0.6781870249034352, minutes 3.23, val_ap 0.5186849609746361, lr 0.001
    epoch 14: loss 0.6687500407068716, minutes 3.48, val_ap 0.5263299122448464, lr 0.001
    epoch 15: loss 0.664592416214116, minutes 3.73, val_ap 0.5355135532925593, lr 0.001
    epoch 16: loss 0.6582189203169994, minutes 3.98, val_ap 0.514573190215881, lr 0.001
    epoch 17: loss 0.6609783760901821, minutes 4.23, val_ap 0.5323932011539655, lr 0.001
    epoch 18: loss 0.654281608631156, minutes 4.45, val_ap 0.516645523779614, lr 0.001
    epoch 19: loss 0.6561675038985434, minutes 4.69, val_ap 0.535836759670515, lr 0.001
    epoch 20: loss 0.6618415487639476, minutes 4.96, val_ap 0.5270345750314019, lr 0.001
    epoch 21: loss 0.6417994678365013, minutes 5.22, val_ap 0.5370672601422045, lr 0.001
    epoch 22: loss 0.6404380130802276, minutes 5.47, val_ap 0.5463846226668029, lr 0.001
    epoch 23: loss 0.6418559043910462, minutes 5.74, val_ap 0.5473043324502792, lr 0.001
    epoch 24: loss 0.6423045993712596, minutes 6.0, val_ap 0.5506532527642082, lr 0.001
    epoch 25: loss 0.6355377465831062, minutes 6.27, val_ap 0.5398202644685058, lr 0.001
    epoch 26: loss 0.6311904029177793, minutes 6.51, val_ap 0.5386618679635141, lr 0.001
    epoch 27: loss 0.6198646743173544, minutes 6.76, val_ap 0.562590205583542, lr 0.001
    epoch 28: loss 0.6318985244442272, minutes 7.02, val_ap 0.5546457468105631, lr 0.001
    epoch 29: loss 0.6233553100011252, minutes 7.27, val_ap 0.5486614168708749, lr 0.001
    epoch 30: loss 0.6268619446223871, minutes 7.53, val_ap 0.5518530416613956, lr 0.001
    epoch 31: loss 0.6222670343569937, minutes 7.78, val_ap 0.546081959717715, lr 0.001
    epoch 32: loss 0.6085641169651396, minutes 8.04, val_ap 0.5472714826567356, lr 0.001
    epoch 33: loss 0.619278252383188, minutes 8.3, val_ap 0.5441051959580486, lr 0.001
    epoch 34: loss 0.6116314070417702, minutes 8.55, val_ap 0.5492893217640021, lr 0.001
    epoch 35: loss 0.601427747421182, minutes 8.79, val_ap 0.5414803702422945, lr 0.001
    epoch 36: loss 0.6110654053832755, minutes 9.06, val_ap 0.5422737033957591, lr 0.0005
    epoch 37: loss 0.5920806350132634, minutes 9.32, val_ap 0.5605312092909357, lr 0.0005
    epoch 38: loss 0.5888619103786573, minutes 9.58, val_ap 0.5560367874106042, lr 0.0005
    epoch 39: loss 0.5889214757894505, minutes 9.83, val_ap 0.556823534995435, lr 0.0005
    epoch 40: loss 0.5884097048829746, minutes 10.09, val_ap 0.5558555437156353, lr 0.0005
    epoch 41: loss 0.5841234167876271, minutes 10.34, val_ap 0.5608805752412945, lr 0.0005
    epoch 42: loss 0.5782659226931588, minutes 10.6, val_ap 0.5523584044483272, lr 0.0005
    epoch 43: loss 0.5824137790010154, minutes 10.86, val_ap 0.5470932802813505, lr 0.0005
    epoch 44: loss 0.5817521841109143, minutes 11.11, val_ap 0.5561697594121675, lr 0.0005
    epoch 45: loss 0.5782453726998643, minutes 11.37, val_ap 0.5573806739476035, lr 0.00025
    epoch 46: loss 0.5639087571574084, minutes 11.62, val_ap 0.5535325340416168, lr 0.00025
    epoch 47: loss 0.573177881495801, minutes 11.88, val_ap 0.5531736983278098, lr 0.00025
    epoch 48: loss 0.5681668711190968, minutes 12.14, val_ap 0.5541027421893963, lr 0.00025
    epoch 49: loss 0.5610210928269205, minutes 12.39, val_ap 0.5545080970765762, lr 0.00025
    epoch 50: loss 0.5613018651573645, minutes 12.66, val_ap 0.5553067849551927, lr 0.00025
    epoch 51: loss 0.5566084171306191, minutes 12.93, val_ap 0.5578417320476008, lr 0.00025
    stopping: no validation gain in 25 epochs
[attn_mil dataset0 fold 2] done (13.4 min)
