loaded: dataset0 121,838 sites, data1 90,452
[h2gcn_aux_r400 pooled_both fold 4 seed 2]
    epoch 1: loss 1.9099, val_ap 0.1565, minutes 0.84, lr 3.31e-04
    epoch 2: loss 1.5593, val_ap 0.3131, minutes 1.67, lr 6.60e-04
    epoch 3: loss 1.4052, val_ap 0.4284, minutes 2.49, lr 9.89e-04
    epoch 4: loss 1.3221, val_ap 0.4551, minutes 3.31, lr 1.00e-03
    epoch 5: loss 1.2646, val_ap 0.4647, minutes 4.09, lr 1.00e-03
    epoch 6: loss 1.2411, val_ap 0.4648, minutes 4.95, lr 1.00e-03
    epoch 7: loss 1.2284, val_ap 0.4690, minutes 5.76, lr 1.00e-03
    epoch 8: loss 1.2217, val_ap 0.4665, minutes 6.55, lr 1.00e-03
    epoch 9: loss 1.2138, val_ap 0.4802, minutes 7.31, lr 1.00e-03
    epoch 10: loss 1.2101, val_ap 0.4770, minutes 8.13, lr 1.00e-03
    epoch 11: loss 1.2051, val_ap 0.4827, minutes 8.87, lr 1.00e-03
    epoch 12: loss 1.1984, val_ap 0.4843, minutes 9.64, lr 1.00e-03
    epoch 13: loss 1.1954, val_ap 0.4776, minutes 10.43, lr 1.00e-03
    epoch 14: loss 1.1828, val_ap 0.4863, minutes 11.22, lr 1.00e-03
    epoch 15: loss 1.1723, val_ap 0.4882, minutes 12.0, lr 1.00e-03
    epoch 16: loss 1.1733, val_ap 0.4771, minutes 12.81, lr 1.00e-03
    epoch 17: loss 1.1724, val_ap 0.4850, minutes 13.62, lr 1.00e-03
    epoch 18: loss 1.1675, val_ap 0.4856, minutes 14.38, lr 1.00e-03
    epoch 19: loss 1.1703, val_ap 0.4893, minutes 15.18, lr 1.00e-03
    epoch 20: loss 1.1611, val_ap 0.4882, minutes 15.92, lr 1.00e-03
    epoch 21: loss 1.1579, val_ap 0.4851, minutes 16.72, lr 1.00e-03
    epoch 22: loss 1.1479, val_ap 0.4925, minutes 17.47, lr 1.00e-03
    epoch 23: loss 1.1538, val_ap 0.4903, minutes 18.27, lr 1.00e-03
    epoch 24: loss 1.1487, val_ap 0.4901, minutes 19.06, lr 1.00e-03
    epoch 25: loss 1.1518, val_ap 0.4865, minutes 19.88, lr 1.00e-03
    epoch 26: loss 1.1512, val_ap 0.4885, minutes 20.69, lr 1.00e-03
    epoch 27: loss 1.1382, val_ap 0.4934, minutes 21.5, lr 1.00e-03
    epoch 28: loss 1.1378, val_ap 0.4875, minutes 22.3, lr 1.00e-03
    epoch 29: loss 1.1312, val_ap 0.4888, minutes 23.09, lr 1.00e-03
    epoch 30: loss 1.1369, val_ap 0.4935, minutes 23.87, lr 1.00e-03
    epoch 31: loss 1.1246, val_ap 0.4849, minutes 24.65, lr 1.00e-03
    epoch 32: loss 1.1214, val_ap 0.4878, minutes 25.42, lr 1.00e-03
    epoch 33: loss 1.1196, val_ap 0.4872, minutes 26.19, lr 1.00e-03
    epoch 34: loss 1.1077, val_ap 0.4848, minutes 27.01, lr 1.00e-03
    epoch 35: loss 1.1159, val_ap 0.4923, minutes 27.81, lr 1.00e-03
    epoch 36: loss 1.1101, val_ap 0.4900, minutes 28.59, lr 1.00e-03
    epoch 37: loss 1.1076, val_ap 0.4859, minutes 29.38, lr 1.00e-03
    epoch 38: loss 1.1022, val_ap 0.4802, minutes 30.14, lr 1.00e-03
    epoch 39: loss 1.1097, val_ap 0.4879, minutes 30.92, lr 5.00e-04
    epoch 40: loss 1.0862, val_ap 0.4910, minutes 31.72, lr 5.00e-04
    epoch 41: loss 1.0808, val_ap 0.4819, minutes 32.48, lr 5.00e-04
    epoch 42: loss 1.0794, val_ap 0.4870, minutes 33.25, lr 5.00e-04
    epoch 43: loss 1.0748, val_ap 0.4813, minutes 34.02, lr 5.00e-04
    epoch 44: loss 1.0779, val_ap 0.4834, minutes 34.81, lr 5.00e-04
    epoch 45: loss 1.0746, val_ap 0.4855, minutes 35.61, lr 5.00e-04
    epoch 46: loss 1.0714, val_ap 0.4634, minutes 36.39, lr 5.00e-04
    epoch 47: loss 1.0655, val_ap 0.4765, minutes 37.13, lr 5.00e-04
    epoch 48: loss 1.0635, val_ap 0.4761, minutes 37.79, lr 2.50e-04
    epoch 49: loss 1.0544, val_ap 0.4742, minutes 38.44, lr 2.50e-04
    epoch 50: loss 1.0513, val_ap 0.4670, minutes 39.09, lr 2.50e-04
    epoch 51: loss 1.0474, val_ap 0.4522, minutes 39.73, lr 2.50e-04
    epoch 52: loss 1.0519, val_ap 0.4769, minutes 40.37, lr 2.50e-04
    epoch 53: loss 1.0539, val_ap 0.4707, minutes 40.97, lr 2.50e-04
    epoch 54: loss 1.0484, val_ap 0.4588, minutes 41.53, lr 2.50e-04
    epoch 55: loss 1.0422, val_ap 0.4475, minutes 42.01, lr 2.50e-04
    stopping: no validation gain in 25 epochs
[h2gcn_aux_r400 pooled_both fold 4 seed 2] done (42.5 min)
