loaded: dataset0 121,838 sites, data1 90,452
[h2gcn_aux_r400 dataset0 fold 0]
    epoch 1: loss 1.9688, val_ap 0.1956, minutes 0.97, lr 3.33e-04
    epoch 2: loss 1.5886, val_ap 0.2812, minutes 1.96, lr 6.59e-04
    epoch 3: loss 1.3609, val_ap 0.4255, minutes 2.89, lr 9.88e-04
    epoch 4: loss 1.2216, val_ap 0.4771, minutes 3.84, lr 1.00e-03
    epoch 5: loss 1.0986, val_ap 0.4878, minutes 4.79, lr 1.00e-03
    epoch 6: loss 1.0644, val_ap 0.4915, minutes 5.77, lr 1.00e-03
    epoch 7: loss 1.0515, val_ap 0.5019, minutes 6.73, lr 1.00e-03
    epoch 8: loss 1.0101, val_ap 0.5162, minutes 7.63, lr 1.00e-03
    epoch 9: loss 1.0106, val_ap 0.5184, minutes 8.56, lr 1.00e-03
    epoch 10: loss 0.9946, val_ap 0.5206, minutes 9.51, lr 1.00e-03
    epoch 11: loss 0.9569, val_ap 0.5283, minutes 10.49, lr 1.00e-03
    epoch 12: loss 0.9579, val_ap 0.5204, minutes 11.47, lr 1.00e-03
    epoch 13: loss 0.9476, val_ap 0.5350, minutes 12.44, lr 1.00e-03
    epoch 14: loss 0.9540, val_ap 0.5356, minutes 13.37, lr 1.00e-03
    epoch 15: loss 0.9353, val_ap 0.5397, minutes 14.36, lr 1.00e-03
    epoch 16: loss 0.9100, val_ap 0.5422, minutes 15.32, lr 1.00e-03
    epoch 17: loss 0.9574, val_ap 0.5434, minutes 16.28, lr 1.00e-03
    epoch 18: loss 0.9214, val_ap 0.5418, minutes 17.22, lr 1.00e-03
    epoch 19: loss 0.9144, val_ap 0.5456, minutes 18.13, lr 1.00e-03
    epoch 20: loss 0.8906, val_ap 0.5484, minutes 19.03, lr 1.00e-03
    epoch 21: loss 0.8878, val_ap 0.5542, minutes 19.99, lr 1.00e-03
    epoch 22: loss 0.8975, val_ap 0.5503, minutes 20.87, lr 1.00e-03
    epoch 23: loss 0.8967, val_ap 0.5494, minutes 21.79, lr 1.00e-03
    epoch 24: loss 0.9030, val_ap 0.5450, minutes 22.7, lr 1.00e-03
    epoch 25: loss 0.9226, val_ap 0.5535, minutes 23.69, lr 1.00e-03
    epoch 26: loss 0.8717, val_ap 0.5542, minutes 24.63, lr 1.00e-03
    epoch 27: loss 0.8575, val_ap 0.5572, minutes 25.59, lr 1.00e-03
    epoch 28: loss 0.8823, val_ap 0.5629, minutes 26.57, lr 1.00e-03
    epoch 29: loss 0.8949, val_ap 0.5515, minutes 27.51, lr 1.00e-03
    epoch 30: loss 0.8541, val_ap 0.5652, minutes 28.5, lr 1.00e-03
    epoch 31: loss 0.8681, val_ap 0.5701, minutes 29.45, lr 1.00e-03
    epoch 32: loss 0.8521, val_ap 0.5672, minutes 30.37, lr 1.00e-03
    epoch 33: loss 0.8477, val_ap 0.5729, minutes 31.33, lr 1.00e-03
    epoch 34: loss 0.8832, val_ap 0.5659, minutes 32.27, lr 1.00e-03
    epoch 35: loss 0.8491, val_ap 0.5717, minutes 33.17, lr 1.00e-03
    epoch 36: loss 0.8560, val_ap 0.5752, minutes 34.07, lr 1.00e-03
    epoch 37: loss 0.8681, val_ap 0.5739, minutes 35.03, lr 1.00e-03
    epoch 38: loss 0.8404, val_ap 0.5775, minutes 35.98, lr 1.00e-03
    epoch 39: loss 0.8294, val_ap 0.5696, minutes 36.93, lr 1.00e-03
    epoch 40: loss 0.8310, val_ap 0.5736, minutes 37.86, lr 1.00e-03
    epoch 41: loss 0.8165, val_ap 0.5697, minutes 38.82, lr 1.00e-03
    epoch 42: loss 0.8198, val_ap 0.5796, minutes 39.78, lr 1.00e-03
    epoch 43: loss 0.8134, val_ap 0.5896, minutes 40.7, lr 1.00e-03
    epoch 44: loss 0.8104, val_ap 0.5731, minutes 41.67, lr 1.00e-03
    epoch 45: loss 0.8200, val_ap 0.5783, minutes 42.59, lr 1.00e-03
    epoch 46: loss 0.8135, val_ap 0.5829, minutes 43.53, lr 1.00e-03
    epoch 47: loss 0.8046, val_ap 0.5712, minutes 44.46, lr 1.00e-03
    epoch 48: loss 0.8093, val_ap 0.5777, minutes 45.41, lr 1.00e-03
    epoch 49: loss 0.8142, val_ap 0.5770, minutes 46.32, lr 1.00e-03
    epoch 50: loss 0.7928, val_ap 0.5847, minutes 47.25, lr 1.00e-03
    epoch 51: loss 0.8089, val_ap 0.5889, minutes 48.18, lr 1.00e-03
    epoch 52: loss 0.7919, val_ap 0.5821, minutes 49.15, lr 5.00e-04
    epoch 53: loss 0.7610, val_ap 0.5850, minutes 50.08, lr 5.00e-04
    epoch 54: loss 0.7698, val_ap 0.5880, minutes 51.0, lr 5.00e-04
    epoch 55: loss 0.7663, val_ap 0.5938, minutes 51.98, lr 5.00e-04
    epoch 56: loss 0.7567, val_ap 0.5917, minutes 52.93, lr 5.00e-04
    epoch 57: loss 0.7592, val_ap 0.5871, minutes 53.93, lr 5.00e-04
    epoch 58: loss 0.7597, val_ap 0.5901, minutes 54.88, lr 5.00e-04
    epoch 59: loss 0.7583, val_ap 0.5928, minutes 55.83, lr 5.00e-04
    epoch 60: loss 0.7595, val_ap 0.5913, minutes 56.77, lr 5.00e-04
    epoch 61: loss 0.7389, val_ap 0.5891, minutes 57.67, lr 5.00e-04
    epoch 62: loss 0.7468, val_ap 0.5860, minutes 58.6, lr 5.00e-04
    epoch 63: loss 0.7654, val_ap 0.5888, minutes 59.59, lr 5.00e-04
    epoch 64: loss 0.7451, val_ap 0.5938, minutes 60.52, lr 2.50e-04
    epoch 65: loss 0.7374, val_ap 0.5932, minutes 61.48, lr 2.50e-04
    epoch 66: loss 0.7370, val_ap 0.5937, minutes 62.42, lr 2.50e-04
    epoch 67: loss 0.7313, val_ap 0.5950, minutes 63.35, lr 2.50e-04
    epoch 68: loss 0.7469, val_ap 0.5876, minutes 64.29, lr 2.50e-04
    epoch 69: loss 0.7249, val_ap 0.5934, minutes 65.23, lr 2.50e-04
    epoch 70: loss 0.7316, val_ap 0.5936, minutes 66.16, lr 2.50e-04
    epoch 71: loss 0.7296, val_ap 0.5900, minutes 67.06, lr 2.50e-04
    epoch 72: loss 0.7244, val_ap 0.5909, minutes 68.02, lr 2.50e-04
    epoch 73: loss 0.7331, val_ap 0.5837, minutes 68.97, lr 2.50e-04
    epoch 74: loss 0.7234, val_ap 0.5924, minutes 69.84, lr 2.50e-04
    epoch 75: loss 0.7182, val_ap 0.5946, minutes 70.61, lr 2.50e-04
    epoch 76: loss 0.7186, val_ap 0.5906, minutes 71.4, lr 1.25e-04
    epoch 77: loss 0.7296, val_ap 0.5916, minutes 72.14, lr 1.25e-04
    epoch 78: loss 0.7084, val_ap 0.5932, minutes 72.86, lr 1.25e-04
    epoch 79: loss 0.7141, val_ap 0.5898, minutes 73.58, lr 1.25e-04
    epoch 80: loss 0.7056, val_ap 0.5925, minutes 74.28, lr 1.25e-04
    epoch 81: loss 0.7107, val_ap 0.5904, minutes 74.99, lr 1.25e-04
    epoch 82: loss 0.7162, val_ap 0.5916, minutes 75.63, lr 1.25e-04
    epoch 83: loss 0.7030, val_ap 0.5895, minutes 76.24, lr 1.25e-04
    epoch 84: loss 0.7106, val_ap 0.5899, minutes 76.84, lr 1.25e-04
    epoch 85: loss 0.6953, val_ap 0.5889, minutes 77.45, lr 6.25e-05
    epoch 86: loss 0.6896, val_ap 0.5879, minutes 78.07, lr 6.25e-05
    epoch 87: loss 0.7001, val_ap 0.5883, minutes 78.63, lr 6.25e-05
    epoch 88: loss 0.7022, val_ap 0.5884, minutes 79.18, lr 6.25e-05
    epoch 89: loss 0.7041, val_ap 0.5881, minutes 79.68, lr 6.25e-05
    epoch 90: loss 0.7030, val_ap 0.5872, minutes 80.16, lr 6.25e-05
    epoch 91: loss 0.7072, val_ap 0.5875, minutes 80.6, lr 6.25e-05
    epoch 92: loss 0.6949, val_ap 0.5883, minutes 81.06, lr 6.25e-05
    stopping: no validation gain in 25 epochs
[h2gcn_aux_r400 dataset0 fold 0] done (81.8 min)
