loaded: dataset0 121,838 sites, data1 90,452
[deepset pooled_both fold 1 seed 2]
    epoch 1: loss 1.1633937811690136, minutes 0.29, val_ap 0.295079202760121, lr 0.00033389734912577554
    epoch 2: loss 0.936838643401609, minutes 0.58, val_ap 0.3966015517925548, lr 0.0006672306824591089
    epoch 3: loss 0.8896773707644791, minutes 0.89, val_ap 0.4036160290490688, lr 0.001
    epoch 4: loss 0.869196072951993, minutes 1.2, val_ap 0.4063647924540411, lr 0.001
    epoch 5: loss 0.8575225162324567, minutes 1.5, val_ap 0.4180602781435487, lr 0.001
    epoch 6: loss 0.8504809219825086, minutes 1.8, val_ap 0.4257283483427143, lr 0.001
    epoch 7: loss 0.8438793286655962, minutes 2.11, val_ap 0.4190258688080506, lr 0.001
    epoch 8: loss 0.8398880919728384, minutes 2.41, val_ap 0.4275304802155494, lr 0.001
    epoch 9: loss 0.8332980411811125, minutes 2.72, val_ap 0.4305356324561062, lr 0.001
    epoch 10: loss 0.827736772458162, minutes 3.03, val_ap 0.4289330917566679, lr 0.001
    epoch 11: loss 0.8276914814502858, minutes 3.32, val_ap 0.43386330494793096, lr 0.001
    epoch 12: loss 0.8219617638491132, minutes 3.62, val_ap 0.444556851464317, lr 0.001
    epoch 13: loss 0.8167629464326172, minutes 3.93, val_ap 0.44174576808963917, lr 0.001
    epoch 14: loss 0.8164682327793334, minutes 4.24, val_ap 0.4467403723234274, lr 0.001
    epoch 15: loss 0.811366727005205, minutes 4.55, val_ap 0.4402704622051482, lr 0.001
    epoch 16: loss 0.808808528580238, minutes 4.86, val_ap 0.44287379647346925, lr 0.001
    epoch 17: loss 0.8085452065048282, minutes 5.15, val_ap 0.444678472919026, lr 0.001
    epoch 18: loss 0.8025463215389026, minutes 5.45, val_ap 0.45153341804447944, lr 0.001
    epoch 19: loss 0.7984851459561265, minutes 5.76, val_ap 0.44678926644954914, lr 0.001
    epoch 20: loss 0.7954191906399735, minutes 6.08, val_ap 0.45405702551961785, lr 0.001
    epoch 21: loss 0.7942611514110048, minutes 6.39, val_ap 0.4510042203004513, lr 0.001
    epoch 22: loss 0.7947842655246431, minutes 6.69, val_ap 0.4545954974110153, lr 0.001
    epoch 23: loss 0.7895783160241122, minutes 7.0, val_ap 0.45434441926432767, lr 0.001
    epoch 24: loss 0.7870715030054554, minutes 7.31, val_ap 0.45235822758812677, lr 0.001
    epoch 25: loss 0.781929068809435, minutes 7.61, val_ap 0.4497011110178145, lr 0.001
    epoch 26: loss 0.7803567753326267, minutes 7.93, val_ap 0.44982475724942883, lr 0.001
    epoch 27: loss 0.7818951568426012, minutes 8.23, val_ap 0.45420421818947754, lr 0.001
    epoch 28: loss 0.7760551584452744, minutes 8.53, val_ap 0.459837843774453, lr 0.001
    epoch 29: loss 0.7759276396530332, minutes 8.82, val_ap 0.46032394175649743, lr 0.001
    epoch 30: loss 0.7746976889329513, minutes 9.13, val_ap 0.45872498222067376, lr 0.001
    epoch 31: loss 0.7721190166654925, minutes 9.44, val_ap 0.4517711309818709, lr 0.001
    epoch 32: loss 0.7712780790885693, minutes 9.74, val_ap 0.45179451009314775, lr 0.001
    epoch 33: loss 0.7671550255136441, minutes 10.07, val_ap 0.45798465201019195, lr 0.001
    epoch 34: loss 0.7677174174745273, minutes 10.38, val_ap 0.46855497206027613, lr 0.001
    epoch 35: loss 0.7646414567472164, minutes 10.68, val_ap 0.4713413227070906, lr 0.001
    epoch 36: loss 0.7599856264498431, minutes 10.96, val_ap 0.4632298164361624, lr 0.001
    epoch 37: loss 0.7654800929898135, minutes 11.26, val_ap 0.45480211177712665, lr 0.001
    epoch 38: loss 0.7576019721083633, minutes 11.57, val_ap 0.4621849345238583, lr 0.001
    epoch 39: loss 0.7542371072139836, minutes 11.88, val_ap 0.4614158520750663, lr 0.001
    epoch 40: loss 0.7543943284832685, minutes 12.2, val_ap 0.4565160254277673, lr 0.001
    epoch 41: loss 0.7550487155740838, minutes 12.51, val_ap 0.4608839247173958, lr 0.001
    epoch 42: loss 0.7491608589837192, minutes 12.81, val_ap 0.4647045053678664, lr 0.001
    epoch 43: loss 0.7525329075488948, minutes 13.1, val_ap 0.4615550584778324, lr 0.001
    epoch 44: loss 0.7449185639972816, minutes 13.39, val_ap 0.4628644753132535, lr 0.0005
    epoch 45: loss 0.729480621223724, minutes 13.66, val_ap 0.4642216991568334, lr 0.0005
    epoch 46: loss 0.7288812898641512, minutes 13.92, val_ap 0.46123174021627283, lr 0.0005
    epoch 47: loss 0.720173578728274, minutes 14.18, val_ap 0.4650589524086478, lr 0.0005
    epoch 48: loss 0.7266767142992939, minutes 14.43, val_ap 0.47142021206203266, lr 0.0005
    epoch 49: loss 0.724993078690495, minutes 14.69, val_ap 0.4623527769462561, lr 0.0005
    epoch 50: loss 0.7215945970790237, minutes 14.95, val_ap 0.45618553191702654, lr 0.0005
    epoch 51: loss 0.718300509926833, minutes 15.21, val_ap 0.4642864552780602, lr 0.0005
    epoch 52: loss 0.7150577844802901, minutes 15.45, val_ap 0.4554950447855059, lr 0.0005
    epoch 53: loss 0.716676742040163, minutes 15.7, val_ap 0.46251665192093466, lr 0.0005
    epoch 54: loss 0.7122612312158756, minutes 15.94, val_ap 0.4631294912793555, lr 0.0005
    epoch 55: loss 0.715418282549595, minutes 16.17, val_ap 0.45536145757054114, lr 0.0005
    epoch 56: loss 0.7083030736890138, minutes 16.4, val_ap 0.46404918169501713, lr 0.0005
    epoch 57: loss 0.7134684359059116, minutes 16.62, val_ap 0.4682470569479686, lr 0.00025
    epoch 58: loss 0.6948310344554043, minutes 16.84, val_ap 0.47108048925370705, lr 0.00025
    epoch 59: loss 0.6974491418517382, minutes 17.03, val_ap 0.46553827704771517, lr 0.00025
    epoch 60: loss 0.6975133092774554, minutes 17.23, val_ap 0.4639152811868729, lr 0.00025
    epoch 61: loss 0.693783990673204, minutes 17.44, val_ap 0.46730032540778066, lr 0.00025
    epoch 62: loss 0.6905261022992142, minutes 17.66, val_ap 0.46365301294656075, lr 0.00025
    epoch 63: loss 0.6940461213112684, minutes 17.91, val_ap 0.46518057642603683, lr 0.00025
    epoch 64: loss 0.6934705237950972, minutes 18.14, val_ap 0.4562907598455591, lr 0.00025
    epoch 65: loss 0.6887889548304117, minutes 18.35, val_ap 0.46189363409554374, lr 0.00025
    epoch 66: loss 0.6903674550064526, minutes 18.53, val_ap 0.45876568345839064, lr 0.000125
    epoch 67: loss 0.6819004928299215, minutes 18.71, val_ap 0.45609184493407584, lr 0.000125
    epoch 68: loss 0.678709713133862, minutes 18.89, val_ap 0.45851772892959947, lr 0.000125
    epoch 69: loss 0.6786676529801234, minutes 19.06, val_ap 0.4558814569630826, lr 0.000125
    epoch 70: loss 0.6836337186963425, minutes 19.23, val_ap 0.46053288892138994, lr 0.000125
    epoch 71: loss 0.6807940134340534, minutes 19.41, val_ap 0.45898495670208994, lr 0.000125
    epoch 72: loss 0.6828399327805805, minutes 19.57, val_ap 0.4641310158986762, lr 0.000125
    stopping: no validation gain in 25 epochs
[deepset pooled_both fold 1 seed 2] done (19.9 min)
