loaded: dataset0 121,838 sites, data1 90,452
[scalar_drop dataset0 fold 3 seed 1]
    kernel decay scale 113.4 nt (fitted to cell line 1 training labels)
    epoch 1: loss 1.9852, val_ap 0.1198, minutes 0.42, lr 3.33e-04
    epoch 2: loss 1.6035, val_ap 0.1965, minutes 0.86, lr 6.63e-04
    epoch 3: loss 1.3918, val_ap 0.3536, minutes 1.31, lr 9.92e-04
    epoch 4: loss 1.2682, val_ap 0.4417, minutes 1.7, lr 1.00e-03
    epoch 5: loss 1.1632, val_ap 0.4928, minutes 2.18, lr 1.00e-03
    epoch 6: loss 1.1036, val_ap 0.5088, minutes 2.61, lr 1.00e-03
    epoch 7: loss 1.0829, val_ap 0.5057, minutes 3.1, lr 1.00e-03
    epoch 8: loss 1.0545, val_ap 0.5159, minutes 3.59, lr 1.00e-03
    epoch 9: loss 1.0514, val_ap 0.5172, minutes 4.05, lr 1.00e-03
    epoch 10: loss 1.0207, val_ap 0.5239, minutes 4.49, lr 1.00e-03
    epoch 11: loss 1.0021, val_ap 0.5276, minutes 4.98, lr 1.00e-03
    epoch 12: loss 1.0125, val_ap 0.5306, minutes 5.43, lr 1.00e-03
    epoch 13: loss 0.9997, val_ap 0.5316, minutes 5.89, lr 1.00e-03
    epoch 14: loss 0.9941, val_ap 0.5293, minutes 6.38, lr 1.00e-03
    epoch 15: loss 0.9866, val_ap 0.5323, minutes 6.87, lr 1.00e-03
    epoch 16: loss 0.9593, val_ap 0.5421, minutes 7.38, lr 1.00e-03
    epoch 17: loss 0.9649, val_ap 0.5442, minutes 7.83, lr 1.00e-03
    epoch 18: loss 0.9444, val_ap 0.5439, minutes 8.3, lr 1.00e-03
    epoch 19: loss 0.9555, val_ap 0.5424, minutes 8.76, lr 1.00e-03
    epoch 20: loss 0.9392, val_ap 0.5424, minutes 9.19, lr 1.00e-03
    epoch 21: loss 0.9405, val_ap 0.5406, minutes 9.64, lr 1.00e-03
    epoch 22: loss 0.9558, val_ap 0.5558, minutes 10.08, lr 1.00e-03
    epoch 23: loss 0.9544, val_ap 0.5511, minutes 10.54, lr 1.00e-03
    epoch 24: loss 0.9492, val_ap 0.5561, minutes 10.98, lr 1.00e-03
    epoch 25: loss 0.9158, val_ap 0.5538, minutes 11.4, lr 1.00e-03
    epoch 26: loss 0.9102, val_ap 0.5598, minutes 11.83, lr 1.00e-03
    epoch 27: loss 0.9276, val_ap 0.5636, minutes 12.26, lr 1.00e-03
    epoch 28: loss 0.9306, val_ap 0.5581, minutes 12.65, lr 1.00e-03
    epoch 29: loss 0.9086, val_ap 0.5675, minutes 13.05, lr 1.00e-03
    epoch 30: loss 0.8983, val_ap 0.5690, minutes 13.47, lr 1.00e-03
    epoch 31: loss 0.9139, val_ap 0.5658, minutes 13.88, lr 1.00e-03
    epoch 32: loss 0.9146, val_ap 0.5772, minutes 14.31, lr 1.00e-03
    epoch 33: loss 0.9098, val_ap 0.5724, minutes 14.72, lr 1.00e-03
    epoch 34: loss 0.8934, val_ap 0.5820, minutes 15.12, lr 1.00e-03
    epoch 35: loss 0.9177, val_ap 0.5747, minutes 15.5, lr 1.00e-03
    epoch 36: loss 0.8933, val_ap 0.5823, minutes 15.93, lr 1.00e-03
    epoch 37: loss 0.8910, val_ap 0.5828, minutes 16.32, lr 1.00e-03
    epoch 38: loss 0.8819, val_ap 0.5840, minutes 16.76, lr 1.00e-03
    epoch 39: loss 0.9096, val_ap 0.5920, minutes 17.19, lr 1.00e-03
    epoch 40: loss 0.8903, val_ap 0.5820, minutes 17.63, lr 1.00e-03
    epoch 41: loss 0.8915, val_ap 0.5833, minutes 18.05, lr 1.00e-03
    epoch 42: loss 0.8638, val_ap 0.5927, minutes 18.49, lr 1.00e-03
    epoch 43: loss 0.8635, val_ap 0.5989, minutes 18.95, lr 1.00e-03
    epoch 44: loss 0.8635, val_ap 0.5937, minutes 19.34, lr 1.00e-03
    epoch 45: loss 0.8616, val_ap 0.5934, minutes 19.72, lr 1.00e-03
    epoch 46: loss 0.8708, val_ap 0.5899, minutes 20.11, lr 1.00e-03
    epoch 47: loss 0.8596, val_ap 0.5925, minutes 20.49, lr 1.00e-03
    epoch 48: loss 0.8742, val_ap 0.5962, minutes 20.88, lr 1.00e-03
    epoch 49: loss 0.8463, val_ap 0.5956, minutes 21.25, lr 1.00e-03
    epoch 50: loss 0.8418, val_ap 0.6076, minutes 21.68, lr 1.00e-03
    epoch 51: loss 0.8450, val_ap 0.6007, minutes 22.07, lr 1.00e-03
    epoch 52: loss 0.8744, val_ap 0.5993, minutes 22.44, lr 1.00e-03
    epoch 53: loss 0.8651, val_ap 0.5957, minutes 22.81, lr 1.00e-03
    epoch 54: loss 0.8563, val_ap 0.5987, minutes 23.14, lr 1.00e-03
    epoch 55: loss 0.8450, val_ap 0.5996, minutes 23.44, lr 1.00e-03
    epoch 56: loss 0.8534, val_ap 0.5994, minutes 23.73, lr 1.00e-03
    epoch 57: loss 0.8408, val_ap 0.6070, minutes 24.06, lr 1.00e-03
    epoch 58: loss 0.8479, val_ap 0.6046, minutes 24.36, lr 1.00e-03
    epoch 59: loss 0.8315, val_ap 0.6026, minutes 24.68, lr 5.00e-04
    epoch 60: loss 0.8094, val_ap 0.6097, minutes 24.97, lr 5.00e-04
    epoch 61: loss 0.8136, val_ap 0.6032, minutes 25.29, lr 5.00e-04
    epoch 62: loss 0.8004, val_ap 0.6125, minutes 25.59, lr 5.00e-04
    epoch 63: loss 0.8096, val_ap 0.6086, minutes 25.9, lr 5.00e-04
    epoch 64: loss 0.8088, val_ap 0.6115, minutes 26.18, lr 5.00e-04
    epoch 65: loss 0.8004, val_ap 0.6119, minutes 26.46, lr 5.00e-04
    epoch 66: loss 0.7985, val_ap 0.6102, minutes 26.75, lr 5.00e-04
    epoch 67: loss 0.8018, val_ap 0.6102, minutes 27.02, lr 5.00e-04
    epoch 68: loss 0.7960, val_ap 0.6124, minutes 27.31, lr 5.00e-04
    epoch 69: loss 0.7970, val_ap 0.6151, minutes 27.6, lr 5.00e-04
    epoch 70: loss 0.8055, val_ap 0.6162, minutes 27.87, lr 5.00e-04
    epoch 71: loss 0.8042, val_ap 0.6046, minutes 28.14, lr 5.00e-04
    epoch 72: loss 0.7943, val_ap 0.6124, minutes 28.39, lr 5.00e-04
    epoch 73: loss 0.7947, val_ap 0.6087, minutes 28.65, lr 5.00e-04
    epoch 74: loss 0.7959, val_ap 0.6094, minutes 28.89, lr 5.00e-04
    epoch 75: loss 0.7734, val_ap 0.6069, minutes 29.14, lr 5.00e-04
    epoch 76: loss 0.7861, val_ap 0.6135, minutes 29.4, lr 5.00e-04
    epoch 77: loss 0.7803, val_ap 0.6164, minutes 29.64, lr 5.00e-04
    epoch 78: loss 0.7787, val_ap 0.6075, minutes 29.89, lr 5.00e-04
    epoch 79: loss 0.7834, val_ap 0.6180, minutes 30.13, lr 5.00e-04
    epoch 80: loss 0.7957, val_ap 0.6144, minutes 30.38, lr 5.00e-04
    epoch 81: loss 0.7820, val_ap 0.6073, minutes 30.62, lr 5.00e-04
    epoch 82: loss 0.7819, val_ap 0.6125, minutes 30.87, lr 5.00e-04
    epoch 83: loss 0.7876, val_ap 0.6122, minutes 31.13, lr 5.00e-04
    epoch 84: loss 0.7801, val_ap 0.6128, minutes 31.38, lr 5.00e-04
    epoch 85: loss 0.7867, val_ap 0.6125, minutes 31.62, lr 5.00e-04
    epoch 86: loss 0.7742, val_ap 0.6091, minutes 31.89, lr 5.00e-04
    epoch 87: loss 0.7739, val_ap 0.6179, minutes 32.14, lr 5.00e-04
    epoch 88: loss 0.7764, val_ap 0.6184, minutes 32.38, lr 5.00e-04
    epoch 89: loss 0.7753, val_ap 0.6090, minutes 32.64, lr 5.00e-04
    epoch 90: loss 0.7719, val_ap 0.6147, minutes 32.89, lr 5.00e-04
    epoch 91: loss 0.7716, val_ap 0.6111, minutes 33.16, lr 5.00e-04
    epoch 92: loss 0.7561, val_ap 0.6117, minutes 33.42, lr 5.00e-04
    epoch 93: loss 0.7601, val_ap 0.6098, minutes 33.69, lr 5.00e-04
    epoch 94: loss 0.7704, val_ap 0.6168, minutes 33.97, lr 5.00e-04
    epoch 95: loss 0.7704, val_ap 0.6133, minutes 34.24, lr 5.00e-04
    epoch 96: loss 0.7706, val_ap 0.6177, minutes 34.51, lr 5.00e-04
    epoch 97: loss 0.7672, val_ap 0.6191, minutes 34.78, lr 5.00e-04
    epoch 98: loss 0.7712, val_ap 0.6186, minutes 35.02, lr 5.00e-04
    epoch 99: loss 0.7823, val_ap 0.6163, minutes 35.27, lr 5.00e-04
    epoch 100: loss 0.7728, val_ap 0.6130, minutes 35.51, lr 5.00e-04
    epoch 101: loss 0.7698, val_ap 0.6122, minutes 35.74, lr 5.00e-04
    epoch 102: loss 0.7568, val_ap 0.6158, minutes 35.95, lr 5.00e-04
    epoch 103: loss 0.7577, val_ap 0.6185, minutes 36.17, lr 5.00e-04
    epoch 104: loss 0.7663, val_ap 0.6148, minutes 36.39, lr 5.00e-04
    epoch 105: loss 0.7594, val_ap 0.6172, minutes 36.62, lr 5.00e-04
    epoch 106: loss 0.7718, val_ap 0.6151, minutes 36.85, lr 2.50e-04
    epoch 107: loss 0.7512, val_ap 0.6146, minutes 37.07, lr 2.50e-04
    epoch 108: loss 0.7449, val_ap 0.6156, minutes 37.29, lr 2.50e-04
    epoch 109: loss 0.7402, val_ap 0.6158, minutes 37.5, lr 2.50e-04
    epoch 110: loss 0.7258, val_ap 0.6168, minutes 37.72, lr 2.50e-04
    epoch 111: loss 0.7299, val_ap 0.6183, minutes 37.94, lr 2.50e-04
    epoch 112: loss 0.7261, val_ap 0.6128, minutes 38.16, lr 2.50e-04
    epoch 113: loss 0.7403, val_ap 0.6191, minutes 38.38, lr 2.50e-04
    epoch 114: loss 0.7470, val_ap 0.6173, minutes 38.59, lr 2.50e-04
    epoch 115: loss 0.7441, val_ap 0.6195, minutes 38.8, lr 2.50e-04
    epoch 116: loss 0.7268, val_ap 0.6156, minutes 39.02, lr 2.50e-04
    epoch 117: loss 0.7259, val_ap 0.6168, minutes 39.24, lr 2.50e-04
    epoch 118: loss 0.7322, val_ap 0.6155, minutes 39.44, lr 2.50e-04
    epoch 119: loss 0.7334, val_ap 0.6129, minutes 39.65, lr 2.50e-04
    epoch 120: loss 0.7347, val_ap 0.6166, minutes 39.85, lr 2.50e-04
    epoch 121: loss 0.7285, val_ap 0.6178, minutes 40.06, lr 2.50e-04
    epoch 122: loss 0.7205, val_ap 0.6181, minutes 40.26, lr 2.50e-04
    epoch 123: loss 0.7329, val_ap 0.6152, minutes 40.46, lr 2.50e-04
    epoch 124: loss 0.7380, val_ap 0.6219, minutes 40.68, lr 2.50e-04
    epoch 125: loss 0.7259, val_ap 0.6190, minutes 40.88, lr 2.50e-04
    epoch 126: loss 0.7261, val_ap 0.6172, minutes 41.09, lr 2.50e-04
    epoch 127: loss 0.7218, val_ap 0.6208, minutes 41.29, lr 2.50e-04
    epoch 128: loss 0.7276, val_ap 0.6213, minutes 41.49, lr 2.50e-04
    epoch 129: loss 0.7275, val_ap 0.6183, minutes 41.69, lr 2.50e-04
    epoch 130: loss 0.7339, val_ap 0.6178, minutes 41.89, lr 2.50e-04
    epoch 131: loss 0.7240, val_ap 0.6168, minutes 42.08, lr 2.50e-04
    epoch 132: loss 0.7317, val_ap 0.6204, minutes 42.28, lr 2.50e-04
    epoch 133: loss 0.7162, val_ap 0.6207, minutes 42.48, lr 1.25e-04
    epoch 134: loss 0.7191, val_ap 0.6179, minutes 42.68, lr 1.25e-04
    epoch 135: loss 0.7171, val_ap 0.6197, minutes 42.88, lr 1.25e-04
    epoch 136: loss 0.7221, val_ap 0.6176, minutes 43.07, lr 1.25e-04
    epoch 137: loss 0.7129, val_ap 0.6184, minutes 43.27, lr 1.25e-04
    epoch 138: loss 0.7253, val_ap 0.6179, minutes 43.47, lr 1.25e-04
    epoch 139: loss 0.7123, val_ap 0.6188, minutes 43.66, lr 1.25e-04
    epoch 140: loss 0.7020, val_ap 0.6206, minutes 43.85, lr 1.25e-04
    epoch 141: loss 0.6982, val_ap 0.6184, minutes 44.05, lr 1.25e-04
    epoch 142: loss 0.7150, val_ap 0.6149, minutes 44.24, lr 6.25e-05
    epoch 143: loss 0.7039, val_ap 0.6185, minutes 44.44, lr 6.25e-05
    epoch 144: loss 0.7000, val_ap 0.6183, minutes 44.63, lr 6.25e-05
    epoch 145: loss 0.7064, val_ap 0.6174, minutes 44.83, lr 6.25e-05
    epoch 146: loss 0.7004, val_ap 0.6164, minutes 45.03, lr 6.25e-05
    epoch 147: loss 0.7141, val_ap 0.6190, minutes 45.22, lr 6.25e-05
    epoch 148: loss 0.6981, val_ap 0.6180, minutes 45.42, lr 6.25e-05
    epoch 149: loss 0.7248, val_ap 0.6190, minutes 45.62, lr 6.25e-05
    stopping: no validation gain in 25 epochs
[scalar_drop dataset0 fold 3 seed 1] done (46.0 min)
