loaded: dataset0 121,838 sites, data1 90,452
[gcn dataset0 fold 0 seed 1]
    epoch 1: loss 1.3209, val_ap 0.1023, minutes 0.57, lr 3.33e-04
    epoch 2: loss 1.2823, val_ap 0.1163, minutes 1.13, lr 6.59e-04
    epoch 3: loss 1.1377, val_ap 0.1888, minutes 1.66, lr 9.88e-04
    epoch 4: loss 0.9610, val_ap 0.2830, minutes 2.23, lr 1.00e-03
    epoch 5: loss 0.8903, val_ap 0.2954, minutes 2.79, lr 1.00e-03
    epoch 6: loss 0.8495, val_ap 0.2971, minutes 3.31, lr 1.00e-03
    epoch 7: loss 0.8588, val_ap 0.2976, minutes 3.88, lr 1.00e-03
    epoch 8: loss 0.8303, val_ap 0.3034, minutes 4.45, lr 1.00e-03
    epoch 9: loss 0.8180, val_ap 0.3020, minutes 5.05, lr 1.00e-03
    epoch 10: loss 0.8062, val_ap 0.3034, minutes 5.59, lr 1.00e-03
    epoch 11: loss 0.7927, val_ap 0.3075, minutes 6.16, lr 1.00e-03
    epoch 12: loss 0.7886, val_ap 0.3095, minutes 6.73, lr 1.00e-03
    epoch 13: loss 0.7906, val_ap 0.3074, minutes 7.3, lr 1.00e-03
    epoch 14: loss 0.7637, val_ap 0.3145, minutes 7.87, lr 1.00e-03
    epoch 15: loss 0.7861, val_ap 0.3090, minutes 8.43, lr 1.00e-03
    epoch 16: loss 0.7717, val_ap 0.3144, minutes 9.0, lr 1.00e-03
    epoch 17: loss 0.7587, val_ap 0.3124, minutes 9.53, lr 1.00e-03
    epoch 18: loss 0.7569, val_ap 0.3123, minutes 10.09, lr 1.00e-03
    epoch 19: loss 0.7594, val_ap 0.3140, minutes 10.66, lr 1.00e-03
    epoch 20: loss 0.7511, val_ap 0.3159, minutes 11.27, lr 1.00e-03
    epoch 21: loss 0.7647, val_ap 0.3131, minutes 11.89, lr 1.00e-03
    epoch 22: loss 0.7498, val_ap 0.3119, minutes 12.5, lr 1.00e-03
    epoch 23: loss 0.7432, val_ap 0.3132, minutes 13.18, lr 1.00e-03
    epoch 24: loss 0.7343, val_ap 0.3142, minutes 13.8, lr 1.00e-03
    epoch 25: loss 0.7358, val_ap 0.3160, minutes 14.46, lr 1.00e-03
    epoch 26: loss 0.7417, val_ap 0.3120, minutes 15.13, lr 1.00e-03
    epoch 27: loss 0.7382, val_ap 0.3161, minutes 15.73, lr 1.00e-03
    epoch 28: loss 0.7340, val_ap 0.3145, minutes 16.38, lr 1.00e-03
    epoch 29: loss 0.7253, val_ap 0.3186, minutes 17.01, lr 1.00e-03
    epoch 30: loss 0.7206, val_ap 0.3169, minutes 17.62, lr 1.00e-03
    epoch 31: loss 0.7290, val_ap 0.3169, minutes 18.21, lr 1.00e-03
    epoch 32: loss 0.7344, val_ap 0.3213, minutes 18.82, lr 1.00e-03
    epoch 33: loss 0.7130, val_ap 0.3179, minutes 19.45, lr 1.00e-03
    epoch 34: loss 0.7193, val_ap 0.3179, minutes 20.05, lr 1.00e-03
    epoch 35: loss 0.7346, val_ap 0.3189, minutes 20.66, lr 1.00e-03
    epoch 36: loss 0.7154, val_ap 0.3189, minutes 21.24, lr 1.00e-03
    epoch 37: loss 0.7260, val_ap 0.3197, minutes 21.83, lr 1.00e-03
    epoch 38: loss 0.7142, val_ap 0.3141, minutes 22.46, lr 1.00e-03
    epoch 39: loss 0.7099, val_ap 0.3193, minutes 23.06, lr 1.00e-03
    epoch 40: loss 0.7343, val_ap 0.3216, minutes 23.67, lr 1.00e-03
    epoch 41: loss 0.7213, val_ap 0.3179, minutes 24.26, lr 1.00e-03
    epoch 42: loss 0.7285, val_ap 0.3111, minutes 24.89, lr 1.00e-03
    epoch 43: loss 0.7077, val_ap 0.3209, minutes 25.52, lr 1.00e-03
    epoch 44: loss 0.7055, val_ap 0.3207, minutes 26.13, lr 1.00e-03
    epoch 45: loss 0.6993, val_ap 0.3137, minutes 26.73, lr 1.00e-03
    epoch 46: loss 0.6958, val_ap 0.3135, minutes 27.33, lr 1.00e-03
    epoch 47: loss 0.7007, val_ap 0.3149, minutes 27.95, lr 1.00e-03
    epoch 48: loss 0.6842, val_ap 0.3223, minutes 28.56, lr 1.00e-03
    epoch 49: loss 0.6927, val_ap 0.3216, minutes 29.19, lr 1.00e-03
    epoch 50: loss 0.6854, val_ap 0.3203, minutes 29.83, lr 1.00e-03
    epoch 51: loss 0.6883, val_ap 0.3207, minutes 30.42, lr 1.00e-03
    epoch 52: loss 0.7085, val_ap 0.3218, minutes 31.01, lr 1.00e-03
    epoch 53: loss 0.6866, val_ap 0.3224, minutes 31.64, lr 1.00e-03
    epoch 54: loss 0.6941, val_ap 0.3221, minutes 32.22, lr 1.00e-03
    epoch 55: loss 0.6834, val_ap 0.3230, minutes 32.83, lr 1.00e-03
    epoch 56: loss 0.6690, val_ap 0.3242, minutes 33.43, lr 1.00e-03
    epoch 57: loss 0.6859, val_ap 0.3233, minutes 34.04, lr 1.00e-03
    epoch 58: loss 0.6819, val_ap 0.3244, minutes 34.64, lr 1.00e-03
    epoch 59: loss 0.6750, val_ap 0.3242, minutes 35.29, lr 1.00e-03
    epoch 60: loss 0.6774, val_ap 0.3218, minutes 35.89, lr 1.00e-03
    epoch 61: loss 0.6945, val_ap 0.3209, minutes 36.52, lr 1.00e-03
    epoch 62: loss 0.6667, val_ap 0.3260, minutes 37.13, lr 1.00e-03
    epoch 63: loss 0.6681, val_ap 0.3252, minutes 37.7, lr 1.00e-03
    epoch 64: loss 0.6727, val_ap 0.3232, minutes 38.27, lr 1.00e-03
    epoch 65: loss 0.6761, val_ap 0.3234, minutes 38.83, lr 1.00e-03
    epoch 66: loss 0.6711, val_ap 0.3294, minutes 39.41, lr 1.00e-03
    epoch 67: loss 0.6750, val_ap 0.3280, minutes 40.0, lr 1.00e-03
    epoch 68: loss 0.6737, val_ap 0.3296, minutes 40.63, lr 1.00e-03
    epoch 69: loss 0.6641, val_ap 0.3283, minutes 41.24, lr 1.00e-03
    epoch 70: loss 0.6581, val_ap 0.3314, minutes 41.87, lr 1.00e-03
    epoch 71: loss 0.6565, val_ap 0.3273, minutes 42.49, lr 1.00e-03
    epoch 72: loss 0.6597, val_ap 0.3244, minutes 43.13, lr 1.00e-03
    epoch 73: loss 0.6587, val_ap 0.3288, minutes 43.72, lr 1.00e-03
    epoch 74: loss 0.6701, val_ap 0.3279, minutes 44.33, lr 1.00e-03
    epoch 75: loss 0.6547, val_ap 0.3305, minutes 44.93, lr 1.00e-03
    epoch 76: loss 0.6687, val_ap 0.3287, minutes 45.51, lr 1.00e-03
    epoch 77: loss 0.6847, val_ap 0.3276, minutes 46.09, lr 1.00e-03
    epoch 78: loss 0.6494, val_ap 0.3287, minutes 46.68, lr 1.00e-03
    epoch 79: loss 0.6426, val_ap 0.3311, minutes 47.25, lr 5.00e-04
    epoch 80: loss 0.6518, val_ap 0.3316, minutes 47.86, lr 5.00e-04
    epoch 81: loss 0.6331, val_ap 0.3308, minutes 48.44, lr 5.00e-04
    epoch 82: loss 0.6246, val_ap 0.3280, minutes 49.0, lr 5.00e-04
    epoch 83: loss 0.6333, val_ap 0.3308, minutes 49.57, lr 5.00e-04
    epoch 84: loss 0.6382, val_ap 0.3299, minutes 50.16, lr 5.00e-04
    epoch 85: loss 0.6318, val_ap 0.3304, minutes 50.78, lr 5.00e-04
    epoch 86: loss 0.6297, val_ap 0.3305, minutes 51.39, lr 5.00e-04
    epoch 87: loss 0.6272, val_ap 0.3273, minutes 52.02, lr 5.00e-04
    epoch 88: loss 0.6249, val_ap 0.3277, minutes 52.63, lr 5.00e-04
    epoch 89: loss 0.6210, val_ap 0.3266, minutes 53.25, lr 2.50e-04
    epoch 90: loss 0.6230, val_ap 0.3301, minutes 53.86, lr 2.50e-04
    epoch 91: loss 0.6450, val_ap 0.3304, minutes 54.43, lr 2.50e-04
    epoch 92: loss 0.6217, val_ap 0.3300, minutes 55.06, lr 2.50e-04
    epoch 93: loss 0.6268, val_ap 0.3311, minutes 55.67, lr 2.50e-04
    epoch 94: loss 0.6010, val_ap 0.3292, minutes 56.28, lr 2.50e-04
    epoch 95: loss 0.6158, val_ap 0.3294, minutes 56.87, lr 2.50e-04
    epoch 96: loss 0.6166, val_ap 0.3302, minutes 57.48, lr 2.50e-04
    epoch 97: loss 0.6134, val_ap 0.3301, minutes 58.1, lr 2.50e-04
    epoch 98: loss 0.6200, val_ap 0.3302, minutes 58.71, lr 1.25e-04
    epoch 99: loss 0.6051, val_ap 0.3321, minutes 59.34, lr 1.25e-04
    epoch 100: loss 0.6260, val_ap 0.3288, minutes 59.95, lr 1.25e-04
    epoch 101: loss 0.6079, val_ap 0.3310, minutes 60.51, lr 1.25e-04
    epoch 102: loss 0.6074, val_ap 0.3322, minutes 61.07, lr 1.25e-04
    epoch 103: loss 0.6100, val_ap 0.3315, minutes 61.68, lr 1.25e-04
    epoch 104: loss 0.6022, val_ap 0.3303, minutes 62.29, lr 1.25e-04
    epoch 105: loss 0.6102, val_ap 0.3306, minutes 62.88, lr 1.25e-04
    epoch 106: loss 0.6044, val_ap 0.3316, minutes 63.48, lr 1.25e-04
    epoch 107: loss 0.6068, val_ap 0.3297, minutes 64.12, lr 1.25e-04
    epoch 108: loss 0.6076, val_ap 0.3299, minutes 64.69, lr 1.25e-04
    epoch 109: loss 0.6157, val_ap 0.3291, minutes 65.3, lr 1.25e-04
    epoch 110: loss 0.6082, val_ap 0.3290, minutes 65.9, lr 1.25e-04
    epoch 111: loss 0.6039, val_ap 0.3299, minutes 66.48, lr 6.25e-05
    epoch 112: loss 0.6016, val_ap 0.3308, minutes 67.11, lr 6.25e-05
    epoch 113: loss 0.6014, val_ap 0.3305, minutes 67.68, lr 6.25e-05
    epoch 114: loss 0.5908, val_ap 0.3291, minutes 68.28, lr 6.25e-05
    epoch 115: loss 0.6026, val_ap 0.3287, minutes 68.9, lr 6.25e-05
    epoch 116: loss 0.5989, val_ap 0.3294, minutes 69.5, lr 6.25e-05
    epoch 117: loss 0.6089, val_ap 0.3294, minutes 70.08, lr 6.25e-05
    epoch 118: loss 0.5962, val_ap 0.3293, minutes 70.63, lr 6.25e-05
    epoch 119: loss 0.6022, val_ap 0.3299, minutes 71.22, lr 6.25e-05
    epoch 120: loss 0.6074, val_ap 0.3303, minutes 71.79, lr 3.13e-05
    epoch 121: loss 0.6000, val_ap 0.3299, minutes 72.34, lr 3.13e-05
    epoch 122: loss 0.6032, val_ap 0.3325, minutes 72.92, lr 3.13e-05
    epoch 123: loss 0.5974, val_ap 0.3298, minutes 73.48, lr 3.13e-05
    epoch 124: loss 0.5967, val_ap 0.3300, minutes 74.06, lr 3.13e-05
    epoch 125: loss 0.5949, val_ap 0.3299, minutes 74.67, lr 3.13e-05
    epoch 126: loss 0.6019, val_ap 0.3304, minutes 75.27, lr 3.13e-05
    epoch 127: loss 0.6078, val_ap 0.3299, minutes 75.84, lr 3.13e-05
    epoch 128: loss 0.5999, val_ap 0.3302, minutes 76.44, lr 3.13e-05
    epoch 129: loss 0.5994, val_ap 0.3303, minutes 77.07, lr 3.13e-05
    epoch 130: loss 0.6034, val_ap 0.3301, minutes 77.62, lr 3.13e-05
    epoch 131: loss 0.5904, val_ap 0.3313, minutes 78.21, lr 1.56e-05
    epoch 132: loss 0.5905, val_ap 0.3307, minutes 78.79, lr 1.56e-05
    epoch 133: loss 0.6004, val_ap 0.3301, minutes 79.37, lr 1.56e-05
    epoch 134: loss 0.5921, val_ap 0.3302, minutes 79.92, lr 1.56e-05
    epoch 135: loss 0.5996, val_ap 0.3304, minutes 80.48, lr 1.56e-05
    epoch 136: loss 0.6008, val_ap 0.3300, minutes 81.06, lr 1.56e-05
    epoch 137: loss 0.5879, val_ap 0.3301, minutes 81.66, lr 1.56e-05
    epoch 138: loss 0.6023, val_ap 0.3300, minutes 82.26, lr 1.56e-05
    epoch 139: loss 0.5985, val_ap 0.3302, minutes 82.84, lr 1.56e-05
    epoch 140: loss 0.5995, val_ap 0.3300, minutes 83.43, lr 7.81e-06
    epoch 141: loss 0.5911, val_ap 0.3301, minutes 84.01, lr 7.81e-06
    epoch 142: loss 0.5992, val_ap 0.3318, minutes 84.56, lr 7.81e-06
    epoch 143: loss 0.5970, val_ap 0.3302, minutes 85.17, lr 7.81e-06
    epoch 144: loss 0.5990, val_ap 0.3314, minutes 85.75, lr 7.81e-06
    epoch 145: loss 0.5983, val_ap 0.3289, minutes 86.36, lr 7.81e-06
    epoch 146: loss 0.6024, val_ap 0.3303, minutes 86.92, lr 7.81e-06
    epoch 147: loss 0.5965, val_ap 0.3302, minutes 87.46, lr 7.81e-06
    stopping: no validation gain in 25 epochs
[gcn dataset0 fold 0 seed 1] done (88.2 min)
