loaded: dataset0 121,838 sites, data1 90,452
[h2gcn_aux_r100 pooled_both fold 4 seed 2]
    epoch 1: loss 1.9104, val_ap 0.1548, minutes 0.81, lr 3.31e-04
    epoch 2: loss 1.5593, val_ap 0.3023, minutes 1.67, lr 6.60e-04
    epoch 3: loss 1.3955, val_ap 0.4233, minutes 2.54, lr 9.89e-04
    epoch 4: loss 1.3127, val_ap 0.4550, minutes 3.38, lr 1.00e-03
    epoch 5: loss 1.2569, val_ap 0.4618, minutes 4.17, lr 1.00e-03
    epoch 6: loss 1.2385, val_ap 0.4604, minutes 4.95, lr 1.00e-03
    epoch 7: loss 1.2274, val_ap 0.4616, minutes 5.7, lr 1.00e-03
    epoch 8: loss 1.2258, val_ap 0.4670, minutes 6.41, lr 1.00e-03
    epoch 9: loss 1.2135, val_ap 0.4727, minutes 7.07, lr 1.00e-03
    epoch 10: loss 1.2126, val_ap 0.4731, minutes 7.73, lr 1.00e-03
    epoch 11: loss 1.2077, val_ap 0.4757, minutes 8.45, lr 1.00e-03
    epoch 12: loss 1.1997, val_ap 0.4761, minutes 9.13, lr 1.00e-03
    epoch 13: loss 1.2007, val_ap 0.4732, minutes 9.76, lr 1.00e-03
    epoch 14: loss 1.1805, val_ap 0.4778, minutes 10.39, lr 1.00e-03
    epoch 15: loss 1.1723, val_ap 0.4820, minutes 11.05, lr 1.00e-03
    epoch 16: loss 1.1751, val_ap 0.4755, minutes 11.7, lr 1.00e-03
    epoch 17: loss 1.1694, val_ap 0.4773, minutes 12.28, lr 1.00e-03
    epoch 18: loss 1.1650, val_ap 0.4756, minutes 12.86, lr 1.00e-03
    epoch 19: loss 1.1703, val_ap 0.4808, minutes 13.44, lr 1.00e-03
    epoch 20: loss 1.1630, val_ap 0.4794, minutes 14.01, lr 1.00e-03
    epoch 21: loss 1.1511, val_ap 0.4802, minutes 14.58, lr 1.00e-03
    epoch 22: loss 1.1493, val_ap 0.4873, minutes 15.12, lr 1.00e-03
    epoch 23: loss 1.1499, val_ap 0.4811, minutes 15.66, lr 1.00e-03
    epoch 24: loss 1.1445, val_ap 0.4784, minutes 16.13, lr 1.00e-03
    epoch 25: loss 1.1470, val_ap 0.4875, minutes 16.59, lr 1.00e-03
    epoch 26: loss 1.1428, val_ap 0.4846, minutes 17.06, lr 1.00e-03
    epoch 27: loss 1.1324, val_ap 0.4885, minutes 17.52, lr 1.00e-03
    epoch 28: loss 1.1304, val_ap 0.4892, minutes 17.97, lr 1.00e-03
    epoch 29: loss 1.1325, val_ap 0.4851, minutes 18.46, lr 1.00e-03
    epoch 30: loss 1.1251, val_ap 0.4890, minutes 18.92, lr 1.00e-03
    epoch 31: loss 1.1218, val_ap 0.4851, minutes 19.38, lr 1.00e-03
    epoch 32: loss 1.1149, val_ap 0.4890, minutes 19.86, lr 1.00e-03
    epoch 33: loss 1.1070, val_ap 0.4905, minutes 20.32, lr 1.00e-03
    epoch 34: loss 1.1037, val_ap 0.4862, minutes 20.77, lr 1.00e-03
    epoch 35: loss 1.1093, val_ap 0.4931, minutes 21.2, lr 1.00e-03
    epoch 36: loss 1.0991, val_ap 0.4892, minutes 21.63, lr 1.00e-03
    epoch 37: loss 1.0950, val_ap 0.4783, minutes 22.06, lr 1.00e-03
    epoch 38: loss 1.0918, val_ap 0.4902, minutes 22.49, lr 1.00e-03
    epoch 39: loss 1.0943, val_ap 0.4937, minutes 22.92, lr 1.00e-03
    epoch 40: loss 1.0927, val_ap 0.4891, minutes 23.35, lr 1.00e-03
    epoch 41: loss 1.0903, val_ap 0.4897, minutes 23.78, lr 1.00e-03
    epoch 42: loss 1.0804, val_ap 0.4990, minutes 24.18, lr 1.00e-03
    epoch 43: loss 1.0716, val_ap 0.4895, minutes 24.59, lr 1.00e-03
    epoch 44: loss 1.0832, val_ap 0.4871, minutes 24.99, lr 1.00e-03
    epoch 45: loss 1.0712, val_ap 0.4917, minutes 25.35, lr 1.00e-03
    epoch 46: loss 1.0700, val_ap 0.4807, minutes 25.73, lr 1.00e-03
    epoch 47: loss 1.0621, val_ap 0.4884, minutes 26.1, lr 1.00e-03
    epoch 48: loss 1.0520, val_ap 0.4841, minutes 26.45, lr 1.00e-03
    epoch 49: loss 1.0499, val_ap 0.4747, minutes 26.78, lr 1.00e-03
    epoch 50: loss 1.0526, val_ap 0.4596, minutes 27.11, lr 1.00e-03
    epoch 51: loss 1.0373, val_ap 0.4892, minutes 27.44, lr 5.00e-04
    epoch 52: loss 1.0285, val_ap 0.4874, minutes 27.77, lr 5.00e-04
    epoch 53: loss 1.0235, val_ap 0.4814, minutes 28.1, lr 5.00e-04
    epoch 54: loss 1.0206, val_ap 0.4787, minutes 28.43, lr 5.00e-04
    epoch 55: loss 1.0126, val_ap 0.4586, minutes 28.76, lr 5.00e-04
    epoch 56: loss 1.0167, val_ap 0.4765, minutes 29.1, lr 5.00e-04
    epoch 57: loss 1.0056, val_ap 0.4721, minutes 29.42, lr 5.00e-04
    epoch 58: loss 1.0061, val_ap 0.4663, minutes 29.75, lr 5.00e-04
    epoch 59: loss 1.0117, val_ap 0.4801, minutes 30.07, lr 5.00e-04
    epoch 60: loss 1.0044, val_ap 0.4632, minutes 30.4, lr 2.50e-04
    epoch 61: loss 0.9885, val_ap 0.4771, minutes 30.73, lr 2.50e-04
    epoch 62: loss 0.9800, val_ap 0.4714, minutes 31.06, lr 2.50e-04
    epoch 63: loss 0.9777, val_ap 0.4709, minutes 31.39, lr 2.50e-04
    epoch 64: loss 0.9797, val_ap 0.4680, minutes 31.72, lr 2.50e-04
    epoch 65: loss 0.9789, val_ap 0.4618, minutes 32.05, lr 2.50e-04
    epoch 66: loss 0.9766, val_ap 0.4574, minutes 32.38, lr 2.50e-04
    epoch 67: loss 0.9748, val_ap 0.4603, minutes 32.71, lr 2.50e-04
    stopping: no validation gain in 25 epochs
[h2gcn_aux_r100 pooled_both fold 4 seed 2] done (33.1 min)
