loaded: dataset0 121,838 sites, data1 90,452
[scalar_random dataset0 fold 2]
    kernel decay scale 108.1 nt (fitted to cell line 1 training labels)
    epoch 1: loss 1.9635, val_ap 0.1634, minutes 0.45, lr 3.33e-04
    epoch 2: loss 1.6514, val_ap 0.2579, minutes 0.88, lr 6.63e-04
    epoch 3: loss 1.3826, val_ap 0.3731, minutes 1.36, lr 9.92e-04
    epoch 4: loss 1.2622, val_ap 0.4297, minutes 1.82, lr 1.00e-03
    epoch 5: loss 1.1993, val_ap 0.4537, minutes 2.26, lr 1.00e-03
    epoch 6: loss 1.1429, val_ap 0.4799, minutes 2.74, lr 1.00e-03
    epoch 7: loss 1.1219, val_ap 0.4774, minutes 3.18, lr 1.00e-03
    epoch 8: loss 1.1390, val_ap 0.4751, minutes 3.69, lr 1.00e-03
    epoch 9: loss 1.1127, val_ap 0.4798, minutes 4.15, lr 1.00e-03
    epoch 10: loss 1.0830, val_ap 0.4838, minutes 4.62, lr 1.00e-03
    epoch 11: loss 1.0918, val_ap 0.4564, minutes 5.1, lr 1.00e-03
    epoch 12: loss 1.1056, val_ap 0.4766, minutes 5.56, lr 1.00e-03
    epoch 13: loss 1.0454, val_ap 0.4843, minutes 6.04, lr 1.00e-03
    epoch 14: loss 1.0582, val_ap 0.4804, minutes 6.53, lr 1.00e-03
    epoch 15: loss 1.0263, val_ap 0.4845, minutes 6.99, lr 1.00e-03
    epoch 16: loss 1.0262, val_ap 0.4946, minutes 7.43, lr 1.00e-03
    epoch 17: loss 1.0308, val_ap 0.4980, minutes 7.86, lr 1.00e-03
    epoch 18: loss 1.0200, val_ap 0.5006, minutes 8.3, lr 1.00e-03
    epoch 19: loss 1.0328, val_ap 0.5046, minutes 8.71, lr 1.00e-03
    epoch 20: loss 1.0030, val_ap 0.5027, minutes 9.16, lr 1.00e-03
    epoch 21: loss 1.0088, val_ap 0.4932, minutes 9.62, lr 1.00e-03
    epoch 22: loss 1.0047, val_ap 0.5023, minutes 10.09, lr 1.00e-03
    epoch 23: loss 1.0100, val_ap 0.5082, minutes 10.55, lr 1.00e-03
    epoch 24: loss 0.9795, val_ap 0.5176, minutes 11.04, lr 1.00e-03
    epoch 25: loss 0.9831, val_ap 0.5165, minutes 11.49, lr 1.00e-03
    epoch 26: loss 1.0231, val_ap 0.5122, minutes 11.97, lr 1.00e-03
    epoch 27: loss 1.0845, val_ap 0.5142, minutes 12.42, lr 1.00e-03
    epoch 28: loss 0.9868, val_ap 0.5241, minutes 12.88, lr 1.00e-03
    epoch 29: loss 0.9662, val_ap 0.5189, minutes 13.35, lr 1.00e-03
    epoch 30: loss 0.9645, val_ap 0.5149, minutes 13.82, lr 1.00e-03
    epoch 31: loss 1.0179, val_ap 0.5140, minutes 14.27, lr 1.00e-03
    epoch 32: loss 0.9936, val_ap 0.5245, minutes 14.76, lr 1.00e-03
    epoch 33: loss 0.9786, val_ap 0.5213, minutes 15.19, lr 1.00e-03
    epoch 34: loss 0.9613, val_ap 0.5300, minutes 15.65, lr 1.00e-03
    epoch 35: loss 0.9571, val_ap 0.5314, minutes 16.11, lr 1.00e-03
    epoch 36: loss 0.9560, val_ap 0.5266, minutes 16.61, lr 1.00e-03
    epoch 37: loss 0.9582, val_ap 0.5237, minutes 17.02, lr 1.00e-03
    epoch 38: loss 0.9362, val_ap 0.5360, minutes 17.47, lr 1.00e-03
    epoch 39: loss 0.9368, val_ap 0.5405, minutes 17.9, lr 1.00e-03
    epoch 40: loss 0.9144, val_ap 0.5367, minutes 18.3, lr 1.00e-03
    epoch 41: loss 0.9300, val_ap 0.5400, minutes 18.72, lr 1.00e-03
    epoch 42: loss 0.9294, val_ap 0.5377, minutes 19.19, lr 1.00e-03
    epoch 43: loss 0.9396, val_ap 0.5450, minutes 19.64, lr 1.00e-03
    epoch 44: loss 0.9446, val_ap 0.5428, minutes 20.05, lr 1.00e-03
    epoch 45: loss 0.9225, val_ap 0.5457, minutes 20.55, lr 1.00e-03
    epoch 46: loss 0.9208, val_ap 0.5483, minutes 20.98, lr 1.00e-03
    epoch 47: loss 0.9195, val_ap 0.5511, minutes 21.41, lr 1.00e-03
    epoch 48: loss 0.9109, val_ap 0.5512, minutes 21.83, lr 1.00e-03
    epoch 49: loss 0.9315, val_ap 0.5488, minutes 22.22, lr 1.00e-03
    epoch 50: loss 0.9139, val_ap 0.5461, minutes 22.63, lr 1.00e-03
    epoch 51: loss 0.9054, val_ap 0.5483, minutes 23.09, lr 1.00e-03
    epoch 52: loss 0.9104, val_ap 0.5454, minutes 23.52, lr 1.00e-03
    epoch 53: loss 0.9104, val_ap 0.5561, minutes 23.94, lr 1.00e-03
    epoch 54: loss 0.8990, val_ap 0.5561, minutes 24.34, lr 1.00e-03
    epoch 55: loss 0.9063, val_ap 0.5589, minutes 24.76, lr 1.00e-03
    epoch 56: loss 0.9053, val_ap 0.5528, minutes 25.15, lr 1.00e-03
    epoch 57: loss 0.9034, val_ap 0.5542, minutes 25.54, lr 1.00e-03
    epoch 58: loss 0.8922, val_ap 0.5595, minutes 25.93, lr 1.00e-03
    epoch 59: loss 0.8793, val_ap 0.5585, minutes 26.37, lr 1.00e-03
    epoch 60: loss 0.8910, val_ap 0.5507, minutes 26.78, lr 1.00e-03
    epoch 61: loss 0.8934, val_ap 0.5618, minutes 27.2, lr 1.00e-03
    epoch 62: loss 0.8909, val_ap 0.5542, minutes 27.63, lr 1.00e-03
    epoch 63: loss 0.8925, val_ap 0.5536, minutes 27.99, lr 1.00e-03
    epoch 64: loss 0.8725, val_ap 0.5621, minutes 28.38, lr 1.00e-03
    epoch 65: loss 0.8816, val_ap 0.5527, minutes 28.79, lr 1.00e-03
    epoch 66: loss 0.8687, val_ap 0.5634, minutes 29.17, lr 1.00e-03
    epoch 67: loss 0.8695, val_ap 0.5671, minutes 29.54, lr 1.00e-03
    epoch 68: loss 0.8672, val_ap 0.5571, minutes 29.89, lr 1.00e-03
    epoch 69: loss 0.8639, val_ap 0.5615, minutes 30.25, lr 1.00e-03
    epoch 70: loss 0.8715, val_ap 0.5518, minutes 30.61, lr 1.00e-03
    epoch 71: loss 0.8543, val_ap 0.5619, minutes 30.96, lr 1.00e-03
    epoch 72: loss 0.8630, val_ap 0.5552, minutes 31.29, lr 1.00e-03
    epoch 73: loss 0.8686, val_ap 0.5536, minutes 31.63, lr 1.00e-03
    epoch 74: loss 0.8545, val_ap 0.5605, minutes 31.96, lr 1.00e-03
    epoch 75: loss 0.8715, val_ap 0.5626, minutes 32.27, lr 1.00e-03
    epoch 76: loss 0.8522, val_ap 0.5706, minutes 32.59, lr 1.00e-03
    epoch 77: loss 0.8525, val_ap 0.5606, minutes 32.92, lr 1.00e-03
    epoch 78: loss 0.8567, val_ap 0.5632, minutes 33.3, lr 1.00e-03
    epoch 79: loss 0.8401, val_ap 0.5650, minutes 33.63, lr 1.00e-03
    epoch 80: loss 0.8473, val_ap 0.5613, minutes 33.97, lr 1.00e-03
    epoch 81: loss 0.8332, val_ap 0.5670, minutes 34.35, lr 1.00e-03
    epoch 82: loss 0.8408, val_ap 0.5590, minutes 34.68, lr 1.00e-03
    epoch 83: loss 0.8457, val_ap 0.5575, minutes 35.04, lr 1.00e-03
    epoch 84: loss 0.8378, val_ap 0.5621, minutes 35.33, lr 1.00e-03
    epoch 85: loss 0.8542, val_ap 0.5642, minutes 35.65, lr 5.00e-04
    epoch 86: loss 0.8274, val_ap 0.5648, minutes 35.93, lr 5.00e-04
    epoch 87: loss 0.8098, val_ap 0.5616, minutes 36.2, lr 5.00e-04
    epoch 88: loss 0.8113, val_ap 0.5596, minutes 36.5, lr 5.00e-04
    epoch 89: loss 0.8122, val_ap 0.5615, minutes 36.76, lr 5.00e-04
    epoch 90: loss 0.8132, val_ap 0.5593, minutes 37.08, lr 5.00e-04
    epoch 91: loss 0.7962, val_ap 0.5636, minutes 37.37, lr 5.00e-04
    epoch 92: loss 0.8075, val_ap 0.5668, minutes 37.67, lr 5.00e-04
    epoch 93: loss 0.7941, val_ap 0.5660, minutes 37.97, lr 5.00e-04
    epoch 94: loss 0.8029, val_ap 0.5601, minutes 38.26, lr 2.50e-04
    epoch 95: loss 0.7808, val_ap 0.5639, minutes 38.53, lr 2.50e-04
    epoch 96: loss 0.7855, val_ap 0.5646, minutes 38.82, lr 2.50e-04
    epoch 97: loss 0.7789, val_ap 0.5645, minutes 39.11, lr 2.50e-04
    epoch 98: loss 0.7848, val_ap 0.5649, minutes 39.39, lr 2.50e-04
    epoch 99: loss 0.7665, val_ap 0.5684, minutes 39.65, lr 2.50e-04
    epoch 100: loss 0.8027, val_ap 0.5702, minutes 39.92, lr 2.50e-04
    epoch 101: loss 0.7773, val_ap 0.5672, minutes 40.21, lr 2.50e-04
    stopping: no validation gain in 25 epochs
[scalar_random dataset0 fold 2] done (40.7 min)
