loaded: dataset0 121,838 sites, data1 90,452
[scalar_drop dataset0 fold 0 seed 2]
    kernel decay scale 118.2 nt (fitted to cell line 1 training labels)
    epoch 1: loss 2.0380, val_ap 0.1491, minutes 0.47, lr 3.33e-04
    epoch 2: loss 1.5928, val_ap 0.3132, minutes 0.98, lr 6.63e-04
    epoch 3: loss 1.3193, val_ap 0.4151, minutes 1.4, lr 9.88e-04
    epoch 4: loss 1.2143, val_ap 0.4601, minutes 1.92, lr 1.00e-03
    epoch 5: loss 1.1552, val_ap 0.4614, minutes 2.44, lr 1.00e-03
    epoch 6: loss 1.1470, val_ap 0.4720, minutes 2.9, lr 1.00e-03
    epoch 7: loss 1.0931, val_ap 0.4727, minutes 3.43, lr 1.00e-03
    epoch 8: loss 1.1037, val_ap 0.4852, minutes 3.9, lr 1.00e-03
    epoch 9: loss 1.0626, val_ap 0.4800, minutes 4.38, lr 1.00e-03
    epoch 10: loss 1.0454, val_ap 0.4930, minutes 4.88, lr 1.00e-03
    epoch 11: loss 1.0408, val_ap 0.4876, minutes 5.35, lr 1.00e-03
    epoch 12: loss 1.0352, val_ap 0.4957, minutes 5.84, lr 1.00e-03
    epoch 13: loss 1.0219, val_ap 0.5068, minutes 6.29, lr 1.00e-03
    epoch 14: loss 1.0103, val_ap 0.5028, minutes 6.79, lr 1.00e-03
    epoch 15: loss 1.0251, val_ap 0.4994, minutes 7.26, lr 1.00e-03
    epoch 16: loss 1.0082, val_ap 0.5122, minutes 7.71, lr 1.00e-03
    epoch 17: loss 1.0270, val_ap 0.5090, minutes 8.17, lr 1.00e-03
    epoch 18: loss 0.9898, val_ap 0.5192, minutes 8.64, lr 1.00e-03
    epoch 19: loss 0.9849, val_ap 0.5231, minutes 9.13, lr 1.00e-03
    epoch 20: loss 0.9806, val_ap 0.5228, minutes 9.59, lr 1.00e-03
    epoch 21: loss 0.9664, val_ap 0.5189, minutes 10.06, lr 1.00e-03
    epoch 22: loss 0.9816, val_ap 0.5274, minutes 10.5, lr 1.00e-03
    epoch 23: loss 0.9771, val_ap 0.5300, minutes 10.97, lr 1.00e-03
    epoch 24: loss 0.9616, val_ap 0.5464, minutes 11.43, lr 1.00e-03
    epoch 25: loss 0.9512, val_ap 0.5357, minutes 11.9, lr 1.00e-03
    epoch 26: loss 0.9592, val_ap 0.5343, minutes 12.38, lr 1.00e-03
    epoch 27: loss 0.9445, val_ap 0.5359, minutes 12.87, lr 1.00e-03
    epoch 28: loss 0.9558, val_ap 0.5363, minutes 13.35, lr 1.00e-03
    epoch 29: loss 0.9439, val_ap 0.5407, minutes 13.82, lr 1.00e-03
    epoch 30: loss 0.9287, val_ap 0.5528, minutes 14.31, lr 1.00e-03
    epoch 31: loss 0.9442, val_ap 0.5556, minutes 14.79, lr 1.00e-03
    epoch 32: loss 0.9266, val_ap 0.5528, minutes 15.25, lr 1.00e-03
    epoch 33: loss 0.9490, val_ap 0.5528, minutes 15.75, lr 1.00e-03
    epoch 34: loss 0.9126, val_ap 0.5543, minutes 16.24, lr 1.00e-03
    epoch 35: loss 0.9142, val_ap 0.5655, minutes 16.74, lr 1.00e-03
    epoch 36: loss 0.9218, val_ap 0.5630, minutes 17.27, lr 1.00e-03
    epoch 37: loss 0.9379, val_ap 0.5580, minutes 17.79, lr 1.00e-03
    epoch 38: loss 0.9086, val_ap 0.5620, minutes 18.24, lr 1.00e-03
    epoch 39: loss 0.9180, val_ap 0.5603, minutes 18.77, lr 1.00e-03
    epoch 40: loss 0.9232, val_ap 0.5711, minutes 19.24, lr 1.00e-03
    epoch 41: loss 0.9015, val_ap 0.5552, minutes 19.74, lr 1.00e-03
    epoch 42: loss 0.8877, val_ap 0.5715, minutes 20.23, lr 1.00e-03
    epoch 43: loss 0.8866, val_ap 0.5620, minutes 20.69, lr 1.00e-03
    epoch 44: loss 0.9047, val_ap 0.5601, minutes 21.19, lr 1.00e-03
    epoch 45: loss 0.8852, val_ap 0.5684, minutes 21.67, lr 1.00e-03
    epoch 46: loss 0.8784, val_ap 0.5680, minutes 22.16, lr 1.00e-03
    epoch 47: loss 0.8914, val_ap 0.5699, minutes 22.68, lr 1.00e-03
    epoch 48: loss 0.8800, val_ap 0.5760, minutes 23.17, lr 1.00e-03
    epoch 49: loss 0.8837, val_ap 0.5642, minutes 23.69, lr 1.00e-03
    epoch 50: loss 0.9066, val_ap 0.5609, minutes 24.18, lr 1.00e-03
    epoch 51: loss 0.8871, val_ap 0.5719, minutes 24.64, lr 1.00e-03
    epoch 52: loss 0.8625, val_ap 0.5699, minutes 25.15, lr 1.00e-03
    epoch 53: loss 0.8776, val_ap 0.5656, minutes 25.65, lr 1.00e-03
    epoch 54: loss 0.8583, val_ap 0.5726, minutes 26.17, lr 1.00e-03
    epoch 55: loss 0.8645, val_ap 0.5794, minutes 26.67, lr 1.00e-03
    epoch 56: loss 0.8752, val_ap 0.5891, minutes 27.12, lr 1.00e-03
    epoch 57: loss 0.8696, val_ap 0.5718, minutes 27.56, lr 1.00e-03
    epoch 58: loss 0.8491, val_ap 0.5790, minutes 28.0, lr 1.00e-03
    epoch 59: loss 0.8528, val_ap 0.5732, minutes 28.5, lr 1.00e-03
    epoch 60: loss 0.8767, val_ap 0.5739, minutes 28.97, lr 1.00e-03
    epoch 61: loss 0.8484, val_ap 0.5764, minutes 29.45, lr 1.00e-03
    epoch 62: loss 0.8363, val_ap 0.5834, minutes 29.91, lr 1.00e-03
    epoch 63: loss 0.8445, val_ap 0.5754, minutes 30.41, lr 1.00e-03
    epoch 64: loss 0.8290, val_ap 0.5856, minutes 30.89, lr 1.00e-03
    epoch 65: loss 0.8515, val_ap 0.5729, minutes 31.34, lr 5.00e-04
    epoch 66: loss 0.8328, val_ap 0.5855, minutes 31.84, lr 5.00e-04
    epoch 67: loss 0.8191, val_ap 0.5798, minutes 32.32, lr 5.00e-04
    epoch 68: loss 0.8077, val_ap 0.5809, minutes 32.81, lr 5.00e-04
    epoch 69: loss 0.8162, val_ap 0.5843, minutes 33.26, lr 5.00e-04
    epoch 70: loss 0.8271, val_ap 0.5800, minutes 33.75, lr 5.00e-04
    epoch 71: loss 0.8255, val_ap 0.5712, minutes 34.25, lr 5.00e-04
    epoch 72: loss 0.8219, val_ap 0.5810, minutes 34.72, lr 5.00e-04
    epoch 73: loss 0.8050, val_ap 0.5885, minutes 35.23, lr 5.00e-04
    epoch 74: loss 0.8091, val_ap 0.5712, minutes 35.7, lr 2.50e-04
    epoch 75: loss 0.7968, val_ap 0.5869, minutes 36.23, lr 2.50e-04
    epoch 76: loss 0.7927, val_ap 0.5821, minutes 36.72, lr 2.50e-04
    epoch 77: loss 0.7952, val_ap 0.5830, minutes 37.19, lr 2.50e-04
    epoch 78: loss 0.7935, val_ap 0.5832, minutes 37.67, lr 2.50e-04
    epoch 79: loss 0.7871, val_ap 0.5845, minutes 38.14, lr 2.50e-04
    epoch 80: loss 0.7828, val_ap 0.5835, minutes 38.65, lr 2.50e-04
    epoch 81: loss 0.7973, val_ap 0.5863, minutes 39.13, lr 2.50e-04
    stopping: no validation gain in 25 epochs
[scalar_drop dataset0 fold 0 seed 2] done (39.8 min)
