loaded: dataset0 121,838 sites, data1 90,452
[h2gcn_twohead_aux pooled_both fold 1]
    epoch 1: loss 1.8999, val_ap 0.1783, minutes 0.35, lr 3.31e-04
    epoch 2: loss 1.4994, val_ap 0.3300, minutes 0.73, lr 6.60e-04
    epoch 3: loss 1.3177, val_ap 0.4253, minutes 1.12, lr 9.89e-04
    epoch 4: loss 1.2453, val_ap 0.4529, minutes 1.5, lr 1.00e-03
    epoch 5: loss 1.1946, val_ap 0.4595, minutes 1.88, lr 1.00e-03
    epoch 6: loss 1.1810, val_ap 0.4627, minutes 2.26, lr 1.00e-03
    epoch 7: loss 1.1596, val_ap 0.4701, minutes 2.6, lr 1.00e-03
    epoch 8: loss 1.1563, val_ap 0.4702, minutes 2.93, lr 1.00e-03
    epoch 9: loss 1.1331, val_ap 0.4712, minutes 3.26, lr 1.00e-03
    epoch 10: loss 1.1239, val_ap 0.4769, minutes 3.59, lr 1.00e-03
    epoch 11: loss 1.1218, val_ap 0.4762, minutes 3.93, lr 1.00e-03
    epoch 12: loss 1.1362, val_ap 0.4830, minutes 4.27, lr 1.00e-03
    epoch 13: loss 1.1059, val_ap 0.4833, minutes 4.64, lr 1.00e-03
    epoch 14: loss 1.0978, val_ap 0.4833, minutes 5.01, lr 1.00e-03
    epoch 15: loss 1.1061, val_ap 0.4854, minutes 5.37, lr 1.00e-03
    epoch 16: loss 1.0880, val_ap 0.4818, minutes 5.75, lr 1.00e-03
    epoch 17: loss 1.0943, val_ap 0.4903, minutes 6.13, lr 1.00e-03
    epoch 18: loss 1.0794, val_ap 0.4871, minutes 6.51, lr 1.00e-03
    epoch 19: loss 1.0828, val_ap 0.4920, minutes 6.87, lr 1.00e-03
    epoch 20: loss 1.0714, val_ap 0.4894, minutes 7.21, lr 1.00e-03
    epoch 21: loss 1.0691, val_ap 0.4882, minutes 7.56, lr 1.00e-03
    epoch 22: loss 1.0708, val_ap 0.4940, minutes 7.9, lr 1.00e-03
    epoch 23: loss 1.0678, val_ap 0.4943, minutes 8.25, lr 1.00e-03
    epoch 24: loss 1.0479, val_ap 0.4919, minutes 8.59, lr 1.00e-03
    epoch 25: loss 1.0549, val_ap 0.4967, minutes 8.93, lr 1.00e-03
    epoch 26: loss 1.0509, val_ap 0.4956, minutes 9.28, lr 1.00e-03
    epoch 27: loss 1.0487, val_ap 0.4902, minutes 9.62, lr 1.00e-03
    epoch 28: loss 1.0445, val_ap 0.4917, minutes 9.97, lr 1.00e-03
    epoch 29: loss 1.0336, val_ap 0.4946, minutes 10.33, lr 1.00e-03
    epoch 30: loss 1.0300, val_ap 0.4932, minutes 10.7, lr 1.00e-03
    epoch 31: loss 1.0328, val_ap 0.4914, minutes 11.07, lr 1.00e-03
    epoch 32: loss 1.0291, val_ap 0.4952, minutes 11.43, lr 1.00e-03
    epoch 33: loss 1.0174, val_ap 0.4987, minutes 11.8, lr 1.00e-03
    epoch 34: loss 1.0241, val_ap 0.5010, minutes 12.15, lr 1.00e-03
    epoch 35: loss 1.0095, val_ap 0.4975, minutes 12.5, lr 1.00e-03
    epoch 36: loss 1.0066, val_ap 0.4982, minutes 12.85, lr 1.00e-03
    epoch 37: loss 1.0041, val_ap 0.5012, minutes 13.19, lr 1.00e-03
    epoch 38: loss 1.0057, val_ap 0.5026, minutes 13.53, lr 1.00e-03
    epoch 39: loss 0.9989, val_ap 0.4970, minutes 13.87, lr 1.00e-03
    epoch 40: loss 0.9886, val_ap 0.5063, minutes 14.21, lr 1.00e-03
    epoch 41: loss 0.9864, val_ap 0.4972, minutes 14.55, lr 1.00e-03
    epoch 42: loss 0.9961, val_ap 0.5177, minutes 14.89, lr 1.00e-03
    epoch 43: loss 0.9806, val_ap 0.5047, minutes 15.24, lr 1.00e-03
    epoch 44: loss 0.9863, val_ap 0.5020, minutes 15.62, lr 1.00e-03
    epoch 45: loss 0.9708, val_ap 0.5041, minutes 15.99, lr 1.00e-03
    epoch 46: loss 0.9730, val_ap 0.5081, minutes 16.35, lr 1.00e-03
    epoch 47: loss 0.9683, val_ap 0.5074, minutes 16.71, lr 1.00e-03
    epoch 48: loss 0.9557, val_ap 0.4962, minutes 17.09, lr 1.00e-03
    epoch 49: loss 0.9586, val_ap 0.5001, minutes 17.45, lr 1.00e-03
    epoch 50: loss 0.9588, val_ap 0.4929, minutes 17.79, lr 1.00e-03
    epoch 51: loss 0.9467, val_ap 0.5074, minutes 18.15, lr 5.00e-04
    epoch 52: loss 0.9303, val_ap 0.5012, minutes 18.5, lr 5.00e-04
    epoch 53: loss 0.9194, val_ap 0.5029, minutes 18.84, lr 5.00e-04
    epoch 54: loss 0.9187, val_ap 0.4837, minutes 19.18, lr 5.00e-04
    epoch 55: loss 0.9227, val_ap 0.5049, minutes 19.52, lr 5.00e-04
    epoch 56: loss 0.9140, val_ap 0.4951, minutes 19.86, lr 5.00e-04
    epoch 57: loss 0.9114, val_ap 0.4959, minutes 20.21, lr 5.00e-04
    epoch 58: loss 0.9110, val_ap 0.4945, minutes 20.56, lr 5.00e-04
    epoch 59: loss 0.9046, val_ap 0.4988, minutes 20.93, lr 5.00e-04
    epoch 60: loss 0.9044, val_ap 0.4841, minutes 21.29, lr 2.50e-04
    epoch 61: loss 0.8886, val_ap 0.4859, minutes 21.66, lr 2.50e-04
    epoch 62: loss 0.8877, val_ap 0.4980, minutes 22.03, lr 2.50e-04
    epoch 63: loss 0.8886, val_ap 0.4930, minutes 22.38, lr 2.50e-04
    epoch 64: loss 0.8814, val_ap 0.4973, minutes 22.72, lr 2.50e-04
    epoch 65: loss 0.8798, val_ap 0.4850, minutes 23.08, lr 2.50e-04
    epoch 66: loss 0.8827, val_ap 0.4858, minutes 23.41, lr 2.50e-04
    epoch 67: loss 0.8796, val_ap 0.4841, minutes 23.71, lr 2.50e-04
    stopping: no validation gain in 25 epochs
[h2gcn_twohead_aux pooled_both fold 1] done (24.0 min)
