loaded: dataset0 121,838 sites, data1 90,452
[set_transformer pooled_both fold 1 seed 1]
    epoch 1: loss 1.0343134683602555, minutes 2.71, val_ap 0.3674812428961144, lr 0.00033389734912577554
    epoch 2: loss 0.9176170848146106, minutes 6.14, val_ap 0.3915978859472697, lr 0.0006672306824591089
    epoch 3: loss 0.8933695214855691, minutes 9.47, val_ap 0.4136945885968048, lr 0.001
    epoch 4: loss 0.8744666647487486, minutes 12.83, val_ap 0.4196497420601285, lr 0.001
    epoch 5: loss 0.8550472730004848, minutes 16.21, val_ap 0.41672044474764586, lr 0.001
    epoch 6: loss 0.8490513287320758, minutes 19.6, val_ap 0.4406949169572838, lr 0.001
    epoch 7: loss 0.8375168080660695, minutes 23.06, val_ap 0.435176721618579, lr 0.001
    epoch 8: loss 0.8363445569113427, minutes 26.58, val_ap 0.43091752710718323, lr 0.001
    epoch 9: loss 0.8316431161009923, minutes 29.99, val_ap 0.4368579921993225, lr 0.001
    epoch 10: loss 0.8291657979516612, minutes 33.38, val_ap 0.43346692729583086, lr 0.001
    epoch 11: loss 0.8254797417802859, minutes 36.76, val_ap 0.43483658385585855, lr 0.001
    epoch 12: loss 0.8223945889779557, minutes 40.13, val_ap 0.4507001112521361, lr 0.001
    epoch 13: loss 0.8205536722430925, minutes 43.49, val_ap 0.4409092293175271, lr 0.001
    epoch 14: loss 0.8147343737018088, minutes 46.91, val_ap 0.43769075802994395, lr 0.001
    epoch 15: loss 0.8146402319978336, minutes 50.2, val_ap 0.4366918144963196, lr 0.001
    epoch 16: loss 0.8084045445354255, minutes 53.53, val_ap 0.451437926171886, lr 0.001
    epoch 17: loss 0.803108312857736, minutes 56.89, val_ap 0.4461856981760214, lr 0.001
    epoch 18: loss 0.7984165245203803, minutes 60.25, val_ap 0.42607558812801677, lr 0.001
    epoch 19: loss 0.7978237465956893, minutes 63.54, val_ap 0.44604700596396635, lr 0.001
    epoch 20: loss 0.7971556948627111, minutes 66.87, val_ap 0.45239669482061656, lr 0.001
    epoch 21: loss 0.7963687354437188, minutes 70.26, val_ap 0.44376752451354984, lr 0.001
    epoch 22: loss 0.7889902734413566, minutes 73.64, val_ap 0.4496197800443418, lr 0.001
    epoch 23: loss 0.7894400712701471, minutes 77.03, val_ap 0.4368636479322713, lr 0.001
    epoch 24: loss 0.7864979633119102, minutes 80.32, val_ap 0.4419107806752307, lr 0.001
    epoch 25: loss 0.7793893468158096, minutes 83.69, val_ap 0.44370871068526807, lr 0.001
    epoch 26: loss 0.7795441689729287, minutes 86.97, val_ap 0.44637690704502475, lr 0.001
    epoch 27: loss 0.7701915780400665, minutes 90.38, val_ap 0.4467068496181838, lr 0.001
    epoch 28: loss 0.771253693224815, minutes 93.8, val_ap 0.4438624880924376, lr 0.001
    epoch 29: loss 0.7628292326898946, minutes 97.18, val_ap 0.44170365781445553, lr 0.0005
    epoch 30: loss 0.7406188259169132, minutes 100.51, val_ap 0.45539105442324906, lr 0.0005
    epoch 31: loss 0.7370155469818567, minutes 103.78, val_ap 0.44938239497522925, lr 0.0005
    epoch 32: loss 0.7321904890630048, minutes 107.09, val_ap 0.4537077350595081, lr 0.0005
    epoch 33: loss 0.7265310962188062, minutes 110.46, val_ap 0.44875214649197526, lr 0.0005
    epoch 34: loss 0.7216066931407463, minutes 114.0, val_ap 0.4501608763184647, lr 0.0005
    epoch 35: loss 0.7183275680150679, minutes 117.57, val_ap 0.45529996539134115, lr 0.0005
    epoch 36: loss 0.7171154610699203, minutes 121.02, val_ap 0.45357007366891305, lr 0.0005
    epoch 37: loss 0.705552818307215, minutes 124.46, val_ap 0.45342874918791143, lr 0.0005
    epoch 38: loss 0.7083695958511882, minutes 127.92, val_ap 0.4431498014414233, lr 0.0005
    epoch 39: loss 0.6981278945346774, minutes 131.31, val_ap 0.44537583294204275, lr 0.00025
    epoch 40: loss 0.6751842122090045, minutes 134.8, val_ap 0.45075706431026513, lr 0.00025
    epoch 41: loss 0.6748024183884893, minutes 138.13, val_ap 0.4455391790242111, lr 0.00025
    epoch 42: loss 0.6710440133731377, minutes 141.5, val_ap 0.4490637756409144, lr 0.00025
    epoch 43: loss 0.6716610959237804, minutes 144.85, val_ap 0.4454299728076271, lr 0.00025
    epoch 44: loss 0.6586825890992902, minutes 148.22, val_ap 0.4457438236634799, lr 0.00025
    epoch 45: loss 0.6565501044446038, minutes 151.6, val_ap 0.44889305874462065, lr 0.00025
    epoch 46: loss 0.6553231676419576, minutes 155.06, val_ap 0.447449891762844, lr 0.00025
    epoch 47: loss 0.6542444841309045, minutes 158.5, val_ap 0.4438458628309283, lr 0.00025
    epoch 48: loss 0.6518239145956669, minutes 161.89, val_ap 0.4414910045778298, lr 0.000125
    epoch 49: loss 0.6437688099248761, minutes 165.24, val_ap 0.4432080360618982, lr 0.000125
    epoch 50: loss 0.6401969321488123, minutes 168.66, val_ap 0.44084920274702805, lr 0.000125
    epoch 51: loss 0.6379778520810826, minutes 171.96, val_ap 0.44497579318356945, lr 0.000125
    epoch 52: loss 0.631168649331769, minutes 175.33, val_ap 0.43653037064079825, lr 0.000125
    epoch 53: loss 0.6239698865591169, minutes 178.59, val_ap 0.4398541032637597, lr 0.000125
    epoch 54: loss 0.6275801128643217, minutes 181.95, val_ap 0.44405034502084917, lr 0.000125
    stopping: no validation gain in 25 epochs
[set_transformer pooled_both fold 1 seed 1] done (188.0 min)
