loaded: dataset0 121,838 sites, data1 90,452
[scalar_drop pooled_both fold 0 seed 1]
    kernel decay scale 118.2 nt (fitted to cell line 1 training labels)
    epoch 1: loss 1.9025, val_ap 0.1650, minutes 0.84, lr 3.31e-04
    epoch 2: loss 1.5571, val_ap 0.2993, minutes 1.64, lr 6.60e-04
    epoch 3: loss 1.4103, val_ap 0.3825, minutes 2.49, lr 9.89e-04
    epoch 4: loss 1.3418, val_ap 0.3971, minutes 3.37, lr 1.00e-03
    epoch 5: loss 1.3155, val_ap 0.4040, minutes 4.25, lr 1.00e-03
    epoch 6: loss 1.2961, val_ap 0.4141, minutes 5.08, lr 1.00e-03
    epoch 7: loss 1.2803, val_ap 0.4164, minutes 5.9, lr 1.00e-03
    epoch 8: loss 1.2798, val_ap 0.4133, minutes 6.75, lr 1.00e-03
    epoch 9: loss 1.2726, val_ap 0.4223, minutes 7.57, lr 1.00e-03
    epoch 10: loss 1.2653, val_ap 0.4219, minutes 8.36, lr 1.00e-03
    epoch 11: loss 1.2541, val_ap 0.4209, minutes 9.2, lr 1.00e-03
    epoch 12: loss 1.2469, val_ap 0.4314, minutes 10.04, lr 1.00e-03
    epoch 13: loss 1.2459, val_ap 0.4297, minutes 10.87, lr 1.00e-03
    epoch 14: loss 1.2413, val_ap 0.4385, minutes 11.72, lr 1.00e-03
    epoch 15: loss 1.2391, val_ap 0.4384, minutes 12.58, lr 1.00e-03
    epoch 16: loss 1.2276, val_ap 0.4393, minutes 13.44, lr 1.00e-03
    epoch 17: loss 1.2370, val_ap 0.4379, minutes 14.25, lr 1.00e-03
    epoch 18: loss 1.2234, val_ap 0.4468, minutes 15.09, lr 1.00e-03
    epoch 19: loss 1.2244, val_ap 0.4491, minutes 15.92, lr 1.00e-03
    epoch 20: loss 1.2214, val_ap 0.4509, minutes 16.69, lr 1.00e-03
    epoch 21: loss 1.2131, val_ap 0.4579, minutes 17.48, lr 1.00e-03
    epoch 22: loss 1.2179, val_ap 0.4506, minutes 18.34, lr 1.00e-03
    epoch 23: loss 1.2127, val_ap 0.4559, minutes 19.13, lr 1.00e-03
    epoch 24: loss 1.2010, val_ap 0.4608, minutes 19.91, lr 1.00e-03
    epoch 25: loss 1.2015, val_ap 0.4581, minutes 20.71, lr 1.00e-03
    epoch 26: loss 1.2041, val_ap 0.4578, minutes 21.55, lr 1.00e-03
    epoch 27: loss 1.2032, val_ap 0.4648, minutes 22.4, lr 1.00e-03
    epoch 28: loss 1.1965, val_ap 0.4664, minutes 23.19, lr 1.00e-03
    epoch 29: loss 1.1928, val_ap 0.4663, minutes 23.99, lr 1.00e-03
    epoch 30: loss 1.2003, val_ap 0.4676, minutes 24.79, lr 1.00e-03
    epoch 31: loss 1.1858, val_ap 0.4651, minutes 25.59, lr 1.00e-03
    epoch 32: loss 1.1792, val_ap 0.4648, minutes 26.43, lr 1.00e-03
    epoch 33: loss 1.1812, val_ap 0.4704, minutes 27.24, lr 1.00e-03
    epoch 34: loss 1.1850, val_ap 0.4682, minutes 28.08, lr 1.00e-03
    epoch 35: loss 1.1858, val_ap 0.4707, minutes 28.86, lr 1.00e-03
    epoch 36: loss 1.1746, val_ap 0.4701, minutes 29.67, lr 1.00e-03
    epoch 37: loss 1.1677, val_ap 0.4726, minutes 30.48, lr 1.00e-03
    epoch 38: loss 1.1692, val_ap 0.4702, minutes 31.25, lr 1.00e-03
    epoch 39: loss 1.1782, val_ap 0.4667, minutes 32.05, lr 1.00e-03
    epoch 40: loss 1.1651, val_ap 0.4719, minutes 32.81, lr 1.00e-03
    epoch 41: loss 1.1651, val_ap 0.4744, minutes 33.59, lr 1.00e-03
    epoch 42: loss 1.1557, val_ap 0.4792, minutes 34.34, lr 1.00e-03
    epoch 43: loss 1.1548, val_ap 0.4729, minutes 35.18, lr 1.00e-03
    epoch 44: loss 1.1549, val_ap 0.4721, minutes 35.99, lr 1.00e-03
    epoch 45: loss 1.1587, val_ap 0.4724, minutes 36.83, lr 1.00e-03
    epoch 46: loss 1.1531, val_ap 0.4697, minutes 37.67, lr 1.00e-03
    epoch 47: loss 1.1568, val_ap 0.4759, minutes 38.49, lr 1.00e-03
    epoch 48: loss 1.1565, val_ap 0.4693, minutes 39.31, lr 1.00e-03
    epoch 49: loss 1.1494, val_ap 0.4764, minutes 40.06, lr 1.00e-03
    epoch 50: loss 1.1479, val_ap 0.4714, minutes 40.8, lr 1.00e-03
    epoch 51: loss 1.1449, val_ap 0.4787, minutes 41.59, lr 5.00e-04
    epoch 52: loss 1.1286, val_ap 0.4749, minutes 42.35, lr 5.00e-04
    epoch 53: loss 1.1197, val_ap 0.4732, minutes 43.14, lr 5.00e-04
    epoch 54: loss 1.1219, val_ap 0.4714, minutes 43.91, lr 5.00e-04
    epoch 55: loss 1.1198, val_ap 0.4696, minutes 44.66, lr 5.00e-04
    epoch 56: loss 1.1245, val_ap 0.4657, minutes 45.4, lr 5.00e-04
    epoch 57: loss 1.1177, val_ap 0.4716, minutes 46.16, lr 5.00e-04
    epoch 58: loss 1.1170, val_ap 0.4723, minutes 46.91, lr 5.00e-04
    epoch 59: loss 1.1157, val_ap 0.4694, minutes 47.6, lr 5.00e-04
    epoch 60: loss 1.1164, val_ap 0.4671, minutes 48.3, lr 2.50e-04
    epoch 61: loss 1.1065, val_ap 0.4700, minutes 49.04, lr 2.50e-04
    epoch 62: loss 1.1040, val_ap 0.4701, minutes 49.77, lr 2.50e-04
    epoch 63: loss 1.1032, val_ap 0.4649, minutes 50.44, lr 2.50e-04
    epoch 64: loss 1.1011, val_ap 0.4673, minutes 51.17, lr 2.50e-04
    epoch 65: loss 1.1050, val_ap 0.4671, minutes 51.88, lr 2.50e-04
    epoch 66: loss 1.1013, val_ap 0.4696, minutes 52.57, lr 2.50e-04
    epoch 67: loss 1.1018, val_ap 0.4684, minutes 53.26, lr 2.50e-04
    stopping: no validation gain in 25 epochs
[scalar_drop pooled_both fold 0 seed 1] done (53.9 min)
