loaded: dataset0 121,838 sites, data1 90,452
[h2gcn pooled_both fold 3 seed 2]
    epoch 1: loss 1.2528, val_ap 0.1595, minutes 1.0, lr 3.31e-04
    epoch 2: loss 1.0158, val_ap 0.3046, minutes 1.89, lr 6.60e-04
    epoch 3: loss 0.9222, val_ap 0.4081, minutes 2.76, lr 9.89e-04
    epoch 4: loss 0.8452, val_ap 0.4423, minutes 3.61, lr 1.00e-03
    epoch 5: loss 0.7955, val_ap 0.4565, minutes 4.41, lr 1.00e-03
    epoch 6: loss 0.7756, val_ap 0.4614, minutes 5.14, lr 1.00e-03
    epoch 7: loss 0.7842, val_ap 0.4624, minutes 5.97, lr 1.00e-03
    epoch 8: loss 0.7604, val_ap 0.4662, minutes 6.74, lr 1.00e-03
    epoch 9: loss 0.7529, val_ap 0.4705, minutes 7.39, lr 1.00e-03
    epoch 10: loss 0.7474, val_ap 0.4666, minutes 8.05, lr 1.00e-03
    epoch 11: loss 0.7366, val_ap 0.4763, minutes 8.75, lr 1.00e-03
    epoch 12: loss 0.7369, val_ap 0.4762, minutes 9.44, lr 1.00e-03
    epoch 13: loss 0.7297, val_ap 0.4765, minutes 10.16, lr 1.00e-03
    epoch 14: loss 0.7290, val_ap 0.4831, minutes 10.91, lr 1.00e-03
    epoch 15: loss 0.7271, val_ap 0.4864, minutes 11.64, lr 1.00e-03
    epoch 16: loss 0.7228, val_ap 0.4858, minutes 12.36, lr 1.00e-03
    epoch 17: loss 0.7298, val_ap 0.4911, minutes 13.07, lr 1.00e-03
    epoch 18: loss 0.7140, val_ap 0.4890, minutes 13.74, lr 1.00e-03
    epoch 19: loss 0.7190, val_ap 0.4968, minutes 14.39, lr 1.00e-03
    epoch 20: loss 0.7079, val_ap 0.4933, minutes 15.07, lr 1.00e-03
    epoch 21: loss 0.7050, val_ap 0.4938, minutes 15.78, lr 1.00e-03
    epoch 22: loss 0.7112, val_ap 0.4895, minutes 16.51, lr 1.00e-03
    epoch 23: loss 0.7066, val_ap 0.4939, minutes 17.25, lr 1.00e-03
    epoch 24: loss 0.6916, val_ap 0.4852, minutes 17.97, lr 1.00e-03
    epoch 25: loss 0.7032, val_ap 0.4962, minutes 18.67, lr 1.00e-03
    epoch 26: loss 0.6958, val_ap 0.4952, minutes 19.31, lr 1.00e-03
    epoch 27: loss 0.6907, val_ap 0.4985, minutes 20.01, lr 1.00e-03
    epoch 28: loss 0.6834, val_ap 0.4974, minutes 20.71, lr 1.00e-03
    epoch 29: loss 0.6815, val_ap 0.4926, minutes 21.39, lr 1.00e-03
    epoch 30: loss 0.6851, val_ap 0.4952, minutes 22.08, lr 1.00e-03
    epoch 31: loss 0.6798, val_ap 0.4934, minutes 22.81, lr 1.00e-03
    epoch 32: loss 0.6711, val_ap 0.4905, minutes 23.55, lr 1.00e-03
    epoch 33: loss 0.6714, val_ap 0.4900, minutes 24.27, lr 1.00e-03
    epoch 34: loss 0.6644, val_ap 0.4972, minutes 24.95, lr 1.00e-03
    epoch 35: loss 0.6588, val_ap 0.4925, minutes 25.67, lr 1.00e-03
    epoch 36: loss 0.6660, val_ap 0.4985, minutes 26.38, lr 5.00e-04
    epoch 37: loss 0.6449, val_ap 0.4925, minutes 27.05, lr 5.00e-04
    epoch 38: loss 0.6363, val_ap 0.4918, minutes 27.76, lr 5.00e-04
    epoch 39: loss 0.6402, val_ap 0.4858, minutes 28.48, lr 5.00e-04
    epoch 40: loss 0.6343, val_ap 0.4771, minutes 29.18, lr 5.00e-04
    epoch 41: loss 0.6317, val_ap 0.4789, minutes 29.9, lr 5.00e-04
    epoch 42: loss 0.6338, val_ap 0.4837, minutes 30.6, lr 5.00e-04
    epoch 43: loss 0.6301, val_ap 0.4858, minutes 31.22, lr 5.00e-04
    epoch 44: loss 0.6205, val_ap 0.4746, minutes 31.93, lr 5.00e-04
    epoch 45: loss 0.6217, val_ap 0.4833, minutes 32.6, lr 2.50e-04
    epoch 46: loss 0.6064, val_ap 0.4735, minutes 33.29, lr 2.50e-04
    epoch 47: loss 0.6088, val_ap 0.4837, minutes 34.04, lr 2.50e-04
    epoch 48: loss 0.6087, val_ap 0.4743, minutes 34.8, lr 2.50e-04
    epoch 49: loss 0.6046, val_ap 0.4775, minutes 35.43, lr 2.50e-04
    epoch 50: loss 0.6001, val_ap 0.4707, minutes 36.06, lr 2.50e-04
    epoch 51: loss 0.6001, val_ap 0.4683, minutes 36.63, lr 2.50e-04
    epoch 52: loss 0.5957, val_ap 0.4739, minutes 37.14, lr 2.50e-04
    stopping: no validation gain in 25 epochs
[h2gcn pooled_both fold 3 seed 2] done (37.7 min)
