loaded: dataset0 121,838 sites, data1 90,452
[h2gcn pooled_both fold 4]
    epoch 1: loss 1.2500, val_ap 0.1629, minutes 0.84, lr 3.31e-04
    epoch 2: loss 1.0178, val_ap 0.3333, minutes 1.72, lr 6.60e-04
    epoch 3: loss 0.9037, val_ap 0.4388, minutes 2.59, lr 9.89e-04
    epoch 4: loss 0.8480, val_ap 0.4575, minutes 3.46, lr 1.00e-03
    epoch 5: loss 0.8093, val_ap 0.4723, minutes 4.38, lr 1.00e-03
    epoch 6: loss 0.8001, val_ap 0.4776, minutes 5.32, lr 1.00e-03
    epoch 7: loss 0.7794, val_ap 0.4621, minutes 6.19, lr 1.00e-03
    epoch 8: loss 0.7751, val_ap 0.4692, minutes 7.1, lr 1.00e-03
    epoch 9: loss 0.7771, val_ap 0.4824, minutes 7.99, lr 1.00e-03
    epoch 10: loss 0.7560, val_ap 0.4782, minutes 8.9, lr 1.00e-03
    epoch 11: loss 0.7555, val_ap 0.4816, minutes 9.73, lr 1.00e-03
    epoch 12: loss 0.7490, val_ap 0.4711, minutes 10.64, lr 1.00e-03
    epoch 13: loss 0.7450, val_ap 0.4778, minutes 11.57, lr 1.00e-03
    epoch 14: loss 0.7438, val_ap 0.4840, minutes 12.48, lr 1.00e-03
    epoch 15: loss 0.7411, val_ap 0.4861, minutes 13.32, lr 1.00e-03
    epoch 16: loss 0.7317, val_ap 0.4843, minutes 14.19, lr 1.00e-03
    epoch 17: loss 0.7376, val_ap 0.4836, minutes 15.07, lr 1.00e-03
    epoch 18: loss 0.7278, val_ap 0.4844, minutes 15.97, lr 1.00e-03
    epoch 19: loss 0.7250, val_ap 0.4908, minutes 16.85, lr 1.00e-03
    epoch 20: loss 0.7229, val_ap 0.4871, minutes 17.75, lr 1.00e-03
    epoch 21: loss 0.7123, val_ap 0.4886, minutes 18.61, lr 1.00e-03
    epoch 22: loss 0.7088, val_ap 0.4968, minutes 19.49, lr 1.00e-03
    epoch 23: loss 0.7110, val_ap 0.4907, minutes 20.4, lr 1.00e-03
    epoch 24: loss 0.7112, val_ap 0.4933, minutes 21.3, lr 1.00e-03
    epoch 25: loss 0.7022, val_ap 0.4923, minutes 22.23, lr 1.00e-03
    epoch 26: loss 0.7076, val_ap 0.4975, minutes 23.07, lr 1.00e-03
    epoch 27: loss 0.6927, val_ap 0.4987, minutes 23.95, lr 1.00e-03
    epoch 28: loss 0.6874, val_ap 0.4989, minutes 24.79, lr 1.00e-03
    epoch 29: loss 0.6864, val_ap 0.4988, minutes 25.68, lr 1.00e-03
    epoch 30: loss 0.6856, val_ap 0.4977, minutes 26.54, lr 1.00e-03
    epoch 31: loss 0.6832, val_ap 0.4949, minutes 27.38, lr 1.00e-03
    epoch 32: loss 0.6838, val_ap 0.4952, minutes 28.28, lr 1.00e-03
    epoch 33: loss 0.6789, val_ap 0.4861, minutes 29.17, lr 1.00e-03
    epoch 34: loss 0.6678, val_ap 0.4993, minutes 30.02, lr 1.00e-03
    epoch 35: loss 0.6654, val_ap 0.4869, minutes 30.92, lr 1.00e-03
    epoch 36: loss 0.6604, val_ap 0.4959, minutes 31.81, lr 1.00e-03
    epoch 37: loss 0.6527, val_ap 0.4979, minutes 32.64, lr 1.00e-03
    epoch 38: loss 0.6509, val_ap 0.4929, minutes 33.51, lr 1.00e-03
    epoch 39: loss 0.6534, val_ap 0.4965, minutes 34.38, lr 1.00e-03
    epoch 40: loss 0.6353, val_ap 0.4890, minutes 35.26, lr 1.00e-03
    epoch 41: loss 0.6425, val_ap 0.4939, minutes 36.11, lr 1.00e-03
    epoch 42: loss 0.6413, val_ap 0.4984, minutes 36.96, lr 1.00e-03
    epoch 43: loss 0.6288, val_ap 0.4994, minutes 37.85, lr 1.00e-03
    epoch 44: loss 0.6226, val_ap 0.4918, minutes 38.71, lr 1.00e-03
    epoch 45: loss 0.6234, val_ap 0.4966, minutes 39.54, lr 1.00e-03
    epoch 46: loss 0.6166, val_ap 0.4919, minutes 40.39, lr 1.00e-03
    epoch 47: loss 0.6153, val_ap 0.4974, minutes 41.23, lr 1.00e-03
    epoch 48: loss 0.6100, val_ap 0.4910, minutes 42.08, lr 1.00e-03
    epoch 49: loss 0.6163, val_ap 0.5010, minutes 42.91, lr 1.00e-03
    epoch 50: loss 0.6024, val_ap 0.5001, minutes 43.76, lr 1.00e-03
    epoch 51: loss 0.5958, val_ap 0.4947, minutes 44.62, lr 1.00e-03
    epoch 52: loss 0.5963, val_ap 0.5029, minutes 45.48, lr 1.00e-03
    epoch 53: loss 0.5931, val_ap 0.5030, minutes 46.28, lr 1.00e-03
    epoch 54: loss 0.5886, val_ap 0.4915, minutes 47.11, lr 1.00e-03
    epoch 55: loss 0.5807, val_ap 0.4860, minutes 47.97, lr 1.00e-03
    epoch 56: loss 0.5754, val_ap 0.4991, minutes 48.82, lr 1.00e-03
    epoch 57: loss 0.5671, val_ap 0.5076, minutes 49.62, lr 1.00e-03
    epoch 58: loss 0.5793, val_ap 0.5094, minutes 50.46, lr 1.00e-03
    epoch 59: loss 0.5722, val_ap 0.5011, minutes 51.23, lr 1.00e-03
    epoch 60: loss 0.5602, val_ap 0.5070, minutes 52.06, lr 1.00e-03
    epoch 61: loss 0.5546, val_ap 0.4902, minutes 52.88, lr 1.00e-03
    epoch 62: loss 0.5533, val_ap 0.5068, minutes 53.72, lr 1.00e-03
    epoch 63: loss 0.5457, val_ap 0.5023, minutes 54.54, lr 1.00e-03
    epoch 64: loss 0.5433, val_ap 0.4819, minutes 55.37, lr 1.00e-03
    epoch 65: loss 0.5460, val_ap 0.4986, minutes 56.17, lr 1.00e-03
    epoch 66: loss 0.5277, val_ap 0.4838, minutes 57.0, lr 1.00e-03
    epoch 67: loss 0.5327, val_ap 0.5060, minutes 57.81, lr 5.00e-04
    epoch 68: loss 0.5064, val_ap 0.5192, minutes 58.67, lr 5.00e-04
    epoch 69: loss 0.5007, val_ap 0.5111, minutes 59.47, lr 5.00e-04
    epoch 70: loss 0.4971, val_ap 0.5086, minutes 60.33, lr 5.00e-04
    epoch 71: loss 0.4956, val_ap 0.5020, minutes 61.19, lr 5.00e-04
    epoch 72: loss 0.4896, val_ap 0.5143, minutes 62.05, lr 5.00e-04
    epoch 73: loss 0.4901, val_ap 0.5003, minutes 62.92, lr 5.00e-04
    epoch 74: loss 0.4831, val_ap 0.5048, minutes 63.76, lr 5.00e-04
    epoch 75: loss 0.4846, val_ap 0.5048, minutes 64.61, lr 5.00e-04
    epoch 76: loss 0.4814, val_ap 0.5035, minutes 65.48, lr 5.00e-04
    epoch 77: loss 0.4786, val_ap 0.5041, minutes 66.34, lr 2.50e-04
    epoch 78: loss 0.4642, val_ap 0.5075, minutes 67.2, lr 2.50e-04
    epoch 79: loss 0.4561, val_ap 0.5056, minutes 68.04, lr 2.50e-04
    epoch 80: loss 0.4521, val_ap 0.5000, minutes 68.9, lr 2.50e-04
    epoch 81: loss 0.4520, val_ap 0.5053, minutes 69.76, lr 2.50e-04
    epoch 82: loss 0.4565, val_ap 0.5047, minutes 70.6, lr 2.50e-04
    epoch 83: loss 0.4516, val_ap 0.4984, minutes 71.48, lr 2.50e-04
    epoch 84: loss 0.4468, val_ap 0.4991, minutes 72.34, lr 2.50e-04
    epoch 85: loss 0.4443, val_ap 0.4975, minutes 73.21, lr 2.50e-04
    epoch 86: loss 0.4463, val_ap 0.5036, minutes 74.05, lr 1.25e-04
    epoch 87: loss 0.4391, val_ap 0.4914, minutes 74.93, lr 1.25e-04
    epoch 88: loss 0.4376, val_ap 0.4958, minutes 75.77, lr 1.25e-04
    epoch 89: loss 0.4333, val_ap 0.4986, minutes 76.62, lr 1.25e-04
    epoch 90: loss 0.4341, val_ap 0.4950, minutes 77.44, lr 1.25e-04
    epoch 91: loss 0.4329, val_ap 0.5000, minutes 78.29, lr 1.25e-04
    epoch 92: loss 0.4307, val_ap 0.4966, minutes 79.12, lr 1.25e-04
    epoch 93: loss 0.4324, val_ap 0.5019, minutes 79.93, lr 1.25e-04
    stopping: no validation gain in 25 epochs
[h2gcn pooled_both fold 4] done (80.6 min)
