loaded: dataset0 121,838 sites, data1 90,452
[scalar_random pooled_both fold 0]
    kernel decay scale 118.2 nt (fitted to cell line 1 training labels)
    epoch 1: loss 1.9287, val_ap 0.1560, minutes 0.82, lr 3.31e-04
    epoch 2: loss 1.5612, val_ap 0.2865, minutes 1.68, lr 6.60e-04
    epoch 3: loss 1.4286, val_ap 0.3595, minutes 2.58, lr 9.89e-04
    epoch 4: loss 1.3532, val_ap 0.3775, minutes 3.47, lr 1.00e-03
    epoch 5: loss 1.3296, val_ap 0.3918, minutes 4.28, lr 1.00e-03
    epoch 6: loss 1.3138, val_ap 0.3984, minutes 5.15, lr 1.00e-03
    epoch 7: loss 1.2973, val_ap 0.4036, minutes 6.03, lr 1.00e-03
    epoch 8: loss 1.2968, val_ap 0.4025, minutes 6.83, lr 1.00e-03
    epoch 9: loss 1.2922, val_ap 0.4027, minutes 7.68, lr 1.00e-03
    epoch 10: loss 1.2885, val_ap 0.4124, minutes 8.54, lr 1.00e-03
    epoch 11: loss 1.2729, val_ap 0.4191, minutes 9.41, lr 1.00e-03
    epoch 12: loss 1.2715, val_ap 0.4180, minutes 10.28, lr 1.00e-03
    epoch 13: loss 1.2683, val_ap 0.4104, minutes 11.14, lr 1.00e-03
    epoch 14: loss 1.2616, val_ap 0.4202, minutes 12.01, lr 1.00e-03
    epoch 15: loss 1.2578, val_ap 0.4107, minutes 12.91, lr 1.00e-03
    epoch 16: loss 1.2592, val_ap 0.4195, minutes 13.76, lr 1.00e-03
    epoch 17: loss 1.2470, val_ap 0.4226, minutes 14.61, lr 1.00e-03
    epoch 18: loss 1.2435, val_ap 0.4233, minutes 15.44, lr 1.00e-03
    epoch 19: loss 1.2438, val_ap 0.4208, minutes 16.27, lr 1.00e-03
    epoch 20: loss 1.2432, val_ap 0.4271, minutes 17.12, lr 1.00e-03
    epoch 21: loss 1.2269, val_ap 0.4227, minutes 18.0, lr 1.00e-03
    epoch 22: loss 1.2303, val_ap 0.4319, minutes 18.81, lr 1.00e-03
    epoch 23: loss 1.2409, val_ap 0.4278, minutes 19.6, lr 1.00e-03
    epoch 24: loss 1.2304, val_ap 0.4333, minutes 20.43, lr 1.00e-03
    epoch 25: loss 1.2225, val_ap 0.4372, minutes 21.24, lr 1.00e-03
    epoch 26: loss 1.2155, val_ap 0.4256, minutes 22.04, lr 1.00e-03
    epoch 27: loss 1.2117, val_ap 0.4376, minutes 22.88, lr 1.00e-03
    epoch 28: loss 1.2058, val_ap 0.4275, minutes 23.66, lr 1.00e-03
    epoch 29: loss 1.2093, val_ap 0.4382, minutes 24.49, lr 1.00e-03
    epoch 30: loss 1.2068, val_ap 0.4406, minutes 25.32, lr 1.00e-03
    epoch 31: loss 1.2193, val_ap 0.4326, minutes 26.14, lr 1.00e-03
    epoch 32: loss 1.2068, val_ap 0.4393, minutes 27.03, lr 1.00e-03
    epoch 33: loss 1.2061, val_ap 0.4395, minutes 27.92, lr 1.00e-03
    epoch 34: loss 1.2057, val_ap 0.4376, minutes 28.81, lr 1.00e-03
    epoch 35: loss 1.1947, val_ap 0.4400, minutes 29.58, lr 1.00e-03
    epoch 36: loss 1.1981, val_ap 0.4423, minutes 30.43, lr 1.00e-03
    epoch 37: loss 1.1810, val_ap 0.4382, minutes 31.26, lr 1.00e-03
    epoch 38: loss 1.1898, val_ap 0.4420, minutes 32.08, lr 1.00e-03
    epoch 39: loss 1.1947, val_ap 0.4435, minutes 32.91, lr 1.00e-03
    epoch 40: loss 1.1718, val_ap 0.4398, minutes 33.75, lr 1.00e-03
    epoch 41: loss 1.1804, val_ap 0.4406, minutes 34.56, lr 1.00e-03
    epoch 42: loss 1.1681, val_ap 0.4427, minutes 35.36, lr 1.00e-03
    epoch 43: loss 1.1785, val_ap 0.4436, minutes 36.2, lr 1.00e-03
    epoch 44: loss 1.1770, val_ap 0.4407, minutes 36.94, lr 1.00e-03
    epoch 45: loss 1.1645, val_ap 0.4419, minutes 37.72, lr 1.00e-03
    epoch 46: loss 1.1714, val_ap 0.4453, minutes 38.49, lr 1.00e-03
    epoch 47: loss 1.1663, val_ap 0.4488, minutes 39.24, lr 1.00e-03
    epoch 48: loss 1.1537, val_ap 0.4418, minutes 39.92, lr 1.00e-03
    epoch 49: loss 1.1647, val_ap 0.4383, minutes 40.65, lr 1.00e-03
    epoch 50: loss 1.1623, val_ap 0.4406, minutes 41.29, lr 1.00e-03
    epoch 51: loss 1.1530, val_ap 0.4344, minutes 41.96, lr 1.00e-03
    epoch 52: loss 1.1507, val_ap 0.4442, minutes 42.59, lr 1.00e-03
    epoch 53: loss 1.1548, val_ap 0.4395, minutes 43.24, lr 1.00e-03
    epoch 54: loss 1.1545, val_ap 0.4444, minutes 43.9, lr 1.00e-03
    epoch 55: loss 1.1480, val_ap 0.4443, minutes 44.51, lr 1.00e-03
    epoch 56: loss 1.1494, val_ap 0.4381, minutes 45.18, lr 5.00e-04
    epoch 57: loss 1.1269, val_ap 0.4416, minutes 45.86, lr 5.00e-04
    epoch 58: loss 1.1315, val_ap 0.4426, minutes 46.47, lr 5.00e-04
    epoch 59: loss 1.1180, val_ap 0.4427, minutes 47.04, lr 5.00e-04
    epoch 60: loss 1.1241, val_ap 0.4426, minutes 47.6, lr 5.00e-04
    epoch 61: loss 1.1193, val_ap 0.4417, minutes 48.14, lr 5.00e-04
    epoch 62: loss 1.1226, val_ap 0.4374, minutes 48.72, lr 5.00e-04
    epoch 63: loss 1.1127, val_ap 0.4376, minutes 49.25, lr 5.00e-04
    epoch 64: loss 1.1165, val_ap 0.4413, minutes 49.74, lr 5.00e-04
    epoch 65: loss 1.1189, val_ap 0.4392, minutes 50.25, lr 2.50e-04
    epoch 66: loss 1.1058, val_ap 0.4375, minutes 50.76, lr 2.50e-04
    epoch 67: loss 1.1031, val_ap 0.4397, minutes 51.27, lr 2.50e-04
    epoch 68: loss 1.1002, val_ap 0.4398, minutes 51.76, lr 2.50e-04
    epoch 69: loss 1.1007, val_ap 0.4377, minutes 52.26, lr 2.50e-04
    epoch 70: loss 1.1081, val_ap 0.4380, minutes 52.74, lr 2.50e-04
    epoch 71: loss 1.1070, val_ap 0.4390, minutes 53.22, lr 2.50e-04
    epoch 72: loss 1.0980, val_ap 0.4392, minutes 53.71, lr 2.50e-04
    stopping: no validation gain in 25 epochs
[scalar_random pooled_both fold 0] done (54.2 min)
