loaded: dataset0 121,838 sites, data1 90,452
[fk_kernel pooled_both fold 3]
    kernel decay scale 113.4 nt (fitted to cell line 1 training labels)
    epoch 1: loss 1.8933, val_ap 0.1488, minutes 1.02, lr 3.31e-04
    epoch 2: loss 1.5595, val_ap 0.2755, minutes 1.98, lr 6.60e-04
    epoch 3: loss 1.4178, val_ap 0.3992, minutes 2.99, lr 9.89e-04
    epoch 4: loss 1.2987, val_ap 0.4454, minutes 3.93, lr 1.00e-03
    epoch 5: loss 1.2415, val_ap 0.4583, minutes 4.94, lr 1.00e-03
    epoch 6: loss 1.2196, val_ap 0.4651, minutes 5.97, lr 1.00e-03
    epoch 7: loss 1.2051, val_ap 0.4631, minutes 6.99, lr 1.00e-03
    epoch 8: loss 1.2012, val_ap 0.4722, minutes 7.92, lr 1.00e-03
    epoch 9: loss 1.1862, val_ap 0.4786, minutes 8.87, lr 1.00e-03
    epoch 10: loss 1.1823, val_ap 0.4801, minutes 9.85, lr 1.00e-03
    epoch 11: loss 1.1775, val_ap 0.4761, minutes 10.8, lr 1.00e-03
    epoch 12: loss 1.1751, val_ap 0.4850, minutes 11.74, lr 1.00e-03
    epoch 13: loss 1.1708, val_ap 0.4883, minutes 12.71, lr 1.00e-03
    epoch 14: loss 1.1643, val_ap 0.4884, minutes 13.68, lr 1.00e-03
    epoch 15: loss 1.1559, val_ap 0.4912, minutes 14.76, lr 1.00e-03
    epoch 16: loss 1.1503, val_ap 0.4976, minutes 15.72, lr 1.00e-03
    epoch 17: loss 1.1558, val_ap 0.4956, minutes 16.66, lr 1.00e-03
    epoch 18: loss 1.1519, val_ap 0.4997, minutes 17.6, lr 1.00e-03
    epoch 19: loss 1.1487, val_ap 0.4991, minutes 18.52, lr 1.00e-03
    epoch 20: loss 1.1390, val_ap 0.4966, minutes 19.49, lr 1.00e-03
    epoch 21: loss 1.1349, val_ap 0.4996, minutes 20.44, lr 1.00e-03
    epoch 22: loss 1.1393, val_ap 0.5010, minutes 21.41, lr 1.00e-03
    epoch 23: loss 1.1389, val_ap 0.5079, minutes 22.35, lr 1.00e-03
    epoch 24: loss 1.1177, val_ap 0.5050, minutes 23.29, lr 1.00e-03
    epoch 25: loss 1.1194, val_ap 0.5039, minutes 24.17, lr 1.00e-03
    epoch 26: loss 1.1240, val_ap 0.5026, minutes 25.07, lr 1.00e-03
    epoch 27: loss 1.1194, val_ap 0.5065, minutes 25.96, lr 1.00e-03
    epoch 28: loss 1.1089, val_ap 0.5084, minutes 26.85, lr 1.00e-03
    epoch 29: loss 1.1102, val_ap 0.4991, minutes 27.9, lr 1.00e-03
    epoch 30: loss 1.1059, val_ap 0.5072, minutes 28.96, lr 1.00e-03
    epoch 31: loss 1.1071, val_ap 0.5037, minutes 30.0, lr 1.00e-03
    epoch 32: loss 1.1040, val_ap 0.5083, minutes 31.01, lr 1.00e-03
    epoch 33: loss 1.0865, val_ap 0.5015, minutes 32.04, lr 1.00e-03
    epoch 34: loss 1.0845, val_ap 0.4978, minutes 33.05, lr 1.00e-03
    epoch 35: loss 1.0788, val_ap 0.5075, minutes 34.05, lr 1.00e-03
    epoch 36: loss 1.0772, val_ap 0.5134, minutes 35.11, lr 1.00e-03
    epoch 37: loss 1.0770, val_ap 0.5102, minutes 36.14, lr 1.00e-03
    epoch 38: loss 1.0664, val_ap 0.5057, minutes 37.21, lr 1.00e-03
    epoch 39: loss 1.0747, val_ap 0.5072, minutes 38.27, lr 1.00e-03
    epoch 40: loss 1.0760, val_ap 0.5139, minutes 39.32, lr 1.00e-03
    epoch 41: loss 1.0643, val_ap 0.5118, minutes 40.28, lr 1.00e-03
    epoch 42: loss 1.0623, val_ap 0.5144, minutes 41.17, lr 1.00e-03
    epoch 43: loss 1.0538, val_ap 0.5142, minutes 42.06, lr 1.00e-03
    epoch 44: loss 1.0576, val_ap 0.5016, minutes 42.93, lr 1.00e-03
    epoch 45: loss 1.0417, val_ap 0.5087, minutes 43.8, lr 1.00e-03
    epoch 46: loss 1.0442, val_ap 0.5079, minutes 44.72, lr 1.00e-03
    epoch 47: loss 1.0486, val_ap 0.5088, minutes 45.62, lr 1.00e-03
    epoch 48: loss 1.0326, val_ap 0.5024, minutes 46.51, lr 1.00e-03
    epoch 49: loss 1.0346, val_ap 0.4863, minutes 47.43, lr 1.00e-03
    epoch 50: loss 1.0326, val_ap 0.5081, minutes 48.35, lr 1.00e-03
    epoch 51: loss 1.0261, val_ap 0.5090, minutes 49.24, lr 5.00e-04
    epoch 52: loss 1.0084, val_ap 0.5045, minutes 50.14, lr 5.00e-04
    epoch 53: loss 1.0003, val_ap 0.5000, minutes 51.02, lr 5.00e-04
    epoch 54: loss 0.9987, val_ap 0.5059, minutes 51.91, lr 5.00e-04
    epoch 55: loss 0.9980, val_ap 0.5020, minutes 52.83, lr 5.00e-04
    epoch 56: loss 0.9975, val_ap 0.4969, minutes 53.74, lr 5.00e-04
    epoch 57: loss 0.9996, val_ap 0.4912, minutes 54.65, lr 5.00e-04
    epoch 58: loss 0.9915, val_ap 0.5033, minutes 55.57, lr 5.00e-04
    epoch 59: loss 0.9892, val_ap 0.4908, minutes 56.48, lr 5.00e-04
    epoch 60: loss 0.9893, val_ap 0.4965, minutes 57.28, lr 2.50e-04
    epoch 61: loss 0.9773, val_ap 0.4915, minutes 58.01, lr 2.50e-04
    epoch 62: loss 0.9691, val_ap 0.4886, minutes 58.74, lr 2.50e-04
    epoch 63: loss 0.9672, val_ap 0.4961, minutes 59.46, lr 2.50e-04
    epoch 64: loss 0.9669, val_ap 0.4930, minutes 60.19, lr 2.50e-04
    epoch 65: loss 0.9634, val_ap 0.4919, minutes 60.92, lr 2.50e-04
    epoch 66: loss 0.9653, val_ap 0.4887, minutes 61.67, lr 2.50e-04
    epoch 67: loss 0.9598, val_ap 0.4847, minutes 62.47, lr 2.50e-04
    stopping: no validation gain in 25 epochs
[fk_kernel pooled_both fold 3] done (63.1 min)
