loaded: dataset0 121,838 sites, data1 90,452
[h2gcn_aux_r400 dataset0 fold 3 seed 2]
    epoch 1: loss 1.9714, val_ap 0.1470, minutes 0.52, lr 3.33e-04
    epoch 2: loss 1.5825, val_ap 0.2548, minutes 1.03, lr 6.63e-04
    epoch 3: loss 1.3689, val_ap 0.3671, minutes 1.54, lr 9.92e-04
    epoch 4: loss 1.2289, val_ap 0.4769, minutes 2.03, lr 1.00e-03
    epoch 5: loss 1.1326, val_ap 0.5061, minutes 2.53, lr 1.00e-03
    epoch 6: loss 1.0612, val_ap 0.5223, minutes 3.0, lr 1.00e-03
    epoch 7: loss 1.0357, val_ap 0.5323, minutes 3.49, lr 1.00e-03
    epoch 8: loss 1.0122, val_ap 0.5499, minutes 3.97, lr 1.00e-03
    epoch 9: loss 0.9921, val_ap 0.5576, minutes 4.47, lr 1.00e-03
    epoch 10: loss 0.9721, val_ap 0.5762, minutes 4.97, lr 1.00e-03
    epoch 11: loss 0.9566, val_ap 0.5653, minutes 5.44, lr 1.00e-03
    epoch 12: loss 0.9455, val_ap 0.5771, minutes 5.93, lr 1.00e-03
    epoch 13: loss 0.9283, val_ap 0.5746, minutes 6.42, lr 1.00e-03
    epoch 14: loss 0.9244, val_ap 0.5861, minutes 6.89, lr 1.00e-03
    epoch 15: loss 0.9107, val_ap 0.5733, minutes 7.37, lr 1.00e-03
    epoch 16: loss 0.9112, val_ap 0.5879, minutes 7.86, lr 1.00e-03
    epoch 17: loss 0.9241, val_ap 0.5864, minutes 8.36, lr 1.00e-03
    epoch 18: loss 0.8933, val_ap 0.5857, minutes 8.86, lr 1.00e-03
    epoch 19: loss 0.8918, val_ap 0.5881, minutes 9.37, lr 1.00e-03
    epoch 20: loss 0.8883, val_ap 0.5995, minutes 9.86, lr 1.00e-03
    epoch 21: loss 0.8800, val_ap 0.5868, minutes 10.36, lr 1.00e-03
    epoch 22: loss 0.8777, val_ap 0.5954, minutes 10.86, lr 1.00e-03
    epoch 23: loss 0.8831, val_ap 0.6031, minutes 11.33, lr 1.00e-03
    epoch 24: loss 0.8641, val_ap 0.6060, minutes 11.84, lr 1.00e-03
    epoch 25: loss 0.8756, val_ap 0.5917, minutes 12.3, lr 1.00e-03
    epoch 26: loss 0.8542, val_ap 0.6128, minutes 12.79, lr 1.00e-03
    epoch 27: loss 0.8368, val_ap 0.6087, minutes 13.29, lr 1.00e-03
    epoch 28: loss 0.8704, val_ap 0.6071, minutes 13.75, lr 1.00e-03
    epoch 29: loss 0.8508, val_ap 0.6124, minutes 14.24, lr 1.00e-03
    epoch 30: loss 0.8430, val_ap 0.6195, minutes 14.72, lr 1.00e-03
    epoch 31: loss 0.8418, val_ap 0.6151, minutes 15.23, lr 1.00e-03
    epoch 32: loss 0.8225, val_ap 0.6214, minutes 15.71, lr 1.00e-03
    epoch 33: loss 0.8346, val_ap 0.6112, minutes 16.22, lr 1.00e-03
    epoch 34: loss 0.8185, val_ap 0.6226, minutes 16.72, lr 1.00e-03
    epoch 35: loss 0.8125, val_ap 0.6222, minutes 17.21, lr 1.00e-03
    epoch 36: loss 0.8355, val_ap 0.6196, minutes 17.7, lr 1.00e-03
    epoch 37: loss 0.8151, val_ap 0.6158, minutes 18.17, lr 1.00e-03
    epoch 38: loss 0.8195, val_ap 0.6323, minutes 18.66, lr 1.00e-03
    epoch 39: loss 0.8133, val_ap 0.6140, minutes 19.12, lr 1.00e-03
    epoch 40: loss 0.8017, val_ap 0.6217, minutes 19.6, lr 1.00e-03
    epoch 41: loss 0.7902, val_ap 0.6203, minutes 20.08, lr 1.00e-03
    epoch 42: loss 0.7976, val_ap 0.6205, minutes 20.58, lr 1.00e-03
    epoch 43: loss 0.7966, val_ap 0.6302, minutes 21.08, lr 1.00e-03
    epoch 44: loss 0.7971, val_ap 0.6262, minutes 21.57, lr 1.00e-03
    epoch 45: loss 0.7853, val_ap 0.6435, minutes 22.09, lr 1.00e-03
    epoch 46: loss 0.7785, val_ap 0.6434, minutes 22.57, lr 1.00e-03
    epoch 47: loss 0.7924, val_ap 0.6341, minutes 23.06, lr 1.00e-03
    epoch 48: loss 0.7839, val_ap 0.6375, minutes 23.57, lr 1.00e-03
    epoch 49: loss 0.7752, val_ap 0.6353, minutes 24.07, lr 1.00e-03
    epoch 50: loss 0.7890, val_ap 0.6299, minutes 24.55, lr 1.00e-03
    epoch 51: loss 0.7876, val_ap 0.6361, minutes 25.06, lr 1.00e-03
    epoch 52: loss 0.7967, val_ap 0.6420, minutes 25.55, lr 1.00e-03
    epoch 53: loss 0.7582, val_ap 0.6346, minutes 26.05, lr 1.00e-03
    epoch 54: loss 0.7619, val_ap 0.6480, minutes 26.53, lr 1.00e-03
    epoch 55: loss 0.7652, val_ap 0.6433, minutes 27.02, lr 1.00e-03
    epoch 56: loss 0.7562, val_ap 0.6372, minutes 27.49, lr 1.00e-03
    epoch 57: loss 0.7528, val_ap 0.6467, minutes 28.01, lr 1.00e-03
    epoch 58: loss 0.7752, val_ap 0.6234, minutes 28.5, lr 1.00e-03
    epoch 59: loss 0.7461, val_ap 0.6415, minutes 28.98, lr 1.00e-03
    epoch 60: loss 0.7504, val_ap 0.6509, minutes 29.47, lr 1.00e-03
    epoch 61: loss 0.7537, val_ap 0.6423, minutes 29.96, lr 1.00e-03
    epoch 62: loss 0.7446, val_ap 0.6437, minutes 30.45, lr 1.00e-03
    epoch 63: loss 0.7463, val_ap 0.6446, minutes 30.91, lr 1.00e-03
    epoch 64: loss 0.7363, val_ap 0.6449, minutes 31.39, lr 1.00e-03
    epoch 65: loss 0.7475, val_ap 0.6438, minutes 31.86, lr 1.00e-03
    epoch 66: loss 0.7478, val_ap 0.6478, minutes 32.35, lr 1.00e-03
    epoch 67: loss 0.7376, val_ap 0.6426, minutes 32.86, lr 1.00e-03
    epoch 68: loss 0.7480, val_ap 0.6378, minutes 33.36, lr 1.00e-03
    epoch 69: loss 0.7265, val_ap 0.6303, minutes 33.85, lr 5.00e-04
    epoch 70: loss 0.7075, val_ap 0.6427, minutes 34.34, lr 5.00e-04
    epoch 71: loss 0.7036, val_ap 0.6485, minutes 34.81, lr 5.00e-04
    epoch 72: loss 0.7147, val_ap 0.6429, minutes 35.31, lr 5.00e-04
    epoch 73: loss 0.7008, val_ap 0.6455, minutes 35.77, lr 5.00e-04
    epoch 74: loss 0.6942, val_ap 0.6428, minutes 36.26, lr 5.00e-04
    epoch 75: loss 0.7019, val_ap 0.6436, minutes 36.77, lr 5.00e-04
    epoch 76: loss 0.6898, val_ap 0.6467, minutes 37.25, lr 5.00e-04
    epoch 77: loss 0.7154, val_ap 0.6451, minutes 37.73, lr 5.00e-04
    epoch 78: loss 0.7181, val_ap 0.6436, minutes 38.2, lr 2.50e-04
    epoch 79: loss 0.6747, val_ap 0.6385, minutes 38.66, lr 2.50e-04
    epoch 80: loss 0.6804, val_ap 0.6449, minutes 39.14, lr 2.50e-04
    epoch 81: loss 0.6703, val_ap 0.6465, minutes 39.6, lr 2.50e-04
    epoch 82: loss 0.6830, val_ap 0.6472, minutes 40.08, lr 2.50e-04
    epoch 83: loss 0.6718, val_ap 0.6498, minutes 40.52, lr 2.50e-04
    epoch 84: loss 0.6744, val_ap 0.6526, minutes 40.99, lr 2.50e-04
    epoch 85: loss 0.6676, val_ap 0.6505, minutes 41.47, lr 2.50e-04
    epoch 86: loss 0.6729, val_ap 0.6488, minutes 41.92, lr 2.50e-04
    epoch 87: loss 0.6734, val_ap 0.6509, minutes 42.35, lr 2.50e-04
    epoch 88: loss 0.6736, val_ap 0.6469, minutes 42.73, lr 2.50e-04
    epoch 89: loss 0.6673, val_ap 0.6471, minutes 43.12, lr 2.50e-04
    epoch 90: loss 0.6671, val_ap 0.6500, minutes 43.54, lr 2.50e-04
    epoch 91: loss 0.6516, val_ap 0.6518, minutes 43.93, lr 2.50e-04
    epoch 92: loss 0.6567, val_ap 0.6496, minutes 44.34, lr 2.50e-04
    epoch 93: loss 0.6550, val_ap 0.6501, minutes 44.75, lr 1.25e-04
    epoch 94: loss 0.6575, val_ap 0.6522, minutes 45.14, lr 1.25e-04
    epoch 95: loss 0.6527, val_ap 0.6504, minutes 45.5, lr 1.25e-04
    epoch 96: loss 0.6504, val_ap 0.6517, minutes 45.86, lr 1.25e-04
    epoch 97: loss 0.6523, val_ap 0.6506, minutes 46.21, lr 1.25e-04
    epoch 98: loss 0.6523, val_ap 0.6504, minutes 46.55, lr 1.25e-04
    epoch 99: loss 0.6463, val_ap 0.6508, minutes 46.88, lr 1.25e-04
    epoch 100: loss 0.6469, val_ap 0.6526, minutes 47.21, lr 1.25e-04
    epoch 101: loss 0.6502, val_ap 0.6482, minutes 47.49, lr 1.25e-04
    epoch 102: loss 0.6593, val_ap 0.6474, minutes 47.76, lr 6.25e-05
    epoch 103: loss 0.6383, val_ap 0.6481, minutes 48.0, lr 6.25e-05
    epoch 104: loss 0.6302, val_ap 0.6495, minutes 48.26, lr 6.25e-05
    epoch 105: loss 0.6524, val_ap 0.6507, minutes 48.49, lr 6.25e-05
    epoch 106: loss 0.6449, val_ap 0.6511, minutes 48.73, lr 6.25e-05
    epoch 107: loss 0.6271, val_ap 0.6508, minutes 48.96, lr 6.25e-05
    epoch 108: loss 0.6396, val_ap 0.6487, minutes 49.19, lr 6.25e-05
    epoch 109: loss 0.6432, val_ap 0.6507, minutes 49.42, lr 6.25e-05
    epoch 110: loss 0.6522, val_ap 0.6498, minutes 49.66, lr 6.25e-05
    epoch 111: loss 0.6447, val_ap 0.6503, minutes 49.89, lr 3.13e-05
    epoch 112: loss 0.6510, val_ap 0.6492, minutes 50.12, lr 3.13e-05
    epoch 113: loss 0.6415, val_ap 0.6481, minutes 50.34, lr 3.13e-05
    epoch 114: loss 0.6449, val_ap 0.6484, minutes 50.57, lr 3.13e-05
    epoch 115: loss 0.6423, val_ap 0.6488, minutes 50.77, lr 3.13e-05
    epoch 116: loss 0.6490, val_ap 0.6483, minutes 51.0, lr 3.13e-05
    epoch 117: loss 0.6499, val_ap 0.6509, minutes 51.22, lr 3.13e-05
    epoch 118: loss 0.6434, val_ap 0.6495, minutes 51.45, lr 3.13e-05
    epoch 119: loss 0.6385, val_ap 0.6482, minutes 51.67, lr 3.13e-05
    epoch 120: loss 0.6380, val_ap 0.6481, minutes 51.9, lr 1.56e-05
    epoch 121: loss 0.6436, val_ap 0.6490, minutes 52.13, lr 1.56e-05
    epoch 122: loss 0.6425, val_ap 0.6497, minutes 52.36, lr 1.56e-05
    epoch 123: loss 0.6358, val_ap 0.6497, minutes 52.57, lr 1.56e-05
    epoch 124: loss 0.6432, val_ap 0.6498, minutes 52.79, lr 1.56e-05
    epoch 125: loss 0.6304, val_ap 0.6494, minutes 53.0, lr 1.56e-05
    stopping: no validation gain in 25 epochs
[h2gcn_aux_r400 dataset0 fold 3 seed 2] done (53.4 min)
