loaded: dataset0 121,838 sites, data1 90,452
[fk_band_shuffled dataset0 fold 1 seed 2]
    band weights [0.415, 0.354, 0.231] (bands ((0, 30), (30, 75), (75, 150)))
    epoch 1: loss 1.9619, val_ap 0.1655, minutes 0.48, lr 3.33e-04
    epoch 2: loss 1.5600, val_ap 0.2527, minutes 0.99, lr 6.63e-04
    epoch 3: loss 1.3468, val_ap 0.4244, minutes 1.49, lr 9.92e-04
    epoch 4: loss 1.1638, val_ap 0.4916, minutes 1.98, lr 1.00e-03
    epoch 5: loss 1.1139, val_ap 0.5126, minutes 2.54, lr 1.00e-03
    epoch 6: loss 1.0876, val_ap 0.5232, minutes 3.05, lr 1.00e-03
    epoch 7: loss 1.0633, val_ap 0.5354, minutes 3.56, lr 1.00e-03
    epoch 8: loss 1.0054, val_ap 0.5411, minutes 4.09, lr 1.00e-03
    epoch 9: loss 0.9864, val_ap 0.5461, minutes 4.57, lr 1.00e-03
    epoch 10: loss 0.9864, val_ap 0.5481, minutes 5.08, lr 1.00e-03
    epoch 11: loss 0.9418, val_ap 0.5590, minutes 5.56, lr 1.00e-03
    epoch 12: loss 0.9639, val_ap 0.5621, minutes 6.11, lr 1.00e-03
    epoch 13: loss 0.9567, val_ap 0.5676, minutes 6.63, lr 1.00e-03
    epoch 14: loss 0.9477, val_ap 0.5700, minutes 7.13, lr 1.00e-03
    epoch 15: loss 0.9392, val_ap 0.5636, minutes 7.62, lr 1.00e-03
    epoch 16: loss 0.9073, val_ap 0.5673, minutes 8.17, lr 1.00e-03
    epoch 17: loss 0.9101, val_ap 0.5774, minutes 8.69, lr 1.00e-03
    epoch 18: loss 0.8925, val_ap 0.5811, minutes 9.2, lr 1.00e-03
    epoch 19: loss 0.8905, val_ap 0.5817, minutes 9.73, lr 1.00e-03
    epoch 20: loss 0.8910, val_ap 0.5837, minutes 10.22, lr 1.00e-03
    epoch 21: loss 0.8780, val_ap 0.5826, minutes 10.74, lr 1.00e-03
    epoch 22: loss 0.8804, val_ap 0.5803, minutes 11.21, lr 1.00e-03
    epoch 23: loss 0.8870, val_ap 0.5897, minutes 11.74, lr 1.00e-03
    epoch 24: loss 0.8615, val_ap 0.5866, minutes 12.23, lr 1.00e-03
    epoch 25: loss 0.8679, val_ap 0.5904, minutes 12.74, lr 1.00e-03
    epoch 26: loss 0.8532, val_ap 0.5979, minutes 13.26, lr 1.00e-03
    epoch 27: loss 0.8596, val_ap 0.5906, minutes 13.78, lr 1.00e-03
    epoch 28: loss 0.8474, val_ap 0.5992, minutes 14.31, lr 1.00e-03
    epoch 29: loss 0.8361, val_ap 0.6008, minutes 14.82, lr 1.00e-03
    epoch 30: loss 0.8528, val_ap 0.5935, minutes 15.35, lr 1.00e-03
    epoch 31: loss 0.8577, val_ap 0.5947, minutes 15.86, lr 1.00e-03
    epoch 32: loss 0.8391, val_ap 0.5963, minutes 16.34, lr 1.00e-03
    epoch 33: loss 0.8323, val_ap 0.5964, minutes 16.85, lr 1.00e-03
    epoch 34: loss 0.8122, val_ap 0.5963, minutes 17.33, lr 1.00e-03
    epoch 35: loss 0.8138, val_ap 0.5968, minutes 17.88, lr 1.00e-03
    epoch 36: loss 0.8147, val_ap 0.5965, minutes 18.4, lr 1.00e-03
    epoch 37: loss 0.8246, val_ap 0.6007, minutes 18.9, lr 1.00e-03
    epoch 38: loss 0.8208, val_ap 0.5973, minutes 19.42, lr 5.00e-04
    epoch 39: loss 0.7906, val_ap 0.5971, minutes 19.94, lr 5.00e-04
    epoch 40: loss 0.7950, val_ap 0.5985, minutes 20.46, lr 5.00e-04
    epoch 41: loss 0.7937, val_ap 0.5962, minutes 20.98, lr 5.00e-04
    epoch 42: loss 0.7851, val_ap 0.5993, minutes 21.48, lr 5.00e-04
    epoch 43: loss 0.7800, val_ap 0.6015, minutes 21.98, lr 5.00e-04
    epoch 44: loss 0.7791, val_ap 0.5972, minutes 22.48, lr 5.00e-04
    epoch 45: loss 0.7761, val_ap 0.5955, minutes 22.98, lr 5.00e-04
    epoch 46: loss 0.7743, val_ap 0.5995, minutes 23.47, lr 5.00e-04
    epoch 47: loss 0.7932, val_ap 0.5954, minutes 23.97, lr 5.00e-04
    epoch 48: loss 0.7826, val_ap 0.5910, minutes 24.46, lr 5.00e-04
    epoch 49: loss 0.7854, val_ap 0.5916, minutes 24.94, lr 5.00e-04
    epoch 50: loss 0.7645, val_ap 0.5938, minutes 25.43, lr 5.00e-04
    epoch 51: loss 0.7746, val_ap 0.5933, minutes 25.94, lr 5.00e-04
    epoch 52: loss 0.7628, val_ap 0.5917, minutes 26.43, lr 2.50e-04
    epoch 53: loss 0.7460, val_ap 0.5961, minutes 26.94, lr 2.50e-04
    epoch 54: loss 0.7512, val_ap 0.5949, minutes 27.44, lr 2.50e-04
    epoch 55: loss 0.7601, val_ap 0.5953, minutes 27.94, lr 2.50e-04
    epoch 56: loss 0.7473, val_ap 0.5913, minutes 28.43, lr 2.50e-04
    epoch 57: loss 0.7502, val_ap 0.5952, minutes 28.94, lr 2.50e-04
    epoch 58: loss 0.7477, val_ap 0.5936, minutes 29.45, lr 2.50e-04
    epoch 59: loss 0.7411, val_ap 0.5877, minutes 29.95, lr 2.50e-04
    epoch 60: loss 0.7350, val_ap 0.5883, minutes 30.47, lr 2.50e-04
    epoch 61: loss 0.7435, val_ap 0.5934, minutes 30.96, lr 1.25e-04
    epoch 62: loss 0.7323, val_ap 0.5925, minutes 31.48, lr 1.25e-04
    epoch 63: loss 0.7283, val_ap 0.5922, minutes 32.0, lr 1.25e-04
    epoch 64: loss 0.7216, val_ap 0.5896, minutes 32.5, lr 1.25e-04
    epoch 65: loss 0.7297, val_ap 0.5913, minutes 33.03, lr 1.25e-04
    epoch 66: loss 0.7311, val_ap 0.5916, minutes 33.55, lr 1.25e-04
    epoch 67: loss 0.7209, val_ap 0.5944, minutes 34.06, lr 1.25e-04
    epoch 68: loss 0.7423, val_ap 0.5920, minutes 34.55, lr 1.25e-04
    stopping: no validation gain in 25 epochs
[fk_band_shuffled dataset0 fold 1 seed 2] done (35.3 min)
