loaded: dataset0 121,838 sites, data1 90,452
[set_transformer dataset0 fold 1]
    epoch 1: loss 1.0084030745660557, minutes 1.62, val_ap 0.41109313045679097, lr 0.00033431372549019606
    epoch 2: loss 0.8151232816717204, minutes 3.63, val_ap 0.43288401414974326, lr 0.0006676470588235294
    epoch 3: loss 0.777725274860859, minutes 5.71, val_ap 0.4242984207940889, lr 0.001
    epoch 4: loss 0.7545973258859971, minutes 7.69, val_ap 0.4535482965567657, lr 0.001
    epoch 5: loss 0.7325945447472965, minutes 9.76, val_ap 0.48855429789469834, lr 0.001
    epoch 6: loss 0.7157453786800889, minutes 11.77, val_ap 0.4927159335116274, lr 0.001
    epoch 7: loss 0.7003180775572272, minutes 13.83, val_ap 0.5030271986466118, lr 0.001
    epoch 8: loss 0.6929392144083977, minutes 15.9, val_ap 0.4940428619139304, lr 0.001
    epoch 9: loss 0.687172175593236, minutes 17.93, val_ap 0.5082013383378028, lr 0.001
    epoch 10: loss 0.687104711199508, minutes 19.98, val_ap 0.5269991628790504, lr 0.001
    epoch 11: loss 0.6756028220057487, minutes 22.01, val_ap 0.5014206991811927, lr 0.001
    epoch 12: loss 0.6651831157943782, minutes 24.03, val_ap 0.5283663218481787, lr 0.001
    epoch 13: loss 0.6679565711056485, minutes 26.03, val_ap 0.5288335698905923, lr 0.001
    epoch 14: loss 0.6622921941034934, minutes 27.98, val_ap 0.5286512045348494, lr 0.001
    epoch 15: loss 0.6558014872319559, minutes 30.04, val_ap 0.5157864883309737, lr 0.001
    epoch 16: loss 0.644254907264429, minutes 32.05, val_ap 0.5161944118815794, lr 0.001
    epoch 17: loss 0.6478253153755384, minutes 34.03, val_ap 0.5233325755458735, lr 0.001
    epoch 18: loss 0.6398699777529521, minutes 36.07, val_ap 0.5221566881474371, lr 0.001
    epoch 19: loss 0.6366420670467264, minutes 38.06, val_ap 0.5272826213257977, lr 0.001
    epoch 20: loss 0.6266194994835292, minutes 39.99, val_ap 0.5349069566847096, lr 0.001
    epoch 21: loss 0.6316869486342458, minutes 42.0, val_ap 0.5304415325374303, lr 0.001
    epoch 22: loss 0.6198342863251182, minutes 43.97, val_ap 0.5260284903404331, lr 0.001
    epoch 23: loss 0.6255205755724627, minutes 46.05, val_ap 0.5338293023541911, lr 0.001
    epoch 24: loss 0.6282084610970581, minutes 48.06, val_ap 0.532966199651989, lr 0.001
    epoch 25: loss 0.6203227193040006, minutes 50.06, val_ap 0.5334202407344549, lr 0.001
    epoch 26: loss 0.6210259974002839, minutes 52.01, val_ap 0.5377994113182647, lr 0.001
    epoch 27: loss 0.6144550533855663, minutes 54.03, val_ap 0.5316938818237832, lr 0.001
    epoch 28: loss 0.6104112313074224, minutes 56.02, val_ap 0.5275898202564436, lr 0.001
    epoch 29: loss 0.6164048827746336, minutes 57.93, val_ap 0.5240475480999268, lr 0.001
    epoch 30: loss 0.6181516598252689, minutes 59.91, val_ap 0.5263206978685092, lr 0.001
    epoch 31: loss 0.609579647200949, minutes 61.87, val_ap 0.5333589818345993, lr 0.001
    epoch 32: loss 0.5990856810965959, minutes 63.9, val_ap 0.5366870635287672, lr 0.001
    epoch 33: loss 0.6011966869235039, minutes 65.88, val_ap 0.5422026921606136, lr 0.001
    epoch 34: loss 0.6000280887765043, minutes 67.89, val_ap 0.5447129012694446, lr 0.001
    epoch 35: loss 0.5978704936364118, minutes 69.85, val_ap 0.5426711905893454, lr 0.001
    epoch 36: loss 0.5926084658678841, minutes 71.82, val_ap 0.5532147451866107, lr 0.001
    epoch 37: loss 0.5890035246224964, minutes 73.86, val_ap 0.5359906483136399, lr 0.001
    epoch 38: loss 0.5880363755366381, minutes 75.85, val_ap 0.5411604421920896, lr 0.001
    epoch 39: loss 0.582368650944794, minutes 77.87, val_ap 0.5338634775511565, lr 0.001
    epoch 40: loss 0.5739969558575574, minutes 79.85, val_ap 0.535694038438906, lr 0.001
    epoch 41: loss 0.5855804286458913, minutes 81.81, val_ap 0.549375475823756, lr 0.001
    epoch 42: loss 0.5748357543173959, minutes 83.8, val_ap 0.5438685320404951, lr 0.001
    epoch 43: loss 0.5745616634102428, minutes 85.79, val_ap 0.5439872528228269, lr 0.001
    epoch 44: loss 0.5771876856684685, minutes 87.78, val_ap 0.5447991543196019, lr 0.001
    epoch 45: loss 0.5709887571194593, minutes 89.77, val_ap 0.5200548206776944, lr 0.0005
    epoch 46: loss 0.5420260167297195, minutes 91.74, val_ap 0.5444254156940277, lr 0.0005
    epoch 47: loss 0.5309180058538914, minutes 93.67, val_ap 0.5462896315574898, lr 0.0005
    epoch 48: loss 0.5270766459843692, minutes 95.65, val_ap 0.5517388460222086, lr 0.0005
    epoch 49: loss 0.5240554820965319, minutes 97.6, val_ap 0.5513064035527635, lr 0.0005
    epoch 50: loss 0.5150018380845294, minutes 99.53, val_ap 0.5478009514975949, lr 0.0005
    epoch 51: loss 0.5169919457944, minutes 101.49, val_ap 0.5485275880513171, lr 0.0005
    epoch 52: loss 0.5089315322392127, minutes 103.42, val_ap 0.5559039231129079, lr 0.0005
    epoch 53: loss 0.5095498184947407, minutes 105.39, val_ap 0.5608776177406598, lr 0.0005
    epoch 54: loss 0.510388605910189, minutes 107.24, val_ap 0.5561035015905171, lr 0.0005
    epoch 55: loss 0.513168672866681, minutes 109.16, val_ap 0.5550287118574412, lr 0.0005
    epoch 56: loss 0.5020911790868815, minutes 111.11, val_ap 0.5446542430989628, lr 0.0005
    epoch 57: loss 0.49862125494024334, minutes 113.03, val_ap 0.5512242969314862, lr 0.0005
    epoch 58: loss 0.49130022486343106, minutes 114.98, val_ap 0.552266414725286, lr 0.0005
    epoch 59: loss 0.4891211058725329, minutes 116.94, val_ap 0.5417569965661283, lr 0.0005
    epoch 60: loss 0.4981903330368154, minutes 118.87, val_ap 0.5432700656892634, lr 0.0005
    epoch 61: loss 0.4831123913912212, minutes 120.73, val_ap 0.5408434958350608, lr 0.0005
    epoch 62: loss 0.49065566229469637, minutes 122.63, val_ap 0.5415163920124323, lr 0.00025
    epoch 63: loss 0.46763517869745985, minutes 124.56, val_ap 0.5394203105784449, lr 0.00025
    epoch 64: loss 0.4495273543631329, minutes 126.46, val_ap 0.5413637960314136, lr 0.00025
    epoch 65: loss 0.4520199212081292, minutes 128.29, val_ap 0.5396611161680703, lr 0.00025
    epoch 66: loss 0.44402230964864003, minutes 130.19, val_ap 0.5343941113481735, lr 0.00025
    epoch 67: loss 0.4425952897352331, minutes 132.08, val_ap 0.540535997092995, lr 0.00025
    epoch 68: loss 0.45002207734129007, minutes 133.95, val_ap 0.5398980602194712, lr 0.00025
    epoch 69: loss 0.4415520897682975, minutes 135.85, val_ap 0.551059688813177, lr 0.00025
    epoch 70: loss 0.4483839545618085, minutes 137.66, val_ap 0.5428470356694839, lr 0.00025
    epoch 71: loss 0.43849465996026993, minutes 139.57, val_ap 0.5465547771907266, lr 0.000125
    epoch 72: loss 0.43014762958183006, minutes 141.45, val_ap 0.5511964784317742, lr 0.000125
    epoch 73: loss 0.4431270530556931, minutes 143.36, val_ap 0.5491000267764744, lr 0.000125
    epoch 74: loss 0.41954829521915493, minutes 145.28, val_ap 0.5467786065213219, lr 0.000125
    epoch 75: loss 0.4159779606058317, minutes 147.19, val_ap 0.5410293915103083, lr 0.000125
    epoch 76: loss 0.41614011745242513, minutes 149.05, val_ap 0.5382557658051299, lr 0.000125
    epoch 77: loss 0.4159418475101976, minutes 150.86, val_ap 0.5371992081253686, lr 0.000125
    stopping: no validation gain in 25 epochs
[set_transformer dataset0 fold 1] done (155.0 min)
