loaded: dataset0 121,838 sites, data1 90,452
[scalar_drop pooled_both fold 1 seed 1]
    kernel decay scale 114.6 nt (fitted to cell line 1 training labels)
    epoch 1: loss 1.9057, val_ap 0.1527, minutes 0.81, lr 3.31e-04
    epoch 2: loss 1.5554, val_ap 0.3170, minutes 1.58, lr 6.60e-04
    epoch 3: loss 1.3800, val_ap 0.4237, minutes 2.43, lr 9.89e-04
    epoch 4: loss 1.3229, val_ap 0.4395, minutes 3.29, lr 1.00e-03
    epoch 5: loss 1.2946, val_ap 0.4436, minutes 4.12, lr 1.00e-03
    epoch 6: loss 1.2812, val_ap 0.4431, minutes 4.94, lr 1.00e-03
    epoch 7: loss 1.2705, val_ap 0.4493, minutes 5.79, lr 1.00e-03
    epoch 8: loss 1.2659, val_ap 0.4566, minutes 6.65, lr 1.00e-03
    epoch 9: loss 1.2621, val_ap 0.4543, minutes 7.51, lr 1.00e-03
    epoch 10: loss 1.2480, val_ap 0.4584, minutes 8.36, lr 1.00e-03
    epoch 11: loss 1.2409, val_ap 0.4609, minutes 9.21, lr 1.00e-03
    epoch 12: loss 1.2404, val_ap 0.4646, minutes 10.08, lr 1.00e-03
    epoch 13: loss 1.2228, val_ap 0.4660, minutes 10.88, lr 1.00e-03
    epoch 14: loss 1.2347, val_ap 0.4691, minutes 11.7, lr 1.00e-03
    epoch 15: loss 1.2375, val_ap 0.4711, minutes 12.49, lr 1.00e-03
    epoch 16: loss 1.2223, val_ap 0.4689, minutes 13.25, lr 1.00e-03
    epoch 17: loss 1.2250, val_ap 0.4685, minutes 14.04, lr 1.00e-03
    epoch 18: loss 1.2162, val_ap 0.4724, minutes 14.81, lr 1.00e-03
    epoch 19: loss 1.2158, val_ap 0.4705, minutes 15.59, lr 1.00e-03
    epoch 20: loss 1.2180, val_ap 0.4733, minutes 16.29, lr 1.00e-03
    epoch 21: loss 1.2050, val_ap 0.4776, minutes 16.99, lr 1.00e-03
    epoch 22: loss 1.2118, val_ap 0.4786, minutes 17.76, lr 1.00e-03
    epoch 23: loss 1.2021, val_ap 0.4855, minutes 18.36, lr 1.00e-03
    epoch 24: loss 1.2047, val_ap 0.4838, minutes 19.09, lr 1.00e-03
    epoch 25: loss 1.1977, val_ap 0.4812, minutes 19.85, lr 1.00e-03
    epoch 26: loss 1.1930, val_ap 0.4846, minutes 20.54, lr 1.00e-03
    epoch 27: loss 1.1851, val_ap 0.4876, minutes 21.28, lr 1.00e-03
    epoch 28: loss 1.1871, val_ap 0.4832, minutes 22.04, lr 1.00e-03
    epoch 29: loss 1.1844, val_ap 0.4859, minutes 22.7, lr 1.00e-03
    epoch 30: loss 1.1877, val_ap 0.4865, minutes 23.34, lr 1.00e-03
    epoch 31: loss 1.1785, val_ap 0.4877, minutes 23.97, lr 1.00e-03
    epoch 32: loss 1.1768, val_ap 0.4876, minutes 24.63, lr 1.00e-03
    epoch 33: loss 1.1869, val_ap 0.4930, minutes 25.33, lr 1.00e-03
    epoch 34: loss 1.1781, val_ap 0.4946, minutes 26.04, lr 1.00e-03
    epoch 35: loss 1.1700, val_ap 0.4898, minutes 26.65, lr 1.00e-03
    epoch 36: loss 1.1612, val_ap 0.4968, minutes 27.2, lr 1.00e-03
    epoch 37: loss 1.1670, val_ap 0.4924, minutes 27.69, lr 1.00e-03
    epoch 38: loss 1.1630, val_ap 0.4887, minutes 28.14, lr 1.00e-03
    epoch 39: loss 1.1536, val_ap 0.4954, minutes 28.66, lr 1.00e-03
    epoch 40: loss 1.1571, val_ap 0.4925, minutes 29.22, lr 1.00e-03
    epoch 41: loss 1.1646, val_ap 0.4922, minutes 29.74, lr 1.00e-03
    epoch 42: loss 1.1519, val_ap 0.4968, minutes 30.25, lr 1.00e-03
    epoch 43: loss 1.1551, val_ap 0.4978, minutes 30.74, lr 1.00e-03
    epoch 44: loss 1.1519, val_ap 0.4961, minutes 31.26, lr 1.00e-03
    epoch 45: loss 1.1457, val_ap 0.4867, minutes 31.7, lr 1.00e-03
    epoch 46: loss 1.1523, val_ap 0.4909, minutes 32.16, lr 1.00e-03
    epoch 47: loss 1.1393, val_ap 0.4977, minutes 32.6, lr 1.00e-03
    epoch 48: loss 1.1500, val_ap 0.4925, minutes 33.05, lr 1.00e-03
    epoch 49: loss 1.1529, val_ap 0.4935, minutes 33.47, lr 1.00e-03
    epoch 50: loss 1.1370, val_ap 0.4912, minutes 33.91, lr 1.00e-03
    epoch 51: loss 1.1335, val_ap 0.4935, minutes 34.37, lr 1.00e-03
    epoch 52: loss 1.1320, val_ap 0.4825, minutes 34.85, lr 5.00e-04
    epoch 53: loss 1.1107, val_ap 0.4948, minutes 35.29, lr 5.00e-04
    epoch 54: loss 1.1181, val_ap 0.4936, minutes 35.73, lr 5.00e-04
    epoch 55: loss 1.1109, val_ap 0.4937, minutes 36.15, lr 5.00e-04
    epoch 56: loss 1.1103, val_ap 0.4946, minutes 36.59, lr 5.00e-04
    epoch 57: loss 1.1111, val_ap 0.4916, minutes 37.04, lr 5.00e-04
    epoch 58: loss 1.1072, val_ap 0.4957, minutes 37.48, lr 5.00e-04
    epoch 59: loss 1.1086, val_ap 0.4945, minutes 37.91, lr 5.00e-04
    epoch 60: loss 1.1130, val_ap 0.4860, minutes 38.34, lr 5.00e-04
    epoch 61: loss 1.1087, val_ap 0.4932, minutes 38.77, lr 2.50e-04
    epoch 62: loss 1.0918, val_ap 0.4949, minutes 39.2, lr 2.50e-04
    epoch 63: loss 1.0926, val_ap 0.4946, minutes 39.59, lr 2.50e-04
    epoch 64: loss 1.0920, val_ap 0.4959, minutes 39.98, lr 2.50e-04
    epoch 65: loss 1.0944, val_ap 0.4910, minutes 40.37, lr 2.50e-04
    epoch 66: loss 1.0889, val_ap 0.4959, minutes 40.75, lr 2.50e-04
    epoch 67: loss 1.0919, val_ap 0.4916, minutes 41.15, lr 2.50e-04
    epoch 68: loss 1.0925, val_ap 0.4928, minutes 41.54, lr 2.50e-04
    stopping: no validation gain in 25 epochs
[scalar_drop pooled_both fold 1 seed 1] done (42.0 min)
