loaded: dataset0 121,838 sites, data1 90,452
[h2gcn_twohead_aux pooled_both fold 4 seed 1]
    epoch 1: loss 1.9050, val_ap 0.1370, minutes 0.89, lr 3.31e-04
    epoch 2: loss 1.5375, val_ap 0.2868, minutes 1.71, lr 6.60e-04
    epoch 3: loss 1.3627, val_ap 0.4354, minutes 2.55, lr 9.89e-04
    epoch 4: loss 1.2434, val_ap 0.4624, minutes 3.39, lr 1.00e-03
    epoch 5: loss 1.2125, val_ap 0.4706, minutes 4.29, lr 1.00e-03
    epoch 6: loss 1.1921, val_ap 0.4709, minutes 5.2, lr 1.00e-03
    epoch 7: loss 1.1551, val_ap 0.4719, minutes 6.21, lr 1.00e-03
    epoch 8: loss 1.1451, val_ap 0.4720, minutes 7.22, lr 1.00e-03
    epoch 9: loss 1.1324, val_ap 0.4697, minutes 8.25, lr 1.00e-03
    epoch 10: loss 1.1441, val_ap 0.4735, minutes 9.23, lr 1.00e-03
    epoch 11: loss 1.1208, val_ap 0.4733, minutes 10.22, lr 1.00e-03
    epoch 12: loss 1.1069, val_ap 0.4835, minutes 11.23, lr 1.00e-03
    epoch 13: loss 1.1094, val_ap 0.4844, minutes 12.21, lr 1.00e-03
    epoch 14: loss 1.0968, val_ap 0.4853, minutes 13.2, lr 1.00e-03
    epoch 15: loss 1.0994, val_ap 0.4846, minutes 14.22, lr 1.00e-03
    epoch 16: loss 1.0946, val_ap 0.4897, minutes 15.22, lr 1.00e-03
    epoch 17: loss 1.0938, val_ap 0.4883, minutes 16.17, lr 1.00e-03
    epoch 18: loss 1.0848, val_ap 0.4943, minutes 17.11, lr 1.00e-03
    epoch 19: loss 1.0723, val_ap 0.4927, minutes 18.08, lr 1.00e-03
    epoch 20: loss 1.0709, val_ap 0.4953, minutes 19.09, lr 1.00e-03
    epoch 21: loss 1.0812, val_ap 0.4998, minutes 20.09, lr 1.00e-03
    epoch 22: loss 1.0615, val_ap 0.4957, minutes 21.08, lr 1.00e-03
    epoch 23: loss 1.0639, val_ap 0.4973, minutes 22.09, lr 1.00e-03
    epoch 24: loss 1.0635, val_ap 0.5022, minutes 23.09, lr 1.00e-03
    epoch 25: loss 1.0518, val_ap 0.5069, minutes 24.08, lr 1.00e-03
    epoch 26: loss 1.0486, val_ap 0.5026, minutes 25.06, lr 1.00e-03
    epoch 27: loss 1.0475, val_ap 0.5049, minutes 26.02, lr 1.00e-03
    epoch 28: loss 1.0432, val_ap 0.5033, minutes 27.0, lr 1.00e-03
    epoch 29: loss 1.0442, val_ap 0.5127, minutes 28.01, lr 1.00e-03
    epoch 30: loss 1.0278, val_ap 0.5099, minutes 29.03, lr 1.00e-03
    epoch 31: loss 1.0241, val_ap 0.5125, minutes 30.02, lr 1.00e-03
    epoch 32: loss 1.0225, val_ap 0.5085, minutes 31.01, lr 1.00e-03
    epoch 33: loss 1.0299, val_ap 0.5119, minutes 31.93, lr 1.00e-03
    epoch 34: loss 1.0185, val_ap 0.5082, minutes 32.85, lr 1.00e-03
    epoch 35: loss 1.0145, val_ap 0.5234, minutes 33.78, lr 1.00e-03
    epoch 36: loss 1.0180, val_ap 0.5202, minutes 34.72, lr 1.00e-03
    epoch 37: loss 1.0139, val_ap 0.5182, minutes 35.64, lr 1.00e-03
    epoch 38: loss 1.0075, val_ap 0.5203, minutes 36.54, lr 1.00e-03
    epoch 39: loss 1.0056, val_ap 0.5234, minutes 37.43, lr 1.00e-03
    epoch 40: loss 0.9962, val_ap 0.5180, minutes 38.27, lr 1.00e-03
    epoch 41: loss 0.9971, val_ap 0.5142, minutes 39.12, lr 1.00e-03
    epoch 42: loss 0.9922, val_ap 0.4983, minutes 39.95, lr 1.00e-03
    epoch 43: loss 0.9972, val_ap 0.5075, minutes 40.77, lr 1.00e-03
    epoch 44: loss 0.9802, val_ap 0.5080, minutes 41.6, lr 5.00e-04
    epoch 45: loss 0.9544, val_ap 0.5131, minutes 42.46, lr 5.00e-04
    epoch 46: loss 0.9546, val_ap 0.5163, minutes 43.3, lr 5.00e-04
    epoch 47: loss 0.9539, val_ap 0.5012, minutes 44.08, lr 5.00e-04
    epoch 48: loss 0.9478, val_ap 0.5203, minutes 44.92, lr 5.00e-04
    epoch 49: loss 0.9532, val_ap 0.5103, minutes 45.75, lr 5.00e-04
    epoch 50: loss 0.9426, val_ap 0.5153, minutes 46.59, lr 5.00e-04
    epoch 51: loss 0.9459, val_ap 0.5218, minutes 47.43, lr 5.00e-04
    epoch 52: loss 0.9503, val_ap 0.5093, minutes 48.3, lr 5.00e-04
    epoch 53: loss 0.9340, val_ap 0.5087, minutes 49.18, lr 2.50e-04
    epoch 54: loss 0.9302, val_ap 0.5035, minutes 50.07, lr 2.50e-04
    epoch 55: loss 0.9249, val_ap 0.5044, minutes 50.9, lr 2.50e-04
    epoch 56: loss 0.9193, val_ap 0.5098, minutes 51.72, lr 2.50e-04
    epoch 57: loss 0.9258, val_ap 0.5059, minutes 52.48, lr 2.50e-04
    epoch 58: loss 0.9213, val_ap 0.5145, minutes 53.29, lr 2.50e-04
    epoch 59: loss 0.9149, val_ap 0.5118, minutes 54.11, lr 2.50e-04
    epoch 60: loss 0.9138, val_ap 0.5027, minutes 54.92, lr 2.50e-04
    stopping: no validation gain in 25 epochs
[h2gcn_twohead_aux pooled_both fold 4 seed 1] done (55.7 min)
