loaded: dataset0 121,838 sites, data1 90,452
[res_gate pooled_both fold 2]
    kernel decay scale 108.1 nt (fitted to cell line 1 training labels)
    epoch 1: loss 1.8924, val_ap 0.1741, minutes 1.0, lr 3.31e-04
    epoch 2: loss 1.5433, val_ap 0.3426, minutes 1.98, lr 6.58e-04
    epoch 3: loss 1.3794, val_ap 0.4377, minutes 2.95, lr 9.85e-04
    epoch 4: loss 1.3057, val_ap 0.4593, minutes 3.86, lr 1.00e-03
    epoch 5: loss 1.2704, val_ap 0.4690, minutes 4.83, lr 1.00e-03
    epoch 6: loss 1.2473, val_ap 0.4731, minutes 5.81, lr 1.00e-03
    epoch 7: loss 1.2427, val_ap 0.4742, minutes 6.8, lr 1.00e-03
    epoch 8: loss 1.2308, val_ap 0.4782, minutes 7.83, lr 1.00e-03
    epoch 9: loss 1.2071, val_ap 0.4853, minutes 8.83, lr 1.00e-03
    epoch 10: loss 1.2027, val_ap 0.4835, minutes 9.87, lr 1.00e-03
    epoch 11: loss 1.2097, val_ap 0.4871, minutes 10.89, lr 1.00e-03
    epoch 12: loss 1.1890, val_ap 0.4919, minutes 11.89, lr 1.00e-03
    epoch 13: loss 1.1817, val_ap 0.4904, minutes 12.92, lr 1.00e-03
    epoch 14: loss 1.1989, val_ap 0.4881, minutes 13.96, lr 1.00e-03
    epoch 15: loss 1.1901, val_ap 0.4973, minutes 14.96, lr 1.00e-03
    epoch 16: loss 1.1829, val_ap 0.4914, minutes 15.92, lr 1.00e-03
    epoch 17: loss 1.1793, val_ap 0.4985, minutes 16.94, lr 1.00e-03
    epoch 18: loss 1.1683, val_ap 0.4954, minutes 17.95, lr 1.00e-03
    epoch 19: loss 1.1664, val_ap 0.4977, minutes 19.01, lr 1.00e-03
    epoch 20: loss 1.1631, val_ap 0.4967, minutes 19.97, lr 1.00e-03
    epoch 21: loss 1.1624, val_ap 0.5014, minutes 21.03, lr 1.00e-03
    epoch 22: loss 1.1509, val_ap 0.5042, minutes 22.09, lr 1.00e-03
    epoch 23: loss 1.1512, val_ap 0.5000, minutes 23.08, lr 1.00e-03
    epoch 24: loss 1.1548, val_ap 0.5042, minutes 24.1, lr 1.00e-03
    epoch 25: loss 1.1477, val_ap 0.5045, minutes 25.14, lr 1.00e-03
    epoch 26: loss 1.1514, val_ap 0.5039, minutes 26.14, lr 1.00e-03
    epoch 27: loss 1.1461, val_ap 0.5050, minutes 27.15, lr 1.00e-03
    epoch 28: loss 1.1369, val_ap 0.5055, minutes 28.17, lr 1.00e-03
    epoch 29: loss 1.1451, val_ap 0.5068, minutes 29.15, lr 1.00e-03
    epoch 30: loss 1.1384, val_ap 0.5006, minutes 30.15, lr 1.00e-03
    epoch 31: loss 1.1285, val_ap 0.5092, minutes 31.13, lr 1.00e-03
    epoch 32: loss 1.1317, val_ap 0.5055, minutes 32.16, lr 1.00e-03
    epoch 33: loss 1.1222, val_ap 0.5095, minutes 33.17, lr 1.00e-03
    epoch 34: loss 1.1185, val_ap 0.5151, minutes 34.23, lr 1.00e-03
    epoch 35: loss 1.1286, val_ap 0.5013, minutes 35.23, lr 1.00e-03
    epoch 36: loss 1.1204, val_ap 0.5082, minutes 36.27, lr 1.00e-03
    epoch 37: loss 1.1071, val_ap 0.5065, minutes 37.29, lr 1.00e-03
    epoch 38: loss 1.1139, val_ap 0.5087, minutes 38.28, lr 1.00e-03
    epoch 39: loss 1.1187, val_ap 0.5083, minutes 39.24, lr 1.00e-03
    epoch 40: loss 1.1182, val_ap 0.5096, minutes 40.27, lr 1.00e-03
    epoch 41: loss 1.1119, val_ap 0.5190, minutes 41.31, lr 1.00e-03
    epoch 42: loss 1.0990, val_ap 0.5088, minutes 42.31, lr 1.00e-03
    epoch 43: loss 1.1063, val_ap 0.5075, minutes 43.32, lr 1.00e-03
    epoch 44: loss 1.1036, val_ap 0.5100, minutes 44.31, lr 1.00e-03
    epoch 45: loss 1.1004, val_ap 0.5154, minutes 45.34, lr 1.00e-03
    epoch 46: loss 1.0937, val_ap 0.5161, minutes 46.35, lr 1.00e-03
    epoch 47: loss 1.0938, val_ap 0.5184, minutes 47.37, lr 1.00e-03
    epoch 48: loss 1.0961, val_ap 0.5170, minutes 48.39, lr 1.00e-03
    epoch 49: loss 1.0957, val_ap 0.5087, minutes 49.3, lr 1.00e-03
    epoch 50: loss 1.0897, val_ap 0.5158, minutes 50.06, lr 5.00e-04
    epoch 51: loss 1.0755, val_ap 0.5201, minutes 50.86, lr 5.00e-04
    epoch 52: loss 1.0711, val_ap 0.5201, minutes 51.66, lr 5.00e-04
    epoch 53: loss 1.0700, val_ap 0.5131, minutes 52.48, lr 5.00e-04
    epoch 54: loss 1.0643, val_ap 0.5180, minutes 53.3, lr 5.00e-04
    epoch 55: loss 1.0698, val_ap 0.5107, minutes 54.12, lr 5.00e-04
    epoch 56: loss 1.0613, val_ap 0.5179, minutes 54.91, lr 5.00e-04
    epoch 57: loss 1.0623, val_ap 0.5172, minutes 55.71, lr 5.00e-04
    epoch 58: loss 1.0575, val_ap 0.5199, minutes 56.49, lr 5.00e-04
    epoch 59: loss 1.0535, val_ap 0.5129, minutes 57.3, lr 5.00e-04
    epoch 60: loss 1.0599, val_ap 0.5133, minutes 58.09, lr 5.00e-04
    epoch 61: loss 1.0633, val_ap 0.5178, minutes 58.89, lr 2.50e-04
    epoch 62: loss 1.0435, val_ap 0.5173, minutes 59.7, lr 2.50e-04
    epoch 63: loss 1.0377, val_ap 0.5192, minutes 60.52, lr 2.50e-04
    epoch 64: loss 1.0423, val_ap 0.5181, minutes 61.39, lr 2.50e-04
    epoch 65: loss 1.0446, val_ap 0.5203, minutes 62.2, lr 2.50e-04
    epoch 66: loss 1.0377, val_ap 0.5168, minutes 63.03, lr 2.50e-04
    epoch 67: loss 1.0402, val_ap 0.5131, minutes 63.84, lr 2.50e-04
    epoch 68: loss 1.0420, val_ap 0.5196, minutes 64.64, lr 2.50e-04
    epoch 69: loss 1.0406, val_ap 0.5160, minutes 65.49, lr 2.50e-04
    epoch 70: loss 1.0328, val_ap 0.5123, minutes 66.28, lr 2.50e-04
    epoch 71: loss 1.0381, val_ap 0.5181, minutes 67.08, lr 2.50e-04
    epoch 72: loss 1.0332, val_ap 0.5154, minutes 67.88, lr 2.50e-04
    epoch 73: loss 1.0325, val_ap 0.5150, minutes 68.67, lr 2.50e-04
    epoch 74: loss 1.0289, val_ap 0.5160, minutes 69.44, lr 1.25e-04
    epoch 75: loss 1.0292, val_ap 0.5161, minutes 70.21, lr 1.25e-04
    epoch 76: loss 1.0303, val_ap 0.5145, minutes 71.01, lr 1.25e-04
    epoch 77: loss 1.0259, val_ap 0.5129, minutes 71.78, lr 1.25e-04
    epoch 78: loss 1.0300, val_ap 0.5112, minutes 72.51, lr 1.25e-04
    epoch 79: loss 1.0193, val_ap 0.5129, minutes 73.35, lr 1.25e-04
    epoch 80: loss 1.0253, val_ap 0.5142, minutes 74.14, lr 1.25e-04
    epoch 81: loss 1.0269, val_ap 0.5127, minutes 74.95, lr 1.25e-04
    epoch 82: loss 1.0245, val_ap 0.5100, minutes 75.75, lr 1.25e-04
    epoch 83: loss 1.0259, val_ap 0.5100, minutes 76.53, lr 6.25e-05
    epoch 84: loss 1.0205, val_ap 0.5101, minutes 77.37, lr 6.25e-05
    epoch 85: loss 1.0175, val_ap 0.5128, minutes 78.25, lr 6.25e-05
    epoch 86: loss 1.0194, val_ap 0.5110, minutes 79.13, lr 6.25e-05
    epoch 87: loss 1.0202, val_ap 0.5113, minutes 79.95, lr 6.25e-05
    epoch 88: loss 1.0159, val_ap 0.5095, minutes 80.76, lr 6.25e-05
    epoch 89: loss 1.0195, val_ap 0.5098, minutes 81.58, lr 6.25e-05
    epoch 90: loss 1.0185, val_ap 0.5081, minutes 82.39, lr 6.25e-05
    stopping: no validation gain in 25 epochs
[res_gate pooled_both fold 2] done (83.1 min)
