loaded: dataset0 121,838 sites, data1 90,452
[fk_kernel dataset0 fold 0 seed 1]
    kernel decay scale 118.2 nt (fitted to cell line 1 training labels)
    epoch 1: loss 1.9633, val_ap 0.1783, minutes 0.47, lr 3.33e-04
    epoch 2: loss 1.5776, val_ap 0.2794, minutes 0.97, lr 6.59e-04
    epoch 3: loss 1.3516, val_ap 0.4189, minutes 1.5, lr 9.88e-04
    epoch 4: loss 1.2131, val_ap 0.4657, minutes 1.96, lr 1.00e-03
    epoch 5: loss 1.1221, val_ap 0.4736, minutes 2.5, lr 1.00e-03
    epoch 6: loss 1.0722, val_ap 0.4948, minutes 2.94, lr 1.00e-03
    epoch 7: loss 1.0878, val_ap 0.4953, minutes 3.46, lr 1.00e-03
    epoch 8: loss 1.0132, val_ap 0.5137, minutes 3.93, lr 1.00e-03
    epoch 9: loss 1.0076, val_ap 0.5161, minutes 4.38, lr 1.00e-03
    epoch 10: loss 0.9588, val_ap 0.5211, minutes 4.87, lr 1.00e-03
    epoch 11: loss 0.9451, val_ap 0.5272, minutes 5.27, lr 1.00e-03
    epoch 12: loss 0.9478, val_ap 0.5173, minutes 5.71, lr 1.00e-03
    epoch 13: loss 0.9517, val_ap 0.5144, minutes 6.18, lr 1.00e-03
    epoch 14: loss 0.9192, val_ap 0.5386, minutes 6.65, lr 1.00e-03
    epoch 15: loss 0.9146, val_ap 0.5232, minutes 7.11, lr 1.00e-03
    epoch 16: loss 0.9313, val_ap 0.5326, minutes 7.64, lr 1.00e-03
    epoch 17: loss 0.9037, val_ap 0.5428, minutes 8.1, lr 1.00e-03
    epoch 18: loss 0.8984, val_ap 0.5387, minutes 8.55, lr 1.00e-03
    epoch 19: loss 0.9018, val_ap 0.5390, minutes 9.03, lr 1.00e-03
    epoch 20: loss 0.8969, val_ap 0.5512, minutes 9.51, lr 1.00e-03
    epoch 21: loss 0.9046, val_ap 0.5481, minutes 9.99, lr 1.00e-03
    epoch 22: loss 0.8896, val_ap 0.5469, minutes 10.5, lr 1.00e-03
    epoch 23: loss 0.8655, val_ap 0.5468, minutes 11.01, lr 1.00e-03
    epoch 24: loss 0.8622, val_ap 0.5424, minutes 11.51, lr 1.00e-03
    epoch 25: loss 0.8763, val_ap 0.5513, minutes 12.03, lr 1.00e-03
    epoch 26: loss 0.8732, val_ap 0.5539, minutes 12.5, lr 1.00e-03
    epoch 27: loss 0.8805, val_ap 0.5518, minutes 13.01, lr 1.00e-03
    epoch 28: loss 0.8768, val_ap 0.5648, minutes 13.5, lr 1.00e-03
    epoch 29: loss 0.8423, val_ap 0.5606, minutes 13.98, lr 1.00e-03
    epoch 30: loss 0.8466, val_ap 0.5613, minutes 14.46, lr 1.00e-03
    epoch 31: loss 0.8531, val_ap 0.5628, minutes 14.96, lr 1.00e-03
    epoch 32: loss 0.8689, val_ap 0.5666, minutes 15.46, lr 1.00e-03
    epoch 33: loss 0.8368, val_ap 0.5638, minutes 15.95, lr 1.00e-03
    epoch 34: loss 0.8275, val_ap 0.5629, minutes 16.48, lr 1.00e-03
    epoch 35: loss 0.8324, val_ap 0.5575, minutes 16.98, lr 1.00e-03
    epoch 36: loss 0.8268, val_ap 0.5688, minutes 17.5, lr 1.00e-03
    epoch 37: loss 0.8412, val_ap 0.5745, minutes 18.02, lr 1.00e-03
    epoch 38: loss 0.8322, val_ap 0.5659, minutes 18.51, lr 1.00e-03
    epoch 39: loss 0.8430, val_ap 0.5761, minutes 19.03, lr 1.00e-03
    epoch 40: loss 0.8447, val_ap 0.5733, minutes 19.51, lr 1.00e-03
    epoch 41: loss 0.8318, val_ap 0.5762, minutes 19.97, lr 1.00e-03
    epoch 42: loss 0.8198, val_ap 0.5721, minutes 20.45, lr 1.00e-03
    epoch 43: loss 0.8107, val_ap 0.5768, minutes 20.93, lr 1.00e-03
    epoch 44: loss 0.8283, val_ap 0.5866, minutes 21.45, lr 1.00e-03
    epoch 45: loss 0.8117, val_ap 0.5769, minutes 21.92, lr 1.00e-03
    epoch 46: loss 0.8078, val_ap 0.5770, minutes 22.43, lr 1.00e-03
    epoch 47: loss 0.7896, val_ap 0.5711, minutes 22.91, lr 1.00e-03
    epoch 48: loss 0.7861, val_ap 0.5887, minutes 23.4, lr 1.00e-03
    epoch 49: loss 0.7791, val_ap 0.5877, minutes 23.88, lr 1.00e-03
    epoch 50: loss 0.7730, val_ap 0.5798, minutes 24.37, lr 1.00e-03
    epoch 51: loss 0.7802, val_ap 0.5964, minutes 24.85, lr 1.00e-03
    epoch 52: loss 0.7774, val_ap 0.5895, minutes 25.34, lr 1.00e-03
    epoch 53: loss 0.7769, val_ap 0.5843, minutes 25.84, lr 1.00e-03
    epoch 54: loss 0.7801, val_ap 0.5923, minutes 26.33, lr 1.00e-03
    epoch 55: loss 0.7656, val_ap 0.5889, minutes 26.83, lr 1.00e-03
    epoch 56: loss 0.7677, val_ap 0.5897, minutes 27.32, lr 1.00e-03
    epoch 57: loss 0.7798, val_ap 0.5836, minutes 27.77, lr 1.00e-03
    epoch 58: loss 0.7427, val_ap 0.5924, minutes 28.24, lr 1.00e-03
    epoch 59: loss 0.7703, val_ap 0.5850, minutes 28.73, lr 1.00e-03
    epoch 60: loss 0.7965, val_ap 0.5823, minutes 29.19, lr 5.00e-04
    epoch 61: loss 0.8246, val_ap 0.5937, minutes 29.68, lr 5.00e-04
    epoch 62: loss 0.7308, val_ap 0.6006, minutes 30.15, lr 5.00e-04
    epoch 63: loss 0.7434, val_ap 0.5985, minutes 30.59, lr 5.00e-04
    epoch 64: loss 0.7415, val_ap 0.6015, minutes 31.07, lr 5.00e-04
    epoch 65: loss 0.7264, val_ap 0.5960, minutes 31.52, lr 5.00e-04
    epoch 66: loss 0.7309, val_ap 0.5984, minutes 32.01, lr 5.00e-04
    epoch 67: loss 0.7386, val_ap 0.5993, minutes 32.52, lr 5.00e-04
    epoch 68: loss 0.7280, val_ap 0.6007, minutes 33.01, lr 5.00e-04
    epoch 69: loss 0.7237, val_ap 0.6005, minutes 33.52, lr 5.00e-04
    epoch 70: loss 0.7306, val_ap 0.5950, minutes 34.02, lr 5.00e-04
    epoch 71: loss 0.7210, val_ap 0.6010, minutes 34.49, lr 5.00e-04
    epoch 72: loss 0.7165, val_ap 0.6044, minutes 34.93, lr 5.00e-04
    epoch 73: loss 0.7231, val_ap 0.6023, minutes 35.4, lr 5.00e-04
    epoch 74: loss 0.7148, val_ap 0.6051, minutes 35.87, lr 5.00e-04
    epoch 75: loss 0.7050, val_ap 0.6050, minutes 36.38, lr 5.00e-04
    epoch 76: loss 0.7879, val_ap 0.5961, minutes 36.92, lr 5.00e-04
    epoch 77: loss 1.0470, val_ap 0.5616, minutes 37.38, lr 5.00e-04
    epoch 78: loss 0.7564, val_ap 0.5917, minutes 37.88, lr 5.00e-04
    epoch 79: loss 0.7327, val_ap 0.5994, minutes 38.33, lr 5.00e-04
    epoch 80: loss 0.7322, val_ap 0.6021, minutes 38.81, lr 5.00e-04
    epoch 81: loss 0.7208, val_ap 0.6020, minutes 39.29, lr 5.00e-04
    epoch 82: loss 0.7030, val_ap 0.6051, minutes 39.75, lr 5.00e-04
    epoch 83: loss 0.7015, val_ap 0.6049, minutes 40.22, lr 2.50e-04
    epoch 84: loss 0.6958, val_ap 0.6073, minutes 40.68, lr 2.50e-04
    epoch 85: loss 0.6948, val_ap 0.6077, minutes 41.15, lr 2.50e-04
    epoch 86: loss 0.6929, val_ap 0.6094, minutes 41.6, lr 2.50e-04
    epoch 87: loss 0.6929, val_ap 0.6116, minutes 42.05, lr 2.50e-04
    epoch 88: loss 0.6880, val_ap 0.6107, minutes 42.48, lr 2.50e-04
    epoch 89: loss 0.6887, val_ap 0.6073, minutes 42.95, lr 2.50e-04
    epoch 90: loss 0.6950, val_ap 0.6082, minutes 43.39, lr 2.50e-04
    epoch 91: loss 0.7038, val_ap 0.6103, minutes 43.85, lr 2.50e-04
    epoch 92: loss 0.6884, val_ap 0.6107, minutes 44.32, lr 2.50e-04
    epoch 93: loss 0.6918, val_ap 0.6114, minutes 44.79, lr 2.50e-04
    epoch 94: loss 0.6752, val_ap 0.6089, minutes 45.27, lr 2.50e-04
    epoch 95: loss 0.6815, val_ap 0.6101, minutes 45.71, lr 2.50e-04
    epoch 96: loss 0.6819, val_ap 0.6128, minutes 46.19, lr 2.50e-04
    epoch 97: loss 0.6767, val_ap 0.6090, minutes 46.69, lr 2.50e-04
    epoch 98: loss 0.6800, val_ap 0.6102, minutes 47.16, lr 2.50e-04
    epoch 99: loss 0.6842, val_ap 0.6096, minutes 47.62, lr 2.50e-04
    epoch 100: loss 0.6832, val_ap 0.6116, minutes 48.09, lr 2.50e-04
    epoch 101: loss 0.6764, val_ap 0.6127, minutes 48.52, lr 2.50e-04
    epoch 102: loss 0.6734, val_ap 0.6104, minutes 48.99, lr 2.50e-04
    epoch 103: loss 0.6760, val_ap 0.6081, minutes 49.47, lr 2.50e-04
    epoch 104: loss 0.6555, val_ap 0.6113, minutes 49.94, lr 2.50e-04
    epoch 105: loss 0.6729, val_ap 0.6081, minutes 50.43, lr 1.25e-04
    epoch 106: loss 0.6593, val_ap 0.6105, minutes 50.91, lr 1.25e-04
    epoch 107: loss 0.6707, val_ap 0.6098, minutes 51.38, lr 1.25e-04
    epoch 108: loss 0.6595, val_ap 0.6098, minutes 51.85, lr 1.25e-04
    epoch 109: loss 0.6561, val_ap 0.6094, minutes 52.36, lr 1.25e-04
    epoch 110: loss 0.6648, val_ap 0.6081, minutes 52.82, lr 1.25e-04
    epoch 111: loss 0.6566, val_ap 0.6086, minutes 53.28, lr 1.25e-04
    epoch 112: loss 0.6588, val_ap 0.6075, minutes 53.73, lr 1.25e-04
    epoch 113: loss 0.6534, val_ap 0.6091, minutes 54.17, lr 1.25e-04
    epoch 114: loss 0.6501, val_ap 0.6079, minutes 54.63, lr 6.25e-05
    epoch 115: loss 0.6549, val_ap 0.6083, minutes 55.06, lr 6.25e-05
    epoch 116: loss 0.6375, val_ap 0.6059, minutes 55.57, lr 6.25e-05
    epoch 117: loss 0.6530, val_ap 0.6079, minutes 55.97, lr 6.25e-05
    epoch 118: loss 0.6474, val_ap 0.6075, minutes 56.5, lr 6.25e-05
    epoch 119: loss 0.6400, val_ap 0.6069, minutes 56.95, lr 6.25e-05
    epoch 120: loss 0.6586, val_ap 0.6087, minutes 57.4, lr 6.25e-05
    epoch 121: loss 0.6562, val_ap 0.6091, minutes 57.87, lr 6.25e-05
    stopping: no validation gain in 25 epochs
[fk_kernel dataset0 fold 0 seed 1] done (58.6 min)
