loaded: dataset0 121,838 sites, data1 90,452
[h2gcn_local dataset0 fold 0]
    epoch 1: loss 1.3098, val_ap 0.1764, minutes 0.43, lr 3.33e-04
    epoch 2: loss 1.0451, val_ap 0.2537, minutes 1.0, lr 6.59e-04
    epoch 3: loss 0.8953, val_ap 0.3833, minutes 1.5, lr 9.88e-04
    epoch 4: loss 0.7994, val_ap 0.4330, minutes 1.99, lr 1.00e-03
    epoch 5: loss 0.7194, val_ap 0.4430, minutes 2.51, lr 1.00e-03
    epoch 6: loss 0.6929, val_ap 0.4512, minutes 2.93, lr 1.00e-03
    epoch 7: loss 0.6840, val_ap 0.4631, minutes 3.46, lr 1.00e-03
    epoch 8: loss 0.6571, val_ap 0.4679, minutes 3.89, lr 1.00e-03
    epoch 9: loss 0.6600, val_ap 0.4729, minutes 4.4, lr 1.00e-03
    epoch 10: loss 0.6399, val_ap 0.4708, minutes 4.87, lr 1.00e-03
    epoch 11: loss 0.6471, val_ap 0.4779, minutes 5.38, lr 1.00e-03
    epoch 12: loss 0.6292, val_ap 0.4663, minutes 5.84, lr 1.00e-03
    epoch 13: loss 0.6215, val_ap 0.4831, minutes 6.32, lr 1.00e-03
    epoch 14: loss 0.6430, val_ap 0.4700, minutes 6.79, lr 1.00e-03
    epoch 15: loss 0.6119, val_ap 0.4841, minutes 7.24, lr 1.00e-03
    epoch 16: loss 0.6009, val_ap 0.4907, minutes 7.67, lr 1.00e-03
    epoch 17: loss 0.6282, val_ap 0.4931, minutes 8.13, lr 1.00e-03
    epoch 18: loss 0.6123, val_ap 0.4893, minutes 8.62, lr 1.00e-03
    epoch 19: loss 0.5946, val_ap 0.4952, minutes 9.05, lr 1.00e-03
    epoch 20: loss 0.5756, val_ap 0.5018, minutes 9.52, lr 1.00e-03
    epoch 21: loss 0.5836, val_ap 0.5016, minutes 10.01, lr 1.00e-03
    epoch 22: loss 0.5813, val_ap 0.5011, minutes 10.54, lr 1.00e-03
    epoch 23: loss 0.5831, val_ap 0.5026, minutes 11.03, lr 1.00e-03
    epoch 24: loss 0.5876, val_ap 0.5145, minutes 11.51, lr 1.00e-03
    epoch 25: loss 0.5898, val_ap 0.5114, minutes 11.97, lr 1.00e-03
    epoch 26: loss 0.5626, val_ap 0.5239, minutes 12.41, lr 1.00e-03
    epoch 27: loss 0.5543, val_ap 0.5075, minutes 12.9, lr 1.00e-03
    epoch 28: loss 0.5833, val_ap 0.5285, minutes 13.35, lr 1.00e-03
    epoch 29: loss 0.6268, val_ap 0.5038, minutes 13.85, lr 1.00e-03
    epoch 30: loss 0.5620, val_ap 0.5142, minutes 14.33, lr 1.00e-03
    epoch 31: loss 0.5719, val_ap 0.5254, minutes 14.84, lr 1.00e-03
    epoch 32: loss 0.5613, val_ap 0.5275, minutes 15.33, lr 1.00e-03
    epoch 33: loss 0.5515, val_ap 0.5353, minutes 15.8, lr 1.00e-03
    epoch 34: loss 0.5738, val_ap 0.5287, minutes 16.3, lr 1.00e-03
    epoch 35: loss 0.5622, val_ap 0.5330, minutes 16.75, lr 1.00e-03
    epoch 36: loss 0.5658, val_ap 0.5327, minutes 17.26, lr 1.00e-03
    epoch 37: loss 0.5521, val_ap 0.5435, minutes 17.74, lr 1.00e-03
    epoch 38: loss 0.5524, val_ap 0.5425, minutes 18.19, lr 1.00e-03
    epoch 39: loss 0.5283, val_ap 0.5445, minutes 18.7, lr 1.00e-03
    epoch 40: loss 0.5313, val_ap 0.5416, minutes 19.15, lr 1.00e-03
    epoch 41: loss 0.5177, val_ap 0.5375, minutes 19.61, lr 1.00e-03
    epoch 42: loss 0.5194, val_ap 0.5519, minutes 20.1, lr 1.00e-03
    epoch 43: loss 0.5202, val_ap 0.5436, minutes 20.58, lr 1.00e-03
    epoch 44: loss 0.5152, val_ap 0.5539, minutes 21.06, lr 1.00e-03
    epoch 45: loss 0.5191, val_ap 0.5519, minutes 21.56, lr 1.00e-03
    epoch 46: loss 0.5203, val_ap 0.5516, minutes 22.05, lr 1.00e-03
    epoch 47: loss 0.5101, val_ap 0.5501, minutes 22.53, lr 1.00e-03
    epoch 48: loss 0.5143, val_ap 0.5489, minutes 23.01, lr 1.00e-03
    epoch 49: loss 0.5102, val_ap 0.5613, minutes 23.51, lr 1.00e-03
    epoch 50: loss 0.4993, val_ap 0.5630, minutes 24.0, lr 1.00e-03
    epoch 51: loss 0.4953, val_ap 0.5586, minutes 24.47, lr 1.00e-03
    epoch 52: loss 0.4895, val_ap 0.5541, minutes 24.94, lr 1.00e-03
    epoch 53: loss 0.4860, val_ap 0.5592, minutes 25.39, lr 1.00e-03
    epoch 54: loss 0.4894, val_ap 0.5647, minutes 25.91, lr 1.00e-03
    epoch 55: loss 0.4912, val_ap 0.5585, minutes 26.41, lr 1.00e-03
    epoch 56: loss 0.4857, val_ap 0.5574, minutes 26.91, lr 1.00e-03
    epoch 57: loss 0.4909, val_ap 0.5657, minutes 27.4, lr 1.00e-03
    epoch 58: loss 0.4757, val_ap 0.5615, minutes 27.89, lr 1.00e-03
    epoch 59: loss 0.4883, val_ap 0.5714, minutes 28.39, lr 1.00e-03
    epoch 60: loss 0.4672, val_ap 0.5457, minutes 28.84, lr 1.00e-03
    epoch 61: loss 0.4727, val_ap 0.5627, minutes 29.32, lr 1.00e-03
    epoch 62: loss 0.4816, val_ap 0.5606, minutes 29.8, lr 1.00e-03
    epoch 63: loss 0.4734, val_ap 0.5647, minutes 30.27, lr 1.00e-03
    epoch 64: loss 0.4599, val_ap 0.5656, minutes 30.75, lr 1.00e-03
    epoch 65: loss 0.4689, val_ap 0.5545, minutes 31.24, lr 1.00e-03
    epoch 66: loss 0.4641, val_ap 0.5711, minutes 31.71, lr 1.00e-03
    epoch 67: loss 0.4608, val_ap 0.5576, minutes 32.17, lr 1.00e-03
    epoch 68: loss 0.4656, val_ap 0.5622, minutes 32.61, lr 5.00e-04
    epoch 69: loss 0.4454, val_ap 0.5662, minutes 33.09, lr 5.00e-04
    epoch 70: loss 0.4383, val_ap 0.5646, minutes 33.58, lr 5.00e-04
    epoch 71: loss 0.4288, val_ap 0.5741, minutes 34.09, lr 5.00e-04
    epoch 72: loss 0.4181, val_ap 0.5800, minutes 34.56, lr 5.00e-04
    epoch 73: loss 0.4300, val_ap 0.5656, minutes 35.08, lr 5.00e-04
    epoch 74: loss 0.4220, val_ap 0.5681, minutes 35.55, lr 5.00e-04
    epoch 75: loss 0.4195, val_ap 0.5703, minutes 36.0, lr 5.00e-04
    epoch 76: loss 0.4197, val_ap 0.5666, minutes 36.5, lr 5.00e-04
    epoch 77: loss 0.4338, val_ap 0.5685, minutes 36.97, lr 5.00e-04
    epoch 78: loss 0.4203, val_ap 0.5671, minutes 37.46, lr 5.00e-04
    epoch 79: loss 0.4100, val_ap 0.5597, minutes 37.93, lr 5.00e-04
    epoch 80: loss 0.4124, val_ap 0.5800, minutes 38.42, lr 5.00e-04
    epoch 81: loss 0.4085, val_ap 0.5730, minutes 38.91, lr 2.50e-04
    epoch 82: loss 0.4061, val_ap 0.5736, minutes 39.36, lr 2.50e-04
    epoch 83: loss 0.3884, val_ap 0.5675, minutes 39.88, lr 2.50e-04
    epoch 84: loss 0.3848, val_ap 0.5670, minutes 40.36, lr 2.50e-04
    epoch 85: loss 0.3830, val_ap 0.5694, minutes 40.82, lr 2.50e-04
    epoch 86: loss 0.3880, val_ap 0.5729, minutes 41.29, lr 2.50e-04
    epoch 87: loss 0.3890, val_ap 0.5661, minutes 41.74, lr 2.50e-04
    epoch 88: loss 0.3838, val_ap 0.5631, minutes 42.26, lr 2.50e-04
    epoch 89: loss 0.3901, val_ap 0.5616, minutes 42.75, lr 2.50e-04
    epoch 90: loss 0.3852, val_ap 0.5654, minutes 43.26, lr 1.25e-04
    epoch 91: loss 0.3837, val_ap 0.5662, minutes 43.69, lr 1.25e-04
    epoch 92: loss 0.3763, val_ap 0.5670, minutes 44.19, lr 1.25e-04
    epoch 93: loss 0.3799, val_ap 0.5643, minutes 44.72, lr 1.25e-04
    epoch 94: loss 0.3689, val_ap 0.5665, minutes 45.21, lr 1.25e-04
    epoch 95: loss 0.3764, val_ap 0.5656, minutes 45.67, lr 1.25e-04
    epoch 96: loss 0.3837, val_ap 0.5658, minutes 46.15, lr 1.25e-04
    epoch 97: loss 0.3746, val_ap 0.5614, minutes 46.65, lr 1.25e-04
    stopping: no validation gain in 25 epochs
[h2gcn_local dataset0 fold 0] done (47.4 min)
