loaded: dataset0 121,838 sites, data1 90,452
[h2gcn_twohead pooled_both fold 4 seed 2]
    epoch 1: loss 1.2705, val_ap 0.1549, minutes 0.83, lr 3.31e-04
    epoch 2: loss 1.0149, val_ap 0.2973, minutes 1.73, lr 6.60e-04
    epoch 3: loss 0.8920, val_ap 0.4313, minutes 2.52, lr 9.89e-04
    epoch 4: loss 0.8137, val_ap 0.4642, minutes 3.33, lr 1.00e-03
    epoch 5: loss 0.7628, val_ap 0.4726, minutes 4.04, lr 1.00e-03
    epoch 6: loss 0.7474, val_ap 0.4686, minutes 4.69, lr 1.00e-03
    epoch 7: loss 0.7400, val_ap 0.4651, minutes 5.35, lr 1.00e-03
    epoch 8: loss 0.7305, val_ap 0.4715, minutes 6.08, lr 1.00e-03
    epoch 9: loss 0.7228, val_ap 0.4802, minutes 6.86, lr 1.00e-03
    epoch 10: loss 0.7140, val_ap 0.4792, minutes 7.63, lr 1.00e-03
    epoch 11: loss 0.7073, val_ap 0.4814, minutes 8.4, lr 1.00e-03
    epoch 12: loss 0.7022, val_ap 0.4885, minutes 9.13, lr 1.00e-03
    epoch 13: loss 0.7021, val_ap 0.4803, minutes 9.86, lr 1.00e-03
    epoch 14: loss 0.6939, val_ap 0.4893, minutes 10.6, lr 1.00e-03
    epoch 15: loss 0.6882, val_ap 0.4850, minutes 11.32, lr 1.00e-03
    epoch 16: loss 0.6851, val_ap 0.4878, minutes 12.02, lr 1.00e-03
    epoch 17: loss 0.6829, val_ap 0.4943, minutes 12.76, lr 1.00e-03
    epoch 18: loss 0.6803, val_ap 0.4890, minutes 13.49, lr 1.00e-03
    epoch 19: loss 0.6769, val_ap 0.4935, minutes 14.24, lr 1.00e-03
    epoch 20: loss 0.6721, val_ap 0.4950, minutes 15.0, lr 1.00e-03
    epoch 21: loss 0.6712, val_ap 0.4965, minutes 15.75, lr 1.00e-03
    epoch 22: loss 0.6619, val_ap 0.4998, minutes 16.53, lr 1.00e-03
    epoch 23: loss 0.6657, val_ap 0.4943, minutes 17.29, lr 1.00e-03
    epoch 24: loss 0.6563, val_ap 0.4966, minutes 18.07, lr 1.00e-03
    epoch 25: loss 0.6554, val_ap 0.4886, minutes 18.83, lr 1.00e-03
    epoch 26: loss 0.6583, val_ap 0.4932, minutes 19.62, lr 1.00e-03
    epoch 27: loss 0.6520, val_ap 0.4965, minutes 20.36, lr 1.00e-03
    epoch 28: loss 0.6467, val_ap 0.4980, minutes 21.09, lr 1.00e-03
    epoch 29: loss 0.6430, val_ap 0.4933, minutes 21.82, lr 1.00e-03
    epoch 30: loss 0.6463, val_ap 0.4968, minutes 22.57, lr 1.00e-03
    epoch 31: loss 0.6363, val_ap 0.4962, minutes 23.28, lr 5.00e-04
    epoch 32: loss 0.6247, val_ap 0.4947, minutes 23.96, lr 5.00e-04
    epoch 33: loss 0.6194, val_ap 0.5024, minutes 24.71, lr 5.00e-04
    epoch 34: loss 0.6094, val_ap 0.4970, minutes 25.43, lr 5.00e-04
    epoch 35: loss 0.6136, val_ap 0.5014, minutes 26.17, lr 5.00e-04
    epoch 36: loss 0.6111, val_ap 0.4989, minutes 26.92, lr 5.00e-04
    epoch 37: loss 0.6055, val_ap 0.5002, minutes 27.65, lr 5.00e-04
    epoch 38: loss 0.6026, val_ap 0.5017, minutes 28.42, lr 5.00e-04
    epoch 39: loss 0.6026, val_ap 0.4972, minutes 29.19, lr 5.00e-04
    epoch 40: loss 0.6060, val_ap 0.5008, minutes 29.96, lr 5.00e-04
    epoch 41: loss 0.6002, val_ap 0.4935, minutes 30.72, lr 5.00e-04
    epoch 42: loss 0.5978, val_ap 0.5028, minutes 31.51, lr 5.00e-04
    epoch 43: loss 0.5958, val_ap 0.4995, minutes 32.22, lr 5.00e-04
    epoch 44: loss 0.5946, val_ap 0.4954, minutes 32.94, lr 5.00e-04
    epoch 45: loss 0.5890, val_ap 0.5035, minutes 33.69, lr 5.00e-04
    epoch 46: loss 0.5882, val_ap 0.4869, minutes 34.4, lr 5.00e-04
    epoch 47: loss 0.5827, val_ap 0.4863, minutes 35.09, lr 5.00e-04
    epoch 48: loss 0.5784, val_ap 0.4817, minutes 35.78, lr 5.00e-04
    epoch 49: loss 0.5755, val_ap 0.4993, minutes 36.38, lr 5.00e-04
    epoch 50: loss 0.5758, val_ap 0.4853, minutes 36.99, lr 5.00e-04
    epoch 51: loss 0.5703, val_ap 0.4833, minutes 37.59, lr 5.00e-04
    epoch 52: loss 0.5749, val_ap 0.4989, minutes 38.11, lr 5.00e-04
    epoch 53: loss 0.5699, val_ap 0.4751, minutes 38.64, lr 5.00e-04
    epoch 54: loss 0.5658, val_ap 0.4953, minutes 39.12, lr 2.50e-04
    epoch 55: loss 0.5535, val_ap 0.4729, minutes 39.64, lr 2.50e-04
    epoch 56: loss 0.5599, val_ap 0.4918, minutes 40.18, lr 2.50e-04
    epoch 57: loss 0.5470, val_ap 0.4811, minutes 40.72, lr 2.50e-04
    epoch 58: loss 0.5509, val_ap 0.4768, minutes 41.23, lr 2.50e-04
    epoch 59: loss 0.5526, val_ap 0.4944, minutes 41.7, lr 2.50e-04
    epoch 60: loss 0.5448, val_ap 0.4704, minutes 42.17, lr 2.50e-04
    epoch 61: loss 0.5443, val_ap 0.4886, minutes 42.61, lr 2.50e-04
    epoch 62: loss 0.5437, val_ap 0.4856, minutes 43.04, lr 2.50e-04
    epoch 63: loss 0.5415, val_ap 0.4814, minutes 43.45, lr 1.25e-04
    epoch 64: loss 0.5340, val_ap 0.4748, minutes 43.82, lr 1.25e-04
    epoch 65: loss 0.5339, val_ap 0.4696, minutes 44.22, lr 1.25e-04
    epoch 66: loss 0.5317, val_ap 0.4619, minutes 44.57, lr 1.25e-04
    epoch 67: loss 0.5311, val_ap 0.4702, minutes 44.92, lr 1.25e-04
    epoch 68: loss 0.5330, val_ap 0.4711, minutes 45.27, lr 1.25e-04
    epoch 69: loss 0.5288, val_ap 0.4756, minutes 45.62, lr 1.25e-04
    epoch 70: loss 0.5330, val_ap 0.4621, minutes 45.96, lr 1.25e-04
    stopping: no validation gain in 25 epochs
[h2gcn_twohead pooled_both fold 4 seed 2] done (46.4 min)
