loaded: dataset0 121,838 sites, data1 90,452
[h2gcn_aux_r400 pooled_both fold 3 seed 2]
    epoch 1: loss 1.8889, val_ap 0.1669, minutes 0.78, lr 3.31e-04
    epoch 2: loss 1.5334, val_ap 0.3169, minutes 1.61, lr 6.60e-04
    epoch 3: loss 1.4065, val_ap 0.3987, minutes 2.37, lr 9.89e-04
    epoch 4: loss 1.3067, val_ap 0.4310, minutes 3.22, lr 1.00e-03
    epoch 5: loss 1.2549, val_ap 0.4510, minutes 3.97, lr 1.00e-03
    epoch 6: loss 1.2350, val_ap 0.4534, minutes 4.71, lr 1.00e-03
    epoch 7: loss 1.2336, val_ap 0.4536, minutes 5.52, lr 1.00e-03
    epoch 8: loss 1.2104, val_ap 0.4536, minutes 6.32, lr 1.00e-03
    epoch 9: loss 1.1989, val_ap 0.4609, minutes 7.1, lr 1.00e-03
    epoch 10: loss 1.1958, val_ap 0.4587, minutes 7.9, lr 1.00e-03
    epoch 11: loss 1.1764, val_ap 0.4685, minutes 8.71, lr 1.00e-03
    epoch 12: loss 1.1838, val_ap 0.4680, minutes 9.56, lr 1.00e-03
    epoch 13: loss 1.1726, val_ap 0.4708, minutes 10.33, lr 1.00e-03
    epoch 14: loss 1.1705, val_ap 0.4756, minutes 11.16, lr 1.00e-03
    epoch 15: loss 1.1663, val_ap 0.4749, minutes 11.98, lr 1.00e-03
    epoch 16: loss 1.1594, val_ap 0.4729, minutes 12.8, lr 1.00e-03
    epoch 17: loss 1.1644, val_ap 0.4788, minutes 13.63, lr 1.00e-03
    epoch 18: loss 1.1443, val_ap 0.4814, minutes 14.42, lr 1.00e-03
    epoch 19: loss 1.1559, val_ap 0.4851, minutes 15.23, lr 1.00e-03
    epoch 20: loss 1.1393, val_ap 0.4856, minutes 16.02, lr 1.00e-03
    epoch 21: loss 1.1378, val_ap 0.4874, minutes 16.8, lr 1.00e-03
    epoch 22: loss 1.1388, val_ap 0.4908, minutes 17.61, lr 1.00e-03
    epoch 23: loss 1.1328, val_ap 0.4915, minutes 18.41, lr 1.00e-03
    epoch 24: loss 1.1212, val_ap 0.4930, minutes 19.22, lr 1.00e-03
    epoch 25: loss 1.1379, val_ap 0.4990, minutes 20.0, lr 1.00e-03
    epoch 26: loss 1.1278, val_ap 0.5008, minutes 20.83, lr 1.00e-03
    epoch 27: loss 1.1239, val_ap 0.5004, minutes 21.62, lr 1.00e-03
    epoch 28: loss 1.1106, val_ap 0.4984, minutes 22.39, lr 1.00e-03
    epoch 29: loss 1.1051, val_ap 0.4941, minutes 23.16, lr 1.00e-03
    epoch 30: loss 1.1138, val_ap 0.4919, minutes 24.0, lr 1.00e-03
    epoch 31: loss 1.1079, val_ap 0.4909, minutes 24.79, lr 1.00e-03
    epoch 32: loss 1.0956, val_ap 0.5012, minutes 25.58, lr 1.00e-03
    epoch 33: loss 1.1006, val_ap 0.4958, minutes 26.37, lr 1.00e-03
    epoch 34: loss 1.0912, val_ap 0.4892, minutes 27.18, lr 1.00e-03
    epoch 35: loss 1.0928, val_ap 0.4949, minutes 27.95, lr 1.00e-03
    epoch 36: loss 1.0841, val_ap 0.4963, minutes 28.73, lr 1.00e-03
    epoch 37: loss 1.0873, val_ap 0.4937, minutes 29.55, lr 1.00e-03
    epoch 38: loss 1.0824, val_ap 0.5004, minutes 30.34, lr 1.00e-03
    epoch 39: loss 1.0810, val_ap 0.4870, minutes 31.11, lr 1.00e-03
    epoch 40: loss 1.0749, val_ap 0.4946, minutes 31.91, lr 1.00e-03
    epoch 41: loss 1.0748, val_ap 0.4848, minutes 32.68, lr 5.00e-04
    epoch 42: loss 1.0567, val_ap 0.4926, minutes 33.5, lr 5.00e-04
    epoch 43: loss 1.0560, val_ap 0.4931, minutes 34.3, lr 5.00e-04
    epoch 44: loss 1.0468, val_ap 0.4958, minutes 35.09, lr 5.00e-04
    epoch 45: loss 1.0491, val_ap 0.4909, minutes 35.92, lr 5.00e-04
    epoch 46: loss 1.0373, val_ap 0.4976, minutes 36.73, lr 5.00e-04
    epoch 47: loss 1.0366, val_ap 0.4966, minutes 37.52, lr 5.00e-04
    epoch 48: loss 1.0405, val_ap 0.4917, minutes 38.31, lr 5.00e-04
    epoch 49: loss 1.0338, val_ap 0.4921, minutes 39.1, lr 5.00e-04
    epoch 50: loss 1.0305, val_ap 0.4818, minutes 39.85, lr 2.50e-04
    epoch 51: loss 1.0286, val_ap 0.4799, minutes 40.54, lr 2.50e-04
    epoch 52: loss 1.0186, val_ap 0.4823, minutes 41.23, lr 2.50e-04
    epoch 53: loss 1.0217, val_ap 0.4881, minutes 41.94, lr 2.50e-04
    epoch 54: loss 1.0169, val_ap 0.4717, minutes 42.52, lr 2.50e-04
    epoch 55: loss 1.0124, val_ap 0.4801, minutes 43.12, lr 2.50e-04
    epoch 56: loss 1.0167, val_ap 0.4885, minutes 43.74, lr 2.50e-04
    epoch 57: loss 1.0204, val_ap 0.4799, minutes 44.31, lr 2.50e-04
    stopping: no validation gain in 25 epochs
[h2gcn_aux_r400 pooled_both fold 3 seed 2] done (44.8 min)
