loaded: dataset0 121,838 sites, data1 90,452
[gps pooled_both fold 3]
    epoch 1: loss 1.9012, val_ap 0.1504, minutes 2.47, lr 3.31e-04
    epoch 2: loss 1.5621, val_ap 0.2658, minutes 4.96, lr 6.60e-04
    epoch 3: loss 1.4339, val_ap 0.3744, minutes 7.56, lr 9.89e-04
    epoch 4: loss 1.3148, val_ap 0.4308, minutes 10.14, lr 1.00e-03
    epoch 5: loss 1.2632, val_ap 0.4412, minutes 12.82, lr 1.00e-03
    epoch 6: loss 1.2365, val_ap 0.4565, minutes 15.42, lr 1.00e-03
    epoch 7: loss 1.2107, val_ap 0.4593, minutes 18.03, lr 1.00e-03
    epoch 8: loss 1.2056, val_ap 0.4715, minutes 20.53, lr 1.00e-03
    epoch 9: loss 1.1780, val_ap 0.4776, minutes 23.03, lr 1.00e-03
    epoch 10: loss 1.1711, val_ap 0.4771, minutes 25.53, lr 1.00e-03
    epoch 11: loss 1.1651, val_ap 0.4801, minutes 28.08, lr 1.00e-03
    epoch 12: loss 1.1650, val_ap 0.4896, minutes 30.6, lr 1.00e-03
    epoch 13: loss 1.1557, val_ap 0.4914, minutes 33.12, lr 1.00e-03
    epoch 14: loss 1.1434, val_ap 0.4946, minutes 35.62, lr 1.00e-03
    epoch 15: loss 1.1370, val_ap 0.4959, minutes 38.15, lr 1.00e-03
    epoch 16: loss 1.1286, val_ap 0.5018, minutes 40.58, lr 1.00e-03
    epoch 17: loss 1.1380, val_ap 0.5045, minutes 43.03, lr 1.00e-03
    epoch 18: loss 1.1283, val_ap 0.5052, minutes 45.52, lr 1.00e-03
    epoch 19: loss 1.1243, val_ap 0.5109, minutes 48.1, lr 1.00e-03
    epoch 20: loss 1.1097, val_ap 0.5045, minutes 50.6, lr 1.00e-03
    epoch 21: loss 1.1041, val_ap 0.4937, minutes 53.05, lr 1.00e-03
    epoch 22: loss 1.1093, val_ap 0.5105, minutes 55.55, lr 1.00e-03
    epoch 23: loss 1.1105, val_ap 0.5114, minutes 58.04, lr 1.00e-03
    epoch 24: loss 1.0913, val_ap 0.5083, minutes 60.46, lr 1.00e-03
    epoch 25: loss 1.0874, val_ap 0.5026, minutes 62.94, lr 1.00e-03
    epoch 26: loss 1.0905, val_ap 0.4978, minutes 65.43, lr 1.00e-03
    epoch 27: loss 1.0839, val_ap 0.5086, minutes 67.94, lr 1.00e-03
    epoch 28: loss 1.0693, val_ap 0.4983, minutes 70.4, lr 1.00e-03
    epoch 29: loss 1.0745, val_ap 0.5006, minutes 72.84, lr 1.00e-03
    epoch 30: loss 1.0658, val_ap 0.4965, minutes 75.35, lr 1.00e-03
    epoch 31: loss 1.0668, val_ap 0.4920, minutes 77.83, lr 1.00e-03
    epoch 32: loss 1.0511, val_ap 0.4899, minutes 80.31, lr 5.00e-04
    epoch 33: loss 1.0299, val_ap 0.4983, minutes 82.79, lr 5.00e-04
    epoch 34: loss 1.0203, val_ap 0.4931, minutes 85.26, lr 5.00e-04
    epoch 35: loss 1.0148, val_ap 0.4912, minutes 87.69, lr 5.00e-04
    epoch 36: loss 1.0098, val_ap 0.4866, minutes 90.07, lr 5.00e-04
    epoch 37: loss 1.0076, val_ap 0.4910, minutes 92.41, lr 5.00e-04
    epoch 38: loss 1.0008, val_ap 0.4753, minutes 94.75, lr 5.00e-04
    epoch 39: loss 0.9999, val_ap 0.4899, minutes 97.12, lr 5.00e-04
    epoch 40: loss 1.0042, val_ap 0.4851, minutes 99.47, lr 5.00e-04
    epoch 41: loss 0.9935, val_ap 0.4831, minutes 101.79, lr 2.50e-04
    epoch 42: loss 0.9804, val_ap 0.4744, minutes 104.15, lr 2.50e-04
    epoch 43: loss 0.9735, val_ap 0.4823, minutes 106.5, lr 2.50e-04
    epoch 44: loss 0.9729, val_ap 0.4792, minutes 108.86, lr 2.50e-04
    epoch 45: loss 0.9670, val_ap 0.4786, minutes 111.19, lr 2.50e-04
    epoch 46: loss 0.9656, val_ap 0.4804, minutes 113.53, lr 2.50e-04
    epoch 47: loss 0.9593, val_ap 0.4739, minutes 115.84, lr 2.50e-04
    epoch 48: loss 0.9597, val_ap 0.4797, minutes 118.2, lr 2.50e-04
    stopping: no validation gain in 25 epochs
[gps pooled_both fold 3] done (119.0 min)
