loaded: dataset0 121,838 sites, data1 90,452
[knn_static pooled_both fold 3]
    epoch 1: loss 1.1543919632098818, minutes 3.22, val_ap 0.28356981352616295, lr 0.00033389261744966444
    epoch 2: loss 0.9214115142322227, minutes 6.67, val_ap 0.3901066106735105, lr 0.0006672259507829977
    epoch 3: loss 0.8852764572573188, minutes 10.13, val_ap 0.41190170174745194, lr 0.001
    epoch 4: loss 0.8632536114962309, minutes 13.76, val_ap 0.41002842869975303, lr 0.001
    epoch 5: loss 0.8446564004325227, minutes 17.17, val_ap 0.41668421650755616, lr 0.001
    epoch 6: loss 0.8397535639721275, minutes 20.63, val_ap 0.4290273775530133, lr 0.001
    epoch 7: loss 0.8353229210580755, minutes 24.24, val_ap 0.42702333194163483, lr 0.001
    epoch 8: loss 0.8276116028428078, minutes 27.77, val_ap 0.4265701855022663, lr 0.001
    epoch 9: loss 0.8247543805897636, minutes 31.28, val_ap 0.4376308233987172, lr 0.001
    epoch 10: loss 0.8201579549568612, minutes 34.77, val_ap 0.43338465000762244, lr 0.001
    epoch 11: loss 0.8176329558427702, minutes 38.19, val_ap 0.44954256064604176, lr 0.001
    epoch 12: loss 0.8110754847926581, minutes 52.02, val_ap 0.4553597436563207, lr 0.001
    epoch 13: loss 0.8101686791285573, minutes 58.71, val_ap 0.43862834903950154, lr 0.001
    epoch 14: loss 0.8083746352251744, minutes 62.01, val_ap 0.45928447941143985, lr 0.001
    epoch 15: loss 0.8058210730352657, minutes 65.32, val_ap 0.45844398479248366, lr 0.001
    epoch 16: loss 0.798682021164654, minutes 68.53, val_ap 0.4442409532124679, lr 0.001
    epoch 17: loss 0.7928936334464374, minutes 71.68, val_ap 0.45986605558457905, lr 0.001
    epoch 18: loss 0.7914833323467498, minutes 74.44, val_ap 0.4593004507854826, lr 0.001
    epoch 19: loss 0.7890807898752641, minutes 77.01, val_ap 0.44443126435541047, lr 0.001
    epoch 20: loss 0.7875746215549891, minutes 79.47, val_ap 0.4628852305748545, lr 0.001
    epoch 21: loss 0.7863849562986586, minutes 81.98, val_ap 0.45625041949794726, lr 0.001
    epoch 22: loss 0.7817405978305227, minutes 84.53, val_ap 0.4579440428278662, lr 0.001
    epoch 23: loss 0.7798295640605408, minutes 87.25, val_ap 0.4606576212736219, lr 0.001
    epoch 24: loss 0.7726137853108797, minutes 90.08, val_ap 0.46024302604495987, lr 0.001
    epoch 25: loss 0.7745776357966782, minutes 92.71, val_ap 0.462478646763264, lr 0.001
    epoch 26: loss 0.7689416321532038, minutes 95.37, val_ap 0.47012271481749834, lr 0.001
    epoch 27: loss 0.7708386632820103, minutes 97.86, val_ap 0.4608377035471318, lr 0.001
    epoch 28: loss 0.7663783494558111, minutes 100.73, val_ap 0.4607929639152901, lr 0.001
    epoch 29: loss 0.7639113684128594, minutes 103.33, val_ap 0.4623338327363237, lr 0.001
    epoch 30: loss 0.7628644023265615, minutes 106.16, val_ap 0.4575090770816804, lr 0.001
    epoch 31: loss 0.763647305085355, minutes 108.89, val_ap 0.46384041947414745, lr 0.001
    epoch 32: loss 0.7559369221929736, minutes 111.54, val_ap 0.45876834926082993, lr 0.001
    epoch 33: loss 0.7540104781221223, minutes 114.4, val_ap 0.4646690614370345, lr 0.001
    epoch 34: loss 0.7501058054450375, minutes 116.91, val_ap 0.4698481904154794, lr 0.001
    epoch 35: loss 0.7545168646330002, minutes 119.74, val_ap 0.46699140302551867, lr 0.0005
    epoch 36: loss 0.7334700293288935, minutes 122.33, val_ap 0.4700259834824061, lr 0.0005
    epoch 37: loss 0.7254906789268423, minutes 125.11, val_ap 0.470444917937477, lr 0.0005
    epoch 38: loss 0.7280281741647112, minutes 128.02, val_ap 0.47603606266235665, lr 0.0005
    epoch 39: loss 0.7248143514730786, minutes 130.82, val_ap 0.4705225976447584, lr 0.0005
    epoch 40: loss 0.7219308105191128, minutes 133.46, val_ap 0.47079364773804605, lr 0.0005
    epoch 41: loss 0.7215353769543987, minutes 136.31, val_ap 0.4687418090719816, lr 0.0005
    epoch 42: loss 0.724084915780781, minutes 139.17, val_ap 0.47232833021940224, lr 0.0005
    epoch 43: loss 0.7143398661341444, minutes 142.1, val_ap 0.47483464060543035, lr 0.0005
    epoch 44: loss 0.7168448251865854, minutes 144.66, val_ap 0.47306912579983174, lr 0.0005
    epoch 45: loss 0.7111519430607758, minutes 147.44, val_ap 0.4711606105897581, lr 0.0005
    epoch 46: loss 0.7098079494781943, minutes 150.15, val_ap 0.47558972428663715, lr 0.0005
    epoch 47: loss 0.7061434980706881, minutes 152.99, val_ap 0.4693977651705568, lr 0.00025
    epoch 48: loss 0.7025293488330489, minutes 155.68, val_ap 0.4710045923510155, lr 0.00025
    epoch 49: loss 0.6983639093353444, minutes 158.38, val_ap 0.4748022849861473, lr 0.00025
    epoch 50: loss 0.6911138684157557, minutes 161.01, val_ap 0.4721908822558654, lr 0.00025
    epoch 51: loss 0.6943684928369203, minutes 163.52, val_ap 0.4714537127171906, lr 0.00025
    epoch 52: loss 0.6896119954802046, minutes 166.06, val_ap 0.4745384998519014, lr 0.00025
    epoch 53: loss 0.683633635008095, minutes 168.67, val_ap 0.4719113080682535, lr 0.00025
    epoch 54: loss 0.6893848079262964, minutes 171.02, val_ap 0.46949543108465575, lr 0.00025
    epoch 55: loss 0.6856865932877432, minutes 173.54, val_ap 0.47310765183414333, lr 0.00025
    epoch 56: loss 0.6869972127195972, minutes 176.0, val_ap 0.4777252779417767, lr 0.00025
    epoch 57: loss 0.6841675849668931, minutes 178.53, val_ap 0.47472490393581246, lr 0.00025
    epoch 58: loss 0.6795562835247725, minutes 181.02, val_ap 0.4745937306006113, lr 0.00025
    epoch 59: loss 0.685222467520093, minutes 183.55, val_ap 0.4756386233023655, lr 0.00025
    epoch 60: loss 0.6806562609420527, minutes 186.11, val_ap 0.47467595870346124, lr 0.00025
    epoch 61: loss 0.6771815451699615, minutes 188.47, val_ap 0.4734703533448067, lr 0.00025
    epoch 62: loss 0.6839090031665443, minutes 190.66, val_ap 0.4718258204209081, lr 0.00025
    epoch 63: loss 0.6786725831111805, minutes 192.86, val_ap 0.4685872558924076, lr 0.00025
    epoch 64: loss 0.6732773776822443, minutes 194.9, val_ap 0.4735767966719713, lr 0.00025
    epoch 65: loss 0.6746343628272115, minutes 196.43, val_ap 0.4703571749490095, lr 0.000125
    epoch 66: loss 0.6655424620781168, minutes 197.92, val_ap 0.4703772037843397, lr 0.000125
    epoch 67: loss 0.6679239896119841, minutes 199.15, val_ap 0.4706599762271075, lr 0.000125
    epoch 68: loss 0.6657338249403358, minutes 200.54, val_ap 0.4681026489547734, lr 0.000125
    epoch 69: loss 0.6673220359038987, minutes 201.89, val_ap 0.46839157533236314, lr 0.000125
    epoch 70: loss 0.6666931784493011, minutes 203.27, val_ap 0.4704666703846488, lr 0.000125
    epoch 71: loss 0.6625493491856044, minutes 204.58, val_ap 0.4679716182935213, lr 0.000125
    epoch 72: loss 0.6650257018088495, minutes 205.83, val_ap 0.4701188573345531, lr 0.000125
    epoch 73: loss 0.6588493420573689, minutes 207.11, val_ap 0.4700529052324489, lr 0.000125
    epoch 74: loss 0.6615325417494614, minutes 208.37, val_ap 0.4694096641447773, lr 6.25e-05
    epoch 75: loss 0.6581249093049325, minutes 209.67, val_ap 0.4679855631019826, lr 6.25e-05
    epoch 76: loss 0.661047678565819, minutes 210.99, val_ap 0.4669913883193084, lr 6.25e-05
    epoch 77: loss 0.6569055765867233, minutes 212.3, val_ap 0.4671236059223134, lr 6.25e-05
    epoch 78: loss 0.6586926885999289, minutes 213.62, val_ap 0.4659407090551809, lr 6.25e-05
    epoch 79: loss 0.6574472212451417, minutes 214.94, val_ap 0.4673031089676158, lr 6.25e-05
    epoch 80: loss 0.6580540987869237, minutes 216.21, val_ap 0.46508562106093676, lr 6.25e-05
    stopping: no validation gain in 25 epochs
[knn_static pooled_both fold 3] done (217.9 min)
