loaded: dataset0 121,838 sites, data1 90,452
[h2gcn_aux_r400 dataset0 fold 2 seed 1]
    epoch 1: loss 1.9582, val_ap 0.1686, minutes 0.53, lr 3.33e-04
    epoch 2: loss 1.5877, val_ap 0.2858, minutes 1.1, lr 6.59e-04
    epoch 3: loss 1.3218, val_ap 0.4383, minutes 1.64, lr 9.89e-04
    epoch 4: loss 1.1954, val_ap 0.5395, minutes 2.17, lr 1.00e-03
    epoch 5: loss 1.1332, val_ap 0.5456, minutes 2.71, lr 1.00e-03
    epoch 6: loss 1.0700, val_ap 0.5627, minutes 3.26, lr 1.00e-03
    epoch 7: loss 1.0402, val_ap 0.5669, minutes 3.8, lr 1.00e-03
    epoch 8: loss 1.0255, val_ap 0.5702, minutes 4.31, lr 1.00e-03
    epoch 9: loss 0.9938, val_ap 0.5871, minutes 4.85, lr 1.00e-03
    epoch 10: loss 1.0002, val_ap 0.5899, minutes 5.46, lr 1.00e-03
    epoch 11: loss 0.9700, val_ap 0.5932, minutes 6.0, lr 1.00e-03
    epoch 12: loss 0.9488, val_ap 0.6021, minutes 6.54, lr 1.00e-03
    epoch 13: loss 0.9567, val_ap 0.5886, minutes 7.16, lr 1.00e-03
    epoch 14: loss 0.9371, val_ap 0.6046, minutes 7.7, lr 1.00e-03
    epoch 15: loss 0.9338, val_ap 0.5968, minutes 8.24, lr 1.00e-03
    epoch 16: loss 0.9050, val_ap 0.6070, minutes 8.8, lr 1.00e-03
    epoch 17: loss 0.9052, val_ap 0.5966, minutes 9.38, lr 1.00e-03
    epoch 18: loss 0.9076, val_ap 0.6074, minutes 9.97, lr 1.00e-03
    epoch 19: loss 0.9251, val_ap 0.6060, minutes 10.55, lr 1.00e-03
    epoch 20: loss 0.8938, val_ap 0.6066, minutes 11.11, lr 1.00e-03
    epoch 21: loss 0.8966, val_ap 0.6158, minutes 11.66, lr 1.00e-03
    epoch 22: loss 0.8815, val_ap 0.6097, minutes 12.21, lr 1.00e-03
    epoch 23: loss 0.9038, val_ap 0.6127, minutes 12.8, lr 1.00e-03
    epoch 24: loss 0.8883, val_ap 0.6091, minutes 13.37, lr 1.00e-03
    epoch 25: loss 0.8749, val_ap 0.6221, minutes 13.93, lr 1.00e-03
    epoch 26: loss 0.8972, val_ap 0.6026, minutes 14.49, lr 1.00e-03
    epoch 27: loss 0.9139, val_ap 0.6209, minutes 15.04, lr 1.00e-03
    epoch 28: loss 0.8685, val_ap 0.6154, minutes 15.63, lr 1.00e-03
    epoch 29: loss 0.8778, val_ap 0.6267, minutes 16.17, lr 1.00e-03
    epoch 30: loss 0.8474, val_ap 0.6226, minutes 16.75, lr 1.00e-03
    epoch 31: loss 0.8582, val_ap 0.6087, minutes 17.3, lr 1.00e-03
    epoch 32: loss 0.8530, val_ap 0.6212, minutes 17.85, lr 1.00e-03
    epoch 33: loss 0.8417, val_ap 0.6124, minutes 18.36, lr 1.00e-03
    epoch 34: loss 0.8505, val_ap 0.6256, minutes 18.88, lr 1.00e-03
    epoch 35: loss 0.8394, val_ap 0.6255, minutes 19.41, lr 1.00e-03
    epoch 36: loss 0.8285, val_ap 0.6114, minutes 19.95, lr 1.00e-03
    epoch 37: loss 0.8569, val_ap 0.6261, minutes 20.52, lr 1.00e-03
    epoch 38: loss 0.8256, val_ap 0.6234, minutes 21.08, lr 5.00e-04
    epoch 39: loss 0.8206, val_ap 0.6255, minutes 21.62, lr 5.00e-04
    epoch 40: loss 0.8092, val_ap 0.6225, minutes 22.18, lr 5.00e-04
    epoch 41: loss 0.8147, val_ap 0.6291, minutes 22.72, lr 5.00e-04
    epoch 42: loss 0.7958, val_ap 0.6306, minutes 23.31, lr 5.00e-04
    epoch 43: loss 0.7945, val_ap 0.6318, minutes 23.86, lr 5.00e-04
    epoch 44: loss 0.8080, val_ap 0.6282, minutes 24.4, lr 5.00e-04
    epoch 45: loss 0.8246, val_ap 0.6329, minutes 24.95, lr 5.00e-04
    epoch 46: loss 0.8793, val_ap 0.6265, minutes 25.5, lr 5.00e-04
    epoch 47: loss 0.8050, val_ap 0.6274, minutes 26.05, lr 5.00e-04
    epoch 48: loss 0.8030, val_ap 0.6278, minutes 26.62, lr 5.00e-04
    epoch 49: loss 0.7994, val_ap 0.6324, minutes 27.16, lr 5.00e-04
    epoch 50: loss 0.8024, val_ap 0.6259, minutes 27.68, lr 5.00e-04
    epoch 51: loss 0.7930, val_ap 0.6235, minutes 28.21, lr 5.00e-04
    epoch 52: loss 0.7961, val_ap 0.6284, minutes 28.73, lr 5.00e-04
    epoch 53: loss 0.8062, val_ap 0.6254, minutes 29.26, lr 5.00e-04
    epoch 54: loss 0.7950, val_ap 0.6294, minutes 29.79, lr 2.50e-04
    epoch 55: loss 0.7811, val_ap 0.6282, minutes 30.31, lr 2.50e-04
    epoch 56: loss 0.7616, val_ap 0.6278, minutes 30.85, lr 2.50e-04
    epoch 57: loss 0.7782, val_ap 0.6303, minutes 31.37, lr 2.50e-04
    epoch 58: loss 0.7703, val_ap 0.6313, minutes 31.86, lr 2.50e-04
    epoch 59: loss 0.7756, val_ap 0.6341, minutes 32.44, lr 2.50e-04
    epoch 60: loss 0.7657, val_ap 0.6270, minutes 32.95, lr 2.50e-04
    epoch 61: loss 0.7744, val_ap 0.6323, minutes 33.52, lr 2.50e-04
    epoch 62: loss 0.7596, val_ap 0.6332, minutes 34.07, lr 2.50e-04
    epoch 63: loss 0.7539, val_ap 0.6301, minutes 34.65, lr 2.50e-04
    epoch 64: loss 0.7733, val_ap 0.6314, minutes 35.21, lr 2.50e-04
    epoch 65: loss 0.7596, val_ap 0.6280, minutes 35.77, lr 2.50e-04
    epoch 66: loss 0.7744, val_ap 0.6335, minutes 36.34, lr 2.50e-04
    epoch 67: loss 0.7610, val_ap 0.6332, minutes 36.9, lr 2.50e-04
    epoch 68: loss 0.7653, val_ap 0.6308, minutes 37.43, lr 1.25e-04
    epoch 69: loss 0.7613, val_ap 0.6316, minutes 37.94, lr 1.25e-04
    epoch 70: loss 0.7487, val_ap 0.6317, minutes 38.46, lr 1.25e-04
    epoch 71: loss 0.7517, val_ap 0.6319, minutes 38.97, lr 1.25e-04
    epoch 72: loss 0.7580, val_ap 0.6320, minutes 39.5, lr 1.25e-04
    epoch 73: loss 0.7530, val_ap 0.6324, minutes 40.06, lr 1.25e-04
    epoch 74: loss 0.7599, val_ap 0.6330, minutes 40.59, lr 1.25e-04
    epoch 75: loss 0.7478, val_ap 0.6318, minutes 41.11, lr 1.25e-04
    epoch 76: loss 0.7522, val_ap 0.6320, minutes 41.63, lr 1.25e-04
    epoch 77: loss 0.7484, val_ap 0.6338, minutes 42.13, lr 6.25e-05
    epoch 78: loss 0.7417, val_ap 0.6337, minutes 42.67, lr 6.25e-05
    epoch 79: loss 0.7500, val_ap 0.6338, minutes 43.2, lr 6.25e-05
    epoch 80: loss 0.7446, val_ap 0.6346, minutes 43.71, lr 6.25e-05
    epoch 81: loss 0.7321, val_ap 0.6334, minutes 44.26, lr 6.25e-05
    epoch 82: loss 0.7481, val_ap 0.6326, minutes 44.8, lr 6.25e-05
    epoch 83: loss 0.7479, val_ap 0.6335, minutes 45.35, lr 6.25e-05
    epoch 84: loss 0.7467, val_ap 0.6334, minutes 45.88, lr 6.25e-05
    epoch 85: loss 0.7480, val_ap 0.6332, minutes 46.4, lr 6.25e-05
    epoch 86: loss 0.7505, val_ap 0.6339, minutes 46.96, lr 6.25e-05
    epoch 87: loss 0.7526, val_ap 0.6336, minutes 47.5, lr 6.25e-05
    epoch 88: loss 0.7423, val_ap 0.6331, minutes 48.01, lr 6.25e-05
    epoch 89: loss 0.7487, val_ap 0.6338, minutes 48.54, lr 3.13e-05
    epoch 90: loss 0.7466, val_ap 0.6340, minutes 49.07, lr 3.13e-05
    epoch 91: loss 0.7381, val_ap 0.6336, minutes 49.59, lr 3.13e-05
    epoch 92: loss 0.8014, val_ap 0.6341, minutes 50.12, lr 3.13e-05
    epoch 93: loss 0.7572, val_ap 0.6329, minutes 50.66, lr 3.13e-05
    epoch 94: loss 0.7447, val_ap 0.6324, minutes 51.19, lr 3.13e-05
    epoch 95: loss 0.7346, val_ap 0.6328, minutes 51.73, lr 3.13e-05
    epoch 96: loss 0.7402, val_ap 0.6314, minutes 52.28, lr 3.13e-05
    epoch 97: loss 0.7426, val_ap 0.6320, minutes 52.79, lr 3.13e-05
    epoch 98: loss 0.7430, val_ap 0.6310, minutes 53.28, lr 1.56e-05
    epoch 99: loss 0.7339, val_ap 0.6319, minutes 53.77, lr 1.56e-05
    epoch 100: loss 0.7471, val_ap 0.6320, minutes 54.26, lr 1.56e-05
    epoch 101: loss 0.7482, val_ap 0.6323, minutes 54.73, lr 1.56e-05
    epoch 102: loss 0.7417, val_ap 0.6324, minutes 55.22, lr 1.56e-05
    epoch 103: loss 0.7376, val_ap 0.6323, minutes 55.66, lr 1.56e-05
    epoch 104: loss 0.7378, val_ap 0.6324, minutes 56.08, lr 1.56e-05
    epoch 105: loss 0.7300, val_ap 0.6325, minutes 56.52, lr 1.56e-05
    stopping: no validation gain in 25 epochs
[h2gcn_aux_r400 dataset0 fold 2 seed 1] done (57.0 min)
