loaded: dataset0 121,838 sites, data1 90,452
[h2gcn_aux_r400 pooled_both fold 4]
    epoch 1: loss 1.8881, val_ap 0.1681, minutes 0.69, lr 3.31e-04
    epoch 2: loss 1.5305, val_ap 0.3557, minutes 1.48, lr 6.60e-04
    epoch 3: loss 1.3692, val_ap 0.4428, minutes 2.28, lr 9.89e-04
    epoch 4: loss 1.3048, val_ap 0.4577, minutes 3.05, lr 1.00e-03
    epoch 5: loss 1.2685, val_ap 0.4688, minutes 3.8, lr 1.00e-03
    epoch 6: loss 1.2508, val_ap 0.4755, minutes 4.5, lr 1.00e-03
    epoch 7: loss 1.2387, val_ap 0.4690, minutes 5.21, lr 1.00e-03
    epoch 8: loss 1.2265, val_ap 0.4724, minutes 5.92, lr 1.00e-03
    epoch 9: loss 1.2279, val_ap 0.4811, minutes 6.63, lr 1.00e-03
    epoch 10: loss 1.2040, val_ap 0.4811, minutes 7.39, lr 1.00e-03
    epoch 11: loss 1.1979, val_ap 0.4839, minutes 8.12, lr 1.00e-03
    epoch 12: loss 1.1975, val_ap 0.4778, minutes 8.86, lr 1.00e-03
    epoch 13: loss 1.1793, val_ap 0.4809, minutes 10.0, lr 1.00e-03
    epoch 14: loss 1.1836, val_ap 0.4858, minutes 11.51, lr 1.00e-03
    epoch 15: loss 1.1830, val_ap 0.4850, minutes 13.03, lr 1.00e-03
    epoch 16: loss 1.1687, val_ap 0.4842, minutes 14.63, lr 1.00e-03
    epoch 17: loss 1.1728, val_ap 0.4847, minutes 16.14, lr 1.00e-03
    epoch 18: loss 1.1621, val_ap 0.4877, minutes 17.69, lr 1.00e-03
    epoch 19: loss 1.1614, val_ap 0.4900, minutes 19.22, lr 1.00e-03
    epoch 20: loss 1.1625, val_ap 0.4869, minutes 20.73, lr 1.00e-03
    epoch 21: loss 1.1477, val_ap 0.4892, minutes 22.3, lr 1.00e-03
    epoch 22: loss 1.1415, val_ap 0.4945, minutes 23.89, lr 1.00e-03
    epoch 23: loss 1.1531, val_ap 0.4900, minutes 25.38, lr 1.00e-03
    epoch 24: loss 1.1450, val_ap 0.4825, minutes 26.87, lr 1.00e-03
    epoch 25: loss 1.1364, val_ap 0.4825, minutes 28.41, lr 1.00e-03
    epoch 26: loss 1.1461, val_ap 0.4919, minutes 29.93, lr 1.00e-03
    epoch 27: loss 1.1281, val_ap 0.4943, minutes 31.49, lr 1.00e-03
    epoch 28: loss 1.1285, val_ap 0.4884, minutes 33.07, lr 1.00e-03
    epoch 29: loss 1.1252, val_ap 0.4967, minutes 34.64, lr 1.00e-03
    epoch 30: loss 1.1245, val_ap 0.4919, minutes 36.2, lr 1.00e-03
    epoch 31: loss 1.1196, val_ap 0.4929, minutes 37.76, lr 1.00e-03
    epoch 32: loss 1.1205, val_ap 0.4953, minutes 39.35, lr 1.00e-03
    epoch 33: loss 1.1210, val_ap 0.4880, minutes 40.89, lr 1.00e-03
    epoch 34: loss 1.1043, val_ap 0.4889, minutes 42.48, lr 1.00e-03
    epoch 35: loss 1.1057, val_ap 0.4911, minutes 44.02, lr 1.00e-03
    epoch 36: loss 1.1018, val_ap 0.4940, minutes 45.6, lr 1.00e-03
    epoch 37: loss 1.0959, val_ap 0.4989, minutes 47.18, lr 1.00e-03
    epoch 38: loss 1.1011, val_ap 0.4947, minutes 48.72, lr 1.00e-03
    epoch 39: loss 1.0971, val_ap 0.5049, minutes 50.3, lr 1.00e-03
    epoch 40: loss 1.0790, val_ap 0.4938, minutes 51.82, lr 1.00e-03
    epoch 41: loss 1.0882, val_ap 0.4892, minutes 53.39, lr 1.00e-03
    epoch 42: loss 1.0837, val_ap 0.5007, minutes 55.01, lr 1.00e-03
    epoch 43: loss 1.0784, val_ap 0.4911, minutes 56.58, lr 1.00e-03
    epoch 44: loss 1.0672, val_ap 0.4864, minutes 58.08, lr 1.00e-03
    epoch 45: loss 1.0746, val_ap 0.4793, minutes 59.61, lr 1.00e-03
    epoch 46: loss 1.0681, val_ap 0.4836, minutes 61.16, lr 1.00e-03
    epoch 47: loss 1.0704, val_ap 0.4804, minutes 62.73, lr 1.00e-03
    epoch 48: loss 1.0585, val_ap 0.4728, minutes 64.27, lr 5.00e-04
    epoch 49: loss 1.0495, val_ap 0.4925, minutes 65.84, lr 5.00e-04
    epoch 50: loss 1.0395, val_ap 0.4830, minutes 67.4, lr 5.00e-04
    epoch 51: loss 1.0303, val_ap 0.4689, minutes 68.93, lr 5.00e-04
    epoch 52: loss 1.0404, val_ap 0.4622, minutes 70.38, lr 5.00e-04
    epoch 53: loss 1.0398, val_ap 0.4706, minutes 71.81, lr 5.00e-04
    epoch 54: loss 1.0355, val_ap 0.4718, minutes 73.17, lr 5.00e-04
    epoch 55: loss 1.0196, val_ap 0.4630, minutes 74.43, lr 5.00e-04
    epoch 56: loss 1.0281, val_ap 0.4552, minutes 75.65, lr 5.00e-04
    epoch 57: loss 1.0232, val_ap 0.4729, minutes 76.89, lr 2.50e-04
    epoch 58: loss 1.0128, val_ap 0.4606, minutes 78.14, lr 2.50e-04
    epoch 59: loss 1.0100, val_ap 0.4655, minutes 79.32, lr 2.50e-04
    epoch 60: loss 1.0131, val_ap 0.4572, minutes 80.47, lr 2.50e-04
    epoch 61: loss 1.0041, val_ap 0.4439, minutes 81.61, lr 2.50e-04
    epoch 62: loss 1.0029, val_ap 0.4582, minutes 82.63, lr 2.50e-04
    epoch 63: loss 1.0013, val_ap 0.4629, minutes 83.64, lr 2.50e-04
    epoch 64: loss 1.0049, val_ap 0.4492, minutes 84.65, lr 2.50e-04
    stopping: no validation gain in 25 epochs
[h2gcn_aux_r400 pooled_both fold 4] done (85.4 min)
