loaded: dataset0 121,838 sites, data1 90,452
[gps pooled_both fold 3 seed 2]
    epoch 1: loss 1.8966, val_ap 0.1637, minutes 2.46, lr 3.31e-04
    epoch 2: loss 1.5385, val_ap 0.3168, minutes 4.99, lr 6.60e-04
    epoch 3: loss 1.3934, val_ap 0.3998, minutes 7.41, lr 9.89e-04
    epoch 4: loss 1.3061, val_ap 0.4314, minutes 9.94, lr 1.00e-03
    epoch 5: loss 1.2529, val_ap 0.4504, minutes 12.51, lr 1.00e-03
    epoch 6: loss 1.2316, val_ap 0.4484, minutes 15.09, lr 1.00e-03
    epoch 7: loss 1.2278, val_ap 0.4536, minutes 17.65, lr 1.00e-03
    epoch 8: loss 1.2017, val_ap 0.4553, minutes 20.15, lr 1.00e-03
    epoch 9: loss 1.1874, val_ap 0.4650, minutes 22.73, lr 1.00e-03
    epoch 10: loss 1.1902, val_ap 0.4677, minutes 25.26, lr 1.00e-03
    epoch 11: loss 1.1599, val_ap 0.4718, minutes 27.75, lr 1.00e-03
    epoch 12: loss 1.1590, val_ap 0.4730, minutes 30.37, lr 1.00e-03
    epoch 13: loss 1.1508, val_ap 0.4872, minutes 32.82, lr 1.00e-03
    epoch 14: loss 1.1488, val_ap 0.4844, minutes 35.29, lr 1.00e-03
    epoch 15: loss 1.1353, val_ap 0.4888, minutes 37.72, lr 1.00e-03
    epoch 16: loss 1.1317, val_ap 0.4884, minutes 40.22, lr 1.00e-03
    epoch 17: loss 1.1358, val_ap 0.4961, minutes 42.66, lr 1.00e-03
    epoch 18: loss 1.1203, val_ap 0.4933, minutes 45.2, lr 1.00e-03
    epoch 19: loss 1.1250, val_ap 0.5022, minutes 47.77, lr 1.00e-03
    epoch 20: loss 1.1063, val_ap 0.4946, minutes 50.24, lr 1.00e-03
    epoch 21: loss 1.1067, val_ap 0.5001, minutes 52.78, lr 1.00e-03
    epoch 22: loss 1.1132, val_ap 0.5023, minutes 55.23, lr 1.00e-03
    epoch 23: loss 1.1023, val_ap 0.4989, minutes 57.79, lr 1.00e-03
    epoch 24: loss 1.0844, val_ap 0.4943, minutes 60.27, lr 1.00e-03
    epoch 25: loss 1.0981, val_ap 0.5075, minutes 62.76, lr 1.00e-03
    epoch 26: loss 1.0843, val_ap 0.5043, minutes 65.32, lr 1.00e-03
    epoch 27: loss 1.0784, val_ap 0.4982, minutes 67.77, lr 1.00e-03
    epoch 28: loss 1.0695, val_ap 0.5007, minutes 70.35, lr 1.00e-03
    epoch 29: loss 1.0651, val_ap 0.4932, minutes 72.83, lr 1.00e-03
    epoch 30: loss 1.0741, val_ap 0.5057, minutes 75.33, lr 1.00e-03
    epoch 31: loss 1.0611, val_ap 0.5012, minutes 77.78, lr 1.00e-03
    epoch 32: loss 1.0484, val_ap 0.5095, minutes 80.26, lr 1.00e-03
    epoch 33: loss 1.0517, val_ap 0.4995, minutes 82.71, lr 1.00e-03
    epoch 34: loss 1.0451, val_ap 0.4957, minutes 85.12, lr 1.00e-03
    epoch 35: loss 1.0345, val_ap 0.5059, minutes 87.59, lr 1.00e-03
    epoch 36: loss 1.0279, val_ap 0.4874, minutes 90.01, lr 1.00e-03
    epoch 37: loss 1.0312, val_ap 0.4927, minutes 92.5, lr 1.00e-03
    epoch 38: loss 1.0192, val_ap 0.4920, minutes 95.02, lr 1.00e-03
    epoch 39: loss 1.0104, val_ap 0.4714, minutes 97.46, lr 1.00e-03
    epoch 40: loss 0.9999, val_ap 0.4914, minutes 99.93, lr 1.00e-03
    epoch 41: loss 1.0066, val_ap 0.4829, minutes 102.33, lr 5.00e-04
    epoch 42: loss 0.9756, val_ap 0.4913, minutes 104.73, lr 5.00e-04
    epoch 43: loss 0.9692, val_ap 0.4811, minutes 107.16, lr 5.00e-04
    epoch 44: loss 0.9589, val_ap 0.4829, minutes 109.54, lr 5.00e-04
    epoch 45: loss 0.9583, val_ap 0.4904, minutes 111.97, lr 5.00e-04
    epoch 46: loss 0.9459, val_ap 0.4840, minutes 114.4, lr 5.00e-04
    epoch 47: loss 0.9430, val_ap 0.4909, minutes 116.71, lr 5.00e-04
    epoch 48: loss 0.9424, val_ap 0.4869, minutes 119.09, lr 5.00e-04
    epoch 49: loss 0.9344, val_ap 0.4901, minutes 121.46, lr 5.00e-04
    epoch 50: loss 0.9335, val_ap 0.4765, minutes 123.8, lr 2.50e-04
    epoch 51: loss 0.9136, val_ap 0.4755, minutes 126.09, lr 2.50e-04
    epoch 52: loss 0.9098, val_ap 0.4763, minutes 128.33, lr 2.50e-04
    epoch 53: loss 0.9083, val_ap 0.4832, minutes 130.41, lr 2.50e-04
    epoch 54: loss 0.9065, val_ap 0.4761, minutes 132.35, lr 2.50e-04
    epoch 55: loss 0.9011, val_ap 0.4761, minutes 134.08, lr 2.50e-04
    epoch 56: loss 0.8957, val_ap 0.4818, minutes 135.74, lr 2.50e-04
    epoch 57: loss 0.8988, val_ap 0.4847, minutes 137.31, lr 2.50e-04
    stopping: no validation gain in 25 epochs
[gps pooled_both fold 3 seed 2] done (137.9 min)
