loaded: dataset0 121,838 sites, data1 90,452
[scalar_random pooled_both fold 0 seed 1]
    kernel decay scale 118.2 nt (fitted to cell line 1 training labels)
    epoch 1: loss 1.9042, val_ap 0.1599, minutes 0.76, lr 3.31e-04
    epoch 2: loss 1.5526, val_ap 0.2961, minutes 1.47, lr 6.60e-04
    epoch 3: loss 1.4234, val_ap 0.3588, minutes 2.19, lr 9.89e-04
    epoch 4: loss 1.3643, val_ap 0.3689, minutes 2.89, lr 1.00e-03
    epoch 5: loss 1.3426, val_ap 0.3776, minutes 3.66, lr 1.00e-03
    epoch 6: loss 1.3261, val_ap 0.3890, minutes 4.41, lr 1.00e-03
    epoch 7: loss 1.3066, val_ap 0.3902, minutes 5.17, lr 1.00e-03
    epoch 8: loss 1.3036, val_ap 0.3861, minutes 5.97, lr 1.00e-03
    epoch 9: loss 1.2982, val_ap 0.3935, minutes 6.77, lr 1.00e-03
    epoch 10: loss 1.2918, val_ap 0.3983, minutes 7.56, lr 1.00e-03
    epoch 11: loss 1.2770, val_ap 0.3990, minutes 8.36, lr 1.00e-03
    epoch 12: loss 1.2742, val_ap 0.4076, minutes 9.19, lr 1.00e-03
    epoch 13: loss 1.2687, val_ap 0.4073, minutes 10.01, lr 1.00e-03
    epoch 14: loss 1.2667, val_ap 0.4125, minutes 10.76, lr 1.00e-03
    epoch 15: loss 1.2703, val_ap 0.4148, minutes 11.52, lr 1.00e-03
    epoch 16: loss 1.2507, val_ap 0.4147, minutes 12.24, lr 1.00e-03
    epoch 17: loss 1.2582, val_ap 0.4066, minutes 12.99, lr 1.00e-03
    epoch 18: loss 1.2500, val_ap 0.4166, minutes 13.71, lr 1.00e-03
    epoch 19: loss 1.2477, val_ap 0.4237, minutes 14.48, lr 1.00e-03
    epoch 20: loss 1.2441, val_ap 0.4216, minutes 15.27, lr 1.00e-03
    epoch 21: loss 1.2353, val_ap 0.4249, minutes 16.05, lr 1.00e-03
    epoch 22: loss 1.2408, val_ap 0.4148, minutes 16.96, lr 1.00e-03
    epoch 23: loss 1.2413, val_ap 0.4287, minutes 17.78, lr 1.00e-03
    epoch 24: loss 1.2278, val_ap 0.4316, minutes 18.63, lr 1.00e-03
    epoch 25: loss 1.2265, val_ap 0.4299, minutes 19.49, lr 1.00e-03
    epoch 26: loss 1.2279, val_ap 0.4263, minutes 20.25, lr 1.00e-03
    epoch 27: loss 1.2262, val_ap 0.4355, minutes 21.03, lr 1.00e-03
    epoch 28: loss 1.2208, val_ap 0.4351, minutes 21.78, lr 1.00e-03
    epoch 29: loss 1.2225, val_ap 0.4338, minutes 22.53, lr 1.00e-03
    epoch 30: loss 1.2189, val_ap 0.4310, minutes 23.34, lr 1.00e-03
    epoch 31: loss 1.2106, val_ap 0.4374, minutes 24.15, lr 1.00e-03
    epoch 32: loss 1.2029, val_ap 0.4392, minutes 24.92, lr 1.00e-03
    epoch 33: loss 1.2015, val_ap 0.4376, minutes 25.72, lr 1.00e-03
    epoch 34: loss 1.2064, val_ap 0.4290, minutes 26.47, lr 1.00e-03
    epoch 35: loss 1.2078, val_ap 0.4431, minutes 27.21, lr 1.00e-03
    epoch 36: loss 1.1988, val_ap 0.4422, minutes 27.96, lr 1.00e-03
    epoch 37: loss 1.1927, val_ap 0.4396, minutes 28.7, lr 1.00e-03
    epoch 38: loss 1.1921, val_ap 0.4441, minutes 29.45, lr 1.00e-03
    epoch 39: loss 1.1977, val_ap 0.4471, minutes 30.17, lr 1.00e-03
    epoch 40: loss 1.1863, val_ap 0.4397, minutes 30.92, lr 1.00e-03
    epoch 41: loss 1.1844, val_ap 0.4404, minutes 31.67, lr 1.00e-03
    epoch 42: loss 1.1783, val_ap 0.4400, minutes 32.53, lr 1.00e-03
    epoch 43: loss 1.1792, val_ap 0.4434, minutes 33.32, lr 1.00e-03
    epoch 44: loss 1.1784, val_ap 0.4443, minutes 34.1, lr 1.00e-03
    epoch 45: loss 1.1840, val_ap 0.4393, minutes 34.91, lr 1.00e-03
    epoch 46: loss 1.1773, val_ap 0.4464, minutes 35.68, lr 1.00e-03
    epoch 47: loss 1.1733, val_ap 0.4522, minutes 36.48, lr 1.00e-03
    epoch 48: loss 1.1795, val_ap 0.4452, minutes 37.28, lr 1.00e-03
    epoch 49: loss 1.1679, val_ap 0.4452, minutes 38.04, lr 1.00e-03
    epoch 50: loss 1.1674, val_ap 0.4437, minutes 38.78, lr 1.00e-03
    epoch 51: loss 1.1681, val_ap 0.4492, minutes 39.52, lr 1.00e-03
    epoch 52: loss 1.1703, val_ap 0.4386, minutes 40.26, lr 1.00e-03
    epoch 53: loss 1.1559, val_ap 0.4475, minutes 41.06, lr 1.00e-03
    epoch 54: loss 1.1608, val_ap 0.4519, minutes 41.79, lr 1.00e-03
    epoch 55: loss 1.1515, val_ap 0.4453, minutes 42.57, lr 1.00e-03
    epoch 56: loss 1.1546, val_ap 0.4452, minutes 43.29, lr 5.00e-04
    epoch 57: loss 1.1357, val_ap 0.4439, minutes 44.09, lr 5.00e-04
    epoch 58: loss 1.1347, val_ap 0.4490, minutes 44.86, lr 5.00e-04
    epoch 59: loss 1.1353, val_ap 0.4499, minutes 45.61, lr 5.00e-04
    epoch 60: loss 1.1351, val_ap 0.4419, minutes 46.36, lr 5.00e-04
    epoch 61: loss 1.1298, val_ap 0.4457, minutes 47.1, lr 5.00e-04
    epoch 62: loss 1.1320, val_ap 0.4491, minutes 47.84, lr 5.00e-04
    epoch 63: loss 1.1278, val_ap 0.4469, minutes 48.55, lr 5.00e-04
    epoch 64: loss 1.1240, val_ap 0.4437, minutes 49.28, lr 5.00e-04
    epoch 65: loss 1.1277, val_ap 0.4479, minutes 50.07, lr 2.50e-04
    epoch 66: loss 1.1194, val_ap 0.4480, minutes 50.86, lr 2.50e-04
    epoch 67: loss 1.1158, val_ap 0.4449, minutes 51.65, lr 2.50e-04
    epoch 68: loss 1.1061, val_ap 0.4456, minutes 52.41, lr 2.50e-04
    epoch 69: loss 1.1096, val_ap 0.4446, minutes 53.2, lr 2.50e-04
    epoch 70: loss 1.1124, val_ap 0.4452, minutes 53.99, lr 2.50e-04
    epoch 71: loss 1.1119, val_ap 0.4460, minutes 54.73, lr 2.50e-04
    epoch 72: loss 1.1104, val_ap 0.4426, minutes 55.52, lr 2.50e-04
    stopping: no validation gain in 25 epochs
[scalar_random pooled_both fold 0 seed 1] done (56.2 min)
