loaded: dataset0 121,838 sites, data1 90,452
[fk_band pooled_both fold 1 seed 1]
    band weights [0.415, 0.354, 0.231] (bands ((0, 30), (30, 75), (75, 150)))
    epoch 1: loss 1.9055, val_ap 0.1747, minutes 0.84, lr 3.31e-04
    epoch 2: loss 1.5532, val_ap 0.3419, minutes 1.68, lr 6.60e-04
    epoch 3: loss 1.3668, val_ap 0.4517, minutes 2.62, lr 9.89e-04
    epoch 4: loss 1.2985, val_ap 0.4670, minutes 3.46, lr 1.00e-03
    epoch 5: loss 1.2579, val_ap 0.4752, minutes 4.27, lr 1.00e-03
    epoch 6: loss 1.2345, val_ap 0.4721, minutes 5.17, lr 1.00e-03
    epoch 7: loss 1.2280, val_ap 0.4739, minutes 6.03, lr 1.00e-03
    epoch 8: loss 1.2226, val_ap 0.4850, minutes 6.86, lr 1.00e-03
    epoch 9: loss 1.2188, val_ap 0.4756, minutes 7.7, lr 1.00e-03
    epoch 10: loss 1.2084, val_ap 0.4812, minutes 8.52, lr 1.00e-03
    epoch 11: loss 1.1956, val_ap 0.4798, minutes 9.35, lr 1.00e-03
    epoch 12: loss 1.1974, val_ap 0.4890, minutes 10.19, lr 1.00e-03
    epoch 13: loss 1.1857, val_ap 0.4851, minutes 11.01, lr 1.00e-03
    epoch 14: loss 1.1901, val_ap 0.4887, minutes 11.81, lr 1.00e-03
    epoch 15: loss 1.1980, val_ap 0.4836, minutes 12.63, lr 1.00e-03
    epoch 16: loss 1.1851, val_ap 0.4862, minutes 13.44, lr 1.00e-03
    epoch 17: loss 1.1809, val_ap 0.4860, minutes 14.23, lr 1.00e-03
    epoch 18: loss 1.1655, val_ap 0.4803, minutes 15.04, lr 1.00e-03
    epoch 19: loss 1.1731, val_ap 0.4868, minutes 15.85, lr 1.00e-03
    epoch 20: loss 1.1700, val_ap 0.4878, minutes 16.65, lr 1.00e-03
    epoch 21: loss 1.1634, val_ap 0.4876, minutes 17.49, lr 5.00e-04
    epoch 22: loss 1.1469, val_ap 0.4893, minutes 18.29, lr 5.00e-04
    epoch 23: loss 1.1417, val_ap 0.4890, minutes 19.1, lr 5.00e-04
    epoch 24: loss 1.1442, val_ap 0.4910, minutes 19.93, lr 5.00e-04
    epoch 25: loss 1.1384, val_ap 0.4910, minutes 20.72, lr 5.00e-04
    epoch 26: loss 1.1374, val_ap 0.4908, minutes 21.59, lr 5.00e-04
    epoch 27: loss 1.1283, val_ap 0.4914, minutes 22.39, lr 5.00e-04
    epoch 28: loss 1.1282, val_ap 0.4899, minutes 23.18, lr 5.00e-04
    epoch 29: loss 1.1267, val_ap 0.4904, minutes 23.97, lr 5.00e-04
    epoch 30: loss 1.1257, val_ap 0.4916, minutes 24.76, lr 5.00e-04
    epoch 31: loss 1.1243, val_ap 0.4914, minutes 25.57, lr 5.00e-04
    epoch 32: loss 1.1202, val_ap 0.4917, minutes 26.42, lr 5.00e-04
    epoch 33: loss 1.1266, val_ap 0.4887, minutes 27.24, lr 5.00e-04
    epoch 34: loss 1.1191, val_ap 0.4885, minutes 28.06, lr 5.00e-04
    epoch 35: loss 1.1143, val_ap 0.4942, minutes 28.83, lr 5.00e-04
    epoch 36: loss 1.1076, val_ap 0.4885, minutes 29.63, lr 5.00e-04
    epoch 37: loss 1.1128, val_ap 0.4916, minutes 30.4, lr 5.00e-04
    epoch 38: loss 1.1058, val_ap 0.4940, minutes 31.23, lr 5.00e-04
    epoch 39: loss 1.1030, val_ap 0.4908, minutes 32.05, lr 5.00e-04
    epoch 40: loss 1.1036, val_ap 0.4887, minutes 32.81, lr 5.00e-04
    epoch 41: loss 1.1063, val_ap 0.4856, minutes 33.66, lr 5.00e-04
    epoch 42: loss 1.0955, val_ap 0.4963, minutes 34.53, lr 5.00e-04
    epoch 43: loss 1.1001, val_ap 0.4918, minutes 35.34, lr 5.00e-04
    epoch 44: loss 1.0958, val_ap 0.4945, minutes 36.14, lr 5.00e-04
    epoch 45: loss 1.0894, val_ap 0.4956, minutes 36.95, lr 5.00e-04
    epoch 46: loss 1.0991, val_ap 0.4947, minutes 37.75, lr 5.00e-04
    epoch 47: loss 1.0879, val_ap 0.4918, minutes 38.56, lr 5.00e-04
    epoch 48: loss 1.0943, val_ap 0.4936, minutes 39.35, lr 5.00e-04
    epoch 49: loss 1.0936, val_ap 0.4927, minutes 40.17, lr 5.00e-04
    epoch 50: loss 1.0800, val_ap 0.4919, minutes 40.98, lr 5.00e-04
    epoch 51: loss 1.0789, val_ap 0.4943, minutes 41.81, lr 2.50e-04
    epoch 52: loss 1.0712, val_ap 0.4937, minutes 42.63, lr 2.50e-04
    epoch 53: loss 1.0637, val_ap 0.4927, minutes 43.43, lr 2.50e-04
    epoch 54: loss 1.0653, val_ap 0.4885, minutes 44.3, lr 2.50e-04
    epoch 55: loss 1.0624, val_ap 0.4920, minutes 45.12, lr 2.50e-04
    epoch 56: loss 1.0566, val_ap 0.4908, minutes 45.94, lr 2.50e-04
    epoch 57: loss 1.0573, val_ap 0.4914, minutes 46.74, lr 2.50e-04
    epoch 58: loss 1.0598, val_ap 0.4966, minutes 47.54, lr 2.50e-04
    epoch 59: loss 1.0593, val_ap 0.4881, minutes 48.35, lr 2.50e-04
    epoch 60: loss 1.0573, val_ap 0.4981, minutes 49.16, lr 2.50e-04
    epoch 61: loss 1.0578, val_ap 0.4931, minutes 49.99, lr 2.50e-04
    epoch 62: loss 1.0537, val_ap 0.4935, minutes 50.82, lr 2.50e-04
    epoch 63: loss 1.0519, val_ap 0.4904, minutes 51.59, lr 2.50e-04
    epoch 64: loss 1.0569, val_ap 0.4940, minutes 52.43, lr 2.50e-04
    epoch 65: loss 1.0508, val_ap 0.4898, minutes 53.27, lr 2.50e-04
    epoch 66: loss 1.0512, val_ap 0.4895, minutes 54.11, lr 2.50e-04
    epoch 67: loss 1.0526, val_ap 0.4937, minutes 54.92, lr 2.50e-04
    epoch 68: loss 1.0505, val_ap 0.4897, minutes 55.73, lr 2.50e-04
    epoch 69: loss 1.0387, val_ap 0.4931, minutes 56.57, lr 1.25e-04
    epoch 70: loss 1.0396, val_ap 0.4947, minutes 57.37, lr 1.25e-04
    epoch 71: loss 1.0370, val_ap 0.4956, minutes 58.27, lr 1.25e-04
    epoch 72: loss 1.0355, val_ap 0.4900, minutes 59.05, lr 1.25e-04
    epoch 73: loss 1.0378, val_ap 0.4951, minutes 59.84, lr 1.25e-04
    epoch 74: loss 1.0377, val_ap 0.4909, minutes 60.63, lr 1.25e-04
    epoch 75: loss 1.0299, val_ap 0.4921, minutes 61.42, lr 1.25e-04
    epoch 76: loss 1.0317, val_ap 0.4914, minutes 62.21, lr 1.25e-04
    epoch 77: loss 1.0259, val_ap 0.4894, minutes 62.96, lr 1.25e-04
    epoch 78: loss 1.0311, val_ap 0.4931, minutes 63.7, lr 6.25e-05
    epoch 79: loss 1.0271, val_ap 0.4909, minutes 64.44, lr 6.25e-05
    epoch 80: loss 1.0253, val_ap 0.4870, minutes 65.17, lr 6.25e-05
    epoch 81: loss 1.0253, val_ap 0.4878, minutes 65.96, lr 6.25e-05
    epoch 82: loss 1.0223, val_ap 0.4875, minutes 66.71, lr 6.25e-05
    epoch 83: loss 1.0247, val_ap 0.4908, minutes 67.52, lr 6.25e-05
    epoch 84: loss 1.0218, val_ap 0.4896, minutes 68.36, lr 6.25e-05
    epoch 85: loss 1.0162, val_ap 0.4903, minutes 69.17, lr 6.25e-05
    stopping: no validation gain in 25 epochs
[fk_band pooled_both fold 1 seed 1] done (69.9 min)
