loaded: dataset0 121,838 sites, data1 90,452
[scalar_random dataset0 fold 0 seed 2]
    kernel decay scale 118.2 nt (fitted to cell line 1 training labels)
    epoch 1: loss 2.0450, val_ap 0.0756, minutes 0.43, lr 3.33e-04
    epoch 2: loss 1.6215, val_ap 0.2658, minutes 0.9, lr 6.63e-04
    epoch 3: loss 1.3539, val_ap 0.3615, minutes 1.37, lr 9.88e-04
    epoch 4: loss 1.2549, val_ap 0.4071, minutes 1.83, lr 1.00e-03
    epoch 5: loss 1.2010, val_ap 0.4097, minutes 2.31, lr 1.00e-03
    epoch 6: loss 1.1785, val_ap 0.4182, minutes 2.76, lr 1.00e-03
    epoch 7: loss 1.1263, val_ap 0.4234, minutes 3.24, lr 1.00e-03
    epoch 8: loss 1.1385, val_ap 0.4282, minutes 3.71, lr 1.00e-03
    epoch 9: loss 1.1055, val_ap 0.4384, minutes 4.22, lr 1.00e-03
    epoch 10: loss 1.0966, val_ap 0.4452, minutes 4.69, lr 1.00e-03
    epoch 11: loss 1.0819, val_ap 0.4444, minutes 5.16, lr 1.00e-03
    epoch 12: loss 1.0785, val_ap 0.4566, minutes 5.63, lr 1.00e-03
    epoch 13: loss 1.0684, val_ap 0.4641, minutes 6.09, lr 1.00e-03
    epoch 14: loss 1.0439, val_ap 0.4599, minutes 6.56, lr 1.00e-03
    epoch 15: loss 1.0677, val_ap 0.4548, minutes 7.03, lr 1.00e-03
    epoch 16: loss 1.0508, val_ap 0.4695, minutes 7.56, lr 1.00e-03
    epoch 17: loss 1.0618, val_ap 0.4679, minutes 8.01, lr 1.00e-03
    epoch 18: loss 1.0242, val_ap 0.4806, minutes 8.47, lr 1.00e-03
    epoch 19: loss 1.0278, val_ap 0.4860, minutes 8.9, lr 1.00e-03
    epoch 20: loss 1.0253, val_ap 0.4858, minutes 9.37, lr 1.00e-03
    epoch 21: loss 1.0050, val_ap 0.4836, minutes 9.91, lr 1.00e-03
    epoch 22: loss 1.0273, val_ap 0.4931, minutes 10.38, lr 1.00e-03
    epoch 23: loss 1.0156, val_ap 0.4919, minutes 10.87, lr 1.00e-03
    epoch 24: loss 0.9968, val_ap 0.5062, minutes 11.33, lr 1.00e-03
    epoch 25: loss 0.9867, val_ap 0.4981, minutes 11.78, lr 1.00e-03
    epoch 26: loss 0.9925, val_ap 0.5043, minutes 12.24, lr 1.00e-03
    epoch 27: loss 0.9770, val_ap 0.4988, minutes 12.7, lr 1.00e-03
    epoch 28: loss 0.9895, val_ap 0.5016, minutes 13.2, lr 1.00e-03
    epoch 29: loss 0.9838, val_ap 0.5070, minutes 13.64, lr 1.00e-03
    epoch 30: loss 0.9709, val_ap 0.5153, minutes 14.11, lr 1.00e-03
    epoch 31: loss 0.9711, val_ap 0.5200, minutes 14.58, lr 1.00e-03
    epoch 32: loss 0.9568, val_ap 0.5158, minutes 15.04, lr 1.00e-03
    epoch 33: loss 0.9802, val_ap 0.5168, minutes 15.5, lr 1.00e-03
    epoch 34: loss 0.9495, val_ap 0.5147, minutes 15.99, lr 1.00e-03
    epoch 35: loss 0.9489, val_ap 0.5215, minutes 16.48, lr 1.00e-03
    epoch 36: loss 0.9515, val_ap 0.5210, minutes 16.98, lr 1.00e-03
    epoch 37: loss 0.9544, val_ap 0.5219, minutes 17.46, lr 1.00e-03
    epoch 38: loss 0.9430, val_ap 0.5301, minutes 17.94, lr 1.00e-03
    epoch 39: loss 0.9489, val_ap 0.5195, minutes 18.38, lr 1.00e-03
    epoch 40: loss 0.9604, val_ap 0.5292, minutes 18.85, lr 1.00e-03
    epoch 41: loss 0.9295, val_ap 0.5183, minutes 19.32, lr 1.00e-03
    epoch 42: loss 0.9263, val_ap 0.5312, minutes 19.79, lr 1.00e-03
    epoch 43: loss 0.9224, val_ap 0.5262, minutes 20.28, lr 1.00e-03
    epoch 44: loss 0.9439, val_ap 0.5205, minutes 20.79, lr 1.00e-03
    epoch 45: loss 0.9275, val_ap 0.5237, minutes 21.33, lr 1.00e-03
    epoch 46: loss 0.9137, val_ap 0.5272, minutes 21.76, lr 1.00e-03
    epoch 47: loss 0.9252, val_ap 0.5293, minutes 22.24, lr 1.00e-03
    epoch 48: loss 0.9148, val_ap 0.5326, minutes 22.7, lr 1.00e-03
    epoch 49: loss 0.9239, val_ap 0.5273, minutes 23.17, lr 1.00e-03
    epoch 50: loss 0.9366, val_ap 0.5247, minutes 23.61, lr 1.00e-03
    epoch 51: loss 0.9265, val_ap 0.5280, minutes 24.05, lr 1.00e-03
    epoch 52: loss 0.8946, val_ap 0.5362, minutes 24.45, lr 1.00e-03
    epoch 53: loss 0.9058, val_ap 0.5288, minutes 24.91, lr 1.00e-03
    epoch 54: loss 0.9039, val_ap 0.5343, minutes 25.36, lr 1.00e-03
    epoch 55: loss 0.8984, val_ap 0.5388, minutes 25.86, lr 1.00e-03
    epoch 56: loss 0.9173, val_ap 0.5499, minutes 26.37, lr 1.00e-03
    epoch 57: loss 0.9079, val_ap 0.5301, minutes 26.84, lr 1.00e-03
    epoch 58: loss 0.8874, val_ap 0.5363, minutes 27.35, lr 1.00e-03
    epoch 59: loss 0.8943, val_ap 0.5429, minutes 27.86, lr 1.00e-03
    epoch 60: loss 0.8975, val_ap 0.5360, minutes 28.38, lr 1.00e-03
    epoch 61: loss 0.8944, val_ap 0.5418, minutes 28.89, lr 1.00e-03
    epoch 62: loss 0.8770, val_ap 0.5423, minutes 29.36, lr 1.00e-03
    epoch 63: loss 0.8825, val_ap 0.5206, minutes 29.89, lr 1.00e-03
    epoch 64: loss 0.8701, val_ap 0.5425, minutes 30.36, lr 1.00e-03
    epoch 65: loss 0.8869, val_ap 0.5379, minutes 30.81, lr 5.00e-04
    epoch 66: loss 0.8643, val_ap 0.5457, minutes 31.3, lr 5.00e-04
    epoch 67: loss 0.8515, val_ap 0.5416, minutes 31.75, lr 5.00e-04
    epoch 68: loss 0.8494, val_ap 0.5414, minutes 32.23, lr 5.00e-04
    epoch 69: loss 0.8504, val_ap 0.5472, minutes 32.7, lr 5.00e-04
    epoch 70: loss 0.8672, val_ap 0.5404, minutes 33.19, lr 5.00e-04
    epoch 71: loss 0.8517, val_ap 0.5364, minutes 33.69, lr 5.00e-04
    epoch 72: loss 0.8563, val_ap 0.5467, minutes 34.17, lr 5.00e-04
    epoch 73: loss 0.8373, val_ap 0.5461, minutes 34.67, lr 5.00e-04
    epoch 74: loss 0.8417, val_ap 0.5350, minutes 35.14, lr 2.50e-04
    epoch 75: loss 0.8313, val_ap 0.5462, minutes 35.65, lr 2.50e-04
    epoch 76: loss 0.8192, val_ap 0.5426, minutes 36.11, lr 2.50e-04
    epoch 77: loss 0.8268, val_ap 0.5424, minutes 36.6, lr 2.50e-04
    epoch 78: loss 0.8204, val_ap 0.5409, minutes 37.09, lr 2.50e-04
    epoch 79: loss 0.8179, val_ap 0.5476, minutes 37.55, lr 2.50e-04
    epoch 80: loss 0.8125, val_ap 0.5404, minutes 38.05, lr 2.50e-04
    epoch 81: loss 0.8269, val_ap 0.5427, minutes 38.52, lr 2.50e-04
    stopping: no validation gain in 25 epochs
[scalar_random dataset0 fold 0 seed 2] done (39.2 min)
