loaded: dataset0 121,838 sites, data1 90,452
[gcn pooled_both fold 0 seed 1]
    epoch 1: loss 1.3014, val_ap 0.1111, minutes 0.95, lr 3.31e-04
    epoch 2: loss 1.2207, val_ap 0.1756, minutes 1.94, lr 6.60e-04
    epoch 3: loss 1.0772, val_ap 0.2488, minutes 2.87, lr 9.89e-04
    epoch 4: loss 1.0126, val_ap 0.2663, minutes 3.86, lr 1.00e-03
    epoch 5: loss 0.9832, val_ap 0.2665, minutes 4.82, lr 1.00e-03
    epoch 6: loss 0.9790, val_ap 0.2707, minutes 5.82, lr 1.00e-03
    epoch 7: loss 0.9527, val_ap 0.2763, minutes 6.76, lr 1.00e-03
    epoch 8: loss 0.9558, val_ap 0.2736, minutes 7.8, lr 1.00e-03
    epoch 9: loss 0.9390, val_ap 0.2762, minutes 8.84, lr 1.00e-03
    epoch 10: loss 0.9422, val_ap 0.2758, minutes 9.99, lr 1.00e-03
    epoch 11: loss 0.9339, val_ap 0.2776, minutes 11.05, lr 1.00e-03
    epoch 12: loss 0.9235, val_ap 0.2764, minutes 12.2, lr 1.00e-03
    epoch 13: loss 0.9206, val_ap 0.2817, minutes 13.26, lr 1.00e-03
    epoch 14: loss 0.9256, val_ap 0.2793, minutes 14.34, lr 1.00e-03
    epoch 15: loss 0.9148, val_ap 0.2822, minutes 15.32, lr 1.00e-03
    epoch 16: loss 0.9175, val_ap 0.2856, minutes 16.39, lr 1.00e-03
    epoch 17: loss 0.9150, val_ap 0.2848, minutes 17.41, lr 1.00e-03
    epoch 18: loss 0.9062, val_ap 0.2838, minutes 18.44, lr 1.00e-03
    epoch 19: loss 0.9003, val_ap 0.2861, minutes 19.54, lr 1.00e-03
    epoch 20: loss 0.9043, val_ap 0.2852, minutes 20.58, lr 1.00e-03
    epoch 21: loss 0.8962, val_ap 0.2855, minutes 21.6, lr 1.00e-03
    epoch 22: loss 0.8901, val_ap 0.2884, minutes 22.72, lr 1.00e-03
    epoch 23: loss 0.8958, val_ap 0.2903, minutes 23.71, lr 1.00e-03
    epoch 24: loss 0.8969, val_ap 0.2896, minutes 24.75, lr 1.00e-03
    epoch 25: loss 0.8847, val_ap 0.2851, minutes 25.85, lr 1.00e-03
    epoch 26: loss 0.8827, val_ap 0.2898, minutes 26.94, lr 1.00e-03
    epoch 27: loss 0.8860, val_ap 0.2910, minutes 27.98, lr 1.00e-03
    epoch 28: loss 0.8807, val_ap 0.2906, minutes 28.97, lr 1.00e-03
    epoch 29: loss 0.8815, val_ap 0.2933, minutes 30.05, lr 1.00e-03
    epoch 30: loss 0.8822, val_ap 0.2911, minutes 31.11, lr 1.00e-03
    epoch 31: loss 0.8734, val_ap 0.2903, minutes 32.19, lr 1.00e-03
    epoch 32: loss 0.8688, val_ap 0.2853, minutes 33.31, lr 1.00e-03
    epoch 33: loss 0.8801, val_ap 0.2890, minutes 34.32, lr 1.00e-03
    epoch 34: loss 0.8730, val_ap 0.2887, minutes 35.3, lr 1.00e-03
    epoch 35: loss 0.8680, val_ap 0.2914, minutes 36.33, lr 1.00e-03
    epoch 36: loss 0.8739, val_ap 0.2833, minutes 37.41, lr 1.00e-03
    epoch 37: loss 0.8625, val_ap 0.2910, minutes 38.5, lr 1.00e-03
    epoch 38: loss 0.8670, val_ap 0.2874, minutes 39.57, lr 5.00e-04
    epoch 39: loss 0.8563, val_ap 0.2910, minutes 40.65, lr 5.00e-04
    epoch 40: loss 0.8483, val_ap 0.2873, minutes 41.7, lr 5.00e-04
    epoch 41: loss 0.8492, val_ap 0.2834, minutes 42.71, lr 5.00e-04
    epoch 42: loss 0.8496, val_ap 0.2849, minutes 43.73, lr 5.00e-04
    epoch 43: loss 0.8455, val_ap 0.2860, minutes 44.76, lr 5.00e-04
    epoch 44: loss 0.8448, val_ap 0.2904, minutes 45.73, lr 5.00e-04
    epoch 45: loss 0.8456, val_ap 0.2914, minutes 46.74, lr 5.00e-04
    epoch 46: loss 0.8447, val_ap 0.2891, minutes 47.81, lr 5.00e-04
    epoch 47: loss 0.8442, val_ap 0.2854, minutes 48.88, lr 2.50e-04
    epoch 48: loss 0.8387, val_ap 0.2791, minutes 49.94, lr 2.50e-04
    epoch 49: loss 0.8333, val_ap 0.2759, minutes 50.96, lr 2.50e-04
    epoch 50: loss 0.8385, val_ap 0.2874, minutes 52.04, lr 2.50e-04
    epoch 51: loss 0.8364, val_ap 0.2864, minutes 53.06, lr 2.50e-04
    epoch 52: loss 0.8320, val_ap 0.2831, minutes 54.08, lr 2.50e-04
    epoch 53: loss 0.8319, val_ap 0.2797, minutes 55.16, lr 2.50e-04
    epoch 54: loss 0.8297, val_ap 0.2791, minutes 56.21, lr 2.50e-04
    stopping: no validation gain in 25 epochs
[gcn pooled_both fold 0 seed 1] done (56.9 min)
