loaded: dataset0 121,838 sites, data1 90,452
[h2gcn_twohead pooled_both fold 3 seed 1]
    epoch 1: loss 1.2554, val_ap 0.1562, minutes 0.87, lr 3.31e-04
    epoch 2: loss 1.0125, val_ap 0.2835, minutes 1.74, lr 6.60e-04
    epoch 3: loss 0.8721, val_ap 0.4389, minutes 2.53, lr 9.89e-04
    epoch 4: loss 0.7958, val_ap 0.4576, minutes 3.36, lr 1.00e-03
    epoch 5: loss 0.7611, val_ap 0.4705, minutes 4.22, lr 1.00e-03
    epoch 6: loss 0.7372, val_ap 0.4717, minutes 5.08, lr 1.00e-03
    epoch 7: loss 0.7305, val_ap 0.4765, minutes 5.9, lr 1.00e-03
    epoch 8: loss 0.7221, val_ap 0.4643, minutes 6.71, lr 1.00e-03
    epoch 9: loss 0.7098, val_ap 0.4767, minutes 7.51, lr 1.00e-03
    epoch 10: loss 0.7011, val_ap 0.4775, minutes 8.31, lr 1.00e-03
    epoch 11: loss 0.6967, val_ap 0.4778, minutes 9.07, lr 1.00e-03
    epoch 12: loss 0.6926, val_ap 0.4813, minutes 9.8, lr 1.00e-03
    epoch 13: loss 0.6782, val_ap 0.4851, minutes 10.54, lr 1.00e-03
    epoch 14: loss 0.6818, val_ap 0.4886, minutes 11.29, lr 1.00e-03
    epoch 15: loss 0.6806, val_ap 0.4888, minutes 12.08, lr 1.00e-03
    epoch 16: loss 0.6755, val_ap 0.4924, minutes 12.85, lr 1.00e-03
    epoch 17: loss 0.6794, val_ap 0.4957, minutes 13.54, lr 1.00e-03
    epoch 18: loss 0.6684, val_ap 0.4914, minutes 14.2, lr 1.00e-03
    epoch 19: loss 0.6583, val_ap 0.5003, minutes 14.81, lr 1.00e-03
    epoch 20: loss 0.6583, val_ap 0.4991, minutes 15.49, lr 1.00e-03
    epoch 21: loss 0.6586, val_ap 0.5001, minutes 16.18, lr 1.00e-03
    epoch 22: loss 0.6510, val_ap 0.5027, minutes 16.87, lr 1.00e-03
    epoch 23: loss 0.6513, val_ap 0.5043, minutes 17.58, lr 1.00e-03
    epoch 24: loss 0.6443, val_ap 0.5062, minutes 18.26, lr 1.00e-03
    epoch 25: loss 0.6408, val_ap 0.4955, minutes 18.96, lr 1.00e-03
    epoch 26: loss 0.6409, val_ap 0.5085, minutes 19.61, lr 1.00e-03
    epoch 27: loss 0.6425, val_ap 0.5040, minutes 20.33, lr 1.00e-03
    epoch 28: loss 0.6290, val_ap 0.5049, minutes 21.05, lr 1.00e-03
    epoch 29: loss 0.6396, val_ap 0.5114, minutes 21.79, lr 1.00e-03
    epoch 30: loss 0.6245, val_ap 0.5112, minutes 22.55, lr 1.00e-03
    epoch 31: loss 0.6213, val_ap 0.5079, minutes 23.24, lr 1.00e-03
    epoch 32: loss 0.6248, val_ap 0.5069, minutes 23.95, lr 1.00e-03
    epoch 33: loss 0.6094, val_ap 0.5014, minutes 24.62, lr 1.00e-03
    epoch 34: loss 0.6145, val_ap 0.5125, minutes 25.29, lr 1.00e-03
    epoch 35: loss 0.6056, val_ap 0.5006, minutes 25.93, lr 1.00e-03
    epoch 36: loss 0.6130, val_ap 0.5087, minutes 26.55, lr 1.00e-03
    epoch 37: loss 0.6003, val_ap 0.4997, minutes 27.16, lr 1.00e-03
    epoch 38: loss 0.6018, val_ap 0.5050, minutes 27.83, lr 1.00e-03
    epoch 39: loss 0.6011, val_ap 0.4910, minutes 28.53, lr 1.00e-03
    epoch 40: loss 0.6004, val_ap 0.5144, minutes 29.19, lr 1.00e-03
    epoch 41: loss 0.5831, val_ap 0.4911, minutes 29.89, lr 1.00e-03
    epoch 42: loss 0.5851, val_ap 0.4790, minutes 30.54, lr 1.00e-03
    epoch 43: loss 0.5756, val_ap 0.5075, minutes 31.24, lr 1.00e-03
    epoch 44: loss 0.5812, val_ap 0.4670, minutes 31.92, lr 1.00e-03
    epoch 45: loss 0.5846, val_ap 0.4875, minutes 32.61, lr 1.00e-03
    epoch 46: loss 0.5658, val_ap 0.4888, minutes 33.26, lr 1.00e-03
    epoch 47: loss 0.5631, val_ap 0.4965, minutes 33.92, lr 1.00e-03
    epoch 48: loss 0.5597, val_ap 0.5006, minutes 34.57, lr 1.00e-03
    epoch 49: loss 0.5606, val_ap 0.4967, minutes 35.21, lr 5.00e-04
    epoch 50: loss 0.5385, val_ap 0.4871, minutes 35.83, lr 5.00e-04
    epoch 51: loss 0.5407, val_ap 0.4896, minutes 36.44, lr 5.00e-04
    epoch 52: loss 0.5321, val_ap 0.4510, minutes 37.08, lr 5.00e-04
    epoch 53: loss 0.5291, val_ap 0.4842, minutes 37.67, lr 5.00e-04
    epoch 54: loss 0.5228, val_ap 0.4757, minutes 38.27, lr 5.00e-04
    epoch 55: loss 0.5254, val_ap 0.4902, minutes 38.88, lr 5.00e-04
    epoch 56: loss 0.5228, val_ap 0.4960, minutes 39.45, lr 5.00e-04
    epoch 57: loss 0.5196, val_ap 0.4604, minutes 40.0, lr 5.00e-04
    epoch 58: loss 0.5179, val_ap 0.4727, minutes 40.57, lr 2.50e-04
    epoch 59: loss 0.5086, val_ap 0.4843, minutes 41.16, lr 2.50e-04
    epoch 60: loss 0.5031, val_ap 0.4731, minutes 41.77, lr 2.50e-04
    epoch 61: loss 0.5060, val_ap 0.4839, minutes 42.37, lr 2.50e-04
    epoch 62: loss 0.5046, val_ap 0.4801, minutes 43.04, lr 2.50e-04
    epoch 63: loss 0.5031, val_ap 0.4761, minutes 43.67, lr 2.50e-04
    epoch 64: loss 0.4961, val_ap 0.4917, minutes 44.29, lr 2.50e-04
    epoch 65: loss 0.4979, val_ap 0.4801, minutes 44.88, lr 2.50e-04
    stopping: no validation gain in 25 epochs
[h2gcn_twohead pooled_both fold 3 seed 1] done (45.5 min)
