loaded: dataset0 121,838 sites, data1 90,452
[scalar_drop dataset0 fold 1 seed 2]
    kernel decay scale 114.6 nt (fitted to cell line 1 training labels)
    epoch 1: loss 1.9522, val_ap 0.1489, minutes 0.47, lr 3.33e-04
    epoch 2: loss 1.5506, val_ap 0.2520, minutes 0.95, lr 6.63e-04
    epoch 3: loss 1.3476, val_ap 0.4039, minutes 1.46, lr 9.92e-04
    epoch 4: loss 1.1997, val_ap 0.4773, minutes 1.96, lr 1.00e-03
    epoch 5: loss 1.1400, val_ap 0.4934, minutes 2.43, lr 1.00e-03
    epoch 6: loss 1.1228, val_ap 0.5043, minutes 2.93, lr 1.00e-03
    epoch 7: loss 1.0897, val_ap 0.5166, minutes 3.41, lr 1.00e-03
    epoch 8: loss 1.0476, val_ap 0.5187, minutes 3.85, lr 1.00e-03
    epoch 9: loss 1.0417, val_ap 0.5244, minutes 4.31, lr 1.00e-03
    epoch 10: loss 1.0302, val_ap 0.5269, minutes 4.79, lr 1.00e-03
    epoch 11: loss 1.0018, val_ap 0.5298, minutes 5.3, lr 1.00e-03
    epoch 12: loss 1.0100, val_ap 0.5437, minutes 5.8, lr 1.00e-03
    epoch 13: loss 0.9984, val_ap 0.5416, minutes 6.26, lr 1.00e-03
    epoch 14: loss 1.0093, val_ap 0.5434, minutes 6.72, lr 1.00e-03
    epoch 15: loss 0.9928, val_ap 0.5418, minutes 7.2, lr 1.00e-03
    epoch 16: loss 0.9639, val_ap 0.5406, minutes 7.71, lr 1.00e-03
    epoch 17: loss 0.9658, val_ap 0.5498, minutes 8.16, lr 1.00e-03
    epoch 18: loss 0.9715, val_ap 0.5496, minutes 8.64, lr 1.00e-03
    epoch 19: loss 0.9480, val_ap 0.5554, minutes 9.12, lr 1.00e-03
    epoch 20: loss 0.9640, val_ap 0.5581, minutes 9.57, lr 1.00e-03
    epoch 21: loss 0.9581, val_ap 0.5563, minutes 10.04, lr 1.00e-03
    epoch 22: loss 0.9489, val_ap 0.5605, minutes 10.55, lr 1.00e-03
    epoch 23: loss 0.9517, val_ap 0.5602, minutes 11.05, lr 1.00e-03
    epoch 24: loss 0.9560, val_ap 0.5575, minutes 11.52, lr 1.00e-03
    epoch 25: loss 0.9396, val_ap 0.5641, minutes 12.02, lr 1.00e-03
    epoch 26: loss 0.9308, val_ap 0.5657, minutes 12.46, lr 1.00e-03
    epoch 27: loss 0.9267, val_ap 0.5684, minutes 12.95, lr 1.00e-03
    epoch 28: loss 0.9344, val_ap 0.5667, minutes 13.41, lr 1.00e-03
    epoch 29: loss 0.9322, val_ap 0.5690, minutes 13.9, lr 1.00e-03
    epoch 30: loss 0.9301, val_ap 0.5680, minutes 14.39, lr 1.00e-03
    epoch 31: loss 0.9164, val_ap 0.5633, minutes 14.84, lr 1.00e-03
    epoch 32: loss 0.9210, val_ap 0.5730, minutes 15.32, lr 1.00e-03
    epoch 33: loss 0.9116, val_ap 0.5746, minutes 15.82, lr 1.00e-03
    epoch 34: loss 0.9033, val_ap 0.5757, minutes 16.3, lr 1.00e-03
    epoch 35: loss 0.8929, val_ap 0.5782, minutes 16.79, lr 1.00e-03
    epoch 36: loss 0.9155, val_ap 0.5738, minutes 17.22, lr 1.00e-03
    epoch 37: loss 0.9181, val_ap 0.5814, minutes 17.71, lr 1.00e-03
    epoch 38: loss 0.9074, val_ap 0.5785, minutes 18.18, lr 1.00e-03
    epoch 39: loss 0.8879, val_ap 0.5854, minutes 18.69, lr 1.00e-03
    epoch 40: loss 0.8886, val_ap 0.5823, minutes 19.18, lr 1.00e-03
    epoch 41: loss 0.8824, val_ap 0.5847, minutes 19.66, lr 1.00e-03
    epoch 42: loss 0.8904, val_ap 0.5856, minutes 20.12, lr 1.00e-03
    epoch 43: loss 0.8801, val_ap 0.5846, minutes 20.59, lr 1.00e-03
    epoch 44: loss 0.8673, val_ap 0.5748, minutes 21.09, lr 1.00e-03
    epoch 45: loss 0.8843, val_ap 0.5747, minutes 21.54, lr 1.00e-03
    epoch 46: loss 0.8773, val_ap 0.5822, minutes 22.06, lr 1.00e-03
    epoch 47: loss 0.8959, val_ap 0.5886, minutes 22.55, lr 1.00e-03
    epoch 48: loss 0.8765, val_ap 0.5857, minutes 23.03, lr 1.00e-03
    epoch 49: loss 0.8836, val_ap 0.5798, minutes 23.54, lr 1.00e-03
    epoch 50: loss 0.8516, val_ap 0.5881, minutes 24.02, lr 1.00e-03
    epoch 51: loss 0.8676, val_ap 0.5821, minutes 24.52, lr 1.00e-03
    epoch 52: loss 0.8574, val_ap 0.5860, minutes 25.0, lr 1.00e-03
    epoch 53: loss 0.8494, val_ap 0.5897, minutes 25.44, lr 1.00e-03
    epoch 54: loss 0.8454, val_ap 0.5827, minutes 25.93, lr 1.00e-03
    epoch 55: loss 0.8692, val_ap 0.5890, minutes 26.39, lr 1.00e-03
    epoch 56: loss 0.8468, val_ap 0.5816, minutes 26.85, lr 1.00e-03
    epoch 57: loss 0.8490, val_ap 0.5849, minutes 27.31, lr 1.00e-03
    epoch 58: loss 0.8494, val_ap 0.5807, minutes 27.76, lr 1.00e-03
    epoch 59: loss 0.8492, val_ap 0.5856, minutes 28.18, lr 1.00e-03
    epoch 60: loss 0.8260, val_ap 0.5826, minutes 28.69, lr 1.00e-03
    epoch 61: loss 0.8351, val_ap 0.5862, minutes 29.13, lr 1.00e-03
    epoch 62: loss 0.8283, val_ap 0.5892, minutes 29.59, lr 5.00e-04
    epoch 63: loss 0.8123, val_ap 0.5915, minutes 30.06, lr 5.00e-04
    epoch 64: loss 0.8055, val_ap 0.5935, minutes 30.5, lr 5.00e-04
    epoch 65: loss 0.8018, val_ap 0.5904, minutes 30.98, lr 5.00e-04
    epoch 66: loss 0.8114, val_ap 0.5894, minutes 31.42, lr 5.00e-04
    epoch 67: loss 0.8056, val_ap 0.5905, minutes 31.87, lr 5.00e-04
    epoch 68: loss 0.8138, val_ap 0.5894, minutes 32.32, lr 5.00e-04
    epoch 69: loss 0.8075, val_ap 0.5809, minutes 32.75, lr 5.00e-04
    epoch 70: loss 0.7985, val_ap 0.5852, minutes 33.19, lr 5.00e-04
    epoch 71: loss 0.7901, val_ap 0.5872, minutes 33.59, lr 5.00e-04
    epoch 72: loss 0.7894, val_ap 0.5895, minutes 34.03, lr 5.00e-04
    epoch 73: loss 0.7913, val_ap 0.5865, minutes 34.46, lr 2.50e-04
    epoch 74: loss 0.7915, val_ap 0.5877, minutes 34.93, lr 2.50e-04
    epoch 75: loss 0.7894, val_ap 0.5884, minutes 35.38, lr 2.50e-04
    epoch 76: loss 0.7756, val_ap 0.5885, minutes 35.82, lr 2.50e-04
    epoch 77: loss 0.7831, val_ap 0.5886, minutes 36.23, lr 2.50e-04
    epoch 78: loss 0.7852, val_ap 0.5918, minutes 36.66, lr 2.50e-04
    epoch 79: loss 0.7794, val_ap 0.5901, minutes 37.1, lr 2.50e-04
    epoch 80: loss 0.7920, val_ap 0.5912, minutes 37.51, lr 2.50e-04
    epoch 81: loss 0.7718, val_ap 0.5877, minutes 37.86, lr 2.50e-04
    epoch 82: loss 0.7900, val_ap 0.5877, minutes 38.18, lr 1.25e-04
    epoch 83: loss 0.7764, val_ap 0.5872, minutes 38.53, lr 1.25e-04
    epoch 84: loss 0.7662, val_ap 0.5893, minutes 38.86, lr 1.25e-04
    epoch 85: loss 0.7771, val_ap 0.5896, minutes 39.18, lr 1.25e-04
    epoch 86: loss 0.7686, val_ap 0.5877, minutes 39.52, lr 1.25e-04
    epoch 87: loss 0.7618, val_ap 0.5877, minutes 39.87, lr 1.25e-04
    epoch 88: loss 0.7673, val_ap 0.5907, minutes 40.21, lr 1.25e-04
    epoch 89: loss 0.7671, val_ap 0.5912, minutes 40.54, lr 1.25e-04
    stopping: no validation gain in 25 epochs
[scalar_drop dataset0 fold 1 seed 2] done (41.2 min)
