loaded: dataset0 121,838 sites, data1 90,452
[gcn dataset0 fold 0 seed 2]
    epoch 1: loss 1.3198, val_ap 0.0971, minutes 0.54, lr 3.33e-04
    epoch 2: loss 1.2639, val_ap 0.1339, minutes 1.11, lr 6.63e-04
    epoch 3: loss 1.0797, val_ap 0.2398, minutes 1.67, lr 9.88e-04
    epoch 4: loss 0.9337, val_ap 0.2859, minutes 2.21, lr 1.00e-03
    epoch 5: loss 0.8778, val_ap 0.2920, minutes 2.75, lr 1.00e-03
    epoch 6: loss 0.8629, val_ap 0.2943, minutes 3.28, lr 1.00e-03
    epoch 7: loss 0.8279, val_ap 0.2978, minutes 3.85, lr 1.00e-03
    epoch 8: loss 0.8752, val_ap 0.2986, minutes 4.39, lr 1.00e-03
    epoch 9: loss 0.8487, val_ap 0.2998, minutes 4.97, lr 1.00e-03
    epoch 10: loss 0.8098, val_ap 0.2971, minutes 5.51, lr 1.00e-03
    epoch 11: loss 0.7974, val_ap 0.3099, minutes 6.08, lr 1.00e-03
    epoch 12: loss 0.7883, val_ap 0.3095, minutes 6.62, lr 1.00e-03
    epoch 13: loss 0.8110, val_ap 0.3068, minutes 7.18, lr 1.00e-03
    epoch 14: loss 0.7807, val_ap 0.3044, minutes 7.73, lr 1.00e-03
    epoch 15: loss 0.7815, val_ap 0.3090, minutes 8.28, lr 1.00e-03
    epoch 16: loss 0.7836, val_ap 0.3066, minutes 8.82, lr 1.00e-03
    epoch 17: loss 0.7983, val_ap 0.3089, minutes 9.37, lr 1.00e-03
    epoch 18: loss 0.7575, val_ap 0.3080, minutes 9.91, lr 1.00e-03
    epoch 19: loss 0.7609, val_ap 0.3106, minutes 10.46, lr 1.00e-03
    epoch 20: loss 0.7653, val_ap 0.3114, minutes 11.0, lr 1.00e-03
    epoch 21: loss 0.7424, val_ap 0.3091, minutes 11.57, lr 1.00e-03
    epoch 22: loss 0.7617, val_ap 0.3086, minutes 12.11, lr 1.00e-03
    epoch 23: loss 0.7484, val_ap 0.3082, minutes 12.67, lr 1.00e-03
    epoch 24: loss 0.7485, val_ap 0.3126, minutes 13.22, lr 1.00e-03
    epoch 25: loss 0.7485, val_ap 0.3124, minutes 13.77, lr 1.00e-03
    epoch 26: loss 0.7667, val_ap 0.3082, minutes 14.32, lr 1.00e-03
    epoch 27: loss 0.7462, val_ap 0.3130, minutes 14.86, lr 1.00e-03
    epoch 28: loss 0.7407, val_ap 0.3132, minutes 15.36, lr 1.00e-03
    epoch 29: loss 0.7380, val_ap 0.3118, minutes 15.92, lr 1.00e-03
    epoch 30: loss 0.7384, val_ap 0.3114, minutes 16.49, lr 1.00e-03
    epoch 31: loss 0.7477, val_ap 0.3131, minutes 17.04, lr 1.00e-03
    epoch 32: loss 0.7408, val_ap 0.3166, minutes 17.61, lr 1.00e-03
    epoch 33: loss 0.7412, val_ap 0.3148, minutes 18.14, lr 1.00e-03
    epoch 34: loss 0.7210, val_ap 0.3140, minutes 18.64, lr 1.00e-03
    epoch 35: loss 0.7179, val_ap 0.3117, minutes 19.18, lr 1.00e-03
    epoch 36: loss 0.7561, val_ap 0.3149, minutes 19.73, lr 1.00e-03
    epoch 37: loss 0.9488, val_ap 0.3117, minutes 20.27, lr 1.00e-03
    epoch 38: loss 0.7409, val_ap 0.3157, minutes 20.81, lr 1.00e-03
    epoch 39: loss 0.7368, val_ap 0.3180, minutes 21.35, lr 1.00e-03
    epoch 40: loss 0.7399, val_ap 0.3151, minutes 21.88, lr 1.00e-03
    epoch 41: loss 0.7322, val_ap 0.3176, minutes 22.37, lr 1.00e-03
    epoch 42: loss 0.7257, val_ap 0.3196, minutes 22.9, lr 1.00e-03
    epoch 43: loss 0.7307, val_ap 0.3194, minutes 23.43, lr 1.00e-03
    epoch 44: loss 0.7178, val_ap 0.3176, minutes 23.95, lr 1.00e-03
    epoch 45: loss 0.7268, val_ap 0.3175, minutes 24.51, lr 1.00e-03
    epoch 46: loss 0.7223, val_ap 0.3196, minutes 25.04, lr 1.00e-03
    epoch 47: loss 0.7216, val_ap 0.3176, minutes 25.54, lr 1.00e-03
    epoch 48: loss 0.7243, val_ap 0.3190, minutes 26.1, lr 1.00e-03
    epoch 49: loss 0.7204, val_ap 0.3190, minutes 26.62, lr 1.00e-03
    epoch 50: loss 0.7308, val_ap 0.3191, minutes 27.17, lr 1.00e-03
    epoch 51: loss 0.6927, val_ap 0.3176, minutes 27.7, lr 5.00e-04
    epoch 52: loss 0.6948, val_ap 0.3184, minutes 28.25, lr 5.00e-04
    epoch 53: loss 0.6903, val_ap 0.3189, minutes 28.74, lr 5.00e-04
    epoch 54: loss 0.6857, val_ap 0.3216, minutes 29.24, lr 5.00e-04
    epoch 55: loss 0.6866, val_ap 0.3188, minutes 29.73, lr 5.00e-04
    epoch 56: loss 0.6939, val_ap 0.3178, minutes 30.27, lr 5.00e-04
    epoch 57: loss 0.6867, val_ap 0.3211, minutes 30.78, lr 5.00e-04
    epoch 58: loss 0.6888, val_ap 0.3194, minutes 31.29, lr 5.00e-04
    epoch 59: loss 0.6869, val_ap 0.3205, minutes 31.82, lr 5.00e-04
    epoch 60: loss 0.6937, val_ap 0.3201, minutes 32.33, lr 5.00e-04
    epoch 61: loss 0.6740, val_ap 0.3198, minutes 32.87, lr 5.00e-04
    epoch 62: loss 0.6870, val_ap 0.3193, minutes 33.41, lr 5.00e-04
    epoch 63: loss 0.6884, val_ap 0.3162, minutes 33.94, lr 2.50e-04
    epoch 64: loss 0.6739, val_ap 0.3204, minutes 34.45, lr 2.50e-04
    epoch 65: loss 0.6865, val_ap 0.3206, minutes 34.96, lr 2.50e-04
    epoch 66: loss 0.6839, val_ap 0.3202, minutes 35.49, lr 2.50e-04
    epoch 67: loss 0.6826, val_ap 0.3191, minutes 36.01, lr 2.50e-04
    epoch 68: loss 0.6781, val_ap 0.3218, minutes 36.53, lr 2.50e-04
    epoch 69: loss 0.6820, val_ap 0.3217, minutes 37.06, lr 2.50e-04
    epoch 70: loss 0.6798, val_ap 0.3206, minutes 37.59, lr 2.50e-04
    epoch 71: loss 0.6655, val_ap 0.3206, minutes 38.12, lr 2.50e-04
    epoch 72: loss 0.6738, val_ap 0.3193, minutes 38.61, lr 2.50e-04
    epoch 73: loss 0.6698, val_ap 0.3202, minutes 39.13, lr 2.50e-04
    epoch 74: loss 0.6698, val_ap 0.3209, minutes 39.69, lr 2.50e-04
    epoch 75: loss 0.6767, val_ap 0.3215, minutes 40.24, lr 2.50e-04
    epoch 76: loss 0.6752, val_ap 0.3205, minutes 40.77, lr 2.50e-04
    epoch 77: loss 0.6758, val_ap 0.3203, minutes 41.27, lr 1.25e-04
    epoch 78: loss 0.6623, val_ap 0.3217, minutes 41.79, lr 1.25e-04
    epoch 79: loss 0.6586, val_ap 0.3214, minutes 42.32, lr 1.25e-04
    epoch 80: loss 0.6569, val_ap 0.3206, minutes 42.88, lr 1.25e-04
    epoch 81: loss 0.6605, val_ap 0.3212, minutes 43.39, lr 1.25e-04
    epoch 82: loss 0.6630, val_ap 0.3233, minutes 43.9, lr 1.25e-04
    epoch 83: loss 0.6569, val_ap 0.3206, minutes 44.41, lr 1.25e-04
    epoch 84: loss 0.6765, val_ap 0.3203, minutes 44.94, lr 1.25e-04
    epoch 85: loss 0.6691, val_ap 0.3212, minutes 45.44, lr 1.25e-04
    epoch 86: loss 0.6625, val_ap 0.3202, minutes 45.97, lr 1.25e-04
    epoch 87: loss 0.6621, val_ap 0.3217, minutes 46.48, lr 1.25e-04
    epoch 88: loss 0.6733, val_ap 0.3218, minutes 46.99, lr 1.25e-04
    epoch 89: loss 0.6648, val_ap 0.3235, minutes 47.5, lr 1.25e-04
    epoch 90: loss 0.6673, val_ap 0.3219, minutes 48.02, lr 1.25e-04
    epoch 91: loss 0.6639, val_ap 0.3226, minutes 48.51, lr 1.25e-04
    epoch 92: loss 0.6811, val_ap 0.3240, minutes 49.07, lr 1.25e-04
    epoch 93: loss 0.6723, val_ap 0.3212, minutes 49.62, lr 1.25e-04
    epoch 94: loss 0.6585, val_ap 0.3244, minutes 50.13, lr 1.25e-04
    epoch 95: loss 0.6533, val_ap 0.3222, minutes 50.63, lr 1.25e-04
    epoch 96: loss 0.6618, val_ap 0.3207, minutes 51.14, lr 1.25e-04
    epoch 97: loss 0.6752, val_ap 0.3223, minutes 51.66, lr 1.25e-04
    epoch 98: loss 0.6606, val_ap 0.3211, minutes 52.17, lr 1.25e-04
    epoch 99: loss 0.6748, val_ap 0.3209, minutes 52.7, lr 1.25e-04
    epoch 100: loss 0.6625, val_ap 0.3219, minutes 53.2, lr 1.25e-04
    epoch 101: loss 0.6573, val_ap 0.3212, minutes 53.75, lr 1.25e-04
    epoch 102: loss 0.6580, val_ap 0.3240, minutes 54.25, lr 1.25e-04
    epoch 103: loss 0.6592, val_ap 0.3254, minutes 54.74, lr 1.25e-04
    epoch 104: loss 0.6538, val_ap 0.3228, minutes 55.25, lr 1.25e-04
    epoch 105: loss 0.6592, val_ap 0.3225, minutes 55.77, lr 1.25e-04
    epoch 106: loss 0.6614, val_ap 0.3236, minutes 56.28, lr 1.25e-04
    epoch 107: loss 0.6562, val_ap 0.3210, minutes 56.78, lr 1.25e-04
    epoch 108: loss 0.6494, val_ap 0.3217, minutes 57.31, lr 1.25e-04
    epoch 109: loss 0.6508, val_ap 0.3189, minutes 57.81, lr 1.25e-04
    epoch 110: loss 0.6548, val_ap 0.3205, minutes 58.34, lr 1.25e-04
    epoch 111: loss 0.6575, val_ap 0.3220, minutes 58.86, lr 1.25e-04
    epoch 112: loss 0.6543, val_ap 0.3232, minutes 59.36, lr 6.25e-05
    epoch 113: loss 0.6497, val_ap 0.3227, minutes 59.86, lr 6.25e-05
    epoch 114: loss 0.6590, val_ap 0.3228, minutes 60.39, lr 6.25e-05
    epoch 115: loss 0.6539, val_ap 0.3226, minutes 60.9, lr 6.25e-05
    epoch 116: loss 0.6598, val_ap 0.3232, minutes 61.41, lr 6.25e-05
    epoch 117: loss 0.6539, val_ap 0.3224, minutes 61.92, lr 6.25e-05
    epoch 118: loss 0.6539, val_ap 0.3234, minutes 62.44, lr 6.25e-05
    epoch 119: loss 0.6536, val_ap 0.3228, minutes 62.94, lr 6.25e-05
    epoch 120: loss 0.6450, val_ap 0.3231, minutes 63.48, lr 6.25e-05
    epoch 121: loss 0.6489, val_ap 0.3227, minutes 63.97, lr 3.13e-05
    epoch 122: loss 0.6530, val_ap 0.3232, minutes 64.47, lr 3.13e-05
    epoch 123: loss 0.6502, val_ap 0.3233, minutes 64.98, lr 3.13e-05
    epoch 124: loss 0.6441, val_ap 0.3220, minutes 65.48, lr 3.13e-05
    epoch 125: loss 0.6535, val_ap 0.3238, minutes 65.99, lr 3.13e-05
    epoch 126: loss 0.6451, val_ap 0.3235, minutes 66.5, lr 3.13e-05
    epoch 127: loss 0.6465, val_ap 0.3222, minutes 67.01, lr 3.13e-05
    epoch 128: loss 0.6523, val_ap 0.3236, minutes 67.5, lr 3.13e-05
    stopping: no validation gain in 25 epochs
[gcn dataset0 fold 0 seed 2] done (68.2 min)
