loaded: dataset0 121,838 sites, data1 90,452
[fk_kernel dataset0 fold 3]
    kernel decay scale 113.4 nt (fitted to cell line 1 training labels)
    epoch 1: loss 1.9663, val_ap 0.1545, minutes 0.58, lr 3.33e-04
    epoch 2: loss 1.5978, val_ap 0.2022, minutes 1.16, lr 6.63e-04
    epoch 3: loss 1.3406, val_ap 0.3842, minutes 1.71, lr 9.92e-04
    epoch 4: loss 1.1761, val_ap 0.4875, minutes 2.29, lr 1.00e-03
    epoch 5: loss 1.0960, val_ap 0.5128, minutes 2.9, lr 1.00e-03
    epoch 6: loss 1.0242, val_ap 0.5304, minutes 3.48, lr 1.00e-03
    epoch 7: loss 1.0214, val_ap 0.5400, minutes 4.11, lr 1.00e-03
    epoch 8: loss 0.9830, val_ap 0.5469, minutes 4.67, lr 1.00e-03
    epoch 9: loss 0.9830, val_ap 0.5521, minutes 5.28, lr 1.00e-03
    epoch 10: loss 0.9625, val_ap 0.5577, minutes 5.86, lr 1.00e-03
    epoch 11: loss 0.9546, val_ap 0.5541, minutes 6.44, lr 1.00e-03
    epoch 12: loss 0.9270, val_ap 0.5612, minutes 7.04, lr 1.00e-03
    epoch 13: loss 0.9270, val_ap 0.5606, minutes 7.65, lr 1.00e-03
    epoch 14: loss 0.9175, val_ap 0.5660, minutes 8.21, lr 1.00e-03
    epoch 15: loss 0.9355, val_ap 0.5672, minutes 8.79, lr 1.00e-03
    epoch 16: loss 0.9190, val_ap 0.5623, minutes 9.4, lr 1.00e-03
    epoch 17: loss 0.9411, val_ap 0.5673, minutes 9.99, lr 1.00e-03
    epoch 18: loss 0.8941, val_ap 0.5759, minutes 10.6, lr 1.00e-03
    epoch 19: loss 0.8874, val_ap 0.5706, minutes 11.19, lr 1.00e-03
    epoch 20: loss 0.8853, val_ap 0.5779, minutes 11.74, lr 1.00e-03
    epoch 21: loss 0.8887, val_ap 0.5774, minutes 12.32, lr 1.00e-03
    epoch 22: loss 0.8971, val_ap 0.5736, minutes 12.84, lr 1.00e-03
    epoch 23: loss 0.8596, val_ap 0.5788, minutes 13.41, lr 1.00e-03
    epoch 24: loss 0.8797, val_ap 0.5849, minutes 13.97, lr 1.00e-03
    epoch 25: loss 0.8632, val_ap 0.5880, minutes 14.58, lr 1.00e-03
    epoch 26: loss 0.8638, val_ap 0.5822, minutes 15.18, lr 1.00e-03
    epoch 27: loss 0.8613, val_ap 0.5935, minutes 15.77, lr 1.00e-03
    epoch 28: loss 0.8479, val_ap 0.5883, minutes 16.32, lr 1.00e-03
    epoch 29: loss 0.8463, val_ap 0.5935, minutes 16.9, lr 1.00e-03
    epoch 30: loss 0.8554, val_ap 0.5940, minutes 17.46, lr 1.00e-03
    epoch 31: loss 0.8460, val_ap 0.5836, minutes 18.06, lr 1.00e-03
    epoch 32: loss 0.8485, val_ap 0.5937, minutes 18.62, lr 1.00e-03
    epoch 33: loss 0.8472, val_ap 0.5957, minutes 19.21, lr 1.00e-03
    epoch 34: loss 0.8383, val_ap 0.5967, minutes 19.78, lr 1.00e-03
    epoch 35: loss 0.8432, val_ap 0.6024, minutes 20.35, lr 1.00e-03
    epoch 36: loss 0.8255, val_ap 0.5949, minutes 20.92, lr 1.00e-03
    epoch 37: loss 0.8290, val_ap 0.5988, minutes 21.5, lr 1.00e-03
    epoch 38: loss 0.8175, val_ap 0.6015, minutes 22.08, lr 1.00e-03
    epoch 39: loss 0.8275, val_ap 0.6081, minutes 22.7, lr 1.00e-03
    epoch 40: loss 0.8016, val_ap 0.6064, minutes 23.25, lr 1.00e-03
    epoch 41: loss 0.8233, val_ap 0.6060, minutes 23.84, lr 1.00e-03
    epoch 42: loss 0.8031, val_ap 0.6066, minutes 24.39, lr 1.00e-03
    epoch 43: loss 0.8144, val_ap 0.6038, minutes 24.94, lr 1.00e-03
    epoch 44: loss 0.8223, val_ap 0.6082, minutes 25.52, lr 1.00e-03
    epoch 45: loss 0.8134, val_ap 0.6023, minutes 26.11, lr 1.00e-03
    epoch 46: loss 0.7917, val_ap 0.6169, minutes 26.67, lr 1.00e-03
    epoch 47: loss 0.7896, val_ap 0.6112, minutes 27.27, lr 1.00e-03
    epoch 48: loss 0.8003, val_ap 0.6122, minutes 27.89, lr 1.00e-03
    epoch 49: loss 0.7792, val_ap 0.6221, minutes 28.52, lr 1.00e-03
    epoch 50: loss 0.7895, val_ap 0.6061, minutes 29.07, lr 1.00e-03
    epoch 51: loss 0.7972, val_ap 0.6139, minutes 29.65, lr 1.00e-03
    epoch 52: loss 0.7794, val_ap 0.6137, minutes 30.23, lr 1.00e-03
    epoch 53: loss 0.7649, val_ap 0.6190, minutes 30.81, lr 1.00e-03
    epoch 54: loss 0.7778, val_ap 0.6203, minutes 31.39, lr 1.00e-03
    epoch 55: loss 0.7677, val_ap 0.6215, minutes 31.94, lr 1.00e-03
    epoch 56: loss 0.7879, val_ap 0.6147, minutes 32.5, lr 1.00e-03
    epoch 57: loss 0.7710, val_ap 0.6094, minutes 33.05, lr 1.00e-03
    epoch 58: loss 0.7588, val_ap 0.6174, minutes 33.62, lr 5.00e-04
    epoch 59: loss 0.7389, val_ap 0.6195, minutes 34.17, lr 5.00e-04
    epoch 60: loss 0.7376, val_ap 0.6208, minutes 34.77, lr 5.00e-04
    epoch 61: loss 0.7350, val_ap 0.6214, minutes 35.3, lr 5.00e-04
    epoch 62: loss 0.7334, val_ap 0.6171, minutes 35.86, lr 5.00e-04
    epoch 63: loss 0.7531, val_ap 0.6224, minutes 36.39, lr 5.00e-04
    epoch 64: loss 0.7205, val_ap 0.6268, minutes 36.97, lr 5.00e-04
    epoch 65: loss 0.7308, val_ap 0.6194, minutes 37.55, lr 5.00e-04
    epoch 66: loss 0.7311, val_ap 0.6239, minutes 38.11, lr 5.00e-04
    epoch 67: loss 0.7263, val_ap 0.6245, minutes 38.69, lr 5.00e-04
    epoch 68: loss 0.7314, val_ap 0.6291, minutes 39.24, lr 5.00e-04
    epoch 69: loss 0.7217, val_ap 0.6272, minutes 39.81, lr 5.00e-04
    epoch 70: loss 0.7257, val_ap 0.6283, minutes 40.37, lr 5.00e-04
    epoch 71: loss 0.7135, val_ap 0.6302, minutes 40.95, lr 5.00e-04
    epoch 72: loss 0.7210, val_ap 0.6308, minutes 41.52, lr 5.00e-04
    epoch 73: loss 0.7055, val_ap 0.6300, minutes 42.07, lr 5.00e-04
    epoch 74: loss 0.7033, val_ap 0.6354, minutes 42.65, lr 5.00e-04
    epoch 75: loss 0.6993, val_ap 0.6299, minutes 43.2, lr 5.00e-04
    epoch 76: loss 0.7053, val_ap 0.6338, minutes 43.79, lr 5.00e-04
    epoch 77: loss 0.7156, val_ap 0.6312, minutes 44.36, lr 5.00e-04
    epoch 78: loss 0.7084, val_ap 0.6322, minutes 44.98, lr 5.00e-04
    epoch 79: loss 0.6996, val_ap 0.6334, minutes 45.55, lr 5.00e-04
    epoch 80: loss 0.7040, val_ap 0.6265, minutes 46.11, lr 5.00e-04
    epoch 81: loss 0.6913, val_ap 0.6283, minutes 46.68, lr 5.00e-04
    epoch 82: loss 0.7093, val_ap 0.6349, minutes 47.24, lr 5.00e-04
    epoch 83: loss 0.6833, val_ap 0.6306, minutes 47.79, lr 2.50e-04
    epoch 84: loss 0.6886, val_ap 0.6331, minutes 48.36, lr 2.50e-04
    epoch 85: loss 0.6815, val_ap 0.6361, minutes 48.93, lr 2.50e-04
    epoch 86: loss 0.6764, val_ap 0.6343, minutes 49.48, lr 2.50e-04
    epoch 87: loss 0.6939, val_ap 0.6384, minutes 50.07, lr 2.50e-04
    epoch 88: loss 0.6855, val_ap 0.6348, minutes 50.64, lr 2.50e-04
    epoch 89: loss 0.6793, val_ap 0.6354, minutes 51.22, lr 2.50e-04
    epoch 90: loss 0.6775, val_ap 0.6371, minutes 51.8, lr 2.50e-04
    epoch 91: loss 0.6811, val_ap 0.6337, minutes 52.35, lr 2.50e-04
    epoch 92: loss 0.6823, val_ap 0.6405, minutes 52.93, lr 2.50e-04
    epoch 93: loss 0.6633, val_ap 0.6359, minutes 53.49, lr 2.50e-04
    epoch 94: loss 0.6735, val_ap 0.6364, minutes 54.08, lr 2.50e-04
    epoch 95: loss 0.6700, val_ap 0.6396, minutes 54.64, lr 2.50e-04
    epoch 96: loss 0.6653, val_ap 0.6330, minutes 55.21, lr 2.50e-04
    epoch 97: loss 0.6677, val_ap 0.6363, minutes 55.8, lr 2.50e-04
    epoch 98: loss 0.6654, val_ap 0.6348, minutes 56.37, lr 2.50e-04
    epoch 99: loss 0.6543, val_ap 0.6354, minutes 56.95, lr 2.50e-04
    epoch 100: loss 0.6578, val_ap 0.6321, minutes 57.53, lr 2.50e-04
    epoch 101: loss 0.6627, val_ap 0.6367, minutes 58.12, lr 1.25e-04
    epoch 102: loss 0.6658, val_ap 0.6379, minutes 58.7, lr 1.25e-04
    epoch 103: loss 0.6509, val_ap 0.6383, minutes 59.27, lr 1.25e-04
    epoch 104: loss 0.6543, val_ap 0.6358, minutes 59.85, lr 1.25e-04
    epoch 105: loss 0.6564, val_ap 0.6386, minutes 60.4, lr 1.25e-04
    epoch 106: loss 0.6492, val_ap 0.6356, minutes 60.94, lr 1.25e-04
    epoch 107: loss 0.6506, val_ap 0.6335, minutes 61.52, lr 1.25e-04
    epoch 108: loss 0.6517, val_ap 0.6340, minutes 62.02, lr 1.25e-04
    epoch 109: loss 0.6717, val_ap 0.6367, minutes 62.49, lr 1.25e-04
    epoch 110: loss 0.6556, val_ap 0.6370, minutes 63.02, lr 6.25e-05
    epoch 111: loss 0.6503, val_ap 0.6362, minutes 63.51, lr 6.25e-05
    epoch 112: loss 0.6452, val_ap 0.6373, minutes 64.0, lr 6.25e-05
    epoch 113: loss 0.6406, val_ap 0.6373, minutes 64.47, lr 6.25e-05
    epoch 114: loss 0.6463, val_ap 0.6361, minutes 64.96, lr 6.25e-05
    epoch 115: loss 0.6470, val_ap 0.6357, minutes 65.43, lr 6.25e-05
    epoch 116: loss 0.6415, val_ap 0.6326, minutes 65.87, lr 6.25e-05
    epoch 117: loss 0.6417, val_ap 0.6353, minutes 66.32, lr 6.25e-05
    stopping: no validation gain in 25 epochs
[fk_kernel dataset0 fold 3] done (67.0 min)
