loaded: dataset0 121,838 sites, data1 90,452
[h2gcn_local_deep dataset0 fold 4]
    epoch 1: loss 1.0775, val_ap 0.2861, minutes 1.72, lr 3.33e-04
    epoch 2: loss 0.8917, val_ap 0.4387, minutes 3.45, lr 6.63e-04
    epoch 3: loss 0.8372, val_ap 0.4419, minutes 5.29, lr 9.92e-04
    epoch 4: loss 0.7273, val_ap 0.4307, minutes 7.01, lr 1.00e-03
    epoch 5: loss 0.6955, val_ap 0.4371, minutes 8.84, lr 1.00e-03
    epoch 6: loss 0.6984, val_ap 0.4971, minutes 10.57, lr 1.00e-03
    epoch 7: loss 0.6330, val_ap 0.4842, minutes 12.39, lr 1.00e-03
    epoch 8: loss 0.6354, val_ap 0.5026, minutes 14.14, lr 1.00e-03
    epoch 9: loss 0.6439, val_ap 0.4832, minutes 15.9, lr 1.00e-03
    epoch 10: loss 0.6272, val_ap 0.4843, minutes 17.66, lr 1.00e-03
    epoch 11: loss 0.6271, val_ap 0.5033, minutes 19.38, lr 1.00e-03
    epoch 12: loss 0.6100, val_ap 0.5157, minutes 21.15, lr 1.00e-03
    epoch 13: loss 0.6025, val_ap 0.5157, minutes 22.86, lr 1.00e-03
    epoch 14: loss 0.5881, val_ap 0.4993, minutes 24.66, lr 1.00e-03
    epoch 15: loss 0.5999, val_ap 0.5225, minutes 26.36, lr 1.00e-03
    epoch 16: loss 0.5747, val_ap 0.5234, minutes 28.09, lr 1.00e-03
    epoch 17: loss 0.5811, val_ap 0.5173, minutes 29.82, lr 1.00e-03
    epoch 18: loss 0.5881, val_ap 0.5220, minutes 31.57, lr 1.00e-03
    epoch 19: loss 0.5846, val_ap 0.5228, minutes 33.33, lr 1.00e-03
    epoch 20: loss 0.5894, val_ap 0.5255, minutes 35.07, lr 1.00e-03
    epoch 21: loss 0.5632, val_ap 0.4878, minutes 36.82, lr 1.00e-03
    epoch 22: loss 0.5636, val_ap 0.5221, minutes 38.56, lr 1.00e-03
    epoch 23: loss 0.5699, val_ap 0.5468, minutes 40.27, lr 1.00e-03
    epoch 24: loss 0.5527, val_ap 0.5192, minutes 42.03, lr 1.00e-03
    epoch 25: loss 0.5486, val_ap 0.5226, minutes 43.71, lr 1.00e-03
    epoch 26: loss 0.5481, val_ap 0.5158, minutes 45.46, lr 1.00e-03
    epoch 27: loss 0.5381, val_ap 0.5488, minutes 47.14, lr 1.00e-03
    epoch 28: loss 0.5331, val_ap 0.5384, minutes 48.83, lr 1.00e-03
    epoch 29: loss 0.5218, val_ap 0.5489, minutes 50.55, lr 1.00e-03
    epoch 30: loss 0.5155, val_ap 0.5643, minutes 52.24, lr 1.00e-03
    epoch 31: loss 0.5253, val_ap 0.5260, minutes 53.99, lr 1.00e-03
    epoch 32: loss 0.5295, val_ap 0.5181, minutes 55.71, lr 1.00e-03
    epoch 33: loss 0.5202, val_ap 0.5201, minutes 57.45, lr 1.00e-03
    epoch 34: loss 0.5250, val_ap 0.5356, minutes 59.2, lr 1.00e-03
    epoch 35: loss 0.5120, val_ap 0.5397, minutes 60.88, lr 1.00e-03
    epoch 36: loss 0.5132, val_ap 0.5152, minutes 62.58, lr 1.00e-03
    epoch 37: loss 0.5471, val_ap 0.5357, minutes 64.32, lr 1.00e-03
    epoch 38: loss 0.5077, val_ap 0.5276, minutes 66.07, lr 1.00e-03
    epoch 39: loss 0.5215, val_ap 0.5547, minutes 67.78, lr 5.00e-04
    epoch 40: loss 0.4683, val_ap 0.5379, minutes 69.55, lr 5.00e-04
    epoch 41: loss 0.4646, val_ap 0.5455, minutes 71.3, lr 5.00e-04
    epoch 42: loss 0.4489, val_ap 0.5428, minutes 73.02, lr 5.00e-04
    epoch 43: loss 0.4658, val_ap 0.5364, minutes 74.76, lr 5.00e-04
    epoch 44: loss 0.4488, val_ap 0.5436, minutes 76.43, lr 5.00e-04
    epoch 45: loss 0.4488, val_ap 0.5419, minutes 78.11, lr 5.00e-04
    epoch 46: loss 0.4576, val_ap 0.5434, minutes 79.91, lr 5.00e-04
    epoch 47: loss 0.4473, val_ap 0.5228, minutes 81.68, lr 5.00e-04
    epoch 48: loss 0.4519, val_ap 0.5350, minutes 83.48, lr 2.50e-04
    epoch 49: loss 0.4238, val_ap 0.5446, minutes 85.21, lr 2.50e-04
    epoch 50: loss 0.4109, val_ap 0.5398, minutes 86.98, lr 2.50e-04
    epoch 51: loss 0.3987, val_ap 0.5472, minutes 88.78, lr 2.50e-04
    epoch 52: loss 0.4118, val_ap 0.5446, minutes 90.53, lr 2.50e-04
    epoch 53: loss 0.4018, val_ap 0.5449, minutes 92.27, lr 2.50e-04
    epoch 54: loss 0.3879, val_ap 0.5294, minutes 94.01, lr 2.50e-04
    epoch 55: loss 0.3929, val_ap 0.5454, minutes 95.76, lr 2.50e-04
    stopping: no validation gain in 25 epochs
[h2gcn_local_deep dataset0 fold 4] done (98.3 min)
