loaded: dataset0 121,838 sites, data1 90,452
[fk_band dataset0 fold 4]
    band weights [0.402, 0.362, 0.236] (bands ((0, 30), (30, 75), (75, 150)))
    epoch 1: loss 1.9656, val_ap 0.1548, minutes 0.51, lr 3.33e-04
    epoch 2: loss 1.5544, val_ap 0.2601, minutes 0.99, lr 6.63e-04
    epoch 3: loss 1.3571, val_ap 0.4042, minutes 1.52, lr 9.92e-04
    epoch 4: loss 1.1975, val_ap 0.4771, minutes 1.98, lr 1.00e-03
    epoch 5: loss 1.1160, val_ap 0.5046, minutes 2.51, lr 1.00e-03
    epoch 6: loss 1.0996, val_ap 0.4909, minutes 2.97, lr 1.00e-03
    epoch 7: loss 1.0234, val_ap 0.5288, minutes 3.48, lr 1.00e-03
    epoch 8: loss 1.0091, val_ap 0.5450, minutes 3.94, lr 1.00e-03
    epoch 9: loss 0.9961, val_ap 0.5572, minutes 4.41, lr 1.00e-03
    epoch 10: loss 0.9623, val_ap 0.5582, minutes 4.88, lr 1.00e-03
    epoch 11: loss 0.9762, val_ap 0.5573, minutes 5.33, lr 1.00e-03
    epoch 12: loss 0.9501, val_ap 0.5541, minutes 5.81, lr 1.00e-03
    epoch 13: loss 0.9387, val_ap 0.5604, minutes 6.23, lr 1.00e-03
    epoch 14: loss 0.9262, val_ap 0.5600, minutes 6.68, lr 1.00e-03
    epoch 15: loss 0.9253, val_ap 0.5549, minutes 7.14, lr 1.00e-03
    epoch 16: loss 0.9221, val_ap 0.5558, minutes 7.65, lr 1.00e-03
    epoch 17: loss 0.9119, val_ap 0.5649, minutes 8.12, lr 1.00e-03
    epoch 18: loss 0.9077, val_ap 0.5454, minutes 8.62, lr 1.00e-03
    epoch 19: loss 0.9084, val_ap 0.5619, minutes 9.15, lr 1.00e-03
    epoch 20: loss 0.9307, val_ap 0.5559, minutes 9.75, lr 1.00e-03
    epoch 21: loss 0.8776, val_ap 0.5685, minutes 10.31, lr 1.00e-03
    epoch 22: loss 0.8809, val_ap 0.5698, minutes 10.87, lr 1.00e-03
    epoch 23: loss 0.9017, val_ap 0.5656, minutes 11.44, lr 1.00e-03
    epoch 24: loss 0.8931, val_ap 0.5670, minutes 11.97, lr 1.00e-03
    epoch 25: loss 0.8704, val_ap 0.5685, minutes 12.56, lr 1.00e-03
    epoch 26: loss 0.8603, val_ap 0.5707, minutes 13.11, lr 1.00e-03
    epoch 27: loss 0.8730, val_ap 0.5695, minutes 13.7, lr 1.00e-03
    epoch 28: loss 0.8715, val_ap 0.5703, minutes 14.26, lr 1.00e-03
    epoch 29: loss 0.8514, val_ap 0.5723, minutes 14.83, lr 1.00e-03
    epoch 30: loss 0.8429, val_ap 0.5764, minutes 15.42, lr 1.00e-03
    epoch 31: loss 0.8460, val_ap 0.5750, minutes 15.98, lr 1.00e-03
    epoch 32: loss 0.8408, val_ap 0.5744, minutes 16.56, lr 1.00e-03
    epoch 33: loss 0.8232, val_ap 0.5675, minutes 17.11, lr 1.00e-03
    epoch 34: loss 0.8416, val_ap 0.5796, minutes 17.73, lr 1.00e-03
    epoch 35: loss 0.8593, val_ap 0.5777, minutes 18.29, lr 1.00e-03
    epoch 36: loss 0.8396, val_ap 0.5815, minutes 18.9, lr 1.00e-03
    epoch 37: loss 0.8748, val_ap 0.5801, minutes 19.48, lr 1.00e-03
    epoch 38: loss 0.8258, val_ap 0.5798, minutes 20.11, lr 1.00e-03
    epoch 39: loss 0.8261, val_ap 0.5794, minutes 20.71, lr 1.00e-03
    epoch 40: loss 0.8145, val_ap 0.5793, minutes 21.28, lr 1.00e-03
    epoch 41: loss 0.8079, val_ap 0.5789, minutes 21.87, lr 1.00e-03
    epoch 42: loss 0.8086, val_ap 0.5783, minutes 22.44, lr 1.00e-03
    epoch 43: loss 0.8226, val_ap 0.5837, minutes 22.99, lr 1.00e-03
    epoch 44: loss 0.8003, val_ap 0.5871, minutes 23.57, lr 1.00e-03
    epoch 45: loss 0.8140, val_ap 0.5862, minutes 24.17, lr 1.00e-03
    epoch 46: loss 0.8171, val_ap 0.5764, minutes 24.73, lr 1.00e-03
    epoch 47: loss 0.7867, val_ap 0.5871, minutes 25.33, lr 1.00e-03
    epoch 48: loss 0.8031, val_ap 0.5825, minutes 25.92, lr 1.00e-03
    epoch 49: loss 0.8164, val_ap 0.5845, minutes 26.49, lr 1.00e-03
    epoch 50: loss 0.7970, val_ap 0.5836, minutes 27.07, lr 1.00e-03
    epoch 51: loss 0.7851, val_ap 0.5878, minutes 27.65, lr 1.00e-03
    epoch 52: loss 0.7988, val_ap 0.5881, minutes 28.23, lr 1.00e-03
    epoch 53: loss 0.7901, val_ap 0.5864, minutes 28.8, lr 1.00e-03
    epoch 54: loss 0.7812, val_ap 0.5845, minutes 29.4, lr 1.00e-03
    epoch 55: loss 0.7856, val_ap 0.5903, minutes 29.97, lr 1.00e-03
    epoch 56: loss 0.7826, val_ap 0.5878, minutes 30.55, lr 1.00e-03
    epoch 57: loss 0.7739, val_ap 0.5872, minutes 31.11, lr 1.00e-03
    epoch 58: loss 0.7767, val_ap 0.5767, minutes 31.69, lr 1.00e-03
    epoch 59: loss 0.7709, val_ap 0.5856, minutes 32.28, lr 1.00e-03
    epoch 60: loss 0.7647, val_ap 0.5846, minutes 32.85, lr 1.00e-03
    epoch 61: loss 0.7509, val_ap 0.5821, minutes 33.42, lr 1.00e-03
    epoch 62: loss 0.7895, val_ap 0.5862, minutes 33.98, lr 1.00e-03
    epoch 63: loss 0.7648, val_ap 0.5766, minutes 34.56, lr 1.00e-03
    epoch 64: loss 0.7553, val_ap 0.5881, minutes 35.13, lr 5.00e-04
    epoch 65: loss 0.7264, val_ap 0.5898, minutes 35.7, lr 5.00e-04
    epoch 66: loss 0.7287, val_ap 0.5886, minutes 36.29, lr 5.00e-04
    epoch 67: loss 0.7291, val_ap 0.5871, minutes 36.87, lr 5.00e-04
    epoch 68: loss 0.7152, val_ap 0.5885, minutes 37.45, lr 5.00e-04
    epoch 69: loss 0.7231, val_ap 0.5934, minutes 38.06, lr 5.00e-04
    epoch 70: loss 0.7131, val_ap 0.5853, minutes 38.65, lr 5.00e-04
    epoch 71: loss 0.7042, val_ap 0.5862, minutes 39.21, lr 5.00e-04
    epoch 72: loss 0.7186, val_ap 0.5878, minutes 39.78, lr 5.00e-04
    epoch 73: loss 0.7274, val_ap 0.5883, minutes 40.35, lr 5.00e-04
    epoch 74: loss 0.7169, val_ap 0.5906, minutes 40.94, lr 5.00e-04
    epoch 75: loss 0.7060, val_ap 0.5879, minutes 41.52, lr 5.00e-04
    epoch 76: loss 0.7196, val_ap 0.5857, minutes 42.09, lr 5.00e-04
    epoch 77: loss 0.7061, val_ap 0.5860, minutes 42.68, lr 5.00e-04
    epoch 78: loss 0.7053, val_ap 0.5877, minutes 43.26, lr 2.50e-04
    epoch 79: loss 0.7006, val_ap 0.5891, minutes 43.82, lr 2.50e-04
    epoch 80: loss 0.6876, val_ap 0.5877, minutes 44.46, lr 2.50e-04
    epoch 81: loss 0.6883, val_ap 0.5844, minutes 45.04, lr 2.50e-04
    epoch 82: loss 0.6799, val_ap 0.5870, minutes 45.62, lr 2.50e-04
    epoch 83: loss 0.6918, val_ap 0.5808, minutes 46.24, lr 2.50e-04
    epoch 84: loss 0.6931, val_ap 0.5853, minutes 46.8, lr 2.50e-04
    epoch 85: loss 0.6770, val_ap 0.5862, minutes 47.37, lr 2.50e-04
    epoch 86: loss 0.6779, val_ap 0.5872, minutes 47.94, lr 2.50e-04
    epoch 87: loss 0.6805, val_ap 0.5837, minutes 48.53, lr 1.25e-04
    epoch 88: loss 0.6703, val_ap 0.5829, minutes 49.11, lr 1.25e-04
    epoch 89: loss 0.6727, val_ap 0.5852, minutes 49.71, lr 1.25e-04
    epoch 90: loss 0.6697, val_ap 0.5870, minutes 50.33, lr 1.25e-04
    epoch 91: loss 0.6795, val_ap 0.5865, minutes 50.91, lr 1.25e-04
    epoch 92: loss 0.6808, val_ap 0.5889, minutes 51.47, lr 1.25e-04
    epoch 93: loss 0.6531, val_ap 0.5882, minutes 52.05, lr 1.25e-04
    epoch 94: loss 0.6675, val_ap 0.5895, minutes 52.63, lr 1.25e-04
    stopping: no validation gain in 25 epochs
[fk_band dataset0 fold 4] done (53.4 min)
