loaded: dataset0 121,838 sites, data1 90,452
[res_gate dataset0 fold 0 seed 1]
    kernel decay scale 118.2 nt (fitted to cell line 1 training labels)
    epoch 1: loss 1.9637, val_ap 0.1754, minutes 0.52, lr 3.33e-04
    epoch 2: loss 1.5973, val_ap 0.2602, minutes 1.01, lr 6.59e-04
    epoch 3: loss 1.3710, val_ap 0.4002, minutes 1.57, lr 9.88e-04
    epoch 4: loss 1.2265, val_ap 0.4583, minutes 2.1, lr 1.00e-03
    epoch 5: loss 1.1513, val_ap 0.4678, minutes 2.59, lr 1.00e-03
    epoch 6: loss 1.1135, val_ap 0.4760, minutes 3.16, lr 1.00e-03
    epoch 7: loss 1.1311, val_ap 0.4791, minutes 3.66, lr 1.00e-03
    epoch 8: loss 1.0692, val_ap 0.4836, minutes 4.19, lr 1.00e-03
    epoch 9: loss 1.0587, val_ap 0.4960, minutes 4.72, lr 1.00e-03
    epoch 10: loss 1.0179, val_ap 0.4996, minutes 5.21, lr 1.00e-03
    epoch 11: loss 1.0091, val_ap 0.5150, minutes 5.71, lr 1.00e-03
    epoch 12: loss 1.0112, val_ap 0.5168, minutes 6.23, lr 1.00e-03
    epoch 13: loss 1.0043, val_ap 0.5086, minutes 6.74, lr 1.00e-03
    epoch 14: loss 0.9753, val_ap 0.5381, minutes 7.28, lr 1.00e-03
    epoch 15: loss 0.9740, val_ap 0.5335, minutes 7.77, lr 1.00e-03
    epoch 16: loss 0.9726, val_ap 0.5264, minutes 8.29, lr 1.00e-03
    epoch 17: loss 0.9571, val_ap 0.5456, minutes 8.79, lr 1.00e-03
    epoch 18: loss 0.9564, val_ap 0.5429, minutes 9.29, lr 1.00e-03
    epoch 19: loss 0.9479, val_ap 0.5307, minutes 9.79, lr 1.00e-03
    epoch 20: loss 0.9550, val_ap 0.5519, minutes 10.27, lr 1.00e-03
    epoch 21: loss 0.9490, val_ap 0.5548, minutes 10.8, lr 1.00e-03
    epoch 22: loss 0.9393, val_ap 0.5464, minutes 11.27, lr 1.00e-03
    epoch 23: loss 0.9192, val_ap 0.5386, minutes 11.75, lr 1.00e-03
    epoch 24: loss 0.9239, val_ap 0.5420, minutes 12.27, lr 1.00e-03
    epoch 25: loss 0.9357, val_ap 0.5469, minutes 12.74, lr 1.00e-03
    epoch 26: loss 0.9272, val_ap 0.5454, minutes 13.25, lr 1.00e-03
    epoch 27: loss 0.9348, val_ap 0.5450, minutes 13.75, lr 1.00e-03
    epoch 28: loss 0.9537, val_ap 0.5552, minutes 14.25, lr 1.00e-03
    epoch 29: loss 0.9000, val_ap 0.5553, minutes 14.75, lr 1.00e-03
    epoch 30: loss 0.8992, val_ap 0.5654, minutes 15.26, lr 1.00e-03
    epoch 31: loss 0.9044, val_ap 0.5550, minutes 15.79, lr 1.00e-03
    epoch 32: loss 0.9318, val_ap 0.5545, minutes 16.29, lr 1.00e-03
    epoch 33: loss 0.8932, val_ap 0.5558, minutes 16.89, lr 1.00e-03
    epoch 34: loss 0.8858, val_ap 0.5672, minutes 17.36, lr 1.00e-03
    epoch 35: loss 0.8865, val_ap 0.5689, minutes 17.86, lr 1.00e-03
    epoch 36: loss 0.8861, val_ap 0.5723, minutes 18.49, lr 1.00e-03
    epoch 37: loss 0.9142, val_ap 0.5609, minutes 18.97, lr 1.00e-03
    epoch 38: loss 0.8888, val_ap 0.5709, minutes 19.5, lr 1.00e-03
    epoch 39: loss 0.8950, val_ap 0.5685, minutes 19.99, lr 1.00e-03
    epoch 40: loss 0.9266, val_ap 0.5617, minutes 20.48, lr 1.00e-03
    epoch 41: loss 0.9000, val_ap 0.5695, minutes 20.98, lr 1.00e-03
    epoch 42: loss 0.8792, val_ap 0.5734, minutes 21.49, lr 1.00e-03
    epoch 43: loss 0.8728, val_ap 0.5654, minutes 21.99, lr 1.00e-03
    epoch 44: loss 0.8773, val_ap 0.5760, minutes 22.48, lr 1.00e-03
    epoch 45: loss 0.8664, val_ap 0.5752, minutes 22.99, lr 1.00e-03
    epoch 46: loss 0.8620, val_ap 0.5746, minutes 23.49, lr 1.00e-03
    epoch 47: loss 0.8534, val_ap 0.5670, minutes 23.99, lr 1.00e-03
    epoch 48: loss 0.8529, val_ap 0.5818, minutes 24.51, lr 1.00e-03
    epoch 49: loss 0.8621, val_ap 0.5816, minutes 25.04, lr 1.00e-03
    epoch 50: loss 0.8448, val_ap 0.5791, minutes 25.57, lr 1.00e-03
    epoch 51: loss 0.8510, val_ap 0.5913, minutes 26.08, lr 1.00e-03
    epoch 52: loss 0.8478, val_ap 0.5901, minutes 26.61, lr 1.00e-03
    epoch 53: loss 0.8328, val_ap 0.5742, minutes 27.11, lr 1.00e-03
    epoch 54: loss 0.8481, val_ap 0.5795, minutes 27.6, lr 1.00e-03
    epoch 55: loss 0.8337, val_ap 0.5821, minutes 28.13, lr 1.00e-03
    epoch 56: loss 0.8342, val_ap 0.5779, minutes 28.67, lr 1.00e-03
    epoch 57: loss 0.8587, val_ap 0.5809, minutes 29.21, lr 1.00e-03
    epoch 58: loss 0.8168, val_ap 0.5855, minutes 29.76, lr 1.00e-03
    epoch 59: loss 0.8430, val_ap 0.5764, minutes 30.27, lr 1.00e-03
    epoch 60: loss 0.8691, val_ap 0.5750, minutes 30.78, lr 5.00e-04
    epoch 61: loss 0.9156, val_ap 0.5818, minutes 31.3, lr 5.00e-04
    epoch 62: loss 0.8174, val_ap 0.5885, minutes 31.8, lr 5.00e-04
    epoch 63: loss 0.8263, val_ap 0.5917, minutes 32.31, lr 5.00e-04
    epoch 64: loss 0.8204, val_ap 0.5951, minutes 32.85, lr 5.00e-04
    epoch 65: loss 0.8045, val_ap 0.5943, minutes 33.37, lr 5.00e-04
    epoch 66: loss 0.8201, val_ap 0.5912, minutes 33.89, lr 5.00e-04
    epoch 67: loss 0.8192, val_ap 0.5917, minutes 34.38, lr 5.00e-04
    epoch 68: loss 0.8094, val_ap 0.5960, minutes 34.9, lr 5.00e-04
    epoch 69: loss 0.8074, val_ap 0.5911, minutes 35.43, lr 5.00e-04
    epoch 70: loss 0.8123, val_ap 0.5922, minutes 35.94, lr 5.00e-04
    epoch 71: loss 0.8039, val_ap 0.5965, minutes 36.44, lr 5.00e-04
    epoch 72: loss 0.7995, val_ap 0.5944, minutes 36.96, lr 5.00e-04
    epoch 73: loss 0.8015, val_ap 0.5937, minutes 37.5, lr 5.00e-04
    epoch 74: loss 0.8007, val_ap 0.6004, minutes 38.05, lr 5.00e-04
    epoch 75: loss 0.7951, val_ap 0.6003, minutes 38.56, lr 5.00e-04
    epoch 76: loss 0.8057, val_ap 0.5992, minutes 39.05, lr 5.00e-04
    epoch 77: loss 0.8598, val_ap 0.5997, minutes 39.54, lr 5.00e-04
    epoch 78: loss 0.8011, val_ap 0.6020, minutes 40.06, lr 5.00e-04
    epoch 79: loss 0.8013, val_ap 0.5954, minutes 40.55, lr 5.00e-04
    epoch 80: loss 0.7999, val_ap 0.6029, minutes 41.09, lr 5.00e-04
    epoch 81: loss 0.7964, val_ap 0.6008, minutes 41.62, lr 5.00e-04
    epoch 82: loss 0.7820, val_ap 0.6006, minutes 42.16, lr 5.00e-04
    epoch 83: loss 0.7787, val_ap 0.6042, minutes 42.69, lr 5.00e-04
    epoch 84: loss 0.8004, val_ap 0.6009, minutes 43.2, lr 5.00e-04
    epoch 85: loss 0.7941, val_ap 0.6009, minutes 43.73, lr 5.00e-04
    epoch 86: loss 0.7861, val_ap 0.6048, minutes 44.22, lr 5.00e-04
    epoch 87: loss 0.7950, val_ap 0.6029, minutes 44.76, lr 5.00e-04
    epoch 88: loss 0.7755, val_ap 0.6053, minutes 45.27, lr 5.00e-04
    epoch 89: loss 0.7790, val_ap 0.6065, minutes 45.79, lr 5.00e-04
    epoch 90: loss 0.7762, val_ap 0.6037, minutes 46.25, lr 5.00e-04
    epoch 91: loss 0.7843, val_ap 0.6025, minutes 46.73, lr 5.00e-04
    epoch 92: loss 0.7776, val_ap 0.6111, minutes 47.25, lr 5.00e-04
    epoch 93: loss 0.7857, val_ap 0.6049, minutes 47.74, lr 5.00e-04
    epoch 94: loss 0.7696, val_ap 0.5977, minutes 48.25, lr 5.00e-04
    epoch 95: loss 0.7748, val_ap 0.6020, minutes 48.78, lr 5.00e-04
    epoch 96: loss 0.7784, val_ap 0.6024, minutes 49.31, lr 5.00e-04
    epoch 97: loss 0.7718, val_ap 0.5916, minutes 49.83, lr 5.00e-04
    epoch 98: loss 0.7733, val_ap 0.6041, minutes 50.38, lr 5.00e-04
    epoch 99: loss 0.7731, val_ap 0.5963, minutes 50.94, lr 5.00e-04
    epoch 100: loss 0.7797, val_ap 0.6018, minutes 51.45, lr 5.00e-04
    epoch 101: loss 0.7656, val_ap 0.6045, minutes 51.96, lr 2.50e-04
    epoch 102: loss 0.7495, val_ap 0.6052, minutes 52.46, lr 2.50e-04
    epoch 103: loss 0.7498, val_ap 0.6017, minutes 53.03, lr 2.50e-04
    epoch 104: loss 0.7441, val_ap 0.6066, minutes 53.55, lr 2.50e-04
    epoch 105: loss 0.7453, val_ap 0.6078, minutes 54.09, lr 2.50e-04
    epoch 106: loss 0.7500, val_ap 0.6030, minutes 54.67, lr 2.50e-04
    epoch 107: loss 0.7651, val_ap 0.6074, minutes 55.15, lr 2.50e-04
    epoch 108: loss 0.7830, val_ap 0.6064, minutes 55.69, lr 2.50e-04
    epoch 109: loss 0.7435, val_ap 0.6068, minutes 56.22, lr 2.50e-04
    epoch 110: loss 0.7436, val_ap 0.6086, minutes 56.73, lr 1.25e-04
    epoch 111: loss 0.7317, val_ap 0.6063, minutes 57.23, lr 1.25e-04
    epoch 112: loss 0.7422, val_ap 0.6047, minutes 57.76, lr 1.25e-04
    epoch 113: loss 0.7321, val_ap 0.6066, minutes 58.24, lr 1.25e-04
    epoch 114: loss 0.7272, val_ap 0.6019, minutes 58.75, lr 1.25e-04
    epoch 115: loss 0.7298, val_ap 0.6053, minutes 59.24, lr 1.25e-04
    epoch 116: loss 0.7245, val_ap 0.6047, minutes 59.74, lr 1.25e-04
    epoch 117: loss 0.7365, val_ap 0.6064, minutes 60.25, lr 1.25e-04
    stopping: no validation gain in 25 epochs
[res_gate dataset0 fold 0 seed 1] done (61.0 min)
