loaded: dataset0 121,838 sites, data1 90,452
[knn_random pooled_both fold 4]
    epoch 1: loss 1.1549475487073262, minutes 4.07, val_ap 0.3101789980252794, lr 0.0003338888888888889
    epoch 2: loss 0.9229925039410591, minutes 8.76, val_ap 0.40698499995546916, lr 0.0006672222222222223
    epoch 3: loss 0.8919588052233061, minutes 13.3, val_ap 0.419718104790805, lr 0.001
    epoch 4: loss 0.8740560348331928, minutes 17.89, val_ap 0.42974612759438946, lr 0.001
    epoch 5: loss 0.8655846964319547, minutes 22.49, val_ap 0.43561900776329465, lr 0.001
    epoch 6: loss 0.8514260025819143, minutes 27.18, val_ap 0.44569993633522975, lr 0.001
    epoch 7: loss 0.8473470904429754, minutes 31.89, val_ap 0.4426087105493374, lr 0.001
    epoch 8: loss 0.8429271133244037, minutes 36.54, val_ap 0.45574370566449846, lr 0.001
    epoch 9: loss 0.8344536065558592, minutes 41.08, val_ap 0.4347945091248711, lr 0.001
    epoch 10: loss 0.8346497398118178, minutes 45.75, val_ap 0.4462339027075035, lr 0.001
    epoch 11: loss 0.8293999307850997, minutes 50.32, val_ap 0.45533717536660556, lr 0.001
    epoch 12: loss 0.8236983351906141, minutes 54.82, val_ap 0.44752600916127366, lr 0.001
    epoch 13: loss 0.8229670703907808, minutes 59.56, val_ap 0.45611606209314204, lr 0.001
    epoch 14: loss 0.8178585105637709, minutes 64.3, val_ap 0.45996681833894865, lr 0.001
    epoch 15: loss 0.8170170565942924, minutes 68.82, val_ap 0.45832030092667053, lr 0.001
    epoch 16: loss 0.8100922740499179, minutes 73.46, val_ap 0.4655479493750247, lr 0.001
    epoch 17: loss 0.8114722861846289, minutes 78.09, val_ap 0.45877191439051035, lr 0.001
    epoch 18: loss 0.8092169010639191, minutes 82.56, val_ap 0.46368341174167155, lr 0.001
    epoch 19: loss 0.8058596281210582, minutes 87.24, val_ap 0.4634023355834003, lr 0.001
    epoch 20: loss 0.8010755372544129, minutes 91.88, val_ap 0.46117492752232253, lr 0.001
    epoch 21: loss 0.8000707807143529, minutes 96.5, val_ap 0.4574655251662284, lr 0.001
    epoch 22: loss 0.7986586487789948, minutes 101.17, val_ap 0.46269941641304063, lr 0.001
    epoch 23: loss 0.7952640929818153, minutes 105.76, val_ap 0.46592186876428276, lr 0.001
    epoch 24: loss 0.7897855800886949, minutes 110.44, val_ap 0.4742132147966507, lr 0.001
    epoch 25: loss 0.7910018852353096, minutes 115.17, val_ap 0.467017353976289, lr 0.001
    epoch 26: loss 0.7870604776839415, minutes 119.82, val_ap 0.4702565204803698, lr 0.001
    epoch 27: loss 0.784560952881972, minutes 124.25, val_ap 0.4530944265860752, lr 0.001
    epoch 28: loss 0.7848816153407097, minutes 128.75, val_ap 0.4542859570512054, lr 0.001
    epoch 29: loss 0.7861868005494277, minutes 133.45, val_ap 0.4618825831542947, lr 0.001
    epoch 30: loss 0.7811292404433091, minutes 137.77, val_ap 0.4624061049880794, lr 0.001
    epoch 31: loss 0.7818528524537881, minutes 142.02, val_ap 0.45889152229114827, lr 0.001
    epoch 32: loss 0.7777913887798786, minutes 146.13, val_ap 0.4524080603222767, lr 0.001
    epoch 33: loss 0.7754362360139688, minutes 150.34, val_ap 0.46656083828085587, lr 0.0005
    epoch 34: loss 0.7625396223862966, minutes 154.32, val_ap 0.47088217172198743, lr 0.0005
    epoch 35: loss 0.7581090370814005, minutes 158.16, val_ap 0.4636528345726427, lr 0.0005
    epoch 36: loss 0.7565441066026688, minutes 161.81, val_ap 0.4674576332789322, lr 0.0005
    epoch 37: loss 0.7539490976432959, minutes 165.43, val_ap 0.4664611565817765, lr 0.0005
    epoch 38: loss 0.7508199701706568, minutes 168.97, val_ap 0.46289653262104963, lr 0.0005
    epoch 39: loss 0.7502136932810147, minutes 172.34, val_ap 0.4659072108871541, lr 0.0005
    epoch 40: loss 0.7468002762893836, minutes 175.53, val_ap 0.4573424705726757, lr 0.0005
    epoch 41: loss 0.7455356382826964, minutes 178.93, val_ap 0.466225447527581, lr 0.0005
    epoch 42: loss 0.7458524266878764, minutes 182.28, val_ap 0.4607451579903953, lr 0.00025
    epoch 43: loss 0.738481451322635, minutes 185.56, val_ap 0.4617297747108886, lr 0.00025
    epoch 44: loss 0.7315158994495868, minutes 188.73, val_ap 0.46724001943729354, lr 0.00025
    epoch 45: loss 0.7350069059928258, minutes 191.84, val_ap 0.4637024523430562, lr 0.00025
    epoch 46: loss 0.7370056254665057, minutes 194.81, val_ap 0.46916386336204685, lr 0.00025
    epoch 47: loss 0.7361741035183271, minutes 197.87, val_ap 0.4638363287923537, lr 0.00025
    epoch 48: loss 0.7309037084380786, minutes 200.57, val_ap 0.46641446800621156, lr 0.00025
    stopping: no validation gain in 25 epochs
[knn_random pooled_both fold 4] done (204.2 min)
