loaded: dataset0 121,838 sites, data1 90,452
[h2gcn_aux_r100 dataset0 fold 0 seed 1]
    epoch 1: loss 1.9634, val_ap 0.1833, minutes 0.49, lr 3.33e-04
    epoch 2: loss 1.5776, val_ap 0.2609, minutes 1.03, lr 6.59e-04
    epoch 3: loss 1.3548, val_ap 0.4006, minutes 1.53, lr 9.88e-04
    epoch 4: loss 1.2176, val_ap 0.4516, minutes 2.04, lr 1.00e-03
    epoch 5: loss 1.1357, val_ap 0.4664, minutes 2.57, lr 1.00e-03
    epoch 6: loss 1.0836, val_ap 0.4813, minutes 3.08, lr 1.00e-03
    epoch 7: loss 1.0962, val_ap 0.4852, minutes 3.56, lr 1.00e-03
    epoch 8: loss 1.0248, val_ap 0.4997, minutes 4.04, lr 1.00e-03
    epoch 9: loss 1.0170, val_ap 0.5027, minutes 4.55, lr 1.00e-03
    epoch 10: loss 0.9630, val_ap 0.5083, minutes 5.13, lr 1.00e-03
    epoch 11: loss 0.9559, val_ap 0.5099, minutes 5.63, lr 1.00e-03
    epoch 12: loss 0.9526, val_ap 0.5045, minutes 6.09, lr 1.00e-03
    epoch 13: loss 0.9574, val_ap 0.4993, minutes 6.58, lr 1.00e-03
    epoch 14: loss 0.9266, val_ap 0.5252, minutes 7.06, lr 1.00e-03
    epoch 15: loss 0.9243, val_ap 0.5091, minutes 7.6, lr 1.00e-03
    epoch 16: loss 0.9400, val_ap 0.5170, minutes 8.07, lr 1.00e-03
    epoch 17: loss 0.9077, val_ap 0.5266, minutes 8.53, lr 1.00e-03
    epoch 18: loss 0.9074, val_ap 0.5249, minutes 9.05, lr 1.00e-03
    epoch 19: loss 0.9123, val_ap 0.5250, minutes 9.58, lr 1.00e-03
    epoch 20: loss 0.9072, val_ap 0.5373, minutes 10.07, lr 1.00e-03
    epoch 21: loss 0.9105, val_ap 0.5312, minutes 10.6, lr 1.00e-03
    epoch 22: loss 0.8974, val_ap 0.5308, minutes 11.06, lr 1.00e-03
    epoch 23: loss 0.8732, val_ap 0.5307, minutes 11.57, lr 1.00e-03
    epoch 24: loss 0.8742, val_ap 0.5290, minutes 12.07, lr 1.00e-03
    epoch 25: loss 0.8832, val_ap 0.5371, minutes 12.55, lr 1.00e-03
    epoch 26: loss 0.8848, val_ap 0.5395, minutes 13.08, lr 1.00e-03
    epoch 27: loss 0.8928, val_ap 0.5376, minutes 13.53, lr 1.00e-03
    epoch 28: loss 0.8810, val_ap 0.5451, minutes 14.02, lr 1.00e-03
    epoch 29: loss 0.8503, val_ap 0.5413, minutes 14.55, lr 1.00e-03
    epoch 30: loss 0.8578, val_ap 0.5451, minutes 15.03, lr 1.00e-03
    epoch 31: loss 0.8656, val_ap 0.5414, minutes 15.53, lr 1.00e-03
    epoch 32: loss 0.8860, val_ap 0.5482, minutes 16.01, lr 1.00e-03
    epoch 33: loss 0.8415, val_ap 0.5434, minutes 16.51, lr 1.00e-03
    epoch 34: loss 0.8318, val_ap 0.5496, minutes 17.05, lr 1.00e-03
    epoch 35: loss 0.8412, val_ap 0.5452, minutes 17.49, lr 1.00e-03
    epoch 36: loss 0.8350, val_ap 0.5529, minutes 18.03, lr 1.00e-03
    epoch 37: loss 0.8543, val_ap 0.5579, minutes 18.52, lr 1.00e-03
    epoch 38: loss 0.8382, val_ap 0.5546, minutes 19.02, lr 1.00e-03
    epoch 39: loss 0.8576, val_ap 0.5575, minutes 19.57, lr 1.00e-03
    epoch 40: loss 0.8585, val_ap 0.5545, minutes 20.05, lr 1.00e-03
    epoch 41: loss 0.8406, val_ap 0.5586, minutes 20.56, lr 1.00e-03
    epoch 42: loss 0.8383, val_ap 0.5534, minutes 21.08, lr 1.00e-03
    epoch 43: loss 0.8228, val_ap 0.5512, minutes 21.56, lr 1.00e-03
    epoch 44: loss 0.8382, val_ap 0.5646, minutes 22.01, lr 1.00e-03
    epoch 45: loss 0.8161, val_ap 0.5532, minutes 22.47, lr 1.00e-03
    epoch 46: loss 0.8211, val_ap 0.5572, minutes 22.97, lr 1.00e-03
    epoch 47: loss 0.8006, val_ap 0.5485, minutes 23.42, lr 1.00e-03
    epoch 48: loss 0.7977, val_ap 0.5628, minutes 23.9, lr 1.00e-03
    epoch 49: loss 0.7981, val_ap 0.5624, minutes 24.39, lr 1.00e-03
    epoch 50: loss 0.7814, val_ap 0.5553, minutes 24.86, lr 1.00e-03
    epoch 51: loss 0.7919, val_ap 0.5649, minutes 25.35, lr 1.00e-03
    epoch 52: loss 0.7871, val_ap 0.5707, minutes 25.8, lr 1.00e-03
    epoch 53: loss 0.7835, val_ap 0.5500, minutes 26.31, lr 1.00e-03
    epoch 54: loss 0.7948, val_ap 0.5681, minutes 26.8, lr 1.00e-03
    epoch 55: loss 0.7780, val_ap 0.5627, minutes 27.32, lr 1.00e-03
    epoch 56: loss 0.7824, val_ap 0.5598, minutes 27.76, lr 1.00e-03
    epoch 57: loss 0.7980, val_ap 0.5610, minutes 28.25, lr 1.00e-03
    epoch 58: loss 0.7565, val_ap 0.5670, minutes 28.7, lr 1.00e-03
    epoch 59: loss 0.7815, val_ap 0.5605, minutes 29.2, lr 1.00e-03
    epoch 60: loss 0.7929, val_ap 0.5540, minutes 29.68, lr 1.00e-03
    epoch 61: loss 0.9106, val_ap 0.5569, minutes 30.19, lr 5.00e-04
    epoch 62: loss 0.7544, val_ap 0.5704, minutes 30.66, lr 5.00e-04
    epoch 63: loss 0.7597, val_ap 0.5660, minutes 31.09, lr 5.00e-04
    epoch 64: loss 0.7540, val_ap 0.5717, minutes 31.6, lr 5.00e-04
    epoch 65: loss 0.7400, val_ap 0.5715, minutes 32.12, lr 5.00e-04
    epoch 66: loss 0.7478, val_ap 0.5705, minutes 32.62, lr 5.00e-04
    epoch 67: loss 0.7553, val_ap 0.5675, minutes 33.12, lr 5.00e-04
    epoch 68: loss 0.7379, val_ap 0.5754, minutes 33.61, lr 5.00e-04
    epoch 69: loss 0.7386, val_ap 0.5658, minutes 34.13, lr 5.00e-04
    epoch 70: loss 0.7448, val_ap 0.5659, minutes 34.57, lr 5.00e-04
    epoch 71: loss 0.7304, val_ap 0.5715, minutes 35.04, lr 5.00e-04
    epoch 72: loss 0.7272, val_ap 0.5702, minutes 35.54, lr 5.00e-04
    epoch 73: loss 0.7360, val_ap 0.5704, minutes 35.99, lr 5.00e-04
    epoch 74: loss 0.7266, val_ap 0.5772, minutes 36.49, lr 5.00e-04
    epoch 75: loss 0.7171, val_ap 0.5728, minutes 36.95, lr 5.00e-04
    epoch 76: loss 0.7814, val_ap 0.5650, minutes 37.41, lr 5.00e-04
    epoch 77: loss 1.0796, val_ap 0.5367, minutes 37.91, lr 5.00e-04
    epoch 78: loss 0.7810, val_ap 0.5625, minutes 38.37, lr 5.00e-04
    epoch 79: loss 0.7540, val_ap 0.5647, minutes 38.86, lr 5.00e-04
    epoch 80: loss 0.7569, val_ap 0.5638, minutes 39.36, lr 5.00e-04
    epoch 81: loss 0.7487, val_ap 0.5632, minutes 39.84, lr 5.00e-04
    epoch 82: loss 0.7213, val_ap 0.5691, minutes 40.34, lr 5.00e-04
    epoch 83: loss 0.7168, val_ap 0.5672, minutes 40.83, lr 2.50e-04
    epoch 84: loss 0.7150, val_ap 0.5709, minutes 41.26, lr 2.50e-04
    epoch 85: loss 0.7161, val_ap 0.5754, minutes 41.75, lr 2.50e-04
    epoch 86: loss 0.7081, val_ap 0.5718, minutes 42.21, lr 2.50e-04
    epoch 87: loss 0.7140, val_ap 0.5712, minutes 42.72, lr 2.50e-04
    epoch 88: loss 0.7034, val_ap 0.5759, minutes 43.2, lr 2.50e-04
    epoch 89: loss 0.7060, val_ap 0.5739, minutes 43.69, lr 2.50e-04
    epoch 90: loss 0.7100, val_ap 0.5723, minutes 44.14, lr 2.50e-04
    epoch 91: loss 0.7141, val_ap 0.5750, minutes 44.62, lr 2.50e-04
    epoch 92: loss 0.7040, val_ap 0.5794, minutes 45.09, lr 2.50e-04
    epoch 93: loss 0.7105, val_ap 0.5772, minutes 45.53, lr 2.50e-04
    epoch 94: loss 0.6914, val_ap 0.5758, minutes 46.04, lr 2.50e-04
    epoch 95: loss 0.6912, val_ap 0.5771, minutes 46.53, lr 2.50e-04
    epoch 96: loss 0.6963, val_ap 0.5803, minutes 46.98, lr 2.50e-04
    epoch 97: loss 0.6910, val_ap 0.5788, minutes 47.46, lr 2.50e-04
    epoch 98: loss 0.6998, val_ap 0.5767, minutes 47.93, lr 2.50e-04
    epoch 99: loss 0.6949, val_ap 0.5771, minutes 48.39, lr 2.50e-04
    epoch 100: loss 0.7006, val_ap 0.5828, minutes 48.91, lr 2.50e-04
    epoch 101: loss 0.6879, val_ap 0.5800, minutes 49.37, lr 2.50e-04
    epoch 102: loss 0.6872, val_ap 0.5817, minutes 49.84, lr 2.50e-04
    epoch 103: loss 0.6842, val_ap 0.5759, minutes 50.3, lr 2.50e-04
    epoch 104: loss 0.6692, val_ap 0.5803, minutes 50.75, lr 2.50e-04
    epoch 105: loss 0.6846, val_ap 0.5842, minutes 51.18, lr 2.50e-04
    epoch 106: loss 0.6757, val_ap 0.5802, minutes 51.67, lr 2.50e-04
    epoch 107: loss 0.6890, val_ap 0.5816, minutes 52.12, lr 2.50e-04
    epoch 108: loss 0.6933, val_ap 0.5792, minutes 52.6, lr 2.50e-04
    epoch 109: loss 0.6762, val_ap 0.5796, minutes 53.01, lr 2.50e-04
    epoch 110: loss 0.6765, val_ap 0.5806, minutes 53.49, lr 2.50e-04
    epoch 111: loss 0.6722, val_ap 0.5791, minutes 53.95, lr 2.50e-04
    epoch 112: loss 0.6727, val_ap 0.5766, minutes 54.42, lr 2.50e-04
    epoch 113: loss 0.6734, val_ap 0.5806, minutes 54.89, lr 2.50e-04
    epoch 114: loss 0.6665, val_ap 0.5730, minutes 55.31, lr 1.25e-04
    epoch 115: loss 0.6615, val_ap 0.5782, minutes 55.71, lr 1.25e-04
    epoch 116: loss 0.6523, val_ap 0.5745, minutes 56.08, lr 1.25e-04
    epoch 117: loss 0.6667, val_ap 0.5772, minutes 56.53, lr 1.25e-04
    epoch 118: loss 0.6559, val_ap 0.5794, minutes 56.92, lr 1.25e-04
    epoch 119: loss 0.6544, val_ap 0.5779, minutes 57.34, lr 1.25e-04
    epoch 120: loss 0.6670, val_ap 0.5774, minutes 57.72, lr 1.25e-04
    epoch 121: loss 0.6710, val_ap 0.5776, minutes 58.12, lr 1.25e-04
    epoch 122: loss 0.6607, val_ap 0.5769, minutes 58.48, lr 1.25e-04
    epoch 123: loss 0.6476, val_ap 0.5792, minutes 58.85, lr 6.25e-05
    epoch 124: loss 0.6488, val_ap 0.5804, minutes 59.24, lr 6.25e-05
    epoch 125: loss 0.6567, val_ap 0.5788, minutes 59.61, lr 6.25e-05
    epoch 126: loss 0.6594, val_ap 0.5793, minutes 59.95, lr 6.25e-05
    epoch 127: loss 0.6759, val_ap 0.5805, minutes 60.32, lr 6.25e-05
    epoch 128: loss 0.6531, val_ap 0.5813, minutes 60.68, lr 6.25e-05
    epoch 129: loss 0.6565, val_ap 0.5814, minutes 61.07, lr 6.25e-05
    epoch 130: loss 0.6541, val_ap 0.5807, minutes 61.44, lr 6.25e-05
    stopping: no validation gain in 25 epochs
[h2gcn_aux_r100 dataset0 fold 0 seed 1] done (62.0 min)
