loaded: dataset0 121,838 sites, data1 90,452
[scalar_drop pooled_both fold 3 seed 2]
    kernel decay scale 113.4 nt (fitted to cell line 1 training labels)
    epoch 1: loss 1.8971, val_ap 0.1557, minutes 0.8, lr 3.31e-04
    epoch 2: loss 1.5383, val_ap 0.3168, minutes 1.57, lr 6.60e-04
    epoch 3: loss 1.4204, val_ap 0.3919, minutes 2.34, lr 9.89e-04
    epoch 4: loss 1.3401, val_ap 0.4304, minutes 3.16, lr 1.00e-03
    epoch 5: loss 1.2921, val_ap 0.4452, minutes 3.93, lr 1.00e-03
    epoch 6: loss 1.2846, val_ap 0.4418, minutes 4.68, lr 1.00e-03
    epoch 7: loss 1.2799, val_ap 0.4504, minutes 5.44, lr 1.00e-03
    epoch 8: loss 1.2576, val_ap 0.4531, minutes 6.22, lr 1.00e-03
    epoch 9: loss 1.2463, val_ap 0.4568, minutes 7.03, lr 1.00e-03
    epoch 10: loss 1.2477, val_ap 0.4571, minutes 7.81, lr 1.00e-03
    epoch 11: loss 1.2390, val_ap 0.4649, minutes 8.61, lr 1.00e-03
    epoch 12: loss 1.2348, val_ap 0.4659, minutes 9.34, lr 1.00e-03
    epoch 13: loss 1.2259, val_ap 0.4738, minutes 10.14, lr 1.00e-03
    epoch 14: loss 1.2255, val_ap 0.4738, minutes 10.87, lr 1.00e-03
    epoch 15: loss 1.2181, val_ap 0.4735, minutes 11.67, lr 1.00e-03
    epoch 16: loss 1.2126, val_ap 0.4782, minutes 12.42, lr 1.00e-03
    epoch 17: loss 1.2161, val_ap 0.4816, minutes 13.12, lr 1.00e-03
    epoch 18: loss 1.2031, val_ap 0.4836, minutes 13.82, lr 1.00e-03
    epoch 19: loss 1.2093, val_ap 0.4788, minutes 14.62, lr 1.00e-03
    epoch 20: loss 1.2012, val_ap 0.4869, minutes 15.36, lr 1.00e-03
    epoch 21: loss 1.1946, val_ap 0.4889, minutes 16.06, lr 1.00e-03
    epoch 22: loss 1.2021, val_ap 0.4927, minutes 16.79, lr 1.00e-03
    epoch 23: loss 1.1887, val_ap 0.4920, minutes 17.52, lr 1.00e-03
    epoch 24: loss 1.1820, val_ap 0.4917, minutes 18.23, lr 1.00e-03
    epoch 25: loss 1.1932, val_ap 0.4971, minutes 18.95, lr 1.00e-03
    epoch 26: loss 1.1816, val_ap 0.4951, minutes 19.62, lr 1.00e-03
    epoch 27: loss 1.1845, val_ap 0.4968, minutes 20.22, lr 1.00e-03
    epoch 28: loss 1.1729, val_ap 0.4983, minutes 20.93, lr 1.00e-03
    epoch 29: loss 1.1681, val_ap 0.5006, minutes 21.51, lr 1.00e-03
    epoch 30: loss 1.1700, val_ap 0.4974, minutes 22.04, lr 1.00e-03
    epoch 31: loss 1.1666, val_ap 0.4971, minutes 22.56, lr 1.00e-03
    epoch 32: loss 1.1614, val_ap 0.5006, minutes 23.08, lr 1.00e-03
    epoch 33: loss 1.1621, val_ap 0.4959, minutes 23.61, lr 1.00e-03
    epoch 34: loss 1.1597, val_ap 0.4952, minutes 24.14, lr 1.00e-03
    epoch 35: loss 1.1525, val_ap 0.4995, minutes 24.7, lr 1.00e-03
    epoch 36: loss 1.1493, val_ap 0.5004, minutes 25.25, lr 1.00e-03
    epoch 37: loss 1.1550, val_ap 0.4936, minutes 25.76, lr 1.00e-03
    epoch 38: loss 1.1481, val_ap 0.5005, minutes 26.24, lr 5.00e-04
    epoch 39: loss 1.1337, val_ap 0.4992, minutes 26.68, lr 5.00e-04
    epoch 40: loss 1.1322, val_ap 0.5000, minutes 27.13, lr 5.00e-04
    epoch 41: loss 1.1273, val_ap 0.5031, minutes 27.56, lr 5.00e-04
    epoch 42: loss 1.1245, val_ap 0.4998, minutes 27.99, lr 5.00e-04
    epoch 43: loss 1.1271, val_ap 0.4996, minutes 28.42, lr 5.00e-04
    epoch 44: loss 1.1200, val_ap 0.5005, minutes 28.86, lr 5.00e-04
    epoch 45: loss 1.1248, val_ap 0.4956, minutes 29.31, lr 5.00e-04
    epoch 46: loss 1.1110, val_ap 0.5011, minutes 29.75, lr 5.00e-04
    epoch 47: loss 1.1189, val_ap 0.5041, minutes 30.2, lr 5.00e-04
    epoch 48: loss 1.1163, val_ap 0.5022, minutes 30.65, lr 5.00e-04
    epoch 49: loss 1.1111, val_ap 0.4993, minutes 31.1, lr 5.00e-04
    epoch 50: loss 1.1100, val_ap 0.4976, minutes 31.53, lr 5.00e-04
    epoch 51: loss 1.1153, val_ap 0.4952, minutes 31.99, lr 5.00e-04
    epoch 52: loss 1.1027, val_ap 0.5000, minutes 32.42, lr 5.00e-04
    epoch 53: loss 1.1095, val_ap 0.5001, minutes 32.87, lr 5.00e-04
    epoch 54: loss 1.1071, val_ap 0.4951, minutes 33.3, lr 5.00e-04
    epoch 55: loss 1.1034, val_ap 0.4982, minutes 33.73, lr 5.00e-04
    epoch 56: loss 1.1028, val_ap 0.4986, minutes 34.14, lr 2.50e-04
    epoch 57: loss 1.0935, val_ap 0.4989, minutes 34.55, lr 2.50e-04
    epoch 58: loss 1.0949, val_ap 0.4975, minutes 34.94, lr 2.50e-04
    epoch 59: loss 1.0952, val_ap 0.4950, minutes 35.32, lr 2.50e-04
    epoch 60: loss 1.0880, val_ap 0.4921, minutes 35.7, lr 2.50e-04
    epoch 61: loss 1.0960, val_ap 0.4989, minutes 36.08, lr 2.50e-04
    epoch 62: loss 1.0839, val_ap 0.4979, minutes 36.46, lr 2.50e-04
    epoch 63: loss 1.0916, val_ap 0.4963, minutes 36.83, lr 2.50e-04
    epoch 64: loss 1.0879, val_ap 0.4909, minutes 37.19, lr 2.50e-04
    epoch 65: loss 1.0894, val_ap 0.4946, minutes 37.57, lr 1.25e-04
    epoch 66: loss 1.0769, val_ap 0.4966, minutes 37.94, lr 1.25e-04
    epoch 67: loss 1.0804, val_ap 0.4953, minutes 38.3, lr 1.25e-04
    epoch 68: loss 1.0799, val_ap 0.4951, minutes 38.66, lr 1.25e-04
    epoch 69: loss 1.0814, val_ap 0.4979, minutes 39.02, lr 1.25e-04
    epoch 70: loss 1.0769, val_ap 0.4949, minutes 39.38, lr 1.25e-04
    epoch 71: loss 1.0829, val_ap 0.4981, minutes 39.74, lr 1.25e-04
    epoch 72: loss 1.0795, val_ap 0.4936, minutes 40.11, lr 1.25e-04
    stopping: no validation gain in 25 epochs
[scalar_drop pooled_both fold 3 seed 2] done (40.5 min)
