loaded: dataset0 121,838 sites, data1 90,452
[scalar_random pooled_both fold 1 seed 1]
    kernel decay scale 114.6 nt (fitted to cell line 1 training labels)
    epoch 1: loss 1.9027, val_ap 0.1547, minutes 0.67, lr 3.31e-04
    epoch 2: loss 1.5519, val_ap 0.3157, minutes 1.4, lr 6.60e-04
    epoch 3: loss 1.4090, val_ap 0.3846, minutes 2.11, lr 9.89e-04
    epoch 4: loss 1.3473, val_ap 0.3971, minutes 2.94, lr 1.00e-03
    epoch 5: loss 1.3150, val_ap 0.3993, minutes 3.71, lr 1.00e-03
    epoch 6: loss 1.3009, val_ap 0.4017, minutes 4.46, lr 1.00e-03
    epoch 7: loss 1.2919, val_ap 0.4073, minutes 5.27, lr 1.00e-03
    epoch 8: loss 1.2894, val_ap 0.4103, minutes 6.04, lr 1.00e-03
    epoch 9: loss 1.2926, val_ap 0.4082, minutes 6.79, lr 1.00e-03
    epoch 10: loss 1.2710, val_ap 0.4198, minutes 7.5, lr 1.00e-03
    epoch 11: loss 1.2636, val_ap 0.4190, minutes 8.18, lr 1.00e-03
    epoch 12: loss 1.2621, val_ap 0.4200, minutes 8.91, lr 1.00e-03
    epoch 13: loss 1.2528, val_ap 0.4240, minutes 9.65, lr 1.00e-03
    epoch 14: loss 1.2611, val_ap 0.4269, minutes 10.44, lr 1.00e-03
    epoch 15: loss 1.2637, val_ap 0.4306, minutes 11.25, lr 1.00e-03
    epoch 16: loss 1.2453, val_ap 0.4338, minutes 12.07, lr 1.00e-03
    epoch 17: loss 1.2467, val_ap 0.4304, minutes 12.87, lr 1.00e-03
    epoch 18: loss 1.2406, val_ap 0.4386, minutes 13.59, lr 1.00e-03
    epoch 19: loss 1.2391, val_ap 0.4344, minutes 14.36, lr 1.00e-03
    epoch 20: loss 1.2381, val_ap 0.4354, minutes 15.14, lr 1.00e-03
    epoch 21: loss 1.2275, val_ap 0.4381, minutes 15.9, lr 1.00e-03
    epoch 22: loss 1.2317, val_ap 0.4399, minutes 16.71, lr 1.00e-03
    epoch 23: loss 1.2243, val_ap 0.4463, minutes 17.57, lr 1.00e-03
    epoch 24: loss 1.2281, val_ap 0.4421, minutes 18.32, lr 1.00e-03
    epoch 25: loss 1.2210, val_ap 0.4404, minutes 19.13, lr 1.00e-03
    epoch 26: loss 1.2159, val_ap 0.4422, minutes 19.88, lr 1.00e-03
    epoch 27: loss 1.2059, val_ap 0.4474, minutes 20.6, lr 1.00e-03
    epoch 28: loss 1.2100, val_ap 0.4454, minutes 21.35, lr 1.00e-03
    epoch 29: loss 1.2074, val_ap 0.4478, minutes 22.15, lr 1.00e-03
    epoch 30: loss 1.2093, val_ap 0.4475, minutes 23.01, lr 1.00e-03
    epoch 31: loss 1.2001, val_ap 0.4470, minutes 23.72, lr 1.00e-03
    epoch 32: loss 1.1956, val_ap 0.4460, minutes 24.46, lr 1.00e-03
    epoch 33: loss 1.2068, val_ap 0.4549, minutes 25.21, lr 1.00e-03
    epoch 34: loss 1.1968, val_ap 0.4514, minutes 26.01, lr 1.00e-03
    epoch 35: loss 1.1882, val_ap 0.4501, minutes 26.82, lr 1.00e-03
    epoch 36: loss 1.1858, val_ap 0.4569, minutes 27.59, lr 1.00e-03
    epoch 37: loss 1.1862, val_ap 0.4438, minutes 28.4, lr 1.00e-03
    epoch 38: loss 1.1795, val_ap 0.4502, minutes 29.23, lr 1.00e-03
    epoch 39: loss 1.1795, val_ap 0.4519, minutes 30.01, lr 1.00e-03
    epoch 40: loss 1.1743, val_ap 0.4516, minutes 30.78, lr 1.00e-03
    epoch 41: loss 1.1861, val_ap 0.4542, minutes 31.5, lr 1.00e-03
    epoch 42: loss 1.1731, val_ap 0.4578, minutes 32.14, lr 1.00e-03
    epoch 43: loss 1.1727, val_ap 0.4548, minutes 32.85, lr 1.00e-03
    epoch 44: loss 1.1727, val_ap 0.4531, minutes 33.58, lr 1.00e-03
    epoch 45: loss 1.1661, val_ap 0.4542, minutes 34.33, lr 1.00e-03
    epoch 46: loss 1.1740, val_ap 0.4492, minutes 35.05, lr 1.00e-03
    epoch 47: loss 1.1602, val_ap 0.4557, minutes 35.77, lr 1.00e-03
    epoch 48: loss 1.1688, val_ap 0.4539, minutes 36.48, lr 1.00e-03
    epoch 49: loss 1.1688, val_ap 0.4564, minutes 37.21, lr 1.00e-03
    epoch 50: loss 1.1559, val_ap 0.4534, minutes 37.94, lr 1.00e-03
    epoch 51: loss 1.1595, val_ap 0.4556, minutes 38.66, lr 5.00e-04
    epoch 52: loss 1.1420, val_ap 0.4542, minutes 39.36, lr 5.00e-04
    epoch 53: loss 1.1286, val_ap 0.4560, minutes 40.07, lr 5.00e-04
    epoch 54: loss 1.1352, val_ap 0.4547, minutes 40.87, lr 5.00e-04
    epoch 55: loss 1.1311, val_ap 0.4575, minutes 41.58, lr 5.00e-04
    epoch 56: loss 1.1282, val_ap 0.4542, minutes 42.25, lr 5.00e-04
    epoch 57: loss 1.1268, val_ap 0.4552, minutes 42.98, lr 5.00e-04
    epoch 58: loss 1.1222, val_ap 0.4562, minutes 43.71, lr 5.00e-04
    epoch 59: loss 1.1285, val_ap 0.4588, minutes 44.42, lr 5.00e-04
    epoch 60: loss 1.1326, val_ap 0.4556, minutes 45.14, lr 5.00e-04
    epoch 61: loss 1.1268, val_ap 0.4548, minutes 45.89, lr 5.00e-04
    epoch 62: loss 1.1211, val_ap 0.4572, minutes 46.63, lr 5.00e-04
    epoch 63: loss 1.1200, val_ap 0.4546, minutes 47.36, lr 5.00e-04
    epoch 64: loss 1.1191, val_ap 0.4579, minutes 48.07, lr 5.00e-04
    epoch 65: loss 1.1192, val_ap 0.4501, minutes 48.81, lr 5.00e-04
    epoch 66: loss 1.1173, val_ap 0.4562, minutes 49.52, lr 5.00e-04
    epoch 67: loss 1.1228, val_ap 0.4576, minutes 50.2, lr 5.00e-04
    epoch 68: loss 1.1165, val_ap 0.4571, minutes 50.91, lr 2.50e-04
    epoch 69: loss 1.0984, val_ap 0.4594, minutes 51.66, lr 2.50e-04
    epoch 70: loss 1.1061, val_ap 0.4570, minutes 52.38, lr 2.50e-04
    epoch 71: loss 1.0981, val_ap 0.4579, minutes 53.06, lr 2.50e-04
    epoch 72: loss 1.0986, val_ap 0.4599, minutes 53.72, lr 2.50e-04
    epoch 73: loss 1.1004, val_ap 0.4592, minutes 54.37, lr 2.50e-04
    epoch 74: loss 1.1017, val_ap 0.4572, minutes 55.07, lr 2.50e-04
    epoch 75: loss 1.0960, val_ap 0.4570, minutes 55.75, lr 2.50e-04
    epoch 76: loss 1.0969, val_ap 0.4582, minutes 56.43, lr 2.50e-04
    epoch 77: loss 1.0882, val_ap 0.4605, minutes 57.09, lr 2.50e-04
    epoch 78: loss 1.0944, val_ap 0.4592, minutes 57.71, lr 2.50e-04
    epoch 79: loss 1.0922, val_ap 0.4558, minutes 58.36, lr 2.50e-04
    epoch 80: loss 1.0892, val_ap 0.4584, minutes 58.95, lr 2.50e-04
    epoch 81: loss 1.0914, val_ap 0.4579, minutes 59.6, lr 2.50e-04
    epoch 82: loss 1.0800, val_ap 0.4586, minutes 60.29, lr 2.50e-04
    epoch 83: loss 1.0905, val_ap 0.4587, minutes 60.91, lr 2.50e-04
    epoch 84: loss 1.0905, val_ap 0.4562, minutes 61.55, lr 2.50e-04
    epoch 85: loss 1.0791, val_ap 0.4575, minutes 62.23, lr 2.50e-04
    epoch 86: loss 1.0845, val_ap 0.4574, minutes 62.88, lr 1.25e-04
    epoch 87: loss 1.0881, val_ap 0.4581, minutes 63.51, lr 1.25e-04
    epoch 88: loss 1.0741, val_ap 0.4585, minutes 64.13, lr 1.25e-04
    epoch 89: loss 1.0783, val_ap 0.4588, minutes 64.7, lr 1.25e-04
    epoch 90: loss 1.0783, val_ap 0.4582, minutes 65.33, lr 1.25e-04
    epoch 91: loss 1.0783, val_ap 0.4573, minutes 66.0, lr 1.25e-04
    epoch 92: loss 1.0813, val_ap 0.4590, minutes 66.6, lr 1.25e-04
    epoch 93: loss 1.0756, val_ap 0.4574, minutes 67.2, lr 1.25e-04
    epoch 94: loss 1.0685, val_ap 0.4586, minutes 67.72, lr 1.25e-04
    epoch 95: loss 1.0732, val_ap 0.4580, minutes 68.19, lr 6.25e-05
    epoch 96: loss 1.0744, val_ap 0.4578, minutes 68.69, lr 6.25e-05
    epoch 97: loss 1.0761, val_ap 0.4589, minutes 69.16, lr 6.25e-05
    epoch 98: loss 1.0688, val_ap 0.4586, minutes 69.64, lr 6.25e-05
    epoch 99: loss 1.0691, val_ap 0.4583, minutes 70.15, lr 6.25e-05
    epoch 100: loss 1.0697, val_ap 0.4581, minutes 70.64, lr 6.25e-05
    epoch 101: loss 1.0713, val_ap 0.4586, minutes 71.1, lr 6.25e-05
    epoch 102: loss 1.0709, val_ap 0.4592, minutes 71.61, lr 6.25e-05
    stopping: no validation gain in 25 epochs
[scalar_random pooled_both fold 1 seed 1] done (72.2 min)
