loaded: dataset0 121,838 sites, data1 90,452
[res_nogate dataset0 fold 4 seed 2]
    kernel decay scale 97.3 nt (fitted to cell line 1 training labels)
    epoch 1: loss 1.9560, val_ap 0.1519, minutes 0.52, lr 3.33e-04
    epoch 2: loss 1.5947, val_ap 0.2147, minutes 1.02, lr 6.63e-04
    epoch 3: loss 1.3752, val_ap 0.3821, minutes 1.5, lr 9.92e-04
    epoch 4: loss 1.2179, val_ap 0.4676, minutes 2.0, lr 1.00e-03
    epoch 5: loss 1.1574, val_ap 0.4875, minutes 2.51, lr 1.00e-03
    epoch 6: loss 1.1322, val_ap 0.5030, minutes 3.01, lr 1.00e-03
    epoch 7: loss 1.0845, val_ap 0.4938, minutes 3.51, lr 1.00e-03
    epoch 8: loss 1.0829, val_ap 0.5081, minutes 4.01, lr 1.00e-03
    epoch 9: loss 1.0452, val_ap 0.5120, minutes 4.51, lr 1.00e-03
    epoch 10: loss 1.0146, val_ap 0.5156, minutes 5.03, lr 1.00e-03
    epoch 11: loss 1.0240, val_ap 0.5220, minutes 5.54, lr 1.00e-03
    epoch 12: loss 1.0080, val_ap 0.5216, minutes 6.02, lr 1.00e-03
    epoch 13: loss 0.9858, val_ap 0.5421, minutes 6.57, lr 1.00e-03
    epoch 14: loss 0.9777, val_ap 0.5460, minutes 7.08, lr 1.00e-03
    epoch 15: loss 0.9585, val_ap 0.5456, minutes 7.57, lr 1.00e-03
    epoch 16: loss 0.9765, val_ap 0.5415, minutes 8.06, lr 1.00e-03
    epoch 17: loss 0.9610, val_ap 0.5416, minutes 8.55, lr 1.00e-03
    epoch 18: loss 0.9387, val_ap 0.5567, minutes 9.09, lr 1.00e-03
    epoch 19: loss 0.9563, val_ap 0.5526, minutes 9.58, lr 1.00e-03
    epoch 20: loss 0.9504, val_ap 0.5541, minutes 10.11, lr 1.00e-03
    epoch 21: loss 0.9305, val_ap 0.5537, minutes 10.61, lr 1.00e-03
    epoch 22: loss 0.9591, val_ap 0.5612, minutes 11.09, lr 1.00e-03
    epoch 23: loss 0.9238, val_ap 0.5626, minutes 11.6, lr 1.00e-03
    epoch 24: loss 0.9388, val_ap 0.5653, minutes 12.09, lr 1.00e-03
    epoch 25: loss 0.9294, val_ap 0.5668, minutes 12.57, lr 1.00e-03
    epoch 26: loss 0.9169, val_ap 0.5708, minutes 13.06, lr 1.00e-03
    epoch 27: loss 0.9248, val_ap 0.5695, minutes 13.58, lr 1.00e-03
    epoch 28: loss 0.9143, val_ap 0.5699, minutes 14.06, lr 1.00e-03
    epoch 29: loss 0.9107, val_ap 0.5767, minutes 14.55, lr 1.00e-03
    epoch 30: loss 0.9063, val_ap 0.5720, minutes 15.05, lr 1.00e-03
    epoch 31: loss 0.8926, val_ap 0.5754, minutes 15.58, lr 1.00e-03
    epoch 32: loss 0.9100, val_ap 0.5712, minutes 16.1, lr 1.00e-03
    epoch 33: loss 0.8869, val_ap 0.5756, minutes 16.58, lr 1.00e-03
    epoch 34: loss 0.8886, val_ap 0.5839, minutes 17.12, lr 1.00e-03
    epoch 35: loss 0.9000, val_ap 0.5776, minutes 17.61, lr 1.00e-03
    epoch 36: loss 0.9033, val_ap 0.5859, minutes 18.1, lr 1.00e-03
    epoch 37: loss 0.8856, val_ap 0.5939, minutes 18.6, lr 1.00e-03
    epoch 38: loss 0.8701, val_ap 0.5857, minutes 19.09, lr 1.00e-03
    epoch 39: loss 0.8952, val_ap 0.5889, minutes 19.58, lr 1.00e-03
    epoch 40: loss 0.8888, val_ap 0.5958, minutes 20.08, lr 1.00e-03
    epoch 41: loss 0.8810, val_ap 0.5967, minutes 20.57, lr 1.00e-03
    epoch 42: loss 0.8609, val_ap 0.6077, minutes 21.09, lr 1.00e-03
    epoch 43: loss 0.8742, val_ap 0.5928, minutes 21.63, lr 1.00e-03
    epoch 44: loss 0.8618, val_ap 0.5988, minutes 22.12, lr 1.00e-03
    epoch 45: loss 0.8647, val_ap 0.5918, minutes 22.64, lr 1.00e-03
    epoch 46: loss 0.8545, val_ap 0.5952, minutes 23.15, lr 1.00e-03
    epoch 47: loss 0.8751, val_ap 0.5953, minutes 23.66, lr 1.00e-03
    epoch 48: loss 0.8637, val_ap 0.5998, minutes 24.17, lr 1.00e-03
    epoch 49: loss 0.8580, val_ap 0.6033, minutes 24.69, lr 1.00e-03
    epoch 50: loss 0.8506, val_ap 0.6030, minutes 25.23, lr 1.00e-03
    epoch 51: loss 0.8589, val_ap 0.5984, minutes 25.74, lr 5.00e-04
    epoch 52: loss 0.8408, val_ap 0.6031, minutes 26.23, lr 5.00e-04
    epoch 53: loss 0.8240, val_ap 0.6118, minutes 26.76, lr 5.00e-04
    epoch 54: loss 0.8406, val_ap 0.6077, minutes 27.23, lr 5.00e-04
    epoch 55: loss 0.8068, val_ap 0.6064, minutes 27.78, lr 5.00e-04
    epoch 56: loss 0.8115, val_ap 0.6057, minutes 28.31, lr 5.00e-04
    epoch 57: loss 0.8196, val_ap 0.6124, minutes 28.81, lr 5.00e-04
    epoch 58: loss 0.8210, val_ap 0.6069, minutes 29.31, lr 5.00e-04
    epoch 59: loss 0.8242, val_ap 0.6144, minutes 29.85, lr 5.00e-04
    epoch 60: loss 0.8148, val_ap 0.6000, minutes 30.36, lr 5.00e-04
    epoch 61: loss 0.8234, val_ap 0.6036, minutes 30.88, lr 5.00e-04
    epoch 62: loss 0.8081, val_ap 0.6184, minutes 31.4, lr 5.00e-04
    epoch 63: loss 0.8168, val_ap 0.6241, minutes 31.91, lr 5.00e-04
    epoch 64: loss 0.8003, val_ap 0.6214, minutes 32.41, lr 5.00e-04
    epoch 65: loss 0.8103, val_ap 0.6122, minutes 32.91, lr 5.00e-04
    epoch 66: loss 0.8077, val_ap 0.6194, minutes 33.45, lr 5.00e-04
    epoch 67: loss 0.7980, val_ap 0.6171, minutes 33.97, lr 5.00e-04
    epoch 68: loss 0.7999, val_ap 0.6204, minutes 34.48, lr 5.00e-04
    epoch 69: loss 0.8002, val_ap 0.6164, minutes 35.0, lr 5.00e-04
    epoch 70: loss 0.8093, val_ap 0.6229, minutes 35.53, lr 5.00e-04
    epoch 71: loss 0.8056, val_ap 0.6178, minutes 36.07, lr 5.00e-04
    epoch 72: loss 0.7871, val_ap 0.6233, minutes 36.56, lr 2.50e-04
    epoch 73: loss 0.7851, val_ap 0.6280, minutes 37.11, lr 2.50e-04
    epoch 74: loss 0.7860, val_ap 0.6265, minutes 37.6, lr 2.50e-04
    epoch 75: loss 0.7725, val_ap 0.6247, minutes 38.12, lr 2.50e-04
    epoch 76: loss 0.7784, val_ap 0.6267, minutes 38.65, lr 2.50e-04
    epoch 77: loss 0.7922, val_ap 0.6257, minutes 39.14, lr 2.50e-04
    epoch 78: loss 0.7852, val_ap 0.6227, minutes 39.65, lr 2.50e-04
    epoch 79: loss 0.7880, val_ap 0.6314, minutes 40.15, lr 2.50e-04
    epoch 80: loss 0.7807, val_ap 0.6295, minutes 40.63, lr 2.50e-04
    epoch 81: loss 0.7813, val_ap 0.6225, minutes 41.11, lr 2.50e-04
    epoch 82: loss 0.7793, val_ap 0.6279, minutes 41.59, lr 2.50e-04
    epoch 83: loss 0.7833, val_ap 0.6288, minutes 42.1, lr 2.50e-04
    epoch 84: loss 0.7910, val_ap 0.6237, minutes 42.6, lr 2.50e-04
    epoch 85: loss 0.7654, val_ap 0.6294, minutes 43.11, lr 2.50e-04
    epoch 86: loss 0.7751, val_ap 0.6271, minutes 43.62, lr 2.50e-04
    epoch 87: loss 0.7724, val_ap 0.6233, minutes 44.12, lr 2.50e-04
    epoch 88: loss 0.7760, val_ap 0.6232, minutes 44.6, lr 1.25e-04
    epoch 89: loss 0.7637, val_ap 0.6293, minutes 45.08, lr 1.25e-04
    epoch 90: loss 0.7666, val_ap 0.6257, minutes 45.58, lr 1.25e-04
    epoch 91: loss 0.7529, val_ap 0.6287, minutes 46.14, lr 1.25e-04
    epoch 92: loss 0.7602, val_ap 0.6270, minutes 46.63, lr 1.25e-04
    epoch 93: loss 0.7510, val_ap 0.6275, minutes 47.11, lr 1.25e-04
    epoch 94: loss 0.7565, val_ap 0.6325, minutes 47.59, lr 1.25e-04
    epoch 95: loss 0.7688, val_ap 0.6298, minutes 48.07, lr 1.25e-04
    epoch 96: loss 0.7604, val_ap 0.6287, minutes 48.54, lr 1.25e-04
    epoch 97: loss 0.7612, val_ap 0.6253, minutes 49.01, lr 1.25e-04
    epoch 98: loss 0.7657, val_ap 0.6277, minutes 49.52, lr 1.25e-04
    epoch 99: loss 0.7644, val_ap 0.6288, minutes 50.01, lr 1.25e-04
    epoch 100: loss 0.7644, val_ap 0.6262, minutes 50.53, lr 1.25e-04
    epoch 101: loss 0.7584, val_ap 0.6315, minutes 50.99, lr 1.25e-04
    epoch 102: loss 0.7675, val_ap 0.6315, minutes 51.48, lr 1.25e-04
    epoch 103: loss 0.7592, val_ap 0.6269, minutes 51.97, lr 6.25e-05
    epoch 104: loss 0.7597, val_ap 0.6287, minutes 52.49, lr 6.25e-05
    epoch 105: loss 0.7665, val_ap 0.6312, minutes 52.98, lr 6.25e-05
    epoch 106: loss 0.7473, val_ap 0.6294, minutes 53.46, lr 6.25e-05
    epoch 107: loss 0.7592, val_ap 0.6317, minutes 53.96, lr 6.25e-05
    epoch 108: loss 0.7551, val_ap 0.6306, minutes 54.49, lr 6.25e-05
    epoch 109: loss 0.7576, val_ap 0.6339, minutes 54.97, lr 6.25e-05
    epoch 110: loss 0.7511, val_ap 0.6318, minutes 55.48, lr 6.25e-05
    epoch 111: loss 0.7456, val_ap 0.6324, minutes 55.98, lr 6.25e-05
    epoch 112: loss 0.7696, val_ap 0.6317, minutes 56.45, lr 6.25e-05
    epoch 113: loss 0.7556, val_ap 0.6313, minutes 56.96, lr 6.25e-05
    epoch 114: loss 0.7587, val_ap 0.6325, minutes 57.45, lr 6.25e-05
    epoch 115: loss 0.7498, val_ap 0.6297, minutes 57.96, lr 6.25e-05
    epoch 116: loss 0.7493, val_ap 0.6311, minutes 58.45, lr 6.25e-05
    epoch 117: loss 0.7584, val_ap 0.6289, minutes 58.95, lr 6.25e-05
    epoch 118: loss 0.7573, val_ap 0.6313, minutes 59.46, lr 3.13e-05
    epoch 119: loss 0.7488, val_ap 0.6321, minutes 59.97, lr 3.13e-05
    epoch 120: loss 0.7449, val_ap 0.6323, minutes 60.48, lr 3.13e-05
    epoch 121: loss 0.7467, val_ap 0.6317, minutes 61.0, lr 3.13e-05
    epoch 122: loss 0.7615, val_ap 0.6316, minutes 61.49, lr 3.13e-05
    epoch 123: loss 0.7541, val_ap 0.6313, minutes 62.0, lr 3.13e-05
    epoch 124: loss 0.7563, val_ap 0.6309, minutes 62.5, lr 3.13e-05
    epoch 125: loss 0.7587, val_ap 0.6313, minutes 63.0, lr 3.13e-05
    epoch 126: loss 0.7529, val_ap 0.6313, minutes 63.51, lr 3.13e-05
    epoch 127: loss 0.7560, val_ap 0.6298, minutes 64.04, lr 1.56e-05
    epoch 128: loss 0.7604, val_ap 0.6313, minutes 64.58, lr 1.56e-05
    epoch 129: loss 0.7552, val_ap 0.6309, minutes 65.08, lr 1.56e-05
    epoch 130: loss 0.7398, val_ap 0.6313, minutes 65.59, lr 1.56e-05
    epoch 131: loss 0.7335, val_ap 0.6305, minutes 66.08, lr 1.56e-05
    epoch 132: loss 0.7421, val_ap 0.6306, minutes 66.55, lr 1.56e-05
    epoch 133: loss 0.7544, val_ap 0.6319, minutes 67.07, lr 1.56e-05
    epoch 134: loss 0.7497, val_ap 0.6304, minutes 67.57, lr 1.56e-05
    stopping: no validation gain in 25 epochs
[res_nogate dataset0 fold 4 seed 2] done (68.4 min)
