loaded: dataset0 121,838 sites, data1 90,452
[fk_band pooled_both fold 2 seed 2]
    band weights [0.387, 0.361, 0.252] (bands ((0, 30), (30, 75), (75, 150)))
    epoch 1: loss 1.8867, val_ap 0.1952, minutes 0.9, lr 3.31e-04
    epoch 2: loss 1.5332, val_ap 0.3359, minutes 1.69, lr 6.60e-04
    epoch 3: loss 1.3766, val_ap 0.4471, minutes 2.63, lr 9.87e-04
    epoch 4: loss 1.2974, val_ap 0.4707, minutes 3.58, lr 1.00e-03
    epoch 5: loss 1.2643, val_ap 0.4887, minutes 4.44, lr 1.00e-03
    epoch 6: loss 1.2509, val_ap 0.4867, minutes 5.28, lr 1.00e-03
    epoch 7: loss 1.2233, val_ap 0.4905, minutes 6.14, lr 1.00e-03
    epoch 8: loss 1.2030, val_ap 0.4947, minutes 6.97, lr 1.00e-03
    epoch 9: loss 1.2031, val_ap 0.4925, minutes 7.8, lr 1.00e-03
    epoch 10: loss 1.1844, val_ap 0.5026, minutes 8.64, lr 1.00e-03
    epoch 11: loss 1.2036, val_ap 0.5004, minutes 9.46, lr 1.00e-03
    epoch 12: loss 1.1873, val_ap 0.5023, minutes 10.3, lr 1.00e-03
    epoch 13: loss 1.1880, val_ap 0.5030, minutes 11.1, lr 1.00e-03
    epoch 14: loss 1.1678, val_ap 0.5022, minutes 11.85, lr 1.00e-03
    epoch 15: loss 1.1673, val_ap 0.4999, minutes 12.69, lr 1.00e-03
    epoch 16: loss 1.1552, val_ap 0.5047, minutes 13.53, lr 1.00e-03
    epoch 17: loss 1.1492, val_ap 0.5109, minutes 14.34, lr 1.00e-03
    epoch 18: loss 1.1456, val_ap 0.5046, minutes 15.23, lr 1.00e-03
    epoch 19: loss 1.1413, val_ap 0.4981, minutes 16.05, lr 1.00e-03
    epoch 20: loss 1.1503, val_ap 0.5059, minutes 16.83, lr 1.00e-03
    epoch 21: loss 1.1374, val_ap 0.4982, minutes 17.63, lr 1.00e-03
    epoch 22: loss 1.1325, val_ap 0.5019, minutes 18.4, lr 1.00e-03
    epoch 23: loss 1.1265, val_ap 0.5100, minutes 19.19, lr 1.00e-03
    epoch 24: loss 1.1309, val_ap 0.5042, minutes 19.92, lr 1.00e-03
    epoch 25: loss 1.1311, val_ap 0.4999, minutes 20.75, lr 1.00e-03
    epoch 26: loss 1.1166, val_ap 0.5002, minutes 21.56, lr 5.00e-04
    epoch 27: loss 1.1113, val_ap 0.5002, minutes 22.4, lr 5.00e-04
    epoch 28: loss 1.1046, val_ap 0.4942, minutes 23.2, lr 5.00e-04
    epoch 29: loss 1.0966, val_ap 0.5002, minutes 24.05, lr 5.00e-04
    epoch 30: loss 1.0997, val_ap 0.4933, minutes 24.87, lr 5.00e-04
    epoch 31: loss 1.0974, val_ap 0.4979, minutes 25.68, lr 5.00e-04
    epoch 32: loss 1.0887, val_ap 0.4966, minutes 26.49, lr 5.00e-04
    epoch 33: loss 1.0844, val_ap 0.4995, minutes 27.29, lr 5.00e-04
    epoch 34: loss 1.0909, val_ap 0.4956, minutes 28.1, lr 5.00e-04
    epoch 35: loss 1.0886, val_ap 0.4975, minutes 28.91, lr 2.50e-04
    epoch 36: loss 1.0756, val_ap 0.4978, minutes 29.73, lr 2.50e-04
    epoch 37: loss 1.0715, val_ap 0.5032, minutes 30.56, lr 2.50e-04
    epoch 38: loss 1.0779, val_ap 0.4991, minutes 31.38, lr 2.50e-04
    epoch 39: loss 1.0720, val_ap 0.5017, minutes 32.23, lr 2.50e-04
    epoch 40: loss 1.0683, val_ap 0.5003, minutes 33.08, lr 2.50e-04
    epoch 41: loss 1.0626, val_ap 0.4994, minutes 33.85, lr 2.50e-04
    epoch 42: loss 1.0644, val_ap 0.4944, minutes 34.68, lr 2.50e-04
    stopping: no validation gain in 25 epochs
[fk_band pooled_both fold 2 seed 2] done (35.3 min)
