loaded: dataset0 121,838 sites, data1 90,452
[res_gate pooled_both fold 3]
    kernel decay scale 113.4 nt (fitted to cell line 1 training labels)
    epoch 1: loss 1.8839, val_ap 0.1493, minutes 1.03, lr 3.31e-04
    epoch 2: loss 1.5695, val_ap 0.2623, minutes 2.02, lr 6.60e-04
    epoch 3: loss 1.4339, val_ap 0.3890, minutes 3.05, lr 9.89e-04
    epoch 4: loss 1.3272, val_ap 0.4378, minutes 4.08, lr 1.00e-03
    epoch 5: loss 1.2699, val_ap 0.4514, minutes 5.07, lr 1.00e-03
    epoch 6: loss 1.2445, val_ap 0.4629, minutes 6.14, lr 1.00e-03
    epoch 7: loss 1.2293, val_ap 0.4588, minutes 7.14, lr 1.00e-03
    epoch 8: loss 1.2284, val_ap 0.4746, minutes 8.17, lr 1.00e-03
    epoch 9: loss 1.2155, val_ap 0.4771, minutes 9.19, lr 1.00e-03
    epoch 10: loss 1.2092, val_ap 0.4752, minutes 10.18, lr 1.00e-03
    epoch 11: loss 1.1996, val_ap 0.4740, minutes 11.16, lr 1.00e-03
    epoch 12: loss 1.1989, val_ap 0.4794, minutes 12.15, lr 1.00e-03
    epoch 13: loss 1.1922, val_ap 0.4775, minutes 13.22, lr 1.00e-03
    epoch 14: loss 1.1888, val_ap 0.4883, minutes 14.32, lr 1.00e-03
    epoch 15: loss 1.1832, val_ap 0.4874, minutes 15.38, lr 1.00e-03
    epoch 16: loss 1.1767, val_ap 0.4910, minutes 16.36, lr 1.00e-03
    epoch 17: loss 1.1797, val_ap 0.4891, minutes 17.49, lr 1.00e-03
    epoch 18: loss 1.1828, val_ap 0.4882, minutes 18.64, lr 1.00e-03
    epoch 19: loss 1.1721, val_ap 0.4897, minutes 19.72, lr 1.00e-03
    epoch 20: loss 1.1660, val_ap 0.4887, minutes 20.75, lr 1.00e-03
    epoch 21: loss 1.1634, val_ap 0.4969, minutes 21.81, lr 1.00e-03
    epoch 22: loss 1.1636, val_ap 0.4926, minutes 22.82, lr 1.00e-03
    epoch 23: loss 1.1667, val_ap 0.4974, minutes 23.75, lr 1.00e-03
    epoch 24: loss 1.1496, val_ap 0.4971, minutes 24.77, lr 1.00e-03
    epoch 25: loss 1.1497, val_ap 0.4952, minutes 25.72, lr 1.00e-03
    epoch 26: loss 1.1570, val_ap 0.4994, minutes 26.73, lr 1.00e-03
    epoch 27: loss 1.1485, val_ap 0.5001, minutes 27.71, lr 1.00e-03
    epoch 28: loss 1.1416, val_ap 0.4990, minutes 28.76, lr 1.00e-03
    epoch 29: loss 1.1457, val_ap 0.5032, minutes 29.83, lr 1.00e-03
    epoch 30: loss 1.1386, val_ap 0.5044, minutes 30.83, lr 1.00e-03
    epoch 31: loss 1.1406, val_ap 0.4991, minutes 31.83, lr 1.00e-03
    epoch 32: loss 1.1352, val_ap 0.5017, minutes 32.84, lr 1.00e-03
    epoch 33: loss 1.1261, val_ap 0.5046, minutes 33.85, lr 1.00e-03
    epoch 34: loss 1.1267, val_ap 0.4983, minutes 34.86, lr 1.00e-03
    epoch 35: loss 1.1163, val_ap 0.5075, minutes 35.8, lr 1.00e-03
    epoch 36: loss 1.1188, val_ap 0.4998, minutes 36.79, lr 1.00e-03
    epoch 37: loss 1.1160, val_ap 0.5057, minutes 37.79, lr 1.00e-03
    epoch 38: loss 1.1109, val_ap 0.5066, minutes 38.78, lr 1.00e-03
    epoch 39: loss 1.1130, val_ap 0.5045, minutes 39.75, lr 1.00e-03
    epoch 40: loss 1.1232, val_ap 0.5026, minutes 40.74, lr 1.00e-03
    epoch 41: loss 1.1083, val_ap 0.5060, minutes 41.73, lr 1.00e-03
    epoch 42: loss 1.1090, val_ap 0.5069, minutes 42.75, lr 1.00e-03
    epoch 43: loss 1.1011, val_ap 0.5129, minutes 43.77, lr 1.00e-03
    epoch 44: loss 1.1081, val_ap 0.5074, minutes 44.78, lr 1.00e-03
    epoch 45: loss 1.0931, val_ap 0.5102, minutes 45.69, lr 1.00e-03
    epoch 46: loss 1.0964, val_ap 0.5060, minutes 46.47, lr 1.00e-03
    epoch 47: loss 1.0984, val_ap 0.5070, minutes 47.26, lr 1.00e-03
    epoch 48: loss 1.0945, val_ap 0.5017, minutes 48.11, lr 1.00e-03
    epoch 49: loss 1.0890, val_ap 0.5058, minutes 48.86, lr 1.00e-03
    epoch 50: loss 1.0871, val_ap 0.5084, minutes 49.64, lr 1.00e-03
    epoch 51: loss 1.0826, val_ap 0.5095, minutes 50.49, lr 1.00e-03
    epoch 52: loss 1.0840, val_ap 0.5146, minutes 51.29, lr 1.00e-03
    epoch 53: loss 1.0788, val_ap 0.5018, minutes 52.11, lr 1.00e-03
    epoch 54: loss 1.0784, val_ap 0.5034, minutes 52.94, lr 1.00e-03
    epoch 55: loss 1.0795, val_ap 0.5087, minutes 53.76, lr 1.00e-03
    epoch 56: loss 1.0803, val_ap 0.5124, minutes 54.52, lr 1.00e-03
    epoch 57: loss 1.0762, val_ap 0.5019, minutes 55.32, lr 1.00e-03
    epoch 58: loss 1.0654, val_ap 0.5076, minutes 56.16, lr 1.00e-03
    epoch 59: loss 1.0696, val_ap 0.5086, minutes 56.98, lr 1.00e-03
    epoch 60: loss 1.0730, val_ap 0.5091, minutes 57.85, lr 1.00e-03
    epoch 61: loss 1.0641, val_ap 0.5072, minutes 58.67, lr 5.00e-04
    epoch 62: loss 1.0481, val_ap 0.5023, minutes 59.5, lr 5.00e-04
    epoch 63: loss 1.0419, val_ap 0.5072, minutes 60.35, lr 5.00e-04
    epoch 64: loss 1.0442, val_ap 0.5037, minutes 61.12, lr 5.00e-04
    epoch 65: loss 1.0450, val_ap 0.5037, minutes 61.93, lr 5.00e-04
    epoch 66: loss 1.0394, val_ap 0.5000, minutes 62.72, lr 5.00e-04
    epoch 67: loss 1.0333, val_ap 0.4940, minutes 63.59, lr 5.00e-04
    epoch 68: loss 1.0360, val_ap 0.4991, minutes 64.45, lr 5.00e-04
    epoch 69: loss 1.0356, val_ap 0.5037, minutes 65.26, lr 5.00e-04
    epoch 70: loss 1.0306, val_ap 0.5026, minutes 66.08, lr 2.50e-04
    epoch 71: loss 1.0225, val_ap 0.5031, minutes 66.88, lr 2.50e-04
    epoch 72: loss 1.0060, val_ap 0.4965, minutes 67.66, lr 2.50e-04
    epoch 73: loss 1.0173, val_ap 0.5051, minutes 68.47, lr 2.50e-04
    epoch 74: loss 1.0161, val_ap 0.5044, minutes 69.31, lr 2.50e-04
    epoch 75: loss 1.0088, val_ap 0.5053, minutes 70.1, lr 2.50e-04
    epoch 76: loss 1.0151, val_ap 0.4964, minutes 70.91, lr 2.50e-04
    epoch 77: loss 1.0127, val_ap 0.4984, minutes 71.74, lr 2.50e-04
    stopping: no validation gain in 25 epochs
[res_gate pooled_both fold 3] done (72.5 min)
