loaded: dataset0 121,838 sites, data1 90,452
[h2gcn_aux_r400 pooled_both fold 3]
    epoch 1: loss 1.8934, val_ap 0.1504, minutes 0.82, lr 3.31e-04
    epoch 2: loss 1.5621, val_ap 0.2768, minutes 1.73, lr 6.60e-04
    epoch 3: loss 1.4305, val_ap 0.3948, minutes 2.48, lr 9.89e-04
    epoch 4: loss 1.3067, val_ap 0.4378, minutes 3.36, lr 1.00e-03
    epoch 5: loss 1.2501, val_ap 0.4474, minutes 4.14, lr 1.00e-03
    epoch 6: loss 1.2275, val_ap 0.4546, minutes 4.95, lr 1.00e-03
    epoch 7: loss 1.2143, val_ap 0.4555, minutes 5.74, lr 1.00e-03
    epoch 8: loss 1.2048, val_ap 0.4615, minutes 6.46, lr 1.00e-03
    epoch 9: loss 1.1877, val_ap 0.4659, minutes 7.17, lr 1.00e-03
    epoch 10: loss 1.1839, val_ap 0.4662, minutes 7.83, lr 1.00e-03
    epoch 11: loss 1.1800, val_ap 0.4615, minutes 8.54, lr 1.00e-03
    epoch 12: loss 1.1791, val_ap 0.4683, minutes 9.27, lr 1.00e-03
    epoch 13: loss 1.1738, val_ap 0.4718, minutes 10.61, lr 1.00e-03
    epoch 14: loss 1.1682, val_ap 0.4751, minutes 12.16, lr 1.00e-03
    epoch 15: loss 1.1605, val_ap 0.4774, minutes 13.68, lr 1.00e-03
    epoch 16: loss 1.1558, val_ap 0.4808, minutes 15.21, lr 1.00e-03
    epoch 17: loss 1.1609, val_ap 0.4802, minutes 16.71, lr 1.00e-03
    epoch 18: loss 1.1613, val_ap 0.4835, minutes 18.26, lr 1.00e-03
    epoch 19: loss 1.1556, val_ap 0.4821, minutes 19.72, lr 1.00e-03
    epoch 20: loss 1.1453, val_ap 0.4824, minutes 21.3, lr 1.00e-03
    epoch 21: loss 1.1385, val_ap 0.4823, minutes 22.84, lr 1.00e-03
    epoch 22: loss 1.1510, val_ap 0.4856, minutes 24.37, lr 1.00e-03
    epoch 23: loss 1.1454, val_ap 0.4900, minutes 25.93, lr 1.00e-03
    epoch 24: loss 1.1235, val_ap 0.4877, minutes 27.48, lr 1.00e-03
    epoch 25: loss 1.1241, val_ap 0.4878, minutes 28.95, lr 1.00e-03
    epoch 26: loss 1.1285, val_ap 0.4921, minutes 30.53, lr 1.00e-03
    epoch 27: loss 1.1281, val_ap 0.4950, minutes 32.06, lr 1.00e-03
    epoch 28: loss 1.1166, val_ap 0.4901, minutes 33.62, lr 1.00e-03
    epoch 29: loss 1.1166, val_ap 0.4886, minutes 35.1, lr 1.00e-03
    epoch 30: loss 1.1131, val_ap 0.4955, minutes 36.59, lr 1.00e-03
    epoch 31: loss 1.1176, val_ap 0.4912, minutes 38.11, lr 1.00e-03
    epoch 32: loss 1.1123, val_ap 0.4939, minutes 39.61, lr 1.00e-03
    epoch 33: loss 1.0987, val_ap 0.4901, minutes 41.17, lr 1.00e-03
    epoch 34: loss 1.0927, val_ap 0.4863, minutes 42.75, lr 1.00e-03
    epoch 35: loss 1.0873, val_ap 0.4967, minutes 44.33, lr 1.00e-03
    epoch 36: loss 1.0868, val_ap 0.4932, minutes 45.88, lr 1.00e-03
    epoch 37: loss 1.0842, val_ap 0.4837, minutes 47.44, lr 1.00e-03
    epoch 38: loss 1.0795, val_ap 0.4849, minutes 49.0, lr 1.00e-03
    epoch 39: loss 1.0866, val_ap 0.4863, minutes 50.5, lr 1.00e-03
    epoch 40: loss 1.0906, val_ap 0.4959, minutes 52.0, lr 1.00e-03
    epoch 41: loss 1.0738, val_ap 0.4991, minutes 53.53, lr 1.00e-03
    epoch 42: loss 1.0791, val_ap 0.4907, minutes 55.04, lr 1.00e-03
    epoch 43: loss 1.0657, val_ap 0.4936, minutes 56.57, lr 1.00e-03
    epoch 44: loss 1.0673, val_ap 0.4874, minutes 58.14, lr 1.00e-03
    epoch 45: loss 1.0537, val_ap 0.4924, minutes 59.68, lr 1.00e-03
    epoch 46: loss 1.0565, val_ap 0.5001, minutes 61.19, lr 1.00e-03
    epoch 47: loss 1.0583, val_ap 0.4925, minutes 62.73, lr 1.00e-03
    epoch 48: loss 1.0448, val_ap 0.4903, minutes 64.29, lr 1.00e-03
    epoch 49: loss 1.0515, val_ap 0.4824, minutes 65.84, lr 1.00e-03
    epoch 50: loss 1.0520, val_ap 0.4920, minutes 67.36, lr 1.00e-03
    epoch 51: loss 1.0343, val_ap 0.4909, minutes 68.9, lr 1.00e-03
    epoch 52: loss 1.0390, val_ap 0.4915, minutes 70.33, lr 1.00e-03
    epoch 53: loss 1.0318, val_ap 0.4926, minutes 71.7, lr 1.00e-03
    epoch 54: loss 1.0260, val_ap 0.4902, minutes 73.07, lr 1.00e-03
    epoch 55: loss 1.0307, val_ap 0.4818, minutes 74.37, lr 5.00e-04
    epoch 56: loss 1.0111, val_ap 0.4839, minutes 75.65, lr 5.00e-04
    epoch 57: loss 1.0109, val_ap 0.4802, minutes 76.93, lr 5.00e-04
    epoch 58: loss 1.0025, val_ap 0.4893, minutes 78.23, lr 5.00e-04
    epoch 59: loss 1.0004, val_ap 0.4810, minutes 79.49, lr 5.00e-04
    epoch 60: loss 1.0042, val_ap 0.4796, minutes 80.7, lr 5.00e-04
    epoch 61: loss 0.9988, val_ap 0.4748, minutes 81.85, lr 5.00e-04
    epoch 62: loss 0.9940, val_ap 0.4695, minutes 82.94, lr 5.00e-04
    epoch 63: loss 0.9925, val_ap 0.4817, minutes 84.06, lr 5.00e-04
    epoch 64: loss 0.9935, val_ap 0.4498, minutes 85.13, lr 2.50e-04
    epoch 65: loss 0.9785, val_ap 0.4735, minutes 86.09, lr 2.50e-04
    epoch 66: loss 0.9756, val_ap 0.4580, minutes 87.03, lr 2.50e-04
    epoch 67: loss 0.9734, val_ap 0.4582, minutes 87.97, lr 2.50e-04
    epoch 68: loss 0.9736, val_ap 0.4675, minutes 88.8, lr 2.50e-04
    epoch 69: loss 0.9721, val_ap 0.4760, minutes 89.55, lr 2.50e-04
    epoch 70: loss 0.9708, val_ap 0.4579, minutes 90.27, lr 2.50e-04
    epoch 71: loss 0.9660, val_ap 0.4552, minutes 90.99, lr 2.50e-04
    stopping: no validation gain in 25 epochs
[h2gcn_aux_r400 pooled_both fold 3] done (91.6 min)
