loaded: dataset0 121,838 sites, data1 90,452
[h2gcn_aux pooled_both fold 0 seed 2]
    epoch 1: loss 1.9035, val_ap 0.1972, minutes 0.83, lr 3.31e-04
    epoch 2: loss 1.5321, val_ap 0.2974, minutes 1.65, lr 6.60e-04
    epoch 3: loss 1.3958, val_ap 0.3700, minutes 2.53, lr 9.89e-04
    epoch 4: loss 1.3155, val_ap 0.3967, minutes 3.34, lr 1.00e-03
    epoch 5: loss 1.2847, val_ap 0.4089, minutes 4.23, lr 1.00e-03
    epoch 6: loss 1.2774, val_ap 0.4122, minutes 5.03, lr 1.00e-03
    epoch 7: loss 1.2569, val_ap 0.4190, minutes 5.88, lr 1.00e-03
    epoch 8: loss 1.2445, val_ap 0.4228, minutes 6.81, lr 1.00e-03
    epoch 9: loss 1.2373, val_ap 0.4323, minutes 7.74, lr 1.00e-03
    epoch 10: loss 1.2458, val_ap 0.4320, minutes 8.62, lr 1.00e-03
    epoch 11: loss 1.2282, val_ap 0.4316, minutes 9.54, lr 1.00e-03
    epoch 12: loss 1.2239, val_ap 0.4448, minutes 10.43, lr 1.00e-03
    epoch 13: loss 1.2152, val_ap 0.4475, minutes 11.36, lr 1.00e-03
    epoch 14: loss 1.2080, val_ap 0.4582, minutes 12.21, lr 1.00e-03
    epoch 15: loss 1.2086, val_ap 0.4519, minutes 13.09, lr 1.00e-03
    epoch 16: loss 1.2052, val_ap 0.4584, minutes 14.0, lr 1.00e-03
    epoch 17: loss 1.1901, val_ap 0.4595, minutes 14.89, lr 1.00e-03
    epoch 18: loss 1.1916, val_ap 0.4538, minutes 15.76, lr 1.00e-03
    epoch 19: loss 1.1723, val_ap 0.4721, minutes 16.66, lr 1.00e-03
    epoch 20: loss 1.1735, val_ap 0.4625, minutes 17.47, lr 1.00e-03
    epoch 21: loss 1.1711, val_ap 0.4805, minutes 18.34, lr 1.00e-03
    epoch 22: loss 1.1737, val_ap 0.4673, minutes 19.22, lr 1.00e-03
    epoch 23: loss 1.1726, val_ap 0.4818, minutes 20.06, lr 1.00e-03
    epoch 24: loss 1.1614, val_ap 0.4840, minutes 20.9, lr 1.00e-03
    epoch 25: loss 1.1530, val_ap 0.4832, minutes 21.78, lr 1.00e-03
    epoch 26: loss 1.1460, val_ap 0.4762, minutes 22.73, lr 1.00e-03
    epoch 27: loss 1.1377, val_ap 0.4767, minutes 23.58, lr 1.00e-03
    epoch 28: loss 1.1416, val_ap 0.4807, minutes 24.5, lr 1.00e-03
    epoch 29: loss 1.1461, val_ap 0.4868, minutes 25.37, lr 1.00e-03
    epoch 30: loss 1.1345, val_ap 0.4777, minutes 26.34, lr 1.00e-03
    epoch 31: loss 1.1289, val_ap 0.4751, minutes 27.26, lr 1.00e-03
    epoch 32: loss 1.1196, val_ap 0.4740, minutes 28.09, lr 1.00e-03
    epoch 33: loss 1.1231, val_ap 0.4763, minutes 28.98, lr 1.00e-03
    epoch 34: loss 1.1218, val_ap 0.4813, minutes 29.85, lr 1.00e-03
    epoch 35: loss 1.1145, val_ap 0.4788, minutes 30.72, lr 1.00e-03
    epoch 36: loss 1.1156, val_ap 0.4832, minutes 31.56, lr 1.00e-03
    epoch 37: loss 1.1098, val_ap 0.4764, minutes 32.42, lr 1.00e-03
    epoch 38: loss 1.1087, val_ap 0.4843, minutes 33.26, lr 5.00e-04
    epoch 39: loss 1.0803, val_ap 0.4847, minutes 34.12, lr 5.00e-04
    epoch 40: loss 1.0752, val_ap 0.4815, minutes 34.99, lr 5.00e-04
    epoch 41: loss 1.0722, val_ap 0.4830, minutes 35.85, lr 5.00e-04
    epoch 42: loss 1.0793, val_ap 0.4871, minutes 36.7, lr 5.00e-04
    epoch 43: loss 1.0679, val_ap 0.4811, minutes 37.6, lr 5.00e-04
    epoch 44: loss 1.0725, val_ap 0.4865, minutes 38.48, lr 5.00e-04
    epoch 45: loss 1.0675, val_ap 0.4857, minutes 39.4, lr 5.00e-04
    epoch 46: loss 1.0645, val_ap 0.4802, minutes 40.28, lr 5.00e-04
    epoch 47: loss 1.0543, val_ap 0.4776, minutes 41.18, lr 5.00e-04
    epoch 48: loss 1.0585, val_ap 0.4776, minutes 42.02, lr 5.00e-04
    epoch 49: loss 1.0576, val_ap 0.4773, minutes 42.84, lr 5.00e-04
    epoch 50: loss 1.0556, val_ap 0.4858, minutes 43.78, lr 5.00e-04
    epoch 51: loss 1.0457, val_ap 0.4792, minutes 44.63, lr 2.50e-04
    epoch 52: loss 1.0341, val_ap 0.4813, minutes 45.48, lr 2.50e-04
    epoch 53: loss 1.0295, val_ap 0.4799, minutes 46.38, lr 2.50e-04
    epoch 54: loss 1.0358, val_ap 0.4854, minutes 47.26, lr 2.50e-04
    epoch 55: loss 1.0237, val_ap 0.4823, minutes 48.11, lr 2.50e-04
    epoch 56: loss 1.0257, val_ap 0.4805, minutes 49.02, lr 2.50e-04
    epoch 57: loss 1.0219, val_ap 0.4808, minutes 49.84, lr 2.50e-04
    epoch 58: loss 1.0219, val_ap 0.4795, minutes 50.7, lr 2.50e-04
    epoch 59: loss 1.0196, val_ap 0.4810, minutes 51.64, lr 2.50e-04
    epoch 60: loss 1.0170, val_ap 0.4787, minutes 52.54, lr 1.25e-04
    epoch 61: loss 1.0079, val_ap 0.4786, minutes 53.47, lr 1.25e-04
    epoch 62: loss 1.0069, val_ap 0.4762, minutes 54.36, lr 1.25e-04
    epoch 63: loss 1.0082, val_ap 0.4801, minutes 55.22, lr 1.25e-04
    epoch 64: loss 1.0111, val_ap 0.4767, minutes 56.07, lr 1.25e-04
    epoch 65: loss 1.0054, val_ap 0.4795, minutes 56.89, lr 1.25e-04
    epoch 66: loss 1.0121, val_ap 0.4801, minutes 57.72, lr 1.25e-04
    epoch 67: loss 1.0015, val_ap 0.4788, minutes 58.61, lr 1.25e-04
    stopping: no validation gain in 25 epochs
[h2gcn_aux pooled_both fold 0 seed 2] done (59.4 min)
