loaded: dataset0 121,838 sites, data1 90,452
[res_gate dataset0 fold 1 seed 2]
    kernel decay scale 114.6 nt (fitted to cell line 1 training labels)
    epoch 1: loss 1.9465, val_ap 0.1593, minutes 0.46, lr 3.33e-04
    epoch 2: loss 1.5445, val_ap 0.2684, minutes 0.92, lr 6.63e-04
    epoch 3: loss 1.3420, val_ap 0.4184, minutes 1.42, lr 9.92e-04
    epoch 4: loss 1.1848, val_ap 0.4756, minutes 1.96, lr 1.00e-03
    epoch 5: loss 1.1417, val_ap 0.4899, minutes 2.43, lr 1.00e-03
    epoch 6: loss 1.1046, val_ap 0.4995, minutes 2.94, lr 1.00e-03
    epoch 7: loss 1.0860, val_ap 0.5100, minutes 3.42, lr 1.00e-03
    epoch 8: loss 1.0354, val_ap 0.5123, minutes 3.98, lr 1.00e-03
    epoch 9: loss 1.0285, val_ap 0.5102, minutes 4.42, lr 1.00e-03
    epoch 10: loss 1.0215, val_ap 0.5152, minutes 4.88, lr 1.00e-03
    epoch 11: loss 0.9900, val_ap 0.5280, minutes 5.36, lr 1.00e-03
    epoch 12: loss 0.9975, val_ap 0.5350, minutes 5.8, lr 1.00e-03
    epoch 13: loss 0.9856, val_ap 0.5388, minutes 6.27, lr 1.00e-03
    epoch 14: loss 0.9880, val_ap 0.5430, minutes 6.76, lr 1.00e-03
    epoch 15: loss 0.9766, val_ap 0.5411, minutes 7.24, lr 1.00e-03
    epoch 16: loss 0.9416, val_ap 0.5447, minutes 7.73, lr 1.00e-03
    epoch 17: loss 0.9400, val_ap 0.5502, minutes 8.24, lr 1.00e-03
    epoch 18: loss 0.9373, val_ap 0.5508, minutes 8.69, lr 1.00e-03
    epoch 19: loss 0.9229, val_ap 0.5526, minutes 9.21, lr 1.00e-03
    epoch 20: loss 0.9289, val_ap 0.5594, minutes 9.67, lr 1.00e-03
    epoch 21: loss 0.9349, val_ap 0.5575, minutes 10.2, lr 1.00e-03
    epoch 22: loss 0.9269, val_ap 0.5550, minutes 10.69, lr 1.00e-03
    epoch 23: loss 0.9328, val_ap 0.5597, minutes 11.22, lr 1.00e-03
    epoch 24: loss 0.9145, val_ap 0.5691, minutes 11.66, lr 1.00e-03
    epoch 25: loss 0.9177, val_ap 0.5679, minutes 12.15, lr 1.00e-03
    epoch 26: loss 0.9006, val_ap 0.5722, minutes 12.75, lr 1.00e-03
    epoch 27: loss 0.9118, val_ap 0.5698, minutes 13.2, lr 1.00e-03
    epoch 28: loss 0.9026, val_ap 0.5702, minutes 13.7, lr 1.00e-03
    epoch 29: loss 0.8912, val_ap 0.5711, minutes 14.19, lr 1.00e-03
    epoch 30: loss 0.9085, val_ap 0.5781, minutes 14.64, lr 1.00e-03
    epoch 31: loss 0.9014, val_ap 0.5677, minutes 15.14, lr 1.00e-03
    epoch 32: loss 0.8885, val_ap 0.5795, minutes 15.58, lr 1.00e-03
    epoch 33: loss 0.8850, val_ap 0.5742, minutes 16.06, lr 1.00e-03
    epoch 34: loss 0.8698, val_ap 0.5790, minutes 16.54, lr 1.00e-03
    epoch 35: loss 0.8620, val_ap 0.5840, minutes 17.04, lr 1.00e-03
    epoch 36: loss 0.8802, val_ap 0.5793, minutes 17.53, lr 1.00e-03
    epoch 37: loss 0.8762, val_ap 0.5891, minutes 18.0, lr 1.00e-03
    epoch 38: loss 0.8771, val_ap 0.5863, minutes 18.51, lr 1.00e-03
    epoch 39: loss 0.8657, val_ap 0.5907, minutes 18.99, lr 1.00e-03
    epoch 40: loss 0.8553, val_ap 0.5928, minutes 19.52, lr 1.00e-03
    epoch 41: loss 0.8606, val_ap 0.5867, minutes 19.97, lr 1.00e-03
    epoch 42: loss 0.8646, val_ap 0.5927, minutes 20.44, lr 1.00e-03
    epoch 43: loss 0.8518, val_ap 0.6009, minutes 20.97, lr 1.00e-03
    epoch 44: loss 0.8423, val_ap 0.5914, minutes 21.43, lr 1.00e-03
    epoch 45: loss 0.8660, val_ap 0.5840, minutes 21.92, lr 1.00e-03
    epoch 46: loss 0.8448, val_ap 0.5961, minutes 22.4, lr 1.00e-03
    epoch 47: loss 0.8739, val_ap 0.5994, minutes 22.89, lr 1.00e-03
    epoch 48: loss 0.8533, val_ap 0.6044, minutes 23.37, lr 1.00e-03
    epoch 49: loss 0.8579, val_ap 0.6004, minutes 23.89, lr 1.00e-03
    epoch 50: loss 0.8307, val_ap 0.6019, minutes 24.39, lr 1.00e-03
    epoch 51: loss 0.8464, val_ap 0.5990, minutes 24.88, lr 1.00e-03
    epoch 52: loss 0.8311, val_ap 0.5970, minutes 25.36, lr 1.00e-03
    epoch 53: loss 0.8312, val_ap 0.6009, minutes 25.83, lr 1.00e-03
    epoch 54: loss 0.8182, val_ap 0.5961, minutes 26.32, lr 1.00e-03
    epoch 55: loss 0.8508, val_ap 0.5963, minutes 26.8, lr 1.00e-03
    epoch 56: loss 0.8167, val_ap 0.5955, minutes 27.28, lr 1.00e-03
    epoch 57: loss 0.8277, val_ap 0.6053, minutes 27.78, lr 1.00e-03
    epoch 58: loss 0.8317, val_ap 0.5964, minutes 28.23, lr 1.00e-03
    epoch 59: loss 0.8110, val_ap 0.6061, minutes 28.71, lr 1.00e-03
    epoch 60: loss 0.8048, val_ap 0.6006, minutes 29.19, lr 1.00e-03
    epoch 61: loss 0.8025, val_ap 0.6100, minutes 29.67, lr 1.00e-03
    epoch 62: loss 0.8029, val_ap 0.6107, minutes 30.18, lr 1.00e-03
    epoch 63: loss 0.7979, val_ap 0.6102, minutes 30.67, lr 1.00e-03
    epoch 64: loss 0.7921, val_ap 0.6068, minutes 31.16, lr 1.00e-03
    epoch 65: loss 0.8039, val_ap 0.6063, minutes 31.62, lr 1.00e-03
    epoch 66: loss 0.7980, val_ap 0.6165, minutes 32.22, lr 1.00e-03
    epoch 67: loss 0.7874, val_ap 0.6127, minutes 32.68, lr 1.00e-03
    epoch 68: loss 0.8008, val_ap 0.6038, minutes 33.24, lr 1.00e-03
    epoch 69: loss 0.7847, val_ap 0.6085, minutes 33.69, lr 1.00e-03
    epoch 70: loss 0.7750, val_ap 0.6223, minutes 34.16, lr 1.00e-03
    epoch 71: loss 0.7822, val_ap 0.6199, minutes 34.65, lr 1.00e-03
    epoch 72: loss 0.7725, val_ap 0.6125, minutes 35.12, lr 1.00e-03
    epoch 73: loss 0.7809, val_ap 0.6125, minutes 35.63, lr 1.00e-03
    epoch 74: loss 0.7756, val_ap 0.6183, minutes 36.12, lr 1.00e-03
    epoch 75: loss 0.7799, val_ap 0.6205, minutes 36.57, lr 1.00e-03
    epoch 76: loss 0.7632, val_ap 0.6157, minutes 37.06, lr 1.00e-03
    epoch 77: loss 0.7816, val_ap 0.6107, minutes 37.55, lr 1.00e-03
    epoch 78: loss 0.7950, val_ap 0.6227, minutes 38.01, lr 1.00e-03
    epoch 79: loss 0.7807, val_ap 0.6159, minutes 38.49, lr 1.00e-03
    epoch 80: loss 0.7685, val_ap 0.6151, minutes 38.95, lr 1.00e-03
    epoch 81: loss 0.7612, val_ap 0.6020, minutes 39.43, lr 1.00e-03
    epoch 82: loss 0.7574, val_ap 0.6222, minutes 39.87, lr 1.00e-03
    epoch 83: loss 0.7769, val_ap 0.5943, minutes 40.3, lr 1.00e-03
    epoch 84: loss 0.7594, val_ap 0.6184, minutes 40.8, lr 1.00e-03
    epoch 85: loss 0.7587, val_ap 0.6157, minutes 41.26, lr 1.00e-03
    epoch 86: loss 0.7379, val_ap 0.6193, minutes 41.75, lr 1.00e-03
    epoch 87: loss 0.7408, val_ap 0.6130, minutes 42.21, lr 5.00e-04
    epoch 88: loss 0.7378, val_ap 0.6178, minutes 42.7, lr 5.00e-04
    epoch 89: loss 0.7204, val_ap 0.6198, minutes 43.19, lr 5.00e-04
    epoch 90: loss 0.7253, val_ap 0.6174, minutes 43.66, lr 5.00e-04
    epoch 91: loss 0.7265, val_ap 0.6121, minutes 44.15, lr 5.00e-04
    epoch 92: loss 0.7334, val_ap 0.6166, minutes 44.56, lr 5.00e-04
    epoch 93: loss 0.7082, val_ap 0.6162, minutes 45.07, lr 5.00e-04
    epoch 94: loss 0.7212, val_ap 0.6176, minutes 45.54, lr 5.00e-04
    epoch 95: loss 0.7094, val_ap 0.6155, minutes 46.0, lr 5.00e-04
    epoch 96: loss 0.7230, val_ap 0.6093, minutes 46.46, lr 2.50e-04
    epoch 97: loss 0.7085, val_ap 0.6153, minutes 46.89, lr 2.50e-04
    epoch 98: loss 0.7009, val_ap 0.6171, minutes 47.38, lr 2.50e-04
    epoch 99: loss 0.7034, val_ap 0.6166, minutes 47.84, lr 2.50e-04
    epoch 100: loss 0.7065, val_ap 0.6145, minutes 48.3, lr 2.50e-04
    epoch 101: loss 0.6864, val_ap 0.6137, minutes 48.77, lr 2.50e-04
    epoch 102: loss 0.7035, val_ap 0.6108, minutes 49.25, lr 2.50e-04
    epoch 103: loss 0.6934, val_ap 0.6144, minutes 49.71, lr 2.50e-04
    stopping: no validation gain in 25 epochs
[res_gate dataset0 fold 1 seed 2] done (50.6 min)
