loaded: dataset0 121,838 sites, data1 90,452
[h2gcn_aux_r400 pooled_both fold 0 seed 1]
    epoch 1: loss 1.8814, val_ap 0.1942, minutes 1.02, lr 3.31e-04
    epoch 2: loss 1.5479, val_ap 0.3209, minutes 1.98, lr 6.60e-04
    epoch 3: loss 1.4041, val_ap 0.3918, minutes 2.94, lr 9.89e-04
    epoch 4: loss 1.3261, val_ap 0.4089, minutes 3.86, lr 1.00e-03
    epoch 5: loss 1.2775, val_ap 0.4148, minutes 4.81, lr 1.00e-03
    epoch 6: loss 1.2697, val_ap 0.4296, minutes 5.79, lr 1.00e-03
    epoch 7: loss 1.2358, val_ap 0.4333, minutes 6.67, lr 1.00e-03
    epoch 8: loss 1.2430, val_ap 0.4290, minutes 7.64, lr 1.00e-03
    epoch 9: loss 1.2284, val_ap 0.4328, minutes 8.59, lr 1.00e-03
    epoch 10: loss 1.2167, val_ap 0.4281, minutes 9.52, lr 1.00e-03
    epoch 11: loss 1.2090, val_ap 0.4304, minutes 10.44, lr 1.00e-03
    epoch 12: loss 1.2005, val_ap 0.4365, minutes 11.43, lr 1.00e-03
    epoch 13: loss 1.1930, val_ap 0.4411, minutes 12.4, lr 1.00e-03
    epoch 14: loss 1.1954, val_ap 0.4420, minutes 13.33, lr 1.00e-03
    epoch 15: loss 1.1853, val_ap 0.4409, minutes 14.33, lr 1.00e-03
    epoch 16: loss 1.1837, val_ap 0.4431, minutes 15.31, lr 1.00e-03
    epoch 17: loss 1.1828, val_ap 0.4440, minutes 16.33, lr 1.00e-03
    epoch 18: loss 1.1782, val_ap 0.4521, minutes 17.3, lr 1.00e-03
    epoch 19: loss 1.1742, val_ap 0.4566, minutes 18.31, lr 1.00e-03
    epoch 20: loss 1.1735, val_ap 0.4587, minutes 19.28, lr 1.00e-03
    epoch 21: loss 1.1626, val_ap 0.4664, minutes 20.21, lr 1.00e-03
    epoch 22: loss 1.1606, val_ap 0.4619, minutes 21.11, lr 1.00e-03
    epoch 23: loss 1.1619, val_ap 0.4622, minutes 22.03, lr 1.00e-03
    epoch 24: loss 1.1489, val_ap 0.4738, minutes 23.01, lr 1.00e-03
    epoch 25: loss 1.1430, val_ap 0.4711, minutes 24.0, lr 1.00e-03
    epoch 26: loss 1.1415, val_ap 0.4667, minutes 24.96, lr 1.00e-03
    epoch 27: loss 1.1503, val_ap 0.4738, minutes 25.91, lr 1.00e-03
    epoch 28: loss 1.1364, val_ap 0.4780, minutes 26.86, lr 1.00e-03
    epoch 29: loss 1.1287, val_ap 0.4788, minutes 27.82, lr 1.00e-03
    epoch 30: loss 1.1340, val_ap 0.4730, minutes 28.76, lr 1.00e-03
    epoch 31: loss 1.1185, val_ap 0.4767, minutes 29.69, lr 1.00e-03
    epoch 32: loss 1.1148, val_ap 0.4804, minutes 30.61, lr 1.00e-03
    epoch 33: loss 1.1170, val_ap 0.4744, minutes 31.5, lr 1.00e-03
    epoch 34: loss 1.1173, val_ap 0.4735, minutes 32.44, lr 1.00e-03
    epoch 35: loss 1.1116, val_ap 0.4761, minutes 33.39, lr 1.00e-03
    epoch 36: loss 1.1135, val_ap 0.4804, minutes 34.32, lr 1.00e-03
    epoch 37: loss 1.0978, val_ap 0.4857, minutes 35.27, lr 1.00e-03
    epoch 38: loss 1.0944, val_ap 0.4851, minutes 36.21, lr 1.00e-03
    epoch 39: loss 1.1041, val_ap 0.4869, minutes 37.17, lr 1.00e-03
    epoch 40: loss 1.0952, val_ap 0.4770, minutes 38.09, lr 1.00e-03
    epoch 41: loss 1.0883, val_ap 0.4820, minutes 39.03, lr 1.00e-03
    epoch 42: loss 1.0816, val_ap 0.4789, minutes 39.94, lr 1.00e-03
    epoch 43: loss 1.0761, val_ap 0.4793, minutes 40.81, lr 1.00e-03
    epoch 44: loss 1.0795, val_ap 0.4802, minutes 41.7, lr 1.00e-03
    epoch 45: loss 1.0809, val_ap 0.4804, minutes 42.64, lr 1.00e-03
    epoch 46: loss 1.0733, val_ap 0.4749, minutes 43.58, lr 1.00e-03
    epoch 47: loss 1.0756, val_ap 0.4849, minutes 44.49, lr 1.00e-03
    epoch 48: loss 1.0748, val_ap 0.4769, minutes 45.43, lr 5.00e-04
    epoch 49: loss 1.0441, val_ap 0.4769, minutes 46.39, lr 5.00e-04
    epoch 50: loss 1.0453, val_ap 0.4747, minutes 47.3, lr 5.00e-04
    epoch 51: loss 1.0428, val_ap 0.4750, minutes 48.21, lr 5.00e-04
    epoch 52: loss 1.0408, val_ap 0.4731, minutes 49.12, lr 5.00e-04
    epoch 53: loss 1.0351, val_ap 0.4678, minutes 50.0, lr 5.00e-04
    epoch 54: loss 1.0381, val_ap 0.4668, minutes 50.92, lr 5.00e-04
    epoch 55: loss 1.0240, val_ap 0.4762, minutes 51.86, lr 5.00e-04
    epoch 56: loss 1.0309, val_ap 0.4686, minutes 52.77, lr 5.00e-04
    epoch 57: loss 1.0254, val_ap 0.4720, minutes 53.7, lr 2.50e-04
    epoch 58: loss 1.0122, val_ap 0.4743, minutes 54.58, lr 2.50e-04
    epoch 59: loss 1.0118, val_ap 0.4691, minutes 55.46, lr 2.50e-04
    epoch 60: loss 1.0099, val_ap 0.4659, minutes 56.29, lr 2.50e-04
    epoch 61: loss 1.0066, val_ap 0.4636, minutes 57.09, lr 2.50e-04
    epoch 62: loss 1.0065, val_ap 0.4605, minutes 57.86, lr 2.50e-04
    epoch 63: loss 1.0030, val_ap 0.4625, minutes 58.52, lr 2.50e-04
    epoch 64: loss 0.9983, val_ap 0.4665, minutes 59.18, lr 2.50e-04
    stopping: no validation gain in 25 epochs
[h2gcn_aux_r400 pooled_both fold 0 seed 1] done (59.7 min)
