loaded: dataset0 121,838 sites, data1 90,452
[deepset pooled_both fold 0]
    epoch 1: loss 1.1516491363028518, minutes 0.3, val_ap 0.30393414583258394, lr 0.00033389355742296915
    epoch 2: loss 0.9381756690369935, minutes 0.62, val_ap 0.3731789374153845, lr 0.0006672268907563025
    epoch 3: loss 0.892160350735448, minutes 0.94, val_ap 0.3865194284155322, lr 0.001
    epoch 4: loss 0.877419125232376, minutes 1.24, val_ap 0.3942797687069026, lr 0.001
    epoch 5: loss 0.8663755314690726, minutes 1.55, val_ap 0.4009190123228636, lr 0.001
    epoch 6: loss 0.8592872108231072, minutes 1.87, val_ap 0.4010848202464759, lr 0.001
    epoch 7: loss 0.8491904674457903, minutes 2.2, val_ap 0.4050279593739634, lr 0.001
    epoch 8: loss 0.8437366227141949, minutes 2.51, val_ap 0.4089998307786884, lr 0.001
    epoch 9: loss 0.8394976464139313, minutes 2.82, val_ap 0.41581050614979026, lr 0.001
    epoch 10: loss 0.8326933506657096, minutes 3.12, val_ap 0.41618955868637364, lr 0.001
    epoch 11: loss 0.8286667535785868, minutes 3.43, val_ap 0.42065193345773166, lr 0.001
    epoch 12: loss 0.828366143162511, minutes 3.76, val_ap 0.4234677284160658, lr 0.001
    epoch 13: loss 0.8217251748097043, minutes 4.08, val_ap 0.43004574446008675, lr 0.001
    epoch 14: loss 0.8173824477095564, minutes 4.4, val_ap 0.43580878321055627, lr 0.001
    epoch 15: loss 0.8197035282599826, minutes 4.71, val_ap 0.42331166074523546, lr 0.001
    epoch 16: loss 0.8152620735288668, minutes 5.02, val_ap 0.4387006762135221, lr 0.001
    epoch 17: loss 0.8094093882737039, minutes 5.34, val_ap 0.45283863288845205, lr 0.001
    epoch 18: loss 0.8052343363020601, minutes 5.65, val_ap 0.44322926925990735, lr 0.001
    epoch 19: loss 0.8046542347479267, minutes 5.98, val_ap 0.44539754984371105, lr 0.001
    epoch 20: loss 0.8004485750899596, minutes 6.28, val_ap 0.44279434154284475, lr 0.001
    epoch 21: loss 0.7988126025480382, minutes 6.59, val_ap 0.44407101597518356, lr 0.001
    epoch 22: loss 0.7992327917523745, minutes 6.91, val_ap 0.445545313481868, lr 0.001
    epoch 23: loss 0.7917097086165131, minutes 7.23, val_ap 0.4446953595449818, lr 0.001
    epoch 24: loss 0.7902570223107057, minutes 7.54, val_ap 0.447038284148174, lr 0.001
    epoch 25: loss 0.7877829228128705, minutes 7.85, val_ap 0.45517306067428953, lr 0.001
    epoch 26: loss 0.7833623308093608, minutes 8.18, val_ap 0.4470642919998898, lr 0.001
    epoch 27: loss 0.7830907885266953, minutes 8.5, val_ap 0.44420624119271496, lr 0.001
    epoch 28: loss 0.7830288172769947, minutes 8.8, val_ap 0.44431366715040915, lr 0.001
    epoch 29: loss 0.7787812572066524, minutes 9.12, val_ap 0.4473811540010435, lr 0.001
    epoch 30: loss 0.7762428745502183, minutes 9.44, val_ap 0.45220878013358595, lr 0.001
    epoch 31: loss 0.7731819530995954, minutes 9.76, val_ap 0.4506459085217397, lr 0.001
    epoch 32: loss 0.7703823967140262, minutes 10.09, val_ap 0.4529743162939212, lr 0.001
    epoch 33: loss 0.7704935296743858, minutes 10.41, val_ap 0.4474948116297605, lr 0.001
    epoch 34: loss 0.7678177494461796, minutes 10.72, val_ap 0.4375853258745322, lr 0.0005
    epoch 35: loss 0.749910872673788, minutes 11.03, val_ap 0.44954494264312617, lr 0.0005
    epoch 36: loss 0.7497145715380917, minutes 11.33, val_ap 0.44655790311585003, lr 0.0005
    epoch 37: loss 0.7484543039017365, minutes 11.65, val_ap 0.45114006865860273, lr 0.0005
    epoch 38: loss 0.7484727904576214, minutes 11.97, val_ap 0.4470388636240557, lr 0.0005
    epoch 39: loss 0.745533634534403, minutes 12.29, val_ap 0.4393426356439768, lr 0.0005
    epoch 40: loss 0.740017512014934, minutes 12.59, val_ap 0.44167516592375045, lr 0.0005
    epoch 41: loss 0.737666111032502, minutes 12.87, val_ap 0.4379350034018941, lr 0.0005
    epoch 42: loss 0.7410257784759298, minutes 13.15, val_ap 0.44442003968692456, lr 0.0005
    epoch 43: loss 0.738341992742875, minutes 13.39, val_ap 0.4446077381731848, lr 0.00025
    epoch 44: loss 0.7290355993920014, minutes 13.59, val_ap 0.44483368000866513, lr 0.00025
    epoch 45: loss 0.724386544788585, minutes 13.79, val_ap 0.4418098828437236, lr 0.00025
    epoch 46: loss 0.7263516261797993, minutes 13.99, val_ap 0.43927931944082066, lr 0.00025
    epoch 47: loss 0.7239499172743629, minutes 14.17, val_ap 0.44193529151759114, lr 0.00025
    epoch 48: loss 0.7194985921643361, minutes 14.38, val_ap 0.4376648035508055, lr 0.00025
    epoch 49: loss 0.7196286412347265, minutes 14.59, val_ap 0.4411672246193974, lr 0.00025
    stopping: no validation gain in 25 epochs
[deepset pooled_both fold 0] done (15.0 min)
