loaded: dataset0 121,838 sites, data1 90,452
[deepset dataset0 fold 1 seed 2]
    epoch 1: loss 1.1928546477766597, minutes 0.17, val_ap 0.23387635478491509, lr 0.00033431372549019606
    epoch 2: loss 0.8613899933064685, minutes 0.34, val_ap 0.44056361342537537, lr 0.0006676470588235294
    epoch 3: loss 0.7747507562532144, minutes 0.49, val_ap 0.4599558667281442, lr 0.001
    epoch 4: loss 0.7514910016866291, minutes 0.65, val_ap 0.4667215245937198, lr 0.001
    epoch 5: loss 0.7225326597690582, minutes 0.83, val_ap 0.4691589337554897, lr 0.001
    epoch 6: loss 0.6978896101607995, minutes 1.0, val_ap 0.49041934639098084, lr 0.001
    epoch 7: loss 0.6910572565653745, minutes 1.17, val_ap 0.4838728666527287, lr 0.001
    epoch 8: loss 0.6907373239888864, minutes 1.35, val_ap 0.48953568899148187, lr 0.001
    epoch 9: loss 0.6796293936231557, minutes 1.53, val_ap 0.49791805046332627, lr 0.001
    epoch 10: loss 0.678029005317127, minutes 1.7, val_ap 0.4994656563437436, lr 0.001
    epoch 11: loss 0.6701797752695925, minutes 1.85, val_ap 0.49997153752442264, lr 0.001
    epoch 12: loss 0.6644056619090193, minutes 2.03, val_ap 0.501314724195624, lr 0.001
    epoch 13: loss 0.6593056091490914, minutes 2.21, val_ap 0.4982979131835051, lr 0.001
    epoch 14: loss 0.6559923098367804, minutes 2.38, val_ap 0.5119996084425027, lr 0.001
    epoch 15: loss 0.6493335318915984, minutes 2.55, val_ap 0.5142344521756197, lr 0.001
    epoch 16: loss 0.6471184272099944, minutes 2.72, val_ap 0.5117503896386268, lr 0.001
    epoch 17: loss 0.6454630211872213, minutes 2.89, val_ap 0.5197681582949534, lr 0.001
    epoch 18: loss 0.6392286523300059, minutes 3.06, val_ap 0.5225783175498937, lr 0.001
    epoch 19: loss 0.6400836270521669, minutes 3.22, val_ap 0.5230329704490854, lr 0.001
    epoch 20: loss 0.6287257317234488, minutes 3.39, val_ap 0.5229192269616538, lr 0.001
    epoch 21: loss 0.631308757119319, minutes 3.56, val_ap 0.5279813084255794, lr 0.001
    epoch 22: loss 0.6350628818659222, minutes 3.74, val_ap 0.5269547987398608, lr 0.001
    epoch 23: loss 0.6230896774460287, minutes 3.9, val_ap 0.5267871058400005, lr 0.001
    epoch 24: loss 0.6276903741499957, minutes 4.08, val_ap 0.5244458373469493, lr 0.001
    epoch 25: loss 0.6132053665378514, minutes 4.25, val_ap 0.5324697074604098, lr 0.001
    epoch 26: loss 0.6135176388656391, minutes 4.42, val_ap 0.5377000544981453, lr 0.001
    epoch 27: loss 0.6181274552555646, minutes 4.59, val_ap 0.5317851136173081, lr 0.001
    epoch 28: loss 0.6165051059687838, minutes 4.76, val_ap 0.5244629858539004, lr 0.001
    epoch 29: loss 0.6085091259549645, minutes 4.94, val_ap 0.5263791593670489, lr 0.001
    epoch 30: loss 0.6018451301490559, minutes 5.11, val_ap 0.5253399355656447, lr 0.001
    epoch 31: loss 0.6139041156453244, minutes 5.28, val_ap 0.5327749398415708, lr 0.001
    epoch 32: loss 0.6041306897121317, minutes 5.45, val_ap 0.5277998894707802, lr 0.001
    epoch 33: loss 0.5946005862425355, minutes 5.63, val_ap 0.5306292644031239, lr 0.001
    epoch 34: loss 0.5852967918795697, minutes 5.81, val_ap 0.53328602768018, lr 0.001
    epoch 35: loss 0.5914697986315278, minutes 6.0, val_ap 0.5404394705196572, lr 0.001
    epoch 36: loss 0.5899789317565806, minutes 6.17, val_ap 0.5325075457271887, lr 0.001
    epoch 37: loss 0.5881826372707591, minutes 6.34, val_ap 0.5351015470812814, lr 0.001
    epoch 38: loss 0.5888325579902705, minutes 6.5, val_ap 0.5324424342643519, lr 0.001
    epoch 39: loss 0.5746131977614235, minutes 6.67, val_ap 0.5330424809134369, lr 0.001
    epoch 40: loss 0.5833758227965411, minutes 6.84, val_ap 0.5312569270207591, lr 0.001
    epoch 41: loss 0.5784742625320659, minutes 7.02, val_ap 0.5368047574881347, lr 0.001
    epoch 42: loss 0.5748026718988138, minutes 7.19, val_ap 0.5355980697340667, lr 0.001
    epoch 43: loss 0.5710542762980741, minutes 7.37, val_ap 0.5289798137586832, lr 0.001
    epoch 44: loss 0.5707301113097106, minutes 7.54, val_ap 0.5317625495545855, lr 0.0005
    epoch 45: loss 0.5533810944241636, minutes 7.72, val_ap 0.5343235714919299, lr 0.0005
    epoch 46: loss 0.5494623202611418, minutes 7.89, val_ap 0.5401712987224657, lr 0.0005
    epoch 47: loss 0.5493506873355193, minutes 8.07, val_ap 0.5331710729406456, lr 0.0005
    epoch 48: loss 0.5415414270232706, minutes 8.25, val_ap 0.5356608260450533, lr 0.0005
    epoch 49: loss 0.5365368032280137, minutes 8.41, val_ap 0.5391675744614001, lr 0.0005
    epoch 50: loss 0.5367196485838469, minutes 8.59, val_ap 0.5402940184255064, lr 0.0005
    epoch 51: loss 0.5385272632626926, minutes 8.78, val_ap 0.5367166540628379, lr 0.0005
    epoch 52: loss 0.5337621129610959, minutes 8.96, val_ap 0.5364557854000874, lr 0.0005
    epoch 53: loss 0.5344408355215017, minutes 9.14, val_ap 0.52778063091707, lr 0.00025
    epoch 54: loss 0.5203849156113232, minutes 9.33, val_ap 0.5342796568619583, lr 0.00025
    epoch 55: loss 0.5095785409650382, minutes 9.5, val_ap 0.5358978982843778, lr 0.00025
    epoch 56: loss 0.5155929661410696, minutes 9.67, val_ap 0.5360137584107282, lr 0.00025
    epoch 57: loss 0.5182771611301338, minutes 9.84, val_ap 0.5366104481920313, lr 0.00025
    epoch 58: loss 0.5101855817086557, minutes 10.0, val_ap 0.530502561300348, lr 0.00025
    epoch 59: loss 0.5070167412652689, minutes 10.16, val_ap 0.5379582739563626, lr 0.00025
    epoch 60: loss 0.5091607557938379, minutes 10.34, val_ap 0.540857401128611, lr 0.00025
    epoch 61: loss 0.5116396630511565, minutes 10.51, val_ap 0.5241354498652112, lr 0.00025
    epoch 62: loss 0.5080489553949412, minutes 10.67, val_ap 0.5350166048020581, lr 0.00025
    epoch 63: loss 0.5025230716256535, minutes 10.83, val_ap 0.5352259128902448, lr 0.00025
    epoch 64: loss 0.49511462752433383, minutes 11.0, val_ap 0.5327124050819338, lr 0.00025
    epoch 65: loss 0.5044552513781716, minutes 11.17, val_ap 0.5224383430907553, lr 0.00025
    epoch 66: loss 0.49262545266572166, minutes 11.35, val_ap 0.5310083731831275, lr 0.00025
    epoch 67: loss 0.49935762851553805, minutes 11.53, val_ap 0.5331671283890835, lr 0.00025
    epoch 68: loss 0.5093081457649961, minutes 11.7, val_ap 0.5366036582583396, lr 0.00025
    epoch 69: loss 0.4916164268465603, minutes 11.87, val_ap 0.5379111776892763, lr 0.000125
    epoch 70: loss 0.49015335826312795, minutes 12.05, val_ap 0.5319975584952481, lr 0.000125
    epoch 71: loss 0.4966785626814646, minutes 12.24, val_ap 0.5300408550550129, lr 0.000125
    epoch 72: loss 0.4873939451049356, minutes 12.42, val_ap 0.5323711628029466, lr 0.000125
    epoch 73: loss 0.48898831842576757, minutes 12.59, val_ap 0.5306744414921588, lr 0.000125
    epoch 74: loss 0.49134296809925754, minutes 12.77, val_ap 0.5330467238254765, lr 0.000125
    epoch 75: loss 0.49384470958920085, minutes 12.94, val_ap 0.5350522010297988, lr 0.000125
    epoch 76: loss 0.49170163760290425, minutes 13.12, val_ap 0.5389779208459238, lr 0.000125
    epoch 77: loss 0.48751397930523926, minutes 13.3, val_ap 0.5334473052499655, lr 0.000125
    epoch 78: loss 0.48113634542507283, minutes 13.48, val_ap 0.5307915924732374, lr 6.25e-05
    epoch 79: loss 0.4831237096996868, minutes 13.66, val_ap 0.529914914135855, lr 6.25e-05
    epoch 80: loss 0.47787002342588764, minutes 13.83, val_ap 0.5313944444413685, lr 6.25e-05
    epoch 81: loss 0.47494834267041264, minutes 14.01, val_ap 0.5323113544169259, lr 6.25e-05
    epoch 82: loss 0.47900528767529654, minutes 14.19, val_ap 0.5313046567833126, lr 6.25e-05
    epoch 83: loss 0.47806953472249647, minutes 14.36, val_ap 0.5283309847414307, lr 6.25e-05
    epoch 84: loss 0.48204027694814344, minutes 14.54, val_ap 0.531860622399913, lr 6.25e-05
    stopping: no validation gain in 25 epochs
[deepset dataset0 fold 1 seed 2] done (14.9 min)
