loaded: dataset0 121,838 sites, data1 90,452
[gps dataset0 fold 4 seed 2]
    epoch 1: loss 1.9614, val_ap 0.1499, minutes 1.52, lr 3.33e-04
    epoch 2: loss 1.6086, val_ap 0.2022, minutes 2.99, lr 6.63e-04
    epoch 3: loss 1.3744, val_ap 0.3662, minutes 4.47, lr 9.92e-04
    epoch 4: loss 1.1734, val_ap 0.4720, minutes 5.91, lr 1.00e-03
    epoch 5: loss 1.1239, val_ap 0.4771, minutes 7.43, lr 1.00e-03
    epoch 6: loss 1.1170, val_ap 0.4925, minutes 8.85, lr 1.00e-03
    epoch 7: loss 1.0443, val_ap 0.4882, minutes 10.35, lr 1.00e-03
    epoch 8: loss 1.0494, val_ap 0.5060, minutes 11.81, lr 1.00e-03
    epoch 9: loss 1.0171, val_ap 0.4996, minutes 13.3, lr 1.00e-03
    epoch 10: loss 0.9808, val_ap 0.5135, minutes 14.81, lr 1.00e-03
    epoch 11: loss 0.9729, val_ap 0.5035, minutes 16.21, lr 1.00e-03
    epoch 12: loss 0.9616, val_ap 0.5239, minutes 17.63, lr 1.00e-03
    epoch 13: loss 0.9473, val_ap 0.5294, minutes 19.14, lr 1.00e-03
    epoch 14: loss 0.9396, val_ap 0.5342, minutes 20.61, lr 1.00e-03
    epoch 15: loss 0.9170, val_ap 0.5305, minutes 22.08, lr 1.00e-03
    epoch 16: loss 0.9214, val_ap 0.5397, minutes 23.58, lr 1.00e-03
    epoch 17: loss 0.9069, val_ap 0.5470, minutes 24.92, lr 1.00e-03
    epoch 18: loss 0.9203, val_ap 0.5456, minutes 26.33, lr 1.00e-03
    epoch 19: loss 0.9123, val_ap 0.5483, minutes 27.73, lr 1.00e-03
    epoch 20: loss 0.9003, val_ap 0.5500, minutes 29.16, lr 1.00e-03
    epoch 21: loss 0.8777, val_ap 0.5537, minutes 30.74, lr 1.00e-03
    epoch 22: loss 0.9079, val_ap 0.5654, minutes 32.26, lr 1.00e-03
    epoch 23: loss 0.8665, val_ap 0.5556, minutes 33.69, lr 1.00e-03
    epoch 24: loss 0.8702, val_ap 0.5804, minutes 35.2, lr 1.00e-03
    epoch 25: loss 0.8824, val_ap 0.5681, minutes 36.71, lr 1.00e-03
    epoch 26: loss 0.8576, val_ap 0.5503, minutes 38.19, lr 1.00e-03
    epoch 27: loss 0.8576, val_ap 0.5721, minutes 39.64, lr 1.00e-03
    epoch 28: loss 0.8529, val_ap 0.5712, minutes 41.1, lr 1.00e-03
    epoch 29: loss 0.8489, val_ap 0.5784, minutes 42.56, lr 1.00e-03
    epoch 30: loss 0.8429, val_ap 0.5814, minutes 44.04, lr 1.00e-03
    epoch 31: loss 0.8346, val_ap 0.5802, minutes 45.5, lr 1.00e-03
    epoch 32: loss 0.8452, val_ap 0.5808, minutes 47.01, lr 1.00e-03
    epoch 33: loss 0.8197, val_ap 0.5746, minutes 48.47, lr 1.00e-03
    epoch 34: loss 0.8152, val_ap 0.5850, minutes 49.95, lr 1.00e-03
    epoch 35: loss 0.8287, val_ap 0.5798, minutes 51.44, lr 1.00e-03
    epoch 36: loss 0.8256, val_ap 0.5835, minutes 52.93, lr 1.00e-03
    epoch 37: loss 0.8149, val_ap 0.5856, minutes 54.4, lr 1.00e-03
    epoch 38: loss 0.7951, val_ap 0.5844, minutes 55.91, lr 1.00e-03
    epoch 39: loss 0.8157, val_ap 0.5909, minutes 57.4, lr 1.00e-03
    epoch 40: loss 0.8020, val_ap 0.5754, minutes 58.88, lr 1.00e-03
    epoch 41: loss 0.7986, val_ap 0.5864, minutes 60.38, lr 1.00e-03
    epoch 42: loss 0.7929, val_ap 0.5768, minutes 61.85, lr 1.00e-03
    epoch 43: loss 0.7894, val_ap 0.5902, minutes 63.4, lr 1.00e-03
    epoch 44: loss 0.7772, val_ap 0.5838, minutes 64.82, lr 1.00e-03
    epoch 45: loss 0.7694, val_ap 0.5977, minutes 66.34, lr 1.00e-03
    epoch 46: loss 0.7666, val_ap 0.5768, minutes 67.76, lr 1.00e-03
    epoch 47: loss 0.7752, val_ap 0.5957, minutes 69.25, lr 1.00e-03
    epoch 48: loss 0.7676, val_ap 0.5916, minutes 70.68, lr 1.00e-03
    epoch 49: loss 0.7689, val_ap 0.5974, minutes 72.15, lr 1.00e-03
    epoch 50: loss 0.7547, val_ap 0.5911, minutes 73.64, lr 1.00e-03
    epoch 51: loss 0.7596, val_ap 0.5892, minutes 75.08, lr 1.00e-03
    epoch 52: loss 0.7635, val_ap 0.5946, minutes 76.61, lr 1.00e-03
    epoch 53: loss 0.7413, val_ap 0.5831, minutes 78.06, lr 1.00e-03
    epoch 54: loss 0.7529, val_ap 0.5786, minutes 79.56, lr 5.00e-04
    epoch 55: loss 0.7070, val_ap 0.5944, minutes 81.06, lr 5.00e-04
    epoch 56: loss 0.7098, val_ap 0.5816, minutes 82.53, lr 5.00e-04
    epoch 57: loss 0.7047, val_ap 0.5949, minutes 84.01, lr 5.00e-04
    epoch 58: loss 0.7164, val_ap 0.5918, minutes 85.48, lr 5.00e-04
    epoch 59: loss 0.6999, val_ap 0.5874, minutes 86.94, lr 5.00e-04
    epoch 60: loss 0.7026, val_ap 0.5959, minutes 88.46, lr 5.00e-04
    epoch 61: loss 0.6985, val_ap 0.5946, minutes 89.93, lr 5.00e-04
    epoch 62: loss 0.6989, val_ap 0.6003, minutes 91.38, lr 5.00e-04
    epoch 63: loss 0.7070, val_ap 0.6027, minutes 92.79, lr 5.00e-04
    epoch 64: loss 0.6844, val_ap 0.5982, minutes 94.22, lr 5.00e-04
    epoch 65: loss 0.6850, val_ap 0.5976, minutes 95.72, lr 5.00e-04
    epoch 66: loss 0.6856, val_ap 0.5800, minutes 97.18, lr 5.00e-04
    epoch 67: loss 0.6764, val_ap 0.5831, minutes 98.6, lr 5.00e-04
    epoch 68: loss 0.6783, val_ap 0.5971, minutes 100.04, lr 5.00e-04
    epoch 69: loss 0.6717, val_ap 0.6044, minutes 101.48, lr 5.00e-04
    epoch 70: loss 0.6759, val_ap 0.6008, minutes 102.93, lr 5.00e-04
    epoch 71: loss 0.6792, val_ap 0.5998, minutes 104.47, lr 5.00e-04
    epoch 72: loss 0.6654, val_ap 0.5973, minutes 105.92, lr 5.00e-04
    epoch 73: loss 0.6646, val_ap 0.5944, minutes 107.39, lr 5.00e-04
    epoch 74: loss 0.6765, val_ap 0.5978, minutes 108.84, lr 5.00e-04
    epoch 75: loss 0.6570, val_ap 0.5941, minutes 110.26, lr 5.00e-04
    epoch 76: loss 0.6570, val_ap 0.5806, minutes 111.7, lr 5.00e-04
    epoch 77: loss 0.6655, val_ap 0.5979, minutes 113.1, lr 5.00e-04
    epoch 78: loss 0.6870, val_ap 0.6012, minutes 114.49, lr 2.50e-04
    epoch 79: loss 0.6471, val_ap 0.5793, minutes 115.9, lr 2.50e-04
    epoch 80: loss 0.6295, val_ap 0.5784, minutes 117.26, lr 2.50e-04
    epoch 81: loss 0.6462, val_ap 0.5886, minutes 118.63, lr 2.50e-04
    epoch 82: loss 0.6409, val_ap 0.5896, minutes 120.03, lr 2.50e-04
    epoch 83: loss 0.6357, val_ap 0.5895, minutes 121.4, lr 2.50e-04
    epoch 84: loss 0.6456, val_ap 0.5879, minutes 122.76, lr 2.50e-04
    epoch 85: loss 0.6237, val_ap 0.5849, minutes 124.16, lr 2.50e-04
    epoch 86: loss 0.6273, val_ap 0.5899, minutes 125.44, lr 2.50e-04
    epoch 87: loss 0.6205, val_ap 0.5902, minutes 126.7, lr 1.25e-04
    epoch 88: loss 0.6092, val_ap 0.5882, minutes 127.91, lr 1.25e-04
    epoch 89: loss 0.6095, val_ap 0.5829, minutes 129.18, lr 1.25e-04
    epoch 90: loss 0.6135, val_ap 0.5870, minutes 130.43, lr 1.25e-04
    epoch 91: loss 0.6121, val_ap 0.5804, minutes 131.62, lr 1.25e-04
    epoch 92: loss 0.6011, val_ap 0.5813, minutes 132.72, lr 1.25e-04
    epoch 93: loss 0.6016, val_ap 0.5946, minutes 133.71, lr 1.25e-04
    epoch 94: loss 0.6109, val_ap 0.5868, minutes 134.63, lr 1.25e-04
    stopping: no validation gain in 25 epochs
[gps dataset0 fold 4 seed 2] done (135.3 min)
