loaded: dataset0 121,838 sites, data1 90,452
[res_nogate dataset0 fold 2 seed 2]
    kernel decay scale 108.1 nt (fitted to cell line 1 training labels)
    epoch 1: loss 1.9483, val_ap 0.1933, minutes 0.5, lr 3.33e-04
    epoch 2: loss 1.5470, val_ap 0.2966, minutes 0.97, lr 6.63e-04
    epoch 3: loss 1.3559, val_ap 0.4117, minutes 1.51, lr 9.89e-04
    epoch 4: loss 1.2406, val_ap 0.4976, minutes 1.98, lr 1.00e-03
    epoch 5: loss 1.1534, val_ap 0.5153, minutes 2.49, lr 1.00e-03
    epoch 6: loss 1.1265, val_ap 0.5279, minutes 3.05, lr 1.00e-03
    epoch 7: loss 1.1116, val_ap 0.5358, minutes 3.52, lr 1.00e-03
    epoch 8: loss 1.0569, val_ap 0.5592, minutes 4.03, lr 1.00e-03
    epoch 9: loss 1.0600, val_ap 0.5709, minutes 4.55, lr 1.00e-03
    epoch 10: loss 1.0282, val_ap 0.5672, minutes 5.07, lr 1.00e-03
    epoch 11: loss 0.9933, val_ap 0.5784, minutes 5.58, lr 1.00e-03
    epoch 12: loss 1.0131, val_ap 0.5775, minutes 6.14, lr 1.00e-03
    epoch 13: loss 0.9830, val_ap 0.5844, minutes 6.64, lr 1.00e-03
    epoch 14: loss 0.9629, val_ap 0.5812, minutes 7.16, lr 1.00e-03
    epoch 15: loss 0.9692, val_ap 0.5862, minutes 7.68, lr 1.00e-03
    epoch 16: loss 0.9536, val_ap 0.5874, minutes 8.18, lr 1.00e-03
    epoch 17: loss 0.9443, val_ap 0.5905, minutes 8.67, lr 1.00e-03
    epoch 18: loss 0.9590, val_ap 0.5901, minutes 9.18, lr 1.00e-03
    epoch 19: loss 0.9471, val_ap 0.5934, minutes 9.68, lr 1.00e-03
    epoch 20: loss 0.9529, val_ap 0.5978, minutes 10.19, lr 1.00e-03
    epoch 21: loss 0.9422, val_ap 0.5994, minutes 10.68, lr 1.00e-03
    epoch 22: loss 0.9424, val_ap 0.5981, minutes 11.2, lr 1.00e-03
    epoch 23: loss 0.9311, val_ap 0.5922, minutes 11.71, lr 1.00e-03
    epoch 24: loss 0.9093, val_ap 0.5983, minutes 12.2, lr 1.00e-03
    epoch 25: loss 0.9017, val_ap 0.5982, minutes 12.7, lr 1.00e-03
    epoch 26: loss 0.8993, val_ap 0.6054, minutes 13.19, lr 1.00e-03
    epoch 27: loss 0.8998, val_ap 0.6041, minutes 13.69, lr 1.00e-03
    epoch 28: loss 0.8931, val_ap 0.6035, minutes 14.19, lr 1.00e-03
    epoch 29: loss 0.9046, val_ap 0.5993, minutes 14.7, lr 1.00e-03
    epoch 30: loss 0.8915, val_ap 0.6058, minutes 15.21, lr 1.00e-03
    epoch 31: loss 0.9031, val_ap 0.5957, minutes 15.76, lr 1.00e-03
    epoch 32: loss 0.9187, val_ap 0.6014, minutes 16.25, lr 1.00e-03
    epoch 33: loss 0.9051, val_ap 0.6030, minutes 16.76, lr 1.00e-03
    epoch 34: loss 0.8769, val_ap 0.6017, minutes 17.28, lr 1.00e-03
    epoch 35: loss 0.8929, val_ap 0.6078, minutes 17.78, lr 1.00e-03
    epoch 36: loss 0.8954, val_ap 0.5910, minutes 18.31, lr 1.00e-03
    epoch 37: loss 0.8934, val_ap 0.5958, minutes 18.83, lr 1.00e-03
    epoch 38: loss 0.8853, val_ap 0.6097, minutes 19.35, lr 1.00e-03
    epoch 39: loss 0.8718, val_ap 0.6102, minutes 19.87, lr 1.00e-03
    epoch 40: loss 0.8848, val_ap 0.6052, minutes 20.41, lr 1.00e-03
    epoch 41: loss 0.8669, val_ap 0.6040, minutes 20.86, lr 1.00e-03
    epoch 42: loss 0.8696, val_ap 0.6049, minutes 21.36, lr 1.00e-03
    epoch 43: loss 0.8601, val_ap 0.6022, minutes 21.86, lr 1.00e-03
    epoch 44: loss 0.8528, val_ap 0.6160, minutes 22.36, lr 1.00e-03
    epoch 45: loss 0.8562, val_ap 0.5954, minutes 22.84, lr 1.00e-03
    epoch 46: loss 0.8541, val_ap 0.6147, minutes 23.33, lr 1.00e-03
    epoch 47: loss 0.8648, val_ap 0.6151, minutes 23.87, lr 1.00e-03
    epoch 48: loss 0.8370, val_ap 0.6066, minutes 24.36, lr 1.00e-03
    epoch 49: loss 0.8375, val_ap 0.6061, minutes 24.89, lr 1.00e-03
    epoch 50: loss 0.8467, val_ap 0.6084, minutes 25.38, lr 1.00e-03
    epoch 51: loss 0.8224, val_ap 0.6117, minutes 25.87, lr 1.00e-03
    epoch 52: loss 0.8395, val_ap 0.6190, minutes 26.37, lr 1.00e-03
    epoch 53: loss 0.8269, val_ap 0.6232, minutes 26.83, lr 1.00e-03
    epoch 54: loss 0.8336, val_ap 0.6177, minutes 27.36, lr 1.00e-03
    epoch 55: loss 0.8240, val_ap 0.6198, minutes 27.89, lr 1.00e-03
    epoch 56: loss 0.8273, val_ap 0.6223, minutes 28.39, lr 1.00e-03
    epoch 57: loss 0.8219, val_ap 0.6069, minutes 28.89, lr 1.00e-03
    epoch 58: loss 0.8246, val_ap 0.6123, minutes 29.42, lr 1.00e-03
    epoch 59: loss 0.8186, val_ap 0.6288, minutes 29.94, lr 1.00e-03
    epoch 60: loss 0.8296, val_ap 0.6166, minutes 30.43, lr 1.00e-03
    epoch 61: loss 0.8142, val_ap 0.6219, minutes 30.98, lr 1.00e-03
    epoch 62: loss 0.8124, val_ap 0.6206, minutes 31.46, lr 1.00e-03
    epoch 63: loss 0.8021, val_ap 0.6257, minutes 32.0, lr 1.00e-03
    epoch 64: loss 0.8015, val_ap 0.6248, minutes 32.49, lr 1.00e-03
    epoch 65: loss 0.8110, val_ap 0.6197, minutes 33.0, lr 1.00e-03
    epoch 66: loss 0.7833, val_ap 0.6066, minutes 33.52, lr 1.00e-03
    epoch 67: loss 0.8045, val_ap 0.6305, minutes 34.03, lr 1.00e-03
    epoch 68: loss 0.7926, val_ap 0.6221, minutes 34.54, lr 1.00e-03
    epoch 69: loss 0.7829, val_ap 0.6229, minutes 35.03, lr 1.00e-03
    epoch 70: loss 0.7819, val_ap 0.6188, minutes 35.53, lr 1.00e-03
    epoch 71: loss 0.8364, val_ap 0.6188, minutes 36.04, lr 1.00e-03
    epoch 72: loss 0.7967, val_ap 0.6186, minutes 36.52, lr 1.00e-03
    epoch 73: loss 0.7764, val_ap 0.6211, minutes 37.04, lr 1.00e-03
    epoch 74: loss 0.7736, val_ap 0.6309, minutes 37.54, lr 1.00e-03
    epoch 75: loss 0.7790, val_ap 0.6253, minutes 38.04, lr 1.00e-03
    epoch 76: loss 0.7813, val_ap 0.6153, minutes 38.52, lr 1.00e-03
    epoch 77: loss 0.7755, val_ap 0.6266, minutes 39.03, lr 1.00e-03
    epoch 78: loss 0.7795, val_ap 0.6166, minutes 39.52, lr 1.00e-03
    epoch 79: loss 0.7464, val_ap 0.6252, minutes 40.01, lr 1.00e-03
    epoch 80: loss 0.7745, val_ap 0.6147, minutes 40.52, lr 1.00e-03
    epoch 81: loss 0.7776, val_ap 0.6185, minutes 41.03, lr 1.00e-03
    epoch 82: loss 0.7722, val_ap 0.6295, minutes 41.54, lr 1.00e-03
    epoch 83: loss 0.7571, val_ap 0.6270, minutes 42.09, lr 5.00e-04
    epoch 84: loss 0.7346, val_ap 0.6317, minutes 42.6, lr 5.00e-04
    epoch 85: loss 0.7361, val_ap 0.6266, minutes 43.1, lr 5.00e-04
    epoch 86: loss 0.7330, val_ap 0.6288, minutes 43.63, lr 5.00e-04
    epoch 87: loss 0.7432, val_ap 0.6306, minutes 44.13, lr 5.00e-04
    epoch 88: loss 0.7304, val_ap 0.6239, minutes 44.64, lr 5.00e-04
    epoch 89: loss 0.7323, val_ap 0.6359, minutes 45.17, lr 5.00e-04
    epoch 90: loss 0.7337, val_ap 0.6325, minutes 45.7, lr 5.00e-04
    epoch 91: loss 0.7271, val_ap 0.6221, minutes 46.2, lr 5.00e-04
    epoch 92: loss 0.7387, val_ap 0.6264, minutes 46.7, lr 5.00e-04
    epoch 93: loss 0.7274, val_ap 0.6302, minutes 47.21, lr 5.00e-04
    epoch 94: loss 0.7264, val_ap 0.6243, minutes 47.7, lr 5.00e-04
    epoch 95: loss 0.7339, val_ap 0.6306, minutes 48.18, lr 5.00e-04
    epoch 96: loss 0.7317, val_ap 0.6271, minutes 48.71, lr 5.00e-04
    epoch 97: loss 0.7171, val_ap 0.6397, minutes 49.22, lr 5.00e-04
    epoch 98: loss 0.7137, val_ap 0.6324, minutes 49.74, lr 5.00e-04
    epoch 99: loss 0.7256, val_ap 0.6271, minutes 50.25, lr 5.00e-04
    epoch 100: loss 0.7170, val_ap 0.6277, minutes 50.72, lr 5.00e-04
    epoch 101: loss 0.7266, val_ap 0.6368, minutes 51.19, lr 5.00e-04
    epoch 102: loss 0.7246, val_ap 0.6338, minutes 51.68, lr 5.00e-04
    epoch 103: loss 0.7115, val_ap 0.6367, minutes 52.19, lr 5.00e-04
    epoch 104: loss 0.7255, val_ap 0.6315, minutes 52.7, lr 5.00e-04
    epoch 105: loss 0.6982, val_ap 0.6361, minutes 53.21, lr 5.00e-04
    epoch 106: loss 0.7023, val_ap 0.6238, minutes 53.75, lr 2.50e-04
    epoch 107: loss 0.6971, val_ap 0.6337, minutes 54.23, lr 2.50e-04
    epoch 108: loss 0.6804, val_ap 0.6288, minutes 54.75, lr 2.50e-04
    epoch 109: loss 0.6875, val_ap 0.6277, minutes 55.25, lr 2.50e-04
    epoch 110: loss 0.6895, val_ap 0.6308, minutes 55.73, lr 2.50e-04
    epoch 111: loss 0.6973, val_ap 0.6272, minutes 56.18, lr 2.50e-04
    epoch 112: loss 0.7028, val_ap 0.6327, minutes 56.67, lr 2.50e-04
    epoch 113: loss 0.6981, val_ap 0.6372, minutes 57.17, lr 2.50e-04
    epoch 114: loss 0.6785, val_ap 0.6296, minutes 57.66, lr 2.50e-04
    epoch 115: loss 0.6872, val_ap 0.6321, minutes 58.18, lr 1.25e-04
    epoch 116: loss 0.6814, val_ap 0.6337, minutes 58.69, lr 1.25e-04
    epoch 117: loss 0.6700, val_ap 0.6308, minutes 59.16, lr 1.25e-04
    epoch 118: loss 0.6764, val_ap 0.6330, minutes 59.7, lr 1.25e-04
    epoch 119: loss 0.6615, val_ap 0.6266, minutes 60.18, lr 1.25e-04
    epoch 120: loss 0.6727, val_ap 0.6312, minutes 60.69, lr 1.25e-04
    epoch 121: loss 0.6831, val_ap 0.6358, minutes 61.15, lr 1.25e-04
    epoch 122: loss 0.6654, val_ap 0.6347, minutes 61.65, lr 1.25e-04
    stopping: no validation gain in 25 epochs
[res_nogate dataset0 fold 2 seed 2] done (62.4 min)
