loaded: dataset0 121,838 sites, data1 90,452
[res_nogate dataset0 fold 1]
    kernel decay scale 114.6 nt (fitted to cell line 1 training labels)
    epoch 1: loss 1.9583, val_ap 0.1797, minutes 0.54, lr 3.33e-04
    epoch 2: loss 1.5564, val_ap 0.2828, minutes 1.06, lr 6.63e-04
    epoch 3: loss 1.3104, val_ap 0.4394, minutes 1.64, lr 9.92e-04
    epoch 4: loss 1.1880, val_ap 0.4931, minutes 2.17, lr 1.00e-03
    epoch 5: loss 1.1397, val_ap 0.5111, minutes 2.76, lr 1.00e-03
    epoch 6: loss 1.0640, val_ap 0.5193, minutes 3.37, lr 1.00e-03
    epoch 7: loss 1.0508, val_ap 0.5273, minutes 3.91, lr 1.00e-03
    epoch 8: loss 1.0433, val_ap 0.5195, minutes 4.45, lr 1.00e-03
    epoch 9: loss 1.0385, val_ap 0.5289, minutes 4.98, lr 1.00e-03
    epoch 10: loss 1.0054, val_ap 0.5339, minutes 5.55, lr 1.00e-03
    epoch 11: loss 0.9870, val_ap 0.5555, minutes 6.06, lr 1.00e-03
    epoch 12: loss 0.9687, val_ap 0.5488, minutes 6.61, lr 1.00e-03
    epoch 13: loss 0.9776, val_ap 0.5550, minutes 7.13, lr 1.00e-03
    epoch 14: loss 0.9820, val_ap 0.5403, minutes 7.67, lr 1.00e-03
    epoch 15: loss 0.9696, val_ap 0.5472, minutes 8.25, lr 1.00e-03
    epoch 16: loss 0.9525, val_ap 0.5574, minutes 8.79, lr 1.00e-03
    epoch 17: loss 0.9357, val_ap 0.5708, minutes 9.31, lr 1.00e-03
    epoch 18: loss 0.9341, val_ap 0.5682, minutes 9.85, lr 1.00e-03
    epoch 19: loss 0.9401, val_ap 0.5759, minutes 10.4, lr 1.00e-03
    epoch 20: loss 0.9204, val_ap 0.5762, minutes 10.92, lr 1.00e-03
    epoch 21: loss 0.9211, val_ap 0.5732, minutes 11.45, lr 1.00e-03
    epoch 22: loss 0.9158, val_ap 0.5728, minutes 12.01, lr 1.00e-03
    epoch 23: loss 0.9277, val_ap 0.5759, minutes 12.57, lr 1.00e-03
    epoch 24: loss 0.9132, val_ap 0.5774, minutes 13.1, lr 1.00e-03
    epoch 25: loss 0.9080, val_ap 0.5762, minutes 13.64, lr 1.00e-03
    epoch 26: loss 0.9034, val_ap 0.5838, minutes 14.18, lr 1.00e-03
    epoch 27: loss 0.9045, val_ap 0.5803, minutes 14.76, lr 1.00e-03
    epoch 28: loss 0.8934, val_ap 0.5806, minutes 15.28, lr 1.00e-03
    epoch 29: loss 0.8912, val_ap 0.5897, minutes 15.84, lr 1.00e-03
    epoch 30: loss 0.8906, val_ap 0.5846, minutes 16.41, lr 1.00e-03
    epoch 31: loss 0.8951, val_ap 0.5877, minutes 16.96, lr 1.00e-03
    epoch 32: loss 0.9042, val_ap 0.5890, minutes 17.45, lr 1.00e-03
    epoch 33: loss 0.8935, val_ap 0.5892, minutes 17.98, lr 1.00e-03
    epoch 34: loss 0.8767, val_ap 0.5801, minutes 18.54, lr 1.00e-03
    epoch 35: loss 0.8659, val_ap 0.5877, minutes 19.08, lr 1.00e-03
    epoch 36: loss 0.8646, val_ap 0.5950, minutes 19.59, lr 1.00e-03
    epoch 37: loss 0.8833, val_ap 0.5838, minutes 20.12, lr 1.00e-03
    epoch 38: loss 0.8703, val_ap 0.5849, minutes 20.63, lr 1.00e-03
    epoch 39: loss 0.8648, val_ap 0.5914, minutes 21.19, lr 1.00e-03
    epoch 40: loss 0.8462, val_ap 0.5902, minutes 21.71, lr 1.00e-03
    epoch 41: loss 0.8620, val_ap 0.5957, minutes 22.21, lr 1.00e-03
    epoch 42: loss 0.8816, val_ap 0.5877, minutes 22.8, lr 1.00e-03
    epoch 43: loss 0.8667, val_ap 0.5967, minutes 23.34, lr 1.00e-03
    epoch 44: loss 0.8699, val_ap 0.5971, minutes 23.9, lr 1.00e-03
    epoch 45: loss 0.8486, val_ap 0.6014, minutes 24.43, lr 1.00e-03
    epoch 46: loss 0.8283, val_ap 0.6004, minutes 25.0, lr 1.00e-03
    epoch 47: loss 0.8252, val_ap 0.5979, minutes 25.56, lr 1.00e-03
    epoch 48: loss 0.8358, val_ap 0.6008, minutes 26.09, lr 1.00e-03
    epoch 49: loss 0.8367, val_ap 0.6055, minutes 26.61, lr 1.00e-03
    epoch 50: loss 0.8416, val_ap 0.6059, minutes 27.19, lr 1.00e-03
    epoch 51: loss 0.8171, val_ap 0.5916, minutes 27.71, lr 1.00e-03
    epoch 52: loss 0.8247, val_ap 0.6126, minutes 28.22, lr 1.00e-03
    epoch 53: loss 0.8320, val_ap 0.6044, minutes 28.76, lr 1.00e-03
    epoch 54: loss 0.8172, val_ap 0.6060, minutes 29.28, lr 1.00e-03
    epoch 55: loss 0.8083, val_ap 0.6000, minutes 29.82, lr 1.00e-03
    epoch 56: loss 0.8243, val_ap 0.5969, minutes 30.34, lr 1.00e-03
    epoch 57: loss 0.8027, val_ap 0.6042, minutes 30.88, lr 1.00e-03
    epoch 58: loss 0.8047, val_ap 0.5965, minutes 31.42, lr 1.00e-03
    epoch 59: loss 0.8099, val_ap 0.5942, minutes 31.94, lr 1.00e-03
    epoch 60: loss 0.7937, val_ap 0.6002, minutes 32.47, lr 1.00e-03
    epoch 61: loss 0.7936, val_ap 0.5973, minutes 33.0, lr 5.00e-04
    epoch 62: loss 0.7950, val_ap 0.6012, minutes 33.53, lr 5.00e-04
    epoch 63: loss 0.7702, val_ap 0.5993, minutes 34.06, lr 5.00e-04
    epoch 64: loss 0.7653, val_ap 0.5968, minutes 34.59, lr 5.00e-04
    epoch 65: loss 0.7886, val_ap 0.6037, minutes 35.12, lr 5.00e-04
    epoch 66: loss 0.7696, val_ap 0.6035, minutes 35.65, lr 5.00e-04
    epoch 67: loss 0.7670, val_ap 0.6022, minutes 36.19, lr 5.00e-04
    epoch 68: loss 0.7750, val_ap 0.6020, minutes 36.73, lr 5.00e-04
    epoch 69: loss 0.7725, val_ap 0.5948, minutes 37.24, lr 5.00e-04
    epoch 70: loss 0.7629, val_ap 0.6014, minutes 37.79, lr 2.50e-04
    epoch 71: loss 0.7698, val_ap 0.6022, minutes 38.3, lr 2.50e-04
    epoch 72: loss 0.7586, val_ap 0.6008, minutes 38.84, lr 2.50e-04
    epoch 73: loss 0.7628, val_ap 0.6042, minutes 39.37, lr 2.50e-04
    epoch 74: loss 0.7562, val_ap 0.6059, minutes 39.87, lr 2.50e-04
    epoch 75: loss 0.7624, val_ap 0.6035, minutes 40.4, lr 2.50e-04
    epoch 76: loss 0.7583, val_ap 0.6054, minutes 40.92, lr 2.50e-04
    epoch 77: loss 0.7477, val_ap 0.6043, minutes 41.43, lr 2.50e-04
    stopping: no validation gain in 25 epochs
[res_nogate dataset0 fold 1] done (42.3 min)
