loaded: dataset0 121,838 sites, data1 90,452
[h2gcn_aux_r400 dataset0 fold 4 seed 2]
    epoch 1: loss 1.9656, val_ap 0.1532, minutes 0.44, lr 3.33e-04
    epoch 2: loss 1.6169, val_ap 0.2171, minutes 0.91, lr 6.63e-04
    epoch 3: loss 1.3706, val_ap 0.3867, minutes 1.36, lr 9.92e-04
    epoch 4: loss 1.1931, val_ap 0.4846, minutes 1.81, lr 1.00e-03
    epoch 5: loss 1.1285, val_ap 0.5003, minutes 2.28, lr 1.00e-03
    epoch 6: loss 1.1190, val_ap 0.5173, minutes 2.74, lr 1.00e-03
    epoch 7: loss 1.0529, val_ap 0.5228, minutes 3.2, lr 1.00e-03
    epoch 8: loss 1.0488, val_ap 0.5374, minutes 3.65, lr 1.00e-03
    epoch 9: loss 1.0203, val_ap 0.5389, minutes 4.11, lr 1.00e-03
    epoch 10: loss 0.9828, val_ap 0.5488, minutes 4.56, lr 1.00e-03
    epoch 11: loss 0.9738, val_ap 0.5499, minutes 5.0, lr 1.00e-03
    epoch 12: loss 0.9639, val_ap 0.5599, minutes 5.45, lr 1.00e-03
    epoch 13: loss 0.9493, val_ap 0.5569, minutes 5.87, lr 1.00e-03
    epoch 14: loss 0.9462, val_ap 0.5656, minutes 6.34, lr 1.00e-03
    epoch 15: loss 0.9199, val_ap 0.5651, minutes 6.83, lr 1.00e-03
    epoch 16: loss 0.9245, val_ap 0.5614, minutes 7.3, lr 1.00e-03
    epoch 17: loss 0.9192, val_ap 0.5661, minutes 7.78, lr 1.00e-03
    epoch 18: loss 0.9133, val_ap 0.5721, minutes 8.22, lr 1.00e-03
    epoch 19: loss 0.9181, val_ap 0.5627, minutes 8.7, lr 1.00e-03
    epoch 20: loss 0.9125, val_ap 0.5708, minutes 9.19, lr 1.00e-03
    epoch 21: loss 0.9018, val_ap 0.5688, minutes 9.65, lr 1.00e-03
    epoch 22: loss 0.9170, val_ap 0.5789, minutes 10.13, lr 1.00e-03
    epoch 23: loss 0.8920, val_ap 0.5739, minutes 10.57, lr 1.00e-03
    epoch 24: loss 0.8960, val_ap 0.5831, minutes 11.02, lr 1.00e-03
    epoch 25: loss 0.9015, val_ap 0.5832, minutes 11.48, lr 1.00e-03
    epoch 26: loss 0.8807, val_ap 0.5823, minutes 11.96, lr 1.00e-03
    epoch 27: loss 0.8819, val_ap 0.5866, minutes 12.42, lr 1.00e-03
    epoch 28: loss 0.8810, val_ap 0.5783, minutes 12.88, lr 1.00e-03
    epoch 29: loss 0.8744, val_ap 0.5813, minutes 13.33, lr 1.00e-03
    epoch 30: loss 0.8653, val_ap 0.5865, minutes 13.78, lr 1.00e-03
    epoch 31: loss 0.8553, val_ap 0.5856, minutes 14.25, lr 1.00e-03
    epoch 32: loss 0.8707, val_ap 0.5874, minutes 14.72, lr 1.00e-03
    epoch 33: loss 0.8593, val_ap 0.5810, minutes 15.2, lr 1.00e-03
    epoch 34: loss 0.8500, val_ap 0.5902, minutes 15.67, lr 1.00e-03
    epoch 35: loss 0.8661, val_ap 0.5862, minutes 16.15, lr 1.00e-03
    epoch 36: loss 0.8559, val_ap 0.5869, minutes 16.61, lr 1.00e-03
    epoch 37: loss 0.8501, val_ap 0.5910, minutes 17.11, lr 1.00e-03
    epoch 38: loss 0.8241, val_ap 0.5929, minutes 17.61, lr 1.00e-03
    epoch 39: loss 0.8481, val_ap 0.6009, minutes 18.06, lr 1.00e-03
    epoch 40: loss 0.8430, val_ap 0.5923, minutes 18.52, lr 1.00e-03
    epoch 41: loss 0.8466, val_ap 0.5962, minutes 18.95, lr 1.00e-03
    epoch 42: loss 0.8286, val_ap 0.6005, minutes 19.41, lr 1.00e-03
    epoch 43: loss 0.8272, val_ap 0.5971, minutes 19.89, lr 1.00e-03
    epoch 44: loss 0.8177, val_ap 0.6024, minutes 20.35, lr 1.00e-03
    epoch 45: loss 0.8195, val_ap 0.6076, minutes 20.81, lr 1.00e-03
    epoch 46: loss 0.8164, val_ap 0.5946, minutes 21.26, lr 1.00e-03
    epoch 47: loss 0.8297, val_ap 0.5975, minutes 21.73, lr 1.00e-03
    epoch 48: loss 0.8171, val_ap 0.6025, minutes 22.17, lr 1.00e-03
    epoch 49: loss 0.8057, val_ap 0.5996, minutes 22.64, lr 1.00e-03
    epoch 50: loss 0.8084, val_ap 0.5994, minutes 23.09, lr 1.00e-03
    epoch 51: loss 0.8110, val_ap 0.5976, minutes 23.53, lr 1.00e-03
    epoch 52: loss 0.8053, val_ap 0.6031, minutes 24.0, lr 1.00e-03
    epoch 53: loss 0.7950, val_ap 0.6014, minutes 24.47, lr 1.00e-03
    epoch 54: loss 0.8178, val_ap 0.6049, minutes 24.93, lr 5.00e-04
    epoch 55: loss 0.7664, val_ap 0.6032, minutes 25.38, lr 5.00e-04
    epoch 56: loss 0.7724, val_ap 0.6065, minutes 25.83, lr 5.00e-04
    epoch 57: loss 0.7700, val_ap 0.6086, minutes 26.31, lr 5.00e-04
    epoch 58: loss 0.7743, val_ap 0.6020, minutes 26.76, lr 5.00e-04
    epoch 59: loss 0.7713, val_ap 0.6039, minutes 27.2, lr 5.00e-04
    epoch 60: loss 0.7661, val_ap 0.6037, minutes 27.63, lr 5.00e-04
    epoch 61: loss 0.7746, val_ap 0.6062, minutes 28.11, lr 5.00e-04
    epoch 62: loss 0.7650, val_ap 0.6134, minutes 28.57, lr 5.00e-04
    epoch 63: loss 0.7632, val_ap 0.6123, minutes 29.0, lr 5.00e-04
    epoch 64: loss 0.7525, val_ap 0.6091, minutes 29.44, lr 5.00e-04
    epoch 65: loss 0.7582, val_ap 0.6083, minutes 29.89, lr 5.00e-04
    epoch 66: loss 0.7527, val_ap 0.6071, minutes 30.34, lr 5.00e-04
    epoch 67: loss 0.7468, val_ap 0.6080, minutes 30.81, lr 5.00e-04
    epoch 68: loss 0.7507, val_ap 0.6082, minutes 31.28, lr 5.00e-04
    epoch 69: loss 0.7532, val_ap 0.6099, minutes 31.73, lr 5.00e-04
    epoch 70: loss 0.7488, val_ap 0.6098, minutes 32.19, lr 5.00e-04
    epoch 71: loss 0.7490, val_ap 0.6091, minutes 32.65, lr 2.50e-04
    epoch 72: loss 0.7275, val_ap 0.6108, minutes 33.11, lr 2.50e-04
    epoch 73: loss 0.7360, val_ap 0.6051, minutes 33.58, lr 2.50e-04
    epoch 74: loss 0.7403, val_ap 0.6086, minutes 34.01, lr 2.50e-04
    epoch 75: loss 0.7248, val_ap 0.6089, minutes 34.47, lr 2.50e-04
    epoch 76: loss 0.7224, val_ap 0.6065, minutes 34.93, lr 2.50e-04
    epoch 77: loss 0.7365, val_ap 0.6062, minutes 35.39, lr 2.50e-04
    epoch 78: loss 0.7295, val_ap 0.6086, minutes 35.84, lr 2.50e-04
    epoch 79: loss 0.7236, val_ap 0.6027, minutes 36.26, lr 2.50e-04
    epoch 80: loss 0.7302, val_ap 0.6058, minutes 36.72, lr 1.25e-04
    epoch 81: loss 0.7295, val_ap 0.6055, minutes 37.18, lr 1.25e-04
    epoch 82: loss 0.7218, val_ap 0.6066, minutes 37.65, lr 1.25e-04
    epoch 83: loss 0.7211, val_ap 0.6068, minutes 38.09, lr 1.25e-04
    epoch 84: loss 0.7254, val_ap 0.6082, minutes 38.53, lr 1.25e-04
    epoch 85: loss 0.7116, val_ap 0.6055, minutes 38.89, lr 1.25e-04
    epoch 86: loss 0.7076, val_ap 0.6071, minutes 39.31, lr 1.25e-04
    epoch 87: loss 0.7150, val_ap 0.6042, minutes 39.73, lr 1.25e-04
    stopping: no validation gain in 25 epochs
[h2gcn_aux_r400 dataset0 fold 4 seed 2] done (40.3 min)
