loaded: dataset0 121,838 sites, data1 90,452
[h2gcn_twohead_aux pooled_both fold 1 seed 2]
    epoch 1: loss 1.9044, val_ap 0.1590, minutes 0.98, lr 3.31e-04
    epoch 2: loss 1.5548, val_ap 0.2750, minutes 1.82, lr 6.60e-04
    epoch 3: loss 1.3557, val_ap 0.4204, minutes 2.65, lr 9.89e-04
    epoch 4: loss 1.2518, val_ap 0.4428, minutes 3.5, lr 1.00e-03
    epoch 5: loss 1.2008, val_ap 0.4579, minutes 4.3, lr 1.00e-03
    epoch 6: loss 1.1675, val_ap 0.4645, minutes 5.14, lr 1.00e-03
    epoch 7: loss 1.1485, val_ap 0.4772, minutes 5.88, lr 1.00e-03
    epoch 8: loss 1.1450, val_ap 0.4766, minutes 6.56, lr 1.00e-03
    epoch 9: loss 1.1234, val_ap 0.4783, minutes 7.37, lr 1.00e-03
    epoch 10: loss 1.1187, val_ap 0.4898, minutes 8.17, lr 1.00e-03
    epoch 11: loss 1.1190, val_ap 0.4847, minutes 8.98, lr 1.00e-03
    epoch 12: loss 1.1036, val_ap 0.4934, minutes 9.85, lr 1.00e-03
    epoch 13: loss 1.1111, val_ap 0.4855, minutes 10.68, lr 1.00e-03
    epoch 14: loss 1.1070, val_ap 0.4924, minutes 11.49, lr 1.00e-03
    epoch 15: loss 1.0946, val_ap 0.4889, minutes 12.3, lr 1.00e-03
    epoch 16: loss 1.0815, val_ap 0.4959, minutes 13.11, lr 1.00e-03
    epoch 17: loss 1.0887, val_ap 0.4963, minutes 13.91, lr 1.00e-03
    epoch 18: loss 1.0719, val_ap 0.5012, minutes 14.72, lr 1.00e-03
    epoch 19: loss 1.0670, val_ap 0.5001, minutes 15.52, lr 1.00e-03
    epoch 20: loss 1.0646, val_ap 0.5020, minutes 16.3, lr 1.00e-03
    epoch 21: loss 1.0664, val_ap 0.5023, minutes 17.09, lr 1.00e-03
    epoch 22: loss 1.0581, val_ap 0.5034, minutes 17.91, lr 1.00e-03
    epoch 23: loss 1.0584, val_ap 0.4990, minutes 18.68, lr 1.00e-03
    epoch 24: loss 1.0484, val_ap 0.4985, minutes 19.49, lr 1.00e-03
    epoch 25: loss 1.0467, val_ap 0.4963, minutes 20.29, lr 1.00e-03
    epoch 26: loss 1.0420, val_ap 0.5039, minutes 21.12, lr 1.00e-03
    epoch 27: loss 1.0413, val_ap 0.5031, minutes 21.96, lr 1.00e-03
    epoch 28: loss 1.0329, val_ap 0.5006, minutes 22.8, lr 1.00e-03
    epoch 29: loss 1.0266, val_ap 0.5031, minutes 23.66, lr 1.00e-03
    epoch 30: loss 1.0235, val_ap 0.5058, minutes 24.47, lr 1.00e-03
    epoch 31: loss 1.0309, val_ap 0.5075, minutes 25.33, lr 1.00e-03
    epoch 32: loss 1.0209, val_ap 0.5020, minutes 26.14, lr 1.00e-03
    epoch 33: loss 1.0215, val_ap 0.5043, minutes 26.94, lr 1.00e-03
    epoch 34: loss 1.0094, val_ap 0.5065, minutes 27.75, lr 1.00e-03
    epoch 35: loss 1.0127, val_ap 0.5077, minutes 28.57, lr 1.00e-03
    epoch 36: loss 1.0139, val_ap 0.5011, minutes 29.35, lr 1.00e-03
    epoch 37: loss 1.0064, val_ap 0.4948, minutes 30.1, lr 1.00e-03
    epoch 38: loss 0.9937, val_ap 0.5019, minutes 30.83, lr 1.00e-03
    epoch 39: loss 0.9972, val_ap 0.4932, minutes 31.63, lr 1.00e-03
    epoch 40: loss 1.0022, val_ap 0.5034, minutes 32.44, lr 1.00e-03
    epoch 41: loss 0.9843, val_ap 0.4997, minutes 33.25, lr 1.00e-03
    epoch 42: loss 0.9818, val_ap 0.5005, minutes 34.06, lr 1.00e-03
    epoch 43: loss 0.9768, val_ap 0.5046, minutes 34.84, lr 1.00e-03
    epoch 44: loss 0.9758, val_ap 0.4993, minutes 35.59, lr 5.00e-04
    epoch 45: loss 0.9574, val_ap 0.5028, minutes 36.33, lr 5.00e-04
    epoch 46: loss 0.9494, val_ap 0.4982, minutes 37.09, lr 5.00e-04
    epoch 47: loss 0.9473, val_ap 0.5021, minutes 37.85, lr 5.00e-04
    epoch 48: loss 0.9477, val_ap 0.5041, minutes 38.64, lr 5.00e-04
    epoch 49: loss 0.9519, val_ap 0.5088, minutes 39.46, lr 5.00e-04
    epoch 50: loss 0.9390, val_ap 0.5038, minutes 40.28, lr 5.00e-04
    epoch 51: loss 0.9331, val_ap 0.5062, minutes 41.08, lr 5.00e-04
    epoch 52: loss 0.9418, val_ap 0.4977, minutes 41.88, lr 5.00e-04
    epoch 53: loss 0.9324, val_ap 0.5077, minutes 42.62, lr 5.00e-04
    epoch 54: loss 0.9309, val_ap 0.5049, minutes 43.39, lr 5.00e-04
    epoch 55: loss 0.9266, val_ap 0.5094, minutes 44.18, lr 5.00e-04
    epoch 56: loss 0.9254, val_ap 0.5054, minutes 44.99, lr 5.00e-04
    epoch 57: loss 0.9173, val_ap 0.5020, minutes 45.77, lr 5.00e-04
    epoch 58: loss 0.9211, val_ap 0.5030, minutes 46.54, lr 5.00e-04
    epoch 59: loss 0.9276, val_ap 0.5032, minutes 47.29, lr 5.00e-04
    epoch 60: loss 0.9098, val_ap 0.4960, minutes 48.07, lr 5.00e-04
    epoch 61: loss 0.9175, val_ap 0.5046, minutes 48.81, lr 5.00e-04
    epoch 62: loss 0.9006, val_ap 0.4952, minutes 49.54, lr 5.00e-04
    epoch 63: loss 0.9105, val_ap 0.5071, minutes 50.3, lr 5.00e-04
    epoch 64: loss 0.9046, val_ap 0.5077, minutes 51.12, lr 2.50e-04
    epoch 65: loss 0.8895, val_ap 0.4933, minutes 51.88, lr 2.50e-04
    epoch 66: loss 0.8878, val_ap 0.4995, minutes 52.62, lr 2.50e-04
    epoch 67: loss 0.8885, val_ap 0.4921, minutes 53.35, lr 2.50e-04
    epoch 68: loss 0.8823, val_ap 0.4943, minutes 54.09, lr 2.50e-04
    epoch 69: loss 0.8909, val_ap 0.5001, minutes 54.83, lr 2.50e-04
    epoch 70: loss 0.8774, val_ap 0.5004, minutes 55.65, lr 2.50e-04
    epoch 71: loss 0.8804, val_ap 0.4848, minutes 56.45, lr 2.50e-04
    epoch 72: loss 0.8762, val_ap 0.4942, minutes 57.24, lr 2.50e-04
    epoch 73: loss 0.8745, val_ap 0.4954, minutes 58.0, lr 1.25e-04
    epoch 74: loss 0.8731, val_ap 0.4936, minutes 58.77, lr 1.25e-04
    epoch 75: loss 0.8693, val_ap 0.4899, minutes 59.54, lr 1.25e-04
    epoch 76: loss 0.8674, val_ap 0.4852, minutes 60.32, lr 1.25e-04
    epoch 77: loss 0.8705, val_ap 0.4923, minutes 61.05, lr 1.25e-04
    epoch 78: loss 0.8669, val_ap 0.4897, minutes 61.88, lr 1.25e-04
    epoch 79: loss 0.8625, val_ap 0.4936, minutes 62.67, lr 1.25e-04
    epoch 80: loss 0.8582, val_ap 0.4933, minutes 63.43, lr 1.25e-04
    stopping: no validation gain in 25 epochs
[h2gcn_twohead_aux pooled_both fold 1 seed 2] done (64.3 min)
