loaded: dataset0 121,838 sites, data1 90,452
[deepset_hand dataset0 fold 0]
    epoch 1: loss 1.1155770996160674, minutes 0.17, val_ap 0.3729021919586705, lr 0.00033430799220272904
    epoch 2: loss 0.7423077160329149, minutes 0.34, val_ap 0.44484370327551337, lr 0.0006676413255360624
    epoch 3: loss 0.6867089864106206, minutes 0.52, val_ap 0.4550850702709532, lr 0.001
    epoch 4: loss 0.6581081870877952, minutes 0.7, val_ap 0.46537746279212044, lr 0.001
    epoch 5: loss 0.6404015959529151, minutes 0.86, val_ap 0.4682848539935122, lr 0.001
    epoch 6: loss 0.6250457921397616, minutes 1.03, val_ap 0.47992504653133017, lr 0.001
    epoch 7: loss 0.6042573677691799, minutes 1.22, val_ap 0.4851753043352288, lr 0.001
    epoch 8: loss 0.6021953675656291, minutes 1.41, val_ap 0.491410794019736, lr 0.001
    epoch 9: loss 0.5859350198716448, minutes 1.6, val_ap 0.4921299577981244, lr 0.001
    epoch 10: loss 0.5765250038508086, minutes 1.78, val_ap 0.4991910337272678, lr 0.001
    epoch 11: loss 0.5675975828491456, minutes 1.95, val_ap 0.4787025398650497, lr 0.001
    epoch 12: loss 0.5585674436120261, minutes 2.13, val_ap 0.4808549037588323, lr 0.001
    epoch 13: loss 0.5496821682355557, minutes 2.32, val_ap 0.4849672435921857, lr 0.001
    epoch 14: loss 0.5394600540050987, minutes 2.5, val_ap 0.47895128384862906, lr 0.001
    epoch 15: loss 0.53393101779341, minutes 2.68, val_ap 0.49094980858248977, lr 0.001
    epoch 16: loss 0.5165709321174705, minutes 2.87, val_ap 0.48814128061709106, lr 0.001
    epoch 17: loss 0.5169695024514755, minutes 3.06, val_ap 0.48965188424480455, lr 0.001
    epoch 18: loss 0.5016402433577337, minutes 3.25, val_ap 0.49780158411435266, lr 0.001
    epoch 19: loss 0.4894125360058762, minutes 3.43, val_ap 0.48397992977263304, lr 0.0005
    epoch 20: loss 0.4538338530743331, minutes 3.62, val_ap 0.49629476539381634, lr 0.0005
    epoch 21: loss 0.44215410076386746, minutes 3.79, val_ap 0.5010500350010767, lr 0.0005
    epoch 22: loss 0.4360873280038611, minutes 3.97, val_ap 0.49596695750467773, lr 0.0005
    epoch 23: loss 0.42203538538071145, minutes 4.13, val_ap 0.4928086351078443, lr 0.0005
    epoch 24: loss 0.4166818894228043, minutes 4.32, val_ap 0.4940771511198566, lr 0.0005
    epoch 25: loss 0.4071269059738918, minutes 4.5, val_ap 0.4916247909882862, lr 0.0005
    epoch 26: loss 0.4004111665992709, minutes 4.67, val_ap 0.4899966894080487, lr 0.0005
    epoch 27: loss 0.39645767203199933, minutes 4.85, val_ap 0.48883373245867523, lr 0.0005
    epoch 28: loss 0.3865483546989006, minutes 5.01, val_ap 0.48425588174251033, lr 0.0005
    epoch 29: loss 0.38152705760378586, minutes 5.2, val_ap 0.4909200724153809, lr 0.0005
    epoch 30: loss 0.3745927057768169, minutes 5.39, val_ap 0.48261747550751516, lr 0.00025
    epoch 31: loss 0.3438996735807748, minutes 5.56, val_ap 0.49501744528843566, lr 0.00025
    epoch 32: loss 0.3359038275149133, minutes 5.75, val_ap 0.4893512298045311, lr 0.00025
    epoch 33: loss 0.3340797503179277, minutes 5.94, val_ap 0.4871870351145907, lr 0.00025
    epoch 34: loss 0.32610230718614064, minutes 6.12, val_ap 0.4901490549694511, lr 0.00025
    epoch 35: loss 0.32224333116359877, minutes 6.29, val_ap 0.49058675097383514, lr 0.00025
    epoch 36: loss 0.32367911547073847, minutes 6.48, val_ap 0.48631245284727326, lr 0.00025
    epoch 37: loss 0.3131138642716129, minutes 6.66, val_ap 0.48567743762845317, lr 0.00025
    epoch 38: loss 0.31133681396294755, minutes 6.84, val_ap 0.4841688723777063, lr 0.00025
    epoch 39: loss 0.3013561744874681, minutes 7.02, val_ap 0.48793885256184555, lr 0.000125
    epoch 40: loss 0.2915277922014047, minutes 7.18, val_ap 0.48280930710832076, lr 0.000125
    epoch 41: loss 0.28931765009959537, minutes 7.36, val_ap 0.4860009944414228, lr 0.000125
    epoch 42: loss 0.28660874783295637, minutes 7.55, val_ap 0.47767401880259336, lr 0.000125
    epoch 43: loss 0.2792960502512274, minutes 7.74, val_ap 0.48119271506336037, lr 0.000125
    epoch 44: loss 0.2811948074931987, minutes 7.92, val_ap 0.48020037882429867, lr 0.000125
    epoch 45: loss 0.27701572740548536, minutes 8.09, val_ap 0.4782021616990419, lr 0.000125
    stopping: no validation gain in 25 epochs
[deepset_hand dataset0 fold 0] done (8.4 min)
