loaded: dataset0 121,838 sites, data1 90,452
[gps dataset0 fold 1 seed 2]
    epoch 1: loss 1.9680, val_ap 0.1615, minutes 1.39, lr 3.33e-04
    epoch 2: loss 1.5517, val_ap 0.2753, minutes 2.74, lr 6.63e-04
    epoch 3: loss 1.3144, val_ap 0.4327, minutes 4.08, lr 9.92e-04
    epoch 4: loss 1.1471, val_ap 0.4878, minutes 5.46, lr 1.00e-03
    epoch 5: loss 1.0866, val_ap 0.5014, minutes 6.86, lr 1.00e-03
    epoch 6: loss 1.0511, val_ap 0.5065, minutes 8.29, lr 1.00e-03
    epoch 7: loss 1.0563, val_ap 0.5080, minutes 9.61, lr 1.00e-03
    epoch 8: loss 0.9928, val_ap 0.5183, minutes 11.01, lr 1.00e-03
    epoch 9: loss 0.9738, val_ap 0.5162, minutes 12.45, lr 1.00e-03
    epoch 10: loss 0.9828, val_ap 0.5215, minutes 13.82, lr 1.00e-03
    epoch 11: loss 0.9252, val_ap 0.5260, minutes 15.13, lr 1.00e-03
    epoch 12: loss 0.9447, val_ap 0.5396, minutes 16.55, lr 1.00e-03
    epoch 13: loss 0.9414, val_ap 0.5361, minutes 18.02, lr 1.00e-03
    epoch 14: loss 0.9296, val_ap 0.5468, minutes 19.52, lr 1.00e-03
    epoch 15: loss 0.9142, val_ap 0.5315, minutes 20.97, lr 1.00e-03
    epoch 16: loss 0.9069, val_ap 0.5282, minutes 22.39, lr 1.00e-03
    epoch 17: loss 0.8998, val_ap 0.5402, minutes 23.88, lr 1.00e-03
    epoch 18: loss 0.8753, val_ap 0.5448, minutes 25.35, lr 1.00e-03
    epoch 19: loss 0.8791, val_ap 0.5620, minutes 26.81, lr 1.00e-03
    epoch 20: loss 0.8769, val_ap 0.5620, minutes 28.26, lr 1.00e-03
    epoch 21: loss 0.8633, val_ap 0.5585, minutes 29.82, lr 1.00e-03
    epoch 22: loss 0.8580, val_ap 0.5503, minutes 31.28, lr 1.00e-03
    epoch 23: loss 0.8599, val_ap 0.5623, minutes 32.72, lr 1.00e-03
    epoch 24: loss 0.8527, val_ap 0.5687, minutes 34.13, lr 1.00e-03
    epoch 25: loss 0.8627, val_ap 0.5682, minutes 35.6, lr 1.00e-03
    epoch 26: loss 0.8438, val_ap 0.5784, minutes 37.02, lr 1.00e-03
    epoch 27: loss 0.8501, val_ap 0.5790, minutes 38.46, lr 1.00e-03
    epoch 28: loss 0.8328, val_ap 0.5744, minutes 39.88, lr 1.00e-03
    epoch 29: loss 0.8359, val_ap 0.5791, minutes 41.4, lr 1.00e-03
    epoch 30: loss 0.8391, val_ap 0.5695, minutes 42.85, lr 1.00e-03
    epoch 31: loss 0.8290, val_ap 0.5757, minutes 44.28, lr 1.00e-03
    epoch 32: loss 0.8320, val_ap 0.5818, minutes 45.78, lr 1.00e-03
    epoch 33: loss 0.8207, val_ap 0.5829, minutes 47.25, lr 1.00e-03
    epoch 34: loss 0.8037, val_ap 0.5775, minutes 48.73, lr 1.00e-03
    epoch 35: loss 0.8013, val_ap 0.5863, minutes 50.13, lr 1.00e-03
    epoch 36: loss 0.8016, val_ap 0.5865, minutes 51.57, lr 1.00e-03
    epoch 37: loss 0.7955, val_ap 0.5896, minutes 52.97, lr 1.00e-03
    epoch 38: loss 0.7922, val_ap 0.5902, minutes 54.41, lr 1.00e-03
    epoch 39: loss 0.7859, val_ap 0.5817, minutes 55.82, lr 1.00e-03
    epoch 40: loss 0.7913, val_ap 0.5706, minutes 57.23, lr 1.00e-03
    epoch 41: loss 0.7835, val_ap 0.5921, minutes 58.68, lr 1.00e-03
    epoch 42: loss 0.7808, val_ap 0.5895, minutes 60.1, lr 1.00e-03
    epoch 43: loss 0.7723, val_ap 0.5938, minutes 61.49, lr 1.00e-03
    epoch 44: loss 0.7670, val_ap 0.5840, minutes 62.94, lr 1.00e-03
    epoch 45: loss 0.7722, val_ap 0.5999, minutes 64.35, lr 1.00e-03
    epoch 46: loss 0.7667, val_ap 0.5923, minutes 65.84, lr 1.00e-03
    epoch 47: loss 0.7809, val_ap 0.6040, minutes 67.29, lr 1.00e-03
    epoch 48: loss 0.7561, val_ap 0.5910, minutes 68.79, lr 1.00e-03
    epoch 49: loss 0.7652, val_ap 0.5881, minutes 70.29, lr 1.00e-03
    epoch 50: loss 0.7402, val_ap 0.5984, minutes 71.78, lr 1.00e-03
    epoch 51: loss 0.7643, val_ap 0.6009, minutes 73.21, lr 1.00e-03
    epoch 52: loss 0.7520, val_ap 0.5872, minutes 74.66, lr 1.00e-03
    epoch 53: loss 0.7334, val_ap 0.5928, minutes 76.09, lr 1.00e-03
    epoch 54: loss 0.7294, val_ap 0.5846, minutes 77.58, lr 1.00e-03
    epoch 55: loss 0.7539, val_ap 0.5823, minutes 79.05, lr 1.00e-03
    epoch 56: loss 0.7350, val_ap 0.5816, minutes 80.49, lr 5.00e-04
    epoch 57: loss 0.7030, val_ap 0.6034, minutes 81.94, lr 5.00e-04
    epoch 58: loss 0.6935, val_ap 0.5849, minutes 83.34, lr 5.00e-04
    epoch 59: loss 0.6812, val_ap 0.5844, minutes 84.81, lr 5.00e-04
    epoch 60: loss 0.6767, val_ap 0.5957, minutes 86.27, lr 5.00e-04
    epoch 61: loss 0.6833, val_ap 0.5975, minutes 87.73, lr 5.00e-04
    epoch 62: loss 0.6763, val_ap 0.5841, minutes 89.13, lr 5.00e-04
    epoch 63: loss 0.6823, val_ap 0.5918, minutes 90.61, lr 5.00e-04
    epoch 64: loss 0.6644, val_ap 0.6050, minutes 92.01, lr 5.00e-04
    epoch 65: loss 0.6778, val_ap 0.5890, minutes 93.38, lr 5.00e-04
    epoch 66: loss 0.6715, val_ap 0.5999, minutes 94.87, lr 5.00e-04
    epoch 67: loss 0.6558, val_ap 0.5995, minutes 96.28, lr 5.00e-04
    epoch 68: loss 0.6711, val_ap 0.6028, minutes 97.75, lr 5.00e-04
    epoch 69: loss 0.6654, val_ap 0.6009, minutes 99.21, lr 5.00e-04
    epoch 70: loss 0.6621, val_ap 0.5924, minutes 100.7, lr 5.00e-04
    epoch 71: loss 0.6479, val_ap 0.6039, minutes 102.12, lr 5.00e-04
    epoch 72: loss 0.6453, val_ap 0.6021, minutes 103.45, lr 5.00e-04
    epoch 73: loss 0.6509, val_ap 0.6012, minutes 104.87, lr 2.50e-04
    epoch 74: loss 0.6306, val_ap 0.6022, minutes 106.27, lr 2.50e-04
    epoch 75: loss 0.6404, val_ap 0.5968, minutes 107.72, lr 2.50e-04
    epoch 76: loss 0.6266, val_ap 0.5965, minutes 109.15, lr 2.50e-04
    epoch 77: loss 0.6203, val_ap 0.5964, minutes 110.59, lr 2.50e-04
    epoch 78: loss 0.6258, val_ap 0.5954, minutes 111.99, lr 2.50e-04
    epoch 79: loss 0.6332, val_ap 0.5967, minutes 113.42, lr 2.50e-04
    epoch 80: loss 0.6203, val_ap 0.5869, minutes 114.85, lr 2.50e-04
    epoch 81: loss 0.6141, val_ap 0.5915, minutes 116.22, lr 2.50e-04
    epoch 82: loss 0.6073, val_ap 0.5949, minutes 117.63, lr 1.25e-04
    epoch 83: loss 0.6108, val_ap 0.5921, minutes 119.0, lr 1.25e-04
    epoch 84: loss 0.5982, val_ap 0.5873, minutes 120.36, lr 1.25e-04
    epoch 85: loss 0.6093, val_ap 0.5831, minutes 121.77, lr 1.25e-04
    epoch 86: loss 0.5978, val_ap 0.5822, minutes 123.21, lr 1.25e-04
    epoch 87: loss 0.5897, val_ap 0.5811, minutes 124.55, lr 1.25e-04
    epoch 88: loss 0.6062, val_ap 0.5856, minutes 125.85, lr 1.25e-04
    epoch 89: loss 0.5951, val_ap 0.5848, minutes 127.27, lr 1.25e-04
    stopping: no validation gain in 25 epochs
[gps dataset0 fold 1 seed 2] done (128.2 min)
