loaded: dataset0 121,838 sites, data1 90,452
[scalar_drop pooled_both fold 0]
    kernel decay scale 118.2 nt (fitted to cell line 1 training labels)
    epoch 1: loss 1.9219, val_ap 0.1804, minutes 0.54, lr 3.31e-04
    epoch 2: loss 1.5565, val_ap 0.3044, minutes 1.11, lr 6.60e-04
    epoch 3: loss 1.4129, val_ap 0.3888, minutes 1.64, lr 9.89e-04
    epoch 4: loss 1.3289, val_ap 0.4049, minutes 2.19, lr 1.00e-03
    epoch 5: loss 1.3025, val_ap 0.4199, minutes 2.74, lr 1.00e-03
    epoch 6: loss 1.2861, val_ap 0.4266, minutes 3.28, lr 1.00e-03
    epoch 7: loss 1.2688, val_ap 0.4358, minutes 3.84, lr 1.00e-03
    epoch 8: loss 1.2665, val_ap 0.4376, minutes 4.4, lr 1.00e-03
    epoch 9: loss 1.2647, val_ap 0.4353, minutes 4.94, lr 1.00e-03
    epoch 10: loss 1.2622, val_ap 0.4463, minutes 5.48, lr 1.00e-03
    epoch 11: loss 1.2496, val_ap 0.4522, minutes 6.05, lr 1.00e-03
    epoch 12: loss 1.2441, val_ap 0.4504, minutes 6.62, lr 1.00e-03
    epoch 13: loss 1.2396, val_ap 0.4522, minutes 7.14, lr 1.00e-03
    epoch 14: loss 1.2351, val_ap 0.4557, minutes 7.71, lr 1.00e-03
    epoch 15: loss 1.2287, val_ap 0.4537, minutes 8.22, lr 1.00e-03
    epoch 16: loss 1.2333, val_ap 0.4606, minutes 8.74, lr 1.00e-03
    epoch 17: loss 1.2197, val_ap 0.4614, minutes 9.28, lr 1.00e-03
    epoch 18: loss 1.2178, val_ap 0.4615, minutes 9.83, lr 1.00e-03
    epoch 19: loss 1.2173, val_ap 0.4665, minutes 10.36, lr 1.00e-03
    epoch 20: loss 1.2177, val_ap 0.4702, minutes 10.88, lr 1.00e-03
    epoch 21: loss 1.1999, val_ap 0.4662, minutes 11.41, lr 1.00e-03
    epoch 22: loss 1.2050, val_ap 0.4719, minutes 11.91, lr 1.00e-03
    epoch 23: loss 1.2087, val_ap 0.4697, minutes 12.42, lr 1.00e-03
    epoch 24: loss 1.2056, val_ap 0.4740, minutes 12.95, lr 1.00e-03
    epoch 25: loss 1.1968, val_ap 0.4766, minutes 13.47, lr 1.00e-03
    epoch 26: loss 1.1888, val_ap 0.4692, minutes 13.99, lr 1.00e-03
    epoch 27: loss 1.1850, val_ap 0.4758, minutes 14.53, lr 1.00e-03
    epoch 28: loss 1.1810, val_ap 0.4691, minutes 15.02, lr 1.00e-03
    epoch 29: loss 1.1859, val_ap 0.4803, minutes 15.51, lr 1.00e-03
    epoch 30: loss 1.1783, val_ap 0.4754, minutes 16.01, lr 1.00e-03
    epoch 31: loss 1.1903, val_ap 0.4707, minutes 16.55, lr 1.00e-03
    epoch 32: loss 1.1807, val_ap 0.4794, minutes 17.07, lr 1.00e-03
    epoch 33: loss 1.1829, val_ap 0.4811, minutes 17.62, lr 1.00e-03
    epoch 34: loss 1.1765, val_ap 0.4805, minutes 18.16, lr 1.00e-03
    epoch 35: loss 1.1646, val_ap 0.4807, minutes 18.67, lr 1.00e-03
    epoch 36: loss 1.1694, val_ap 0.4677, minutes 19.22, lr 1.00e-03
    epoch 37: loss 1.1561, val_ap 0.4772, minutes 19.76, lr 1.00e-03
    epoch 38: loss 1.1671, val_ap 0.4799, minutes 20.33, lr 1.00e-03
    epoch 39: loss 1.1667, val_ap 0.4765, minutes 20.85, lr 1.00e-03
    epoch 40: loss 1.1442, val_ap 0.4811, minutes 21.38, lr 1.00e-03
    epoch 41: loss 1.1545, val_ap 0.4768, minutes 21.88, lr 1.00e-03
    epoch 42: loss 1.1445, val_ap 0.4766, minutes 22.41, lr 5.00e-04
    epoch 43: loss 1.1398, val_ap 0.4798, minutes 22.94, lr 5.00e-04
    epoch 44: loss 1.1369, val_ap 0.4784, minutes 23.45, lr 5.00e-04
    epoch 45: loss 1.1333, val_ap 0.4736, minutes 24.0, lr 5.00e-04
    epoch 46: loss 1.1302, val_ap 0.4769, minutes 24.51, lr 5.00e-04
    epoch 47: loss 1.1296, val_ap 0.4815, minutes 25.0, lr 5.00e-04
    epoch 48: loss 1.1201, val_ap 0.4744, minutes 25.51, lr 5.00e-04
    epoch 49: loss 1.1258, val_ap 0.4795, minutes 26.03, lr 5.00e-04
    epoch 50: loss 1.1277, val_ap 0.4761, minutes 26.51, lr 5.00e-04
    epoch 51: loss 1.1189, val_ap 0.4805, minutes 26.99, lr 5.00e-04
    epoch 52: loss 1.1174, val_ap 0.4787, minutes 27.47, lr 5.00e-04
    epoch 53: loss 1.1215, val_ap 0.4693, minutes 27.99, lr 5.00e-04
    epoch 54: loss 1.1188, val_ap 0.4720, minutes 28.47, lr 5.00e-04
    epoch 55: loss 1.1153, val_ap 0.4776, minutes 28.98, lr 5.00e-04
    epoch 56: loss 1.1173, val_ap 0.4749, minutes 29.52, lr 2.50e-04
    epoch 57: loss 1.1039, val_ap 0.4756, minutes 29.97, lr 2.50e-04
    epoch 58: loss 1.1093, val_ap 0.4771, minutes 30.44, lr 2.50e-04
    epoch 59: loss 1.1014, val_ap 0.4752, minutes 30.9, lr 2.50e-04
    epoch 60: loss 1.1015, val_ap 0.4738, minutes 31.33, lr 2.50e-04
    epoch 61: loss 1.1017, val_ap 0.4740, minutes 31.76, lr 2.50e-04
    epoch 62: loss 1.1039, val_ap 0.4733, minutes 32.24, lr 2.50e-04
    epoch 63: loss 1.0963, val_ap 0.4685, minutes 32.7, lr 2.50e-04
    epoch 64: loss 1.0993, val_ap 0.4745, minutes 33.17, lr 2.50e-04
    epoch 65: loss 1.1001, val_ap 0.4768, minutes 33.61, lr 1.25e-04
    epoch 66: loss 1.0957, val_ap 0.4728, minutes 34.07, lr 1.25e-04
    epoch 67: loss 1.0955, val_ap 0.4705, minutes 34.5, lr 1.25e-04
    epoch 68: loss 1.0898, val_ap 0.4753, minutes 34.93, lr 1.25e-04
    epoch 69: loss 1.0908, val_ap 0.4744, minutes 35.37, lr 1.25e-04
    epoch 70: loss 1.0961, val_ap 0.4723, minutes 35.77, lr 1.25e-04
    epoch 71: loss 1.0969, val_ap 0.4722, minutes 36.14, lr 1.25e-04
    epoch 72: loss 1.0895, val_ap 0.4722, minutes 36.51, lr 1.25e-04
    stopping: no validation gain in 25 epochs
[scalar_drop pooled_both fold 0] done (36.9 min)
