loaded: dataset0 121,838 sites, data1 90,452
[h2gcn_aux_r200 pooled_both fold 2]
    epoch 1: loss 1.8934, val_ap 0.1832, minutes 0.86, lr 3.31e-04
    epoch 2: loss 1.5267, val_ap 0.3508, minutes 1.67, lr 6.58e-04
    epoch 3: loss 1.3407, val_ap 0.4534, minutes 2.51, lr 9.85e-04
    epoch 4: loss 1.2673, val_ap 0.4751, minutes 3.3, lr 1.00e-03
    epoch 5: loss 1.2330, val_ap 0.4735, minutes 4.12, lr 1.00e-03
    epoch 6: loss 1.2191, val_ap 0.4768, minutes 4.87, lr 1.00e-03
    epoch 7: loss 1.2115, val_ap 0.4724, minutes 5.52, lr 1.00e-03
    epoch 8: loss 1.2038, val_ap 0.4797, minutes 6.25, lr 1.00e-03
    epoch 9: loss 1.1813, val_ap 0.4858, minutes 6.96, lr 1.00e-03
    epoch 10: loss 1.1741, val_ap 0.4863, minutes 7.65, lr 1.00e-03
    epoch 11: loss 1.1829, val_ap 0.4906, minutes 8.3, lr 1.00e-03
    epoch 12: loss 1.1572, val_ap 0.4905, minutes 9.0, lr 1.00e-03
    epoch 13: loss 1.1582, val_ap 0.4954, minutes 10.03, lr 1.00e-03
    epoch 14: loss 1.1623, val_ap 0.4918, minutes 11.56, lr 1.00e-03
    epoch 15: loss 1.1601, val_ap 0.4998, minutes 13.1, lr 1.00e-03
    epoch 16: loss 1.1458, val_ap 0.5009, minutes 14.61, lr 1.00e-03
    epoch 17: loss 1.1416, val_ap 0.5032, minutes 16.14, lr 1.00e-03
    epoch 18: loss 1.1345, val_ap 0.4998, minutes 17.67, lr 1.00e-03
    epoch 19: loss 1.1338, val_ap 0.5045, minutes 19.18, lr 1.00e-03
    epoch 20: loss 1.1281, val_ap 0.5008, minutes 20.73, lr 1.00e-03
    epoch 21: loss 1.1261, val_ap 0.5078, minutes 22.26, lr 1.00e-03
    epoch 22: loss 1.1151, val_ap 0.5095, minutes 23.73, lr 1.00e-03
    epoch 23: loss 1.1096, val_ap 0.5044, minutes 25.24, lr 1.00e-03
    epoch 24: loss 1.1151, val_ap 0.5124, minutes 26.81, lr 1.00e-03
    epoch 25: loss 1.1069, val_ap 0.5132, minutes 28.24, lr 1.00e-03
    epoch 26: loss 1.1120, val_ap 0.5079, minutes 29.78, lr 1.00e-03
    epoch 27: loss 1.1057, val_ap 0.5125, minutes 31.2, lr 1.00e-03
    epoch 28: loss 1.0937, val_ap 0.5046, minutes 32.72, lr 1.00e-03
    epoch 29: loss 1.0969, val_ap 0.5142, minutes 34.22, lr 1.00e-03
    epoch 30: loss 1.0950, val_ap 0.5147, minutes 35.68, lr 1.00e-03
    epoch 31: loss 1.0912, val_ap 0.5125, minutes 37.15, lr 1.00e-03
    epoch 32: loss 1.0875, val_ap 0.5072, minutes 38.66, lr 1.00e-03
    epoch 33: loss 1.0824, val_ap 0.5112, minutes 40.19, lr 1.00e-03
    epoch 34: loss 1.0748, val_ap 0.5154, minutes 41.67, lr 1.00e-03
    epoch 35: loss 1.0840, val_ap 0.4976, minutes 43.16, lr 1.00e-03
    epoch 36: loss 1.0719, val_ap 0.5145, minutes 44.58, lr 1.00e-03
    epoch 37: loss 1.0590, val_ap 0.5065, minutes 46.06, lr 1.00e-03
    epoch 38: loss 1.0622, val_ap 0.5116, minutes 47.54, lr 1.00e-03
    epoch 39: loss 1.0684, val_ap 0.5121, minutes 49.06, lr 1.00e-03
    epoch 40: loss 1.0713, val_ap 0.5128, minutes 50.62, lr 1.00e-03
    epoch 41: loss 1.0532, val_ap 0.5143, minutes 52.13, lr 1.00e-03
    epoch 42: loss 1.0517, val_ap 0.5084, minutes 53.66, lr 1.00e-03
    epoch 43: loss 1.0511, val_ap 0.5111, minutes 55.15, lr 5.00e-04
    epoch 44: loss 1.0385, val_ap 0.5117, minutes 56.64, lr 5.00e-04
    epoch 45: loss 1.0255, val_ap 0.5082, minutes 58.13, lr 5.00e-04
    epoch 46: loss 1.0236, val_ap 0.5110, minutes 59.62, lr 5.00e-04
    epoch 47: loss 1.0246, val_ap 0.5109, minutes 61.13, lr 5.00e-04
    epoch 48: loss 1.0267, val_ap 0.5105, minutes 62.6, lr 5.00e-04
    epoch 49: loss 1.0215, val_ap 0.5129, minutes 64.13, lr 5.00e-04
    epoch 50: loss 1.0167, val_ap 0.5137, minutes 65.69, lr 5.00e-04
    epoch 51: loss 1.0234, val_ap 0.5123, minutes 67.22, lr 5.00e-04
    epoch 52: loss 1.0184, val_ap 0.5114, minutes 68.78, lr 2.50e-04
    epoch 53: loss 0.9988, val_ap 0.5055, minutes 70.2, lr 2.50e-04
    epoch 54: loss 0.9980, val_ap 0.5094, minutes 71.56, lr 2.50e-04
    epoch 55: loss 1.0017, val_ap 0.5089, minutes 72.94, lr 2.50e-04
    epoch 56: loss 0.9936, val_ap 0.5108, minutes 74.19, lr 2.50e-04
    epoch 57: loss 0.9997, val_ap 0.5123, minutes 75.43, lr 2.50e-04
    epoch 58: loss 0.9957, val_ap 0.5094, minutes 76.68, lr 2.50e-04
    epoch 59: loss 0.9901, val_ap 0.5099, minutes 77.95, lr 2.50e-04
    stopping: no validation gain in 25 epochs
[h2gcn_aux_r200 pooled_both fold 2] done (78.7 min)
