loaded: dataset0 121,838 sites, data1 90,452
[res_nogate pooled_both fold 1 seed 1]
    kernel decay scale 114.6 nt (fitted to cell line 1 training labels)
    epoch 1: loss 1.8882, val_ap 0.1746, minutes 0.8, lr 3.31e-04
    epoch 2: loss 1.5541, val_ap 0.3333, minutes 1.56, lr 6.60e-04
    epoch 3: loss 1.3731, val_ap 0.4325, minutes 2.35, lr 9.89e-04
    epoch 4: loss 1.3139, val_ap 0.4501, minutes 3.13, lr 1.00e-03
    epoch 5: loss 1.2745, val_ap 0.4601, minutes 3.92, lr 1.00e-03
    epoch 6: loss 1.2562, val_ap 0.4603, minutes 4.76, lr 1.00e-03
    epoch 7: loss 1.2502, val_ap 0.4589, minutes 5.56, lr 1.00e-03
    epoch 8: loss 1.2426, val_ap 0.4693, minutes 6.37, lr 1.00e-03
    epoch 9: loss 1.2406, val_ap 0.4639, minutes 7.14, lr 1.00e-03
    epoch 10: loss 1.2293, val_ap 0.4752, minutes 7.88, lr 1.00e-03
    epoch 11: loss 1.2207, val_ap 0.4765, minutes 8.62, lr 1.00e-03
    epoch 12: loss 1.2185, val_ap 0.4827, minutes 9.4, lr 1.00e-03
    epoch 13: loss 1.2089, val_ap 0.4836, minutes 10.12, lr 1.00e-03
    epoch 14: loss 1.2186, val_ap 0.4815, minutes 10.88, lr 1.00e-03
    epoch 15: loss 1.2233, val_ap 0.4844, minutes 11.65, lr 1.00e-03
    epoch 16: loss 1.2080, val_ap 0.4848, minutes 12.4, lr 1.00e-03
    epoch 17: loss 1.2092, val_ap 0.4830, minutes 13.19, lr 1.00e-03
    epoch 18: loss 1.1965, val_ap 0.4877, minutes 13.9, lr 1.00e-03
    epoch 19: loss 1.2006, val_ap 0.4878, minutes 14.66, lr 1.00e-03
    epoch 20: loss 1.1980, val_ap 0.4876, minutes 15.39, lr 1.00e-03
    epoch 21: loss 1.1864, val_ap 0.4897, minutes 16.15, lr 1.00e-03
    epoch 22: loss 1.1927, val_ap 0.4907, minutes 16.93, lr 1.00e-03
    epoch 23: loss 1.1822, val_ap 0.4893, minutes 17.71, lr 1.00e-03
    epoch 24: loss 1.1850, val_ap 0.4967, minutes 18.46, lr 1.00e-03
    epoch 25: loss 1.1784, val_ap 0.4910, minutes 19.24, lr 1.00e-03
    epoch 26: loss 1.1720, val_ap 0.4976, minutes 19.97, lr 1.00e-03
    epoch 27: loss 1.1620, val_ap 0.4897, minutes 20.73, lr 1.00e-03
    epoch 28: loss 1.1658, val_ap 0.4939, minutes 21.46, lr 1.00e-03
    epoch 29: loss 1.1646, val_ap 0.4962, minutes 22.21, lr 1.00e-03
    epoch 30: loss 1.1699, val_ap 0.4926, minutes 22.95, lr 1.00e-03
    epoch 31: loss 1.1614, val_ap 0.4980, minutes 23.71, lr 1.00e-03
    epoch 32: loss 1.1571, val_ap 0.4960, minutes 24.5, lr 1.00e-03
    epoch 33: loss 1.1648, val_ap 0.5026, minutes 25.26, lr 1.00e-03
    epoch 34: loss 1.1549, val_ap 0.5000, minutes 25.98, lr 1.00e-03
    epoch 35: loss 1.1509, val_ap 0.4998, minutes 26.75, lr 1.00e-03
    epoch 36: loss 1.1432, val_ap 0.5023, minutes 27.53, lr 1.00e-03
    epoch 37: loss 1.1452, val_ap 0.5028, minutes 28.27, lr 1.00e-03
    epoch 38: loss 1.1412, val_ap 0.5035, minutes 29.03, lr 1.00e-03
    epoch 39: loss 1.1387, val_ap 0.5030, minutes 29.76, lr 1.00e-03
    epoch 40: loss 1.1390, val_ap 0.5029, minutes 30.54, lr 1.00e-03
    epoch 41: loss 1.1432, val_ap 0.4956, minutes 31.3, lr 1.00e-03
    epoch 42: loss 1.1297, val_ap 0.5062, minutes 32.04, lr 1.00e-03
    epoch 43: loss 1.1290, val_ap 0.5041, minutes 32.83, lr 1.00e-03
    epoch 44: loss 1.1308, val_ap 0.5033, minutes 33.56, lr 1.00e-03
    epoch 45: loss 1.1228, val_ap 0.4984, minutes 34.31, lr 1.00e-03
    epoch 46: loss 1.1244, val_ap 0.5005, minutes 35.1, lr 1.00e-03
    epoch 47: loss 1.1183, val_ap 0.5039, minutes 35.86, lr 1.00e-03
    epoch 48: loss 1.1248, val_ap 0.5002, minutes 36.61, lr 1.00e-03
    epoch 49: loss 1.1264, val_ap 0.4971, minutes 37.42, lr 1.00e-03
    epoch 50: loss 1.1150, val_ap 0.5007, minutes 38.12, lr 1.00e-03
    epoch 51: loss 1.1095, val_ap 0.4975, minutes 38.9, lr 5.00e-04
    epoch 52: loss 1.0958, val_ap 0.5022, minutes 39.68, lr 5.00e-04
    epoch 53: loss 1.0845, val_ap 0.4997, minutes 40.41, lr 5.00e-04
    epoch 54: loss 1.0954, val_ap 0.5010, minutes 41.17, lr 5.00e-04
    epoch 55: loss 1.0877, val_ap 0.5043, minutes 41.96, lr 5.00e-04
    epoch 56: loss 1.0869, val_ap 0.5023, minutes 42.71, lr 5.00e-04
    epoch 57: loss 1.0848, val_ap 0.4999, minutes 43.47, lr 5.00e-04
    epoch 58: loss 1.0861, val_ap 0.5053, minutes 44.27, lr 5.00e-04
    epoch 59: loss 1.0864, val_ap 0.5066, minutes 45.02, lr 5.00e-04
    epoch 60: loss 1.0845, val_ap 0.5039, minutes 45.79, lr 5.00e-04
    epoch 61: loss 1.0868, val_ap 0.5056, minutes 46.51, lr 5.00e-04
    epoch 62: loss 1.0761, val_ap 0.5041, minutes 47.26, lr 5.00e-04
    epoch 63: loss 1.0746, val_ap 0.4999, minutes 48.01, lr 5.00e-04
    epoch 64: loss 1.0802, val_ap 0.5078, minutes 48.76, lr 5.00e-04
    epoch 65: loss 1.0756, val_ap 0.4958, minutes 49.52, lr 5.00e-04
    epoch 66: loss 1.0763, val_ap 0.5067, minutes 50.22, lr 5.00e-04
    epoch 67: loss 1.0752, val_ap 0.5094, minutes 50.99, lr 5.00e-04
    epoch 68: loss 1.0722, val_ap 0.5011, minutes 51.74, lr 5.00e-04
    epoch 69: loss 1.0612, val_ap 0.5049, minutes 52.48, lr 5.00e-04
    epoch 70: loss 1.0669, val_ap 0.5058, minutes 53.26, lr 5.00e-04
    epoch 71: loss 1.0652, val_ap 0.5019, minutes 54.01, lr 5.00e-04
    epoch 72: loss 1.0644, val_ap 0.5058, minutes 54.76, lr 5.00e-04
    epoch 73: loss 1.0679, val_ap 0.5095, minutes 55.55, lr 5.00e-04
    epoch 74: loss 1.0648, val_ap 0.5037, minutes 56.32, lr 5.00e-04
    epoch 75: loss 1.0604, val_ap 0.5066, minutes 57.07, lr 5.00e-04
    epoch 76: loss 1.0568, val_ap 0.5000, minutes 57.8, lr 5.00e-04
    epoch 77: loss 1.0467, val_ap 0.5030, minutes 58.55, lr 5.00e-04
    epoch 78: loss 1.0552, val_ap 0.5053, minutes 59.29, lr 5.00e-04
    epoch 79: loss 1.0541, val_ap 0.5032, minutes 60.0, lr 5.00e-04
    epoch 80: loss 1.0485, val_ap 0.5067, minutes 60.75, lr 5.00e-04
    epoch 81: loss 1.0525, val_ap 0.5015, minutes 61.49, lr 5.00e-04
    epoch 82: loss 1.0470, val_ap 0.5071, minutes 62.29, lr 2.50e-04
    epoch 83: loss 1.0330, val_ap 0.5044, minutes 63.08, lr 2.50e-04
    epoch 84: loss 1.0353, val_ap 0.5026, minutes 63.87, lr 2.50e-04
    epoch 85: loss 1.0237, val_ap 0.5061, minutes 64.66, lr 2.50e-04
    epoch 86: loss 1.0358, val_ap 0.5041, minutes 65.48, lr 2.50e-04
    epoch 87: loss 1.0369, val_ap 0.5073, minutes 66.28, lr 2.50e-04
    epoch 88: loss 1.0289, val_ap 0.5015, minutes 67.09, lr 2.50e-04
    epoch 89: loss 1.0298, val_ap 0.5027, minutes 67.9, lr 2.50e-04
    epoch 90: loss 1.0314, val_ap 0.5051, minutes 68.64, lr 2.50e-04
    epoch 91: loss 1.0232, val_ap 0.5071, minutes 69.34, lr 1.25e-04
    epoch 92: loss 1.0212, val_ap 0.5064, minutes 70.09, lr 1.25e-04
    epoch 93: loss 1.0190, val_ap 0.5041, minutes 70.79, lr 1.25e-04
    epoch 94: loss 1.0116, val_ap 0.5024, minutes 71.54, lr 1.25e-04
    epoch 95: loss 1.0193, val_ap 0.5003, minutes 72.35, lr 1.25e-04
    epoch 96: loss 1.0254, val_ap 0.5029, minutes 73.19, lr 1.25e-04
    epoch 97: loss 1.0222, val_ap 0.5037, minutes 74.01, lr 1.25e-04
    epoch 98: loss 1.0177, val_ap 0.5034, minutes 74.8, lr 1.25e-04
    stopping: no validation gain in 25 epochs
[res_nogate pooled_both fold 1 seed 1] done (75.6 min)
