loaded: dataset0 121,838 sites, data1 90,452
[attn_mil pooled_both fold 3]
    epoch 1: loss 1.1615987463085444, minutes 0.4, val_ap 0.2640461590748571, lr 0.00033389261744966444
    epoch 2: loss 0.9356551034338523, minutes 0.81, val_ap 0.365192154762799, lr 0.0006672259507829977
    epoch 3: loss 0.8862901566512633, minutes 1.24, val_ap 0.4055283455595535, lr 0.001
    epoch 4: loss 0.8680233851875234, minutes 1.69, val_ap 0.4050676352756972, lr 0.001
    epoch 5: loss 0.8535011743239108, minutes 2.13, val_ap 0.41336601710251036, lr 0.001
    epoch 6: loss 0.8501508458948775, minutes 2.57, val_ap 0.4232335903418306, lr 0.001
    epoch 7: loss 0.8415604299746904, minutes 2.98, val_ap 0.42725286234009996, lr 0.001
    epoch 8: loss 0.8357199544974622, minutes 3.43, val_ap 0.4245951289353231, lr 0.001
    epoch 9: loss 0.8353478879536558, minutes 3.88, val_ap 0.4392051909059349, lr 0.001
    epoch 10: loss 0.8270988358847247, minutes 4.28, val_ap 0.4385046237151486, lr 0.001
    epoch 11: loss 0.8257128887328525, minutes 4.72, val_ap 0.4514871245140864, lr 0.001
    epoch 12: loss 0.8146907628182597, minutes 5.16, val_ap 0.4504128656211949, lr 0.001
    epoch 13: loss 0.816318509362688, minutes 5.6, val_ap 0.4478710077504954, lr 0.001
    epoch 14: loss 0.811360550006764, minutes 6.03, val_ap 0.44844505338131935, lr 0.001
    epoch 15: loss 0.8110037330012994, minutes 6.47, val_ap 0.4497765565839926, lr 0.001
    epoch 16: loss 0.8033655338339357, minutes 6.92, val_ap 0.4511884099859291, lr 0.001
    epoch 17: loss 0.8012283524910876, minutes 7.36, val_ap 0.4561030963007493, lr 0.001
    epoch 18: loss 0.7987154829222084, minutes 7.8, val_ap 0.4459244471203004, lr 0.001
    epoch 19: loss 0.7953115520661309, minutes 8.24, val_ap 0.4534357548252116, lr 0.001
    epoch 20: loss 0.7944825578655973, minutes 8.66, val_ap 0.4594278163705376, lr 0.001
    epoch 21: loss 0.7936991054139682, minutes 9.11, val_ap 0.4596760126553273, lr 0.001
    epoch 22: loss 0.7897569468657443, minutes 9.54, val_ap 0.45315307992658144, lr 0.001
    epoch 23: loss 0.7896182669089145, minutes 10.0, val_ap 0.45327497799082744, lr 0.001
    epoch 24: loss 0.7830751883303559, minutes 10.44, val_ap 0.4467080844706196, lr 0.001
    epoch 25: loss 0.7846846796522204, minutes 10.86, val_ap 0.4612167463309617, lr 0.001
    epoch 26: loss 0.7810502154315078, minutes 11.28, val_ap 0.4626961001270685, lr 0.001
    epoch 27: loss 0.7804484787403337, minutes 11.7, val_ap 0.45196549285131343, lr 0.001
    epoch 28: loss 0.7788107686194797, minutes 12.13, val_ap 0.46336727233465697, lr 0.001
    epoch 29: loss 0.7768846810264075, minutes 12.56, val_ap 0.45400747832579996, lr 0.001
    epoch 30: loss 0.7776306390562313, minutes 12.99, val_ap 0.4562313966212521, lr 0.001
    epoch 31: loss 0.7767372568881752, minutes 13.41, val_ap 0.45153522290662934, lr 0.001
    epoch 32: loss 0.7699412701513944, minutes 13.87, val_ap 0.46227174926213055, lr 0.001
    epoch 33: loss 0.770707229539852, minutes 14.31, val_ap 0.46155340943567363, lr 0.001
    epoch 34: loss 0.7653612846996161, minutes 14.71, val_ap 0.4581741023400392, lr 0.001
    epoch 35: loss 0.7693795905317236, minutes 15.14, val_ap 0.4669246335201231, lr 0.001
    epoch 36: loss 0.767789721338941, minutes 15.58, val_ap 0.468650379159908, lr 0.001
    epoch 37: loss 0.7625268971760001, minutes 16.02, val_ap 0.46110001979495296, lr 0.001
    epoch 38: loss 0.7623180219991095, minutes 16.45, val_ap 0.4608608375290284, lr 0.001
    epoch 39: loss 0.7600870868503647, minutes 16.88, val_ap 0.4648085510095385, lr 0.001
    epoch 40: loss 0.7589136142558699, minutes 17.32, val_ap 0.46176868421234357, lr 0.001
    epoch 41: loss 0.7563471057070982, minutes 17.76, val_ap 0.4617106423086653, lr 0.001
    epoch 42: loss 0.7601322671211006, minutes 18.18, val_ap 0.46668276427016436, lr 0.001
    epoch 43: loss 0.7524528266399498, minutes 18.61, val_ap 0.4640931782916017, lr 0.001
    epoch 44: loss 0.7547929605481608, minutes 19.07, val_ap 0.4664741725801749, lr 0.001
    epoch 45: loss 0.7513736479434391, minutes 19.48, val_ap 0.4668579230612017, lr 0.0005
    epoch 46: loss 0.7382454797625542, minutes 19.9, val_ap 0.47051286617422217, lr 0.0005
    epoch 47: loss 0.7362004500507509, minutes 20.33, val_ap 0.4747888425750496, lr 0.0005
    epoch 48: loss 0.7368765993906348, minutes 20.76, val_ap 0.469636782514237, lr 0.0005
    epoch 49: loss 0.7322237214086039, minutes 21.2, val_ap 0.47238797171358066, lr 0.0005
    epoch 50: loss 0.732603246383619, minutes 21.63, val_ap 0.46392070869487734, lr 0.0005
    epoch 51: loss 0.733430673162009, minutes 22.05, val_ap 0.4679408673655379, lr 0.0005
    epoch 52: loss 0.7284925508019108, minutes 22.44, val_ap 0.4760436501530311, lr 0.0005
    epoch 53: loss 0.7256767590773986, minutes 22.79, val_ap 0.4647477746176232, lr 0.0005
    epoch 54: loss 0.7269502188135314, minutes 23.18, val_ap 0.4614413598268702, lr 0.0005
    epoch 55: loss 0.7281168400241225, minutes 23.49, val_ap 0.4655458948015438, lr 0.0005
    epoch 56: loss 0.7226051194155776, minutes 23.79, val_ap 0.4669110366085488, lr 0.0005
    epoch 57: loss 0.7237280505715601, minutes 24.09, val_ap 0.4633724139287768, lr 0.0005
    epoch 58: loss 0.7199115545657657, minutes 24.37, val_ap 0.46537639557898575, lr 0.0005
    epoch 59: loss 0.722146618886282, minutes 24.65, val_ap 0.46590074675636456, lr 0.0005
    epoch 60: loss 0.7179456764719631, minutes 24.92, val_ap 0.4632930264655767, lr 0.0005
    epoch 61: loss 0.7146888178266935, minutes 25.18, val_ap 0.4584740810820368, lr 0.00025
    epoch 62: loss 0.7119548755804165, minutes 25.45, val_ap 0.46524379674275407, lr 0.00025
    epoch 63: loss 0.7102524135136764, minutes 25.72, val_ap 0.46442700659206704, lr 0.00025
    epoch 64: loss 0.7036137438860516, minutes 25.98, val_ap 0.4684653894399833, lr 0.00025
    epoch 65: loss 0.704930854023703, minutes 26.24, val_ap 0.46318175634672903, lr 0.00025
    epoch 66: loss 0.7029926588371296, minutes 26.5, val_ap 0.46515248492459266, lr 0.00025
    epoch 67: loss 0.7064821158579532, minutes 26.73, val_ap 0.4619475777976306, lr 0.00025
    epoch 68: loss 0.7024559031096881, minutes 26.97, val_ap 0.46061400387100787, lr 0.00025
    epoch 69: loss 0.7072595265387689, minutes 27.21, val_ap 0.46157704987241865, lr 0.00025
    epoch 70: loss 0.7022488315233448, minutes 27.45, val_ap 0.45876921668051596, lr 0.000125
    epoch 71: loss 0.6965956762433052, minutes 27.69, val_ap 0.4595493142096551, lr 0.000125
    epoch 72: loss 0.6978127823880055, minutes 27.92, val_ap 0.4604898232111935, lr 0.000125
    epoch 73: loss 0.6927895622465434, minutes 28.14, val_ap 0.45681777970064824, lr 0.000125
    epoch 74: loss 0.6952736893756277, minutes 28.37, val_ap 0.4629728231268477, lr 0.000125
    epoch 75: loss 0.6917812604232122, minutes 28.59, val_ap 0.4618886887299143, lr 0.000125
    epoch 76: loss 0.6981062760089067, minutes 28.82, val_ap 0.4580133002018241, lr 0.000125
    stopping: no validation gain in 25 epochs
[attn_mil pooled_both fold 3] done (29.2 min)
