loaded: dataset0 121,838 sites, data1 90,452
[h2gcn_aux pooled_both fold 2 seed 1]
    epoch 1: loss 1.8942, val_ap 0.1711, minutes 0.87, lr 3.31e-04
    epoch 2: loss 1.5440, val_ap 0.3082, minutes 1.63, lr 6.58e-04
    epoch 3: loss 1.3759, val_ap 0.4070, minutes 2.47, lr 9.87e-04
    epoch 4: loss 1.3180, val_ap 0.4325, minutes 3.33, lr 1.00e-03
    epoch 5: loss 1.2646, val_ap 0.4486, minutes 4.19, lr 1.00e-03
    epoch 6: loss 1.2628, val_ap 0.4484, minutes 5.07, lr 1.00e-03
    epoch 7: loss 1.2494, val_ap 0.4474, minutes 5.92, lr 1.00e-03
    epoch 8: loss 1.2428, val_ap 0.4504, minutes 6.74, lr 1.00e-03
    epoch 9: loss 1.2304, val_ap 0.4578, minutes 7.56, lr 1.00e-03
    epoch 10: loss 1.2212, val_ap 0.4535, minutes 8.46, lr 1.00e-03
    epoch 11: loss 1.2106, val_ap 0.4644, minutes 9.28, lr 1.00e-03
    epoch 12: loss 1.2018, val_ap 0.4583, minutes 10.13, lr 1.00e-03
    epoch 13: loss 1.2096, val_ap 0.4588, minutes 10.93, lr 1.00e-03
    epoch 14: loss 1.1952, val_ap 0.4670, minutes 11.73, lr 1.00e-03
    epoch 15: loss 1.1921, val_ap 0.4631, minutes 12.59, lr 1.00e-03
    epoch 16: loss 1.1887, val_ap 0.4722, minutes 13.47, lr 1.00e-03
    epoch 17: loss 1.1836, val_ap 0.4681, minutes 14.29, lr 1.00e-03
    epoch 18: loss 1.1800, val_ap 0.4668, minutes 15.12, lr 1.00e-03
    epoch 19: loss 1.1883, val_ap 0.4676, minutes 15.93, lr 1.00e-03
    epoch 20: loss 1.1757, val_ap 0.4686, minutes 16.77, lr 1.00e-03
    epoch 21: loss 1.1755, val_ap 0.4723, minutes 17.55, lr 1.00e-03
    epoch 22: loss 1.1614, val_ap 0.4745, minutes 18.29, lr 1.00e-03
    epoch 23: loss 1.1632, val_ap 0.4726, minutes 19.0, lr 1.00e-03
    epoch 24: loss 1.1540, val_ap 0.4740, minutes 19.75, lr 1.00e-03
    epoch 25: loss 1.1601, val_ap 0.4732, minutes 20.57, lr 1.00e-03
    epoch 26: loss 1.1559, val_ap 0.4699, minutes 21.35, lr 1.00e-03
    epoch 27: loss 1.1534, val_ap 0.4767, minutes 22.19, lr 1.00e-03
    epoch 28: loss 1.1381, val_ap 0.4738, minutes 22.98, lr 1.00e-03
    epoch 29: loss 1.1389, val_ap 0.4794, minutes 23.83, lr 1.00e-03
    epoch 30: loss 1.1373, val_ap 0.4762, minutes 24.6, lr 1.00e-03
    epoch 31: loss 1.1382, val_ap 0.4803, minutes 25.33, lr 1.00e-03
    epoch 32: loss 1.1253, val_ap 0.4801, minutes 26.08, lr 1.00e-03
    epoch 33: loss 1.1290, val_ap 0.4459, minutes 26.91, lr 1.00e-03
    epoch 34: loss 1.2742, val_ap 0.4747, minutes 27.67, lr 1.00e-03
    epoch 35: loss 1.1441, val_ap 0.4753, minutes 28.49, lr 1.00e-03
    epoch 36: loss 1.1292, val_ap 0.4716, minutes 29.24, lr 1.00e-03
    epoch 37: loss 1.1228, val_ap 0.4722, minutes 29.99, lr 1.00e-03
    epoch 38: loss 1.1190, val_ap 0.4748, minutes 30.83, lr 1.00e-03
    epoch 39: loss 1.1255, val_ap 0.4767, minutes 31.64, lr 1.00e-03
    epoch 40: loss 1.1118, val_ap 0.4765, minutes 32.44, lr 5.00e-04
    epoch 41: loss 1.0916, val_ap 0.4738, minutes 33.23, lr 5.00e-04
    epoch 42: loss 1.0815, val_ap 0.4774, minutes 34.02, lr 5.00e-04
    epoch 43: loss 1.0838, val_ap 0.4739, minutes 34.78, lr 5.00e-04
    epoch 44: loss 1.0865, val_ap 0.4694, minutes 35.49, lr 5.00e-04
    epoch 45: loss 1.0863, val_ap 0.4741, minutes 36.23, lr 5.00e-04
    epoch 46: loss 1.0739, val_ap 0.4784, minutes 37.04, lr 5.00e-04
    epoch 47: loss 1.0831, val_ap 0.4716, minutes 37.82, lr 5.00e-04
    epoch 48: loss 1.0753, val_ap 0.4769, minutes 38.61, lr 5.00e-04
    epoch 49: loss 1.0734, val_ap 0.4789, minutes 39.46, lr 2.50e-04
    epoch 50: loss 1.0581, val_ap 0.4798, minutes 40.2, lr 2.50e-04
    epoch 51: loss 1.0583, val_ap 0.4755, minutes 41.06, lr 2.50e-04
    epoch 52: loss 1.0585, val_ap 0.4802, minutes 41.9, lr 2.50e-04
    epoch 53: loss 1.0681, val_ap 0.4788, minutes 42.71, lr 2.50e-04
    epoch 54: loss 1.0500, val_ap 0.4792, minutes 43.49, lr 2.50e-04
    epoch 55: loss 1.0514, val_ap 0.4789, minutes 44.25, lr 2.50e-04
    epoch 56: loss 1.0524, val_ap 0.4754, minutes 45.06, lr 2.50e-04
    stopping: no validation gain in 25 epochs
[h2gcn_aux pooled_both fold 2 seed 1] done (45.8 min)
