loaded: dataset0 121,838 sites, data1 90,452
[res_gate dataset0 fold 3 seed 2]
    kernel decay scale 113.4 nt (fitted to cell line 1 training labels)
    epoch 1: loss 1.9591, val_ap 0.1483, minutes 0.51, lr 3.33e-04
    epoch 2: loss 1.5665, val_ap 0.2524, minutes 1.0, lr 6.63e-04
    epoch 3: loss 1.3668, val_ap 0.3624, minutes 1.46, lr 9.92e-04
    epoch 4: loss 1.2559, val_ap 0.4631, minutes 1.96, lr 1.00e-03
    epoch 5: loss 1.1532, val_ap 0.4948, minutes 2.42, lr 1.00e-03
    epoch 6: loss 1.1028, val_ap 0.5062, minutes 2.9, lr 1.00e-03
    epoch 7: loss 1.0755, val_ap 0.5268, minutes 3.37, lr 1.00e-03
    epoch 8: loss 1.0407, val_ap 0.5215, minutes 3.88, lr 1.00e-03
    epoch 9: loss 1.0355, val_ap 0.5304, minutes 4.39, lr 1.00e-03
    epoch 10: loss 1.0264, val_ap 0.5431, minutes 4.88, lr 1.00e-03
    epoch 11: loss 0.9862, val_ap 0.5486, minutes 5.43, lr 1.00e-03
    epoch 12: loss 0.9753, val_ap 0.5478, minutes 5.92, lr 1.00e-03
    epoch 13: loss 0.9708, val_ap 0.5569, minutes 6.42, lr 1.00e-03
    epoch 14: loss 0.9619, val_ap 0.5676, minutes 6.98, lr 1.00e-03
    epoch 15: loss 0.9430, val_ap 0.5659, minutes 7.47, lr 1.00e-03
    epoch 16: loss 0.9588, val_ap 0.5720, minutes 7.97, lr 1.00e-03
    epoch 17: loss 0.9572, val_ap 0.5740, minutes 8.49, lr 1.00e-03
    epoch 18: loss 0.9424, val_ap 0.5778, minutes 9.0, lr 1.00e-03
    epoch 19: loss 0.9316, val_ap 0.5772, minutes 9.48, lr 1.00e-03
    epoch 20: loss 0.9163, val_ap 0.5845, minutes 9.97, lr 1.00e-03
    epoch 21: loss 0.9175, val_ap 0.5800, minutes 10.51, lr 1.00e-03
    epoch 22: loss 0.9096, val_ap 0.5838, minutes 10.98, lr 1.00e-03
    epoch 23: loss 0.9197, val_ap 0.5910, minutes 11.45, lr 1.00e-03
    epoch 24: loss 0.9249, val_ap 0.5917, minutes 11.96, lr 1.00e-03
    epoch 25: loss 0.9193, val_ap 0.5782, minutes 12.47, lr 1.00e-03
    epoch 26: loss 0.9005, val_ap 0.6008, minutes 12.98, lr 1.00e-03
    epoch 27: loss 0.8865, val_ap 0.5922, minutes 13.46, lr 1.00e-03
    epoch 28: loss 0.8971, val_ap 0.5892, minutes 13.95, lr 1.00e-03
    epoch 29: loss 0.8897, val_ap 0.5943, minutes 14.46, lr 1.00e-03
    epoch 30: loss 0.8962, val_ap 0.6068, minutes 14.93, lr 1.00e-03
    epoch 31: loss 0.8860, val_ap 0.6065, minutes 15.46, lr 1.00e-03
    epoch 32: loss 0.8672, val_ap 0.6038, minutes 15.97, lr 1.00e-03
    epoch 33: loss 0.8723, val_ap 0.5983, minutes 16.51, lr 1.00e-03
    epoch 34: loss 0.8688, val_ap 0.6128, minutes 17.01, lr 1.00e-03
    epoch 35: loss 0.8514, val_ap 0.6141, minutes 17.53, lr 1.00e-03
    epoch 36: loss 0.8731, val_ap 0.5999, minutes 18.01, lr 1.00e-03
    epoch 37: loss 0.8522, val_ap 0.6019, minutes 18.51, lr 1.00e-03
    epoch 38: loss 0.8607, val_ap 0.6139, minutes 19.01, lr 1.00e-03
    epoch 39: loss 0.8564, val_ap 0.6117, minutes 19.46, lr 1.00e-03
    epoch 40: loss 0.8526, val_ap 0.6103, minutes 19.99, lr 1.00e-03
    epoch 41: loss 0.8470, val_ap 0.6080, minutes 20.47, lr 1.00e-03
    epoch 42: loss 0.8425, val_ap 0.6089, minutes 20.96, lr 1.00e-03
    epoch 43: loss 0.8441, val_ap 0.6130, minutes 21.48, lr 1.00e-03
    epoch 44: loss 0.8406, val_ap 0.6213, minutes 21.97, lr 1.00e-03
    epoch 45: loss 0.8482, val_ap 0.6249, minutes 22.49, lr 1.00e-03
    epoch 46: loss 0.8213, val_ap 0.6267, minutes 22.99, lr 1.00e-03
    epoch 47: loss 0.8387, val_ap 0.6237, minutes 23.5, lr 1.00e-03
    epoch 48: loss 0.8387, val_ap 0.6280, minutes 24.01, lr 1.00e-03
    epoch 49: loss 0.8234, val_ap 0.6261, minutes 24.52, lr 1.00e-03
    epoch 50: loss 0.8299, val_ap 0.6164, minutes 25.03, lr 1.00e-03
    epoch 51: loss 0.8371, val_ap 0.6237, minutes 25.56, lr 1.00e-03
    epoch 52: loss 0.8407, val_ap 0.6241, minutes 26.07, lr 1.00e-03
    epoch 53: loss 0.8129, val_ap 0.6307, minutes 26.56, lr 1.00e-03
    epoch 54: loss 0.8135, val_ap 0.6328, minutes 27.07, lr 1.00e-03
    epoch 55: loss 0.8184, val_ap 0.6320, minutes 27.6, lr 1.00e-03
    epoch 56: loss 0.8084, val_ap 0.6326, minutes 28.09, lr 1.00e-03
    epoch 57: loss 0.8023, val_ap 0.6329, minutes 28.62, lr 1.00e-03
    epoch 58: loss 0.8134, val_ap 0.6256, minutes 29.11, lr 1.00e-03
    epoch 59: loss 0.7911, val_ap 0.6342, minutes 29.62, lr 1.00e-03
    epoch 60: loss 0.8040, val_ap 0.6373, minutes 30.13, lr 1.00e-03
    epoch 61: loss 0.8174, val_ap 0.6314, minutes 30.6, lr 1.00e-03
    epoch 62: loss 0.8001, val_ap 0.6314, minutes 31.11, lr 1.00e-03
    epoch 63: loss 0.7942, val_ap 0.6354, minutes 31.62, lr 1.00e-03
    epoch 64: loss 0.7910, val_ap 0.6372, minutes 32.11, lr 1.00e-03
    epoch 65: loss 0.8198, val_ap 0.6352, minutes 32.63, lr 1.00e-03
    epoch 66: loss 0.7900, val_ap 0.6401, minutes 33.12, lr 1.00e-03
    epoch 67: loss 0.8013, val_ap 0.6297, minutes 33.62, lr 1.00e-03
    epoch 68: loss 0.8007, val_ap 0.6299, minutes 34.14, lr 1.00e-03
    epoch 69: loss 0.8089, val_ap 0.6286, minutes 34.64, lr 1.00e-03
    epoch 70: loss 0.7750, val_ap 0.6406, minutes 35.15, lr 1.00e-03
    epoch 71: loss 0.7913, val_ap 0.6345, minutes 35.62, lr 1.00e-03
    epoch 72: loss 0.7875, val_ap 0.6357, minutes 36.09, lr 1.00e-03
    epoch 73: loss 0.7883, val_ap 0.6450, minutes 36.63, lr 1.00e-03
    epoch 74: loss 0.7701, val_ap 0.6404, minutes 37.12, lr 1.00e-03
    epoch 75: loss 0.7861, val_ap 0.6401, minutes 37.62, lr 1.00e-03
    epoch 76: loss 0.7613, val_ap 0.6421, minutes 38.13, lr 1.00e-03
    epoch 77: loss 0.8003, val_ap 0.6485, minutes 38.64, lr 1.00e-03
    epoch 78: loss 0.8186, val_ap 0.6469, minutes 39.15, lr 1.00e-03
    epoch 79: loss 0.7702, val_ap 0.6506, minutes 39.64, lr 1.00e-03
    epoch 80: loss 0.7791, val_ap 0.6421, minutes 40.19, lr 1.00e-03
    epoch 81: loss 0.7667, val_ap 0.6497, minutes 40.7, lr 1.00e-03
    epoch 82: loss 0.7658, val_ap 0.6435, minutes 41.21, lr 1.00e-03
    epoch 83: loss 0.7589, val_ap 0.6371, minutes 41.71, lr 1.00e-03
    epoch 84: loss 0.7798, val_ap 0.6438, minutes 42.19, lr 1.00e-03
    epoch 85: loss 0.7525, val_ap 0.6445, minutes 42.7, lr 1.00e-03
    epoch 86: loss 0.7531, val_ap 0.6473, minutes 43.19, lr 1.00e-03
    epoch 87: loss 0.7641, val_ap 0.6504, minutes 43.67, lr 1.00e-03
    epoch 88: loss 0.7577, val_ap 0.6426, minutes 44.18, lr 5.00e-04
    epoch 89: loss 0.7325, val_ap 0.6433, minutes 44.68, lr 5.00e-04
    epoch 90: loss 0.7358, val_ap 0.6459, minutes 45.2, lr 5.00e-04
    epoch 91: loss 0.7246, val_ap 0.6485, minutes 45.7, lr 5.00e-04
    epoch 92: loss 0.7318, val_ap 0.6411, minutes 46.2, lr 5.00e-04
    epoch 93: loss 0.7206, val_ap 0.6430, minutes 46.72, lr 5.00e-04
    epoch 94: loss 0.7278, val_ap 0.6493, minutes 47.21, lr 5.00e-04
    epoch 95: loss 0.7165, val_ap 0.6497, minutes 47.7, lr 5.00e-04
    epoch 96: loss 0.7194, val_ap 0.6486, minutes 48.23, lr 5.00e-04
    epoch 97: loss 0.7175, val_ap 0.6439, minutes 48.72, lr 2.50e-04
    epoch 98: loss 0.7137, val_ap 0.6459, minutes 49.22, lr 2.50e-04
    epoch 99: loss 0.7014, val_ap 0.6479, minutes 49.85, lr 2.50e-04
    epoch 100: loss 0.6982, val_ap 0.6510, minutes 50.35, lr 2.50e-04
    epoch 101: loss 0.7027, val_ap 0.6469, minutes 50.86, lr 2.50e-04
    epoch 102: loss 0.7061, val_ap 0.6478, minutes 51.39, lr 2.50e-04
    epoch 103: loss 0.7029, val_ap 0.6438, minutes 51.93, lr 2.50e-04
    epoch 104: loss 0.6888, val_ap 0.6470, minutes 52.43, lr 2.50e-04
    epoch 105: loss 0.7002, val_ap 0.6469, minutes 52.95, lr 2.50e-04
    epoch 106: loss 0.6909, val_ap 0.6504, minutes 53.48, lr 2.50e-04
    epoch 107: loss 0.6847, val_ap 0.6457, minutes 54.01, lr 2.50e-04
    epoch 108: loss 0.6956, val_ap 0.6475, minutes 54.56, lr 2.50e-04
    epoch 109: loss 0.7025, val_ap 0.6481, minutes 55.07, lr 1.25e-04
    epoch 110: loss 0.6976, val_ap 0.6457, minutes 55.6, lr 1.25e-04
    epoch 111: loss 0.6839, val_ap 0.6471, minutes 56.12, lr 1.25e-04
    epoch 112: loss 0.6908, val_ap 0.6467, minutes 56.6, lr 1.25e-04
    epoch 113: loss 0.6852, val_ap 0.6497, minutes 57.12, lr 1.25e-04
    epoch 114: loss 0.6869, val_ap 0.6461, minutes 57.66, lr 1.25e-04
    epoch 115: loss 0.6842, val_ap 0.6484, minutes 58.16, lr 1.25e-04
    epoch 116: loss 0.7016, val_ap 0.6492, minutes 58.69, lr 1.25e-04
    epoch 117: loss 0.6967, val_ap 0.6497, minutes 59.2, lr 1.25e-04
    epoch 118: loss 0.6859, val_ap 0.6469, minutes 59.73, lr 6.25e-05
    epoch 119: loss 0.6826, val_ap 0.6485, minutes 60.3, lr 6.25e-05
    epoch 120: loss 0.6779, val_ap 0.6477, minutes 60.79, lr 6.25e-05
    epoch 121: loss 0.6850, val_ap 0.6482, minutes 61.36, lr 6.25e-05
    epoch 122: loss 0.6842, val_ap 0.6489, minutes 61.93, lr 6.25e-05
    epoch 123: loss 0.6824, val_ap 0.6494, minutes 62.43, lr 6.25e-05
    epoch 124: loss 0.6795, val_ap 0.6481, minutes 62.93, lr 6.25e-05
    epoch 125: loss 0.6808, val_ap 0.6473, minutes 63.48, lr 6.25e-05
    stopping: no validation gain in 25 epochs
[res_gate dataset0 fold 3 seed 2] done (64.3 min)
