loaded: dataset0 121,838 sites, data1 90,452
[knn_static dataset0 fold 2]
    epoch 1: loss 1.2007697753479025, minutes 1.88, val_ap 0.26227743939480047, lr 0.00033429672447013486
    epoch 2: loss 0.8668317101422073, minutes 4.18, val_ap 0.41893504974193063, lr 0.0006676300578034682
    epoch 3: loss 0.7999750817614484, minutes 6.5, val_ap 0.46044774077042744, lr 0.001
    epoch 4: loss 0.7706261484781441, minutes 8.83, val_ap 0.45680706526655535, lr 0.001
    epoch 5: loss 0.732783594744743, minutes 11.12, val_ap 0.4896077172404921, lr 0.001
    epoch 6: loss 0.721211593447393, minutes 13.4, val_ap 0.4875304832316023, lr 0.001
    epoch 7: loss 0.7217046451361883, minutes 15.73, val_ap 0.4957446767539721, lr 0.001
    epoch 8: loss 0.7053759103221011, minutes 18.07, val_ap 0.49221911277918173, lr 0.001
    epoch 9: loss 0.6951676293604636, minutes 20.37, val_ap 0.49425442195793706, lr 0.001
    epoch 10: loss 0.6794187104426368, minutes 22.7, val_ap 0.5133685004862337, lr 0.001
    epoch 11: loss 0.6749752877075548, minutes 25.02, val_ap 0.5169978074351738, lr 0.001
    epoch 12: loss 0.6731807685139551, minutes 27.32, val_ap 0.5267157807682072, lr 0.001
    epoch 13: loss 0.6692771301793226, minutes 29.6, val_ap 0.5149492936996178, lr 0.001
    epoch 14: loss 0.6639993055535189, minutes 31.89, val_ap 0.5112509036617238, lr 0.001
    epoch 15: loss 0.6586391810392369, minutes 34.19, val_ap 0.5229313399385134, lr 0.001
    epoch 16: loss 0.6571532306126776, minutes 36.51, val_ap 0.5215022499641435, lr 0.001
    epoch 17: loss 0.6468661517077099, minutes 38.83, val_ap 0.5180409059452599, lr 0.001
    epoch 18: loss 0.6476215449716315, minutes 48.25, val_ap 0.515130794228589, lr 0.001
    epoch 19: loss 0.6483058709801967, minutes 56.51, val_ap 0.5436447903743673, lr 0.001
    epoch 20: loss 0.6552936256448657, minutes 58.85, val_ap 0.528347875626872, lr 0.001
    epoch 21: loss 0.6349916397836167, minutes 61.08, val_ap 0.5327672080808524, lr 0.001
    epoch 22: loss 0.6311224164990331, minutes 63.23, val_ap 0.5427518658106354, lr 0.001
    epoch 23: loss 0.6418669478741684, minutes 65.41, val_ap 0.544135907100209, lr 0.001
    epoch 24: loss 0.6414581563948207, minutes 67.6, val_ap 0.5314083383731237, lr 0.001
    epoch 25: loss 0.6308355930051363, minutes 69.72, val_ap 0.531032407007807, lr 0.001
    epoch 26: loss 0.621499063479418, minutes 71.84, val_ap 0.5308850492876435, lr 0.001
    epoch 27: loss 0.6212693863693689, minutes 73.79, val_ap 0.5367835617077946, lr 0.001
    epoch 28: loss 0.6229949249869826, minutes 75.5, val_ap 0.530900935007099, lr 0.001
    epoch 29: loss 0.6158047649212656, minutes 77.23, val_ap 0.5404424410222787, lr 0.001
    epoch 30: loss 0.6163212662142825, minutes 78.98, val_ap 0.5441560841235208, lr 0.001
    epoch 31: loss 0.6120739733380389, minutes 80.65, val_ap 0.5489917181593869, lr 0.001
    epoch 32: loss 0.6027842173514338, minutes 82.28, val_ap 0.5477618539002669, lr 0.001
    epoch 33: loss 0.6107974247091768, minutes 83.97, val_ap 0.5422430579805086, lr 0.001
    epoch 34: loss 0.6094495634295348, minutes 85.71, val_ap 0.5557483719661186, lr 0.001
    epoch 35: loss 0.5973791517101961, minutes 87.45, val_ap 0.5422349349133382, lr 0.001
    epoch 36: loss 0.6103048806934688, minutes 89.17, val_ap 0.5502784026789015, lr 0.001
    epoch 37: loss 0.6032470697698565, minutes 90.85, val_ap 0.5442151422141077, lr 0.001
    epoch 38: loss 0.5934922618931429, minutes 92.54, val_ap 0.5503724251082165, lr 0.001
    epoch 39: loss 0.5958701331663683, minutes 94.28, val_ap 0.5583816631363686, lr 0.001
    epoch 40: loss 0.597482466456518, minutes 95.96, val_ap 0.5682057243418733, lr 0.001
    epoch 41: loss 0.5911673704496009, minutes 97.59, val_ap 0.5585448038431834, lr 0.001
    epoch 42: loss 0.5917801959063277, minutes 99.27, val_ap 0.5532094229737067, lr 0.001
    epoch 43: loss 0.5855919007276524, minutes 100.95, val_ap 0.5636057679624218, lr 0.001
    epoch 44: loss 0.583724405164319, minutes 102.62, val_ap 0.5644464389561421, lr 0.001
    epoch 45: loss 0.5834489674065154, minutes 104.29, val_ap 0.5579133137932022, lr 0.001
    epoch 46: loss 0.58180491100846, minutes 105.97, val_ap 0.5661625420617703, lr 0.001
    epoch 47: loss 0.5862311526185515, minutes 107.68, val_ap 0.5677876186721017, lr 0.001
    epoch 48: loss 0.5843630266844193, minutes 109.36, val_ap 0.5556389688935746, lr 0.001
    epoch 49: loss 0.5769755315746186, minutes 111.05, val_ap 0.5555079591596412, lr 0.0005
    epoch 50: loss 0.556933432214522, minutes 112.74, val_ap 0.5667861555575134, lr 0.0005
    epoch 51: loss 0.5464926111818738, minutes 114.45, val_ap 0.5635318363398675, lr 0.0005
    epoch 52: loss 0.5482932153464741, minutes 116.22, val_ap 0.5658980374585623, lr 0.0005
    epoch 53: loss 0.5449297164561432, minutes 117.99, val_ap 0.5631959827782121, lr 0.0005
    epoch 54: loss 0.5383468931810015, minutes 119.62, val_ap 0.5679221017216329, lr 0.0005
    epoch 55: loss 0.5415812207095195, minutes 121.33, val_ap 0.5647749925554532, lr 0.0005
    epoch 56: loss 0.5437293261547999, minutes 123.01, val_ap 0.557713149491028, lr 0.0005
    epoch 57: loss 0.5473007792337782, minutes 124.6, val_ap 0.5713304341773159, lr 0.0005
    epoch 58: loss 0.5413313414147823, minutes 126.22, val_ap 0.5757853068781396, lr 0.0005
    epoch 59: loss 0.5330228059191924, minutes 127.89, val_ap 0.5757556908971533, lr 0.0005
    epoch 60: loss 0.542841894864347, minutes 129.48, val_ap 0.5759580692580334, lr 0.0005
    epoch 61: loss 0.5355666519244972, minutes 131.16, val_ap 0.5719532948287549, lr 0.0005
    epoch 62: loss 0.5278429937672753, minutes 132.86, val_ap 0.5733870005085395, lr 0.0005
    epoch 63: loss 0.5306397797055327, minutes 134.52, val_ap 0.5702711241934443, lr 0.0005
    epoch 64: loss 0.5282126600084277, minutes 136.11, val_ap 0.5568693160762002, lr 0.0005
    epoch 65: loss 0.5355208842568315, minutes 137.82, val_ap 0.5729035153276546, lr 0.0005
    epoch 66: loss 0.5234891040132225, minutes 139.47, val_ap 0.5754507236404354, lr 0.0005
    epoch 67: loss 0.5271849660256694, minutes 141.02, val_ap 0.5642326028504263, lr 0.0005
    epoch 68: loss 0.5244471137923312, minutes 142.6, val_ap 0.5777588592925733, lr 0.0005
    epoch 69: loss 0.515387648835003, minutes 144.27, val_ap 0.5755518761155161, lr 0.0005
    epoch 70: loss 0.511294253385825, minutes 145.98, val_ap 0.573080311799864, lr 0.0005
    epoch 71: loss 0.524511724322862, minutes 147.72, val_ap 0.5712947688396841, lr 0.0005
    epoch 72: loss 0.5139952186128997, minutes 149.39, val_ap 0.5778019401151987, lr 0.0005
    epoch 73: loss 0.5229016147080184, minutes 151.08, val_ap 0.5585286704801927, lr 0.0005
    epoch 74: loss 0.5170300172243504, minutes 152.65, val_ap 0.5687398461689491, lr 0.0005
    epoch 75: loss 0.509184405939772, minutes 154.31, val_ap 0.5713555613387092, lr 0.0005
    epoch 76: loss 0.5140291577301963, minutes 156.02, val_ap 0.5681302583708456, lr 0.0005
    epoch 77: loss 0.5115256415884619, minutes 157.68, val_ap 0.5715690601004886, lr 0.00025
    epoch 78: loss 0.5019988502897968, minutes 159.26, val_ap 0.5747229223424455, lr 0.00025
    epoch 79: loss 0.4890515385680116, minutes 160.8, val_ap 0.5580009196284289, lr 0.00025
    epoch 80: loss 0.4917032584289595, minutes 162.27, val_ap 0.5725149523303938, lr 0.00025
    epoch 81: loss 0.48874871824690375, minutes 163.79, val_ap 0.5699461350111871, lr 0.00025
    epoch 82: loss 0.4802057772788698, minutes 165.32, val_ap 0.5647404585440379, lr 0.00025
    epoch 83: loss 0.48590070366687166, minutes 166.66, val_ap 0.5714423919239551, lr 0.00025
    epoch 84: loss 0.48438098867332313, minutes 168.11, val_ap 0.5599938053651778, lr 0.00025
    epoch 85: loss 0.48152502419459337, minutes 169.64, val_ap 0.5700086852237333, lr 0.00025
    epoch 86: loss 0.47953176713747786, minutes 171.12, val_ap 0.5681541357748582, lr 0.000125
    epoch 87: loss 0.4791797666105232, minutes 172.58, val_ap 0.5676464031903689, lr 0.000125
    epoch 88: loss 0.46702235308341206, minutes 174.12, val_ap 0.566875395131043, lr 0.000125
    epoch 89: loss 0.4725035860531592, minutes 175.55, val_ap 0.5674739345369897, lr 0.000125
    epoch 90: loss 0.4673703162139551, minutes 176.97, val_ap 0.5657614157039764, lr 0.000125
    epoch 91: loss 0.4711753995604598, minutes 178.43, val_ap 0.5636854828288778, lr 0.000125
    epoch 92: loss 0.4674147420449753, minutes 179.86, val_ap 0.5649781746706362, lr 0.000125
    epoch 93: loss 0.46470069915400763, minutes 181.31, val_ap 0.566272668315234, lr 0.000125
    epoch 94: loss 0.4729989309703684, minutes 182.75, val_ap 0.5686268449195084, lr 0.000125
    epoch 95: loss 0.4616767789070317, minutes 184.21, val_ap 0.5662911512366068, lr 6.25e-05
    epoch 96: loss 0.46483939283155984, minutes 185.7, val_ap 0.5657427076533715, lr 6.25e-05
    stopping: no validation gain in 25 epochs
[knn_static dataset0 fold 2] done (187.9 min)
