loaded: dataset0 121,838 sites, data1 90,452
[gat dataset0 fold 0 seed 1]
    epoch 1: loss 1.2475, val_ap 0.1850, minutes 1.48, lr 3.33e-04
    epoch 2: loss 0.9795, val_ap 0.2921, minutes 3.05, lr 6.59e-04
    epoch 3: loss 0.8061, val_ap 0.4692, minutes 4.55, lr 9.88e-04
    epoch 4: loss 0.7136, val_ap 0.5051, minutes 6.08, lr 1.00e-03
    epoch 5: loss 0.6339, val_ap 0.5147, minutes 7.61, lr 1.00e-03
    epoch 6: loss 0.6196, val_ap 0.5249, minutes 9.12, lr 1.00e-03
    epoch 7: loss 0.5960, val_ap 0.5266, minutes 10.65, lr 1.00e-03
    epoch 8: loss 0.5808, val_ap 0.5089, minutes 12.19, lr 1.00e-03
    epoch 9: loss 0.5791, val_ap 0.5436, minutes 13.71, lr 1.00e-03
    epoch 10: loss 0.5423, val_ap 0.5357, minutes 15.22, lr 1.00e-03
    epoch 11: loss 0.5177, val_ap 0.5515, minutes 16.79, lr 1.00e-03
    epoch 12: loss 0.5183, val_ap 0.5392, minutes 18.33, lr 1.00e-03
    epoch 13: loss 0.5040, val_ap 0.5430, minutes 19.88, lr 1.00e-03
    epoch 14: loss 0.4890, val_ap 0.5577, minutes 21.42, lr 1.00e-03
    epoch 15: loss 0.4942, val_ap 0.5154, minutes 23.19, lr 1.00e-03
    epoch 16: loss 0.4768, val_ap 0.5475, minutes 24.99, lr 1.00e-03
    epoch 17: loss 0.4619, val_ap 0.5367, minutes 26.65, lr 1.00e-03
    epoch 18: loss 0.4364, val_ap 0.5434, minutes 28.18, lr 1.00e-03
    epoch 19: loss 0.4460, val_ap 0.5254, minutes 29.7, lr 1.00e-03
    epoch 20: loss 0.4432, val_ap 0.5406, minutes 31.27, lr 1.00e-03
    epoch 21: loss 0.4403, val_ap 0.5404, minutes 32.83, lr 1.00e-03
    epoch 22: loss 0.4083, val_ap 0.5020, minutes 34.36, lr 1.00e-03
    epoch 23: loss 0.4172, val_ap 0.5389, minutes 35.91, lr 5.00e-04
    epoch 24: loss 0.3692, val_ap 0.5423, minutes 37.44, lr 5.00e-04
    epoch 25: loss 0.3443, val_ap 0.5231, minutes 38.98, lr 5.00e-04
    epoch 26: loss 0.3507, val_ap 0.5377, minutes 40.54, lr 5.00e-04
    epoch 27: loss 0.3325, val_ap 0.5355, minutes 42.08, lr 5.00e-04
    epoch 28: loss 0.3426, val_ap 0.5367, minutes 43.64, lr 5.00e-04
    epoch 29: loss 0.3188, val_ap 0.5150, minutes 45.2, lr 5.00e-04
    epoch 30: loss 0.3243, val_ap 0.5093, minutes 46.76, lr 5.00e-04
    epoch 31: loss 0.3294, val_ap 0.5421, minutes 48.29, lr 5.00e-04
    epoch 32: loss 0.3130, val_ap 0.5120, minutes 49.87, lr 2.50e-04
    epoch 33: loss 0.2887, val_ap 0.5283, minutes 51.43, lr 2.50e-04
    epoch 34: loss 0.2729, val_ap 0.5122, minutes 52.98, lr 2.50e-04
    epoch 35: loss 0.2655, val_ap 0.5038, minutes 54.52, lr 2.50e-04
    epoch 36: loss 0.2682, val_ap 0.5279, minutes 56.07, lr 2.50e-04
    epoch 37: loss 0.2627, val_ap 0.4914, minutes 57.64, lr 2.50e-04
    epoch 38: loss 0.2542, val_ap 0.5187, minutes 59.16, lr 2.50e-04
    epoch 39: loss 0.2569, val_ap 0.4956, minutes 60.69, lr 2.50e-04
    stopping: no validation gain in 25 epochs
[gat dataset0 fold 0 seed 1] done (61.5 min)
