loaded: dataset0 121,838 sites, data1 90,452
[fk_band_shuffled dataset0 fold 2 seed 2]
    band weights [0.387, 0.361, 0.252] (bands ((0, 30), (30, 75), (75, 150)))
    epoch 1: loss 1.9625, val_ap 0.1908, minutes 0.44, lr 3.33e-04
    epoch 2: loss 1.5454, val_ap 0.2867, minutes 0.94, lr 6.63e-04
    epoch 3: loss 1.3410, val_ap 0.4233, minutes 1.41, lr 9.89e-04
    epoch 4: loss 1.2171, val_ap 0.4999, minutes 1.86, lr 1.00e-03
    epoch 5: loss 1.1182, val_ap 0.5171, minutes 2.36, lr 1.00e-03
    epoch 6: loss 1.1038, val_ap 0.5297, minutes 2.79, lr 1.00e-03
    epoch 7: loss 1.0887, val_ap 0.5447, minutes 3.25, lr 1.00e-03
    epoch 8: loss 1.0356, val_ap 0.5578, minutes 3.68, lr 1.00e-03
    epoch 9: loss 1.0426, val_ap 0.5699, minutes 4.2, lr 1.00e-03
    epoch 10: loss 0.9926, val_ap 0.5793, minutes 4.67, lr 1.00e-03
    epoch 11: loss 0.9534, val_ap 0.5812, minutes 5.17, lr 1.00e-03
    epoch 12: loss 0.9836, val_ap 0.5750, minutes 5.61, lr 1.00e-03
    epoch 13: loss 0.9419, val_ap 0.5889, minutes 6.06, lr 1.00e-03
    epoch 14: loss 0.9423, val_ap 0.5865, minutes 6.49, lr 1.00e-03
    epoch 15: loss 0.9304, val_ap 0.5848, minutes 7.01, lr 1.00e-03
    epoch 16: loss 0.9290, val_ap 0.5874, minutes 7.49, lr 1.00e-03
    epoch 17: loss 0.9194, val_ap 0.5925, minutes 7.97, lr 1.00e-03
    epoch 18: loss 0.9136, val_ap 0.5948, minutes 8.45, lr 1.00e-03
    epoch 19: loss 0.9090, val_ap 0.5979, minutes 8.9, lr 1.00e-03
    epoch 20: loss 0.9097, val_ap 0.5989, minutes 9.39, lr 1.00e-03
    epoch 21: loss 0.8873, val_ap 0.5965, minutes 9.85, lr 1.00e-03
    epoch 22: loss 0.9001, val_ap 0.5922, minutes 10.3, lr 1.00e-03
    epoch 23: loss 0.9048, val_ap 0.5909, minutes 10.77, lr 1.00e-03
    epoch 24: loss 0.8747, val_ap 0.5973, minutes 11.24, lr 1.00e-03
    epoch 25: loss 0.8662, val_ap 0.5981, minutes 11.71, lr 1.00e-03
    epoch 26: loss 0.8668, val_ap 0.5965, minutes 12.18, lr 1.00e-03
    epoch 27: loss 0.8701, val_ap 0.6063, minutes 12.65, lr 1.00e-03
    epoch 28: loss 0.8595, val_ap 0.6085, minutes 13.12, lr 1.00e-03
    epoch 29: loss 0.8661, val_ap 0.6033, minutes 13.57, lr 1.00e-03
    epoch 30: loss 0.8555, val_ap 0.6056, minutes 14.05, lr 1.00e-03
    epoch 31: loss 0.8652, val_ap 0.5936, minutes 14.5, lr 1.00e-03
    epoch 32: loss 0.8790, val_ap 0.6031, minutes 14.96, lr 1.00e-03
    epoch 33: loss 0.8746, val_ap 0.6079, minutes 15.42, lr 1.00e-03
    epoch 34: loss 0.8424, val_ap 0.6088, minutes 15.9, lr 1.00e-03
    epoch 35: loss 0.8482, val_ap 0.6078, minutes 16.37, lr 1.00e-03
    epoch 36: loss 0.8370, val_ap 0.6025, minutes 16.88, lr 1.00e-03
    epoch 37: loss 0.8462, val_ap 0.6116, minutes 17.36, lr 1.00e-03
    epoch 38: loss 0.8414, val_ap 0.6149, minutes 17.9, lr 1.00e-03
    epoch 39: loss 0.8377, val_ap 0.6193, minutes 18.37, lr 1.00e-03
    epoch 40: loss 0.8419, val_ap 0.6104, minutes 18.87, lr 1.00e-03
    epoch 41: loss 0.8197, val_ap 0.6128, minutes 19.36, lr 1.00e-03
    epoch 42: loss 0.8232, val_ap 0.6152, minutes 19.82, lr 1.00e-03
    epoch 43: loss 0.8155, val_ap 0.6104, minutes 20.29, lr 1.00e-03
    epoch 44: loss 0.8025, val_ap 0.6189, minutes 20.79, lr 1.00e-03
    epoch 45: loss 0.8101, val_ap 0.5995, minutes 21.28, lr 1.00e-03
    epoch 46: loss 0.8077, val_ap 0.6115, minutes 21.8, lr 1.00e-03
    epoch 47: loss 0.8226, val_ap 0.6170, minutes 22.31, lr 1.00e-03
    epoch 48: loss 0.7908, val_ap 0.6072, minutes 22.82, lr 5.00e-04
    epoch 49: loss 0.7761, val_ap 0.6153, minutes 23.3, lr 5.00e-04
    epoch 50: loss 0.7839, val_ap 0.6134, minutes 23.76, lr 5.00e-04
    epoch 51: loss 0.7616, val_ap 0.6112, minutes 24.23, lr 5.00e-04
    epoch 52: loss 0.7643, val_ap 0.6133, minutes 24.72, lr 5.00e-04
    epoch 53: loss 0.7626, val_ap 0.6134, minutes 25.25, lr 5.00e-04
    epoch 54: loss 0.7742, val_ap 0.6129, minutes 25.68, lr 5.00e-04
    epoch 55: loss 0.7558, val_ap 0.6202, minutes 26.17, lr 5.00e-04
    epoch 56: loss 0.7549, val_ap 0.6158, minutes 26.64, lr 5.00e-04
    epoch 57: loss 0.7563, val_ap 0.6107, minutes 27.1, lr 5.00e-04
    epoch 58: loss 0.7527, val_ap 0.6140, minutes 27.6, lr 5.00e-04
    epoch 59: loss 0.7666, val_ap 0.6100, minutes 28.05, lr 5.00e-04
    epoch 60: loss 0.7671, val_ap 0.6149, minutes 28.55, lr 5.00e-04
    epoch 61: loss 0.7549, val_ap 0.6126, minutes 29.02, lr 5.00e-04
    epoch 62: loss 0.7562, val_ap 0.6129, minutes 29.5, lr 5.00e-04
    epoch 63: loss 0.7483, val_ap 0.6130, minutes 29.94, lr 5.00e-04
    epoch 64: loss 0.7381, val_ap 0.6099, minutes 30.42, lr 2.50e-04
    epoch 65: loss 0.7399, val_ap 0.6093, minutes 30.86, lr 2.50e-04
    epoch 66: loss 0.7331, val_ap 0.6115, minutes 31.33, lr 2.50e-04
    epoch 67: loss 0.7342, val_ap 0.6116, minutes 31.79, lr 2.50e-04
    epoch 68: loss 0.7307, val_ap 0.6152, minutes 32.24, lr 2.50e-04
    epoch 69: loss 0.7262, val_ap 0.6149, minutes 32.72, lr 2.50e-04
    epoch 70: loss 0.7207, val_ap 0.6122, minutes 33.23, lr 2.50e-04
    epoch 71: loss 0.7492, val_ap 0.6054, minutes 33.7, lr 2.50e-04
    epoch 72: loss 0.7210, val_ap 0.6088, minutes 34.17, lr 2.50e-04
    epoch 73: loss 0.7149, val_ap 0.6121, minutes 34.62, lr 1.25e-04
    epoch 74: loss 0.7164, val_ap 0.6109, minutes 35.11, lr 1.25e-04
    epoch 75: loss 0.7117, val_ap 0.6108, minutes 35.58, lr 1.25e-04
    epoch 76: loss 0.7042, val_ap 0.6120, minutes 36.08, lr 1.25e-04
    epoch 77: loss 0.7170, val_ap 0.6123, minutes 36.55, lr 1.25e-04
    epoch 78: loss 0.7171, val_ap 0.6115, minutes 37.02, lr 1.25e-04
    epoch 79: loss 0.7044, val_ap 0.6102, minutes 37.5, lr 1.25e-04
    epoch 80: loss 0.7181, val_ap 0.6082, minutes 37.94, lr 1.25e-04
    stopping: no validation gain in 25 epochs
[fk_band_shuffled dataset0 fold 2 seed 2] done (38.6 min)
