loaded: dataset0 121,838 sites, data1 90,452
[fk_band dataset0 fold 4 seed 2]
    band weights [0.402, 0.362, 0.236] (bands ((0, 30), (30, 75), (75, 150)))
    epoch 1: loss 1.9656, val_ap 0.1508, minutes 0.47, lr 3.33e-04
    epoch 2: loss 1.6152, val_ap 0.2162, minutes 0.99, lr 6.63e-04
    epoch 3: loss 1.3682, val_ap 0.3873, minutes 1.5, lr 9.92e-04
    epoch 4: loss 1.1938, val_ap 0.4740, minutes 2.0, lr 1.00e-03
    epoch 5: loss 1.1373, val_ap 0.4958, minutes 2.62, lr 1.00e-03
    epoch 6: loss 1.1204, val_ap 0.5077, minutes 3.11, lr 1.00e-03
    epoch 7: loss 1.0424, val_ap 0.5166, minutes 3.64, lr 1.00e-03
    epoch 8: loss 1.0582, val_ap 0.5299, minutes 4.12, lr 1.00e-03
    epoch 9: loss 1.0147, val_ap 0.5306, minutes 4.57, lr 1.00e-03
    epoch 10: loss 0.9820, val_ap 0.5411, minutes 5.1, lr 1.00e-03
    epoch 11: loss 0.9762, val_ap 0.5394, minutes 5.55, lr 1.00e-03
    epoch 12: loss 0.9572, val_ap 0.5524, minutes 6.09, lr 1.00e-03
    epoch 13: loss 0.9393, val_ap 0.5500, minutes 6.65, lr 1.00e-03
    epoch 14: loss 0.9365, val_ap 0.5570, minutes 7.12, lr 1.00e-03
    epoch 15: loss 0.9135, val_ap 0.5567, minutes 7.63, lr 1.00e-03
    epoch 16: loss 0.9284, val_ap 0.5572, minutes 8.13, lr 1.00e-03
    epoch 17: loss 0.9122, val_ap 0.5595, minutes 8.65, lr 1.00e-03
    epoch 18: loss 0.8991, val_ap 0.5677, minutes 9.14, lr 1.00e-03
    epoch 19: loss 0.9197, val_ap 0.5592, minutes 9.65, lr 1.00e-03
    epoch 20: loss 0.9143, val_ap 0.5565, minutes 10.15, lr 1.00e-03
    epoch 21: loss 0.8948, val_ap 0.5634, minutes 10.61, lr 1.00e-03
    epoch 22: loss 0.9050, val_ap 0.5702, minutes 11.11, lr 1.00e-03
    epoch 23: loss 0.8785, val_ap 0.5696, minutes 11.63, lr 1.00e-03
    epoch 24: loss 0.8866, val_ap 0.5767, minutes 12.13, lr 1.00e-03
    epoch 25: loss 0.8853, val_ap 0.5769, minutes 12.62, lr 1.00e-03
    epoch 26: loss 0.8674, val_ap 0.5745, minutes 13.12, lr 1.00e-03
    epoch 27: loss 0.8759, val_ap 0.5735, minutes 13.64, lr 1.00e-03
    epoch 28: loss 0.8673, val_ap 0.5759, minutes 14.11, lr 1.00e-03
    epoch 29: loss 0.8606, val_ap 0.5808, minutes 14.6, lr 1.00e-03
    epoch 30: loss 0.8637, val_ap 0.5742, minutes 15.11, lr 1.00e-03
    epoch 31: loss 0.8438, val_ap 0.5703, minutes 15.57, lr 1.00e-03
    epoch 32: loss 0.8594, val_ap 0.5780, minutes 16.09, lr 1.00e-03
    epoch 33: loss 0.8404, val_ap 0.5701, minutes 16.58, lr 1.00e-03
    epoch 34: loss 0.8387, val_ap 0.5856, minutes 17.03, lr 1.00e-03
    epoch 35: loss 0.8500, val_ap 0.5732, minutes 17.57, lr 1.00e-03
    epoch 36: loss 0.8464, val_ap 0.5820, minutes 18.06, lr 1.00e-03
    epoch 37: loss 0.8349, val_ap 0.5865, minutes 18.55, lr 1.00e-03
    epoch 38: loss 0.8114, val_ap 0.5839, minutes 19.04, lr 1.00e-03
    epoch 39: loss 0.8378, val_ap 0.5829, minutes 19.54, lr 1.00e-03
    epoch 40: loss 0.8354, val_ap 0.5849, minutes 19.98, lr 1.00e-03
    epoch 41: loss 0.8236, val_ap 0.5790, minutes 20.5, lr 1.00e-03
    epoch 42: loss 0.8209, val_ap 0.5809, minutes 20.96, lr 1.00e-03
    epoch 43: loss 0.8197, val_ap 0.5758, minutes 21.44, lr 1.00e-03
    epoch 44: loss 0.8061, val_ap 0.5808, minutes 21.91, lr 1.00e-03
    epoch 45: loss 0.8109, val_ap 0.5789, minutes 22.41, lr 1.00e-03
    epoch 46: loss 0.7914, val_ap 0.5824, minutes 22.9, lr 5.00e-04
    epoch 47: loss 0.7934, val_ap 0.5872, minutes 23.37, lr 5.00e-04
    epoch 48: loss 0.7860, val_ap 0.5839, minutes 23.86, lr 5.00e-04
    epoch 49: loss 0.7802, val_ap 0.5851, minutes 24.29, lr 5.00e-04
    epoch 50: loss 0.7832, val_ap 0.5896, minutes 24.8, lr 5.00e-04
    epoch 51: loss 0.7705, val_ap 0.5862, minutes 25.32, lr 5.00e-04
    epoch 52: loss 0.7814, val_ap 0.5827, minutes 25.85, lr 5.00e-04
    epoch 53: loss 0.7697, val_ap 0.5885, minutes 26.37, lr 5.00e-04
    epoch 54: loss 0.7822, val_ap 0.5940, minutes 26.91, lr 5.00e-04
    epoch 55: loss 0.7552, val_ap 0.5822, minutes 27.39, lr 5.00e-04
    epoch 56: loss 0.7625, val_ap 0.5843, minutes 27.87, lr 5.00e-04
    epoch 57: loss 0.7658, val_ap 0.5909, minutes 28.34, lr 5.00e-04
    epoch 58: loss 0.7661, val_ap 0.5878, minutes 28.83, lr 5.00e-04
    epoch 59: loss 0.7632, val_ap 0.5901, minutes 29.33, lr 5.00e-04
    epoch 60: loss 0.7634, val_ap 0.5877, minutes 29.82, lr 5.00e-04
    epoch 61: loss 0.7684, val_ap 0.5910, minutes 30.32, lr 5.00e-04
    epoch 62: loss 0.7547, val_ap 0.5933, minutes 30.83, lr 5.00e-04
    epoch 63: loss 0.7626, val_ap 0.5955, minutes 31.3, lr 5.00e-04
    epoch 64: loss 0.7438, val_ap 0.5974, minutes 31.78, lr 5.00e-04
    epoch 65: loss 0.7569, val_ap 0.5961, minutes 32.29, lr 5.00e-04
    epoch 66: loss 0.7465, val_ap 0.5940, minutes 32.81, lr 5.00e-04
    epoch 67: loss 0.7414, val_ap 0.5938, minutes 33.29, lr 5.00e-04
    epoch 68: loss 0.7496, val_ap 0.5953, minutes 33.8, lr 5.00e-04
    epoch 69: loss 0.7393, val_ap 0.5936, minutes 34.25, lr 5.00e-04
    epoch 70: loss 0.7469, val_ap 0.5954, minutes 34.77, lr 5.00e-04
    epoch 71: loss 0.7503, val_ap 0.5952, minutes 35.26, lr 5.00e-04
    epoch 72: loss 0.7303, val_ap 0.5943, minutes 35.77, lr 5.00e-04
    epoch 73: loss 0.7284, val_ap 0.5910, minutes 36.28, lr 2.50e-04
    epoch 74: loss 0.7391, val_ap 0.5990, minutes 36.78, lr 2.50e-04
    epoch 75: loss 0.7139, val_ap 0.5974, minutes 37.26, lr 2.50e-04
    epoch 76: loss 0.7161, val_ap 0.5993, minutes 37.75, lr 2.50e-04
    epoch 77: loss 0.7340, val_ap 0.5982, minutes 38.28, lr 2.50e-04
    epoch 78: loss 0.7226, val_ap 0.5992, minutes 38.79, lr 2.50e-04
    epoch 79: loss 0.7175, val_ap 0.5952, minutes 39.3, lr 2.50e-04
    epoch 80: loss 0.7216, val_ap 0.5957, minutes 39.81, lr 2.50e-04
    epoch 81: loss 0.7277, val_ap 0.5962, minutes 40.31, lr 2.50e-04
    epoch 82: loss 0.7188, val_ap 0.5964, minutes 40.8, lr 2.50e-04
    epoch 83: loss 0.7202, val_ap 0.5972, minutes 41.29, lr 2.50e-04
    epoch 84: loss 0.7222, val_ap 0.5993, minutes 41.78, lr 2.50e-04
    epoch 85: loss 0.7051, val_ap 0.5954, minutes 42.26, lr 1.25e-04
    epoch 86: loss 0.6989, val_ap 0.5957, minutes 42.78, lr 1.25e-04
    epoch 87: loss 0.7005, val_ap 0.5947, minutes 43.26, lr 1.25e-04
    epoch 88: loss 0.6968, val_ap 0.5940, minutes 43.76, lr 1.25e-04
    epoch 89: loss 0.7000, val_ap 0.5948, minutes 44.26, lr 1.25e-04
    epoch 90: loss 0.7019, val_ap 0.5948, minutes 44.75, lr 1.25e-04
    epoch 91: loss 0.6991, val_ap 0.5959, minutes 45.25, lr 1.25e-04
    epoch 92: loss 0.6922, val_ap 0.5933, minutes 45.68, lr 1.25e-04
    epoch 93: loss 0.6879, val_ap 0.5951, minutes 46.18, lr 1.25e-04
    epoch 94: loss 0.6900, val_ap 0.5962, minutes 46.64, lr 6.25e-05
    epoch 95: loss 0.6932, val_ap 0.5962, minutes 47.13, lr 6.25e-05
    epoch 96: loss 0.6917, val_ap 0.5958, minutes 47.59, lr 6.25e-05
    epoch 97: loss 0.6909, val_ap 0.5950, minutes 48.06, lr 6.25e-05
    epoch 98: loss 0.6969, val_ap 0.5954, minutes 48.52, lr 6.25e-05
    epoch 99: loss 0.6988, val_ap 0.5956, minutes 49.08, lr 6.25e-05
    epoch 100: loss 0.6914, val_ap 0.5954, minutes 49.61, lr 6.25e-05
    epoch 101: loss 0.6943, val_ap 0.5961, minutes 50.16, lr 6.25e-05
    epoch 102: loss 0.7018, val_ap 0.5956, minutes 50.66, lr 6.25e-05
    epoch 103: loss 0.6990, val_ap 0.5961, minutes 51.11, lr 3.13e-05
    epoch 104: loss 0.6966, val_ap 0.5966, minutes 51.57, lr 3.13e-05
    epoch 105: loss 0.7050, val_ap 0.5961, minutes 52.02, lr 3.13e-05
    epoch 106: loss 0.6848, val_ap 0.5961, minutes 52.51, lr 3.13e-05
    epoch 107: loss 0.6998, val_ap 0.5956, minutes 52.95, lr 3.13e-05
    epoch 108: loss 0.6889, val_ap 0.5956, minutes 53.44, lr 3.13e-05
    epoch 109: loss 0.6957, val_ap 0.5956, minutes 53.92, lr 3.13e-05
    stopping: no validation gain in 25 epochs
[fk_band dataset0 fold 4 seed 2] done (54.7 min)
