loaded: dataset0 121,838 sites, data1 90,452
[h2gcn_aux dataset0 fold 2 seed 2]
    epoch 1: loss 1.9623, val_ap 0.1787, minutes 0.52, lr 3.33e-04
    epoch 2: loss 1.5513, val_ap 0.2631, minutes 0.96, lr 6.63e-04
    epoch 3: loss 1.3482, val_ap 0.3824, minutes 1.5, lr 9.89e-04
    epoch 4: loss 1.2355, val_ap 0.4513, minutes 2.02, lr 1.00e-03
    epoch 5: loss 1.1488, val_ap 0.4668, minutes 2.56, lr 1.00e-03
    epoch 6: loss 1.1243, val_ap 0.4807, minutes 3.14, lr 1.00e-03
    epoch 7: loss 1.1063, val_ap 0.4900, minutes 3.67, lr 1.00e-03
    epoch 8: loss 1.0599, val_ap 0.4969, minutes 4.2, lr 1.00e-03
    epoch 9: loss 1.0606, val_ap 0.5044, minutes 4.7, lr 1.00e-03
    epoch 10: loss 1.0270, val_ap 0.5065, minutes 5.25, lr 1.00e-03
    epoch 11: loss 0.9959, val_ap 0.5160, minutes 5.82, lr 1.00e-03
    epoch 12: loss 1.0159, val_ap 0.5177, minutes 6.33, lr 1.00e-03
    epoch 13: loss 0.9806, val_ap 0.5168, minutes 6.85, lr 1.00e-03
    epoch 14: loss 0.9815, val_ap 0.5220, minutes 7.34, lr 1.00e-03
    epoch 15: loss 0.9756, val_ap 0.5168, minutes 7.9, lr 1.00e-03
    epoch 16: loss 0.9653, val_ap 0.5174, minutes 8.42, lr 1.00e-03
    epoch 17: loss 0.9585, val_ap 0.5206, minutes 8.91, lr 1.00e-03
    epoch 18: loss 0.9540, val_ap 0.5251, minutes 9.48, lr 1.00e-03
    epoch 19: loss 0.9502, val_ap 0.5256, minutes 9.99, lr 1.00e-03
    epoch 20: loss 0.9505, val_ap 0.5311, minutes 10.5, lr 1.00e-03
    epoch 21: loss 0.9392, val_ap 0.5285, minutes 11.05, lr 1.00e-03
    epoch 22: loss 0.9535, val_ap 0.5275, minutes 11.57, lr 1.00e-03
    epoch 23: loss 0.9460, val_ap 0.5257, minutes 12.11, lr 1.00e-03
    epoch 24: loss 0.9243, val_ap 0.5309, minutes 12.64, lr 1.00e-03
    epoch 25: loss 0.9128, val_ap 0.5403, minutes 13.16, lr 1.00e-03
    epoch 26: loss 0.9162, val_ap 0.5393, minutes 13.65, lr 1.00e-03
    epoch 27: loss 0.8997, val_ap 0.5409, minutes 14.17, lr 1.00e-03
    epoch 28: loss 0.9030, val_ap 0.5456, minutes 14.8, lr 1.00e-03
    epoch 29: loss 0.9032, val_ap 0.5444, minutes 15.35, lr 1.00e-03
    epoch 30: loss 0.8949, val_ap 0.5432, minutes 15.89, lr 1.00e-03
    epoch 31: loss 0.9003, val_ap 0.5343, minutes 16.43, lr 1.00e-03
    epoch 32: loss 0.9344, val_ap 0.5350, minutes 17.0, lr 1.00e-03
    epoch 33: loss 0.9122, val_ap 0.5488, minutes 17.54, lr 1.00e-03
    epoch 34: loss 0.8800, val_ap 0.5489, minutes 18.08, lr 1.00e-03
    epoch 35: loss 0.8926, val_ap 0.5408, minutes 18.58, lr 1.00e-03
    epoch 36: loss 0.8721, val_ap 0.5400, minutes 19.09, lr 1.00e-03
    epoch 37: loss 0.8837, val_ap 0.5410, minutes 19.57, lr 1.00e-03
    epoch 38: loss 0.8814, val_ap 0.5559, minutes 20.11, lr 1.00e-03
    epoch 39: loss 0.8831, val_ap 0.5584, minutes 20.66, lr 1.00e-03
    epoch 40: loss 0.8797, val_ap 0.5521, minutes 21.17, lr 1.00e-03
    epoch 41: loss 0.8586, val_ap 0.5535, minutes 21.67, lr 1.00e-03
    epoch 42: loss 0.8702, val_ap 0.5530, minutes 22.17, lr 1.00e-03
    epoch 43: loss 0.8641, val_ap 0.5515, minutes 22.68, lr 1.00e-03
    epoch 44: loss 0.8437, val_ap 0.5564, minutes 23.2, lr 1.00e-03
    epoch 45: loss 0.8432, val_ap 0.5486, minutes 23.7, lr 1.00e-03
    epoch 46: loss 0.8523, val_ap 0.5604, minutes 24.25, lr 1.00e-03
    epoch 47: loss 0.8583, val_ap 0.5558, minutes 24.75, lr 1.00e-03
    epoch 48: loss 0.8361, val_ap 0.5501, minutes 25.28, lr 1.00e-03
    epoch 49: loss 0.8308, val_ap 0.5590, minutes 25.77, lr 1.00e-03
    epoch 50: loss 0.8411, val_ap 0.5594, minutes 26.26, lr 1.00e-03
    epoch 51: loss 0.8088, val_ap 0.5584, minutes 26.79, lr 1.00e-03
    epoch 52: loss 0.8307, val_ap 0.5647, minutes 27.27, lr 1.00e-03
    epoch 53: loss 0.8221, val_ap 0.5631, minutes 27.77, lr 1.00e-03
    epoch 54: loss 0.8218, val_ap 0.5652, minutes 28.26, lr 1.00e-03
    epoch 55: loss 0.8001, val_ap 0.5646, minutes 28.78, lr 1.00e-03
    epoch 56: loss 0.8082, val_ap 0.5721, minutes 29.3, lr 1.00e-03
    epoch 57: loss 0.8042, val_ap 0.5648, minutes 29.81, lr 1.00e-03
    epoch 58: loss 0.8029, val_ap 0.5642, minutes 30.37, lr 1.00e-03
    epoch 59: loss 0.8055, val_ap 0.5701, minutes 30.88, lr 1.00e-03
    epoch 60: loss 0.8035, val_ap 0.5752, minutes 31.4, lr 1.00e-03
    epoch 61: loss 0.8025, val_ap 0.5706, minutes 31.94, lr 1.00e-03
    epoch 62: loss 0.7967, val_ap 0.5750, minutes 32.45, lr 1.00e-03
    epoch 63: loss 0.7843, val_ap 0.5756, minutes 32.95, lr 1.00e-03
    epoch 64: loss 0.7742, val_ap 0.5708, minutes 33.49, lr 1.00e-03
    epoch 65: loss 0.7791, val_ap 0.5650, minutes 34.0, lr 1.00e-03
    epoch 66: loss 0.7722, val_ap 0.5683, minutes 34.52, lr 1.00e-03
    epoch 67: loss 0.7818, val_ap 0.5810, minutes 35.06, lr 1.00e-03
    epoch 68: loss 0.7648, val_ap 0.5695, minutes 35.56, lr 1.00e-03
    epoch 69: loss 0.7553, val_ap 0.5700, minutes 36.07, lr 1.00e-03
    epoch 70: loss 0.7712, val_ap 0.5709, minutes 36.54, lr 1.00e-03
    epoch 71: loss 0.8086, val_ap 0.5833, minutes 37.02, lr 1.00e-03
    epoch 72: loss 0.7806, val_ap 0.5770, minutes 37.56, lr 1.00e-03
    epoch 73: loss 0.7435, val_ap 0.5862, minutes 38.1, lr 1.00e-03
    epoch 74: loss 0.7479, val_ap 0.5854, minutes 38.61, lr 1.00e-03
    epoch 75: loss 0.7617, val_ap 0.5828, minutes 39.18, lr 1.00e-03
    epoch 76: loss 0.7476, val_ap 0.5702, minutes 39.69, lr 1.00e-03
    epoch 77: loss 0.7580, val_ap 0.5816, minutes 40.19, lr 1.00e-03
    epoch 78: loss 0.7381, val_ap 0.5792, minutes 40.73, lr 1.00e-03
    epoch 79: loss 0.7201, val_ap 0.5812, minutes 41.26, lr 1.00e-03
    epoch 80: loss 0.7444, val_ap 0.5719, minutes 41.76, lr 1.00e-03
    epoch 81: loss 0.7443, val_ap 0.5648, minutes 42.27, lr 1.00e-03
    epoch 82: loss 0.7404, val_ap 0.5884, minutes 42.78, lr 1.00e-03
    epoch 83: loss 0.7222, val_ap 0.5796, minutes 43.38, lr 1.00e-03
    epoch 84: loss 0.7171, val_ap 0.5834, minutes 43.93, lr 1.00e-03
    epoch 85: loss 0.7276, val_ap 0.5801, minutes 44.48, lr 1.00e-03
    epoch 86: loss 0.7324, val_ap 0.5814, minutes 45.05, lr 1.00e-03
    epoch 87: loss 0.7176, val_ap 0.5864, minutes 45.57, lr 1.00e-03
    epoch 88: loss 0.7120, val_ap 0.5783, minutes 46.1, lr 1.00e-03
    epoch 89: loss 0.7138, val_ap 0.5800, minutes 46.66, lr 1.00e-03
    epoch 90: loss 0.6962, val_ap 0.5748, minutes 47.22, lr 1.00e-03
    epoch 91: loss 0.6974, val_ap 0.5749, minutes 47.77, lr 5.00e-04
    epoch 92: loss 0.6860, val_ap 0.5765, minutes 48.36, lr 5.00e-04
    epoch 93: loss 0.6738, val_ap 0.5722, minutes 48.91, lr 5.00e-04
    epoch 94: loss 0.6759, val_ap 0.5754, minutes 49.45, lr 5.00e-04
    epoch 95: loss 0.6766, val_ap 0.5727, minutes 49.97, lr 5.00e-04
    epoch 96: loss 0.6787, val_ap 0.5747, minutes 50.52, lr 5.00e-04
    epoch 97: loss 0.6607, val_ap 0.5816, minutes 51.02, lr 5.00e-04
    epoch 98: loss 0.6537, val_ap 0.5734, minutes 51.61, lr 5.00e-04
    epoch 99: loss 0.6747, val_ap 0.5829, minutes 52.14, lr 5.00e-04
    epoch 100: loss 0.6615, val_ap 0.5779, minutes 52.68, lr 2.50e-04
    epoch 101: loss 0.6596, val_ap 0.5838, minutes 53.21, lr 2.50e-04
    epoch 102: loss 0.6534, val_ap 0.5756, minutes 53.7, lr 2.50e-04
    epoch 103: loss 0.6417, val_ap 0.5792, minutes 54.25, lr 2.50e-04
    epoch 104: loss 0.6462, val_ap 0.5741, minutes 54.78, lr 2.50e-04
    epoch 105: loss 0.6343, val_ap 0.5744, minutes 55.35, lr 2.50e-04
    epoch 106: loss 0.6332, val_ap 0.5704, minutes 55.95, lr 2.50e-04
    epoch 107: loss 0.6342, val_ap 0.5818, minutes 56.49, lr 2.50e-04
    stopping: no validation gain in 25 epochs
[h2gcn_aux dataset0 fold 2 seed 2] done (57.2 min)
