loaded: dataset0 121,838 sites, data1 90,452
[fk_band_shuffled dataset0 fold 0]
    band weights [0.395, 0.347, 0.258] (bands ((0, 30), (30, 75), (75, 150)))
    epoch 1: loss 1.9689, val_ap 0.1868, minutes 0.49, lr 3.33e-04
    epoch 2: loss 1.5878, val_ap 0.2752, minutes 1.04, lr 6.59e-04
    epoch 3: loss 1.3640, val_ap 0.4130, minutes 1.57, lr 9.88e-04
    epoch 4: loss 1.2219, val_ap 0.4762, minutes 2.14, lr 1.00e-03
    epoch 5: loss 1.0933, val_ap 0.4881, minutes 2.72, lr 1.00e-03
    epoch 6: loss 1.0597, val_ap 0.4948, minutes 3.25, lr 1.00e-03
    epoch 7: loss 1.0525, val_ap 0.5060, minutes 3.84, lr 1.00e-03
    epoch 8: loss 1.0063, val_ap 0.5214, minutes 4.42, lr 1.00e-03
    epoch 9: loss 1.0088, val_ap 0.5231, minutes 4.98, lr 1.00e-03
    epoch 10: loss 0.9873, val_ap 0.5265, minutes 5.51, lr 1.00e-03
    epoch 11: loss 0.9596, val_ap 0.5376, minutes 6.09, lr 1.00e-03
    epoch 12: loss 0.9540, val_ap 0.5304, minutes 6.68, lr 1.00e-03
    epoch 13: loss 0.9432, val_ap 0.5483, minutes 7.16, lr 1.00e-03
    epoch 14: loss 0.9472, val_ap 0.5386, minutes 7.73, lr 1.00e-03
    epoch 15: loss 0.9351, val_ap 0.5476, minutes 8.27, lr 1.00e-03
    epoch 16: loss 0.9061, val_ap 0.5507, minutes 8.83, lr 1.00e-03
    epoch 17: loss 0.9481, val_ap 0.5512, minutes 9.38, lr 1.00e-03
    epoch 18: loss 0.9156, val_ap 0.5481, minutes 9.94, lr 1.00e-03
    epoch 19: loss 0.9136, val_ap 0.5515, minutes 10.5, lr 1.00e-03
    epoch 20: loss 0.8832, val_ap 0.5611, minutes 11.07, lr 1.00e-03
    epoch 21: loss 0.8800, val_ap 0.5587, minutes 11.6, lr 1.00e-03
    epoch 22: loss 0.8850, val_ap 0.5577, minutes 12.1, lr 1.00e-03
    epoch 23: loss 0.8930, val_ap 0.5591, minutes 12.67, lr 1.00e-03
    epoch 24: loss 0.9024, val_ap 0.5625, minutes 13.21, lr 1.00e-03
    epoch 25: loss 0.9118, val_ap 0.5685, minutes 13.79, lr 1.00e-03
    epoch 26: loss 0.8629, val_ap 0.5693, minutes 14.32, lr 1.00e-03
    epoch 27: loss 0.8493, val_ap 0.5692, minutes 14.92, lr 1.00e-03
    epoch 28: loss 0.8788, val_ap 0.5730, minutes 15.46, lr 1.00e-03
    epoch 29: loss 0.8800, val_ap 0.5662, minutes 16.0, lr 1.00e-03
    epoch 30: loss 0.8573, val_ap 0.5679, minutes 16.61, lr 1.00e-03
    epoch 31: loss 0.8666, val_ap 0.5778, minutes 17.19, lr 1.00e-03
    epoch 32: loss 0.8435, val_ap 0.5734, minutes 17.73, lr 1.00e-03
    epoch 33: loss 0.8368, val_ap 0.5806, minutes 18.33, lr 1.00e-03
    epoch 34: loss 0.8840, val_ap 0.5754, minutes 18.86, lr 1.00e-03
    epoch 35: loss 0.8356, val_ap 0.5781, minutes 19.41, lr 1.00e-03
    epoch 36: loss 0.8520, val_ap 0.5820, minutes 19.89, lr 1.00e-03
    epoch 37: loss 0.8621, val_ap 0.5822, minutes 20.43, lr 1.00e-03
    epoch 38: loss 0.8363, val_ap 0.5875, minutes 20.96, lr 1.00e-03
    epoch 39: loss 0.8174, val_ap 0.5771, minutes 21.49, lr 1.00e-03
    epoch 40: loss 0.8224, val_ap 0.5814, minutes 22.08, lr 1.00e-03
    epoch 41: loss 0.8046, val_ap 0.5748, minutes 22.54, lr 1.00e-03
    epoch 42: loss 0.8037, val_ap 0.5825, minutes 23.12, lr 1.00e-03
    epoch 43: loss 0.8102, val_ap 0.5804, minutes 23.67, lr 1.00e-03
    epoch 44: loss 0.7965, val_ap 0.5898, minutes 24.24, lr 1.00e-03
    epoch 45: loss 0.8045, val_ap 0.5951, minutes 24.75, lr 1.00e-03
    epoch 46: loss 0.8020, val_ap 0.5872, minutes 25.29, lr 1.00e-03
    epoch 47: loss 0.7941, val_ap 0.5764, minutes 25.88, lr 1.00e-03
    epoch 48: loss 0.7987, val_ap 0.5927, minutes 26.45, lr 1.00e-03
    epoch 49: loss 0.8063, val_ap 0.5941, minutes 27.0, lr 1.00e-03
    epoch 50: loss 0.7795, val_ap 0.5930, minutes 27.57, lr 1.00e-03
    epoch 51: loss 0.7832, val_ap 0.5936, minutes 28.12, lr 1.00e-03
    epoch 52: loss 0.7747, val_ap 0.5927, minutes 28.68, lr 1.00e-03
    epoch 53: loss 0.7645, val_ap 0.5986, minutes 29.2, lr 1.00e-03
    epoch 54: loss 0.7731, val_ap 0.6020, minutes 29.75, lr 1.00e-03
    epoch 55: loss 0.7761, val_ap 0.6035, minutes 30.29, lr 1.00e-03
    epoch 56: loss 0.7658, val_ap 0.6031, minutes 30.81, lr 1.00e-03
    epoch 57: loss 0.7672, val_ap 0.5939, minutes 31.31, lr 1.00e-03
    epoch 58: loss 0.7604, val_ap 0.5965, minutes 31.82, lr 1.00e-03
    epoch 59: loss 0.7713, val_ap 0.5970, minutes 32.34, lr 1.00e-03
    epoch 60: loss 0.7557, val_ap 0.5998, minutes 32.82, lr 1.00e-03
    epoch 61: loss 0.7459, val_ap 0.6090, minutes 33.29, lr 1.00e-03
    epoch 62: loss 0.7629, val_ap 0.6141, minutes 33.78, lr 1.00e-03
    epoch 63: loss 0.7610, val_ap 0.6025, minutes 34.32, lr 1.00e-03
    epoch 64: loss 0.7364, val_ap 0.6022, minutes 34.86, lr 1.00e-03
    epoch 65: loss 0.7508, val_ap 0.6080, minutes 35.43, lr 1.00e-03
    epoch 66: loss 0.7418, val_ap 0.6067, minutes 36.01, lr 1.00e-03
    epoch 67: loss 0.7357, val_ap 0.5967, minutes 36.59, lr 1.00e-03
    epoch 68: loss 0.7479, val_ap 0.6072, minutes 37.15, lr 1.00e-03
    epoch 69: loss 0.7266, val_ap 0.6009, minutes 37.72, lr 1.00e-03
    epoch 70: loss 0.7336, val_ap 0.6066, minutes 38.28, lr 1.00e-03
    epoch 71: loss 0.7340, val_ap 0.5967, minutes 38.85, lr 5.00e-04
    epoch 72: loss 0.7008, val_ap 0.6087, minutes 39.36, lr 5.00e-04
    epoch 73: loss 0.7090, val_ap 0.6066, minutes 39.95, lr 5.00e-04
    epoch 74: loss 0.6994, val_ap 0.6057, minutes 40.54, lr 5.00e-04
    epoch 75: loss 0.6945, val_ap 0.6030, minutes 41.1, lr 5.00e-04
    epoch 76: loss 0.6951, val_ap 0.5995, minutes 41.67, lr 5.00e-04
    epoch 77: loss 0.7159, val_ap 0.6123, minutes 42.24, lr 5.00e-04
    epoch 78: loss 0.6905, val_ap 0.6102, minutes 42.79, lr 5.00e-04
    epoch 79: loss 0.6953, val_ap 0.6067, minutes 43.35, lr 5.00e-04
    epoch 80: loss 0.6764, val_ap 0.6100, minutes 43.92, lr 2.50e-04
    epoch 81: loss 0.6732, val_ap 0.6096, minutes 44.49, lr 2.50e-04
    epoch 82: loss 0.6764, val_ap 0.6099, minutes 45.09, lr 2.50e-04
    epoch 83: loss 0.6600, val_ap 0.5994, minutes 45.64, lr 2.50e-04
    epoch 84: loss 0.6720, val_ap 0.6011, minutes 46.2, lr 2.50e-04
    epoch 85: loss 0.6554, val_ap 0.6005, minutes 46.71, lr 2.50e-04
    epoch 86: loss 0.6548, val_ap 0.6056, minutes 47.28, lr 2.50e-04
    epoch 87: loss 0.6721, val_ap 0.6004, minutes 47.84, lr 2.50e-04
    stopping: no validation gain in 25 epochs
[fk_band_shuffled dataset0 fold 0] done (48.6 min)
