loaded: dataset0 121,838 sites, data1 90,452
[res_gate dataset0 fold 0 seed 2]
    kernel decay scale 118.2 nt (fitted to cell line 1 training labels)
    epoch 1: loss 1.9521, val_ap 0.1578, minutes 0.51, lr 3.33e-04
    epoch 2: loss 1.5544, val_ap 0.2911, minutes 1.05, lr 6.63e-04
    epoch 3: loss 1.3307, val_ap 0.4134, minutes 1.59, lr 9.88e-04
    epoch 4: loss 1.2014, val_ap 0.4568, minutes 2.17, lr 1.00e-03
    epoch 5: loss 1.1357, val_ap 0.4529, minutes 2.72, lr 1.00e-03
    epoch 6: loss 1.1380, val_ap 0.4683, minutes 3.21, lr 1.00e-03
    epoch 7: loss 1.0653, val_ap 0.4697, minutes 3.75, lr 1.00e-03
    epoch 8: loss 1.0970, val_ap 0.4836, minutes 4.23, lr 1.00e-03
    epoch 9: loss 1.0358, val_ap 0.4864, minutes 4.77, lr 1.00e-03
    epoch 10: loss 1.0074, val_ap 0.4975, minutes 5.31, lr 1.00e-03
    epoch 11: loss 1.0052, val_ap 0.5140, minutes 5.81, lr 1.00e-03
    epoch 12: loss 0.9879, val_ap 0.5260, minutes 6.32, lr 1.00e-03
    epoch 13: loss 0.9843, val_ap 0.5236, minutes 6.83, lr 1.00e-03
    epoch 14: loss 0.9535, val_ap 0.5322, minutes 7.35, lr 1.00e-03
    epoch 15: loss 1.0053, val_ap 0.5187, minutes 7.86, lr 1.00e-03
    epoch 16: loss 0.9818, val_ap 0.5275, minutes 8.37, lr 1.00e-03
    epoch 17: loss 0.9748, val_ap 0.5385, minutes 8.92, lr 1.00e-03
    epoch 18: loss 0.9443, val_ap 0.5445, minutes 9.44, lr 1.00e-03
    epoch 19: loss 0.9542, val_ap 0.5387, minutes 9.94, lr 1.00e-03
    epoch 20: loss 0.9526, val_ap 0.5444, minutes 10.44, lr 1.00e-03
    epoch 21: loss 0.9249, val_ap 0.5420, minutes 10.96, lr 1.00e-03
    epoch 22: loss 0.9489, val_ap 0.5414, minutes 11.46, lr 1.00e-03
    epoch 23: loss 0.9444, val_ap 0.5431, minutes 11.95, lr 1.00e-03
    epoch 24: loss 0.9295, val_ap 0.5591, minutes 12.47, lr 1.00e-03
    epoch 25: loss 0.9186, val_ap 0.5466, minutes 12.97, lr 1.00e-03
    epoch 26: loss 0.9286, val_ap 0.5465, minutes 13.48, lr 1.00e-03
    epoch 27: loss 0.9306, val_ap 0.5531, minutes 13.97, lr 1.00e-03
    epoch 28: loss 0.9189, val_ap 0.5523, minutes 14.47, lr 1.00e-03
    epoch 29: loss 0.9117, val_ap 0.5578, minutes 14.97, lr 1.00e-03
    epoch 30: loss 0.8983, val_ap 0.5655, minutes 15.48, lr 1.00e-03
    epoch 31: loss 0.9170, val_ap 0.5629, minutes 16.01, lr 1.00e-03
    epoch 32: loss 0.8940, val_ap 0.5626, minutes 16.49, lr 1.00e-03
    epoch 33: loss 0.9336, val_ap 0.5656, minutes 16.98, lr 1.00e-03
    epoch 34: loss 0.8909, val_ap 0.5628, minutes 17.51, lr 1.00e-03
    epoch 35: loss 0.8858, val_ap 0.5697, minutes 18.02, lr 1.00e-03
    epoch 36: loss 0.8939, val_ap 0.5718, minutes 18.6, lr 1.00e-03
    epoch 37: loss 0.9421, val_ap 0.5572, minutes 19.1, lr 1.00e-03
    epoch 38: loss 0.8848, val_ap 0.5641, minutes 19.61, lr 1.00e-03
    epoch 39: loss 0.8903, val_ap 0.5633, minutes 20.11, lr 1.00e-03
    epoch 40: loss 0.9096, val_ap 0.5728, minutes 20.62, lr 1.00e-03
    epoch 41: loss 0.8785, val_ap 0.5668, minutes 21.12, lr 1.00e-03
    epoch 42: loss 0.8715, val_ap 0.5762, minutes 21.62, lr 1.00e-03
    epoch 43: loss 0.8613, val_ap 0.5729, minutes 22.11, lr 1.00e-03
    epoch 44: loss 0.8871, val_ap 0.5745, minutes 22.63, lr 1.00e-03
    epoch 45: loss 0.8656, val_ap 0.5740, minutes 23.1, lr 1.00e-03
    epoch 46: loss 0.8574, val_ap 0.5786, minutes 23.63, lr 1.00e-03
    epoch 47: loss 0.8647, val_ap 0.5839, minutes 24.15, lr 1.00e-03
    epoch 48: loss 0.8590, val_ap 0.5779, minutes 24.64, lr 1.00e-03
    epoch 49: loss 0.8518, val_ap 0.5798, minutes 25.2, lr 1.00e-03
    epoch 50: loss 0.8729, val_ap 0.5713, minutes 25.7, lr 1.00e-03
    epoch 51: loss 0.8634, val_ap 0.5821, minutes 26.2, lr 1.00e-03
    epoch 52: loss 0.8361, val_ap 0.5876, minutes 26.71, lr 1.00e-03
    epoch 53: loss 0.8574, val_ap 0.5747, minutes 27.23, lr 1.00e-03
    epoch 54: loss 0.8434, val_ap 0.5887, minutes 27.73, lr 1.00e-03
    epoch 55: loss 0.8326, val_ap 0.5913, minutes 28.25, lr 1.00e-03
    epoch 56: loss 0.8595, val_ap 0.5951, minutes 28.75, lr 1.00e-03
    epoch 57: loss 0.8718, val_ap 0.5871, minutes 29.26, lr 1.00e-03
    epoch 58: loss 0.8214, val_ap 0.5968, minutes 29.73, lr 1.00e-03
    epoch 59: loss 0.8329, val_ap 0.5954, minutes 30.25, lr 1.00e-03
    epoch 60: loss 0.8589, val_ap 0.5960, minutes 30.76, lr 1.00e-03
    epoch 61: loss 0.8301, val_ap 0.5907, minutes 31.28, lr 1.00e-03
    epoch 62: loss 0.8189, val_ap 0.5917, minutes 31.8, lr 1.00e-03
    epoch 63: loss 0.8262, val_ap 0.5887, minutes 32.27, lr 1.00e-03
    epoch 64: loss 0.8079, val_ap 0.5982, minutes 32.78, lr 1.00e-03
    epoch 65: loss 0.8402, val_ap 0.5840, minutes 33.26, lr 1.00e-03
    epoch 66: loss 0.8358, val_ap 0.6001, minutes 33.79, lr 1.00e-03
    epoch 67: loss 0.8142, val_ap 0.6030, minutes 34.26, lr 1.00e-03
    epoch 68: loss 0.7952, val_ap 0.6036, minutes 34.79, lr 1.00e-03
    epoch 69: loss 0.8092, val_ap 0.6084, minutes 35.28, lr 1.00e-03
    epoch 70: loss 0.8211, val_ap 0.5917, minutes 35.77, lr 1.00e-03
    epoch 71: loss 0.8258, val_ap 0.5785, minutes 36.33, lr 1.00e-03
    epoch 72: loss 0.8003, val_ap 0.5929, minutes 36.77, lr 1.00e-03
    epoch 73: loss 0.7968, val_ap 0.6055, minutes 37.25, lr 1.00e-03
    epoch 74: loss 0.8012, val_ap 0.6036, minutes 37.75, lr 1.00e-03
    epoch 75: loss 0.7869, val_ap 0.5967, minutes 38.27, lr 1.00e-03
    epoch 76: loss 0.8065, val_ap 0.6019, minutes 38.8, lr 1.00e-03
    epoch 77: loss 0.8097, val_ap 0.5983, minutes 39.31, lr 1.00e-03
    epoch 78: loss 0.8041, val_ap 0.6081, minutes 39.84, lr 5.00e-04
    epoch 79: loss 0.7658, val_ap 0.6094, minutes 40.33, lr 5.00e-04
    epoch 80: loss 0.7563, val_ap 0.6018, minutes 40.86, lr 5.00e-04
    epoch 81: loss 0.7784, val_ap 0.6036, minutes 41.34, lr 5.00e-04
    epoch 82: loss 0.7640, val_ap 0.6080, minutes 41.85, lr 5.00e-04
    epoch 83: loss 0.7701, val_ap 0.6047, minutes 42.37, lr 5.00e-04
    epoch 84: loss 0.7749, val_ap 0.6066, minutes 42.88, lr 5.00e-04
    epoch 85: loss 0.7679, val_ap 0.6067, minutes 43.45, lr 5.00e-04
    epoch 86: loss 0.7484, val_ap 0.6008, minutes 43.94, lr 5.00e-04
    epoch 87: loss 0.7499, val_ap 0.6156, minutes 44.41, lr 5.00e-04
    epoch 88: loss 0.7620, val_ap 0.6058, minutes 45.0, lr 5.00e-04
    epoch 89: loss 0.7537, val_ap 0.6147, minutes 45.54, lr 5.00e-04
    epoch 90: loss 0.7582, val_ap 0.6131, minutes 46.06, lr 5.00e-04
    epoch 91: loss 0.7687, val_ap 0.6122, minutes 46.56, lr 5.00e-04
    epoch 92: loss 0.7605, val_ap 0.6176, minutes 47.08, lr 5.00e-04
    epoch 93: loss 0.7611, val_ap 0.6168, minutes 47.61, lr 5.00e-04
    epoch 94: loss 0.7439, val_ap 0.6119, minutes 48.11, lr 5.00e-04
    epoch 95: loss 0.7422, val_ap 0.6111, minutes 48.57, lr 5.00e-04
    epoch 96: loss 0.7522, val_ap 0.6080, minutes 49.11, lr 5.00e-04
    epoch 97: loss 0.7716, val_ap 0.6149, minutes 49.62, lr 5.00e-04
    epoch 98: loss 0.7474, val_ap 0.6104, minutes 50.1, lr 5.00e-04
    epoch 99: loss 0.7764, val_ap 0.6143, minutes 50.63, lr 5.00e-04
    epoch 100: loss 0.7467, val_ap 0.6151, minutes 51.14, lr 5.00e-04
    epoch 101: loss 0.7355, val_ap 0.6143, minutes 51.66, lr 2.50e-04
    epoch 102: loss 0.7285, val_ap 0.6146, minutes 52.18, lr 2.50e-04
    epoch 103: loss 0.7205, val_ap 0.6147, minutes 52.7, lr 2.50e-04
    epoch 104: loss 0.7118, val_ap 0.6151, minutes 53.23, lr 2.50e-04
    epoch 105: loss 0.7218, val_ap 0.6166, minutes 53.77, lr 2.50e-04
    epoch 106: loss 0.7321, val_ap 0.6147, minutes 54.28, lr 2.50e-04
    epoch 107: loss 0.7243, val_ap 0.6112, minutes 54.78, lr 2.50e-04
    epoch 108: loss 0.7223, val_ap 0.6168, minutes 55.25, lr 2.50e-04
    epoch 109: loss 0.7147, val_ap 0.6088, minutes 55.77, lr 2.50e-04
    epoch 110: loss 0.7217, val_ap 0.6184, minutes 56.25, lr 2.50e-04
    epoch 111: loss 0.7115, val_ap 0.6104, minutes 56.78, lr 2.50e-04
    epoch 112: loss 0.7228, val_ap 0.6107, minutes 57.29, lr 2.50e-04
    epoch 113: loss 0.7046, val_ap 0.6183, minutes 57.8, lr 2.50e-04
    epoch 114: loss 0.7300, val_ap 0.6134, minutes 58.31, lr 2.50e-04
    epoch 115: loss 0.7263, val_ap 0.6159, minutes 58.81, lr 2.50e-04
    epoch 116: loss 0.7173, val_ap 0.6077, minutes 59.33, lr 2.50e-04
    epoch 117: loss 0.7264, val_ap 0.6166, minutes 59.84, lr 2.50e-04
    epoch 118: loss 0.7196, val_ap 0.6127, minutes 60.36, lr 2.50e-04
    epoch 119: loss 0.7133, val_ap 0.6181, minutes 60.86, lr 1.25e-04
    epoch 120: loss 0.7068, val_ap 0.6167, minutes 61.41, lr 1.25e-04
    epoch 121: loss 0.6994, val_ap 0.6189, minutes 61.9, lr 1.25e-04
    epoch 122: loss 0.6967, val_ap 0.6176, minutes 62.44, lr 1.25e-04
    epoch 123: loss 0.7001, val_ap 0.6168, minutes 63.0, lr 1.25e-04
    epoch 124: loss 0.6962, val_ap 0.6170, minutes 63.48, lr 1.25e-04
    epoch 125: loss 0.7100, val_ap 0.6166, minutes 64.02, lr 1.25e-04
    epoch 126: loss 0.7110, val_ap 0.6144, minutes 64.56, lr 1.25e-04
    epoch 127: loss 0.7017, val_ap 0.6145, minutes 65.04, lr 1.25e-04
    epoch 128: loss 0.7039, val_ap 0.6134, minutes 65.57, lr 1.25e-04
    epoch 129: loss 0.6993, val_ap 0.6134, minutes 66.09, lr 1.25e-04
    epoch 130: loss 0.7080, val_ap 0.6148, minutes 66.56, lr 6.25e-05
    epoch 131: loss 0.6885, val_ap 0.6128, minutes 67.1, lr 6.25e-05
    epoch 132: loss 0.6815, val_ap 0.6136, minutes 67.57, lr 6.25e-05
    epoch 133: loss 0.6880, val_ap 0.6110, minutes 68.08, lr 6.25e-05
    epoch 134: loss 0.6924, val_ap 0.6114, minutes 68.64, lr 6.25e-05
    epoch 135: loss 0.6849, val_ap 0.6138, minutes 69.17, lr 6.25e-05
    epoch 136: loss 0.6994, val_ap 0.6162, minutes 69.7, lr 6.25e-05
    epoch 137: loss 0.7038, val_ap 0.6134, minutes 70.22, lr 6.25e-05
    epoch 138: loss 0.6902, val_ap 0.6139, minutes 70.72, lr 6.25e-05
    epoch 139: loss 0.6945, val_ap 0.6132, minutes 71.26, lr 3.13e-05
    epoch 140: loss 0.7189, val_ap 0.6142, minutes 71.75, lr 3.13e-05
    epoch 141: loss 0.6887, val_ap 0.6135, minutes 72.24, lr 3.13e-05
    epoch 142: loss 0.6849, val_ap 0.6148, minutes 72.8, lr 3.13e-05
    epoch 143: loss 0.6863, val_ap 0.6133, minutes 73.28, lr 3.13e-05
    epoch 144: loss 0.7118, val_ap 0.6145, minutes 73.8, lr 3.13e-05
    epoch 145: loss 0.7044, val_ap 0.6150, minutes 74.32, lr 3.13e-05
    epoch 146: loss 0.6916, val_ap 0.6139, minutes 74.82, lr 3.13e-05
    stopping: no validation gain in 25 epochs
[res_gate dataset0 fold 0 seed 2] done (75.5 min)
