loaded: dataset0 121,838 sites, data1 90,452
[deepset_hand dataset0 fold 2]
    epoch 1: loss 1.1061987449668047, minutes 0.17, val_ap 0.36669205925437476, lr 0.00033429672447013486
    epoch 2: loss 0.7444398341151331, minutes 0.36, val_ap 0.44113687397947415, lr 0.0006676300578034682
    epoch 3: loss 0.6911855013556563, minutes 0.54, val_ap 0.468064789578044, lr 0.001
    epoch 4: loss 0.6679614666052637, minutes 0.73, val_ap 0.4844705143819043, lr 0.001
    epoch 5: loss 0.6344401421229964, minutes 0.91, val_ap 0.5011289036383397, lr 0.001
    epoch 6: loss 0.6230878730040754, minutes 1.05, val_ap 0.5152120470325269, lr 0.001
    epoch 7: loss 0.6129682346575522, minutes 1.22, val_ap 0.5202938642692054, lr 0.001
    epoch 8: loss 0.5966033579813952, minutes 1.39, val_ap 0.5136750958619026, lr 0.001
    epoch 9: loss 0.5838771987857158, minutes 1.57, val_ap 0.5252057912760215, lr 0.001
    epoch 10: loss 0.5657335316514693, minutes 1.73, val_ap 0.5230497941790033, lr 0.001
    epoch 11: loss 0.5577372670862716, minutes 1.92, val_ap 0.5181537957903817, lr 0.001
    epoch 12: loss 0.5554189186737027, minutes 2.1, val_ap 0.5186980402020749, lr 0.001
    epoch 13: loss 0.5435378956312389, minutes 2.28, val_ap 0.5337174217615613, lr 0.001
    epoch 14: loss 0.5297279511228462, minutes 2.46, val_ap 0.5242844802988251, lr 0.001
    epoch 15: loss 0.5216597754917393, minutes 2.63, val_ap 0.5233273900666946, lr 0.001
    epoch 16: loss 0.515754812370146, minutes 2.8, val_ap 0.5337240141660063, lr 0.001
    epoch 17: loss 0.506586181979648, minutes 2.96, val_ap 0.5163938313890488, lr 0.001
    epoch 18: loss 0.4955313203134978, minutes 3.15, val_ap 0.5189043806100935, lr 0.001
    epoch 19: loss 0.489637561573114, minutes 3.32, val_ap 0.5184855131287888, lr 0.001
    epoch 20: loss 0.4766463987486211, minutes 3.51, val_ap 0.5170569050751903, lr 0.001
    epoch 21: loss 0.4735545632294837, minutes 3.69, val_ap 0.5057830998795909, lr 0.001
    epoch 22: loss 0.46656652272953464, minutes 3.88, val_ap 0.5121835094795677, lr 0.0005
    epoch 23: loss 0.4193511302502169, minutes 4.06, val_ap 0.5127671058992869, lr 0.0005
    epoch 24: loss 0.4058251673344932, minutes 4.24, val_ap 0.5048989905848221, lr 0.0005
    epoch 25: loss 0.3936844718335681, minutes 4.41, val_ap 0.5047622378437933, lr 0.0005
    epoch 26: loss 0.38513445802506685, minutes 4.59, val_ap 0.49923279058994413, lr 0.0005
    epoch 27: loss 0.38085289523436155, minutes 4.77, val_ap 0.4924202527005758, lr 0.0005
    epoch 28: loss 0.37387279502918264, minutes 4.96, val_ap 0.4906723113868127, lr 0.0005
    epoch 29: loss 0.36568381727775395, minutes 5.13, val_ap 0.49684198211208885, lr 0.0005
    epoch 30: loss 0.3621165276090534, minutes 5.32, val_ap 0.5046553758993382, lr 0.0005
    epoch 31: loss 0.36183368729029086, minutes 5.51, val_ap 0.48479801798587496, lr 0.00025
    epoch 32: loss 0.3263269133564365, minutes 5.69, val_ap 0.49185432434524706, lr 0.00025
    epoch 33: loss 0.3138956134288297, minutes 5.86, val_ap 0.4875015109778661, lr 0.00025
    epoch 34: loss 0.305902612562469, minutes 6.05, val_ap 0.4790719580663757, lr 0.00025
    epoch 35: loss 0.30309926716320085, minutes 6.24, val_ap 0.4823307054057791, lr 0.00025
    epoch 36: loss 0.2988100242235757, minutes 6.4, val_ap 0.4778761099352199, lr 0.00025
    epoch 37: loss 0.29358948780105293, minutes 6.56, val_ap 0.47642773270583333, lr 0.00025
    epoch 38: loss 0.2927779179777024, minutes 6.75, val_ap 0.4764520516034078, lr 0.00025
    epoch 39: loss 0.2851566036011098, minutes 6.94, val_ap 0.4805570773636013, lr 0.00025
    epoch 40: loss 0.2828363622457995, minutes 7.12, val_ap 0.47036145834581705, lr 0.000125
    stopping: no validation gain in 25 epochs
[deepset_hand dataset0 fold 2] done (7.5 min)
