loaded: dataset0 121,838 sites, data1 90,452
[h2gcn pooled_both fold 1]
    epoch 1: loss 1.2583, val_ap 0.1872, minutes 0.94, lr 3.31e-04
    epoch 2: loss 1.0057, val_ap 0.3546, minutes 1.89, lr 6.60e-04
    epoch 3: loss 0.8929, val_ap 0.4400, minutes 2.84, lr 9.89e-04
    epoch 4: loss 0.8416, val_ap 0.4543, minutes 3.76, lr 1.00e-03
    epoch 5: loss 0.8046, val_ap 0.4599, minutes 4.71, lr 1.00e-03
    epoch 6: loss 0.7953, val_ap 0.4620, minutes 5.67, lr 1.00e-03
    epoch 7: loss 0.7814, val_ap 0.4736, minutes 6.62, lr 1.00e-03
    epoch 8: loss 0.7829, val_ap 0.4780, minutes 7.54, lr 1.00e-03
    epoch 9: loss 0.7630, val_ap 0.4743, minutes 8.49, lr 1.00e-03
    epoch 10: loss 0.7613, val_ap 0.4844, minutes 9.39, lr 1.00e-03
    epoch 11: loss 0.7561, val_ap 0.4832, minutes 10.34, lr 1.00e-03
    epoch 12: loss 0.7649, val_ap 0.4919, minutes 11.27, lr 1.00e-03
    epoch 13: loss 0.7447, val_ap 0.4830, minutes 12.2, lr 1.00e-03
    epoch 14: loss 0.7392, val_ap 0.4881, minutes 13.15, lr 1.00e-03
    epoch 15: loss 0.7473, val_ap 0.4870, minutes 14.11, lr 1.00e-03
    epoch 16: loss 0.7358, val_ap 0.4919, minutes 15.06, lr 1.00e-03
    epoch 17: loss 0.7365, val_ap 0.4933, minutes 15.97, lr 1.00e-03
    epoch 18: loss 0.7279, val_ap 0.4837, minutes 16.93, lr 1.00e-03
    epoch 19: loss 0.7292, val_ap 0.4894, minutes 17.84, lr 1.00e-03
    epoch 20: loss 0.7169, val_ap 0.4875, minutes 18.7, lr 1.00e-03
    epoch 21: loss 0.7180, val_ap 0.5014, minutes 19.61, lr 1.00e-03
    epoch 22: loss 0.7118, val_ap 0.4919, minutes 20.54, lr 1.00e-03
    epoch 23: loss 0.7185, val_ap 0.4945, minutes 21.49, lr 1.00e-03
    epoch 24: loss 0.6974, val_ap 0.4890, minutes 22.43, lr 1.00e-03
    epoch 25: loss 0.7003, val_ap 0.4963, minutes 23.34, lr 1.00e-03
    epoch 26: loss 0.7015, val_ap 0.4954, minutes 24.24, lr 1.00e-03
    epoch 27: loss 0.6909, val_ap 0.4848, minutes 25.14, lr 1.00e-03
    epoch 28: loss 0.6908, val_ap 0.4950, minutes 26.05, lr 1.00e-03
    epoch 29: loss 0.6862, val_ap 0.4989, minutes 26.97, lr 1.00e-03
    epoch 30: loss 0.6791, val_ap 0.4985, minutes 27.88, lr 5.00e-04
    epoch 31: loss 0.6628, val_ap 0.5004, minutes 28.76, lr 5.00e-04
    epoch 32: loss 0.6606, val_ap 0.4949, minutes 29.65, lr 5.00e-04
    epoch 33: loss 0.6544, val_ap 0.5009, minutes 30.62, lr 5.00e-04
    epoch 34: loss 0.6539, val_ap 0.4980, minutes 31.54, lr 5.00e-04
    epoch 35: loss 0.6460, val_ap 0.4945, minutes 32.45, lr 5.00e-04
    epoch 36: loss 0.6444, val_ap 0.4944, minutes 33.38, lr 5.00e-04
    epoch 37: loss 0.6469, val_ap 0.5042, minutes 34.31, lr 5.00e-04
    epoch 38: loss 0.6438, val_ap 0.4975, minutes 35.17, lr 5.00e-04
    epoch 39: loss 0.6408, val_ap 0.4984, minutes 36.09, lr 5.00e-04
    epoch 40: loss 0.6350, val_ap 0.4967, minutes 36.98, lr 5.00e-04
    epoch 41: loss 0.6313, val_ap 0.4938, minutes 37.91, lr 5.00e-04
    epoch 42: loss 0.6378, val_ap 0.5032, minutes 38.8, lr 5.00e-04
    epoch 43: loss 0.6304, val_ap 0.4863, minutes 39.75, lr 5.00e-04
    epoch 44: loss 0.6238, val_ap 0.4952, minutes 40.66, lr 5.00e-04
    epoch 45: loss 0.6197, val_ap 0.4974, minutes 41.56, lr 5.00e-04
    epoch 46: loss 0.6210, val_ap 0.4924, minutes 42.51, lr 2.50e-04
    epoch 47: loss 0.6126, val_ap 0.4959, minutes 43.41, lr 2.50e-04
    epoch 48: loss 0.6020, val_ap 0.4969, minutes 44.28, lr 2.50e-04
    epoch 49: loss 0.6011, val_ap 0.4951, minutes 45.18, lr 2.50e-04
    epoch 50: loss 0.5999, val_ap 0.4922, minutes 46.07, lr 2.50e-04
    epoch 51: loss 0.5932, val_ap 0.4966, minutes 46.93, lr 2.50e-04
    epoch 52: loss 0.6014, val_ap 0.4937, minutes 47.76, lr 2.50e-04
    epoch 53: loss 0.5929, val_ap 0.4966, minutes 48.67, lr 2.50e-04
    epoch 54: loss 0.5880, val_ap 0.4868, minutes 49.52, lr 2.50e-04
    epoch 55: loss 0.5947, val_ap 0.4925, minutes 50.41, lr 1.25e-04
    epoch 56: loss 0.5827, val_ap 0.4938, minutes 51.29, lr 1.25e-04
    epoch 57: loss 0.5844, val_ap 0.4930, minutes 52.17, lr 1.25e-04
    epoch 58: loss 0.5828, val_ap 0.4940, minutes 53.05, lr 1.25e-04
    epoch 59: loss 0.5791, val_ap 0.4885, minutes 53.91, lr 1.25e-04
    epoch 60: loss 0.5743, val_ap 0.4902, minutes 54.79, lr 1.25e-04
    epoch 61: loss 0.5740, val_ap 0.4911, minutes 55.7, lr 1.25e-04
    epoch 62: loss 0.5744, val_ap 0.4960, minutes 56.6, lr 1.25e-04
    stopping: no validation gain in 25 epochs
[h2gcn pooled_both fold 1] done (57.4 min)
