loaded: dataset0 121,838 sites, data1 90,452, 18,922,588 reads (3s)
  [dataset0 fold 4] network on 48,475 sites, scoring 91,267
    epoch 1: loss 1.0401456517049636, minutes 0.05, val_ap 0.35641431597469564
    epoch 2: loss 0.8388809143811807, minutes 0.09, val_ap 0.4805331691155439
    epoch 3: loss 0.7776196484250584, minutes 0.14, val_ap 0.49408812605027175
    epoch 4: loss 0.7454403207219881, minutes 0.19, val_ap 0.4965816364989675
    epoch 5: loss 0.7378845598505831, minutes 0.24, val_ap 0.490775899385968
    epoch 6: loss 0.7114830745020132, minutes 0.28, val_ap 0.4926165633524197
    epoch 7: loss 0.7010180617886028, minutes 0.33, val_ap 0.4990295950735258
    epoch 8: loss 0.6949060182461794, minutes 0.38, val_ap 0.49651490479530686
    epoch 9: loss 0.6855862335912113, minutes 0.42, val_ap 0.48300687516535235
    epoch 10: loss 0.6760243605608227, minutes 0.47, val_ap 0.49749392154409583
    epoch 11: loss 0.6844776993852922, minutes 0.52, val_ap 0.48759756608653876
    epoch 12: loss 0.6836755510376787, minutes 0.56, val_ap 0.4895853346684202
    epoch 13: loss 0.6737226665705099, minutes 0.61, val_ap 0.48808740648008425
    epoch 14: loss 0.6620519639945578, minutes 0.66, val_ap 0.5012138988778712
    epoch 15: loss 0.6587594076134693, minutes 0.71, val_ap 0.499013588352347
    epoch 16: loss 0.6374530973790706, minutes 0.75, val_ap 0.49840325886639936
    epoch 17: loss 0.6439540613999312, minutes 0.8, val_ap 0.4926036164687815
    epoch 18: loss 0.6431380289381948, minutes 0.85, val_ap 0.4998390715922841
    epoch 19: loss 0.6269829168744471, minutes 0.89, val_ap 0.49831027500530173
    epoch 20: loss 0.6358916089795101, minutes 0.94, val_ap 0.5075929567323221
    epoch 21: loss 0.6239086312466654, minutes 0.99, val_ap 0.5093216899676769
    epoch 22: loss 0.6154797650959299, minutes 1.04, val_ap 0.4963014585896671
    epoch 23: loss 0.626600604118972, minutes 1.08, val_ap 0.5030211828226
    epoch 24: loss 0.6112879283469299, minutes 1.13, val_ap 0.49812530350047757
    epoch 25: loss 0.6245487769102228, minutes 1.18, val_ap 0.5177945509018606
    epoch 26: loss 0.6185451490783144, minutes 1.22, val_ap 0.5057507520185036
    epoch 27: loss 0.6146937757730484, minutes 1.27, val_ap 0.5182567675989969
    epoch 28: loss 0.602028796042519, minutes 1.32, val_ap 0.5016303973477109
    epoch 29: loss 0.6219547142585119, minutes 1.36, val_ap 0.510879503338525
    epoch 30: loss 0.6147067579387249, minutes 1.41, val_ap 0.5231187401159578
    epoch 31: loss 0.609292724523051, minutes 1.46, val_ap 0.5054423776200891
    epoch 32: loss 0.5911004214451231, minutes 1.51, val_ap 0.50570800290512
    epoch 33: loss 0.6216964702839138, minutes 1.55, val_ap 0.5099246071424494
    epoch 34: loss 0.606859100961137, minutes 1.6, val_ap 0.5178230197273387
    epoch 35: loss 0.5891347347662367, minutes 1.65, val_ap 0.5138554179182329
    epoch 36: loss 0.5860893078919115, minutes 1.69, val_ap 0.5206837945939881
    epoch 37: loss 0.5839310319259249, minutes 1.74, val_ap 0.5146718946216128
    epoch 38: loss 0.5814335532914633, minutes 1.79, val_ap 0.527847000167645
    epoch 39: loss 0.5637920375528007, minutes 1.84, val_ap 0.5099927141247084
    epoch 40: loss 0.5701114108850216, minutes 1.88, val_ap 0.5208556907329538
    epoch 41: loss 0.5640878706485376, minutes 1.93, val_ap 0.5189853239565987
    epoch 42: loss 0.5753122938090357, minutes 1.98, val_ap 0.5208735331199136
    epoch 43: loss 0.5508309780009861, minutes 2.02, val_ap 0.5057017748044985
    epoch 44: loss 0.5456647800988165, minutes 2.07, val_ap 0.5196402737379098
    epoch 45: loss 0.5454190234685766, minutes 2.12, val_ap 0.5272393509482853
    epoch 46: loss 0.5470232987540892, minutes 2.16, val_ap 0.5123206916519468
    epoch 47: loss 0.5393370943165373, minutes 2.21, val_ap 0.5191227786322017
    epoch 48: loss 0.5354981276838259, minutes 2.26, val_ap 0.5234500483070273
    epoch 49: loss 0.5446844494248602, minutes 2.31, val_ap 0.5177054803179397
    epoch 50: loss 0.5354275837026793, minutes 2.35, val_ap 0.5175271624048794
    epoch 51: loss 0.536218289671273, minutes 2.4, val_ap 0.5183528531186504
    epoch 52: loss 0.5323247803353716, minutes 2.45, val_ap 0.5242321248176693
    epoch 53: loss 0.575157743247076, minutes 2.49, val_ap 0.5175565271946582
    epoch 54: loss 0.5500063216206671, minutes 2.54, val_ap 0.5116860549826399
    epoch 55: loss 0.531281486795894, minutes 2.59, val_ap 0.5210787234906235
    epoch 56: loss 0.5297903516169252, minutes 2.64, val_ap 0.5174829805743965
    epoch 57: loss 0.5356452468482927, minutes 2.68, val_ap 0.5084167325566101
    epoch 58: loss 0.5169324912559027, minutes 2.73, val_ap 0.5267175734468926
    epoch 59: loss 0.5115440767044308, minutes 2.78, val_ap 0.5054091238427725
    epoch 60: loss 0.5360783240918455, minutes 2.82, val_ap 0.5261162302259494
    epoch 61: loss 0.5282077604326708, minutes 2.87, val_ap 0.5346629192886744
    epoch 62: loss 0.542487203218471, minutes 2.92, val_ap 0.5286364409804303
    epoch 63: loss 0.5287200536193519, minutes 2.97, val_ap 0.5285099651349974
    epoch 64: loss 0.5141957366260989, minutes 3.01, val_ap 0.5237460982348616
    epoch 65: loss 0.5129912737114676, minutes 3.06, val_ap 0.5186344825290955
    epoch 66: loss 0.5117362982582772, minutes 3.11, val_ap 0.5224451013707727
    epoch 67: loss 0.5113195581682797, minutes 3.15, val_ap 0.5037227140766147
    epoch 68: loss 0.5040129078445078, minutes 3.2, val_ap 0.5229315787298908
    epoch 69: loss 0.5048056950514344, minutes 3.25, val_ap 0.5278378414982904
    epoch 70: loss 0.5231252974648585, minutes 3.3, val_ap 0.5329717352665825
    epoch 71: loss 0.49808861041206054, minutes 3.34, val_ap 0.540876349441645
    epoch 72: loss 0.5119763161430414, minutes 3.39, val_ap 0.535452193952873
    epoch 73: loss 0.4870362949782404, minutes 3.44, val_ap 0.5342657999632233
    epoch 74: loss 0.5071197085339447, minutes 3.48, val_ap 0.5190719785592547
    epoch 75: loss 0.5040487213723961, minutes 3.53, val_ap 0.5352688438063319
    epoch 76: loss 0.4838315471150409, minutes 3.58, val_ap 0.5221181369762714
    epoch 77: loss 0.48496323224456833, minutes 3.63, val_ap 0.5193527077635633
    epoch 78: loss 0.5004542503377487, minutes 3.67, val_ap 0.5217135312385363
    epoch 79: loss 0.4814429872337429, minutes 3.72, val_ap 0.5243928998364638
    epoch 80: loss 0.49269626794875354, minutes 3.77, val_ap 0.5245216010125899
    epoch 81: loss 0.4925386268517067, minutes 3.81, val_ap 0.5277888956359997
    epoch 82: loss 0.47397359648997756, minutes 3.86, val_ap 0.524769209108413
    epoch 83: loss 0.4770452405015628, minutes 3.91, val_ap 0.5288685307880203
    epoch 84: loss 0.47256601721733466, minutes 3.96, val_ap 0.5239201265647261
    epoch 85: loss 0.49113529697916974, minutes 4.0, val_ap 0.5246060365645889
    epoch 86: loss 0.47781859903499996, minutes 4.05, val_ap 0.5325214746223869
    epoch 87: loss 0.5202992877055859, minutes 4.1, val_ap 0.5258614998029048
    epoch 88: loss 0.474252558473883, minutes 4.14, val_ap 0.5293700890458065
    epoch 89: loss 0.4622742489151571, minutes 4.19, val_ap 0.5205163657929519
    epoch 90: loss 0.46701556242916775, minutes 4.24, val_ap 0.537122724693086
    epoch 91: loss 0.4689408001200906, minutes 4.29, val_ap 0.532229423773839
    epoch 92: loss 0.46210548487202874, minutes 4.33, val_ap 0.5206621858803065
    epoch 93: loss 0.49585328842031545, minutes 4.38, val_ap 0.5375019027050799
    epoch 94: loss 0.47770805716857145, minutes 4.43, val_ap 0.5410369221005664
    epoch 95: loss 0.44710792669619637, minutes 4.48, val_ap 0.5388133602149434
    epoch 96: loss 0.47429274502156793, minutes 4.52, val_ap 0.5296632080353229
    epoch 97: loss 0.4432267189539712, minutes 4.57, val_ap 0.5192924130662848
    epoch 98: loss 0.46271983671119843, minutes 4.62, val_ap 0.5400170585460008
    epoch 99: loss 0.46693977268262843, minutes 4.67, val_ap 0.5242157501476934
    epoch 100: loss 0.46935609068678713, minutes 4.72, val_ap 0.5350128707648216
    epoch 101: loss 0.4467727571897123, minutes 4.77, val_ap 0.5456424753921365
    epoch 102: loss 0.4584345839832021, minutes 4.82, val_ap 0.533715257300531
    epoch 103: loss 0.47351035698391924, minutes 4.87, val_ap 0.5345311951374133
    epoch 104: loss 0.45277410188968154, minutes 4.92, val_ap 0.5340998282639553
    epoch 105: loss 0.4534697013682333, minutes 4.97, val_ap 0.5377948403199064
    epoch 106: loss 0.4453182062027098, minutes 5.04, val_ap 0.5394323611275122
    epoch 107: loss 0.4582867355182253, minutes 5.1, val_ap 0.5366260633344132
    epoch 108: loss 0.4579656942822467, minutes 5.16, val_ap 0.530200611867429
    epoch 109: loss 0.4528586321521079, minutes 5.21, val_ap 0.5443120398172107
    epoch 110: loss 0.44511487788852605, minutes 5.26, val_ap 0.5328692311882489
    epoch 111: loss 0.4482671302454225, minutes 5.32, val_ap 0.5481289718194522
    epoch 112: loss 0.448381964160108, minutes 5.37, val_ap 0.541525227707456
    epoch 113: loss 0.4364065157956091, minutes 5.43, val_ap 0.545488921966338
    epoch 114: loss 0.4322451364206172, minutes 5.49, val_ap 0.534735313515359
    epoch 115: loss 0.4304984277863612, minutes 5.54, val_ap 0.5437901645539507
    epoch 116: loss 0.4487796127796173, minutes 5.59, val_ap 0.53188062357772
    epoch 117: loss 0.4205528227077133, minutes 5.65, val_ap 0.5380433226032786
    epoch 118: loss 0.426588186844327, minutes 5.72, val_ap 0.531487509677073
    epoch 119: loss 0.4452259599648673, minutes 5.78, val_ap 0.5300479679750937
    epoch 120: loss 0.4304630382136367, minutes 5.84, val_ap 0.5368991850718564
  [dataset0 fold 4] network on 49,275 sites, scoring 90,467
    epoch 1: loss 1.0285317029869347, minutes 0.05, val_ap 0.36434721762577393
    epoch 2: loss 0.851734752717771, minutes 0.11, val_ap 0.4075054721530254
    epoch 3: loss 0.8051564700422231, minutes 0.17, val_ap 0.427700264124517
    epoch 4: loss 0.7850844858334078, minutes 0.22, val_ap 0.4299594787971161
    epoch 5: loss 0.7772752450920685, minutes 0.28, val_ap 0.4493568334859581
    epoch 6: loss 0.7539839413430955, minutes 0.33, val_ap 0.43571732087707177
    epoch 7: loss 0.7537934879461924, minutes 0.39, val_ap 0.44762885732145896
    epoch 8: loss 0.7333806329651883, minutes 0.45, val_ap 0.4403252005688068
    epoch 9: loss 0.7239302189378013, minutes 0.52, val_ap 0.4572502153417083
    epoch 10: loss 0.7127628450156652, minutes 0.58, val_ap 0.445284758888145
    epoch 11: loss 0.7046153364125748, minutes 0.64, val_ap 0.44444491547670695
    epoch 12: loss 0.6992298756775103, minutes 0.7, val_ap 0.45092673837450514
    epoch 13: loss 0.6973036240067398, minutes 0.76, val_ap 0.4566232385545124
    epoch 14: loss 0.6832880839618326, minutes 0.82, val_ap 0.4543623852693488
    epoch 15: loss 0.6648608358979923, minutes 0.88, val_ap 0.44518717497135607
    epoch 16: loss 0.6755316543300249, minutes 0.94, val_ap 0.4599266652706826
    epoch 17: loss 0.6658542910863084, minutes 1.0, val_ap 0.4647087042455466
    epoch 18: loss 0.6644712257803532, minutes 1.07, val_ap 0.45633938298368626
    epoch 19: loss 0.6500084252036803, minutes 1.12, val_ap 0.46711733066513866
    epoch 20: loss 0.6599477529525757, minutes 1.18, val_ap 0.47241867010270144
    epoch 21: loss 0.6688489398063971, minutes 1.25, val_ap 0.4646761824503783
    epoch 22: loss 0.6472866995292798, minutes 1.31, val_ap 0.46542205985248697
    epoch 23: loss 0.6339182796185476, minutes 1.37, val_ap 0.4710998001545571
    epoch 24: loss 0.6568253592789521, minutes 1.43, val_ap 0.4816458411837935
    epoch 25: loss 0.64115465872469, minutes 1.49, val_ap 0.46271000103702353
    epoch 26: loss 0.6470870391318673, minutes 1.55, val_ap 0.4677637927995515
    epoch 27: loss 0.6212271760430252, minutes 1.61, val_ap 0.4837196753808486
    epoch 28: loss 0.6238774690363142, minutes 1.66, val_ap 0.4905950144462837
    epoch 29: loss 0.6223566073771806, minutes 1.72, val_ap 0.4901980213732051
    epoch 30: loss 0.6320141182656873, minutes 1.78, val_ap 0.48581999835667117
    epoch 31: loss 0.6328548809938264, minutes 1.84, val_ap 0.4707795741291272
    epoch 32: loss 0.6252454676126179, minutes 1.9, val_ap 0.4893752314544075
    epoch 33: loss 0.6151642030791232, minutes 1.96, val_ap 0.47011861681780837
    epoch 34: loss 0.6034800513097417, minutes 2.02, val_ap 0.4860672832390222
    epoch 35: loss 0.6172394349909666, minutes 2.08, val_ap 0.4861364141937465
    epoch 36: loss 0.590301354551873, minutes 2.13, val_ap 0.48222148148681293
    epoch 37: loss 0.6061930578005942, minutes 2.19, val_ap 0.49540407175772044
    epoch 38: loss 0.5955720323393916, minutes 2.25, val_ap 0.48912661034013905
    epoch 39: loss 0.6010655006121474, minutes 2.3, val_ap 0.5067548028113209
    epoch 40: loss 0.5975574540813067, minutes 2.36, val_ap 0.4784170306718798
    epoch 41: loss 0.6044103592111353, minutes 2.41, val_ap 0.492074245903016
    epoch 42: loss 0.591408657225949, minutes 2.47, val_ap 0.5060433967143324
    epoch 43: loss 0.5690442604279657, minutes 2.52, val_ap 0.4946725345738489
    epoch 44: loss 0.585232645098926, minutes 2.58, val_ap 0.4926811707929636
    epoch 45: loss 0.5766722556443242, minutes 2.64, val_ap 0.49834648758427563
    epoch 46: loss 0.5783643539537463, minutes 2.69, val_ap 0.49640337684639846
    epoch 47: loss 0.5824952216176261, minutes 2.75, val_ap 0.5069951471238456
    epoch 48: loss 0.5839676606027704, minutes 2.81, val_ap 0.4996552340567562
    epoch 49: loss 0.5802497234609392, minutes 2.86, val_ap 0.49938015012478587
    epoch 50: loss 0.5670890079604255, minutes 2.93, val_ap 0.5248509039384499
    epoch 51: loss 0.562051411783486, minutes 2.99, val_ap 0.5113271601485083
    epoch 52: loss 0.5564605227687902, minutes 3.06, val_ap 0.509744783027656
    epoch 53: loss 0.5669388248209368, minutes 3.12, val_ap 0.5216854795237937
    epoch 54: loss 0.552389327197047, minutes 3.18, val_ap 0.5066087366973957
    epoch 55: loss 0.5634783569135164, minutes 3.25, val_ap 0.5021221995840323
    epoch 56: loss 0.5618440874835902, minutes 3.3, val_ap 0.5151111528301214
    epoch 57: loss 0.5576956358395124, minutes 3.36, val_ap 0.5093831051020794
    epoch 58: loss 0.5482037194639618, minutes 3.42, val_ap 0.4982934873459343
    epoch 59: loss 0.542747211735151, minutes 3.48, val_ap 0.4992404370145205
    epoch 60: loss 0.5466047502749147, minutes 3.54, val_ap 0.5014574905929188
    epoch 61: loss 0.5372355417375676, minutes 3.59, val_ap 0.5105897641038339
    epoch 62: loss 0.5361814756839596, minutes 3.65, val_ap 0.49378558078266577
    epoch 63: loss 0.5507930072776058, minutes 3.71, val_ap 0.5073405474604388
    epoch 64: loss 0.5148106988584786, minutes 3.76, val_ap 0.5115765453186638
    epoch 65: loss 0.5421699470246745, minutes 3.82, val_ap 0.5102197787145257
    epoch 66: loss 0.5332073344473254, minutes 3.88, val_ap 0.5146250083059676
    epoch 67: loss 0.5282165067412002, minutes 3.93, val_ap 0.5072878046506909
    epoch 68: loss 0.5226859612423077, minutes 3.99, val_ap 0.5195216430338472
    epoch 69: loss 0.5176222446369149, minutes 4.05, val_ap 0.5094893278851766
    epoch 70: loss 0.5282528062312923, minutes 4.1, val_ap 0.501711105880611
    epoch 71: loss 0.531168327171203, minutes 4.16, val_ap 0.5181069984619229
    epoch 72: loss 0.5304982372891833, minutes 4.22, val_ap 0.513977384406517
    epoch 73: loss 0.5210405767661089, minutes 4.27, val_ap 0.5153137380929148
    epoch 74: loss 0.500882994013223, minutes 4.33, val_ap 0.4975835562505453
    epoch 75: loss 0.5138411926247223, minutes 4.38, val_ap 0.5201993828150384
    epoch 76: loss 0.5151906799503237, minutes 4.43, val_ap 0.518148862870739
    epoch 77: loss 0.5220209367093984, minutes 4.49, val_ap 0.5170239333869869
    epoch 78: loss 0.49570510784784955, minutes 4.54, val_ap 0.4980186332100564
    epoch 79: loss 0.5113370568431609, minutes 4.6, val_ap 0.5111944043344442
    stopping: no validation gain in 30 epochs
  [dataset0 fold 4] done (10.7 min)
  [pooled_both fold 4] network on 84,325 sites, scoring 127,965
    epoch 1: loss 1.0393499785483478, minutes 0.09, val_ap 0.3923624927514811
    epoch 2: loss 0.9120681057142657, minutes 0.19, val_ap 0.4154095950590729
    epoch 3: loss 0.883120795223008, minutes 0.28, val_ap 0.43384315668475054
    epoch 4: loss 0.8785985625067423, minutes 0.37, val_ap 0.4333020644825747
    epoch 5: loss 0.8635843334799985, minutes 0.46, val_ap 0.43551653743493735
    epoch 6: loss 0.8530210499153581, minutes 0.55, val_ap 0.42152079560070477
    epoch 7: loss 0.8439488404018934, minutes 0.64, val_ap 0.42979759535546463
    epoch 8: loss 0.8431126311965955, minutes 0.74, val_ap 0.4512383063583915
    epoch 9: loss 0.8250135813044551, minutes 0.83, val_ap 0.43704825464898966
    epoch 10: loss 0.823030386058199, minutes 0.92, val_ap 0.4504519035958534
    epoch 11: loss 0.8229730650040002, minutes 1.02, val_ap 0.44756759488000397
    epoch 12: loss 0.820126358555797, minutes 1.11, val_ap 0.44447017045358095
    epoch 13: loss 0.8203699140255634, minutes 1.2, val_ap 0.44422899346004935
    epoch 14: loss 0.8152179317022875, minutes 1.29, val_ap 0.44783793968009505
    epoch 15: loss 0.8127374781722643, minutes 1.38, val_ap 0.45545450606270504
    epoch 16: loss 0.8121451215688572, minutes 1.47, val_ap 0.45768414244088823
    epoch 17: loss 0.8072071170490049, minutes 1.56, val_ap 0.46767335060417753
    epoch 18: loss 0.7993688719019145, minutes 1.64, val_ap 0.45745560599091173
    epoch 19: loss 0.7928244332934535, minutes 1.73, val_ap 0.46330057772345407
    epoch 20: loss 0.7944103732853632, minutes 1.82, val_ap 0.4644129046097035
    epoch 21: loss 0.7887778954450474, minutes 1.9, val_ap 0.46084889033386855
    epoch 22: loss 0.7832614347784226, minutes 1.99, val_ap 0.4699721869407656
    epoch 23: loss 0.7830412928448167, minutes 2.07, val_ap 0.46598274560450487
    epoch 24: loss 0.7780626666704286, minutes 2.16, val_ap 0.4576420756778365
    epoch 25: loss 0.7782271846980352, minutes 2.24, val_ap 0.46597544330507507
    epoch 26: loss 0.7716622967458643, minutes 2.33, val_ap 0.47746943353453186
    epoch 27: loss 0.7688916915674938, minutes 2.42, val_ap 0.46014226142647663
    epoch 28: loss 0.7645284514688574, minutes 2.5, val_ap 0.4806492844439571
    epoch 29: loss 0.7690502041796117, minutes 2.6, val_ap 0.47191095801341587
    epoch 30: loss 0.7646954909115534, minutes 2.69, val_ap 0.4516198307828933
    epoch 31: loss 0.7587665695684693, minutes 2.79, val_ap 0.45276252002144096
    epoch 32: loss 0.7587870399025192, minutes 2.89, val_ap 0.46234770988215435
    epoch 33: loss 0.7544603444809137, minutes 2.99, val_ap 0.4656073911444932
    epoch 34: loss 0.7482534139061291, minutes 3.09, val_ap 0.47540775245956357
    epoch 35: loss 0.7479394206969049, minutes 3.19, val_ap 0.45297678164825483
    epoch 36: loss 0.7428418814739912, minutes 3.28, val_ap 0.456364355603523
    epoch 37: loss 0.7436253301725039, minutes 3.38, val_ap 0.46115937017858155
    epoch 38: loss 0.740755440190781, minutes 3.49, val_ap 0.4706832178564007
    epoch 39: loss 0.7435095899326857, minutes 3.59, val_ap 0.4585632668879524
    epoch 40: loss 0.7377690920402046, minutes 3.71, val_ap 0.4621652016640746
    epoch 41: loss 0.7341991519413121, minutes 3.81, val_ap 0.45073321023773527
    epoch 42: loss 0.7277518654384486, minutes 3.92, val_ap 0.4668934634541933
    epoch 43: loss 0.732294151652295, minutes 4.01, val_ap 0.4659478941384279
    epoch 44: loss 0.7285240751960349, minutes 4.11, val_ap 0.46448623325251115
    epoch 45: loss 0.722573500931065, minutes 4.21, val_ap 0.4518999419700166
    epoch 46: loss 0.7237684446513851, minutes 4.32, val_ap 0.4683573304916959
    epoch 47: loss 0.7260660232103544, minutes 4.42, val_ap 0.4568802630188432
    epoch 48: loss 0.7188876637588704, minutes 4.52, val_ap 0.44950788575301637
    epoch 49: loss 0.7158111543750446, minutes 4.63, val_ap 0.45362601059635094
    epoch 50: loss 0.7100916459314847, minutes 4.73, val_ap 0.4568650292292929
    epoch 51: loss 0.7086224767852859, minutes 4.84, val_ap 0.45421682466217106
    epoch 52: loss 0.7110642683862451, minutes 4.95, val_ap 0.4588267278933363
    epoch 53: loss 0.7016564009593571, minutes 5.04, val_ap 0.45032862355504455
    epoch 54: loss 0.6951441936120638, minutes 5.14, val_ap 0.4496000716454491
    epoch 55: loss 0.704259727385353, minutes 5.23, val_ap 0.45181514821411767
    epoch 56: loss 0.7024062823417575, minutes 5.32, val_ap 0.46965028524588903
    epoch 57: loss 0.7018003394437391, minutes 5.42, val_ap 0.46484039890739276
    stopping: no validation gain in 30 epochs
  [pooled_both fold 4] network on 85,973 sites, scoring 126,317
    epoch 1: loss 1.0418740861790634, minutes 0.1, val_ap 0.3548323542704111
    epoch 2: loss 0.9203046837379303, minutes 0.21, val_ap 0.3800949941064085
    epoch 3: loss 0.8884846905003423, minutes 0.32, val_ap 0.3932364806931603
    epoch 4: loss 0.8803260852660623, minutes 0.43, val_ap 0.4044618024313921
    epoch 5: loss 0.864302431759627, minutes 0.55, val_ap 0.396121080424447
    epoch 6: loss 0.8552246680825849, minutes 0.66, val_ap 0.4097691358779418
    epoch 7: loss 0.8464226814416739, minutes 0.76, val_ap 0.39883298615591056
    epoch 8: loss 0.8454616466493511, minutes 0.87, val_ap 0.41026128948528884
    epoch 9: loss 0.833857865636564, minutes 0.98, val_ap 0.4076163259931016
    epoch 10: loss 0.8335712972692024, minutes 1.11, val_ap 0.41575580281764335
    epoch 11: loss 0.8227155872411951, minutes 1.22, val_ap 0.41580470222862426
    epoch 12: loss 0.8260667740700636, minutes 1.36, val_ap 0.4168487055136805
    epoch 13: loss 0.817043425247422, minutes 1.5, val_ap 0.42262251382782434
    epoch 14: loss 0.8130935949824726, minutes 1.63, val_ap 0.4226762859953884
    epoch 15: loss 0.8138001591066851, minutes 1.76, val_ap 0.42185463036063
    epoch 16: loss 0.8079983214271507, minutes 1.87, val_ap 0.4354559246792146
    epoch 17: loss 0.8080601347330023, minutes 2.0, val_ap 0.43106503825163356
    epoch 18: loss 0.8004334048682631, minutes 2.12, val_ap 0.43916163383577733
    epoch 19: loss 0.7953066906602088, minutes 2.24, val_ap 0.4440080784723565
    epoch 20: loss 0.7902486020306679, minutes 2.35, val_ap 0.42773556416720876
    epoch 21: loss 0.7895879421545111, minutes 2.45, val_ap 0.4402635046692537
    epoch 22: loss 0.7838962438911897, minutes 2.56, val_ap 0.4359358462572439
    epoch 23: loss 0.7816553484636007, minutes 2.68, val_ap 0.4377290411380822
    epoch 24: loss 0.7819990626346307, minutes 2.8, val_ap 0.44749975071134784
    epoch 25: loss 0.7755783781359427, minutes 2.93, val_ap 0.442749025938766
    epoch 26: loss 0.7703655322259884, minutes 3.04, val_ap 0.4313305783673897
    epoch 27: loss 0.773195607008344, minutes 3.15, val_ap 0.4338721344629832
    epoch 28: loss 0.7763300421445266, minutes 3.25, val_ap 0.4388671347188744
    epoch 29: loss 0.7645424038271441, minutes 3.37, val_ap 0.438149481531694
    epoch 30: loss 0.7617115706305041, minutes 3.48, val_ap 0.44755342939950304
    epoch 31: loss 0.758254497944312, minutes 3.6, val_ap 0.4309017091634403
    epoch 32: loss 0.752293367050962, minutes 3.71, val_ap 0.44941836848252964
    epoch 33: loss 0.7533266663950023, minutes 3.82, val_ap 0.4430274635218543
    epoch 34: loss 0.7576825037648447, minutes 3.93, val_ap 0.4449820749305296
    epoch 35: loss 0.7541659118539115, minutes 4.04, val_ap 0.44498871856798583
    epoch 36: loss 0.748228924728955, minutes 4.15, val_ap 0.43831227524527266
    epoch 37: loss 0.7440830538902793, minutes 4.26, val_ap 0.43521890159858656
    epoch 38: loss 0.7449347259208909, minutes 4.37, val_ap 0.4372402964699369
    epoch 39: loss 0.7375062676177775, minutes 4.48, val_ap 0.43573032739244
    epoch 40: loss 0.7378864723902482, minutes 4.59, val_ap 0.442677650319885
    epoch 41: loss 0.7301286523756774, minutes 4.7, val_ap 0.4415137892966611
    epoch 42: loss 0.7345637859508745, minutes 4.79, val_ap 0.4419043835602603
    epoch 43: loss 0.7320952377590447, minutes 4.88, val_ap 0.4312264956368224
    epoch 44: loss 0.736222540255773, minutes 4.97, val_ap 0.42996417416680155
    epoch 45: loss 0.7288527812646783, minutes 5.05, val_ap 0.4390228825968983
    epoch 46: loss 0.7336400648622609, minutes 5.14, val_ap 0.4332739186001087
    epoch 47: loss 0.7281435292500716, minutes 5.23, val_ap 0.4393982757786725
    epoch 48: loss 0.7243060961016843, minutes 5.32, val_ap 0.4366800510130722
    epoch 49: loss 0.7185528476700735, minutes 5.41, val_ap 0.4368030023703977
    epoch 50: loss 0.7163769106402444, minutes 5.49, val_ap 0.43798208245933823
    epoch 51: loss 0.7185944148329987, minutes 5.58, val_ap 0.43498485734478964
    epoch 52: loss 0.7101355610683211, minutes 5.67, val_ap 0.42390326117271093
    epoch 53: loss 0.7130956237132733, minutes 5.76, val_ap 0.42700783427627703
    epoch 54: loss 0.7119768054588981, minutes 5.85, val_ap 0.4299425619851581
    epoch 55: loss 0.7095268098606313, minutes 5.93, val_ap 0.43992215816559865
    epoch 56: loss 0.710032844722869, minutes 6.02, val_ap 0.4192729659203881
    epoch 57: loss 0.7033013869886813, minutes 6.11, val_ap 0.4363247900775401
    epoch 58: loss 0.7026912325800063, minutes 6.2, val_ap 0.4265799140645489
    epoch 59: loss 0.7024309922221512, minutes 6.29, val_ap 0.43226074791701563
    epoch 60: loss 0.6986289386167175, minutes 6.38, val_ap 0.42679218870158053
    epoch 61: loss 0.7032077256652424, minutes 6.47, val_ap 0.4319393379720847
    stopping: no validation gain in 30 epochs
  [pooled_both fold 4] done (12.4 min)
