loaded: dataset0 121,838 sites, data1 90,452
[fk_band pooled_both fold 2]
    band weights [0.387, 0.361, 0.252] (bands ((0, 30), (30, 75), (75, 150)))
    epoch 1: loss 1.8938, val_ap 0.1858, minutes 0.83, lr 3.31e-04
    epoch 2: loss 1.5274, val_ap 0.3610, minutes 1.68, lr 6.58e-04
    epoch 3: loss 1.3485, val_ap 0.4521, minutes 2.54, lr 9.85e-04
    epoch 4: loss 1.2776, val_ap 0.4834, minutes 3.41, lr 1.00e-03
    epoch 5: loss 1.2417, val_ap 0.4855, minutes 4.26, lr 1.00e-03
    epoch 6: loss 1.2183, val_ap 0.4859, minutes 5.17, lr 1.00e-03
    epoch 7: loss 1.2133, val_ap 0.4798, minutes 5.99, lr 1.00e-03
    epoch 8: loss 1.2066, val_ap 0.4884, minutes 6.83, lr 1.00e-03
    epoch 9: loss 1.1826, val_ap 0.4945, minutes 7.66, lr 1.00e-03
    epoch 10: loss 1.1766, val_ap 0.4919, minutes 8.47, lr 1.00e-03
    epoch 11: loss 1.1858, val_ap 0.4982, minutes 9.28, lr 1.00e-03
    epoch 12: loss 1.1609, val_ap 0.4943, minutes 10.23, lr 1.00e-03
    epoch 13: loss 1.1595, val_ap 0.5002, minutes 11.2, lr 1.00e-03
    epoch 14: loss 1.1684, val_ap 0.4936, minutes 12.15, lr 1.00e-03
    epoch 15: loss 1.1654, val_ap 0.5039, minutes 13.1, lr 1.00e-03
    epoch 16: loss 1.1512, val_ap 0.5017, minutes 14.08, lr 1.00e-03
    epoch 17: loss 1.1511, val_ap 0.5028, minutes 15.06, lr 1.00e-03
    epoch 18: loss 1.1372, val_ap 0.4950, minutes 16.05, lr 1.00e-03
    epoch 19: loss 1.1405, val_ap 0.5015, minutes 17.06, lr 1.00e-03
    epoch 20: loss 1.1322, val_ap 0.4972, minutes 18.07, lr 1.00e-03
    epoch 21: loss 1.1323, val_ap 0.5059, minutes 19.09, lr 1.00e-03
    epoch 22: loss 1.1182, val_ap 0.5054, minutes 20.15, lr 1.00e-03
    epoch 23: loss 1.1133, val_ap 0.5010, minutes 21.19, lr 1.00e-03
    epoch 24: loss 1.1223, val_ap 0.5052, minutes 22.23, lr 1.00e-03
    epoch 25: loss 1.1129, val_ap 0.5041, minutes 23.25, lr 1.00e-03
    epoch 26: loss 1.1197, val_ap 0.5025, minutes 24.28, lr 1.00e-03
    epoch 27: loss 1.1080, val_ap 0.5044, minutes 25.32, lr 1.00e-03
    epoch 28: loss 1.1000, val_ap 0.4995, minutes 26.4, lr 1.00e-03
    epoch 29: loss 1.1065, val_ap 0.5065, minutes 27.42, lr 1.00e-03
    epoch 30: loss 1.1005, val_ap 0.5051, minutes 28.42, lr 1.00e-03
    epoch 31: loss 1.0961, val_ap 0.5058, minutes 29.43, lr 1.00e-03
    epoch 32: loss 1.0905, val_ap 0.5019, minutes 30.43, lr 1.00e-03
    epoch 33: loss 1.0905, val_ap 0.5070, minutes 31.44, lr 1.00e-03
    epoch 34: loss 1.0784, val_ap 0.5099, minutes 32.41, lr 1.00e-03
    epoch 35: loss 1.0866, val_ap 0.4950, minutes 33.4, lr 1.00e-03
    epoch 36: loss 1.0778, val_ap 0.5100, minutes 34.39, lr 1.00e-03
    epoch 37: loss 1.0651, val_ap 0.5098, minutes 35.37, lr 1.00e-03
    epoch 38: loss 1.0693, val_ap 0.5107, minutes 36.37, lr 1.00e-03
    epoch 39: loss 1.0761, val_ap 0.5133, minutes 37.39, lr 1.00e-03
    epoch 40: loss 1.0758, val_ap 0.5067, minutes 38.37, lr 1.00e-03
    epoch 41: loss 1.0627, val_ap 0.5013, minutes 39.34, lr 1.00e-03
    epoch 42: loss 1.0618, val_ap 0.5088, minutes 40.32, lr 1.00e-03
    epoch 43: loss 1.0570, val_ap 0.5057, minutes 41.29, lr 1.00e-03
    epoch 44: loss 1.0556, val_ap 0.5089, minutes 42.3, lr 1.00e-03
    epoch 45: loss 1.0513, val_ap 0.5083, minutes 43.27, lr 1.00e-03
    epoch 46: loss 1.0418, val_ap 0.5136, minutes 44.24, lr 1.00e-03
    epoch 47: loss 1.0462, val_ap 0.5066, minutes 45.27, lr 1.00e-03
    epoch 48: loss 1.0475, val_ap 0.5143, minutes 46.29, lr 1.00e-03
    epoch 49: loss 1.0340, val_ap 0.5089, minutes 47.26, lr 1.00e-03
    epoch 50: loss 1.0288, val_ap 0.5088, minutes 48.26, lr 1.00e-03
    epoch 51: loss 1.0416, val_ap 0.5165, minutes 49.23, lr 1.00e-03
    epoch 52: loss 1.0275, val_ap 0.5011, minutes 50.25, lr 1.00e-03
    epoch 53: loss 1.0186, val_ap 0.5012, minutes 51.23, lr 1.00e-03
    epoch 54: loss 1.0115, val_ap 0.5043, minutes 52.17, lr 1.00e-03
    epoch 55: loss 1.0137, val_ap 0.5124, minutes 53.16, lr 1.00e-03
    epoch 56: loss 1.0048, val_ap 0.5094, minutes 54.11, lr 1.00e-03
    epoch 57: loss 1.0043, val_ap 0.5122, minutes 55.07, lr 1.00e-03
    epoch 58: loss 1.0045, val_ap 0.5193, minutes 56.03, lr 1.00e-03
    epoch 59: loss 1.0132, val_ap 0.5168, minutes 56.99, lr 1.00e-03
    epoch 60: loss 1.0004, val_ap 0.5032, minutes 57.97, lr 1.00e-03
    epoch 61: loss 0.9980, val_ap 0.5069, minutes 58.93, lr 1.00e-03
    epoch 62: loss 0.9842, val_ap 0.5155, minutes 59.85, lr 1.00e-03
    epoch 63: loss 0.9812, val_ap 0.5104, minutes 60.79, lr 1.00e-03
    epoch 64: loss 0.9744, val_ap 0.5122, minutes 61.74, lr 1.00e-03
    epoch 65: loss 0.9848, val_ap 0.4975, minutes 62.66, lr 1.00e-03
    epoch 66: loss 0.9779, val_ap 0.5136, minutes 63.58, lr 1.00e-03
    epoch 67: loss 0.9690, val_ap 0.4985, minutes 64.51, lr 5.00e-04
    epoch 68: loss 0.9452, val_ap 0.5081, minutes 65.42, lr 5.00e-04
    epoch 69: loss 0.9420, val_ap 0.5038, minutes 66.35, lr 5.00e-04
    epoch 70: loss 0.9302, val_ap 0.4936, minutes 67.26, lr 5.00e-04
    epoch 71: loss 0.9369, val_ap 0.5065, minutes 68.17, lr 5.00e-04
    epoch 72: loss 0.9263, val_ap 0.5008, minutes 69.1, lr 5.00e-04
    epoch 73: loss 0.9265, val_ap 0.5020, minutes 70.06, lr 5.00e-04
    epoch 74: loss 0.9246, val_ap 0.4990, minutes 70.98, lr 5.00e-04
    epoch 75: loss 0.9314, val_ap 0.4955, minutes 71.88, lr 5.00e-04
    epoch 76: loss 0.9251, val_ap 0.5005, minutes 72.81, lr 2.50e-04
    epoch 77: loss 0.9077, val_ap 0.4988, minutes 73.72, lr 2.50e-04
    epoch 78: loss 0.9046, val_ap 0.4886, minutes 74.65, lr 2.50e-04
    epoch 79: loss 0.8917, val_ap 0.4964, minutes 75.58, lr 2.50e-04
    epoch 80: loss 0.9023, val_ap 0.4930, minutes 76.49, lr 2.50e-04
    epoch 81: loss 0.9009, val_ap 0.4946, minutes 77.4, lr 2.50e-04
    epoch 82: loss 0.8950, val_ap 0.4883, minutes 78.3, lr 2.50e-04
    epoch 83: loss 0.8972, val_ap 0.4875, minutes 79.22, lr 2.50e-04
    stopping: no validation gain in 25 epochs
[fk_band pooled_both fold 2] done (79.9 min)
