loaded: dataset0 121,838 sites, data1 90,452
[h2gcn_twohead pooled_both fold 4 seed 1]
    epoch 1: loss 1.2602, val_ap 0.1288, minutes 0.83, lr 3.31e-04
    epoch 2: loss 1.0245, val_ap 0.2662, minutes 1.68, lr 6.60e-04
    epoch 3: loss 0.9137, val_ap 0.4175, minutes 2.52, lr 9.89e-04
    epoch 4: loss 0.8081, val_ap 0.4636, minutes 3.31, lr 1.00e-03
    epoch 5: loss 0.7809, val_ap 0.4650, minutes 4.07, lr 1.00e-03
    epoch 6: loss 0.7591, val_ap 0.4695, minutes 4.8, lr 1.00e-03
    epoch 7: loss 0.7352, val_ap 0.4735, minutes 5.56, lr 1.00e-03
    epoch 8: loss 0.7277, val_ap 0.4714, minutes 6.3, lr 1.00e-03
    epoch 9: loss 0.7187, val_ap 0.4765, minutes 7.06, lr 1.00e-03
    epoch 10: loss 0.7280, val_ap 0.4787, minutes 7.86, lr 1.00e-03
    epoch 11: loss 0.7087, val_ap 0.4770, minutes 8.61, lr 1.00e-03
    epoch 12: loss 0.6973, val_ap 0.4840, minutes 9.42, lr 1.00e-03
    epoch 13: loss 0.7005, val_ap 0.4856, minutes 10.14, lr 1.00e-03
    epoch 14: loss 0.6907, val_ap 0.4847, minutes 10.91, lr 1.00e-03
    epoch 15: loss 0.6900, val_ap 0.4880, minutes 11.69, lr 1.00e-03
    epoch 16: loss 0.6855, val_ap 0.4936, minutes 12.45, lr 1.00e-03
    epoch 17: loss 0.6857, val_ap 0.4908, minutes 13.18, lr 1.00e-03
    epoch 18: loss 0.6797, val_ap 0.4995, minutes 13.92, lr 1.00e-03
    epoch 19: loss 0.6710, val_ap 0.4943, minutes 14.63, lr 1.00e-03
    epoch 20: loss 0.6693, val_ap 0.4959, minutes 15.41, lr 1.00e-03
    epoch 21: loss 0.6812, val_ap 0.5031, minutes 16.08, lr 1.00e-03
    epoch 22: loss 0.6651, val_ap 0.5005, minutes 16.77, lr 1.00e-03
    epoch 23: loss 0.6633, val_ap 0.4944, minutes 17.47, lr 1.00e-03
    epoch 24: loss 0.6615, val_ap 0.5019, minutes 18.21, lr 1.00e-03
    epoch 25: loss 0.6523, val_ap 0.5058, minutes 18.93, lr 1.00e-03
    epoch 26: loss 0.6520, val_ap 0.5060, minutes 19.65, lr 1.00e-03
    epoch 27: loss 0.6511, val_ap 0.4993, minutes 20.38, lr 1.00e-03
    epoch 28: loss 0.6474, val_ap 0.4991, minutes 21.11, lr 1.00e-03
    epoch 29: loss 0.6479, val_ap 0.5119, minutes 21.79, lr 1.00e-03
    epoch 30: loss 0.6324, val_ap 0.5040, minutes 22.41, lr 1.00e-03
    epoch 31: loss 0.6306, val_ap 0.5090, minutes 23.16, lr 1.00e-03
    epoch 32: loss 0.6281, val_ap 0.5065, minutes 23.81, lr 1.00e-03
    epoch 33: loss 0.6270, val_ap 0.5025, minutes 24.55, lr 1.00e-03
    epoch 34: loss 0.6225, val_ap 0.5000, minutes 25.19, lr 1.00e-03
    epoch 35: loss 0.6207, val_ap 0.5138, minutes 25.83, lr 1.00e-03
    epoch 36: loss 0.6144, val_ap 0.5100, minutes 26.46, lr 1.00e-03
    epoch 37: loss 0.6178, val_ap 0.5114, minutes 27.12, lr 1.00e-03
    epoch 38: loss 0.6118, val_ap 0.5104, minutes 27.79, lr 1.00e-03
    epoch 39: loss 0.6073, val_ap 0.5159, minutes 28.42, lr 1.00e-03
    epoch 40: loss 0.6007, val_ap 0.5076, minutes 29.13, lr 1.00e-03
    epoch 41: loss 0.5997, val_ap 0.5129, minutes 29.77, lr 1.00e-03
    epoch 42: loss 0.5977, val_ap 0.4795, minutes 30.42, lr 1.00e-03
    epoch 43: loss 0.5967, val_ap 0.4944, minutes 31.03, lr 1.00e-03
    epoch 44: loss 0.5878, val_ap 0.5011, minutes 31.71, lr 1.00e-03
    epoch 45: loss 0.5769, val_ap 0.5097, minutes 32.38, lr 1.00e-03
    epoch 46: loss 0.5786, val_ap 0.5031, minutes 33.04, lr 1.00e-03
    epoch 47: loss 0.5724, val_ap 0.5065, minutes 33.64, lr 1.00e-03
    epoch 48: loss 0.5658, val_ap 0.5033, minutes 34.25, lr 5.00e-04
    epoch 49: loss 0.5477, val_ap 0.5009, minutes 34.84, lr 5.00e-04
    epoch 50: loss 0.5419, val_ap 0.4942, minutes 35.46, lr 5.00e-04
    epoch 51: loss 0.5403, val_ap 0.5057, minutes 36.0, lr 5.00e-04
    epoch 52: loss 0.5415, val_ap 0.4965, minutes 36.59, lr 5.00e-04
    epoch 53: loss 0.5301, val_ap 0.5004, minutes 37.21, lr 5.00e-04
    epoch 54: loss 0.5333, val_ap 0.4985, minutes 37.79, lr 5.00e-04
    epoch 55: loss 0.5313, val_ap 0.5011, minutes 38.36, lr 5.00e-04
    epoch 56: loss 0.5262, val_ap 0.4930, minutes 38.98, lr 5.00e-04
    epoch 57: loss 0.5314, val_ap 0.4923, minutes 39.6, lr 2.50e-04
    epoch 58: loss 0.5133, val_ap 0.5007, minutes 40.23, lr 2.50e-04
    epoch 59: loss 0.5073, val_ap 0.4975, minutes 40.81, lr 2.50e-04
    epoch 60: loss 0.5087, val_ap 0.4991, minutes 41.36, lr 2.50e-04
    epoch 61: loss 0.5073, val_ap 0.4986, minutes 41.94, lr 2.50e-04
    epoch 62: loss 0.5092, val_ap 0.4862, minutes 42.56, lr 2.50e-04
    epoch 63: loss 0.5032, val_ap 0.4936, minutes 43.15, lr 2.50e-04
    epoch 64: loss 0.5021, val_ap 0.4947, minutes 43.74, lr 2.50e-04
    stopping: no validation gain in 25 epochs
[h2gcn_twohead pooled_both fold 4 seed 1] done (44.3 min)
