loaded: dataset0 121,838 sites, data1 90,452
[fk_kernel pooled_both fold 0 seed 1]
    kernel decay scale 118.2 nt (fitted to cell line 1 training labels)
    epoch 1: loss 1.8810, val_ap 0.1960, minutes 0.79, lr 3.31e-04
    epoch 2: loss 1.5468, val_ap 0.3189, minutes 1.58, lr 6.60e-04
    epoch 3: loss 1.3943, val_ap 0.3924, minutes 2.42, lr 9.89e-04
    epoch 4: loss 1.3158, val_ap 0.4179, minutes 3.22, lr 1.00e-03
    epoch 5: loss 1.2668, val_ap 0.4220, minutes 4.02, lr 1.00e-03
    epoch 6: loss 1.2645, val_ap 0.4342, minutes 4.84, lr 1.00e-03
    epoch 7: loss 1.2258, val_ap 0.4312, minutes 5.65, lr 1.00e-03
    epoch 8: loss 1.2350, val_ap 0.4375, minutes 6.47, lr 1.00e-03
    epoch 9: loss 1.2198, val_ap 0.4390, minutes 7.31, lr 1.00e-03
    epoch 10: loss 1.2134, val_ap 0.4370, minutes 8.13, lr 1.00e-03
    epoch 11: loss 1.2075, val_ap 0.4343, minutes 8.95, lr 1.00e-03
    epoch 12: loss 1.1970, val_ap 0.4436, minutes 9.74, lr 1.00e-03
    epoch 13: loss 1.1917, val_ap 0.4467, minutes 10.55, lr 1.00e-03
    epoch 14: loss 1.1898, val_ap 0.4552, minutes 11.43, lr 1.00e-03
    epoch 15: loss 1.1801, val_ap 0.4489, minutes 12.29, lr 1.00e-03
    epoch 16: loss 1.1830, val_ap 0.4561, minutes 13.11, lr 1.00e-03
    epoch 17: loss 1.1830, val_ap 0.4529, minutes 13.95, lr 1.00e-03
    epoch 18: loss 1.1709, val_ap 0.4623, minutes 14.81, lr 1.00e-03
    epoch 19: loss 1.1709, val_ap 0.4639, minutes 15.63, lr 1.00e-03
    epoch 20: loss 1.1700, val_ap 0.4618, minutes 16.49, lr 1.00e-03
    epoch 21: loss 1.1556, val_ap 0.4705, minutes 17.3, lr 1.00e-03
    epoch 22: loss 1.1553, val_ap 0.4708, minutes 18.15, lr 1.00e-03
    epoch 23: loss 1.1569, val_ap 0.4688, minutes 19.02, lr 1.00e-03
    epoch 24: loss 1.1455, val_ap 0.4753, minutes 19.86, lr 1.00e-03
    epoch 25: loss 1.1372, val_ap 0.4748, minutes 20.71, lr 1.00e-03
    epoch 26: loss 1.1390, val_ap 0.4744, minutes 21.57, lr 1.00e-03
    epoch 27: loss 1.1471, val_ap 0.4822, minutes 22.45, lr 1.00e-03
    epoch 28: loss 1.1312, val_ap 0.4828, minutes 23.29, lr 1.00e-03
    epoch 29: loss 1.1251, val_ap 0.4801, minutes 24.16, lr 1.00e-03
    epoch 30: loss 1.1323, val_ap 0.4820, minutes 25.01, lr 1.00e-03
    epoch 31: loss 1.1161, val_ap 0.4770, minutes 25.77, lr 1.00e-03
    epoch 32: loss 1.1097, val_ap 0.4859, minutes 26.6, lr 1.00e-03
    epoch 33: loss 1.1130, val_ap 0.4825, minutes 27.47, lr 1.00e-03
    epoch 34: loss 1.1090, val_ap 0.4785, minutes 28.32, lr 1.00e-03
    epoch 35: loss 1.1029, val_ap 0.4801, minutes 29.17, lr 1.00e-03
    epoch 36: loss 1.1041, val_ap 0.4862, minutes 30.02, lr 1.00e-03
    epoch 37: loss 1.0894, val_ap 0.4888, minutes 30.79, lr 1.00e-03
    epoch 38: loss 1.0874, val_ap 0.4787, minutes 31.64, lr 1.00e-03
    epoch 39: loss 1.0940, val_ap 0.4845, minutes 32.46, lr 1.00e-03
    epoch 40: loss 1.0876, val_ap 0.4781, minutes 33.28, lr 1.00e-03
    epoch 41: loss 1.0753, val_ap 0.4871, minutes 34.12, lr 1.00e-03
    epoch 42: loss 1.0687, val_ap 0.4805, minutes 34.92, lr 1.00e-03
    epoch 43: loss 1.0679, val_ap 0.4817, minutes 35.69, lr 1.00e-03
    epoch 44: loss 1.0667, val_ap 0.4836, minutes 36.49, lr 1.00e-03
    epoch 45: loss 1.0667, val_ap 0.4819, minutes 37.28, lr 1.00e-03
    epoch 46: loss 1.0631, val_ap 0.4838, minutes 38.12, lr 5.00e-04
    epoch 47: loss 1.0392, val_ap 0.4874, minutes 38.96, lr 5.00e-04
    epoch 48: loss 1.0384, val_ap 0.4842, minutes 39.76, lr 5.00e-04
    epoch 49: loss 1.0286, val_ap 0.4879, minutes 40.66, lr 5.00e-04
    epoch 50: loss 1.0302, val_ap 0.4851, minutes 41.5, lr 5.00e-04
    epoch 51: loss 1.0245, val_ap 0.4935, minutes 42.32, lr 5.00e-04
    epoch 52: loss 1.0277, val_ap 0.4847, minutes 43.13, lr 5.00e-04
    epoch 53: loss 1.0211, val_ap 0.4842, minutes 43.97, lr 5.00e-04
    epoch 54: loss 1.0199, val_ap 0.4869, minutes 44.81, lr 5.00e-04
    epoch 55: loss 1.0136, val_ap 0.4838, minutes 45.65, lr 5.00e-04
    epoch 56: loss 1.0133, val_ap 0.4822, minutes 46.51, lr 5.00e-04
    epoch 57: loss 1.0104, val_ap 0.4835, minutes 47.25, lr 5.00e-04
    epoch 58: loss 1.0054, val_ap 0.4893, minutes 48.03, lr 5.00e-04
    epoch 59: loss 1.0058, val_ap 0.4888, minutes 48.84, lr 5.00e-04
    epoch 60: loss 1.0038, val_ap 0.4795, minutes 49.66, lr 2.50e-04
    epoch 61: loss 0.9869, val_ap 0.4801, minutes 50.54, lr 2.50e-04
    epoch 62: loss 0.9878, val_ap 0.4820, minutes 51.37, lr 2.50e-04
    epoch 63: loss 0.9867, val_ap 0.4837, minutes 52.28, lr 2.50e-04
    epoch 64: loss 0.9806, val_ap 0.4850, minutes 53.09, lr 2.50e-04
    epoch 65: loss 0.9804, val_ap 0.4841, minutes 53.96, lr 2.50e-04
    epoch 66: loss 0.9817, val_ap 0.4850, minutes 54.74, lr 2.50e-04
    epoch 67: loss 0.9792, val_ap 0.4818, minutes 55.58, lr 2.50e-04
    epoch 68: loss 0.9695, val_ap 0.4823, minutes 56.45, lr 2.50e-04
    epoch 69: loss 0.9717, val_ap 0.4771, minutes 57.28, lr 1.25e-04
    epoch 70: loss 0.9704, val_ap 0.4792, minutes 58.25, lr 1.25e-04
    epoch 71: loss 0.9677, val_ap 0.4840, minutes 59.07, lr 1.25e-04
    epoch 72: loss 0.9674, val_ap 0.4827, minutes 59.87, lr 1.25e-04
    epoch 73: loss 0.9573, val_ap 0.4810, minutes 60.79, lr 1.25e-04
    epoch 74: loss 0.9539, val_ap 0.4808, minutes 61.59, lr 1.25e-04
    epoch 75: loss 0.9623, val_ap 0.4798, minutes 62.44, lr 1.25e-04
    epoch 76: loss 0.9570, val_ap 0.4793, minutes 63.21, lr 1.25e-04
    stopping: no validation gain in 25 epochs
[fk_kernel pooled_both fold 0 seed 1] done (63.9 min)
