loaded: dataset0 121,838 sites, data1 90,452
[h2gcn_local pooled_both fold 4 seed 2]
    epoch 1: loss 1.2622, val_ap 0.1610, minutes 0.97, lr 3.31e-04
    epoch 2: loss 1.0303, val_ap 0.2977, minutes 1.84, lr 6.60e-04
    epoch 3: loss 0.9284, val_ap 0.4011, minutes 2.75, lr 9.89e-04
    epoch 4: loss 0.8786, val_ap 0.4281, minutes 3.57, lr 1.00e-03
    epoch 5: loss 0.8420, val_ap 0.4346, minutes 4.38, lr 1.00e-03
    epoch 6: loss 0.8270, val_ap 0.4355, minutes 5.17, lr 1.00e-03
    epoch 7: loss 0.8144, val_ap 0.4394, minutes 5.96, lr 1.00e-03
    epoch 8: loss 0.8102, val_ap 0.4453, minutes 6.71, lr 1.00e-03
    epoch 9: loss 0.8005, val_ap 0.4504, minutes 7.48, lr 1.00e-03
    epoch 10: loss 0.7983, val_ap 0.4546, minutes 8.19, lr 1.00e-03
    epoch 11: loss 0.7930, val_ap 0.4549, minutes 8.92, lr 1.00e-03
    epoch 12: loss 0.7901, val_ap 0.4564, minutes 9.66, lr 1.00e-03
    epoch 13: loss 0.7873, val_ap 0.4634, minutes 10.38, lr 1.00e-03
    epoch 14: loss 0.7706, val_ap 0.4703, minutes 11.11, lr 1.00e-03
    epoch 15: loss 0.7659, val_ap 0.4760, minutes 11.84, lr 1.00e-03
    epoch 16: loss 0.7672, val_ap 0.4633, minutes 12.58, lr 1.00e-03
    epoch 17: loss 0.7624, val_ap 0.4654, minutes 13.33, lr 1.00e-03
    epoch 18: loss 0.7580, val_ap 0.4677, minutes 14.07, lr 1.00e-03
    epoch 19: loss 0.7612, val_ap 0.4665, minutes 14.84, lr 1.00e-03
    epoch 20: loss 0.7508, val_ap 0.4757, minutes 15.55, lr 1.00e-03
    epoch 21: loss 0.7456, val_ap 0.4766, minutes 16.25, lr 1.00e-03
    epoch 22: loss 0.7438, val_ap 0.4807, minutes 16.99, lr 1.00e-03
    epoch 23: loss 0.7449, val_ap 0.4800, minutes 17.67, lr 1.00e-03
    epoch 24: loss 0.7388, val_ap 0.4756, minutes 18.35, lr 1.00e-03
    epoch 25: loss 0.7383, val_ap 0.4726, minutes 19.08, lr 1.00e-03
    epoch 26: loss 0.7396, val_ap 0.4758, minutes 19.82, lr 1.00e-03
    epoch 27: loss 0.7280, val_ap 0.4789, minutes 20.58, lr 1.00e-03
    epoch 28: loss 0.7271, val_ap 0.4769, minutes 21.36, lr 1.00e-03
    epoch 29: loss 0.7267, val_ap 0.4805, minutes 22.08, lr 1.00e-03
    epoch 30: loss 0.7228, val_ap 0.4777, minutes 22.85, lr 1.00e-03
    epoch 31: loss 0.7183, val_ap 0.4833, minutes 23.61, lr 1.00e-03
    epoch 32: loss 0.7129, val_ap 0.4799, minutes 24.37, lr 1.00e-03
    epoch 33: loss 0.7068, val_ap 0.4749, minutes 25.14, lr 1.00e-03
    epoch 34: loss 0.7037, val_ap 0.4809, minutes 25.84, lr 1.00e-03
    epoch 35: loss 0.7044, val_ap 0.4824, minutes 26.6, lr 1.00e-03
    epoch 36: loss 0.6940, val_ap 0.4786, minutes 27.36, lr 1.00e-03
    epoch 37: loss 0.6951, val_ap 0.4818, minutes 28.08, lr 1.00e-03
    epoch 38: loss 0.6897, val_ap 0.4749, minutes 28.83, lr 1.00e-03
    epoch 39: loss 0.6870, val_ap 0.4731, minutes 29.52, lr 1.00e-03
    epoch 40: loss 0.6813, val_ap 0.4628, minutes 30.26, lr 5.00e-04
    epoch 41: loss 0.6700, val_ap 0.4757, minutes 31.0, lr 5.00e-04
    epoch 42: loss 0.6610, val_ap 0.4819, minutes 31.75, lr 5.00e-04
    epoch 43: loss 0.6527, val_ap 0.4744, minutes 32.52, lr 5.00e-04
    epoch 44: loss 0.6544, val_ap 0.4776, minutes 33.3, lr 5.00e-04
    epoch 45: loss 0.6495, val_ap 0.4647, minutes 34.04, lr 5.00e-04
    epoch 46: loss 0.6492, val_ap 0.4738, minutes 34.81, lr 5.00e-04
    epoch 47: loss 0.6442, val_ap 0.4648, minutes 35.45, lr 5.00e-04
    epoch 48: loss 0.6398, val_ap 0.4749, minutes 36.07, lr 5.00e-04
    epoch 49: loss 0.6413, val_ap 0.4693, minutes 36.69, lr 2.50e-04
    epoch 50: loss 0.6268, val_ap 0.4758, minutes 37.31, lr 2.50e-04
    epoch 51: loss 0.6202, val_ap 0.4710, minutes 37.88, lr 2.50e-04
    epoch 52: loss 0.6274, val_ap 0.4702, minutes 38.4, lr 2.50e-04
    epoch 53: loss 0.6204, val_ap 0.4739, minutes 38.94, lr 2.50e-04
    epoch 54: loss 0.6213, val_ap 0.4717, minutes 39.49, lr 2.50e-04
    epoch 55: loss 0.6152, val_ap 0.4637, minutes 40.05, lr 2.50e-04
    epoch 56: loss 0.6170, val_ap 0.4648, minutes 40.6, lr 2.50e-04
    stopping: no validation gain in 25 epochs
[h2gcn_local pooled_both fold 4 seed 2] done (41.1 min)
