loaded: dataset0 121,838 sites, data1 90,452
[gcn dataset0 fold 4 seed 1]
    epoch 1: loss 1.3226, val_ap 0.0834, minutes 0.61, lr 3.33e-04
    epoch 2: loss 1.2866, val_ap 0.0943, minutes 1.23, lr 6.63e-04
    epoch 3: loss 1.1087, val_ap 0.1906, minutes 1.84, lr 9.92e-04
    epoch 4: loss 0.9550, val_ap 0.2882, minutes 2.42, lr 1.00e-03
    epoch 5: loss 0.8800, val_ap 0.2943, minutes 2.99, lr 1.00e-03
    epoch 6: loss 0.8695, val_ap 0.2995, minutes 3.6, lr 1.00e-03
    epoch 7: loss 0.8351, val_ap 0.3017, minutes 4.24, lr 1.00e-03
    epoch 8: loss 0.8257, val_ap 0.3063, minutes 4.8, lr 1.00e-03
    epoch 9: loss 0.8268, val_ap 0.3080, minutes 5.42, lr 1.00e-03
    epoch 10: loss 0.8116, val_ap 0.3093, minutes 6.03, lr 1.00e-03
    epoch 11: loss 0.8015, val_ap 0.3116, minutes 6.62, lr 1.00e-03
    epoch 12: loss 0.8002, val_ap 0.3118, minutes 7.24, lr 1.00e-03
    epoch 13: loss 0.8021, val_ap 0.3086, minutes 7.85, lr 1.00e-03
    epoch 14: loss 0.7814, val_ap 0.3098, minutes 8.43, lr 1.00e-03
    epoch 15: loss 0.7745, val_ap 0.3117, minutes 9.02, lr 1.00e-03
    epoch 16: loss 0.7835, val_ap 0.3122, minutes 9.6, lr 1.00e-03
    epoch 17: loss 0.7824, val_ap 0.3126, minutes 10.18, lr 1.00e-03
    epoch 18: loss 0.7628, val_ap 0.3081, minutes 10.74, lr 1.00e-03
    epoch 19: loss 0.7515, val_ap 0.3107, minutes 11.37, lr 1.00e-03
    epoch 20: loss 0.7495, val_ap 0.3101, minutes 11.96, lr 1.00e-03
    epoch 21: loss 0.7571, val_ap 0.3094, minutes 12.57, lr 1.00e-03
    epoch 22: loss 0.7500, val_ap 0.3115, minutes 13.18, lr 1.00e-03
    epoch 23: loss 0.7642, val_ap 0.3093, minutes 13.78, lr 1.00e-03
    epoch 24: loss 0.7395, val_ap 0.3140, minutes 14.38, lr 1.00e-03
    epoch 25: loss 0.7534, val_ap 0.3091, minutes 15.0, lr 1.00e-03
    epoch 26: loss 0.7563, val_ap 0.3082, minutes 15.59, lr 1.00e-03
    epoch 27: loss 0.7441, val_ap 0.3121, minutes 16.18, lr 1.00e-03
    epoch 28: loss 0.7551, val_ap 0.3122, minutes 16.76, lr 1.00e-03
    epoch 29: loss 0.7366, val_ap 0.3142, minutes 17.34, lr 1.00e-03
    epoch 30: loss 0.7326, val_ap 0.3130, minutes 17.88, lr 1.00e-03
    epoch 31: loss 0.7257, val_ap 0.3138, minutes 18.46, lr 1.00e-03
    epoch 32: loss 0.7251, val_ap 0.3138, minutes 18.99, lr 1.00e-03
    epoch 33: loss 0.7389, val_ap 0.3110, minutes 19.59, lr 1.00e-03
    epoch 34: loss 0.7374, val_ap 0.3153, minutes 20.21, lr 1.00e-03
    epoch 35: loss 0.7233, val_ap 0.3124, minutes 20.82, lr 1.00e-03
    epoch 36: loss 0.7298, val_ap 0.3165, minutes 21.41, lr 1.00e-03
    epoch 37: loss 0.7323, val_ap 0.3158, minutes 22.01, lr 1.00e-03
    epoch 38: loss 0.7307, val_ap 0.3099, minutes 22.58, lr 1.00e-03
    epoch 39: loss 0.7215, val_ap 0.3085, minutes 23.17, lr 1.00e-03
    epoch 40: loss 0.7091, val_ap 0.3135, minutes 23.77, lr 1.00e-03
    epoch 41: loss 0.7266, val_ap 0.3148, minutes 24.37, lr 1.00e-03
    epoch 42: loss 0.7062, val_ap 0.3135, minutes 24.93, lr 1.00e-03
    epoch 43: loss 0.7304, val_ap 0.3183, minutes 25.48, lr 1.00e-03
    epoch 44: loss 0.7287, val_ap 0.3181, minutes 26.03, lr 1.00e-03
    epoch 45: loss 0.7064, val_ap 0.3159, minutes 26.56, lr 1.00e-03
    epoch 46: loss 0.7100, val_ap 0.3135, minutes 27.14, lr 1.00e-03
    epoch 47: loss 0.7168, val_ap 0.3198, minutes 27.74, lr 1.00e-03
    epoch 48: loss 0.7050, val_ap 0.3135, minutes 28.28, lr 1.00e-03
    epoch 49: loss 0.6965, val_ap 0.3175, minutes 28.8, lr 1.00e-03
    epoch 50: loss 0.7107, val_ap 0.3096, minutes 29.36, lr 1.00e-03
    epoch 51: loss 0.7074, val_ap 0.3153, minutes 29.9, lr 1.00e-03
    epoch 52: loss 0.7033, val_ap 0.3033, minutes 30.4, lr 1.00e-03
    epoch 53: loss 0.7002, val_ap 0.3090, minutes 30.93, lr 1.00e-03
    epoch 54: loss 0.6959, val_ap 0.3122, minutes 31.46, lr 1.00e-03
    epoch 55: loss 0.6913, val_ap 0.3112, minutes 32.0, lr 1.00e-03
    epoch 56: loss 0.6938, val_ap 0.3122, minutes 32.52, lr 5.00e-04
    epoch 57: loss 0.6888, val_ap 0.3109, minutes 33.04, lr 5.00e-04
    epoch 58: loss 0.6875, val_ap 0.3121, minutes 33.59, lr 5.00e-04
    epoch 59: loss 0.6785, val_ap 0.3139, minutes 34.15, lr 5.00e-04
    epoch 60: loss 0.6883, val_ap 0.3152, minutes 34.7, lr 5.00e-04
    epoch 61: loss 0.6806, val_ap 0.3163, minutes 35.26, lr 5.00e-04
    epoch 62: loss 0.6736, val_ap 0.3132, minutes 35.81, lr 5.00e-04
    epoch 63: loss 0.6798, val_ap 0.3124, minutes 36.35, lr 5.00e-04
    epoch 64: loss 0.6671, val_ap 0.3109, minutes 36.88, lr 5.00e-04
    epoch 65: loss 0.6778, val_ap 0.3184, minutes 37.42, lr 2.50e-04
    epoch 66: loss 0.6710, val_ap 0.3215, minutes 37.97, lr 2.50e-04
    epoch 67: loss 0.6774, val_ap 0.3215, minutes 38.52, lr 2.50e-04
    epoch 68: loss 0.6657, val_ap 0.3193, minutes 39.07, lr 2.50e-04
    epoch 69: loss 0.6632, val_ap 0.3160, minutes 39.61, lr 2.50e-04
    epoch 70: loss 0.6751, val_ap 0.3089, minutes 40.17, lr 2.50e-04
    epoch 71: loss 0.6630, val_ap 0.3187, minutes 40.73, lr 2.50e-04
    epoch 72: loss 0.6639, val_ap 0.3110, minutes 41.31, lr 2.50e-04
    epoch 73: loss 0.6645, val_ap 0.3149, minutes 41.88, lr 2.50e-04
    epoch 74: loss 0.6708, val_ap 0.3199, minutes 42.45, lr 2.50e-04
    epoch 75: loss 0.6622, val_ap 0.3181, minutes 43.02, lr 1.25e-04
    epoch 76: loss 0.6533, val_ap 0.3206, minutes 43.54, lr 1.25e-04
    epoch 77: loss 0.6574, val_ap 0.3177, minutes 44.11, lr 1.25e-04
    epoch 78: loss 0.6591, val_ap 0.3217, minutes 44.66, lr 1.25e-04
    epoch 79: loss 0.6537, val_ap 0.3175, minutes 45.21, lr 1.25e-04
    epoch 80: loss 0.6645, val_ap 0.3188, minutes 45.72, lr 1.25e-04
    epoch 81: loss 0.6543, val_ap 0.3204, minutes 46.23, lr 1.25e-04
    epoch 82: loss 0.6578, val_ap 0.3204, minutes 46.73, lr 1.25e-04
    epoch 83: loss 0.6568, val_ap 0.3212, minutes 47.22, lr 1.25e-04
    epoch 84: loss 0.6540, val_ap 0.3191, minutes 47.76, lr 1.25e-04
    epoch 85: loss 0.6547, val_ap 0.3203, minutes 48.27, lr 1.25e-04
    epoch 86: loss 0.6512, val_ap 0.3197, minutes 48.81, lr 1.25e-04
    epoch 87: loss 0.6558, val_ap 0.3200, minutes 49.35, lr 6.25e-05
    epoch 88: loss 0.6566, val_ap 0.3177, minutes 49.87, lr 6.25e-05
    epoch 89: loss 0.6573, val_ap 0.3205, minutes 50.41, lr 6.25e-05
    epoch 90: loss 0.6462, val_ap 0.3206, minutes 50.95, lr 6.25e-05
    epoch 91: loss 0.6554, val_ap 0.3205, minutes 51.51, lr 6.25e-05
    epoch 92: loss 0.6509, val_ap 0.3187, minutes 52.06, lr 6.25e-05
    epoch 93: loss 0.6509, val_ap 0.3206, minutes 52.58, lr 6.25e-05
    epoch 94: loss 0.6532, val_ap 0.3228, minutes 53.13, lr 6.25e-05
    epoch 95: loss 0.6494, val_ap 0.3191, minutes 53.67, lr 6.25e-05
    epoch 96: loss 0.6545, val_ap 0.3217, minutes 54.21, lr 6.25e-05
    epoch 97: loss 0.6629, val_ap 0.3213, minutes 54.72, lr 6.25e-05
    epoch 98: loss 0.6480, val_ap 0.3204, minutes 55.26, lr 6.25e-05
    epoch 99: loss 0.6459, val_ap 0.3202, minutes 55.81, lr 6.25e-05
    epoch 100: loss 0.6579, val_ap 0.3196, minutes 56.33, lr 6.25e-05
    epoch 101: loss 0.6576, val_ap 0.3208, minutes 56.83, lr 6.25e-05
    epoch 102: loss 0.6503, val_ap 0.3195, minutes 57.37, lr 6.25e-05
    epoch 103: loss 0.6517, val_ap 0.3211, minutes 57.91, lr 3.13e-05
    epoch 104: loss 0.6476, val_ap 0.3202, minutes 58.44, lr 3.13e-05
    epoch 105: loss 0.6483, val_ap 0.3210, minutes 58.98, lr 3.13e-05
    epoch 106: loss 0.6435, val_ap 0.3200, minutes 59.5, lr 3.13e-05
    epoch 107: loss 0.6479, val_ap 0.3209, minutes 59.99, lr 3.13e-05
    epoch 108: loss 0.6487, val_ap 0.3211, minutes 60.52, lr 3.13e-05
    epoch 109: loss 0.6537, val_ap 0.3208, minutes 61.06, lr 3.13e-05
    epoch 110: loss 0.6441, val_ap 0.3205, minutes 61.63, lr 3.13e-05
    epoch 111: loss 0.6493, val_ap 0.3206, minutes 62.13, lr 3.13e-05
    epoch 112: loss 0.6487, val_ap 0.3220, minutes 62.63, lr 1.56e-05
    epoch 113: loss 0.6455, val_ap 0.3210, minutes 63.16, lr 1.56e-05
    epoch 114: loss 0.6503, val_ap 0.3205, minutes 63.68, lr 1.56e-05
    epoch 115: loss 0.6410, val_ap 0.3206, minutes 64.22, lr 1.56e-05
    epoch 116: loss 0.6436, val_ap 0.3211, minutes 64.73, lr 1.56e-05
    epoch 117: loss 0.6516, val_ap 0.3206, minutes 65.29, lr 1.56e-05
    epoch 118: loss 0.6509, val_ap 0.3200, minutes 65.84, lr 1.56e-05
    epoch 119: loss 0.6508, val_ap 0.3217, minutes 66.34, lr 1.56e-05
    stopping: no validation gain in 25 epochs
[gcn dataset0 fold 4 seed 1] done (67.1 min)
