loaded: dataset0 121,838 sites, data1 90,452
[scalar_random dataset0 fold 3 seed 1]
    kernel decay scale 113.4 nt (fitted to cell line 1 training labels)
    epoch 1: loss 1.9797, val_ap 0.0981, minutes 0.48, lr 3.33e-04
    epoch 2: loss 1.5925, val_ap 0.2160, minutes 0.95, lr 6.63e-04
    epoch 3: loss 1.3799, val_ap 0.3767, minutes 1.41, lr 9.92e-04
    epoch 4: loss 1.2588, val_ap 0.4506, minutes 1.9, lr 1.00e-03
    epoch 5: loss 1.1734, val_ap 0.4808, minutes 2.37, lr 1.00e-03
    epoch 6: loss 1.1284, val_ap 0.4883, minutes 2.88, lr 1.00e-03
    epoch 7: loss 1.1149, val_ap 0.4813, minutes 3.36, lr 1.00e-03
    epoch 8: loss 1.0934, val_ap 0.4897, minutes 3.89, lr 1.00e-03
    epoch 9: loss 1.0877, val_ap 0.4853, minutes 4.35, lr 1.00e-03
    epoch 10: loss 1.0671, val_ap 0.4987, minutes 4.8, lr 1.00e-03
    epoch 11: loss 1.0582, val_ap 0.4953, minutes 5.26, lr 1.00e-03
    epoch 12: loss 1.0643, val_ap 0.4948, minutes 5.74, lr 1.00e-03
    epoch 13: loss 1.0609, val_ap 0.4996, minutes 6.23, lr 1.00e-03
    epoch 14: loss 1.0287, val_ap 0.4946, minutes 6.7, lr 1.00e-03
    epoch 15: loss 1.0231, val_ap 0.4995, minutes 7.17, lr 1.00e-03
    epoch 16: loss 1.0019, val_ap 0.5126, minutes 7.66, lr 1.00e-03
    epoch 17: loss 1.0112, val_ap 0.5098, minutes 8.14, lr 1.00e-03
    epoch 18: loss 0.9860, val_ap 0.5093, minutes 8.62, lr 1.00e-03
    epoch 19: loss 0.9928, val_ap 0.5083, minutes 9.11, lr 1.00e-03
    epoch 20: loss 0.9839, val_ap 0.5168, minutes 9.59, lr 1.00e-03
    epoch 21: loss 0.9796, val_ap 0.5130, minutes 10.04, lr 1.00e-03
    epoch 22: loss 0.9904, val_ap 0.5315, minutes 10.54, lr 1.00e-03
    epoch 23: loss 0.9897, val_ap 0.5272, minutes 11.04, lr 1.00e-03
    epoch 24: loss 0.9834, val_ap 0.5371, minutes 11.54, lr 1.00e-03
    epoch 25: loss 0.9530, val_ap 0.5317, minutes 12.06, lr 1.00e-03
    epoch 26: loss 0.9533, val_ap 0.5435, minutes 12.54, lr 1.00e-03
    epoch 27: loss 0.9603, val_ap 0.5416, minutes 13.03, lr 1.00e-03
    epoch 28: loss 0.9650, val_ap 0.5441, minutes 13.55, lr 1.00e-03
    epoch 29: loss 0.9539, val_ap 0.5494, minutes 14.02, lr 1.00e-03
    epoch 30: loss 0.9471, val_ap 0.5498, minutes 14.49, lr 1.00e-03
    epoch 31: loss 0.9536, val_ap 0.5442, minutes 14.98, lr 1.00e-03
    epoch 32: loss 0.9580, val_ap 0.5557, minutes 15.46, lr 1.00e-03
    epoch 33: loss 0.9475, val_ap 0.5526, minutes 15.95, lr 1.00e-03
    epoch 34: loss 0.9302, val_ap 0.5545, minutes 16.41, lr 1.00e-03
    epoch 35: loss 0.9520, val_ap 0.5505, minutes 16.92, lr 1.00e-03
    epoch 36: loss 0.9301, val_ap 0.5546, minutes 17.4, lr 1.00e-03
    epoch 37: loss 0.9264, val_ap 0.5478, minutes 17.88, lr 1.00e-03
    epoch 38: loss 0.9208, val_ap 0.5630, minutes 18.38, lr 1.00e-03
    epoch 39: loss 0.9393, val_ap 0.5662, minutes 18.89, lr 1.00e-03
    epoch 40: loss 0.9350, val_ap 0.5583, minutes 19.41, lr 1.00e-03
    epoch 41: loss 0.9281, val_ap 0.5625, minutes 19.9, lr 1.00e-03
    epoch 42: loss 0.9082, val_ap 0.5663, minutes 20.38, lr 1.00e-03
    epoch 43: loss 0.9072, val_ap 0.5705, minutes 20.87, lr 1.00e-03
    epoch 44: loss 0.9019, val_ap 0.5706, minutes 21.34, lr 1.00e-03
    epoch 45: loss 0.9003, val_ap 0.5629, minutes 21.88, lr 1.00e-03
    epoch 46: loss 0.9082, val_ap 0.5565, minutes 22.37, lr 1.00e-03
    epoch 47: loss 0.9074, val_ap 0.5694, minutes 22.9, lr 1.00e-03
    epoch 48: loss 0.9197, val_ap 0.5699, minutes 23.45, lr 1.00e-03
    epoch 49: loss 0.8896, val_ap 0.5732, minutes 23.94, lr 1.00e-03
    epoch 50: loss 0.8969, val_ap 0.5744, minutes 24.44, lr 1.00e-03
    epoch 51: loss 0.8908, val_ap 0.5667, minutes 24.9, lr 1.00e-03
    epoch 52: loss 0.9085, val_ap 0.5707, minutes 25.38, lr 1.00e-03
    epoch 53: loss 0.9043, val_ap 0.5727, minutes 25.86, lr 1.00e-03
    epoch 54: loss 0.8906, val_ap 0.5701, minutes 26.33, lr 1.00e-03
    epoch 55: loss 0.8769, val_ap 0.5773, minutes 26.86, lr 1.00e-03
    epoch 56: loss 0.8925, val_ap 0.5679, minutes 27.39, lr 1.00e-03
    epoch 57: loss 0.8848, val_ap 0.5841, minutes 27.91, lr 1.00e-03
    epoch 58: loss 0.8851, val_ap 0.5830, minutes 28.41, lr 1.00e-03
    epoch 59: loss 0.8798, val_ap 0.5785, minutes 28.93, lr 1.00e-03
    epoch 60: loss 0.8765, val_ap 0.5655, minutes 29.41, lr 1.00e-03
    epoch 61: loss 0.8761, val_ap 0.5782, minutes 29.91, lr 1.00e-03
    epoch 62: loss 0.8542, val_ap 0.5852, minutes 30.41, lr 1.00e-03
    epoch 63: loss 0.8658, val_ap 0.5727, minutes 30.94, lr 1.00e-03
    epoch 64: loss 0.8619, val_ap 0.5707, minutes 31.42, lr 1.00e-03
    epoch 65: loss 0.8598, val_ap 0.5769, minutes 31.94, lr 1.00e-03
    epoch 66: loss 0.8619, val_ap 0.5730, minutes 32.45, lr 1.00e-03
    epoch 67: loss 0.8393, val_ap 0.5813, minutes 32.93, lr 1.00e-03
    epoch 68: loss 0.8640, val_ap 0.5772, minutes 33.44, lr 1.00e-03
    epoch 69: loss 0.8438, val_ap 0.5859, minutes 33.92, lr 1.00e-03
    epoch 70: loss 0.8479, val_ap 0.5830, minutes 34.41, lr 1.00e-03
    epoch 71: loss 0.8572, val_ap 0.5735, minutes 34.9, lr 1.00e-03
    epoch 72: loss 0.8387, val_ap 0.5818, minutes 35.38, lr 1.00e-03
    epoch 73: loss 0.8394, val_ap 0.5792, minutes 35.89, lr 1.00e-03
    epoch 74: loss 0.8381, val_ap 0.5770, minutes 36.4, lr 1.00e-03
    epoch 75: loss 0.8232, val_ap 0.5695, minutes 36.91, lr 1.00e-03
    epoch 76: loss 0.8463, val_ap 0.5824, minutes 37.42, lr 1.00e-03
    epoch 77: loss 0.8236, val_ap 0.5869, minutes 37.92, lr 1.00e-03
    epoch 78: loss 0.8288, val_ap 0.5713, minutes 38.41, lr 1.00e-03
    epoch 79: loss 0.8340, val_ap 0.5719, minutes 38.87, lr 1.00e-03
    epoch 80: loss 0.8364, val_ap 0.5879, minutes 39.36, lr 1.00e-03
    epoch 81: loss 0.8284, val_ap 0.5746, minutes 39.86, lr 1.00e-03
    epoch 82: loss 0.8293, val_ap 0.5773, minutes 40.35, lr 1.00e-03
    epoch 83: loss 0.8334, val_ap 0.5759, minutes 40.83, lr 1.00e-03
    epoch 84: loss 0.8306, val_ap 0.5769, minutes 41.35, lr 1.00e-03
    epoch 85: loss 0.8345, val_ap 0.5801, minutes 41.85, lr 1.00e-03
    epoch 86: loss 0.8156, val_ap 0.5766, minutes 42.32, lr 1.00e-03
    epoch 87: loss 0.8190, val_ap 0.5800, minutes 42.81, lr 1.00e-03
    epoch 88: loss 0.8124, val_ap 0.5851, minutes 43.28, lr 1.00e-03
    epoch 89: loss 0.8119, val_ap 0.5788, minutes 43.73, lr 5.00e-04
    epoch 90: loss 0.7967, val_ap 0.5807, minutes 44.2, lr 5.00e-04
    epoch 91: loss 0.7880, val_ap 0.5839, minutes 44.68, lr 5.00e-04
    epoch 92: loss 0.7666, val_ap 0.5806, minutes 45.19, lr 5.00e-04
    epoch 93: loss 0.7774, val_ap 0.5784, minutes 45.68, lr 5.00e-04
    epoch 94: loss 0.7804, val_ap 0.5793, minutes 46.16, lr 5.00e-04
    epoch 95: loss 0.7831, val_ap 0.5767, minutes 46.65, lr 5.00e-04
    epoch 96: loss 0.7707, val_ap 0.5839, minutes 47.14, lr 5.00e-04
    epoch 97: loss 0.7753, val_ap 0.5799, minutes 47.64, lr 5.00e-04
    epoch 98: loss 0.7752, val_ap 0.5841, minutes 48.12, lr 2.50e-04
    epoch 99: loss 0.7750, val_ap 0.5793, minutes 48.63, lr 2.50e-04
    epoch 100: loss 0.7679, val_ap 0.5807, minutes 49.09, lr 2.50e-04
    epoch 101: loss 0.7653, val_ap 0.5782, minutes 49.55, lr 2.50e-04
    epoch 102: loss 0.7461, val_ap 0.5823, minutes 50.02, lr 2.50e-04
    epoch 103: loss 0.7573, val_ap 0.5778, minutes 50.48, lr 2.50e-04
    epoch 104: loss 0.7659, val_ap 0.5802, minutes 51.0, lr 2.50e-04
    epoch 105: loss 0.7779, val_ap 0.5814, minutes 51.43, lr 2.50e-04
    stopping: no validation gain in 25 epochs
[scalar_random dataset0 fold 3 seed 1] done (52.2 min)
