loaded: dataset0 121,838 sites, data1 90,452
[scalar_drop pooled_both fold 1]
    kernel decay scale 114.6 nt (fitted to cell line 1 training labels)
    epoch 1: loss 1.9881, val_ap 0.1532, minutes 0.57, lr 3.31e-04
    epoch 2: loss 1.5872, val_ap 0.3100, minutes 1.14, lr 6.60e-04
    epoch 3: loss 1.4050, val_ap 0.4212, minutes 1.75, lr 9.89e-04
    epoch 4: loss 1.3368, val_ap 0.4325, minutes 2.32, lr 1.00e-03
    epoch 5: loss 1.2998, val_ap 0.4413, minutes 2.89, lr 1.00e-03
    epoch 6: loss 1.2842, val_ap 0.4480, minutes 3.41, lr 1.00e-03
    epoch 7: loss 1.2798, val_ap 0.4514, minutes 3.98, lr 1.00e-03
    epoch 8: loss 1.2725, val_ap 0.4460, minutes 4.53, lr 1.00e-03
    epoch 9: loss 1.2587, val_ap 0.4549, minutes 5.11, lr 1.00e-03
    epoch 10: loss 1.2454, val_ap 0.4576, minutes 5.66, lr 1.00e-03
    epoch 11: loss 1.2437, val_ap 0.4604, minutes 6.22, lr 1.00e-03
    epoch 12: loss 1.2464, val_ap 0.4641, minutes 6.73, lr 1.00e-03
    epoch 13: loss 1.2322, val_ap 0.4624, minutes 7.29, lr 1.00e-03
    epoch 14: loss 1.2292, val_ap 0.4670, minutes 7.86, lr 1.00e-03
    epoch 15: loss 1.2257, val_ap 0.4693, minutes 8.4, lr 1.00e-03
    epoch 16: loss 1.2172, val_ap 0.4687, minutes 8.93, lr 1.00e-03
    epoch 17: loss 1.2111, val_ap 0.4696, minutes 9.47, lr 1.00e-03
    epoch 18: loss 1.2091, val_ap 0.4684, minutes 10.05, lr 1.00e-03
    epoch 19: loss 1.2148, val_ap 0.4692, minutes 10.58, lr 1.00e-03
    epoch 20: loss 1.1997, val_ap 0.4717, minutes 11.13, lr 1.00e-03
    epoch 21: loss 1.2016, val_ap 0.4727, minutes 11.7, lr 1.00e-03
    epoch 22: loss 1.2106, val_ap 0.4748, minutes 12.28, lr 1.00e-03
    epoch 23: loss 1.2074, val_ap 0.4762, minutes 12.87, lr 1.00e-03
    epoch 24: loss 1.1871, val_ap 0.4679, minutes 13.44, lr 1.00e-03
    epoch 25: loss 1.1874, val_ap 0.4744, minutes 14.03, lr 1.00e-03
    epoch 26: loss 1.1856, val_ap 0.4753, minutes 14.57, lr 1.00e-03
    epoch 27: loss 1.1887, val_ap 0.4745, minutes 15.12, lr 1.00e-03
    epoch 28: loss 1.1788, val_ap 0.4815, minutes 15.69, lr 1.00e-03
    epoch 29: loss 1.1764, val_ap 0.4750, minutes 16.28, lr 1.00e-03
    epoch 30: loss 1.1694, val_ap 0.4774, minutes 16.85, lr 1.00e-03
    epoch 31: loss 1.1758, val_ap 0.4787, minutes 17.42, lr 1.00e-03
    epoch 32: loss 1.1694, val_ap 0.4819, minutes 17.98, lr 1.00e-03
    epoch 33: loss 1.1681, val_ap 0.4844, minutes 18.58, lr 1.00e-03
    epoch 34: loss 1.1698, val_ap 0.4864, minutes 19.07, lr 1.00e-03
    epoch 35: loss 1.1608, val_ap 0.4842, minutes 19.6, lr 1.00e-03
    epoch 36: loss 1.1544, val_ap 0.4859, minutes 20.21, lr 1.00e-03
    epoch 37: loss 1.1677, val_ap 0.4883, minutes 20.8, lr 1.00e-03
    epoch 38: loss 1.1516, val_ap 0.4849, minutes 21.37, lr 1.00e-03
    epoch 39: loss 1.1535, val_ap 0.4919, minutes 21.97, lr 1.00e-03
    epoch 40: loss 1.1458, val_ap 0.4928, minutes 22.52, lr 1.00e-03
    epoch 41: loss 1.1458, val_ap 0.4929, minutes 23.06, lr 1.00e-03
    epoch 42: loss 1.1539, val_ap 0.4919, minutes 23.59, lr 1.00e-03
    epoch 43: loss 1.1424, val_ap 0.4925, minutes 24.15, lr 1.00e-03
    epoch 44: loss 1.1457, val_ap 0.4936, minutes 24.69, lr 1.00e-03
    epoch 45: loss 1.1368, val_ap 0.4937, minutes 25.2, lr 1.00e-03
    epoch 46: loss 1.1372, val_ap 0.4865, minutes 25.73, lr 1.00e-03
    epoch 47: loss 1.1346, val_ap 0.4882, minutes 26.32, lr 1.00e-03
    epoch 48: loss 1.1334, val_ap 0.4888, minutes 26.84, lr 1.00e-03
    epoch 49: loss 1.1361, val_ap 0.4913, minutes 27.37, lr 1.00e-03
    epoch 50: loss 1.1334, val_ap 0.4872, minutes 27.92, lr 1.00e-03
    epoch 51: loss 1.1280, val_ap 0.4919, minutes 28.43, lr 1.00e-03
    epoch 52: loss 1.1361, val_ap 0.4875, minutes 28.95, lr 1.00e-03
    epoch 53: loss 1.1245, val_ap 0.4910, minutes 29.5, lr 1.00e-03
    epoch 54: loss 1.1177, val_ap 0.4887, minutes 29.99, lr 5.00e-04
    epoch 55: loss 1.1125, val_ap 0.4931, minutes 30.48, lr 5.00e-04
    epoch 56: loss 1.1013, val_ap 0.4902, minutes 30.97, lr 5.00e-04
    epoch 57: loss 1.1036, val_ap 0.4889, minutes 31.47, lr 5.00e-04
    epoch 58: loss 1.0998, val_ap 0.4880, minutes 31.97, lr 5.00e-04
    epoch 59: loss 1.0942, val_ap 0.4890, minutes 32.48, lr 5.00e-04
    epoch 60: loss 1.0918, val_ap 0.4846, minutes 32.96, lr 5.00e-04
    epoch 61: loss 1.0954, val_ap 0.4892, minutes 33.42, lr 5.00e-04
    epoch 62: loss 1.1039, val_ap 0.4905, minutes 33.95, lr 5.00e-04
    epoch 63: loss 1.0887, val_ap 0.4873, minutes 34.44, lr 2.50e-04
    epoch 64: loss 1.0766, val_ap 0.4869, minutes 34.9, lr 2.50e-04
    epoch 65: loss 1.0747, val_ap 0.4870, minutes 35.33, lr 2.50e-04
    epoch 66: loss 1.0780, val_ap 0.4863, minutes 35.75, lr 2.50e-04
    epoch 67: loss 1.0774, val_ap 0.4817, minutes 36.16, lr 2.50e-04
    epoch 68: loss 1.0754, val_ap 0.4860, minutes 36.56, lr 2.50e-04
    epoch 69: loss 1.0766, val_ap 0.4845, minutes 36.96, lr 2.50e-04
    epoch 70: loss 1.0744, val_ap 0.4869, minutes 37.32, lr 2.50e-04
    stopping: no validation gain in 25 epochs
[scalar_drop pooled_both fold 1] done (37.8 min)
