loaded: dataset0 121,838 sites, data1 90,452
[h2gcn_aux_r100 dataset0 fold 1 seed 1]
    epoch 1: loss 1.9726, val_ap 0.1666, minutes 0.5, lr 3.33e-04
    epoch 2: loss 1.5990, val_ap 0.2235, minutes 1.08, lr 6.63e-04
    epoch 3: loss 1.3535, val_ap 0.3881, minutes 1.55, lr 9.92e-04
    epoch 4: loss 1.1856, val_ap 0.4832, minutes 2.13, lr 1.00e-03
    epoch 5: loss 1.0953, val_ap 0.5096, minutes 2.61, lr 1.00e-03
    epoch 6: loss 1.0821, val_ap 0.5153, minutes 3.11, lr 1.00e-03
    epoch 7: loss 1.0180, val_ap 0.5340, minutes 3.58, lr 1.00e-03
    epoch 8: loss 1.0146, val_ap 0.5425, minutes 4.07, lr 1.00e-03
    epoch 9: loss 1.0153, val_ap 0.5430, minutes 4.64, lr 1.00e-03
    epoch 10: loss 0.9854, val_ap 0.5364, minutes 5.12, lr 1.00e-03
    epoch 11: loss 0.9652, val_ap 0.5483, minutes 5.65, lr 1.00e-03
    epoch 12: loss 0.9618, val_ap 0.5506, minutes 6.16, lr 1.00e-03
    epoch 13: loss 0.9407, val_ap 0.5426, minutes 6.65, lr 1.00e-03
    epoch 14: loss 0.9430, val_ap 0.5409, minutes 7.17, lr 1.00e-03
    epoch 15: loss 0.9426, val_ap 0.5522, minutes 7.67, lr 1.00e-03
    epoch 16: loss 0.9286, val_ap 0.5592, minutes 8.19, lr 1.00e-03
    epoch 17: loss 0.9294, val_ap 0.5514, minutes 8.68, lr 1.00e-03
    epoch 18: loss 0.9113, val_ap 0.5556, minutes 9.18, lr 1.00e-03
    epoch 19: loss 0.8964, val_ap 0.5591, minutes 9.64, lr 1.00e-03
    epoch 20: loss 0.9280, val_ap 0.5559, minutes 10.12, lr 1.00e-03
    epoch 21: loss 0.9143, val_ap 0.5662, minutes 10.59, lr 1.00e-03
    epoch 22: loss 0.9122, val_ap 0.5647, minutes 11.11, lr 1.00e-03
    epoch 23: loss 0.9139, val_ap 0.5630, minutes 11.62, lr 1.00e-03
    epoch 24: loss 0.8844, val_ap 0.5637, minutes 12.12, lr 1.00e-03
    epoch 25: loss 0.8960, val_ap 0.5621, minutes 12.62, lr 1.00e-03
    epoch 26: loss 0.8797, val_ap 0.5714, minutes 13.14, lr 1.00e-03
    epoch 27: loss 0.8774, val_ap 0.5781, minutes 13.64, lr 1.00e-03
    epoch 28: loss 0.8646, val_ap 0.5639, minutes 14.1, lr 1.00e-03
    epoch 29: loss 0.8781, val_ap 0.5685, minutes 14.56, lr 1.00e-03
    epoch 30: loss 0.8569, val_ap 0.5756, minutes 15.04, lr 1.00e-03
    epoch 31: loss 0.8823, val_ap 0.5701, minutes 15.54, lr 1.00e-03
    epoch 32: loss 0.8694, val_ap 0.5789, minutes 16.02, lr 1.00e-03
    epoch 33: loss 0.8501, val_ap 0.5829, minutes 16.53, lr 1.00e-03
    epoch 34: loss 0.8488, val_ap 0.5758, minutes 17.03, lr 1.00e-03
    epoch 35: loss 0.8548, val_ap 0.5751, minutes 17.51, lr 1.00e-03
    epoch 36: loss 0.8709, val_ap 0.5752, minutes 18.0, lr 1.00e-03
    epoch 37: loss 0.8625, val_ap 0.5783, minutes 18.49, lr 1.00e-03
    epoch 38: loss 0.8358, val_ap 0.5854, minutes 18.94, lr 1.00e-03
    epoch 39: loss 0.8613, val_ap 0.5922, minutes 19.43, lr 1.00e-03
    epoch 40: loss 0.8302, val_ap 0.5844, minutes 19.93, lr 1.00e-03
    epoch 41: loss 0.8323, val_ap 0.5837, minutes 20.41, lr 1.00e-03
    epoch 42: loss 0.8176, val_ap 0.5894, minutes 20.9, lr 1.00e-03
    epoch 43: loss 0.8108, val_ap 0.5931, minutes 21.39, lr 1.00e-03
    epoch 44: loss 0.8214, val_ap 0.5916, minutes 21.9, lr 1.00e-03
    epoch 45: loss 0.8360, val_ap 0.5831, minutes 22.42, lr 1.00e-03
    epoch 46: loss 0.8226, val_ap 0.5810, minutes 22.88, lr 1.00e-03
    epoch 47: loss 0.8092, val_ap 0.5802, minutes 23.39, lr 1.00e-03
    epoch 48: loss 0.8061, val_ap 0.5786, minutes 23.91, lr 1.00e-03
    epoch 49: loss 0.7965, val_ap 0.5805, minutes 24.42, lr 1.00e-03
    epoch 50: loss 0.8046, val_ap 0.5831, minutes 24.95, lr 1.00e-03
    epoch 51: loss 0.7866, val_ap 0.5967, minutes 25.45, lr 1.00e-03
    epoch 52: loss 0.7885, val_ap 0.5895, minutes 25.96, lr 1.00e-03
    epoch 53: loss 0.7971, val_ap 0.5909, minutes 26.45, lr 1.00e-03
    epoch 54: loss 0.7984, val_ap 0.5776, minutes 26.94, lr 1.00e-03
    epoch 55: loss 0.8010, val_ap 0.5835, minutes 27.43, lr 1.00e-03
    epoch 56: loss 0.7858, val_ap 0.5800, minutes 27.91, lr 1.00e-03
    epoch 57: loss 0.7809, val_ap 0.5821, minutes 28.45, lr 1.00e-03
    epoch 58: loss 0.7858, val_ap 0.5838, minutes 28.93, lr 1.00e-03
    epoch 59: loss 0.7711, val_ap 0.5809, minutes 29.44, lr 1.00e-03
    epoch 60: loss 0.7811, val_ap 0.5777, minutes 29.94, lr 5.00e-04
    epoch 61: loss 0.7486, val_ap 0.5909, minutes 30.41, lr 5.00e-04
    epoch 62: loss 0.7541, val_ap 0.5913, minutes 30.88, lr 5.00e-04
    epoch 63: loss 0.7452, val_ap 0.5835, minutes 31.37, lr 5.00e-04
    epoch 64: loss 0.7495, val_ap 0.5859, minutes 31.85, lr 5.00e-04
    epoch 65: loss 0.7317, val_ap 0.5854, minutes 32.33, lr 5.00e-04
    epoch 66: loss 0.7369, val_ap 0.5835, minutes 32.82, lr 5.00e-04
    epoch 67: loss 0.7348, val_ap 0.5890, minutes 33.29, lr 5.00e-04
    epoch 68: loss 0.7214, val_ap 0.5814, minutes 33.78, lr 5.00e-04
    epoch 69: loss 0.7347, val_ap 0.5811, minutes 34.26, lr 2.50e-04
    epoch 70: loss 0.7166, val_ap 0.5847, minutes 34.74, lr 2.50e-04
    epoch 71: loss 0.7115, val_ap 0.5882, minutes 35.22, lr 2.50e-04
    epoch 72: loss 0.7045, val_ap 0.5866, minutes 35.72, lr 2.50e-04
    epoch 73: loss 0.7188, val_ap 0.5854, minutes 36.2, lr 2.50e-04
    epoch 74: loss 0.7165, val_ap 0.5867, minutes 36.66, lr 2.50e-04
    epoch 75: loss 0.7037, val_ap 0.5863, minutes 37.15, lr 2.50e-04
    epoch 76: loss 0.7085, val_ap 0.5840, minutes 37.64, lr 2.50e-04
    stopping: no validation gain in 25 epochs
[h2gcn_aux_r100 dataset0 fold 1 seed 1] done (38.6 min)
