loaded: dataset0 121,838 sites, data1 90,452
[h2gcn_local pooled_both fold 0]
    epoch 1: loss 1.2507, val_ap 0.2062, minutes 0.99, lr 3.31e-04
    epoch 2: loss 1.0110, val_ap 0.3204, minutes 1.91, lr 6.60e-04
    epoch 3: loss 0.9069, val_ap 0.3944, minutes 2.75, lr 9.89e-04
    epoch 4: loss 0.8604, val_ap 0.3990, minutes 3.61, lr 1.00e-03
    epoch 5: loss 0.8394, val_ap 0.4085, minutes 4.52, lr 1.00e-03
    epoch 6: loss 0.8255, val_ap 0.4141, minutes 5.36, lr 1.00e-03
    epoch 7: loss 0.8153, val_ap 0.4170, minutes 6.25, lr 1.00e-03
    epoch 8: loss 0.8108, val_ap 0.4114, minutes 7.1, lr 1.00e-03
    epoch 9: loss 0.8088, val_ap 0.4183, minutes 7.94, lr 1.00e-03
    epoch 10: loss 0.8110, val_ap 0.4234, minutes 8.84, lr 1.00e-03
    epoch 11: loss 0.8032, val_ap 0.4234, minutes 9.75, lr 1.00e-03
    epoch 12: loss 0.7901, val_ap 0.4256, minutes 10.62, lr 1.00e-03
    epoch 13: loss 0.7851, val_ap 0.4260, minutes 11.49, lr 1.00e-03
    epoch 14: loss 0.7827, val_ap 0.4291, minutes 12.36, lr 1.00e-03
    epoch 15: loss 0.7756, val_ap 0.4279, minutes 13.2, lr 1.00e-03
    epoch 16: loss 0.7902, val_ap 0.4360, minutes 14.07, lr 1.00e-03
    epoch 17: loss 0.7753, val_ap 0.4325, minutes 14.9, lr 1.00e-03
    epoch 18: loss 0.7678, val_ap 0.4406, minutes 15.73, lr 1.00e-03
    epoch 19: loss 0.7683, val_ap 0.4436, minutes 16.57, lr 1.00e-03
    epoch 20: loss 0.7675, val_ap 0.4461, minutes 17.37, lr 1.00e-03
    epoch 21: loss 0.7524, val_ap 0.4502, minutes 18.19, lr 1.00e-03
    epoch 22: loss 0.7566, val_ap 0.4562, minutes 19.04, lr 1.00e-03
    epoch 23: loss 0.7564, val_ap 0.4493, minutes 19.86, lr 1.00e-03
    epoch 24: loss 0.7579, val_ap 0.4525, minutes 20.68, lr 1.00e-03
    epoch 25: loss 0.7497, val_ap 0.4554, minutes 21.49, lr 1.00e-03
    epoch 26: loss 0.7385, val_ap 0.4516, minutes 22.23, lr 1.00e-03
    epoch 27: loss 0.7375, val_ap 0.4606, minutes 23.05, lr 1.00e-03
    epoch 28: loss 0.7321, val_ap 0.4559, minutes 23.88, lr 1.00e-03
    epoch 29: loss 0.7327, val_ap 0.4669, minutes 24.67, lr 1.00e-03
    epoch 30: loss 0.7291, val_ap 0.4674, minutes 25.5, lr 1.00e-03
    epoch 31: loss 0.7257, val_ap 0.4624, minutes 26.29, lr 1.00e-03
    epoch 32: loss 0.7245, val_ap 0.4669, minutes 27.07, lr 1.00e-03
    epoch 33: loss 0.7174, val_ap 0.4694, minutes 27.86, lr 1.00e-03
    epoch 34: loss 0.7157, val_ap 0.4688, minutes 28.64, lr 1.00e-03
    epoch 35: loss 0.7096, val_ap 0.4707, minutes 29.46, lr 1.00e-03
    epoch 36: loss 0.7037, val_ap 0.4732, minutes 30.28, lr 1.00e-03
    epoch 37: loss 0.6888, val_ap 0.4683, minutes 31.16, lr 1.00e-03
    epoch 38: loss 0.7005, val_ap 0.4739, minutes 32.02, lr 1.00e-03
    epoch 39: loss 0.6913, val_ap 0.4709, minutes 32.89, lr 1.00e-03
    epoch 40: loss 0.6818, val_ap 0.4801, minutes 33.68, lr 1.00e-03
    epoch 41: loss 0.6778, val_ap 0.4658, minutes 34.54, lr 1.00e-03
    epoch 42: loss 0.6697, val_ap 0.4660, minutes 35.37, lr 1.00e-03
    epoch 43: loss 0.6709, val_ap 0.4689, minutes 36.18, lr 1.00e-03
    epoch 44: loss 0.6661, val_ap 0.4553, minutes 36.99, lr 1.00e-03
    epoch 45: loss 0.6542, val_ap 0.4679, minutes 37.83, lr 1.00e-03
    epoch 46: loss 0.6532, val_ap 0.4672, minutes 38.64, lr 1.00e-03
    epoch 47: loss 0.6489, val_ap 0.4643, minutes 39.46, lr 1.00e-03
    epoch 48: loss 0.6433, val_ap 0.4657, minutes 40.25, lr 1.00e-03
    epoch 49: loss 0.6433, val_ap 0.4575, minutes 41.04, lr 5.00e-04
    epoch 50: loss 0.6169, val_ap 0.4586, minutes 41.84, lr 5.00e-04
    epoch 51: loss 0.6098, val_ap 0.4496, minutes 42.66, lr 5.00e-04
    epoch 52: loss 0.6076, val_ap 0.4556, minutes 43.46, lr 5.00e-04
    epoch 53: loss 0.6066, val_ap 0.4601, minutes 44.31, lr 5.00e-04
    epoch 54: loss 0.6049, val_ap 0.4593, minutes 45.13, lr 5.00e-04
    epoch 55: loss 0.5970, val_ap 0.4524, minutes 45.97, lr 5.00e-04
    epoch 56: loss 0.5954, val_ap 0.4588, minutes 46.83, lr 5.00e-04
    epoch 57: loss 0.5874, val_ap 0.4488, minutes 47.58, lr 5.00e-04
    epoch 58: loss 0.5849, val_ap 0.4525, minutes 48.42, lr 2.50e-04
    epoch 59: loss 0.5722, val_ap 0.4566, minutes 49.22, lr 2.50e-04
    epoch 60: loss 0.5687, val_ap 0.4548, minutes 50.03, lr 2.50e-04
    epoch 61: loss 0.5669, val_ap 0.4521, minutes 50.86, lr 2.50e-04
    epoch 62: loss 0.5676, val_ap 0.4546, minutes 51.64, lr 2.50e-04
    epoch 63: loss 0.5582, val_ap 0.4536, minutes 52.46, lr 2.50e-04
    epoch 64: loss 0.5554, val_ap 0.4541, minutes 53.23, lr 2.50e-04
    epoch 65: loss 0.5600, val_ap 0.4550, minutes 54.06, lr 2.50e-04
    stopping: no validation gain in 25 epochs
[h2gcn_local pooled_both fold 0] done (54.7 min)
