loaded: dataset0 121,838 sites, data1 90,452
[h2gcn_aux_r400 dataset0 fold 3]
    epoch 1: loss 1.9665, val_ap 0.1558, minutes 0.92, lr 3.33e-04
    epoch 2: loss 1.5990, val_ap 0.2122, minutes 1.83, lr 6.63e-04
    epoch 3: loss 1.3499, val_ap 0.3910, minutes 2.65, lr 9.92e-04
    epoch 4: loss 1.1863, val_ap 0.5092, minutes 3.57, lr 1.00e-03
    epoch 5: loss 1.1036, val_ap 0.5259, minutes 4.45, lr 1.00e-03
    epoch 6: loss 1.0351, val_ap 0.5402, minutes 5.32, lr 1.00e-03
    epoch 7: loss 1.0404, val_ap 0.5492, minutes 6.22, lr 1.00e-03
    epoch 8: loss 0.9887, val_ap 0.5619, minutes 7.15, lr 1.00e-03
    epoch 9: loss 0.9749, val_ap 0.5616, minutes 8.04, lr 1.00e-03
    epoch 10: loss 0.9760, val_ap 0.5693, minutes 8.94, lr 1.00e-03
    epoch 11: loss 0.9639, val_ap 0.5672, minutes 9.79, lr 1.00e-03
    epoch 12: loss 0.9296, val_ap 0.5745, minutes 10.63, lr 1.00e-03
    epoch 13: loss 0.9319, val_ap 0.5802, minutes 11.58, lr 1.00e-03
    epoch 14: loss 0.9130, val_ap 0.5846, minutes 12.46, lr 1.00e-03
    epoch 15: loss 0.9301, val_ap 0.5864, minutes 13.32, lr 1.00e-03
    epoch 16: loss 0.9012, val_ap 0.5843, minutes 14.23, lr 1.00e-03
    epoch 17: loss 0.9366, val_ap 0.5811, minutes 15.15, lr 1.00e-03
    epoch 18: loss 0.9024, val_ap 0.5883, minutes 16.1, lr 1.00e-03
    epoch 19: loss 0.8921, val_ap 0.5868, minutes 17.0, lr 1.00e-03
    epoch 20: loss 0.8867, val_ap 0.5964, minutes 17.86, lr 1.00e-03
    epoch 21: loss 0.8886, val_ap 0.5962, minutes 18.8, lr 1.00e-03
    epoch 22: loss 0.9019, val_ap 0.5972, minutes 19.69, lr 1.00e-03
    epoch 23: loss 0.8559, val_ap 0.6000, minutes 20.59, lr 1.00e-03
    epoch 24: loss 0.8778, val_ap 0.5999, minutes 21.48, lr 1.00e-03
    epoch 25: loss 0.8587, val_ap 0.6033, minutes 22.38, lr 1.00e-03
    epoch 26: loss 0.8705, val_ap 0.5977, minutes 23.28, lr 1.00e-03
    epoch 27: loss 0.8554, val_ap 0.6086, minutes 24.21, lr 1.00e-03
    epoch 28: loss 0.8503, val_ap 0.6048, minutes 25.08, lr 1.00e-03
    epoch 29: loss 0.8509, val_ap 0.6045, minutes 25.92, lr 1.00e-03
    epoch 30: loss 0.8574, val_ap 0.6052, minutes 26.87, lr 1.00e-03
    epoch 31: loss 0.8430, val_ap 0.6064, minutes 27.72, lr 1.00e-03
    epoch 32: loss 0.8498, val_ap 0.6060, minutes 28.6, lr 1.00e-03
    epoch 33: loss 0.8427, val_ap 0.6052, minutes 29.45, lr 1.00e-03
    epoch 34: loss 0.8430, val_ap 0.6156, minutes 30.29, lr 1.00e-03
    epoch 35: loss 0.8440, val_ap 0.6116, minutes 31.17, lr 1.00e-03
    epoch 36: loss 0.8322, val_ap 0.6117, minutes 32.05, lr 1.00e-03
    epoch 37: loss 0.8242, val_ap 0.6197, minutes 32.89, lr 1.00e-03
    epoch 38: loss 0.8119, val_ap 0.6132, minutes 33.78, lr 1.00e-03
    epoch 39: loss 0.8272, val_ap 0.6178, minutes 34.72, lr 1.00e-03
    epoch 40: loss 0.8051, val_ap 0.6188, minutes 35.63, lr 1.00e-03
    epoch 41: loss 0.8207, val_ap 0.6188, minutes 36.57, lr 1.00e-03
    epoch 42: loss 0.7995, val_ap 0.6276, minutes 37.45, lr 1.00e-03
    epoch 43: loss 0.8002, val_ap 0.6271, minutes 38.32, lr 1.00e-03
    epoch 44: loss 0.8137, val_ap 0.6267, minutes 39.22, lr 1.00e-03
    epoch 45: loss 0.8161, val_ap 0.6194, minutes 40.11, lr 1.00e-03
    epoch 46: loss 0.7948, val_ap 0.6334, minutes 40.98, lr 1.00e-03
    epoch 47: loss 0.7985, val_ap 0.6281, minutes 41.85, lr 1.00e-03
    epoch 48: loss 0.7979, val_ap 0.6204, minutes 42.71, lr 1.00e-03
    epoch 49: loss 0.7881, val_ap 0.6308, minutes 43.61, lr 1.00e-03
    epoch 50: loss 0.7992, val_ap 0.6212, minutes 44.54, lr 1.00e-03
    epoch 51: loss 0.7918, val_ap 0.6320, minutes 45.44, lr 1.00e-03
    epoch 52: loss 0.7794, val_ap 0.6305, minutes 46.33, lr 1.00e-03
    epoch 53: loss 0.7731, val_ap 0.6296, minutes 47.22, lr 1.00e-03
    epoch 54: loss 0.7834, val_ap 0.6295, minutes 48.09, lr 1.00e-03
    epoch 55: loss 0.7690, val_ap 0.6254, minutes 48.97, lr 5.00e-04
    epoch 56: loss 0.7704, val_ap 0.6309, minutes 49.89, lr 5.00e-04
    epoch 57: loss 0.7586, val_ap 0.6292, minutes 50.79, lr 5.00e-04
    epoch 58: loss 0.7452, val_ap 0.6323, minutes 51.66, lr 5.00e-04
    epoch 59: loss 0.7459, val_ap 0.6308, minutes 52.59, lr 5.00e-04
    epoch 60: loss 0.7472, val_ap 0.6345, minutes 53.46, lr 5.00e-04
    epoch 61: loss 0.7460, val_ap 0.6323, minutes 54.31, lr 5.00e-04
    epoch 62: loss 0.7475, val_ap 0.6277, minutes 55.2, lr 5.00e-04
    epoch 63: loss 0.7642, val_ap 0.6285, minutes 56.08, lr 5.00e-04
    epoch 64: loss 0.7287, val_ap 0.6324, minutes 56.95, lr 5.00e-04
    epoch 65: loss 0.7450, val_ap 0.6345, minutes 57.81, lr 5.00e-04
    epoch 66: loss 0.7410, val_ap 0.6318, minutes 58.72, lr 5.00e-04
    epoch 67: loss 0.7363, val_ap 0.6336, minutes 59.6, lr 5.00e-04
    epoch 68: loss 0.7475, val_ap 0.6301, minutes 60.45, lr 5.00e-04
    epoch 69: loss 0.7387, val_ap 0.6309, minutes 61.33, lr 2.50e-04
    epoch 70: loss 0.7239, val_ap 0.6358, minutes 62.2, lr 2.50e-04
    epoch 71: loss 0.7123, val_ap 0.6307, minutes 63.08, lr 2.50e-04
    epoch 72: loss 0.7168, val_ap 0.6312, minutes 63.93, lr 2.50e-04
    epoch 73: loss 0.7128, val_ap 0.6340, minutes 64.79, lr 2.50e-04
    epoch 74: loss 0.7008, val_ap 0.6340, minutes 65.63, lr 2.50e-04
    epoch 75: loss 0.7005, val_ap 0.6374, minutes 66.49, lr 2.50e-04
    epoch 76: loss 0.7027, val_ap 0.6306, minutes 67.37, lr 2.50e-04
    epoch 77: loss 0.7080, val_ap 0.6314, minutes 68.26, lr 2.50e-04
    epoch 78: loss 0.7055, val_ap 0.6350, minutes 69.13, lr 2.50e-04
    epoch 79: loss 0.6970, val_ap 0.6372, minutes 69.96, lr 2.50e-04
    epoch 80: loss 0.7084, val_ap 0.6285, minutes 70.7, lr 2.50e-04
    epoch 81: loss 0.6966, val_ap 0.6309, minutes 71.43, lr 2.50e-04
    epoch 82: loss 0.7157, val_ap 0.6334, minutes 72.16, lr 2.50e-04
    epoch 83: loss 0.7005, val_ap 0.6302, minutes 72.83, lr 2.50e-04
    epoch 84: loss 0.7047, val_ap 0.6283, minutes 73.49, lr 1.25e-04
    epoch 85: loss 0.6999, val_ap 0.6286, minutes 74.16, lr 1.25e-04
    epoch 86: loss 0.6984, val_ap 0.6308, minutes 74.84, lr 1.25e-04
    epoch 87: loss 0.7096, val_ap 0.6316, minutes 75.45, lr 1.25e-04
    epoch 88: loss 0.7074, val_ap 0.6321, minutes 76.04, lr 1.25e-04
    epoch 89: loss 0.6842, val_ap 0.6325, minutes 76.62, lr 1.25e-04
    epoch 90: loss 0.6868, val_ap 0.6336, minutes 77.2, lr 1.25e-04
    epoch 91: loss 0.6935, val_ap 0.6301, minutes 77.77, lr 1.25e-04
    epoch 92: loss 0.6989, val_ap 0.6338, minutes 78.33, lr 1.25e-04
    epoch 93: loss 0.6839, val_ap 0.6317, minutes 78.86, lr 6.25e-05
    epoch 94: loss 0.6895, val_ap 0.6319, minutes 79.35, lr 6.25e-05
    epoch 95: loss 0.6877, val_ap 0.6317, minutes 79.85, lr 6.25e-05
    epoch 96: loss 0.6788, val_ap 0.6316, minutes 80.28, lr 6.25e-05
    epoch 97: loss 0.6864, val_ap 0.6313, minutes 80.71, lr 6.25e-05
    epoch 98: loss 0.6770, val_ap 0.6302, minutes 81.13, lr 6.25e-05
    epoch 99: loss 0.6805, val_ap 0.6320, minutes 81.54, lr 6.25e-05
    epoch 100: loss 0.6756, val_ap 0.6322, minutes 81.95, lr 6.25e-05
    stopping: no validation gain in 25 epochs
[h2gcn_aux_r400 dataset0 fold 3] done (82.6 min)
