loaded: dataset0 121,838 sites, data1 90,452
[h2gcn_aux_q pooled_both fold 2]
    epoch 1: loss 1.8490, val_ap 0.2017, minutes 0.83, lr 3.31e-04
    epoch 2: loss 1.4932, val_ap 0.3587, minutes 1.56, lr 6.58e-04
    epoch 3: loss 1.3510, val_ap 0.4345, minutes 2.19, lr 9.85e-04
    epoch 4: loss 1.2913, val_ap 0.4422, minutes 2.81, lr 1.00e-03
    epoch 5: loss 1.2597, val_ap 0.4448, minutes 3.52, lr 1.00e-03
    epoch 6: loss 1.2401, val_ap 0.4518, minutes 4.22, lr 1.00e-03
    epoch 7: loss 1.2355, val_ap 0.4530, minutes 4.87, lr 1.00e-03
    epoch 8: loss 1.2227, val_ap 0.4528, minutes 5.53, lr 1.00e-03
    epoch 9: loss 1.2023, val_ap 0.4540, minutes 6.24, lr 1.00e-03
    epoch 10: loss 1.1960, val_ap 0.4605, minutes 6.98, lr 1.00e-03
    epoch 11: loss 1.2024, val_ap 0.4623, minutes 7.73, lr 1.00e-03
    epoch 12: loss 1.1830, val_ap 0.4673, minutes 8.42, lr 1.00e-03
    epoch 13: loss 1.1792, val_ap 0.4594, minutes 9.06, lr 1.00e-03
    epoch 14: loss 1.1888, val_ap 0.4565, minutes 9.69, lr 1.00e-03
    epoch 15: loss 1.1789, val_ap 0.4707, minutes 10.4, lr 1.00e-03
    epoch 16: loss 1.1715, val_ap 0.4675, minutes 11.11, lr 1.00e-03
    epoch 17: loss 1.1695, val_ap 0.4732, minutes 11.77, lr 1.00e-03
    epoch 18: loss 1.1597, val_ap 0.4738, minutes 12.41, lr 1.00e-03
    epoch 19: loss 1.1514, val_ap 0.4707, minutes 13.09, lr 1.00e-03
    epoch 20: loss 1.1403, val_ap 0.4783, minutes 13.81, lr 1.00e-03
    epoch 21: loss 1.1383, val_ap 0.4773, minutes 14.5, lr 1.00e-03
    epoch 22: loss 1.1298, val_ap 0.4749, minutes 15.18, lr 1.00e-03
    epoch 23: loss 1.1264, val_ap 0.4714, minutes 15.84, lr 1.00e-03
    epoch 24: loss 1.1292, val_ap 0.4774, minutes 16.5, lr 1.00e-03
    epoch 25: loss 1.1191, val_ap 0.4821, minutes 17.14, lr 1.00e-03
    epoch 26: loss 1.1218, val_ap 0.4809, minutes 17.79, lr 1.00e-03
    epoch 27: loss 1.1131, val_ap 0.4789, minutes 18.45, lr 1.00e-03
    epoch 28: loss 1.1034, val_ap 0.4764, minutes 19.11, lr 1.00e-03
    epoch 29: loss 1.1123, val_ap 0.4778, minutes 19.79, lr 1.00e-03
    epoch 30: loss 1.1059, val_ap 0.4816, minutes 20.48, lr 1.00e-03
    epoch 31: loss 1.0943, val_ap 0.4905, minutes 21.16, lr 1.00e-03
    epoch 32: loss 1.0878, val_ap 0.4871, minutes 21.81, lr 1.00e-03
    epoch 33: loss 1.0816, val_ap 0.4849, minutes 22.46, lr 1.00e-03
    epoch 34: loss 1.0727, val_ap 0.4796, minutes 23.09, lr 1.00e-03
    epoch 35: loss 1.0831, val_ap 0.4861, minutes 23.75, lr 1.00e-03
    epoch 36: loss 1.0691, val_ap 0.4887, minutes 24.41, lr 1.00e-03
    epoch 37: loss 1.0564, val_ap 0.4829, minutes 25.08, lr 1.00e-03
    epoch 38: loss 1.0613, val_ap 0.4900, minutes 25.78, lr 1.00e-03
    epoch 39: loss 1.0631, val_ap 0.4902, minutes 26.43, lr 1.00e-03
    epoch 40: loss 1.0691, val_ap 0.4931, minutes 27.07, lr 1.00e-03
    epoch 41: loss 1.0491, val_ap 0.4878, minutes 27.73, lr 1.00e-03
    epoch 42: loss 1.0411, val_ap 0.4875, minutes 28.41, lr 1.00e-03
    epoch 43: loss 1.0387, val_ap 0.4862, minutes 29.04, lr 1.00e-03
    epoch 44: loss 1.0346, val_ap 0.4907, minutes 29.71, lr 1.00e-03
    epoch 45: loss 1.0235, val_ap 0.4890, minutes 30.35, lr 1.00e-03
    epoch 46: loss 1.0161, val_ap 0.4908, minutes 31.02, lr 1.00e-03
    epoch 47: loss 1.0238, val_ap 0.4913, minutes 31.7, lr 1.00e-03
    epoch 48: loss 1.0177, val_ap 0.4934, minutes 32.36, lr 1.00e-03
    epoch 49: loss 1.0119, val_ap 0.4729, minutes 33.0, lr 1.00e-03
    epoch 50: loss 1.0098, val_ap 0.4956, minutes 33.69, lr 1.00e-03
    epoch 51: loss 0.9987, val_ap 0.4918, minutes 34.38, lr 1.00e-03
    epoch 52: loss 0.9937, val_ap 0.4829, minutes 35.14, lr 1.00e-03
    epoch 53: loss 0.9900, val_ap 0.4995, minutes 35.81, lr 1.00e-03
    epoch 54: loss 0.9759, val_ap 0.4817, minutes 36.45, lr 1.00e-03
    epoch 55: loss 0.9825, val_ap 0.4872, minutes 37.13, lr 1.00e-03
    epoch 56: loss 0.9708, val_ap 0.4841, minutes 37.85, lr 1.00e-03
    epoch 57: loss 0.9657, val_ap 0.4922, minutes 38.55, lr 1.00e-03
    epoch 58: loss 0.9546, val_ap 0.4759, minutes 39.2, lr 1.00e-03
    epoch 59: loss 0.9647, val_ap 0.4781, minutes 39.82, lr 1.00e-03
    epoch 60: loss 0.9534, val_ap 0.4883, minutes 40.47, lr 1.00e-03
    epoch 61: loss 0.9522, val_ap 0.4451, minutes 41.28, lr 1.00e-03
    epoch 62: loss 0.9386, val_ap 0.4781, minutes 42.0, lr 5.00e-04
    epoch 63: loss 0.9009, val_ap 0.4750, minutes 42.61, lr 5.00e-04
    epoch 64: loss 0.9012, val_ap 0.4810, minutes 43.22, lr 5.00e-04
    epoch 65: loss 0.9004, val_ap 0.4680, minutes 43.87, lr 5.00e-04
    epoch 66: loss 0.8877, val_ap 0.4776, minutes 44.48, lr 5.00e-04
    epoch 67: loss 0.8895, val_ap 0.4536, minutes 45.07, lr 5.00e-04
    epoch 68: loss 0.8849, val_ap 0.4749, minutes 45.62, lr 5.00e-04
    epoch 69: loss 0.8858, val_ap 0.4619, minutes 46.13, lr 5.00e-04
    epoch 70: loss 0.8752, val_ap 0.4651, minutes 46.65, lr 5.00e-04
    epoch 71: loss 0.8715, val_ap 0.4676, minutes 47.15, lr 2.50e-04
    epoch 72: loss 0.8517, val_ap 0.4669, minutes 47.63, lr 2.50e-04
    epoch 73: loss 0.8477, val_ap 0.4700, minutes 48.1, lr 2.50e-04
    epoch 74: loss 0.8487, val_ap 0.4635, minutes 48.57, lr 2.50e-04
    epoch 75: loss 0.8550, val_ap 0.4620, minutes 49.04, lr 2.50e-04
    epoch 76: loss 0.8465, val_ap 0.4637, minutes 49.52, lr 2.50e-04
    epoch 77: loss 0.8446, val_ap 0.4719, minutes 50.02, lr 2.50e-04
    epoch 78: loss 0.8466, val_ap 0.4628, minutes 50.54, lr 2.50e-04
    stopping: no validation gain in 25 epochs
[h2gcn_aux_q pooled_both fold 2] done (51.1 min)
