loaded: dataset0 121,838 sites, data1 90,452
[fk_band_shuffled dataset0 fold 4 seed 1]
    band weights [0.402, 0.362, 0.236] (bands ((0, 30), (30, 75), (75, 150)))
    epoch 1: loss 1.9689, val_ap 0.1495, minutes 0.46, lr 3.33e-04
    epoch 2: loss 1.6085, val_ap 0.2043, minutes 0.91, lr 6.63e-04
    epoch 3: loss 1.3835, val_ap 0.3929, minutes 1.33, lr 9.92e-04
    epoch 4: loss 1.1888, val_ap 0.4952, minutes 1.81, lr 1.00e-03
    epoch 5: loss 1.1090, val_ap 0.5053, minutes 2.26, lr 1.00e-03
    epoch 6: loss 1.0888, val_ap 0.5130, minutes 2.72, lr 1.00e-03
    epoch 7: loss 1.0478, val_ap 0.5159, minutes 3.19, lr 1.00e-03
    epoch 8: loss 1.0127, val_ap 0.5201, minutes 3.62, lr 1.00e-03
    epoch 9: loss 1.0080, val_ap 0.5377, minutes 4.12, lr 1.00e-03
    epoch 10: loss 1.0104, val_ap 0.5494, minutes 4.61, lr 1.00e-03
    epoch 11: loss 0.9614, val_ap 0.5536, minutes 5.16, lr 1.00e-03
    epoch 12: loss 0.9783, val_ap 0.5633, minutes 5.72, lr 1.00e-03
    epoch 13: loss 0.9451, val_ap 0.5628, minutes 6.29, lr 1.00e-03
    epoch 14: loss 0.9382, val_ap 0.5620, minutes 6.87, lr 1.00e-03
    epoch 15: loss 0.9258, val_ap 0.5620, minutes 7.44, lr 1.00e-03
    epoch 16: loss 0.9348, val_ap 0.5763, minutes 8.01, lr 1.00e-03
    epoch 17: loss 0.9392, val_ap 0.5745, minutes 8.57, lr 1.00e-03
    epoch 18: loss 0.9165, val_ap 0.5700, minutes 9.13, lr 1.00e-03
    epoch 19: loss 0.8906, val_ap 0.5703, minutes 9.69, lr 1.00e-03
    epoch 20: loss 0.9098, val_ap 0.5711, minutes 10.24, lr 1.00e-03
    epoch 21: loss 0.8843, val_ap 0.5670, minutes 10.82, lr 1.00e-03
    epoch 22: loss 0.8929, val_ap 0.5732, minutes 11.38, lr 1.00e-03
    epoch 23: loss 0.8872, val_ap 0.5778, minutes 11.92, lr 1.00e-03
    epoch 24: loss 0.8936, val_ap 0.5674, minutes 12.49, lr 1.00e-03
    epoch 25: loss 0.8761, val_ap 0.5728, minutes 13.07, lr 1.00e-03
    epoch 26: loss 0.8706, val_ap 0.5808, minutes 13.65, lr 1.00e-03
    epoch 27: loss 0.8793, val_ap 0.5797, minutes 14.23, lr 1.00e-03
    epoch 28: loss 0.8707, val_ap 0.5795, minutes 14.81, lr 1.00e-03
    epoch 29: loss 0.8639, val_ap 0.5804, minutes 15.39, lr 1.00e-03
    epoch 30: loss 0.8391, val_ap 0.5747, minutes 15.95, lr 1.00e-03
    epoch 31: loss 0.8426, val_ap 0.5754, minutes 16.47, lr 1.00e-03
    epoch 32: loss 0.8439, val_ap 0.5765, minutes 17.0, lr 1.00e-03
    epoch 33: loss 0.8583, val_ap 0.5817, minutes 17.51, lr 1.00e-03
    epoch 34: loss 0.8299, val_ap 0.5844, minutes 18.09, lr 1.00e-03
    epoch 35: loss 0.8314, val_ap 0.5828, minutes 18.66, lr 1.00e-03
    epoch 36: loss 0.8261, val_ap 0.5816, minutes 19.21, lr 1.00e-03
    epoch 37: loss 0.8190, val_ap 0.5864, minutes 19.76, lr 1.00e-03
    epoch 38: loss 0.8500, val_ap 0.5824, minutes 20.33, lr 1.00e-03
    epoch 39: loss 0.8245, val_ap 0.5897, minutes 20.88, lr 1.00e-03
    epoch 40: loss 0.8069, val_ap 0.5870, minutes 21.47, lr 1.00e-03
    epoch 41: loss 0.8109, val_ap 0.5878, minutes 22.03, lr 1.00e-03
    epoch 42: loss 0.8041, val_ap 0.5910, minutes 22.59, lr 1.00e-03
    epoch 43: loss 0.8148, val_ap 0.5893, minutes 23.17, lr 1.00e-03
    epoch 44: loss 0.8037, val_ap 0.5918, minutes 23.71, lr 1.00e-03
    epoch 45: loss 0.7862, val_ap 0.5957, minutes 24.3, lr 1.00e-03
    epoch 46: loss 0.7903, val_ap 0.5795, minutes 24.87, lr 1.00e-03
    epoch 47: loss 0.8018, val_ap 0.5878, minutes 25.49, lr 1.00e-03
    epoch 48: loss 0.7912, val_ap 0.5841, minutes 26.05, lr 1.00e-03
    epoch 49: loss 0.7699, val_ap 0.5912, minutes 26.62, lr 1.00e-03
    epoch 50: loss 0.7832, val_ap 0.5846, minutes 27.23, lr 1.00e-03
    epoch 51: loss 0.7823, val_ap 0.5926, minutes 27.82, lr 1.00e-03
    epoch 52: loss 0.7740, val_ap 0.5821, minutes 28.39, lr 1.00e-03
    epoch 53: loss 0.7796, val_ap 0.5872, minutes 28.97, lr 1.00e-03
    epoch 54: loss 0.7853, val_ap 0.5946, minutes 29.56, lr 5.00e-04
    epoch 55: loss 0.7419, val_ap 0.5871, minutes 30.12, lr 5.00e-04
    epoch 56: loss 0.7463, val_ap 0.5937, minutes 30.7, lr 5.00e-04
    epoch 57: loss 0.7395, val_ap 0.5924, minutes 31.22, lr 5.00e-04
    epoch 58: loss 0.7431, val_ap 0.5910, minutes 31.74, lr 5.00e-04
    epoch 59: loss 0.7334, val_ap 0.5921, minutes 32.24, lr 5.00e-04
    epoch 60: loss 0.7359, val_ap 0.5899, minutes 32.77, lr 5.00e-04
    epoch 61: loss 0.7372, val_ap 0.5895, minutes 33.29, lr 5.00e-04
    epoch 62: loss 0.7231, val_ap 0.5945, minutes 33.81, lr 5.00e-04
    epoch 63: loss 0.7261, val_ap 0.5934, minutes 34.31, lr 2.50e-04
    epoch 64: loss 0.7080, val_ap 0.5933, minutes 34.83, lr 2.50e-04
    epoch 65: loss 0.7109, val_ap 0.5922, minutes 35.38, lr 2.50e-04
    epoch 66: loss 0.7157, val_ap 0.5937, minutes 35.87, lr 2.50e-04
    epoch 67: loss 0.7318, val_ap 0.5928, minutes 36.41, lr 2.50e-04
    epoch 68: loss 0.7089, val_ap 0.5950, minutes 36.83, lr 2.50e-04
    epoch 69: loss 0.7035, val_ap 0.5957, minutes 37.36, lr 2.50e-04
    epoch 70: loss 0.7098, val_ap 0.5916, minutes 37.83, lr 2.50e-04
    epoch 71: loss 0.7012, val_ap 0.5969, minutes 38.34, lr 2.50e-04
    epoch 72: loss 0.6936, val_ap 0.5939, minutes 38.83, lr 2.50e-04
    epoch 73: loss 0.6969, val_ap 0.5945, minutes 39.26, lr 2.50e-04
    epoch 74: loss 0.7099, val_ap 0.5971, minutes 39.71, lr 2.50e-04
    epoch 75: loss 0.7039, val_ap 0.5975, minutes 40.13, lr 2.50e-04
    epoch 76: loss 0.7018, val_ap 0.5973, minutes 40.6, lr 2.50e-04
    epoch 77: loss 0.6961, val_ap 0.5970, minutes 41.08, lr 2.50e-04
    epoch 78: loss 0.7013, val_ap 0.5954, minutes 41.55, lr 2.50e-04
    epoch 79: loss 0.6971, val_ap 0.5947, minutes 42.06, lr 2.50e-04
    epoch 80: loss 0.6938, val_ap 0.5907, minutes 42.48, lr 2.50e-04
    epoch 81: loss 0.6958, val_ap 0.5920, minutes 42.94, lr 2.50e-04
    epoch 82: loss 0.6859, val_ap 0.5935, minutes 43.43, lr 2.50e-04
    epoch 83: loss 0.6964, val_ap 0.5909, minutes 43.92, lr 2.50e-04
    epoch 84: loss 0.6995, val_ap 0.5900, minutes 44.38, lr 1.25e-04
    epoch 85: loss 0.6829, val_ap 0.5937, minutes 44.81, lr 1.25e-04
    epoch 86: loss 0.6701, val_ap 0.5942, minutes 45.28, lr 1.25e-04
    epoch 87: loss 0.6898, val_ap 0.5920, minutes 45.75, lr 1.25e-04
    epoch 88: loss 0.6718, val_ap 0.5922, minutes 46.21, lr 1.25e-04
    epoch 89: loss 0.6840, val_ap 0.5946, minutes 46.64, lr 1.25e-04
    epoch 90: loss 0.6855, val_ap 0.5971, minutes 47.11, lr 1.25e-04
    epoch 91: loss 0.6732, val_ap 0.5953, minutes 47.54, lr 1.25e-04
    epoch 92: loss 0.6830, val_ap 0.5935, minutes 48.0, lr 1.25e-04
    epoch 93: loss 0.6638, val_ap 0.5929, minutes 48.41, lr 6.25e-05
    epoch 94: loss 0.6714, val_ap 0.5937, minutes 48.87, lr 6.25e-05
    epoch 95: loss 0.6727, val_ap 0.5938, minutes 49.25, lr 6.25e-05
    epoch 96: loss 0.6790, val_ap 0.5945, minutes 49.7, lr 6.25e-05
    epoch 97: loss 0.6809, val_ap 0.5961, minutes 50.13, lr 6.25e-05
    epoch 98: loss 0.6709, val_ap 0.5962, minutes 50.6, lr 6.25e-05
    epoch 99: loss 0.6716, val_ap 0.5960, minutes 51.04, lr 6.25e-05
    epoch 100: loss 0.6682, val_ap 0.5958, minutes 51.51, lr 6.25e-05
    stopping: no validation gain in 25 epochs
[fk_band_shuffled dataset0 fold 4 seed 1] done (52.3 min)
