loaded: dataset0 121,838 sites, data1 90,452
[deepset_hand pooled_both fold 1]
    epoch 1: loss 1.0932139695800096, minutes 0.26, val_ap 0.3693091122452512, lr 0.00033389734912577554
    epoch 2: loss 0.8550728182804767, minutes 0.55, val_ap 0.4092253023669065, lr 0.0006672306824591089
    epoch 3: loss 0.8294381940526204, minutes 0.87, val_ap 0.4202445319599043, lr 0.001
    epoch 4: loss 0.8140343594571258, minutes 1.18, val_ap 0.41551787110156496, lr 0.001
    epoch 5: loss 0.7997030141289061, minutes 1.49, val_ap 0.4175823907742099, lr 0.001
    epoch 6: loss 0.7916534451764651, minutes 1.81, val_ap 0.43049823673373655, lr 0.001
    epoch 7: loss 0.7797743462769917, minutes 2.11, val_ap 0.43033252408591266, lr 0.001
    epoch 8: loss 0.7741238797578311, minutes 2.42, val_ap 0.43241790693192717, lr 0.001
    epoch 9: loss 0.7675189131810983, minutes 2.74, val_ap 0.43037212334117514, lr 0.001
    epoch 10: loss 0.7565204324657744, minutes 3.06, val_ap 0.4374633665312661, lr 0.001
    epoch 11: loss 0.7493928639618475, minutes 3.37, val_ap 0.44429825290643105, lr 0.001
    epoch 12: loss 0.7427799106148496, minutes 3.64, val_ap 0.44273276060491024, lr 0.001
    epoch 13: loss 0.733114934764336, minutes 3.95, val_ap 0.4429562762687798, lr 0.001
    epoch 14: loss 0.725701697284195, minutes 4.27, val_ap 0.4364238383035864, lr 0.001
    epoch 15: loss 0.7143256666797471, minutes 4.56, val_ap 0.4324790505832719, lr 0.001
    epoch 16: loss 0.7077078865667689, minutes 4.87, val_ap 0.44307122680440314, lr 0.001
    epoch 17: loss 0.6964293519655863, minutes 5.18, val_ap 0.4377932308778755, lr 0.001
    epoch 18: loss 0.6883265969111835, minutes 5.46, val_ap 0.4440569202430342, lr 0.001
    epoch 19: loss 0.6824956524190564, minutes 5.75, val_ap 0.441291529675138, lr 0.001
    epoch 20: loss 0.6713803529537672, minutes 6.05, val_ap 0.43762804463676397, lr 0.0005
    epoch 21: loss 0.6357060917944675, minutes 6.36, val_ap 0.4350572388368995, lr 0.0005
    epoch 22: loss 0.6246066979446185, minutes 6.68, val_ap 0.43584375566818045, lr 0.0005
    epoch 23: loss 0.6156586997097518, minutes 6.98, val_ap 0.43722699766313766, lr 0.0005
    epoch 24: loss 0.6095289022184266, minutes 7.3, val_ap 0.4293945558372435, lr 0.0005
    epoch 25: loss 0.6024317283517415, minutes 7.62, val_ap 0.4328830371877631, lr 0.0005
    epoch 26: loss 0.5947097082025106, minutes 7.95, val_ap 0.4305246084988455, lr 0.0005
    epoch 27: loss 0.5883836457773716, minutes 8.28, val_ap 0.4297164039782029, lr 0.0005
    epoch 28: loss 0.5810777868716245, minutes 8.59, val_ap 0.4278830834471307, lr 0.0005
    epoch 29: loss 0.5776649996915646, minutes 8.88, val_ap 0.42025708592765654, lr 0.00025
    epoch 30: loss 0.550876454350912, minutes 9.21, val_ap 0.4285321239552977, lr 0.00025
    epoch 31: loss 0.5449163835060779, minutes 9.54, val_ap 0.42321476976180694, lr 0.00025
    epoch 32: loss 0.538475823382234, minutes 9.86, val_ap 0.4226954269243109, lr 0.00025
    epoch 33: loss 0.5360073115922472, minutes 10.15, val_ap 0.42352796120595654, lr 0.00025
    epoch 34: loss 0.5336077709992727, minutes 10.47, val_ap 0.4167985947946618, lr 0.00025
    epoch 35: loss 0.5286206153746184, minutes 10.79, val_ap 0.42027496996950475, lr 0.00025
    stopping: no validation gain in 25 epochs
[deepset_hand pooled_both fold 1] done (11.3 min)
