loaded: dataset0 121,838 sites, data1 90,452
[fk_band dataset0 fold 3 seed 2]
    band weights [0.4, 0.363, 0.237] (bands ((0, 30), (30, 75), (75, 150)))
    epoch 1: loss 1.9717, val_ap 0.1459, minutes 0.44, lr 3.33e-04
    epoch 2: loss 1.5830, val_ap 0.2359, minutes 0.97, lr 6.63e-04
    epoch 3: loss 1.3700, val_ap 0.3563, minutes 1.51, lr 9.92e-04
    epoch 4: loss 1.2343, val_ap 0.4643, minutes 1.95, lr 1.00e-03
    epoch 5: loss 1.1398, val_ap 0.4921, minutes 2.43, lr 1.00e-03
    epoch 6: loss 1.0735, val_ap 0.5073, minutes 2.81, lr 1.00e-03
    epoch 7: loss 1.0469, val_ap 0.5307, minutes 3.3, lr 1.00e-03
    epoch 8: loss 1.0114, val_ap 0.5330, minutes 3.72, lr 1.00e-03
    epoch 9: loss 0.9950, val_ap 0.5582, minutes 4.22, lr 1.00e-03
    epoch 10: loss 0.9763, val_ap 0.5657, minutes 4.69, lr 1.00e-03
    epoch 11: loss 0.9484, val_ap 0.5601, minutes 5.21, lr 1.00e-03
    epoch 12: loss 0.9329, val_ap 0.5624, minutes 5.66, lr 1.00e-03
    epoch 13: loss 0.9269, val_ap 0.5675, minutes 6.14, lr 1.00e-03
    epoch 14: loss 0.9198, val_ap 0.5808, minutes 6.61, lr 1.00e-03
    epoch 15: loss 0.8983, val_ap 0.5739, minutes 7.03, lr 1.00e-03
    epoch 16: loss 0.9028, val_ap 0.5848, minutes 7.51, lr 1.00e-03
    epoch 17: loss 0.9235, val_ap 0.5868, minutes 7.96, lr 1.00e-03
    epoch 18: loss 0.8892, val_ap 0.5839, minutes 8.44, lr 1.00e-03
    epoch 19: loss 0.8924, val_ap 0.5903, minutes 8.9, lr 1.00e-03
    epoch 20: loss 0.8807, val_ap 0.5921, minutes 9.4, lr 1.00e-03
    epoch 21: loss 0.8723, val_ap 0.5873, minutes 9.87, lr 1.00e-03
    epoch 22: loss 0.8630, val_ap 0.5969, minutes 10.33, lr 1.00e-03
    epoch 23: loss 0.8796, val_ap 0.5948, minutes 10.8, lr 1.00e-03
    epoch 24: loss 0.8645, val_ap 0.6051, minutes 11.28, lr 1.00e-03
    epoch 25: loss 0.8750, val_ap 0.5925, minutes 11.75, lr 1.00e-03
    epoch 26: loss 0.8511, val_ap 0.6077, minutes 12.22, lr 1.00e-03
    epoch 27: loss 0.8348, val_ap 0.6047, minutes 12.72, lr 1.00e-03
    epoch 28: loss 0.8563, val_ap 0.5987, minutes 13.19, lr 1.00e-03
    epoch 29: loss 0.8481, val_ap 0.6029, minutes 13.69, lr 1.00e-03
    epoch 30: loss 0.8492, val_ap 0.6126, minutes 14.13, lr 1.00e-03
    epoch 31: loss 0.8348, val_ap 0.6069, minutes 14.6, lr 1.00e-03
    epoch 32: loss 0.8206, val_ap 0.6137, minutes 15.09, lr 1.00e-03
    epoch 33: loss 0.8286, val_ap 0.6098, minutes 15.53, lr 1.00e-03
    epoch 34: loss 0.8156, val_ap 0.6155, minutes 16.01, lr 1.00e-03
    epoch 35: loss 0.8124, val_ap 0.6172, minutes 16.45, lr 1.00e-03
    epoch 36: loss 0.8275, val_ap 0.6106, minutes 16.92, lr 1.00e-03
    epoch 37: loss 0.8165, val_ap 0.6099, minutes 17.36, lr 1.00e-03
    epoch 38: loss 0.8127, val_ap 0.6229, minutes 17.86, lr 1.00e-03
    epoch 39: loss 0.8010, val_ap 0.6162, minutes 18.34, lr 1.00e-03
    epoch 40: loss 0.7931, val_ap 0.6137, minutes 18.78, lr 1.00e-03
    epoch 41: loss 0.7909, val_ap 0.6195, minutes 19.25, lr 1.00e-03
    epoch 42: loss 0.7902, val_ap 0.6116, minutes 19.73, lr 1.00e-03
    epoch 43: loss 0.7858, val_ap 0.6235, minutes 20.15, lr 1.00e-03
    epoch 44: loss 0.7943, val_ap 0.6207, minutes 20.61, lr 1.00e-03
    epoch 45: loss 0.7853, val_ap 0.6337, minutes 21.07, lr 1.00e-03
    epoch 46: loss 0.7723, val_ap 0.6317, minutes 21.56, lr 1.00e-03
    epoch 47: loss 0.7851, val_ap 0.6274, minutes 22.0, lr 1.00e-03
    epoch 48: loss 0.7793, val_ap 0.6307, minutes 22.44, lr 1.00e-03
    epoch 49: loss 0.7598, val_ap 0.6359, minutes 22.93, lr 1.00e-03
    epoch 50: loss 0.7750, val_ap 0.6274, minutes 23.42, lr 1.00e-03
    epoch 51: loss 0.7720, val_ap 0.6354, minutes 23.95, lr 1.00e-03
    epoch 52: loss 0.7925, val_ap 0.6267, minutes 24.42, lr 1.00e-03
    epoch 53: loss 0.7472, val_ap 0.6390, minutes 24.9, lr 1.00e-03
    epoch 54: loss 0.7547, val_ap 0.6421, minutes 25.37, lr 1.00e-03
    epoch 55: loss 0.7554, val_ap 0.6374, minutes 25.85, lr 1.00e-03
    epoch 56: loss 0.7529, val_ap 0.6379, minutes 26.31, lr 1.00e-03
    epoch 57: loss 0.7482, val_ap 0.6416, minutes 26.78, lr 1.00e-03
    epoch 58: loss 0.7688, val_ap 0.6303, minutes 27.24, lr 1.00e-03
    epoch 59: loss 0.7389, val_ap 0.6334, minutes 27.72, lr 1.00e-03
    epoch 60: loss 0.7475, val_ap 0.6419, minutes 28.21, lr 1.00e-03
    epoch 61: loss 0.7473, val_ap 0.6416, minutes 28.67, lr 1.00e-03
    epoch 62: loss 0.7354, val_ap 0.6400, minutes 29.14, lr 1.00e-03
    epoch 63: loss 0.7359, val_ap 0.6397, minutes 29.62, lr 5.00e-04
    epoch 64: loss 0.7166, val_ap 0.6411, minutes 30.1, lr 5.00e-04
    epoch 65: loss 0.7133, val_ap 0.6404, minutes 30.59, lr 5.00e-04
    epoch 66: loss 0.7104, val_ap 0.6360, minutes 31.09, lr 5.00e-04
    epoch 67: loss 0.7138, val_ap 0.6352, minutes 31.57, lr 5.00e-04
    epoch 68: loss 0.7100, val_ap 0.6383, minutes 32.05, lr 5.00e-04
    epoch 69: loss 0.7114, val_ap 0.6366, minutes 32.51, lr 5.00e-04
    epoch 70: loss 0.6997, val_ap 0.6374, minutes 32.98, lr 5.00e-04
    epoch 71: loss 0.6974, val_ap 0.6398, minutes 33.45, lr 5.00e-04
    epoch 72: loss 0.7044, val_ap 0.6406, minutes 33.93, lr 2.50e-04
    epoch 73: loss 0.6858, val_ap 0.6397, minutes 34.38, lr 2.50e-04
    epoch 74: loss 0.6755, val_ap 0.6381, minutes 34.89, lr 2.50e-04
    epoch 75: loss 0.6898, val_ap 0.6353, minutes 35.34, lr 2.50e-04
    epoch 76: loss 0.6788, val_ap 0.6360, minutes 35.82, lr 2.50e-04
    epoch 77: loss 0.6952, val_ap 0.6324, minutes 36.34, lr 2.50e-04
    epoch 78: loss 0.6909, val_ap 0.6361, minutes 36.82, lr 2.50e-04
    epoch 79: loss 0.6746, val_ap 0.6371, minutes 37.3, lr 2.50e-04
    stopping: no validation gain in 25 epochs
[fk_band dataset0 fold 3 seed 2] done (38.0 min)
