loaded: dataset0 121,838 sites, data1 90,452
[h2gcn_twohead_aux pooled_both fold 3 seed 2]
    epoch 1: loss 1.8895, val_ap 0.1582, minutes 0.85, lr 3.31e-04
    epoch 2: loss 1.5082, val_ap 0.2912, minutes 1.6, lr 6.60e-04
    epoch 3: loss 1.3676, val_ap 0.3922, minutes 2.35, lr 9.89e-04
    epoch 4: loss 1.2549, val_ap 0.4365, minutes 3.14, lr 1.00e-03
    epoch 5: loss 1.1986, val_ap 0.4541, minutes 3.89, lr 1.00e-03
    epoch 6: loss 1.1687, val_ap 0.4613, minutes 4.67, lr 1.00e-03
    epoch 7: loss 1.1689, val_ap 0.4650, minutes 5.43, lr 1.00e-03
    epoch 8: loss 1.1415, val_ap 0.4669, minutes 6.33, lr 1.00e-03
    epoch 9: loss 1.1306, val_ap 0.4714, minutes 7.13, lr 1.00e-03
    epoch 10: loss 1.1178, val_ap 0.4644, minutes 7.95, lr 1.00e-03
    epoch 11: loss 1.1000, val_ap 0.4778, minutes 8.75, lr 1.00e-03
    epoch 12: loss 1.1041, val_ap 0.4790, minutes 9.51, lr 1.00e-03
    epoch 13: loss 1.0948, val_ap 0.4809, minutes 10.28, lr 1.00e-03
    epoch 14: loss 1.0902, val_ap 0.4832, minutes 11.08, lr 1.00e-03
    epoch 15: loss 1.0863, val_ap 0.4866, minutes 11.89, lr 1.00e-03
    epoch 16: loss 1.0777, val_ap 0.4836, minutes 12.67, lr 1.00e-03
    epoch 17: loss 1.0814, val_ap 0.4861, minutes 13.47, lr 1.00e-03
    epoch 18: loss 1.0628, val_ap 0.4954, minutes 14.29, lr 1.00e-03
    epoch 19: loss 1.0785, val_ap 0.4968, minutes 15.08, lr 1.00e-03
    epoch 20: loss 1.0530, val_ap 0.4946, minutes 15.88, lr 1.00e-03
    epoch 21: loss 1.0541, val_ap 0.4939, minutes 16.63, lr 1.00e-03
    epoch 22: loss 1.0617, val_ap 0.4922, minutes 17.44, lr 1.00e-03
    epoch 23: loss 1.0541, val_ap 0.4984, minutes 18.16, lr 1.00e-03
    epoch 24: loss 1.0390, val_ap 0.4911, minutes 18.94, lr 1.00e-03
    epoch 25: loss 1.0484, val_ap 0.5070, minutes 19.73, lr 1.00e-03
    epoch 26: loss 1.0398, val_ap 0.5026, minutes 20.53, lr 1.00e-03
    epoch 27: loss 1.0371, val_ap 0.5068, minutes 21.32, lr 1.00e-03
    epoch 28: loss 1.0237, val_ap 0.5042, minutes 22.11, lr 1.00e-03
    epoch 29: loss 1.0187, val_ap 0.4965, minutes 22.93, lr 1.00e-03
    epoch 30: loss 1.0272, val_ap 0.5040, minutes 23.72, lr 1.00e-03
    epoch 31: loss 1.0277, val_ap 0.5087, minutes 24.53, lr 1.00e-03
    epoch 32: loss 1.0095, val_ap 0.5109, minutes 25.4, lr 1.00e-03
    epoch 33: loss 1.0121, val_ap 0.5051, minutes 26.16, lr 1.00e-03
    epoch 34: loss 1.0081, val_ap 0.4998, minutes 26.93, lr 1.00e-03
    epoch 35: loss 1.0040, val_ap 0.5015, minutes 27.72, lr 1.00e-03
    epoch 36: loss 1.0050, val_ap 0.5030, minutes 28.52, lr 1.00e-03
    epoch 37: loss 0.9998, val_ap 0.5099, minutes 29.35, lr 1.00e-03
    epoch 38: loss 0.9956, val_ap 0.5054, minutes 30.12, lr 1.00e-03
    epoch 39: loss 0.9893, val_ap 0.4963, minutes 30.89, lr 1.00e-03
    epoch 40: loss 0.9869, val_ap 0.4953, minutes 31.66, lr 1.00e-03
    epoch 41: loss 0.9773, val_ap 0.5025, minutes 32.44, lr 5.00e-04
    epoch 42: loss 0.9684, val_ap 0.5043, minutes 33.27, lr 5.00e-04
    epoch 43: loss 0.9637, val_ap 0.5008, minutes 34.09, lr 5.00e-04
    epoch 44: loss 0.9555, val_ap 0.5053, minutes 34.85, lr 5.00e-04
    epoch 45: loss 0.9558, val_ap 0.5057, minutes 35.6, lr 5.00e-04
    epoch 46: loss 0.9432, val_ap 0.5014, minutes 36.37, lr 5.00e-04
    epoch 47: loss 0.9462, val_ap 0.4995, minutes 37.12, lr 5.00e-04
    epoch 48: loss 0.9491, val_ap 0.5069, minutes 37.89, lr 5.00e-04
    epoch 49: loss 0.9463, val_ap 0.5026, minutes 38.67, lr 5.00e-04
    epoch 50: loss 0.9377, val_ap 0.4948, minutes 39.49, lr 2.50e-04
    epoch 51: loss 0.9323, val_ap 0.4898, minutes 40.32, lr 2.50e-04
    epoch 52: loss 0.9222, val_ap 0.4921, minutes 41.14, lr 2.50e-04
    epoch 53: loss 0.9268, val_ap 0.4969, minutes 41.93, lr 2.50e-04
    epoch 54: loss 0.9254, val_ap 0.4882, minutes 42.71, lr 2.50e-04
    epoch 55: loss 0.9216, val_ap 0.4925, minutes 43.51, lr 2.50e-04
    epoch 56: loss 0.9199, val_ap 0.4873, minutes 44.29, lr 2.50e-04
    epoch 57: loss 0.9263, val_ap 0.4908, minutes 45.08, lr 2.50e-04
    stopping: no validation gain in 25 epochs
[h2gcn_twohead_aux pooled_both fold 3 seed 2] done (45.7 min)
