loaded: dataset0 121,838 sites, data1 90,452
[h2gcn_aux_r100 dataset0 fold 4 seed 2]
    epoch 1: loss 1.9655, val_ap 0.1454, minutes 0.54, lr 3.33e-04
    epoch 2: loss 1.6149, val_ap 0.2029, minutes 1.16, lr 6.63e-04
    epoch 3: loss 1.3659, val_ap 0.3649, minutes 1.67, lr 9.92e-04
    epoch 4: loss 1.1960, val_ap 0.4608, minutes 2.25, lr 1.00e-03
    epoch 5: loss 1.1353, val_ap 0.4853, minutes 2.76, lr 1.00e-03
    epoch 6: loss 1.1207, val_ap 0.5048, minutes 3.29, lr 1.00e-03
    epoch 7: loss 1.0401, val_ap 0.5105, minutes 3.8, lr 1.00e-03
    epoch 8: loss 1.0468, val_ap 0.5291, minutes 4.35, lr 1.00e-03
    epoch 9: loss 1.0128, val_ap 0.5269, minutes 4.86, lr 1.00e-03
    epoch 10: loss 0.9845, val_ap 0.5380, minutes 5.44, lr 1.00e-03
    epoch 11: loss 0.9845, val_ap 0.5326, minutes 5.97, lr 1.00e-03
    epoch 12: loss 0.9609, val_ap 0.5404, minutes 6.45, lr 1.00e-03
    epoch 13: loss 0.9478, val_ap 0.5445, minutes 6.97, lr 1.00e-03
    epoch 14: loss 0.9452, val_ap 0.5479, minutes 7.46, lr 1.00e-03
    epoch 15: loss 0.9191, val_ap 0.5462, minutes 8.0, lr 1.00e-03
    epoch 16: loss 0.9336, val_ap 0.5447, minutes 8.49, lr 1.00e-03
    epoch 17: loss 0.9194, val_ap 0.5457, minutes 8.94, lr 1.00e-03
    epoch 18: loss 0.9064, val_ap 0.5498, minutes 9.48, lr 1.00e-03
    epoch 19: loss 0.9231, val_ap 0.5487, minutes 9.96, lr 1.00e-03
    epoch 20: loss 0.9179, val_ap 0.5421, minutes 10.39, lr 1.00e-03
    epoch 21: loss 0.8986, val_ap 0.5447, minutes 10.88, lr 1.00e-03
    epoch 22: loss 0.9092, val_ap 0.5589, minutes 11.33, lr 1.00e-03
    epoch 23: loss 0.8839, val_ap 0.5511, minutes 11.76, lr 1.00e-03
    epoch 24: loss 0.8900, val_ap 0.5576, minutes 12.2, lr 1.00e-03
    epoch 25: loss 0.8921, val_ap 0.5615, minutes 12.63, lr 1.00e-03
    epoch 26: loss 0.8771, val_ap 0.5608, minutes 13.05, lr 1.00e-03
    epoch 27: loss 0.8755, val_ap 0.5556, minutes 13.45, lr 1.00e-03
    epoch 28: loss 0.8754, val_ap 0.5573, minutes 13.85, lr 1.00e-03
    epoch 29: loss 0.8717, val_ap 0.5590, minutes 14.26, lr 1.00e-03
    epoch 30: loss 0.8596, val_ap 0.5588, minutes 14.69, lr 1.00e-03
    epoch 31: loss 0.8504, val_ap 0.5557, minutes 15.1, lr 1.00e-03
    epoch 32: loss 0.8688, val_ap 0.5580, minutes 15.5, lr 1.00e-03
    epoch 33: loss 0.8466, val_ap 0.5522, minutes 15.88, lr 1.00e-03
    epoch 34: loss 0.8377, val_ap 0.5661, minutes 16.23, lr 1.00e-03
    epoch 35: loss 0.8559, val_ap 0.5537, minutes 16.56, lr 1.00e-03
    epoch 36: loss 0.8460, val_ap 0.5650, minutes 16.94, lr 1.00e-03
    epoch 37: loss 0.8445, val_ap 0.5700, minutes 17.29, lr 1.00e-03
    epoch 38: loss 0.8180, val_ap 0.5657, minutes 17.65, lr 1.00e-03
    epoch 39: loss 0.8481, val_ap 0.5694, minutes 18.01, lr 1.00e-03
    epoch 40: loss 0.8396, val_ap 0.5709, minutes 18.33, lr 1.00e-03
    epoch 41: loss 0.8318, val_ap 0.5643, minutes 18.67, lr 1.00e-03
    epoch 42: loss 0.8247, val_ap 0.5724, minutes 18.99, lr 1.00e-03
    epoch 43: loss 0.8296, val_ap 0.5656, minutes 19.34, lr 1.00e-03
    epoch 44: loss 0.8081, val_ap 0.5715, minutes 19.67, lr 1.00e-03
    epoch 45: loss 0.8133, val_ap 0.5645, minutes 19.99, lr 1.00e-03
    epoch 46: loss 0.8026, val_ap 0.5706, minutes 20.31, lr 1.00e-03
    epoch 47: loss 0.8153, val_ap 0.5766, minutes 20.63, lr 1.00e-03
    epoch 48: loss 0.8151, val_ap 0.5739, minutes 20.93, lr 1.00e-03
    epoch 49: loss 0.7994, val_ap 0.5745, minutes 21.22, lr 1.00e-03
    epoch 50: loss 0.7932, val_ap 0.5780, minutes 21.49, lr 1.00e-03
    epoch 51: loss 0.8099, val_ap 0.5760, minutes 21.78, lr 1.00e-03
    epoch 52: loss 0.8024, val_ap 0.5751, minutes 22.06, lr 1.00e-03
    epoch 53: loss 0.7892, val_ap 0.5748, minutes 22.35, lr 1.00e-03
    epoch 54: loss 0.8033, val_ap 0.5737, minutes 22.64, lr 1.00e-03
    epoch 55: loss 0.7762, val_ap 0.5751, minutes 22.94, lr 1.00e-03
    epoch 56: loss 0.7915, val_ap 0.5754, minutes 23.22, lr 1.00e-03
    epoch 57: loss 0.7810, val_ap 0.5820, minutes 23.52, lr 1.00e-03
    epoch 58: loss 0.7893, val_ap 0.5762, minutes 23.8, lr 1.00e-03
    epoch 59: loss 0.7819, val_ap 0.5838, minutes 24.09, lr 1.00e-03
    epoch 60: loss 0.7763, val_ap 0.5844, minutes 24.36, lr 1.00e-03
    epoch 61: loss 0.7769, val_ap 0.5800, minutes 24.63, lr 1.00e-03
    epoch 62: loss 0.7666, val_ap 0.5855, minutes 24.9, lr 1.00e-03
    epoch 63: loss 0.7719, val_ap 0.5830, minutes 25.17, lr 1.00e-03
    epoch 64: loss 0.7701, val_ap 0.5876, minutes 25.43, lr 1.00e-03
    epoch 65: loss 0.7695, val_ap 0.5819, minutes 25.7, lr 1.00e-03
    epoch 66: loss 0.7555, val_ap 0.5852, minutes 25.97, lr 1.00e-03
    epoch 67: loss 0.7483, val_ap 0.5902, minutes 26.25, lr 1.00e-03
    epoch 68: loss 0.7484, val_ap 0.5899, minutes 26.52, lr 1.00e-03
    epoch 69: loss 0.7434, val_ap 0.5876, minutes 26.79, lr 1.00e-03
    epoch 70: loss 0.7431, val_ap 0.5873, minutes 27.06, lr 1.00e-03
    epoch 71: loss 0.7478, val_ap 0.5914, minutes 27.34, lr 1.00e-03
    epoch 72: loss 0.7301, val_ap 0.5869, minutes 27.61, lr 1.00e-03
    epoch 73: loss 0.7240, val_ap 0.5924, minutes 27.88, lr 1.00e-03
    epoch 74: loss 0.7498, val_ap 0.5910, minutes 28.13, lr 1.00e-03
    epoch 75: loss 0.7332, val_ap 0.5874, minutes 28.39, lr 1.00e-03
    epoch 76: loss 0.7359, val_ap 0.5847, minutes 28.65, lr 1.00e-03
    epoch 77: loss 0.7384, val_ap 0.5873, minutes 28.89, lr 1.00e-03
    epoch 78: loss 0.7261, val_ap 0.5895, minutes 29.15, lr 1.00e-03
    epoch 79: loss 0.7243, val_ap 0.5888, minutes 29.39, lr 1.00e-03
    epoch 80: loss 0.7357, val_ap 0.5845, minutes 29.63, lr 1.00e-03
    epoch 81: loss 0.7359, val_ap 0.5899, minutes 29.88, lr 1.00e-03
    epoch 82: loss 0.7242, val_ap 0.5857, minutes 30.13, lr 5.00e-04
    epoch 83: loss 0.7125, val_ap 0.5951, minutes 30.35, lr 5.00e-04
    epoch 84: loss 0.6947, val_ap 0.5920, minutes 30.57, lr 5.00e-04
    epoch 85: loss 0.6789, val_ap 0.5911, minutes 30.79, lr 5.00e-04
    epoch 86: loss 0.6787, val_ap 0.5912, minutes 31.02, lr 5.00e-04
    epoch 87: loss 0.6720, val_ap 0.5868, minutes 31.24, lr 5.00e-04
    epoch 88: loss 0.6762, val_ap 0.5860, minutes 31.46, lr 5.00e-04
    epoch 89: loss 0.6743, val_ap 0.5817, minutes 31.68, lr 5.00e-04
    epoch 90: loss 0.6783, val_ap 0.5842, minutes 31.91, lr 5.00e-04
    epoch 91: loss 0.6672, val_ap 0.5847, minutes 32.13, lr 5.00e-04
    epoch 92: loss 0.6679, val_ap 0.5917, minutes 32.36, lr 2.50e-04
    epoch 93: loss 0.6470, val_ap 0.5960, minutes 32.57, lr 2.50e-04
    epoch 94: loss 0.6473, val_ap 0.5947, minutes 32.8, lr 2.50e-04
    epoch 95: loss 0.6598, val_ap 0.5914, minutes 33.02, lr 2.50e-04
    epoch 96: loss 0.6516, val_ap 0.5867, minutes 33.24, lr 2.50e-04
    epoch 97: loss 0.6431, val_ap 0.5868, minutes 33.46, lr 2.50e-04
    epoch 98: loss 0.6627, val_ap 0.5899, minutes 33.69, lr 2.50e-04
    epoch 99: loss 0.6568, val_ap 0.5889, minutes 33.9, lr 2.50e-04
    epoch 100: loss 0.6528, val_ap 0.5900, minutes 34.13, lr 2.50e-04
    epoch 101: loss 0.6482, val_ap 0.5882, minutes 34.35, lr 2.50e-04
    epoch 102: loss 0.6601, val_ap 0.5872, minutes 34.57, lr 1.25e-04
    epoch 103: loss 0.6500, val_ap 0.5889, minutes 34.79, lr 1.25e-04
    epoch 104: loss 0.6420, val_ap 0.5901, minutes 35.02, lr 1.25e-04
    epoch 105: loss 0.6564, val_ap 0.5906, minutes 35.24, lr 1.25e-04
    epoch 106: loss 0.6350, val_ap 0.5877, minutes 35.46, lr 1.25e-04
    epoch 107: loss 0.6499, val_ap 0.5907, minutes 35.69, lr 1.25e-04
    epoch 108: loss 0.6380, val_ap 0.5892, minutes 35.91, lr 1.25e-04
    epoch 109: loss 0.6425, val_ap 0.5925, minutes 36.13, lr 1.25e-04
    epoch 110: loss 0.6350, val_ap 0.5906, minutes 36.35, lr 1.25e-04
    epoch 111: loss 0.6352, val_ap 0.5920, minutes 36.57, lr 6.25e-05
    epoch 112: loss 0.6451, val_ap 0.5914, minutes 36.79, lr 6.25e-05
    epoch 113: loss 0.6402, val_ap 0.5901, minutes 37.01, lr 6.25e-05
    epoch 114: loss 0.6290, val_ap 0.5917, minutes 37.23, lr 6.25e-05
    epoch 115: loss 0.6348, val_ap 0.5885, minutes 37.45, lr 6.25e-05
    epoch 116: loss 0.6299, val_ap 0.5900, minutes 37.66, lr 6.25e-05
    epoch 117: loss 0.6382, val_ap 0.5907, minutes 37.88, lr 6.25e-05
    epoch 118: loss 0.6318, val_ap 0.5888, minutes 38.1, lr 6.25e-05
    stopping: no validation gain in 25 epochs
[h2gcn_aux_r100 dataset0 fold 4 seed 2] done (38.5 min)
