loaded: dataset0 121,838 sites, data1 90,452
[gps dataset0 fold 1]
    epoch 1: loss 1.9669, val_ap 0.1925, minutes 1.38, lr 3.33e-04
    epoch 2: loss 1.5110, val_ap 0.3447, minutes 2.8, lr 6.63e-04
    epoch 3: loss 1.2221, val_ap 0.4791, minutes 4.22, lr 9.92e-04
    epoch 4: loss 1.1581, val_ap 0.4786, minutes 5.64, lr 1.00e-03
    epoch 5: loss 1.1195, val_ap 0.5071, minutes 7.1, lr 1.00e-03
    epoch 6: loss 1.0317, val_ap 0.5180, minutes 8.52, lr 1.00e-03
    epoch 7: loss 1.0118, val_ap 0.5194, minutes 9.93, lr 1.00e-03
    epoch 8: loss 1.0079, val_ap 0.5314, minutes 11.31, lr 1.00e-03
    epoch 9: loss 0.9835, val_ap 0.5297, minutes 12.74, lr 1.00e-03
    epoch 10: loss 0.9736, val_ap 0.5334, minutes 14.19, lr 1.00e-03
    epoch 11: loss 0.9570, val_ap 0.5544, minutes 15.6, lr 1.00e-03
    epoch 12: loss 0.9383, val_ap 0.5569, minutes 17.01, lr 1.00e-03
    epoch 13: loss 0.9566, val_ap 0.5541, minutes 18.43, lr 1.00e-03
    epoch 14: loss 0.9480, val_ap 0.5404, minutes 19.86, lr 1.00e-03
    epoch 15: loss 0.9212, val_ap 0.5542, minutes 21.26, lr 1.00e-03
    epoch 16: loss 0.9061, val_ap 0.5572, minutes 22.65, lr 1.00e-03
    epoch 17: loss 0.8918, val_ap 0.5734, minutes 24.14, lr 1.00e-03
    epoch 18: loss 0.8859, val_ap 0.5718, minutes 25.53, lr 1.00e-03
    epoch 19: loss 0.8953, val_ap 0.5836, minutes 26.98, lr 1.00e-03
    epoch 20: loss 0.8783, val_ap 0.5831, minutes 28.48, lr 1.00e-03
    epoch 21: loss 0.8703, val_ap 0.5684, minutes 29.91, lr 1.00e-03
    epoch 22: loss 0.8838, val_ap 0.5766, minutes 31.35, lr 1.00e-03
    epoch 23: loss 0.8809, val_ap 0.5831, minutes 32.85, lr 1.00e-03
    epoch 24: loss 0.8695, val_ap 0.5845, minutes 34.26, lr 1.00e-03
    epoch 25: loss 0.8604, val_ap 0.5759, minutes 35.72, lr 1.00e-03
    epoch 26: loss 0.8556, val_ap 0.5866, minutes 37.12, lr 1.00e-03
    epoch 27: loss 0.8496, val_ap 0.5751, minutes 38.59, lr 1.00e-03
    epoch 28: loss 0.8544, val_ap 0.5859, minutes 40.03, lr 1.00e-03
    epoch 29: loss 0.8388, val_ap 0.5835, minutes 41.55, lr 1.00e-03
    epoch 30: loss 0.8360, val_ap 0.5873, minutes 43.06, lr 1.00e-03
    epoch 31: loss 0.8422, val_ap 0.5925, minutes 44.54, lr 1.00e-03
    epoch 32: loss 0.8569, val_ap 0.5833, minutes 45.97, lr 1.00e-03
    epoch 33: loss 0.8463, val_ap 0.5938, minutes 47.46, lr 1.00e-03
    epoch 34: loss 0.8193, val_ap 0.5855, minutes 48.95, lr 1.00e-03
    epoch 35: loss 0.8267, val_ap 0.5866, minutes 50.46, lr 1.00e-03
    epoch 36: loss 0.8114, val_ap 0.5912, minutes 51.86, lr 1.00e-03
    epoch 37: loss 0.8168, val_ap 0.5869, minutes 53.33, lr 1.00e-03
    epoch 38: loss 0.8245, val_ap 0.5876, minutes 54.81, lr 1.00e-03
    epoch 39: loss 0.8049, val_ap 0.5808, minutes 56.27, lr 1.00e-03
    epoch 40: loss 0.8074, val_ap 0.5870, minutes 57.74, lr 1.00e-03
    epoch 41: loss 0.7935, val_ap 0.5928, minutes 59.23, lr 1.00e-03
    epoch 42: loss 0.8228, val_ap 0.5904, minutes 60.71, lr 5.00e-04
    epoch 43: loss 0.7781, val_ap 0.5970, minutes 62.16, lr 5.00e-04
    epoch 44: loss 0.7830, val_ap 0.5853, minutes 63.59, lr 5.00e-04
    epoch 45: loss 0.7669, val_ap 0.5888, minutes 65.08, lr 5.00e-04
    epoch 46: loss 0.7533, val_ap 0.5882, minutes 66.56, lr 5.00e-04
    epoch 47: loss 0.7549, val_ap 0.5947, minutes 68.03, lr 5.00e-04
    epoch 48: loss 0.7690, val_ap 0.5911, minutes 69.49, lr 5.00e-04
    epoch 49: loss 0.7598, val_ap 0.6012, minutes 70.98, lr 5.00e-04
    epoch 50: loss 0.7629, val_ap 0.5969, minutes 72.43, lr 5.00e-04
    epoch 51: loss 0.7449, val_ap 0.5960, minutes 73.87, lr 5.00e-04
    epoch 52: loss 0.7442, val_ap 0.5990, minutes 75.34, lr 5.00e-04
    epoch 53: loss 0.7550, val_ap 0.5929, minutes 76.86, lr 5.00e-04
    epoch 54: loss 0.7408, val_ap 0.5921, minutes 78.25, lr 5.00e-04
    epoch 55: loss 0.7323, val_ap 0.5855, minutes 79.67, lr 5.00e-04
    epoch 56: loss 0.7474, val_ap 0.5906, minutes 81.1, lr 5.00e-04
    epoch 57: loss 0.7297, val_ap 0.5938, minutes 82.53, lr 5.00e-04
    epoch 58: loss 0.7366, val_ap 0.5979, minutes 83.97, lr 2.50e-04
    epoch 59: loss 0.7195, val_ap 0.5986, minutes 85.41, lr 2.50e-04
    epoch 60: loss 0.7119, val_ap 0.5952, minutes 86.86, lr 2.50e-04
    epoch 61: loss 0.7102, val_ap 0.5891, minutes 88.38, lr 2.50e-04
    epoch 62: loss 0.7188, val_ap 0.5910, minutes 89.83, lr 2.50e-04
    epoch 63: loss 0.7064, val_ap 0.5910, minutes 91.31, lr 2.50e-04
    epoch 64: loss 0.6962, val_ap 0.5915, minutes 92.83, lr 2.50e-04
    epoch 65: loss 0.7095, val_ap 0.5871, minutes 94.29, lr 2.50e-04
    epoch 66: loss 0.6956, val_ap 0.5892, minutes 95.75, lr 2.50e-04
    epoch 67: loss 0.6921, val_ap 0.5984, minutes 97.26, lr 1.25e-04
    epoch 68: loss 0.6963, val_ap 0.5938, minutes 98.7, lr 1.25e-04
    epoch 69: loss 0.6961, val_ap 0.5927, minutes 100.17, lr 1.25e-04
    epoch 70: loss 0.6787, val_ap 0.5903, minutes 101.67, lr 1.25e-04
    epoch 71: loss 0.6942, val_ap 0.5922, minutes 103.1, lr 1.25e-04
    epoch 72: loss 0.6898, val_ap 0.5898, minutes 104.57, lr 1.25e-04
    epoch 73: loss 0.6825, val_ap 0.5919, minutes 106.01, lr 1.25e-04
    epoch 74: loss 0.6848, val_ap 0.5918, minutes 107.5, lr 1.25e-04
    stopping: no validation gain in 25 epochs
[gps dataset0 fold 1] done (108.4 min)
