loaded: dataset0 121,838 sites, data1 90,452
[scalar_random dataset0 fold 1]
    kernel decay scale 114.6 nt (fitted to cell line 1 training labels)
    epoch 1: loss 2.0879, val_ap 0.0928, minutes 0.41, lr 3.33e-04
    epoch 2: loss 1.6432, val_ap 0.2108, minutes 0.87, lr 6.63e-04
    epoch 3: loss 1.3837, val_ap 0.3634, minutes 1.33, lr 9.92e-04
    epoch 4: loss 1.2468, val_ap 0.4293, minutes 1.77, lr 1.00e-03
    epoch 5: loss 1.2035, val_ap 0.4488, minutes 2.24, lr 1.00e-03
    epoch 6: loss 1.1290, val_ap 0.4558, minutes 2.72, lr 1.00e-03
    epoch 7: loss 1.1100, val_ap 0.4592, minutes 3.23, lr 1.00e-03
    epoch 8: loss 1.1076, val_ap 0.4695, minutes 3.69, lr 1.00e-03
    epoch 9: loss 1.0953, val_ap 0.4634, minutes 4.2, lr 1.00e-03
    epoch 10: loss 1.0625, val_ap 0.4665, minutes 4.64, lr 1.00e-03
    epoch 11: loss 1.0574, val_ap 0.4748, minutes 5.11, lr 1.00e-03
    epoch 12: loss 1.0334, val_ap 0.4759, minutes 5.58, lr 1.00e-03
    epoch 13: loss 1.0298, val_ap 0.4848, minutes 6.05, lr 1.00e-03
    epoch 14: loss 1.0495, val_ap 0.4780, minutes 6.56, lr 1.00e-03
    epoch 15: loss 1.0265, val_ap 0.4834, minutes 7.04, lr 1.00e-03
    epoch 16: loss 1.0119, val_ap 0.4987, minutes 7.49, lr 1.00e-03
    epoch 17: loss 1.0037, val_ap 0.5012, minutes 7.92, lr 1.00e-03
    epoch 18: loss 0.9927, val_ap 0.5066, minutes 8.38, lr 1.00e-03
    epoch 19: loss 0.9911, val_ap 0.5043, minutes 8.84, lr 1.00e-03
    epoch 20: loss 0.9869, val_ap 0.5061, minutes 9.29, lr 1.00e-03
    epoch 21: loss 0.9788, val_ap 0.5073, minutes 9.77, lr 1.00e-03
    epoch 22: loss 0.9815, val_ap 0.5110, minutes 10.25, lr 1.00e-03
    epoch 23: loss 0.9910, val_ap 0.5112, minutes 10.72, lr 1.00e-03
    epoch 24: loss 0.9815, val_ap 0.5062, minutes 11.19, lr 1.00e-03
    epoch 25: loss 0.9761, val_ap 0.5125, minutes 11.64, lr 1.00e-03
    epoch 26: loss 0.9747, val_ap 0.5165, minutes 12.07, lr 1.00e-03
    epoch 27: loss 0.9828, val_ap 0.5091, minutes 12.51, lr 1.00e-03
    epoch 28: loss 0.9743, val_ap 0.5124, minutes 12.97, lr 1.00e-03
    epoch 29: loss 0.9546, val_ap 0.5220, minutes 13.44, lr 1.00e-03
    epoch 30: loss 0.9512, val_ap 0.5210, minutes 13.95, lr 1.00e-03
    epoch 31: loss 0.9649, val_ap 0.5256, minutes 14.41, lr 1.00e-03
    epoch 32: loss 0.9631, val_ap 0.5230, minutes 14.86, lr 1.00e-03
    epoch 33: loss 0.9506, val_ap 0.5190, minutes 15.33, lr 1.00e-03
    epoch 34: loss 0.9469, val_ap 0.5158, minutes 15.76, lr 1.00e-03
    epoch 35: loss 0.9341, val_ap 0.5233, minutes 16.22, lr 1.00e-03
    epoch 36: loss 0.9346, val_ap 0.5320, minutes 16.71, lr 1.00e-03
    epoch 37: loss 0.9366, val_ap 0.5191, minutes 17.19, lr 1.00e-03
    epoch 38: loss 0.9330, val_ap 0.5300, minutes 17.65, lr 1.00e-03
    epoch 39: loss 0.9337, val_ap 0.5283, minutes 18.11, lr 1.00e-03
    epoch 40: loss 0.9209, val_ap 0.5302, minutes 18.58, lr 1.00e-03
    epoch 41: loss 0.9173, val_ap 0.5347, minutes 19.04, lr 1.00e-03
    epoch 42: loss 0.9375, val_ap 0.5301, minutes 19.52, lr 1.00e-03
    epoch 43: loss 0.9317, val_ap 0.5355, minutes 20.0, lr 1.00e-03
    epoch 44: loss 0.9380, val_ap 0.5360, minutes 20.49, lr 1.00e-03
    epoch 45: loss 0.9187, val_ap 0.5392, minutes 20.99, lr 1.00e-03
    epoch 46: loss 0.8908, val_ap 0.5370, minutes 21.46, lr 1.00e-03
    epoch 47: loss 0.8951, val_ap 0.5298, minutes 21.92, lr 1.00e-03
    epoch 48: loss 0.9019, val_ap 0.5446, minutes 22.36, lr 1.00e-03
    epoch 49: loss 0.9035, val_ap 0.5414, minutes 22.82, lr 1.00e-03
    epoch 50: loss 0.9070, val_ap 0.5404, minutes 23.27, lr 1.00e-03
    epoch 51: loss 0.8954, val_ap 0.5327, minutes 23.71, lr 1.00e-03
    epoch 52: loss 0.8918, val_ap 0.5463, minutes 24.15, lr 1.00e-03
    epoch 53: loss 0.8978, val_ap 0.5378, minutes 24.59, lr 1.00e-03
    epoch 54: loss 0.8880, val_ap 0.5461, minutes 25.05, lr 1.00e-03
    epoch 55: loss 0.8709, val_ap 0.5360, minutes 25.51, lr 1.00e-03
    epoch 56: loss 0.8960, val_ap 0.5337, minutes 25.96, lr 1.00e-03
    epoch 57: loss 0.8672, val_ap 0.5329, minutes 26.4, lr 1.00e-03
    epoch 58: loss 0.8810, val_ap 0.5377, minutes 26.86, lr 1.00e-03
    epoch 59: loss 0.8742, val_ap 0.5336, minutes 27.31, lr 1.00e-03
    epoch 60: loss 0.8681, val_ap 0.5422, minutes 27.76, lr 1.00e-03
    epoch 61: loss 0.8724, val_ap 0.5446, minutes 28.16, lr 5.00e-04
    epoch 62: loss 0.8542, val_ap 0.5470, minutes 28.6, lr 5.00e-04
    epoch 63: loss 0.8411, val_ap 0.5425, minutes 29.05, lr 5.00e-04
    epoch 64: loss 0.8293, val_ap 0.5385, minutes 29.47, lr 5.00e-04
    epoch 65: loss 0.8456, val_ap 0.5480, minutes 29.9, lr 5.00e-04
    epoch 66: loss 0.8292, val_ap 0.5431, minutes 30.31, lr 5.00e-04
    epoch 67: loss 0.8360, val_ap 0.5472, minutes 30.73, lr 5.00e-04
    epoch 68: loss 0.8482, val_ap 0.5474, minutes 31.15, lr 5.00e-04
    epoch 69: loss 0.8433, val_ap 0.5412, minutes 31.6, lr 5.00e-04
    epoch 70: loss 0.8275, val_ap 0.5432, minutes 31.99, lr 5.00e-04
    epoch 71: loss 0.8443, val_ap 0.5471, minutes 32.38, lr 5.00e-04
    epoch 72: loss 0.8404, val_ap 0.5482, minutes 32.79, lr 5.00e-04
    epoch 73: loss 0.8318, val_ap 0.5458, minutes 33.2, lr 5.00e-04
    epoch 74: loss 0.8332, val_ap 0.5473, minutes 33.57, lr 5.00e-04
    epoch 75: loss 0.8378, val_ap 0.5457, minutes 33.97, lr 5.00e-04
    epoch 76: loss 0.8323, val_ap 0.5455, minutes 34.33, lr 5.00e-04
    epoch 77: loss 0.8293, val_ap 0.5452, minutes 34.73, lr 5.00e-04
    epoch 78: loss 0.8262, val_ap 0.5406, minutes 35.11, lr 5.00e-04
    epoch 79: loss 0.8285, val_ap 0.5458, minutes 35.47, lr 5.00e-04
    epoch 80: loss 0.8198, val_ap 0.5417, minutes 35.8, lr 5.00e-04
    epoch 81: loss 0.8149, val_ap 0.5479, minutes 36.14, lr 2.50e-04
    epoch 82: loss 0.8204, val_ap 0.5454, minutes 36.47, lr 2.50e-04
    epoch 83: loss 0.8212, val_ap 0.5475, minutes 36.81, lr 2.50e-04
    epoch 84: loss 0.8097, val_ap 0.5435, minutes 37.17, lr 2.50e-04
    epoch 85: loss 0.8180, val_ap 0.5452, minutes 37.51, lr 2.50e-04
    epoch 86: loss 0.8040, val_ap 0.5441, minutes 37.84, lr 2.50e-04
    epoch 87: loss 0.8005, val_ap 0.5441, minutes 38.21, lr 2.50e-04
    epoch 88: loss 0.8093, val_ap 0.5442, minutes 38.56, lr 2.50e-04
    epoch 89: loss 0.7922, val_ap 0.5456, minutes 38.93, lr 2.50e-04
    epoch 90: loss 0.7995, val_ap 0.5439, minutes 39.27, lr 1.25e-04
    epoch 91: loss 0.8024, val_ap 0.5440, minutes 39.62, lr 1.25e-04
    epoch 92: loss 0.7858, val_ap 0.5437, minutes 39.93, lr 1.25e-04
    epoch 93: loss 0.7908, val_ap 0.5447, minutes 40.24, lr 1.25e-04
    epoch 94: loss 0.7875, val_ap 0.5434, minutes 40.55, lr 1.25e-04
    epoch 95: loss 0.8011, val_ap 0.5426, minutes 40.84, lr 1.25e-04
    epoch 96: loss 0.7801, val_ap 0.5437, minutes 41.15, lr 1.25e-04
    epoch 97: loss 0.7818, val_ap 0.5416, minutes 41.45, lr 1.25e-04
    stopping: no validation gain in 25 epochs
[scalar_random dataset0 fold 1] done (42.1 min)
