loaded: dataset0 121,838 sites, data1 90,452
[scalar_msg pooled_both fold 0]
    kernel decay scale 118.2 nt (fitted to cell line 1 training labels)
    epoch 1: loss 1.9278, val_ap 0.1784, minutes 1.03, lr 3.31e-04
    epoch 2: loss 1.5559, val_ap 0.3039, minutes 2.05, lr 6.60e-04
    epoch 3: loss 1.3987, val_ap 0.3881, minutes 3.02, lr 9.89e-04
    epoch 4: loss 1.3068, val_ap 0.4072, minutes 3.98, lr 1.00e-03
    epoch 5: loss 1.2819, val_ap 0.4215, minutes 5.0, lr 1.00e-03
    epoch 6: loss 1.2655, val_ap 0.4282, minutes 6.02, lr 1.00e-03
    epoch 7: loss 1.2494, val_ap 0.4373, minutes 7.02, lr 1.00e-03
    epoch 8: loss 1.2460, val_ap 0.4381, minutes 8.03, lr 1.00e-03
    epoch 9: loss 1.2384, val_ap 0.4423, minutes 8.98, lr 1.00e-03
    epoch 10: loss 1.2440, val_ap 0.4483, minutes 10.01, lr 1.00e-03
    epoch 11: loss 1.2296, val_ap 0.4554, minutes 10.97, lr 1.00e-03
    epoch 12: loss 1.2229, val_ap 0.4520, minutes 12.05, lr 1.00e-03
    epoch 13: loss 1.2166, val_ap 0.4554, minutes 13.05, lr 1.00e-03
    epoch 14: loss 1.2116, val_ap 0.4546, minutes 14.06, lr 1.00e-03
    epoch 15: loss 1.2080, val_ap 0.4586, minutes 15.09, lr 1.00e-03
    epoch 16: loss 1.2144, val_ap 0.4609, minutes 16.08, lr 1.00e-03
    epoch 17: loss 1.2024, val_ap 0.4612, minutes 17.09, lr 1.00e-03
    epoch 18: loss 1.1963, val_ap 0.4639, minutes 18.05, lr 1.00e-03
    epoch 19: loss 1.1977, val_ap 0.4666, minutes 19.06, lr 1.00e-03
    epoch 20: loss 1.1979, val_ap 0.4707, minutes 20.04, lr 1.00e-03
    epoch 21: loss 1.1808, val_ap 0.4707, minutes 21.05, lr 1.00e-03
    epoch 22: loss 1.1869, val_ap 0.4712, minutes 21.99, lr 1.00e-03
    epoch 23: loss 1.1892, val_ap 0.4706, minutes 22.95, lr 1.00e-03
    epoch 24: loss 1.1832, val_ap 0.4765, minutes 23.96, lr 1.00e-03
    epoch 25: loss 1.1764, val_ap 0.4752, minutes 24.94, lr 1.00e-03
    epoch 26: loss 1.1697, val_ap 0.4684, minutes 25.93, lr 1.00e-03
    epoch 27: loss 1.1663, val_ap 0.4720, minutes 26.89, lr 1.00e-03
    epoch 28: loss 1.1653, val_ap 0.4702, minutes 27.86, lr 1.00e-03
    epoch 29: loss 1.1669, val_ap 0.4736, minutes 28.83, lr 1.00e-03
    epoch 30: loss 1.1585, val_ap 0.4740, minutes 29.64, lr 1.00e-03
    epoch 31: loss 1.1663, val_ap 0.4654, minutes 30.42, lr 1.00e-03
    epoch 32: loss 1.1598, val_ap 0.4744, minutes 31.23, lr 1.00e-03
    epoch 33: loss 1.1588, val_ap 0.4723, minutes 32.03, lr 5.00e-04
    epoch 34: loss 1.1436, val_ap 0.4764, minutes 32.81, lr 5.00e-04
    epoch 35: loss 1.1374, val_ap 0.4745, minutes 33.63, lr 5.00e-04
    epoch 36: loss 1.1380, val_ap 0.4702, minutes 34.38, lr 5.00e-04
    epoch 37: loss 1.1250, val_ap 0.4649, minutes 35.17, lr 5.00e-04
    epoch 38: loss 1.1360, val_ap 0.4750, minutes 36.01, lr 5.00e-04
    epoch 39: loss 1.1344, val_ap 0.4726, minutes 36.79, lr 5.00e-04
    epoch 40: loss 1.1181, val_ap 0.4752, minutes 37.59, lr 5.00e-04
    epoch 41: loss 1.1279, val_ap 0.4740, minutes 38.35, lr 5.00e-04
    epoch 42: loss 1.1192, val_ap 0.4670, minutes 39.13, lr 2.50e-04
    epoch 43: loss 1.1224, val_ap 0.4709, minutes 39.93, lr 2.50e-04
    epoch 44: loss 1.1180, val_ap 0.4728, minutes 40.72, lr 2.50e-04
    epoch 45: loss 1.1115, val_ap 0.4696, minutes 41.54, lr 2.50e-04
    epoch 46: loss 1.1099, val_ap 0.4673, minutes 42.36, lr 2.50e-04
    epoch 47: loss 1.1103, val_ap 0.4701, minutes 43.18, lr 2.50e-04
    epoch 48: loss 1.1059, val_ap 0.4659, minutes 44.01, lr 2.50e-04
    epoch 49: loss 1.1094, val_ap 0.4695, minutes 44.85, lr 2.50e-04
    stopping: no validation gain in 25 epochs
[scalar_msg pooled_both fold 0] done (45.5 min)
