loaded: dataset0 121,838 sites, data1 90,452
[set_transformer pooled_both fold 2 seed 1]
    epoch 1: loss 1.03998133245081, minutes 2.83, val_ap 0.33533525662720387, lr 0.0003338833883388339
    epoch 2: loss 0.9106375777682062, minutes 6.28, val_ap 0.41106508623892996, lr 0.0006672167216721672
    epoch 3: loss 0.8853041903413955, minutes 9.73, val_ap 0.4186630419965546, lr 0.001
    epoch 4: loss 0.862529147428648, minutes 13.03, val_ap 0.4349908282458526, lr 0.001
    epoch 5: loss 0.8495677031896295, minutes 16.47, val_ap 0.42626895849500474, lr 0.001
    epoch 6: loss 0.8428612380924791, minutes 19.99, val_ap 0.43090820166413457, lr 0.001
    epoch 7: loss 0.8341288217420232, minutes 23.52, val_ap 0.43018540993048227, lr 0.001
    epoch 8: loss 0.8291151017540752, minutes 27.01, val_ap 0.44221745203061247, lr 0.001
    epoch 9: loss 0.8208823896477325, minutes 30.46, val_ap 0.4487637296116681, lr 0.001
    epoch 10: loss 0.8208216989886249, minutes 33.94, val_ap 0.4485041760032193, lr 0.001
    epoch 11: loss 0.8195699002384746, minutes 37.37, val_ap 0.44704232829980045, lr 0.001
    epoch 12: loss 0.8132528584979155, minutes 40.75, val_ap 0.45461415540471894, lr 0.001
    epoch 13: loss 0.813392928970529, minutes 44.21, val_ap 0.4558882326460331, lr 0.001
    epoch 14: loss 0.8045728934480019, minutes 47.67, val_ap 0.46515159000924294, lr 0.001
    epoch 15: loss 0.8023710332491217, minutes 51.08, val_ap 0.4564349917555606, lr 0.001
    epoch 16: loss 0.7939297721625949, minutes 54.53, val_ap 0.45121958343642793, lr 0.001
    epoch 17: loss 0.7977412051887008, minutes 57.93, val_ap 0.4651162197550935, lr 0.001
    epoch 18: loss 0.7938831451997506, minutes 61.38, val_ap 0.45691963276517394, lr 0.001
    epoch 19: loss 0.7919036554227962, minutes 64.74, val_ap 0.4603736793423156, lr 0.001
    epoch 20: loss 0.7843456418305734, minutes 68.2, val_ap 0.46862133577952836, lr 0.001
    epoch 21: loss 0.7841284219482945, minutes 71.67, val_ap 0.45669867500859707, lr 0.001
    epoch 22: loss 0.7770538555316799, minutes 75.13, val_ap 0.47231125348384084, lr 0.001
    epoch 23: loss 0.7782437520550423, minutes 78.57, val_ap 0.4604109112540516, lr 0.001
    epoch 24: loss 0.7759053026488906, minutes 81.93, val_ap 0.46696725754008084, lr 0.001
    epoch 25: loss 0.7724262539899782, minutes 85.41, val_ap 0.4682324157218818, lr 0.001
    epoch 26: loss 0.7639409816107734, minutes 88.97, val_ap 0.47700583182801887, lr 0.001
    epoch 27: loss 0.7646753014904437, minutes 92.53, val_ap 0.4607944491201001, lr 0.001
    epoch 28: loss 0.7636347223724863, minutes 96.02, val_ap 0.4700450261664219, lr 0.001
    epoch 29: loss 0.7612114716382703, minutes 99.55, val_ap 0.47786744250064134, lr 0.001
    epoch 30: loss 0.753505938812451, minutes 103.05, val_ap 0.46074306943388793, lr 0.001
    epoch 31: loss 0.7564318203198241, minutes 106.53, val_ap 0.4606197453372041, lr 0.001
    epoch 32: loss 0.7481759043514925, minutes 110.02, val_ap 0.466021526360712, lr 0.001
    epoch 33: loss 0.7479441704431383, minutes 113.77, val_ap 0.46816826183278537, lr 0.001
    epoch 34: loss 0.746110992069685, minutes 117.45, val_ap 0.45653668596365027, lr 0.001
    epoch 35: loss 0.7389342255226456, minutes 121.05, val_ap 0.4728305030242457, lr 0.001
    epoch 36: loss 0.7372893549919916, minutes 124.73, val_ap 0.4495829651973456, lr 0.001
    epoch 37: loss 0.7322728590111528, minutes 128.41, val_ap 0.4515365665858801, lr 0.001
    epoch 38: loss 0.7342212948665368, minutes 131.98, val_ap 0.4592926893423378, lr 0.0005
    epoch 39: loss 0.6997660265208865, minutes 135.63, val_ap 0.45610998606070113, lr 0.0005
    epoch 40: loss 0.6964733588813555, minutes 139.22, val_ap 0.46256834675686637, lr 0.0005
    epoch 41: loss 0.6861180969492437, minutes 142.87, val_ap 0.45346991838150674, lr 0.0005
    epoch 42: loss 0.6823270199420822, minutes 146.41, val_ap 0.45391792824525984, lr 0.0005
    epoch 43: loss 0.6843907571468416, minutes 149.96, val_ap 0.45316609194759155, lr 0.0005
    epoch 44: loss 0.6737784272668386, minutes 153.59, val_ap 0.45478517630070225, lr 0.0005
    epoch 45: loss 0.667879396293423, minutes 157.29, val_ap 0.46182426088131817, lr 0.0005
    epoch 46: loss 0.6643691001945596, minutes 160.87, val_ap 0.45777787347894966, lr 0.0005
    epoch 47: loss 0.6679245424349316, minutes 164.48, val_ap 0.45737187718296524, lr 0.00025
    epoch 48: loss 0.6430684559219347, minutes 168.09, val_ap 0.4598673113362659, lr 0.00025
    epoch 49: loss 0.6262889542300315, minutes 171.56, val_ap 0.45348951773436696, lr 0.00025
    epoch 50: loss 0.6340544228211488, minutes 175.16, val_ap 0.4534327483483704, lr 0.00025
    epoch 51: loss 0.6257028517254902, minutes 178.69, val_ap 0.45629431034905815, lr 0.00025
    epoch 52: loss 0.6213942247353764, minutes 182.17, val_ap 0.45791945484019664, lr 0.00025
    epoch 53: loss 0.6203551120293809, minutes 185.68, val_ap 0.4437170243779178, lr 0.00025
    stopping: no validation gain in 25 epochs
[set_transformer pooled_both fold 2 seed 1] done (191.1 min)
