loaded: dataset0 121,838 sites, data1 90,452
[scalar_random dataset0 fold 4 seed 2]
    kernel decay scale 97.3 nt (fitted to cell line 1 training labels)
    epoch 1: loss 1.9716, val_ap 0.1285, minutes 0.44, lr 3.33e-04
    epoch 2: loss 1.6168, val_ap 0.1972, minutes 0.92, lr 6.63e-04
    epoch 3: loss 1.3941, val_ap 0.3581, minutes 1.43, lr 9.92e-04
    epoch 4: loss 1.2634, val_ap 0.4258, minutes 1.9, lr 1.00e-03
    epoch 5: loss 1.1984, val_ap 0.4480, minutes 2.38, lr 1.00e-03
    epoch 6: loss 1.1771, val_ap 0.4676, minutes 2.87, lr 1.00e-03
    epoch 7: loss 1.1311, val_ap 0.4508, minutes 3.38, lr 1.00e-03
    epoch 8: loss 1.1316, val_ap 0.4636, minutes 3.89, lr 1.00e-03
    epoch 9: loss 1.1027, val_ap 0.4597, minutes 4.33, lr 1.00e-03
    epoch 10: loss 1.0947, val_ap 0.4653, minutes 4.78, lr 1.00e-03
    epoch 11: loss 1.1106, val_ap 0.4603, minutes 5.26, lr 1.00e-03
    epoch 12: loss 1.0570, val_ap 0.4698, minutes 5.7, lr 1.00e-03
    epoch 13: loss 1.0498, val_ap 0.4756, minutes 6.18, lr 1.00e-03
    epoch 14: loss 1.0473, val_ap 0.4755, minutes 6.64, lr 1.00e-03
    epoch 15: loss 1.0352, val_ap 0.4810, minutes 7.12, lr 1.00e-03
    epoch 16: loss 1.0361, val_ap 0.4754, minutes 7.59, lr 1.00e-03
    epoch 17: loss 1.0349, val_ap 0.4752, minutes 8.07, lr 1.00e-03
    epoch 18: loss 1.0170, val_ap 0.4878, minutes 8.54, lr 1.00e-03
    epoch 19: loss 1.0331, val_ap 0.4814, minutes 9.02, lr 1.00e-03
    epoch 20: loss 1.0310, val_ap 0.4786, minutes 9.52, lr 1.00e-03
    epoch 21: loss 1.0030, val_ap 0.4892, minutes 10.01, lr 1.00e-03
    epoch 22: loss 1.0247, val_ap 0.4985, minutes 10.49, lr 1.00e-03
    epoch 23: loss 1.0150, val_ap 0.4900, minutes 10.92, lr 1.00e-03
    epoch 24: loss 1.0174, val_ap 0.5020, minutes 11.4, lr 1.00e-03
    epoch 25: loss 1.0077, val_ap 0.5054, minutes 11.86, lr 1.00e-03
    epoch 26: loss 1.0011, val_ap 0.4930, minutes 12.31, lr 1.00e-03
    epoch 27: loss 0.9930, val_ap 0.5031, minutes 12.78, lr 1.00e-03
    epoch 28: loss 0.9911, val_ap 0.5064, minutes 13.27, lr 1.00e-03
    epoch 29: loss 0.9946, val_ap 0.5065, minutes 13.73, lr 1.00e-03
    epoch 30: loss 0.9902, val_ap 0.5085, minutes 14.19, lr 1.00e-03
    epoch 31: loss 0.9714, val_ap 0.5066, minutes 14.7, lr 1.00e-03
    epoch 32: loss 0.9802, val_ap 0.5092, minutes 15.18, lr 1.00e-03
    epoch 33: loss 0.9646, val_ap 0.5012, minutes 15.66, lr 1.00e-03
    epoch 34: loss 0.9618, val_ap 0.5167, minutes 16.17, lr 1.00e-03
    epoch 35: loss 0.9685, val_ap 0.5118, minutes 16.62, lr 1.00e-03
    epoch 36: loss 0.9706, val_ap 0.5142, minutes 17.08, lr 1.00e-03
    epoch 37: loss 0.9864, val_ap 0.5179, minutes 17.51, lr 1.00e-03
    epoch 38: loss 0.9532, val_ap 0.5185, minutes 17.99, lr 1.00e-03
    epoch 39: loss 0.9732, val_ap 0.5275, minutes 18.45, lr 1.00e-03
    epoch 40: loss 0.9573, val_ap 0.5232, minutes 18.93, lr 1.00e-03
    epoch 41: loss 0.9547, val_ap 0.5274, minutes 19.4, lr 1.00e-03
    epoch 42: loss 0.9502, val_ap 0.5259, minutes 19.89, lr 1.00e-03
    epoch 43: loss 0.9537, val_ap 0.5187, minutes 20.34, lr 1.00e-03
    epoch 44: loss 0.9493, val_ap 0.5227, minutes 20.86, lr 1.00e-03
    epoch 45: loss 0.9367, val_ap 0.5322, minutes 21.35, lr 1.00e-03
    epoch 46: loss 0.9300, val_ap 0.5275, minutes 21.83, lr 1.00e-03
    epoch 47: loss 0.9424, val_ap 0.5313, minutes 22.32, lr 1.00e-03
    epoch 48: loss 0.9324, val_ap 0.5274, minutes 22.79, lr 1.00e-03
    epoch 49: loss 0.9268, val_ap 0.5321, minutes 23.32, lr 1.00e-03
    epoch 50: loss 0.9399, val_ap 0.5333, minutes 23.8, lr 1.00e-03
    epoch 51: loss 0.9244, val_ap 0.5313, minutes 24.28, lr 1.00e-03
    epoch 52: loss 0.9266, val_ap 0.5341, minutes 24.8, lr 1.00e-03
    epoch 53: loss 0.9211, val_ap 0.5362, minutes 25.27, lr 1.00e-03
    epoch 54: loss 0.9323, val_ap 0.5365, minutes 25.73, lr 1.00e-03
    epoch 55: loss 0.8921, val_ap 0.5319, minutes 26.2, lr 1.00e-03
    epoch 56: loss 0.9116, val_ap 0.5373, minutes 26.68, lr 1.00e-03
    epoch 57: loss 0.9025, val_ap 0.5420, minutes 27.13, lr 1.00e-03
    epoch 58: loss 0.8993, val_ap 0.5395, minutes 27.62, lr 1.00e-03
    epoch 59: loss 0.9071, val_ap 0.5419, minutes 28.07, lr 1.00e-03
    epoch 60: loss 0.8943, val_ap 0.5291, minutes 28.58, lr 1.00e-03
    epoch 61: loss 0.9247, val_ap 0.5351, minutes 29.06, lr 1.00e-03
    epoch 62: loss 0.8934, val_ap 0.5407, minutes 29.54, lr 1.00e-03
    epoch 63: loss 0.9078, val_ap 0.5490, minutes 29.99, lr 1.00e-03
    epoch 64: loss 0.8885, val_ap 0.5406, minutes 30.43, lr 1.00e-03
    epoch 65: loss 0.8906, val_ap 0.5370, minutes 30.91, lr 1.00e-03
    epoch 66: loss 0.8834, val_ap 0.5467, minutes 31.36, lr 1.00e-03
    epoch 67: loss 0.8734, val_ap 0.5404, minutes 31.81, lr 1.00e-03
    epoch 68: loss 0.8798, val_ap 0.5451, minutes 32.3, lr 1.00e-03
    epoch 69: loss 0.8762, val_ap 0.5424, minutes 32.77, lr 1.00e-03
    epoch 70: loss 0.8724, val_ap 0.5464, minutes 33.21, lr 1.00e-03
    epoch 71: loss 0.8760, val_ap 0.5353, minutes 33.7, lr 1.00e-03
    epoch 72: loss 0.8652, val_ap 0.5481, minutes 34.16, lr 5.00e-04
    epoch 73: loss 0.8501, val_ap 0.5478, minutes 34.63, lr 5.00e-04
    epoch 74: loss 0.8557, val_ap 0.5514, minutes 35.07, lr 5.00e-04
    epoch 75: loss 0.8382, val_ap 0.5488, minutes 35.53, lr 5.00e-04
    epoch 76: loss 0.8375, val_ap 0.5489, minutes 35.99, lr 5.00e-04
    epoch 77: loss 0.8489, val_ap 0.5463, minutes 36.45, lr 5.00e-04
    epoch 78: loss 0.8416, val_ap 0.5474, minutes 36.91, lr 5.00e-04
    epoch 79: loss 0.8359, val_ap 0.5486, minutes 37.35, lr 5.00e-04
    epoch 80: loss 0.8560, val_ap 0.5486, minutes 37.75, lr 5.00e-04
    epoch 81: loss 0.8327, val_ap 0.5492, minutes 38.23, lr 5.00e-04
    epoch 82: loss 0.8397, val_ap 0.5477, minutes 38.67, lr 5.00e-04
    epoch 83: loss 0.8428, val_ap 0.5510, minutes 39.09, lr 2.50e-04
    epoch 84: loss 0.8336, val_ap 0.5480, minutes 39.55, lr 2.50e-04
    epoch 85: loss 0.8142, val_ap 0.5495, minutes 39.98, lr 2.50e-04
    epoch 86: loss 0.8223, val_ap 0.5512, minutes 40.45, lr 2.50e-04
    epoch 87: loss 0.8159, val_ap 0.5479, minutes 40.91, lr 2.50e-04
    epoch 88: loss 0.8131, val_ap 0.5500, minutes 41.33, lr 2.50e-04
    epoch 89: loss 0.8056, val_ap 0.5541, minutes 41.79, lr 2.50e-04
    epoch 90: loss 0.8160, val_ap 0.5487, minutes 42.25, lr 2.50e-04
    epoch 91: loss 0.8045, val_ap 0.5506, minutes 42.73, lr 2.50e-04
    epoch 92: loss 0.8027, val_ap 0.5515, minutes 43.17, lr 2.50e-04
    epoch 93: loss 0.7982, val_ap 0.5516, minutes 43.59, lr 2.50e-04
    epoch 94: loss 0.8081, val_ap 0.5524, minutes 44.09, lr 2.50e-04
    epoch 95: loss 0.8104, val_ap 0.5540, minutes 44.51, lr 2.50e-04
    epoch 96: loss 0.8142, val_ap 0.5465, minutes 44.95, lr 2.50e-04
    epoch 97: loss 0.8022, val_ap 0.5455, minutes 45.34, lr 2.50e-04
    epoch 98: loss 0.8208, val_ap 0.5500, minutes 45.8, lr 1.25e-04
    epoch 99: loss 0.8030, val_ap 0.5513, minutes 46.22, lr 1.25e-04
    epoch 100: loss 0.7955, val_ap 0.5492, minutes 46.65, lr 1.25e-04
    epoch 101: loss 0.7989, val_ap 0.5519, minutes 47.05, lr 1.25e-04
    epoch 102: loss 0.8146, val_ap 0.5519, minutes 47.46, lr 1.25e-04
    epoch 103: loss 0.7981, val_ap 0.5498, minutes 47.89, lr 1.25e-04
    epoch 104: loss 0.8028, val_ap 0.5512, minutes 48.33, lr 1.25e-04
    epoch 105: loss 0.8130, val_ap 0.5519, minutes 48.74, lr 1.25e-04
    epoch 106: loss 0.7941, val_ap 0.5469, minutes 49.13, lr 1.25e-04
    epoch 107: loss 0.8023, val_ap 0.5504, minutes 49.52, lr 6.25e-05
    epoch 108: loss 0.7948, val_ap 0.5508, minutes 49.89, lr 6.25e-05
    epoch 109: loss 0.7967, val_ap 0.5522, minutes 50.26, lr 6.25e-05
    epoch 110: loss 0.7966, val_ap 0.5513, minutes 50.68, lr 6.25e-05
    epoch 111: loss 0.7780, val_ap 0.5509, minutes 51.06, lr 6.25e-05
    epoch 112: loss 0.8125, val_ap 0.5499, minutes 51.48, lr 6.25e-05
    epoch 113: loss 0.7950, val_ap 0.5492, minutes 51.86, lr 6.25e-05
    epoch 114: loss 0.7856, val_ap 0.5506, minutes 52.27, lr 6.25e-05
    stopping: no validation gain in 25 epochs
[scalar_random dataset0 fold 4 seed 2] done (52.9 min)
