loaded: dataset0 121,838 sites, data1 90,452
[fk_kernel dataset0 fold 0]
    kernel decay scale 118.2 nt (fitted to cell line 1 training labels)
    epoch 1: loss 1.9688, val_ap 0.1931, minutes 0.48, lr 3.33e-04
    epoch 2: loss 1.5871, val_ap 0.2770, minutes 1.01, lr 6.59e-04
    epoch 3: loss 1.3571, val_ap 0.4035, minutes 1.53, lr 9.88e-04
    epoch 4: loss 1.2117, val_ap 0.4591, minutes 2.03, lr 1.00e-03
    epoch 5: loss 1.0890, val_ap 0.4765, minutes 2.59, lr 1.00e-03
    epoch 6: loss 1.0486, val_ap 0.4881, minutes 3.08, lr 1.00e-03
    epoch 7: loss 1.0337, val_ap 0.5067, minutes 3.56, lr 1.00e-03
    epoch 8: loss 0.9920, val_ap 0.5223, minutes 4.06, lr 1.00e-03
    epoch 9: loss 0.9968, val_ap 0.5209, minutes 4.53, lr 1.00e-03
    epoch 10: loss 0.9838, val_ap 0.5160, minutes 5.06, lr 1.00e-03
    epoch 11: loss 0.9541, val_ap 0.5240, minutes 5.56, lr 1.00e-03
    epoch 12: loss 0.9526, val_ap 0.5205, minutes 6.09, lr 1.00e-03
    epoch 13: loss 0.9410, val_ap 0.5335, minutes 6.6, lr 1.00e-03
    epoch 14: loss 0.9507, val_ap 0.5261, minutes 7.1, lr 1.00e-03
    epoch 15: loss 0.9399, val_ap 0.5343, minutes 7.6, lr 1.00e-03
    epoch 16: loss 0.9106, val_ap 0.5375, minutes 8.11, lr 1.00e-03
    epoch 17: loss 0.9543, val_ap 0.5409, minutes 8.6, lr 1.00e-03
    epoch 18: loss 0.9183, val_ap 0.5345, minutes 9.08, lr 1.00e-03
    epoch 19: loss 0.9155, val_ap 0.5435, minutes 9.69, lr 1.00e-03
    epoch 20: loss 0.8823, val_ap 0.5463, minutes 10.29, lr 1.00e-03
    epoch 21: loss 0.8825, val_ap 0.5441, minutes 10.88, lr 1.00e-03
    epoch 22: loss 0.8888, val_ap 0.5431, minutes 11.52, lr 1.00e-03
    epoch 23: loss 0.8955, val_ap 0.5422, minutes 12.12, lr 1.00e-03
    epoch 24: loss 0.9008, val_ap 0.5520, minutes 12.72, lr 1.00e-03
    epoch 25: loss 0.9223, val_ap 0.5541, minutes 13.31, lr 1.00e-03
    epoch 26: loss 0.8665, val_ap 0.5550, minutes 13.91, lr 1.00e-03
    epoch 27: loss 0.8506, val_ap 0.5561, minutes 14.51, lr 1.00e-03
    epoch 28: loss 0.8824, val_ap 0.5538, minutes 15.1, lr 1.00e-03
    epoch 29: loss 0.9136, val_ap 0.5536, minutes 15.71, lr 1.00e-03
    epoch 30: loss 0.8581, val_ap 0.5605, minutes 16.32, lr 1.00e-03
    epoch 31: loss 0.8657, val_ap 0.5690, minutes 16.95, lr 1.00e-03
    epoch 32: loss 0.8496, val_ap 0.5618, minutes 17.53, lr 1.00e-03
    epoch 33: loss 0.8462, val_ap 0.5691, minutes 18.14, lr 1.00e-03
    epoch 34: loss 0.8807, val_ap 0.5638, minutes 18.74, lr 1.00e-03
    epoch 35: loss 0.8575, val_ap 0.5690, minutes 19.31, lr 1.00e-03
    epoch 36: loss 0.8517, val_ap 0.5719, minutes 19.91, lr 1.00e-03
    epoch 37: loss 0.8669, val_ap 0.5717, minutes 20.46, lr 1.00e-03
    epoch 38: loss 0.8368, val_ap 0.5765, minutes 21.06, lr 1.00e-03
    epoch 39: loss 0.8213, val_ap 0.5709, minutes 21.64, lr 1.00e-03
    epoch 40: loss 0.8235, val_ap 0.5714, minutes 22.23, lr 1.00e-03
    epoch 41: loss 0.8091, val_ap 0.5667, minutes 22.82, lr 1.00e-03
    epoch 42: loss 0.8096, val_ap 0.5717, minutes 23.42, lr 1.00e-03
    epoch 43: loss 0.8163, val_ap 0.5701, minutes 23.99, lr 1.00e-03
    epoch 44: loss 0.8024, val_ap 0.5803, minutes 24.59, lr 1.00e-03
    epoch 45: loss 0.8093, val_ap 0.5786, minutes 25.24, lr 1.00e-03
    epoch 46: loss 0.8106, val_ap 0.5787, minutes 25.85, lr 1.00e-03
    epoch 47: loss 0.8001, val_ap 0.5661, minutes 26.48, lr 1.00e-03
    epoch 48: loss 0.8024, val_ap 0.5787, minutes 27.11, lr 1.00e-03
    epoch 49: loss 0.8134, val_ap 0.5814, minutes 27.7, lr 1.00e-03
    epoch 50: loss 0.7846, val_ap 0.5829, minutes 28.3, lr 1.00e-03
    epoch 51: loss 0.7908, val_ap 0.5856, minutes 28.89, lr 1.00e-03
    epoch 52: loss 0.7765, val_ap 0.5836, minutes 29.48, lr 1.00e-03
    epoch 53: loss 0.7659, val_ap 0.5862, minutes 30.08, lr 1.00e-03
    epoch 54: loss 0.7764, val_ap 0.5911, minutes 30.7, lr 1.00e-03
    epoch 55: loss 0.7864, val_ap 0.5924, minutes 31.31, lr 1.00e-03
    epoch 56: loss 0.7692, val_ap 0.5894, minutes 31.91, lr 1.00e-03
    epoch 57: loss 0.7730, val_ap 0.5899, minutes 32.53, lr 1.00e-03
    epoch 58: loss 0.7632, val_ap 0.5991, minutes 33.14, lr 1.00e-03
    epoch 59: loss 0.7769, val_ap 0.5923, minutes 33.75, lr 1.00e-03
    epoch 60: loss 0.7625, val_ap 0.5934, minutes 34.36, lr 1.00e-03
    epoch 61: loss 0.7471, val_ap 0.5985, minutes 34.95, lr 1.00e-03
    epoch 62: loss 0.7703, val_ap 0.5948, minutes 35.55, lr 1.00e-03
    epoch 63: loss 0.7576, val_ap 0.5912, minutes 36.15, lr 1.00e-03
    epoch 64: loss 0.7490, val_ap 0.5917, minutes 36.73, lr 1.00e-03
    epoch 65: loss 0.7587, val_ap 0.6025, minutes 37.33, lr 1.00e-03
    epoch 66: loss 0.7447, val_ap 0.5980, minutes 37.94, lr 1.00e-03
    epoch 67: loss 0.7454, val_ap 0.5877, minutes 38.56, lr 1.00e-03
    epoch 68: loss 0.7514, val_ap 0.6014, minutes 39.16, lr 1.00e-03
    epoch 69: loss 0.7304, val_ap 0.5979, minutes 39.77, lr 1.00e-03
    epoch 70: loss 0.7412, val_ap 0.6000, minutes 40.37, lr 1.00e-03
    epoch 71: loss 0.7422, val_ap 0.5957, minutes 40.98, lr 1.00e-03
    epoch 72: loss 0.7222, val_ap 0.6020, minutes 41.59, lr 1.00e-03
    epoch 73: loss 0.7321, val_ap 0.5926, minutes 42.2, lr 1.00e-03
    epoch 74: loss 0.7403, val_ap 0.5969, minutes 42.82, lr 5.00e-04
    epoch 75: loss 0.7028, val_ap 0.6097, minutes 43.45, lr 5.00e-04
    epoch 76: loss 0.7035, val_ap 0.5994, minutes 44.07, lr 5.00e-04
    epoch 77: loss 0.7170, val_ap 0.6114, minutes 44.67, lr 5.00e-04
    epoch 78: loss 0.6970, val_ap 0.6075, minutes 45.27, lr 5.00e-04
    epoch 79: loss 0.6967, val_ap 0.6038, minutes 45.87, lr 5.00e-04
    epoch 80: loss 0.6864, val_ap 0.6117, minutes 46.46, lr 5.00e-04
    epoch 81: loss 0.6835, val_ap 0.5990, minutes 47.07, lr 5.00e-04
    epoch 82: loss 0.7085, val_ap 0.6097, minutes 47.67, lr 5.00e-04
    epoch 83: loss 0.6751, val_ap 0.6090, minutes 48.27, lr 5.00e-04
    epoch 84: loss 0.6910, val_ap 0.6079, minutes 48.87, lr 5.00e-04
    epoch 85: loss 0.6722, val_ap 0.6013, minutes 49.48, lr 5.00e-04
    epoch 86: loss 0.6672, val_ap 0.6066, minutes 50.11, lr 5.00e-04
    epoch 87: loss 0.6807, val_ap 0.6099, minutes 50.72, lr 5.00e-04
    epoch 88: loss 0.6762, val_ap 0.6057, minutes 51.37, lr 5.00e-04
    epoch 89: loss 0.6824, val_ap 0.6088, minutes 51.97, lr 2.50e-04
    epoch 90: loss 0.6597, val_ap 0.6096, minutes 52.58, lr 2.50e-04
    epoch 91: loss 0.6657, val_ap 0.6053, minutes 53.2, lr 2.50e-04
    epoch 92: loss 0.6562, val_ap 0.6071, minutes 53.81, lr 2.50e-04
    epoch 93: loss 0.6672, val_ap 0.6046, minutes 54.43, lr 2.50e-04
    epoch 94: loss 0.6498, val_ap 0.6071, minutes 55.06, lr 2.50e-04
    epoch 95: loss 0.6572, val_ap 0.6088, minutes 55.65, lr 2.50e-04
    epoch 96: loss 0.6647, val_ap 0.6046, minutes 56.25, lr 2.50e-04
    epoch 97: loss 0.6588, val_ap 0.5998, minutes 56.83, lr 2.50e-04
    epoch 98: loss 0.6538, val_ap 0.6011, minutes 57.41, lr 1.25e-04
    epoch 99: loss 0.6551, val_ap 0.5993, minutes 58.02, lr 1.25e-04
    epoch 100: loss 0.6409, val_ap 0.6033, minutes 58.64, lr 1.25e-04
    epoch 101: loss 0.6446, val_ap 0.6044, minutes 59.18, lr 1.25e-04
    epoch 102: loss 0.6426, val_ap 0.6036, minutes 59.8, lr 1.25e-04
    epoch 103: loss 0.6293, val_ap 0.5999, minutes 60.42, lr 1.25e-04
    epoch 104: loss 0.6485, val_ap 0.5999, minutes 60.99, lr 1.25e-04
    epoch 105: loss 0.6393, val_ap 0.6016, minutes 61.6, lr 1.25e-04
    stopping: no validation gain in 25 epochs
[fk_kernel dataset0 fold 0] done (62.4 min)
