loaded: dataset0 121,838 sites, data1 90,452
[fk_band_shuffled dataset0 fold 1]
    band weights [0.415, 0.354, 0.231] (bands ((0, 30), (30, 75), (75, 150)))
    epoch 1: loss 1.9683, val_ap 0.1805, minutes 0.48, lr 3.33e-04
    epoch 2: loss 1.5400, val_ap 0.3038, minutes 0.98, lr 6.63e-04
    epoch 3: loss 1.2604, val_ap 0.4598, minutes 1.47, lr 9.92e-04
    epoch 4: loss 1.1677, val_ap 0.5053, minutes 1.96, lr 1.00e-03
    epoch 5: loss 1.1088, val_ap 0.5254, minutes 2.43, lr 1.00e-03
    epoch 6: loss 1.0426, val_ap 0.5318, minutes 2.94, lr 1.00e-03
    epoch 7: loss 1.0141, val_ap 0.5426, minutes 3.42, lr 1.00e-03
    epoch 8: loss 1.0098, val_ap 0.5459, minutes 3.91, lr 1.00e-03
    epoch 9: loss 0.9834, val_ap 0.5524, minutes 4.44, lr 1.00e-03
    epoch 10: loss 0.9748, val_ap 0.5488, minutes 4.94, lr 1.00e-03
    epoch 11: loss 0.9538, val_ap 0.5653, minutes 5.39, lr 1.00e-03
    epoch 12: loss 0.9310, val_ap 0.5611, minutes 5.88, lr 1.00e-03
    epoch 13: loss 0.9532, val_ap 0.5707, minutes 6.4, lr 1.00e-03
    epoch 14: loss 0.9389, val_ap 0.5669, minutes 6.87, lr 1.00e-03
    epoch 15: loss 0.9235, val_ap 0.5606, minutes 7.36, lr 1.00e-03
    epoch 16: loss 0.9128, val_ap 0.5671, minutes 7.87, lr 1.00e-03
    epoch 17: loss 0.8995, val_ap 0.5792, minutes 8.34, lr 1.00e-03
    epoch 18: loss 0.8899, val_ap 0.5761, minutes 8.84, lr 1.00e-03
    epoch 19: loss 0.9105, val_ap 0.5845, minutes 9.34, lr 1.00e-03
    epoch 20: loss 0.8780, val_ap 0.5849, minutes 9.82, lr 1.00e-03
    epoch 21: loss 0.8756, val_ap 0.5771, minutes 10.31, lr 1.00e-03
    epoch 22: loss 0.8879, val_ap 0.5827, minutes 10.79, lr 1.00e-03
    epoch 23: loss 0.8889, val_ap 0.5856, minutes 11.29, lr 1.00e-03
    epoch 24: loss 0.8659, val_ap 0.5901, minutes 11.79, lr 1.00e-03
    epoch 25: loss 0.8576, val_ap 0.5833, minutes 12.27, lr 1.00e-03
    epoch 26: loss 0.8673, val_ap 0.5875, minutes 12.74, lr 1.00e-03
    epoch 27: loss 0.8589, val_ap 0.5839, minutes 13.25, lr 1.00e-03
    epoch 28: loss 0.8603, val_ap 0.5899, minutes 13.72, lr 1.00e-03
    epoch 29: loss 0.8530, val_ap 0.5899, minutes 14.23, lr 1.00e-03
    epoch 30: loss 0.8432, val_ap 0.5838, minutes 14.72, lr 1.00e-03
    epoch 31: loss 0.8443, val_ap 0.5905, minutes 15.22, lr 1.00e-03
    epoch 32: loss 0.8668, val_ap 0.5927, minutes 15.72, lr 1.00e-03
    epoch 33: loss 0.8493, val_ap 0.5868, minutes 16.21, lr 1.00e-03
    epoch 34: loss 0.8382, val_ap 0.5851, minutes 16.71, lr 1.00e-03
    epoch 35: loss 0.8268, val_ap 0.5824, minutes 17.22, lr 1.00e-03
    epoch 36: loss 0.8236, val_ap 0.5911, minutes 17.73, lr 1.00e-03
    epoch 37: loss 0.8254, val_ap 0.5822, minutes 18.22, lr 1.00e-03
    epoch 38: loss 0.8317, val_ap 0.5929, minutes 18.68, lr 1.00e-03
    epoch 39: loss 0.8195, val_ap 0.5865, minutes 19.18, lr 1.00e-03
    epoch 40: loss 0.8127, val_ap 0.5901, minutes 19.65, lr 1.00e-03
    epoch 41: loss 0.8078, val_ap 0.5941, minutes 20.16, lr 1.00e-03
    epoch 42: loss 0.8475, val_ap 0.5919, minutes 20.67, lr 1.00e-03
    epoch 43: loss 0.8237, val_ap 0.5975, minutes 21.17, lr 1.00e-03
    epoch 44: loss 0.8249, val_ap 0.5943, minutes 21.68, lr 1.00e-03
    epoch 45: loss 0.8071, val_ap 0.5927, minutes 22.14, lr 1.00e-03
    epoch 46: loss 0.7808, val_ap 0.5915, minutes 22.63, lr 1.00e-03
    epoch 47: loss 0.7796, val_ap 0.5903, minutes 23.08, lr 1.00e-03
    epoch 48: loss 0.8063, val_ap 0.5943, minutes 23.61, lr 1.00e-03
    epoch 49: loss 0.7896, val_ap 0.5970, minutes 24.09, lr 1.00e-03
    epoch 50: loss 0.7930, val_ap 0.5988, minutes 24.6, lr 1.00e-03
    epoch 51: loss 0.7795, val_ap 0.5890, minutes 25.13, lr 1.00e-03
    epoch 52: loss 0.7841, val_ap 0.6024, minutes 25.63, lr 1.00e-03
    epoch 53: loss 0.7991, val_ap 0.5999, minutes 26.13, lr 1.00e-03
    epoch 54: loss 0.7775, val_ap 0.5974, minutes 26.61, lr 1.00e-03
    epoch 55: loss 0.7611, val_ap 0.6000, minutes 27.09, lr 1.00e-03
    epoch 56: loss 0.7743, val_ap 0.5895, minutes 27.61, lr 1.00e-03
    epoch 57: loss 0.7610, val_ap 0.5965, minutes 28.09, lr 1.00e-03
    epoch 58: loss 0.7657, val_ap 0.5954, minutes 28.66, lr 1.00e-03
    epoch 59: loss 0.7568, val_ap 0.5892, minutes 29.12, lr 1.00e-03
    epoch 60: loss 0.7515, val_ap 0.6008, minutes 29.57, lr 1.00e-03
    epoch 61: loss 0.7486, val_ap 0.5978, minutes 30.07, lr 5.00e-04
    epoch 62: loss 0.7356, val_ap 0.6046, minutes 30.55, lr 5.00e-04
    epoch 63: loss 0.7239, val_ap 0.6014, minutes 31.07, lr 5.00e-04
    epoch 64: loss 0.7176, val_ap 0.6018, minutes 31.56, lr 5.00e-04
    epoch 65: loss 0.7334, val_ap 0.6052, minutes 32.05, lr 5.00e-04
    epoch 66: loss 0.7186, val_ap 0.6050, minutes 32.54, lr 5.00e-04
    epoch 67: loss 0.7107, val_ap 0.6004, minutes 33.02, lr 5.00e-04
    epoch 68: loss 0.7266, val_ap 0.5997, minutes 33.52, lr 5.00e-04
    epoch 69: loss 0.7147, val_ap 0.5985, minutes 34.02, lr 5.00e-04
    epoch 70: loss 0.7029, val_ap 0.6019, minutes 34.5, lr 5.00e-04
    epoch 71: loss 0.7178, val_ap 0.6031, minutes 35.0, lr 5.00e-04
    epoch 72: loss 0.7160, val_ap 0.6048, minutes 35.48, lr 5.00e-04
    epoch 73: loss 0.7108, val_ap 0.6009, minutes 35.98, lr 5.00e-04
    epoch 74: loss 0.7060, val_ap 0.6035, minutes 36.48, lr 2.50e-04
    epoch 75: loss 0.6997, val_ap 0.6018, minutes 36.97, lr 2.50e-04
    epoch 76: loss 0.6862, val_ap 0.6011, minutes 37.51, lr 2.50e-04
    epoch 77: loss 0.6828, val_ap 0.6015, minutes 37.99, lr 2.50e-04
    epoch 78: loss 0.7024, val_ap 0.5989, minutes 38.49, lr 2.50e-04
    epoch 79: loss 0.6958, val_ap 0.6006, minutes 39.0, lr 2.50e-04
    epoch 80: loss 0.6885, val_ap 0.6026, minutes 39.51, lr 2.50e-04
    epoch 81: loss 0.6919, val_ap 0.6039, minutes 39.99, lr 2.50e-04
    epoch 82: loss 0.6847, val_ap 0.5990, minutes 40.48, lr 2.50e-04
    epoch 83: loss 0.6932, val_ap 0.6040, minutes 40.98, lr 1.25e-04
    epoch 84: loss 0.6770, val_ap 0.6052, minutes 41.47, lr 1.25e-04
    epoch 85: loss 0.6807, val_ap 0.6026, minutes 41.95, lr 1.25e-04
    epoch 86: loss 0.6690, val_ap 0.6002, minutes 42.43, lr 1.25e-04
    epoch 87: loss 0.6761, val_ap 0.6022, minutes 42.91, lr 1.25e-04
    epoch 88: loss 0.6794, val_ap 0.6011, minutes 43.41, lr 1.25e-04
    epoch 89: loss 0.6629, val_ap 0.5975, minutes 43.88, lr 1.25e-04
    epoch 90: loss 0.6643, val_ap 0.6001, minutes 44.35, lr 1.25e-04
    stopping: no validation gain in 25 epochs
[fk_band_shuffled dataset0 fold 1] done (45.2 min)
