loaded: dataset0 121,838 sites, data1 90,452
[h2gcn_aux dataset0 fold 3 seed 2]
    epoch 1: loss 1.9720, val_ap 0.1456, minutes 0.55, lr 3.33e-04
    epoch 2: loss 1.5865, val_ap 0.2181, minutes 1.09, lr 6.63e-04
    epoch 3: loss 1.3718, val_ap 0.3253, minutes 1.6, lr 9.92e-04
    epoch 4: loss 1.2573, val_ap 0.4301, minutes 2.14, lr 1.00e-03
    epoch 5: loss 1.1642, val_ap 0.4523, minutes 2.69, lr 1.00e-03
    epoch 6: loss 1.1088, val_ap 0.4700, minutes 3.22, lr 1.00e-03
    epoch 7: loss 1.0753, val_ap 0.4916, minutes 3.77, lr 1.00e-03
    epoch 8: loss 1.0478, val_ap 0.4869, minutes 4.35, lr 1.00e-03
    epoch 9: loss 1.0313, val_ap 0.4984, minutes 4.93, lr 1.00e-03
    epoch 10: loss 1.0216, val_ap 0.5086, minutes 5.46, lr 1.00e-03
    epoch 11: loss 0.9870, val_ap 0.5041, minutes 6.01, lr 1.00e-03
    epoch 12: loss 0.9843, val_ap 0.5080, minutes 6.61, lr 1.00e-03
    epoch 13: loss 0.9673, val_ap 0.5077, minutes 7.15, lr 1.00e-03
    epoch 14: loss 0.9774, val_ap 0.5216, minutes 7.69, lr 1.00e-03
    epoch 15: loss 0.9392, val_ap 0.5117, minutes 8.26, lr 1.00e-03
    epoch 16: loss 0.9503, val_ap 0.5269, minutes 8.77, lr 1.00e-03
    epoch 17: loss 0.9735, val_ap 0.5288, minutes 9.28, lr 1.00e-03
    epoch 18: loss 0.9421, val_ap 0.5194, minutes 9.79, lr 1.00e-03
    epoch 19: loss 0.9403, val_ap 0.5300, minutes 10.3, lr 1.00e-03
    epoch 20: loss 0.9345, val_ap 0.5337, minutes 10.8, lr 1.00e-03
    epoch 21: loss 0.9137, val_ap 0.5178, minutes 11.39, lr 1.00e-03
    epoch 22: loss 0.9032, val_ap 0.5445, minutes 11.91, lr 1.00e-03
    epoch 23: loss 0.9246, val_ap 0.5431, minutes 12.49, lr 1.00e-03
    epoch 24: loss 0.9163, val_ap 0.5598, minutes 13.04, lr 1.00e-03
    epoch 25: loss 0.9208, val_ap 0.5376, minutes 13.61, lr 1.00e-03
    epoch 26: loss 0.8971, val_ap 0.5672, minutes 14.2, lr 1.00e-03
    epoch 27: loss 0.8878, val_ap 0.5513, minutes 14.78, lr 1.00e-03
    epoch 28: loss 0.8972, val_ap 0.5614, minutes 15.31, lr 1.00e-03
    epoch 29: loss 0.8960, val_ap 0.5619, minutes 15.88, lr 1.00e-03
    epoch 30: loss 0.8937, val_ap 0.5727, minutes 16.42, lr 1.00e-03
    epoch 31: loss 0.8841, val_ap 0.5595, minutes 16.92, lr 1.00e-03
    epoch 32: loss 0.8661, val_ap 0.5735, minutes 17.44, lr 1.00e-03
    epoch 33: loss 0.8740, val_ap 0.5626, minutes 18.01, lr 1.00e-03
    epoch 34: loss 0.8612, val_ap 0.5834, minutes 18.55, lr 1.00e-03
    epoch 35: loss 0.8593, val_ap 0.5845, minutes 19.12, lr 1.00e-03
    epoch 36: loss 0.8687, val_ap 0.5730, minutes 19.64, lr 1.00e-03
    epoch 37: loss 0.8544, val_ap 0.5658, minutes 20.16, lr 1.00e-03
    epoch 38: loss 0.8531, val_ap 0.5899, minutes 20.67, lr 1.00e-03
    epoch 39: loss 0.8441, val_ap 0.5858, minutes 21.19, lr 1.00e-03
    epoch 40: loss 0.8387, val_ap 0.5798, minutes 21.71, lr 1.00e-03
    epoch 41: loss 0.8313, val_ap 0.5761, minutes 22.22, lr 1.00e-03
    epoch 42: loss 0.8309, val_ap 0.5750, minutes 22.75, lr 1.00e-03
    epoch 43: loss 0.8264, val_ap 0.5979, minutes 23.32, lr 1.00e-03
    epoch 44: loss 0.8315, val_ap 0.5898, minutes 23.82, lr 1.00e-03
    epoch 45: loss 0.8281, val_ap 0.6081, minutes 24.3, lr 1.00e-03
    epoch 46: loss 0.8165, val_ap 0.6041, minutes 24.85, lr 1.00e-03
    epoch 47: loss 0.8281, val_ap 0.5990, minutes 25.37, lr 1.00e-03
    epoch 48: loss 0.8258, val_ap 0.6053, minutes 25.87, lr 1.00e-03
    epoch 49: loss 0.8041, val_ap 0.5953, minutes 26.39, lr 1.00e-03
    epoch 50: loss 0.8091, val_ap 0.5928, minutes 26.95, lr 1.00e-03
    epoch 51: loss 0.8142, val_ap 0.5972, minutes 27.5, lr 1.00e-03
    epoch 52: loss 0.8194, val_ap 0.5974, minutes 28.06, lr 1.00e-03
    epoch 53: loss 0.7905, val_ap 0.6132, minutes 28.6, lr 1.00e-03
    epoch 54: loss 0.7989, val_ap 0.6092, minutes 29.14, lr 1.00e-03
    epoch 55: loss 0.7887, val_ap 0.6146, minutes 29.66, lr 1.00e-03
    epoch 56: loss 0.7875, val_ap 0.6016, minutes 30.2, lr 1.00e-03
    epoch 57: loss 0.7788, val_ap 0.6122, minutes 30.71, lr 1.00e-03
    epoch 58: loss 0.8057, val_ap 0.5850, minutes 31.22, lr 1.00e-03
    epoch 59: loss 0.7829, val_ap 0.5973, minutes 31.75, lr 1.00e-03
    epoch 60: loss 0.7790, val_ap 0.6067, minutes 32.24, lr 1.00e-03
    epoch 61: loss 0.7877, val_ap 0.6005, minutes 32.77, lr 1.00e-03
    epoch 62: loss 0.7676, val_ap 0.6003, minutes 33.31, lr 1.00e-03
    epoch 63: loss 0.7678, val_ap 0.6132, minutes 33.83, lr 1.00e-03
    epoch 64: loss 0.7623, val_ap 0.6078, minutes 34.36, lr 5.00e-04
    epoch 65: loss 0.7592, val_ap 0.6092, minutes 34.91, lr 5.00e-04
    epoch 66: loss 0.7387, val_ap 0.6108, minutes 35.42, lr 5.00e-04
    epoch 67: loss 0.7487, val_ap 0.5971, minutes 35.95, lr 5.00e-04
    epoch 68: loss 0.7407, val_ap 0.6077, minutes 36.5, lr 5.00e-04
    epoch 69: loss 0.7339, val_ap 0.6034, minutes 37.05, lr 5.00e-04
    epoch 70: loss 0.7304, val_ap 0.6136, minutes 37.62, lr 5.00e-04
    epoch 71: loss 0.7285, val_ap 0.6075, minutes 38.12, lr 5.00e-04
    epoch 72: loss 0.7297, val_ap 0.6084, minutes 38.66, lr 5.00e-04
    epoch 73: loss 0.7350, val_ap 0.6080, minutes 39.19, lr 2.50e-04
    epoch 74: loss 0.7076, val_ap 0.6037, minutes 39.7, lr 2.50e-04
    epoch 75: loss 0.7125, val_ap 0.6040, minutes 40.25, lr 2.50e-04
    epoch 76: loss 0.7090, val_ap 0.6064, minutes 40.77, lr 2.50e-04
    epoch 77: loss 0.7264, val_ap 0.6088, minutes 41.29, lr 2.50e-04
    epoch 78: loss 0.7280, val_ap 0.6077, minutes 41.86, lr 2.50e-04
    epoch 79: loss 0.7014, val_ap 0.6070, minutes 42.35, lr 2.50e-04
    epoch 80: loss 0.7066, val_ap 0.6079, minutes 42.89, lr 2.50e-04
    stopping: no validation gain in 25 epochs
[h2gcn_aux dataset0 fold 3 seed 2] done (43.7 min)
