loaded: dataset0 121,838 sites, data1 90,452
[gps dataset0 fold 4 seed 1]
    epoch 1: loss 1.9755, val_ap 0.1346, minutes 1.52, lr 3.33e-04
    epoch 2: loss 1.6406, val_ap 0.1940, minutes 3.0, lr 6.63e-04
    epoch 3: loss 1.3614, val_ap 0.3986, minutes 4.44, lr 9.92e-04
    epoch 4: loss 1.1782, val_ap 0.4727, minutes 5.9, lr 1.00e-03
    epoch 5: loss 1.0971, val_ap 0.4836, minutes 7.34, lr 1.00e-03
    epoch 6: loss 1.0918, val_ap 0.4912, minutes 8.79, lr 1.00e-03
    epoch 7: loss 1.0348, val_ap 0.4958, minutes 10.28, lr 1.00e-03
    epoch 8: loss 1.0018, val_ap 0.5100, minutes 11.76, lr 1.00e-03
    epoch 9: loss 1.0015, val_ap 0.5051, minutes 13.32, lr 1.00e-03
    epoch 10: loss 1.0008, val_ap 0.5103, minutes 14.85, lr 1.00e-03
    epoch 11: loss 0.9441, val_ap 0.5190, minutes 16.31, lr 1.00e-03
    epoch 12: loss 0.9703, val_ap 0.5196, minutes 17.77, lr 1.00e-03
    epoch 13: loss 0.9423, val_ap 0.5320, minutes 19.23, lr 1.00e-03
    epoch 14: loss 0.9292, val_ap 0.5284, minutes 20.65, lr 1.00e-03
    epoch 15: loss 0.9178, val_ap 0.5305, minutes 22.12, lr 1.00e-03
    epoch 16: loss 0.9367, val_ap 0.5458, minutes 23.6, lr 1.00e-03
    epoch 17: loss 0.9217, val_ap 0.5424, minutes 25.12, lr 1.00e-03
    epoch 18: loss 0.8837, val_ap 0.5451, minutes 26.54, lr 1.00e-03
    epoch 19: loss 0.8720, val_ap 0.5412, minutes 28.07, lr 1.00e-03
    epoch 20: loss 0.8858, val_ap 0.5460, minutes 29.5, lr 1.00e-03
    epoch 21: loss 0.8732, val_ap 0.5458, minutes 31.01, lr 1.00e-03
    epoch 22: loss 0.8802, val_ap 0.5549, minutes 32.53, lr 1.00e-03
    epoch 23: loss 0.8750, val_ap 0.5625, minutes 34.01, lr 1.00e-03
    epoch 24: loss 0.8783, val_ap 0.5553, minutes 35.5, lr 1.00e-03
    epoch 25: loss 0.8680, val_ap 0.5621, minutes 36.97, lr 1.00e-03
    epoch 26: loss 0.8600, val_ap 0.5650, minutes 38.47, lr 1.00e-03
    epoch 27: loss 0.8530, val_ap 0.5669, minutes 39.95, lr 1.00e-03
    epoch 28: loss 0.8445, val_ap 0.5641, minutes 41.41, lr 1.00e-03
    epoch 29: loss 0.8463, val_ap 0.5703, minutes 42.84, lr 1.00e-03
    epoch 30: loss 0.8247, val_ap 0.5700, minutes 44.35, lr 1.00e-03
    epoch 31: loss 0.8165, val_ap 0.5801, minutes 45.77, lr 1.00e-03
    epoch 32: loss 0.8244, val_ap 0.5737, minutes 47.31, lr 1.00e-03
    epoch 33: loss 0.8339, val_ap 0.5765, minutes 48.79, lr 1.00e-03
    epoch 34: loss 0.8139, val_ap 0.5872, minutes 50.22, lr 1.00e-03
    epoch 35: loss 0.8144, val_ap 0.5767, minutes 51.75, lr 1.00e-03
    epoch 36: loss 0.8092, val_ap 0.5838, minutes 53.24, lr 1.00e-03
    epoch 37: loss 0.8004, val_ap 0.5818, minutes 54.67, lr 1.00e-03
    epoch 38: loss 0.8165, val_ap 0.5839, minutes 56.2, lr 1.00e-03
    epoch 39: loss 0.8003, val_ap 0.5902, minutes 57.67, lr 1.00e-03
    epoch 40: loss 0.7740, val_ap 0.5736, minutes 59.15, lr 1.00e-03
    epoch 41: loss 0.7882, val_ap 0.5841, minutes 60.62, lr 1.00e-03
    epoch 42: loss 0.7737, val_ap 0.5963, minutes 62.07, lr 1.00e-03
    epoch 43: loss 0.7956, val_ap 0.5879, minutes 63.55, lr 1.00e-03
    epoch 44: loss 0.7840, val_ap 0.5830, minutes 65.09, lr 1.00e-03
    epoch 45: loss 0.7584, val_ap 0.5972, minutes 66.55, lr 1.00e-03
    epoch 46: loss 0.7670, val_ap 0.5930, minutes 68.05, lr 1.00e-03
    epoch 47: loss 0.7762, val_ap 0.5774, minutes 69.5, lr 1.00e-03
    epoch 48: loss 0.7712, val_ap 0.6001, minutes 70.98, lr 1.00e-03
    epoch 49: loss 0.7378, val_ap 0.6026, minutes 72.47, lr 1.00e-03
    epoch 50: loss 0.7516, val_ap 0.5875, minutes 73.92, lr 1.00e-03
    epoch 51: loss 0.7474, val_ap 0.5867, minutes 75.38, lr 1.00e-03
    epoch 52: loss 0.7426, val_ap 0.5678, minutes 76.81, lr 1.00e-03
    epoch 53: loss 0.7388, val_ap 0.5754, minutes 78.29, lr 1.00e-03
    epoch 54: loss 0.7360, val_ap 0.5866, minutes 79.73, lr 1.00e-03
    epoch 55: loss 0.7220, val_ap 0.5818, minutes 81.17, lr 1.00e-03
    epoch 56: loss 0.7330, val_ap 0.5866, minutes 82.63, lr 1.00e-03
    epoch 57: loss 0.7198, val_ap 0.5937, minutes 84.06, lr 1.00e-03
    epoch 58: loss 0.7089, val_ap 0.5838, minutes 85.46, lr 5.00e-04
    epoch 59: loss 0.6859, val_ap 0.5716, minutes 86.93, lr 5.00e-04
    epoch 60: loss 0.6878, val_ap 0.5861, minutes 88.3, lr 5.00e-04
    epoch 61: loss 0.6916, val_ap 0.5822, minutes 89.79, lr 5.00e-04
    epoch 62: loss 0.6771, val_ap 0.5929, minutes 91.3, lr 5.00e-04
    epoch 63: loss 0.6687, val_ap 0.5904, minutes 92.72, lr 5.00e-04
    epoch 64: loss 0.6615, val_ap 0.6043, minutes 94.22, lr 5.00e-04
    epoch 65: loss 0.6664, val_ap 0.5912, minutes 95.73, lr 5.00e-04
    epoch 66: loss 0.6727, val_ap 0.6014, minutes 97.16, lr 5.00e-04
    epoch 67: loss 0.6862, val_ap 0.5932, minutes 98.65, lr 5.00e-04
    epoch 68: loss 0.6748, val_ap 0.6046, minutes 100.06, lr 5.00e-04
    epoch 69: loss 0.6572, val_ap 0.5928, minutes 101.52, lr 5.00e-04
    epoch 70: loss 0.6539, val_ap 0.5873, minutes 103.06, lr 5.00e-04
    epoch 71: loss 0.6474, val_ap 0.5863, minutes 104.48, lr 5.00e-04
    epoch 72: loss 0.6424, val_ap 0.5672, minutes 105.82, lr 5.00e-04
    epoch 73: loss 0.6514, val_ap 0.5853, minutes 107.22, lr 5.00e-04
    epoch 74: loss 0.6423, val_ap 0.6086, minutes 108.59, lr 5.00e-04
    epoch 75: loss 0.6420, val_ap 0.6030, minutes 109.99, lr 5.00e-04
    epoch 76: loss 0.6395, val_ap 0.6000, minutes 111.39, lr 5.00e-04
    epoch 77: loss 0.6407, val_ap 0.5948, minutes 112.81, lr 5.00e-04
    epoch 78: loss 0.6388, val_ap 0.5984, minutes 114.15, lr 5.00e-04
    epoch 79: loss 0.6387, val_ap 0.5798, minutes 115.47, lr 5.00e-04
    epoch 80: loss 0.6346, val_ap 0.6094, minutes 116.82, lr 5.00e-04
    epoch 81: loss 0.6323, val_ap 0.5917, minutes 118.23, lr 5.00e-04
    epoch 82: loss 0.6268, val_ap 0.6040, minutes 119.56, lr 5.00e-04
    epoch 83: loss 0.6290, val_ap 0.5875, minutes 120.99, lr 5.00e-04
    epoch 84: loss 0.6340, val_ap 0.5885, minutes 122.38, lr 5.00e-04
    epoch 85: loss 0.6250, val_ap 0.5885, minutes 123.7, lr 5.00e-04
    epoch 86: loss 0.6081, val_ap 0.6042, minutes 125.11, lr 5.00e-04
    epoch 87: loss 0.6224, val_ap 0.5961, minutes 126.52, lr 5.00e-04
    epoch 88: loss 0.6116, val_ap 0.5972, minutes 127.95, lr 5.00e-04
    epoch 89: loss 0.6110, val_ap 0.6035, minutes 129.35, lr 2.50e-04
    epoch 90: loss 0.5946, val_ap 0.6037, minutes 130.76, lr 2.50e-04
    epoch 91: loss 0.5847, val_ap 0.5973, minutes 132.14, lr 2.50e-04
    epoch 92: loss 0.5995, val_ap 0.5886, minutes 133.53, lr 2.50e-04
    epoch 93: loss 0.5836, val_ap 0.5818, minutes 134.96, lr 2.50e-04
    epoch 94: loss 0.5955, val_ap 0.5895, minutes 136.35, lr 2.50e-04
    epoch 95: loss 0.5841, val_ap 0.5892, minutes 137.71, lr 2.50e-04
    epoch 96: loss 0.5833, val_ap 0.5862, minutes 138.97, lr 2.50e-04
    epoch 97: loss 0.5888, val_ap 0.5881, minutes 140.26, lr 2.50e-04
    epoch 98: loss 0.5817, val_ap 0.5706, minutes 141.59, lr 1.25e-04
    epoch 99: loss 0.5709, val_ap 0.5893, minutes 142.81, lr 1.25e-04
    epoch 100: loss 0.5691, val_ap 0.5923, minutes 143.91, lr 1.25e-04
    epoch 101: loss 0.5721, val_ap 0.5849, minutes 144.98, lr 1.25e-04
    epoch 102: loss 0.5640, val_ap 0.5822, minutes 146.05, lr 1.25e-04
    epoch 103: loss 0.5707, val_ap 0.5887, minutes 147.07, lr 1.25e-04
    epoch 104: loss 0.5654, val_ap 0.5889, minutes 148.06, lr 1.25e-04
    epoch 105: loss 0.5591, val_ap 0.5889, minutes 149.12, lr 1.25e-04
    stopping: no validation gain in 25 epochs
[gps dataset0 fold 4 seed 1] done (149.7 min)
