loaded: dataset0 121,838 sites, data1 90,452
[h2gcn_local dataset0 fold 4]
    epoch 1: loss 1.3046, val_ap 0.1346, minutes 0.51, lr 3.33e-04
    epoch 2: loss 1.0297, val_ap 0.2189, minutes 1.03, lr 6.63e-04
    epoch 3: loss 0.9243, val_ap 0.3446, minutes 1.51, lr 9.92e-04
    epoch 4: loss 0.8094, val_ap 0.4321, minutes 2.05, lr 1.00e-03
    epoch 5: loss 0.7515, val_ap 0.4611, minutes 2.52, lr 1.00e-03
    epoch 6: loss 0.7379, val_ap 0.4627, minutes 3.0, lr 1.00e-03
    epoch 7: loss 0.6833, val_ap 0.4685, minutes 3.59, lr 1.00e-03
    epoch 8: loss 0.6772, val_ap 0.4886, minutes 4.07, lr 1.00e-03
    epoch 9: loss 0.6650, val_ap 0.4912, minutes 4.59, lr 1.00e-03
    epoch 10: loss 0.6389, val_ap 0.4933, minutes 5.11, lr 1.00e-03
    epoch 11: loss 0.6481, val_ap 0.4875, minutes 5.62, lr 1.00e-03
    epoch 12: loss 0.6332, val_ap 0.4789, minutes 6.13, lr 1.00e-03
    epoch 13: loss 0.6210, val_ap 0.4880, minutes 6.62, lr 1.00e-03
    epoch 14: loss 0.6145, val_ap 0.4838, minutes 7.1, lr 1.00e-03
    epoch 15: loss 0.6111, val_ap 0.4805, minutes 7.67, lr 1.00e-03
    epoch 16: loss 0.6074, val_ap 0.4834, minutes 8.15, lr 1.00e-03
    epoch 17: loss 0.6033, val_ap 0.4998, minutes 8.61, lr 1.00e-03
    epoch 18: loss 0.6047, val_ap 0.4797, minutes 9.13, lr 1.00e-03
    epoch 19: loss 0.6023, val_ap 0.5021, minutes 9.62, lr 1.00e-03
    epoch 20: loss 0.6286, val_ap 0.4945, minutes 10.12, lr 1.00e-03
    epoch 21: loss 0.5789, val_ap 0.5020, minutes 10.64, lr 1.00e-03
    epoch 22: loss 0.5824, val_ap 0.5115, minutes 11.17, lr 1.00e-03
    epoch 23: loss 0.6058, val_ap 0.4952, minutes 11.7, lr 1.00e-03
    epoch 24: loss 0.5902, val_ap 0.5029, minutes 12.2, lr 1.00e-03
    epoch 25: loss 0.5759, val_ap 0.5097, minutes 12.73, lr 1.00e-03
    epoch 26: loss 0.5712, val_ap 0.5135, minutes 13.25, lr 1.00e-03
    epoch 27: loss 0.5682, val_ap 0.5099, minutes 13.75, lr 1.00e-03
    epoch 28: loss 0.5703, val_ap 0.5127, minutes 14.24, lr 1.00e-03
    epoch 29: loss 0.5584, val_ap 0.5123, minutes 14.74, lr 1.00e-03
    epoch 30: loss 0.5529, val_ap 0.5304, minutes 15.27, lr 1.00e-03
    epoch 31: loss 0.5506, val_ap 0.5155, minutes 15.77, lr 1.00e-03
    epoch 32: loss 0.5456, val_ap 0.5133, minutes 16.24, lr 1.00e-03
    epoch 33: loss 0.5379, val_ap 0.5333, minutes 16.7, lr 1.00e-03
    epoch 34: loss 0.5586, val_ap 0.5304, minutes 17.16, lr 1.00e-03
    epoch 35: loss 0.5586, val_ap 0.5169, minutes 17.59, lr 1.00e-03
    epoch 36: loss 0.5423, val_ap 0.5245, minutes 18.07, lr 1.00e-03
    epoch 37: loss 0.5609, val_ap 0.5235, minutes 18.51, lr 1.00e-03
    epoch 38: loss 0.5316, val_ap 0.5280, minutes 18.99, lr 1.00e-03
    epoch 39: loss 0.5371, val_ap 0.5416, minutes 19.45, lr 1.00e-03
    epoch 40: loss 0.5227, val_ap 0.5203, minutes 19.89, lr 1.00e-03
    epoch 41: loss 0.5317, val_ap 0.5140, minutes 20.37, lr 1.00e-03
    epoch 42: loss 0.5233, val_ap 0.5500, minutes 20.84, lr 1.00e-03
    epoch 43: loss 0.5297, val_ap 0.5383, minutes 21.32, lr 1.00e-03
    epoch 44: loss 0.5121, val_ap 0.5402, minutes 21.81, lr 1.00e-03
    epoch 45: loss 0.5193, val_ap 0.5300, minutes 22.25, lr 1.00e-03
    epoch 46: loss 0.5243, val_ap 0.5493, minutes 22.7, lr 1.00e-03
    epoch 47: loss 0.5017, val_ap 0.5512, minutes 23.14, lr 1.00e-03
    epoch 48: loss 0.5146, val_ap 0.5461, minutes 23.54, lr 1.00e-03
    epoch 49: loss 0.5216, val_ap 0.5528, minutes 24.06, lr 1.00e-03
    epoch 50: loss 0.5049, val_ap 0.5488, minutes 24.52, lr 1.00e-03
    epoch 51: loss 0.4981, val_ap 0.5463, minutes 24.95, lr 1.00e-03
    epoch 52: loss 0.4952, val_ap 0.5450, minutes 25.41, lr 1.00e-03
    epoch 53: loss 0.4972, val_ap 0.5477, minutes 25.85, lr 1.00e-03
    epoch 54: loss 0.4853, val_ap 0.5392, minutes 26.3, lr 1.00e-03
    epoch 55: loss 0.4873, val_ap 0.5233, minutes 26.74, lr 1.00e-03
    epoch 56: loss 0.4855, val_ap 0.5423, minutes 27.16, lr 1.00e-03
    epoch 57: loss 0.4899, val_ap 0.5308, minutes 27.59, lr 1.00e-03
    epoch 58: loss 0.4877, val_ap 0.5424, minutes 28.04, lr 5.00e-04
    epoch 59: loss 0.4721, val_ap 0.5407, minutes 28.5, lr 5.00e-04
    epoch 60: loss 0.4565, val_ap 0.5470, minutes 28.97, lr 5.00e-04
    epoch 61: loss 0.4462, val_ap 0.5262, minutes 29.45, lr 5.00e-04
    epoch 62: loss 0.4693, val_ap 0.5518, minutes 29.93, lr 5.00e-04
    epoch 63: loss 0.4571, val_ap 0.5465, minutes 30.36, lr 5.00e-04
    epoch 64: loss 0.4576, val_ap 0.5442, minutes 30.82, lr 5.00e-04
    epoch 65: loss 0.4438, val_ap 0.5496, minutes 31.24, lr 5.00e-04
    epoch 66: loss 0.4449, val_ap 0.5398, minutes 31.64, lr 5.00e-04
    epoch 67: loss 0.4458, val_ap 0.5417, minutes 32.08, lr 2.50e-04
    epoch 68: loss 0.4261, val_ap 0.5452, minutes 32.5, lr 2.50e-04
    epoch 69: loss 0.4248, val_ap 0.5441, minutes 32.91, lr 2.50e-04
    epoch 70: loss 0.4234, val_ap 0.5423, minutes 33.32, lr 2.50e-04
    epoch 71: loss 0.4283, val_ap 0.5442, minutes 33.72, lr 2.50e-04
    epoch 72: loss 0.4273, val_ap 0.5434, minutes 34.17, lr 2.50e-04
    epoch 73: loss 0.4317, val_ap 0.5483, minutes 34.61, lr 2.50e-04
    epoch 74: loss 0.4194, val_ap 0.5427, minutes 35.0, lr 2.50e-04
    stopping: no validation gain in 25 epochs
[h2gcn_local dataset0 fold 4] done (35.6 min)
