loaded: dataset0 121,838 sites, data1 90,452
[h2gcn_local_deep dataset0 fold 1]
    epoch 1: loss 1.0926, val_ap 0.3771, minutes 1.59, lr 3.33e-04
    epoch 2: loss 0.8354, val_ap 0.4408, minutes 3.2, lr 6.63e-04
    epoch 3: loss 0.7696, val_ap 0.4835, minutes 4.77, lr 9.92e-04
    epoch 4: loss 0.7269, val_ap 0.4883, minutes 6.3, lr 1.00e-03
    epoch 5: loss 0.6823, val_ap 0.5148, minutes 7.89, lr 1.00e-03
    epoch 6: loss 0.6516, val_ap 0.5146, minutes 9.45, lr 1.00e-03
    epoch 7: loss 0.6549, val_ap 0.5178, minutes 11.06, lr 1.00e-03
    epoch 8: loss 0.6206, val_ap 0.5129, minutes 12.61, lr 1.00e-03
    epoch 9: loss 0.6185, val_ap 0.5334, minutes 14.2, lr 1.00e-03
    epoch 10: loss 0.6293, val_ap 0.4950, minutes 15.85, lr 1.00e-03
    epoch 11: loss 0.6135, val_ap 0.5405, minutes 17.48, lr 1.00e-03
    epoch 12: loss 0.6013, val_ap 0.5304, minutes 19.11, lr 1.00e-03
    epoch 13: loss 0.5877, val_ap 0.5202, minutes 20.75, lr 1.00e-03
    epoch 14: loss 0.6015, val_ap 0.5299, minutes 22.34, lr 1.00e-03
    epoch 15: loss 0.5865, val_ap 0.5346, minutes 23.96, lr 1.00e-03
    epoch 16: loss 0.5813, val_ap 0.5374, minutes 25.51, lr 1.00e-03
    epoch 17: loss 0.5699, val_ap 0.5390, minutes 27.1, lr 1.00e-03
    epoch 18: loss 0.5618, val_ap 0.5411, minutes 28.64, lr 1.00e-03
    epoch 19: loss 0.5833, val_ap 0.5129, minutes 30.28, lr 1.00e-03
    epoch 20: loss 0.5691, val_ap 0.5518, minutes 31.84, lr 1.00e-03
    epoch 21: loss 0.5627, val_ap 0.5351, minutes 33.48, lr 1.00e-03
    epoch 22: loss 0.5577, val_ap 0.5432, minutes 35.0, lr 1.00e-03
    epoch 23: loss 0.5602, val_ap 0.5400, minutes 36.67, lr 1.00e-03
    epoch 24: loss 0.5578, val_ap 0.5486, minutes 38.28, lr 1.00e-03
    epoch 25: loss 0.5345, val_ap 0.5591, minutes 39.85, lr 1.00e-03
    epoch 26: loss 0.5683, val_ap 0.5405, minutes 41.45, lr 1.00e-03
    epoch 27: loss 0.5522, val_ap 0.5567, minutes 42.99, lr 1.00e-03
    epoch 28: loss 0.5310, val_ap 0.5508, minutes 44.6, lr 1.00e-03
    epoch 29: loss 0.5316, val_ap 0.5503, minutes 46.13, lr 1.00e-03
    epoch 30: loss 0.5299, val_ap 0.5587, minutes 47.74, lr 1.00e-03
    epoch 31: loss 0.5282, val_ap 0.5615, minutes 49.33, lr 1.00e-03
    epoch 32: loss 0.5279, val_ap 0.5515, minutes 50.94, lr 1.00e-03
    epoch 33: loss 0.5264, val_ap 0.5435, minutes 52.47, lr 1.00e-03
    epoch 34: loss 0.5209, val_ap 0.5684, minutes 54.07, lr 1.00e-03
    epoch 35: loss 0.5172, val_ap 0.5615, minutes 55.69, lr 1.00e-03
    epoch 36: loss 0.5002, val_ap 0.5446, minutes 57.31, lr 1.00e-03
    epoch 37: loss 0.4919, val_ap 0.5352, minutes 58.93, lr 1.00e-03
    epoch 38: loss 0.5190, val_ap 0.5576, minutes 60.44, lr 1.00e-03
    epoch 39: loss 0.4936, val_ap 0.5583, minutes 62.07, lr 1.00e-03
    epoch 40: loss 0.4927, val_ap 0.5548, minutes 63.72, lr 1.00e-03
    epoch 41: loss 0.4791, val_ap 0.5765, minutes 65.33, lr 1.00e-03
    epoch 42: loss 0.5026, val_ap 0.5596, minutes 66.89, lr 1.00e-03
    epoch 43: loss 0.5173, val_ap 0.5357, minutes 68.49, lr 1.00e-03
    epoch 44: loss 0.5020, val_ap 0.5599, minutes 70.04, lr 1.00e-03
    epoch 45: loss 0.4875, val_ap 0.5712, minutes 71.62, lr 1.00e-03
    epoch 46: loss 0.4658, val_ap 0.5576, minutes 73.22, lr 1.00e-03
    epoch 47: loss 0.4701, val_ap 0.5544, minutes 74.83, lr 1.00e-03
    epoch 48: loss 0.4728, val_ap 0.5660, minutes 76.41, lr 1.00e-03
    epoch 49: loss 0.4625, val_ap 0.5543, minutes 78.04, lr 1.00e-03
    epoch 50: loss 0.4584, val_ap 0.5576, minutes 79.67, lr 5.00e-04
    epoch 51: loss 0.4194, val_ap 0.5665, minutes 81.25, lr 5.00e-04
    epoch 52: loss 0.4097, val_ap 0.5643, minutes 82.86, lr 5.00e-04
    epoch 53: loss 0.4189, val_ap 0.5553, minutes 84.41, lr 5.00e-04
    epoch 54: loss 0.4063, val_ap 0.5638, minutes 86.06, lr 5.00e-04
    epoch 55: loss 0.4006, val_ap 0.5554, minutes 87.61, lr 5.00e-04
    epoch 56: loss 0.4101, val_ap 0.5633, minutes 89.23, lr 5.00e-04
    epoch 57: loss 0.3878, val_ap 0.5599, minutes 90.8, lr 5.00e-04
    epoch 58: loss 0.3980, val_ap 0.5592, minutes 92.39, lr 5.00e-04
    epoch 59: loss 0.3982, val_ap 0.5553, minutes 93.98, lr 2.50e-04
    epoch 60: loss 0.3762, val_ap 0.5658, minutes 95.56, lr 2.50e-04
    epoch 61: loss 0.3650, val_ap 0.5662, minutes 97.11, lr 2.50e-04
    epoch 62: loss 0.3631, val_ap 0.5529, minutes 98.66, lr 2.50e-04
    epoch 63: loss 0.3608, val_ap 0.5529, minutes 100.22, lr 2.50e-04
    epoch 64: loss 0.3446, val_ap 0.5580, minutes 101.76, lr 2.50e-04
    epoch 65: loss 0.3554, val_ap 0.5425, minutes 103.25, lr 2.50e-04
    epoch 66: loss 0.3469, val_ap 0.5446, minutes 104.71, lr 2.50e-04
    stopping: no validation gain in 25 epochs
[h2gcn_local_deep dataset0 fold 1] done (106.9 min)
