loaded: dataset0 121,838 sites, data1 90,452
[deepset_hand pooled_both fold 2]
    epoch 1: loss 1.076334029927899, minutes 0.29, val_ap 0.356863428164442, lr 0.0003338833883388339
    epoch 2: loss 0.8467665784331438, minutes 0.61, val_ap 0.40311972434998505, lr 0.0006672167216721672
    epoch 3: loss 0.8172930187419696, minutes 0.92, val_ap 0.4152900033912392, lr 0.001
    epoch 4: loss 0.8021353206815499, minutes 1.24, val_ap 0.43827427247630735, lr 0.001
    epoch 5: loss 0.7886106847438088, minutes 1.56, val_ap 0.4334998182881136, lr 0.001
    epoch 6: loss 0.7785137760462147, minutes 1.87, val_ap 0.44358303745753647, lr 0.001
    epoch 7: loss 0.7658292296105879, minutes 2.19, val_ap 0.4474482224814096, lr 0.001
    epoch 8: loss 0.7569559161910916, minutes 2.52, val_ap 0.44941936882952377, lr 0.001
    epoch 9: loss 0.7483062926102, minutes 2.85, val_ap 0.4498684630208111, lr 0.001
    epoch 10: loss 0.7418946371515198, minutes 3.16, val_ap 0.45541615247817835, lr 0.001
    epoch 11: loss 0.7329427327948435, minutes 3.48, val_ap 0.44240048681696753, lr 0.001
    epoch 12: loss 0.7250421192779792, minutes 3.8, val_ap 0.45055382272409505, lr 0.001
    epoch 13: loss 0.7192075672519482, minutes 4.12, val_ap 0.44341538761818217, lr 0.001
    epoch 14: loss 0.7101025531197539, minutes 4.46, val_ap 0.45312208607148435, lr 0.001
    epoch 15: loss 0.7033642504868334, minutes 4.78, val_ap 0.4448867908899737, lr 0.001
    epoch 16: loss 0.6956364431298605, minutes 5.09, val_ap 0.4496133866103762, lr 0.001
    epoch 17: loss 0.6851359702671321, minutes 5.41, val_ap 0.43992497453442364, lr 0.001
    epoch 18: loss 0.6779421378086896, minutes 5.73, val_ap 0.44365263887907175, lr 0.001
    epoch 19: loss 0.6705565254385322, minutes 6.06, val_ap 0.4479144542475994, lr 0.0005
    epoch 20: loss 0.6373928271897948, minutes 6.36, val_ap 0.4410029866213688, lr 0.0005
    epoch 21: loss 0.6275906522478601, minutes 6.63, val_ap 0.4282489449039464, lr 0.0005
    epoch 22: loss 0.6171970410217152, minutes 6.93, val_ap 0.44113060098010337, lr 0.0005
    epoch 23: loss 0.6099261612486918, minutes 7.24, val_ap 0.44414911392400647, lr 0.0005
    epoch 24: loss 0.601419933804191, minutes 7.57, val_ap 0.4338091642685302, lr 0.0005
    epoch 25: loss 0.5948288094485947, minutes 7.89, val_ap 0.43471298547285553, lr 0.0005
    epoch 26: loss 0.5883499281634592, minutes 8.21, val_ap 0.43225630803560977, lr 0.0005
    epoch 27: loss 0.5822916565948587, minutes 8.52, val_ap 0.42353900060287786, lr 0.0005
    epoch 28: loss 0.5773686773017688, minutes 8.84, val_ap 0.42219648096487983, lr 0.00025
    epoch 29: loss 0.5528456098077321, minutes 9.16, val_ap 0.4206006949182332, lr 0.00025
    epoch 30: loss 0.5458750442998244, minutes 9.49, val_ap 0.4221403166774207, lr 0.00025
    epoch 31: loss 0.5401979737942761, minutes 9.81, val_ap 0.41700862446135695, lr 0.00025
    epoch 32: loss 0.5352282186742663, minutes 10.12, val_ap 0.4093640290461276, lr 0.00025
    epoch 33: loss 0.5333973944875667, minutes 10.45, val_ap 0.4201044984169333, lr 0.00025
    epoch 34: loss 0.5281828724019991, minutes 10.78, val_ap 0.41555587658722404, lr 0.00025
    stopping: no validation gain in 25 epochs
[deepset_hand pooled_both fold 2] done (11.2 min)
