loaded: dataset0 121,838 sites, data1 90,452
[fk_kernel dataset0 fold 4 seed 1]
    kernel decay scale 97.3 nt (fitted to cell line 1 training labels)
    epoch 1: loss 1.9689, val_ap 0.1506, minutes 0.52, lr 3.33e-04
    epoch 2: loss 1.6081, val_ap 0.1971, minutes 1.01, lr 6.63e-04
    epoch 3: loss 1.3826, val_ap 0.3794, minutes 1.52, lr 9.92e-04
    epoch 4: loss 1.1855, val_ap 0.4887, minutes 2.01, lr 1.00e-03
    epoch 5: loss 1.1068, val_ap 0.4975, minutes 2.5, lr 1.00e-03
    epoch 6: loss 1.0850, val_ap 0.4997, minutes 3.0, lr 1.00e-03
    epoch 7: loss 1.0316, val_ap 0.5134, minutes 3.51, lr 1.00e-03
    epoch 8: loss 1.0071, val_ap 0.5190, minutes 4.03, lr 1.00e-03
    epoch 9: loss 0.9983, val_ap 0.5316, minutes 4.57, lr 1.00e-03
    epoch 10: loss 1.0012, val_ap 0.5375, minutes 5.18, lr 1.00e-03
    epoch 11: loss 0.9530, val_ap 0.5401, minutes 5.68, lr 1.00e-03
    epoch 12: loss 0.9745, val_ap 0.5447, minutes 6.15, lr 1.00e-03
    epoch 13: loss 0.9415, val_ap 0.5480, minutes 6.65, lr 1.00e-03
    epoch 14: loss 0.9418, val_ap 0.5455, minutes 7.14, lr 1.00e-03
    epoch 15: loss 0.9244, val_ap 0.5454, minutes 7.66, lr 1.00e-03
    epoch 16: loss 0.9397, val_ap 0.5583, minutes 8.13, lr 1.00e-03
    epoch 17: loss 0.9361, val_ap 0.5581, minutes 8.64, lr 1.00e-03
    epoch 18: loss 0.9130, val_ap 0.5558, minutes 9.11, lr 1.00e-03
    epoch 19: loss 0.8921, val_ap 0.5532, minutes 9.6, lr 1.00e-03
    epoch 20: loss 0.9082, val_ap 0.5546, minutes 10.15, lr 1.00e-03
    epoch 21: loss 0.8835, val_ap 0.5545, minutes 10.64, lr 1.00e-03
    epoch 22: loss 0.8925, val_ap 0.5598, minutes 11.17, lr 1.00e-03
    epoch 23: loss 0.8883, val_ap 0.5673, minutes 11.68, lr 1.00e-03
    epoch 24: loss 0.8938, val_ap 0.5624, minutes 12.16, lr 1.00e-03
    epoch 25: loss 0.8775, val_ap 0.5642, minutes 12.68, lr 1.00e-03
    epoch 26: loss 0.8759, val_ap 0.5670, minutes 13.17, lr 1.00e-03
    epoch 27: loss 0.8768, val_ap 0.5649, minutes 13.64, lr 1.00e-03
    epoch 28: loss 0.8702, val_ap 0.5633, minutes 14.16, lr 1.00e-03
    epoch 29: loss 0.8601, val_ap 0.5715, minutes 14.64, lr 1.00e-03
    epoch 30: loss 0.8401, val_ap 0.5708, minutes 15.21, lr 1.00e-03
    epoch 31: loss 0.8370, val_ap 0.5633, minutes 15.71, lr 1.00e-03
    epoch 32: loss 0.8419, val_ap 0.5700, minutes 16.22, lr 1.00e-03
    epoch 33: loss 0.8525, val_ap 0.5733, minutes 16.75, lr 1.00e-03
    epoch 34: loss 0.8318, val_ap 0.5746, minutes 17.24, lr 1.00e-03
    epoch 35: loss 0.8305, val_ap 0.5726, minutes 17.75, lr 1.00e-03
    epoch 36: loss 0.8310, val_ap 0.5791, minutes 18.24, lr 1.00e-03
    epoch 37: loss 0.8204, val_ap 0.5771, minutes 18.75, lr 1.00e-03
    epoch 38: loss 0.8487, val_ap 0.5794, minutes 19.29, lr 1.00e-03
    epoch 39: loss 0.8240, val_ap 0.5843, minutes 19.77, lr 1.00e-03
    epoch 40: loss 0.7979, val_ap 0.5798, minutes 20.28, lr 1.00e-03
    epoch 41: loss 0.8158, val_ap 0.5894, minutes 20.75, lr 1.00e-03
    epoch 42: loss 0.8034, val_ap 0.5897, minutes 21.26, lr 1.00e-03
    epoch 43: loss 0.8210, val_ap 0.5925, minutes 21.76, lr 1.00e-03
    epoch 44: loss 0.8134, val_ap 0.5912, minutes 22.27, lr 1.00e-03
    epoch 45: loss 0.7882, val_ap 0.5930, minutes 22.73, lr 1.00e-03
    epoch 46: loss 0.7885, val_ap 0.5799, minutes 23.18, lr 1.00e-03
    epoch 47: loss 0.8016, val_ap 0.5917, minutes 23.68, lr 1.00e-03
    epoch 48: loss 0.7918, val_ap 0.5867, minutes 24.12, lr 1.00e-03
    epoch 49: loss 0.7685, val_ap 0.5957, minutes 24.66, lr 1.00e-03
    epoch 50: loss 0.7862, val_ap 0.5882, minutes 25.13, lr 1.00e-03
    epoch 51: loss 0.7877, val_ap 0.5905, minutes 25.65, lr 1.00e-03
    epoch 52: loss 0.7831, val_ap 0.5834, minutes 26.13, lr 1.00e-03
    epoch 53: loss 0.7875, val_ap 0.5844, minutes 26.64, lr 1.00e-03
    epoch 54: loss 0.7782, val_ap 0.5914, minutes 27.15, lr 1.00e-03
    epoch 55: loss 0.7515, val_ap 0.5990, minutes 27.62, lr 1.00e-03
    epoch 56: loss 0.7610, val_ap 0.5946, minutes 28.13, lr 1.00e-03
    epoch 57: loss 0.7646, val_ap 0.5926, minutes 28.58, lr 1.00e-03
    epoch 58: loss 0.7653, val_ap 0.5973, minutes 29.11, lr 1.00e-03
    epoch 59: loss 0.7440, val_ap 0.5928, minutes 29.62, lr 1.00e-03
    epoch 60: loss 0.7481, val_ap 0.5974, minutes 30.07, lr 1.00e-03
    epoch 61: loss 0.7709, val_ap 0.5903, minutes 30.56, lr 1.00e-03
    epoch 62: loss 0.7425, val_ap 0.5925, minutes 31.05, lr 1.00e-03
    epoch 63: loss 0.7385, val_ap 0.5944, minutes 31.53, lr 1.00e-03
    epoch 64: loss 0.7352, val_ap 0.5941, minutes 32.01, lr 5.00e-04
    epoch 65: loss 0.7130, val_ap 0.5972, minutes 32.55, lr 5.00e-04
    epoch 66: loss 0.7346, val_ap 0.5977, minutes 33.04, lr 5.00e-04
    epoch 67: loss 0.7341, val_ap 0.5955, minutes 33.55, lr 5.00e-04
    epoch 68: loss 0.7181, val_ap 0.5959, minutes 34.02, lr 5.00e-04
    epoch 69: loss 0.6975, val_ap 0.5942, minutes 34.47, lr 5.00e-04
    epoch 70: loss 0.7140, val_ap 0.5903, minutes 34.96, lr 5.00e-04
    epoch 71: loss 0.6976, val_ap 0.5981, minutes 35.46, lr 5.00e-04
    epoch 72: loss 0.6899, val_ap 0.5908, minutes 35.97, lr 5.00e-04
    epoch 73: loss 0.6925, val_ap 0.5954, minutes 36.47, lr 2.50e-04
    epoch 74: loss 0.6919, val_ap 0.5997, minutes 36.96, lr 2.50e-04
    epoch 75: loss 0.6827, val_ap 0.5987, minutes 37.44, lr 2.50e-04
    epoch 76: loss 0.6864, val_ap 0.6019, minutes 37.93, lr 2.50e-04
    epoch 77: loss 0.6775, val_ap 0.6001, minutes 38.41, lr 2.50e-04
    epoch 78: loss 0.6806, val_ap 0.6007, minutes 38.87, lr 2.50e-04
    epoch 79: loss 0.6787, val_ap 0.5983, minutes 39.38, lr 2.50e-04
    epoch 80: loss 0.6742, val_ap 0.5996, minutes 39.88, lr 2.50e-04
    epoch 81: loss 0.6702, val_ap 0.5971, minutes 40.39, lr 2.50e-04
    epoch 82: loss 0.6751, val_ap 0.5986, minutes 40.9, lr 2.50e-04
    epoch 83: loss 0.6780, val_ap 0.5977, minutes 41.38, lr 2.50e-04
    epoch 84: loss 0.6824, val_ap 0.5933, minutes 41.9, lr 2.50e-04
    epoch 85: loss 0.6777, val_ap 0.5958, minutes 42.41, lr 1.25e-04
    epoch 86: loss 0.6521, val_ap 0.5979, minutes 42.92, lr 1.25e-04
    epoch 87: loss 0.6737, val_ap 0.5954, minutes 43.41, lr 1.25e-04
    epoch 88: loss 0.6595, val_ap 0.5975, minutes 43.89, lr 1.25e-04
    epoch 89: loss 0.6575, val_ap 0.5969, minutes 44.38, lr 1.25e-04
    epoch 90: loss 0.6589, val_ap 0.5998, minutes 44.88, lr 1.25e-04
    epoch 91: loss 0.6557, val_ap 0.5983, minutes 45.38, lr 1.25e-04
    epoch 92: loss 0.6634, val_ap 0.5965, minutes 45.89, lr 1.25e-04
    epoch 93: loss 0.6475, val_ap 0.5944, minutes 46.39, lr 1.25e-04
    epoch 94: loss 0.6548, val_ap 0.5951, minutes 46.89, lr 6.25e-05
    epoch 95: loss 0.6520, val_ap 0.5985, minutes 47.41, lr 6.25e-05
    epoch 96: loss 0.6607, val_ap 0.5964, minutes 47.92, lr 6.25e-05
    epoch 97: loss 0.6575, val_ap 0.5990, minutes 48.42, lr 6.25e-05
    epoch 98: loss 0.6508, val_ap 0.5984, minutes 48.93, lr 6.25e-05
    epoch 99: loss 0.6493, val_ap 0.5971, minutes 49.41, lr 6.25e-05
    epoch 100: loss 0.6514, val_ap 0.5990, minutes 49.94, lr 6.25e-05
    epoch 101: loss 0.6536, val_ap 0.5990, minutes 50.43, lr 6.25e-05
    stopping: no validation gain in 25 epochs
[fk_kernel dataset0 fold 4 seed 1] done (51.2 min)
