loaded: dataset0 121,838 sites, data1 90,452
[knn_random dataset0 fold 2]
    epoch 1: loss 1.1982400425941269, minutes 1.85, val_ap 0.27337967864258683, lr 0.00033429672447013486
    epoch 2: loss 0.8564061606033689, minutes 3.87, val_ap 0.4125988810670945, lr 0.0006676300578034682
    epoch 3: loss 0.7933405009825105, minutes 5.91, val_ap 0.46338656903737563, lr 0.001
    epoch 4: loss 0.7627199168150136, minutes 8.0, val_ap 0.46633563392932337, lr 0.001
    epoch 5: loss 0.7280154215290368, minutes 10.07, val_ap 0.5031843895566742, lr 0.001
    epoch 6: loss 0.7200742883317043, minutes 12.12, val_ap 0.5013991404353878, lr 0.001
    epoch 7: loss 0.7187577902064847, minutes 14.2, val_ap 0.49365494663526543, lr 0.001
    epoch 8: loss 0.709721724938795, minutes 16.27, val_ap 0.5096644258969857, lr 0.001
    epoch 9: loss 0.6931080061920806, minutes 18.34, val_ap 0.5096881614000179, lr 0.001
    epoch 10: loss 0.6808086267613263, minutes 20.38, val_ap 0.5111434698091522, lr 0.001
    epoch 11: loss 0.6759048800247942, minutes 22.44, val_ap 0.5182438576749918, lr 0.001
    epoch 12: loss 0.6748317849601624, minutes 24.48, val_ap 0.5084861625170142, lr 0.001
    epoch 13: loss 0.6706910967999111, minutes 26.55, val_ap 0.51793635166798, lr 0.001
    epoch 14: loss 0.6666639529039405, minutes 28.57, val_ap 0.5122809948160783, lr 0.001
    epoch 15: loss 0.6569308192399196, minutes 30.62, val_ap 0.5230661234019012, lr 0.001
    epoch 16: loss 0.6577790066858248, minutes 32.7, val_ap 0.5325165015385442, lr 0.001
    epoch 17: loss 0.658850573132493, minutes 34.76, val_ap 0.5261422383555, lr 0.001
    epoch 18: loss 0.6478867324101443, minutes 36.82, val_ap 0.5085093640111021, lr 0.001
    epoch 19: loss 0.6543359226746366, minutes 38.86, val_ap 0.5362271905567817, lr 0.001
    epoch 20: loss 0.653206762637017, minutes 47.39, val_ap 0.5301433342685926, lr 0.001
    epoch 21: loss 0.6430491136677693, minutes 56.21, val_ap 0.5326004986442359, lr 0.001
    epoch 22: loss 0.6348375249977056, minutes 58.32, val_ap 0.5426552523121501, lr 0.001
    epoch 23: loss 0.6378560529623417, minutes 60.35, val_ap 0.5446587196707939, lr 0.001
    epoch 24: loss 0.6377861986873467, minutes 62.29, val_ap 0.5319816283468681, lr 0.001
    epoch 25: loss 0.6351523507881716, minutes 64.2, val_ap 0.5357927673242864, lr 0.001
    epoch 26: loss 0.6222466959946418, minutes 66.12, val_ap 0.5216877902317114, lr 0.001
    epoch 27: loss 0.620824379469618, minutes 68.08, val_ap 0.5512704050259226, lr 0.001
    epoch 28: loss 0.6262446007976642, minutes 69.94, val_ap 0.5361634321943084, lr 0.001
    epoch 29: loss 0.6144044622348223, minutes 71.79, val_ap 0.5444292514495739, lr 0.001
    epoch 30: loss 0.6194206614887094, minutes 73.51, val_ap 0.552908253425893, lr 0.001
    epoch 31: loss 0.6172160110032627, minutes 75.07, val_ap 0.5548113054305495, lr 0.001
    epoch 32: loss 0.6029908736317144, minutes 76.57, val_ap 0.5477277227081839, lr 0.001
    epoch 33: loss 0.6094415919973671, minutes 78.03, val_ap 0.543752935611719, lr 0.001
    epoch 34: loss 0.6127800956971383, minutes 79.57, val_ap 0.5485283631339681, lr 0.001
    epoch 35: loss 0.5954984692652101, minutes 81.06, val_ap 0.5501677512351091, lr 0.001
    epoch 36: loss 0.6064709970199993, minutes 82.57, val_ap 0.5405533164685346, lr 0.001
    epoch 37: loss 0.6030731547430072, minutes 84.06, val_ap 0.5485985036873754, lr 0.001
    epoch 38: loss 0.5948071018119768, minutes 85.55, val_ap 0.5580474789365939, lr 0.001
    epoch 39: loss 0.5970549415473994, minutes 87.0, val_ap 0.5517493742739787, lr 0.001
    epoch 40: loss 0.6006393154835425, minutes 88.38, val_ap 0.5489027257837124, lr 0.001
    epoch 41: loss 0.5868283227689004, minutes 89.83, val_ap 0.562489776626553, lr 0.001
    epoch 42: loss 0.5860579818745569, minutes 91.27, val_ap 0.5475424827226049, lr 0.001
    epoch 43: loss 0.5836810006657777, minutes 92.67, val_ap 0.5586147066308506, lr 0.001
    epoch 44: loss 0.5889316950144107, minutes 94.04, val_ap 0.5498004947640841, lr 0.001
    epoch 45: loss 0.5828430277936031, minutes 95.5, val_ap 0.5388357647325334, lr 0.001
    epoch 46: loss 0.5793332832224797, minutes 97.06, val_ap 0.5528292682328433, lr 0.001
    epoch 47: loss 0.5916548584927024, minutes 98.56, val_ap 0.5479257312958965, lr 0.001
    epoch 48: loss 0.5802416251057145, minutes 99.93, val_ap 0.5498787141071027, lr 0.001
    epoch 49: loss 0.5735040271730092, minutes 101.28, val_ap 0.545243512366036, lr 0.001
    epoch 50: loss 0.5698594023726579, minutes 102.71, val_ap 0.5490860678579551, lr 0.0005
    epoch 51: loss 0.5549579369108801, minutes 104.2, val_ap 0.5506017812214918, lr 0.0005
    epoch 52: loss 0.552900405719101, minutes 105.72, val_ap 0.5592239097402021, lr 0.0005
    epoch 53: loss 0.5478060211060364, minutes 107.1, val_ap 0.5539414487260386, lr 0.0005
    epoch 54: loss 0.5386328270841885, minutes 108.63, val_ap 0.5579389377152767, lr 0.0005
    epoch 55: loss 0.5505912393073126, minutes 110.19, val_ap 0.5550858142024214, lr 0.0005
    epoch 56: loss 0.5457573593351882, minutes 111.64, val_ap 0.5478275234117063, lr 0.0005
    epoch 57: loss 0.5465338452789136, minutes 113.11, val_ap 0.5574287147435714, lr 0.0005
    epoch 58: loss 0.5441545490929157, minutes 114.57, val_ap 0.5657664696097157, lr 0.0005
    epoch 59: loss 0.5405943578033778, minutes 116.03, val_ap 0.5674092209381129, lr 0.0005
    epoch 60: loss 0.540631057382319, minutes 117.49, val_ap 0.5659716751980299, lr 0.0005
    epoch 61: loss 0.5383089603802372, minutes 118.93, val_ap 0.5640370805811951, lr 0.0005
    epoch 62: loss 0.5321620500328913, minutes 120.33, val_ap 0.5592165574725415, lr 0.0005
    epoch 63: loss 0.5331749983691756, minutes 121.73, val_ap 0.5506437092411717, lr 0.0005
    epoch 64: loss 0.5342131166616616, minutes 123.21, val_ap 0.5537226599553047, lr 0.0005
    epoch 65: loss 0.536364068874734, minutes 124.64, val_ap 0.5548954850715742, lr 0.0005
    epoch 66: loss 0.5292161078208444, minutes 126.13, val_ap 0.5656874054774897, lr 0.0005
    epoch 67: loss 0.526755360423485, minutes 127.54, val_ap 0.5565384500890894, lr 0.0005
    epoch 68: loss 0.5315226539538774, minutes 128.86, val_ap 0.5580782933933139, lr 0.00025
    epoch 69: loss 0.5084890760696692, minutes 130.34, val_ap 0.5515325762134089, lr 0.00025
    epoch 70: loss 0.5097489932368946, minutes 131.8, val_ap 0.5525689739950308, lr 0.00025
    epoch 71: loss 0.5150361279445577, minutes 133.28, val_ap 0.5727100469782698, lr 0.00025
    epoch 72: loss 0.5042141612640695, minutes 134.7, val_ap 0.56060005836171, lr 0.00025
    epoch 73: loss 0.5097534742658538, minutes 136.11, val_ap 0.5555306228229895, lr 0.00025
    epoch 74: loss 0.5083445906639099, minutes 137.56, val_ap 0.5629667362417745, lr 0.00025
    epoch 75: loss 0.4966888709822831, minutes 138.95, val_ap 0.5534042839471783, lr 0.00025
    epoch 76: loss 0.5039338417394312, minutes 140.32, val_ap 0.5681104642153658, lr 0.00025
    epoch 77: loss 0.5018751893860067, minutes 141.8, val_ap 0.5672922208335153, lr 0.00025
    epoch 78: loss 0.5041659060499571, minutes 143.27, val_ap 0.5579271350677961, lr 0.00025
    epoch 79: loss 0.4929937473094532, minutes 144.72, val_ap 0.5658292256013117, lr 0.00025
    epoch 80: loss 0.4970830582469874, minutes 146.21, val_ap 0.5516361569771536, lr 0.000125
    epoch 81: loss 0.49622891989746537, minutes 147.6, val_ap 0.5690477236670214, lr 0.000125
    epoch 82: loss 0.48603358425501453, minutes 148.91, val_ap 0.5504749649172244, lr 0.000125
    epoch 83: loss 0.4835365789732492, minutes 150.26, val_ap 0.560157699527832, lr 0.000125
    epoch 84: loss 0.48660193349240144, minutes 151.74, val_ap 0.5571248147457577, lr 0.000125
    epoch 85: loss 0.4915335641344848, minutes 153.17, val_ap 0.5578192383610006, lr 0.000125
    epoch 86: loss 0.48665397670227667, minutes 154.54, val_ap 0.5612179125441774, lr 0.000125
    epoch 87: loss 0.4892602223967541, minutes 156.01, val_ap 0.5530848305941284, lr 0.000125
    epoch 88: loss 0.4842799829609821, minutes 157.44, val_ap 0.5556945919736491, lr 0.000125
    epoch 89: loss 0.47742279205535876, minutes 158.92, val_ap 0.5654747860509097, lr 6.25e-05
    epoch 90: loss 0.48600270982422583, minutes 160.38, val_ap 0.5653545081146973, lr 6.25e-05
    epoch 91: loss 0.485584010623094, minutes 161.57, val_ap 0.564298847780057, lr 6.25e-05
    epoch 92: loss 0.4850992734377095, minutes 162.8, val_ap 0.5676220355469015, lr 6.25e-05
    epoch 93: loss 0.4778266841104265, minutes 164.07, val_ap 0.5635824688575043, lr 6.25e-05
    epoch 94: loss 0.48715142190800925, minutes 165.29, val_ap 0.5778014361592826, lr 6.25e-05
    epoch 95: loss 0.48135614636316465, minutes 166.61, val_ap 0.5608699256183701, lr 6.25e-05
    epoch 96: loss 0.4804098623336395, minutes 167.91, val_ap 0.5661573041911163, lr 6.25e-05
    epoch 97: loss 0.48416320833167587, minutes 169.21, val_ap 0.5641599377766932, lr 6.25e-05
    epoch 98: loss 0.4871383342956532, minutes 170.57, val_ap 0.5639186678967076, lr 6.25e-05
    epoch 99: loss 0.4866002056898409, minutes 171.84, val_ap 0.5578854127219836, lr 6.25e-05
    epoch 100: loss 0.48126463833227323, minutes 173.06, val_ap 0.5657774991594755, lr 6.25e-05
    epoch 101: loss 0.4863999619477057, minutes 174.29, val_ap 0.5648256765674442, lr 6.25e-05
    epoch 102: loss 0.4828370052007581, minutes 175.43, val_ap 0.5662452575341396, lr 6.25e-05
    epoch 103: loss 0.4770482649348375, minutes 176.66, val_ap 0.560456282025819, lr 3.125e-05
    epoch 104: loss 0.47669713168991784, minutes 177.96, val_ap 0.550698378609874, lr 3.125e-05
    epoch 105: loss 0.4730653990210825, minutes 179.25, val_ap 0.5586945439132971, lr 3.125e-05
    epoch 106: loss 0.4787917252134726, minutes 180.47, val_ap 0.5592960587306338, lr 3.125e-05
    epoch 107: loss 0.47412182524197366, minutes 181.74, val_ap 0.560323751027071, lr 3.125e-05
    epoch 108: loss 0.48067785429127646, minutes 182.96, val_ap 0.5726683811979186, lr 3.125e-05
    epoch 109: loss 0.4779252831991008, minutes 184.29, val_ap 0.5649521268007269, lr 3.125e-05
    epoch 110: loss 0.4702707742680015, minutes 185.58, val_ap 0.5595009145425799, lr 3.125e-05
    epoch 111: loss 0.4762633450200103, minutes 186.81, val_ap 0.5494554375255102, lr 3.125e-05
    epoch 112: loss 0.47629732828092025, minutes 188.01, val_ap 0.5717133166549658, lr 1.5625e-05
    epoch 113: loss 0.47546033233920965, minutes 189.05, val_ap 0.5638134035915122, lr 1.5625e-05
    epoch 114: loss 0.47014599805966967, minutes 190.1, val_ap 0.5623092541394671, lr 1.5625e-05
    epoch 115: loss 0.4743626772754454, minutes 191.12, val_ap 0.5607446014326369, lr 1.5625e-05
    epoch 116: loss 0.476050988399569, minutes 192.11, val_ap 0.5615633906248424, lr 1.5625e-05
    epoch 117: loss 0.4713052785551617, minutes 193.12, val_ap 0.5664556132042958, lr 1.5625e-05
    epoch 118: loss 0.4766792930619565, minutes 194.19, val_ap 0.5709756751114549, lr 1.5625e-05
    stopping: no validation gain in 25 epochs
[knn_random dataset0 fold 2] done (195.5 min)
