loaded: dataset0 121,838 sites, data1 90,452
[h2gcn_aux_qf pooled_both fold 3]
    epoch 1: loss 1.8488, val_ap 0.1672, minutes 0.9, lr 3.31e-04
    epoch 2: loss 1.5290, val_ap 0.3053, minutes 1.75, lr 6.60e-04
    epoch 3: loss 1.4218, val_ap 0.3898, minutes 2.57, lr 9.89e-04
    epoch 4: loss 1.3293, val_ap 0.4346, minutes 3.53, lr 1.00e-03
    epoch 5: loss 1.2733, val_ap 0.4495, minutes 4.37, lr 1.00e-03
    epoch 6: loss 1.2465, val_ap 0.4551, minutes 5.2, lr 1.00e-03
    epoch 7: loss 1.2348, val_ap 0.4581, minutes 6.01, lr 1.00e-03
    epoch 8: loss 1.2324, val_ap 0.4641, minutes 6.8, lr 1.00e-03
    epoch 9: loss 1.2140, val_ap 0.4699, minutes 7.6, lr 1.00e-03
    epoch 10: loss 1.2057, val_ap 0.4720, minutes 8.46, lr 1.00e-03
    epoch 11: loss 1.1990, val_ap 0.4631, minutes 9.3, lr 1.00e-03
    epoch 12: loss 1.1956, val_ap 0.4703, minutes 10.13, lr 1.00e-03
    epoch 13: loss 1.1894, val_ap 0.4689, minutes 10.94, lr 1.00e-03
    epoch 14: loss 1.1828, val_ap 0.4691, minutes 11.74, lr 1.00e-03
    epoch 15: loss 1.1732, val_ap 0.4801, minutes 12.56, lr 1.00e-03
    epoch 16: loss 1.1667, val_ap 0.4749, minutes 13.38, lr 1.00e-03
    epoch 17: loss 1.1705, val_ap 0.4764, minutes 14.19, lr 1.00e-03
    epoch 18: loss 1.1662, val_ap 0.4778, minutes 14.97, lr 1.00e-03
    epoch 19: loss 1.1594, val_ap 0.4872, minutes 15.8, lr 1.00e-03
    epoch 20: loss 1.1478, val_ap 0.4865, minutes 16.61, lr 1.00e-03
    epoch 21: loss 1.1439, val_ap 0.4903, minutes 17.36, lr 1.00e-03
    epoch 22: loss 1.1451, val_ap 0.4930, minutes 18.11, lr 1.00e-03
    epoch 23: loss 1.1485, val_ap 0.4946, minutes 18.91, lr 1.00e-03
    epoch 24: loss 1.1292, val_ap 0.4916, minutes 19.7, lr 1.00e-03
    epoch 25: loss 1.1201, val_ap 0.4921, minutes 20.5, lr 1.00e-03
    epoch 26: loss 1.1282, val_ap 0.4849, minutes 21.3, lr 1.00e-03
    epoch 27: loss 1.1189, val_ap 0.4900, minutes 22.05, lr 1.00e-03
    epoch 28: loss 1.1139, val_ap 0.4953, minutes 22.86, lr 1.00e-03
    epoch 29: loss 1.1094, val_ap 0.4896, minutes 23.63, lr 1.00e-03
    epoch 30: loss 1.1021, val_ap 0.4994, minutes 24.38, lr 1.00e-03
    epoch 31: loss 1.1038, val_ap 0.4886, minutes 25.17, lr 1.00e-03
    epoch 32: loss 1.0981, val_ap 0.4917, minutes 25.94, lr 1.00e-03
    epoch 33: loss 1.0890, val_ap 0.4922, minutes 26.72, lr 1.00e-03
    epoch 34: loss 1.0782, val_ap 0.4955, minutes 27.52, lr 1.00e-03
    epoch 35: loss 1.0726, val_ap 0.4962, minutes 28.32, lr 1.00e-03
    epoch 36: loss 1.0689, val_ap 0.4919, minutes 29.09, lr 1.00e-03
    epoch 37: loss 1.0612, val_ap 0.4921, minutes 29.88, lr 1.00e-03
    epoch 38: loss 1.0537, val_ap 0.4927, minutes 30.62, lr 1.00e-03
    epoch 39: loss 1.0531, val_ap 0.4943, minutes 31.4, lr 5.00e-04
    epoch 40: loss 1.0377, val_ap 0.4932, minutes 32.15, lr 5.00e-04
    epoch 41: loss 1.0220, val_ap 0.4922, minutes 32.92, lr 5.00e-04
    epoch 42: loss 1.0252, val_ap 0.4887, minutes 33.67, lr 5.00e-04
    epoch 43: loss 1.0170, val_ap 0.4879, minutes 34.55, lr 5.00e-04
    epoch 44: loss 1.0156, val_ap 0.4922, minutes 35.37, lr 5.00e-04
    epoch 45: loss 1.0022, val_ap 0.4972, minutes 36.17, lr 5.00e-04
    epoch 46: loss 1.0013, val_ap 0.4945, minutes 37.01, lr 5.00e-04
    epoch 47: loss 1.0012, val_ap 0.4881, minutes 37.84, lr 5.00e-04
    epoch 48: loss 0.9997, val_ap 0.4952, minutes 38.69, lr 2.50e-04
    epoch 49: loss 0.9756, val_ap 0.4944, minutes 39.55, lr 2.50e-04
    epoch 50: loss 0.9766, val_ap 0.4920, minutes 40.45, lr 2.50e-04
    epoch 51: loss 0.9743, val_ap 0.4943, minutes 41.31, lr 2.50e-04
    epoch 52: loss 0.9716, val_ap 0.4879, minutes 42.14, lr 2.50e-04
    epoch 53: loss 0.9631, val_ap 0.4888, minutes 42.94, lr 2.50e-04
    epoch 54: loss 0.9645, val_ap 0.4882, minutes 43.61, lr 2.50e-04
    epoch 55: loss 0.9587, val_ap 0.4812, minutes 44.3, lr 2.50e-04
    stopping: no validation gain in 25 epochs
[h2gcn_aux_qf pooled_both fold 3] done (45.1 min)
