loaded: dataset0 121,838 sites, data1 90,452
[scalar_random pooled_both fold 2 seed 2]
    kernel decay scale 108.1 nt (fitted to cell line 1 training labels)
    epoch 1: loss 1.8820, val_ap 0.1789, minutes 0.74, lr 3.31e-04
    epoch 2: loss 1.5326, val_ap 0.2985, minutes 1.51, lr 6.60e-04
    epoch 3: loss 1.4218, val_ap 0.3861, minutes 2.25, lr 9.87e-04
    epoch 4: loss 1.3534, val_ap 0.4018, minutes 2.97, lr 1.00e-03
    epoch 5: loss 1.3172, val_ap 0.4232, minutes 3.7, lr 1.00e-03
    epoch 6: loss 1.3210, val_ap 0.4287, minutes 4.44, lr 1.00e-03
    epoch 7: loss 1.3054, val_ap 0.4241, minutes 5.14, lr 1.00e-03
    epoch 8: loss 1.2717, val_ap 0.4248, minutes 5.93, lr 1.00e-03
    epoch 9: loss 1.2711, val_ap 0.4315, minutes 6.64, lr 1.00e-03
    epoch 10: loss 1.2571, val_ap 0.4404, minutes 7.43, lr 1.00e-03
    epoch 11: loss 1.2650, val_ap 0.4392, minutes 8.22, lr 1.00e-03
    epoch 12: loss 1.2638, val_ap 0.4452, minutes 8.95, lr 1.00e-03
    epoch 13: loss 1.2614, val_ap 0.4462, minutes 9.67, lr 1.00e-03
    epoch 14: loss 1.2464, val_ap 0.4409, minutes 10.38, lr 1.00e-03
    epoch 15: loss 1.2443, val_ap 0.4476, minutes 11.08, lr 1.00e-03
    epoch 16: loss 1.2319, val_ap 0.4559, minutes 11.84, lr 1.00e-03
    epoch 17: loss 1.2224, val_ap 0.4582, minutes 12.6, lr 1.00e-03
    epoch 18: loss 1.2286, val_ap 0.4539, minutes 13.3, lr 1.00e-03
    epoch 19: loss 1.2211, val_ap 0.4495, minutes 14.07, lr 1.00e-03
    epoch 20: loss 1.2257, val_ap 0.4566, minutes 14.82, lr 1.00e-03
    epoch 21: loss 1.2158, val_ap 0.4545, minutes 15.54, lr 1.00e-03
    epoch 22: loss 1.2144, val_ap 0.4623, minutes 16.28, lr 1.00e-03
    epoch 23: loss 1.2096, val_ap 0.4682, minutes 16.98, lr 1.00e-03
    epoch 24: loss 1.2047, val_ap 0.4633, minutes 17.73, lr 1.00e-03
    epoch 25: loss 1.2072, val_ap 0.4733, minutes 18.46, lr 1.00e-03
    epoch 26: loss 1.1994, val_ap 0.4685, minutes 19.23, lr 1.00e-03
    epoch 27: loss 1.2066, val_ap 0.4693, minutes 19.96, lr 1.00e-03
    epoch 28: loss 1.1970, val_ap 0.4651, minutes 20.7, lr 1.00e-03
    epoch 29: loss 1.1931, val_ap 0.4788, minutes 21.42, lr 1.00e-03
    epoch 30: loss 1.1979, val_ap 0.4728, minutes 22.15, lr 1.00e-03
    epoch 31: loss 1.1900, val_ap 0.4728, minutes 22.88, lr 1.00e-03
    epoch 32: loss 1.1836, val_ap 0.4717, minutes 23.72, lr 1.00e-03
    epoch 33: loss 1.1670, val_ap 0.4644, minutes 24.5, lr 1.00e-03
    epoch 34: loss 1.1830, val_ap 0.4753, minutes 25.29, lr 1.00e-03
    epoch 35: loss 1.1782, val_ap 0.4717, minutes 26.02, lr 1.00e-03
    epoch 36: loss 1.1778, val_ap 0.4678, minutes 26.77, lr 1.00e-03
    epoch 37: loss 1.1684, val_ap 0.4716, minutes 27.49, lr 1.00e-03
    epoch 38: loss 1.1770, val_ap 0.4752, minutes 28.22, lr 5.00e-04
    epoch 39: loss 1.1517, val_ap 0.4768, minutes 28.98, lr 5.00e-04
    epoch 40: loss 1.1519, val_ap 0.4778, minutes 29.75, lr 5.00e-04
    epoch 41: loss 1.1435, val_ap 0.4720, minutes 30.49, lr 5.00e-04
    epoch 42: loss 1.1465, val_ap 0.4795, minutes 31.22, lr 5.00e-04
    epoch 43: loss 1.1397, val_ap 0.4775, minutes 31.95, lr 5.00e-04
    epoch 44: loss 1.1449, val_ap 0.4783, minutes 32.7, lr 5.00e-04
    epoch 45: loss 1.1440, val_ap 0.4694, minutes 33.41, lr 5.00e-04
    epoch 46: loss 1.1412, val_ap 0.4766, minutes 34.15, lr 5.00e-04
    epoch 47: loss 1.1370, val_ap 0.4775, minutes 34.9, lr 5.00e-04
    epoch 48: loss 1.1297, val_ap 0.4757, minutes 35.64, lr 5.00e-04
    epoch 49: loss 1.1290, val_ap 0.4814, minutes 36.4, lr 5.00e-04
    epoch 50: loss 1.1387, val_ap 0.4805, minutes 37.2, lr 5.00e-04
    epoch 51: loss 1.1354, val_ap 0.4699, minutes 37.94, lr 5.00e-04
    epoch 52: loss 1.1346, val_ap 0.4742, minutes 38.72, lr 5.00e-04
    epoch 53: loss 1.1261, val_ap 0.4814, minutes 39.52, lr 5.00e-04
    epoch 54: loss 1.1347, val_ap 0.4694, minutes 40.27, lr 5.00e-04
    epoch 55: loss 1.1297, val_ap 0.4702, minutes 41.07, lr 5.00e-04
    epoch 56: loss 1.1258, val_ap 0.4679, minutes 41.77, lr 5.00e-04
    epoch 57: loss 1.1270, val_ap 0.4785, minutes 42.51, lr 5.00e-04
    epoch 58: loss 1.1215, val_ap 0.4712, minutes 43.23, lr 2.50e-04
    epoch 59: loss 1.1135, val_ap 0.4745, minutes 43.97, lr 2.50e-04
    epoch 60: loss 1.1097, val_ap 0.4773, minutes 44.67, lr 2.50e-04
    epoch 61: loss 1.1099, val_ap 0.4778, minutes 45.47, lr 2.50e-04
    epoch 62: loss 1.1106, val_ap 0.4791, minutes 46.24, lr 2.50e-04
    epoch 63: loss 1.1090, val_ap 0.4738, minutes 47.0, lr 2.50e-04
    epoch 64: loss 1.1063, val_ap 0.4738, minutes 47.73, lr 2.50e-04
    epoch 65: loss 1.1065, val_ap 0.4776, minutes 48.44, lr 2.50e-04
    epoch 66: loss 1.1049, val_ap 0.4767, minutes 49.21, lr 2.50e-04
    epoch 67: loss 1.1053, val_ap 0.4718, minutes 49.86, lr 1.25e-04
    epoch 68: loss 1.0974, val_ap 0.4779, minutes 50.53, lr 1.25e-04
    epoch 69: loss 1.1118, val_ap 0.4777, minutes 51.17, lr 1.25e-04
    epoch 70: loss 1.0950, val_ap 0.4776, minutes 51.89, lr 1.25e-04
    epoch 71: loss 1.0965, val_ap 0.4765, minutes 52.5, lr 1.25e-04
    epoch 72: loss 1.1011, val_ap 0.4756, minutes 53.18, lr 1.25e-04
    epoch 73: loss 1.0961, val_ap 0.4759, minutes 53.8, lr 1.25e-04
    epoch 74: loss 1.0995, val_ap 0.4769, minutes 54.45, lr 1.25e-04
    stopping: no validation gain in 25 epochs
[scalar_random pooled_both fold 2 seed 2] done (55.0 min)
