loaded: dataset0 121,838 sites, data1 90,452
[scalar_msg pooled_both fold 2]
    kernel decay scale 108.1 nt (fitted to cell line 1 training labels)
    epoch 1: loss 1.8993, val_ap 0.1649, minutes 0.77, lr 3.31e-04
    epoch 2: loss 1.5281, val_ap 0.3554, minutes 1.55, lr 6.58e-04
    epoch 3: loss 1.3636, val_ap 0.4310, minutes 2.33, lr 9.85e-04
    epoch 4: loss 1.3013, val_ap 0.4519, minutes 3.05, lr 1.00e-03
    epoch 5: loss 1.2669, val_ap 0.4588, minutes 3.73, lr 1.00e-03
    epoch 6: loss 1.2490, val_ap 0.4614, minutes 4.44, lr 1.00e-03
    epoch 7: loss 1.2497, val_ap 0.4654, minutes 5.14, lr 1.00e-03
    epoch 8: loss 1.2372, val_ap 0.4726, minutes 5.89, lr 1.00e-03
    epoch 9: loss 1.2143, val_ap 0.4763, minutes 6.61, lr 1.00e-03
    epoch 10: loss 1.2092, val_ap 0.4785, minutes 7.37, lr 1.00e-03
    epoch 11: loss 1.2150, val_ap 0.4830, minutes 8.13, lr 1.00e-03
    epoch 12: loss 1.1942, val_ap 0.4871, minutes 8.83, lr 1.00e-03
    epoch 13: loss 1.1912, val_ap 0.4864, minutes 9.57, lr 1.00e-03
    epoch 14: loss 1.2023, val_ap 0.4863, minutes 10.29, lr 1.00e-03
    epoch 15: loss 1.1954, val_ap 0.4920, minutes 10.99, lr 1.00e-03
    epoch 16: loss 1.1863, val_ap 0.4906, minutes 11.7, lr 1.00e-03
    epoch 17: loss 1.1879, val_ap 0.4988, minutes 12.42, lr 1.00e-03
    epoch 18: loss 1.1730, val_ap 0.4958, minutes 13.21, lr 1.00e-03
    epoch 19: loss 1.1714, val_ap 0.4973, minutes 13.95, lr 1.00e-03
    epoch 20: loss 1.1653, val_ap 0.4952, minutes 14.72, lr 1.00e-03
    epoch 21: loss 1.1609, val_ap 0.5024, minutes 15.46, lr 1.00e-03
    epoch 22: loss 1.1564, val_ap 0.5052, minutes 16.21, lr 1.00e-03
    epoch 23: loss 1.1553, val_ap 0.5014, minutes 17.01, lr 1.00e-03
    epoch 24: loss 1.1567, val_ap 0.5055, minutes 17.84, lr 1.00e-03
    epoch 25: loss 1.1466, val_ap 0.5085, minutes 18.56, lr 1.00e-03
    epoch 26: loss 1.1519, val_ap 0.5039, minutes 19.34, lr 1.00e-03
    epoch 27: loss 1.1482, val_ap 0.5039, minutes 20.15, lr 1.00e-03
    epoch 28: loss 1.1393, val_ap 0.5027, minutes 20.91, lr 1.00e-03
    epoch 29: loss 1.1460, val_ap 0.5076, minutes 21.64, lr 1.00e-03
    epoch 30: loss 1.1450, val_ap 0.5037, minutes 22.37, lr 1.00e-03
    epoch 31: loss 1.1377, val_ap 0.5113, minutes 23.06, lr 1.00e-03
    epoch 32: loss 1.1309, val_ap 0.5068, minutes 23.84, lr 1.00e-03
    epoch 33: loss 1.1269, val_ap 0.5075, minutes 24.55, lr 1.00e-03
    epoch 34: loss 1.1197, val_ap 0.5085, minutes 25.36, lr 1.00e-03
    epoch 35: loss 1.1296, val_ap 0.4951, minutes 26.14, lr 1.00e-03
    epoch 36: loss 1.1199, val_ap 0.5063, minutes 26.92, lr 1.00e-03
    epoch 37: loss 1.1102, val_ap 0.5087, minutes 27.66, lr 1.00e-03
    epoch 38: loss 1.1159, val_ap 0.5102, minutes 28.39, lr 1.00e-03
    epoch 39: loss 1.1221, val_ap 0.5115, minutes 29.12, lr 1.00e-03
    epoch 40: loss 1.1184, val_ap 0.5086, minutes 29.85, lr 1.00e-03
    epoch 41: loss 1.1155, val_ap 0.5117, minutes 30.57, lr 1.00e-03
    epoch 42: loss 1.1061, val_ap 0.5044, minutes 31.28, lr 1.00e-03
    epoch 43: loss 1.1069, val_ap 0.5074, minutes 32.0, lr 1.00e-03
    epoch 44: loss 1.1085, val_ap 0.5066, minutes 32.73, lr 1.00e-03
    epoch 45: loss 1.0974, val_ap 0.5112, minutes 33.44, lr 1.00e-03
    epoch 46: loss 1.1012, val_ap 0.5087, minutes 34.2, lr 1.00e-03
    epoch 47: loss 1.1041, val_ap 0.5112, minutes 34.97, lr 1.00e-03
    epoch 48: loss 1.0979, val_ap 0.5078, minutes 35.65, lr 1.00e-03
    epoch 49: loss 1.0995, val_ap 0.5072, minutes 36.39, lr 1.00e-03
    epoch 50: loss 1.0948, val_ap 0.5060, minutes 37.16, lr 5.00e-04
    epoch 51: loss 1.0813, val_ap 0.5083, minutes 37.93, lr 5.00e-04
    epoch 52: loss 1.0790, val_ap 0.5098, minutes 38.68, lr 5.00e-04
    epoch 53: loss 1.0744, val_ap 0.4997, minutes 39.46, lr 5.00e-04
    epoch 54: loss 1.0735, val_ap 0.5064, minutes 40.22, lr 5.00e-04
    epoch 55: loss 1.0755, val_ap 0.5060, minutes 40.91, lr 5.00e-04
    epoch 56: loss 1.0690, val_ap 0.5028, minutes 41.59, lr 5.00e-04
    epoch 57: loss 1.0712, val_ap 0.5053, minutes 42.32, lr 5.00e-04
    epoch 58: loss 1.0642, val_ap 0.5061, minutes 43.08, lr 5.00e-04
    epoch 59: loss 1.0626, val_ap 0.5039, minutes 43.83, lr 2.50e-04
    epoch 60: loss 1.0580, val_ap 0.5033, minutes 44.61, lr 2.50e-04
    epoch 61: loss 1.0606, val_ap 0.5052, minutes 45.4, lr 2.50e-04
    epoch 62: loss 1.0533, val_ap 0.5047, minutes 46.19, lr 2.50e-04
    epoch 63: loss 1.0485, val_ap 0.5078, minutes 46.94, lr 2.50e-04
    epoch 64: loss 1.0505, val_ap 0.5056, minutes 47.69, lr 2.50e-04
    epoch 65: loss 1.0594, val_ap 0.5017, minutes 48.48, lr 2.50e-04
    epoch 66: loss 1.0467, val_ap 0.5010, minutes 49.28, lr 2.50e-04
    stopping: no validation gain in 25 epochs
[scalar_msg pooled_both fold 2] done (50.0 min)
