loaded: dataset0 121,838 sites, data1 90,452
[knn_static dataset0 fold 1]
    epoch 1: loss 1.2066146435106502, minutes 2.59, val_ap 0.2670828681096667, lr 0.00033431372549019606
    epoch 2: loss 0.8675218206118135, minutes 5.62, val_ap 0.44348820666218397, lr 0.0006676470588235294
    epoch 3: loss 0.7705654494026128, minutes 8.58, val_ap 0.45055748679703905, lr 0.001
    epoch 4: loss 0.7522740402642418, minutes 11.67, val_ap 0.4576676131019402, lr 0.001
    epoch 5: loss 0.7322198713527006, minutes 15.06, val_ap 0.47613536997362244, lr 0.001
    epoch 6: loss 0.7165089404758285, minutes 18.39, val_ap 0.47513207771830185, lr 0.001
    epoch 7: loss 0.7022512807565577, minutes 21.78, val_ap 0.4953322820333897, lr 0.001
    epoch 8: loss 0.6918460128061912, minutes 24.83, val_ap 0.5047034785667985, lr 0.001
    epoch 9: loss 0.6930074040504063, minutes 27.86, val_ap 0.5086559922099897, lr 0.001
    epoch 10: loss 0.6768792794031255, minutes 30.94, val_ap 0.5092574965309419, lr 0.001
    epoch 11: loss 0.6745361212421866, minutes 33.91, val_ap 0.5100803107312443, lr 0.001
    epoch 12: loss 0.6673948957639582, minutes 36.96, val_ap 0.5226534437542407, lr 0.001
    epoch 13: loss 0.668858208901742, minutes 39.98, val_ap 0.5123728118393105, lr 0.001
    epoch 14: loss 0.662918484210968, minutes 43.04, val_ap 0.5180872757704342, lr 0.001
    epoch 15: loss 0.6531602879657464, minutes 46.07, val_ap 0.5232843199804342, lr 0.001
    epoch 16: loss 0.6521242198698661, minutes 49.12, val_ap 0.5188486883365316, lr 0.001
    epoch 17: loss 0.6502687633914106, minutes 52.17, val_ap 0.5181959367848843, lr 0.001
    epoch 18: loss 0.6329423286020756, minutes 55.21, val_ap 0.5184803390744531, lr 0.001
    epoch 19: loss 0.6325279926552492, minutes 58.25, val_ap 0.5365817942613709, lr 0.001
    epoch 20: loss 0.6246395496761098, minutes 61.27, val_ap 0.5075342352274443, lr 0.001
    epoch 21: loss 0.6351894695969189, minutes 64.32, val_ap 0.5134840517157118, lr 0.001
    epoch 22: loss 0.62706189795452, minutes 67.38, val_ap 0.5136102488975957, lr 0.001
    epoch 23: loss 0.6242050909820724, minutes 70.38, val_ap 0.5183591764203501, lr 0.001
    epoch 24: loss 0.6309541313087239, minutes 73.4, val_ap 0.5078836512441198, lr 0.001
    epoch 25: loss 0.6231328336631551, minutes 76.4, val_ap 0.5252583917192072, lr 0.001
    epoch 26: loss 0.6225420839646283, minutes 79.42, val_ap 0.5074448281641696, lr 0.001
    epoch 27: loss 0.6222896875704036, minutes 82.49, val_ap 0.5209457976808958, lr 0.001
    epoch 28: loss 0.61343724105288, minutes 85.54, val_ap 0.5276489612392327, lr 0.0005
    epoch 29: loss 0.5913983567672617, minutes 88.59, val_ap 0.5331121585083279, lr 0.0005
    epoch 30: loss 0.5970861458164805, minutes 91.65, val_ap 0.5252823693854627, lr 0.0005
    epoch 31: loss 0.5941329550217179, minutes 94.73, val_ap 0.5223104465742904, lr 0.0005
    epoch 32: loss 0.5869086439995205, minutes 97.8, val_ap 0.5200134551610108, lr 0.0005
    epoch 33: loss 0.5872109806712936, minutes 100.85, val_ap 0.5265420833297799, lr 0.0005
    epoch 34: loss 0.5852749954251683, minutes 103.9, val_ap 0.5250456700467876, lr 0.0005
    epoch 35: loss 0.5806890633176355, minutes 106.95, val_ap 0.5240927587979364, lr 0.0005
    epoch 36: loss 0.5782499834895134, minutes 109.97, val_ap 0.5320666980078, lr 0.0005
    epoch 37: loss 0.5755516548367108, minutes 113.0, val_ap 0.5327174212271829, lr 0.00025
    epoch 38: loss 0.5580498958335204, minutes 116.04, val_ap 0.529901795433437, lr 0.00025
    epoch 39: loss 0.5570283474291072, minutes 119.02, val_ap 0.5314809630840075, lr 0.00025
    epoch 40: loss 0.5513515259413159, minutes 122.07, val_ap 0.5274945375413235, lr 0.00025
    epoch 41: loss 0.5623647454030374, minutes 125.14, val_ap 0.5330229102636677, lr 0.00025
    epoch 42: loss 0.5522854429834029, minutes 128.22, val_ap 0.5322649026955006, lr 0.00025
    epoch 43: loss 0.5537792555549566, minutes 131.3, val_ap 0.5344321190047657, lr 0.00025
    stopping: no validation gain in 25 epochs
[knn_static dataset0 fold 1] done (135.9 min)
