loaded: dataset0 121,838 sites, data1 90,452
[deepset pooled_both fold 3 seed 1]
    epoch 1: loss 1.1622623690222733, minutes 0.3, val_ap 0.27084217490628826, lr 0.00033389261744966444
    epoch 2: loss 0.9461464748886608, minutes 0.6, val_ap 0.3968856158620964, lr 0.0006672259507829977
    epoch 3: loss 0.881765720628252, minutes 0.91, val_ap 0.3951486357831484, lr 0.001
    epoch 4: loss 0.8593647563017455, minutes 1.2, val_ap 0.40205190008885267, lr 0.001
    epoch 5: loss 0.849800461140655, minutes 1.51, val_ap 0.42313487770423835, lr 0.001
    epoch 6: loss 0.8382942015992715, minutes 1.82, val_ap 0.42666421713144437, lr 0.001
    epoch 7: loss 0.8338541579526543, minutes 2.12, val_ap 0.42733144081424257, lr 0.001
    epoch 8: loss 0.8287275833571517, minutes 2.4, val_ap 0.4295053831340149, lr 0.001
    epoch 9: loss 0.8228116982035188, minutes 2.69, val_ap 0.4355212999361065, lr 0.001
    epoch 10: loss 0.8230396227648594, minutes 2.98, val_ap 0.4417588111571009, lr 0.001
    epoch 11: loss 0.8134569972753525, minutes 3.25, val_ap 0.4425003215262332, lr 0.001
    epoch 12: loss 0.8103895855429989, minutes 3.52, val_ap 0.4493258526081841, lr 0.001
    epoch 13: loss 0.8098576837938104, minutes 3.76, val_ap 0.4523746554676065, lr 0.001
    epoch 14: loss 0.80357139377586, minutes 4.01, val_ap 0.4545490522158683, lr 0.001
    epoch 15: loss 0.8005799037098085, minutes 4.26, val_ap 0.451425335358372, lr 0.001
    epoch 16: loss 0.7947518424999794, minutes 4.47, val_ap 0.4557725267954422, lr 0.001
    epoch 17: loss 0.7972111069916079, minutes 4.68, val_ap 0.4584052321557184, lr 0.001
    epoch 18: loss 0.7901826232371715, minutes 4.88, val_ap 0.4530932341696234, lr 0.001
    epoch 19: loss 0.7892915644001641, minutes 5.09, val_ap 0.45985040288663587, lr 0.001
    epoch 20: loss 0.7874319117341265, minutes 5.29, val_ap 0.46438383210540674, lr 0.001
    epoch 21: loss 0.7853647802000078, minutes 5.49, val_ap 0.4576070849017587, lr 0.001
    epoch 22: loss 0.7787636816501617, minutes 5.68, val_ap 0.46763618189833944, lr 0.001
    epoch 23: loss 0.7772875613214185, minutes 5.87, val_ap 0.4693298540367474, lr 0.001
    epoch 24: loss 0.7774696217087291, minutes 6.07, val_ap 0.46757307100769696, lr 0.001
    epoch 25: loss 0.7765352703480912, minutes 6.27, val_ap 0.4647076566808191, lr 0.001
    epoch 26: loss 0.7711992296796517, minutes 6.47, val_ap 0.46310797526814645, lr 0.001
    epoch 27: loss 0.7683058789112424, minutes 6.66, val_ap 0.46432052259203815, lr 0.001
    epoch 28: loss 0.7665165972789661, minutes 6.86, val_ap 0.468782536095685, lr 0.001
    epoch 29: loss 0.7662663579287144, minutes 7.06, val_ap 0.471645044584929, lr 0.001
    epoch 30: loss 0.7617619055129538, minutes 7.26, val_ap 0.4703447674341417, lr 0.001
    epoch 31: loss 0.7598235914171142, minutes 7.45, val_ap 0.46831535849374645, lr 0.001
    epoch 32: loss 0.7607240080333396, minutes 7.64, val_ap 0.4703063160481105, lr 0.001
    epoch 33: loss 0.7548717278862159, minutes 7.84, val_ap 0.470414440502969, lr 0.001
    epoch 34: loss 0.7553448194525386, minutes 8.04, val_ap 0.4678873632310901, lr 0.001
    epoch 35: loss 0.7492237881126019, minutes 8.24, val_ap 0.4734029069945354, lr 0.001
    epoch 36: loss 0.7529520901957615, minutes 8.44, val_ap 0.469074287794539, lr 0.001
    epoch 37: loss 0.7493149616674288, minutes 8.63, val_ap 0.47501006961927517, lr 0.001
    epoch 38: loss 0.7454964635556176, minutes 8.81, val_ap 0.468264365366357, lr 0.001
    epoch 39: loss 0.7488215591683484, minutes 9.0, val_ap 0.4696312319786887, lr 0.001
    epoch 40: loss 0.7476035210010189, minutes 9.18, val_ap 0.46844388273107157, lr 0.001
    epoch 41: loss 0.736102972304661, minutes 9.35, val_ap 0.46987335098964556, lr 0.001
    epoch 42: loss 0.7397060304780134, minutes 9.52, val_ap 0.4648132156246319, lr 0.001
    epoch 43: loss 0.74022136323604, minutes 9.7, val_ap 0.47394118965432414, lr 0.001
    epoch 44: loss 0.7388262830224613, minutes 9.87, val_ap 0.469909437080351, lr 0.001
    epoch 45: loss 0.7297703124232741, minutes 10.04, val_ap 0.46954093540079894, lr 0.001
    epoch 46: loss 0.7353664120571726, minutes 10.21, val_ap 0.46721127733641066, lr 0.0005
    epoch 47: loss 0.7175415689313172, minutes 10.37, val_ap 0.47070832584450584, lr 0.0005
    epoch 48: loss 0.7136716624134339, minutes 10.54, val_ap 0.47532031402375674, lr 0.0005
    epoch 49: loss 0.711757235379027, minutes 10.71, val_ap 0.4667199039242836, lr 0.0005
    epoch 50: loss 0.7096100294049954, minutes 10.87, val_ap 0.47498556046666823, lr 0.0005
    epoch 51: loss 0.7070157262902932, minutes 11.04, val_ap 0.4735135193563932, lr 0.0005
    epoch 52: loss 0.7070691055499467, minutes 11.2, val_ap 0.4752760509605357, lr 0.0005
    epoch 53: loss 0.7025248602332684, minutes 11.37, val_ap 0.4727533572477333, lr 0.0005
    epoch 54: loss 0.7073456717517552, minutes 11.53, val_ap 0.468480694336024, lr 0.0005
    epoch 55: loss 0.7012722224697171, minutes 11.7, val_ap 0.46760565165783086, lr 0.0005
    epoch 56: loss 0.7008903305602554, minutes 11.85, val_ap 0.4650035845541525, lr 0.0005
    epoch 57: loss 0.7023206856226761, minutes 12.02, val_ap 0.46655013481064495, lr 0.00025
    epoch 58: loss 0.6929885849056628, minutes 12.17, val_ap 0.4645692889403246, lr 0.00025
    epoch 59: loss 0.6863696270641064, minutes 12.34, val_ap 0.4698016515457989, lr 0.00025
    epoch 60: loss 0.684299123467215, minutes 12.49, val_ap 0.4650743074856938, lr 0.00025
    epoch 61: loss 0.6904089593347287, minutes 12.66, val_ap 0.4691424887781387, lr 0.00025
    epoch 62: loss 0.6869249248864667, minutes 12.82, val_ap 0.4691223713974849, lr 0.00025
    epoch 63: loss 0.6860415634992939, minutes 12.98, val_ap 0.46461167351766713, lr 0.00025
    epoch 64: loss 0.6793663542242658, minutes 13.15, val_ap 0.4616682610721982, lr 0.00025
    epoch 65: loss 0.6806819421933001, minutes 13.31, val_ap 0.4629810237939451, lr 0.00025
    epoch 66: loss 0.6827436215025466, minutes 13.46, val_ap 0.4606287200476088, lr 0.000125
    epoch 67: loss 0.6757515961891852, minutes 13.62, val_ap 0.4636561470446604, lr 0.000125
    epoch 68: loss 0.67326388143053, minutes 13.77, val_ap 0.46120379753508406, lr 0.000125
    epoch 69: loss 0.6745259061255711, minutes 13.92, val_ap 0.4560106424530914, lr 0.000125
    epoch 70: loss 0.6707796396425106, minutes 14.08, val_ap 0.4632577750873399, lr 0.000125
    epoch 71: loss 0.6705075714912191, minutes 14.23, val_ap 0.4641186152694527, lr 0.000125
    epoch 72: loss 0.6703541540359491, minutes 14.38, val_ap 0.463401955354733, lr 0.000125
    stopping: no validation gain in 25 epochs
[deepset pooled_both fold 3 seed 1] done (14.7 min)
