loaded: dataset0 121,838 sites, data1 90,452
[fk_band dataset0 fold 3]
    band weights [0.4, 0.363, 0.237] (bands ((0, 30), (30, 75), (75, 150)))
    epoch 1: loss 1.9662, val_ap 0.1535, minutes 0.51, lr 3.33e-04
    epoch 2: loss 1.5973, val_ap 0.2084, minutes 0.95, lr 6.63e-04
    epoch 3: loss 1.3433, val_ap 0.3945, minutes 1.41, lr 9.92e-04
    epoch 4: loss 1.1823, val_ap 0.4949, minutes 1.85, lr 1.00e-03
    epoch 5: loss 1.1065, val_ap 0.5138, minutes 2.3, lr 1.00e-03
    epoch 6: loss 1.0350, val_ap 0.5236, minutes 2.72, lr 1.00e-03
    epoch 7: loss 1.0314, val_ap 0.5397, minutes 3.19, lr 1.00e-03
    epoch 8: loss 0.9925, val_ap 0.5525, minutes 3.62, lr 1.00e-03
    epoch 9: loss 0.9883, val_ap 0.5597, minutes 4.06, lr 1.00e-03
    epoch 10: loss 0.9648, val_ap 0.5648, minutes 4.5, lr 1.00e-03
    epoch 11: loss 0.9538, val_ap 0.5668, minutes 5.0, lr 1.00e-03
    epoch 12: loss 0.9242, val_ap 0.5710, minutes 5.46, lr 1.00e-03
    epoch 13: loss 0.9259, val_ap 0.5680, minutes 5.94, lr 1.00e-03
    epoch 14: loss 0.9165, val_ap 0.5806, minutes 6.38, lr 1.00e-03
    epoch 15: loss 0.9361, val_ap 0.5811, minutes 6.86, lr 1.00e-03
    epoch 16: loss 0.9173, val_ap 0.5775, minutes 7.31, lr 1.00e-03
    epoch 17: loss 0.9403, val_ap 0.5819, minutes 7.78, lr 1.00e-03
    epoch 18: loss 0.8891, val_ap 0.5859, minutes 8.24, lr 1.00e-03
    epoch 19: loss 0.8827, val_ap 0.5834, minutes 8.73, lr 1.00e-03
    epoch 20: loss 0.8779, val_ap 0.5917, minutes 9.25, lr 1.00e-03
    epoch 21: loss 0.8841, val_ap 0.5895, minutes 9.85, lr 1.00e-03
    epoch 22: loss 0.8901, val_ap 0.5917, minutes 10.42, lr 1.00e-03
    epoch 23: loss 0.8512, val_ap 0.5944, minutes 10.94, lr 1.00e-03
    epoch 24: loss 0.8760, val_ap 0.5969, minutes 11.53, lr 1.00e-03
    epoch 25: loss 0.8563, val_ap 0.5970, minutes 12.05, lr 1.00e-03
    epoch 26: loss 0.8586, val_ap 0.5876, minutes 12.65, lr 1.00e-03
    epoch 27: loss 0.8502, val_ap 0.5980, minutes 13.19, lr 1.00e-03
    epoch 28: loss 0.8484, val_ap 0.5960, minutes 13.78, lr 1.00e-03
    epoch 29: loss 0.8397, val_ap 0.6009, minutes 14.34, lr 1.00e-03
    epoch 30: loss 0.8491, val_ap 0.6008, minutes 14.92, lr 1.00e-03
    epoch 31: loss 0.8369, val_ap 0.5933, minutes 15.48, lr 1.00e-03
    epoch 32: loss 0.8422, val_ap 0.6065, minutes 16.01, lr 1.00e-03
    epoch 33: loss 0.8414, val_ap 0.6021, minutes 16.6, lr 1.00e-03
    epoch 34: loss 0.8340, val_ap 0.6057, minutes 17.14, lr 1.00e-03
    epoch 35: loss 0.8353, val_ap 0.6055, minutes 17.73, lr 1.00e-03
    epoch 36: loss 0.8183, val_ap 0.6078, minutes 18.3, lr 1.00e-03
    epoch 37: loss 0.8194, val_ap 0.6088, minutes 18.89, lr 1.00e-03
    epoch 38: loss 0.8111, val_ap 0.6094, minutes 19.47, lr 1.00e-03
    epoch 39: loss 0.8244, val_ap 0.6129, minutes 20.08, lr 1.00e-03
    epoch 40: loss 0.8014, val_ap 0.6136, minutes 20.65, lr 1.00e-03
    epoch 41: loss 0.8170, val_ap 0.6129, minutes 21.21, lr 1.00e-03
    epoch 42: loss 0.7960, val_ap 0.6163, minutes 21.76, lr 1.00e-03
    epoch 43: loss 0.8131, val_ap 0.6134, minutes 22.33, lr 1.00e-03
    epoch 44: loss 0.8205, val_ap 0.6137, minutes 22.91, lr 1.00e-03
    epoch 45: loss 0.8089, val_ap 0.6100, minutes 23.47, lr 1.00e-03
    epoch 46: loss 0.7920, val_ap 0.6219, minutes 24.06, lr 1.00e-03
    epoch 47: loss 0.7860, val_ap 0.6202, minutes 24.63, lr 1.00e-03
    epoch 48: loss 0.7977, val_ap 0.6146, minutes 25.24, lr 1.00e-03
    epoch 49: loss 0.7789, val_ap 0.6270, minutes 25.8, lr 1.00e-03
    epoch 50: loss 0.7861, val_ap 0.6128, minutes 26.36, lr 1.00e-03
    epoch 51: loss 0.7883, val_ap 0.6149, minutes 26.9, lr 1.00e-03
    epoch 52: loss 0.7722, val_ap 0.6149, minutes 27.51, lr 1.00e-03
    epoch 53: loss 0.7694, val_ap 0.6186, minutes 28.08, lr 1.00e-03
    epoch 54: loss 0.7779, val_ap 0.6222, minutes 28.64, lr 1.00e-03
    epoch 55: loss 0.7650, val_ap 0.6222, minutes 29.22, lr 1.00e-03
    epoch 56: loss 0.7858, val_ap 0.6181, minutes 29.75, lr 1.00e-03
    epoch 57: loss 0.7738, val_ap 0.6188, minutes 30.3, lr 1.00e-03
    epoch 58: loss 0.7600, val_ap 0.6161, minutes 30.85, lr 5.00e-04
    epoch 59: loss 0.7366, val_ap 0.6259, minutes 31.42, lr 5.00e-04
    epoch 60: loss 0.7399, val_ap 0.6295, minutes 31.99, lr 5.00e-04
    epoch 61: loss 0.7394, val_ap 0.6279, minutes 32.57, lr 5.00e-04
    epoch 62: loss 0.7332, val_ap 0.6219, minutes 33.15, lr 5.00e-04
    epoch 63: loss 0.7609, val_ap 0.6277, minutes 33.73, lr 5.00e-04
    epoch 64: loss 0.7239, val_ap 0.6307, minutes 34.31, lr 5.00e-04
    epoch 65: loss 0.7337, val_ap 0.6255, minutes 34.9, lr 5.00e-04
    epoch 66: loss 0.7399, val_ap 0.6249, minutes 35.47, lr 5.00e-04
    epoch 67: loss 0.7311, val_ap 0.6324, minutes 36.05, lr 5.00e-04
    epoch 68: loss 0.7324, val_ap 0.6347, minutes 36.64, lr 5.00e-04
    epoch 69: loss 0.7211, val_ap 0.6302, minutes 37.19, lr 5.00e-04
    epoch 70: loss 0.7293, val_ap 0.6316, minutes 37.77, lr 5.00e-04
    epoch 71: loss 0.7165, val_ap 0.6330, minutes 38.33, lr 5.00e-04
    epoch 72: loss 0.7218, val_ap 0.6304, minutes 38.9, lr 5.00e-04
    epoch 73: loss 0.7114, val_ap 0.6295, minutes 39.45, lr 5.00e-04
    epoch 74: loss 0.7088, val_ap 0.6308, minutes 40.01, lr 5.00e-04
    epoch 75: loss 0.7016, val_ap 0.6301, minutes 40.59, lr 5.00e-04
    epoch 76: loss 0.7106, val_ap 0.6318, minutes 41.17, lr 5.00e-04
    epoch 77: loss 0.7132, val_ap 0.6255, minutes 41.73, lr 2.50e-04
    epoch 78: loss 0.6921, val_ap 0.6285, minutes 42.28, lr 2.50e-04
    epoch 79: loss 0.6872, val_ap 0.6313, minutes 42.89, lr 2.50e-04
    epoch 80: loss 0.6945, val_ap 0.6248, minutes 43.46, lr 2.50e-04
    epoch 81: loss 0.6785, val_ap 0.6264, minutes 44.06, lr 2.50e-04
    epoch 82: loss 0.7030, val_ap 0.6260, minutes 44.61, lr 2.50e-04
    epoch 83: loss 0.6822, val_ap 0.6272, minutes 45.18, lr 2.50e-04
    epoch 84: loss 0.6907, val_ap 0.6270, minutes 45.76, lr 2.50e-04
    epoch 85: loss 0.6924, val_ap 0.6284, minutes 46.35, lr 2.50e-04
    epoch 86: loss 0.6830, val_ap 0.6264, minutes 46.9, lr 1.25e-04
    epoch 87: loss 0.6923, val_ap 0.6289, minutes 47.46, lr 1.25e-04
    epoch 88: loss 0.6890, val_ap 0.6281, minutes 48.05, lr 1.25e-04
    epoch 89: loss 0.6744, val_ap 0.6289, minutes 48.61, lr 1.25e-04
    epoch 90: loss 0.6722, val_ap 0.6295, minutes 49.19, lr 1.25e-04
    epoch 91: loss 0.6827, val_ap 0.6289, minutes 49.77, lr 1.25e-04
    epoch 92: loss 0.6860, val_ap 0.6317, minutes 50.35, lr 1.25e-04
    epoch 93: loss 0.6683, val_ap 0.6298, minutes 50.91, lr 1.25e-04
    stopping: no validation gain in 25 epochs
[fk_band dataset0 fold 3] done (51.8 min)
