loaded: dataset0 121,838 sites, data1 90,452
[set_transformer dataset0 fold 1 seed 2]
    epoch 1: loss 1.02386003951816, minutes 1.64, val_ap 0.4204122558738422, lr 0.00033431372549019606
    epoch 2: loss 0.8141405915512758, minutes 3.6, val_ap 0.36581830349725486, lr 0.0006676470588235294
    epoch 3: loss 0.7802647095392732, minutes 5.63, val_ap 0.4806854963965707, lr 0.001
    epoch 4: loss 0.7562511128537796, minutes 7.58, val_ap 0.47945684022998664, lr 0.001
    epoch 5: loss 0.7309734145508093, minutes 9.6, val_ap 0.4853308964610769, lr 0.001
    epoch 6: loss 0.7131739876726094, minutes 11.59, val_ap 0.5108691231416977, lr 0.001
    epoch 7: loss 0.6974335618755396, minutes 13.58, val_ap 0.4851589988824828, lr 0.001
    epoch 8: loss 0.6914319816757651, minutes 15.69, val_ap 0.5106413235706851, lr 0.001
    epoch 9: loss 0.6743528781568303, minutes 17.7, val_ap 0.5177584511433619, lr 0.001
    epoch 10: loss 0.6728458477293744, minutes 19.78, val_ap 0.5085058744743494, lr 0.001
    epoch 11: loss 0.6730401380097165, minutes 21.71, val_ap 0.5247525725016422, lr 0.001
    epoch 12: loss 0.6676026130423827, minutes 23.74, val_ap 0.5095141042413668, lr 0.001
    epoch 13: loss 0.6629471628981478, minutes 25.68, val_ap 0.5144730374570943, lr 0.001
    epoch 14: loss 0.6557326862040688, minutes 27.68, val_ap 0.5307772855621633, lr 0.001
    epoch 15: loss 0.6507334685500931, minutes 29.71, val_ap 0.5245746275407099, lr 0.001
    epoch 16: loss 0.6506250291186221, minutes 31.63, val_ap 0.5226143998031839, lr 0.001
    epoch 17: loss 0.6441906637128662, minutes 33.63, val_ap 0.5294441269168652, lr 0.001
    epoch 18: loss 0.6359333191724384, minutes 35.59, val_ap 0.5125371401646128, lr 0.001
    epoch 19: loss 0.6368508513359462, minutes 37.64, val_ap 0.5319246269492907, lr 0.001
    epoch 20: loss 0.6260929861489464, minutes 39.61, val_ap 0.5289936700175091, lr 0.001
    epoch 21: loss 0.6261271534597173, minutes 41.58, val_ap 0.5220743457790243, lr 0.001
    epoch 22: loss 0.6412412860814263, minutes 43.55, val_ap 0.5255646593379669, lr 0.001
    epoch 23: loss 0.6264163056717199, minutes 45.57, val_ap 0.5259975351120906, lr 0.001
    epoch 24: loss 0.6311729138388353, minutes 47.51, val_ap 0.5169979032425519, lr 0.001
    epoch 25: loss 0.6177138505613102, minutes 49.51, val_ap 0.5338735181746688, lr 0.001
    epoch 26: loss 0.6118334627326797, minutes 51.51, val_ap 0.5385697988589447, lr 0.001
    epoch 27: loss 0.6184867099804037, minutes 53.48, val_ap 0.52701102010929, lr 0.001
    epoch 28: loss 0.618909998851664, minutes 55.38, val_ap 0.54057819170964, lr 0.001
    epoch 29: loss 0.6092905088382609, minutes 57.34, val_ap 0.5340379104348897, lr 0.001
    epoch 30: loss 0.6037338049096219, minutes 59.31, val_ap 0.5436690530976142, lr 0.001
    epoch 31: loss 0.6236251238514395, minutes 61.31, val_ap 0.5309243239389132, lr 0.001
    epoch 32: loss 0.6020814850926399, minutes 63.4, val_ap 0.5309750948219192, lr 0.001
    epoch 33: loss 0.600463925740298, minutes 65.46, val_ap 0.5373459534854217, lr 0.001
    epoch 34: loss 0.586718183405259, minutes 67.43, val_ap 0.5428743056406335, lr 0.001
    epoch 35: loss 0.5999457668732194, minutes 69.49, val_ap 0.5307720123955032, lr 0.001
    epoch 36: loss 0.5965875028687365, minutes 71.43, val_ap 0.5418849978443705, lr 0.001
    epoch 37: loss 0.5938579166636747, minutes 73.44, val_ap 0.5356999340736016, lr 0.001
    epoch 38: loss 0.5983458468142677, minutes 75.39, val_ap 0.5347316820373657, lr 0.001
    epoch 39: loss 0.5854856241275282, minutes 77.4, val_ap 0.5351268282284419, lr 0.0005
    epoch 40: loss 0.5693847101400881, minutes 79.37, val_ap 0.5482467389918949, lr 0.0005
    epoch 41: loss 0.5467048834790201, minutes 81.36, val_ap 0.5447083599818815, lr 0.0005
    epoch 42: loss 0.5437467373469297, minutes 83.34, val_ap 0.5410916291484217, lr 0.0005
    epoch 43: loss 0.5380659483811434, minutes 85.28, val_ap 0.5350723033476374, lr 0.0005
    epoch 44: loss 0.5397780103718534, minutes 87.24, val_ap 0.541319710711852, lr 0.0005
    epoch 45: loss 0.5315013556795962, minutes 89.23, val_ap 0.5351384222254137, lr 0.0005
    epoch 46: loss 0.5323002067558905, minutes 91.21, val_ap 0.5472389320575541, lr 0.0005
    epoch 47: loss 0.5316127886666971, minutes 93.11, val_ap 0.5353590496544083, lr 0.0005
    epoch 48: loss 0.5228226315010996, minutes 95.03, val_ap 0.5450381323975966, lr 0.0005
    epoch 49: loss 0.5263649788849494, minutes 96.97, val_ap 0.5512329883931607, lr 0.0005
    epoch 50: loss 0.518616801018224, minutes 98.87, val_ap 0.5526778426206521, lr 0.0005
    epoch 51: loss 0.5206023971824085, minutes 100.81, val_ap 0.5359509250536169, lr 0.0005
    epoch 52: loss 0.5180795024861308, minutes 102.73, val_ap 0.542899071607905, lr 0.0005
    epoch 53: loss 0.5188254991874975, minutes 104.66, val_ap 0.5469490048917725, lr 0.0005
    epoch 54: loss 0.5052180749090279, minutes 106.53, val_ap 0.5368744269207861, lr 0.0005
    epoch 55: loss 0.5013766051653553, minutes 108.47, val_ap 0.539815187280189, lr 0.0005
    epoch 56: loss 0.5015021574409569, minutes 110.43, val_ap 0.5454150135418527, lr 0.0005
    epoch 57: loss 0.5035422134048798, minutes 112.33, val_ap 0.5379608154927201, lr 0.0005
    epoch 58: loss 0.4956750393352088, minutes 114.2, val_ap 0.5320225774019564, lr 0.0005
    epoch 59: loss 0.490577350907466, minutes 116.07, val_ap 0.5362399499998005, lr 0.00025
    epoch 60: loss 0.4816491379895631, minutes 118.0, val_ap 0.5383865487918897, lr 0.00025
    epoch 61: loss 0.47159436651889014, minutes 119.78, val_ap 0.5356723557087587, lr 0.00025
    epoch 62: loss 0.46762123638216185, minutes 121.68, val_ap 0.542121410462133, lr 0.00025
    epoch 63: loss 0.46574169603340765, minutes 123.56, val_ap 0.5304548424270595, lr 0.00025
    epoch 64: loss 0.44857892521163995, minutes 125.37, val_ap 0.5316060607403799, lr 0.00025
    epoch 65: loss 0.46457308324820856, minutes 127.18, val_ap 0.5322882553114703, lr 0.00025
    epoch 66: loss 0.4569231304613983, minutes 129.03, val_ap 0.5387066412869949, lr 0.00025
    epoch 67: loss 0.45561902163659823, minutes 130.9, val_ap 0.5391300044933344, lr 0.00025
    epoch 68: loss 0.46250041951151455, minutes 132.71, val_ap 0.5374768184242755, lr 0.000125
    epoch 69: loss 0.43480393869035383, minutes 134.57, val_ap 0.5381898472552924, lr 0.000125
    epoch 70: loss 0.44314682396019206, minutes 136.46, val_ap 0.5385905394678857, lr 0.000125
    epoch 71: loss 0.4410052551066174, minutes 138.27, val_ap 0.5344699187488265, lr 0.000125
    epoch 72: loss 0.43778293645557237, minutes 140.1, val_ap 0.5318694880938982, lr 0.000125
    epoch 73: loss 0.4376317491864457, minutes 141.93, val_ap 0.5385802638964561, lr 0.000125
    epoch 74: loss 0.4377701987676761, minutes 143.72, val_ap 0.5334327074253972, lr 0.000125
    stopping: no validation gain in 25 epochs
[set_transformer dataset0 fold 1 seed 2] done (147.9 min)
