loaded: dataset0 121,838 sites, data1 90,452
[gat dataset0 fold 3 seed 2]
    epoch 1: loss 1.1943, val_ap 0.1994, minutes 1.58, lr 3.33e-04
    epoch 2: loss 0.9768, val_ap 0.3187, minutes 3.13, lr 6.63e-04
    epoch 3: loss 0.7925, val_ap 0.4750, minutes 4.66, lr 9.92e-04
    epoch 4: loss 0.6830, val_ap 0.5209, minutes 6.21, lr 1.00e-03
    epoch 5: loss 0.6363, val_ap 0.5427, minutes 7.78, lr 1.00e-03
    epoch 6: loss 0.6127, val_ap 0.5584, minutes 9.32, lr 1.00e-03
    epoch 7: loss 0.5753, val_ap 0.5569, minutes 10.86, lr 1.00e-03
    epoch 8: loss 0.5670, val_ap 0.5572, minutes 12.4, lr 1.00e-03
    epoch 9: loss 0.5690, val_ap 0.5628, minutes 13.96, lr 1.00e-03
    epoch 10: loss 0.5448, val_ap 0.5722, minutes 15.48, lr 1.00e-03
    epoch 11: loss 0.5180, val_ap 0.5457, minutes 17.03, lr 1.00e-03
    epoch 12: loss 0.5192, val_ap 0.5744, minutes 18.6, lr 1.00e-03
    epoch 13: loss 0.5081, val_ap 0.5656, minutes 20.13, lr 1.00e-03
    epoch 14: loss 0.5004, val_ap 0.5805, minutes 21.68, lr 1.00e-03
    epoch 15: loss 0.4700, val_ap 0.5773, minutes 23.22, lr 1.00e-03
    epoch 16: loss 0.4646, val_ap 0.5819, minutes 24.75, lr 1.00e-03
    epoch 17: loss 0.4711, val_ap 0.5864, minutes 26.28, lr 1.00e-03
    epoch 18: loss 0.4551, val_ap 0.5721, minutes 27.82, lr 1.00e-03
    epoch 19: loss 0.4489, val_ap 0.5405, minutes 29.36, lr 1.00e-03
    epoch 20: loss 0.4583, val_ap 0.5740, minutes 30.9, lr 1.00e-03
    epoch 21: loss 0.4257, val_ap 0.5645, minutes 32.42, lr 1.00e-03
    epoch 22: loss 0.4196, val_ap 0.5662, minutes 33.96, lr 1.00e-03
    epoch 23: loss 0.4086, val_ap 0.5666, minutes 35.53, lr 1.00e-03
    epoch 24: loss 0.4026, val_ap 0.5571, minutes 37.08, lr 1.00e-03
    epoch 25: loss 0.4032, val_ap 0.5574, minutes 38.61, lr 1.00e-03
    epoch 26: loss 0.4024, val_ap 0.5393, minutes 40.13, lr 5.00e-04
    epoch 27: loss 0.3482, val_ap 0.5541, minutes 41.64, lr 5.00e-04
    epoch 28: loss 0.3609, val_ap 0.5705, minutes 43.21, lr 5.00e-04
    epoch 29: loss 0.3217, val_ap 0.5564, minutes 44.74, lr 5.00e-04
    epoch 30: loss 0.3436, val_ap 0.5620, minutes 46.3, lr 5.00e-04
    epoch 31: loss 0.3120, val_ap 0.5485, minutes 47.78, lr 5.00e-04
    epoch 32: loss 0.3043, val_ap 0.5555, minutes 49.32, lr 5.00e-04
    epoch 33: loss 0.2983, val_ap 0.5492, minutes 50.85, lr 5.00e-04
    epoch 34: loss 0.3040, val_ap 0.5363, minutes 52.35, lr 5.00e-04
    epoch 35: loss 0.2891, val_ap 0.5592, minutes 53.85, lr 2.50e-04
    epoch 36: loss 0.2731, val_ap 0.5286, minutes 55.32, lr 2.50e-04
    epoch 37: loss 0.2579, val_ap 0.5385, minutes 56.75, lr 2.50e-04
    epoch 38: loss 0.2563, val_ap 0.5117, minutes 58.23, lr 2.50e-04
    epoch 39: loss 0.2625, val_ap 0.5185, minutes 59.78, lr 2.50e-04
    epoch 40: loss 0.2556, val_ap 0.5303, minutes 61.25, lr 2.50e-04
    epoch 41: loss 0.2385, val_ap 0.5286, minutes 62.74, lr 2.50e-04
    epoch 42: loss 0.2465, val_ap 0.5419, minutes 64.2, lr 2.50e-04
    stopping: no validation gain in 25 epochs
[gat dataset0 fold 3 seed 2] done (65.0 min)
