loaded: dataset0 121,838 sites, data1 90,452
[scalar_random dataset0 fold 0 seed 1]
    kernel decay scale 118.2 nt (fitted to cell line 1 training labels)
    epoch 1: loss 1.9827, val_ap 0.1112, minutes 0.49, lr 3.33e-04
    epoch 2: loss 1.6016, val_ap 0.2326, minutes 0.97, lr 6.59e-04
    epoch 3: loss 1.3649, val_ap 0.3799, minutes 1.45, lr 9.88e-04
    epoch 4: loss 1.2396, val_ap 0.4174, minutes 1.94, lr 1.00e-03
    epoch 5: loss 1.1893, val_ap 0.4291, minutes 2.41, lr 1.00e-03
    epoch 6: loss 1.1577, val_ap 0.4304, minutes 2.91, lr 1.00e-03
    epoch 7: loss 1.1684, val_ap 0.4341, minutes 3.38, lr 1.00e-03
    epoch 8: loss 1.1234, val_ap 0.4339, minutes 3.86, lr 1.00e-03
    epoch 9: loss 1.1087, val_ap 0.4508, minutes 4.34, lr 1.00e-03
    epoch 10: loss 1.0811, val_ap 0.4427, minutes 4.82, lr 1.00e-03
    epoch 11: loss 1.0655, val_ap 0.4543, minutes 5.31, lr 1.00e-03
    epoch 12: loss 1.0669, val_ap 0.4536, minutes 5.79, lr 1.00e-03
    epoch 13: loss 1.0782, val_ap 0.4436, minutes 6.31, lr 1.00e-03
    epoch 14: loss 1.0484, val_ap 0.4683, minutes 6.78, lr 1.00e-03
    epoch 15: loss 1.0340, val_ap 0.4601, minutes 7.28, lr 1.00e-03
    epoch 16: loss 1.0416, val_ap 0.4613, minutes 7.8, lr 1.00e-03
    epoch 17: loss 1.0605, val_ap 0.4664, minutes 8.27, lr 1.00e-03
    epoch 18: loss 1.0303, val_ap 0.4714, minutes 8.8, lr 1.00e-03
    epoch 19: loss 1.0330, val_ap 0.4704, minutes 9.29, lr 1.00e-03
    epoch 20: loss 1.0216, val_ap 0.4859, minutes 9.81, lr 1.00e-03
    epoch 21: loss 1.0195, val_ap 0.4842, minutes 10.31, lr 1.00e-03
    epoch 22: loss 0.9967, val_ap 0.4762, minutes 10.76, lr 1.00e-03
    epoch 23: loss 1.0011, val_ap 0.4829, minutes 11.3, lr 1.00e-03
    epoch 24: loss 1.0001, val_ap 0.4828, minutes 11.77, lr 1.00e-03
    epoch 25: loss 0.9940, val_ap 0.4868, minutes 12.26, lr 1.00e-03
    epoch 26: loss 1.0015, val_ap 0.5012, minutes 12.77, lr 1.00e-03
    epoch 27: loss 1.0080, val_ap 0.4944, minutes 13.26, lr 1.00e-03
    epoch 28: loss 1.0165, val_ap 0.4941, minutes 13.76, lr 1.00e-03
    epoch 29: loss 0.9733, val_ap 0.4934, minutes 14.26, lr 1.00e-03
    epoch 30: loss 0.9720, val_ap 0.4998, minutes 14.77, lr 1.00e-03
    epoch 31: loss 0.9792, val_ap 0.5011, minutes 15.26, lr 1.00e-03
    epoch 32: loss 0.9986, val_ap 0.5045, minutes 15.72, lr 1.00e-03
    epoch 33: loss 0.9706, val_ap 0.5025, minutes 16.25, lr 1.00e-03
    epoch 34: loss 0.9555, val_ap 0.5094, minutes 16.75, lr 1.00e-03
    epoch 35: loss 0.9610, val_ap 0.5099, minutes 17.27, lr 1.00e-03
    epoch 36: loss 0.9560, val_ap 0.5212, minutes 17.74, lr 1.00e-03
    epoch 37: loss 0.9734, val_ap 0.5053, minutes 18.2, lr 1.00e-03
    epoch 38: loss 0.9638, val_ap 0.5053, minutes 18.67, lr 1.00e-03
    epoch 39: loss 0.9538, val_ap 0.5063, minutes 19.14, lr 1.00e-03
    epoch 40: loss 0.9817, val_ap 0.5151, minutes 19.66, lr 1.00e-03
    epoch 41: loss 0.9476, val_ap 0.5160, minutes 20.1, lr 1.00e-03
    epoch 42: loss 0.9461, val_ap 0.5122, minutes 20.57, lr 1.00e-03
    epoch 43: loss 0.9377, val_ap 0.5201, minutes 21.04, lr 1.00e-03
    epoch 44: loss 0.9554, val_ap 0.5258, minutes 21.5, lr 1.00e-03
    epoch 45: loss 0.9299, val_ap 0.5268, minutes 22.0, lr 1.00e-03
    epoch 46: loss 0.9199, val_ap 0.5221, minutes 22.49, lr 1.00e-03
    epoch 47: loss 0.9368, val_ap 0.5105, minutes 22.98, lr 1.00e-03
    epoch 48: loss 0.9221, val_ap 0.5259, minutes 23.51, lr 1.00e-03
    epoch 49: loss 0.9426, val_ap 0.5306, minutes 23.99, lr 1.00e-03
    epoch 50: loss 0.9223, val_ap 0.5248, minutes 24.47, lr 1.00e-03
    epoch 51: loss 0.9076, val_ap 0.5383, minutes 24.95, lr 1.00e-03
    epoch 52: loss 0.9128, val_ap 0.5315, minutes 25.47, lr 1.00e-03
    epoch 53: loss 0.9135, val_ap 0.5173, minutes 25.97, lr 1.00e-03
    epoch 54: loss 0.9153, val_ap 0.5305, minutes 26.42, lr 1.00e-03
    epoch 55: loss 0.9055, val_ap 0.5356, minutes 26.9, lr 1.00e-03
    epoch 56: loss 0.9095, val_ap 0.5314, minutes 27.39, lr 1.00e-03
    epoch 57: loss 0.9245, val_ap 0.5346, minutes 27.9, lr 1.00e-03
    epoch 58: loss 0.8892, val_ap 0.5405, minutes 28.39, lr 1.00e-03
    epoch 59: loss 0.9086, val_ap 0.5291, minutes 28.88, lr 1.00e-03
    epoch 60: loss 0.9494, val_ap 0.5385, minutes 29.4, lr 1.00e-03
    epoch 61: loss 1.0098, val_ap 0.5213, minutes 29.88, lr 1.00e-03
    epoch 62: loss 0.9059, val_ap 0.5345, minutes 30.4, lr 1.00e-03
    epoch 63: loss 0.9081, val_ap 0.5421, minutes 30.88, lr 1.00e-03
    epoch 64: loss 0.9070, val_ap 0.5398, minutes 31.38, lr 1.00e-03
    epoch 65: loss 0.8877, val_ap 0.5385, minutes 31.89, lr 1.00e-03
    epoch 66: loss 0.9111, val_ap 0.5323, minutes 32.38, lr 1.00e-03
    epoch 67: loss 0.9130, val_ap 0.5287, minutes 32.88, lr 1.00e-03
    epoch 68: loss 0.8936, val_ap 0.5366, minutes 33.33, lr 1.00e-03
    epoch 69: loss 0.8927, val_ap 0.5309, minutes 33.86, lr 1.00e-03
    epoch 70: loss 0.8946, val_ap 0.5268, minutes 34.37, lr 1.00e-03
    epoch 71: loss 0.8954, val_ap 0.5363, minutes 34.83, lr 1.00e-03
    epoch 72: loss 0.8828, val_ap 0.5424, minutes 35.34, lr 1.00e-03
    epoch 73: loss 0.8867, val_ap 0.5496, minutes 35.84, lr 1.00e-03
    epoch 74: loss 0.8777, val_ap 0.5417, minutes 36.33, lr 1.00e-03
    epoch 75: loss 0.8703, val_ap 0.5443, minutes 36.83, lr 1.00e-03
    epoch 76: loss 0.8944, val_ap 0.5366, minutes 37.33, lr 1.00e-03
    epoch 77: loss 1.0027, val_ap 0.4948, minutes 37.82, lr 1.00e-03
    epoch 78: loss 0.9068, val_ap 0.5081, minutes 38.3, lr 1.00e-03
    epoch 79: loss 0.8933, val_ap 0.5012, minutes 38.79, lr 1.00e-03
    epoch 80: loss 0.8841, val_ap 0.5136, minutes 39.3, lr 1.00e-03
    epoch 81: loss 0.8902, val_ap 0.5216, minutes 39.82, lr 1.00e-03
    epoch 82: loss 0.8701, val_ap 0.5316, minutes 40.32, lr 5.00e-04
    epoch 83: loss 0.8464, val_ap 0.5290, minutes 40.85, lr 5.00e-04
    epoch 84: loss 0.8435, val_ap 0.5397, minutes 41.35, lr 5.00e-04
    epoch 85: loss 0.8581, val_ap 0.5376, minutes 41.84, lr 5.00e-04
    epoch 86: loss 0.8385, val_ap 0.5422, minutes 42.34, lr 5.00e-04
    epoch 87: loss 0.8539, val_ap 0.5377, minutes 42.85, lr 5.00e-04
    epoch 88: loss 0.8370, val_ap 0.5461, minutes 43.34, lr 5.00e-04
    epoch 89: loss 0.8296, val_ap 0.5428, minutes 43.85, lr 5.00e-04
    epoch 90: loss 0.8395, val_ap 0.5342, minutes 44.31, lr 5.00e-04
    epoch 91: loss 0.8460, val_ap 0.5438, minutes 44.76, lr 2.50e-04
    epoch 92: loss 0.8201, val_ap 0.5438, minutes 45.26, lr 2.50e-04
    epoch 93: loss 0.8378, val_ap 0.5389, minutes 45.77, lr 2.50e-04
    epoch 94: loss 0.8154, val_ap 0.5412, minutes 46.28, lr 2.50e-04
    epoch 95: loss 0.8217, val_ap 0.5448, minutes 46.8, lr 2.50e-04
    epoch 96: loss 0.8125, val_ap 0.5420, minutes 47.32, lr 2.50e-04
    epoch 97: loss 0.8115, val_ap 0.5414, minutes 47.79, lr 2.50e-04
    epoch 98: loss 0.8094, val_ap 0.5462, minutes 48.26, lr 2.50e-04
    stopping: no validation gain in 25 epochs
[scalar_random dataset0 fold 0 seed 1] done (49.0 min)
