loaded: dataset0 121,838 sites, data1 90,452
[gcn dataset0 fold 3 seed 1]
    epoch 1: loss 1.3206, val_ap 0.0950, minutes 0.56, lr 3.33e-04
    epoch 2: loss 1.2719, val_ap 0.1015, minutes 1.14, lr 6.63e-04
    epoch 3: loss 1.1316, val_ap 0.2217, minutes 1.76, lr 9.92e-04
    epoch 4: loss 1.0006, val_ap 0.2881, minutes 2.34, lr 1.00e-03
    epoch 5: loss 0.8997, val_ap 0.3165, minutes 2.92, lr 1.00e-03
    epoch 6: loss 0.8799, val_ap 0.3230, minutes 3.53, lr 1.00e-03
    epoch 7: loss 0.8640, val_ap 0.3200, minutes 4.04, lr 1.00e-03
    epoch 8: loss 0.8418, val_ap 0.3255, minutes 4.67, lr 1.00e-03
    epoch 9: loss 0.8395, val_ap 0.3252, minutes 5.25, lr 1.00e-03
    epoch 10: loss 0.8350, val_ap 0.3359, minutes 5.87, lr 1.00e-03
    epoch 11: loss 0.8256, val_ap 0.3324, minutes 6.46, lr 1.00e-03
    epoch 12: loss 0.8229, val_ap 0.3367, minutes 7.06, lr 1.00e-03
    epoch 13: loss 0.7999, val_ap 0.3400, minutes 7.67, lr 1.00e-03
    epoch 14: loss 0.8034, val_ap 0.3343, minutes 8.28, lr 1.00e-03
    epoch 15: loss 0.7889, val_ap 0.3443, minutes 8.89, lr 1.00e-03
    epoch 16: loss 0.7801, val_ap 0.3446, minutes 9.51, lr 1.00e-03
    epoch 17: loss 0.7802, val_ap 0.3478, minutes 10.07, lr 1.00e-03
    epoch 18: loss 0.7862, val_ap 0.3438, minutes 10.65, lr 1.00e-03
    epoch 19: loss 0.7853, val_ap 0.3443, minutes 11.23, lr 1.00e-03
    epoch 20: loss 0.7533, val_ap 0.3433, minutes 11.81, lr 1.00e-03
    epoch 21: loss 0.7568, val_ap 0.3475, minutes 12.41, lr 1.00e-03
    epoch 22: loss 0.7687, val_ap 0.3486, minutes 13.01, lr 1.00e-03
    epoch 23: loss 0.7525, val_ap 0.3483, minutes 13.59, lr 1.00e-03
    epoch 24: loss 0.7507, val_ap 0.3469, minutes 14.16, lr 1.00e-03
    epoch 25: loss 0.7522, val_ap 0.3454, minutes 14.77, lr 1.00e-03
    epoch 26: loss 0.7433, val_ap 0.3472, minutes 15.33, lr 1.00e-03
    epoch 27: loss 0.7477, val_ap 0.3486, minutes 15.94, lr 1.00e-03
    epoch 28: loss 0.7508, val_ap 0.3472, minutes 16.57, lr 1.00e-03
    epoch 29: loss 0.7384, val_ap 0.3494, minutes 17.13, lr 1.00e-03
    epoch 30: loss 0.7341, val_ap 0.3470, minutes 17.72, lr 1.00e-03
    epoch 31: loss 0.7374, val_ap 0.3437, minutes 18.28, lr 1.00e-03
    epoch 32: loss 0.7351, val_ap 0.3483, minutes 18.85, lr 1.00e-03
    epoch 33: loss 0.7253, val_ap 0.3528, minutes 19.41, lr 1.00e-03
    epoch 34: loss 0.7246, val_ap 0.3463, minutes 19.94, lr 1.00e-03
    epoch 35: loss 0.7317, val_ap 0.3521, minutes 20.47, lr 1.00e-03
    epoch 36: loss 0.7228, val_ap 0.3480, minutes 21.09, lr 1.00e-03
    epoch 37: loss 0.7239, val_ap 0.3532, minutes 21.7, lr 1.00e-03
    epoch 38: loss 0.7229, val_ap 0.3531, minutes 22.31, lr 1.00e-03
    epoch 39: loss 0.7200, val_ap 0.3561, minutes 22.89, lr 1.00e-03
    epoch 40: loss 0.7083, val_ap 0.3536, minutes 23.51, lr 1.00e-03
    epoch 41: loss 0.7110, val_ap 0.3512, minutes 24.11, lr 1.00e-03
    epoch 42: loss 0.7102, val_ap 0.3510, minutes 24.73, lr 1.00e-03
    epoch 43: loss 0.7069, val_ap 0.3575, minutes 25.33, lr 1.00e-03
    epoch 44: loss 0.6932, val_ap 0.3573, minutes 25.91, lr 1.00e-03
    epoch 45: loss 0.7055, val_ap 0.3555, minutes 26.45, lr 1.00e-03
    epoch 46: loss 0.7080, val_ap 0.3542, minutes 27.0, lr 1.00e-03
    epoch 47: loss 0.7021, val_ap 0.3588, minutes 27.53, lr 1.00e-03
    epoch 48: loss 0.6998, val_ap 0.3537, minutes 28.07, lr 1.00e-03
    epoch 49: loss 0.6934, val_ap 0.3612, minutes 28.67, lr 1.00e-03
    epoch 50: loss 0.6960, val_ap 0.3537, minutes 29.23, lr 1.00e-03
    epoch 51: loss 0.6982, val_ap 0.3622, minutes 29.79, lr 1.00e-03
    epoch 52: loss 0.6986, val_ap 0.3570, minutes 30.34, lr 1.00e-03
    epoch 53: loss 0.6868, val_ap 0.3591, minutes 30.87, lr 1.00e-03
    epoch 54: loss 0.6862, val_ap 0.3614, minutes 31.42, lr 1.00e-03
    epoch 55: loss 0.6771, val_ap 0.3612, minutes 31.95, lr 1.00e-03
    epoch 56: loss 0.7099, val_ap 0.3586, minutes 32.51, lr 1.00e-03
    epoch 57: loss 0.6891, val_ap 0.3610, minutes 33.08, lr 1.00e-03
    epoch 58: loss 0.6931, val_ap 0.3587, minutes 33.61, lr 1.00e-03
    epoch 59: loss 0.6772, val_ap 0.3609, minutes 34.14, lr 1.00e-03
    epoch 60: loss 0.6799, val_ap 0.3594, minutes 34.7, lr 5.00e-04
    epoch 61: loss 0.6778, val_ap 0.3684, minutes 35.27, lr 5.00e-04
    epoch 62: loss 0.6634, val_ap 0.3671, minutes 35.83, lr 5.00e-04
    epoch 63: loss 0.6574, val_ap 0.3635, minutes 36.41, lr 5.00e-04
    epoch 64: loss 0.6690, val_ap 0.3667, minutes 36.95, lr 5.00e-04
    epoch 65: loss 0.6601, val_ap 0.3604, minutes 37.53, lr 5.00e-04
    epoch 66: loss 0.6534, val_ap 0.3643, minutes 38.07, lr 5.00e-04
    epoch 67: loss 0.6566, val_ap 0.3663, minutes 38.63, lr 5.00e-04
    epoch 68: loss 0.6642, val_ap 0.3646, minutes 39.19, lr 5.00e-04
    epoch 69: loss 0.6651, val_ap 0.3620, minutes 39.77, lr 5.00e-04
    epoch 70: loss 0.6635, val_ap 0.3617, minutes 40.33, lr 2.50e-04
    epoch 71: loss 0.6462, val_ap 0.3667, minutes 40.9, lr 2.50e-04
    epoch 72: loss 0.6514, val_ap 0.3653, minutes 41.47, lr 2.50e-04
    epoch 73: loss 0.6554, val_ap 0.3669, minutes 42.03, lr 2.50e-04
    epoch 74: loss 0.6364, val_ap 0.3648, minutes 42.59, lr 2.50e-04
    epoch 75: loss 0.6440, val_ap 0.3615, minutes 43.15, lr 2.50e-04
    epoch 76: loss 0.6366, val_ap 0.3670, minutes 43.7, lr 2.50e-04
    epoch 77: loss 0.6345, val_ap 0.3677, minutes 44.26, lr 2.50e-04
    epoch 78: loss 0.6418, val_ap 0.3661, minutes 44.82, lr 2.50e-04
    epoch 79: loss 0.6386, val_ap 0.3662, minutes 45.37, lr 1.25e-04
    epoch 80: loss 0.6409, val_ap 0.3667, minutes 45.91, lr 1.25e-04
    epoch 81: loss 0.6453, val_ap 0.3673, minutes 46.47, lr 1.25e-04
    epoch 82: loss 0.6381, val_ap 0.3656, minutes 46.98, lr 1.25e-04
    epoch 83: loss 0.6362, val_ap 0.3684, minutes 47.54, lr 1.25e-04
    epoch 84: loss 0.6439, val_ap 0.3658, minutes 48.08, lr 1.25e-04
    epoch 85: loss 0.6402, val_ap 0.3678, minutes 48.59, lr 1.25e-04
    epoch 86: loss 0.6241, val_ap 0.3690, minutes 49.11, lr 1.25e-04
    epoch 87: loss 0.6336, val_ap 0.3680, minutes 49.63, lr 1.25e-04
    epoch 88: loss 0.6391, val_ap 0.3685, minutes 50.19, lr 1.25e-04
    epoch 89: loss 0.6365, val_ap 0.3681, minutes 50.73, lr 1.25e-04
    epoch 90: loss 0.6456, val_ap 0.3672, minutes 51.26, lr 1.25e-04
    epoch 91: loss 0.6365, val_ap 0.3680, minutes 51.79, lr 1.25e-04
    epoch 92: loss 0.6303, val_ap 0.3671, minutes 52.33, lr 1.25e-04
    epoch 93: loss 0.6337, val_ap 0.3631, minutes 52.87, lr 1.25e-04
    epoch 94: loss 0.6353, val_ap 0.3651, minutes 53.42, lr 1.25e-04
    epoch 95: loss 0.6291, val_ap 0.3665, minutes 53.93, lr 6.25e-05
    epoch 96: loss 0.6321, val_ap 0.3688, minutes 54.48, lr 6.25e-05
    epoch 97: loss 0.6300, val_ap 0.3693, minutes 55.02, lr 6.25e-05
    epoch 98: loss 0.6285, val_ap 0.3679, minutes 55.56, lr 6.25e-05
    epoch 99: loss 0.6295, val_ap 0.3696, minutes 56.12, lr 6.25e-05
    epoch 100: loss 0.6363, val_ap 0.3684, minutes 56.66, lr 6.25e-05
    epoch 101: loss 0.6333, val_ap 0.3677, minutes 57.19, lr 6.25e-05
    epoch 102: loss 0.6273, val_ap 0.3668, minutes 57.72, lr 6.25e-05
    epoch 103: loss 0.6262, val_ap 0.3686, minutes 58.24, lr 6.25e-05
    epoch 104: loss 0.6269, val_ap 0.3673, minutes 58.74, lr 6.25e-05
    epoch 105: loss 0.6291, val_ap 0.3674, minutes 59.26, lr 6.25e-05
    epoch 106: loss 0.6307, val_ap 0.3670, minutes 59.8, lr 6.25e-05
    epoch 107: loss 0.6319, val_ap 0.3665, minutes 60.34, lr 6.25e-05
    epoch 108: loss 0.6174, val_ap 0.3670, minutes 60.89, lr 3.13e-05
    epoch 109: loss 0.6192, val_ap 0.3668, minutes 61.41, lr 3.13e-05
    epoch 110: loss 0.6244, val_ap 0.3666, minutes 61.93, lr 3.13e-05
    epoch 111: loss 0.6271, val_ap 0.3664, minutes 62.45, lr 3.13e-05
    epoch 112: loss 0.6210, val_ap 0.3668, minutes 63.01, lr 3.13e-05
    epoch 113: loss 0.6394, val_ap 0.3664, minutes 63.58, lr 3.13e-05
    epoch 114: loss 0.6221, val_ap 0.3664, minutes 64.11, lr 3.13e-05
    epoch 115: loss 0.6239, val_ap 0.3676, minutes 64.66, lr 3.13e-05
    epoch 116: loss 0.6235, val_ap 0.3669, minutes 65.19, lr 3.13e-05
    epoch 117: loss 0.6231, val_ap 0.3670, minutes 65.74, lr 1.56e-05
    epoch 118: loss 0.6283, val_ap 0.3669, minutes 66.29, lr 1.56e-05
    epoch 119: loss 0.6252, val_ap 0.3669, minutes 66.83, lr 1.56e-05
    epoch 120: loss 0.6214, val_ap 0.3671, minutes 67.36, lr 1.56e-05
    epoch 121: loss 0.6255, val_ap 0.3672, minutes 67.9, lr 1.56e-05
    epoch 122: loss 0.6166, val_ap 0.3663, minutes 68.43, lr 1.56e-05
    epoch 123: loss 0.6270, val_ap 0.3665, minutes 68.96, lr 1.56e-05
    epoch 124: loss 0.6204, val_ap 0.3671, minutes 69.51, lr 1.56e-05
    stopping: no validation gain in 25 epochs
[gcn dataset0 fold 3 seed 1] done (70.2 min)
