loaded: dataset0 121,838 sites, data1 90,452
[res_nogate pooled_both fold 1]
    kernel decay scale 114.6 nt (fitted to cell line 1 training labels)
    epoch 1: loss 1.8848, val_ap 0.1826, minutes 0.83, lr 3.31e-04
    epoch 2: loss 1.5376, val_ap 0.3537, minutes 1.65, lr 6.60e-04
    epoch 3: loss 1.3861, val_ap 0.4287, minutes 2.45, lr 9.89e-04
    epoch 4: loss 1.3231, val_ap 0.4443, minutes 3.28, lr 1.00e-03
    epoch 5: loss 1.2812, val_ap 0.4510, minutes 4.09, lr 1.00e-03
    epoch 6: loss 1.2672, val_ap 0.4560, minutes 4.93, lr 1.00e-03
    epoch 7: loss 1.2546, val_ap 0.4637, minutes 5.79, lr 1.00e-03
    epoch 8: loss 1.2553, val_ap 0.4557, minutes 6.65, lr 1.00e-03
    epoch 9: loss 1.2346, val_ap 0.4637, minutes 7.51, lr 1.00e-03
    epoch 10: loss 1.2204, val_ap 0.4730, minutes 8.43, lr 1.00e-03
    epoch 11: loss 1.2184, val_ap 0.4735, minutes 9.26, lr 1.00e-03
    epoch 12: loss 1.2231, val_ap 0.4763, minutes 10.18, lr 1.00e-03
    epoch 13: loss 1.2074, val_ap 0.4744, minutes 11.06, lr 1.00e-03
    epoch 14: loss 1.1989, val_ap 0.4812, minutes 11.91, lr 1.00e-03
    epoch 15: loss 1.2068, val_ap 0.4839, minutes 12.73, lr 1.00e-03
    epoch 16: loss 1.1957, val_ap 0.4834, minutes 13.61, lr 1.00e-03
    epoch 17: loss 1.1922, val_ap 0.4875, minutes 14.45, lr 1.00e-03
    epoch 18: loss 1.1850, val_ap 0.4800, minutes 15.4, lr 1.00e-03
    epoch 19: loss 1.1923, val_ap 0.4866, minutes 16.25, lr 1.00e-03
    epoch 20: loss 1.1758, val_ap 0.4843, minutes 17.08, lr 1.00e-03
    epoch 21: loss 1.1798, val_ap 0.4917, minutes 17.96, lr 1.00e-03
    epoch 22: loss 1.1835, val_ap 0.4870, minutes 18.85, lr 1.00e-03
    epoch 23: loss 1.1822, val_ap 0.4881, minutes 19.74, lr 1.00e-03
    epoch 24: loss 1.1647, val_ap 0.4799, minutes 20.6, lr 1.00e-03
    epoch 25: loss 1.1634, val_ap 0.4849, minutes 21.47, lr 1.00e-03
    epoch 26: loss 1.1640, val_ap 0.4865, minutes 22.39, lr 1.00e-03
    epoch 27: loss 1.1658, val_ap 0.4856, minutes 23.26, lr 1.00e-03
    epoch 28: loss 1.1554, val_ap 0.4843, minutes 24.12, lr 1.00e-03
    epoch 29: loss 1.1541, val_ap 0.4875, minutes 24.98, lr 1.00e-03
    epoch 30: loss 1.1472, val_ap 0.4902, minutes 25.84, lr 5.00e-04
    epoch 31: loss 1.1343, val_ap 0.4929, minutes 26.72, lr 5.00e-04
    epoch 32: loss 1.1286, val_ap 0.4939, minutes 27.52, lr 5.00e-04
    epoch 33: loss 1.1276, val_ap 0.4948, minutes 28.38, lr 5.00e-04
    epoch 34: loss 1.1377, val_ap 0.4938, minutes 29.26, lr 5.00e-04
    epoch 35: loss 1.1264, val_ap 0.4940, minutes 30.01, lr 5.00e-04
    epoch 36: loss 1.1231, val_ap 0.4931, minutes 30.78, lr 5.00e-04
    epoch 37: loss 1.1298, val_ap 0.4966, minutes 31.56, lr 5.00e-04
    epoch 38: loss 1.1208, val_ap 0.4925, minutes 32.36, lr 5.00e-04
    epoch 39: loss 1.1231, val_ap 0.4956, minutes 33.18, lr 5.00e-04
    epoch 40: loss 1.1204, val_ap 0.5005, minutes 34.03, lr 5.00e-04
    epoch 41: loss 1.1147, val_ap 0.4953, minutes 34.81, lr 5.00e-04
    epoch 42: loss 1.1227, val_ap 0.4971, minutes 35.61, lr 5.00e-04
    epoch 43: loss 1.1114, val_ap 0.4938, minutes 36.38, lr 5.00e-04
    epoch 44: loss 1.1128, val_ap 0.4948, minutes 37.16, lr 5.00e-04
    epoch 45: loss 1.1089, val_ap 0.5003, minutes 38.0, lr 5.00e-04
    epoch 46: loss 1.1082, val_ap 0.4927, minutes 38.82, lr 5.00e-04
    epoch 47: loss 1.1097, val_ap 0.4943, minutes 39.65, lr 5.00e-04
    epoch 48: loss 1.1053, val_ap 0.4921, minutes 40.5, lr 5.00e-04
    epoch 49: loss 1.1046, val_ap 0.4939, minutes 41.34, lr 2.50e-04
    epoch 50: loss 1.0991, val_ap 0.4922, minutes 42.09, lr 2.50e-04
    epoch 51: loss 1.0894, val_ap 0.4941, minutes 42.96, lr 2.50e-04
    epoch 52: loss 1.0937, val_ap 0.4934, minutes 43.84, lr 2.50e-04
    epoch 53: loss 1.0903, val_ap 0.4973, minutes 44.62, lr 2.50e-04
    epoch 54: loss 1.0849, val_ap 0.4895, minutes 45.39, lr 2.50e-04
    epoch 55: loss 1.0895, val_ap 0.4918, minutes 46.16, lr 2.50e-04
    epoch 56: loss 1.0878, val_ap 0.4990, minutes 46.95, lr 2.50e-04
    epoch 57: loss 1.0893, val_ap 0.4922, minutes 47.73, lr 2.50e-04
    epoch 58: loss 1.0847, val_ap 0.4921, minutes 48.59, lr 1.25e-04
    epoch 59: loss 1.0767, val_ap 0.4936, minutes 49.39, lr 1.25e-04
    epoch 60: loss 1.0753, val_ap 0.4937, minutes 50.22, lr 1.25e-04
    epoch 61: loss 1.0741, val_ap 0.4931, minutes 51.07, lr 1.25e-04
    epoch 62: loss 1.0858, val_ap 0.4893, minutes 51.85, lr 1.25e-04
    epoch 63: loss 1.0791, val_ap 0.4914, minutes 52.71, lr 1.25e-04
    epoch 64: loss 1.0741, val_ap 0.4952, minutes 53.53, lr 1.25e-04
    epoch 65: loss 1.0753, val_ap 0.4910, minutes 54.33, lr 1.25e-04
    stopping: no validation gain in 25 epochs
[res_nogate pooled_both fold 1] done (55.2 min)
