loaded: dataset0 121,838 sites, data1 90,452
[gps pooled_both fold 0 seed 2]
    epoch 1: loss 1.8859, val_ap 0.1914, minutes 2.47, lr 3.31e-04
    epoch 2: loss 1.5341, val_ap 0.3291, minutes 4.9, lr 6.60e-04
    epoch 3: loss 1.3679, val_ap 0.3988, minutes 7.36, lr 9.89e-04
    epoch 4: loss 1.2874, val_ap 0.4122, minutes 9.83, lr 1.00e-03
    epoch 5: loss 1.2584, val_ap 0.4253, minutes 12.25, lr 1.00e-03
    epoch 6: loss 1.2482, val_ap 0.4324, minutes 14.82, lr 1.00e-03
    epoch 7: loss 1.2290, val_ap 0.4307, minutes 17.43, lr 1.00e-03
    epoch 8: loss 1.2119, val_ap 0.4439, minutes 20.05, lr 1.00e-03
    epoch 9: loss 1.2071, val_ap 0.4520, minutes 22.59, lr 1.00e-03
    epoch 10: loss 1.2035, val_ap 0.4521, minutes 25.17, lr 1.00e-03
    epoch 11: loss 1.1896, val_ap 0.4500, minutes 27.73, lr 1.00e-03
    epoch 12: loss 1.1865, val_ap 0.4638, minutes 30.41, lr 1.00e-03
    epoch 13: loss 1.1726, val_ap 0.4632, minutes 33.14, lr 1.00e-03
    epoch 14: loss 1.1616, val_ap 0.4618, minutes 35.72, lr 1.00e-03
    epoch 15: loss 1.1658, val_ap 0.4704, minutes 38.29, lr 1.00e-03
    epoch 16: loss 1.1542, val_ap 0.4630, minutes 40.83, lr 1.00e-03
    epoch 17: loss 1.1400, val_ap 0.4670, minutes 43.43, lr 1.00e-03
    epoch 18: loss 1.1459, val_ap 0.4577, minutes 45.92, lr 1.00e-03
    epoch 19: loss 1.1298, val_ap 0.4676, minutes 48.49, lr 1.00e-03
    epoch 20: loss 1.1295, val_ap 0.4689, minutes 51.14, lr 1.00e-03
    epoch 21: loss 1.1171, val_ap 0.4825, minutes 53.73, lr 1.00e-03
    epoch 22: loss 1.1197, val_ap 0.4794, minutes 56.3, lr 1.00e-03
    epoch 23: loss 1.1244, val_ap 0.4773, minutes 58.94, lr 1.00e-03
    epoch 24: loss 1.1042, val_ap 0.4786, minutes 61.46, lr 1.00e-03
    epoch 25: loss 1.1027, val_ap 0.4788, minutes 64.03, lr 1.00e-03
    epoch 26: loss 1.0857, val_ap 0.4774, minutes 66.57, lr 1.00e-03
    epoch 27: loss 1.0779, val_ap 0.4774, minutes 69.17, lr 1.00e-03
    epoch 28: loss 1.0757, val_ap 0.4819, minutes 71.7, lr 1.00e-03
    epoch 29: loss 1.0743, val_ap 0.4680, minutes 74.22, lr 1.00e-03
    epoch 30: loss 1.0610, val_ap 0.4723, minutes 76.85, lr 5.00e-04
    epoch 31: loss 1.0375, val_ap 0.4779, minutes 79.42, lr 5.00e-04
    epoch 32: loss 1.0219, val_ap 0.4708, minutes 81.87, lr 5.00e-04
    epoch 33: loss 1.0241, val_ap 0.4729, minutes 84.54, lr 5.00e-04
    epoch 34: loss 1.0200, val_ap 0.4708, minutes 87.13, lr 5.00e-04
    epoch 35: loss 1.0130, val_ap 0.4719, minutes 89.72, lr 5.00e-04
    epoch 36: loss 1.0093, val_ap 0.4674, minutes 92.24, lr 5.00e-04
    epoch 37: loss 1.0061, val_ap 0.4633, minutes 94.8, lr 5.00e-04
    epoch 38: loss 0.9952, val_ap 0.4741, minutes 97.42, lr 5.00e-04
    epoch 39: loss 0.9933, val_ap 0.4768, minutes 99.97, lr 2.50e-04
    epoch 40: loss 0.9762, val_ap 0.4685, minutes 102.48, lr 2.50e-04
    epoch 41: loss 0.9683, val_ap 0.4636, minutes 105.03, lr 2.50e-04
    epoch 42: loss 0.9725, val_ap 0.4716, minutes 107.54, lr 2.50e-04
    epoch 43: loss 0.9687, val_ap 0.4670, minutes 110.0, lr 2.50e-04
    epoch 44: loss 0.9635, val_ap 0.4681, minutes 112.55, lr 2.50e-04
    epoch 45: loss 0.9627, val_ap 0.4658, minutes 115.02, lr 2.50e-04
    epoch 46: loss 0.9583, val_ap 0.4631, minutes 117.59, lr 2.50e-04
    stopping: no validation gain in 25 epochs
[gps pooled_both fold 0 seed 2] done (118.5 min)
