loaded: dataset0 121,838 sites, data1 90,452
[scalar_msg dataset0 fold 4 seed 1]
    kernel decay scale 97.3 nt (fitted to cell line 1 training labels)
    epoch 1: loss 1.9788, val_ap 0.1022, minutes 0.39, lr 3.33e-04
    epoch 2: loss 1.6037, val_ap 0.2202, minutes 0.85, lr 6.63e-04
    epoch 3: loss 1.3523, val_ap 0.4126, minutes 1.24, lr 9.92e-04
    epoch 4: loss 1.1799, val_ap 0.4679, minutes 1.68, lr 1.00e-03
    epoch 5: loss 1.1191, val_ap 0.4735, minutes 2.07, lr 1.00e-03
    epoch 6: loss 1.1044, val_ap 0.4820, minutes 2.55, lr 1.00e-03
    epoch 7: loss 1.0565, val_ap 0.4861, minutes 2.96, lr 1.00e-03
    epoch 8: loss 1.0338, val_ap 0.4900, minutes 3.4, lr 1.00e-03
    epoch 9: loss 1.0295, val_ap 0.4927, minutes 3.82, lr 1.00e-03
    epoch 10: loss 1.0387, val_ap 0.5014, minutes 4.29, lr 1.00e-03
    epoch 11: loss 0.9984, val_ap 0.5001, minutes 4.74, lr 1.00e-03
    epoch 12: loss 1.0099, val_ap 0.4998, minutes 5.23, lr 1.00e-03
    epoch 13: loss 0.9827, val_ap 0.5031, minutes 5.67, lr 1.00e-03
    epoch 14: loss 0.9878, val_ap 0.5074, minutes 6.12, lr 1.00e-03
    epoch 15: loss 0.9696, val_ap 0.5034, minutes 6.58, lr 1.00e-03
    epoch 16: loss 0.9836, val_ap 0.5170, minutes 7.01, lr 1.00e-03
    epoch 17: loss 0.9716, val_ap 0.5162, minutes 7.45, lr 1.00e-03
    epoch 18: loss 0.9586, val_ap 0.5169, minutes 7.87, lr 1.00e-03
    epoch 19: loss 0.9393, val_ap 0.5140, minutes 8.33, lr 1.00e-03
    epoch 20: loss 0.9516, val_ap 0.5156, minutes 8.79, lr 1.00e-03
    epoch 21: loss 0.9326, val_ap 0.5225, minutes 9.25, lr 1.00e-03
    epoch 22: loss 0.9259, val_ap 0.5280, minutes 9.71, lr 1.00e-03
    epoch 23: loss 0.9250, val_ap 0.5304, minutes 10.18, lr 1.00e-03
    epoch 24: loss 0.9323, val_ap 0.5310, minutes 10.64, lr 1.00e-03
    epoch 25: loss 0.9262, val_ap 0.5326, minutes 11.13, lr 1.00e-03
    epoch 26: loss 0.9188, val_ap 0.5349, minutes 11.57, lr 1.00e-03
    epoch 27: loss 0.9143, val_ap 0.5352, minutes 12.01, lr 1.00e-03
    epoch 28: loss 0.9443, val_ap 0.5321, minutes 12.5, lr 1.00e-03
    epoch 29: loss 0.9101, val_ap 0.5417, minutes 12.94, lr 1.00e-03
    epoch 30: loss 0.8992, val_ap 0.5459, minutes 13.45, lr 1.00e-03
    epoch 31: loss 0.8947, val_ap 0.5452, minutes 13.87, lr 1.00e-03
    epoch 32: loss 0.8965, val_ap 0.5467, minutes 14.35, lr 1.00e-03
    epoch 33: loss 0.9061, val_ap 0.5422, minutes 14.79, lr 1.00e-03
    epoch 34: loss 0.8876, val_ap 0.5508, minutes 15.25, lr 1.00e-03
    epoch 35: loss 0.8974, val_ap 0.5493, minutes 15.67, lr 1.00e-03
    epoch 36: loss 0.8894, val_ap 0.5527, minutes 16.1, lr 1.00e-03
    epoch 37: loss 0.8931, val_ap 0.5555, minutes 16.62, lr 1.00e-03
    epoch 38: loss 0.9090, val_ap 0.5524, minutes 17.01, lr 1.00e-03
    epoch 39: loss 0.8842, val_ap 0.5555, minutes 17.45, lr 1.00e-03
    epoch 40: loss 0.8618, val_ap 0.5563, minutes 17.9, lr 1.00e-03
    epoch 41: loss 0.8810, val_ap 0.5500, minutes 18.36, lr 1.00e-03
    epoch 42: loss 0.8698, val_ap 0.5534, minutes 18.84, lr 1.00e-03
    epoch 43: loss 0.8783, val_ap 0.5618, minutes 19.28, lr 1.00e-03
    epoch 44: loss 0.8664, val_ap 0.5632, minutes 19.72, lr 1.00e-03
    epoch 45: loss 0.8511, val_ap 0.5632, minutes 20.2, lr 1.00e-03
    epoch 46: loss 0.8530, val_ap 0.5581, minutes 20.68, lr 1.00e-03
    epoch 47: loss 0.8648, val_ap 0.5602, minutes 21.14, lr 1.00e-03
    epoch 48: loss 0.8916, val_ap 0.5566, minutes 21.65, lr 1.00e-03
    epoch 49: loss 0.8441, val_ap 0.5639, minutes 22.12, lr 1.00e-03
    epoch 50: loss 0.8539, val_ap 0.5609, minutes 22.6, lr 1.00e-03
    epoch 51: loss 0.8553, val_ap 0.5666, minutes 23.12, lr 1.00e-03
    epoch 52: loss 0.8514, val_ap 0.5594, minutes 23.61, lr 1.00e-03
    epoch 53: loss 0.8522, val_ap 0.5650, minutes 24.08, lr 1.00e-03
    epoch 54: loss 0.8530, val_ap 0.5654, minutes 24.58, lr 1.00e-03
    epoch 55: loss 0.8321, val_ap 0.5645, minutes 25.04, lr 1.00e-03
    epoch 56: loss 0.8352, val_ap 0.5696, minutes 25.52, lr 1.00e-03
    epoch 57: loss 0.8463, val_ap 0.5584, minutes 26.01, lr 1.00e-03
    epoch 58: loss 0.8455, val_ap 0.5702, minutes 26.5, lr 1.00e-03
    epoch 59: loss 0.8222, val_ap 0.5655, minutes 27.0, lr 1.00e-03
    epoch 60: loss 0.8381, val_ap 0.5660, minutes 27.47, lr 1.00e-03
    epoch 61: loss 0.8480, val_ap 0.5618, minutes 27.97, lr 1.00e-03
    epoch 62: loss 0.8193, val_ap 0.5700, minutes 28.38, lr 1.00e-03
    epoch 63: loss 0.8132, val_ap 0.5700, minutes 28.85, lr 1.00e-03
    epoch 64: loss 0.8092, val_ap 0.5714, minutes 29.28, lr 1.00e-03
    epoch 65: loss 0.8239, val_ap 0.5727, minutes 29.75, lr 1.00e-03
    epoch 66: loss 0.8225, val_ap 0.5632, minutes 30.23, lr 1.00e-03
    epoch 67: loss 0.8295, val_ap 0.5686, minutes 30.67, lr 1.00e-03
    epoch 68: loss 0.8170, val_ap 0.5644, minutes 31.15, lr 1.00e-03
    epoch 69: loss 0.8039, val_ap 0.5680, minutes 31.64, lr 1.00e-03
    epoch 70: loss 0.8280, val_ap 0.5611, minutes 32.11, lr 1.00e-03
    epoch 71: loss 0.8001, val_ap 0.5636, minutes 32.58, lr 1.00e-03
    epoch 72: loss 0.7899, val_ap 0.5600, minutes 33.08, lr 1.00e-03
    epoch 73: loss 0.8072, val_ap 0.5661, minutes 33.57, lr 1.00e-03
    epoch 74: loss 0.8068, val_ap 0.5810, minutes 34.03, lr 1.00e-03
    epoch 75: loss 0.8103, val_ap 0.5734, minutes 34.49, lr 1.00e-03
    epoch 76: loss 0.8037, val_ap 0.5726, minutes 35.0, lr 1.00e-03
    epoch 77: loss 0.7857, val_ap 0.5756, minutes 35.54, lr 1.00e-03
    epoch 78: loss 0.7943, val_ap 0.5713, minutes 36.01, lr 1.00e-03
    epoch 79: loss 0.7948, val_ap 0.5712, minutes 36.51, lr 1.00e-03
    epoch 80: loss 0.7929, val_ap 0.5741, minutes 37.0, lr 1.00e-03
    epoch 81: loss 0.7982, val_ap 0.5670, minutes 37.45, lr 1.00e-03
    epoch 82: loss 0.7664, val_ap 0.5646, minutes 37.9, lr 1.00e-03
    epoch 83: loss 0.7942, val_ap 0.5643, minutes 38.38, lr 5.00e-04
    epoch 84: loss 0.7737, val_ap 0.5662, minutes 38.84, lr 5.00e-04
    epoch 85: loss 0.7594, val_ap 0.5694, minutes 39.29, lr 5.00e-04
    epoch 86: loss 0.7538, val_ap 0.5741, minutes 39.71, lr 5.00e-04
    epoch 87: loss 0.7758, val_ap 0.5672, minutes 40.13, lr 5.00e-04
    epoch 88: loss 0.7503, val_ap 0.5747, minutes 40.62, lr 5.00e-04
    epoch 89: loss 0.7546, val_ap 0.5724, minutes 41.05, lr 5.00e-04
    epoch 90: loss 0.7544, val_ap 0.5701, minutes 41.58, lr 5.00e-04
    epoch 91: loss 0.7438, val_ap 0.5662, minutes 42.02, lr 5.00e-04
    epoch 92: loss 0.7589, val_ap 0.5651, minutes 42.51, lr 2.50e-04
    epoch 93: loss 0.7317, val_ap 0.5665, minutes 42.94, lr 2.50e-04
    epoch 94: loss 0.7361, val_ap 0.5692, minutes 43.45, lr 2.50e-04
    epoch 95: loss 0.7472, val_ap 0.5709, minutes 43.89, lr 2.50e-04
    epoch 96: loss 0.7514, val_ap 0.5669, minutes 44.35, lr 2.50e-04
    epoch 97: loss 0.7411, val_ap 0.5721, minutes 44.81, lr 2.50e-04
    epoch 98: loss 0.7309, val_ap 0.5700, minutes 45.27, lr 2.50e-04
    epoch 99: loss 0.7330, val_ap 0.5706, minutes 45.76, lr 2.50e-04
    stopping: no validation gain in 25 epochs
[scalar_msg dataset0 fold 4 seed 1] done (46.6 min)
