loaded: dataset0 121,838 sites, data1 90,452
[fk_band pooled_both fold 1]
    band weights [0.415, 0.354, 0.231] (bands ((0, 30), (30, 75), (75, 150)))
    epoch 1: loss 1.8947, val_ap 0.1862, minutes 0.85, lr 3.31e-04
    epoch 2: loss 1.5220, val_ap 0.3701, minutes 1.68, lr 6.60e-04
    epoch 3: loss 1.3687, val_ap 0.4419, minutes 2.59, lr 9.89e-04
    epoch 4: loss 1.3029, val_ap 0.4601, minutes 3.46, lr 1.00e-03
    epoch 5: loss 1.2609, val_ap 0.4632, minutes 4.29, lr 1.00e-03
    epoch 6: loss 1.2455, val_ap 0.4728, minutes 5.18, lr 1.00e-03
    epoch 7: loss 1.2320, val_ap 0.4764, minutes 6.02, lr 1.00e-03
    epoch 8: loss 1.2388, val_ap 0.4734, minutes 6.82, lr 1.00e-03
    epoch 9: loss 1.2146, val_ap 0.4749, minutes 7.77, lr 1.00e-03
    epoch 10: loss 1.2075, val_ap 0.4826, minutes 8.6, lr 1.00e-03
    epoch 11: loss 1.2069, val_ap 0.4737, minutes 9.47, lr 1.00e-03
    epoch 12: loss 1.2092, val_ap 0.4836, minutes 10.61, lr 1.00e-03
    epoch 13: loss 1.1927, val_ap 0.4772, minutes 11.64, lr 1.00e-03
    epoch 14: loss 1.1806, val_ap 0.4827, minutes 12.73, lr 1.00e-03
    epoch 15: loss 1.1900, val_ap 0.4865, minutes 13.75, lr 1.00e-03
    epoch 16: loss 1.1770, val_ap 0.4841, minutes 14.77, lr 1.00e-03
    epoch 17: loss 1.1772, val_ap 0.4901, minutes 15.8, lr 1.00e-03
    epoch 18: loss 1.1667, val_ap 0.4853, minutes 16.79, lr 1.00e-03
    epoch 19: loss 1.1691, val_ap 0.4839, minutes 17.77, lr 1.00e-03
    epoch 20: loss 1.1551, val_ap 0.4885, minutes 18.76, lr 1.00e-03
    epoch 21: loss 1.1581, val_ap 0.4897, minutes 19.73, lr 1.00e-03
    epoch 22: loss 1.1601, val_ap 0.4835, minutes 20.68, lr 1.00e-03
    epoch 23: loss 1.1541, val_ap 0.4878, minutes 21.64, lr 1.00e-03
    epoch 24: loss 1.1371, val_ap 0.4869, minutes 22.64, lr 1.00e-03
    epoch 25: loss 1.1378, val_ap 0.4889, minutes 23.65, lr 1.00e-03
    epoch 26: loss 1.1400, val_ap 0.4816, minutes 24.6, lr 5.00e-04
    epoch 27: loss 1.1283, val_ap 0.4908, minutes 25.55, lr 5.00e-04
    epoch 28: loss 1.1179, val_ap 0.4886, minutes 26.57, lr 5.00e-04
    epoch 29: loss 1.1163, val_ap 0.4881, minutes 27.6, lr 5.00e-04
    epoch 30: loss 1.1085, val_ap 0.4914, minutes 28.63, lr 5.00e-04
    epoch 31: loss 1.1082, val_ap 0.4906, minutes 29.66, lr 5.00e-04
    epoch 32: loss 1.1063, val_ap 0.4882, minutes 30.64, lr 5.00e-04
    epoch 33: loss 1.1018, val_ap 0.4915, minutes 31.61, lr 5.00e-04
    epoch 34: loss 1.1072, val_ap 0.4889, minutes 32.61, lr 5.00e-04
    epoch 35: loss 1.0999, val_ap 0.4916, minutes 33.6, lr 5.00e-04
    epoch 36: loss 1.0957, val_ap 0.4882, minutes 34.58, lr 5.00e-04
    epoch 37: loss 1.1012, val_ap 0.4927, minutes 35.56, lr 5.00e-04
    epoch 38: loss 1.0931, val_ap 0.4874, minutes 36.56, lr 5.00e-04
    epoch 39: loss 1.0917, val_ap 0.4912, minutes 37.57, lr 5.00e-04
    epoch 40: loss 1.0891, val_ap 0.4938, minutes 38.57, lr 5.00e-04
    epoch 41: loss 1.0801, val_ap 0.4875, minutes 39.54, lr 5.00e-04
    epoch 42: loss 1.0906, val_ap 0.4938, minutes 40.52, lr 5.00e-04
    epoch 43: loss 1.0803, val_ap 0.4801, minutes 41.57, lr 5.00e-04
    epoch 44: loss 1.0804, val_ap 0.4875, minutes 42.54, lr 5.00e-04
    epoch 45: loss 1.0748, val_ap 0.4933, minutes 43.54, lr 5.00e-04
    epoch 46: loss 1.0742, val_ap 0.4938, minutes 44.5, lr 5.00e-04
    epoch 47: loss 1.0725, val_ap 0.4862, minutes 45.47, lr 5.00e-04
    epoch 48: loss 1.0724, val_ap 0.4816, minutes 46.47, lr 5.00e-04
    epoch 49: loss 1.0689, val_ap 0.4883, minutes 47.54, lr 2.50e-04
    epoch 50: loss 1.0618, val_ap 0.4892, minutes 48.54, lr 2.50e-04
    epoch 51: loss 1.0559, val_ap 0.4918, minutes 49.48, lr 2.50e-04
    epoch 52: loss 1.0555, val_ap 0.4879, minutes 50.45, lr 2.50e-04
    epoch 53: loss 1.0493, val_ap 0.4914, minutes 51.46, lr 2.50e-04
    epoch 54: loss 1.0458, val_ap 0.4828, minutes 52.4, lr 2.50e-04
    epoch 55: loss 1.0535, val_ap 0.4900, minutes 53.38, lr 2.50e-04
    epoch 56: loss 1.0485, val_ap 0.4908, minutes 54.34, lr 2.50e-04
    epoch 57: loss 1.0458, val_ap 0.4898, minutes 55.27, lr 2.50e-04
    epoch 58: loss 1.0448, val_ap 0.4874, minutes 56.22, lr 1.25e-04
    epoch 59: loss 1.0348, val_ap 0.4892, minutes 57.15, lr 1.25e-04
    epoch 60: loss 1.0292, val_ap 0.4872, minutes 58.11, lr 1.25e-04
    epoch 61: loss 1.0330, val_ap 0.4893, minutes 59.07, lr 1.25e-04
    epoch 62: loss 1.0344, val_ap 0.4869, minutes 60.0, lr 1.25e-04
    epoch 63: loss 1.0363, val_ap 0.4885, minutes 60.94, lr 1.25e-04
    epoch 64: loss 1.0325, val_ap 0.4922, minutes 61.98, lr 1.25e-04
    epoch 65: loss 1.0302, val_ap 0.4922, minutes 63.02, lr 1.25e-04
    stopping: no validation gain in 25 epochs
[fk_band pooled_both fold 1] done (63.9 min)
