loaded: dataset0 121,838 sites, data1 90,452
[fk_kernel pooled_both fold 2 seed 2]
    kernel decay scale 108.1 nt (fitted to cell line 1 training labels)
    epoch 1: loss 1.8861, val_ap 0.1962, minutes 0.84, lr 3.31e-04
    epoch 2: loss 1.5300, val_ap 0.3324, minutes 1.59, lr 6.60e-04
    epoch 3: loss 1.3711, val_ap 0.4407, minutes 2.4, lr 9.87e-04
    epoch 4: loss 1.2912, val_ap 0.4612, minutes 3.29, lr 1.00e-03
    epoch 5: loss 1.2566, val_ap 0.4752, minutes 4.11, lr 1.00e-03
    epoch 6: loss 1.2428, val_ap 0.4781, minutes 4.93, lr 1.00e-03
    epoch 7: loss 1.2198, val_ap 0.4763, minutes 5.75, lr 1.00e-03
    epoch 8: loss 1.1987, val_ap 0.4823, minutes 6.51, lr 1.00e-03
    epoch 9: loss 1.2006, val_ap 0.4798, minutes 7.21, lr 1.00e-03
    epoch 10: loss 1.1809, val_ap 0.4871, minutes 7.93, lr 1.00e-03
    epoch 11: loss 1.1980, val_ap 0.4867, minutes 8.7, lr 1.00e-03
    epoch 12: loss 1.1850, val_ap 0.4880, minutes 9.47, lr 1.00e-03
    epoch 13: loss 1.1845, val_ap 0.4919, minutes 10.23, lr 1.00e-03
    epoch 14: loss 1.1655, val_ap 0.4895, minutes 11.04, lr 1.00e-03
    epoch 15: loss 1.1635, val_ap 0.4908, minutes 11.82, lr 1.00e-03
    epoch 16: loss 1.1530, val_ap 0.4962, minutes 12.59, lr 1.00e-03
    epoch 17: loss 1.1462, val_ap 0.5008, minutes 13.4, lr 1.00e-03
    epoch 18: loss 1.1411, val_ap 0.4953, minutes 14.17, lr 1.00e-03
    epoch 19: loss 1.1399, val_ap 0.4939, minutes 15.0, lr 1.00e-03
    epoch 20: loss 1.1433, val_ap 0.4968, minutes 15.77, lr 1.00e-03
    epoch 21: loss 1.1307, val_ap 0.4959, minutes 16.56, lr 1.00e-03
    epoch 22: loss 1.1290, val_ap 0.5011, minutes 17.32, lr 1.00e-03
    epoch 23: loss 1.1234, val_ap 0.5058, minutes 18.09, lr 1.00e-03
    epoch 24: loss 1.1289, val_ap 0.5000, minutes 18.87, lr 1.00e-03
    epoch 25: loss 1.1267, val_ap 0.4985, minutes 19.68, lr 1.00e-03
    epoch 26: loss 1.1135, val_ap 0.5007, minutes 20.51, lr 1.00e-03
    epoch 27: loss 1.1158, val_ap 0.4993, minutes 21.31, lr 1.00e-03
    epoch 28: loss 1.1150, val_ap 0.4955, minutes 22.16, lr 1.00e-03
    epoch 29: loss 1.1021, val_ap 0.5017, minutes 22.98, lr 1.00e-03
    epoch 30: loss 1.1147, val_ap 0.5023, minutes 23.76, lr 1.00e-03
    epoch 31: loss 1.1015, val_ap 0.5013, minutes 24.56, lr 1.00e-03
    epoch 32: loss 1.0976, val_ap 0.4894, minutes 25.34, lr 5.00e-04
    epoch 33: loss 1.0756, val_ap 0.5005, minutes 26.11, lr 5.00e-04
    epoch 34: loss 1.0764, val_ap 0.5001, minutes 26.88, lr 5.00e-04
    epoch 35: loss 1.0738, val_ap 0.5036, minutes 27.66, lr 5.00e-04
    epoch 36: loss 1.0648, val_ap 0.5023, minutes 28.48, lr 5.00e-04
    epoch 37: loss 1.0629, val_ap 0.5067, minutes 29.29, lr 5.00e-04
    epoch 38: loss 1.0696, val_ap 0.4972, minutes 30.07, lr 5.00e-04
    epoch 39: loss 1.0628, val_ap 0.5066, minutes 30.84, lr 5.00e-04
    epoch 40: loss 1.0590, val_ap 0.5092, minutes 31.62, lr 5.00e-04
    epoch 41: loss 1.0548, val_ap 0.5018, minutes 32.32, lr 5.00e-04
    epoch 42: loss 1.0557, val_ap 0.5061, minutes 33.1, lr 5.00e-04
    epoch 43: loss 1.0476, val_ap 0.4955, minutes 33.95, lr 5.00e-04
    epoch 44: loss 1.0485, val_ap 0.5097, minutes 34.74, lr 5.00e-04
    epoch 45: loss 1.0481, val_ap 0.4984, minutes 35.49, lr 5.00e-04
    epoch 46: loss 1.0438, val_ap 0.4993, minutes 36.24, lr 5.00e-04
    epoch 47: loss 1.0400, val_ap 0.5041, minutes 37.0, lr 5.00e-04
    epoch 48: loss 1.0342, val_ap 0.4966, minutes 37.78, lr 5.00e-04
    epoch 49: loss 1.0337, val_ap 0.4992, minutes 38.59, lr 5.00e-04
    epoch 50: loss 1.0402, val_ap 0.5057, minutes 39.33, lr 5.00e-04
    epoch 51: loss 1.0375, val_ap 0.5105, minutes 40.08, lr 5.00e-04
    epoch 52: loss 1.0355, val_ap 0.5012, minutes 40.82, lr 5.00e-04
    epoch 53: loss 1.0248, val_ap 0.5125, minutes 41.59, lr 5.00e-04
    epoch 54: loss 1.0317, val_ap 0.4983, minutes 42.34, lr 5.00e-04
    epoch 55: loss 1.0239, val_ap 0.5061, minutes 43.07, lr 5.00e-04
    epoch 56: loss 1.0274, val_ap 0.5066, minutes 43.81, lr 5.00e-04
    epoch 57: loss 1.0276, val_ap 0.5020, minutes 44.56, lr 5.00e-04
    epoch 58: loss 1.0246, val_ap 0.4962, minutes 45.33, lr 5.00e-04
    epoch 59: loss 1.0206, val_ap 0.5034, minutes 46.14, lr 5.00e-04
    epoch 60: loss 1.0174, val_ap 0.5068, minutes 46.91, lr 5.00e-04
    epoch 61: loss 1.0090, val_ap 0.5127, minutes 47.68, lr 5.00e-04
    epoch 62: loss 1.0159, val_ap 0.5008, minutes 48.43, lr 5.00e-04
    epoch 63: loss 1.0117, val_ap 0.5070, minutes 49.17, lr 5.00e-04
    epoch 64: loss 1.0091, val_ap 0.4982, minutes 49.99, lr 5.00e-04
    epoch 65: loss 0.9994, val_ap 0.4961, minutes 50.76, lr 5.00e-04
    epoch 66: loss 1.0034, val_ap 0.5009, minutes 51.56, lr 5.00e-04
    epoch 67: loss 1.0026, val_ap 0.5035, minutes 52.31, lr 5.00e-04
    epoch 68: loss 0.9922, val_ap 0.4882, minutes 53.12, lr 5.00e-04
    epoch 69: loss 1.0087, val_ap 0.4904, minutes 53.9, lr 5.00e-04
    epoch 70: loss 0.9883, val_ap 0.5004, minutes 54.61, lr 2.50e-04
    epoch 71: loss 0.9756, val_ap 0.4952, minutes 55.35, lr 2.50e-04
    epoch 72: loss 0.9821, val_ap 0.4902, minutes 56.11, lr 2.50e-04
    epoch 73: loss 0.9818, val_ap 0.4796, minutes 56.82, lr 2.50e-04
    epoch 74: loss 0.9829, val_ap 0.4966, minutes 57.56, lr 2.50e-04
    epoch 75: loss 0.9786, val_ap 0.4904, minutes 58.31, lr 2.50e-04
    epoch 76: loss 0.9686, val_ap 0.4850, minutes 59.13, lr 2.50e-04
    epoch 77: loss 0.9698, val_ap 0.4957, minutes 59.88, lr 2.50e-04
    epoch 78: loss 0.9646, val_ap 0.4878, minutes 60.7, lr 2.50e-04
    epoch 79: loss 0.9721, val_ap 0.4862, minutes 61.47, lr 1.25e-04
    epoch 80: loss 0.9568, val_ap 0.4839, minutes 62.24, lr 1.25e-04
    epoch 81: loss 0.9555, val_ap 0.4828, minutes 62.97, lr 1.25e-04
    epoch 82: loss 0.9561, val_ap 0.4828, minutes 63.73, lr 1.25e-04
    epoch 83: loss 0.9549, val_ap 0.4783, minutes 64.44, lr 1.25e-04
    epoch 84: loss 0.9534, val_ap 0.4866, minutes 65.21, lr 1.25e-04
    epoch 85: loss 0.9531, val_ap 0.4802, minutes 65.94, lr 1.25e-04
    epoch 86: loss 0.9535, val_ap 0.4829, minutes 66.71, lr 1.25e-04
    stopping: no validation gain in 25 epochs
[fk_kernel pooled_both fold 2 seed 2] done (67.3 min)
