loaded: dataset0 121,838 sites, data1 90,452
[h2gcn_twohead_aux pooled_both fold 2 seed 1]
    epoch 1: loss 1.9095, val_ap 0.1655, minutes 0.76, lr 3.31e-04
    epoch 2: loss 1.5211, val_ap 0.3127, minutes 1.45, lr 6.58e-04
    epoch 3: loss 1.3359, val_ap 0.4266, minutes 2.14, lr 9.87e-04
    epoch 4: loss 1.2436, val_ap 0.4613, minutes 2.89, lr 1.00e-03
    epoch 5: loss 1.1931, val_ap 0.4784, minutes 3.62, lr 1.00e-03
    epoch 6: loss 1.1742, val_ap 0.4810, minutes 4.51, lr 1.00e-03
    epoch 7: loss 1.1684, val_ap 0.4827, minutes 5.4, lr 1.00e-03
    epoch 8: loss 1.1508, val_ap 0.4804, minutes 6.31, lr 1.00e-03
    epoch 9: loss 1.1276, val_ap 0.4820, minutes 7.2, lr 1.00e-03
    epoch 10: loss 1.1223, val_ap 0.4859, minutes 8.09, lr 1.00e-03
    epoch 11: loss 1.1100, val_ap 0.4909, minutes 9.01, lr 1.00e-03
    epoch 12: loss 1.0986, val_ap 0.4877, minutes 9.94, lr 1.00e-03
    epoch 13: loss 1.1098, val_ap 0.4839, minutes 10.87, lr 1.00e-03
    epoch 14: loss 1.0949, val_ap 0.4926, minutes 11.81, lr 1.00e-03
    epoch 15: loss 1.0869, val_ap 0.4921, minutes 12.73, lr 1.00e-03
    epoch 16: loss 1.0845, val_ap 0.4974, minutes 13.64, lr 1.00e-03
    epoch 17: loss 1.0787, val_ap 0.4982, minutes 14.56, lr 1.00e-03
    epoch 18: loss 1.0799, val_ap 0.4946, minutes 15.47, lr 1.00e-03
    epoch 19: loss 1.0844, val_ap 0.4934, minutes 16.3, lr 1.00e-03
    epoch 20: loss 1.0673, val_ap 0.5001, minutes 17.14, lr 1.00e-03
    epoch 21: loss 1.0705, val_ap 0.5074, minutes 17.99, lr 1.00e-03
    epoch 22: loss 1.0525, val_ap 0.5068, minutes 18.91, lr 1.00e-03
    epoch 23: loss 1.0579, val_ap 0.5023, minutes 19.81, lr 1.00e-03
    epoch 24: loss 1.0469, val_ap 0.5009, minutes 20.71, lr 1.00e-03
    epoch 25: loss 1.0527, val_ap 0.5074, minutes 21.67, lr 1.00e-03
    epoch 26: loss 1.0502, val_ap 0.5025, minutes 22.6, lr 1.00e-03
    epoch 27: loss 1.0393, val_ap 0.5006, minutes 23.52, lr 1.00e-03
    epoch 28: loss 1.0383, val_ap 0.5079, minutes 24.45, lr 1.00e-03
    epoch 29: loss 1.0288, val_ap 0.5158, minutes 25.43, lr 1.00e-03
    epoch 30: loss 1.0295, val_ap 0.5117, minutes 26.35, lr 1.00e-03
    epoch 31: loss 1.0270, val_ap 0.5145, minutes 27.28, lr 1.00e-03
    epoch 32: loss 1.0167, val_ap 0.5128, minutes 28.18, lr 1.00e-03
    epoch 33: loss 1.0190, val_ap 0.4561, minutes 29.09, lr 1.00e-03
    epoch 34: loss 1.1170, val_ap 0.5103, minutes 29.99, lr 1.00e-03
    epoch 35: loss 1.0289, val_ap 0.5113, minutes 30.89, lr 1.00e-03
    epoch 36: loss 1.0198, val_ap 0.5170, minutes 31.73, lr 1.00e-03
    epoch 37: loss 1.0117, val_ap 0.5135, minutes 32.56, lr 1.00e-03
    epoch 38: loss 1.0076, val_ap 0.5133, minutes 33.36, lr 1.00e-03
    epoch 39: loss 1.0178, val_ap 0.5105, minutes 34.16, lr 1.00e-03
    epoch 40: loss 1.0079, val_ap 0.5188, minutes 34.98, lr 1.00e-03
    epoch 41: loss 0.9893, val_ap 0.5129, minutes 35.83, lr 1.00e-03
    epoch 42: loss 0.9811, val_ap 0.5138, minutes 36.62, lr 1.00e-03
    epoch 43: loss 0.9881, val_ap 0.5165, minutes 37.49, lr 1.00e-03
    epoch 44: loss 0.9887, val_ap 0.5124, minutes 38.32, lr 1.00e-03
    epoch 45: loss 0.9842, val_ap 0.5081, minutes 39.09, lr 1.00e-03
    epoch 46: loss 0.9820, val_ap 0.5191, minutes 39.92, lr 1.00e-03
    epoch 47: loss 0.9820, val_ap 0.5089, minutes 40.7, lr 1.00e-03
    epoch 48: loss 0.9701, val_ap 0.4980, minutes 41.43, lr 1.00e-03
    epoch 49: loss 0.9691, val_ap 0.5154, minutes 42.2, lr 1.00e-03
    epoch 50: loss 0.9577, val_ap 0.5081, minutes 42.97, lr 1.00e-03
    epoch 51: loss 0.9610, val_ap 0.4980, minutes 43.72, lr 1.00e-03
    epoch 52: loss 0.9583, val_ap 0.5025, minutes 44.53, lr 1.00e-03
    epoch 53: loss 0.9661, val_ap 0.5069, minutes 45.29, lr 1.00e-03
    epoch 54: loss 0.9463, val_ap 0.5100, minutes 46.04, lr 1.00e-03
    epoch 55: loss 0.9484, val_ap 0.5071, minutes 46.76, lr 5.00e-04
    epoch 56: loss 0.9313, val_ap 0.4996, minutes 47.53, lr 5.00e-04
    epoch 57: loss 0.9198, val_ap 0.4945, minutes 48.28, lr 5.00e-04
    epoch 58: loss 0.9127, val_ap 0.5049, minutes 49.1, lr 5.00e-04
    epoch 59: loss 0.9169, val_ap 0.5006, minutes 49.86, lr 5.00e-04
    epoch 60: loss 0.9194, val_ap 0.5057, minutes 50.62, lr 5.00e-04
    epoch 61: loss 0.9106, val_ap 0.5042, minutes 51.36, lr 5.00e-04
    epoch 62: loss 0.9049, val_ap 0.5005, minutes 52.08, lr 5.00e-04
    epoch 63: loss 0.9119, val_ap 0.5098, minutes 52.83, lr 5.00e-04
    epoch 64: loss 0.9049, val_ap 0.4895, minutes 53.58, lr 2.50e-04
    epoch 65: loss 0.9015, val_ap 0.4978, minutes 54.33, lr 2.50e-04
    epoch 66: loss 0.8895, val_ap 0.4857, minutes 55.08, lr 2.50e-04
    epoch 67: loss 0.8937, val_ap 0.4983, minutes 55.73, lr 2.50e-04
    epoch 68: loss 0.8860, val_ap 0.4880, minutes 56.49, lr 2.50e-04
    epoch 69: loss 0.8863, val_ap 0.5019, minutes 57.21, lr 2.50e-04
    epoch 70: loss 0.8847, val_ap 0.4853, minutes 58.0, lr 2.50e-04
    epoch 71: loss 0.8814, val_ap 0.4881, minutes 58.73, lr 2.50e-04
    stopping: no validation gain in 25 epochs
[h2gcn_twohead_aux pooled_both fold 2 seed 1] done (59.4 min)
