loaded: dataset0 121,838 sites, data1 90,452
[knn_random pooled_both fold 2]
    epoch 1: loss 1.151936827221326, minutes 3.92, val_ap 0.3118846197732019, lr 0.0003338833883388339
    epoch 2: loss 0.9299937871226384, minutes 8.15, val_ap 0.3800018474872876, lr 0.0006672167216721672
    epoch 3: loss 0.8909688377045956, minutes 12.88, val_ap 0.40165229231300537, lr 0.001
    epoch 4: loss 0.8782245573332601, minutes 17.51, val_ap 0.4242579561559679, lr 0.001
    epoch 5: loss 0.8574496084215617, minutes 22.11, val_ap 0.42453283035797307, lr 0.001
    epoch 6: loss 0.8491449657053051, minutes 26.71, val_ap 0.4324690165723748, lr 0.001
    epoch 7: loss 0.8368572023245368, minutes 31.38, val_ap 0.4485435103057731, lr 0.001
    epoch 8: loss 0.8321436028866092, minutes 36.1, val_ap 0.4493073100108173, lr 0.001
    epoch 9: loss 0.8263286487890942, minutes 40.74, val_ap 0.45398664096146374, lr 0.001
    epoch 10: loss 0.8216957569417387, minutes 45.3, val_ap 0.46050444936673307, lr 0.001
    epoch 11: loss 0.8166799793148986, minutes 50.11, val_ap 0.4567453991603959, lr 0.001
    epoch 12: loss 0.811956368952301, minutes 54.73, val_ap 0.4551401743970994, lr 0.001
    epoch 13: loss 0.8142383187124045, minutes 59.39, val_ap 0.4608238617679617, lr 0.001
    epoch 14: loss 0.8088801325154383, minutes 64.12, val_ap 0.4720571424293156, lr 0.001
    epoch 15: loss 0.802742682028525, minutes 68.88, val_ap 0.4792489398835641, lr 0.001
    epoch 16: loss 0.8031982814911569, minutes 73.65, val_ap 0.47872208660307075, lr 0.001
    epoch 17: loss 0.7989691295246086, minutes 78.41, val_ap 0.46528544763299046, lr 0.001
    epoch 18: loss 0.7989798531968995, minutes 83.02, val_ap 0.4747265996011525, lr 0.001
    epoch 19: loss 0.7969186216494432, minutes 87.69, val_ap 0.4774195308097219, lr 0.001
    epoch 20: loss 0.7912885302265878, minutes 92.46, val_ap 0.4752959811558242, lr 0.001
    epoch 21: loss 0.7925942397058601, minutes 97.06, val_ap 0.47454158530999435, lr 0.001
    epoch 22: loss 0.7888803825323337, minutes 101.81, val_ap 0.4817046865241895, lr 0.001
    epoch 23: loss 0.7850276917809307, minutes 106.31, val_ap 0.4789771619513568, lr 0.001
    epoch 24: loss 0.7816045069360104, minutes 111.01, val_ap 0.48223910152301136, lr 0.001
    epoch 25: loss 0.7801141396607503, minutes 115.63, val_ap 0.4829091295461648, lr 0.001
    epoch 26: loss 0.7766418292774225, minutes 120.14, val_ap 0.4800567063259807, lr 0.001
    epoch 27: loss 0.7785681426131686, minutes 124.72, val_ap 0.4834555119495164, lr 0.001
    epoch 28: loss 0.7784235165162449, minutes 129.27, val_ap 0.47757322572310784, lr 0.001
    epoch 29: loss 0.7734612275664956, minutes 133.93, val_ap 0.47548922010496886, lr 0.001
    epoch 30: loss 0.7705879789767879, minutes 138.43, val_ap 0.49107682744736963, lr 0.001
    epoch 31: loss 0.7691413464620955, minutes 142.91, val_ap 0.485152024256677, lr 0.001
    epoch 32: loss 0.7648494645903999, minutes 147.38, val_ap 0.4793293573963434, lr 0.001
    epoch 33: loss 0.765342467442991, minutes 151.7, val_ap 0.4936598328128212, lr 0.001
    epoch 34: loss 0.7616730363848973, minutes 155.98, val_ap 0.4773218174445086, lr 0.001
    epoch 35: loss 0.7608005009075203, minutes 160.13, val_ap 0.4857105734584295, lr 0.001
    epoch 36: loss 0.758439491536751, minutes 163.75, val_ap 0.475725537378185, lr 0.001
    epoch 37: loss 0.7624313583468446, minutes 167.33, val_ap 0.47905555429396135, lr 0.001
    epoch 38: loss 0.7600472897487899, minutes 171.03, val_ap 0.4771068496088468, lr 0.001
    epoch 39: loss 0.7558088473262566, minutes 174.97, val_ap 0.48029093171611165, lr 0.001
    epoch 40: loss 0.7544965351572132, minutes 178.52, val_ap 0.4810198824489803, lr 0.001
    epoch 41: loss 0.7497485445769313, minutes 181.9, val_ap 0.47868786463008584, lr 0.001
    epoch 42: loss 0.7452544760782727, minutes 185.18, val_ap 0.47339823312951285, lr 0.0005
    epoch 43: loss 0.7314669543465372, minutes 188.4, val_ap 0.48301386249035116, lr 0.0005
    epoch 44: loss 0.7287621670233535, minutes 191.62, val_ap 0.4833682904803605, lr 0.0005
    epoch 45: loss 0.7257152456458252, minutes 194.82, val_ap 0.4743445428545166, lr 0.0005
    epoch 46: loss 0.723628111159054, minutes 197.92, val_ap 0.47875578050293705, lr 0.0005
    epoch 47: loss 0.7238141522057379, minutes 200.75, val_ap 0.47986286622960206, lr 0.0005
    epoch 48: loss 0.7183493189390736, minutes 203.56, val_ap 0.47397773271246296, lr 0.0005
    epoch 49: loss 0.720403260327015, minutes 206.23, val_ap 0.47873832442434494, lr 0.0005
    epoch 50: loss 0.7162466023129599, minutes 208.86, val_ap 0.4791217225692901, lr 0.0005
    epoch 51: loss 0.7201720284353389, minutes 211.42, val_ap 0.47454751385260086, lr 0.00025
    epoch 52: loss 0.7043493311889101, minutes 213.88, val_ap 0.47773657042039686, lr 0.00025
    epoch 53: loss 0.703630679806467, minutes 216.34, val_ap 0.47658944576870743, lr 0.00025
    epoch 54: loss 0.7013534616814194, minutes 218.82, val_ap 0.4795370756661292, lr 0.00025
    epoch 55: loss 0.7044510394334793, minutes 221.35, val_ap 0.47340598211767526, lr 0.00025
    epoch 56: loss 0.7006639329710416, minutes 223.87, val_ap 0.4723358795123222, lr 0.00025
    epoch 57: loss 0.6982132366093079, minutes 226.37, val_ap 0.4595515254803122, lr 0.00025
    stopping: no validation gain in 25 epochs
[knn_random pooled_both fold 2] done (229.6 min)
