loaded: dataset0 121,838 sites, data1 90,452
[h2gcn_noisy pooled_both fold 1]
    epoch 1: loss 1.2679, val_ap 0.1819, minutes 0.85, lr 3.31e-04
    epoch 2: loss 1.0093, val_ap 0.3470, minutes 1.79, lr 6.60e-04
    epoch 3: loss 0.8967, val_ap 0.4363, minutes 2.65, lr 9.89e-04
    epoch 4: loss 0.8429, val_ap 0.4491, minutes 3.59, lr 1.00e-03
    epoch 5: loss 0.8055, val_ap 0.4525, minutes 4.46, lr 1.00e-03
    epoch 6: loss 0.7953, val_ap 0.4541, minutes 5.3, lr 1.00e-03
    epoch 7: loss 0.7756, val_ap 0.4643, minutes 6.19, lr 1.00e-03
    epoch 8: loss 0.7786, val_ap 0.4615, minutes 6.98, lr 1.00e-03
    epoch 9: loss 0.7566, val_ap 0.4640, minutes 7.79, lr 1.00e-03
    epoch 10: loss 0.7534, val_ap 0.4686, minutes 8.58, lr 1.00e-03
    epoch 11: loss 0.7442, val_ap 0.4663, minutes 9.33, lr 1.00e-03
    epoch 12: loss 0.7536, val_ap 0.4769, minutes 10.05, lr 1.00e-03
    epoch 13: loss 0.7283, val_ap 0.4693, minutes 10.8, lr 1.00e-03
    epoch 14: loss 0.7210, val_ap 0.4772, minutes 11.57, lr 1.00e-03
    epoch 15: loss 0.7249, val_ap 0.4741, minutes 12.35, lr 1.00e-03
    epoch 16: loss 0.7114, val_ap 0.4766, minutes 13.13, lr 1.00e-03
    epoch 17: loss 0.7130, val_ap 0.4827, minutes 13.97, lr 1.00e-03
    epoch 18: loss 0.7003, val_ap 0.4730, minutes 14.76, lr 1.00e-03
    epoch 19: loss 0.7037, val_ap 0.4775, minutes 15.57, lr 1.00e-03
    epoch 20: loss 0.6909, val_ap 0.4766, minutes 16.37, lr 1.00e-03
    epoch 21: loss 0.6906, val_ap 0.4870, minutes 17.13, lr 1.00e-03
    epoch 22: loss 0.6936, val_ap 0.4770, minutes 17.9, lr 1.00e-03
    epoch 23: loss 0.6922, val_ap 0.4796, minutes 18.7, lr 1.00e-03
    epoch 24: loss 0.6720, val_ap 0.4771, minutes 19.45, lr 1.00e-03
    epoch 25: loss 0.6768, val_ap 0.4771, minutes 20.22, lr 1.00e-03
    epoch 26: loss 0.6779, val_ap 0.4829, minutes 20.97, lr 1.00e-03
    epoch 27: loss 0.6712, val_ap 0.4830, minutes 21.78, lr 1.00e-03
    epoch 28: loss 0.6697, val_ap 0.4796, minutes 22.55, lr 1.00e-03
    epoch 29: loss 0.6649, val_ap 0.4815, minutes 23.31, lr 1.00e-03
    epoch 30: loss 0.6642, val_ap 0.4872, minutes 24.06, lr 1.00e-03
    epoch 31: loss 0.6625, val_ap 0.4852, minutes 24.8, lr 1.00e-03
    epoch 32: loss 0.6649, val_ap 0.4851, minutes 25.51, lr 1.00e-03
    epoch 33: loss 0.6524, val_ap 0.4917, minutes 26.25, lr 1.00e-03
    epoch 34: loss 0.6598, val_ap 0.4944, minutes 26.96, lr 1.00e-03
    epoch 35: loss 0.6450, val_ap 0.4850, minutes 27.65, lr 1.00e-03
    epoch 36: loss 0.6434, val_ap 0.4893, minutes 28.39, lr 1.00e-03
    epoch 37: loss 0.6430, val_ap 0.4897, minutes 29.13, lr 1.00e-03
    epoch 38: loss 0.6385, val_ap 0.4879, minutes 29.89, lr 1.00e-03
    epoch 39: loss 0.6366, val_ap 0.4827, minutes 30.61, lr 1.00e-03
    epoch 40: loss 0.6337, val_ap 0.4871, minutes 31.35, lr 1.00e-03
    epoch 41: loss 0.6289, val_ap 0.4822, minutes 32.1, lr 1.00e-03
    epoch 42: loss 0.6398, val_ap 0.4907, minutes 32.88, lr 1.00e-03
    epoch 43: loss 0.6329, val_ap 0.4869, minutes 33.59, lr 5.00e-04
    epoch 44: loss 0.6114, val_ap 0.4843, minutes 34.32, lr 5.00e-04
    epoch 45: loss 0.6052, val_ap 0.4827, minutes 35.09, lr 5.00e-04
    epoch 46: loss 0.6086, val_ap 0.4860, minutes 35.83, lr 5.00e-04
    epoch 47: loss 0.6048, val_ap 0.4871, minutes 36.6, lr 5.00e-04
    epoch 48: loss 0.6009, val_ap 0.4798, minutes 37.37, lr 5.00e-04
    epoch 49: loss 0.6006, val_ap 0.4834, minutes 38.13, lr 5.00e-04
    epoch 50: loss 0.5993, val_ap 0.4804, minutes 38.83, lr 5.00e-04
    epoch 51: loss 0.5919, val_ap 0.4802, minutes 39.61, lr 5.00e-04
    epoch 52: loss 0.5937, val_ap 0.4836, minutes 40.32, lr 2.50e-04
    epoch 53: loss 0.5804, val_ap 0.4840, minutes 41.03, lr 2.50e-04
    epoch 54: loss 0.5761, val_ap 0.4764, minutes 41.71, lr 2.50e-04
    epoch 55: loss 0.5862, val_ap 0.4853, minutes 42.43, lr 2.50e-04
    epoch 56: loss 0.5783, val_ap 0.4827, minutes 43.27, lr 2.50e-04
    epoch 57: loss 0.5786, val_ap 0.4832, minutes 43.99, lr 2.50e-04
    epoch 58: loss 0.5768, val_ap 0.4765, minutes 44.78, lr 2.50e-04
    epoch 59: loss 0.5780, val_ap 0.4772, minutes 45.53, lr 2.50e-04
    stopping: no validation gain in 25 epochs
[h2gcn_noisy pooled_both fold 1] done (46.3 min)
