loaded: dataset0 121,838 sites, data1 90,452
[knn_random dataset0 fold 0]
    epoch 1: loss 1.1996744013669198, minutes 2.24, val_ap 0.23418628734230906, lr 0.00033430799220272904
    epoch 2: loss 0.877297994686149, minutes 4.81, val_ap 0.42912825470621546, lr 0.0006676413255360624
    epoch 3: loss 0.7725730467783777, minutes 7.52, val_ap 0.4335701735166585, lr 0.001
    epoch 4: loss 0.747039228503467, minutes 10.23, val_ap 0.46609058871855047, lr 0.001
    epoch 5: loss 0.728488275966449, minutes 13.07, val_ap 0.46404426905237584, lr 0.001
    epoch 6: loss 0.7170549136156227, minutes 15.87, val_ap 0.4797092246996413, lr 0.001
    epoch 7: loss 0.6940166372479054, minutes 18.59, val_ap 0.48249299121355005, lr 0.001
    epoch 8: loss 0.6979829430231574, minutes 21.4, val_ap 0.5045253184148858, lr 0.001
    epoch 9: loss 0.6848166640738995, minutes 24.11, val_ap 0.49477137613513206, lr 0.001
    epoch 10: loss 0.6826427427300236, minutes 26.89, val_ap 0.5069524037186952, lr 0.001
    epoch 11: loss 0.6762233825280652, minutes 29.71, val_ap 0.501652015256093, lr 0.001
    epoch 12: loss 0.6732349321681853, minutes 32.54, val_ap 0.5002356784133684, lr 0.001
    epoch 13: loss 0.6622376621466631, minutes 35.36, val_ap 0.5127141776175992, lr 0.001
    epoch 14: loss 0.6674543108507903, minutes 38.13, val_ap 0.5077959646490321, lr 0.001
    epoch 15: loss 0.6568509118075956, minutes 40.91, val_ap 0.5159337691806977, lr 0.001
    epoch 16: loss 0.6572998014458439, minutes 43.69, val_ap 0.5096218941990411, lr 0.001
    epoch 17: loss 0.6573711502970311, minutes 46.45, val_ap 0.5016482415650303, lr 0.001
    epoch 18: loss 0.6461810408628474, minutes 49.19, val_ap 0.5134166568509942, lr 0.001
    epoch 19: loss 0.637350202042457, minutes 51.88, val_ap 0.5099725393666908, lr 0.001
    epoch 20: loss 0.6367731253828919, minutes 54.74, val_ap 0.509394801363549, lr 0.001
    epoch 21: loss 0.6356440956829584, minutes 57.62, val_ap 0.5137152938827081, lr 0.001
    epoch 22: loss 0.6429876417618746, minutes 60.49, val_ap 0.5002322226166697, lr 0.001
    epoch 23: loss 0.6321491464885355, minutes 63.37, val_ap 0.5328262074146508, lr 0.001
    epoch 24: loss 0.6373551881801315, minutes 66.26, val_ap 0.5267652450496796, lr 0.001
    epoch 25: loss 0.6202428998828632, minutes 69.05, val_ap 0.5294575630818498, lr 0.001
    epoch 26: loss 0.6268578622250529, minutes 71.85, val_ap 0.5248613995293774, lr 0.001
    epoch 27: loss 0.6238399999357803, minutes 74.77, val_ap 0.5296375451422116, lr 0.001
    epoch 28: loss 0.624987487120238, minutes 77.56, val_ap 0.5273662206050562, lr 0.001
    epoch 29: loss 0.6227696607684532, minutes 80.48, val_ap 0.5261415163640669, lr 0.001
    epoch 30: loss 0.6159743657063322, minutes 83.41, val_ap 0.5279495437734935, lr 0.001
    epoch 31: loss 0.6105029189534354, minutes 86.25, val_ap 0.5207222663304806, lr 0.001
    epoch 32: loss 0.6103399018620888, minutes 89.15, val_ap 0.537286425655728, lr 0.001
    epoch 33: loss 0.6130090904863257, minutes 91.93, val_ap 0.5084331881272911, lr 0.001
    epoch 34: loss 0.6056835347274591, minutes 94.68, val_ap 0.5380587661173132, lr 0.001
    epoch 35: loss 0.6085532503692728, minutes 97.43, val_ap 0.5206699183072373, lr 0.001
    epoch 36: loss 0.6016766581444712, minutes 100.33, val_ap 0.5195573024448298, lr 0.001
    epoch 37: loss 0.5995978040304798, minutes 103.17, val_ap 0.5092844240293923, lr 0.001
    epoch 38: loss 0.6023558844425525, minutes 106.01, val_ap 0.5233660806446478, lr 0.001
    epoch 39: loss 0.5921016217410913, minutes 108.82, val_ap 0.5308502151882876, lr 0.001
    epoch 40: loss 0.5929018203278034, minutes 111.64, val_ap 0.5183428036398623, lr 0.001
    epoch 41: loss 0.5943469252676992, minutes 114.49, val_ap 0.5340476839377148, lr 0.001
    epoch 42: loss 0.5862819094929779, minutes 117.38, val_ap 0.5252920434269764, lr 0.001
    epoch 43: loss 0.5896297939862424, minutes 120.09, val_ap 0.5202613712917539, lr 0.0005
    epoch 44: loss 0.5697915744014651, minutes 122.95, val_ap 0.5331299529118049, lr 0.0005
    epoch 45: loss 0.557587494627077, minutes 125.76, val_ap 0.5300496254487094, lr 0.0005
    epoch 46: loss 0.5584085748383874, minutes 128.65, val_ap 0.5302991064962128, lr 0.0005
    epoch 47: loss 0.556841862829108, minutes 131.41, val_ap 0.5365023065727547, lr 0.0005
    epoch 48: loss 0.5559063471461597, minutes 134.22, val_ap 0.5148033608474167, lr 0.0005
    epoch 49: loss 0.5509002807806109, minutes 137.11, val_ap 0.538723522287632, lr 0.0005
    epoch 50: loss 0.5536801218115098, minutes 139.78, val_ap 0.523591552282923, lr 0.0005
    epoch 51: loss 0.5476025700656294, minutes 142.28, val_ap 0.5264077441582089, lr 0.0005
    epoch 52: loss 0.5431459138267919, minutes 145.01, val_ap 0.5254043001973857, lr 0.0005
    epoch 53: loss 0.5473015258273883, minutes 147.58, val_ap 0.5237222634650188, lr 0.0005
    epoch 54: loss 0.5487354899271887, minutes 150.12, val_ap 0.5279463284564703, lr 0.0005
    epoch 55: loss 0.5469205175575457, minutes 152.76, val_ap 0.5096741004563912, lr 0.0005
    epoch 56: loss 0.5437922963099173, minutes 155.14, val_ap 0.5257751542268139, lr 0.0005
    epoch 57: loss 0.5402494533455859, minutes 157.71, val_ap 0.5250298596685175, lr 0.0005
    epoch 58: loss 0.5414871514192101, minutes 160.03, val_ap 0.5259380419395581, lr 0.00025
    epoch 59: loss 0.5228369747511825, minutes 162.38, val_ap 0.5337303117536244, lr 0.00025
    epoch 60: loss 0.5293969321582053, minutes 164.78, val_ap 0.5243015115935201, lr 0.00025
    epoch 61: loss 0.5268130128146612, minutes 167.16, val_ap 0.5299942699309448, lr 0.00025
    epoch 62: loss 0.5082305465873919, minutes 169.51, val_ap 0.5331080796097443, lr 0.00025
    epoch 63: loss 0.5274233430275443, minutes 172.03, val_ap 0.5338279799057994, lr 0.00025
    epoch 64: loss 0.5231602164911248, minutes 174.4, val_ap 0.5332848012621989, lr 0.00025
    epoch 65: loss 0.5189918400774225, minutes 176.88, val_ap 0.5190877621999713, lr 0.00025
    epoch 66: loss 0.5233964132722358, minutes 179.11, val_ap 0.5254761404326724, lr 0.00025
    epoch 67: loss 0.5181603825144601, minutes 181.17, val_ap 0.5352598920042086, lr 0.000125
    epoch 68: loss 0.5043920170493991, minutes 183.27, val_ap 0.5328962014661451, lr 0.000125
    epoch 69: loss 0.5077608146688395, minutes 185.3, val_ap 0.5291257122835961, lr 0.000125
    epoch 70: loss 0.5033134574081466, minutes 187.29, val_ap 0.5244113327650556, lr 0.000125
    epoch 71: loss 0.5044899418165809, minutes 189.35, val_ap 0.5291255651850376, lr 0.000125
    epoch 72: loss 0.49396827660108866, minutes 191.37, val_ap 0.5281216713183633, lr 0.000125
    epoch 73: loss 0.5181269460079962, minutes 193.31, val_ap 0.5403547503403282, lr 0.000125
    epoch 74: loss 0.5041862440388105, minutes 195.17, val_ap 0.5320234178251376, lr 0.000125
    epoch 75: loss 0.49334275818359086, minutes 197.12, val_ap 0.5253042898577267, lr 0.000125
    epoch 76: loss 0.5161051898323304, minutes 198.95, val_ap 0.5302635862909085, lr 0.000125
    epoch 77: loss 0.4931922429486325, minutes 200.71, val_ap 0.5168966056320676, lr 0.000125
    epoch 78: loss 0.49592573661901795, minutes 202.47, val_ap 0.5339162363835601, lr 0.000125
    epoch 79: loss 0.4985298138787175, minutes 204.23, val_ap 0.5267367892011762, lr 0.000125
    epoch 80: loss 0.4964051258407141, minutes 205.91, val_ap 0.5291384168102135, lr 0.000125
    epoch 81: loss 0.5050136559365088, minutes 207.54, val_ap 0.5244133843734886, lr 0.000125
    epoch 82: loss 0.5014391787219465, minutes 209.22, val_ap 0.522321988624414, lr 6.25e-05
    epoch 83: loss 0.4925149712733358, minutes 210.76, val_ap 0.5311453065544816, lr 6.25e-05
    epoch 84: loss 0.49348789802071646, minutes 212.27, val_ap 0.5313161324373784, lr 6.25e-05
    epoch 85: loss 0.4938556275259682, minutes 213.78, val_ap 0.5305105095463143, lr 6.25e-05
    epoch 86: loss 0.4902076858003237, minutes 215.32, val_ap 0.5372812980853899, lr 6.25e-05
    epoch 87: loss 0.49075335386203744, minutes 216.87, val_ap 0.5272380030983888, lr 6.25e-05
    epoch 88: loss 0.491130699321889, minutes 218.44, val_ap 0.5222358519757168, lr 6.25e-05
    epoch 89: loss 0.49046882860667523, minutes 220.01, val_ap 0.526147946676472, lr 6.25e-05
    epoch 90: loss 0.49011233252914327, minutes 221.58, val_ap 0.5301686159286719, lr 6.25e-05
    epoch 91: loss 0.49379729174556786, minutes 223.15, val_ap 0.533769050367459, lr 3.125e-05
    epoch 92: loss 0.4919064939893477, minutes 224.72, val_ap 0.5382626357987619, lr 3.125e-05
    epoch 93: loss 0.4844630170635313, minutes 226.32, val_ap 0.5323817964773361, lr 3.125e-05
    epoch 94: loss 0.4793966809037136, minutes 227.9, val_ap 0.5328383035270395, lr 3.125e-05
    epoch 95: loss 0.49037051213937893, minutes 229.48, val_ap 0.5327635681383556, lr 3.125e-05
    epoch 96: loss 0.4837413860691918, minutes 231.0, val_ap 0.5330504186859911, lr 3.125e-05
    epoch 97: loss 0.48485551926999065, minutes 232.51, val_ap 0.5289338648895867, lr 3.125e-05
    stopping: no validation gain in 25 epochs
[knn_random dataset0 fold 0] done (234.8 min)
