loaded: dataset0 121,838 sites, data1 90,452
[res_gate pooled_both fold 4]
    kernel decay scale 97.3 nt (fitted to cell line 1 training labels)
    epoch 1: loss 1.8860, val_ap 0.1630, minutes 1.1, lr 3.31e-04
    epoch 2: loss 1.5473, val_ap 0.3229, minutes 2.21, lr 6.60e-04
    epoch 3: loss 1.4223, val_ap 0.4254, minutes 3.32, lr 9.89e-04
    epoch 4: loss 1.3274, val_ap 0.4461, minutes 4.44, lr 1.00e-03
    epoch 5: loss 1.2912, val_ap 0.4607, minutes 5.56, lr 1.00e-03
    epoch 6: loss 1.2700, val_ap 0.4674, minutes 6.66, lr 1.00e-03
    epoch 7: loss 1.2560, val_ap 0.4691, minutes 7.77, lr 1.00e-03
    epoch 8: loss 1.2415, val_ap 0.4754, minutes 8.84, lr 1.00e-03
    epoch 9: loss 1.2409, val_ap 0.4801, minutes 9.92, lr 1.00e-03
    epoch 10: loss 1.2198, val_ap 0.4811, minutes 11.0, lr 1.00e-03
    epoch 11: loss 1.2165, val_ap 0.4819, minutes 12.09, lr 1.00e-03
    epoch 12: loss 1.2193, val_ap 0.4799, minutes 13.17, lr 1.00e-03
    epoch 13: loss 1.2000, val_ap 0.4837, minutes 14.27, lr 1.00e-03
    epoch 14: loss 1.1989, val_ap 0.4841, minutes 15.33, lr 1.00e-03
    epoch 15: loss 1.2013, val_ap 0.4861, minutes 16.41, lr 1.00e-03
    epoch 16: loss 1.1908, val_ap 0.4874, minutes 17.48, lr 1.00e-03
    epoch 17: loss 1.1938, val_ap 0.4911, minutes 18.59, lr 1.00e-03
    epoch 18: loss 1.1822, val_ap 0.4905, minutes 19.71, lr 1.00e-03
    epoch 19: loss 1.1835, val_ap 0.4919, minutes 20.84, lr 1.00e-03
    epoch 20: loss 1.1841, val_ap 0.4926, minutes 21.9, lr 1.00e-03
    epoch 21: loss 1.1745, val_ap 0.4962, minutes 22.98, lr 1.00e-03
    epoch 22: loss 1.1700, val_ap 0.4945, minutes 24.01, lr 1.00e-03
    epoch 23: loss 1.1800, val_ap 0.4911, minutes 25.07, lr 1.00e-03
    epoch 24: loss 1.1717, val_ap 0.4911, minutes 26.12, lr 1.00e-03
    epoch 25: loss 1.1680, val_ap 0.4927, minutes 27.19, lr 1.00e-03
    epoch 26: loss 1.1687, val_ap 0.4976, minutes 28.25, lr 1.00e-03
    epoch 27: loss 1.1572, val_ap 0.5032, minutes 29.34, lr 1.00e-03
    epoch 28: loss 1.1651, val_ap 0.5001, minutes 30.43, lr 1.00e-03
    epoch 29: loss 1.1535, val_ap 0.4957, minutes 31.51, lr 1.00e-03
    epoch 30: loss 1.1561, val_ap 0.4972, minutes 32.62, lr 1.00e-03
    epoch 31: loss 1.1574, val_ap 0.5015, minutes 33.7, lr 1.00e-03
    epoch 32: loss 1.1510, val_ap 0.4997, minutes 34.81, lr 1.00e-03
    epoch 33: loss 1.1493, val_ap 0.5012, minutes 35.9, lr 1.00e-03
    epoch 34: loss 1.1431, val_ap 0.5072, minutes 37.01, lr 1.00e-03
    epoch 35: loss 1.1375, val_ap 0.5001, minutes 38.09, lr 1.00e-03
    epoch 36: loss 1.1397, val_ap 0.4985, minutes 39.19, lr 1.00e-03
    epoch 37: loss 1.1345, val_ap 0.5041, minutes 40.27, lr 1.00e-03
    epoch 38: loss 1.1405, val_ap 0.5067, minutes 41.37, lr 1.00e-03
    epoch 39: loss 1.1323, val_ap 0.5033, minutes 42.44, lr 1.00e-03
    epoch 40: loss 1.1244, val_ap 0.4995, minutes 43.49, lr 1.00e-03
    epoch 41: loss 1.1236, val_ap 0.5005, minutes 44.38, lr 1.00e-03
    epoch 42: loss 1.1204, val_ap 0.5099, minutes 45.27, lr 1.00e-03
    epoch 43: loss 1.1214, val_ap 0.5016, minutes 46.2, lr 1.00e-03
    epoch 44: loss 1.1168, val_ap 0.5024, minutes 47.11, lr 1.00e-03
    epoch 45: loss 1.1229, val_ap 0.5024, minutes 47.97, lr 1.00e-03
    epoch 46: loss 1.1170, val_ap 0.5015, minutes 48.85, lr 1.00e-03
    epoch 47: loss 1.1170, val_ap 0.5009, minutes 49.77, lr 1.00e-03
    epoch 48: loss 1.1090, val_ap 0.5050, minutes 50.64, lr 1.00e-03
    epoch 49: loss 1.1142, val_ap 0.4986, minutes 51.51, lr 1.00e-03
    epoch 50: loss 1.1025, val_ap 0.4995, minutes 52.38, lr 1.00e-03
    epoch 51: loss 1.0951, val_ap 0.4977, minutes 53.26, lr 5.00e-04
    epoch 52: loss 1.0914, val_ap 0.4950, minutes 54.11, lr 5.00e-04
    epoch 53: loss 1.0862, val_ap 0.4935, minutes 55.03, lr 5.00e-04
    epoch 54: loss 1.0828, val_ap 0.4968, minutes 55.92, lr 5.00e-04
    epoch 55: loss 1.0752, val_ap 0.4942, minutes 56.82, lr 5.00e-04
    epoch 56: loss 1.0822, val_ap 0.4903, minutes 57.72, lr 5.00e-04
    epoch 57: loss 1.0804, val_ap 0.4903, minutes 58.65, lr 5.00e-04
    epoch 58: loss 1.0772, val_ap 0.4948, minutes 59.51, lr 5.00e-04
    epoch 59: loss 1.0730, val_ap 0.4904, minutes 60.34, lr 5.00e-04
    epoch 60: loss 1.0773, val_ap 0.4967, minutes 61.17, lr 2.50e-04
    epoch 61: loss 1.0620, val_ap 0.4892, minutes 62.06, lr 2.50e-04
    epoch 62: loss 1.0567, val_ap 0.4887, minutes 62.91, lr 2.50e-04
    epoch 63: loss 1.0613, val_ap 0.4906, minutes 63.78, lr 2.50e-04
    epoch 64: loss 1.0618, val_ap 0.4887, minutes 64.65, lr 2.50e-04
    epoch 65: loss 1.0591, val_ap 0.4919, minutes 65.55, lr 2.50e-04
    epoch 66: loss 1.0565, val_ap 0.4898, minutes 66.45, lr 2.50e-04
    epoch 67: loss 1.0549, val_ap 0.4885, minutes 67.32, lr 2.50e-04
    stopping: no validation gain in 25 epochs
[res_gate pooled_both fold 4] done (68.1 min)
