loaded: dataset0 121,838 sites, data1 90,452
[h2gcn_aux dataset0 fold 0 seed 2]
    epoch 1: loss 1.9656, val_ap 0.1656, minutes 0.55, lr 3.33e-04
    epoch 2: loss 1.5882, val_ap 0.2476, minutes 1.11, lr 6.63e-04
    epoch 3: loss 1.3387, val_ap 0.3711, minutes 1.72, lr 9.88e-04
    epoch 4: loss 1.2008, val_ap 0.4291, minutes 2.26, lr 1.00e-03
    epoch 5: loss 1.1392, val_ap 0.4314, minutes 2.8, lr 1.00e-03
    epoch 6: loss 1.1404, val_ap 0.4497, minutes 3.37, lr 1.00e-03
    epoch 7: loss 1.0723, val_ap 0.4477, minutes 3.91, lr 1.00e-03
    epoch 8: loss 1.0845, val_ap 0.4658, minutes 4.44, lr 1.00e-03
    epoch 9: loss 1.0376, val_ap 0.4619, minutes 4.97, lr 1.00e-03
    epoch 10: loss 1.0077, val_ap 0.4777, minutes 5.54, lr 1.00e-03
    epoch 11: loss 1.0009, val_ap 0.4798, minutes 6.11, lr 1.00e-03
    epoch 12: loss 1.0000, val_ap 0.4837, minutes 6.63, lr 1.00e-03
    epoch 13: loss 0.9895, val_ap 0.4881, minutes 7.23, lr 1.00e-03
    epoch 14: loss 0.9647, val_ap 0.4893, minutes 7.81, lr 1.00e-03
    epoch 15: loss 0.9869, val_ap 0.4897, minutes 8.39, lr 1.00e-03
    epoch 16: loss 0.9839, val_ap 0.4914, minutes 8.97, lr 1.00e-03
    epoch 17: loss 0.9939, val_ap 0.4940, minutes 9.54, lr 1.00e-03
    epoch 18: loss 0.9882, val_ap 0.4923, minutes 10.09, lr 1.00e-03
    epoch 19: loss 0.9461, val_ap 0.5043, minutes 10.64, lr 1.00e-03
    epoch 20: loss 0.9497, val_ap 0.5061, minutes 11.15, lr 1.00e-03
    epoch 21: loss 0.9390, val_ap 0.4972, minutes 11.7, lr 1.00e-03
    epoch 22: loss 0.9483, val_ap 0.5052, minutes 12.24, lr 1.00e-03
    epoch 23: loss 0.9403, val_ap 0.5003, minutes 12.77, lr 1.00e-03
    epoch 24: loss 0.9349, val_ap 0.5216, minutes 13.32, lr 1.00e-03
    epoch 25: loss 0.9191, val_ap 0.5077, minutes 13.85, lr 1.00e-03
    epoch 26: loss 0.9215, val_ap 0.5069, minutes 14.42, lr 1.00e-03
    epoch 27: loss 0.9209, val_ap 0.5108, minutes 14.97, lr 1.00e-03
    epoch 28: loss 0.9156, val_ap 0.5187, minutes 15.51, lr 1.00e-03
    epoch 29: loss 0.9046, val_ap 0.5247, minutes 16.07, lr 1.00e-03
    epoch 30: loss 0.8890, val_ap 0.5248, minutes 16.62, lr 1.00e-03
    epoch 31: loss 0.9094, val_ap 0.5320, minutes 17.15, lr 1.00e-03
    epoch 32: loss 0.8892, val_ap 0.5276, minutes 17.69, lr 1.00e-03
    epoch 33: loss 0.9159, val_ap 0.5365, minutes 18.23, lr 1.00e-03
    epoch 34: loss 0.8711, val_ap 0.5370, minutes 18.81, lr 1.00e-03
    epoch 35: loss 0.8676, val_ap 0.5412, minutes 19.35, lr 1.00e-03
    epoch 36: loss 0.8667, val_ap 0.5411, minutes 19.88, lr 1.00e-03
    epoch 37: loss 0.8688, val_ap 0.5359, minutes 20.48, lr 1.00e-03
    epoch 38: loss 0.8602, val_ap 0.5420, minutes 21.04, lr 1.00e-03
    epoch 39: loss 0.8710, val_ap 0.5449, minutes 21.57, lr 1.00e-03
    epoch 40: loss 0.8803, val_ap 0.5464, minutes 22.11, lr 1.00e-03
    epoch 41: loss 0.8495, val_ap 0.5413, minutes 22.67, lr 1.00e-03
    epoch 42: loss 0.8442, val_ap 0.5448, minutes 23.23, lr 1.00e-03
    epoch 43: loss 0.8392, val_ap 0.5386, minutes 23.78, lr 1.00e-03
    epoch 44: loss 0.8745, val_ap 0.5442, minutes 24.36, lr 1.00e-03
    epoch 45: loss 0.8492, val_ap 0.5427, minutes 24.91, lr 1.00e-03
    epoch 46: loss 0.8342, val_ap 0.5508, minutes 25.45, lr 1.00e-03
    epoch 47: loss 0.8370, val_ap 0.5503, minutes 26.02, lr 1.00e-03
    epoch 48: loss 0.8219, val_ap 0.5503, minutes 26.6, lr 1.00e-03
    epoch 49: loss 0.8212, val_ap 0.5478, minutes 27.09, lr 1.00e-03
    epoch 50: loss 0.8436, val_ap 0.5420, minutes 27.67, lr 1.00e-03
    epoch 51: loss 0.8279, val_ap 0.5492, minutes 28.2, lr 1.00e-03
    epoch 52: loss 0.8020, val_ap 0.5557, minutes 28.73, lr 1.00e-03
    epoch 53: loss 0.8234, val_ap 0.5449, minutes 29.29, lr 1.00e-03
    epoch 54: loss 0.8164, val_ap 0.5588, minutes 29.82, lr 1.00e-03
    epoch 55: loss 0.8028, val_ap 0.5582, minutes 30.37, lr 1.00e-03
    epoch 56: loss 0.8240, val_ap 0.5605, minutes 30.94, lr 1.00e-03
    epoch 57: loss 0.8334, val_ap 0.5577, minutes 31.5, lr 1.00e-03
    epoch 58: loss 0.7944, val_ap 0.5612, minutes 32.09, lr 1.00e-03
    epoch 59: loss 0.7944, val_ap 0.5603, minutes 32.63, lr 1.00e-03
    epoch 60: loss 0.8185, val_ap 0.5656, minutes 33.17, lr 1.00e-03
    epoch 61: loss 0.8044, val_ap 0.5581, minutes 33.73, lr 1.00e-03
    epoch 62: loss 0.7802, val_ap 0.5605, minutes 34.24, lr 1.00e-03
    epoch 63: loss 0.7920, val_ap 0.5520, minutes 34.78, lr 1.00e-03
    epoch 64: loss 0.7610, val_ap 0.5623, minutes 35.34, lr 1.00e-03
    epoch 65: loss 0.7917, val_ap 0.5585, minutes 35.89, lr 1.00e-03
    epoch 66: loss 0.8009, val_ap 0.5618, minutes 36.46, lr 1.00e-03
    epoch 67: loss 0.7659, val_ap 0.5628, minutes 37.02, lr 1.00e-03
    epoch 68: loss 0.7602, val_ap 0.5679, minutes 37.58, lr 1.00e-03
    epoch 69: loss 0.7657, val_ap 0.5729, minutes 38.18, lr 1.00e-03
    epoch 70: loss 0.7740, val_ap 0.5674, minutes 38.77, lr 1.00e-03
    epoch 71: loss 0.7900, val_ap 0.5389, minutes 39.3, lr 1.00e-03
    epoch 72: loss 0.7665, val_ap 0.5639, minutes 39.86, lr 1.00e-03
    epoch 73: loss 0.7591, val_ap 0.5637, minutes 40.42, lr 1.00e-03
    epoch 74: loss 0.7615, val_ap 0.5573, minutes 41.0, lr 1.00e-03
    epoch 75: loss 0.7406, val_ap 0.5563, minutes 41.54, lr 1.00e-03
    epoch 76: loss 0.7631, val_ap 0.5540, minutes 42.09, lr 1.00e-03
    epoch 77: loss 0.7804, val_ap 0.5668, minutes 42.63, lr 1.00e-03
    epoch 78: loss 0.7515, val_ap 0.5667, minutes 43.19, lr 5.00e-04
    epoch 79: loss 0.7087, val_ap 0.5630, minutes 43.73, lr 5.00e-04
    epoch 80: loss 0.7089, val_ap 0.5661, minutes 44.35, lr 5.00e-04
    epoch 81: loss 0.7265, val_ap 0.5737, minutes 44.9, lr 5.00e-04
    epoch 82: loss 0.7092, val_ap 0.5669, minutes 45.41, lr 5.00e-04
    epoch 83: loss 0.7191, val_ap 0.5647, minutes 45.98, lr 5.00e-04
    epoch 84: loss 0.7249, val_ap 0.5698, minutes 46.53, lr 5.00e-04
    epoch 85: loss 0.7157, val_ap 0.5635, minutes 47.05, lr 5.00e-04
    epoch 86: loss 0.6958, val_ap 0.5741, minutes 47.65, lr 5.00e-04
    epoch 87: loss 0.7004, val_ap 0.5698, minutes 48.2, lr 5.00e-04
    epoch 88: loss 0.7070, val_ap 0.5554, minutes 48.77, lr 5.00e-04
    epoch 89: loss 0.6866, val_ap 0.5632, minutes 49.35, lr 5.00e-04
    epoch 90: loss 0.7037, val_ap 0.5661, minutes 49.91, lr 5.00e-04
    epoch 91: loss 0.7199, val_ap 0.5661, minutes 50.47, lr 5.00e-04
    epoch 92: loss 0.7045, val_ap 0.5682, minutes 51.02, lr 5.00e-04
    epoch 93: loss 0.7033, val_ap 0.5621, minutes 51.54, lr 5.00e-04
    epoch 94: loss 0.6902, val_ap 0.5729, minutes 52.17, lr 5.00e-04
    epoch 95: loss 0.6911, val_ap 0.5687, minutes 52.68, lr 2.50e-04
    epoch 96: loss 0.6856, val_ap 0.5658, minutes 53.24, lr 2.50e-04
    epoch 97: loss 0.6897, val_ap 0.5629, minutes 53.86, lr 2.50e-04
    epoch 98: loss 0.6732, val_ap 0.5677, minutes 54.39, lr 2.50e-04
    epoch 99: loss 0.7101, val_ap 0.5623, minutes 54.94, lr 2.50e-04
    epoch 100: loss 0.6881, val_ap 0.5653, minutes 55.48, lr 2.50e-04
    epoch 101: loss 0.6682, val_ap 0.5682, minutes 56.04, lr 2.50e-04
    epoch 102: loss 0.6784, val_ap 0.5671, minutes 56.58, lr 2.50e-04
    epoch 103: loss 0.6602, val_ap 0.5629, minutes 57.12, lr 2.50e-04
    epoch 104: loss 0.6529, val_ap 0.5738, minutes 57.67, lr 1.25e-04
    epoch 105: loss 0.6576, val_ap 0.5688, minutes 58.2, lr 1.25e-04
    epoch 106: loss 0.6637, val_ap 0.5631, minutes 58.74, lr 1.25e-04
    epoch 107: loss 0.6549, val_ap 0.5664, minutes 59.29, lr 1.25e-04
    epoch 108: loss 0.6622, val_ap 0.5724, minutes 59.86, lr 1.25e-04
    epoch 109: loss 0.6534, val_ap 0.5665, minutes 60.41, lr 1.25e-04
    epoch 110: loss 0.6554, val_ap 0.5666, minutes 60.99, lr 1.25e-04
    epoch 111: loss 0.6434, val_ap 0.5658, minutes 61.55, lr 1.25e-04
    stopping: no validation gain in 25 epochs
[h2gcn_aux dataset0 fold 0 seed 2] done (62.3 min)
