loaded: dataset0 121,838 sites, data1 90,452
[set_transformer dataset0 fold 3 seed 2]
    epoch 1: loss 1.0058497975385465, minutes 1.67, val_ap 0.38703986481294134, lr 0.00033430232558139537
    epoch 2: loss 0.818019600715055, minutes 3.75, val_ap 0.37213188686433685, lr 0.0006676356589147286
    epoch 3: loss 0.790373527899731, minutes 5.89, val_ap 0.4752006046713448, lr 0.001
    epoch 4: loss 0.753554638908353, minutes 8.0, val_ap 0.4939646202317207, lr 0.001
    epoch 5: loss 0.7172485946049524, minutes 10.13, val_ap 0.46100484816219894, lr 0.001
    epoch 6: loss 0.7010847304969333, minutes 12.35, val_ap 0.5071130270504889, lr 0.001
    epoch 7: loss 0.6878708437258421, minutes 14.44, val_ap 0.46961068626712255, lr 0.001
    epoch 8: loss 0.6784264842091605, minutes 16.64, val_ap 0.5364701354155805, lr 0.001
    epoch 9: loss 0.6699496738092844, minutes 18.78, val_ap 0.5168357325081965, lr 0.001
    epoch 10: loss 0.6663021477329176, minutes 20.97, val_ap 0.49738394237877775, lr 0.001
    epoch 11: loss 0.6640126477320527, minutes 23.22, val_ap 0.5317612337061414, lr 0.001
    epoch 12: loss 0.6491409978114588, minutes 25.39, val_ap 0.5345559079259654, lr 0.001
    epoch 13: loss 0.6558028640615385, minutes 27.57, val_ap 0.53569149396822, lr 0.001
    epoch 14: loss 0.6439256779849529, minutes 29.7, val_ap 0.5342961254052794, lr 0.001
    epoch 15: loss 0.6422854551049166, minutes 31.87, val_ap 0.5067998550783289, lr 0.001
    epoch 16: loss 0.6520343130064565, minutes 34.02, val_ap 0.5381875707974271, lr 0.001
    epoch 17: loss 0.6715537053208018, minutes 36.16, val_ap 0.5372022020020029, lr 0.001
    epoch 18: loss 0.6483271978795528, minutes 38.3, val_ap 0.5056279458158165, lr 0.001
    epoch 19: loss 0.6355543543779573, minutes 40.43, val_ap 0.5468284037035084, lr 0.001
    epoch 20: loss 0.6289948492722456, minutes 42.62, val_ap 0.5419750326760888, lr 0.001
    epoch 21: loss 0.6337173980075953, minutes 44.8, val_ap 0.5480989744799802, lr 0.001
    epoch 22: loss 0.6240803669531678, minutes 46.97, val_ap 0.5423997173611583, lr 0.001
    epoch 23: loss 0.6120322256587273, minutes 49.16, val_ap 0.5532414693729067, lr 0.001
    epoch 24: loss 0.6115022271784932, minutes 51.22, val_ap 0.5350978467629001, lr 0.001
    epoch 25: loss 0.6147746836203475, minutes 53.35, val_ap 0.5322297082603573, lr 0.001
    epoch 26: loss 0.6204486385767543, minutes 55.46, val_ap 0.5289807842526355, lr 0.001
    epoch 27: loss 0.6040314830146557, minutes 57.55, val_ap 0.5355608952383902, lr 0.001
    epoch 28: loss 0.6046642942657304, minutes 59.67, val_ap 0.5365265294982976, lr 0.001
    epoch 29: loss 0.5992160066095895, minutes 61.76, val_ap 0.5407195887418785, lr 0.001
    epoch 30: loss 0.6105736011509285, minutes 63.88, val_ap 0.5502005337774976, lr 0.001
    epoch 31: loss 0.6022828572191471, minutes 66.06, val_ap 0.5544317178834365, lr 0.001
    epoch 32: loss 0.6046250601147496, minutes 68.13, val_ap 0.529496583634199, lr 0.001
    epoch 33: loss 0.581712782512917, minutes 70.25, val_ap 0.5305512392930309, lr 0.001
    epoch 34: loss 0.5831155269298443, minutes 72.39, val_ap 0.5393441689998655, lr 0.001
    epoch 35: loss 0.5775742219804332, minutes 74.51, val_ap 0.5359441120753294, lr 0.001
    epoch 36: loss 0.5826026717590731, minutes 76.64, val_ap 0.5554013954380235, lr 0.001
    epoch 37: loss 0.5850407628039288, minutes 78.69, val_ap 0.5516176493975902, lr 0.001
    epoch 38: loss 0.577134462549936, minutes 80.8, val_ap 0.5468470530889038, lr 0.001
    epoch 39: loss 0.5729278697697229, minutes 82.9, val_ap 0.5631829920173704, lr 0.001
    epoch 40: loss 0.5784163839768531, minutes 85.01, val_ap 0.5514487101420424, lr 0.001
    epoch 41: loss 0.5829159197245919, minutes 87.15, val_ap 0.5358392326455644, lr 0.001
    epoch 42: loss 0.5661931768666173, minutes 89.26, val_ap 0.5499455287726692, lr 0.001
    epoch 43: loss 0.5692865248163079, minutes 91.37, val_ap 0.536183910583673, lr 0.001
    epoch 44: loss 0.5752809576603563, minutes 93.45, val_ap 0.5569763868686278, lr 0.001
    epoch 45: loss 0.5622632923687614, minutes 95.45, val_ap 0.5512234286869567, lr 0.001
    epoch 46: loss 0.568914958124244, minutes 97.49, val_ap 0.5557843983461547, lr 0.001
    epoch 47: loss 0.5646789285332657, minutes 99.54, val_ap 0.5466278059380015, lr 0.001
    epoch 48: loss 0.5697069583070833, minutes 101.58, val_ap 0.566811740389831, lr 0.001
    epoch 49: loss 0.5596328459160272, minutes 103.65, val_ap 0.5417904275040489, lr 0.001
    epoch 50: loss 0.5625610102054684, minutes 105.65, val_ap 0.5661549240326677, lr 0.001
    epoch 51: loss 0.5398943920208271, minutes 107.75, val_ap 0.5530357782557417, lr 0.001
    epoch 52: loss 0.5404305970079677, minutes 109.78, val_ap 0.5505770894067662, lr 0.001
    epoch 53: loss 0.5389935732927433, minutes 111.88, val_ap 0.5562257900886981, lr 0.001
    epoch 54: loss 0.5455782037055077, minutes 113.89, val_ap 0.5513360441301265, lr 0.001
    epoch 55: loss 0.5417990434568288, minutes 115.84, val_ap 0.551907911124363, lr 0.001
    epoch 56: loss 0.5349564550141263, minutes 117.84, val_ap 0.5539667056064116, lr 0.001
    epoch 57: loss 0.5378882904038873, minutes 119.83, val_ap 0.5563416358982672, lr 0.0005
    epoch 58: loss 0.5192186044918936, minutes 121.86, val_ap 0.5641228720014794, lr 0.0005
    epoch 59: loss 0.5018164940438298, minutes 123.86, val_ap 0.5561036257522138, lr 0.0005
    epoch 60: loss 0.4928423492887685, minutes 125.83, val_ap 0.5765135179571484, lr 0.0005
    epoch 61: loss 0.48696106460032074, minutes 127.8, val_ap 0.5664716861304533, lr 0.0005
    epoch 62: loss 0.4830237863108862, minutes 129.8, val_ap 0.5634134322733564, lr 0.0005
    epoch 63: loss 0.49006104781184084, minutes 131.73, val_ap 0.5704619317970205, lr 0.0005
    epoch 64: loss 0.4880839416454005, minutes 133.75, val_ap 0.5725043689235021, lr 0.0005
    epoch 65: loss 0.4857041883433974, minutes 135.65, val_ap 0.5767555680203893, lr 0.0005
    epoch 66: loss 0.48483222246516583, minutes 137.59, val_ap 0.5611813283635172, lr 0.0005
    epoch 67: loss 0.4725092579718939, minutes 139.54, val_ap 0.5735436393180862, lr 0.0005
    epoch 68: loss 0.46916522726763127, minutes 141.43, val_ap 0.5715471875483238, lr 0.0005
    epoch 69: loss 0.470388722107854, minutes 143.45, val_ap 0.5602660650778539, lr 0.0005
    epoch 70: loss 0.4698578559815191, minutes 145.34, val_ap 0.55654390931482, lr 0.0005
    epoch 71: loss 0.45597349215558797, minutes 147.29, val_ap 0.565343897292896, lr 0.0005
    epoch 72: loss 0.4531265364440028, minutes 149.14, val_ap 0.5529132951701501, lr 0.0005
    epoch 73: loss 0.4649731336637985, minutes 151.1, val_ap 0.5446156159835353, lr 0.0005
    epoch 74: loss 0.46095511740680006, minutes 153.05, val_ap 0.5536952688020146, lr 0.00025
    epoch 75: loss 0.4504349780983703, minutes 155.0, val_ap 0.5637967292971647, lr 0.00025
    epoch 76: loss 0.4359444422690674, minutes 156.91, val_ap 0.552962534056071, lr 0.00025
    epoch 77: loss 0.4398817923353162, minutes 158.83, val_ap 0.5604105335293924, lr 0.00025
    epoch 78: loss 0.438682354120321, minutes 160.72, val_ap 0.557249063738873, lr 0.00025
    epoch 79: loss 0.43811412857368937, minutes 162.6, val_ap 0.5608886726681088, lr 0.00025
    epoch 80: loss 0.4246485178293877, minutes 164.49, val_ap 0.5485332585309834, lr 0.00025
    epoch 81: loss 0.4242790392058533, minutes 166.41, val_ap 0.5482474228379409, lr 0.00025
    epoch 82: loss 0.41859514695094074, minutes 168.3, val_ap 0.5495284607043918, lr 0.00025
    epoch 83: loss 0.4300559860935738, minutes 170.26, val_ap 0.5602385165957504, lr 0.000125
    epoch 84: loss 0.4111280772011987, minutes 172.21, val_ap 0.5558119841147582, lr 0.000125
    epoch 85: loss 0.42125038243830204, minutes 174.08, val_ap 0.5574114472797108, lr 0.000125
    epoch 86: loss 0.4038008557805835, minutes 175.91, val_ap 0.5490827474364527, lr 0.000125
    epoch 87: loss 0.4068719844745342, minutes 177.81, val_ap 0.5537159167892207, lr 0.000125
    epoch 88: loss 0.4089707243581151, minutes 179.69, val_ap 0.5471391091845852, lr 0.000125
    epoch 89: loss 0.4026777911498103, minutes 181.55, val_ap 0.5413534599405537, lr 0.000125
    stopping: no validation gain in 25 epochs
[set_transformer dataset0 fold 3 seed 2] done (185.3 min)
