loaded: dataset0 121,838 sites, data1 90,452
[gcn dataset0 fold 2]
    epoch 1: loss 1.3191, val_ap 0.0983, minutes 0.49, lr 3.33e-04
    epoch 2: loss 1.2981, val_ap 0.1052, minutes 0.97, lr 6.63e-04
    epoch 3: loss 1.1893, val_ap 0.1608, minutes 1.46, lr 9.92e-04
    epoch 4: loss 1.0312, val_ap 0.2894, minutes 1.95, lr 1.00e-03
    epoch 5: loss 0.9251, val_ap 0.3271, minutes 2.47, lr 1.00e-03
    epoch 6: loss 0.8751, val_ap 0.3304, minutes 2.99, lr 1.00e-03
    epoch 7: loss 0.8458, val_ap 0.3373, minutes 3.49, lr 1.00e-03
    epoch 8: loss 0.8392, val_ap 0.3370, minutes 3.97, lr 1.00e-03
    epoch 9: loss 0.8345, val_ap 0.3374, minutes 4.48, lr 1.00e-03
    epoch 10: loss 0.8358, val_ap 0.3395, minutes 4.96, lr 1.00e-03
    epoch 11: loss 0.8172, val_ap 0.3359, minutes 5.44, lr 1.00e-03
    epoch 12: loss 0.8644, val_ap 0.3388, minutes 5.97, lr 1.00e-03
    epoch 13: loss 0.8118, val_ap 0.3396, minutes 6.46, lr 1.00e-03
    epoch 14: loss 0.9129, val_ap 0.3373, minutes 6.96, lr 1.00e-03
    epoch 15: loss 0.7898, val_ap 0.3407, minutes 7.43, lr 1.00e-03
    epoch 16: loss 0.7774, val_ap 0.3391, minutes 7.98, lr 1.00e-03
    epoch 17: loss 0.7771, val_ap 0.3415, minutes 8.46, lr 1.00e-03
    epoch 18: loss 0.7708, val_ap 0.3421, minutes 8.96, lr 1.00e-03
    epoch 19: loss 0.7578, val_ap 0.3407, minutes 9.46, lr 1.00e-03
    epoch 20: loss 0.7829, val_ap 0.3425, minutes 9.96, lr 1.00e-03
    epoch 21: loss 0.7590, val_ap 0.3414, minutes 10.48, lr 1.00e-03
    epoch 22: loss 0.7472, val_ap 0.3434, minutes 10.97, lr 1.00e-03
    epoch 23: loss 0.7650, val_ap 0.3407, minutes 11.49, lr 1.00e-03
    epoch 24: loss 0.7554, val_ap 0.3448, minutes 11.96, lr 1.00e-03
    epoch 25: loss 0.7454, val_ap 0.3432, minutes 12.49, lr 1.00e-03
    epoch 26: loss 0.7502, val_ap 0.3449, minutes 12.99, lr 1.00e-03
    epoch 27: loss 0.7511, val_ap 0.3439, minutes 13.46, lr 1.00e-03
    epoch 28: loss 0.7578, val_ap 0.3443, minutes 14.0, lr 1.00e-03
    epoch 29: loss 0.7280, val_ap 0.3440, minutes 14.49, lr 1.00e-03
    epoch 30: loss 0.7266, val_ap 0.3431, minutes 15.0, lr 1.00e-03
    epoch 31: loss 0.7407, val_ap 0.3444, minutes 15.46, lr 1.00e-03
    epoch 32: loss 0.7810, val_ap 0.3424, minutes 15.95, lr 1.00e-03
    epoch 33: loss 0.7373, val_ap 0.3418, minutes 16.46, lr 1.00e-03
    epoch 34: loss 0.7364, val_ap 0.3430, minutes 16.95, lr 1.00e-03
    epoch 35: loss 0.7178, val_ap 0.3454, minutes 17.48, lr 1.00e-03
    epoch 36: loss 0.7289, val_ap 0.3450, minutes 17.97, lr 1.00e-03
    epoch 37: loss 0.7245, val_ap 0.3459, minutes 18.44, lr 1.00e-03
    epoch 38: loss 0.7164, val_ap 0.3459, minutes 18.93, lr 1.00e-03
    epoch 39: loss 0.7300, val_ap 0.3478, minutes 19.44, lr 1.00e-03
    epoch 40: loss 0.7038, val_ap 0.3468, minutes 19.94, lr 1.00e-03
    epoch 41: loss 0.7070, val_ap 0.3455, minutes 20.43, lr 1.00e-03
    epoch 42: loss 0.7120, val_ap 0.3449, minutes 20.92, lr 1.00e-03
    epoch 43: loss 0.6993, val_ap 0.3449, minutes 21.45, lr 1.00e-03
    epoch 44: loss 0.7121, val_ap 0.3453, minutes 21.95, lr 1.00e-03
    epoch 45: loss 0.7074, val_ap 0.3453, minutes 22.45, lr 1.00e-03
    epoch 46: loss 0.6912, val_ap 0.3496, minutes 22.96, lr 1.00e-03
    epoch 47: loss 0.7010, val_ap 0.3498, minutes 23.43, lr 1.00e-03
    epoch 48: loss 0.7097, val_ap 0.3516, minutes 23.92, lr 1.00e-03
    epoch 49: loss 0.6994, val_ap 0.3531, minutes 24.45, lr 1.00e-03
    epoch 50: loss 0.7049, val_ap 0.3516, minutes 24.92, lr 1.00e-03
    epoch 51: loss 0.6942, val_ap 0.3529, minutes 25.41, lr 1.00e-03
    epoch 52: loss 0.6928, val_ap 0.3519, minutes 25.89, lr 1.00e-03
    epoch 53: loss 0.6899, val_ap 0.3543, minutes 26.38, lr 1.00e-03
    epoch 54: loss 0.7015, val_ap 0.3531, minutes 26.84, lr 1.00e-03
    epoch 55: loss 0.6897, val_ap 0.3533, minutes 27.32, lr 1.00e-03
    epoch 56: loss 0.6776, val_ap 0.3508, minutes 27.79, lr 1.00e-03
    epoch 57: loss 0.6841, val_ap 0.3531, minutes 28.27, lr 1.00e-03
    epoch 58: loss 0.6901, val_ap 0.3520, minutes 28.77, lr 1.00e-03
    epoch 59: loss 0.6844, val_ap 0.3504, minutes 29.26, lr 1.00e-03
    epoch 60: loss 0.6848, val_ap 0.3557, minutes 29.75, lr 1.00e-03
    epoch 61: loss 0.6808, val_ap 0.3500, minutes 30.23, lr 1.00e-03
    epoch 62: loss 0.6892, val_ap 0.3526, minutes 30.7, lr 1.00e-03
    epoch 63: loss 0.6721, val_ap 0.3517, minutes 31.23, lr 1.00e-03
    epoch 64: loss 0.6765, val_ap 0.3547, minutes 31.69, lr 1.00e-03
    epoch 65: loss 0.6898, val_ap 0.3582, minutes 32.2, lr 1.00e-03
    epoch 66: loss 0.6686, val_ap 0.3569, minutes 32.69, lr 1.00e-03
    epoch 67: loss 0.6575, val_ap 0.3545, minutes 33.16, lr 1.00e-03
    epoch 68: loss 0.6788, val_ap 0.3521, minutes 33.67, lr 1.00e-03
    epoch 69: loss 0.6679, val_ap 0.3515, minutes 34.15, lr 1.00e-03
    epoch 70: loss 0.6564, val_ap 0.3551, minutes 34.62, lr 1.00e-03
    epoch 71: loss 0.6641, val_ap 0.3542, minutes 35.09, lr 1.00e-03
    epoch 72: loss 0.6615, val_ap 0.3530, minutes 35.56, lr 1.00e-03
    epoch 73: loss 0.6529, val_ap 0.3533, minutes 36.06, lr 1.00e-03
    epoch 74: loss 0.6570, val_ap 0.3453, minutes 36.54, lr 5.00e-04
    epoch 75: loss 0.6465, val_ap 0.3520, minutes 37.03, lr 5.00e-04
    epoch 76: loss 0.6410, val_ap 0.3555, minutes 37.52, lr 5.00e-04
    epoch 77: loss 0.6520, val_ap 0.3550, minutes 38.02, lr 5.00e-04
    epoch 78: loss 0.6416, val_ap 0.3488, minutes 38.5, lr 5.00e-04
    epoch 79: loss 0.6348, val_ap 0.3516, minutes 38.98, lr 5.00e-04
    epoch 80: loss 0.6406, val_ap 0.3487, minutes 39.46, lr 5.00e-04
    epoch 81: loss 0.6326, val_ap 0.3494, minutes 39.98, lr 5.00e-04
    epoch 82: loss 0.6372, val_ap 0.3488, minutes 40.45, lr 5.00e-04
    epoch 83: loss 0.6312, val_ap 0.3487, minutes 40.96, lr 2.50e-04
    epoch 84: loss 0.6229, val_ap 0.3502, minutes 41.43, lr 2.50e-04
    epoch 85: loss 0.6332, val_ap 0.3491, minutes 41.9, lr 2.50e-04
    epoch 86: loss 0.6323, val_ap 0.3484, minutes 42.36, lr 2.50e-04
    epoch 87: loss 0.6193, val_ap 0.3512, minutes 42.84, lr 2.50e-04
    epoch 88: loss 0.6214, val_ap 0.3485, minutes 43.32, lr 2.50e-04
    epoch 89: loss 0.6316, val_ap 0.3487, minutes 43.79, lr 2.50e-04
    epoch 90: loss 0.6202, val_ap 0.3542, minutes 44.28, lr 2.50e-04
    stopping: no validation gain in 25 epochs
[gcn dataset0 fold 2] done (44.9 min)
