loaded: dataset0 121,838 sites, data1 90,452
[fk_band_shuffled dataset0 fold 4 seed 2]
    band weights [0.402, 0.362, 0.236] (bands ((0, 30), (30, 75), (75, 150)))
    epoch 1: loss 1.9656, val_ap 0.1512, minutes 0.45, lr 3.33e-04
    epoch 2: loss 1.6166, val_ap 0.2177, minutes 0.95, lr 6.63e-04
    epoch 3: loss 1.3662, val_ap 0.3934, minutes 1.41, lr 9.92e-04
    epoch 4: loss 1.1890, val_ap 0.4825, minutes 1.86, lr 1.00e-03
    epoch 5: loss 1.1352, val_ap 0.5021, minutes 2.32, lr 1.00e-03
    epoch 6: loss 1.1177, val_ap 0.5170, minutes 2.72, lr 1.00e-03
    epoch 7: loss 1.0381, val_ap 0.5291, minutes 3.18, lr 1.00e-03
    epoch 8: loss 1.0540, val_ap 0.5404, minutes 3.68, lr 1.00e-03
    epoch 9: loss 1.0113, val_ap 0.5396, minutes 4.22, lr 1.00e-03
    epoch 10: loss 0.9808, val_ap 0.5475, minutes 4.67, lr 1.00e-03
    epoch 11: loss 0.9799, val_ap 0.5477, minutes 5.24, lr 1.00e-03
    epoch 12: loss 0.9608, val_ap 0.5582, minutes 5.72, lr 1.00e-03
    epoch 13: loss 0.9451, val_ap 0.5601, minutes 6.25, lr 1.00e-03
    epoch 14: loss 0.9397, val_ap 0.5666, minutes 6.75, lr 1.00e-03
    epoch 15: loss 0.9146, val_ap 0.5691, minutes 7.23, lr 1.00e-03
    epoch 16: loss 0.9333, val_ap 0.5672, minutes 7.7, lr 1.00e-03
    epoch 17: loss 0.9157, val_ap 0.5688, minutes 8.18, lr 1.00e-03
    epoch 18: loss 0.8994, val_ap 0.5792, minutes 8.68, lr 1.00e-03
    epoch 19: loss 0.9190, val_ap 0.5685, minutes 9.15, lr 1.00e-03
    epoch 20: loss 0.9072, val_ap 0.5731, minutes 9.61, lr 1.00e-03
    epoch 21: loss 0.8955, val_ap 0.5738, minutes 10.07, lr 1.00e-03
    epoch 22: loss 0.9032, val_ap 0.5814, minutes 10.52, lr 1.00e-03
    epoch 23: loss 0.8779, val_ap 0.5781, minutes 10.97, lr 1.00e-03
    epoch 24: loss 0.8846, val_ap 0.5815, minutes 11.45, lr 1.00e-03
    epoch 25: loss 0.8825, val_ap 0.5821, minutes 11.87, lr 1.00e-03
    epoch 26: loss 0.8680, val_ap 0.5851, minutes 12.37, lr 1.00e-03
    epoch 27: loss 0.8737, val_ap 0.5799, minutes 12.83, lr 1.00e-03
    epoch 28: loss 0.8680, val_ap 0.5904, minutes 13.29, lr 1.00e-03
    epoch 29: loss 0.8578, val_ap 0.5831, minutes 13.78, lr 1.00e-03
    epoch 30: loss 0.8588, val_ap 0.5807, minutes 14.29, lr 1.00e-03
    epoch 31: loss 0.8370, val_ap 0.5756, minutes 14.75, lr 1.00e-03
    epoch 32: loss 0.8573, val_ap 0.5815, minutes 15.21, lr 1.00e-03
    epoch 33: loss 0.8409, val_ap 0.5816, minutes 15.68, lr 1.00e-03
    epoch 34: loss 0.8348, val_ap 0.5930, minutes 16.14, lr 1.00e-03
    epoch 35: loss 0.8438, val_ap 0.5754, minutes 16.61, lr 1.00e-03
    epoch 36: loss 0.8389, val_ap 0.5897, minutes 17.06, lr 1.00e-03
    epoch 37: loss 0.8344, val_ap 0.5940, minutes 17.51, lr 1.00e-03
    epoch 38: loss 0.8087, val_ap 0.5927, minutes 17.97, lr 1.00e-03
    epoch 39: loss 0.8336, val_ap 0.5918, minutes 18.46, lr 1.00e-03
    epoch 40: loss 0.8312, val_ap 0.5967, minutes 18.92, lr 1.00e-03
    epoch 41: loss 0.8209, val_ap 0.5944, minutes 19.43, lr 1.00e-03
    epoch 42: loss 0.8113, val_ap 0.5912, minutes 19.9, lr 1.00e-03
    epoch 43: loss 0.8162, val_ap 0.5871, minutes 20.38, lr 1.00e-03
    epoch 44: loss 0.7987, val_ap 0.5980, minutes 20.84, lr 1.00e-03
    epoch 45: loss 0.8052, val_ap 0.5943, minutes 21.31, lr 1.00e-03
    epoch 46: loss 0.7894, val_ap 0.5952, minutes 21.81, lr 1.00e-03
    epoch 47: loss 0.8140, val_ap 0.6047, minutes 22.29, lr 1.00e-03
    epoch 48: loss 0.7952, val_ap 0.6002, minutes 22.82, lr 1.00e-03
    epoch 49: loss 0.7916, val_ap 0.6035, minutes 23.3, lr 1.00e-03
    epoch 50: loss 0.7860, val_ap 0.5950, minutes 23.78, lr 1.00e-03
    epoch 51: loss 0.7910, val_ap 0.6006, minutes 24.27, lr 1.00e-03
    epoch 52: loss 0.7909, val_ap 0.5973, minutes 24.74, lr 1.00e-03
    epoch 53: loss 0.7779, val_ap 0.6021, minutes 25.27, lr 1.00e-03
    epoch 54: loss 0.8021, val_ap 0.6054, minutes 25.69, lr 1.00e-03
    epoch 55: loss 0.7660, val_ap 0.5977, minutes 26.22, lr 1.00e-03
    epoch 56: loss 0.7730, val_ap 0.5976, minutes 26.7, lr 1.00e-03
    epoch 57: loss 0.7791, val_ap 0.6053, minutes 27.17, lr 1.00e-03
    epoch 58: loss 0.7811, val_ap 0.6045, minutes 27.66, lr 1.00e-03
    epoch 59: loss 0.7757, val_ap 0.5907, minutes 28.12, lr 1.00e-03
    epoch 60: loss 0.7729, val_ap 0.6059, minutes 28.58, lr 1.00e-03
    epoch 61: loss 0.7654, val_ap 0.6067, minutes 29.06, lr 1.00e-03
    epoch 62: loss 0.7596, val_ap 0.6134, minutes 29.56, lr 1.00e-03
    epoch 63: loss 0.7592, val_ap 0.6058, minutes 30.03, lr 1.00e-03
    epoch 64: loss 0.7567, val_ap 0.6037, minutes 30.51, lr 1.00e-03
    epoch 65: loss 0.7674, val_ap 0.6055, minutes 30.98, lr 1.00e-03
    epoch 66: loss 0.7534, val_ap 0.6052, minutes 31.45, lr 1.00e-03
    epoch 67: loss 0.7426, val_ap 0.6065, minutes 31.92, lr 1.00e-03
    epoch 68: loss 0.7467, val_ap 0.6096, minutes 32.41, lr 1.00e-03
    epoch 69: loss 0.7394, val_ap 0.6088, minutes 32.87, lr 1.00e-03
    epoch 70: loss 0.7394, val_ap 0.6044, minutes 33.34, lr 1.00e-03
    epoch 71: loss 0.7450, val_ap 0.6056, minutes 33.84, lr 5.00e-04
    epoch 72: loss 0.7036, val_ap 0.6063, minutes 34.29, lr 5.00e-04
    epoch 73: loss 0.7023, val_ap 0.5986, minutes 34.76, lr 5.00e-04
    epoch 74: loss 0.7210, val_ap 0.6042, minutes 35.25, lr 5.00e-04
    epoch 75: loss 0.7044, val_ap 0.6015, minutes 35.71, lr 5.00e-04
    epoch 76: loss 0.6985, val_ap 0.6053, minutes 36.17, lr 5.00e-04
    epoch 77: loss 0.7085, val_ap 0.6036, minutes 36.66, lr 5.00e-04
    epoch 78: loss 0.7086, val_ap 0.6073, minutes 37.15, lr 5.00e-04
    epoch 79: loss 0.6991, val_ap 0.6053, minutes 37.64, lr 5.00e-04
    epoch 80: loss 0.7003, val_ap 0.6029, minutes 38.09, lr 2.50e-04
    epoch 81: loss 0.6972, val_ap 0.6067, minutes 38.59, lr 2.50e-04
    epoch 82: loss 0.6876, val_ap 0.6077, minutes 39.02, lr 2.50e-04
    epoch 83: loss 0.6909, val_ap 0.6106, minutes 39.53, lr 2.50e-04
    epoch 84: loss 0.6896, val_ap 0.6106, minutes 39.97, lr 2.50e-04
    epoch 85: loss 0.6740, val_ap 0.6061, minutes 40.43, lr 2.50e-04
    epoch 86: loss 0.6744, val_ap 0.6054, minutes 40.9, lr 2.50e-04
    epoch 87: loss 0.6752, val_ap 0.6033, minutes 41.36, lr 2.50e-04
    stopping: no validation gain in 25 epochs
[fk_band_shuffled dataset0 fold 4 seed 2] done (42.1 min)
