loaded: dataset0 121,838 sites, data1 90,452
[res_nogate dataset0 fold 0 seed 2]
    kernel decay scale 118.2 nt (fitted to cell line 1 training labels)
    epoch 1: loss 1.9516, val_ap 0.1628, minutes 0.42, lr 3.33e-04
    epoch 2: loss 1.5551, val_ap 0.2930, minutes 0.83, lr 6.63e-04
    epoch 3: loss 1.3270, val_ap 0.4160, minutes 1.34, lr 9.88e-04
    epoch 4: loss 1.1980, val_ap 0.4570, minutes 1.8, lr 1.00e-03
    epoch 5: loss 1.1340, val_ap 0.4545, minutes 2.35, lr 1.00e-03
    epoch 6: loss 1.1358, val_ap 0.4738, minutes 2.87, lr 1.00e-03
    epoch 7: loss 1.0632, val_ap 0.4773, minutes 3.4, lr 1.00e-03
    epoch 8: loss 1.0929, val_ap 0.4913, minutes 3.92, lr 1.00e-03
    epoch 9: loss 1.0333, val_ap 0.4987, minutes 4.42, lr 1.00e-03
    epoch 10: loss 1.0058, val_ap 0.5106, minutes 4.96, lr 1.00e-03
    epoch 11: loss 1.0072, val_ap 0.5179, minutes 5.47, lr 1.00e-03
    epoch 12: loss 0.9916, val_ap 0.5291, minutes 6.03, lr 1.00e-03
    epoch 13: loss 0.9871, val_ap 0.5246, minutes 6.52, lr 1.00e-03
    epoch 14: loss 0.9515, val_ap 0.5296, minutes 7.06, lr 1.00e-03
    epoch 15: loss 0.9967, val_ap 0.5156, minutes 7.57, lr 1.00e-03
    epoch 16: loss 0.9842, val_ap 0.5275, minutes 8.07, lr 1.00e-03
    epoch 17: loss 0.9727, val_ap 0.5335, minutes 8.61, lr 1.00e-03
    epoch 18: loss 0.9475, val_ap 0.5434, minutes 9.11, lr 1.00e-03
    epoch 19: loss 0.9499, val_ap 0.5417, minutes 9.64, lr 1.00e-03
    epoch 20: loss 0.9482, val_ap 0.5471, minutes 10.14, lr 1.00e-03
    epoch 21: loss 0.9217, val_ap 0.5414, minutes 10.64, lr 1.00e-03
    epoch 22: loss 0.9418, val_ap 0.5417, minutes 11.14, lr 1.00e-03
    epoch 23: loss 0.9391, val_ap 0.5435, minutes 11.67, lr 1.00e-03
    epoch 24: loss 0.9270, val_ap 0.5636, minutes 12.18, lr 1.00e-03
    epoch 25: loss 0.9136, val_ap 0.5502, minutes 12.69, lr 1.00e-03
    epoch 26: loss 0.9264, val_ap 0.5443, minutes 13.19, lr 1.00e-03
    epoch 27: loss 0.9257, val_ap 0.5571, minutes 13.72, lr 1.00e-03
    epoch 28: loss 0.9114, val_ap 0.5564, minutes 14.21, lr 1.00e-03
    epoch 29: loss 0.9058, val_ap 0.5637, minutes 14.72, lr 1.00e-03
    epoch 30: loss 0.8919, val_ap 0.5707, minutes 15.23, lr 1.00e-03
    epoch 31: loss 0.9119, val_ap 0.5680, minutes 15.77, lr 1.00e-03
    epoch 32: loss 0.8911, val_ap 0.5647, minutes 16.27, lr 1.00e-03
    epoch 33: loss 0.9229, val_ap 0.5696, minutes 16.77, lr 1.00e-03
    epoch 34: loss 0.8843, val_ap 0.5650, minutes 17.3, lr 1.00e-03
    epoch 35: loss 0.8785, val_ap 0.5748, minutes 17.82, lr 1.00e-03
    epoch 36: loss 0.8889, val_ap 0.5725, minutes 18.34, lr 1.00e-03
    epoch 37: loss 0.9517, val_ap 0.5530, minutes 18.81, lr 1.00e-03
    epoch 38: loss 0.8836, val_ap 0.5623, minutes 19.32, lr 1.00e-03
    epoch 39: loss 0.8847, val_ap 0.5610, minutes 19.82, lr 1.00e-03
    epoch 40: loss 0.9033, val_ap 0.5725, minutes 20.35, lr 1.00e-03
    epoch 41: loss 0.8693, val_ap 0.5691, minutes 20.88, lr 1.00e-03
    epoch 42: loss 0.8623, val_ap 0.5737, minutes 21.36, lr 1.00e-03
    epoch 43: loss 0.8562, val_ap 0.5701, minutes 21.87, lr 1.00e-03
    epoch 44: loss 0.8817, val_ap 0.5750, minutes 22.38, lr 1.00e-03
    epoch 45: loss 0.8579, val_ap 0.5727, minutes 22.86, lr 1.00e-03
    epoch 46: loss 0.8503, val_ap 0.5793, minutes 23.39, lr 1.00e-03
    epoch 47: loss 0.8603, val_ap 0.5832, minutes 23.91, lr 1.00e-03
    epoch 48: loss 0.8516, val_ap 0.5786, minutes 24.42, lr 1.00e-03
    epoch 49: loss 0.8437, val_ap 0.5816, minutes 24.96, lr 1.00e-03
    epoch 50: loss 0.8624, val_ap 0.5690, minutes 25.46, lr 1.00e-03
    epoch 51: loss 0.8598, val_ap 0.5828, minutes 26.02, lr 1.00e-03
    epoch 52: loss 0.8289, val_ap 0.5899, minutes 26.53, lr 1.00e-03
    epoch 53: loss 0.8480, val_ap 0.5759, minutes 27.06, lr 1.00e-03
    epoch 54: loss 0.8334, val_ap 0.5857, minutes 27.57, lr 1.00e-03
    epoch 55: loss 0.8218, val_ap 0.5857, minutes 28.09, lr 1.00e-03
    epoch 56: loss 0.8524, val_ap 0.5956, minutes 28.64, lr 1.00e-03
    epoch 57: loss 0.8587, val_ap 0.5800, minutes 29.18, lr 1.00e-03
    epoch 58: loss 0.8123, val_ap 0.5941, minutes 29.67, lr 1.00e-03
    epoch 59: loss 0.8236, val_ap 0.5968, minutes 30.23, lr 1.00e-03
    epoch 60: loss 0.8541, val_ap 0.5920, minutes 30.77, lr 1.00e-03
    epoch 61: loss 0.8247, val_ap 0.5901, minutes 31.28, lr 1.00e-03
    epoch 62: loss 0.8125, val_ap 0.5896, minutes 31.78, lr 1.00e-03
    epoch 63: loss 0.8194, val_ap 0.5828, minutes 32.3, lr 1.00e-03
    epoch 64: loss 0.8000, val_ap 0.5954, minutes 32.79, lr 1.00e-03
    epoch 65: loss 0.8319, val_ap 0.5857, minutes 33.31, lr 1.00e-03
    epoch 66: loss 0.8336, val_ap 0.5992, minutes 33.84, lr 1.00e-03
    epoch 67: loss 0.8106, val_ap 0.5898, minutes 34.32, lr 1.00e-03
    epoch 68: loss 0.7891, val_ap 0.5972, minutes 34.84, lr 1.00e-03
    epoch 69: loss 0.8034, val_ap 0.5994, minutes 35.34, lr 1.00e-03
    epoch 70: loss 0.8157, val_ap 0.5916, minutes 35.85, lr 1.00e-03
    epoch 71: loss 0.8222, val_ap 0.5842, minutes 36.4, lr 1.00e-03
    epoch 72: loss 0.8011, val_ap 0.5924, minutes 36.92, lr 1.00e-03
    epoch 73: loss 0.7915, val_ap 0.6029, minutes 37.44, lr 1.00e-03
    epoch 74: loss 0.7923, val_ap 0.5975, minutes 37.94, lr 1.00e-03
    epoch 75: loss 0.7815, val_ap 0.5932, minutes 38.45, lr 1.00e-03
    epoch 76: loss 0.7999, val_ap 0.5982, minutes 38.94, lr 1.00e-03
    epoch 77: loss 0.8108, val_ap 0.6031, minutes 39.43, lr 1.00e-03
    epoch 78: loss 0.7997, val_ap 0.6066, minutes 39.95, lr 1.00e-03
    epoch 79: loss 0.7770, val_ap 0.6046, minutes 40.44, lr 1.00e-03
    epoch 80: loss 0.7822, val_ap 0.5866, minutes 40.98, lr 1.00e-03
    epoch 81: loss 0.7835, val_ap 0.6064, minutes 41.49, lr 1.00e-03
    epoch 82: loss 0.7799, val_ap 0.5958, minutes 41.97, lr 1.00e-03
    epoch 83: loss 0.7823, val_ap 0.6025, minutes 42.47, lr 1.00e-03
    epoch 84: loss 0.7912, val_ap 0.6056, minutes 42.95, lr 1.00e-03
    epoch 85: loss 0.8313, val_ap 0.6001, minutes 43.45, lr 1.00e-03
    epoch 86: loss 0.7612, val_ap 0.5903, minutes 43.97, lr 1.00e-03
    epoch 87: loss 0.7657, val_ap 0.6083, minutes 44.49, lr 1.00e-03
    epoch 88: loss 0.7760, val_ap 0.6105, minutes 44.96, lr 1.00e-03
    epoch 89: loss 0.7561, val_ap 0.6036, minutes 45.51, lr 1.00e-03
    epoch 90: loss 0.7697, val_ap 0.6033, minutes 45.98, lr 1.00e-03
    epoch 91: loss 0.7751, val_ap 0.6075, minutes 46.48, lr 1.00e-03
    epoch 92: loss 0.7692, val_ap 0.6085, minutes 46.96, lr 1.00e-03
    epoch 93: loss 0.7663, val_ap 0.6129, minutes 47.46, lr 1.00e-03
    epoch 94: loss 0.7606, val_ap 0.6080, minutes 47.95, lr 1.00e-03
    epoch 95: loss 0.7612, val_ap 0.6102, minutes 48.45, lr 1.00e-03
    epoch 96: loss 0.7599, val_ap 0.5998, minutes 48.94, lr 1.00e-03
    epoch 97: loss 0.7869, val_ap 0.6078, minutes 49.43, lr 1.00e-03
    epoch 98: loss 0.7614, val_ap 0.6067, minutes 49.98, lr 1.00e-03
    epoch 99: loss 0.7738, val_ap 0.6131, minutes 50.49, lr 1.00e-03
    epoch 100: loss 0.7467, val_ap 0.6082, minutes 50.99, lr 1.00e-03
    epoch 101: loss 0.7479, val_ap 0.6112, minutes 51.49, lr 1.00e-03
    epoch 102: loss 0.7518, val_ap 0.6113, minutes 52.0, lr 1.00e-03
    epoch 103: loss 0.7368, val_ap 0.6131, minutes 52.5, lr 1.00e-03
    epoch 104: loss 0.7351, val_ap 0.6102, minutes 52.99, lr 1.00e-03
    epoch 105: loss 0.7343, val_ap 0.6131, minutes 53.52, lr 1.00e-03
    epoch 106: loss 0.7504, val_ap 0.6042, minutes 54.0, lr 1.00e-03
    epoch 107: loss 0.7467, val_ap 0.6007, minutes 54.53, lr 1.00e-03
    epoch 108: loss 0.7369, val_ap 0.6190, minutes 55.04, lr 1.00e-03
    epoch 109: loss 0.7075, val_ap 0.6106, minutes 55.53, lr 1.00e-03
    epoch 110: loss 0.7274, val_ap 0.6109, minutes 56.02, lr 1.00e-03
    epoch 111: loss 0.7185, val_ap 0.5938, minutes 56.52, lr 1.00e-03
    epoch 112: loss 0.7356, val_ap 0.5979, minutes 57.04, lr 1.00e-03
    epoch 113: loss 0.7283, val_ap 0.6186, minutes 57.55, lr 1.00e-03
    epoch 114: loss 0.7420, val_ap 0.6070, minutes 58.08, lr 1.00e-03
    epoch 115: loss 0.7356, val_ap 0.6069, minutes 58.57, lr 1.00e-03
    epoch 116: loss 0.7413, val_ap 0.6080, minutes 59.08, lr 1.00e-03
    epoch 117: loss 0.7338, val_ap 0.6155, minutes 59.58, lr 5.00e-04
    epoch 118: loss 0.7054, val_ap 0.6122, minutes 60.09, lr 5.00e-04
    epoch 119: loss 0.7028, val_ap 0.6190, minutes 60.53, lr 5.00e-04
    epoch 120: loss 0.6943, val_ap 0.6163, minutes 60.99, lr 5.00e-04
    epoch 121: loss 0.6876, val_ap 0.6159, minutes 61.5, lr 5.00e-04
    epoch 122: loss 0.6823, val_ap 0.6026, minutes 61.99, lr 5.00e-04
    epoch 123: loss 0.6809, val_ap 0.6121, minutes 62.54, lr 5.00e-04
    epoch 124: loss 0.6827, val_ap 0.6126, minutes 63.06, lr 5.00e-04
    epoch 125: loss 0.6997, val_ap 0.6118, minutes 63.57, lr 5.00e-04
    epoch 126: loss 0.6886, val_ap 0.6062, minutes 64.07, lr 2.50e-04
    epoch 127: loss 0.6774, val_ap 0.6017, minutes 64.58, lr 2.50e-04
    epoch 128: loss 0.6742, val_ap 0.6044, minutes 65.11, lr 2.50e-04
    epoch 129: loss 0.6614, val_ap 0.6053, minutes 65.62, lr 2.50e-04
    epoch 130: loss 0.6749, val_ap 0.6034, minutes 66.13, lr 2.50e-04
    epoch 131: loss 0.6599, val_ap 0.6021, minutes 66.64, lr 2.50e-04
    epoch 132: loss 0.6579, val_ap 0.6031, minutes 67.14, lr 2.50e-04
    epoch 133: loss 0.6561, val_ap 0.6006, minutes 67.65, lr 2.50e-04
    stopping: no validation gain in 25 epochs
[res_nogate dataset0 fold 0 seed 2] done (68.3 min)
