loaded: dataset0 121,838 sites, data1 90,452
[h2gcn_twohead pooled_both fold 0 seed 2]
    epoch 1: loss 1.2513, val_ap 0.1895, minutes 0.88, lr 3.31e-04
    epoch 2: loss 0.9891, val_ap 0.3219, minutes 1.71, lr 6.60e-04
    epoch 3: loss 0.8755, val_ap 0.4068, minutes 2.51, lr 9.89e-04
    epoch 4: loss 0.7892, val_ap 0.4196, minutes 3.3, lr 1.00e-03
    epoch 5: loss 0.7653, val_ap 0.4278, minutes 4.07, lr 1.00e-03
    epoch 6: loss 0.7475, val_ap 0.4366, minutes 4.82, lr 1.00e-03
    epoch 7: loss 0.7325, val_ap 0.4372, minutes 5.54, lr 1.00e-03
    epoch 8: loss 0.7174, val_ap 0.4457, minutes 6.25, lr 1.00e-03
    epoch 9: loss 0.7137, val_ap 0.4547, minutes 6.96, lr 1.00e-03
    epoch 10: loss 0.7097, val_ap 0.4537, minutes 7.73, lr 1.00e-03
    epoch 11: loss 0.7051, val_ap 0.4503, minutes 8.5, lr 1.00e-03
    epoch 12: loss 0.7034, val_ap 0.4671, minutes 9.29, lr 1.00e-03
    epoch 13: loss 0.6940, val_ap 0.4658, minutes 10.06, lr 1.00e-03
    epoch 14: loss 0.6910, val_ap 0.4699, minutes 10.82, lr 1.00e-03
    epoch 15: loss 0.6963, val_ap 0.4717, minutes 11.6, lr 1.00e-03
    epoch 16: loss 0.6807, val_ap 0.4758, minutes 12.38, lr 1.00e-03
    epoch 17: loss 0.6762, val_ap 0.4766, minutes 13.15, lr 1.00e-03
    epoch 18: loss 0.6767, val_ap 0.4608, minutes 13.9, lr 1.00e-03
    epoch 19: loss 0.6691, val_ap 0.4810, minutes 14.67, lr 1.00e-03
    epoch 20: loss 0.6710, val_ap 0.4753, minutes 15.39, lr 1.00e-03
    epoch 21: loss 0.6632, val_ap 0.4862, minutes 16.12, lr 1.00e-03
    epoch 22: loss 0.6641, val_ap 0.4776, minutes 16.82, lr 1.00e-03
    epoch 23: loss 0.6616, val_ap 0.4864, minutes 17.5, lr 1.00e-03
    epoch 24: loss 0.6505, val_ap 0.4860, minutes 18.28, lr 1.00e-03
    epoch 25: loss 0.6511, val_ap 0.4855, minutes 19.03, lr 1.00e-03
    epoch 26: loss 0.6429, val_ap 0.4841, minutes 19.84, lr 1.00e-03
    epoch 27: loss 0.6371, val_ap 0.4794, minutes 20.63, lr 1.00e-03
    epoch 28: loss 0.6346, val_ap 0.4856, minutes 21.41, lr 1.00e-03
    epoch 29: loss 0.6435, val_ap 0.4859, minutes 22.27, lr 1.00e-03
    epoch 30: loss 0.6267, val_ap 0.4750, minutes 23.08, lr 1.00e-03
    epoch 31: loss 0.6317, val_ap 0.4835, minutes 23.83, lr 1.00e-03
    epoch 32: loss 0.6121, val_ap 0.4729, minutes 24.59, lr 5.00e-04
    epoch 33: loss 0.6081, val_ap 0.4800, minutes 25.34, lr 5.00e-04
    epoch 34: loss 0.6070, val_ap 0.4777, minutes 26.09, lr 5.00e-04
    epoch 35: loss 0.6039, val_ap 0.4749, minutes 26.91, lr 5.00e-04
    epoch 36: loss 0.6008, val_ap 0.4793, minutes 27.68, lr 5.00e-04
    epoch 37: loss 0.5980, val_ap 0.4788, minutes 28.43, lr 5.00e-04
    epoch 38: loss 0.5957, val_ap 0.4761, minutes 29.2, lr 5.00e-04
    epoch 39: loss 0.5932, val_ap 0.4802, minutes 29.99, lr 5.00e-04
    epoch 40: loss 0.5894, val_ap 0.4763, minutes 30.75, lr 5.00e-04
    epoch 41: loss 0.5867, val_ap 0.4748, minutes 31.54, lr 2.50e-04
    epoch 42: loss 0.5779, val_ap 0.4770, minutes 32.27, lr 2.50e-04
    epoch 43: loss 0.5764, val_ap 0.4721, minutes 32.94, lr 2.50e-04
    epoch 44: loss 0.5739, val_ap 0.4714, minutes 33.66, lr 2.50e-04
    epoch 45: loss 0.5768, val_ap 0.4669, minutes 34.43, lr 2.50e-04
    epoch 46: loss 0.5725, val_ap 0.4690, minutes 35.14, lr 2.50e-04
    epoch 47: loss 0.5674, val_ap 0.4711, minutes 35.81, lr 2.50e-04
    epoch 48: loss 0.5719, val_ap 0.4691, minutes 36.46, lr 2.50e-04
    stopping: no validation gain in 25 epochs
[h2gcn_twohead pooled_both fold 0 seed 2] done (37.0 min)
