loaded: dataset0 121,838 sites, data1 90,452
[res_nodrop dataset0 fold 2]
    kernel decay scale 108.1 nt (fitted to cell line 1 training labels)
    epoch 1: loss 1.9614, val_ap 0.1792, minutes 0.48, lr 3.33e-04
    epoch 2: loss 1.6241, val_ap 0.2872, minutes 0.98, lr 6.63e-04
    epoch 3: loss 1.3680, val_ap 0.4238, minutes 1.46, lr 9.92e-04
    epoch 4: loss 1.2232, val_ap 0.4820, minutes 1.98, lr 1.00e-03
    epoch 5: loss 1.1365, val_ap 0.5105, minutes 2.5, lr 1.00e-03
    epoch 6: loss 1.0725, val_ap 0.5374, minutes 3.03, lr 1.00e-03
    epoch 7: loss 1.0328, val_ap 0.5497, minutes 3.56, lr 1.00e-03
    epoch 8: loss 1.0325, val_ap 0.5575, minutes 4.07, lr 1.00e-03
    epoch 9: loss 0.9900, val_ap 0.5629, minutes 4.57, lr 1.00e-03
    epoch 10: loss 0.9892, val_ap 0.5689, minutes 5.07, lr 1.00e-03
    epoch 11: loss 0.9602, val_ap 0.5575, minutes 5.55, lr 1.00e-03
    epoch 12: loss 0.9459, val_ap 0.5670, minutes 6.07, lr 1.00e-03
    epoch 13: loss 0.9276, val_ap 0.5645, minutes 6.55, lr 1.00e-03
    epoch 14: loss 0.9538, val_ap 0.5679, minutes 7.04, lr 1.00e-03
    epoch 15: loss 0.9090, val_ap 0.5701, minutes 7.54, lr 1.00e-03
    epoch 16: loss 0.9074, val_ap 0.5802, minutes 8.06, lr 1.00e-03
    epoch 17: loss 0.9010, val_ap 0.5878, minutes 8.54, lr 1.00e-03
    epoch 18: loss 0.9013, val_ap 0.5782, minutes 9.04, lr 1.00e-03
    epoch 19: loss 0.8890, val_ap 0.5903, minutes 9.54, lr 1.00e-03
    epoch 20: loss 0.8882, val_ap 0.5837, minutes 10.1, lr 1.00e-03
    epoch 21: loss 0.8896, val_ap 0.5784, minutes 10.57, lr 1.00e-03
    epoch 22: loss 0.8757, val_ap 0.5800, minutes 11.1, lr 1.00e-03
    epoch 23: loss 0.8849, val_ap 0.5878, minutes 11.63, lr 1.00e-03
    epoch 24: loss 0.8717, val_ap 0.5895, minutes 12.12, lr 1.00e-03
    epoch 25: loss 0.8726, val_ap 0.5918, minutes 12.59, lr 1.00e-03
    epoch 26: loss 0.8803, val_ap 0.5808, minutes 13.07, lr 1.00e-03
    epoch 27: loss 0.9008, val_ap 0.5957, minutes 13.54, lr 1.00e-03
    epoch 28: loss 0.8658, val_ap 0.5930, minutes 14.03, lr 1.00e-03
    epoch 29: loss 0.8545, val_ap 0.5835, minutes 14.5, lr 1.00e-03
    epoch 30: loss 0.8326, val_ap 0.5867, minutes 14.98, lr 1.00e-03
    epoch 31: loss 0.8895, val_ap 0.5892, minutes 15.47, lr 1.00e-03
    epoch 32: loss 0.8884, val_ap 0.5911, minutes 15.94, lr 1.00e-03
    epoch 33: loss 0.8544, val_ap 0.5876, minutes 16.45, lr 1.00e-03
    epoch 34: loss 0.8521, val_ap 0.5872, minutes 16.95, lr 1.00e-03
    epoch 35: loss 0.8294, val_ap 0.5922, minutes 17.42, lr 1.00e-03
    epoch 36: loss 0.8455, val_ap 0.5908, minutes 17.92, lr 5.00e-04
    epoch 37: loss 0.8237, val_ap 0.5943, minutes 18.43, lr 5.00e-04
    epoch 38: loss 0.8051, val_ap 0.5951, minutes 18.9, lr 5.00e-04
    epoch 39: loss 0.8136, val_ap 0.5970, minutes 19.41, lr 5.00e-04
    epoch 40: loss 0.7893, val_ap 0.5950, minutes 19.89, lr 5.00e-04
    epoch 41: loss 0.8045, val_ap 0.5949, minutes 20.38, lr 5.00e-04
    epoch 42: loss 0.8034, val_ap 0.5969, minutes 20.9, lr 5.00e-04
    epoch 43: loss 0.8034, val_ap 0.5977, minutes 21.41, lr 5.00e-04
    epoch 44: loss 0.8078, val_ap 0.5963, minutes 21.94, lr 5.00e-04
    epoch 45: loss 0.8051, val_ap 0.5941, minutes 22.51, lr 5.00e-04
    epoch 46: loss 0.7896, val_ap 0.6002, minutes 23.0, lr 5.00e-04
    epoch 47: loss 0.8048, val_ap 0.6013, minutes 23.5, lr 5.00e-04
    epoch 48: loss 0.7936, val_ap 0.6016, minutes 24.01, lr 5.00e-04
    epoch 49: loss 0.8007, val_ap 0.6034, minutes 24.53, lr 5.00e-04
    epoch 50: loss 0.7982, val_ap 0.6033, minutes 25.06, lr 5.00e-04
    epoch 51: loss 0.7886, val_ap 0.6034, minutes 25.56, lr 5.00e-04
    epoch 52: loss 0.7979, val_ap 0.5976, minutes 26.06, lr 5.00e-04
    epoch 53: loss 0.7934, val_ap 0.6048, minutes 26.55, lr 5.00e-04
    epoch 54: loss 0.7880, val_ap 0.6043, minutes 27.05, lr 5.00e-04
    epoch 55: loss 0.7826, val_ap 0.6069, minutes 27.54, lr 5.00e-04
    epoch 56: loss 0.7904, val_ap 0.6018, minutes 28.01, lr 5.00e-04
    epoch 57: loss 0.7833, val_ap 0.6033, minutes 28.51, lr 5.00e-04
    epoch 58: loss 0.7819, val_ap 0.6029, minutes 28.97, lr 5.00e-04
    epoch 59: loss 0.7707, val_ap 0.5998, minutes 29.51, lr 5.00e-04
    epoch 60: loss 0.7782, val_ap 0.5967, minutes 30.0, lr 5.00e-04
    epoch 61: loss 0.7776, val_ap 0.6065, minutes 30.5, lr 5.00e-04
    epoch 62: loss 0.7776, val_ap 0.6013, minutes 31.02, lr 5.00e-04
    epoch 63: loss 0.7829, val_ap 0.6004, minutes 31.5, lr 5.00e-04
    epoch 64: loss 0.7687, val_ap 0.6083, minutes 32.01, lr 5.00e-04
    epoch 65: loss 0.7749, val_ap 0.6035, minutes 32.5, lr 5.00e-04
    epoch 66: loss 0.7572, val_ap 0.6026, minutes 32.98, lr 5.00e-04
    epoch 67: loss 0.7578, val_ap 0.6070, minutes 33.46, lr 5.00e-04
    epoch 68: loss 0.7568, val_ap 0.6032, minutes 33.96, lr 5.00e-04
    epoch 69: loss 0.7581, val_ap 0.6011, minutes 34.52, lr 5.00e-04
    epoch 70: loss 0.7633, val_ap 0.5988, minutes 34.99, lr 5.00e-04
    epoch 71: loss 0.7528, val_ap 0.6072, minutes 35.48, lr 5.00e-04
    epoch 72: loss 0.7576, val_ap 0.6054, minutes 35.96, lr 5.00e-04
    epoch 73: loss 0.7657, val_ap 0.6015, minutes 36.41, lr 2.50e-04
    epoch 74: loss 0.7583, val_ap 0.6062, minutes 36.93, lr 2.50e-04
    epoch 75: loss 0.7489, val_ap 0.6071, minutes 37.43, lr 2.50e-04
    epoch 76: loss 0.7420, val_ap 0.6053, minutes 37.93, lr 2.50e-04
    epoch 77: loss 0.7463, val_ap 0.6082, minutes 38.44, lr 2.50e-04
    epoch 78: loss 0.7359, val_ap 0.6068, minutes 38.95, lr 2.50e-04
    epoch 79: loss 0.7365, val_ap 0.6078, minutes 39.45, lr 2.50e-04
    epoch 80: loss 0.7319, val_ap 0.6058, minutes 39.93, lr 2.50e-04
    epoch 81: loss 0.7254, val_ap 0.6078, minutes 40.43, lr 2.50e-04
    epoch 82: loss 0.7315, val_ap 0.6029, minutes 40.93, lr 1.25e-04
    epoch 83: loss 0.7396, val_ap 0.6056, minutes 41.41, lr 1.25e-04
    epoch 84: loss 0.7221, val_ap 0.6050, minutes 41.9, lr 1.25e-04
    epoch 85: loss 0.7355, val_ap 0.6001, minutes 42.39, lr 1.25e-04
    epoch 86: loss 0.7359, val_ap 0.6016, minutes 42.89, lr 1.25e-04
    epoch 87: loss 0.7268, val_ap 0.6022, minutes 43.41, lr 1.25e-04
    epoch 88: loss 0.7196, val_ap 0.6045, minutes 43.92, lr 1.25e-04
    epoch 89: loss 0.7369, val_ap 0.6044, minutes 44.41, lr 1.25e-04
    stopping: no validation gain in 25 epochs
[res_nodrop dataset0 fold 2] done (45.1 min)
