loaded: dataset0 121,838 sites, data1 90,452
[h2gcn_aux_r100 pooled_both fold 4]
    epoch 1: loss 1.8877, val_ap 0.1623, minutes 0.89, lr 3.31e-04
    epoch 2: loss 1.5319, val_ap 0.3307, minutes 1.69, lr 6.60e-04
    epoch 3: loss 1.3686, val_ap 0.4283, minutes 2.41, lr 9.89e-04
    epoch 4: loss 1.3021, val_ap 0.4529, minutes 3.14, lr 1.00e-03
    epoch 5: loss 1.2598, val_ap 0.4617, minutes 3.81, lr 1.00e-03
    epoch 6: loss 1.2445, val_ap 0.4662, minutes 4.46, lr 1.00e-03
    epoch 7: loss 1.2371, val_ap 0.4659, minutes 5.12, lr 1.00e-03
    epoch 8: loss 1.2196, val_ap 0.4696, minutes 5.84, lr 1.00e-03
    epoch 9: loss 1.2202, val_ap 0.4756, minutes 6.55, lr 1.00e-03
    epoch 10: loss 1.1975, val_ap 0.4780, minutes 7.28, lr 1.00e-03
    epoch 11: loss 1.1950, val_ap 0.4785, minutes 8.01, lr 1.00e-03
    epoch 12: loss 1.2005, val_ap 0.4757, minutes 8.8, lr 1.00e-03
    epoch 13: loss 1.1799, val_ap 0.4807, minutes 9.66, lr 1.00e-03
    epoch 14: loss 1.1785, val_ap 0.4803, minutes 11.19, lr 1.00e-03
    epoch 15: loss 1.1817, val_ap 0.4793, minutes 12.69, lr 1.00e-03
    epoch 16: loss 1.1655, val_ap 0.4831, minutes 14.14, lr 1.00e-03
    epoch 17: loss 1.1711, val_ap 0.4873, minutes 15.66, lr 1.00e-03
    epoch 18: loss 1.1546, val_ap 0.4835, minutes 17.18, lr 1.00e-03
    epoch 19: loss 1.1527, val_ap 0.4867, minutes 18.7, lr 1.00e-03
    epoch 20: loss 1.1535, val_ap 0.4834, minutes 20.22, lr 1.00e-03
    epoch 21: loss 1.1438, val_ap 0.4887, minutes 21.79, lr 1.00e-03
    epoch 22: loss 1.1344, val_ap 0.4899, minutes 23.34, lr 1.00e-03
    epoch 23: loss 1.1541, val_ap 0.4852, minutes 24.82, lr 1.00e-03
    epoch 24: loss 1.1384, val_ap 0.4837, minutes 26.26, lr 1.00e-03
    epoch 25: loss 1.1310, val_ap 0.4829, minutes 27.82, lr 1.00e-03
    epoch 26: loss 1.1361, val_ap 0.4859, minutes 29.34, lr 1.00e-03
    epoch 27: loss 1.1167, val_ap 0.4907, minutes 30.85, lr 1.00e-03
    epoch 28: loss 1.1207, val_ap 0.4913, minutes 32.34, lr 1.00e-03
    epoch 29: loss 1.1118, val_ap 0.4908, minutes 33.8, lr 1.00e-03
    epoch 30: loss 1.1118, val_ap 0.4896, minutes 35.37, lr 1.00e-03
    epoch 31: loss 1.1142, val_ap 0.4872, minutes 36.93, lr 1.00e-03
    epoch 32: loss 1.1059, val_ap 0.4897, minutes 38.46, lr 1.00e-03
    epoch 33: loss 1.1086, val_ap 0.4890, minutes 39.96, lr 1.00e-03
    epoch 34: loss 1.0936, val_ap 0.4937, minutes 41.45, lr 1.00e-03
    epoch 35: loss 1.0888, val_ap 0.4917, minutes 42.93, lr 1.00e-03
    epoch 36: loss 1.0910, val_ap 0.4955, minutes 44.44, lr 1.00e-03
    epoch 37: loss 1.0866, val_ap 0.4947, minutes 45.93, lr 1.00e-03
    epoch 38: loss 1.0887, val_ap 0.4869, minutes 47.48, lr 1.00e-03
    epoch 39: loss 1.0788, val_ap 0.4992, minutes 49.04, lr 1.00e-03
    epoch 40: loss 1.0706, val_ap 0.4941, minutes 50.56, lr 1.00e-03
    epoch 41: loss 1.0686, val_ap 0.4878, minutes 52.1, lr 1.00e-03
    epoch 42: loss 1.0642, val_ap 0.4967, minutes 53.62, lr 1.00e-03
    epoch 43: loss 1.0612, val_ap 0.4929, minutes 55.08, lr 1.00e-03
    epoch 44: loss 1.0562, val_ap 0.4889, minutes 56.65, lr 1.00e-03
    epoch 45: loss 1.0571, val_ap 0.4901, minutes 58.19, lr 1.00e-03
    epoch 46: loss 1.0543, val_ap 0.4865, minutes 59.71, lr 1.00e-03
    epoch 47: loss 1.0451, val_ap 0.4868, minutes 61.3, lr 1.00e-03
    epoch 48: loss 1.0398, val_ap 0.4910, minutes 62.82, lr 5.00e-04
    epoch 49: loss 1.0271, val_ap 0.4882, minutes 64.32, lr 5.00e-04
    epoch 50: loss 1.0194, val_ap 0.4949, minutes 65.82, lr 5.00e-04
    epoch 51: loss 1.0091, val_ap 0.4779, minutes 67.39, lr 5.00e-04
    epoch 52: loss 1.0174, val_ap 0.4759, minutes 68.91, lr 5.00e-04
    epoch 53: loss 1.0163, val_ap 0.4839, minutes 70.28, lr 5.00e-04
    epoch 54: loss 1.0153, val_ap 0.4818, minutes 71.67, lr 5.00e-04
    epoch 55: loss 0.9997, val_ap 0.4842, minutes 73.03, lr 5.00e-04
    epoch 56: loss 1.0036, val_ap 0.4754, minutes 74.32, lr 5.00e-04
    epoch 57: loss 1.0061, val_ap 0.4891, minutes 75.56, lr 2.50e-04
    epoch 58: loss 0.9908, val_ap 0.4848, minutes 76.8, lr 2.50e-04
    epoch 59: loss 0.9876, val_ap 0.4856, minutes 78.04, lr 2.50e-04
    epoch 60: loss 0.9858, val_ap 0.4779, minutes 79.29, lr 2.50e-04
    epoch 61: loss 0.9851, val_ap 0.4753, minutes 80.51, lr 2.50e-04
    epoch 62: loss 0.9797, val_ap 0.4792, minutes 81.67, lr 2.50e-04
    epoch 63: loss 0.9781, val_ap 0.4850, minutes 82.74, lr 2.50e-04
    epoch 64: loss 0.9801, val_ap 0.4807, minutes 83.81, lr 2.50e-04
    stopping: no validation gain in 25 epochs
[h2gcn_aux_r100 pooled_both fold 4] done (84.6 min)
