loaded: dataset0 121,838 sites, data1 90,452
[gps dataset0 fold 2 seed 2]
    epoch 1: loss 1.9639, val_ap 0.1828, minutes 1.36, lr 3.33e-04
    epoch 2: loss 1.5496, val_ap 0.2730, minutes 2.7, lr 6.63e-04
    epoch 3: loss 1.3435, val_ap 0.4025, minutes 4.08, lr 9.89e-04
    epoch 4: loss 1.2137, val_ap 0.4870, minutes 5.44, lr 1.00e-03
    epoch 5: loss 1.0929, val_ap 0.5022, minutes 6.78, lr 1.00e-03
    epoch 6: loss 1.0930, val_ap 0.5025, minutes 8.12, lr 1.00e-03
    epoch 7: loss 1.0616, val_ap 0.5165, minutes 9.55, lr 1.00e-03
    epoch 8: loss 1.0163, val_ap 0.5299, minutes 10.97, lr 1.00e-03
    epoch 9: loss 1.0026, val_ap 0.5375, minutes 12.35, lr 1.00e-03
    epoch 10: loss 0.9708, val_ap 0.5444, minutes 13.8, lr 1.00e-03
    epoch 11: loss 0.9359, val_ap 0.5494, minutes 15.26, lr 1.00e-03
    epoch 12: loss 0.9837, val_ap 0.5315, minutes 16.76, lr 1.00e-03
    epoch 13: loss 0.9375, val_ap 0.5569, minutes 18.18, lr 1.00e-03
    epoch 14: loss 0.9316, val_ap 0.5557, minutes 19.72, lr 1.00e-03
    epoch 15: loss 0.9146, val_ap 0.5577, minutes 21.14, lr 1.00e-03
    epoch 16: loss 0.9103, val_ap 0.5677, minutes 22.6, lr 1.00e-03
    epoch 17: loss 0.9046, val_ap 0.5732, minutes 24.02, lr 1.00e-03
    epoch 18: loss 0.9050, val_ap 0.5784, minutes 25.39, lr 1.00e-03
    epoch 19: loss 0.9116, val_ap 0.5849, minutes 26.84, lr 1.00e-03
    epoch 20: loss 0.9004, val_ap 0.5925, minutes 28.25, lr 1.00e-03
    epoch 21: loss 0.8804, val_ap 0.5982, minutes 29.61, lr 1.00e-03
    epoch 22: loss 0.8780, val_ap 0.5963, minutes 30.97, lr 1.00e-03
    epoch 23: loss 0.8717, val_ap 0.6001, minutes 32.38, lr 1.00e-03
    epoch 24: loss 0.8598, val_ap 0.5974, minutes 33.79, lr 1.00e-03
    epoch 25: loss 0.8494, val_ap 0.6036, minutes 35.25, lr 1.00e-03
    epoch 26: loss 0.8436, val_ap 0.6098, minutes 36.65, lr 1.00e-03
    epoch 27: loss 0.8518, val_ap 0.6043, minutes 38.03, lr 1.00e-03
    epoch 28: loss 0.8408, val_ap 0.6168, minutes 39.47, lr 1.00e-03
    epoch 29: loss 0.8466, val_ap 0.6044, minutes 40.89, lr 1.00e-03
    epoch 30: loss 0.8351, val_ap 0.6070, minutes 42.28, lr 1.00e-03
    epoch 31: loss 0.8338, val_ap 0.6071, minutes 43.65, lr 1.00e-03
    epoch 32: loss 0.8516, val_ap 0.6057, minutes 45.08, lr 1.00e-03
    epoch 33: loss 0.8380, val_ap 0.6181, minutes 46.52, lr 1.00e-03
    epoch 34: loss 0.8075, val_ap 0.6251, minutes 47.86, lr 1.00e-03
    epoch 35: loss 0.8246, val_ap 0.6123, minutes 49.28, lr 1.00e-03
    epoch 36: loss 0.8091, val_ap 0.6154, minutes 50.66, lr 1.00e-03
    epoch 37: loss 0.8108, val_ap 0.6145, minutes 52.05, lr 1.00e-03
    epoch 38: loss 0.8098, val_ap 0.6277, minutes 53.46, lr 1.00e-03
    epoch 39: loss 0.8170, val_ap 0.6340, minutes 54.81, lr 1.00e-03
    epoch 40: loss 0.8072, val_ap 0.6184, minutes 56.16, lr 1.00e-03
    epoch 41: loss 0.7848, val_ap 0.6196, minutes 57.55, lr 1.00e-03
    epoch 42: loss 0.7813, val_ap 0.6149, minutes 58.98, lr 1.00e-03
    epoch 43: loss 0.7726, val_ap 0.6287, minutes 60.4, lr 1.00e-03
    epoch 44: loss 0.7689, val_ap 0.6196, minutes 61.78, lr 1.00e-03
    epoch 45: loss 0.7636, val_ap 0.6128, minutes 63.24, lr 1.00e-03
    epoch 46: loss 0.7735, val_ap 0.6239, minutes 64.6, lr 1.00e-03
    epoch 47: loss 0.7872, val_ap 0.6260, minutes 65.97, lr 1.00e-03
    epoch 48: loss 0.7552, val_ap 0.6320, minutes 67.4, lr 5.00e-04
    epoch 49: loss 0.7297, val_ap 0.6279, minutes 68.81, lr 5.00e-04
    epoch 50: loss 0.7290, val_ap 0.6153, minutes 70.29, lr 5.00e-04
    epoch 51: loss 0.7165, val_ap 0.6263, minutes 71.65, lr 5.00e-04
    epoch 52: loss 0.7147, val_ap 0.6230, minutes 73.02, lr 5.00e-04
    epoch 53: loss 0.7150, val_ap 0.6333, minutes 74.41, lr 5.00e-04
    epoch 54: loss 0.7248, val_ap 0.6247, minutes 75.83, lr 5.00e-04
    epoch 55: loss 0.7060, val_ap 0.6247, minutes 77.32, lr 5.00e-04
    epoch 56: loss 0.7039, val_ap 0.6267, minutes 78.72, lr 5.00e-04
    epoch 57: loss 0.7032, val_ap 0.6236, minutes 80.17, lr 2.50e-04
    epoch 58: loss 0.6877, val_ap 0.6219, minutes 81.61, lr 2.50e-04
    epoch 59: loss 0.6911, val_ap 0.6188, minutes 83.05, lr 2.50e-04
    epoch 60: loss 0.6869, val_ap 0.6260, minutes 84.47, lr 2.50e-04
    epoch 61: loss 0.6858, val_ap 0.6165, minutes 85.88, lr 2.50e-04
    epoch 62: loss 0.6842, val_ap 0.6250, minutes 87.31, lr 2.50e-04
    epoch 63: loss 0.6720, val_ap 0.6292, minutes 88.71, lr 2.50e-04
    epoch 64: loss 0.6685, val_ap 0.6281, minutes 90.13, lr 2.50e-04
    stopping: no validation gain in 25 epochs
[gps dataset0 fold 2 seed 2] done (90.9 min)
