loaded: dataset0 121,838 sites, data1 90,452
[h2gcn_aux dataset0 fold 4 seed 1]
    epoch 1: loss 1.9688, val_ap 0.1448, minutes 0.5, lr 3.33e-04
    epoch 2: loss 1.6131, val_ap 0.1836, minutes 1.05, lr 6.63e-04
    epoch 3: loss 1.3912, val_ap 0.3469, minutes 1.62, lr 9.92e-04
    epoch 4: loss 1.2066, val_ap 0.4512, minutes 2.13, lr 1.00e-03
    epoch 5: loss 1.1379, val_ap 0.4542, minutes 2.7, lr 1.00e-03
    epoch 6: loss 1.1171, val_ap 0.4519, minutes 3.23, lr 1.00e-03
    epoch 7: loss 1.0709, val_ap 0.4635, minutes 3.75, lr 1.00e-03
    epoch 8: loss 1.0419, val_ap 0.4650, minutes 4.3, lr 1.00e-03
    epoch 9: loss 1.0404, val_ap 0.4777, minutes 4.85, lr 1.00e-03
    epoch 10: loss 1.0519, val_ap 0.4879, minutes 5.38, lr 1.00e-03
    epoch 11: loss 1.0007, val_ap 0.4870, minutes 5.94, lr 1.00e-03
    epoch 12: loss 1.0171, val_ap 0.4916, minutes 6.47, lr 1.00e-03
    epoch 13: loss 0.9865, val_ap 0.4915, minutes 7.03, lr 1.00e-03
    epoch 14: loss 0.9880, val_ap 0.4922, minutes 7.6, lr 1.00e-03
    epoch 15: loss 0.9743, val_ap 0.4906, minutes 8.14, lr 1.00e-03
    epoch 16: loss 0.9901, val_ap 0.5116, minutes 8.71, lr 1.00e-03
    epoch 17: loss 0.9877, val_ap 0.5074, minutes 9.29, lr 1.00e-03
    epoch 18: loss 0.9652, val_ap 0.5048, minutes 9.81, lr 1.00e-03
    epoch 19: loss 0.9436, val_ap 0.5004, minutes 10.36, lr 1.00e-03
    epoch 20: loss 0.9558, val_ap 0.4993, minutes 10.93, lr 1.00e-03
    epoch 21: loss 0.9373, val_ap 0.4967, minutes 11.49, lr 1.00e-03
    epoch 22: loss 0.9272, val_ap 0.5086, minutes 12.02, lr 1.00e-03
    epoch 23: loss 0.9312, val_ap 0.5158, minutes 12.53, lr 1.00e-03
    epoch 24: loss 0.9344, val_ap 0.5092, minutes 13.06, lr 1.00e-03
    epoch 25: loss 0.9199, val_ap 0.5131, minutes 13.61, lr 1.00e-03
    epoch 26: loss 0.9239, val_ap 0.5205, minutes 14.2, lr 1.00e-03
    epoch 27: loss 0.9135, val_ap 0.5083, minutes 14.73, lr 1.00e-03
    epoch 28: loss 0.9195, val_ap 0.5087, minutes 15.26, lr 1.00e-03
    epoch 29: loss 0.9036, val_ap 0.5191, minutes 15.81, lr 1.00e-03
    epoch 30: loss 0.8878, val_ap 0.5225, minutes 16.35, lr 1.00e-03
    epoch 31: loss 0.8873, val_ap 0.5167, minutes 16.93, lr 1.00e-03
    epoch 32: loss 0.8858, val_ap 0.5276, minutes 17.46, lr 1.00e-03
    epoch 33: loss 0.8938, val_ap 0.5232, minutes 18.01, lr 1.00e-03
    epoch 34: loss 0.8707, val_ap 0.5287, minutes 18.55, lr 1.00e-03
    epoch 35: loss 0.8719, val_ap 0.5335, minutes 19.1, lr 1.00e-03
    epoch 36: loss 0.8717, val_ap 0.5313, minutes 19.64, lr 1.00e-03
    epoch 37: loss 0.8724, val_ap 0.5289, minutes 20.15, lr 1.00e-03
    epoch 38: loss 0.8924, val_ap 0.5309, minutes 20.7, lr 1.00e-03
    epoch 39: loss 0.8671, val_ap 0.5359, minutes 21.22, lr 1.00e-03
    epoch 40: loss 0.8478, val_ap 0.5276, minutes 21.75, lr 1.00e-03
    epoch 41: loss 0.8525, val_ap 0.5368, minutes 22.31, lr 1.00e-03
    epoch 42: loss 0.8549, val_ap 0.5445, minutes 22.83, lr 1.00e-03
    epoch 43: loss 0.8602, val_ap 0.5442, minutes 23.4, lr 1.00e-03
    epoch 44: loss 0.8381, val_ap 0.5461, minutes 24.0, lr 1.00e-03
    epoch 45: loss 0.8259, val_ap 0.5533, minutes 24.59, lr 1.00e-03
    epoch 46: loss 0.8282, val_ap 0.5385, minutes 25.12, lr 1.00e-03
    epoch 47: loss 0.8492, val_ap 0.5421, minutes 25.63, lr 1.00e-03
    epoch 48: loss 0.8568, val_ap 0.5473, minutes 26.12, lr 1.00e-03
    epoch 49: loss 0.8115, val_ap 0.5514, minutes 26.66, lr 1.00e-03
    epoch 50: loss 0.8309, val_ap 0.5493, minutes 27.12, lr 1.00e-03
    epoch 51: loss 0.8197, val_ap 0.5581, minutes 27.61, lr 1.00e-03
    epoch 52: loss 0.8193, val_ap 0.5413, minutes 28.15, lr 1.00e-03
    epoch 53: loss 0.8247, val_ap 0.5508, minutes 28.67, lr 1.00e-03
    epoch 54: loss 0.8214, val_ap 0.5591, minutes 29.23, lr 1.00e-03
    epoch 55: loss 0.7940, val_ap 0.5568, minutes 29.74, lr 1.00e-03
    epoch 56: loss 0.8014, val_ap 0.5562, minutes 30.26, lr 1.00e-03
    epoch 57: loss 0.8036, val_ap 0.5518, minutes 30.78, lr 1.00e-03
    epoch 58: loss 0.7946, val_ap 0.5597, minutes 31.29, lr 1.00e-03
    epoch 59: loss 0.7802, val_ap 0.5540, minutes 31.84, lr 1.00e-03
    epoch 60: loss 0.7895, val_ap 0.5637, minutes 32.41, lr 1.00e-03
    epoch 61: loss 0.8112, val_ap 0.5487, minutes 32.92, lr 1.00e-03
    epoch 62: loss 0.7749, val_ap 0.5496, minutes 33.39, lr 1.00e-03
    epoch 63: loss 0.7697, val_ap 0.5551, minutes 33.93, lr 1.00e-03
    epoch 64: loss 0.7775, val_ap 0.5631, minutes 34.47, lr 1.00e-03
    epoch 65: loss 0.7838, val_ap 0.5617, minutes 34.99, lr 1.00e-03
    epoch 66: loss 0.7790, val_ap 0.5434, minutes 35.53, lr 1.00e-03
    epoch 67: loss 0.7883, val_ap 0.5548, minutes 36.05, lr 1.00e-03
    epoch 68: loss 0.7641, val_ap 0.5546, minutes 36.6, lr 1.00e-03
    epoch 69: loss 0.7547, val_ap 0.5549, minutes 37.07, lr 5.00e-04
    epoch 70: loss 0.7533, val_ap 0.5607, minutes 37.59, lr 5.00e-04
    epoch 71: loss 0.7292, val_ap 0.5622, minutes 38.07, lr 5.00e-04
    epoch 72: loss 0.7168, val_ap 0.5459, minutes 38.61, lr 5.00e-04
    epoch 73: loss 0.7201, val_ap 0.5558, minutes 39.13, lr 5.00e-04
    epoch 74: loss 0.7356, val_ap 0.5665, minutes 39.62, lr 5.00e-04
    epoch 75: loss 0.7220, val_ap 0.5637, minutes 40.18, lr 5.00e-04
    epoch 76: loss 0.7292, val_ap 0.5713, minutes 40.7, lr 5.00e-04
    epoch 77: loss 0.7247, val_ap 0.5643, minutes 41.2, lr 5.00e-04
    epoch 78: loss 0.7234, val_ap 0.5665, minutes 41.79, lr 5.00e-04
    epoch 79: loss 0.7111, val_ap 0.5564, minutes 42.3, lr 5.00e-04
    epoch 80: loss 0.7142, val_ap 0.5582, minutes 42.85, lr 5.00e-04
    epoch 81: loss 0.7193, val_ap 0.5603, minutes 43.39, lr 5.00e-04
    epoch 82: loss 0.6984, val_ap 0.5626, minutes 43.9, lr 5.00e-04
    epoch 83: loss 0.7131, val_ap 0.5595, minutes 44.4, lr 5.00e-04
    epoch 84: loss 0.7141, val_ap 0.5559, minutes 44.9, lr 5.00e-04
    epoch 85: loss 0.7126, val_ap 0.5562, minutes 45.4, lr 2.50e-04
    epoch 86: loss 0.6884, val_ap 0.5601, minutes 45.91, lr 2.50e-04
    epoch 87: loss 0.7008, val_ap 0.5615, minutes 46.39, lr 2.50e-04
    epoch 88: loss 0.6795, val_ap 0.5618, minutes 46.87, lr 2.50e-04
    epoch 89: loss 0.6791, val_ap 0.5626, minutes 47.36, lr 2.50e-04
    epoch 90: loss 0.6823, val_ap 0.5651, minutes 47.87, lr 2.50e-04
    epoch 91: loss 0.6776, val_ap 0.5611, minutes 48.38, lr 2.50e-04
    epoch 92: loss 0.6772, val_ap 0.5614, minutes 48.89, lr 2.50e-04
    epoch 93: loss 0.6637, val_ap 0.5608, minutes 49.37, lr 2.50e-04
    epoch 94: loss 0.6771, val_ap 0.5594, minutes 49.92, lr 1.25e-04
    epoch 95: loss 0.6724, val_ap 0.5621, minutes 50.46, lr 1.25e-04
    epoch 96: loss 0.6739, val_ap 0.5666, minutes 50.97, lr 1.25e-04
    epoch 97: loss 0.6687, val_ap 0.5665, minutes 51.48, lr 1.25e-04
    epoch 98: loss 0.6605, val_ap 0.5686, minutes 51.98, lr 1.25e-04
    epoch 99: loss 0.6656, val_ap 0.5679, minutes 52.53, lr 1.25e-04
    epoch 100: loss 0.6687, val_ap 0.5696, minutes 53.04, lr 1.25e-04
    epoch 101: loss 0.6666, val_ap 0.5701, minutes 53.57, lr 1.25e-04
    stopping: no validation gain in 25 epochs
[h2gcn_aux dataset0 fold 4 seed 1] done (54.4 min)
