loaded: dataset0 121,838 sites, data1 90,452
[h2gcn dataset0 fold 1]
    epoch 1: loss 1.3144, val_ap 0.1911, minutes 0.57, lr 3.33e-04
    epoch 2: loss 1.0032, val_ap 0.3026, minutes 1.11, lr 6.63e-04
    epoch 3: loss 0.8167, val_ap 0.4723, minutes 1.67, lr 9.92e-04
    epoch 4: loss 0.7646, val_ap 0.5099, minutes 2.19, lr 1.00e-03
    epoch 5: loss 0.6845, val_ap 0.5486, minutes 2.73, lr 1.00e-03
    epoch 6: loss 0.6225, val_ap 0.5643, minutes 3.27, lr 1.00e-03
    epoch 7: loss 0.6131, val_ap 0.5598, minutes 3.85, lr 1.00e-03
    epoch 8: loss 0.6048, val_ap 0.5676, minutes 4.4, lr 1.00e-03
    epoch 9: loss 0.6061, val_ap 0.5651, minutes 4.94, lr 1.00e-03
    epoch 10: loss 0.6018, val_ap 0.5461, minutes 5.48, lr 1.00e-03
    epoch 11: loss 0.5881, val_ap 0.5795, minutes 6.01, lr 1.00e-03
    epoch 12: loss 0.5644, val_ap 0.5809, minutes 6.55, lr 1.00e-03
    epoch 13: loss 0.5801, val_ap 0.5918, minutes 7.11, lr 1.00e-03
    epoch 14: loss 0.5732, val_ap 0.5764, minutes 7.67, lr 1.00e-03
    epoch 15: loss 0.5549, val_ap 0.5795, minutes 8.21, lr 1.00e-03
    epoch 16: loss 0.5431, val_ap 0.5791, minutes 8.74, lr 1.00e-03
    epoch 17: loss 0.5369, val_ap 0.6045, minutes 9.31, lr 1.00e-03
    epoch 18: loss 0.5318, val_ap 0.5983, minutes 9.88, lr 1.00e-03
    epoch 19: loss 0.5433, val_ap 0.6072, minutes 10.44, lr 1.00e-03
    epoch 20: loss 0.5247, val_ap 0.6170, minutes 10.98, lr 1.00e-03
    epoch 21: loss 0.5255, val_ap 0.6086, minutes 11.55, lr 1.00e-03
    epoch 22: loss 0.5359, val_ap 0.6132, minutes 12.08, lr 1.00e-03
    epoch 23: loss 0.5293, val_ap 0.6154, minutes 12.59, lr 1.00e-03
    epoch 24: loss 0.5156, val_ap 0.6147, minutes 13.13, lr 1.00e-03
    epoch 25: loss 0.5033, val_ap 0.6101, minutes 13.66, lr 1.00e-03
    epoch 26: loss 0.5179, val_ap 0.6097, minutes 14.2, lr 1.00e-03
    epoch 27: loss 0.5060, val_ap 0.6125, minutes 14.72, lr 1.00e-03
    epoch 28: loss 0.5092, val_ap 0.6200, minutes 15.27, lr 1.00e-03
    epoch 29: loss 0.4999, val_ap 0.6221, minutes 15.81, lr 1.00e-03
    epoch 30: loss 0.4981, val_ap 0.6205, minutes 16.35, lr 1.00e-03
    epoch 31: loss 0.4887, val_ap 0.6206, minutes 16.9, lr 1.00e-03
    epoch 32: loss 0.5151, val_ap 0.6142, minutes 17.44, lr 1.00e-03
    epoch 33: loss 0.5000, val_ap 0.6206, minutes 17.97, lr 1.00e-03
    epoch 34: loss 0.4802, val_ap 0.6133, minutes 18.51, lr 1.00e-03
    epoch 35: loss 0.4818, val_ap 0.6191, minutes 19.07, lr 1.00e-03
    epoch 36: loss 0.4799, val_ap 0.6203, minutes 19.63, lr 1.00e-03
    epoch 37: loss 0.4750, val_ap 0.6219, minutes 20.15, lr 1.00e-03
    epoch 38: loss 0.4825, val_ap 0.6223, minutes 20.69, lr 1.00e-03
    epoch 39: loss 0.4704, val_ap 0.6162, minutes 21.21, lr 1.00e-03
    epoch 40: loss 0.4735, val_ap 0.6174, minutes 21.74, lr 1.00e-03
    epoch 41: loss 0.4582, val_ap 0.6242, minutes 22.29, lr 1.00e-03
    epoch 42: loss 0.4819, val_ap 0.6160, minutes 22.8, lr 1.00e-03
    epoch 43: loss 0.4576, val_ap 0.6326, minutes 23.33, lr 1.00e-03
    epoch 44: loss 0.4638, val_ap 0.6262, minutes 23.86, lr 1.00e-03
    epoch 45: loss 0.4497, val_ap 0.6133, minutes 24.38, lr 1.00e-03
    epoch 46: loss 0.4423, val_ap 0.6120, minutes 24.92, lr 1.00e-03
    epoch 47: loss 0.4465, val_ap 0.6139, minutes 25.45, lr 1.00e-03
    epoch 48: loss 0.4598, val_ap 0.6271, minutes 25.98, lr 1.00e-03
    epoch 49: loss 0.4422, val_ap 0.6192, minutes 26.5, lr 1.00e-03
    epoch 50: loss 0.4447, val_ap 0.6222, minutes 27.01, lr 1.00e-03
    epoch 51: loss 0.4369, val_ap 0.6115, minutes 27.54, lr 1.00e-03
    epoch 52: loss 0.4308, val_ap 0.6205, minutes 28.03, lr 5.00e-04
    epoch 53: loss 0.4156, val_ap 0.6241, minutes 28.56, lr 5.00e-04
    epoch 54: loss 0.4116, val_ap 0.6206, minutes 29.11, lr 5.00e-04
    epoch 55: loss 0.4055, val_ap 0.6168, minutes 29.64, lr 5.00e-04
    epoch 56: loss 0.4126, val_ap 0.6144, minutes 30.17, lr 5.00e-04
    epoch 57: loss 0.4020, val_ap 0.6165, minutes 30.69, lr 5.00e-04
    epoch 58: loss 0.4104, val_ap 0.6203, minutes 31.25, lr 5.00e-04
    epoch 59: loss 0.4031, val_ap 0.6236, minutes 31.8, lr 5.00e-04
    epoch 60: loss 0.3968, val_ap 0.6223, minutes 32.35, lr 5.00e-04
    epoch 61: loss 0.3975, val_ap 0.6190, minutes 32.84, lr 2.50e-04
    epoch 62: loss 0.3858, val_ap 0.6193, minutes 33.38, lr 2.50e-04
    epoch 63: loss 0.3837, val_ap 0.6229, minutes 33.91, lr 2.50e-04
    epoch 64: loss 0.3767, val_ap 0.6211, minutes 34.44, lr 2.50e-04
    epoch 65: loss 0.3865, val_ap 0.6133, minutes 34.96, lr 2.50e-04
    epoch 66: loss 0.3754, val_ap 0.6204, minutes 35.52, lr 2.50e-04
    epoch 67: loss 0.3729, val_ap 0.6177, minutes 36.09, lr 2.50e-04
    epoch 68: loss 0.3798, val_ap 0.6136, minutes 36.61, lr 2.50e-04
    stopping: no validation gain in 25 epochs
[h2gcn dataset0 fold 1] done (37.4 min)
