loaded: dataset0 121,838 sites, data1 90,452
[fk_band pooled_both fold 3 seed 1]
    band weights [0.4, 0.363, 0.237] (bands ((0, 30), (30, 75), (75, 150)))
    epoch 1: loss 1.8959, val_ap 0.1602, minutes 0.84, lr 3.31e-04
    epoch 2: loss 1.5579, val_ap 0.3155, minutes 1.69, lr 6.60e-04
    epoch 3: loss 1.3768, val_ap 0.4280, minutes 2.55, lr 9.89e-04
    epoch 4: loss 1.3014, val_ap 0.4535, minutes 3.39, lr 1.00e-03
    epoch 5: loss 1.2602, val_ap 0.4695, minutes 4.21, lr 1.00e-03
    epoch 6: loss 1.2336, val_ap 0.4761, minutes 5.09, lr 1.00e-03
    epoch 7: loss 1.2185, val_ap 0.4842, minutes 5.91, lr 1.00e-03
    epoch 8: loss 1.2169, val_ap 0.4721, minutes 6.8, lr 1.00e-03
    epoch 9: loss 1.1989, val_ap 0.4872, minutes 7.63, lr 1.00e-03
    epoch 10: loss 1.1863, val_ap 0.4939, minutes 8.46, lr 1.00e-03
    epoch 11: loss 1.1852, val_ap 0.4964, minutes 9.31, lr 1.00e-03
    epoch 12: loss 1.1785, val_ap 0.4966, minutes 10.15, lr 1.00e-03
    epoch 13: loss 1.1620, val_ap 0.5020, minutes 10.92, lr 1.00e-03
    epoch 14: loss 1.1634, val_ap 0.5054, minutes 11.76, lr 1.00e-03
    epoch 15: loss 1.1625, val_ap 0.5026, minutes 12.57, lr 1.00e-03
    epoch 16: loss 1.1464, val_ap 0.5037, minutes 13.35, lr 1.00e-03
    epoch 17: loss 1.1507, val_ap 0.5055, minutes 14.14, lr 1.00e-03
    epoch 18: loss 1.1453, val_ap 0.5069, minutes 14.97, lr 1.00e-03
    epoch 19: loss 1.1291, val_ap 0.5140, minutes 15.76, lr 1.00e-03
    epoch 20: loss 1.1285, val_ap 0.5122, minutes 16.57, lr 1.00e-03
    epoch 21: loss 1.1312, val_ap 0.5078, minutes 17.38, lr 1.00e-03
    epoch 22: loss 1.1208, val_ap 0.5169, minutes 18.16, lr 1.00e-03
    epoch 23: loss 1.1172, val_ap 0.5153, minutes 19.0, lr 1.00e-03
    epoch 24: loss 1.1128, val_ap 0.5141, minutes 19.85, lr 1.00e-03
    epoch 25: loss 1.1109, val_ap 0.5013, minutes 20.66, lr 1.00e-03
    epoch 26: loss 1.1096, val_ap 0.5216, minutes 21.47, lr 1.00e-03
    epoch 27: loss 1.1130, val_ap 0.5081, minutes 22.23, lr 1.00e-03
    epoch 28: loss 1.0981, val_ap 0.5158, minutes 23.02, lr 1.00e-03
    epoch 29: loss 1.0994, val_ap 0.5201, minutes 23.87, lr 1.00e-03
    epoch 30: loss 1.0989, val_ap 0.5211, minutes 24.7, lr 1.00e-03
    epoch 31: loss 1.0837, val_ap 0.5249, minutes 25.52, lr 1.00e-03
    epoch 32: loss 1.0924, val_ap 0.5221, minutes 26.36, lr 1.00e-03
    epoch 33: loss 1.0759, val_ap 0.5242, minutes 27.18, lr 1.00e-03
    epoch 34: loss 1.0794, val_ap 0.5242, minutes 27.95, lr 1.00e-03
    epoch 35: loss 1.0674, val_ap 0.5146, minutes 28.79, lr 1.00e-03
    epoch 36: loss 1.0726, val_ap 0.5268, minutes 29.6, lr 1.00e-03
    epoch 37: loss 1.0629, val_ap 0.5199, minutes 30.39, lr 1.00e-03
    epoch 38: loss 1.0779, val_ap 0.5226, minutes 31.24, lr 1.00e-03
    epoch 39: loss 1.0686, val_ap 0.5163, minutes 32.08, lr 1.00e-03
    epoch 40: loss 1.0597, val_ap 0.5286, minutes 32.89, lr 1.00e-03
    epoch 41: loss 1.0435, val_ap 0.5258, minutes 33.71, lr 1.00e-03
    epoch 42: loss 1.0407, val_ap 0.5171, minutes 34.54, lr 1.00e-03
    epoch 43: loss 1.0364, val_ap 0.5226, minutes 35.38, lr 1.00e-03
    epoch 44: loss 1.0402, val_ap 0.5290, minutes 36.16, lr 1.00e-03
    epoch 45: loss 1.0385, val_ap 0.5107, minutes 37.01, lr 1.00e-03
    epoch 46: loss 1.0291, val_ap 0.5195, minutes 37.89, lr 1.00e-03
    epoch 47: loss 1.0217, val_ap 0.5198, minutes 38.72, lr 1.00e-03
    epoch 48: loss 1.0263, val_ap 0.5171, minutes 39.5, lr 1.00e-03
    epoch 49: loss 1.0220, val_ap 0.5141, minutes 40.32, lr 1.00e-03
    epoch 50: loss 1.0146, val_ap 0.5156, minutes 41.12, lr 1.00e-03
    epoch 51: loss 1.0087, val_ap 0.5128, minutes 41.88, lr 1.00e-03
    epoch 52: loss 1.0107, val_ap 0.4728, minutes 42.7, lr 1.00e-03
    epoch 53: loss 1.0060, val_ap 0.5238, minutes 43.51, lr 5.00e-04
    epoch 54: loss 0.9751, val_ap 0.5215, minutes 44.36, lr 5.00e-04
    epoch 55: loss 0.9744, val_ap 0.5144, minutes 45.15, lr 5.00e-04
    epoch 56: loss 0.9723, val_ap 0.5095, minutes 46.03, lr 5.00e-04
    epoch 57: loss 0.9693, val_ap 0.5119, minutes 46.84, lr 5.00e-04
    epoch 58: loss 0.9623, val_ap 0.5068, minutes 47.63, lr 5.00e-04
    epoch 59: loss 0.9619, val_ap 0.5110, minutes 48.42, lr 5.00e-04
    epoch 60: loss 0.9540, val_ap 0.5118, minutes 49.23, lr 5.00e-04
    epoch 61: loss 0.9654, val_ap 0.5204, minutes 50.04, lr 5.00e-04
    epoch 62: loss 0.9589, val_ap 0.5034, minutes 50.85, lr 2.50e-04
    epoch 63: loss 0.9460, val_ap 0.5125, minutes 51.66, lr 2.50e-04
    epoch 64: loss 0.9400, val_ap 0.5083, minutes 52.44, lr 2.50e-04
    epoch 65: loss 0.9387, val_ap 0.5057, minutes 53.27, lr 2.50e-04
    epoch 66: loss 0.9343, val_ap 0.5060, minutes 54.15, lr 2.50e-04
    epoch 67: loss 0.9363, val_ap 0.5087, minutes 54.97, lr 2.50e-04
    epoch 68: loss 0.9309, val_ap 0.5038, minutes 55.76, lr 2.50e-04
    epoch 69: loss 0.9323, val_ap 0.5043, minutes 56.59, lr 2.50e-04
    stopping: no validation gain in 25 epochs
[fk_band pooled_both fold 3 seed 1] done (57.3 min)
