loaded: dataset0 121,838 sites, data1 90,452
[deepset dataset0 fold 3]
    epoch 1: loss 1.2023356151442195, minutes 0.18, val_ap 0.18386569300273994, lr 0.00033430232558139537
    epoch 2: loss 0.8967497541980688, minutes 0.35, val_ap 0.39559073380565474, lr 0.0006676356589147286
    epoch 3: loss 0.7954853248111037, minutes 0.54, val_ap 0.4635291310296899, lr 0.001
    epoch 4: loss 0.7376007483622362, minutes 0.73, val_ap 0.46450611549547993, lr 0.001
    epoch 5: loss 0.726185737221047, minutes 0.92, val_ap 0.473216043570495, lr 0.001
    epoch 6: loss 0.7024984672492327, minutes 1.12, val_ap 0.4705752576743869, lr 0.001
    epoch 7: loss 0.6866204482178355, minutes 1.31, val_ap 0.4781428098069157, lr 0.001
    epoch 8: loss 0.6838899661981782, minutes 1.5, val_ap 0.48451386013442316, lr 0.001
    epoch 9: loss 0.6819206686733768, minutes 1.7, val_ap 0.4957472745173078, lr 0.001
    epoch 10: loss 0.6711984739400619, minutes 1.88, val_ap 0.49536152279870527, lr 0.001
    epoch 11: loss 0.6579312744528748, minutes 2.07, val_ap 0.4924937345096247, lr 0.001
    epoch 12: loss 0.655174940348018, minutes 2.25, val_ap 0.4970524141896524, lr 0.001
    epoch 13: loss 0.655680137838042, minutes 2.43, val_ap 0.5082978402218105, lr 0.001
    epoch 14: loss 0.6511175413074535, minutes 2.61, val_ap 0.5183304364501714, lr 0.001
    epoch 15: loss 0.6469247712818689, minutes 2.79, val_ap 0.5130162064165907, lr 0.001
    epoch 16: loss 0.6383822181716908, minutes 2.98, val_ap 0.5186747647689011, lr 0.001
    epoch 17: loss 0.6498189025320286, minutes 3.17, val_ap 0.52542111530798, lr 0.001
    epoch 18: loss 0.6278230303595232, minutes 3.36, val_ap 0.5269550944870169, lr 0.001
    epoch 19: loss 0.6287973734528519, minutes 3.55, val_ap 0.5315014608761984, lr 0.001
    epoch 20: loss 0.634814529658057, minutes 3.74, val_ap 0.5435512867252474, lr 0.001
    epoch 21: loss 0.6300976152510144, minutes 3.93, val_ap 0.5405668998326423, lr 0.001
    epoch 22: loss 0.6291456681697868, minutes 4.11, val_ap 0.5448549301725802, lr 0.001
    epoch 23: loss 0.629741738615341, minutes 4.31, val_ap 0.5564786465773293, lr 0.001
    epoch 24: loss 0.6215832429223282, minutes 4.5, val_ap 0.5562838037927214, lr 0.001
    epoch 25: loss 0.6142103770791099, minutes 4.69, val_ap 0.5526959669029357, lr 0.001
    epoch 26: loss 0.6104993598838878, minutes 4.88, val_ap 0.5365335249494135, lr 0.001
    epoch 27: loss 0.61263589829553, minutes 5.05, val_ap 0.5666888710568778, lr 0.001
    epoch 28: loss 0.6051510363643946, minutes 5.24, val_ap 0.5648410042617867, lr 0.001
    epoch 29: loss 0.6044443170431741, minutes 5.42, val_ap 0.5670572606892468, lr 0.001
    epoch 30: loss 0.6128533408912116, minutes 5.61, val_ap 0.5709029848355498, lr 0.001
    epoch 31: loss 0.6117796051900747, minutes 5.79, val_ap 0.5746055916225539, lr 0.001
    epoch 32: loss 0.5977026652111563, minutes 5.98, val_ap 0.5693080488668061, lr 0.001
    epoch 33: loss 0.5898492667217587, minutes 6.16, val_ap 0.5765749090553368, lr 0.001
    epoch 34: loss 0.5850849458298018, minutes 6.36, val_ap 0.5723699178753673, lr 0.001
    epoch 35: loss 0.5897655971781459, minutes 6.54, val_ap 0.5822879639369026, lr 0.001
    epoch 36: loss 0.5838806221131668, minutes 6.72, val_ap 0.5777247573248573, lr 0.001
    epoch 37: loss 0.5802595183080019, minutes 6.9, val_ap 0.5808337343376213, lr 0.001
    epoch 38: loss 0.5913831330402646, minutes 7.06, val_ap 0.5743922278568715, lr 0.001
    epoch 39: loss 0.577308292868872, minutes 7.21, val_ap 0.5863271548476465, lr 0.001
    epoch 40: loss 0.583379143415842, minutes 7.36, val_ap 0.5774474211081828, lr 0.001
    epoch 41: loss 0.5778369822127875, minutes 7.51, val_ap 0.5731441968286823, lr 0.001
    epoch 42: loss 0.5725173454645068, minutes 7.64, val_ap 0.576522130672889, lr 0.001
    epoch 43: loss 0.5660446287067824, minutes 7.76, val_ap 0.5833450211723089, lr 0.001
    epoch 44: loss 0.5735566445388073, minutes 7.89, val_ap 0.5862107297403973, lr 0.001
    epoch 45: loss 0.5678271430349627, minutes 8.02, val_ap 0.5709477347947217, lr 0.001
    epoch 46: loss 0.5684028480981671, minutes 8.15, val_ap 0.5877465637378883, lr 0.001
    epoch 47: loss 0.5634491750320723, minutes 8.28, val_ap 0.5863263917041449, lr 0.001
    epoch 48: loss 0.5612508788011795, minutes 8.4, val_ap 0.5809064059893617, lr 0.001
    epoch 49: loss 0.5727791364283062, minutes 8.51, val_ap 0.5828975754232172, lr 0.001
    epoch 50: loss 0.5627921830516222, minutes 8.62, val_ap 0.5819138596285176, lr 0.001
    epoch 51: loss 0.5699136183532172, minutes 8.72, val_ap 0.579952714559939, lr 0.001
    epoch 52: loss 0.5498197214721248, minutes 8.83, val_ap 0.5802636733613686, lr 0.001
    epoch 53: loss 0.5481121271935313, minutes 8.94, val_ap 0.5814610891886912, lr 0.001
    epoch 54: loss 0.5494060953862445, minutes 9.05, val_ap 0.5803063202261599, lr 0.001
    epoch 55: loss 0.5526969776770403, minutes 9.15, val_ap 0.5693688914792403, lr 0.0005
    epoch 56: loss 0.5321663292341454, minutes 9.26, val_ap 0.5863234998111765, lr 0.0005
    epoch 57: loss 0.5311213762521051, minutes 9.36, val_ap 0.5848865662010402, lr 0.0005
    epoch 58: loss 0.5261467508105344, minutes 9.47, val_ap 0.5880500507050467, lr 0.0005
    epoch 59: loss 0.5138775618790195, minutes 9.57, val_ap 0.5828381959708422, lr 0.0005
    epoch 60: loss 0.5203556848993135, minutes 9.68, val_ap 0.5835121996154781, lr 0.0005
    epoch 61: loss 0.5282303410214048, minutes 9.78, val_ap 0.5809124487410532, lr 0.0005
    epoch 62: loss 0.5204808134152445, minutes 9.89, val_ap 0.586616709816351, lr 0.0005
    epoch 63: loss 0.5089409286372883, minutes 9.99, val_ap 0.5919907509446193, lr 0.0005
    epoch 64: loss 0.5068314958277137, minutes 10.1, val_ap 0.5787347594086069, lr 0.0005
    epoch 65: loss 0.5074158261508442, minutes 10.2, val_ap 0.5813870991204211, lr 0.0005
    epoch 66: loss 0.5134932523116816, minutes 10.31, val_ap 0.5787044533494999, lr 0.0005
    epoch 67: loss 0.5204377069549505, minutes 10.41, val_ap 0.5866299329516824, lr 0.0005
    epoch 68: loss 0.5086585859399896, minutes 10.51, val_ap 0.5829104180645576, lr 0.0005
    epoch 69: loss 0.4965653461512438, minutes 10.62, val_ap 0.5863753811416436, lr 0.0005
    epoch 70: loss 0.5054299417276715, minutes 10.72, val_ap 0.5854363332348683, lr 0.0005
    epoch 71: loss 0.5089705996215343, minutes 10.82, val_ap 0.5850049739669618, lr 0.0005
    epoch 72: loss 0.501158983554951, minutes 10.92, val_ap 0.5817395794768949, lr 0.00025
    epoch 73: loss 0.4913036302165237, minutes 11.02, val_ap 0.5819775790989319, lr 0.00025
    epoch 74: loss 0.49319833053579165, minutes 11.12, val_ap 0.5861460652518962, lr 0.00025
    epoch 75: loss 0.4850978406016217, minutes 11.22, val_ap 0.5856357337132445, lr 0.00025
    epoch 76: loss 0.4813825141551883, minutes 11.32, val_ap 0.5805083951772447, lr 0.00025
    epoch 77: loss 0.49985831863311836, minutes 11.41, val_ap 0.5821666509613316, lr 0.00025
    epoch 78: loss 0.49080992931889933, minutes 11.51, val_ap 0.5827513709270867, lr 0.00025
    epoch 79: loss 0.48865887132841485, minutes 11.61, val_ap 0.5820051537005028, lr 0.00025
    epoch 80: loss 0.47333868012525315, minutes 11.71, val_ap 0.5847807196232442, lr 0.00025
    epoch 81: loss 0.48517905314301335, minutes 11.8, val_ap 0.5848945534308923, lr 0.000125
    epoch 82: loss 0.4720311137999213, minutes 11.9, val_ap 0.5840858192126714, lr 0.000125
    epoch 83: loss 0.47038939246517975, minutes 12.0, val_ap 0.5817743599257053, lr 0.000125
    epoch 84: loss 0.47569268811927284, minutes 12.1, val_ap 0.5843360689819967, lr 0.000125
    epoch 85: loss 0.46365239198297953, minutes 12.19, val_ap 0.5769216637350995, lr 0.000125
    epoch 86: loss 0.47068569328376025, minutes 12.29, val_ap 0.5778048559777065, lr 0.000125
    epoch 87: loss 0.4678045088468596, minutes 12.39, val_ap 0.5829118751112331, lr 0.000125
    stopping: no validation gain in 25 epochs
[deepset dataset0 fold 3] done (12.6 min)
