loaded: dataset0 121,838 sites, data1 90,452
[fk_band_shuffled dataset0 fold 0 seed 1]
    band weights [0.395, 0.347, 0.258] (bands ((0, 30), (30, 75), (75, 150)))
    epoch 1: loss 1.9636, val_ap 0.1772, minutes 0.44, lr 3.33e-04
    epoch 2: loss 1.5814, val_ap 0.2761, minutes 0.95, lr 6.59e-04
    epoch 3: loss 1.3529, val_ap 0.4320, minutes 1.43, lr 9.88e-04
    epoch 4: loss 1.2080, val_ap 0.4755, minutes 1.91, lr 1.00e-03
    epoch 5: loss 1.1328, val_ap 0.4842, minutes 2.38, lr 1.00e-03
    epoch 6: loss 1.0836, val_ap 0.4942, minutes 2.84, lr 1.00e-03
    epoch 7: loss 1.1024, val_ap 0.4954, minutes 3.34, lr 1.00e-03
    epoch 8: loss 1.0266, val_ap 0.5100, minutes 3.81, lr 1.00e-03
    epoch 9: loss 1.0195, val_ap 0.5222, minutes 4.37, lr 1.00e-03
    epoch 10: loss 0.9676, val_ap 0.5295, minutes 4.9, lr 1.00e-03
    epoch 11: loss 0.9492, val_ap 0.5362, minutes 5.51, lr 1.00e-03
    epoch 12: loss 0.9458, val_ap 0.5286, minutes 6.08, lr 1.00e-03
    epoch 13: loss 0.9559, val_ap 0.5158, minutes 6.68, lr 1.00e-03
    epoch 14: loss 0.9195, val_ap 0.5438, minutes 7.25, lr 1.00e-03
    epoch 15: loss 0.9175, val_ap 0.5282, minutes 7.84, lr 1.00e-03
    epoch 16: loss 0.9260, val_ap 0.5346, minutes 8.41, lr 1.00e-03
    epoch 17: loss 0.9009, val_ap 0.5465, minutes 8.99, lr 1.00e-03
    epoch 18: loss 0.9004, val_ap 0.5474, minutes 9.55, lr 1.00e-03
    epoch 19: loss 0.8975, val_ap 0.5481, minutes 10.12, lr 1.00e-03
    epoch 20: loss 0.8956, val_ap 0.5576, minutes 10.71, lr 1.00e-03
    epoch 21: loss 0.9047, val_ap 0.5582, minutes 11.29, lr 1.00e-03
    epoch 22: loss 0.8948, val_ap 0.5498, minutes 11.9, lr 1.00e-03
    epoch 23: loss 0.8638, val_ap 0.5514, minutes 12.48, lr 1.00e-03
    epoch 24: loss 0.8652, val_ap 0.5510, minutes 13.08, lr 1.00e-03
    epoch 25: loss 0.8752, val_ap 0.5590, minutes 13.67, lr 1.00e-03
    epoch 26: loss 0.8701, val_ap 0.5555, minutes 14.25, lr 1.00e-03
    epoch 27: loss 0.8815, val_ap 0.5606, minutes 14.84, lr 1.00e-03
    epoch 28: loss 0.8784, val_ap 0.5715, minutes 15.44, lr 1.00e-03
    epoch 29: loss 0.8435, val_ap 0.5686, minutes 15.99, lr 1.00e-03
    epoch 30: loss 0.8421, val_ap 0.5746, minutes 16.54, lr 1.00e-03
    epoch 31: loss 0.8551, val_ap 0.5697, minutes 17.1, lr 1.00e-03
    epoch 32: loss 0.8750, val_ap 0.5729, minutes 17.64, lr 1.00e-03
    epoch 33: loss 0.8358, val_ap 0.5763, minutes 18.22, lr 1.00e-03
    epoch 34: loss 0.8229, val_ap 0.5635, minutes 18.86, lr 1.00e-03
    epoch 35: loss 0.8348, val_ap 0.5672, minutes 19.48, lr 1.00e-03
    epoch 36: loss 0.8291, val_ap 0.5776, minutes 20.11, lr 1.00e-03
    epoch 37: loss 0.8429, val_ap 0.5799, minutes 20.7, lr 1.00e-03
    epoch 38: loss 0.8252, val_ap 0.5735, minutes 21.31, lr 1.00e-03
    epoch 39: loss 0.8325, val_ap 0.5822, minutes 21.88, lr 1.00e-03
    epoch 40: loss 0.8478, val_ap 0.5779, minutes 22.48, lr 1.00e-03
    epoch 41: loss 0.8430, val_ap 0.5806, minutes 23.05, lr 1.00e-03
    epoch 42: loss 0.8242, val_ap 0.5764, minutes 23.65, lr 1.00e-03
    epoch 43: loss 0.8103, val_ap 0.5811, minutes 24.27, lr 1.00e-03
    epoch 44: loss 0.8219, val_ap 0.5812, minutes 24.83, lr 1.00e-03
    epoch 45: loss 0.8131, val_ap 0.5756, minutes 25.47, lr 1.00e-03
    epoch 46: loss 0.8046, val_ap 0.5730, minutes 26.04, lr 1.00e-03
    epoch 47: loss 0.7899, val_ap 0.5760, minutes 26.64, lr 1.00e-03
    epoch 48: loss 0.7842, val_ap 0.5863, minutes 27.23, lr 1.00e-03
    epoch 49: loss 0.7844, val_ap 0.5838, minutes 27.83, lr 1.00e-03
    epoch 50: loss 0.7749, val_ap 0.5836, minutes 28.43, lr 1.00e-03
    epoch 51: loss 0.7861, val_ap 0.5897, minutes 29.02, lr 1.00e-03
    epoch 52: loss 0.7843, val_ap 0.5862, minutes 29.59, lr 1.00e-03
    epoch 53: loss 0.7802, val_ap 0.5745, minutes 30.17, lr 1.00e-03
    epoch 54: loss 0.7878, val_ap 0.5828, minutes 30.77, lr 1.00e-03
    epoch 55: loss 0.7660, val_ap 0.5910, minutes 31.3, lr 1.00e-03
    epoch 56: loss 0.7701, val_ap 0.5835, minutes 31.83, lr 1.00e-03
    epoch 57: loss 0.7796, val_ap 0.5816, minutes 32.33, lr 1.00e-03
    epoch 58: loss 0.7478, val_ap 0.5831, minutes 32.87, lr 1.00e-03
    epoch 59: loss 0.7695, val_ap 0.5838, minutes 33.39, lr 1.00e-03
    epoch 60: loss 0.7773, val_ap 0.5810, minutes 33.92, lr 1.00e-03
    epoch 61: loss 0.8675, val_ap 0.5782, minutes 34.43, lr 1.00e-03
    epoch 62: loss 0.7614, val_ap 0.5974, minutes 34.95, lr 1.00e-03
    epoch 63: loss 0.7675, val_ap 0.5997, minutes 35.5, lr 1.00e-03
    epoch 64: loss 0.7649, val_ap 0.6014, minutes 35.99, lr 1.00e-03
    epoch 65: loss 0.7458, val_ap 0.5890, minutes 36.53, lr 1.00e-03
    epoch 66: loss 0.7502, val_ap 0.5868, minutes 37.01, lr 1.00e-03
    epoch 67: loss 0.7543, val_ap 0.5900, minutes 37.5, lr 1.00e-03
    epoch 68: loss 0.7454, val_ap 0.5942, minutes 37.97, lr 1.00e-03
    epoch 69: loss 0.7399, val_ap 0.5994, minutes 38.45, lr 1.00e-03
    epoch 70: loss 0.7381, val_ap 0.5922, minutes 38.93, lr 1.00e-03
    epoch 71: loss 0.7262, val_ap 0.6027, minutes 39.38, lr 1.00e-03
    epoch 72: loss 0.7308, val_ap 0.5871, minutes 39.84, lr 1.00e-03
    epoch 73: loss 0.7471, val_ap 0.5943, minutes 40.28, lr 1.00e-03
    epoch 74: loss 0.7335, val_ap 0.6028, minutes 40.75, lr 1.00e-03
    epoch 75: loss 0.7219, val_ap 0.5955, minutes 41.23, lr 1.00e-03
    epoch 76: loss 0.7501, val_ap 0.5906, minutes 41.71, lr 1.00e-03
    epoch 77: loss 0.9198, val_ap 0.6057, minutes 42.17, lr 1.00e-03
    epoch 78: loss 0.7545, val_ap 0.6092, minutes 42.68, lr 1.00e-03
    epoch 79: loss 0.7220, val_ap 0.5906, minutes 43.15, lr 1.00e-03
    epoch 80: loss 0.7193, val_ap 0.5977, minutes 43.64, lr 1.00e-03
    epoch 81: loss 0.7312, val_ap 0.6031, minutes 44.12, lr 1.00e-03
    epoch 82: loss 0.7098, val_ap 0.6097, minutes 44.6, lr 1.00e-03
    epoch 83: loss 0.7073, val_ap 0.6077, minutes 45.07, lr 1.00e-03
    epoch 84: loss 0.7010, val_ap 0.5917, minutes 45.57, lr 1.00e-03
    epoch 85: loss 0.7049, val_ap 0.6175, minutes 46.02, lr 1.00e-03
    epoch 86: loss 0.7100, val_ap 0.6045, minutes 46.5, lr 1.00e-03
    epoch 87: loss 0.6966, val_ap 0.6111, minutes 46.99, lr 1.00e-03
    epoch 88: loss 0.6887, val_ap 0.6134, minutes 47.46, lr 1.00e-03
    epoch 89: loss 0.6888, val_ap 0.6068, minutes 47.98, lr 1.00e-03
    epoch 90: loss 0.7023, val_ap 0.6071, minutes 48.44, lr 1.00e-03
    epoch 91: loss 0.6936, val_ap 0.5943, minutes 48.98, lr 1.00e-03
    epoch 92: loss 0.7023, val_ap 0.6096, minutes 49.47, lr 1.00e-03
    epoch 93: loss 0.6813, val_ap 0.6092, minutes 50.0, lr 1.00e-03
    epoch 94: loss 0.6798, val_ap 0.6029, minutes 50.47, lr 5.00e-04
    epoch 95: loss 0.6575, val_ap 0.6151, minutes 50.96, lr 5.00e-04
    epoch 96: loss 0.6560, val_ap 0.6074, minutes 51.45, lr 5.00e-04
    epoch 97: loss 0.6428, val_ap 0.6030, minutes 51.93, lr 5.00e-04
    epoch 98: loss 0.6490, val_ap 0.6086, minutes 52.4, lr 5.00e-04
    epoch 99: loss 0.6511, val_ap 0.6093, minutes 52.86, lr 5.00e-04
    epoch 100: loss 0.6489, val_ap 0.6047, minutes 53.32, lr 5.00e-04
    epoch 101: loss 0.6521, val_ap 0.6163, minutes 53.79, lr 5.00e-04
    epoch 102: loss 0.6396, val_ap 0.6117, minutes 54.23, lr 5.00e-04
    epoch 103: loss 0.6369, val_ap 0.5936, minutes 54.69, lr 2.50e-04
    epoch 104: loss 0.6138, val_ap 0.6105, minutes 55.18, lr 2.50e-04
    epoch 105: loss 0.6232, val_ap 0.6138, minutes 55.64, lr 2.50e-04
    epoch 106: loss 0.6210, val_ap 0.6098, minutes 56.1, lr 2.50e-04
    epoch 107: loss 0.6262, val_ap 0.6078, minutes 56.56, lr 2.50e-04
    epoch 108: loss 0.6258, val_ap 0.6084, minutes 57.05, lr 2.50e-04
    epoch 109: loss 0.6206, val_ap 0.6087, minutes 57.5, lr 2.50e-04
    epoch 110: loss 0.6191, val_ap 0.6041, minutes 57.98, lr 2.50e-04
    stopping: no validation gain in 25 epochs
[fk_band_shuffled dataset0 fold 0 seed 1] done (58.7 min)
