loaded: dataset0 121,838 sites, data1 90,452
[h2gcn pooled_both fold 0 seed 2]
    epoch 1: loss 1.2502, val_ap 0.2007, minutes 0.96, lr 3.31e-04
    epoch 2: loss 1.0138, val_ap 0.3224, minutes 1.8, lr 6.60e-04
    epoch 3: loss 0.8900, val_ap 0.4101, minutes 2.61, lr 9.89e-04
    epoch 4: loss 0.8216, val_ap 0.4214, minutes 3.43, lr 1.00e-03
    epoch 5: loss 0.7994, val_ap 0.4325, minutes 4.19, lr 1.00e-03
    epoch 6: loss 0.7903, val_ap 0.4373, minutes 5.02, lr 1.00e-03
    epoch 7: loss 0.7759, val_ap 0.4323, minutes 5.81, lr 1.00e-03
    epoch 8: loss 0.7679, val_ap 0.4415, minutes 6.51, lr 1.00e-03
    epoch 9: loss 0.7651, val_ap 0.4500, minutes 7.14, lr 1.00e-03
    epoch 10: loss 0.7616, val_ap 0.4496, minutes 7.86, lr 1.00e-03
    epoch 11: loss 0.7534, val_ap 0.4494, minutes 8.61, lr 1.00e-03
    epoch 12: loss 0.7522, val_ap 0.4599, minutes 9.38, lr 1.00e-03
    epoch 13: loss 0.7457, val_ap 0.4573, minutes 10.13, lr 1.00e-03
    epoch 14: loss 0.7374, val_ap 0.4615, minutes 10.91, lr 1.00e-03
    epoch 15: loss 0.7435, val_ap 0.4662, minutes 11.62, lr 1.00e-03
    epoch 16: loss 0.7380, val_ap 0.4631, minutes 12.41, lr 1.00e-03
    epoch 17: loss 0.7268, val_ap 0.4658, minutes 13.16, lr 1.00e-03
    epoch 18: loss 0.7316, val_ap 0.4548, minutes 13.91, lr 1.00e-03
    epoch 19: loss 0.7204, val_ap 0.4677, minutes 14.65, lr 1.00e-03
    epoch 20: loss 0.7230, val_ap 0.4674, minutes 15.4, lr 1.00e-03
    epoch 21: loss 0.7119, val_ap 0.4740, minutes 16.14, lr 1.00e-03
    epoch 22: loss 0.7157, val_ap 0.4729, minutes 16.84, lr 1.00e-03
    epoch 23: loss 0.7112, val_ap 0.4702, minutes 17.53, lr 1.00e-03
    epoch 24: loss 0.7027, val_ap 0.4719, minutes 18.22, lr 1.00e-03
    epoch 25: loss 0.7024, val_ap 0.4746, minutes 19.02, lr 1.00e-03
    epoch 26: loss 0.6962, val_ap 0.4707, minutes 19.78, lr 1.00e-03
    epoch 27: loss 0.6877, val_ap 0.4696, minutes 20.55, lr 1.00e-03
    epoch 28: loss 0.6908, val_ap 0.4722, minutes 21.31, lr 1.00e-03
    epoch 29: loss 0.6898, val_ap 0.4760, minutes 22.1, lr 1.00e-03
    epoch 30: loss 0.6803, val_ap 0.4656, minutes 22.85, lr 1.00e-03
    epoch 31: loss 0.6798, val_ap 0.4737, minutes 23.63, lr 1.00e-03
    epoch 32: loss 0.6630, val_ap 0.4588, minutes 24.39, lr 1.00e-03
    epoch 33: loss 0.6771, val_ap 0.4712, minutes 25.17, lr 1.00e-03
    epoch 34: loss 0.6681, val_ap 0.4707, minutes 25.96, lr 1.00e-03
    epoch 35: loss 0.6575, val_ap 0.4729, minutes 26.72, lr 1.00e-03
    epoch 36: loss 0.6561, val_ap 0.4695, minutes 27.49, lr 1.00e-03
    epoch 37: loss 0.6508, val_ap 0.4641, minutes 28.25, lr 1.00e-03
    epoch 38: loss 0.6467, val_ap 0.4709, minutes 28.99, lr 5.00e-04
    epoch 39: loss 0.6276, val_ap 0.4676, minutes 29.7, lr 5.00e-04
    epoch 40: loss 0.6207, val_ap 0.4701, minutes 30.41, lr 5.00e-04
    epoch 41: loss 0.6199, val_ap 0.4696, minutes 31.08, lr 5.00e-04
    epoch 42: loss 0.6162, val_ap 0.4574, minutes 31.81, lr 5.00e-04
    epoch 43: loss 0.6155, val_ap 0.4460, minutes 32.56, lr 5.00e-04
    epoch 44: loss 0.6100, val_ap 0.4475, minutes 33.38, lr 5.00e-04
    epoch 45: loss 0.6090, val_ap 0.4470, minutes 34.17, lr 5.00e-04
    epoch 46: loss 0.6083, val_ap 0.4514, minutes 34.95, lr 5.00e-04
    epoch 47: loss 0.5992, val_ap 0.4518, minutes 35.65, lr 2.50e-04
    epoch 48: loss 0.5888, val_ap 0.4417, minutes 36.36, lr 2.50e-04
    epoch 49: loss 0.5855, val_ap 0.4495, minutes 37.02, lr 2.50e-04
    epoch 50: loss 0.5851, val_ap 0.4432, minutes 37.65, lr 2.50e-04
    epoch 51: loss 0.5801, val_ap 0.4320, minutes 38.21, lr 2.50e-04
    epoch 52: loss 0.5794, val_ap 0.4372, minutes 38.72, lr 2.50e-04
    epoch 53: loss 0.5757, val_ap 0.4379, minutes 39.27, lr 2.50e-04
    epoch 54: loss 0.5730, val_ap 0.4303, minutes 39.82, lr 2.50e-04
    stopping: no validation gain in 25 epochs
[h2gcn pooled_both fold 0 seed 2] done (40.3 min)
