loaded: dataset0 121,838 sites, data1 90,452, 18,922,588 reads (3s)
  [dataset0 fold 3] network on 47,452 sites, scoring 92,712
    epoch 1: loss 1.0621813725022708, minutes 0.05, val_ap 0.30997955168955665
    epoch 2: loss 0.8413711248075261, minutes 0.1, val_ap 0.5004737012860299
    epoch 3: loss 0.7726121620220296, minutes 0.14, val_ap 0.48001419706743803
    epoch 4: loss 0.7289141299093471, minutes 0.19, val_ap 0.48564800025453414
    epoch 5: loss 0.7177168413120157, minutes 0.24, val_ap 0.5018605294965511
    epoch 6: loss 0.6933967695516698, minutes 0.29, val_ap 0.4913878636409946
    epoch 7: loss 0.6899490912170971, minutes 0.33, val_ap 0.49870752606862073
    epoch 8: loss 0.6888365826186011, minutes 0.38, val_ap 0.4899293675869243
    epoch 9: loss 0.6807223223588046, minutes 0.43, val_ap 0.5057969603660325
    epoch 10: loss 0.6792677930172752, minutes 0.48, val_ap 0.4962310540558151
    epoch 11: loss 0.6638253224246642, minutes 0.52, val_ap 0.4974072511788338
    epoch 12: loss 0.6559862820541158, minutes 0.57, val_ap 0.49472251460647004
    epoch 13: loss 0.6491208439364152, minutes 0.62, val_ap 0.5053766525260898
    epoch 14: loss 0.6622227465405184, minutes 0.67, val_ap 0.5024942185206663
    epoch 15: loss 0.6532842541442198, minutes 0.71, val_ap 0.5089709317812048
    epoch 16: loss 0.6282570781076655, minutes 0.76, val_ap 0.4954514478385236
    epoch 17: loss 0.6347218974548228, minutes 0.81, val_ap 0.49264507980730976
    epoch 18: loss 0.6333171271225986, minutes 0.85, val_ap 0.5161994387474068
    epoch 19: loss 0.6414712129270329, minutes 0.9, val_ap 0.5202557805032175
    epoch 20: loss 0.626426478694467, minutes 0.95, val_ap 0.5016556140097589
    epoch 21: loss 0.6101857805953307, minutes 1.0, val_ap 0.5279487182840676
    epoch 22: loss 0.6248217289938646, minutes 1.04, val_ap 0.5255388479488934
    epoch 23: loss 0.6082232932834064, minutes 1.09, val_ap 0.5094327486748113
    epoch 24: loss 0.6171810211504207, minutes 1.14, val_ap 0.533551968907113
    epoch 25: loss 0.6058076821705874, minutes 1.18, val_ap 0.5348221874808263
    epoch 26: loss 0.5994120003545985, minutes 1.23, val_ap 0.5390939788360873
    epoch 27: loss 0.5933792536749559, minutes 1.28, val_ap 0.5296767534497767
    epoch 28: loss 0.591982702998554, minutes 1.33, val_ap 0.5354761342739301
    epoch 29: loss 0.5909123233136009, minutes 1.37, val_ap 0.5330205465996247
    epoch 30: loss 0.5830524349037338, minutes 1.42, val_ap 0.5368951188025313
    epoch 31: loss 0.5904338833163766, minutes 1.47, val_ap 0.5464828601368983
    epoch 32: loss 0.5844925321200315, minutes 1.52, val_ap 0.5589917913062942
    epoch 33: loss 0.5735286218278548, minutes 1.56, val_ap 0.5433253288130426
    epoch 34: loss 0.5732663489439909, minutes 1.61, val_ap 0.5481828404022945
    epoch 35: loss 0.5646944563178455, minutes 1.66, val_ap 0.5555660972120207
    epoch 36: loss 0.5815920005826389, minutes 1.71, val_ap 0.553663621596714
    epoch 37: loss 0.5629025892299764, minutes 1.75, val_ap 0.5572923784261228
    epoch 38: loss 0.5671320831074435, minutes 1.8, val_ap 0.5564655239226421
    epoch 39: loss 0.5608583868426436, minutes 1.85, val_ap 0.543917779458721
    epoch 40: loss 0.5562725444926935, minutes 1.9, val_ap 0.5430720430910759
    epoch 41: loss 0.5598556565887788, minutes 1.94, val_ap 0.5396243771812407
    epoch 42: loss 0.5434677767402986, minutes 1.99, val_ap 0.5528815483731366
    epoch 43: loss 0.5631526563097449, minutes 2.04, val_ap 0.5501786178909809
    epoch 44: loss 0.5484924137592315, minutes 2.09, val_ap 0.5415937894336796
    epoch 45: loss 0.5559100547257592, minutes 2.13, val_ap 0.5517131462711918
    epoch 46: loss 0.5430169859353233, minutes 2.18, val_ap 0.5499136168516732
    epoch 47: loss 0.5371809680672253, minutes 2.23, val_ap 0.5451073220174958
    epoch 48: loss 0.532840264194152, minutes 2.28, val_ap 0.5613644173254956
    epoch 49: loss 0.537933627735166, minutes 2.32, val_ap 0.5611102463892731
    epoch 50: loss 0.5212435784585335, minutes 2.37, val_ap 0.5554606508577352
    epoch 51: loss 0.523126977331498, minutes 2.42, val_ap 0.5614860238347359
    epoch 52: loss 0.5209907327504719, minutes 2.47, val_ap 0.5591722142424759
    epoch 53: loss 0.5187959281837239, minutes 2.51, val_ap 0.5466946737343497
    epoch 54: loss 0.5203401526984046, minutes 2.56, val_ap 0.5634090974161615
    epoch 55: loss 0.5175205262268291, minutes 2.61, val_ap 0.5664468568844873
    epoch 56: loss 0.5294570517890593, minutes 2.66, val_ap 0.554514393878177
    epoch 57: loss 0.5184338524061091, minutes 2.7, val_ap 0.5804598902708448
    epoch 58: loss 0.511633197700276, minutes 2.75, val_ap 0.5653981325065389
    epoch 59: loss 0.4999108659870484, minutes 2.8, val_ap 0.5560284853128407
    epoch 60: loss 0.5090144064496546, minutes 2.84, val_ap 0.5592649556452713
    epoch 61: loss 0.5091380838962162, minutes 2.89, val_ap 0.5683362986190642
    epoch 62: loss 0.49052765071392057, minutes 2.94, val_ap 0.5681349102012452
    epoch 63: loss 0.5079352277166703, minutes 2.99, val_ap 0.5531523480387723
    epoch 64: loss 0.4890226026668268, minutes 3.03, val_ap 0.5588562210451324
    epoch 65: loss 0.498335084845038, minutes 3.08, val_ap 0.5609849832779963
    epoch 66: loss 0.5010544955730438, minutes 3.13, val_ap 0.5636877439718356
    epoch 67: loss 0.5011515101965736, minutes 3.18, val_ap 0.5732871387224808
    epoch 68: loss 0.48534658034058176, minutes 3.22, val_ap 0.5690192662903536
    epoch 69: loss 0.4845353118637029, minutes 3.27, val_ap 0.5625508865944086
    epoch 70: loss 0.4977205953177284, minutes 3.32, val_ap 0.5634842977662435
    epoch 71: loss 0.48784282189958234, minutes 3.36, val_ap 0.5661480825937888
    epoch 72: loss 0.4942536366336486, minutes 3.41, val_ap 0.5658638871228195
    epoch 73: loss 0.4718023848884246, minutes 3.46, val_ap 0.5607771584227088
    epoch 74: loss 0.47069312781095507, minutes 3.51, val_ap 0.5696703595136211
    epoch 75: loss 0.46948026497574413, minutes 3.55, val_ap 0.5647462801638595
    epoch 76: loss 0.4793387398123741, minutes 3.6, val_ap 0.5744590329680496
    epoch 77: loss 0.4715388424256269, minutes 3.65, val_ap 0.5573011060474095
    epoch 78: loss 0.46768135130405425, minutes 3.7, val_ap 0.5583062914242185
    epoch 79: loss 0.488215354523238, minutes 3.74, val_ap 0.5594855075049618
    epoch 80: loss 0.4681511888609213, minutes 3.79, val_ap 0.5572869949207634
    epoch 81: loss 0.4562127609463299, minutes 3.84, val_ap 0.5696733758440305
    epoch 82: loss 0.4633801224477151, minutes 3.89, val_ap 0.5705041873809292
    epoch 83: loss 0.4507928293417482, minutes 3.93, val_ap 0.5731396539913731
    epoch 84: loss 0.45617307231706733, minutes 3.98, val_ap 0.5655571806541027
    epoch 85: loss 0.4537823282620486, minutes 4.03, val_ap 0.5591788320530288
    epoch 86: loss 0.453020198292592, minutes 4.08, val_ap 0.5583353559383004
    stopping: no validation gain in 30 epochs
  [dataset0 fold 3] network on 50,267 sites, scoring 89,897
    epoch 1: loss 1.0170615431906163, minutes 0.05, val_ap 0.3191889628954576
    epoch 2: loss 0.8290545029201727, minutes 0.1, val_ap 0.4068132795338455
    epoch 3: loss 0.7863269266725956, minutes 0.15, val_ap 0.42628898227480244
    epoch 4: loss 0.7635078822401749, minutes 0.19, val_ap 0.4436326008557527
    epoch 5: loss 0.734766797944047, minutes 0.24, val_ap 0.42444017971112386
    epoch 6: loss 0.7165327412986208, minutes 0.29, val_ap 0.4562423411128986
    epoch 7: loss 0.716460952128487, minutes 0.34, val_ap 0.4474670810831454
    epoch 8: loss 0.7031079902388584, minutes 0.39, val_ap 0.4268781424613411
    epoch 9: loss 0.6898122500071581, minutes 0.44, val_ap 0.4717233071732773
    epoch 10: loss 0.6748819918125525, minutes 0.49, val_ap 0.4662889354587803
    epoch 11: loss 0.6763205690973106, minutes 0.54, val_ap 0.45115913380158823
    epoch 12: loss 0.6658242743933338, minutes 0.59, val_ap 0.45657973875539903
    epoch 13: loss 0.6735938813151985, minutes 0.64, val_ap 0.4541317539206708
    epoch 14: loss 0.658570811323736, minutes 0.69, val_ap 0.4476659297217206
    epoch 15: loss 0.6558654034274748, minutes 0.74, val_ap 0.45793088230491047
    epoch 16: loss 0.6444112733862866, minutes 0.8, val_ap 0.4619797537331697
    epoch 17: loss 0.6325464289763878, minutes 0.86, val_ap 0.4708634728297454
    epoch 18: loss 0.6428147371130428, minutes 0.92, val_ap 0.4473390264199928
    epoch 19: loss 0.6381774322054852, minutes 0.98, val_ap 0.4586551220784823
    epoch 20: loss 0.623710386455059, minutes 1.04, val_ap 0.47093282220041105
    epoch 21: loss 0.6252116759618124, minutes 1.09, val_ap 0.46183394997861305
    epoch 22: loss 0.6241946590357813, minutes 1.15, val_ap 0.4552994225201732
    epoch 23: loss 0.6084474285786179, minutes 1.2, val_ap 0.47445899465589153
    epoch 24: loss 0.6169137795423639, minutes 1.26, val_ap 0.4731715280102556
    epoch 25: loss 0.6240075968805401, minutes 1.32, val_ap 0.477636032976312
    epoch 26: loss 0.6160899637074306, minutes 1.37, val_ap 0.4665190590703863
    epoch 27: loss 0.593493969618589, minutes 1.43, val_ap 0.47939495115328157
    epoch 28: loss 0.6012694136849766, minutes 1.49, val_ap 0.4798025641739534
    epoch 29: loss 0.5979545436713888, minutes 1.55, val_ap 0.47330259406650543
    epoch 30: loss 0.6054004059098232, minutes 1.61, val_ap 0.4886608754401158
    epoch 31: loss 0.5941009634527666, minutes 1.67, val_ap 0.49497974040944404
    epoch 32: loss 0.5872117058299053, minutes 1.73, val_ap 0.4842038490438729
    epoch 33: loss 0.5770607422823193, minutes 1.79, val_ap 0.48566530983703293
    epoch 34: loss 0.5860199694489611, minutes 1.84, val_ap 0.4936840802936404
    epoch 35: loss 0.5838799000471487, minutes 1.9, val_ap 0.48220512050039926
    epoch 36: loss 0.587021466644331, minutes 1.95, val_ap 0.4821956246935363
    epoch 37: loss 0.5605301473332548, minutes 2.01, val_ap 0.4969896991574566
    epoch 38: loss 0.5879806482243812, minutes 2.06, val_ap 0.4924669175146696
    epoch 39: loss 0.5762368155450657, minutes 2.12, val_ap 0.5092438677380543
    epoch 40: loss 0.5811580306497114, minutes 2.17, val_ap 0.5105034645255154
    epoch 41: loss 0.5580166667357258, minutes 2.23, val_ap 0.48343472011151256
    epoch 42: loss 0.5755636712600445, minutes 2.29, val_ap 0.5093487530045394
    epoch 43: loss 0.5603281262962297, minutes 2.35, val_ap 0.5180875965657327
    epoch 44: loss 0.5621834615695065, minutes 2.41, val_ap 0.5177665411358016
    epoch 45: loss 0.5457899591018414, minutes 2.47, val_ap 0.511844921002091
    epoch 46: loss 0.5462848040564307, minutes 2.53, val_ap 0.525147517546604
    epoch 47: loss 0.5678677308833462, minutes 2.6, val_ap 0.5169134144606291
    epoch 48: loss 0.5517439604148098, minutes 2.66, val_ap 0.5235654031613333
    epoch 49: loss 0.5494239602623314, minutes 2.73, val_ap 0.5168425772610605
    epoch 50: loss 0.5457839564174071, minutes 2.79, val_ap 0.5140482688852519
    epoch 51: loss 0.5402420082654076, minutes 2.85, val_ap 0.5219599660642947
    epoch 52: loss 0.5448104307569307, minutes 2.91, val_ap 0.5259123299606987
    epoch 53: loss 0.5280974490204077, minutes 2.97, val_ap 0.5212484617563358
    epoch 54: loss 0.527861440490032, minutes 3.03, val_ap 0.5220440413685501
    epoch 55: loss 0.5385881261578922, minutes 3.09, val_ap 0.5147934895483403
    epoch 56: loss 0.5384205125871746, minutes 3.14, val_ap 0.5183881187332897
    epoch 57: loss 0.5281145505864044, minutes 3.2, val_ap 0.5284887438938917
    epoch 58: loss 0.5219794689923868, minutes 3.26, val_ap 0.5063869968131012
    epoch 59: loss 0.5193646868755077, minutes 3.32, val_ap 0.5240224172788875
    epoch 60: loss 0.5310914316910437, minutes 3.38, val_ap 0.5298968356517656
    epoch 61: loss 0.5184512499762678, minutes 3.44, val_ap 0.5317247955786957
    epoch 62: loss 0.5133535247081997, minutes 3.5, val_ap 0.5166484578356488
    epoch 63: loss 0.5392329668005308, minutes 3.56, val_ap 0.5180811687716805
    epoch 64: loss 0.5231604397982016, minutes 3.62, val_ap 0.5139714925978258
    epoch 65: loss 0.5192170913877159, minutes 3.69, val_ap 0.5200459582238539
    epoch 66: loss 0.5086847857154649, minutes 3.75, val_ap 0.525451063581594
    epoch 67: loss 0.5193804040893741, minutes 3.81, val_ap 0.5130517450566197
    epoch 68: loss 0.5123647939542244, minutes 3.87, val_ap 0.5318348198990368
    epoch 69: loss 0.5058209300041199, minutes 3.93, val_ap 0.5279007049657443
    epoch 70: loss 0.5130139433446972, minutes 3.99, val_ap 0.5189339514054249
    epoch 71: loss 0.5035510122262198, minutes 4.05, val_ap 0.5135226409436142
    epoch 72: loss 0.4989126793098176, minutes 4.11, val_ap 0.5369407880605355
    epoch 73: loss 0.4908960595213134, minutes 4.16, val_ap 0.5136031606713111
    epoch 74: loss 0.5016395190152628, minutes 4.22, val_ap 0.5264205117942004
    epoch 75: loss 0.4945076968649338, minutes 4.28, val_ap 0.5291985577149634
    epoch 76: loss 0.49557285516083927, minutes 4.34, val_ap 0.5118814245425607
    epoch 77: loss 0.5049792087968739, minutes 4.42, val_ap 0.5307321247750528
    epoch 78: loss 0.5061176170049042, minutes 4.49, val_ap 0.5073575461046309
    epoch 79: loss 0.4867419269920766, minutes 4.56, val_ap 0.5105734979237232
    epoch 80: loss 0.47639741954104653, minutes 4.63, val_ap 0.5270822208795901
    epoch 81: loss 0.4835041345193468, minutes 4.69, val_ap 0.5120274209818159
    epoch 82: loss 0.4826827932191991, minutes 4.76, val_ap 0.5074758571234125
    epoch 83: loss 0.4920951273592039, minutes 4.83, val_ap 0.5167214360632153
    epoch 84: loss 0.4622283624163989, minutes 4.9, val_ap 0.5134968447991306
    epoch 85: loss 0.4754296841806379, minutes 4.96, val_ap 0.5325559547737169
    epoch 86: loss 0.4728263635402438, minutes 5.02, val_ap 0.5222786329442239
    epoch 87: loss 0.4632137286765822, minutes 5.08, val_ap 0.5153259880213632
    epoch 88: loss 0.48908913769256107, minutes 5.15, val_ap 0.5175285795746475
    epoch 89: loss 0.49099849344327534, minutes 5.21, val_ap 0.5167462451690448
    epoch 90: loss 0.4828150883830827, minutes 5.27, val_ap 0.5006369283370019
    epoch 91: loss 0.4786910581691512, minutes 5.33, val_ap 0.5169609217837202
    epoch 92: loss 0.4700973355050745, minutes 5.38, val_ap 0.5166007742805346
    epoch 93: loss 0.45698411702767183, minutes 5.44, val_ap 0.5180108809044907
    epoch 94: loss 0.4670015348271392, minutes 5.5, val_ap 0.5345449870534349
    epoch 95: loss 0.4712835770400091, minutes 5.56, val_ap 0.5362113820954864
    epoch 96: loss 0.4622938920711649, minutes 5.62, val_ap 0.497712430011129
    epoch 97: loss 0.4523950147217718, minutes 5.68, val_ap 0.5195737099754462
    epoch 98: loss 0.46122424638476867, minutes 5.74, val_ap 0.5090250379377642
    epoch 99: loss 0.46251750035190037, minutes 5.8, val_ap 0.5182714448900798
    epoch 100: loss 0.4591838440847123, minutes 5.87, val_ap 0.49940027290037403
    epoch 101: loss 0.46015626680234384, minutes 5.93, val_ap 0.5065993953902325
    stopping: no validation gain in 30 epochs
  [dataset0 fold 3] done (10.4 min)
  [pooled_both fold 3] network on 82,702 sites, scoring 129,588
    epoch 1: loss 1.0372953491695858, minutes 0.09, val_ap 0.3684335192054824
    epoch 2: loss 0.9070885750196748, minutes 0.19, val_ap 0.40684307680944276
    epoch 3: loss 0.8764607589123613, minutes 0.29, val_ap 0.40681606082055144
    epoch 4: loss 0.8564367195307199, minutes 0.4, val_ap 0.4049398785327712
    epoch 5: loss 0.8475925328367847, minutes 0.49, val_ap 0.4161704265500502
    epoch 6: loss 0.8418264175875713, minutes 0.6, val_ap 0.421857808515631
    epoch 7: loss 0.8297206038135593, minutes 0.72, val_ap 0.4172348320864678
    epoch 8: loss 0.8280897172830872, minutes 0.82, val_ap 0.41604628771167107
    epoch 9: loss 0.8263893565889132, minutes 0.92, val_ap 0.41419649997277574
    epoch 10: loss 0.8182828493037466, minutes 1.02, val_ap 0.42594084219580425
    epoch 11: loss 0.8149313618571071, minutes 1.14, val_ap 0.42984489784949215
    epoch 12: loss 0.8087107661416975, minutes 1.24, val_ap 0.42774837997947174
    epoch 13: loss 0.8056844820410518, minutes 1.35, val_ap 0.42258181234821196
    epoch 14: loss 0.8010203431218358, minutes 1.44, val_ap 0.4411109562719331
    epoch 15: loss 0.7982975553658049, minutes 1.53, val_ap 0.4306464130118169
    epoch 16: loss 0.7932949906688626, minutes 1.62, val_ap 0.4434216915763176
    epoch 17: loss 0.791569700180474, minutes 1.73, val_ap 0.44153024185773465
    epoch 18: loss 0.7874673122066562, minutes 1.83, val_ap 0.44277359556381246
    epoch 19: loss 0.7852992330567311, minutes 1.92, val_ap 0.4499166336502326
    epoch 20: loss 0.7782088653515962, minutes 2.0, val_ap 0.4534680947248725
    epoch 21: loss 0.7747402582128169, minutes 2.09, val_ap 0.44465296639350194
    epoch 22: loss 0.7783543206877628, minutes 2.17, val_ap 0.45667713608054955
    epoch 23: loss 0.7732740259776681, minutes 2.26, val_ap 0.44717247884019923
    epoch 24: loss 0.7622826949014502, minutes 2.34, val_ap 0.4578800790366703
    epoch 25: loss 0.7676262625193192, minutes 2.43, val_ap 0.45144996636995205
    epoch 26: loss 0.7625937457812034, minutes 2.51, val_ap 0.4518903787579196
    epoch 27: loss 0.758233618231143, minutes 2.6, val_ap 0.4452789160307614
    epoch 28: loss 0.7514255301427033, minutes 2.68, val_ap 0.45177481906627515
    epoch 29: loss 0.7529066182799259, minutes 2.77, val_ap 0.44598152252061163
    epoch 30: loss 0.753735332872908, minutes 2.85, val_ap 0.45127073399983947
    epoch 31: loss 0.7402984793913566, minutes 2.95, val_ap 0.4530767525913706
    epoch 32: loss 0.743960141024347, minutes 3.06, val_ap 0.44743768094199493
    epoch 33: loss 0.7403530192577232, minutes 3.15, val_ap 0.4600636599553641
    epoch 34: loss 0.7320951255701356, minutes 3.25, val_ap 0.44829078530132
    epoch 35: loss 0.7356314536878619, minutes 3.34, val_ap 0.46065279593496855
    epoch 36: loss 0.7355803237123004, minutes 3.44, val_ap 0.4682040623092308
    epoch 37: loss 0.7306695394596812, minutes 3.53, val_ap 0.4466966519046869
    epoch 38: loss 0.7256056935100232, minutes 3.62, val_ap 0.4658674472077403
    epoch 39: loss 0.7264120052426548, minutes 3.73, val_ap 0.4585465528298368
    epoch 40: loss 0.7195588091672477, minutes 3.83, val_ap 0.4569758730729891
    epoch 41: loss 0.7211614117784015, minutes 3.94, val_ap 0.46035264583154806
    epoch 42: loss 0.7156340381856692, minutes 4.04, val_ap 0.4632685293718312
    epoch 43: loss 0.7148793506420265, minutes 4.14, val_ap 0.45440969873122194
    epoch 44: loss 0.7123471997551999, minutes 4.23, val_ap 0.4590700190146939
    epoch 45: loss 0.7114835141068798, minutes 4.32, val_ap 0.45809783483723315
    epoch 46: loss 0.7057800501079883, minutes 4.42, val_ap 0.45906165022880774
    epoch 47: loss 0.7080923020839691, minutes 4.52, val_ap 0.4543367656978037
    epoch 48: loss 0.7062016212334067, minutes 4.63, val_ap 0.4524954417418009
    epoch 49: loss 0.7049592858653958, minutes 4.74, val_ap 0.45628156490166105
    epoch 50: loss 0.706430153725511, minutes 4.85, val_ap 0.45386737978629593
    epoch 51: loss 0.701230273913529, minutes 4.95, val_ap 0.46115445462130944
    epoch 52: loss 0.6947761022438437, minutes 5.07, val_ap 0.45130666441342876
    epoch 53: loss 0.6904808590977879, minutes 5.19, val_ap 0.4555148864016537
    epoch 54: loss 0.69151571958752, minutes 5.3, val_ap 0.4493011742926829
    epoch 55: loss 0.6917732242810524, minutes 5.4, val_ap 0.45617773453820953
    epoch 56: loss 0.6897841676817102, minutes 5.5, val_ap 0.4628659133213074
    epoch 57: loss 0.690666429673211, minutes 5.61, val_ap 0.46542481997977064
    epoch 58: loss 0.6749399839821508, minutes 5.71, val_ap 0.4554882157249785
    epoch 59: loss 0.676399607779616, minutes 5.81, val_ap 0.46759370200427486
    epoch 60: loss 0.6733060539779017, minutes 5.9, val_ap 0.463085215926265
    epoch 61: loss 0.6743247153395313, minutes 6.0, val_ap 0.457371351784547
    epoch 62: loss 0.6685193286103718, minutes 6.1, val_ap 0.4473675881526474
    epoch 63: loss 0.6740785500760805, minutes 6.2, val_ap 0.4658792747808212
    epoch 64: loss 0.6728135990894447, minutes 6.31, val_ap 0.46584254740907177
    epoch 65: loss 0.6603141604843786, minutes 6.42, val_ap 0.4569218688116529
    stopping: no validation gain in 30 epochs
  [pooled_both fold 3] network on 87,143 sites, scoring 125,147
    epoch 1: loss 1.0115421285660955, minutes 0.11, val_ap 0.35482160261818096
    epoch 2: loss 0.8923856079380378, minutes 0.23, val_ap 0.3938172974051575
    epoch 3: loss 0.8700135062105235, minutes 0.35, val_ap 0.3927059253497589
    epoch 4: loss 0.8592000500704363, minutes 0.48, val_ap 0.3888697494653435
    epoch 5: loss 0.8511719376937892, minutes 0.6, val_ap 0.41176232105945776
    epoch 6: loss 0.8472122300502866, minutes 0.73, val_ap 0.4000545085853205
    epoch 7: loss 0.8350215107697585, minutes 0.86, val_ap 0.41504479476204265
    epoch 8: loss 0.824985175433745, minutes 0.97, val_ap 0.40999949053292867
    epoch 9: loss 0.8273207099730786, minutes 1.07, val_ap 0.41538636868520157
    epoch 10: loss 0.8192988068756472, minutes 1.18, val_ap 0.4054297525251239
    epoch 11: loss 0.8120653073851056, minutes 1.27, val_ap 0.4283264180613546
    epoch 12: loss 0.8130859991046677, minutes 1.38, val_ap 0.4174211578747373
    epoch 13: loss 0.797095885407489, minutes 1.49, val_ap 0.4257710545928304
    epoch 14: loss 0.7957339628392279, minutes 1.6, val_ap 0.42697377961693966
    epoch 15: loss 0.7989613397968964, minutes 1.71, val_ap 0.41352586051872875
    epoch 16: loss 0.7916557227456292, minutes 1.8, val_ap 0.42298959430215166
    epoch 17: loss 0.7891507491320867, minutes 1.91, val_ap 0.4349811563196863
    epoch 18: loss 0.7849139625645951, minutes 2.02, val_ap 0.43136401265723456
    epoch 19: loss 0.7743453636913996, minutes 2.14, val_ap 0.4357623059121979
    epoch 20: loss 0.7786396441863621, minutes 2.25, val_ap 0.4382882045788048
    epoch 21: loss 0.7694194258447501, minutes 2.36, val_ap 0.4371155136303004
    epoch 22: loss 0.773842666038247, minutes 2.46, val_ap 0.44264459236501663
    epoch 23: loss 0.7614726819271265, minutes 2.56, val_ap 0.4463992534613274
    epoch 24: loss 0.7641192606319225, minutes 2.66, val_ap 0.451709812630328
    epoch 25: loss 0.758613834547442, minutes 2.75, val_ap 0.44190091326322534
    epoch 26: loss 0.7530917503509015, minutes 2.85, val_ap 0.45892418747722485
    epoch 27: loss 0.755563906062877, minutes 2.94, val_ap 0.45100356648070233
    epoch 28: loss 0.7477166116039619, minutes 3.04, val_ap 0.4507820119431557
    epoch 29: loss 0.7491648314007097, minutes 3.14, val_ap 0.45147780537981363
    epoch 30: loss 0.7398442668574197, minutes 3.23, val_ap 0.45092357797362664
    epoch 31: loss 0.7436003807771245, minutes 3.33, val_ap 0.4432284651143679
    epoch 32: loss 0.7343685168562537, minutes 3.43, val_ap 0.4671426114163625
    epoch 33: loss 0.7333734464209737, minutes 3.52, val_ap 0.44662567445679546
    epoch 34: loss 0.7258652655587244, minutes 3.62, val_ap 0.4624522670544713
    epoch 35: loss 0.7223399764675634, minutes 3.72, val_ap 0.4542412775313684
    epoch 36: loss 0.7286109687680026, minutes 3.83, val_ap 0.46686824531330173
    epoch 37: loss 0.7225907210297758, minutes 3.93, val_ap 0.46154299715125935
    epoch 38: loss 0.7292785932653371, minutes 4.03, val_ap 0.4593357435852805
    epoch 39: loss 0.7249565300751366, minutes 4.13, val_ap 0.45698272948877183
    epoch 40: loss 0.7224347372585753, minutes 4.22, val_ap 0.4628770009702717
    epoch 41: loss 0.7215483046053256, minutes 4.31, val_ap 0.46473831444051006
    epoch 42: loss 0.7167874110299487, minutes 4.39, val_ap 0.45154579103443715
    epoch 43: loss 0.7197648312562328, minutes 4.48, val_ap 0.45579948258907305
    epoch 44: loss 0.710648680644178, minutes 4.57, val_ap 0.45557217454419857
    epoch 45: loss 0.7061758491882059, minutes 4.66, val_ap 0.45064538980009566
    epoch 46: loss 0.6998576091175459, minutes 4.75, val_ap 0.4460473270066892
    epoch 47: loss 0.7049069579851588, minutes 4.83, val_ap 0.45516136839531435
    epoch 48: loss 0.7035287737450331, minutes 4.92, val_ap 0.4563172177549719
    epoch 49: loss 0.7003157974477622, minutes 5.01, val_ap 0.4593567792689352
    epoch 50: loss 0.6960027947576339, minutes 5.1, val_ap 0.44650865861045025
    epoch 51: loss 0.6955120402119088, minutes 5.19, val_ap 0.4391189660162319
    epoch 52: loss 0.7017774229429885, minutes 5.27, val_ap 0.45735411048290625
    epoch 53: loss 0.6840105819147687, minutes 5.36, val_ap 0.44164596633827397
    epoch 54: loss 0.6916749841747094, minutes 5.45, val_ap 0.45369119659442464
    epoch 55: loss 0.691036005946885, minutes 5.54, val_ap 0.44822172471731553
    epoch 56: loss 0.6881062127030965, minutes 5.63, val_ap 0.4431149191031714
    epoch 57: loss 0.6850145872051138, minutes 5.75, val_ap 0.4454643806409333
    epoch 58: loss 0.6769626154456028, minutes 5.86, val_ap 0.43753018699337226
    epoch 59: loss 0.6738928824762174, minutes 5.97, val_ap 0.4411033142021861
    epoch 60: loss 0.6787739650553644, minutes 6.07, val_ap 0.43724975274988215
    epoch 61: loss 0.6742007560112152, minutes 6.17, val_ap 0.445392320637938
    stopping: no validation gain in 30 epochs
  [pooled_both fold 3] done (13.1 min)
