loaded: dataset0 121,838 sites, data1 90,452, 18,922,588 reads (3s)
  [dataset0 fold 0] network on 47,839 sites, scoring 92,398
    epoch 1: loss 1.024047296888688, minutes 0.05, val_ap 0.3805206061943798
    epoch 2: loss 0.8095946127877516, minutes 0.1, val_ap 0.44849061242698435
    epoch 3: loss 0.7532969806124182, minutes 0.15, val_ap 0.4423350417989957
    epoch 4: loss 0.7244897288434645, minutes 0.2, val_ap 0.44932340573346546
    epoch 5: loss 0.6978651632280911, minutes 0.24, val_ap 0.44426284014836986
    epoch 6: loss 0.6944804258206312, minutes 0.29, val_ap 0.43692331893822434
    epoch 7: loss 0.6867076579262229, minutes 0.34, val_ap 0.45250774775363545
    epoch 8: loss 0.676829381199444, minutes 0.39, val_ap 0.4665061810343609
    epoch 9: loss 0.6742613275261486, minutes 0.44, val_ap 0.4571385612455919
    epoch 10: loss 0.6688867188551847, minutes 0.49, val_ap 0.46095558719734625
    epoch 11: loss 0.6541038609602872, minutes 0.54, val_ap 0.4712429480188967
    epoch 12: loss 0.6460516053087572, minutes 0.59, val_ap 0.4729203825517679
    epoch 13: loss 0.6556939456392737, minutes 0.64, val_ap 0.46682613979187226
    epoch 14: loss 0.6405151163830477, minutes 0.68, val_ap 0.4664207887630819
    epoch 15: loss 0.6427850728525835, minutes 0.73, val_ap 0.48683440710273673
    epoch 16: loss 0.6340906385113211, minutes 0.78, val_ap 0.47770726763657423
    epoch 17: loss 0.6324306756258011, minutes 0.83, val_ap 0.4738278020167713
    epoch 18: loss 0.6280459716039546, minutes 0.88, val_ap 0.48042501582252645
    epoch 19: loss 0.6307084832121345, minutes 0.93, val_ap 0.47708873753657616
    epoch 20: loss 0.6168491065502166, minutes 0.98, val_ap 0.48525825811806156
    epoch 21: loss 0.6103550744407317, minutes 1.03, val_ap 0.49067621894900687
    epoch 22: loss 0.6179877682643778, minutes 1.08, val_ap 0.4890155863864927
    epoch 23: loss 0.6121150553226471, minutes 1.13, val_ap 0.493558859225739
    epoch 24: loss 0.6085976793485529, minutes 1.17, val_ap 0.4879013440781837
    epoch 25: loss 0.5943247442736345, minutes 1.22, val_ap 0.5036344406891
    epoch 26: loss 0.5890856083701639, minutes 1.27, val_ap 0.4842500695544455
    epoch 27: loss 0.6029597448952058, minutes 1.32, val_ap 0.4980849928289442
    epoch 28: loss 0.5935828550773509, minutes 1.37, val_ap 0.493654386754756
    epoch 29: loss 0.596307457019301, minutes 1.42, val_ap 0.507191329335517
    epoch 30: loss 0.583615476418944, minutes 1.47, val_ap 0.4894444108484052
    epoch 31: loss 0.5806760141078163, minutes 1.52, val_ap 0.5063756097183432
    epoch 32: loss 0.5832469882333979, minutes 1.57, val_ap 0.4982586710200642
    epoch 33: loss 0.580951645619729, minutes 1.62, val_ap 0.49977462628648067
    epoch 34: loss 0.5837647604591706, minutes 1.67, val_ap 0.48829695969255
    epoch 35: loss 0.5584712805993417, minutes 1.72, val_ap 0.5096721081097032
    epoch 36: loss 0.5621573166812167, minutes 1.77, val_ap 0.5078793406021553
    epoch 37: loss 0.5705814782310935, minutes 1.82, val_ap 0.5009498143562642
    epoch 38: loss 0.5549533304046183, minutes 1.87, val_ap 0.4979270358607048
    epoch 39: loss 0.5554881367613288, minutes 1.92, val_ap 0.5027256829046137
    epoch 40: loss 0.5517631211701561, minutes 1.97, val_ap 0.4976633571384334
    epoch 41: loss 0.5532052858787424, minutes 2.02, val_ap 0.51098255070545
    epoch 42: loss 0.5628508149701006, minutes 2.07, val_ap 0.5131801287780411
    epoch 43: loss 0.5444342180210001, minutes 2.12, val_ap 0.5100935899216182
    epoch 44: loss 0.5508210900951834, minutes 2.17, val_ap 0.5173412212099753
    epoch 45: loss 0.5463623773525743, minutes 2.22, val_ap 0.5152241458629101
    epoch 46: loss 0.5391079822007347, minutes 2.27, val_ap 0.5230409290545998
    epoch 47: loss 0.535678812510827, minutes 2.32, val_ap 0.5198468951711597
    epoch 48: loss 0.5304881435983321, minutes 2.37, val_ap 0.5158888265500476
    epoch 49: loss 0.5325245319043889, minutes 2.42, val_ap 0.5189534876250255
    epoch 50: loss 0.5243188362787752, minutes 2.47, val_ap 0.5163991511450613
    epoch 51: loss 0.521627752570545, minutes 2.52, val_ap 0.5161264968154785
    epoch 52: loss 0.5166390795918072, minutes 2.56, val_ap 0.5002526497336676
    epoch 53: loss 0.5240777781781029, minutes 2.61, val_ap 0.523731537657763
    epoch 54: loss 0.5102358258822385, minutes 2.66, val_ap 0.5256864706141744
    epoch 55: loss 0.51656735013513, minutes 2.71, val_ap 0.5229354957246113
    epoch 56: loss 0.49413915784919965, minutes 2.76, val_ap 0.5271971451482519
    epoch 57: loss 0.5019048773190554, minutes 2.81, val_ap 0.5206394762592625
    epoch 58: loss 0.4997097532538807, minutes 2.86, val_ap 0.5324791714642116
    epoch 59: loss 0.5001461621593026, minutes 2.91, val_ap 0.5256242490299537
    epoch 60: loss 0.5081476462237975, minutes 2.96, val_ap 0.5437572878830766
    epoch 61: loss 0.49715736035038444, minutes 3.01, val_ap 0.5303338236693154
    epoch 62: loss 0.4870413792483947, minutes 3.06, val_ap 0.5463153066053104
    epoch 63: loss 0.49682871594148525, minutes 3.11, val_ap 0.5199799665010463
    epoch 64: loss 0.4913736420519212, minutes 3.16, val_ap 0.5333510578190801
    epoch 65: loss 0.49742374674362294, minutes 3.21, val_ap 0.5333892838402557
    epoch 66: loss 0.5043106980183545, minutes 3.26, val_ap 0.5354954680421395
    epoch 67: loss 0.4904582095496795, minutes 3.31, val_ap 0.5239503736655325
    epoch 68: loss 0.4968023287022815, minutes 3.36, val_ap 0.528847069911301
    epoch 69: loss 0.47798404421876456, minutes 3.41, val_ap 0.5317345149786494
    epoch 70: loss 0.48966478985898637, minutes 3.46, val_ap 0.5336530058729962
    epoch 71: loss 0.4886325561824967, minutes 3.51, val_ap 0.5161094811997651
    epoch 72: loss 0.4903819773127051, minutes 3.56, val_ap 0.534556760936892
    epoch 73: loss 0.47778192390413843, minutes 3.61, val_ap 0.5004465663254106
    epoch 74: loss 0.4795205501949086, minutes 3.66, val_ap 0.5147916885531006
    epoch 75: loss 0.49697166576105006, minutes 3.71, val_ap 0.5148172305664251
    epoch 76: loss 0.4727400829686838, minutes 3.76, val_ap 0.5360078315677028
    epoch 77: loss 0.4723064778482213, minutes 3.81, val_ap 0.5340835469480225
    epoch 78: loss 0.46960137398803936, minutes 3.86, val_ap 0.5268119474646114
    epoch 79: loss 0.4591866591397454, minutes 3.91, val_ap 0.5143368984385567
    epoch 80: loss 0.4763892897788216, minutes 3.96, val_ap 0.5313716749391689
    epoch 81: loss 0.4671650151996052, minutes 4.01, val_ap 0.5307651564487862
    epoch 82: loss 0.45587728838710223, minutes 4.06, val_ap 0.5074138429970986
    epoch 83: loss 0.4568260707399424, minutes 4.11, val_ap 0.5061542193599392
    epoch 84: loss 0.4577148370006505, minutes 4.16, val_ap 0.5188012228562682
    epoch 85: loss 0.45880723297595977, minutes 4.21, val_ap 0.5105479375962458
    epoch 86: loss 0.442404202941586, minutes 4.26, val_ap 0.5087031778074361
    epoch 87: loss 0.47451560269383825, minutes 4.31, val_ap 0.5345114156323201
    epoch 88: loss 0.4491710421793601, minutes 4.36, val_ap 0.5325847477786196
    epoch 89: loss 0.4545176137896145, minutes 4.4, val_ap 0.5448420834960773
    epoch 90: loss 0.44622529534732597, minutes 4.45, val_ap 0.5352120857222035
    epoch 91: loss 0.44615085677188987, minutes 4.5, val_ap 0.5106743134551895
    stopping: no validation gain in 30 epochs
  [dataset0 fold 0] network on 49,685 sites, scoring 90,552
    epoch 1: loss 1.027852985748025, minutes 0.05, val_ap 0.36171042052671526
    epoch 2: loss 0.8514170385030813, minutes 0.1, val_ap 0.4165628139735751
    epoch 3: loss 0.8176668294987013, minutes 0.15, val_ap 0.43308505411396114
    epoch 4: loss 0.7876533183247544, minutes 0.21, val_ap 0.4391879905931333
    epoch 5: loss 0.7737506144615107, minutes 0.26, val_ap 0.4491869315651004
    epoch 6: loss 0.7549311631294184, minutes 0.31, val_ap 0.45033172352254164
    epoch 7: loss 0.7390218439490296, minutes 0.37, val_ap 0.4613533743023353
    epoch 8: loss 0.7315960552456767, minutes 0.44, val_ap 0.45626573564971595
    epoch 9: loss 0.7257725968956947, minutes 0.5, val_ap 0.448346397766396
    epoch 10: loss 0.714303681496964, minutes 0.56, val_ap 0.4721476994000814
    epoch 11: loss 0.693275605003501, minutes 0.63, val_ap 0.46306841305534335
    epoch 12: loss 0.6970991537321446, minutes 0.69, val_ap 0.4719749596615544
    epoch 13: loss 0.690958363892034, minutes 0.76, val_ap 0.4643306233712829
    epoch 14: loss 0.672427938428036, minutes 0.83, val_ap 0.47256103179217424
    epoch 15: loss 0.6874956876732582, minutes 0.9, val_ap 0.4797332523443891
    epoch 16: loss 0.6787635117422702, minutes 0.96, val_ap 0.4894236325243494
    epoch 17: loss 0.6784136253733968, minutes 1.03, val_ap 0.4808830637921905
    epoch 18: loss 0.6739419790547948, minutes 1.11, val_ap 0.47368491897995035
    epoch 19: loss 0.654669194027435, minutes 1.18, val_ap 0.4793579237275928
    epoch 20: loss 0.6573411169093709, minutes 1.25, val_ap 0.489792824018555
    epoch 21: loss 0.6458854294100473, minutes 1.32, val_ap 0.48788786074435875
    epoch 22: loss 0.6552969303935073, minutes 1.39, val_ap 0.48428727030846064
    epoch 23: loss 0.6459344881911611, minutes 1.45, val_ap 0.4904950397701962
    epoch 24: loss 0.6450080587420353, minutes 1.51, val_ap 0.48354747130546344
    epoch 25: loss 0.6524763505819232, minutes 1.58, val_ap 0.4959827611622968
    epoch 26: loss 0.6388500393476597, minutes 1.65, val_ap 0.4886345044998593
    epoch 27: loss 0.6272891943537912, minutes 1.71, val_ap 0.48722206585775835
    epoch 28: loss 0.6357330835835878, minutes 1.78, val_ap 0.49037076349779124
    epoch 29: loss 0.6304395984598371, minutes 1.84, val_ap 0.49999536768677266
    epoch 30: loss 0.6229798126705858, minutes 1.91, val_ap 0.5001702697366437
    epoch 31: loss 0.6104041921884514, minutes 1.97, val_ap 0.5101663493477129
    epoch 32: loss 0.6256673764004264, minutes 2.03, val_ap 0.5099046704180398
    epoch 33: loss 0.6214706772981688, minutes 2.09, val_ap 0.5088453740402231
    epoch 34: loss 0.6029365549600402, minutes 2.15, val_ap 0.500828753107782
    epoch 35: loss 0.597907345308814, minutes 2.22, val_ap 0.5198642185334115
    epoch 36: loss 0.6002308894381967, minutes 2.28, val_ap 0.5109015814374246
    epoch 37: loss 0.6062040268335231, minutes 2.35, val_ap 0.5053818291226022
    epoch 38: loss 0.5989657548624415, minutes 2.41, val_ap 0.5188553069327196
    epoch 39: loss 0.6000540421106094, minutes 2.48, val_ap 0.5249270953577423
    epoch 40: loss 0.5832459654572398, minutes 2.55, val_ap 0.5183714754597057
    epoch 41: loss 0.5843507938606795, minutes 2.61, val_ap 0.5155497439611242
    epoch 42: loss 0.5882043032798656, minutes 2.68, val_ap 0.5196644735456897
    epoch 43: loss 0.5888737618576648, minutes 2.75, val_ap 0.5166879323847424
    epoch 44: loss 0.5785976386694021, minutes 2.81, val_ap 0.5078552853329373
    epoch 45: loss 0.5806974103284437, minutes 2.88, val_ap 0.5339421421132197
    epoch 46: loss 0.5825080823066623, minutes 2.94, val_ap 0.5188035175179182
    epoch 47: loss 0.5856577125053073, minutes 3.01, val_ap 0.5247648864809494
    epoch 48: loss 0.5724741169359795, minutes 3.07, val_ap 0.5295346279096952
    epoch 49: loss 0.5599180049327916, minutes 3.16, val_ap 0.5214931148671117
    epoch 50: loss 0.5560492665268654, minutes 3.25, val_ap 0.5166320449173458
    epoch 51: loss 0.5595331774201504, minutes 3.32, val_ap 0.5110869307711545
    epoch 52: loss 0.5580292421198169, minutes 3.39, val_ap 0.5217514526494473
    epoch 53: loss 0.5612828627575276, minutes 3.46, val_ap 0.5300222649571149
    epoch 54: loss 0.5619206002285314, minutes 3.52, val_ap 0.5159239642408908
    epoch 55: loss 0.5609239528692046, minutes 3.59, val_ap 0.5122810115147377
    epoch 56: loss 0.5567946006045785, minutes 3.65, val_ap 0.496698719591241
    epoch 57: loss 0.5603419978951298, minutes 3.71, val_ap 0.5154891371478627
    epoch 58: loss 0.5542028726533402, minutes 3.77, val_ap 0.5095641306384464
    epoch 59: loss 0.5512467915582102, minutes 3.83, val_ap 0.5146625201584272
    epoch 60: loss 0.5372694437933523, minutes 3.9, val_ap 0.5192320010597947
    epoch 61: loss 0.5466577201042064, minutes 3.97, val_ap 0.5309710790033438
    epoch 62: loss 0.5461368832823842, minutes 4.05, val_ap 0.5266423540248736
    epoch 63: loss 0.5432954823901487, minutes 4.12, val_ap 0.5340194273729408
    epoch 64: loss 0.5318667538637338, minutes 4.19, val_ap 0.5151996284008029
    epoch 65: loss 0.5350798974896587, minutes 4.27, val_ap 0.5188428640088406
    epoch 66: loss 0.5258309253773024, minutes 4.35, val_ap 0.5250733932042819
    epoch 67: loss 0.533262889399085, minutes 4.41, val_ap 0.5170415807965077
    epoch 68: loss 0.5325645277666491, minutes 4.48, val_ap 0.5205496803075065
    epoch 69: loss 0.5328146051182303, minutes 4.55, val_ap 0.5158887283305018
    epoch 70: loss 0.5333866563647293, minutes 4.62, val_ap 0.5273400898711033
    epoch 71: loss 0.5196961858418099, minutes 4.69, val_ap 0.4972884599248347
    epoch 72: loss 0.5184806062038555, minutes 4.75, val_ap 0.5245984411277057
    epoch 73: loss 0.5331056421232778, minutes 4.82, val_ap 0.5024029826856934
    epoch 74: loss 0.5205025704101075, minutes 4.88, val_ap 0.5027040481309111
    epoch 75: loss 0.5263008646840273, minutes 4.94, val_ap 0.5329581198910922
    epoch 76: loss 0.5134638875376346, minutes 5.01, val_ap 0.5244009964427785
    epoch 77: loss 0.5182444422917311, minutes 5.07, val_ap 0.511879564979264
    epoch 78: loss 0.5114817816850751, minutes 5.14, val_ap 0.5123740938696562
    epoch 79: loss 0.5144308342836624, minutes 5.2, val_ap 0.5138923982342679
    epoch 80: loss 0.5012270539652469, minutes 5.27, val_ap 0.5197346813706609
    epoch 81: loss 0.49329534190338714, minutes 5.33, val_ap 0.5292515739727435
    epoch 82: loss 0.4969154792989409, minutes 5.4, val_ap 0.5246618021638647
    epoch 83: loss 0.4974770206351613, minutes 5.47, val_ap 0.5168351571012062
    epoch 84: loss 0.4940700790043487, minutes 5.53, val_ap 0.5210167956208901
    epoch 85: loss 0.49094488575708034, minutes 5.6, val_ap 0.5086462768370367
    epoch 86: loss 0.5121568273319754, minutes 5.66, val_ap 0.5216114843824778
    epoch 87: loss 0.48891729021141694, minutes 5.71, val_ap 0.5200036093970836
    epoch 88: loss 0.4944605341311111, minutes 5.77, val_ap 0.5075940194609174
    epoch 89: loss 0.49572347953569057, minutes 5.82, val_ap 0.5069892152260776
    epoch 90: loss 0.4884290121668993, minutes 5.88, val_ap 0.48638862752271994
    epoch 91: loss 0.4895510765355687, minutes 5.94, val_ap 0.4963384281202264
    epoch 92: loss 0.4855652505228686, minutes 6.0, val_ap 0.49356854467775013
    stopping: no validation gain in 30 epochs
  [dataset0 fold 0] done (10.9 min)
  [pooled_both fold 0] network on 82,876 sites, scoring 129,414
    epoch 1: loss 1.0381568378311092, minutes 0.09, val_ap 0.3660051370324431
    epoch 2: loss 0.9105454995470532, minutes 0.18, val_ap 0.3715334662908846
    epoch 3: loss 0.87630661119849, minutes 0.27, val_ap 0.383640934286883
    epoch 4: loss 0.8639783038931378, minutes 0.36, val_ap 0.38326906494446905
    epoch 5: loss 0.8545006438837213, minutes 0.45, val_ap 0.3840333545094658
    epoch 6: loss 0.8467399425425772, minutes 0.54, val_ap 0.38993299497604494
    epoch 7: loss 0.8357574730606402, minutes 0.63, val_ap 0.39099721286477945
    epoch 8: loss 0.8320301060959444, minutes 0.72, val_ap 0.39583749829176457
    epoch 9: loss 0.8218499919115487, minutes 0.81, val_ap 0.3994156912436722
    epoch 10: loss 0.8264328119108233, minutes 0.9, val_ap 0.3925303179558416
    epoch 11: loss 0.8258535693257542, minutes 1.01, val_ap 0.3998361070241065
    epoch 12: loss 0.8185167135828633, minutes 1.1, val_ap 0.39826178490430375
    epoch 13: loss 0.8158796498330972, minutes 1.2, val_ap 0.40141668805910435
    epoch 14: loss 0.8107569441956989, minutes 1.3, val_ap 0.40675503492809256
    epoch 15: loss 0.8242560584666365, minutes 1.39, val_ap 0.40558381972521673
    epoch 16: loss 0.8056347014540333, minutes 1.48, val_ap 0.40471329011221613
    epoch 17: loss 0.7979148076752485, minutes 1.56, val_ap 0.40637758939373453
    epoch 18: loss 0.8074761228036073, minutes 1.65, val_ap 0.4037575056838283
    epoch 19: loss 0.807004966069076, minutes 1.74, val_ap 0.41256205683152086
    epoch 20: loss 0.7870092057575614, minutes 1.83, val_ap 0.4141309957055299
    epoch 21: loss 0.7882803398673818, minutes 1.91, val_ap 0.4078403394844468
    epoch 22: loss 0.7873781124414023, minutes 2.0, val_ap 0.4128168733831275
    epoch 23: loss 0.7808617991916204, minutes 2.09, val_ap 0.40855002482173075
    epoch 24: loss 0.7782327405476974, minutes 2.18, val_ap 0.41021132787839926
    epoch 25: loss 0.7839198636806617, minutes 2.26, val_ap 0.41283307410583964
    epoch 26: loss 0.7722491640660722, minutes 2.35, val_ap 0.4058709132236536
    epoch 27: loss 0.7720144606242746, minutes 2.45, val_ap 0.4197254963725789
    epoch 28: loss 0.768600319704767, minutes 2.56, val_ap 0.4178326884816793
    epoch 29: loss 0.7633700918343107, minutes 2.66, val_ap 0.4253210832336961
    epoch 30: loss 0.7602751281301854, minutes 2.76, val_ap 0.4187157455875918
    epoch 31: loss 0.7592505733845598, minutes 2.87, val_ap 0.416024120670563
    epoch 32: loss 0.7585955871363818, minutes 2.98, val_ap 0.4136676129745289
    epoch 33: loss 0.7568911037202609, minutes 3.09, val_ap 0.4237940656884573
    epoch 34: loss 0.7494775354862213, minutes 3.21, val_ap 0.42623488946241195
    epoch 35: loss 0.7439065157862033, minutes 3.32, val_ap 0.4248886847630354
    epoch 36: loss 0.7438398124807972, minutes 3.44, val_ap 0.4179034338105725
    epoch 37: loss 0.7469663263377496, minutes 3.55, val_ap 0.4131619371621185
    epoch 38: loss 0.7424340348122483, minutes 3.67, val_ap 0.41876478556015895
    epoch 39: loss 0.7346927675150209, minutes 3.78, val_ap 0.41262376126610023
    epoch 40: loss 0.7434517098685443, minutes 3.89, val_ap 0.4232727331275841
    epoch 41: loss 0.7433296674388951, minutes 4.0, val_ap 0.41229509107072637
    epoch 42: loss 0.7471910290798899, minutes 4.11, val_ap 0.42100920885698284
    epoch 43: loss 0.7356655363309181, minutes 4.22, val_ap 0.42171640178576114
    epoch 44: loss 0.7281090947531037, minutes 4.33, val_ap 0.41791455622772794
    epoch 45: loss 0.7259817636114055, minutes 4.44, val_ap 0.434128357062107
    epoch 46: loss 0.7211292015799021, minutes 4.55, val_ap 0.42670796038591047
    epoch 47: loss 0.7196163960432602, minutes 4.67, val_ap 0.43286271449636815
    epoch 48: loss 0.7247085175271761, minutes 4.79, val_ap 0.4238098804314057
    epoch 49: loss 0.718730167413162, minutes 4.9, val_ap 0.42614818577751573
    epoch 50: loss 0.7136039736917463, minutes 5.0, val_ap 0.42026656099749016
    epoch 51: loss 0.7084680768392854, minutes 5.11, val_ap 0.4388972791267414
    epoch 52: loss 0.7112388298673145, minutes 5.21, val_ap 0.4370011009631444
    epoch 53: loss 0.7102325434401884, minutes 5.32, val_ap 0.42761630763731406
    epoch 54: loss 0.7152619808407154, minutes 5.43, val_ap 0.4370982651506902
    epoch 55: loss 0.7048119350005004, minutes 5.53, val_ap 0.4306709296499639
    epoch 56: loss 0.7066257053512638, minutes 5.65, val_ap 0.4176280859765311
    epoch 57: loss 0.6957368985071021, minutes 5.77, val_ap 0.43354234332040914
    epoch 58: loss 0.697869078890752, minutes 5.9, val_ap 0.4367059307499499
    epoch 59: loss 0.6973944647837493, minutes 6.02, val_ap 0.4429820522352047
    epoch 60: loss 0.6871131119081529, minutes 6.13, val_ap 0.42252479120943737
    epoch 61: loss 0.6935087044360274, minutes 6.26, val_ap 0.43187198961577006
    epoch 62: loss 0.6972966526524496, minutes 6.38, val_ap 0.42836906282072496
    epoch 63: loss 0.687044962078838, minutes 6.48, val_ap 0.42232300943056983
    epoch 64: loss 0.6844939560203229, minutes 6.59, val_ap 0.43631006849325465
    epoch 65: loss 0.6811713505599458, minutes 6.71, val_ap 0.4273572728353003
    epoch 66: loss 0.6796937877848998, minutes 6.82, val_ap 0.41910959162992883
    epoch 67: loss 0.6799217432232226, minutes 6.93, val_ap 0.4225504878544579
    epoch 68: loss 0.6827756367497525, minutes 7.05, val_ap 0.4355175629762477
    epoch 69: loss 0.6777083590879278, minutes 7.17, val_ap 0.4171592401658346
    epoch 70: loss 0.6825062648724701, minutes 7.28, val_ap 0.4267292277267545
    epoch 71: loss 0.6805322629920507, minutes 7.39, val_ap 0.4154363571090186
    epoch 72: loss 0.6699989137002977, minutes 7.5, val_ap 0.41709677105188797
    epoch 73: loss 0.6775509516061362, minutes 7.62, val_ap 0.4177183341220296
    epoch 74: loss 0.6720958602125362, minutes 7.73, val_ap 0.42375017336010445
    epoch 75: loss 0.664879211278285, minutes 7.83, val_ap 0.4272204239251046
    epoch 76: loss 0.6679451485811654, minutes 7.94, val_ap 0.43399521061444835
    epoch 77: loss 0.6600524185441475, minutes 8.0, val_ap 0.4357255862723375
  [pooled_both fold 0] network on 86,701 sites, scoring 125,589
    epoch 1: loss 1.055350504048243, minutes 0.11, val_ap 0.34390016793153066
    epoch 2: loss 0.9295259137882347, minutes 0.23, val_ap 0.3673843417853064
    epoch 3: loss 0.8915531439242569, minutes 0.34, val_ap 0.3828398835669322
    epoch 4: loss 0.8728338630492505, minutes 0.45, val_ap 0.3900514443166066
    epoch 5: loss 0.8713236465010532, minutes 0.55, val_ap 0.3874546216663096
    epoch 6: loss 0.8537052042064477, minutes 0.65, val_ap 0.3904459703731961
    epoch 7: loss 0.8531619724245166, minutes 0.74, val_ap 0.3931660816941604
    epoch 8: loss 0.8451950059974709, minutes 0.84, val_ap 0.4058908282695788
    epoch 9: loss 0.835167355513652, minutes 0.93, val_ap 0.4019452822550358
    epoch 10: loss 0.8311926438364872, minutes 1.03, val_ap 0.4025012608292436
    epoch 11: loss 0.8324024261430253, minutes 1.13, val_ap 0.4070689108192055
    epoch 12: loss 0.824830986039583, minutes 1.23, val_ap 0.4145669384605064
    epoch 13: loss 0.8228449288792784, minutes 1.33, val_ap 0.422841015603966
    epoch 14: loss 0.8135875980323335, minutes 1.43, val_ap 0.4210536529332511
    epoch 15: loss 0.8104832738736936, minutes 1.53, val_ap 0.4284698075702797
    epoch 16: loss 0.8040960555852845, minutes 1.62, val_ap 0.4249313576942474
    epoch 17: loss 0.7986802383514734, minutes 1.72, val_ap 0.42900152632141314
    epoch 18: loss 0.7972842180649704, minutes 1.82, val_ap 0.437004427346805
    epoch 19: loss 0.7915111375211481, minutes 1.91, val_ap 0.43241541239143955
    epoch 20: loss 0.7917888271452185, minutes 2.01, val_ap 0.43177523514225424
    epoch 21: loss 0.7868700032416373, minutes 2.1, val_ap 0.43831671938861894
    epoch 22: loss 0.7862513120784316, minutes 2.2, val_ap 0.4399320051951383
    epoch 23: loss 0.7803778257282865, minutes 2.28, val_ap 0.4294593524950632
    epoch 24: loss 0.7776594886748102, minutes 2.37, val_ap 0.43549240304227144
    epoch 25: loss 0.7722926702214238, minutes 2.46, val_ap 0.43407886942783386
    epoch 26: loss 0.7667460277231033, minutes 2.55, val_ap 0.44002170042590066
    epoch 27: loss 0.7656811572784601, minutes 2.64, val_ap 0.4378763826465428
    epoch 28: loss 0.7661025545921832, minutes 2.73, val_ap 0.43870368657967695
    epoch 29: loss 0.7617890537775236, minutes 2.82, val_ap 0.44098976110942956
    epoch 30: loss 0.7578739479332667, minutes 2.91, val_ap 0.45502564479753893
    epoch 31: loss 0.7542386863912854, minutes 2.99, val_ap 0.4518275028712704
    epoch 32: loss 0.7558540022650431, minutes 3.08, val_ap 0.44536013660830404
    epoch 33: loss 0.7433420756330522, minutes 3.17, val_ap 0.4321121914918376
    epoch 34: loss 0.7496259083779547, minutes 3.26, val_ap 0.44928295510579663
    epoch 35: loss 0.7466703749376278, minutes 3.35, val_ap 0.4438476910424101
    epoch 36: loss 0.7436452531735367, minutes 3.44, val_ap 0.43684711687898525
    epoch 37: loss 0.7473533097097644, minutes 3.53, val_ap 0.45540871559805773
    epoch 38: loss 0.737341232177031, minutes 3.61, val_ap 0.44075976761984104
    epoch 39: loss 0.7336924239448535, minutes 3.71, val_ap 0.44746802574185957
    epoch 40: loss 0.7302464602199503, minutes 3.8, val_ap 0.4480896341300333
    epoch 41: loss 0.7227476662971649, minutes 3.9, val_ap 0.4444225327017444
    epoch 42: loss 0.7271992658261841, minutes 3.99, val_ap 0.45065151971697653
    epoch 43: loss 0.7237181265488811, minutes 4.1, val_ap 0.452293745784973
    epoch 44: loss 0.724982246410015, minutes 4.19, val_ap 0.44622228440678574
    epoch 45: loss 0.7204541222399652, minutes 4.28, val_ap 0.4405530369545628
    epoch 46: loss 0.7191235120114298, minutes 4.38, val_ap 0.43968376478846066
    epoch 47: loss 0.7167483135513293, minutes 4.47, val_ap 0.44338240611267693
    epoch 48: loss 0.711336766861602, minutes 4.56, val_ap 0.4382794237020704
    epoch 49: loss 0.7086933500742991, minutes 4.65, val_ap 0.44664820832822905
    epoch 50: loss 0.7102248650848667, minutes 4.74, val_ap 0.44875395758248937
    epoch 51: loss 0.7044980810132138, minutes 4.83, val_ap 0.43259129533141755
    epoch 52: loss 0.7049996112272193, minutes 4.92, val_ap 0.4496845631308122
    epoch 53: loss 0.7088544761817717, minutes 5.01, val_ap 0.44568915105016094
    epoch 54: loss 0.708286281241927, minutes 5.1, val_ap 0.4327936888088745
    epoch 55: loss 0.6985431021432148, minutes 5.18, val_ap 0.4517304635560665
    epoch 56: loss 0.6938942683693579, minutes 5.28, val_ap 0.4341018052078259
    epoch 57: loss 0.6959128504575685, minutes 5.37, val_ap 0.4443952956737027
    epoch 58: loss 0.6944267655725891, minutes 5.45, val_ap 0.43739141651117397
    epoch 59: loss 0.6934267911206052, minutes 5.54, val_ap 0.44232978828377895
    epoch 60: loss 0.6856747037944604, minutes 5.63, val_ap 0.4470189454447178
    epoch 61: loss 0.6972563402399272, minutes 5.72, val_ap 0.45175938582890574
    epoch 62: loss 0.6829889648380469, minutes 5.81, val_ap 0.44280911986439353
    epoch 63: loss 0.6834914206072341, minutes 5.9, val_ap 0.44228210583390876
    epoch 64: loss 0.6877797862818075, minutes 5.99, val_ap 0.4294163045562163
    epoch 65: loss 0.6716371423184277, minutes 6.08, val_ap 0.4311832264935898
    epoch 66: loss 0.6708886370904422, minutes 6.17, val_ap 0.4469823668145751
    epoch 67: loss 0.6777733327740451, minutes 6.25, val_ap 0.4565137015761127
    epoch 68: loss 0.6684990749010612, minutes 6.34, val_ap 0.4443262909679588
    epoch 69: loss 0.6812309822766884, minutes 6.42, val_ap 0.4442429902916727
    epoch 70: loss 0.6711190014186491, minutes 6.51, val_ap 0.44575410941524646
    epoch 71: loss 0.6730931191349346, minutes 6.59, val_ap 0.4330105326821295
    epoch 72: loss 0.6656273458883216, minutes 6.68, val_ap 0.4441652898723487
    epoch 73: loss 0.6641838619875353, minutes 6.76, val_ap 0.44041876456180173
    epoch 74: loss 0.6662362542659341, minutes 6.83, val_ap 0.4437855010973574
    epoch 75: loss 0.6620585107526114, minutes 6.91, val_ap 0.43599100830632137
    epoch 76: loss 0.652622273495031, minutes 6.99, val_ap 0.4325111649942399
    epoch 77: loss 0.662717151384417, minutes 7.07, val_ap 0.4284148855331629
    epoch 78: loss 0.6546731830831382, minutes 7.15, val_ap 0.434432936199266
    epoch 79: loss 0.6486608488021103, minutes 7.23, val_ap 0.4424315997312821
    epoch 80: loss 0.6495490431587562, minutes 7.31, val_ap 0.4355752525957402
    epoch 81: loss 0.6512361947088147, minutes 7.38, val_ap 0.4403429825177188
    epoch 82: loss 0.6476330683872945, minutes 7.46, val_ap 0.4320483483230984
    epoch 83: loss 0.6557926773232875, minutes 7.54, val_ap 0.4297836634005341
    epoch 84: loss 0.6566880657229313, minutes 7.62, val_ap 0.4317627634112958
    epoch 85: loss 0.6544145494204423, minutes 7.7, val_ap 0.4374362536305228
    epoch 86: loss 0.647326794573635, minutes 7.78, val_ap 0.43867880490521416
    epoch 87: loss 0.6479684813474104, minutes 7.85, val_ap 0.4352396589182474
    epoch 88: loss 0.6409062265953749, minutes 7.93, val_ap 0.43666292404178053
    epoch 89: loss 0.6565410982478749, minutes 8.0, val_ap 0.41220212593472233
  [pooled_both fold 0] done (16.2 min)
