loaded: dataset0 121,838 sites, data1 90,452
[h2gcn_aux_r400 dataset0 fold 0 seed 1]
    epoch 1: loss 1.9633, val_ap 0.1753, minutes 0.5, lr 3.33e-04
    epoch 2: loss 1.5796, val_ap 0.2844, minutes 1.0, lr 6.59e-04
    epoch 3: loss 1.3575, val_ap 0.4323, minutes 1.48, lr 9.88e-04
    epoch 4: loss 1.2223, val_ap 0.4758, minutes 2.03, lr 1.00e-03
    epoch 5: loss 1.1187, val_ap 0.4830, minutes 2.55, lr 1.00e-03
    epoch 6: loss 1.0833, val_ap 0.4949, minutes 3.06, lr 1.00e-03
    epoch 7: loss 1.1026, val_ap 0.4971, minutes 3.55, lr 1.00e-03
    epoch 8: loss 1.0174, val_ap 0.5110, minutes 4.05, lr 1.00e-03
    epoch 9: loss 1.0099, val_ap 0.5172, minutes 4.54, lr 1.00e-03
    epoch 10: loss 0.9662, val_ap 0.5245, minutes 5.05, lr 1.00e-03
    epoch 11: loss 0.9503, val_ap 0.5296, minutes 5.57, lr 1.00e-03
    epoch 12: loss 0.9410, val_ap 0.5230, minutes 6.08, lr 1.00e-03
    epoch 13: loss 0.9585, val_ap 0.5177, minutes 6.6, lr 1.00e-03
    epoch 14: loss 0.9161, val_ap 0.5458, minutes 7.09, lr 1.00e-03
    epoch 15: loss 0.9235, val_ap 0.5280, minutes 7.56, lr 1.00e-03
    epoch 16: loss 0.9182, val_ap 0.5354, minutes 8.07, lr 1.00e-03
    epoch 17: loss 0.9080, val_ap 0.5455, minutes 8.58, lr 1.00e-03
    epoch 18: loss 0.8952, val_ap 0.5460, minutes 9.12, lr 1.00e-03
    epoch 19: loss 0.9031, val_ap 0.5445, minutes 9.67, lr 1.00e-03
    epoch 20: loss 0.9059, val_ap 0.5512, minutes 10.21, lr 1.00e-03
    epoch 21: loss 0.9052, val_ap 0.5560, minutes 10.72, lr 1.00e-03
    epoch 22: loss 0.8881, val_ap 0.5424, minutes 11.22, lr 1.00e-03
    epoch 23: loss 0.8687, val_ap 0.5404, minutes 11.76, lr 1.00e-03
    epoch 24: loss 0.8706, val_ap 0.5403, minutes 12.3, lr 1.00e-03
    epoch 25: loss 0.8874, val_ap 0.5512, minutes 12.83, lr 1.00e-03
    epoch 26: loss 0.8753, val_ap 0.5468, minutes 13.36, lr 1.00e-03
    epoch 27: loss 0.8804, val_ap 0.5483, minutes 13.88, lr 1.00e-03
    epoch 28: loss 0.8835, val_ap 0.5622, minutes 14.4, lr 1.00e-03
    epoch 29: loss 0.8495, val_ap 0.5572, minutes 14.91, lr 1.00e-03
    epoch 30: loss 0.8526, val_ap 0.5660, minutes 15.46, lr 1.00e-03
    epoch 31: loss 0.8571, val_ap 0.5662, minutes 15.97, lr 1.00e-03
    epoch 32: loss 0.8570, val_ap 0.5681, minutes 16.47, lr 1.00e-03
    epoch 33: loss 0.8426, val_ap 0.5565, minutes 17.03, lr 1.00e-03
    epoch 34: loss 0.8320, val_ap 0.5665, minutes 17.56, lr 1.00e-03
    epoch 35: loss 0.8530, val_ap 0.5590, minutes 18.08, lr 1.00e-03
    epoch 36: loss 0.8279, val_ap 0.5720, minutes 18.61, lr 1.00e-03
    epoch 37: loss 0.8433, val_ap 0.5716, minutes 19.12, lr 1.00e-03
    epoch 38: loss 0.8404, val_ap 0.5791, minutes 19.64, lr 1.00e-03
    epoch 39: loss 0.8399, val_ap 0.5761, minutes 20.14, lr 1.00e-03
    epoch 40: loss 0.8642, val_ap 0.5705, minutes 20.64, lr 1.00e-03
    epoch 41: loss 0.8601, val_ap 0.5712, minutes 21.11, lr 1.00e-03
    epoch 42: loss 0.8260, val_ap 0.5735, minutes 21.6, lr 1.00e-03
    epoch 43: loss 0.8210, val_ap 0.5737, minutes 22.09, lr 1.00e-03
    epoch 44: loss 0.8327, val_ap 0.5791, minutes 22.59, lr 1.00e-03
    epoch 45: loss 0.8106, val_ap 0.5792, minutes 23.07, lr 1.00e-03
    epoch 46: loss 0.8065, val_ap 0.5839, minutes 23.55, lr 1.00e-03
    epoch 47: loss 0.7923, val_ap 0.5767, minutes 24.06, lr 1.00e-03
    epoch 48: loss 0.7901, val_ap 0.5860, minutes 24.55, lr 1.00e-03
    epoch 49: loss 0.7877, val_ap 0.5833, minutes 25.03, lr 1.00e-03
    epoch 50: loss 0.7806, val_ap 0.5835, minutes 25.48, lr 1.00e-03
    epoch 51: loss 0.7914, val_ap 0.5911, minutes 26.01, lr 1.00e-03
    epoch 52: loss 0.7900, val_ap 0.5936, minutes 26.51, lr 1.00e-03
    epoch 53: loss 0.7798, val_ap 0.5824, minutes 27.0, lr 1.00e-03
    epoch 54: loss 0.8011, val_ap 0.5891, minutes 27.5, lr 1.00e-03
    epoch 55: loss 0.7780, val_ap 0.5915, minutes 28.02, lr 1.00e-03
    epoch 56: loss 0.7702, val_ap 0.5941, minutes 28.52, lr 1.00e-03
    epoch 57: loss 0.7813, val_ap 0.5929, minutes 29.02, lr 1.00e-03
    epoch 58: loss 0.7572, val_ap 0.5893, minutes 29.54, lr 1.00e-03
    epoch 59: loss 0.7752, val_ap 0.5949, minutes 30.05, lr 1.00e-03
    epoch 60: loss 0.8011, val_ap 0.5809, minutes 30.55, lr 1.00e-03
    epoch 61: loss 1.0202, val_ap 0.5714, minutes 31.03, lr 1.00e-03
    epoch 62: loss 0.7814, val_ap 0.5892, minutes 31.52, lr 1.00e-03
    epoch 63: loss 0.7772, val_ap 0.5935, minutes 31.97, lr 1.00e-03
    epoch 64: loss 0.7775, val_ap 0.6029, minutes 32.43, lr 1.00e-03
    epoch 65: loss 0.7544, val_ap 0.5982, minutes 32.93, lr 1.00e-03
    epoch 66: loss 0.7648, val_ap 0.5891, minutes 33.44, lr 1.00e-03
    epoch 67: loss 0.7664, val_ap 0.5997, minutes 33.92, lr 1.00e-03
    epoch 68: loss 0.7577, val_ap 0.5895, minutes 34.42, lr 1.00e-03
    epoch 69: loss 0.7469, val_ap 0.5990, minutes 34.88, lr 1.00e-03
    epoch 70: loss 0.7445, val_ap 0.5984, minutes 35.37, lr 1.00e-03
    epoch 71: loss 0.7324, val_ap 0.6034, minutes 35.84, lr 1.00e-03
    epoch 72: loss 0.7439, val_ap 0.5916, minutes 36.39, lr 1.00e-03
    epoch 73: loss 0.7597, val_ap 0.5944, minutes 36.89, lr 1.00e-03
    epoch 74: loss 0.7417, val_ap 0.5982, minutes 37.38, lr 1.00e-03
    epoch 75: loss 0.7305, val_ap 0.6068, minutes 37.88, lr 1.00e-03
    epoch 76: loss 0.7637, val_ap 0.5981, minutes 38.35, lr 1.00e-03
    epoch 77: loss 0.8373, val_ap 0.6009, minutes 38.85, lr 1.00e-03
    epoch 78: loss 0.7445, val_ap 0.6001, minutes 39.34, lr 1.00e-03
    epoch 79: loss 0.7223, val_ap 0.5981, minutes 39.86, lr 1.00e-03
    epoch 80: loss 0.7238, val_ap 0.5963, minutes 40.38, lr 1.00e-03
    epoch 81: loss 0.7337, val_ap 0.6002, minutes 40.86, lr 1.00e-03
    epoch 82: loss 0.7079, val_ap 0.6048, minutes 41.32, lr 1.00e-03
    epoch 83: loss 0.7200, val_ap 0.5995, minutes 41.8, lr 1.00e-03
    epoch 84: loss 0.7227, val_ap 0.5993, minutes 42.28, lr 5.00e-04
    epoch 85: loss 0.7080, val_ap 0.6130, minutes 42.76, lr 5.00e-04
    epoch 86: loss 0.6901, val_ap 0.6105, minutes 43.25, lr 5.00e-04
    epoch 87: loss 0.6857, val_ap 0.6085, minutes 43.77, lr 5.00e-04
    epoch 88: loss 0.6753, val_ap 0.6045, minutes 44.24, lr 5.00e-04
    epoch 89: loss 0.6781, val_ap 0.6031, minutes 44.71, lr 5.00e-04
    epoch 90: loss 0.6829, val_ap 0.6081, minutes 45.16, lr 5.00e-04
    epoch 91: loss 0.6872, val_ap 0.6065, minutes 45.66, lr 5.00e-04
    epoch 92: loss 0.6877, val_ap 0.6097, minutes 46.15, lr 5.00e-04
    epoch 93: loss 0.6828, val_ap 0.6116, minutes 46.64, lr 5.00e-04
    epoch 94: loss 0.6608, val_ap 0.6014, minutes 47.13, lr 2.50e-04
    epoch 95: loss 0.6610, val_ap 0.6061, minutes 47.64, lr 2.50e-04
    epoch 96: loss 0.6535, val_ap 0.6053, minutes 48.14, lr 2.50e-04
    epoch 97: loss 0.6455, val_ap 0.5991, minutes 48.62, lr 2.50e-04
    epoch 98: loss 0.6583, val_ap 0.6026, minutes 49.09, lr 2.50e-04
    epoch 99: loss 0.6518, val_ap 0.5952, minutes 49.6, lr 2.50e-04
    epoch 100: loss 0.6619, val_ap 0.6049, minutes 50.07, lr 2.50e-04
    epoch 101: loss 0.6559, val_ap 0.6043, minutes 50.53, lr 2.50e-04
    epoch 102: loss 0.6499, val_ap 0.6025, minutes 51.01, lr 2.50e-04
    epoch 103: loss 0.6503, val_ap 0.5968, minutes 51.5, lr 1.25e-04
    epoch 104: loss 0.6338, val_ap 0.6023, minutes 51.98, lr 1.25e-04
    epoch 105: loss 0.6431, val_ap 0.6001, minutes 52.46, lr 1.25e-04
    epoch 106: loss 0.6358, val_ap 0.6011, minutes 52.93, lr 1.25e-04
    epoch 107: loss 0.6478, val_ap 0.5979, minutes 53.42, lr 1.25e-04
    epoch 108: loss 0.6419, val_ap 0.6027, minutes 53.91, lr 1.25e-04
    epoch 109: loss 0.6338, val_ap 0.5948, minutes 54.4, lr 1.25e-04
    epoch 110: loss 0.6350, val_ap 0.5965, minutes 54.9, lr 1.25e-04
    stopping: no validation gain in 25 epochs
[h2gcn_aux_r400 dataset0 fold 0 seed 1] done (55.5 min)
