loaded: dataset0 121,838 sites, data1 90,452
[fk_band_shuffled dataset0 fold 3 seed 2]
    band weights [0.4, 0.363, 0.237] (bands ((0, 30), (30, 75), (75, 150)))
    epoch 1: loss 1.9717, val_ap 0.1468, minutes 0.47, lr 3.33e-04
    epoch 2: loss 1.5832, val_ap 0.2392, minutes 0.93, lr 6.63e-04
    epoch 3: loss 1.3696, val_ap 0.3588, minutes 1.39, lr 9.92e-04
    epoch 4: loss 1.2290, val_ap 0.4693, minutes 1.87, lr 1.00e-03
    epoch 5: loss 1.1317, val_ap 0.4998, minutes 2.37, lr 1.00e-03
    epoch 6: loss 1.0680, val_ap 0.5172, minutes 2.8, lr 1.00e-03
    epoch 7: loss 1.0443, val_ap 0.5404, minutes 3.28, lr 1.00e-03
    epoch 8: loss 1.0058, val_ap 0.5448, minutes 3.69, lr 1.00e-03
    epoch 9: loss 0.9964, val_ap 0.5639, minutes 4.2, lr 1.00e-03
    epoch 10: loss 0.9806, val_ap 0.5701, minutes 4.68, lr 1.00e-03
    epoch 11: loss 0.9501, val_ap 0.5614, minutes 5.22, lr 1.00e-03
    epoch 12: loss 0.9408, val_ap 0.5631, minutes 5.71, lr 1.00e-03
    epoch 13: loss 0.9284, val_ap 0.5673, minutes 6.23, lr 1.00e-03
    epoch 14: loss 0.9227, val_ap 0.5829, minutes 6.77, lr 1.00e-03
    epoch 15: loss 0.9035, val_ap 0.5735, minutes 7.23, lr 1.00e-03
    epoch 16: loss 0.9089, val_ap 0.5878, minutes 7.68, lr 1.00e-03
    epoch 17: loss 0.9309, val_ap 0.5870, minutes 8.22, lr 1.00e-03
    epoch 18: loss 0.8937, val_ap 0.5894, minutes 8.74, lr 1.00e-03
    epoch 19: loss 0.8986, val_ap 0.5901, minutes 9.19, lr 1.00e-03
    epoch 20: loss 0.8831, val_ap 0.5951, minutes 9.69, lr 1.00e-03
    epoch 21: loss 0.8775, val_ap 0.5904, minutes 10.17, lr 1.00e-03
    epoch 22: loss 0.8721, val_ap 0.5974, minutes 10.61, lr 1.00e-03
    epoch 23: loss 0.8806, val_ap 0.5989, minutes 11.07, lr 1.00e-03
    epoch 24: loss 0.8726, val_ap 0.6036, minutes 11.54, lr 1.00e-03
    epoch 25: loss 0.8759, val_ap 0.5928, minutes 11.99, lr 1.00e-03
    epoch 26: loss 0.8548, val_ap 0.6077, minutes 12.44, lr 1.00e-03
    epoch 27: loss 0.8381, val_ap 0.6072, minutes 12.9, lr 1.00e-03
    epoch 28: loss 0.8575, val_ap 0.6067, minutes 13.36, lr 1.00e-03
    epoch 29: loss 0.8496, val_ap 0.6124, minutes 13.82, lr 1.00e-03
    epoch 30: loss 0.8463, val_ap 0.6182, minutes 14.33, lr 1.00e-03
    epoch 31: loss 0.8379, val_ap 0.6162, minutes 14.8, lr 1.00e-03
    epoch 32: loss 0.8218, val_ap 0.6197, minutes 15.24, lr 1.00e-03
    epoch 33: loss 0.8304, val_ap 0.6115, minutes 15.7, lr 1.00e-03
    epoch 34: loss 0.8153, val_ap 0.6228, minutes 16.17, lr 1.00e-03
    epoch 35: loss 0.8147, val_ap 0.6220, minutes 16.68, lr 1.00e-03
    epoch 36: loss 0.8277, val_ap 0.6192, minutes 17.18, lr 1.00e-03
    epoch 37: loss 0.8119, val_ap 0.6157, minutes 17.69, lr 1.00e-03
    epoch 38: loss 0.8131, val_ap 0.6323, minutes 18.15, lr 1.00e-03
    epoch 39: loss 0.8041, val_ap 0.6221, minutes 18.62, lr 1.00e-03
    epoch 40: loss 0.7940, val_ap 0.6207, minutes 19.07, lr 1.00e-03
    epoch 41: loss 0.7905, val_ap 0.6222, minutes 19.5, lr 1.00e-03
    epoch 42: loss 0.7879, val_ap 0.6171, minutes 19.97, lr 1.00e-03
    epoch 43: loss 0.7819, val_ap 0.6257, minutes 20.47, lr 1.00e-03
    epoch 44: loss 0.7953, val_ap 0.6247, minutes 20.94, lr 1.00e-03
    epoch 45: loss 0.7897, val_ap 0.6419, minutes 21.4, lr 1.00e-03
    epoch 46: loss 0.7728, val_ap 0.6384, minutes 21.89, lr 1.00e-03
    epoch 47: loss 0.7873, val_ap 0.6308, minutes 22.36, lr 1.00e-03
    epoch 48: loss 0.7784, val_ap 0.6353, minutes 22.83, lr 1.00e-03
    epoch 49: loss 0.7594, val_ap 0.6412, minutes 23.31, lr 1.00e-03
    epoch 50: loss 0.7785, val_ap 0.6243, minutes 23.79, lr 1.00e-03
    epoch 51: loss 0.7756, val_ap 0.6320, minutes 24.25, lr 1.00e-03
    epoch 52: loss 0.7895, val_ap 0.6356, minutes 24.71, lr 1.00e-03
    epoch 53: loss 0.7485, val_ap 0.6305, minutes 25.16, lr 1.00e-03
    epoch 54: loss 0.7519, val_ap 0.6410, minutes 25.59, lr 5.00e-04
    epoch 55: loss 0.7443, val_ap 0.6383, minutes 26.09, lr 5.00e-04
    epoch 56: loss 0.7319, val_ap 0.6380, minutes 26.51, lr 5.00e-04
    epoch 57: loss 0.7359, val_ap 0.6404, minutes 27.0, lr 5.00e-04
    epoch 58: loss 0.7339, val_ap 0.6340, minutes 27.47, lr 5.00e-04
    epoch 59: loss 0.7313, val_ap 0.6333, minutes 27.92, lr 5.00e-04
    epoch 60: loss 0.7334, val_ap 0.6435, minutes 28.38, lr 5.00e-04
    epoch 61: loss 0.7243, val_ap 0.6425, minutes 28.85, lr 5.00e-04
    epoch 62: loss 0.7133, val_ap 0.6436, minutes 29.25, lr 5.00e-04
    epoch 63: loss 0.7264, val_ap 0.6447, minutes 29.78, lr 5.00e-04
    epoch 64: loss 0.7246, val_ap 0.6399, minutes 30.25, lr 5.00e-04
    epoch 65: loss 0.7244, val_ap 0.6403, minutes 30.7, lr 5.00e-04
    epoch 66: loss 0.7176, val_ap 0.6371, minutes 31.14, lr 5.00e-04
    epoch 67: loss 0.7208, val_ap 0.6298, minutes 31.6, lr 5.00e-04
    epoch 68: loss 0.7266, val_ap 0.6382, minutes 32.07, lr 5.00e-04
    epoch 69: loss 0.7250, val_ap 0.6367, minutes 32.52, lr 5.00e-04
    epoch 70: loss 0.7158, val_ap 0.6385, minutes 32.97, lr 5.00e-04
    epoch 71: loss 0.7167, val_ap 0.6326, minutes 33.43, lr 5.00e-04
    epoch 72: loss 0.7156, val_ap 0.6350, minutes 33.9, lr 2.50e-04
    epoch 73: loss 0.6974, val_ap 0.6364, minutes 34.34, lr 2.50e-04
    epoch 74: loss 0.6902, val_ap 0.6367, minutes 34.82, lr 2.50e-04
    epoch 75: loss 0.7029, val_ap 0.6368, minutes 35.31, lr 2.50e-04
    epoch 76: loss 0.6906, val_ap 0.6347, minutes 35.78, lr 2.50e-04
    epoch 77: loss 0.7091, val_ap 0.6309, minutes 36.24, lr 2.50e-04
    epoch 78: loss 0.7032, val_ap 0.6384, minutes 36.68, lr 2.50e-04
    epoch 79: loss 0.6828, val_ap 0.6356, minutes 37.15, lr 2.50e-04
    epoch 80: loss 0.6859, val_ap 0.6306, minutes 37.58, lr 2.50e-04
    epoch 81: loss 0.6786, val_ap 0.6265, minutes 38.02, lr 1.25e-04
    epoch 82: loss 0.6872, val_ap 0.6308, minutes 38.47, lr 1.25e-04
    epoch 83: loss 0.6734, val_ap 0.6358, minutes 38.89, lr 1.25e-04
    epoch 84: loss 0.6816, val_ap 0.6344, minutes 39.39, lr 1.25e-04
    epoch 85: loss 0.6731, val_ap 0.6326, minutes 39.82, lr 1.25e-04
    epoch 86: loss 0.6777, val_ap 0.6331, minutes 40.31, lr 1.25e-04
    epoch 87: loss 0.6801, val_ap 0.6339, minutes 40.75, lr 1.25e-04
    epoch 88: loss 0.6822, val_ap 0.6340, minutes 41.2, lr 1.25e-04
    stopping: no validation gain in 25 epochs
[fk_band_shuffled dataset0 fold 3 seed 2] done (41.9 min)
