loaded: dataset0 121,838 sites, data1 90,452
[fk_kernel dataset0 fold 2]
    kernel decay scale 108.1 nt (fitted to cell line 1 training labels)
    epoch 1: loss 1.9670, val_ap 0.1967, minutes 0.46, lr 3.33e-04
    epoch 2: loss 1.6196, val_ap 0.2981, minutes 0.94, lr 6.63e-04
    epoch 3: loss 1.3539, val_ap 0.4268, minutes 1.41, lr 9.92e-04
    epoch 4: loss 1.2017, val_ap 0.4882, minutes 1.9, lr 1.00e-03
    epoch 5: loss 1.1200, val_ap 0.5231, minutes 2.46, lr 1.00e-03
    epoch 6: loss 1.0608, val_ap 0.5545, minutes 2.93, lr 1.00e-03
    epoch 7: loss 1.0141, val_ap 0.5711, minutes 3.44, lr 1.00e-03
    epoch 8: loss 1.0135, val_ap 0.5728, minutes 3.92, lr 1.00e-03
    epoch 9: loss 1.0016, val_ap 0.5761, minutes 4.42, lr 1.00e-03
    epoch 10: loss 0.9743, val_ap 0.5784, minutes 4.9, lr 1.00e-03
    epoch 11: loss 0.9577, val_ap 0.5656, minutes 5.37, lr 1.00e-03
    epoch 12: loss 0.9457, val_ap 0.5746, minutes 5.9, lr 1.00e-03
    epoch 13: loss 0.9243, val_ap 0.5780, minutes 6.35, lr 1.00e-03
    epoch 14: loss 0.9479, val_ap 0.5784, minutes 6.8, lr 1.00e-03
    epoch 15: loss 0.9089, val_ap 0.5770, minutes 7.29, lr 1.00e-03
    epoch 16: loss 0.9085, val_ap 0.5880, minutes 7.8, lr 1.00e-03
    epoch 17: loss 0.9015, val_ap 0.5948, minutes 8.28, lr 1.00e-03
    epoch 18: loss 0.9062, val_ap 0.5843, minutes 8.76, lr 1.00e-03
    epoch 19: loss 0.8887, val_ap 0.5952, minutes 9.29, lr 1.00e-03
    epoch 20: loss 0.8874, val_ap 0.5917, minutes 9.89, lr 1.00e-03
    epoch 21: loss 0.8791, val_ap 0.5849, minutes 10.51, lr 1.00e-03
    epoch 22: loss 0.8690, val_ap 0.5913, minutes 11.11, lr 1.00e-03
    epoch 23: loss 0.8818, val_ap 0.5951, minutes 11.7, lr 1.00e-03
    epoch 24: loss 0.8758, val_ap 0.6027, minutes 12.3, lr 1.00e-03
    epoch 25: loss 0.8717, val_ap 0.5990, minutes 12.91, lr 1.00e-03
    epoch 26: loss 0.8764, val_ap 0.5892, minutes 13.54, lr 1.00e-03
    epoch 27: loss 0.8935, val_ap 0.5968, minutes 14.12, lr 1.00e-03
    epoch 28: loss 0.8640, val_ap 0.5980, minutes 14.74, lr 1.00e-03
    epoch 29: loss 0.8504, val_ap 0.5966, minutes 15.34, lr 1.00e-03
    epoch 30: loss 0.8272, val_ap 0.5922, minutes 15.95, lr 1.00e-03
    epoch 31: loss 0.8842, val_ap 0.5991, minutes 16.56, lr 1.00e-03
    epoch 32: loss 0.8782, val_ap 0.6020, minutes 17.15, lr 1.00e-03
    epoch 33: loss 0.8468, val_ap 0.5988, minutes 17.79, lr 5.00e-04
    epoch 34: loss 0.8260, val_ap 0.6015, minutes 18.38, lr 5.00e-04
    epoch 35: loss 0.8133, val_ap 0.6035, minutes 19.0, lr 5.00e-04
    epoch 36: loss 0.8239, val_ap 0.6054, minutes 19.59, lr 5.00e-04
    epoch 37: loss 0.8201, val_ap 0.6039, minutes 20.21, lr 5.00e-04
    epoch 38: loss 0.8012, val_ap 0.6066, minutes 20.8, lr 5.00e-04
    epoch 39: loss 0.8091, val_ap 0.6088, minutes 21.39, lr 5.00e-04
    epoch 40: loss 0.7832, val_ap 0.6037, minutes 22.01, lr 5.00e-04
    epoch 41: loss 0.7936, val_ap 0.6060, minutes 22.61, lr 5.00e-04
    epoch 42: loss 0.7981, val_ap 0.6083, minutes 23.21, lr 5.00e-04
    epoch 43: loss 0.7957, val_ap 0.6097, minutes 23.81, lr 5.00e-04
    epoch 44: loss 0.8015, val_ap 0.6072, minutes 24.4, lr 5.00e-04
    epoch 45: loss 0.7977, val_ap 0.6052, minutes 24.99, lr 5.00e-04
    epoch 46: loss 0.7810, val_ap 0.6163, minutes 25.57, lr 5.00e-04
    epoch 47: loss 0.7951, val_ap 0.6154, minutes 26.18, lr 5.00e-04
    epoch 48: loss 0.7850, val_ap 0.6116, minutes 26.76, lr 5.00e-04
    epoch 49: loss 0.7924, val_ap 0.6125, minutes 27.38, lr 5.00e-04
    epoch 50: loss 0.7909, val_ap 0.6130, minutes 27.97, lr 5.00e-04
    epoch 51: loss 0.7797, val_ap 0.6158, minutes 28.59, lr 5.00e-04
    epoch 52: loss 0.7873, val_ap 0.6127, minutes 29.18, lr 5.00e-04
    epoch 53: loss 0.7874, val_ap 0.6181, minutes 29.78, lr 5.00e-04
    epoch 54: loss 0.7802, val_ap 0.6129, minutes 30.39, lr 5.00e-04
    epoch 55: loss 0.7777, val_ap 0.6189, minutes 30.99, lr 5.00e-04
    epoch 56: loss 0.7857, val_ap 0.6179, minutes 31.6, lr 5.00e-04
    epoch 57: loss 0.7747, val_ap 0.6180, minutes 32.19, lr 5.00e-04
    epoch 58: loss 0.7701, val_ap 0.6201, minutes 32.78, lr 5.00e-04
    epoch 59: loss 0.7609, val_ap 0.6193, minutes 33.38, lr 5.00e-04
    epoch 60: loss 0.7706, val_ap 0.6194, minutes 33.97, lr 5.00e-04
    epoch 61: loss 0.7684, val_ap 0.6263, minutes 34.57, lr 5.00e-04
    epoch 62: loss 0.7683, val_ap 0.6163, minutes 35.17, lr 5.00e-04
    epoch 63: loss 0.7722, val_ap 0.6218, minutes 35.76, lr 5.00e-04
    epoch 64: loss 0.7602, val_ap 0.6265, minutes 36.35, lr 5.00e-04
    epoch 65: loss 0.7654, val_ap 0.6252, minutes 36.95, lr 5.00e-04
    epoch 66: loss 0.7453, val_ap 0.6231, minutes 37.55, lr 5.00e-04
    epoch 67: loss 0.7456, val_ap 0.6274, minutes 38.16, lr 5.00e-04
    epoch 68: loss 0.7409, val_ap 0.6245, minutes 38.76, lr 5.00e-04
    epoch 69: loss 0.7459, val_ap 0.6239, minutes 39.36, lr 5.00e-04
    epoch 70: loss 0.7487, val_ap 0.6202, minutes 39.99, lr 5.00e-04
    epoch 71: loss 0.7390, val_ap 0.6267, minutes 40.59, lr 5.00e-04
    epoch 72: loss 0.7463, val_ap 0.6287, minutes 41.2, lr 5.00e-04
    epoch 73: loss 0.7447, val_ap 0.6242, minutes 41.79, lr 5.00e-04
    epoch 74: loss 0.7483, val_ap 0.6274, minutes 42.39, lr 5.00e-04
    epoch 75: loss 0.7486, val_ap 0.6292, minutes 42.99, lr 5.00e-04
    epoch 76: loss 0.7384, val_ap 0.6320, minutes 43.59, lr 5.00e-04
    epoch 77: loss 0.7458, val_ap 0.6349, minutes 44.17, lr 5.00e-04
    epoch 78: loss 0.7303, val_ap 0.6291, minutes 44.76, lr 5.00e-04
    epoch 79: loss 0.7244, val_ap 0.6276, minutes 45.37, lr 5.00e-04
    epoch 80: loss 0.7257, val_ap 0.6301, minutes 45.98, lr 5.00e-04
    epoch 81: loss 0.7213, val_ap 0.6314, minutes 46.55, lr 5.00e-04
    epoch 82: loss 0.7225, val_ap 0.6228, minutes 47.15, lr 5.00e-04
    epoch 83: loss 0.7291, val_ap 0.6267, minutes 47.76, lr 5.00e-04
    epoch 84: loss 0.7231, val_ap 0.6292, minutes 48.34, lr 5.00e-04
    epoch 85: loss 0.7462, val_ap 0.6243, minutes 48.91, lr 5.00e-04
    epoch 86: loss 0.7267, val_ap 0.6264, minutes 49.51, lr 2.50e-04
    epoch 87: loss 0.7125, val_ap 0.6281, minutes 50.12, lr 2.50e-04
    epoch 88: loss 0.7049, val_ap 0.6267, minutes 50.72, lr 2.50e-04
    epoch 89: loss 0.7081, val_ap 0.6288, minutes 51.35, lr 2.50e-04
    epoch 90: loss 0.6912, val_ap 0.6242, minutes 51.94, lr 2.50e-04
    epoch 91: loss 0.7019, val_ap 0.6275, minutes 52.58, lr 2.50e-04
    epoch 92: loss 0.6980, val_ap 0.6285, minutes 53.18, lr 2.50e-04
    epoch 93: loss 0.6866, val_ap 0.6277, minutes 53.75, lr 2.50e-04
    epoch 94: loss 0.6943, val_ap 0.6256, minutes 54.37, lr 2.50e-04
    epoch 95: loss 0.6896, val_ap 0.6253, minutes 55.0, lr 1.25e-04
    epoch 96: loss 0.6855, val_ap 0.6297, minutes 55.59, lr 1.25e-04
    epoch 97: loss 0.6853, val_ap 0.6259, minutes 56.19, lr 1.25e-04
    epoch 98: loss 0.6876, val_ap 0.6256, minutes 56.78, lr 1.25e-04
    epoch 99: loss 0.6712, val_ap 0.6232, minutes 57.37, lr 1.25e-04
    epoch 100: loss 0.7072, val_ap 0.6246, minutes 57.98, lr 1.25e-04
    epoch 101: loss 0.6838, val_ap 0.6249, minutes 58.6, lr 1.25e-04
    epoch 102: loss 0.6818, val_ap 0.6266, minutes 59.13, lr 1.25e-04
    stopping: no validation gain in 25 epochs
[fk_kernel dataset0 fold 2] done (59.9 min)
