loaded: dataset0 121,838 sites, data1 90,452
[res_nodrop dataset0 fold 3 seed 1]
    kernel decay scale 113.4 nt (fitted to cell line 1 training labels)
    epoch 1: loss 1.9582, val_ap 0.1470, minutes 0.49, lr 3.33e-04
    epoch 2: loss 1.5828, val_ap 0.2459, minutes 0.98, lr 6.63e-04
    epoch 3: loss 1.3542, val_ap 0.4145, minutes 1.5, lr 9.92e-04
    epoch 4: loss 1.2169, val_ap 0.4601, minutes 1.99, lr 1.00e-03
    epoch 5: loss 1.1201, val_ap 0.5095, minutes 2.5, lr 1.00e-03
    epoch 6: loss 1.0646, val_ap 0.5241, minutes 3.02, lr 1.00e-03
    epoch 7: loss 1.0547, val_ap 0.5173, minutes 3.53, lr 1.00e-03
    epoch 8: loss 1.0140, val_ap 0.5296, minutes 4.03, lr 1.00e-03
    epoch 9: loss 1.0029, val_ap 0.5402, minutes 4.51, lr 1.00e-03
    epoch 10: loss 0.9784, val_ap 0.5589, minutes 5.01, lr 1.00e-03
    epoch 11: loss 0.9549, val_ap 0.5615, minutes 5.5, lr 1.00e-03
    epoch 12: loss 0.9483, val_ap 0.5651, minutes 5.99, lr 1.00e-03
    epoch 13: loss 0.9334, val_ap 0.5737, minutes 6.49, lr 1.00e-03
    epoch 14: loss 0.9450, val_ap 0.5684, minutes 6.96, lr 1.00e-03
    epoch 15: loss 0.9306, val_ap 0.5713, minutes 7.41, lr 1.00e-03
    epoch 16: loss 0.8972, val_ap 0.5865, minutes 7.89, lr 1.00e-03
    epoch 17: loss 0.8930, val_ap 0.5896, minutes 8.37, lr 1.00e-03
    epoch 18: loss 0.8943, val_ap 0.5817, minutes 8.87, lr 1.00e-03
    epoch 19: loss 0.8929, val_ap 0.5854, minutes 9.33, lr 1.00e-03
    epoch 20: loss 0.8704, val_ap 0.5895, minutes 9.81, lr 1.00e-03
    epoch 21: loss 0.8608, val_ap 0.5852, minutes 10.31, lr 1.00e-03
    epoch 22: loss 0.8958, val_ap 0.5995, minutes 10.8, lr 1.00e-03
    epoch 23: loss 0.8688, val_ap 0.5850, minutes 11.29, lr 1.00e-03
    epoch 24: loss 0.8782, val_ap 0.5996, minutes 11.78, lr 1.00e-03
    epoch 25: loss 0.8517, val_ap 0.5961, minutes 12.28, lr 1.00e-03
    epoch 26: loss 0.8395, val_ap 0.6021, minutes 12.8, lr 1.00e-03
    epoch 27: loss 0.8530, val_ap 0.6032, minutes 13.32, lr 1.00e-03
    epoch 28: loss 0.8572, val_ap 0.5969, minutes 13.84, lr 1.00e-03
    epoch 29: loss 0.8379, val_ap 0.6010, minutes 14.32, lr 1.00e-03
    epoch 30: loss 0.8362, val_ap 0.6075, minutes 14.82, lr 1.00e-03
    epoch 31: loss 0.8337, val_ap 0.6085, minutes 15.32, lr 1.00e-03
    epoch 32: loss 0.8457, val_ap 0.6082, minutes 15.82, lr 1.00e-03
    epoch 33: loss 0.8361, val_ap 0.6089, minutes 16.3, lr 1.00e-03
    epoch 34: loss 0.8166, val_ap 0.6193, minutes 16.81, lr 1.00e-03
    epoch 35: loss 0.8519, val_ap 0.6033, minutes 17.27, lr 1.00e-03
    epoch 36: loss 0.8237, val_ap 0.6137, minutes 17.76, lr 1.00e-03
    epoch 37: loss 0.8209, val_ap 0.6110, minutes 18.26, lr 1.00e-03
    epoch 38: loss 0.8115, val_ap 0.6164, minutes 18.77, lr 1.00e-03
    epoch 39: loss 0.8206, val_ap 0.6208, minutes 19.26, lr 1.00e-03
    epoch 40: loss 0.8090, val_ap 0.6184, minutes 19.74, lr 1.00e-03
    epoch 41: loss 0.8098, val_ap 0.6162, minutes 20.25, lr 1.00e-03
    epoch 42: loss 0.8002, val_ap 0.6266, minutes 20.75, lr 1.00e-03
    epoch 43: loss 0.7872, val_ap 0.6245, minutes 21.25, lr 1.00e-03
    epoch 44: loss 0.7933, val_ap 0.6207, minutes 21.72, lr 1.00e-03
    epoch 45: loss 0.7857, val_ap 0.6297, minutes 22.21, lr 1.00e-03
    epoch 46: loss 0.7887, val_ap 0.6213, minutes 22.71, lr 1.00e-03
    epoch 47: loss 0.7811, val_ap 0.6239, minutes 23.22, lr 1.00e-03
    epoch 48: loss 0.7853, val_ap 0.6268, minutes 23.73, lr 1.00e-03
    epoch 49: loss 0.7607, val_ap 0.6393, minutes 24.2, lr 1.00e-03
    epoch 50: loss 0.7590, val_ap 0.6308, minutes 24.73, lr 1.00e-03
    epoch 51: loss 0.7720, val_ap 0.6358, minutes 25.24, lr 1.00e-03
    epoch 52: loss 0.7858, val_ap 0.6313, minutes 25.76, lr 1.00e-03
    epoch 53: loss 0.7800, val_ap 0.6203, minutes 26.27, lr 1.00e-03
    epoch 54: loss 0.7734, val_ap 0.6359, minutes 26.73, lr 1.00e-03
    epoch 55: loss 0.7648, val_ap 0.6353, minutes 27.25, lr 1.00e-03
    epoch 56: loss 0.7791, val_ap 0.6331, minutes 27.78, lr 1.00e-03
    epoch 57: loss 0.7592, val_ap 0.6415, minutes 28.27, lr 1.00e-03
    epoch 58: loss 0.7612, val_ap 0.6414, minutes 28.79, lr 1.00e-03
    epoch 59: loss 0.7571, val_ap 0.6446, minutes 29.28, lr 1.00e-03
    epoch 60: loss 0.7491, val_ap 0.6376, minutes 29.79, lr 1.00e-03
    epoch 61: loss 0.7618, val_ap 0.6419, minutes 30.31, lr 1.00e-03
    epoch 62: loss 0.7460, val_ap 0.6434, minutes 30.79, lr 1.00e-03
    epoch 63: loss 0.7331, val_ap 0.6409, minutes 31.29, lr 1.00e-03
    epoch 64: loss 0.7364, val_ap 0.6379, minutes 31.76, lr 1.00e-03
    epoch 65: loss 0.7209, val_ap 0.6331, minutes 32.26, lr 1.00e-03
    epoch 66: loss 0.7253, val_ap 0.6450, minutes 32.74, lr 1.00e-03
    epoch 67: loss 0.7165, val_ap 0.6380, minutes 33.22, lr 1.00e-03
    epoch 68: loss 0.7357, val_ap 0.6413, minutes 33.74, lr 1.00e-03
    epoch 69: loss 0.7223, val_ap 0.6369, minutes 34.22, lr 1.00e-03
    epoch 70: loss 0.7240, val_ap 0.6348, minutes 34.71, lr 1.00e-03
    epoch 71: loss 0.7387, val_ap 0.6380, minutes 35.23, lr 1.00e-03
    epoch 72: loss 0.7222, val_ap 0.6281, minutes 35.73, lr 1.00e-03
    epoch 73: loss 0.7214, val_ap 0.6403, minutes 36.24, lr 1.00e-03
    epoch 74: loss 0.7154, val_ap 0.6362, minutes 36.78, lr 1.00e-03
    epoch 75: loss 0.7091, val_ap 0.6204, minutes 37.26, lr 5.00e-04
    epoch 76: loss 0.6981, val_ap 0.6419, minutes 37.79, lr 5.00e-04
    epoch 77: loss 0.6794, val_ap 0.6455, minutes 38.29, lr 5.00e-04
    epoch 78: loss 0.6733, val_ap 0.6412, minutes 38.78, lr 5.00e-04
    epoch 79: loss 0.6847, val_ap 0.6485, minutes 39.32, lr 5.00e-04
    epoch 80: loss 0.6892, val_ap 0.6412, minutes 39.82, lr 5.00e-04
    epoch 81: loss 0.6767, val_ap 0.6378, minutes 40.32, lr 5.00e-04
    epoch 82: loss 0.6791, val_ap 0.6376, minutes 40.8, lr 5.00e-04
    epoch 83: loss 0.6800, val_ap 0.6438, minutes 41.28, lr 5.00e-04
    epoch 84: loss 0.6862, val_ap 0.6423, minutes 41.77, lr 5.00e-04
    epoch 85: loss 0.6843, val_ap 0.6394, minutes 42.3, lr 5.00e-04
    epoch 86: loss 0.6749, val_ap 0.6414, minutes 42.82, lr 5.00e-04
    epoch 87: loss 0.6693, val_ap 0.6360, minutes 43.25, lr 5.00e-04
    epoch 88: loss 0.6645, val_ap 0.6401, minutes 43.74, lr 2.50e-04
    epoch 89: loss 0.6595, val_ap 0.6398, minutes 44.25, lr 2.50e-04
    epoch 90: loss 0.6581, val_ap 0.6397, minutes 44.76, lr 2.50e-04
    epoch 91: loss 0.6570, val_ap 0.6430, minutes 45.31, lr 2.50e-04
    epoch 92: loss 0.6457, val_ap 0.6407, minutes 45.79, lr 2.50e-04
    epoch 93: loss 0.6458, val_ap 0.6386, minutes 46.28, lr 2.50e-04
    epoch 94: loss 0.6539, val_ap 0.6427, minutes 46.78, lr 2.50e-04
    epoch 95: loss 0.6463, val_ap 0.6388, minutes 47.28, lr 2.50e-04
    epoch 96: loss 0.6500, val_ap 0.6417, minutes 47.84, lr 2.50e-04
    epoch 97: loss 0.6472, val_ap 0.6424, minutes 48.32, lr 1.25e-04
    epoch 98: loss 0.6363, val_ap 0.6419, minutes 48.8, lr 1.25e-04
    epoch 99: loss 0.6495, val_ap 0.6389, minutes 49.33, lr 1.25e-04
    epoch 100: loss 0.6452, val_ap 0.6382, minutes 49.81, lr 1.25e-04
    epoch 101: loss 0.6498, val_ap 0.6405, minutes 50.34, lr 1.25e-04
    epoch 102: loss 0.6349, val_ap 0.6408, minutes 50.84, lr 1.25e-04
    epoch 103: loss 0.6408, val_ap 0.6431, minutes 51.34, lr 1.25e-04
    epoch 104: loss 0.6384, val_ap 0.6381, minutes 51.92, lr 1.25e-04
    stopping: no validation gain in 25 epochs
[res_nodrop dataset0 fold 3 seed 1] done (52.6 min)
