loaded: dataset0 121,838 sites, data1 90,452
[h2gcn_aux_r100 dataset0 fold 2]
    epoch 1: loss 1.9670, val_ap 0.1922, minutes 0.92, lr 3.33e-04
    epoch 2: loss 1.6187, val_ap 0.2859, minutes 1.85, lr 6.63e-04
    epoch 3: loss 1.3552, val_ap 0.4158, minutes 2.77, lr 9.92e-04
    epoch 4: loss 1.2070, val_ap 0.4785, minutes 3.69, lr 1.00e-03
    epoch 5: loss 1.1260, val_ap 0.5167, minutes 4.69, lr 1.00e-03
    epoch 6: loss 1.0666, val_ap 0.5524, minutes 5.63, lr 1.00e-03
    epoch 7: loss 1.0198, val_ap 0.5595, minutes 6.57, lr 1.00e-03
    epoch 8: loss 1.0166, val_ap 0.5619, minutes 7.48, lr 1.00e-03
    epoch 9: loss 0.9898, val_ap 0.5637, minutes 8.42, lr 1.00e-03
    epoch 10: loss 0.9781, val_ap 0.5673, minutes 9.33, lr 1.00e-03
    epoch 11: loss 0.9768, val_ap 0.5478, minutes 10.24, lr 1.00e-03
    epoch 12: loss 1.0155, val_ap 0.5646, minutes 11.22, lr 1.00e-03
    epoch 13: loss 0.9282, val_ap 0.5660, minutes 12.17, lr 1.00e-03
    epoch 14: loss 0.9461, val_ap 0.5624, minutes 13.08, lr 1.00e-03
    epoch 15: loss 0.9107, val_ap 0.5567, minutes 14.0, lr 1.00e-03
    epoch 16: loss 0.9150, val_ap 0.5689, minutes 14.94, lr 1.00e-03
    epoch 17: loss 0.9055, val_ap 0.5725, minutes 15.9, lr 1.00e-03
    epoch 18: loss 0.9061, val_ap 0.5672, minutes 16.83, lr 1.00e-03
    epoch 19: loss 0.8907, val_ap 0.5770, minutes 17.76, lr 1.00e-03
    epoch 20: loss 0.8874, val_ap 0.5722, minutes 18.7, lr 1.00e-03
    epoch 21: loss 0.8993, val_ap 0.5676, minutes 19.66, lr 1.00e-03
    epoch 22: loss 0.8762, val_ap 0.5724, minutes 20.57, lr 1.00e-03
    epoch 23: loss 0.8916, val_ap 0.5715, minutes 21.5, lr 1.00e-03
    epoch 24: loss 0.8751, val_ap 0.5831, minutes 22.35, lr 1.00e-03
    epoch 25: loss 0.8673, val_ap 0.5752, minutes 23.28, lr 1.00e-03
    epoch 26: loss 0.8813, val_ap 0.5705, minutes 24.24, lr 1.00e-03
    epoch 27: loss 0.9048, val_ap 0.5801, minutes 25.22, lr 1.00e-03
    epoch 28: loss 0.8725, val_ap 0.5788, minutes 26.13, lr 1.00e-03
    epoch 29: loss 0.8571, val_ap 0.5715, minutes 27.07, lr 1.00e-03
    epoch 30: loss 0.8402, val_ap 0.5776, minutes 28.02, lr 1.00e-03
    epoch 31: loss 0.8957, val_ap 0.5796, minutes 28.95, lr 1.00e-03
    epoch 32: loss 0.9115, val_ap 0.5857, minutes 29.91, lr 1.00e-03
    epoch 33: loss 0.8588, val_ap 0.5836, minutes 30.85, lr 1.00e-03
    epoch 34: loss 0.8590, val_ap 0.5835, minutes 31.78, lr 1.00e-03
    epoch 35: loss 0.8312, val_ap 0.5925, minutes 32.74, lr 1.00e-03
    epoch 36: loss 0.8434, val_ap 0.5853, minutes 33.72, lr 1.00e-03
    epoch 37: loss 0.8380, val_ap 0.5811, minutes 34.64, lr 1.00e-03
    epoch 38: loss 0.8150, val_ap 0.5904, minutes 35.53, lr 1.00e-03
    epoch 39: loss 0.8278, val_ap 0.5979, minutes 36.46, lr 1.00e-03
    epoch 40: loss 0.7921, val_ap 0.5902, minutes 37.42, lr 1.00e-03
    epoch 41: loss 0.8288, val_ap 0.5957, minutes 38.35, lr 1.00e-03
    epoch 42: loss 0.8152, val_ap 0.5953, minutes 39.26, lr 1.00e-03
    epoch 43: loss 0.8146, val_ap 0.6011, minutes 40.18, lr 1.00e-03
    epoch 44: loss 0.8145, val_ap 0.5914, minutes 41.12, lr 1.00e-03
    epoch 45: loss 0.8170, val_ap 0.5948, minutes 42.06, lr 1.00e-03
    epoch 46: loss 0.7862, val_ap 0.6004, minutes 42.99, lr 1.00e-03
    epoch 47: loss 0.8034, val_ap 0.5999, minutes 43.9, lr 1.00e-03
    epoch 48: loss 0.7978, val_ap 0.6020, minutes 44.88, lr 1.00e-03
    epoch 49: loss 0.8085, val_ap 0.6025, minutes 45.8, lr 1.00e-03
    epoch 50: loss 0.7966, val_ap 0.6026, minutes 46.73, lr 1.00e-03
    epoch 51: loss 0.7864, val_ap 0.6028, minutes 47.61, lr 1.00e-03
    epoch 52: loss 0.7864, val_ap 0.5963, minutes 48.51, lr 1.00e-03
    epoch 53: loss 0.7902, val_ap 0.6017, minutes 49.47, lr 1.00e-03
    epoch 54: loss 0.7828, val_ap 0.5987, minutes 50.41, lr 1.00e-03
    epoch 55: loss 0.7889, val_ap 0.6015, minutes 51.36, lr 1.00e-03
    epoch 56: loss 0.7956, val_ap 0.6048, minutes 52.3, lr 1.00e-03
    epoch 57: loss 0.7745, val_ap 0.6012, minutes 53.15, lr 1.00e-03
    epoch 58: loss 0.7745, val_ap 0.6058, minutes 54.08, lr 1.00e-03
    epoch 59: loss 0.7559, val_ap 0.6035, minutes 54.98, lr 1.00e-03
    epoch 60: loss 0.7747, val_ap 0.6091, minutes 55.89, lr 1.00e-03
    epoch 61: loss 0.7673, val_ap 0.6093, minutes 56.83, lr 1.00e-03
    epoch 62: loss 0.7748, val_ap 0.6063, minutes 57.78, lr 1.00e-03
    epoch 63: loss 0.7665, val_ap 0.6032, minutes 58.78, lr 1.00e-03
    epoch 64: loss 0.7540, val_ap 0.6102, minutes 59.71, lr 1.00e-03
    epoch 65: loss 0.7462, val_ap 0.6110, minutes 60.62, lr 1.00e-03
    epoch 66: loss 0.7435, val_ap 0.6067, minutes 61.51, lr 1.00e-03
    epoch 67: loss 0.7480, val_ap 0.6103, minutes 62.42, lr 1.00e-03
    epoch 68: loss 0.7339, val_ap 0.6038, minutes 63.36, lr 1.00e-03
    epoch 69: loss 0.7360, val_ap 0.6036, minutes 64.24, lr 1.00e-03
    epoch 70: loss 0.7338, val_ap 0.6037, minutes 65.2, lr 1.00e-03
    epoch 71: loss 0.7296, val_ap 0.6090, minutes 66.1, lr 1.00e-03
    epoch 72: loss 0.7368, val_ap 0.6091, minutes 67.02, lr 1.00e-03
    epoch 73: loss 0.7338, val_ap 0.5938, minutes 67.95, lr 1.00e-03
    epoch 74: loss 0.7258, val_ap 0.6068, minutes 68.82, lr 5.00e-04
    epoch 75: loss 0.7190, val_ap 0.6139, minutes 69.72, lr 5.00e-04
    epoch 76: loss 0.7027, val_ap 0.6107, minutes 70.49, lr 5.00e-04
    epoch 77: loss 0.6981, val_ap 0.6095, minutes 71.25, lr 5.00e-04
    epoch 78: loss 0.6885, val_ap 0.6097, minutes 71.99, lr 5.00e-04
    epoch 79: loss 0.6896, val_ap 0.5984, minutes 72.69, lr 5.00e-04
    epoch 80: loss 0.7072, val_ap 0.6084, minutes 73.39, lr 5.00e-04
    epoch 81: loss 0.6833, val_ap 0.6090, minutes 74.09, lr 5.00e-04
    epoch 82: loss 0.6816, val_ap 0.6017, minutes 74.78, lr 5.00e-04
    epoch 83: loss 0.6898, val_ap 0.6053, minutes 75.42, lr 5.00e-04
    epoch 84: loss 0.6794, val_ap 0.6080, minutes 76.03, lr 2.50e-04
    epoch 85: loss 0.6774, val_ap 0.6005, minutes 76.61, lr 2.50e-04
    epoch 86: loss 0.6785, val_ap 0.6016, minutes 77.2, lr 2.50e-04
    epoch 87: loss 0.6689, val_ap 0.5997, minutes 77.8, lr 2.50e-04
    epoch 88: loss 0.6593, val_ap 0.6013, minutes 78.38, lr 2.50e-04
    epoch 89: loss 0.6746, val_ap 0.5999, minutes 78.9, lr 2.50e-04
    epoch 90: loss 0.6560, val_ap 0.6026, minutes 79.41, lr 2.50e-04
    epoch 91: loss 0.6627, val_ap 0.5947, minutes 79.91, lr 2.50e-04
    epoch 92: loss 0.6637, val_ap 0.6018, minutes 80.39, lr 2.50e-04
    epoch 93: loss 0.6445, val_ap 0.6008, minutes 80.82, lr 1.25e-04
    epoch 94: loss 0.6508, val_ap 0.5993, minutes 81.28, lr 1.25e-04
    epoch 95: loss 0.6482, val_ap 0.5963, minutes 81.73, lr 1.25e-04
    epoch 96: loss 0.6502, val_ap 0.5977, minutes 82.13, lr 1.25e-04
    epoch 97: loss 0.6480, val_ap 0.5999, minutes 82.48, lr 1.25e-04
    epoch 98: loss 0.6518, val_ap 0.6012, minutes 82.8, lr 1.25e-04
    epoch 99: loss 0.6365, val_ap 0.5963, minutes 83.1, lr 1.25e-04
    epoch 100: loss 0.6634, val_ap 0.5919, minutes 83.42, lr 1.25e-04
    stopping: no validation gain in 25 epochs
[h2gcn_aux_r100 dataset0 fold 2] done (83.9 min)
