loaded: dataset0 121,838 sites, data1 90,452
[h2gcn pooled_both fold 0 seed 1]
    epoch 1: loss 1.2506, val_ap 0.2002, minutes 0.81, lr 3.31e-04
    epoch 2: loss 1.0214, val_ap 0.3268, minutes 1.67, lr 6.60e-04
    epoch 3: loss 0.9043, val_ap 0.3986, minutes 2.55, lr 9.89e-04
    epoch 4: loss 0.8404, val_ap 0.4150, minutes 3.38, lr 1.00e-03
    epoch 5: loss 0.8101, val_ap 0.4236, minutes 4.19, lr 1.00e-03
    epoch 6: loss 0.8073, val_ap 0.4325, minutes 5.07, lr 1.00e-03
    epoch 7: loss 0.7838, val_ap 0.4363, minutes 5.88, lr 1.00e-03
    epoch 8: loss 0.7844, val_ap 0.4397, minutes 6.7, lr 1.00e-03
    epoch 9: loss 0.7771, val_ap 0.4423, minutes 7.52, lr 1.00e-03
    epoch 10: loss 0.7705, val_ap 0.4353, minutes 8.43, lr 1.00e-03
    epoch 11: loss 0.7649, val_ap 0.4384, minutes 9.21, lr 1.00e-03
    epoch 12: loss 0.7571, val_ap 0.4468, minutes 10.05, lr 1.00e-03
    epoch 13: loss 0.7480, val_ap 0.4546, minutes 10.88, lr 1.00e-03
    epoch 14: loss 0.7509, val_ap 0.4567, minutes 11.7, lr 1.00e-03
    epoch 15: loss 0.7410, val_ap 0.4504, minutes 12.49, lr 1.00e-03
    epoch 16: loss 0.7418, val_ap 0.4612, minutes 13.28, lr 1.00e-03
    epoch 17: loss 0.7365, val_ap 0.4653, minutes 14.11, lr 1.00e-03
    epoch 18: loss 0.7300, val_ap 0.4699, minutes 14.94, lr 1.00e-03
    epoch 19: loss 0.7247, val_ap 0.4645, minutes 15.74, lr 1.00e-03
    epoch 20: loss 0.7270, val_ap 0.4698, minutes 16.52, lr 1.00e-03
    epoch 21: loss 0.7139, val_ap 0.4686, minutes 17.32, lr 1.00e-03
    epoch 22: loss 0.7082, val_ap 0.4673, minutes 18.11, lr 1.00e-03
    epoch 23: loss 0.7075, val_ap 0.4743, minutes 18.94, lr 1.00e-03
    epoch 24: loss 0.7048, val_ap 0.4767, minutes 19.76, lr 1.00e-03
    epoch 25: loss 0.6981, val_ap 0.4689, minutes 20.57, lr 1.00e-03
    epoch 26: loss 0.6937, val_ap 0.4693, minutes 21.34, lr 1.00e-03
    epoch 27: loss 0.7009, val_ap 0.4726, minutes 22.17, lr 1.00e-03
    epoch 28: loss 0.6834, val_ap 0.4829, minutes 22.99, lr 1.00e-03
    epoch 29: loss 0.6797, val_ap 0.4783, minutes 23.84, lr 1.00e-03
    epoch 30: loss 0.6822, val_ap 0.4834, minutes 24.61, lr 1.00e-03
    epoch 31: loss 0.6703, val_ap 0.4786, minutes 25.43, lr 1.00e-03
    epoch 32: loss 0.6678, val_ap 0.4826, minutes 26.24, lr 1.00e-03
    epoch 33: loss 0.6690, val_ap 0.4820, minutes 27.07, lr 1.00e-03
    epoch 34: loss 0.6628, val_ap 0.4668, minutes 27.84, lr 1.00e-03
    epoch 35: loss 0.6516, val_ap 0.4757, minutes 28.62, lr 1.00e-03
    epoch 36: loss 0.6570, val_ap 0.4829, minutes 29.42, lr 1.00e-03
    epoch 37: loss 0.6416, val_ap 0.4831, minutes 30.29, lr 1.00e-03
    epoch 38: loss 0.6363, val_ap 0.4805, minutes 31.1, lr 1.00e-03
    epoch 39: loss 0.6371, val_ap 0.4851, minutes 31.93, lr 1.00e-03
    epoch 40: loss 0.6256, val_ap 0.4806, minutes 32.76, lr 1.00e-03
    epoch 41: loss 0.6301, val_ap 0.4790, minutes 33.57, lr 1.00e-03
    epoch 42: loss 0.6242, val_ap 0.4706, minutes 34.38, lr 1.00e-03
    epoch 43: loss 0.6182, val_ap 0.4691, minutes 35.17, lr 1.00e-03
    epoch 44: loss 0.6141, val_ap 0.4682, minutes 36.01, lr 1.00e-03
    epoch 45: loss 0.6090, val_ap 0.4699, minutes 36.8, lr 1.00e-03
    epoch 46: loss 0.6045, val_ap 0.4807, minutes 37.58, lr 1.00e-03
    epoch 47: loss 0.6006, val_ap 0.4710, minutes 38.42, lr 1.00e-03
    epoch 48: loss 0.5981, val_ap 0.4636, minutes 39.24, lr 5.00e-04
    epoch 49: loss 0.5714, val_ap 0.4752, minutes 40.02, lr 5.00e-04
    epoch 50: loss 0.5698, val_ap 0.4685, minutes 40.84, lr 5.00e-04
    epoch 51: loss 0.5632, val_ap 0.4721, minutes 41.69, lr 5.00e-04
    epoch 52: loss 0.5600, val_ap 0.4617, minutes 42.49, lr 5.00e-04
    epoch 53: loss 0.5549, val_ap 0.4682, minutes 43.29, lr 5.00e-04
    epoch 54: loss 0.5531, val_ap 0.4566, minutes 44.1, lr 5.00e-04
    epoch 55: loss 0.5496, val_ap 0.4659, minutes 44.97, lr 5.00e-04
    epoch 56: loss 0.5494, val_ap 0.4574, minutes 45.79, lr 5.00e-04
    epoch 57: loss 0.5420, val_ap 0.4609, minutes 46.64, lr 2.50e-04
    epoch 58: loss 0.5273, val_ap 0.4649, minutes 47.5, lr 2.50e-04
    epoch 59: loss 0.5222, val_ap 0.4584, minutes 48.35, lr 2.50e-04
    epoch 60: loss 0.5272, val_ap 0.4657, minutes 49.17, lr 2.50e-04
    epoch 61: loss 0.5179, val_ap 0.4457, minutes 49.99, lr 2.50e-04
    epoch 62: loss 0.5204, val_ap 0.4453, minutes 50.85, lr 2.50e-04
    epoch 63: loss 0.5169, val_ap 0.4524, minutes 51.66, lr 2.50e-04
    epoch 64: loss 0.5142, val_ap 0.4561, minutes 52.48, lr 2.50e-04
    stopping: no validation gain in 25 epochs
[h2gcn pooled_both fold 0 seed 1] done (53.1 min)
