loaded: dataset0 121,838 sites, data1 90,452
[h2gcn_aux dataset0 fold 1 seed 2]
    epoch 1: loss 1.9613, val_ap 0.1665, minutes 0.53, lr 3.33e-04
    epoch 2: loss 1.5567, val_ap 0.2551, minutes 1.06, lr 6.63e-04
    epoch 3: loss 1.3439, val_ap 0.4143, minutes 1.63, lr 9.92e-04
    epoch 4: loss 1.1802, val_ap 0.4648, minutes 2.14, lr 1.00e-03
    epoch 5: loss 1.1153, val_ap 0.4860, minutes 2.66, lr 1.00e-03
    epoch 6: loss 1.1044, val_ap 0.4900, minutes 3.23, lr 1.00e-03
    epoch 7: loss 1.0769, val_ap 0.5002, minutes 3.76, lr 1.00e-03
    epoch 8: loss 1.0184, val_ap 0.5016, minutes 4.24, lr 1.00e-03
    epoch 9: loss 1.0078, val_ap 0.5002, minutes 4.8, lr 1.00e-03
    epoch 10: loss 1.0139, val_ap 0.4996, minutes 5.36, lr 1.00e-03
    epoch 11: loss 0.9691, val_ap 0.5078, minutes 5.91, lr 1.00e-03
    epoch 12: loss 0.9814, val_ap 0.5122, minutes 6.44, lr 1.00e-03
    epoch 13: loss 0.9855, val_ap 0.5186, minutes 6.92, lr 1.00e-03
    epoch 14: loss 0.9747, val_ap 0.5196, minutes 7.46, lr 1.00e-03
    epoch 15: loss 0.9654, val_ap 0.5153, minutes 8.0, lr 1.00e-03
    epoch 16: loss 0.9384, val_ap 0.5131, minutes 8.53, lr 1.00e-03
    epoch 17: loss 0.9385, val_ap 0.5260, minutes 9.05, lr 1.00e-03
    epoch 18: loss 0.9304, val_ap 0.5231, minutes 9.58, lr 1.00e-03
    epoch 19: loss 0.9229, val_ap 0.5302, minutes 10.13, lr 1.00e-03
    epoch 20: loss 0.9237, val_ap 0.5321, minutes 10.66, lr 1.00e-03
    epoch 21: loss 0.9170, val_ap 0.5348, minutes 11.18, lr 1.00e-03
    epoch 22: loss 0.9168, val_ap 0.5259, minutes 11.68, lr 1.00e-03
    epoch 23: loss 0.9257, val_ap 0.5382, minutes 12.19, lr 1.00e-03
    epoch 24: loss 0.9119, val_ap 0.5449, minutes 12.74, lr 1.00e-03
    epoch 25: loss 0.9049, val_ap 0.5476, minutes 13.3, lr 1.00e-03
    epoch 26: loss 0.8973, val_ap 0.5506, minutes 13.81, lr 1.00e-03
    epoch 27: loss 0.8924, val_ap 0.5510, minutes 14.31, lr 1.00e-03
    epoch 28: loss 0.8881, val_ap 0.5577, minutes 14.82, lr 1.00e-03
    epoch 29: loss 0.8881, val_ap 0.5600, minutes 15.33, lr 1.00e-03
    epoch 30: loss 0.8967, val_ap 0.5476, minutes 15.84, lr 1.00e-03
    epoch 31: loss 0.8793, val_ap 0.5548, minutes 16.4, lr 1.00e-03
    epoch 32: loss 0.8742, val_ap 0.5555, minutes 16.93, lr 1.00e-03
    epoch 33: loss 0.8729, val_ap 0.5626, minutes 17.46, lr 1.00e-03
    epoch 34: loss 0.8602, val_ap 0.5592, minutes 17.97, lr 1.00e-03
    epoch 35: loss 0.8518, val_ap 0.5620, minutes 18.48, lr 1.00e-03
    epoch 36: loss 0.8606, val_ap 0.5627, minutes 19.02, lr 1.00e-03
    epoch 37: loss 0.8582, val_ap 0.5620, minutes 19.53, lr 1.00e-03
    epoch 38: loss 0.8749, val_ap 0.5630, minutes 20.05, lr 1.00e-03
    epoch 39: loss 0.8457, val_ap 0.5634, minutes 20.58, lr 1.00e-03
    epoch 40: loss 0.8478, val_ap 0.5719, minutes 21.07, lr 1.00e-03
    epoch 41: loss 0.8387, val_ap 0.5708, minutes 21.66, lr 1.00e-03
    epoch 42: loss 0.8502, val_ap 0.5713, minutes 22.18, lr 1.00e-03
    epoch 43: loss 0.8386, val_ap 0.5738, minutes 22.71, lr 1.00e-03
    epoch 44: loss 0.8212, val_ap 0.5710, minutes 23.23, lr 1.00e-03
    epoch 45: loss 0.8384, val_ap 0.5629, minutes 23.74, lr 1.00e-03
    epoch 46: loss 0.8172, val_ap 0.5739, minutes 24.34, lr 1.00e-03
    epoch 47: loss 0.8407, val_ap 0.5667, minutes 24.89, lr 1.00e-03
    epoch 48: loss 0.8520, val_ap 0.5705, minutes 25.4, lr 1.00e-03
    epoch 49: loss 0.8343, val_ap 0.5643, minutes 26.03, lr 1.00e-03
    epoch 50: loss 0.8017, val_ap 0.5717, minutes 26.56, lr 1.00e-03
    epoch 51: loss 0.8178, val_ap 0.5650, minutes 27.09, lr 1.00e-03
    epoch 52: loss 0.8084, val_ap 0.5655, minutes 27.63, lr 5.00e-04
    epoch 53: loss 0.7755, val_ap 0.5735, minutes 28.19, lr 5.00e-04
    epoch 54: loss 0.7730, val_ap 0.5692, minutes 28.73, lr 5.00e-04
    epoch 55: loss 0.7814, val_ap 0.5757, minutes 29.31, lr 5.00e-04
    epoch 56: loss 0.7663, val_ap 0.5715, minutes 29.84, lr 5.00e-04
    epoch 57: loss 0.7756, val_ap 0.5758, minutes 30.4, lr 5.00e-04
    epoch 58: loss 0.7720, val_ap 0.5663, minutes 30.9, lr 5.00e-04
    epoch 59: loss 0.7562, val_ap 0.5751, minutes 31.42, lr 5.00e-04
    epoch 60: loss 0.7607, val_ap 0.5749, minutes 31.96, lr 5.00e-04
    epoch 61: loss 0.7614, val_ap 0.5755, minutes 32.51, lr 5.00e-04
    epoch 62: loss 0.7557, val_ap 0.5736, minutes 33.03, lr 5.00e-04
    epoch 63: loss 0.7492, val_ap 0.5740, minutes 33.58, lr 5.00e-04
    epoch 64: loss 0.7316, val_ap 0.5679, minutes 34.14, lr 2.50e-04
    epoch 65: loss 0.7447, val_ap 0.5727, minutes 34.68, lr 2.50e-04
    epoch 66: loss 0.7355, val_ap 0.5738, minutes 35.2, lr 2.50e-04
    epoch 67: loss 0.7345, val_ap 0.5752, minutes 35.74, lr 2.50e-04
    epoch 68: loss 0.7395, val_ap 0.5747, minutes 36.23, lr 2.50e-04
    epoch 69: loss 0.7401, val_ap 0.5722, minutes 36.73, lr 2.50e-04
    epoch 70: loss 0.7248, val_ap 0.5747, minutes 37.23, lr 2.50e-04
    epoch 71: loss 0.7269, val_ap 0.5738, minutes 37.75, lr 2.50e-04
    epoch 72: loss 0.7195, val_ap 0.5743, minutes 38.32, lr 2.50e-04
    epoch 73: loss 0.7212, val_ap 0.5750, minutes 38.85, lr 1.25e-04
    epoch 74: loss 0.7185, val_ap 0.5753, minutes 39.36, lr 1.25e-04
    epoch 75: loss 0.7232, val_ap 0.5748, minutes 39.91, lr 1.25e-04
    epoch 76: loss 0.7078, val_ap 0.5754, minutes 40.46, lr 1.25e-04
    epoch 77: loss 0.7088, val_ap 0.5733, minutes 40.96, lr 1.25e-04
    epoch 78: loss 0.7196, val_ap 0.5757, minutes 41.57, lr 1.25e-04
    epoch 79: loss 0.7205, val_ap 0.5735, minutes 42.07, lr 1.25e-04
    epoch 80: loss 0.7173, val_ap 0.5742, minutes 42.62, lr 1.25e-04
    epoch 81: loss 0.7038, val_ap 0.5747, minutes 43.14, lr 1.25e-04
    epoch 82: loss 0.7180, val_ap 0.5734, minutes 43.68, lr 6.25e-05
    stopping: no validation gain in 25 epochs
[h2gcn_aux dataset0 fold 1 seed 2] done (44.6 min)
