loaded: dataset0 121,838 sites, data1 90,452
[gcn pooled_both fold 4 seed 2]
    epoch 1: loss 1.3079, val_ap 0.0994, minutes 0.82, lr 3.31e-04
    epoch 2: loss 1.2173, val_ap 0.1651, minutes 1.65, lr 6.60e-04
    epoch 3: loss 1.0636, val_ap 0.2783, minutes 2.47, lr 9.89e-04
    epoch 4: loss 1.0050, val_ap 0.2941, minutes 3.27, lr 1.00e-03
    epoch 5: loss 0.9706, val_ap 0.2999, minutes 4.09, lr 1.00e-03
    epoch 6: loss 0.9598, val_ap 0.3014, minutes 4.86, lr 1.00e-03
    epoch 7: loss 0.9584, val_ap 0.3028, minutes 5.66, lr 1.00e-03
    epoch 8: loss 0.9440, val_ap 0.3012, minutes 6.53, lr 1.00e-03
    epoch 9: loss 0.9333, val_ap 0.3062, minutes 7.31, lr 1.00e-03
    epoch 10: loss 0.9410, val_ap 0.3078, minutes 8.13, lr 1.00e-03
    epoch 11: loss 0.9293, val_ap 0.3064, minutes 8.94, lr 1.00e-03
    epoch 12: loss 0.9278, val_ap 0.3071, minutes 9.76, lr 1.00e-03
    epoch 13: loss 0.9282, val_ap 0.3052, minutes 10.56, lr 1.00e-03
    epoch 14: loss 0.9250, val_ap 0.3092, minutes 11.39, lr 1.00e-03
    epoch 15: loss 0.9100, val_ap 0.3074, minutes 12.22, lr 1.00e-03
    epoch 16: loss 0.9168, val_ap 0.3033, minutes 13.03, lr 1.00e-03
    epoch 17: loss 0.9138, val_ap 0.3097, minutes 13.81, lr 1.00e-03
    epoch 18: loss 0.9091, val_ap 0.3082, minutes 14.6, lr 1.00e-03
    epoch 19: loss 0.9081, val_ap 0.3098, minutes 15.41, lr 1.00e-03
    epoch 20: loss 0.8985, val_ap 0.3065, minutes 16.21, lr 1.00e-03
    epoch 21: loss 0.9045, val_ap 0.3086, minutes 17.0, lr 1.00e-03
    epoch 22: loss 0.8961, val_ap 0.3107, minutes 17.8, lr 1.00e-03
    epoch 23: loss 0.8949, val_ap 0.3073, minutes 18.64, lr 1.00e-03
    epoch 24: loss 0.8946, val_ap 0.3074, minutes 19.5, lr 1.00e-03
    epoch 25: loss 0.9021, val_ap 0.3109, minutes 20.27, lr 1.00e-03
    epoch 26: loss 0.9011, val_ap 0.3071, minutes 21.11, lr 1.00e-03
    epoch 27: loss 0.8919, val_ap 0.3099, minutes 21.92, lr 1.00e-03
    epoch 28: loss 0.8894, val_ap 0.3104, minutes 22.72, lr 1.00e-03
    epoch 29: loss 0.8892, val_ap 0.3014, minutes 23.52, lr 1.00e-03
    epoch 30: loss 0.8877, val_ap 0.3117, minutes 24.36, lr 1.00e-03
    epoch 31: loss 0.8831, val_ap 0.3097, minutes 25.14, lr 1.00e-03
    epoch 32: loss 0.8800, val_ap 0.3129, minutes 25.86, lr 1.00e-03
    epoch 33: loss 0.8825, val_ap 0.3106, minutes 26.62, lr 1.00e-03
    epoch 34: loss 0.8703, val_ap 0.3061, minutes 27.41, lr 1.00e-03
    epoch 35: loss 0.8753, val_ap 0.3110, minutes 28.15, lr 1.00e-03
    epoch 36: loss 0.8766, val_ap 0.3074, minutes 28.97, lr 1.00e-03
    epoch 37: loss 0.8713, val_ap 0.3125, minutes 29.78, lr 1.00e-03
    epoch 38: loss 0.8722, val_ap 0.3094, minutes 30.62, lr 1.00e-03
    epoch 39: loss 0.8779, val_ap 0.3100, minutes 31.44, lr 1.00e-03
    epoch 40: loss 0.8697, val_ap 0.3012, minutes 32.25, lr 1.00e-03
    epoch 41: loss 0.8712, val_ap 0.3088, minutes 33.06, lr 5.00e-04
    epoch 42: loss 0.8615, val_ap 0.3081, minutes 33.88, lr 5.00e-04
    epoch 43: loss 0.8592, val_ap 0.3062, minutes 34.76, lr 5.00e-04
    epoch 44: loss 0.8562, val_ap 0.3068, minutes 35.52, lr 5.00e-04
    epoch 45: loss 0.8553, val_ap 0.3059, minutes 36.34, lr 5.00e-04
    epoch 46: loss 0.8586, val_ap 0.3050, minutes 37.1, lr 5.00e-04
    epoch 47: loss 0.8525, val_ap 0.3066, minutes 37.91, lr 5.00e-04
    epoch 48: loss 0.8507, val_ap 0.3055, minutes 38.67, lr 5.00e-04
    epoch 49: loss 0.8505, val_ap 0.3000, minutes 39.45, lr 5.00e-04
    epoch 50: loss 0.8493, val_ap 0.2982, minutes 40.22, lr 2.50e-04
    epoch 51: loss 0.8422, val_ap 0.3029, minutes 41.0, lr 2.50e-04
    epoch 52: loss 0.8437, val_ap 0.3018, minutes 41.84, lr 2.50e-04
    epoch 53: loss 0.8450, val_ap 0.3031, minutes 42.63, lr 2.50e-04
    epoch 54: loss 0.8428, val_ap 0.3037, minutes 43.41, lr 2.50e-04
    epoch 55: loss 0.8372, val_ap 0.3006, minutes 44.19, lr 2.50e-04
    epoch 56: loss 0.8469, val_ap 0.3034, minutes 44.99, lr 2.50e-04
    epoch 57: loss 0.8383, val_ap 0.3021, minutes 45.79, lr 2.50e-04
    stopping: no validation gain in 25 epochs
[gcn pooled_both fold 4 seed 2] done (46.5 min)
