loaded: dataset0 121,838 sites, data1 90,452
[h2gcn_aux_r100 pooled_both fold 0]
    epoch 1: loss 1.8855, val_ap 0.2114, minutes 0.73, lr 3.31e-04
    epoch 2: loss 1.5335, val_ap 0.2995, minutes 1.48, lr 6.60e-04
    epoch 3: loss 1.3879, val_ap 0.3829, minutes 2.15, lr 9.89e-04
    epoch 4: loss 1.2997, val_ap 0.4132, minutes 2.81, lr 1.00e-03
    epoch 5: loss 1.2701, val_ap 0.4244, minutes 3.52, lr 1.00e-03
    epoch 6: loss 1.2451, val_ap 0.4308, minutes 4.23, lr 1.00e-03
    epoch 7: loss 1.2266, val_ap 0.4352, minutes 5.01, lr 1.00e-03
    epoch 8: loss 1.2232, val_ap 0.4323, minutes 5.76, lr 1.00e-03
    epoch 9: loss 1.2174, val_ap 0.4378, minutes 6.56, lr 1.00e-03
    epoch 10: loss 1.2226, val_ap 0.4426, minutes 7.32, lr 1.00e-03
    epoch 11: loss 1.2097, val_ap 0.4451, minutes 8.06, lr 1.00e-03
    epoch 12: loss 1.1966, val_ap 0.4476, minutes 8.76, lr 1.00e-03
    epoch 13: loss 1.1878, val_ap 0.4477, minutes 9.5, lr 1.00e-03
    epoch 14: loss 1.1829, val_ap 0.4502, minutes 11.06, lr 1.00e-03
    epoch 15: loss 1.1768, val_ap 0.4523, minutes 12.55, lr 1.00e-03
    epoch 16: loss 1.1862, val_ap 0.4554, minutes 14.06, lr 1.00e-03
    epoch 17: loss 1.1711, val_ap 0.4572, minutes 15.6, lr 1.00e-03
    epoch 18: loss 1.1644, val_ap 0.4596, minutes 17.13, lr 1.00e-03
    epoch 19: loss 1.1613, val_ap 0.4615, minutes 18.63, lr 1.00e-03
    epoch 20: loss 1.1616, val_ap 0.4611, minutes 20.14, lr 1.00e-03
    epoch 21: loss 1.1445, val_ap 0.4617, minutes 21.72, lr 1.00e-03
    epoch 22: loss 1.1478, val_ap 0.4662, minutes 23.31, lr 1.00e-03
    epoch 23: loss 1.1476, val_ap 0.4579, minutes 24.88, lr 1.00e-03
    epoch 24: loss 1.1455, val_ap 0.4626, minutes 26.48, lr 1.00e-03
    epoch 25: loss 1.1360, val_ap 0.4688, minutes 28.01, lr 1.00e-03
    epoch 26: loss 1.1261, val_ap 0.4587, minutes 29.56, lr 1.00e-03
    epoch 27: loss 1.1229, val_ap 0.4700, minutes 31.12, lr 1.00e-03
    epoch 28: loss 1.1239, val_ap 0.4560, minutes 32.66, lr 1.00e-03
    epoch 29: loss 1.1184, val_ap 0.4642, minutes 34.23, lr 1.00e-03
    epoch 30: loss 1.1156, val_ap 0.4605, minutes 35.82, lr 1.00e-03
    epoch 31: loss 1.1123, val_ap 0.4703, minutes 37.32, lr 1.00e-03
    epoch 32: loss 1.1074, val_ap 0.4701, minutes 38.88, lr 1.00e-03
    epoch 33: loss 1.1092, val_ap 0.4730, minutes 40.39, lr 1.00e-03
    epoch 34: loss 1.1026, val_ap 0.4777, minutes 41.92, lr 1.00e-03
    epoch 35: loss 1.0956, val_ap 0.4741, minutes 43.51, lr 1.00e-03
    epoch 36: loss 1.0904, val_ap 0.4693, minutes 45.12, lr 1.00e-03
    epoch 37: loss 1.0727, val_ap 0.4677, minutes 46.67, lr 1.00e-03
    epoch 38: loss 1.0919, val_ap 0.4796, minutes 48.18, lr 1.00e-03
    epoch 39: loss 1.0796, val_ap 0.4694, minutes 49.72, lr 1.00e-03
    epoch 40: loss 1.0654, val_ap 0.4721, minutes 51.25, lr 1.00e-03
    epoch 41: loss 1.0701, val_ap 0.4694, minutes 52.84, lr 1.00e-03
    epoch 42: loss 1.0577, val_ap 0.4652, minutes 54.38, lr 1.00e-03
    epoch 43: loss 1.0618, val_ap 0.4749, minutes 55.96, lr 1.00e-03
    epoch 44: loss 1.0633, val_ap 0.4651, minutes 57.57, lr 1.00e-03
    epoch 45: loss 1.0531, val_ap 0.4743, minutes 59.14, lr 1.00e-03
    epoch 46: loss 1.0512, val_ap 0.4743, minutes 60.66, lr 1.00e-03
    epoch 47: loss 1.0462, val_ap 0.4715, minutes 62.21, lr 5.00e-04
    epoch 48: loss 1.0206, val_ap 0.4744, minutes 63.77, lr 5.00e-04
    epoch 49: loss 1.0176, val_ap 0.4724, minutes 65.31, lr 5.00e-04
    epoch 50: loss 1.0186, val_ap 0.4714, minutes 66.84, lr 5.00e-04
    epoch 51: loss 1.0111, val_ap 0.4723, minutes 68.4, lr 5.00e-04
    epoch 52: loss 1.0113, val_ap 0.4687, minutes 69.91, lr 5.00e-04
    epoch 53: loss 1.0101, val_ap 0.4715, minutes 71.32, lr 5.00e-04
    epoch 54: loss 1.0064, val_ap 0.4731, minutes 72.74, lr 5.00e-04
    epoch 55: loss 0.9989, val_ap 0.4708, minutes 74.04, lr 5.00e-04
    epoch 56: loss 1.0002, val_ap 0.4694, minutes 75.35, lr 2.50e-04
    epoch 57: loss 0.9823, val_ap 0.4654, minutes 76.65, lr 2.50e-04
    epoch 58: loss 0.9844, val_ap 0.4667, minutes 77.96, lr 2.50e-04
    epoch 59: loss 0.9785, val_ap 0.4672, minutes 79.25, lr 2.50e-04
    epoch 60: loss 0.9772, val_ap 0.4681, minutes 80.44, lr 2.50e-04
    epoch 61: loss 0.9740, val_ap 0.4659, minutes 81.67, lr 2.50e-04
    epoch 62: loss 0.9786, val_ap 0.4679, minutes 82.75, lr 2.50e-04
    epoch 63: loss 0.9700, val_ap 0.4665, minutes 83.85, lr 2.50e-04
    stopping: no validation gain in 25 epochs
[h2gcn_aux_r100 pooled_both fold 0] done (84.6 min)
