loaded: dataset0 121,838 sites, data1 90,452
[h2gcn_twohead_aux pooled_both fold 4]
    epoch 1: loss 1.8973, val_ap 0.1476, minutes 0.32, lr 3.31e-04
    epoch 2: loss 1.5208, val_ap 0.3139, minutes 0.63, lr 6.60e-04
    epoch 3: loss 1.3505, val_ap 0.4354, minutes 0.97, lr 9.89e-04
    epoch 4: loss 1.2566, val_ap 0.4547, minutes 1.34, lr 1.00e-03
    epoch 5: loss 1.2045, val_ap 0.4675, minutes 1.72, lr 1.00e-03
    epoch 6: loss 1.1823, val_ap 0.4731, minutes 2.1, lr 1.00e-03
    epoch 7: loss 1.1654, val_ap 0.4754, minutes 2.5, lr 1.00e-03
    epoch 8: loss 1.1451, val_ap 0.4762, minutes 2.88, lr 1.00e-03
    epoch 9: loss 1.1438, val_ap 0.4825, minutes 3.27, lr 1.00e-03
    epoch 10: loss 1.1259, val_ap 0.4802, minutes 3.64, lr 1.00e-03
    epoch 11: loss 1.1220, val_ap 0.4867, minutes 4.01, lr 1.00e-03
    epoch 12: loss 1.1144, val_ap 0.4841, minutes 4.38, lr 1.00e-03
    epoch 13: loss 1.0986, val_ap 0.4810, minutes 4.75, lr 1.00e-03
    epoch 14: loss 1.0980, val_ap 0.4860, minutes 5.1, lr 1.00e-03
    epoch 15: loss 1.1047, val_ap 0.4932, minutes 5.48, lr 1.00e-03
    epoch 16: loss 1.0872, val_ap 0.4911, minutes 5.87, lr 1.00e-03
    epoch 17: loss 1.0974, val_ap 0.4907, minutes 6.2, lr 1.00e-03
    epoch 18: loss 1.0775, val_ap 0.4905, minutes 6.53, lr 1.00e-03
    epoch 19: loss 1.0749, val_ap 0.4942, minutes 6.85, lr 1.00e-03
    epoch 20: loss 1.0762, val_ap 0.4916, minutes 7.17, lr 1.00e-03
    epoch 21: loss 1.0624, val_ap 0.4965, minutes 7.51, lr 1.00e-03
    epoch 22: loss 1.0542, val_ap 0.5006, minutes 7.87, lr 1.00e-03
    epoch 23: loss 1.0723, val_ap 0.4951, minutes 8.23, lr 1.00e-03
    epoch 24: loss 1.0591, val_ap 0.4963, minutes 8.58, lr 1.00e-03
    epoch 25: loss 1.0523, val_ap 0.4958, minutes 8.95, lr 1.00e-03
    epoch 26: loss 1.0559, val_ap 0.5046, minutes 9.32, lr 1.00e-03
    epoch 27: loss 1.0398, val_ap 0.5002, minutes 9.7, lr 1.00e-03
    epoch 28: loss 1.0510, val_ap 0.5001, minutes 10.07, lr 1.00e-03
    epoch 29: loss 1.0355, val_ap 0.5063, minutes 10.44, lr 1.00e-03
    epoch 30: loss 1.0296, val_ap 0.5058, minutes 10.8, lr 1.00e-03
    epoch 31: loss 1.0349, val_ap 0.5005, minutes 11.15, lr 1.00e-03
    epoch 32: loss 1.0298, val_ap 0.5034, minutes 11.48, lr 1.00e-03
    epoch 33: loss 1.0318, val_ap 0.4979, minutes 11.8, lr 1.00e-03
    epoch 34: loss 1.0147, val_ap 0.5058, minutes 12.12, lr 1.00e-03
    epoch 35: loss 1.0164, val_ap 0.5067, minutes 12.46, lr 1.00e-03
    epoch 36: loss 1.0117, val_ap 0.5068, minutes 12.81, lr 1.00e-03
    epoch 37: loss 1.0058, val_ap 0.5062, minutes 13.16, lr 1.00e-03
    epoch 38: loss 1.0095, val_ap 0.5063, minutes 13.51, lr 1.00e-03
    epoch 39: loss 1.0024, val_ap 0.5105, minutes 13.87, lr 1.00e-03
    epoch 40: loss 0.9865, val_ap 0.5083, minutes 14.22, lr 1.00e-03
    epoch 41: loss 0.9975, val_ap 0.5001, minutes 14.59, lr 1.00e-03
    epoch 42: loss 0.9933, val_ap 0.5075, minutes 14.95, lr 1.00e-03
    epoch 43: loss 0.9845, val_ap 0.5057, minutes 15.31, lr 1.00e-03
    epoch 44: loss 0.9741, val_ap 0.5096, minutes 15.66, lr 1.00e-03
    epoch 45: loss 0.9779, val_ap 0.5047, minutes 15.98, lr 1.00e-03
    epoch 46: loss 0.9762, val_ap 0.4927, minutes 16.29, lr 1.00e-03
    epoch 47: loss 0.9679, val_ap 0.4968, minutes 16.62, lr 1.00e-03
    epoch 48: loss 0.9705, val_ap 0.5036, minutes 16.96, lr 5.00e-04
    epoch 49: loss 0.9535, val_ap 0.5039, minutes 17.32, lr 5.00e-04
    epoch 50: loss 0.9446, val_ap 0.5069, minutes 17.67, lr 5.00e-04
    epoch 51: loss 0.9316, val_ap 0.5047, minutes 18.02, lr 5.00e-04
    epoch 52: loss 0.9408, val_ap 0.4969, minutes 18.4, lr 5.00e-04
    epoch 53: loss 0.9422, val_ap 0.5026, minutes 18.77, lr 5.00e-04
    epoch 54: loss 0.9402, val_ap 0.5036, minutes 19.13, lr 5.00e-04
    epoch 55: loss 0.9251, val_ap 0.5034, minutes 19.51, lr 5.00e-04
    epoch 56: loss 0.9273, val_ap 0.4989, minutes 19.9, lr 5.00e-04
    epoch 57: loss 0.9282, val_ap 0.5060, minutes 20.28, lr 2.50e-04
    epoch 58: loss 0.9161, val_ap 0.5073, minutes 20.66, lr 2.50e-04
    epoch 59: loss 0.9133, val_ap 0.5050, minutes 21.03, lr 2.50e-04
    epoch 60: loss 0.9120, val_ap 0.5067, minutes 21.4, lr 2.50e-04
    epoch 61: loss 0.9079, val_ap 0.5017, minutes 21.75, lr 2.50e-04
    epoch 62: loss 0.9065, val_ap 0.5041, minutes 22.1, lr 2.50e-04
    epoch 63: loss 0.9090, val_ap 0.5060, minutes 22.44, lr 2.50e-04
    epoch 64: loss 0.9074, val_ap 0.5052, minutes 22.76, lr 2.50e-04
    stopping: no validation gain in 25 epochs
[h2gcn_twohead_aux pooled_both fold 4] done (23.2 min)
