loaded: dataset0 121,838 sites, data1 90,452
[scalar_msg pooled_both fold 4]
    kernel decay scale 97.3 nt (fitted to cell line 1 training labels)
    epoch 1: loss 2.1484, val_ap 0.1311, minutes 0.83, lr 3.31e-04
    epoch 2: loss 1.5766, val_ap 0.3162, minutes 1.67, lr 6.60e-04
    epoch 3: loss 1.4067, val_ap 0.4062, minutes 2.49, lr 9.89e-04
    epoch 4: loss 1.3239, val_ap 0.4396, minutes 3.27, lr 1.00e-03
    epoch 5: loss 1.2835, val_ap 0.4508, minutes 4.1, lr 1.00e-03
    epoch 6: loss 1.2640, val_ap 0.4553, minutes 4.93, lr 1.00e-03
    epoch 7: loss 1.2571, val_ap 0.4606, minutes 5.77, lr 1.00e-03
    epoch 8: loss 1.2379, val_ap 0.4654, minutes 6.63, lr 1.00e-03
    epoch 9: loss 1.2381, val_ap 0.4683, minutes 7.45, lr 1.00e-03
    epoch 10: loss 1.2242, val_ap 0.4689, minutes 8.3, lr 1.00e-03
    epoch 11: loss 1.2193, val_ap 0.4729, minutes 9.16, lr 1.00e-03
    epoch 12: loss 1.2257, val_ap 0.4710, minutes 10.03, lr 1.00e-03
    epoch 13: loss 1.2037, val_ap 0.4729, minutes 10.9, lr 1.00e-03
    epoch 14: loss 1.2031, val_ap 0.4751, minutes 11.76, lr 1.00e-03
    epoch 15: loss 1.2079, val_ap 0.4783, minutes 12.69, lr 1.00e-03
    epoch 16: loss 1.1938, val_ap 0.4817, minutes 13.59, lr 1.00e-03
    epoch 17: loss 1.1934, val_ap 0.4829, minutes 14.47, lr 1.00e-03
    epoch 18: loss 1.1847, val_ap 0.4815, minutes 15.4, lr 1.00e-03
    epoch 19: loss 1.1909, val_ap 0.4798, minutes 16.32, lr 1.00e-03
    epoch 20: loss 1.1889, val_ap 0.4840, minutes 17.17, lr 1.00e-03
    epoch 21: loss 1.1801, val_ap 0.4827, minutes 17.99, lr 1.00e-03
    epoch 22: loss 1.1734, val_ap 0.4865, minutes 18.89, lr 1.00e-03
    epoch 23: loss 1.1856, val_ap 0.4806, minutes 19.82, lr 1.00e-03
    epoch 24: loss 1.1733, val_ap 0.4829, minutes 20.71, lr 1.00e-03
    epoch 25: loss 1.1704, val_ap 0.4839, minutes 21.61, lr 1.00e-03
    epoch 26: loss 1.1739, val_ap 0.4890, minutes 22.54, lr 1.00e-03
    epoch 27: loss 1.1580, val_ap 0.4922, minutes 23.46, lr 1.00e-03
    epoch 28: loss 1.1665, val_ap 0.4883, minutes 24.35, lr 1.00e-03
    epoch 29: loss 1.1551, val_ap 0.4901, minutes 25.27, lr 1.00e-03
    epoch 30: loss 1.1574, val_ap 0.4918, minutes 26.16, lr 1.00e-03
    epoch 31: loss 1.1633, val_ap 0.4894, minutes 27.04, lr 1.00e-03
    epoch 32: loss 1.1486, val_ap 0.4893, minutes 27.96, lr 1.00e-03
    epoch 33: loss 1.1574, val_ap 0.4907, minutes 28.81, lr 1.00e-03
    epoch 34: loss 1.1441, val_ap 0.4939, minutes 29.78, lr 1.00e-03
    epoch 35: loss 1.1375, val_ap 0.4896, minutes 30.73, lr 1.00e-03
    epoch 36: loss 1.1393, val_ap 0.4873, minutes 31.68, lr 1.00e-03
    epoch 37: loss 1.1380, val_ap 0.4941, minutes 32.6, lr 1.00e-03
    epoch 38: loss 1.1432, val_ap 0.4914, minutes 33.56, lr 1.00e-03
    epoch 39: loss 1.1362, val_ap 0.4950, minutes 34.52, lr 1.00e-03
    epoch 40: loss 1.1263, val_ap 0.4920, minutes 35.46, lr 1.00e-03
    epoch 41: loss 1.1245, val_ap 0.4844, minutes 36.36, lr 1.00e-03
    epoch 42: loss 1.1211, val_ap 0.4929, minutes 37.29, lr 1.00e-03
    epoch 43: loss 1.1189, val_ap 0.4927, minutes 38.18, lr 1.00e-03
    epoch 44: loss 1.1177, val_ap 0.4914, minutes 39.05, lr 1.00e-03
    epoch 45: loss 1.1215, val_ap 0.4957, minutes 39.92, lr 1.00e-03
    epoch 46: loss 1.1195, val_ap 0.4880, minutes 40.84, lr 1.00e-03
    epoch 47: loss 1.1161, val_ap 0.4915, minutes 41.74, lr 1.00e-03
    epoch 48: loss 1.1113, val_ap 0.4960, minutes 42.67, lr 1.00e-03
    epoch 49: loss 1.1180, val_ap 0.4976, minutes 43.6, lr 1.00e-03
    epoch 50: loss 1.1074, val_ap 0.4943, minutes 44.54, lr 1.00e-03
    epoch 51: loss 1.0998, val_ap 0.4915, minutes 45.5, lr 1.00e-03
    epoch 52: loss 1.1076, val_ap 0.4884, minutes 46.41, lr 1.00e-03
    epoch 53: loss 1.1122, val_ap 0.4880, minutes 47.31, lr 1.00e-03
    epoch 54: loss 1.1138, val_ap 0.4875, minutes 48.23, lr 1.00e-03
    epoch 55: loss 1.0949, val_ap 0.4902, minutes 49.13, lr 1.00e-03
    epoch 56: loss 1.1048, val_ap 0.4893, minutes 50.04, lr 1.00e-03
    epoch 57: loss 1.0981, val_ap 0.4879, minutes 50.97, lr 1.00e-03
    epoch 58: loss 1.0925, val_ap 0.4926, minutes 51.87, lr 5.00e-04
    epoch 59: loss 1.0767, val_ap 0.4910, minutes 52.76, lr 5.00e-04
    epoch 60: loss 1.0844, val_ap 0.4866, minutes 53.69, lr 5.00e-04
    epoch 61: loss 1.0797, val_ap 0.4777, minutes 54.59, lr 5.00e-04
    epoch 62: loss 1.0686, val_ap 0.4903, minutes 55.54, lr 5.00e-04
    epoch 63: loss 1.0794, val_ap 0.4887, minutes 56.53, lr 5.00e-04
    epoch 64: loss 1.0788, val_ap 0.4822, minutes 57.42, lr 5.00e-04
    epoch 65: loss 1.0727, val_ap 0.4909, minutes 58.32, lr 5.00e-04
    epoch 66: loss 1.0675, val_ap 0.4843, minutes 59.19, lr 5.00e-04
    epoch 67: loss 1.0651, val_ap 0.4837, minutes 60.11, lr 2.50e-04
    epoch 68: loss 1.0558, val_ap 0.4880, minutes 61.01, lr 2.50e-04
    epoch 69: loss 1.0592, val_ap 0.4875, minutes 61.89, lr 2.50e-04
    epoch 70: loss 1.0568, val_ap 0.4848, minutes 62.79, lr 2.50e-04
    epoch 71: loss 1.0580, val_ap 0.4838, minutes 63.7, lr 2.50e-04
    epoch 72: loss 1.0503, val_ap 0.4800, minutes 64.58, lr 2.50e-04
    epoch 73: loss 1.0530, val_ap 0.4804, minutes 65.48, lr 2.50e-04
    epoch 74: loss 1.0466, val_ap 0.4825, minutes 66.36, lr 2.50e-04
    stopping: no validation gain in 25 epochs
[scalar_msg pooled_both fold 4] done (67.3 min)
