loaded: dataset0 121,838 sites, data1 90,452
[h2gcn_local pooled_both fold 2]
    epoch 1: loss 1.2578, val_ap 0.1886, minutes 0.75, lr 3.31e-04
    epoch 2: loss 1.0077, val_ap 0.3580, minutes 1.53, lr 6.58e-04
    epoch 3: loss 0.8857, val_ap 0.4228, minutes 2.45, lr 9.85e-04
    epoch 4: loss 0.8476, val_ap 0.4377, minutes 3.41, lr 1.00e-03
    epoch 5: loss 0.8285, val_ap 0.4397, minutes 4.19, lr 1.00e-03
    epoch 6: loss 0.8119, val_ap 0.4463, minutes 5.06, lr 1.00e-03
    epoch 7: loss 0.8099, val_ap 0.4484, minutes 5.85, lr 1.00e-03
    epoch 8: loss 0.8023, val_ap 0.4515, minutes 6.63, lr 1.00e-03
    epoch 9: loss 0.7859, val_ap 0.4520, minutes 7.36, lr 1.00e-03
    epoch 10: loss 0.7847, val_ap 0.4578, minutes 8.11, lr 1.00e-03
    epoch 11: loss 0.7911, val_ap 0.4589, minutes 8.84, lr 1.00e-03
    epoch 12: loss 0.7733, val_ap 0.4636, minutes 9.62, lr 1.00e-03
    epoch 13: loss 0.7728, val_ap 0.4611, minutes 10.4, lr 1.00e-03
    epoch 14: loss 0.7812, val_ap 0.4577, minutes 11.21, lr 1.00e-03
    epoch 15: loss 0.7742, val_ap 0.4690, minutes 12.02, lr 1.00e-03
    epoch 16: loss 0.7648, val_ap 0.4631, minutes 12.86, lr 1.00e-03
    epoch 17: loss 0.7663, val_ap 0.4711, minutes 13.63, lr 1.00e-03
    epoch 18: loss 0.7567, val_ap 0.4661, minutes 14.37, lr 1.00e-03
    epoch 19: loss 0.7566, val_ap 0.4670, minutes 15.13, lr 1.00e-03
    epoch 20: loss 0.7457, val_ap 0.4651, minutes 15.89, lr 1.00e-03
    epoch 21: loss 0.7401, val_ap 0.4706, minutes 16.67, lr 1.00e-03
    epoch 22: loss 0.7377, val_ap 0.4737, minutes 17.46, lr 1.00e-03
    epoch 23: loss 0.7311, val_ap 0.4675, minutes 18.2, lr 1.00e-03
    epoch 24: loss 0.7327, val_ap 0.4738, minutes 18.97, lr 1.00e-03
    epoch 25: loss 0.7262, val_ap 0.4729, minutes 19.73, lr 1.00e-03
    epoch 26: loss 0.7359, val_ap 0.4722, minutes 20.5, lr 1.00e-03
    epoch 27: loss 0.7220, val_ap 0.4759, minutes 21.26, lr 1.00e-03
    epoch 28: loss 0.7166, val_ap 0.4677, minutes 22.03, lr 1.00e-03
    epoch 29: loss 0.7168, val_ap 0.4744, minutes 22.8, lr 1.00e-03
    epoch 30: loss 0.7147, val_ap 0.4763, minutes 23.53, lr 1.00e-03
    epoch 31: loss 0.7098, val_ap 0.4779, minutes 24.32, lr 1.00e-03
    epoch 32: loss 0.7083, val_ap 0.4773, minutes 25.06, lr 1.00e-03
    epoch 33: loss 0.7014, val_ap 0.4769, minutes 25.84, lr 1.00e-03
    epoch 34: loss 0.6943, val_ap 0.4774, minutes 26.58, lr 1.00e-03
    epoch 35: loss 0.7030, val_ap 0.4670, minutes 27.37, lr 1.00e-03
    epoch 36: loss 0.6940, val_ap 0.4821, minutes 28.17, lr 1.00e-03
    epoch 37: loss 0.6783, val_ap 0.4700, minutes 28.95, lr 1.00e-03
    epoch 38: loss 0.6843, val_ap 0.4824, minutes 29.72, lr 1.00e-03
    epoch 39: loss 0.6843, val_ap 0.4768, minutes 30.47, lr 1.00e-03
    epoch 40: loss 0.6810, val_ap 0.4778, minutes 31.19, lr 1.00e-03
    epoch 41: loss 0.6677, val_ap 0.4741, minutes 31.98, lr 1.00e-03
    epoch 42: loss 0.6697, val_ap 0.4702, minutes 32.74, lr 1.00e-03
    epoch 43: loss 0.6652, val_ap 0.4742, minutes 33.49, lr 1.00e-03
    epoch 44: loss 0.6598, val_ap 0.4746, minutes 34.29, lr 1.00e-03
    epoch 45: loss 0.6543, val_ap 0.4789, minutes 35.04, lr 1.00e-03
    epoch 46: loss 0.6479, val_ap 0.4826, minutes 35.8, lr 1.00e-03
    epoch 47: loss 0.6517, val_ap 0.4805, minutes 36.59, lr 1.00e-03
    epoch 48: loss 0.6438, val_ap 0.4816, minutes 37.37, lr 1.00e-03
    epoch 49: loss 0.6383, val_ap 0.4735, minutes 38.1, lr 1.00e-03
    epoch 50: loss 0.6376, val_ap 0.4720, minutes 38.9, lr 1.00e-03
    epoch 51: loss 0.6414, val_ap 0.4836, minutes 39.69, lr 1.00e-03
    epoch 52: loss 0.6302, val_ap 0.4727, minutes 40.47, lr 1.00e-03
    epoch 53: loss 0.6240, val_ap 0.4776, minutes 41.29, lr 1.00e-03
    epoch 54: loss 0.6136, val_ap 0.4717, minutes 42.14, lr 1.00e-03
    epoch 55: loss 0.6157, val_ap 0.4743, minutes 42.96, lr 1.00e-03
    epoch 56: loss 0.6011, val_ap 0.4694, minutes 43.76, lr 1.00e-03
    epoch 57: loss 0.6046, val_ap 0.4712, minutes 44.56, lr 1.00e-03
    epoch 58: loss 0.6098, val_ap 0.4735, minutes 45.36, lr 1.00e-03
    epoch 59: loss 0.6024, val_ap 0.4662, minutes 46.11, lr 1.00e-03
    epoch 60: loss 0.5961, val_ap 0.4681, minutes 46.91, lr 5.00e-04
    epoch 61: loss 0.5753, val_ap 0.4664, minutes 47.62, lr 5.00e-04
    epoch 62: loss 0.5625, val_ap 0.4588, minutes 48.36, lr 5.00e-04
    epoch 63: loss 0.5560, val_ap 0.4696, minutes 49.08, lr 5.00e-04
    epoch 64: loss 0.5562, val_ap 0.4626, minutes 49.81, lr 5.00e-04
    epoch 65: loss 0.5530, val_ap 0.4602, minutes 50.53, lr 5.00e-04
    epoch 66: loss 0.5462, val_ap 0.4642, minutes 51.31, lr 5.00e-04
    epoch 67: loss 0.5492, val_ap 0.4620, minutes 52.05, lr 5.00e-04
    epoch 68: loss 0.5423, val_ap 0.4671, minutes 52.85, lr 5.00e-04
    epoch 69: loss 0.5447, val_ap 0.4741, minutes 53.61, lr 2.50e-04
    epoch 70: loss 0.5249, val_ap 0.4655, minutes 54.37, lr 2.50e-04
    epoch 71: loss 0.5201, val_ap 0.4649, minutes 55.12, lr 2.50e-04
    epoch 72: loss 0.5151, val_ap 0.4655, minutes 55.88, lr 2.50e-04
    epoch 73: loss 0.5192, val_ap 0.4673, minutes 56.6, lr 2.50e-04
    epoch 74: loss 0.5167, val_ap 0.4639, minutes 57.33, lr 2.50e-04
    epoch 75: loss 0.5173, val_ap 0.4653, minutes 58.08, lr 2.50e-04
    epoch 76: loss 0.5155, val_ap 0.4669, minutes 58.85, lr 2.50e-04
    stopping: no validation gain in 25 epochs
[h2gcn_local pooled_both fold 2] done (59.5 min)
