loaded: dataset0 121,838 sites, data1 90,452
[h2gcn_aux_r400 dataset0 fold 0 seed 2]
    epoch 1: loss 1.9655, val_ap 0.1715, minutes 0.51, lr 3.33e-04
    epoch 2: loss 1.5887, val_ap 0.2875, minutes 1.01, lr 6.63e-04
    epoch 3: loss 1.3360, val_ap 0.4149, minutes 1.51, lr 9.88e-04
    epoch 4: loss 1.1853, val_ap 0.4761, minutes 2.0, lr 1.00e-03
    epoch 5: loss 1.1083, val_ap 0.4803, minutes 2.49, lr 1.00e-03
    epoch 6: loss 1.0869, val_ap 0.4947, minutes 3.0, lr 1.00e-03
    epoch 7: loss 1.0301, val_ap 0.4976, minutes 3.5, lr 1.00e-03
    epoch 8: loss 1.0303, val_ap 0.5116, minutes 4.01, lr 1.00e-03
    epoch 9: loss 0.9873, val_ap 0.5113, minutes 4.53, lr 1.00e-03
    epoch 10: loss 0.9719, val_ap 0.5242, minutes 5.04, lr 1.00e-03
    epoch 11: loss 0.9563, val_ap 0.5310, minutes 5.54, lr 1.00e-03
    epoch 12: loss 0.9576, val_ap 0.5358, minutes 6.03, lr 1.00e-03
    epoch 13: loss 0.9587, val_ap 0.5373, minutes 6.56, lr 1.00e-03
    epoch 14: loss 0.9147, val_ap 0.5386, minutes 7.08, lr 1.00e-03
    epoch 15: loss 0.9374, val_ap 0.5375, minutes 7.6, lr 1.00e-03
    epoch 16: loss 0.9329, val_ap 0.5394, minutes 8.12, lr 1.00e-03
    epoch 17: loss 0.9400, val_ap 0.5349, minutes 8.63, lr 1.00e-03
    epoch 18: loss 0.9126, val_ap 0.5450, minutes 9.12, lr 1.00e-03
    epoch 19: loss 0.9068, val_ap 0.5457, minutes 9.63, lr 1.00e-03
    epoch 20: loss 0.9183, val_ap 0.5528, minutes 10.14, lr 1.00e-03
    epoch 21: loss 0.8968, val_ap 0.5484, minutes 10.62, lr 1.00e-03
    epoch 22: loss 0.8987, val_ap 0.5433, minutes 11.14, lr 1.00e-03
    epoch 23: loss 0.8875, val_ap 0.5516, minutes 11.62, lr 1.00e-03
    epoch 24: loss 0.8955, val_ap 0.5679, minutes 12.12, lr 1.00e-03
    epoch 25: loss 0.8768, val_ap 0.5506, minutes 12.63, lr 1.00e-03
    epoch 26: loss 0.9023, val_ap 0.5470, minutes 13.16, lr 1.00e-03
    epoch 27: loss 0.8826, val_ap 0.5531, minutes 13.64, lr 1.00e-03
    epoch 28: loss 0.8880, val_ap 0.5521, minutes 14.12, lr 1.00e-03
    epoch 29: loss 0.8677, val_ap 0.5616, minutes 14.6, lr 1.00e-03
    epoch 30: loss 0.8582, val_ap 0.5643, minutes 15.1, lr 1.00e-03
    epoch 31: loss 0.8673, val_ap 0.5700, minutes 15.6, lr 1.00e-03
    epoch 32: loss 0.8689, val_ap 0.5736, minutes 16.08, lr 1.00e-03
    epoch 33: loss 0.8765, val_ap 0.5701, minutes 16.64, lr 1.00e-03
    epoch 34: loss 0.8430, val_ap 0.5669, minutes 17.13, lr 1.00e-03
    epoch 35: loss 0.8342, val_ap 0.5817, minutes 17.61, lr 1.00e-03
    epoch 36: loss 0.8424, val_ap 0.5770, minutes 18.07, lr 1.00e-03
    epoch 37: loss 0.8473, val_ap 0.5708, minutes 18.55, lr 1.00e-03
    epoch 38: loss 0.8320, val_ap 0.5735, minutes 19.07, lr 1.00e-03
    epoch 39: loss 0.8458, val_ap 0.5754, minutes 19.53, lr 1.00e-03
    epoch 40: loss 0.8469, val_ap 0.5765, minutes 20.04, lr 1.00e-03
    epoch 41: loss 0.8101, val_ap 0.5754, minutes 20.51, lr 1.00e-03
    epoch 42: loss 0.8155, val_ap 0.5806, minutes 21.01, lr 1.00e-03
    epoch 43: loss 0.8107, val_ap 0.5847, minutes 21.5, lr 1.00e-03
    epoch 44: loss 0.8201, val_ap 0.5827, minutes 21.99, lr 1.00e-03
    epoch 45: loss 0.8222, val_ap 0.5753, minutes 22.49, lr 1.00e-03
    epoch 46: loss 0.8018, val_ap 0.5869, minutes 22.97, lr 1.00e-03
    epoch 47: loss 0.8162, val_ap 0.5783, minutes 23.45, lr 1.00e-03
    epoch 48: loss 0.8019, val_ap 0.5661, minutes 23.95, lr 1.00e-03
    epoch 49: loss 0.8119, val_ap 0.5810, minutes 24.45, lr 1.00e-03
    epoch 50: loss 0.8227, val_ap 0.5763, minutes 24.99, lr 1.00e-03
    epoch 51: loss 0.7906, val_ap 0.5859, minutes 25.5, lr 1.00e-03
    epoch 52: loss 0.7907, val_ap 0.5941, minutes 26.01, lr 1.00e-03
    epoch 53: loss 0.7973, val_ap 0.5861, minutes 26.53, lr 1.00e-03
    epoch 54: loss 0.7844, val_ap 0.5871, minutes 27.03, lr 1.00e-03
    epoch 55: loss 0.7791, val_ap 0.5896, minutes 27.51, lr 1.00e-03
    epoch 56: loss 0.8008, val_ap 0.5949, minutes 28.02, lr 1.00e-03
    epoch 57: loss 0.7970, val_ap 0.5847, minutes 28.52, lr 1.00e-03
    epoch 58: loss 0.7741, val_ap 0.5912, minutes 28.97, lr 1.00e-03
    epoch 59: loss 0.7679, val_ap 0.5856, minutes 29.49, lr 1.00e-03
    epoch 60: loss 0.8315, val_ap 0.5951, minutes 29.96, lr 1.00e-03
    epoch 61: loss 0.7844, val_ap 0.5929, minutes 30.45, lr 1.00e-03
    epoch 62: loss 0.7609, val_ap 0.5909, minutes 30.92, lr 1.00e-03
    epoch 63: loss 0.7658, val_ap 0.5857, minutes 31.39, lr 1.00e-03
    epoch 64: loss 0.7409, val_ap 0.5932, minutes 31.9, lr 1.00e-03
    epoch 65: loss 0.7907, val_ap 0.5919, minutes 32.39, lr 1.00e-03
    epoch 66: loss 0.8111, val_ap 0.5925, minutes 32.89, lr 1.00e-03
    epoch 67: loss 0.7513, val_ap 0.5914, minutes 33.37, lr 1.00e-03
    epoch 68: loss 0.7410, val_ap 0.5911, minutes 33.87, lr 1.00e-03
    epoch 69: loss 0.7512, val_ap 0.6015, minutes 34.35, lr 1.00e-03
    epoch 70: loss 0.7595, val_ap 0.5902, minutes 34.83, lr 1.00e-03
    epoch 71: loss 0.7645, val_ap 0.5711, minutes 35.33, lr 1.00e-03
    epoch 72: loss 0.7537, val_ap 0.5835, minutes 35.83, lr 1.00e-03
    epoch 73: loss 0.7440, val_ap 0.5849, minutes 36.28, lr 1.00e-03
    epoch 74: loss 0.7292, val_ap 0.5946, minutes 36.78, lr 1.00e-03
    epoch 75: loss 0.7295, val_ap 0.5979, minutes 37.27, lr 1.00e-03
    epoch 76: loss 0.7385, val_ap 0.5906, minutes 37.77, lr 1.00e-03
    epoch 77: loss 0.7393, val_ap 0.5892, minutes 38.27, lr 1.00e-03
    epoch 78: loss 0.7360, val_ap 0.5904, minutes 38.78, lr 5.00e-04
    epoch 79: loss 0.7049, val_ap 0.5976, minutes 39.26, lr 5.00e-04
    epoch 80: loss 0.6984, val_ap 0.5860, minutes 39.78, lr 5.00e-04
    epoch 81: loss 0.7085, val_ap 0.5893, minutes 40.27, lr 5.00e-04
    epoch 82: loss 0.6922, val_ap 0.5921, minutes 40.72, lr 5.00e-04
    epoch 83: loss 0.6980, val_ap 0.5925, minutes 41.21, lr 5.00e-04
    epoch 84: loss 0.7105, val_ap 0.5900, minutes 41.7, lr 5.00e-04
    epoch 85: loss 0.7105, val_ap 0.5794, minutes 42.19, lr 5.00e-04
    epoch 86: loss 0.6867, val_ap 0.5793, minutes 42.67, lr 5.00e-04
    epoch 87: loss 0.6844, val_ap 0.5868, minutes 43.13, lr 2.50e-04
    epoch 88: loss 0.6849, val_ap 0.5820, minutes 43.62, lr 2.50e-04
    epoch 89: loss 0.6706, val_ap 0.5824, minutes 44.1, lr 2.50e-04
    epoch 90: loss 0.6734, val_ap 0.5843, minutes 44.59, lr 2.50e-04
    epoch 91: loss 0.6812, val_ap 0.5855, minutes 45.06, lr 2.50e-04
    epoch 92: loss 0.6746, val_ap 0.5844, minutes 45.55, lr 2.50e-04
    epoch 93: loss 0.6801, val_ap 0.5866, minutes 46.03, lr 2.50e-04
    epoch 94: loss 0.6641, val_ap 0.5828, minutes 46.5, lr 2.50e-04
    stopping: no validation gain in 25 epochs
[h2gcn_aux_r400 dataset0 fold 0 seed 2] done (47.2 min)
