loaded: dataset0 121,838 sites, data1 90,452
[h2gcn_twohead pooled_both fold 2 seed 1]
    epoch 1: loss 1.2622, val_ap 0.1691, minutes 0.76, lr 3.31e-04
    epoch 2: loss 1.0066, val_ap 0.3245, minutes 1.52, lr 6.58e-04
    epoch 3: loss 0.8570, val_ap 0.4444, minutes 2.31, lr 9.87e-04
    epoch 4: loss 0.7906, val_ap 0.4568, minutes 3.09, lr 1.00e-03
    epoch 5: loss 0.7564, val_ap 0.4776, minutes 3.89, lr 1.00e-03
    epoch 6: loss 0.7427, val_ap 0.4795, minutes 4.7, lr 1.00e-03
    epoch 7: loss 0.7449, val_ap 0.4793, minutes 5.49, lr 1.00e-03
    epoch 8: loss 0.7323, val_ap 0.4807, minutes 6.3, lr 1.00e-03
    epoch 9: loss 0.7130, val_ap 0.4798, minutes 7.09, lr 1.00e-03
    epoch 10: loss 0.7117, val_ap 0.4831, minutes 7.79, lr 1.00e-03
    epoch 11: loss 0.7054, val_ap 0.4869, minutes 8.55, lr 1.00e-03
    epoch 12: loss 0.6972, val_ap 0.4860, minutes 9.35, lr 1.00e-03
    epoch 13: loss 0.7035, val_ap 0.4846, minutes 10.15, lr 1.00e-03
    epoch 14: loss 0.6949, val_ap 0.4893, minutes 10.98, lr 1.00e-03
    epoch 15: loss 0.6887, val_ap 0.4888, minutes 11.73, lr 1.00e-03
    epoch 16: loss 0.6838, val_ap 0.4884, minutes 12.53, lr 1.00e-03
    epoch 17: loss 0.6803, val_ap 0.4916, minutes 13.3, lr 1.00e-03
    epoch 18: loss 0.6768, val_ap 0.4901, minutes 14.13, lr 1.00e-03
    epoch 19: loss 0.6889, val_ap 0.4940, minutes 14.89, lr 1.00e-03
    epoch 20: loss 0.6740, val_ap 0.4877, minutes 15.68, lr 1.00e-03
    epoch 21: loss 0.6705, val_ap 0.4975, minutes 16.44, lr 1.00e-03
    epoch 22: loss 0.6607, val_ap 0.4927, minutes 17.21, lr 1.00e-03
    epoch 23: loss 0.6678, val_ap 0.4949, minutes 18.01, lr 1.00e-03
    epoch 24: loss 0.6544, val_ap 0.4938, minutes 18.81, lr 1.00e-03
    epoch 25: loss 0.6633, val_ap 0.4917, minutes 19.6, lr 1.00e-03
    epoch 26: loss 0.6607, val_ap 0.4932, minutes 20.31, lr 1.00e-03
    epoch 27: loss 0.6478, val_ap 0.4944, minutes 21.04, lr 1.00e-03
    epoch 28: loss 0.6490, val_ap 0.4955, minutes 21.81, lr 1.00e-03
    epoch 29: loss 0.6391, val_ap 0.4987, minutes 22.56, lr 1.00e-03
    epoch 30: loss 0.6412, val_ap 0.4946, minutes 23.27, lr 1.00e-03
    epoch 31: loss 0.6372, val_ap 0.4956, minutes 23.97, lr 1.00e-03
    epoch 32: loss 0.6309, val_ap 0.4963, minutes 24.7, lr 1.00e-03
    epoch 33: loss 0.6307, val_ap 0.4505, minutes 25.39, lr 1.00e-03
    epoch 34: loss 0.6777, val_ap 0.5038, minutes 26.13, lr 1.00e-03
    epoch 35: loss 0.6236, val_ap 0.5030, minutes 26.82, lr 1.00e-03
    epoch 36: loss 0.6251, val_ap 0.5013, minutes 27.49, lr 1.00e-03
    epoch 37: loss 0.6236, val_ap 0.4976, minutes 28.16, lr 1.00e-03
    epoch 38: loss 0.6171, val_ap 0.4960, minutes 28.8, lr 1.00e-03
    epoch 39: loss 0.6200, val_ap 0.4992, minutes 29.5, lr 1.00e-03
    epoch 40: loss 0.6156, val_ap 0.4954, minutes 30.2, lr 1.00e-03
    epoch 41: loss 0.6016, val_ap 0.4915, minutes 30.82, lr 1.00e-03
    epoch 42: loss 0.5952, val_ap 0.4978, minutes 31.46, lr 1.00e-03
    epoch 43: loss 0.5983, val_ap 0.5048, minutes 32.16, lr 1.00e-03
    epoch 44: loss 0.5969, val_ap 0.4953, minutes 32.84, lr 1.00e-03
    epoch 45: loss 0.6019, val_ap 0.5035, minutes 33.58, lr 1.00e-03
    epoch 46: loss 0.5943, val_ap 0.4956, minutes 34.23, lr 1.00e-03
    epoch 47: loss 0.5881, val_ap 0.5000, minutes 34.89, lr 1.00e-03
    epoch 48: loss 0.5787, val_ap 0.4807, minutes 35.58, lr 1.00e-03
    epoch 49: loss 0.5799, val_ap 0.4964, minutes 36.24, lr 1.00e-03
    epoch 50: loss 0.5766, val_ap 0.4876, minutes 36.91, lr 1.00e-03
    epoch 51: loss 0.5679, val_ap 0.4894, minutes 37.55, lr 1.00e-03
    epoch 52: loss 0.5684, val_ap 0.4829, minutes 38.25, lr 5.00e-04
    epoch 53: loss 0.5600, val_ap 0.4974, minutes 38.88, lr 5.00e-04
    epoch 54: loss 0.5475, val_ap 0.4866, minutes 39.54, lr 5.00e-04
    epoch 55: loss 0.5431, val_ap 0.4913, minutes 40.2, lr 5.00e-04
    epoch 56: loss 0.5441, val_ap 0.4783, minutes 40.87, lr 5.00e-04
    epoch 57: loss 0.5395, val_ap 0.4825, minutes 41.49, lr 5.00e-04
    epoch 58: loss 0.5314, val_ap 0.4894, minutes 42.11, lr 5.00e-04
    epoch 59: loss 0.5368, val_ap 0.4779, minutes 42.76, lr 5.00e-04
    epoch 60: loss 0.5347, val_ap 0.4793, minutes 43.42, lr 5.00e-04
    epoch 61: loss 0.5269, val_ap 0.4847, minutes 44.09, lr 2.50e-04
    epoch 62: loss 0.5173, val_ap 0.4748, minutes 44.73, lr 2.50e-04
    epoch 63: loss 0.5197, val_ap 0.4741, minutes 45.46, lr 2.50e-04
    epoch 64: loss 0.5156, val_ap 0.4590, minutes 46.09, lr 2.50e-04
    epoch 65: loss 0.5176, val_ap 0.4678, minutes 46.73, lr 2.50e-04
    epoch 66: loss 0.5098, val_ap 0.4609, minutes 47.36, lr 2.50e-04
    epoch 67: loss 0.5174, val_ap 0.4777, minutes 47.97, lr 2.50e-04
    epoch 68: loss 0.5059, val_ap 0.4578, minutes 48.54, lr 2.50e-04
    stopping: no validation gain in 25 epochs
[h2gcn_twohead pooled_both fold 2 seed 1] done (49.1 min)
