loaded: dataset0 121,838 sites, data1 90,452
[scalar_random dataset0 fold 2 seed 2]
    kernel decay scale 108.1 nt (fitted to cell line 1 training labels)
    epoch 1: loss 1.9601, val_ap 0.1368, minutes 0.47, lr 3.33e-04
    epoch 2: loss 1.5447, val_ap 0.2614, minutes 0.96, lr 6.63e-04
    epoch 3: loss 1.3561, val_ap 0.3758, minutes 1.43, lr 9.89e-04
    epoch 4: loss 1.2681, val_ap 0.4480, minutes 1.88, lr 1.00e-03
    epoch 5: loss 1.1875, val_ap 0.4505, minutes 2.34, lr 1.00e-03
    epoch 6: loss 1.1624, val_ap 0.4729, minutes 2.83, lr 1.00e-03
    epoch 7: loss 1.1413, val_ap 0.4775, minutes 3.28, lr 1.00e-03
    epoch 8: loss 1.1076, val_ap 0.4777, minutes 3.76, lr 1.00e-03
    epoch 9: loss 1.1102, val_ap 0.4826, minutes 4.25, lr 1.00e-03
    epoch 10: loss 1.0869, val_ap 0.4777, minutes 4.74, lr 1.00e-03
    epoch 11: loss 1.0570, val_ap 0.4862, minutes 5.16, lr 1.00e-03
    epoch 12: loss 1.0751, val_ap 0.4932, minutes 5.67, lr 1.00e-03
    epoch 13: loss 1.0347, val_ap 0.4957, minutes 6.06, lr 1.00e-03
    epoch 14: loss 1.0423, val_ap 0.4947, minutes 6.54, lr 1.00e-03
    epoch 15: loss 1.0409, val_ap 0.4931, minutes 6.96, lr 1.00e-03
    epoch 16: loss 1.0240, val_ap 0.4967, minutes 7.4, lr 1.00e-03
    epoch 17: loss 1.0212, val_ap 0.4937, minutes 7.9, lr 1.00e-03
    epoch 18: loss 1.0378, val_ap 0.4962, minutes 8.38, lr 1.00e-03
    epoch 19: loss 1.0249, val_ap 0.5000, minutes 8.82, lr 1.00e-03
    epoch 20: loss 1.0196, val_ap 0.5099, minutes 9.34, lr 1.00e-03
    epoch 21: loss 1.0183, val_ap 0.5110, minutes 9.84, lr 1.00e-03
    epoch 22: loss 1.0007, val_ap 0.5106, minutes 10.31, lr 1.00e-03
    epoch 23: loss 1.0061, val_ap 0.5103, minutes 10.83, lr 1.00e-03
    epoch 24: loss 0.9942, val_ap 0.5114, minutes 11.33, lr 1.00e-03
    epoch 25: loss 0.9877, val_ap 0.5214, minutes 11.8, lr 1.00e-03
    epoch 26: loss 0.9912, val_ap 0.5241, minutes 12.37, lr 1.00e-03
    epoch 27: loss 0.9680, val_ap 0.5259, minutes 12.87, lr 1.00e-03
    epoch 28: loss 0.9731, val_ap 0.5300, minutes 13.32, lr 1.00e-03
    epoch 29: loss 0.9786, val_ap 0.5258, minutes 13.81, lr 1.00e-03
    epoch 30: loss 0.9695, val_ap 0.5297, minutes 14.29, lr 1.00e-03
    epoch 31: loss 0.9780, val_ap 0.5281, minutes 14.82, lr 1.00e-03
    epoch 32: loss 0.9867, val_ap 0.5280, minutes 15.28, lr 1.00e-03
    epoch 33: loss 0.9816, val_ap 0.5290, minutes 15.74, lr 1.00e-03
    epoch 34: loss 0.9545, val_ap 0.5358, minutes 16.2, lr 1.00e-03
    epoch 35: loss 0.9708, val_ap 0.5327, minutes 16.69, lr 1.00e-03
    epoch 36: loss 0.9613, val_ap 0.5297, minutes 17.16, lr 1.00e-03
    epoch 37: loss 0.9639, val_ap 0.5286, minutes 17.59, lr 1.00e-03
    epoch 38: loss 0.9622, val_ap 0.5454, minutes 18.1, lr 1.00e-03
    epoch 39: loss 0.9434, val_ap 0.5452, minutes 18.56, lr 1.00e-03
    epoch 40: loss 0.9482, val_ap 0.5432, minutes 19.03, lr 1.00e-03
    epoch 41: loss 0.9362, val_ap 0.5398, minutes 19.52, lr 1.00e-03
    epoch 42: loss 0.9367, val_ap 0.5388, minutes 20.01, lr 1.00e-03
    epoch 43: loss 0.9336, val_ap 0.5461, minutes 20.48, lr 1.00e-03
    epoch 44: loss 0.9231, val_ap 0.5518, minutes 20.96, lr 1.00e-03
    epoch 45: loss 0.9172, val_ap 0.5431, minutes 21.4, lr 1.00e-03
    epoch 46: loss 0.9298, val_ap 0.5530, minutes 21.86, lr 1.00e-03
    epoch 47: loss 0.9312, val_ap 0.5473, minutes 22.33, lr 1.00e-03
    epoch 48: loss 0.9175, val_ap 0.5492, minutes 22.8, lr 1.00e-03
    epoch 49: loss 0.9109, val_ap 0.5330, minutes 23.27, lr 1.00e-03
    epoch 50: loss 0.9232, val_ap 0.5399, minutes 23.72, lr 1.00e-03
    epoch 51: loss 0.8934, val_ap 0.5481, minutes 24.21, lr 1.00e-03
    epoch 52: loss 0.9136, val_ap 0.5489, minutes 24.64, lr 1.00e-03
    epoch 53: loss 0.9059, val_ap 0.5498, minutes 25.15, lr 1.00e-03
    epoch 54: loss 0.9445, val_ap 0.5475, minutes 25.6, lr 1.00e-03
    epoch 55: loss 0.8903, val_ap 0.5507, minutes 26.1, lr 5.00e-04
    epoch 56: loss 0.8835, val_ap 0.5534, minutes 26.57, lr 5.00e-04
    epoch 57: loss 0.8777, val_ap 0.5484, minutes 27.05, lr 5.00e-04
    epoch 58: loss 0.8700, val_ap 0.5520, minutes 27.56, lr 5.00e-04
    epoch 59: loss 0.8820, val_ap 0.5491, minutes 28.04, lr 5.00e-04
    epoch 60: loss 0.8841, val_ap 0.5523, minutes 28.53, lr 5.00e-04
    epoch 61: loss 0.8758, val_ap 0.5550, minutes 28.98, lr 5.00e-04
    epoch 62: loss 0.8742, val_ap 0.5545, minutes 29.45, lr 5.00e-04
    epoch 63: loss 0.8658, val_ap 0.5567, minutes 29.91, lr 5.00e-04
    epoch 64: loss 0.8604, val_ap 0.5538, minutes 30.35, lr 5.00e-04
    epoch 65: loss 0.8624, val_ap 0.5543, minutes 30.82, lr 5.00e-04
    epoch 66: loss 0.8549, val_ap 0.5498, minutes 31.28, lr 5.00e-04
    epoch 67: loss 0.8562, val_ap 0.5584, minutes 31.77, lr 5.00e-04
    epoch 68: loss 0.8567, val_ap 0.5505, minutes 32.24, lr 5.00e-04
    epoch 69: loss 0.8468, val_ap 0.5539, minutes 32.71, lr 5.00e-04
    epoch 70: loss 0.8423, val_ap 0.5513, minutes 33.18, lr 5.00e-04
    epoch 71: loss 0.8764, val_ap 0.5587, minutes 33.68, lr 5.00e-04
    epoch 72: loss 0.8443, val_ap 0.5556, minutes 34.16, lr 5.00e-04
    epoch 73: loss 0.8423, val_ap 0.5547, minutes 34.64, lr 5.00e-04
    epoch 74: loss 0.8373, val_ap 0.5605, minutes 35.11, lr 5.00e-04
    epoch 75: loss 0.8281, val_ap 0.5571, minutes 35.58, lr 5.00e-04
    epoch 76: loss 0.8433, val_ap 0.5505, minutes 36.06, lr 5.00e-04
    epoch 77: loss 0.8400, val_ap 0.5600, minutes 36.54, lr 5.00e-04
    epoch 78: loss 0.8457, val_ap 0.5586, minutes 37.0, lr 5.00e-04
    epoch 79: loss 0.8139, val_ap 0.5550, minutes 37.51, lr 5.00e-04
    epoch 80: loss 0.8445, val_ap 0.5557, minutes 37.98, lr 5.00e-04
    epoch 81: loss 0.8467, val_ap 0.5533, minutes 38.45, lr 5.00e-04
    epoch 82: loss 0.8386, val_ap 0.5575, minutes 38.94, lr 5.00e-04
    epoch 83: loss 0.8208, val_ap 0.5482, minutes 39.42, lr 2.50e-04
    epoch 84: loss 0.8149, val_ap 0.5500, minutes 39.89, lr 2.50e-04
    epoch 85: loss 0.8101, val_ap 0.5584, minutes 40.33, lr 2.50e-04
    epoch 86: loss 0.8128, val_ap 0.5542, minutes 40.79, lr 2.50e-04
    epoch 87: loss 0.8219, val_ap 0.5590, minutes 41.28, lr 2.50e-04
    epoch 88: loss 0.8048, val_ap 0.5542, minutes 41.75, lr 2.50e-04
    epoch 89: loss 0.8000, val_ap 0.5593, minutes 42.25, lr 2.50e-04
    epoch 90: loss 0.8143, val_ap 0.5582, minutes 42.74, lr 2.50e-04
    epoch 91: loss 0.8180, val_ap 0.5560, minutes 43.22, lr 2.50e-04
    epoch 92: loss 0.8193, val_ap 0.5558, minutes 43.71, lr 1.25e-04
    epoch 93: loss 0.8067, val_ap 0.5550, minutes 44.18, lr 1.25e-04
    epoch 94: loss 0.8057, val_ap 0.5591, minutes 44.64, lr 1.25e-04
    epoch 95: loss 0.8099, val_ap 0.5585, minutes 45.14, lr 1.25e-04
    epoch 96: loss 0.8092, val_ap 0.5548, minutes 45.62, lr 1.25e-04
    epoch 97: loss 0.7851, val_ap 0.5578, minutes 46.09, lr 1.25e-04
    epoch 98: loss 0.7998, val_ap 0.5541, minutes 46.6, lr 1.25e-04
    epoch 99: loss 0.8024, val_ap 0.5577, minutes 47.06, lr 1.25e-04
    stopping: no validation gain in 25 epochs
[scalar_random dataset0 fold 2 seed 2] done (47.7 min)
