loaded: dataset0 121,838 sites, data1 90,452
[res_nogate dataset0 fold 3]
    kernel decay scale 113.4 nt (fitted to cell line 1 training labels)
    epoch 1: loss 1.9547, val_ap 0.1461, minutes 0.49, lr 3.33e-04
    epoch 2: loss 1.5895, val_ap 0.2109, minutes 0.97, lr 6.63e-04
    epoch 3: loss 1.3592, val_ap 0.3794, minutes 1.48, lr 9.92e-04
    epoch 4: loss 1.2091, val_ap 0.4850, minutes 1.93, lr 1.00e-03
    epoch 5: loss 1.1343, val_ap 0.5036, minutes 2.43, lr 1.00e-03
    epoch 6: loss 1.0718, val_ap 0.5166, minutes 2.91, lr 1.00e-03
    epoch 7: loss 1.0611, val_ap 0.5262, minutes 3.44, lr 1.00e-03
    epoch 8: loss 1.0314, val_ap 0.5377, minutes 3.97, lr 1.00e-03
    epoch 9: loss 1.0281, val_ap 0.5410, minutes 4.43, lr 1.00e-03
    epoch 10: loss 1.0106, val_ap 0.5493, minutes 4.95, lr 1.00e-03
    epoch 11: loss 0.9979, val_ap 0.5546, minutes 5.44, lr 1.00e-03
    epoch 12: loss 0.9836, val_ap 0.5538, minutes 5.99, lr 1.00e-03
    epoch 13: loss 0.9631, val_ap 0.5669, minutes 6.48, lr 1.00e-03
    epoch 14: loss 0.9586, val_ap 0.5682, minutes 6.98, lr 1.00e-03
    epoch 15: loss 0.9768, val_ap 0.5659, minutes 7.48, lr 1.00e-03
    epoch 16: loss 0.9681, val_ap 0.5646, minutes 7.95, lr 1.00e-03
    epoch 17: loss 0.9783, val_ap 0.5777, minutes 8.44, lr 1.00e-03
    epoch 18: loss 0.9394, val_ap 0.5762, minutes 8.94, lr 1.00e-03
    epoch 19: loss 0.9325, val_ap 0.5769, minutes 9.47, lr 1.00e-03
    epoch 20: loss 0.9304, val_ap 0.5858, minutes 9.97, lr 1.00e-03
    epoch 21: loss 0.9316, val_ap 0.5910, minutes 10.53, lr 1.00e-03
    epoch 22: loss 0.9260, val_ap 0.5859, minutes 11.03, lr 1.00e-03
    epoch 23: loss 0.9000, val_ap 0.5881, minutes 11.56, lr 1.00e-03
    epoch 24: loss 0.9201, val_ap 0.5956, minutes 12.14, lr 1.00e-03
    epoch 25: loss 0.9023, val_ap 0.5967, minutes 12.64, lr 1.00e-03
    epoch 26: loss 0.9103, val_ap 0.5906, minutes 13.16, lr 1.00e-03
    epoch 27: loss 0.8992, val_ap 0.5965, minutes 13.7, lr 1.00e-03
    epoch 28: loss 0.8982, val_ap 0.5998, minutes 14.19, lr 1.00e-03
    epoch 29: loss 0.8957, val_ap 0.6026, minutes 14.71, lr 1.00e-03
    epoch 30: loss 0.8988, val_ap 0.6050, minutes 15.16, lr 1.00e-03
    epoch 31: loss 0.8783, val_ap 0.5980, minutes 15.63, lr 1.00e-03
    epoch 32: loss 0.9032, val_ap 0.6047, minutes 16.09, lr 1.00e-03
    epoch 33: loss 0.8984, val_ap 0.5949, minutes 16.56, lr 1.00e-03
    epoch 34: loss 0.8799, val_ap 0.6100, minutes 17.01, lr 1.00e-03
    epoch 35: loss 0.8927, val_ap 0.6026, minutes 17.49, lr 1.00e-03
    epoch 36: loss 0.8707, val_ap 0.6064, minutes 17.99, lr 1.00e-03
    epoch 37: loss 0.8774, val_ap 0.6119, minutes 18.46, lr 1.00e-03
    epoch 38: loss 0.8659, val_ap 0.6126, minutes 18.93, lr 1.00e-03
    epoch 39: loss 0.8784, val_ap 0.6139, minutes 19.39, lr 1.00e-03
    epoch 40: loss 0.8522, val_ap 0.6182, minutes 19.85, lr 1.00e-03
    epoch 41: loss 0.8702, val_ap 0.6185, minutes 20.33, lr 1.00e-03
    epoch 42: loss 0.8518, val_ap 0.6230, minutes 20.85, lr 1.00e-03
    epoch 43: loss 0.8580, val_ap 0.6207, minutes 21.33, lr 1.00e-03
    epoch 44: loss 0.8652, val_ap 0.6199, minutes 21.81, lr 1.00e-03
    epoch 45: loss 0.8529, val_ap 0.6203, minutes 22.26, lr 1.00e-03
    epoch 46: loss 0.8353, val_ap 0.6278, minutes 22.7, lr 1.00e-03
    epoch 47: loss 0.8415, val_ap 0.6259, minutes 23.2, lr 1.00e-03
    epoch 48: loss 0.8441, val_ap 0.6269, minutes 23.71, lr 1.00e-03
    epoch 49: loss 0.8368, val_ap 0.6339, minutes 24.24, lr 1.00e-03
    epoch 50: loss 0.8321, val_ap 0.6156, minutes 24.67, lr 1.00e-03
    epoch 51: loss 0.8404, val_ap 0.6205, minutes 25.12, lr 1.00e-03
    epoch 52: loss 0.8296, val_ap 0.6193, minutes 25.64, lr 1.00e-03
    epoch 53: loss 0.8199, val_ap 0.6266, minutes 26.12, lr 1.00e-03
    epoch 54: loss 0.8314, val_ap 0.6278, minutes 26.59, lr 1.00e-03
    epoch 55: loss 0.8172, val_ap 0.6311, minutes 27.05, lr 1.00e-03
    epoch 56: loss 0.8309, val_ap 0.6240, minutes 27.57, lr 1.00e-03
    epoch 57: loss 0.8218, val_ap 0.6292, minutes 28.0, lr 1.00e-03
    epoch 58: loss 0.8130, val_ap 0.6253, minutes 28.51, lr 5.00e-04
    epoch 59: loss 0.7935, val_ap 0.6343, minutes 28.94, lr 5.00e-04
    epoch 60: loss 0.7988, val_ap 0.6386, minutes 29.43, lr 5.00e-04
    epoch 61: loss 0.8006, val_ap 0.6385, minutes 29.87, lr 5.00e-04
    epoch 62: loss 0.7802, val_ap 0.6334, minutes 30.35, lr 5.00e-04
    epoch 63: loss 0.8161, val_ap 0.6388, minutes 30.81, lr 5.00e-04
    epoch 64: loss 0.7705, val_ap 0.6380, minutes 31.31, lr 5.00e-04
    epoch 65: loss 0.7847, val_ap 0.6382, minutes 31.8, lr 5.00e-04
    epoch 66: loss 0.8000, val_ap 0.6398, minutes 32.29, lr 5.00e-04
    epoch 67: loss 0.7806, val_ap 0.6402, minutes 32.79, lr 5.00e-04
    epoch 68: loss 0.7900, val_ap 0.6435, minutes 33.31, lr 5.00e-04
    epoch 69: loss 0.7798, val_ap 0.6371, minutes 33.81, lr 5.00e-04
    epoch 70: loss 0.8008, val_ap 0.6386, minutes 34.29, lr 5.00e-04
    epoch 71: loss 0.7620, val_ap 0.6401, minutes 34.83, lr 5.00e-04
    epoch 72: loss 0.7717, val_ap 0.6411, minutes 35.33, lr 5.00e-04
    epoch 73: loss 0.7665, val_ap 0.6450, minutes 35.82, lr 5.00e-04
    epoch 74: loss 0.7617, val_ap 0.6430, minutes 36.31, lr 5.00e-04
    epoch 75: loss 0.7648, val_ap 0.6473, minutes 36.77, lr 5.00e-04
    epoch 76: loss 0.7701, val_ap 0.6454, minutes 37.25, lr 5.00e-04
    epoch 77: loss 0.7727, val_ap 0.6450, minutes 37.67, lr 5.00e-04
    epoch 78: loss 0.7643, val_ap 0.6431, minutes 38.09, lr 5.00e-04
    epoch 79: loss 0.7646, val_ap 0.6472, minutes 38.56, lr 5.00e-04
    epoch 80: loss 0.7637, val_ap 0.6401, minutes 39.02, lr 5.00e-04
    epoch 81: loss 0.7512, val_ap 0.6392, minutes 39.48, lr 5.00e-04
    epoch 82: loss 0.7720, val_ap 0.6456, minutes 39.94, lr 5.00e-04
    epoch 83: loss 0.7492, val_ap 0.6429, minutes 40.38, lr 5.00e-04
    epoch 84: loss 0.7565, val_ap 0.6470, minutes 40.81, lr 2.50e-04
    epoch 85: loss 0.7554, val_ap 0.6489, minutes 41.25, lr 2.50e-04
    epoch 86: loss 0.7454, val_ap 0.6511, minutes 41.69, lr 2.50e-04
    epoch 87: loss 0.7595, val_ap 0.6496, minutes 42.16, lr 2.50e-04
    epoch 88: loss 0.7542, val_ap 0.6482, minutes 42.62, lr 2.50e-04
    epoch 89: loss 0.7304, val_ap 0.6459, minutes 43.09, lr 2.50e-04
    epoch 90: loss 0.7378, val_ap 0.6477, minutes 43.56, lr 2.50e-04
    epoch 91: loss 0.7360, val_ap 0.6491, minutes 44.02, lr 2.50e-04
    epoch 92: loss 0.7404, val_ap 0.6485, minutes 44.5, lr 2.50e-04
    epoch 93: loss 0.7294, val_ap 0.6474, minutes 44.94, lr 2.50e-04
    epoch 94: loss 0.7432, val_ap 0.6469, minutes 45.41, lr 2.50e-04
    epoch 95: loss 0.7301, val_ap 0.6482, minutes 45.89, lr 1.25e-04
    epoch 96: loss 0.7236, val_ap 0.6476, minutes 46.35, lr 1.25e-04
    epoch 97: loss 0.7224, val_ap 0.6482, minutes 46.82, lr 1.25e-04
    epoch 98: loss 0.7206, val_ap 0.6482, minutes 47.24, lr 1.25e-04
    epoch 99: loss 0.7198, val_ap 0.6482, minutes 47.7, lr 1.25e-04
    epoch 100: loss 0.7180, val_ap 0.6487, minutes 48.16, lr 1.25e-04
    epoch 101: loss 0.7171, val_ap 0.6494, minutes 48.6, lr 1.25e-04
    epoch 102: loss 0.7383, val_ap 0.6496, minutes 49.14, lr 1.25e-04
    epoch 103: loss 0.7231, val_ap 0.6508, minutes 49.59, lr 1.25e-04
    epoch 104: loss 0.7193, val_ap 0.6485, minutes 50.06, lr 6.25e-05
    epoch 105: loss 0.7141, val_ap 0.6502, minutes 50.55, lr 6.25e-05
    epoch 106: loss 0.7169, val_ap 0.6495, minutes 50.97, lr 6.25e-05
    epoch 107: loss 0.7162, val_ap 0.6502, minutes 51.42, lr 6.25e-05
    epoch 108: loss 0.7145, val_ap 0.6487, minutes 51.86, lr 6.25e-05
    epoch 109: loss 0.7370, val_ap 0.6484, minutes 52.35, lr 6.25e-05
    epoch 110: loss 0.7196, val_ap 0.6483, minutes 52.82, lr 6.25e-05
    epoch 111: loss 0.7098, val_ap 0.6483, minutes 53.33, lr 6.25e-05
    stopping: no validation gain in 25 epochs
[res_nogate dataset0 fold 3] done (54.0 min)
