loaded: dataset0 121,838 sites, data1 90,452
[h2gcn_aux_q pooled_both fold 4]
    epoch 1: loss 1.8531, val_ap 0.1772, minutes 0.91, lr 3.31e-04
    epoch 2: loss 1.5168, val_ap 0.3398, minutes 1.82, lr 6.60e-04
    epoch 3: loss 1.3790, val_ap 0.4039, minutes 2.67, lr 9.89e-04
    epoch 4: loss 1.3179, val_ap 0.4405, minutes 3.56, lr 1.00e-03
    epoch 5: loss 1.2787, val_ap 0.4435, minutes 4.4, lr 1.00e-03
    epoch 6: loss 1.2612, val_ap 0.4499, minutes 5.2, lr 1.00e-03
    epoch 7: loss 1.2565, val_ap 0.4482, minutes 5.99, lr 1.00e-03
    epoch 8: loss 1.2330, val_ap 0.4540, minutes 6.79, lr 1.00e-03
    epoch 9: loss 1.2397, val_ap 0.4490, minutes 7.57, lr 1.00e-03
    epoch 10: loss 1.2157, val_ap 0.4525, minutes 8.35, lr 1.00e-03
    epoch 11: loss 1.2147, val_ap 0.4499, minutes 9.15, lr 1.00e-03
    epoch 12: loss 1.2173, val_ap 0.4527, minutes 9.95, lr 1.00e-03
    epoch 13: loss 1.1961, val_ap 0.4536, minutes 10.73, lr 1.00e-03
    epoch 14: loss 1.1931, val_ap 0.4554, minutes 11.5, lr 1.00e-03
    epoch 15: loss 1.2013, val_ap 0.4610, minutes 12.29, lr 1.00e-03
    epoch 16: loss 1.1790, val_ap 0.4664, minutes 13.11, lr 1.00e-03
    epoch 17: loss 1.1834, val_ap 0.4737, minutes 13.87, lr 1.00e-03
    epoch 18: loss 1.1708, val_ap 0.4665, minutes 14.64, lr 1.00e-03
    epoch 19: loss 1.1678, val_ap 0.4635, minutes 15.46, lr 1.00e-03
    epoch 20: loss 1.1718, val_ap 0.4647, minutes 16.24, lr 1.00e-03
    epoch 21: loss 1.1606, val_ap 0.4714, minutes 17.04, lr 1.00e-03
    epoch 22: loss 1.1538, val_ap 0.4756, minutes 17.86, lr 1.00e-03
    epoch 23: loss 1.1644, val_ap 0.4752, minutes 18.65, lr 1.00e-03
    epoch 24: loss 1.1466, val_ap 0.4792, minutes 19.42, lr 1.00e-03
    epoch 25: loss 1.1439, val_ap 0.4775, minutes 20.18, lr 1.00e-03
    epoch 26: loss 1.1440, val_ap 0.4877, minutes 20.92, lr 1.00e-03
    epoch 27: loss 1.1242, val_ap 0.4903, minutes 21.7, lr 1.00e-03
    epoch 28: loss 1.1355, val_ap 0.4885, minutes 22.47, lr 1.00e-03
    epoch 29: loss 1.1222, val_ap 0.4861, minutes 23.26, lr 1.00e-03
    epoch 30: loss 1.1254, val_ap 0.4889, minutes 24.04, lr 1.00e-03
    epoch 31: loss 1.1258, val_ap 0.4895, minutes 24.84, lr 1.00e-03
    epoch 32: loss 1.1113, val_ap 0.4739, minutes 25.61, lr 1.00e-03
    epoch 33: loss 1.1155, val_ap 0.4894, minutes 26.38, lr 1.00e-03
    epoch 34: loss 1.1068, val_ap 0.4959, minutes 27.17, lr 1.00e-03
    epoch 35: loss 1.0962, val_ap 0.4887, minutes 27.96, lr 1.00e-03
    epoch 36: loss 1.0966, val_ap 0.4841, minutes 28.74, lr 1.00e-03
    epoch 37: loss 1.0891, val_ap 0.4951, minutes 29.5, lr 1.00e-03
    epoch 38: loss 1.0887, val_ap 0.4862, minutes 30.3, lr 1.00e-03
    epoch 39: loss 1.0838, val_ap 0.4950, minutes 31.08, lr 1.00e-03
    epoch 40: loss 1.0709, val_ap 0.4934, minutes 31.86, lr 1.00e-03
    epoch 41: loss 1.0789, val_ap 0.4869, minutes 32.64, lr 1.00e-03
    epoch 42: loss 1.0675, val_ap 0.4912, minutes 33.48, lr 1.00e-03
    epoch 43: loss 1.0638, val_ap 0.4927, minutes 34.26, lr 5.00e-04
    epoch 44: loss 1.0372, val_ap 0.4989, minutes 35.04, lr 5.00e-04
    epoch 45: loss 1.0391, val_ap 0.4953, minutes 35.82, lr 5.00e-04
    epoch 46: loss 1.0392, val_ap 0.4896, minutes 36.6, lr 5.00e-04
    epoch 47: loss 1.0258, val_ap 0.4865, minutes 37.33, lr 5.00e-04
    epoch 48: loss 1.0258, val_ap 0.4969, minutes 38.1, lr 5.00e-04
    epoch 49: loss 1.0246, val_ap 0.4930, minutes 38.93, lr 5.00e-04
    epoch 50: loss 1.0210, val_ap 0.4997, minutes 39.72, lr 5.00e-04
    epoch 51: loss 1.0101, val_ap 0.4933, minutes 40.59, lr 5.00e-04
    epoch 52: loss 1.0142, val_ap 0.4939, minutes 41.41, lr 5.00e-04
    epoch 53: loss 1.0152, val_ap 0.4907, minutes 42.2, lr 5.00e-04
    epoch 54: loss 1.0137, val_ap 0.4874, minutes 43.06, lr 5.00e-04
    epoch 55: loss 0.9972, val_ap 0.4886, minutes 43.8, lr 5.00e-04
    epoch 56: loss 1.0046, val_ap 0.4882, minutes 44.55, lr 5.00e-04
    epoch 57: loss 1.0037, val_ap 0.4921, minutes 45.28, lr 5.00e-04
    epoch 58: loss 0.9987, val_ap 0.4855, minutes 45.92, lr 5.00e-04
    epoch 59: loss 0.9911, val_ap 0.4914, minutes 46.54, lr 2.50e-04
    epoch 60: loss 0.9733, val_ap 0.4902, minutes 47.15, lr 2.50e-04
    epoch 61: loss 0.9726, val_ap 0.4849, minutes 47.73, lr 2.50e-04
    epoch 62: loss 0.9661, val_ap 0.4911, minutes 48.28, lr 2.50e-04
    epoch 63: loss 0.9672, val_ap 0.4891, minutes 48.86, lr 2.50e-04
    epoch 64: loss 0.9691, val_ap 0.4877, minutes 49.43, lr 2.50e-04
    epoch 65: loss 0.9747, val_ap 0.4929, minutes 50.01, lr 2.50e-04
    epoch 66: loss 0.9617, val_ap 0.4883, minutes 50.57, lr 2.50e-04
    epoch 67: loss 0.9581, val_ap 0.4897, minutes 51.13, lr 2.50e-04
    epoch 68: loss 0.9531, val_ap 0.4896, minutes 51.62, lr 1.25e-04
    epoch 69: loss 0.9467, val_ap 0.4891, minutes 52.09, lr 1.25e-04
    epoch 70: loss 0.9509, val_ap 0.4907, minutes 52.56, lr 1.25e-04
    epoch 71: loss 0.9473, val_ap 0.4909, minutes 53.05, lr 1.25e-04
    epoch 72: loss 0.9418, val_ap 0.4890, minutes 53.5, lr 1.25e-04
    epoch 73: loss 0.9464, val_ap 0.4870, minutes 53.96, lr 1.25e-04
    epoch 74: loss 0.9428, val_ap 0.4891, minutes 54.38, lr 1.25e-04
    epoch 75: loss 0.9392, val_ap 0.4866, minutes 54.8, lr 1.25e-04
    stopping: no validation gain in 25 epochs
[h2gcn_aux_q pooled_both fold 4] done (55.3 min)
