loaded: dataset0 121,838 sites, data1 90,452
[h2gcn pooled_both fold 4 seed 2]
    epoch 1: loss 1.2588, val_ap 0.1638, minutes 0.9, lr 3.31e-04
    epoch 2: loss 1.0220, val_ap 0.3261, minutes 1.84, lr 6.60e-04
    epoch 3: loss 0.9055, val_ap 0.4343, minutes 2.68, lr 9.89e-04
    epoch 4: loss 0.8432, val_ap 0.4597, minutes 3.52, lr 1.00e-03
    epoch 5: loss 0.8045, val_ap 0.4648, minutes 4.27, lr 1.00e-03
    epoch 6: loss 0.7884, val_ap 0.4710, minutes 5.0, lr 1.00e-03
    epoch 7: loss 0.7782, val_ap 0.4608, minutes 5.74, lr 1.00e-03
    epoch 8: loss 0.7739, val_ap 0.4679, minutes 6.43, lr 1.00e-03
    epoch 9: loss 0.7646, val_ap 0.4738, minutes 7.13, lr 1.00e-03
    epoch 10: loss 0.7598, val_ap 0.4773, minutes 7.87, lr 1.00e-03
    epoch 11: loss 0.7538, val_ap 0.4793, minutes 8.61, lr 1.00e-03
    epoch 12: loss 0.7530, val_ap 0.4848, minutes 9.36, lr 1.00e-03
    epoch 13: loss 0.7490, val_ap 0.4746, minutes 10.1, lr 1.00e-03
    epoch 14: loss 0.7390, val_ap 0.4814, minutes 10.89, lr 1.00e-03
    epoch 15: loss 0.7311, val_ap 0.4800, minutes 11.64, lr 1.00e-03
    epoch 16: loss 0.7331, val_ap 0.4753, minutes 12.44, lr 1.00e-03
    epoch 17: loss 0.7302, val_ap 0.4823, minutes 13.23, lr 1.00e-03
    epoch 18: loss 0.7269, val_ap 0.4795, minutes 14.0, lr 1.00e-03
    epoch 19: loss 0.7241, val_ap 0.4805, minutes 14.72, lr 1.00e-03
    epoch 20: loss 0.7170, val_ap 0.4841, minutes 15.43, lr 1.00e-03
    epoch 21: loss 0.7190, val_ap 0.4811, minutes 16.19, lr 5.00e-04
    epoch 22: loss 0.6997, val_ap 0.4850, minutes 16.92, lr 5.00e-04
    epoch 23: loss 0.7018, val_ap 0.4833, minutes 17.65, lr 5.00e-04
    epoch 24: loss 0.6966, val_ap 0.4853, minutes 18.34, lr 5.00e-04
    epoch 25: loss 0.6994, val_ap 0.4807, minutes 19.04, lr 5.00e-04
    epoch 26: loss 0.6922, val_ap 0.4838, minutes 19.78, lr 5.00e-04
    epoch 27: loss 0.6871, val_ap 0.4831, minutes 20.54, lr 5.00e-04
    epoch 28: loss 0.6904, val_ap 0.4847, minutes 21.29, lr 5.00e-04
    epoch 29: loss 0.6888, val_ap 0.4832, minutes 22.1, lr 5.00e-04
    epoch 30: loss 0.6851, val_ap 0.4850, minutes 22.81, lr 5.00e-04
    epoch 31: loss 0.6826, val_ap 0.4859, minutes 23.54, lr 5.00e-04
    epoch 32: loss 0.6772, val_ap 0.4864, minutes 24.3, lr 5.00e-04
    epoch 33: loss 0.6735, val_ap 0.4850, minutes 25.05, lr 5.00e-04
    epoch 34: loss 0.6677, val_ap 0.4820, minutes 25.8, lr 5.00e-04
    epoch 35: loss 0.6670, val_ap 0.4882, minutes 26.51, lr 5.00e-04
    epoch 36: loss 0.6636, val_ap 0.4811, minutes 27.27, lr 5.00e-04
    epoch 37: loss 0.6656, val_ap 0.4855, minutes 27.99, lr 5.00e-04
    epoch 38: loss 0.6591, val_ap 0.4861, minutes 28.75, lr 5.00e-04
    epoch 39: loss 0.6565, val_ap 0.4836, minutes 29.49, lr 5.00e-04
    epoch 40: loss 0.6568, val_ap 0.4823, minutes 30.23, lr 5.00e-04
    epoch 41: loss 0.6551, val_ap 0.4757, minutes 30.97, lr 5.00e-04
    epoch 42: loss 0.6519, val_ap 0.4877, minutes 31.7, lr 5.00e-04
    epoch 43: loss 0.6456, val_ap 0.4835, minutes 32.43, lr 5.00e-04
    epoch 44: loss 0.6499, val_ap 0.4838, minutes 33.25, lr 2.50e-04
    epoch 45: loss 0.6319, val_ap 0.4844, minutes 34.03, lr 2.50e-04
    epoch 46: loss 0.6293, val_ap 0.4771, minutes 34.8, lr 2.50e-04
    epoch 47: loss 0.6222, val_ap 0.4760, minutes 35.48, lr 2.50e-04
    epoch 48: loss 0.6240, val_ap 0.4817, minutes 36.14, lr 2.50e-04
    epoch 49: loss 0.6233, val_ap 0.4824, minutes 36.79, lr 2.50e-04
    epoch 50: loss 0.6197, val_ap 0.4796, minutes 37.38, lr 2.50e-04
    epoch 51: loss 0.6166, val_ap 0.4767, minutes 37.94, lr 2.50e-04
    epoch 52: loss 0.6209, val_ap 0.4820, minutes 38.48, lr 2.50e-04
    epoch 53: loss 0.6169, val_ap 0.4808, minutes 39.02, lr 1.25e-04
    epoch 54: loss 0.6082, val_ap 0.4784, minutes 39.56, lr 1.25e-04
    epoch 55: loss 0.6050, val_ap 0.4731, minutes 40.12, lr 1.25e-04
    epoch 56: loss 0.6091, val_ap 0.4769, minutes 40.66, lr 1.25e-04
    epoch 57: loss 0.6029, val_ap 0.4774, minutes 41.13, lr 1.25e-04
    epoch 58: loss 0.6057, val_ap 0.4773, minutes 41.63, lr 1.25e-04
    epoch 59: loss 0.6054, val_ap 0.4768, minutes 42.12, lr 1.25e-04
    epoch 60: loss 0.5996, val_ap 0.4721, minutes 42.55, lr 1.25e-04
    stopping: no validation gain in 25 epochs
[h2gcn pooled_both fold 4 seed 2] done (43.0 min)
