loaded: dataset0 121,838 sites, data1 90,452
[h2gcn_noisy pooled_both fold 2]
    epoch 1: loss 1.2586, val_ap 0.1817, minutes 0.93, lr 3.31e-04
    epoch 2: loss 1.0242, val_ap 0.3175, minutes 1.82, lr 6.58e-04
    epoch 3: loss 0.8953, val_ap 0.4473, minutes 2.68, lr 9.85e-04
    epoch 4: loss 0.8285, val_ap 0.4636, minutes 3.58, lr 1.00e-03
    epoch 5: loss 0.7990, val_ap 0.4636, minutes 4.44, lr 1.00e-03
    epoch 6: loss 0.7866, val_ap 0.4701, minutes 5.26, lr 1.00e-03
    epoch 7: loss 0.7707, val_ap 0.4679, minutes 6.01, lr 1.00e-03
    epoch 8: loss 0.7594, val_ap 0.4723, minutes 6.77, lr 1.00e-03
    epoch 9: loss 0.7498, val_ap 0.4704, minutes 7.56, lr 1.00e-03
    epoch 10: loss 0.7365, val_ap 0.4704, minutes 8.31, lr 1.00e-03
    epoch 11: loss 0.7414, val_ap 0.4755, minutes 9.04, lr 1.00e-03
    epoch 12: loss 0.7192, val_ap 0.4780, minutes 9.83, lr 1.00e-03
    epoch 13: loss 0.7196, val_ap 0.4810, minutes 10.64, lr 1.00e-03
    epoch 14: loss 0.7140, val_ap 0.4688, minutes 11.43, lr 1.00e-03
    epoch 15: loss 0.7198, val_ap 0.4834, minutes 12.24, lr 1.00e-03
    epoch 16: loss 0.7053, val_ap 0.4801, minutes 13.06, lr 1.00e-03
    epoch 17: loss 0.6925, val_ap 0.4869, minutes 13.9, lr 1.00e-03
    epoch 18: loss 0.6883, val_ap 0.4806, minutes 14.65, lr 1.00e-03
    epoch 19: loss 0.6852, val_ap 0.4875, minutes 15.48, lr 1.00e-03
    epoch 20: loss 0.6799, val_ap 0.4772, minutes 16.29, lr 1.00e-03
    epoch 21: loss 0.6885, val_ap 0.4926, minutes 17.04, lr 1.00e-03
    epoch 22: loss 0.6737, val_ap 0.4921, minutes 17.8, lr 1.00e-03
    epoch 23: loss 0.6691, val_ap 0.4872, minutes 18.57, lr 1.00e-03
    epoch 24: loss 0.6684, val_ap 0.4959, minutes 19.36, lr 1.00e-03
    epoch 25: loss 0.6639, val_ap 0.4946, minutes 20.17, lr 1.00e-03
    epoch 26: loss 0.6661, val_ap 0.4885, minutes 20.98, lr 1.00e-03
    epoch 27: loss 0.6603, val_ap 0.4907, minutes 21.76, lr 1.00e-03
    epoch 28: loss 0.6504, val_ap 0.4904, minutes 22.54, lr 1.00e-03
    epoch 29: loss 0.6569, val_ap 0.4937, minutes 23.33, lr 1.00e-03
    epoch 30: loss 0.6606, val_ap 0.4933, minutes 24.09, lr 1.00e-03
    epoch 31: loss 0.6480, val_ap 0.4929, minutes 24.87, lr 1.00e-03
    epoch 32: loss 0.6469, val_ap 0.4852, minutes 25.64, lr 1.00e-03
    epoch 33: loss 0.6501, val_ap 0.4922, minutes 26.44, lr 5.00e-04
    epoch 34: loss 0.6295, val_ap 0.4966, minutes 27.19, lr 5.00e-04
    epoch 35: loss 0.6314, val_ap 0.4910, minutes 27.98, lr 5.00e-04
    epoch 36: loss 0.6269, val_ap 0.4960, minutes 28.74, lr 5.00e-04
    epoch 37: loss 0.6189, val_ap 0.4943, minutes 29.54, lr 5.00e-04
    epoch 38: loss 0.6230, val_ap 0.4939, minutes 30.32, lr 5.00e-04
    epoch 39: loss 0.6200, val_ap 0.4925, minutes 31.12, lr 5.00e-04
    epoch 40: loss 0.6256, val_ap 0.4933, minutes 31.92, lr 5.00e-04
    epoch 41: loss 0.6201, val_ap 0.4968, minutes 32.69, lr 5.00e-04
    epoch 42: loss 0.6226, val_ap 0.4907, minutes 33.53, lr 5.00e-04
    epoch 43: loss 0.6162, val_ap 0.4896, minutes 34.34, lr 5.00e-04
    epoch 44: loss 0.6148, val_ap 0.4909, minutes 35.15, lr 5.00e-04
    epoch 45: loss 0.6119, val_ap 0.4940, minutes 35.95, lr 5.00e-04
    epoch 46: loss 0.6057, val_ap 0.4948, minutes 36.74, lr 5.00e-04
    epoch 47: loss 0.6067, val_ap 0.4890, minutes 37.52, lr 5.00e-04
    epoch 48: loss 0.6088, val_ap 0.4887, minutes 38.31, lr 5.00e-04
    epoch 49: loss 0.6057, val_ap 0.4772, minutes 39.12, lr 5.00e-04
    epoch 50: loss 0.6012, val_ap 0.4948, minutes 39.97, lr 2.50e-04
    epoch 51: loss 0.5960, val_ap 0.4924, minutes 40.72, lr 2.50e-04
    epoch 52: loss 0.5931, val_ap 0.4878, minutes 41.52, lr 2.50e-04
    epoch 53: loss 0.5896, val_ap 0.4812, minutes 42.37, lr 2.50e-04
    epoch 54: loss 0.5880, val_ap 0.4790, minutes 43.2, lr 2.50e-04
    epoch 55: loss 0.5906, val_ap 0.4827, minutes 44.0, lr 2.50e-04
    epoch 56: loss 0.5830, val_ap 0.4829, minutes 44.81, lr 2.50e-04
    epoch 57: loss 0.5862, val_ap 0.4831, minutes 45.64, lr 2.50e-04
    epoch 58: loss 0.5858, val_ap 0.4818, minutes 46.42, lr 2.50e-04
    epoch 59: loss 0.5839, val_ap 0.4837, minutes 47.19, lr 1.25e-04
    epoch 60: loss 0.5788, val_ap 0.4798, minutes 47.94, lr 1.25e-04
    epoch 61: loss 0.5812, val_ap 0.4779, minutes 48.76, lr 1.25e-04
    epoch 62: loss 0.5753, val_ap 0.4804, minutes 49.5, lr 1.25e-04
    epoch 63: loss 0.5733, val_ap 0.4793, minutes 50.23, lr 1.25e-04
    epoch 64: loss 0.5750, val_ap 0.4790, minutes 50.96, lr 1.25e-04
    epoch 65: loss 0.5744, val_ap 0.4783, minutes 51.67, lr 1.25e-04
    epoch 66: loss 0.5720, val_ap 0.4779, minutes 52.43, lr 1.25e-04
    stopping: no validation gain in 25 epochs
[h2gcn_noisy pooled_both fold 2] done (53.1 min)
