loaded: dataset0 121,838 sites, data1 90,452
[attn_mil dataset0 fold 4]
    epoch 1: loss 1.1909229791788167, minutes 0.25, val_ap 0.20554973205792168, lr 0.00033430232558139537
    epoch 2: loss 0.8759294134932895, minutes 0.48, val_ap 0.3917262483732532, lr 0.0006676356589147286
    epoch 3: loss 0.7860936692287755, minutes 0.74, val_ap 0.4284537115353692, lr 0.001
    epoch 4: loss 0.7572332795622737, minutes 0.99, val_ap 0.4401969805557307, lr 0.001
    epoch 5: loss 0.7417311264678489, minutes 1.25, val_ap 0.44961977893460026, lr 0.001
    epoch 6: loss 0.7338579025032909, minutes 1.52, val_ap 0.46087995833378254, lr 0.001
    epoch 7: loss 0.716019174820462, minutes 1.77, val_ap 0.4576034540486402, lr 0.001
    epoch 8: loss 0.7071915156272954, minutes 2.03, val_ap 0.46623271867162375, lr 0.001
    epoch 9: loss 0.7109868834011777, minutes 2.26, val_ap 0.47359526053079204, lr 0.001
    epoch 10: loss 0.696679697393678, minutes 2.51, val_ap 0.4821849800423791, lr 0.001
    epoch 11: loss 0.6884594917470632, minutes 2.76, val_ap 0.49604614918101153, lr 0.001
    epoch 12: loss 0.689024239951788, minutes 3.02, val_ap 0.4966038621661692, lr 0.001
    epoch 13: loss 0.6855876063711421, minutes 3.27, val_ap 0.4985104387529654, lr 0.001
    epoch 14: loss 0.6784758537487928, minutes 3.53, val_ap 0.49424315750913606, lr 0.001
    epoch 15: loss 0.6711573120813037, minutes 3.79, val_ap 0.5067236380521896, lr 0.001
    epoch 16: loss 0.6668991041044856, minutes 4.05, val_ap 0.4988529953733915, lr 0.001
    epoch 17: loss 0.6690658450473187, minutes 4.29, val_ap 0.5106451237601063, lr 0.001
    epoch 18: loss 0.6547680897421615, minutes 4.55, val_ap 0.4960911751474197, lr 0.001
    epoch 19: loss 0.6607324738315371, minutes 4.81, val_ap 0.5079411967159098, lr 0.001
    epoch 20: loss 0.6539645330157391, minutes 5.04, val_ap 0.505332703063019, lr 0.001
    epoch 21: loss 0.644624050706625, minutes 5.3, val_ap 0.501341212675631, lr 0.001
    epoch 22: loss 0.6484831702397313, minutes 5.56, val_ap 0.5142256504543462, lr 0.001
    epoch 23: loss 0.6534281115719053, minutes 5.81, val_ap 0.5006191111412044, lr 0.001
    epoch 24: loss 0.6445236892201179, minutes 6.05, val_ap 0.515772676678335, lr 0.001
    epoch 25: loss 0.6356620895134848, minutes 6.31, val_ap 0.5194804999259477, lr 0.001
    epoch 26: loss 0.6251383850914102, minutes 6.57, val_ap 0.5069038046750983, lr 0.001
    epoch 27: loss 0.630955056309007, minutes 6.83, val_ap 0.5110453573559144, lr 0.001
    epoch 28: loss 0.636797753097706, minutes 7.09, val_ap 0.5165758992966294, lr 0.001
    epoch 29: loss 0.6332014013341692, minutes 7.34, val_ap 0.5145924354681597, lr 0.001
    epoch 30: loss 0.6262212891218274, minutes 7.59, val_ap 0.5119757657439985, lr 0.001
    epoch 31: loss 0.6239751729854318, minutes 7.87, val_ap 0.517134433810739, lr 0.001
    epoch 32: loss 0.6242570244642192, minutes 8.12, val_ap 0.5044844424978925, lr 0.001
    epoch 33: loss 0.6178599594290867, minutes 8.37, val_ap 0.5039295172432182, lr 0.001
    epoch 34: loss 0.6170149521772251, minutes 8.63, val_ap 0.5021659020221099, lr 0.0005
    epoch 35: loss 0.604502858074252, minutes 8.88, val_ap 0.5197769116531603, lr 0.0005
    epoch 36: loss 0.5969141592639823, minutes 9.15, val_ap 0.5099404496788661, lr 0.0005
    epoch 37: loss 0.590661731310362, minutes 9.41, val_ap 0.5083955850280856, lr 0.0005
    epoch 38: loss 0.5936924998843393, minutes 9.66, val_ap 0.5066046423718434, lr 0.0005
    epoch 39: loss 0.5915570155132649, minutes 9.91, val_ap 0.5148832631042689, lr 0.0005
    epoch 40: loss 0.5857585819308148, minutes 10.16, val_ap 0.5073638753369266, lr 0.0005
    epoch 41: loss 0.586703103902035, minutes 10.42, val_ap 0.5082933202757649, lr 0.0005
    epoch 42: loss 0.5869341694511646, minutes 10.66, val_ap 0.5151019810267582, lr 0.0005
    epoch 43: loss 0.5848013293431249, minutes 10.91, val_ap 0.5218121417848159, lr 0.0005
    epoch 44: loss 0.5751632754366065, minutes 11.16, val_ap 0.5094036308845498, lr 0.0005
    epoch 45: loss 0.5777852231593326, minutes 11.4, val_ap 0.5110360757784251, lr 0.0005
    epoch 46: loss 0.5808500055830146, minutes 11.65, val_ap 0.5010320618786613, lr 0.0005
    epoch 47: loss 0.5804102601006974, minutes 11.92, val_ap 0.5218593878535447, lr 0.0005
    epoch 48: loss 0.5811348979383014, minutes 12.17, val_ap 0.5194143574235018, lr 0.0005
    epoch 49: loss 0.575955158489388, minutes 12.42, val_ap 0.5206679192968682, lr 0.0005
    epoch 50: loss 0.5712995673854684, minutes 12.66, val_ap 0.5066136932622551, lr 0.0005
    epoch 51: loss 0.5776999208123185, minutes 12.93, val_ap 0.5099973217737441, lr 0.0005
    epoch 52: loss 0.5733896542427152, minutes 13.19, val_ap 0.5107599947885071, lr 0.00025
    epoch 53: loss 0.5540336736932744, minutes 13.45, val_ap 0.5087564139124018, lr 0.00025
    epoch 54: loss 0.5605073184814564, minutes 13.71, val_ap 0.5123611867482398, lr 0.00025
    epoch 55: loss 0.5590064702772124, minutes 13.96, val_ap 0.5158376099171582, lr 0.00025
    epoch 56: loss 0.5525063374188057, minutes 14.22, val_ap 0.5178870880286657, lr 0.00025
    epoch 57: loss 0.5519120712266412, minutes 14.48, val_ap 0.5105182613795434, lr 0.00025
    epoch 58: loss 0.5619915025525315, minutes 14.74, val_ap 0.5190426876028826, lr 0.00025
    epoch 59: loss 0.5463764368621415, minutes 15.01, val_ap 0.5145583607164002, lr 0.00025
    epoch 60: loss 0.5509868579548459, minutes 15.27, val_ap 0.506659667649947, lr 0.00025
    epoch 61: loss 0.5544732910429322, minutes 15.54, val_ap 0.5096044289972921, lr 0.000125
    epoch 62: loss 0.551246487817099, minutes 15.8, val_ap 0.5170771576835272, lr 0.000125
    epoch 63: loss 0.5421737472764975, minutes 16.05, val_ap 0.5194089171828008, lr 0.000125
    epoch 64: loss 0.5350304898307767, minutes 16.32, val_ap 0.5183947797983356, lr 0.000125
    epoch 65: loss 0.5449619677870773, minutes 16.57, val_ap 0.516510465658848, lr 0.000125
    epoch 66: loss 0.5426793886825095, minutes 16.82, val_ap 0.5128737514359664, lr 0.000125
    epoch 67: loss 0.5421745049398999, minutes 17.08, val_ap 0.5134981566388072, lr 0.000125
    epoch 68: loss 0.544753675977158, minutes 17.33, val_ap 0.5159113277955002, lr 0.000125
    epoch 69: loss 0.5367782900846282, minutes 17.58, val_ap 0.513517006924673, lr 0.000125
    epoch 70: loss 0.5385864000161027, minutes 17.83, val_ap 0.5137943362696535, lr 6.25e-05
    epoch 71: loss 0.5322116306268199, minutes 18.08, val_ap 0.518134371598894, lr 6.25e-05
    stopping: no validation gain in 25 epochs
[attn_mil dataset0 fold 4] done (18.5 min)
