loaded: dataset0 121,838 sites, data1 90,452
[fk_band_shuffled pooled_both fold 0 seed 2]
    band weights [0.395, 0.347, 0.258] (bands ((0, 30), (30, 75), (75, 150)))
    epoch 1: loss 1.9044, val_ap 0.1910, minutes 0.95, lr 3.31e-04
    epoch 2: loss 1.5299, val_ap 0.3246, minutes 1.87, lr 6.60e-04
    epoch 3: loss 1.3813, val_ap 0.4028, minutes 2.74, lr 9.89e-04
    epoch 4: loss 1.2859, val_ap 0.4320, minutes 3.65, lr 1.00e-03
    epoch 5: loss 1.2567, val_ap 0.4414, minutes 4.51, lr 1.00e-03
    epoch 6: loss 1.2477, val_ap 0.4469, minutes 5.41, lr 1.00e-03
    epoch 7: loss 1.2317, val_ap 0.4508, minutes 6.35, lr 1.00e-03
    epoch 8: loss 1.2162, val_ap 0.4572, minutes 7.22, lr 1.00e-03
    epoch 9: loss 1.2161, val_ap 0.4605, minutes 8.09, lr 1.00e-03
    epoch 10: loss 1.2124, val_ap 0.4636, minutes 8.91, lr 1.00e-03
    epoch 11: loss 1.2031, val_ap 0.4598, minutes 9.83, lr 1.00e-03
    epoch 12: loss 1.2004, val_ap 0.4704, minutes 10.71, lr 1.00e-03
    epoch 13: loss 1.1907, val_ap 0.4666, minutes 11.55, lr 1.00e-03
    epoch 14: loss 1.1785, val_ap 0.4764, minutes 12.41, lr 1.00e-03
    epoch 15: loss 1.1800, val_ap 0.4737, minutes 13.31, lr 1.00e-03
    epoch 16: loss 1.1782, val_ap 0.4803, minutes 14.17, lr 1.00e-03
    epoch 17: loss 1.1625, val_ap 0.4802, minutes 15.04, lr 1.00e-03
    epoch 18: loss 1.1686, val_ap 0.4613, minutes 15.91, lr 1.00e-03
    epoch 19: loss 1.1528, val_ap 0.4832, minutes 16.78, lr 1.00e-03
    epoch 20: loss 1.1537, val_ap 0.4732, minutes 17.63, lr 1.00e-03
    epoch 21: loss 1.1478, val_ap 0.4883, minutes 18.49, lr 1.00e-03
    epoch 22: loss 1.1466, val_ap 0.4810, minutes 19.3, lr 1.00e-03
    epoch 23: loss 1.1544, val_ap 0.4849, minutes 20.15, lr 1.00e-03
    epoch 24: loss 1.1379, val_ap 0.4853, minutes 21.04, lr 1.00e-03
    epoch 25: loss 1.1329, val_ap 0.4877, minutes 21.94, lr 1.00e-03
    epoch 26: loss 1.1227, val_ap 0.4841, minutes 22.79, lr 1.00e-03
    epoch 27: loss 1.1169, val_ap 0.4819, minutes 23.68, lr 1.00e-03
    epoch 28: loss 1.1178, val_ap 0.4812, minutes 24.55, lr 1.00e-03
    epoch 29: loss 1.1235, val_ap 0.4876, minutes 25.43, lr 1.00e-03
    epoch 30: loss 1.1109, val_ap 0.4881, minutes 26.32, lr 5.00e-04
    epoch 31: loss 1.0926, val_ap 0.4860, minutes 27.19, lr 5.00e-04
    epoch 32: loss 1.0880, val_ap 0.4888, minutes 28.06, lr 5.00e-04
    epoch 33: loss 1.0914, val_ap 0.4861, minutes 28.91, lr 5.00e-04
    epoch 34: loss 1.0907, val_ap 0.4907, minutes 29.76, lr 5.00e-04
    epoch 35: loss 1.0838, val_ap 0.4867, minutes 30.64, lr 5.00e-04
    epoch 36: loss 1.0905, val_ap 0.4892, minutes 31.54, lr 5.00e-04
    epoch 37: loss 1.0821, val_ap 0.4896, minutes 32.38, lr 5.00e-04
    epoch 38: loss 1.0840, val_ap 0.4806, minutes 33.27, lr 5.00e-04
    epoch 39: loss 1.0751, val_ap 0.4870, minutes 34.2, lr 5.00e-04
    epoch 40: loss 1.0755, val_ap 0.4919, minutes 35.07, lr 5.00e-04
    epoch 41: loss 1.0712, val_ap 0.4915, minutes 35.94, lr 5.00e-04
    epoch 42: loss 1.0731, val_ap 0.4893, minutes 36.86, lr 5.00e-04
    epoch 43: loss 1.0670, val_ap 0.4837, minutes 37.73, lr 5.00e-04
    epoch 44: loss 1.0649, val_ap 0.4825, minutes 38.61, lr 5.00e-04
    epoch 45: loss 1.0692, val_ap 0.4935, minutes 39.54, lr 5.00e-04
    epoch 46: loss 1.0668, val_ap 0.4880, minutes 40.45, lr 5.00e-04
    epoch 47: loss 1.0570, val_ap 0.4855, minutes 41.31, lr 5.00e-04
    epoch 48: loss 1.0563, val_ap 0.4871, minutes 42.12, lr 5.00e-04
    epoch 49: loss 1.0556, val_ap 0.4925, minutes 42.95, lr 5.00e-04
    epoch 50: loss 1.0557, val_ap 0.4843, minutes 43.76, lr 5.00e-04
    epoch 51: loss 1.0475, val_ap 0.4847, minutes 44.55, lr 5.00e-04
    epoch 52: loss 1.0471, val_ap 0.4838, minutes 45.35, lr 5.00e-04
    epoch 53: loss 1.0391, val_ap 0.4820, minutes 46.13, lr 5.00e-04
    epoch 54: loss 1.0455, val_ap 0.4821, minutes 46.95, lr 2.50e-04
    epoch 55: loss 1.0264, val_ap 0.4856, minutes 47.78, lr 2.50e-04
    epoch 56: loss 1.0302, val_ap 0.4809, minutes 48.61, lr 2.50e-04
    epoch 57: loss 1.0269, val_ap 0.4873, minutes 49.41, lr 2.50e-04
    epoch 58: loss 1.0240, val_ap 0.4872, minutes 50.23, lr 2.50e-04
    epoch 59: loss 1.0198, val_ap 0.4856, minutes 51.03, lr 2.50e-04
    epoch 60: loss 1.0173, val_ap 0.4862, minutes 51.82, lr 2.50e-04
    epoch 61: loss 1.0137, val_ap 0.4869, minutes 52.65, lr 2.50e-04
    epoch 62: loss 1.0170, val_ap 0.4783, minutes 53.44, lr 2.50e-04
    epoch 63: loss 1.0164, val_ap 0.4825, minutes 54.23, lr 1.25e-04
    epoch 64: loss 1.0102, val_ap 0.4818, minutes 55.0, lr 1.25e-04
    epoch 65: loss 1.0082, val_ap 0.4838, minutes 55.76, lr 1.25e-04
    epoch 66: loss 1.0143, val_ap 0.4822, minutes 56.58, lr 1.25e-04
    epoch 67: loss 1.0026, val_ap 0.4825, minutes 57.43, lr 1.25e-04
    epoch 68: loss 1.0036, val_ap 0.4824, minutes 58.28, lr 1.25e-04
    epoch 69: loss 1.0081, val_ap 0.4822, minutes 59.11, lr 1.25e-04
    epoch 70: loss 1.0066, val_ap 0.4810, minutes 59.9, lr 1.25e-04
    stopping: no validation gain in 25 epochs
[fk_band_shuffled pooled_both fold 0 seed 2] done (60.6 min)
