loaded: dataset0 121,838 sites, data1 90,452
[scalar_msg pooled_both fold 1]
    kernel decay scale 114.6 nt (fitted to cell line 1 training labels)
    epoch 1: loss 2.0040, val_ap 0.1527, minutes 0.74, lr 3.31e-04
    epoch 2: loss 1.5945, val_ap 0.3041, minutes 1.45, lr 6.60e-04
    epoch 3: loss 1.3954, val_ap 0.4232, minutes 2.19, lr 9.89e-04
    epoch 4: loss 1.3189, val_ap 0.4379, minutes 2.88, lr 1.00e-03
    epoch 5: loss 1.2827, val_ap 0.4422, minutes 3.6, lr 1.00e-03
    epoch 6: loss 1.2671, val_ap 0.4501, minutes 4.36, lr 1.00e-03
    epoch 7: loss 1.2606, val_ap 0.4533, minutes 5.06, lr 1.00e-03
    epoch 8: loss 1.2551, val_ap 0.4511, minutes 5.74, lr 1.00e-03
    epoch 9: loss 1.2362, val_ap 0.4592, minutes 6.44, lr 1.00e-03
    epoch 10: loss 1.2243, val_ap 0.4611, minutes 7.16, lr 1.00e-03
    epoch 11: loss 1.2241, val_ap 0.4649, minutes 7.9, lr 1.00e-03
    epoch 12: loss 1.2297, val_ap 0.4678, minutes 8.68, lr 1.00e-03
    epoch 13: loss 1.2124, val_ap 0.4679, minutes 9.42, lr 1.00e-03
    epoch 14: loss 1.2035, val_ap 0.4742, minutes 10.1, lr 1.00e-03
    epoch 15: loss 1.2079, val_ap 0.4755, minutes 10.78, lr 1.00e-03
    epoch 16: loss 1.1965, val_ap 0.4751, minutes 11.45, lr 1.00e-03
    epoch 17: loss 1.1912, val_ap 0.4780, minutes 12.15, lr 1.00e-03
    epoch 18: loss 1.1850, val_ap 0.4743, minutes 12.86, lr 1.00e-03
    epoch 19: loss 1.1937, val_ap 0.4787, minutes 13.68, lr 1.00e-03
    epoch 20: loss 1.1777, val_ap 0.4811, minutes 14.43, lr 1.00e-03
    epoch 21: loss 1.1813, val_ap 0.4816, minutes 15.16, lr 1.00e-03
    epoch 22: loss 1.1871, val_ap 0.4824, minutes 15.86, lr 1.00e-03
    epoch 23: loss 1.1829, val_ap 0.4861, minutes 16.55, lr 1.00e-03
    epoch 24: loss 1.1644, val_ap 0.4769, minutes 17.28, lr 1.00e-03
    epoch 25: loss 1.1651, val_ap 0.4851, minutes 18.0, lr 1.00e-03
    epoch 26: loss 1.1650, val_ap 0.4858, minutes 18.73, lr 1.00e-03
    epoch 27: loss 1.1662, val_ap 0.4832, minutes 19.48, lr 1.00e-03
    epoch 28: loss 1.1592, val_ap 0.4904, minutes 20.18, lr 1.00e-03
    epoch 29: loss 1.1555, val_ap 0.4816, minutes 20.97, lr 1.00e-03
    epoch 30: loss 1.1461, val_ap 0.4855, minutes 21.69, lr 1.00e-03
    epoch 31: loss 1.1511, val_ap 0.4872, minutes 22.4, lr 1.00e-03
    epoch 32: loss 1.1486, val_ap 0.4882, minutes 23.1, lr 1.00e-03
    epoch 33: loss 1.1460, val_ap 0.4936, minutes 23.85, lr 1.00e-03
    epoch 34: loss 1.1474, val_ap 0.4890, minutes 24.65, lr 1.00e-03
    epoch 35: loss 1.1430, val_ap 0.4925, minutes 25.34, lr 1.00e-03
    epoch 36: loss 1.1318, val_ap 0.4900, minutes 26.06, lr 1.00e-03
    epoch 37: loss 1.1449, val_ap 0.4951, minutes 26.77, lr 1.00e-03
    epoch 38: loss 1.1322, val_ap 0.4908, minutes 27.51, lr 1.00e-03
    epoch 39: loss 1.1323, val_ap 0.4942, minutes 28.25, lr 1.00e-03
    epoch 40: loss 1.1254, val_ap 0.4910, minutes 28.99, lr 1.00e-03
    epoch 41: loss 1.1273, val_ap 0.4919, minutes 29.7, lr 1.00e-03
    epoch 42: loss 1.1310, val_ap 0.4945, minutes 30.44, lr 1.00e-03
    epoch 43: loss 1.1214, val_ap 0.4895, minutes 31.15, lr 1.00e-03
    epoch 44: loss 1.1255, val_ap 0.4949, minutes 31.9, lr 1.00e-03
    epoch 45: loss 1.1177, val_ap 0.4937, minutes 32.59, lr 1.00e-03
    epoch 46: loss 1.1195, val_ap 0.4891, minutes 33.29, lr 5.00e-04
    epoch 47: loss 1.1028, val_ap 0.4914, minutes 33.97, lr 5.00e-04
    epoch 48: loss 1.0958, val_ap 0.4891, minutes 34.73, lr 5.00e-04
    epoch 49: loss 1.0987, val_ap 0.4903, minutes 35.48, lr 5.00e-04
    epoch 50: loss 1.1016, val_ap 0.4887, minutes 36.2, lr 5.00e-04
    epoch 51: loss 1.1015, val_ap 0.4875, minutes 36.92, lr 5.00e-04
    epoch 52: loss 1.0999, val_ap 0.4898, minutes 37.63, lr 5.00e-04
    epoch 53: loss 1.0936, val_ap 0.4884, minutes 38.36, lr 5.00e-04
    epoch 54: loss 1.0909, val_ap 0.4863, minutes 39.05, lr 5.00e-04
    epoch 55: loss 1.0934, val_ap 0.4870, minutes 39.8, lr 2.50e-04
    epoch 56: loss 1.0802, val_ap 0.4875, minutes 40.48, lr 2.50e-04
    epoch 57: loss 1.0811, val_ap 0.4848, minutes 41.19, lr 2.50e-04
    epoch 58: loss 1.0794, val_ap 0.4871, minutes 41.98, lr 2.50e-04
    epoch 59: loss 1.0738, val_ap 0.4847, minutes 42.79, lr 2.50e-04
    epoch 60: loss 1.0740, val_ap 0.4870, minutes 43.59, lr 2.50e-04
    epoch 61: loss 1.0742, val_ap 0.4862, minutes 44.36, lr 2.50e-04
    epoch 62: loss 1.0848, val_ap 0.4875, minutes 45.17, lr 2.50e-04
    stopping: no validation gain in 25 epochs
[scalar_msg pooled_both fold 1] done (46.0 min)
