loaded: dataset0 121,838 sites, data1 90,452, 18,922,588 reads (3s)
  [dataset0 fold 1] network on 47,764 sites, scoring 93,125
    epoch 1: loss 1.0381115917870074, minutes 0.05, val_ap 0.3638363462813107
    epoch 2: loss 0.8477871094135879, minutes 0.1, val_ap 0.45700944118679554
    epoch 3: loss 0.7893199894814132, minutes 0.15, val_ap 0.46080729451236874
    epoch 4: loss 0.7692441161657344, minutes 0.2, val_ap 0.48300975405804436
    epoch 5: loss 0.7373983052080078, minutes 0.24, val_ap 0.48667098609368903
    epoch 6: loss 0.7257570326328278, minutes 0.29, val_ap 0.46471165280839544
    epoch 7: loss 0.7239246495886346, minutes 0.34, val_ap 0.4912586847394409
    epoch 8: loss 0.7138437935382644, minutes 0.39, val_ap 0.4871262590179423
    epoch 9: loss 0.7141089003554658, minutes 0.44, val_ap 0.499697435857928
    epoch 10: loss 0.7010050086961316, minutes 0.49, val_ap 0.4980523554596017
    epoch 11: loss 0.6977843204674693, minutes 0.54, val_ap 0.4812017233189117
    epoch 12: loss 0.675626070168666, minutes 0.59, val_ap 0.4864135564200213
    epoch 13: loss 0.6775442198177294, minutes 0.64, val_ap 0.4936740889938777
    epoch 14: loss 0.6667647816542256, minutes 0.68, val_ap 0.507388130457183
    epoch 15: loss 0.664929645082165, minutes 0.73, val_ap 0.5009859312332712
    epoch 16: loss 0.6496112053793979, minutes 0.78, val_ap 0.5098784784427098
    epoch 17: loss 0.6443350242741536, minutes 0.83, val_ap 0.4902013874493854
    epoch 18: loss 0.6544313523810723, minutes 0.88, val_ap 0.5065530583769415
    epoch 19: loss 0.6380349118585531, minutes 0.93, val_ap 0.5069589686554682
    epoch 20: loss 0.6449312615945849, minutes 0.98, val_ap 0.517732208998824
    epoch 21: loss 0.6401263959490495, minutes 1.02, val_ap 0.5185115834435439
    epoch 22: loss 0.6312759654714882, minutes 1.07, val_ap 0.521794490258226
    epoch 23: loss 0.6320349953078122, minutes 1.12, val_ap 0.535921022707306
    epoch 24: loss 0.6234321327223254, minutes 1.17, val_ap 0.534800866701581
    epoch 25: loss 0.6146101538156499, minutes 1.22, val_ap 0.538120702168072
    epoch 26: loss 0.6198251618643027, minutes 1.27, val_ap 0.5259118629451295
    epoch 27: loss 0.6088641373752859, minutes 1.32, val_ap 0.5263767094299916
    epoch 28: loss 0.606911028740723, minutes 1.37, val_ap 0.5289121531684706
    epoch 29: loss 0.6004006516382184, minutes 1.42, val_ap 0.532392109810565
    epoch 30: loss 0.6126390022004959, minutes 1.47, val_ap 0.535871696326955
    epoch 31: loss 0.6039896740906501, minutes 1.52, val_ap 0.5370832376070989
    epoch 32: loss 0.5842903742211403, minutes 1.57, val_ap 0.5412068971436556
    epoch 33: loss 0.6208098644466069, minutes 1.62, val_ap 0.5508972960825601
    epoch 34: loss 0.7681357967371196, minutes 1.67, val_ap 0.531807427231325
    epoch 35: loss 0.7348565393789656, minutes 1.72, val_ap 0.5164149198970545
    epoch 36: loss 0.6273235866444649, minutes 1.77, val_ap 0.5272859412221562
    epoch 37: loss 0.612477888778455, minutes 1.82, val_ap 0.5283186178654673
    epoch 38: loss 0.61129757090111, minutes 1.87, val_ap 0.5153788793013518
    epoch 39: loss 0.607134328928986, minutes 1.93, val_ap 0.5305212799011373
    epoch 40: loss 0.6017573244998909, minutes 1.98, val_ap 0.531332638023066
    epoch 41: loss 0.5908778316712793, minutes 2.03, val_ap 0.5343922526335577
    epoch 42: loss 0.6038829131278, minutes 2.08, val_ap 0.5299494435604505
    epoch 43: loss 0.5725351594431551, minutes 2.13, val_ap 0.5314069797491113
    epoch 44: loss 0.5748579316056532, minutes 2.18, val_ap 0.5279575493005487
    epoch 45: loss 0.5780375859985462, minutes 2.24, val_ap 0.5371207190010254
    epoch 46: loss 0.5810884130483418, minutes 2.29, val_ap 0.5400471115758629
    epoch 47: loss 0.5810041153706567, minutes 2.34, val_ap 0.5413810198398595
    epoch 48: loss 0.585610359390347, minutes 2.39, val_ap 0.5412258797475505
    epoch 49: loss 0.5849993773278473, minutes 2.44, val_ap 0.5333393528581569
    epoch 50: loss 0.5763020338006102, minutes 2.49, val_ap 0.5292018165532277
    epoch 51: loss 0.5830216781596917, minutes 2.54, val_ap 0.5475713846685497
    epoch 52: loss 0.5714537551292794, minutes 2.59, val_ap 0.5385568960420909
    epoch 53: loss 0.5654661402192419, minutes 2.64, val_ap 0.5402798601889528
    epoch 54: loss 0.5613130498139155, minutes 2.69, val_ap 0.5368922238091337
    epoch 55: loss 0.5746567323373232, minutes 2.74, val_ap 0.5425598741940262
    epoch 56: loss 0.568940896347079, minutes 2.79, val_ap 0.5399271264058647
    epoch 57: loss 0.542152567578189, minutes 2.84, val_ap 0.5407355900091517
    epoch 58: loss 0.5474916231425512, minutes 2.89, val_ap 0.5497536101226703
    epoch 59: loss 0.5528930358890164, minutes 2.94, val_ap 0.5426990478009563
    epoch 60: loss 0.5494320797437877, minutes 2.99, val_ap 0.5486144782202287
    epoch 61: loss 0.5400886135121991, minutes 3.04, val_ap 0.5485587819417359
    epoch 62: loss 0.5481363693413707, minutes 3.1, val_ap 0.5562798322293591
    epoch 63: loss 0.5358926874364731, minutes 3.15, val_ap 0.5609695854470389
    epoch 64: loss 0.5383023803978297, minutes 3.2, val_ap 0.5577402478071708
    epoch 65: loss 0.5420628493231845, minutes 3.25, val_ap 0.555722800147743
    epoch 66: loss 0.569374777161317, minutes 3.3, val_ap 0.5473256598683315
    epoch 67: loss 0.5461808865125468, minutes 3.35, val_ap 0.5650795821479567
    epoch 68: loss 0.5272868534044034, minutes 3.4, val_ap 0.5534043305319022
    epoch 69: loss 0.5290366450830691, minutes 3.46, val_ap 0.5643486276723865
    epoch 70: loss 0.5315358009986105, minutes 3.51, val_ap 0.5606721522121094
    epoch 71: loss 0.5201193020178404, minutes 3.56, val_ap 0.5519727856610678
    epoch 72: loss 0.5150636840245627, minutes 3.61, val_ap 0.5612488175183072
    epoch 73: loss 0.5369500567802804, minutes 3.66, val_ap 0.5498155172569877
    epoch 74: loss 0.5218205345159321, minutes 3.71, val_ap 0.5331288117057762
    epoch 75: loss 0.5315085463441176, minutes 3.76, val_ap 0.5632105653807624
    epoch 76: loss 0.5144777427174453, minutes 3.81, val_ap 0.5600748796464865
    epoch 77: loss 0.5386600329007717, minutes 3.86, val_ap 0.5661090278559473
    epoch 78: loss 0.5350742430528465, minutes 3.91, val_ap 0.5643007044066498
    epoch 79: loss 0.5048468684874519, minutes 3.96, val_ap 0.5625496405141751
    epoch 80: loss 0.5049491405831597, minutes 4.02, val_ap 0.5378010449471142
    epoch 81: loss 0.5014040506299521, minutes 4.07, val_ap 0.5592801811400809
    epoch 82: loss 0.4886155915742665, minutes 4.12, val_ap 0.5599267722150685
    epoch 83: loss 0.49829773811591155, minutes 4.17, val_ap 0.5520926121880645
    epoch 84: loss 0.5178301777109245, minutes 4.22, val_ap 0.5549509474512481
    epoch 85: loss 0.4868267209543658, minutes 4.28, val_ap 0.5535775530454397
    epoch 86: loss 0.4917697957743799, minutes 4.33, val_ap 0.5593527214281405
    epoch 87: loss 0.49317882067895347, minutes 4.38, val_ap 0.5737692332557166
    epoch 88: loss 0.5035796478132292, minutes 4.43, val_ap 0.5514275400370781
    epoch 89: loss 0.48934058069838265, minutes 4.49, val_ap 0.5593401171625902
    epoch 90: loss 0.47290011112056024, minutes 4.54, val_ap 0.5582917897692388
    epoch 91: loss 0.48413507898763425, minutes 4.59, val_ap 0.5437556463320717
    epoch 92: loss 0.4962430961559274, minutes 4.64, val_ap 0.5474123951940841
    epoch 93: loss 0.4851360999779894, minutes 4.7, val_ap 0.549797475583356
    epoch 94: loss 0.48929190454800003, minutes 4.75, val_ap 0.5451244137935849
    epoch 95: loss 0.4736699757376158, minutes 4.8, val_ap 0.539446303750347
    epoch 96: loss 0.47314280908920864, minutes 4.86, val_ap 0.5390255201088386
    epoch 97: loss 0.46666626485785995, minutes 4.91, val_ap 0.5814601065465711
    epoch 98: loss 0.479612724457173, minutes 4.96, val_ap 0.5643613297561173
    epoch 99: loss 0.49182125262786885, minutes 5.02, val_ap 0.5505038484858633
    epoch 100: loss 0.4776648860101755, minutes 5.09, val_ap 0.5633625909977276
    epoch 101: loss 0.4573180729770936, minutes 5.15, val_ap 0.5509021854026784
    epoch 102: loss 0.471443751557714, minutes 5.2, val_ap 0.5600470321199195
    epoch 103: loss 0.4745420504339858, minutes 5.27, val_ap 0.556705474995873
    epoch 104: loss 0.47929753294225375, minutes 5.32, val_ap 0.5372797970875482
    epoch 105: loss 0.4654687536245137, minutes 5.4, val_ap 0.5674725745084296
    epoch 106: loss 0.4582261109800008, minutes 5.47, val_ap 0.5650880589689702
    epoch 107: loss 0.45927174828645123, minutes 5.54, val_ap 0.5570900781470487
    epoch 108: loss 0.46640428745677703, minutes 5.61, val_ap 0.55507228025055
    epoch 109: loss 0.4442732395292017, minutes 5.67, val_ap 0.5517123872931455
    epoch 110: loss 0.46225409450903104, minutes 5.74, val_ap 0.534463233399361
    epoch 111: loss 0.4597930298375256, minutes 5.8, val_ap 0.5476299066978723
    epoch 112: loss 0.450320498964001, minutes 5.86, val_ap 0.5620905099350141
    epoch 113: loss 0.45728527388476226, minutes 5.93, val_ap 0.5540085954529925
    epoch 114: loss 0.45071662419793235, minutes 6.0, val_ap 0.5443962631415231
    epoch 115: loss 0.44118078276945677, minutes 6.06, val_ap 0.5168071888440064
    epoch 116: loss 0.4720254635190688, minutes 6.13, val_ap 0.5430741335729188
    epoch 117: loss 0.45520081177267724, minutes 6.19, val_ap 0.5586289123119019
    epoch 118: loss 0.44102125257425917, minutes 6.25, val_ap 0.5469984322910943
    epoch 119: loss 0.4485715521725616, minutes 6.31, val_ap 0.5352865532676194
    epoch 120: loss 0.44511865105243087, minutes 6.37, val_ap 0.5418937029975505
  [dataset0 fold 1] network on 48,151 sites, scoring 92,738
    epoch 1: loss 1.0327444218453907, minutes 0.06, val_ap 0.3079941834501784
    epoch 2: loss 0.8518045441735358, minutes 0.13, val_ap 0.3972563467363436
    epoch 3: loss 0.7977180085366681, minutes 0.19, val_ap 0.4183236057233489
    epoch 4: loss 0.7638414016082173, minutes 0.26, val_ap 0.447593395974604
    epoch 5: loss 0.7529139742255211, minutes 0.33, val_ap 0.43720594158007525
    epoch 6: loss 0.7208916340910253, minutes 0.4, val_ap 0.455421384526579
    epoch 7: loss 0.7112255552340121, minutes 0.47, val_ap 0.46862223517519
    epoch 8: loss 0.6963303914027554, minutes 0.53, val_ap 0.47353254696144176
    epoch 9: loss 0.6853628254362515, minutes 0.59, val_ap 0.470998545296864
    epoch 10: loss 0.6868750403324763, minutes 0.65, val_ap 0.47360439782565006
    epoch 11: loss 0.6661747207953816, minutes 0.71, val_ap 0.4741296285799264
    epoch 12: loss 0.6613605575902122, minutes 0.77, val_ap 0.46916178742528175
    epoch 13: loss 0.6609514988958836, minutes 0.83, val_ap 0.4678842521851635
    epoch 14: loss 0.656227495521307, minutes 0.88, val_ap 0.4848611522091815
    epoch 15: loss 0.6477906255140191, minutes 0.94, val_ap 0.4920441357694363
    epoch 16: loss 0.6350513366716248, minutes 1.0, val_ap 0.49493092160688346
    epoch 17: loss 0.6467846472348485, minutes 1.06, val_ap 0.4935055607641814
    epoch 18: loss 0.6313150383177257, minutes 1.11, val_ap 0.49101843866352346
    epoch 19: loss 0.6356941951172692, minutes 1.17, val_ap 0.4767425248663706
    epoch 20: loss 0.6274623427362669, minutes 1.23, val_ap 0.485942051681822
    epoch 21: loss 0.625566490704105, minutes 1.29, val_ap 0.4938490788255631
    epoch 22: loss 0.6234584161568255, minutes 1.36, val_ap 0.5066197668178489
    epoch 23: loss 0.6242023623060613, minutes 1.42, val_ap 0.5018777334392949
    epoch 24: loss 0.6153691077516192, minutes 1.48, val_ap 0.507704635171679
    epoch 25: loss 0.6046982813803923, minutes 1.55, val_ap 0.5163692464307242
    epoch 26: loss 0.6084507246102605, minutes 1.61, val_ap 0.5016930975042291
    epoch 27: loss 0.6025766006537846, minutes 1.67, val_ap 0.5012208200234585
    epoch 28: loss 0.6064237219591936, minutes 1.73, val_ap 0.5172298375454545
    epoch 29: loss 0.5828512727859474, minutes 1.79, val_ap 0.5151934386599613
    epoch 30: loss 0.597170465404079, minutes 1.85, val_ap 0.5047355554685283
    epoch 31: loss 0.5808434321412018, minutes 1.91, val_ap 0.5131144312418202
    epoch 32: loss 0.588370969252927, minutes 1.97, val_ap 0.5133067058746431
    epoch 33: loss 0.5975681164612373, minutes 2.03, val_ap 0.50827511105717
    epoch 34: loss 0.5766724983141536, minutes 2.09, val_ap 0.51263708931871
    epoch 35: loss 0.5881885811686516, minutes 2.16, val_ap 0.5108879308014408
    epoch 36: loss 0.5781139804139024, minutes 2.23, val_ap 0.5198160340246779
    epoch 37: loss 0.5748115873762539, minutes 2.29, val_ap 0.5121786989139601
    epoch 38: loss 0.551538341102146, minutes 2.36, val_ap 0.5223347160578768
    epoch 39: loss 0.5711162647321111, minutes 2.44, val_ap 0.5182342043532444
    epoch 40: loss 0.5618781081977344, minutes 2.49, val_ap 0.5003184665434376
    epoch 41: loss 0.5701297259933892, minutes 2.56, val_ap 0.5138001246366611
    epoch 42: loss 0.5498328235532556, minutes 2.61, val_ap 0.516471760206004
    epoch 43: loss 0.5653822249954655, minutes 2.67, val_ap 0.5100570500963456
    epoch 44: loss 0.5568703020967188, minutes 2.73, val_ap 0.5273249010912011
    epoch 45: loss 0.556992709814083, minutes 2.8, val_ap 0.5170276412196774
    epoch 46: loss 0.5618005210445041, minutes 2.86, val_ap 0.517709679278581
    epoch 47: loss 0.55423556410131, minutes 2.91, val_ap 0.5174193969642991
    epoch 48: loss 0.5374813315769037, minutes 2.96, val_ap 0.5164054973556637
    epoch 49: loss 0.5511595099454835, minutes 3.02, val_ap 0.5132649363265696
    epoch 50: loss 0.5350072640216067, minutes 3.07, val_ap 0.5124789778836458
    epoch 51: loss 0.5447770973578805, minutes 3.13, val_ap 0.5113624497314434
    epoch 52: loss 0.543816885955277, minutes 3.19, val_ap 0.507583710307356
    epoch 53: loss 0.533632152314697, minutes 3.24, val_ap 0.5091036140228403
    epoch 54: loss 0.5307214792285647, minutes 3.3, val_ap 0.5129434450043133
    epoch 55: loss 0.522591965805207, minutes 3.36, val_ap 0.5127061851655836
    epoch 56: loss 0.5211701208636874, minutes 3.41, val_ap 0.517786318375105
    epoch 57: loss 0.5417533822889838, minutes 3.47, val_ap 0.5154292624869964
    epoch 58: loss 0.5241449706788573, minutes 3.53, val_ap 0.51123847648992
    epoch 59: loss 0.5163701479988438, minutes 3.59, val_ap 0.5128440619198066
    epoch 60: loss 0.5070157515860739, minutes 3.65, val_ap 0.5230567897440054
    epoch 61: loss 0.5097858889826706, minutes 3.71, val_ap 0.5093811854268718
    epoch 62: loss 0.505528084046784, minutes 3.76, val_ap 0.5126065082543335
    epoch 63: loss 0.5039015485062486, minutes 3.83, val_ap 0.5026350457641805
    epoch 64: loss 0.5154620526092393, minutes 3.89, val_ap 0.506467562608337
    epoch 65: loss 0.5155096894041413, minutes 3.95, val_ap 0.5218574881576423
    epoch 66: loss 0.498828202663433, minutes 4.0, val_ap 0.4990243019120908
    epoch 67: loss 0.5046008493573892, minutes 4.06, val_ap 0.5233173099294746
    epoch 68: loss 0.49444522628826754, minutes 4.13, val_ap 0.5102217337403776
    epoch 69: loss 0.5024962758734113, minutes 4.2, val_ap 0.5129857061242995
    epoch 70: loss 0.520278122808252, minutes 4.26, val_ap 0.5154134900411551
    epoch 71: loss 0.49957995773071334, minutes 4.32, val_ap 0.5030977104052853
    epoch 72: loss 0.49804707279517535, minutes 4.37, val_ap 0.5183546924446201
    epoch 73: loss 0.49500825646377744, minutes 4.44, val_ap 0.5165997192994916
    stopping: no validation gain in 30 epochs
  [dataset0 fold 1] done (11.1 min)
  [pooled_both fold 1] network on 83,888 sites, scoring 128,402
    epoch 1: loss 1.048638706983522, minutes 0.1, val_ap 0.36788883920862236
    epoch 2: loss 0.93389542930546, minutes 0.2, val_ap 0.39793546990315687
    epoch 3: loss 0.9007065292212654, minutes 0.3, val_ap 0.40611186128777255
    epoch 4: loss 0.8853266599566437, minutes 0.39, val_ap 0.40617722039754495
    epoch 5: loss 0.8724919296182271, minutes 0.49, val_ap 0.41227652317659175
    epoch 6: loss 0.8606421319749268, minutes 0.61, val_ap 0.4186299882558495
    epoch 7: loss 0.8551599665535645, minutes 0.73, val_ap 0.42440785875013476
    epoch 8: loss 0.8536763757566281, minutes 0.84, val_ap 0.4222972176073082
    epoch 9: loss 0.8492732067836876, minutes 0.94, val_ap 0.4309998158251439
    epoch 10: loss 0.8370776922005752, minutes 1.06, val_ap 0.42223342984579804
    epoch 11: loss 0.8322634425670206, minutes 1.14, val_ap 0.42729007375980377
    epoch 12: loss 0.8309153853064756, minutes 1.23, val_ap 0.4307399791663677
    epoch 13: loss 0.8303053026579543, minutes 1.32, val_ap 0.4331412521019428
    epoch 14: loss 0.8216994696875347, minutes 1.41, val_ap 0.4408828998953538
    epoch 15: loss 0.8200108974280943, minutes 1.49, val_ap 0.42754782886889064
    epoch 16: loss 0.8105526371453687, minutes 1.58, val_ap 0.43359349633831595
    epoch 17: loss 0.8078495472966635, minutes 1.66, val_ap 0.43860459287173154
    epoch 18: loss 0.8055456398531448, minutes 1.75, val_ap 0.4334688420364429
    epoch 19: loss 0.802246972968016, minutes 1.84, val_ap 0.43999243795791865
    epoch 20: loss 0.7979860022614564, minutes 1.92, val_ap 0.4429450032292065
    epoch 21: loss 0.7993423214980534, minutes 2.01, val_ap 0.4356348309769449
    epoch 22: loss 0.7980907684148744, minutes 2.1, val_ap 0.4383465771679788
    epoch 23: loss 0.7934234040322098, minutes 2.2, val_ap 0.43725234710046423
    epoch 24: loss 0.785530861628016, minutes 2.31, val_ap 0.4368659615579666
    epoch 25: loss 0.7809747976322111, minutes 2.4, val_ap 0.4277648131915291
    epoch 26: loss 0.7769262817412912, minutes 2.5, val_ap 0.4332375361297532
    epoch 27: loss 0.7778476617264986, minutes 2.6, val_ap 0.44526511873907476
    epoch 28: loss 0.7701025513121456, minutes 2.7, val_ap 0.4525464273743492
    epoch 29: loss 0.7757657505943134, minutes 2.79, val_ap 0.45269036666000034
    epoch 30: loss 0.7681467026175058, minutes 2.89, val_ap 0.44477322857385937
    epoch 31: loss 0.7649653522279175, minutes 3.0, val_ap 0.43717065277104367
    epoch 32: loss 0.7671513392085649, minutes 3.1, val_ap 0.44906947561778976
    epoch 33: loss 0.754463849372642, minutes 3.21, val_ap 0.45370024744491455
    epoch 34: loss 0.7570674441185504, minutes 3.31, val_ap 0.43230021585776224
    epoch 35: loss 0.7513193020788934, minutes 3.4, val_ap 0.44638828841936795
    epoch 36: loss 0.7472975713470054, minutes 3.5, val_ap 0.4448871434311757
    epoch 37: loss 0.7473155571970829, minutes 3.59, val_ap 0.43588628515351047
    epoch 38: loss 0.7493905673589422, minutes 3.69, val_ap 0.44293401381256364
    epoch 39: loss 0.7397739126832779, minutes 3.78, val_ap 0.4409978950672764
    epoch 40: loss 0.7356828787794145, minutes 3.88, val_ap 0.4385462260502378
    epoch 41: loss 0.7389178821612831, minutes 3.98, val_ap 0.43448443488795474
    epoch 42: loss 0.7351600075282924, minutes 4.08, val_ap 0.4507588024376953
    epoch 43: loss 0.730437696079083, minutes 4.18, val_ap 0.4535349457593937
    epoch 44: loss 0.7304640640056015, minutes 4.3, val_ap 0.43424590784081574
    epoch 45: loss 0.7257703262508114, minutes 4.41, val_ap 0.4431113351688946
    epoch 46: loss 0.7258480193210994, minutes 4.52, val_ap 0.4382966141895609
    epoch 47: loss 0.7189573380242155, minutes 4.63, val_ap 0.4399808579128542
    epoch 48: loss 0.7155504178169162, minutes 4.73, val_ap 0.43752844193375884
    epoch 49: loss 0.7154344099502626, minutes 4.83, val_ap 0.44002625273417395
    epoch 50: loss 0.7133589293869627, minutes 4.94, val_ap 0.42170025243873227
    epoch 51: loss 0.712912071681894, minutes 5.04, val_ap 0.43770902823431623
    epoch 52: loss 0.7123617694227402, minutes 5.14, val_ap 0.44223719297624353
    epoch 53: loss 0.7054058611392975, minutes 5.24, val_ap 0.43954220145364425
    epoch 54: loss 0.7103422898984827, minutes 5.34, val_ap 0.43079839809151854
    epoch 55: loss 0.7035621354152198, minutes 5.46, val_ap 0.41707885415794027
    epoch 56: loss 0.7049494261955502, minutes 5.58, val_ap 0.44328430961491827
    epoch 57: loss 0.6899138985084141, minutes 5.69, val_ap 0.43605129347593646
    epoch 58: loss 0.696782282321556, minutes 5.8, val_ap 0.42615566229695645
    epoch 59: loss 0.6895770518684704, minutes 5.9, val_ap 0.4361889022620859
    epoch 60: loss 0.6826421794701256, minutes 5.99, val_ap 0.4321902230614706
    epoch 61: loss 0.6962772445425243, minutes 6.11, val_ap 0.4238212378684758
    epoch 62: loss 0.6840411257308187, minutes 6.21, val_ap 0.4307083904518556
    stopping: no validation gain in 30 epochs
  [pooled_both fold 1] network on 83,428 sites, scoring 128,862
    epoch 1: loss 1.031014850868802, minutes 0.09, val_ap 0.35327488120142864
    epoch 2: loss 0.9073965447055515, minutes 0.2, val_ap 0.36979582448239173
    epoch 3: loss 0.8798993272879689, minutes 0.32, val_ap 0.38020112822493196
    epoch 4: loss 0.8730867386273912, minutes 0.43, val_ap 0.3978587625760546
    epoch 5: loss 0.8553141374973088, minutes 0.54, val_ap 0.3953625406818171
    epoch 6: loss 0.843062094396742, minutes 0.66, val_ap 0.40246164480591956
    epoch 7: loss 0.8380795272764882, minutes 0.76, val_ap 0.4019868757961081
    epoch 8: loss 0.8248771490509977, minutes 0.86, val_ap 0.39735010274849536
    epoch 9: loss 0.82472793404589, minutes 0.95, val_ap 0.4025433438797162
    epoch 10: loss 0.8201788377106395, minutes 1.06, val_ap 0.40300977154165407
    epoch 11: loss 0.8161026999303156, minutes 1.16, val_ap 0.3968193839563657
    epoch 12: loss 0.8107508515164614, minutes 1.26, val_ap 0.4067041316832866
    epoch 13: loss 0.8030324656119461, minutes 1.37, val_ap 0.41362438380938904
    epoch 14: loss 0.8016973113276294, minutes 1.49, val_ap 0.40770882193378766
    epoch 15: loss 0.7933733898544639, minutes 1.61, val_ap 0.41090239599852935
    epoch 16: loss 0.7909283474138922, minutes 1.73, val_ap 0.4103712228822096
    epoch 17: loss 0.7868970665325414, minutes 1.83, val_ap 0.4252302401696101
    epoch 18: loss 0.7885792771565545, minutes 1.92, val_ap 0.421016654764211
    epoch 19: loss 0.7761244361138425, minutes 2.02, val_ap 0.4253014130103094
    epoch 20: loss 0.7722546890429205, minutes 2.11, val_ap 0.43329447833889395
    epoch 21: loss 0.7691888201892171, minutes 2.2, val_ap 0.42683323686313435
    epoch 22: loss 0.7700938402172626, minutes 2.29, val_ap 0.43263285178334265
    epoch 23: loss 0.7665357677797272, minutes 2.39, val_ap 0.422397369079789
    epoch 24: loss 0.7668752588357303, minutes 2.48, val_ap 0.4335581908701799
    epoch 25: loss 0.7581319692208595, minutes 2.57, val_ap 0.4279122426403757
    epoch 26: loss 0.75477105184519, minutes 2.66, val_ap 0.42720006867981575
    epoch 27: loss 0.7574614468718722, minutes 2.76, val_ap 0.4261042153726686
    epoch 28: loss 0.75184353684232, minutes 2.86, val_ap 0.44360905063393263
    epoch 29: loss 0.7441121736138138, minutes 2.95, val_ap 0.43516062933286087
    epoch 30: loss 0.745311831588188, minutes 3.04, val_ap 0.4313962862921621
    epoch 31: loss 0.7348853769580933, minutes 3.14, val_ap 0.43273847984343
    epoch 32: loss 0.7421749357095698, minutes 3.23, val_ap 0.4331895315275006
    epoch 33: loss 0.7383804643891522, minutes 3.32, val_ap 0.4305778136476046
    epoch 34: loss 0.735667645316763, minutes 3.42, val_ap 0.43811253935848166
    epoch 35: loss 0.7284971893448191, minutes 3.52, val_ap 0.42111862195838856
    epoch 36: loss 0.7244200883657252, minutes 3.61, val_ap 0.43915496940646165
    epoch 37: loss 0.7332015430804381, minutes 3.7, val_ap 0.44059207604546885
    epoch 38: loss 0.7181477580488342, minutes 3.78, val_ap 0.4276203888517181
    epoch 39: loss 0.7256505619414484, minutes 3.87, val_ap 0.439127048875079
    epoch 40: loss 0.7176107824668032, minutes 3.95, val_ap 0.4393551749945641
    epoch 41: loss 0.7223817244223303, minutes 4.04, val_ap 0.4353649953435846
    epoch 42: loss 0.7122772999645508, minutes 4.12, val_ap 0.43564208321879505
    epoch 43: loss 0.712179734944478, minutes 4.21, val_ap 0.4288213469971157
    epoch 44: loss 0.7109159425771523, minutes 4.3, val_ap 0.4285336862005174
    epoch 45: loss 0.7034132778644562, minutes 4.38, val_ap 0.43489759333334976
    epoch 46: loss 0.7084894329821531, minutes 4.47, val_ap 0.436033479567812
    epoch 47: loss 0.7122332672892567, minutes 4.55, val_ap 0.43769833365790833
    epoch 48: loss 0.6968018369576365, minutes 4.64, val_ap 0.4380381842797377
    epoch 49: loss 0.7014655869236517, minutes 4.72, val_ap 0.4279606596675204
    epoch 50: loss 0.6900631069522543, minutes 4.81, val_ap 0.43656950630720665
    epoch 51: loss 0.7006740109207704, minutes 4.89, val_ap 0.4342478303502103
    epoch 52: loss 0.7014965367890715, minutes 4.98, val_ap 0.43556652786388567
    epoch 53: loss 0.6891785122684597, minutes 5.07, val_ap 0.4396535891216748
    epoch 54: loss 0.687914778686471, minutes 5.16, val_ap 0.44214704293283474
    epoch 55: loss 0.6912849276131371, minutes 5.25, val_ap 0.4434876294699701
    epoch 56: loss 0.6867322397395917, minutes 5.35, val_ap 0.4341406050130861
    epoch 57: loss 0.682916532062583, minutes 5.45, val_ap 0.4405004913454519
    stopping: no validation gain in 30 epochs
  [pooled_both fold 1] done (12.1 min)
