loaded: dataset0 121,838 sites, data1 90,452
[fk_band_shuffled pooled_both fold 3]
    band weights [0.4, 0.363, 0.237] (bands ((0, 30), (30, 75), (75, 150)))
    epoch 1: loss 1.8926, val_ap 0.1491, minutes 0.99, lr 3.31e-04
    epoch 2: loss 1.5592, val_ap 0.2846, minutes 1.87, lr 6.60e-04
    epoch 3: loss 1.4153, val_ap 0.4109, minutes 2.75, lr 9.89e-04
    epoch 4: loss 1.2984, val_ap 0.4509, minutes 3.65, lr 1.00e-03
    epoch 5: loss 1.2464, val_ap 0.4653, minutes 4.49, lr 1.00e-03
    epoch 6: loss 1.2201, val_ap 0.4745, minutes 5.36, lr 1.00e-03
    epoch 7: loss 1.2077, val_ap 0.4772, minutes 6.23, lr 1.00e-03
    epoch 8: loss 1.1992, val_ap 0.4813, minutes 7.15, lr 1.00e-03
    epoch 9: loss 1.1849, val_ap 0.4895, minutes 8.05, lr 1.00e-03
    epoch 10: loss 1.1792, val_ap 0.4890, minutes 8.95, lr 1.00e-03
    epoch 11: loss 1.1741, val_ap 0.4854, minutes 9.85, lr 1.00e-03
    epoch 12: loss 1.1714, val_ap 0.4907, minutes 10.75, lr 1.00e-03
    epoch 13: loss 1.1680, val_ap 0.4915, minutes 11.61, lr 1.00e-03
    epoch 14: loss 1.1606, val_ap 0.4917, minutes 12.46, lr 1.00e-03
    epoch 15: loss 1.1567, val_ap 0.4927, minutes 13.28, lr 1.00e-03
    epoch 16: loss 1.1488, val_ap 0.5001, minutes 14.11, lr 1.00e-03
    epoch 17: loss 1.1532, val_ap 0.5014, minutes 14.91, lr 1.00e-03
    epoch 18: loss 1.1523, val_ap 0.5056, minutes 15.82, lr 1.00e-03
    epoch 19: loss 1.1451, val_ap 0.5006, minutes 16.67, lr 1.00e-03
    epoch 20: loss 1.1366, val_ap 0.5000, minutes 17.47, lr 1.00e-03
    epoch 21: loss 1.1309, val_ap 0.5061, minutes 18.31, lr 1.00e-03
    epoch 22: loss 1.1378, val_ap 0.5046, minutes 19.28, lr 1.00e-03
    epoch 23: loss 1.1374, val_ap 0.5074, minutes 20.26, lr 1.00e-03
    epoch 24: loss 1.1144, val_ap 0.5064, minutes 21.07, lr 1.00e-03
    epoch 25: loss 1.1147, val_ap 0.5056, minutes 21.87, lr 1.00e-03
    epoch 26: loss 1.1197, val_ap 0.5063, minutes 22.67, lr 1.00e-03
    epoch 27: loss 1.1154, val_ap 0.5107, minutes 23.46, lr 1.00e-03
    epoch 28: loss 1.1028, val_ap 0.5075, minutes 24.25, lr 1.00e-03
    epoch 29: loss 1.1054, val_ap 0.5050, minutes 25.02, lr 1.00e-03
    epoch 30: loss 1.0992, val_ap 0.5088, minutes 25.81, lr 1.00e-03
    epoch 31: loss 1.1044, val_ap 0.5049, minutes 26.6, lr 1.00e-03
    epoch 32: loss 1.0978, val_ap 0.5071, minutes 27.41, lr 1.00e-03
    epoch 33: loss 1.0842, val_ap 0.5063, minutes 28.21, lr 1.00e-03
    epoch 34: loss 1.0807, val_ap 0.5004, minutes 29.01, lr 1.00e-03
    epoch 35: loss 1.0738, val_ap 0.5077, minutes 29.81, lr 1.00e-03
    epoch 36: loss 1.0716, val_ap 0.5115, minutes 30.63, lr 1.00e-03
    epoch 37: loss 1.0677, val_ap 0.5115, minutes 31.42, lr 1.00e-03
    epoch 38: loss 1.0629, val_ap 0.5071, minutes 32.22, lr 1.00e-03
    epoch 39: loss 1.0705, val_ap 0.5108, minutes 32.99, lr 1.00e-03
    epoch 40: loss 1.0692, val_ap 0.5123, minutes 33.71, lr 1.00e-03
    epoch 41: loss 1.0567, val_ap 0.5049, minutes 34.54, lr 1.00e-03
    epoch 42: loss 1.0556, val_ap 0.5105, minutes 35.33, lr 1.00e-03
    epoch 43: loss 1.0466, val_ap 0.5145, minutes 36.16, lr 1.00e-03
    epoch 44: loss 1.0504, val_ap 0.5071, minutes 36.99, lr 1.00e-03
    epoch 45: loss 1.0361, val_ap 0.5154, minutes 37.81, lr 1.00e-03
    epoch 46: loss 1.0352, val_ap 0.5111, minutes 38.62, lr 1.00e-03
    epoch 47: loss 1.0358, val_ap 0.5125, minutes 39.45, lr 1.00e-03
    epoch 48: loss 1.0259, val_ap 0.5001, minutes 40.32, lr 1.00e-03
    epoch 49: loss 1.0274, val_ap 0.4962, minutes 41.08, lr 1.00e-03
    epoch 50: loss 1.0277, val_ap 0.5200, minutes 41.88, lr 1.00e-03
    epoch 51: loss 1.0172, val_ap 0.5109, minutes 42.67, lr 1.00e-03
    epoch 52: loss 1.0150, val_ap 0.5091, minutes 43.43, lr 1.00e-03
    epoch 53: loss 1.0116, val_ap 0.5078, minutes 44.23, lr 1.00e-03
    epoch 54: loss 1.0042, val_ap 0.5016, minutes 45.06, lr 1.00e-03
    epoch 55: loss 1.0063, val_ap 0.5097, minutes 45.89, lr 1.00e-03
    epoch 56: loss 1.0075, val_ap 0.4984, minutes 46.73, lr 1.00e-03
    epoch 57: loss 1.0010, val_ap 0.4948, minutes 47.55, lr 1.00e-03
    epoch 58: loss 0.9927, val_ap 0.4983, minutes 48.37, lr 1.00e-03
    epoch 59: loss 0.9952, val_ap 0.5033, minutes 49.19, lr 5.00e-04
    epoch 60: loss 0.9798, val_ap 0.5058, minutes 49.97, lr 5.00e-04
    epoch 61: loss 0.9721, val_ap 0.5024, minutes 50.76, lr 5.00e-04
    epoch 62: loss 0.9598, val_ap 0.4976, minutes 51.57, lr 5.00e-04
    epoch 63: loss 0.9626, val_ap 0.4995, minutes 52.37, lr 5.00e-04
    epoch 64: loss 0.9579, val_ap 0.4964, minutes 53.14, lr 5.00e-04
    epoch 65: loss 0.9574, val_ap 0.5002, minutes 53.94, lr 5.00e-04
    epoch 66: loss 0.9579, val_ap 0.4986, minutes 54.72, lr 5.00e-04
    epoch 67: loss 0.9472, val_ap 0.4821, minutes 55.5, lr 5.00e-04
    epoch 68: loss 0.9503, val_ap 0.4955, minutes 56.26, lr 2.50e-04
    epoch 69: loss 0.9349, val_ap 0.4997, minutes 57.06, lr 2.50e-04
    epoch 70: loss 0.9335, val_ap 0.4943, minutes 57.82, lr 2.50e-04
    epoch 71: loss 0.9304, val_ap 0.4954, minutes 58.61, lr 2.50e-04
    epoch 72: loss 0.9181, val_ap 0.4865, minutes 59.41, lr 2.50e-04
    epoch 73: loss 0.9304, val_ap 0.4951, minutes 60.18, lr 2.50e-04
    epoch 74: loss 0.9259, val_ap 0.4931, minutes 60.96, lr 2.50e-04
    epoch 75: loss 0.9226, val_ap 0.4983, minutes 61.72, lr 2.50e-04
    stopping: no validation gain in 25 epochs
[fk_band_shuffled pooled_both fold 3] done (62.4 min)
