loaded: dataset0 121,838 sites, data1 90,452
[res_gate pooled_both fold 4 seed 2]
    kernel decay scale 97.3 nt (fitted to cell line 1 training labels)
    epoch 1: loss 1.8991, val_ap 0.1570, minutes 0.87, lr 3.31e-04
    epoch 2: loss 1.5634, val_ap 0.2941, minutes 1.72, lr 6.60e-04
    epoch 3: loss 1.4224, val_ap 0.4262, minutes 2.59, lr 9.89e-04
    epoch 4: loss 1.3416, val_ap 0.4508, minutes 3.4, lr 1.00e-03
    epoch 5: loss 1.2915, val_ap 0.4607, minutes 4.26, lr 1.00e-03
    epoch 6: loss 1.2704, val_ap 0.4645, minutes 5.1, lr 1.00e-03
    epoch 7: loss 1.2562, val_ap 0.4709, minutes 5.88, lr 1.00e-03
    epoch 8: loss 1.2502, val_ap 0.4692, minutes 6.72, lr 1.00e-03
    epoch 9: loss 1.2407, val_ap 0.4855, minutes 7.5, lr 1.00e-03
    epoch 10: loss 1.2349, val_ap 0.4837, minutes 8.38, lr 1.00e-03
    epoch 11: loss 1.2289, val_ap 0.4875, minutes 9.23, lr 1.00e-03
    epoch 12: loss 1.2221, val_ap 0.4875, minutes 10.04, lr 1.00e-03
    epoch 13: loss 1.2255, val_ap 0.4837, minutes 10.92, lr 1.00e-03
    epoch 14: loss 1.2078, val_ap 0.4930, minutes 11.74, lr 1.00e-03
    epoch 15: loss 1.1988, val_ap 0.4905, minutes 12.62, lr 1.00e-03
    epoch 16: loss 1.1976, val_ap 0.4854, minutes 13.48, lr 1.00e-03
    epoch 17: loss 1.2001, val_ap 0.4874, minutes 14.29, lr 1.00e-03
    epoch 18: loss 1.1918, val_ap 0.4885, minutes 15.19, lr 1.00e-03
    epoch 19: loss 1.1919, val_ap 0.4889, minutes 16.13, lr 1.00e-03
    epoch 20: loss 1.1895, val_ap 0.4941, minutes 17.06, lr 1.00e-03
    epoch 21: loss 1.1787, val_ap 0.5002, minutes 17.92, lr 1.00e-03
    epoch 22: loss 1.1788, val_ap 0.4960, minutes 18.73, lr 1.00e-03
    epoch 23: loss 1.1757, val_ap 0.4949, minutes 19.53, lr 1.00e-03
    epoch 24: loss 1.1738, val_ap 0.5009, minutes 20.3, lr 1.00e-03
    epoch 25: loss 1.1803, val_ap 0.5010, minutes 21.14, lr 1.00e-03
    epoch 26: loss 1.1709, val_ap 0.5014, minutes 21.9, lr 1.00e-03
    epoch 27: loss 1.1655, val_ap 0.5013, minutes 22.69, lr 1.00e-03
    epoch 28: loss 1.1664, val_ap 0.4964, minutes 23.5, lr 1.00e-03
    epoch 29: loss 1.1672, val_ap 0.4995, minutes 24.29, lr 1.00e-03
    epoch 30: loss 1.1613, val_ap 0.4976, minutes 25.06, lr 1.00e-03
    epoch 31: loss 1.1590, val_ap 0.5046, minutes 25.81, lr 1.00e-03
    epoch 32: loss 1.1525, val_ap 0.5080, minutes 26.6, lr 1.00e-03
    epoch 33: loss 1.1486, val_ap 0.5055, minutes 27.41, lr 1.00e-03
    epoch 34: loss 1.1470, val_ap 0.5079, minutes 28.23, lr 1.00e-03
    epoch 35: loss 1.1504, val_ap 0.5069, minutes 29.09, lr 1.00e-03
    epoch 36: loss 1.1433, val_ap 0.5036, minutes 29.92, lr 1.00e-03
    epoch 37: loss 1.1422, val_ap 0.5120, minutes 30.71, lr 1.00e-03
    epoch 38: loss 1.1354, val_ap 0.5079, minutes 31.5, lr 1.00e-03
    epoch 39: loss 1.1397, val_ap 0.5075, minutes 32.31, lr 1.00e-03
    epoch 40: loss 1.1394, val_ap 0.4982, minutes 33.11, lr 1.00e-03
    epoch 41: loss 1.1353, val_ap 0.5086, minutes 33.87, lr 1.00e-03
    epoch 42: loss 1.1356, val_ap 0.5141, minutes 34.62, lr 1.00e-03
    epoch 43: loss 1.1293, val_ap 0.5058, minutes 35.34, lr 1.00e-03
    epoch 44: loss 1.1392, val_ap 0.5155, minutes 36.14, lr 1.00e-03
    epoch 45: loss 1.1269, val_ap 0.5096, minutes 36.9, lr 1.00e-03
    epoch 46: loss 1.1249, val_ap 0.5129, minutes 37.63, lr 1.00e-03
    epoch 47: loss 1.1229, val_ap 0.5112, minutes 38.36, lr 1.00e-03
    epoch 48: loss 1.1144, val_ap 0.5166, minutes 39.12, lr 1.00e-03
    epoch 49: loss 1.1154, val_ap 0.5052, minutes 39.84, lr 1.00e-03
    epoch 50: loss 1.1147, val_ap 0.5125, minutes 40.61, lr 1.00e-03
    epoch 51: loss 1.1061, val_ap 0.5129, minutes 41.38, lr 1.00e-03
    epoch 52: loss 1.1134, val_ap 0.5068, minutes 42.16, lr 1.00e-03
    epoch 53: loss 1.1180, val_ap 0.5187, minutes 42.92, lr 1.00e-03
    epoch 54: loss 1.1092, val_ap 0.5180, minutes 43.71, lr 1.00e-03
    epoch 55: loss 1.1043, val_ap 0.5097, minutes 44.53, lr 1.00e-03
    epoch 56: loss 1.1062, val_ap 0.5097, minutes 45.32, lr 1.00e-03
    epoch 57: loss 1.0989, val_ap 0.5147, minutes 46.15, lr 1.00e-03
    epoch 58: loss 1.0998, val_ap 0.5197, minutes 46.95, lr 1.00e-03
    epoch 59: loss 1.1037, val_ap 0.5143, minutes 47.81, lr 1.00e-03
    epoch 60: loss 1.0964, val_ap 0.5111, minutes 48.54, lr 1.00e-03
    epoch 61: loss 1.0971, val_ap 0.5127, minutes 49.34, lr 1.00e-03
    epoch 62: loss 1.0849, val_ap 0.5115, minutes 50.15, lr 1.00e-03
    epoch 63: loss 1.0862, val_ap 0.5168, minutes 50.97, lr 1.00e-03
    epoch 64: loss 1.0856, val_ap 0.5197, minutes 51.74, lr 1.00e-03
    epoch 65: loss 1.0813, val_ap 0.5088, minutes 52.51, lr 1.00e-03
    epoch 66: loss 1.0847, val_ap 0.5112, minutes 53.28, lr 1.00e-03
    epoch 67: loss 1.0795, val_ap 0.5148, minutes 54.04, lr 5.00e-04
    epoch 68: loss 1.0631, val_ap 0.5092, minutes 54.81, lr 5.00e-04
    epoch 69: loss 1.0525, val_ap 0.5083, minutes 55.6, lr 5.00e-04
    epoch 70: loss 1.0582, val_ap 0.5040, minutes 56.37, lr 5.00e-04
    epoch 71: loss 1.0549, val_ap 0.5043, minutes 57.12, lr 5.00e-04
    epoch 72: loss 1.0528, val_ap 0.5068, minutes 57.91, lr 5.00e-04
    epoch 73: loss 1.0510, val_ap 0.5060, minutes 58.68, lr 5.00e-04
    epoch 74: loss 1.0567, val_ap 0.5106, minutes 59.43, lr 5.00e-04
    epoch 75: loss 1.0641, val_ap 0.5043, minutes 60.19, lr 5.00e-04
    epoch 76: loss 1.0713, val_ap 0.5073, minutes 60.92, lr 2.50e-04
    epoch 77: loss 1.0403, val_ap 0.5037, minutes 61.68, lr 2.50e-04
    epoch 78: loss 1.0412, val_ap 0.5024, minutes 62.47, lr 2.50e-04
    epoch 79: loss 1.0351, val_ap 0.5055, minutes 63.28, lr 2.50e-04
    epoch 80: loss 1.0325, val_ap 0.5019, minutes 64.07, lr 2.50e-04
    epoch 81: loss 1.0354, val_ap 0.4998, minutes 64.86, lr 2.50e-04
    epoch 82: loss 1.0271, val_ap 0.5056, minutes 65.65, lr 2.50e-04
    epoch 83: loss 1.0341, val_ap 0.4977, minutes 66.41, lr 2.50e-04
    stopping: no validation gain in 25 epochs
[res_gate pooled_both fold 4 seed 2] done (67.2 min)
