loaded: dataset0 121,838 sites, data1 90,452
[knn_random dataset0 fold 3]
    epoch 1: loss 1.192788836048093, minutes 2.17, val_ap 0.20073682077715216, lr 0.00033430232558139537
    epoch 2: loss 0.8493964824565622, minutes 4.79, val_ap 0.4040436037444988, lr 0.0006676356589147286
    epoch 3: loss 0.7742023532993572, minutes 7.33, val_ap 0.4450728413578588, lr 0.001
    epoch 4: loss 0.7297358196661916, minutes 9.85, val_ap 0.48685613504027536, lr 0.001
    epoch 5: loss 0.7235715553857559, minutes 12.34, val_ap 0.47999499894107067, lr 0.001
    epoch 6: loss 0.7082818795948528, minutes 15.02, val_ap 0.4999833450174466, lr 0.001
    epoch 7: loss 0.6888844874189344, minutes 17.72, val_ap 0.5045202161586592, lr 0.001
    epoch 8: loss 0.6844819240965122, minutes 20.39, val_ap 0.5155306026692271, lr 0.001
    epoch 9: loss 0.6824326119277366, minutes 23.07, val_ap 0.5188109613702953, lr 0.001
    epoch 10: loss 0.6715681854375574, minutes 25.79, val_ap 0.5239533679950302, lr 0.001
    epoch 11: loss 0.6607765749443409, minutes 28.32, val_ap 0.5254891463981534, lr 0.001
    epoch 12: loss 0.6578801998565363, minutes 30.8, val_ap 0.515615313273093, lr 0.001
    epoch 13: loss 0.6531860498321611, minutes 33.2, val_ap 0.5287798270594322, lr 0.001
    epoch 14: loss 0.6445203829816607, minutes 35.94, val_ap 0.530467489619071, lr 0.001
    epoch 15: loss 0.6488817157440407, minutes 38.65, val_ap 0.531765224855283, lr 0.001
    epoch 16: loss 0.6434499362353668, minutes 41.26, val_ap 0.5361679436014184, lr 0.001
    epoch 17: loss 0.64349938539225, minutes 43.94, val_ap 0.5383144462374705, lr 0.001
    epoch 18: loss 0.6283840911766124, minutes 46.67, val_ap 0.5359593508210206, lr 0.001
    epoch 19: loss 0.6242418443394262, minutes 49.25, val_ap 0.5340728210511526, lr 0.001
    epoch 20: loss 0.6364737495260183, minutes 52.0, val_ap 0.5425077496457762, lr 0.001
    epoch 21: loss 0.6339423867852189, minutes 54.77, val_ap 0.5448498152167986, lr 0.001
    epoch 22: loss 0.6237766049629034, minutes 57.5, val_ap 0.5374920388012162, lr 0.001
    epoch 23: loss 0.6260144621307073, minutes 60.2, val_ap 0.5479793363595944, lr 0.001
    epoch 24: loss 0.6207231954606467, minutes 62.88, val_ap 0.5468164066933413, lr 0.001
    epoch 25: loss 0.6119149834090887, minutes 65.7, val_ap 0.5397702469882094, lr 0.001
    epoch 26: loss 0.6165039599981419, minutes 68.42, val_ap 0.5195750519713198, lr 0.001
    epoch 27: loss 0.6202899646447149, minutes 71.08, val_ap 0.5501702950209523, lr 0.001
    epoch 28: loss 0.6079796550925388, minutes 73.67, val_ap 0.545214718206014, lr 0.001
    epoch 29: loss 0.6070614535534797, minutes 76.33, val_ap 0.557473817843234, lr 0.001
    epoch 30: loss 0.6096540582041408, minutes 79.04, val_ap 0.5451114817348093, lr 0.001
    epoch 31: loss 0.6142773695376723, minutes 81.66, val_ap 0.5626224735632029, lr 0.001
    epoch 32: loss 0.5990090244557968, minutes 84.09, val_ap 0.5565867459520504, lr 0.001
    epoch 33: loss 0.5976340029995109, minutes 86.77, val_ap 0.5539961529667828, lr 0.001
    epoch 34: loss 0.5889343142856, minutes 89.4, val_ap 0.560252792482933, lr 0.001
    epoch 35: loss 0.593654653187408, minutes 92.15, val_ap 0.5577069135834782, lr 0.001
    epoch 36: loss 0.5884679036951342, minutes 94.91, val_ap 0.5492761712186304, lr 0.001
    epoch 37: loss 0.5785012644130824, minutes 97.66, val_ap 0.5587017302959596, lr 0.001
    epoch 38: loss 0.5981429824822171, minutes 100.29, val_ap 0.5521868963914855, lr 0.001
    epoch 39: loss 0.5848828890295916, minutes 103.04, val_ap 0.545677884056062, lr 0.001
    epoch 40: loss 0.5842151779161636, minutes 105.71, val_ap 0.5412213906127198, lr 0.0005
    epoch 41: loss 0.5683383821228216, minutes 108.42, val_ap 0.5475948532499285, lr 0.0005
    epoch 42: loss 0.557732742799576, minutes 111.08, val_ap 0.5561079903694421, lr 0.0005
    epoch 43: loss 0.5486972211578558, minutes 113.71, val_ap 0.5542923533321658, lr 0.0005
    epoch 44: loss 0.5602325780620409, minutes 116.33, val_ap 0.5519248150572683, lr 0.0005
    epoch 45: loss 0.5595157379067914, minutes 119.01, val_ap 0.5427730052529539, lr 0.0005
    epoch 46: loss 0.5522910434059626, minutes 121.75, val_ap 0.5568294266952559, lr 0.0005
    epoch 47: loss 0.5466140757726375, minutes 124.39, val_ap 0.55860896905592, lr 0.0005
    epoch 48: loss 0.5498523895823678, minutes 127.08, val_ap 0.5525602882990602, lr 0.0005
    epoch 49: loss 0.5536986256754676, minutes 129.83, val_ap 0.5628578839526096, lr 0.0005
    epoch 50: loss 0.5542455774753593, minutes 132.52, val_ap 0.5716946801752036, lr 0.0005
    epoch 51: loss 0.554426969570476, minutes 135.24, val_ap 0.5596011936522103, lr 0.0005
    epoch 52: loss 0.5423802740785272, minutes 137.77, val_ap 0.5609217603626944, lr 0.0005
    epoch 53: loss 0.533077247960623, minutes 140.37, val_ap 0.5697778321159901, lr 0.0005
    epoch 54: loss 0.5284098433114068, minutes 142.89, val_ap 0.5624803575927496, lr 0.0005
    epoch 55: loss 0.5383274565602458, minutes 145.4, val_ap 0.556334986307461, lr 0.0005
    epoch 56: loss 0.5371700905609963, minutes 147.95, val_ap 0.56411413562992, lr 0.0005
    epoch 57: loss 0.5350354792073716, minutes 150.5, val_ap 0.5696847682653393, lr 0.0005
    epoch 58: loss 0.5329827512939309, minutes 153.01, val_ap 0.5658564134009022, lr 0.0005
    epoch 59: loss 0.5222913307505984, minutes 155.33, val_ap 0.5580248483940627, lr 0.00025
    epoch 60: loss 0.52007257435904, minutes 157.59, val_ap 0.5648027676419353, lr 0.00025
    epoch 61: loss 0.5297561637883963, minutes 159.88, val_ap 0.5719976096747453, lr 0.00025
    epoch 62: loss 0.5148669735550188, minutes 161.92, val_ap 0.5738269416211743, lr 0.00025
    epoch 63: loss 0.5044534401318361, minutes 164.05, val_ap 0.5686525175386301, lr 0.00025
    epoch 64: loss 0.5022051521078792, minutes 166.2, val_ap 0.5621954456072279, lr 0.00025
    epoch 65: loss 0.5052757578966922, minutes 168.47, val_ap 0.5628588535026693, lr 0.00025
    epoch 66: loss 0.5170662269256142, minutes 170.56, val_ap 0.565064994660502, lr 0.00025
    epoch 67: loss 0.5126429362179235, minutes 172.7, val_ap 0.5602180885503296, lr 0.00025
    epoch 68: loss 0.5042962083203155, minutes 174.86, val_ap 0.5646147212148325, lr 0.00025
    epoch 69: loss 0.5041663389826236, minutes 176.83, val_ap 0.5632342569824325, lr 0.00025
    epoch 70: loss 0.49589194019520005, minutes 178.86, val_ap 0.571788055171067, lr 0.00025
    epoch 71: loss 0.5037170810148467, minutes 180.91, val_ap 0.5698913903025589, lr 0.000125
    epoch 72: loss 0.49370797247041104, minutes 182.9, val_ap 0.5658183541842641, lr 0.000125
    epoch 73: loss 0.4967069100848464, minutes 184.93, val_ap 0.5705214919012459, lr 0.000125
    epoch 74: loss 0.49781146688863287, minutes 186.97, val_ap 0.5667359217284796, lr 0.000125
    epoch 75: loss 0.4878832729056824, minutes 188.99, val_ap 0.566956452551087, lr 0.000125
    epoch 76: loss 0.49306671802214413, minutes 190.78, val_ap 0.5705213589188514, lr 0.000125
    epoch 77: loss 0.5040370098120251, minutes 192.55, val_ap 0.5680069818420944, lr 0.000125
    epoch 78: loss 0.5001001145777314, minutes 194.36, val_ap 0.5663121814377063, lr 0.000125
    epoch 79: loss 0.48878553682981535, minutes 196.14, val_ap 0.5671722984012736, lr 0.000125
    epoch 80: loss 0.48093348165410893, minutes 197.91, val_ap 0.57335518883351, lr 6.25e-05
    epoch 81: loss 0.49188916502130586, minutes 199.54, val_ap 0.5700362074812594, lr 6.25e-05
    epoch 82: loss 0.4773570856209411, minutes 201.17, val_ap 0.5684975663118235, lr 6.25e-05
    epoch 83: loss 0.47875655000639517, minutes 202.76, val_ap 0.5644985179592384, lr 6.25e-05
    epoch 84: loss 0.48603148723757544, minutes 204.35, val_ap 0.5713512995894792, lr 6.25e-05
    epoch 85: loss 0.48084436941805275, minutes 205.85, val_ap 0.5716145212868239, lr 6.25e-05
    epoch 86: loss 0.4787375365578851, minutes 207.32, val_ap 0.5706129017620418, lr 6.25e-05
    stopping: no validation gain in 25 epochs
[knn_random dataset0 fold 3] done (209.6 min)
