loaded: dataset0 121,838 sites, data1 90,452
[h2gcn_twohead pooled_both fold 2]
    epoch 1: loss 1.2671, val_ap 0.1733, minutes 0.86, lr 3.31e-04
    epoch 2: loss 0.9979, val_ap 0.3505, minutes 1.68, lr 6.58e-04
    epoch 3: loss 0.8624, val_ap 0.4560, minutes 2.55, lr 9.85e-04
    epoch 4: loss 0.7880, val_ap 0.4724, minutes 3.4, lr 1.00e-03
    epoch 5: loss 0.7572, val_ap 0.4739, minutes 4.1, lr 1.00e-03
    epoch 6: loss 0.7459, val_ap 0.4813, minutes 4.78, lr 1.00e-03
    epoch 7: loss 0.7289, val_ap 0.4726, minutes 5.48, lr 1.00e-03
    epoch 8: loss 0.7207, val_ap 0.4796, minutes 6.27, lr 1.00e-03
    epoch 9: loss 0.7127, val_ap 0.4788, minutes 7.09, lr 1.00e-03
    epoch 10: loss 0.7046, val_ap 0.4821, minutes 7.86, lr 1.00e-03
    epoch 11: loss 0.7048, val_ap 0.4885, minutes 8.64, lr 1.00e-03
    epoch 12: loss 0.6866, val_ap 0.4919, minutes 9.35, lr 1.00e-03
    epoch 13: loss 0.6869, val_ap 0.4908, minutes 10.04, lr 1.00e-03
    epoch 14: loss 0.6901, val_ap 0.4894, minutes 10.75, lr 1.00e-03
    epoch 15: loss 0.6900, val_ap 0.4989, minutes 11.5, lr 1.00e-03
    epoch 16: loss 0.6737, val_ap 0.4952, minutes 12.29, lr 1.00e-03
    epoch 17: loss 0.6691, val_ap 0.4998, minutes 13.1, lr 1.00e-03
    epoch 18: loss 0.6677, val_ap 0.4995, minutes 13.88, lr 1.00e-03
    epoch 19: loss 0.6601, val_ap 0.5046, minutes 14.68, lr 1.00e-03
    epoch 20: loss 0.6587, val_ap 0.4921, minutes 15.42, lr 1.00e-03
    epoch 21: loss 0.6656, val_ap 0.5107, minutes 16.15, lr 1.00e-03
    epoch 22: loss 0.6503, val_ap 0.5048, minutes 16.88, lr 1.00e-03
    epoch 23: loss 0.6448, val_ap 0.5046, minutes 17.64, lr 1.00e-03
    epoch 24: loss 0.6464, val_ap 0.5081, minutes 18.37, lr 1.00e-03
    epoch 25: loss 0.6443, val_ap 0.5077, minutes 19.16, lr 1.00e-03
    epoch 26: loss 0.6422, val_ap 0.5077, minutes 19.9, lr 1.00e-03
    epoch 27: loss 0.6376, val_ap 0.5090, minutes 20.65, lr 1.00e-03
    epoch 28: loss 0.6296, val_ap 0.5061, minutes 21.37, lr 1.00e-03
    epoch 29: loss 0.6318, val_ap 0.5057, minutes 22.13, lr 1.00e-03
    epoch 30: loss 0.6379, val_ap 0.5103, minutes 22.86, lr 5.00e-04
    epoch 31: loss 0.6163, val_ap 0.5068, minutes 23.62, lr 5.00e-04
    epoch 32: loss 0.6155, val_ap 0.5067, minutes 24.41, lr 5.00e-04
    epoch 33: loss 0.6094, val_ap 0.5079, minutes 25.16, lr 5.00e-04
    epoch 34: loss 0.6007, val_ap 0.5109, minutes 25.92, lr 5.00e-04
    epoch 35: loss 0.6102, val_ap 0.4965, minutes 26.71, lr 5.00e-04
    epoch 36: loss 0.6016, val_ap 0.5087, minutes 27.52, lr 5.00e-04
    epoch 37: loss 0.5934, val_ap 0.5013, minutes 28.29, lr 5.00e-04
    epoch 38: loss 0.5959, val_ap 0.5047, minutes 29.04, lr 5.00e-04
    epoch 39: loss 0.5951, val_ap 0.4996, minutes 29.79, lr 5.00e-04
    epoch 40: loss 0.5976, val_ap 0.5086, minutes 30.53, lr 5.00e-04
    epoch 41: loss 0.5958, val_ap 0.4996, minutes 31.26, lr 5.00e-04
    epoch 42: loss 0.5921, val_ap 0.5032, minutes 32.03, lr 5.00e-04
    epoch 43: loss 0.5908, val_ap 0.5039, minutes 32.82, lr 2.50e-04
    epoch 44: loss 0.5816, val_ap 0.5039, minutes 33.65, lr 2.50e-04
    epoch 45: loss 0.5765, val_ap 0.5038, minutes 34.41, lr 2.50e-04
    epoch 46: loss 0.5740, val_ap 0.5020, minutes 35.2, lr 2.50e-04
    epoch 47: loss 0.5733, val_ap 0.4987, minutes 35.93, lr 2.50e-04
    epoch 48: loss 0.5784, val_ap 0.5023, minutes 36.68, lr 2.50e-04
    epoch 49: loss 0.5725, val_ap 0.4963, minutes 37.47, lr 2.50e-04
    epoch 50: loss 0.5678, val_ap 0.5006, minutes 38.29, lr 2.50e-04
    epoch 51: loss 0.5704, val_ap 0.4967, minutes 39.07, lr 2.50e-04
    epoch 52: loss 0.5682, val_ap 0.4923, minutes 39.87, lr 1.25e-04
    epoch 53: loss 0.5600, val_ap 0.4875, minutes 40.64, lr 1.25e-04
    epoch 54: loss 0.5612, val_ap 0.4922, minutes 41.46, lr 1.25e-04
    epoch 55: loss 0.5616, val_ap 0.4909, minutes 42.32, lr 1.25e-04
    epoch 56: loss 0.5549, val_ap 0.4931, minutes 43.14, lr 1.25e-04
    epoch 57: loss 0.5575, val_ap 0.4954, minutes 43.88, lr 1.25e-04
    epoch 58: loss 0.5608, val_ap 0.4893, minutes 44.65, lr 1.25e-04
    epoch 59: loss 0.5583, val_ap 0.4938, minutes 45.4, lr 1.25e-04
    stopping: no validation gain in 25 epochs
[h2gcn_twohead pooled_both fold 2] done (46.1 min)
