loaded: dataset0 121,838 sites, data1 90,452
[h2gcn_aux_qf pooled_both fold 4]
    epoch 1: loss 1.8443, val_ap 0.1786, minutes 0.76, lr 3.31e-04
    epoch 2: loss 1.5173, val_ap 0.3393, minutes 1.67, lr 6.60e-04
    epoch 3: loss 1.3758, val_ap 0.4097, minutes 2.51, lr 9.89e-04
    epoch 4: loss 1.3104, val_ap 0.4448, minutes 3.33, lr 1.00e-03
    epoch 5: loss 1.2761, val_ap 0.4453, minutes 4.21, lr 1.00e-03
    epoch 6: loss 1.2605, val_ap 0.4529, minutes 5.06, lr 1.00e-03
    epoch 7: loss 1.2552, val_ap 0.4491, minutes 5.95, lr 1.00e-03
    epoch 8: loss 1.2348, val_ap 0.4533, minutes 6.78, lr 1.00e-03
    epoch 9: loss 1.2391, val_ap 0.4509, minutes 7.6, lr 1.00e-03
    epoch 10: loss 1.2152, val_ap 0.4524, minutes 8.45, lr 1.00e-03
    epoch 11: loss 1.2136, val_ap 0.4534, minutes 9.29, lr 1.00e-03
    epoch 12: loss 1.2194, val_ap 0.4550, minutes 10.11, lr 1.00e-03
    epoch 13: loss 1.1941, val_ap 0.4542, minutes 10.91, lr 1.00e-03
    epoch 14: loss 1.1930, val_ap 0.4546, minutes 11.74, lr 1.00e-03
    epoch 15: loss 1.2011, val_ap 0.4674, minutes 12.55, lr 1.00e-03
    epoch 16: loss 1.1784, val_ap 0.4756, minutes 13.35, lr 1.00e-03
    epoch 17: loss 1.1823, val_ap 0.4799, minutes 14.2, lr 1.00e-03
    epoch 18: loss 1.1687, val_ap 0.4773, minutes 15.05, lr 1.00e-03
    epoch 19: loss 1.1675, val_ap 0.4719, minutes 15.92, lr 1.00e-03
    epoch 20: loss 1.1669, val_ap 0.4801, minutes 16.73, lr 1.00e-03
    epoch 21: loss 1.1558, val_ap 0.4815, minutes 17.6, lr 1.00e-03
    epoch 22: loss 1.1479, val_ap 0.4846, minutes 18.43, lr 1.00e-03
    epoch 23: loss 1.1581, val_ap 0.4767, minutes 19.29, lr 1.00e-03
    epoch 24: loss 1.1433, val_ap 0.4884, minutes 20.16, lr 1.00e-03
    epoch 25: loss 1.1364, val_ap 0.4810, minutes 20.99, lr 1.00e-03
    epoch 26: loss 1.1366, val_ap 0.4902, minutes 21.8, lr 1.00e-03
    epoch 27: loss 1.1197, val_ap 0.4880, minutes 22.61, lr 1.00e-03
    epoch 28: loss 1.1276, val_ap 0.4880, minutes 23.42, lr 1.00e-03
    epoch 29: loss 1.1149, val_ap 0.4867, minutes 24.27, lr 1.00e-03
    epoch 30: loss 1.1195, val_ap 0.4827, minutes 25.07, lr 1.00e-03
    epoch 31: loss 1.1182, val_ap 0.4872, minutes 25.88, lr 1.00e-03
    epoch 32: loss 1.1017, val_ap 0.4766, minutes 26.68, lr 1.00e-03
    epoch 33: loss 1.1069, val_ap 0.4855, minutes 27.49, lr 1.00e-03
    epoch 34: loss 1.0945, val_ap 0.4937, minutes 28.34, lr 1.00e-03
    epoch 35: loss 1.0853, val_ap 0.4775, minutes 29.18, lr 1.00e-03
    epoch 36: loss 1.0856, val_ap 0.4825, minutes 30.0, lr 1.00e-03
    epoch 37: loss 1.0758, val_ap 0.4930, minutes 30.84, lr 1.00e-03
    epoch 38: loss 1.0766, val_ap 0.4938, minutes 31.67, lr 1.00e-03
    epoch 39: loss 1.0728, val_ap 0.4940, minutes 32.57, lr 1.00e-03
    epoch 40: loss 1.0587, val_ap 0.4851, minutes 33.43, lr 1.00e-03
    epoch 41: loss 1.0633, val_ap 0.4854, minutes 34.24, lr 1.00e-03
    epoch 42: loss 1.0537, val_ap 0.4915, minutes 35.08, lr 1.00e-03
    epoch 43: loss 1.0496, val_ap 0.4830, minutes 35.89, lr 1.00e-03
    epoch 44: loss 1.0428, val_ap 0.4817, minutes 36.65, lr 1.00e-03
    epoch 45: loss 1.0482, val_ap 0.4824, minutes 37.51, lr 1.00e-03
    epoch 46: loss 1.0393, val_ap 0.4754, minutes 38.3, lr 1.00e-03
    epoch 47: loss 1.0315, val_ap 0.4743, minutes 39.08, lr 1.00e-03
    epoch 48: loss 1.0284, val_ap 0.4784, minutes 39.83, lr 5.00e-04
    epoch 49: loss 1.0094, val_ap 0.4885, minutes 40.55, lr 5.00e-04
    epoch 50: loss 0.9915, val_ap 0.4883, minutes 41.36, lr 5.00e-04
    epoch 51: loss 0.9863, val_ap 0.4865, minutes 42.18, lr 5.00e-04
    epoch 52: loss 0.9860, val_ap 0.4743, minutes 43.0, lr 5.00e-04
    epoch 53: loss 0.9866, val_ap 0.4790, minutes 43.76, lr 5.00e-04
    epoch 54: loss 0.9884, val_ap 0.4790, minutes 44.54, lr 5.00e-04
    epoch 55: loss 0.9713, val_ap 0.4848, minutes 45.19, lr 5.00e-04
    epoch 56: loss 0.9772, val_ap 0.4810, minutes 45.79, lr 5.00e-04
    epoch 57: loss 0.9717, val_ap 0.4799, minutes 46.41, lr 2.50e-04
    epoch 58: loss 0.9561, val_ap 0.4817, minutes 47.01, lr 2.50e-04
    epoch 59: loss 0.9473, val_ap 0.4842, minutes 47.56, lr 2.50e-04
    epoch 60: loss 0.9516, val_ap 0.4821, minutes 48.09, lr 2.50e-04
    epoch 61: loss 0.9501, val_ap 0.4789, minutes 48.64, lr 2.50e-04
    epoch 62: loss 0.9419, val_ap 0.4836, minutes 49.21, lr 2.50e-04
    epoch 63: loss 0.9379, val_ap 0.4773, minutes 49.82, lr 2.50e-04
    epoch 64: loss 0.9423, val_ap 0.4816, minutes 50.4, lr 2.50e-04
    stopping: no validation gain in 25 epochs
[h2gcn_aux_qf pooled_both fold 4] done (51.1 min)
