loaded: dataset0 121,838 sites, data1 90,452
[h2gcn_noisy pooled_both fold 0]
    epoch 1: loss 1.2795, val_ap 0.2043, minutes 0.85, lr 3.31e-04
    epoch 2: loss 1.0197, val_ap 0.3217, minutes 1.79, lr 6.60e-04
    epoch 3: loss 0.9097, val_ap 0.3987, minutes 2.63, lr 9.89e-04
    epoch 4: loss 0.8497, val_ap 0.4124, minutes 3.53, lr 1.00e-03
    epoch 5: loss 0.8165, val_ap 0.4187, minutes 4.39, lr 1.00e-03
    epoch 6: loss 0.7945, val_ap 0.4294, minutes 5.17, lr 1.00e-03
    epoch 7: loss 0.7798, val_ap 0.4360, minutes 6.0, lr 1.00e-03
    epoch 8: loss 0.7694, val_ap 0.4380, minutes 6.75, lr 1.00e-03
    epoch 9: loss 0.7615, val_ap 0.4397, minutes 7.5, lr 1.00e-03
    epoch 10: loss 0.7596, val_ap 0.4448, minutes 8.29, lr 1.00e-03
    epoch 11: loss 0.7564, val_ap 0.4461, minutes 9.06, lr 1.00e-03
    epoch 12: loss 0.7386, val_ap 0.4434, minutes 9.82, lr 1.00e-03
    epoch 13: loss 0.7315, val_ap 0.4471, minutes 10.65, lr 1.00e-03
    epoch 14: loss 0.7255, val_ap 0.4519, minutes 11.49, lr 1.00e-03
    epoch 15: loss 0.7152, val_ap 0.4530, minutes 12.3, lr 1.00e-03
    epoch 16: loss 0.7195, val_ap 0.4502, minutes 13.15, lr 1.00e-03
    epoch 17: loss 0.7140, val_ap 0.4563, minutes 13.96, lr 1.00e-03
    epoch 18: loss 0.7106, val_ap 0.4584, minutes 14.79, lr 1.00e-03
    epoch 19: loss 0.7024, val_ap 0.4560, minutes 15.61, lr 1.00e-03
    epoch 20: loss 0.7008, val_ap 0.4602, minutes 16.44, lr 1.00e-03
    epoch 21: loss 0.6947, val_ap 0.4571, minutes 17.29, lr 1.00e-03
    epoch 22: loss 0.6967, val_ap 0.4600, minutes 18.09, lr 1.00e-03
    epoch 23: loss 0.6885, val_ap 0.4573, minutes 18.88, lr 1.00e-03
    epoch 24: loss 0.6909, val_ap 0.4662, minutes 19.67, lr 1.00e-03
    epoch 25: loss 0.6840, val_ap 0.4598, minutes 20.46, lr 1.00e-03
    epoch 26: loss 0.6790, val_ap 0.4684, minutes 21.26, lr 1.00e-03
    epoch 27: loss 0.6716, val_ap 0.4674, minutes 22.08, lr 1.00e-03
    epoch 28: loss 0.6741, val_ap 0.4543, minutes 22.84, lr 1.00e-03
    epoch 29: loss 0.6768, val_ap 0.4649, minutes 23.63, lr 1.00e-03
    epoch 30: loss 0.6811, val_ap 0.4664, minutes 24.43, lr 1.00e-03
    epoch 31: loss 0.6682, val_ap 0.4671, minutes 25.24, lr 1.00e-03
    epoch 32: loss 0.6667, val_ap 0.4689, minutes 26.06, lr 1.00e-03
    epoch 33: loss 0.6598, val_ap 0.4642, minutes 26.87, lr 1.00e-03
    epoch 34: loss 0.6623, val_ap 0.4701, minutes 27.65, lr 1.00e-03
    epoch 35: loss 0.6559, val_ap 0.4708, minutes 28.46, lr 1.00e-03
    epoch 36: loss 0.6535, val_ap 0.4684, minutes 29.25, lr 1.00e-03
    epoch 37: loss 0.6470, val_ap 0.4720, minutes 30.08, lr 1.00e-03
    epoch 38: loss 0.6622, val_ap 0.4716, minutes 30.92, lr 1.00e-03
    epoch 39: loss 0.6490, val_ap 0.4747, minutes 31.74, lr 1.00e-03
    epoch 40: loss 0.6396, val_ap 0.4743, minutes 32.53, lr 1.00e-03
    epoch 41: loss 0.6395, val_ap 0.4758, minutes 33.32, lr 1.00e-03
    epoch 42: loss 0.6353, val_ap 0.4705, minutes 34.13, lr 1.00e-03
    epoch 43: loss 0.6436, val_ap 0.4752, minutes 34.94, lr 1.00e-03
    epoch 44: loss 0.6340, val_ap 0.4752, minutes 35.8, lr 1.00e-03
    epoch 45: loss 0.6305, val_ap 0.4686, minutes 36.64, lr 1.00e-03
    epoch 46: loss 0.6275, val_ap 0.4758, minutes 37.5, lr 1.00e-03
    epoch 47: loss 0.6294, val_ap 0.4830, minutes 38.34, lr 1.00e-03
    epoch 48: loss 0.6174, val_ap 0.4754, minutes 39.16, lr 1.00e-03
    epoch 49: loss 0.6193, val_ap 0.4764, minutes 39.98, lr 1.00e-03
    epoch 50: loss 0.6257, val_ap 0.4726, minutes 40.68, lr 1.00e-03
    epoch 51: loss 0.6092, val_ap 0.4740, minutes 41.54, lr 1.00e-03
    epoch 52: loss 0.6011, val_ap 0.4757, minutes 42.39, lr 1.00e-03
    epoch 53: loss 0.6087, val_ap 0.4638, minutes 43.29, lr 1.00e-03
    epoch 54: loss 0.6135, val_ap 0.4721, minutes 44.14, lr 1.00e-03
    epoch 55: loss 0.6074, val_ap 0.4749, minutes 44.93, lr 1.00e-03
    epoch 56: loss 0.6049, val_ap 0.4785, minutes 45.77, lr 5.00e-04
    epoch 57: loss 0.5853, val_ap 0.4728, minutes 46.59, lr 5.00e-04
    epoch 58: loss 0.5834, val_ap 0.4748, minutes 47.4, lr 5.00e-04
    epoch 59: loss 0.5813, val_ap 0.4712, minutes 48.21, lr 5.00e-04
    epoch 60: loss 0.5752, val_ap 0.4669, minutes 49.04, lr 5.00e-04
    epoch 61: loss 0.5781, val_ap 0.4700, minutes 49.85, lr 5.00e-04
    epoch 62: loss 0.5765, val_ap 0.4695, minutes 50.62, lr 5.00e-04
    epoch 63: loss 0.5669, val_ap 0.4668, minutes 51.45, lr 5.00e-04
    epoch 64: loss 0.5680, val_ap 0.4627, minutes 52.28, lr 5.00e-04
    epoch 65: loss 0.5662, val_ap 0.4585, minutes 53.1, lr 2.50e-04
    epoch 66: loss 0.5609, val_ap 0.4617, minutes 53.91, lr 2.50e-04
    epoch 67: loss 0.5525, val_ap 0.4554, minutes 54.76, lr 2.50e-04
    epoch 68: loss 0.5517, val_ap 0.4568, minutes 55.56, lr 2.50e-04
    epoch 69: loss 0.5512, val_ap 0.4590, minutes 56.36, lr 2.50e-04
    epoch 70: loss 0.5504, val_ap 0.4587, minutes 57.23, lr 2.50e-04
    epoch 71: loss 0.5521, val_ap 0.4504, minutes 58.03, lr 2.50e-04
    epoch 72: loss 0.5509, val_ap 0.4559, minutes 58.83, lr 2.50e-04
    stopping: no validation gain in 25 epochs
[h2gcn_noisy pooled_both fold 0] done (59.6 min)
