loaded: dataset0 121,838 sites, data1 90,452
[h2gcn_local pooled_both fold 3 seed 1]
    epoch 1: loss 1.2600, val_ap 0.1667, minutes 0.89, lr 3.31e-04
    epoch 2: loss 1.0268, val_ap 0.3138, minutes 1.74, lr 6.60e-04
    epoch 3: loss 0.9100, val_ap 0.4145, minutes 2.59, lr 9.89e-04
    epoch 4: loss 0.8625, val_ap 0.4364, minutes 3.45, lr 1.00e-03
    epoch 5: loss 0.8332, val_ap 0.4428, minutes 4.3, lr 1.00e-03
    epoch 6: loss 0.8173, val_ap 0.4430, minutes 5.16, lr 1.00e-03
    epoch 7: loss 0.8045, val_ap 0.4531, minutes 6.05, lr 1.00e-03
    epoch 8: loss 0.8088, val_ap 0.4462, minutes 6.89, lr 1.00e-03
    epoch 9: loss 0.7932, val_ap 0.4595, minutes 7.77, lr 1.00e-03
    epoch 10: loss 0.7839, val_ap 0.4670, minutes 8.66, lr 1.00e-03
    epoch 11: loss 0.7845, val_ap 0.4677, minutes 9.52, lr 1.00e-03
    epoch 12: loss 0.7810, val_ap 0.4671, minutes 10.39, lr 1.00e-03
    epoch 13: loss 0.7673, val_ap 0.4714, minutes 11.25, lr 1.00e-03
    epoch 14: loss 0.7672, val_ap 0.4669, minutes 12.15, lr 1.00e-03
    epoch 15: loss 0.7652, val_ap 0.4756, minutes 13.02, lr 1.00e-03
    epoch 16: loss 0.7582, val_ap 0.4702, minutes 13.86, lr 1.00e-03
    epoch 17: loss 0.7577, val_ap 0.4756, minutes 14.72, lr 1.00e-03
    epoch 18: loss 0.7553, val_ap 0.4766, minutes 15.55, lr 1.00e-03
    epoch 19: loss 0.7404, val_ap 0.4824, minutes 16.43, lr 1.00e-03
    epoch 20: loss 0.7410, val_ap 0.4803, minutes 17.24, lr 1.00e-03
    epoch 21: loss 0.7445, val_ap 0.4793, minutes 18.1, lr 1.00e-03
    epoch 22: loss 0.7338, val_ap 0.4836, minutes 18.88, lr 1.00e-03
    epoch 23: loss 0.7287, val_ap 0.4873, minutes 19.7, lr 1.00e-03
    epoch 24: loss 0.7281, val_ap 0.4823, minutes 20.48, lr 1.00e-03
    epoch 25: loss 0.7263, val_ap 0.4856, minutes 21.25, lr 1.00e-03
    epoch 26: loss 0.7261, val_ap 0.4897, minutes 22.03, lr 1.00e-03
    epoch 27: loss 0.7264, val_ap 0.4849, minutes 22.88, lr 1.00e-03
    epoch 28: loss 0.7145, val_ap 0.4864, minutes 23.7, lr 1.00e-03
    epoch 29: loss 0.7182, val_ap 0.4902, minutes 24.5, lr 1.00e-03
    epoch 30: loss 0.7105, val_ap 0.4946, minutes 25.31, lr 1.00e-03
    epoch 31: loss 0.7077, val_ap 0.5007, minutes 26.11, lr 1.00e-03
    epoch 32: loss 0.7090, val_ap 0.4973, minutes 26.88, lr 1.00e-03
    epoch 33: loss 0.6947, val_ap 0.5006, minutes 27.69, lr 1.00e-03
    epoch 34: loss 0.6973, val_ap 0.4973, minutes 28.52, lr 1.00e-03
    epoch 35: loss 0.6923, val_ap 0.5014, minutes 29.27, lr 1.00e-03
    epoch 36: loss 0.6930, val_ap 0.5032, minutes 30.04, lr 1.00e-03
    epoch 37: loss 0.6829, val_ap 0.4934, minutes 30.83, lr 1.00e-03
    epoch 38: loss 0.6876, val_ap 0.4944, minutes 31.65, lr 1.00e-03
    epoch 39: loss 0.6855, val_ap 0.4865, minutes 32.48, lr 1.00e-03
    epoch 40: loss 0.6775, val_ap 0.4983, minutes 33.26, lr 1.00e-03
    epoch 41: loss 0.6637, val_ap 0.4980, minutes 34.12, lr 1.00e-03
    epoch 42: loss 0.6608, val_ap 0.4986, minutes 34.92, lr 1.00e-03
    epoch 43: loss 0.6593, val_ap 0.5011, minutes 35.75, lr 1.00e-03
    epoch 44: loss 0.6638, val_ap 0.4986, minutes 36.52, lr 1.00e-03
    epoch 45: loss 0.6574, val_ap 0.4925, minutes 37.37, lr 5.00e-04
    epoch 46: loss 0.6384, val_ap 0.4956, minutes 38.15, lr 5.00e-04
    epoch 47: loss 0.6283, val_ap 0.4978, minutes 38.97, lr 5.00e-04
    epoch 48: loss 0.6322, val_ap 0.4912, minutes 39.76, lr 5.00e-04
    epoch 49: loss 0.6292, val_ap 0.4996, minutes 40.59, lr 5.00e-04
    epoch 50: loss 0.6194, val_ap 0.4948, minutes 41.31, lr 5.00e-04
    epoch 51: loss 0.6196, val_ap 0.4919, minutes 42.11, lr 5.00e-04
    epoch 52: loss 0.6151, val_ap 0.4906, minutes 42.87, lr 5.00e-04
    epoch 53: loss 0.6148, val_ap 0.4946, minutes 43.68, lr 5.00e-04
    epoch 54: loss 0.6084, val_ap 0.4922, minutes 44.48, lr 2.50e-04
    epoch 55: loss 0.5984, val_ap 0.4951, minutes 45.29, lr 2.50e-04
    epoch 56: loss 0.5967, val_ap 0.4964, minutes 46.04, lr 2.50e-04
    epoch 57: loss 0.5915, val_ap 0.4886, minutes 46.81, lr 2.50e-04
    epoch 58: loss 0.5882, val_ap 0.4875, minutes 47.61, lr 2.50e-04
    epoch 59: loss 0.5874, val_ap 0.4866, minutes 48.41, lr 2.50e-04
    epoch 60: loss 0.5842, val_ap 0.4876, minutes 49.15, lr 2.50e-04
    epoch 61: loss 0.5863, val_ap 0.4937, minutes 49.94, lr 2.50e-04
    stopping: no validation gain in 25 epochs
[h2gcn_local pooled_both fold 3 seed 1] done (50.6 min)
