loaded: dataset0 121,838 sites, data1 90,452
[res_gate pooled_both fold 2 seed 2]
    kernel decay scale 108.1 nt (fitted to cell line 1 training labels)
    epoch 1: loss 1.8744, val_ap 0.1957, minutes 0.74, lr 3.31e-04
    epoch 2: loss 1.5355, val_ap 0.3228, minutes 1.5, lr 6.60e-04
    epoch 3: loss 1.4029, val_ap 0.4313, minutes 2.33, lr 9.87e-04
    epoch 4: loss 1.3213, val_ap 0.4527, minutes 3.16, lr 1.00e-03
    epoch 5: loss 1.2839, val_ap 0.4737, minutes 3.93, lr 1.00e-03
    epoch 6: loss 1.2654, val_ap 0.4797, minutes 4.75, lr 1.00e-03
    epoch 7: loss 1.2420, val_ap 0.4826, minutes 5.55, lr 1.00e-03
    epoch 8: loss 1.2255, val_ap 0.4882, minutes 6.29, lr 1.00e-03
    epoch 9: loss 1.2187, val_ap 0.4877, minutes 7.11, lr 1.00e-03
    epoch 10: loss 1.2059, val_ap 0.4951, minutes 7.96, lr 1.00e-03
    epoch 11: loss 1.2184, val_ap 0.4947, minutes 8.83, lr 1.00e-03
    epoch 12: loss 1.2070, val_ap 0.4948, minutes 9.74, lr 1.00e-03
    epoch 13: loss 1.2108, val_ap 0.4978, minutes 10.54, lr 1.00e-03
    epoch 14: loss 1.1930, val_ap 0.4953, minutes 11.34, lr 1.00e-03
    epoch 15: loss 1.1886, val_ap 0.4985, minutes 12.14, lr 1.00e-03
    epoch 16: loss 1.1807, val_ap 0.5036, minutes 12.95, lr 1.00e-03
    epoch 17: loss 1.1735, val_ap 0.5035, minutes 13.83, lr 1.00e-03
    epoch 18: loss 1.1709, val_ap 0.5016, minutes 14.65, lr 1.00e-03
    epoch 19: loss 1.1664, val_ap 0.4937, minutes 15.44, lr 1.00e-03
    epoch 20: loss 1.1720, val_ap 0.5038, minutes 16.23, lr 1.00e-03
    epoch 21: loss 1.1636, val_ap 0.4986, minutes 17.01, lr 1.00e-03
    epoch 22: loss 1.1605, val_ap 0.5021, minutes 17.74, lr 1.00e-03
    epoch 23: loss 1.1535, val_ap 0.5062, minutes 18.48, lr 1.00e-03
    epoch 24: loss 1.1573, val_ap 0.4973, minutes 19.26, lr 1.00e-03
    epoch 25: loss 1.1577, val_ap 0.5047, minutes 20.15, lr 1.00e-03
    epoch 26: loss 1.1466, val_ap 0.5007, minutes 20.99, lr 1.00e-03
    epoch 27: loss 1.1563, val_ap 0.5005, minutes 21.8, lr 1.00e-03
    epoch 28: loss 1.1489, val_ap 0.5011, minutes 22.61, lr 1.00e-03
    epoch 29: loss 1.1373, val_ap 0.5065, minutes 23.43, lr 1.00e-03
    epoch 30: loss 1.1523, val_ap 0.5035, minutes 24.2, lr 1.00e-03
    epoch 31: loss 1.1421, val_ap 0.5070, minutes 24.92, lr 1.00e-03
    epoch 32: loss 1.1367, val_ap 0.5014, minutes 25.63, lr 1.00e-03
    epoch 33: loss 1.1219, val_ap 0.5062, minutes 26.4, lr 1.00e-03
    epoch 34: loss 1.1287, val_ap 0.5098, minutes 27.2, lr 1.00e-03
    epoch 35: loss 1.1297, val_ap 0.5053, minutes 27.94, lr 1.00e-03
    epoch 36: loss 1.1273, val_ap 0.5036, minutes 28.7, lr 1.00e-03
    epoch 37: loss 1.1170, val_ap 0.5094, minutes 29.47, lr 1.00e-03
    epoch 38: loss 1.1307, val_ap 0.5066, minutes 30.26, lr 1.00e-03
    epoch 39: loss 1.1188, val_ap 0.5138, minutes 31.08, lr 1.00e-03
    epoch 40: loss 1.1149, val_ap 0.5085, minutes 31.88, lr 1.00e-03
    epoch 41: loss 1.1118, val_ap 0.4999, minutes 32.63, lr 1.00e-03
    epoch 42: loss 1.1147, val_ap 0.5107, minutes 33.41, lr 1.00e-03
    epoch 43: loss 1.1024, val_ap 0.5040, minutes 34.12, lr 1.00e-03
    epoch 44: loss 1.1047, val_ap 0.5035, minutes 34.87, lr 1.00e-03
    epoch 45: loss 1.1042, val_ap 0.4974, minutes 35.61, lr 1.00e-03
    epoch 46: loss 1.0991, val_ap 0.5045, minutes 36.35, lr 1.00e-03
    epoch 47: loss 1.0955, val_ap 0.5093, minutes 37.04, lr 1.00e-03
    epoch 48: loss 1.0847, val_ap 0.5094, minutes 37.77, lr 5.00e-04
    epoch 49: loss 1.0746, val_ap 0.5110, minutes 38.53, lr 5.00e-04
    epoch 50: loss 1.0788, val_ap 0.5154, minutes 39.32, lr 5.00e-04
    epoch 51: loss 1.0781, val_ap 0.5107, minutes 40.1, lr 5.00e-04
    epoch 52: loss 1.0751, val_ap 0.5101, minutes 40.85, lr 5.00e-04
    epoch 53: loss 1.0672, val_ap 0.5146, minutes 41.6, lr 5.00e-04
    epoch 54: loss 1.0747, val_ap 0.5042, minutes 42.4, lr 5.00e-04
    epoch 55: loss 1.0713, val_ap 0.5019, minutes 43.11, lr 5.00e-04
    epoch 56: loss 1.0654, val_ap 0.5138, minutes 43.87, lr 5.00e-04
    epoch 57: loss 1.0689, val_ap 0.5137, minutes 44.61, lr 5.00e-04
    epoch 58: loss 1.0674, val_ap 0.5051, minutes 45.36, lr 5.00e-04
    epoch 59: loss 1.0635, val_ap 0.5102, minutes 46.18, lr 2.50e-04
    epoch 60: loss 1.0475, val_ap 0.5126, minutes 46.92, lr 2.50e-04
    epoch 61: loss 1.0476, val_ap 0.5112, minutes 47.7, lr 2.50e-04
    epoch 62: loss 1.0498, val_ap 0.5078, minutes 48.47, lr 2.50e-04
    epoch 63: loss 1.0470, val_ap 0.5086, minutes 49.23, lr 2.50e-04
    epoch 64: loss 1.0482, val_ap 0.5061, minutes 49.99, lr 2.50e-04
    epoch 65: loss 1.0506, val_ap 0.5067, minutes 50.82, lr 2.50e-04
    epoch 66: loss 1.0419, val_ap 0.5049, minutes 51.57, lr 2.50e-04
    epoch 67: loss 1.0426, val_ap 0.5092, minutes 52.34, lr 2.50e-04
    epoch 68: loss 1.0414, val_ap 0.5045, minutes 53.11, lr 1.25e-04
    epoch 69: loss 1.0506, val_ap 0.5031, minutes 53.95, lr 1.25e-04
    epoch 70: loss 1.0314, val_ap 0.5017, minutes 54.77, lr 1.25e-04
    epoch 71: loss 1.0309, val_ap 0.5065, minutes 55.57, lr 1.25e-04
    epoch 72: loss 1.0395, val_ap 0.5039, minutes 56.42, lr 1.25e-04
    epoch 73: loss 1.0338, val_ap 0.5015, minutes 57.21, lr 1.25e-04
    epoch 74: loss 1.0412, val_ap 0.5066, minutes 57.99, lr 1.25e-04
    epoch 75: loss 1.0394, val_ap 0.4991, minutes 58.73, lr 1.25e-04
    stopping: no validation gain in 25 epochs
[res_gate pooled_both fold 2 seed 2] done (59.4 min)
