loaded: dataset0 121,838 sites, data1 90,452
[res_nogate pooled_both fold 0]
    kernel decay scale 118.2 nt (fitted to cell line 1 training labels)
    epoch 1: loss 1.8710, val_ap 0.2206, minutes 0.87, lr 3.31e-04
    epoch 2: loss 1.5425, val_ap 0.3155, minutes 1.81, lr 6.60e-04
    epoch 3: loss 1.3949, val_ap 0.3907, minutes 2.71, lr 9.89e-04
    epoch 4: loss 1.3169, val_ap 0.4138, minutes 3.61, lr 1.00e-03
    epoch 5: loss 1.2889, val_ap 0.4246, minutes 4.5, lr 1.00e-03
    epoch 6: loss 1.2667, val_ap 0.4337, minutes 5.34, lr 1.00e-03
    epoch 7: loss 1.2516, val_ap 0.4401, minutes 6.24, lr 1.00e-03
    epoch 8: loss 1.2468, val_ap 0.4407, minutes 7.16, lr 1.00e-03
    epoch 9: loss 1.2442, val_ap 0.4393, minutes 8.05, lr 1.00e-03
    epoch 10: loss 1.2408, val_ap 0.4475, minutes 8.9, lr 1.00e-03
    epoch 11: loss 1.2291, val_ap 0.4491, minutes 9.8, lr 1.00e-03
    epoch 12: loss 1.2211, val_ap 0.4447, minutes 10.67, lr 1.00e-03
    epoch 13: loss 1.2122, val_ap 0.4492, minutes 11.57, lr 1.00e-03
    epoch 14: loss 1.2054, val_ap 0.4511, minutes 12.43, lr 1.00e-03
    epoch 15: loss 1.2054, val_ap 0.4522, minutes 13.37, lr 1.00e-03
    epoch 16: loss 1.2125, val_ap 0.4572, minutes 14.25, lr 1.00e-03
    epoch 17: loss 1.2025, val_ap 0.4609, minutes 15.11, lr 1.00e-03
    epoch 18: loss 1.1938, val_ap 0.4613, minutes 15.98, lr 1.00e-03
    epoch 19: loss 1.1963, val_ap 0.4631, minutes 16.8, lr 1.00e-03
    epoch 20: loss 1.1972, val_ap 0.4649, minutes 17.69, lr 1.00e-03
    epoch 21: loss 1.1781, val_ap 0.4626, minutes 18.63, lr 1.00e-03
    epoch 22: loss 1.1830, val_ap 0.4710, minutes 19.51, lr 1.00e-03
    epoch 23: loss 1.1859, val_ap 0.4672, minutes 20.32, lr 1.00e-03
    epoch 24: loss 1.1819, val_ap 0.4747, minutes 21.21, lr 1.00e-03
    epoch 25: loss 1.1740, val_ap 0.4762, minutes 22.12, lr 1.00e-03
    epoch 26: loss 1.1664, val_ap 0.4700, minutes 23.04, lr 1.00e-03
    epoch 27: loss 1.1665, val_ap 0.4743, minutes 23.91, lr 1.00e-03
    epoch 28: loss 1.1604, val_ap 0.4641, minutes 24.8, lr 1.00e-03
    epoch 29: loss 1.1678, val_ap 0.4714, minutes 25.67, lr 1.00e-03
    epoch 30: loss 1.1556, val_ap 0.4740, minutes 26.57, lr 1.00e-03
    epoch 31: loss 1.1603, val_ap 0.4759, minutes 27.47, lr 1.00e-03
    epoch 32: loss 1.1567, val_ap 0.4769, minutes 28.32, lr 1.00e-03
    epoch 33: loss 1.1564, val_ap 0.4766, minutes 29.18, lr 1.00e-03
    epoch 34: loss 1.1572, val_ap 0.4846, minutes 30.13, lr 1.00e-03
    epoch 35: loss 1.1449, val_ap 0.4817, minutes 30.98, lr 1.00e-03
    epoch 36: loss 1.1483, val_ap 0.4817, minutes 31.9, lr 1.00e-03
    epoch 37: loss 1.1315, val_ap 0.4856, minutes 32.76, lr 1.00e-03
    epoch 38: loss 1.1427, val_ap 0.4892, minutes 33.63, lr 1.00e-03
    epoch 39: loss 1.1387, val_ap 0.4846, minutes 34.48, lr 1.00e-03
    epoch 40: loss 1.1225, val_ap 0.4949, minutes 35.36, lr 1.00e-03
    epoch 41: loss 1.1295, val_ap 0.4882, minutes 36.19, lr 1.00e-03
    epoch 42: loss 1.1188, val_ap 0.4734, minutes 37.02, lr 1.00e-03
    epoch 43: loss 1.1228, val_ap 0.4896, minutes 37.89, lr 1.00e-03
    epoch 44: loss 1.1246, val_ap 0.4776, minutes 38.73, lr 1.00e-03
    epoch 45: loss 1.1173, val_ap 0.4889, minutes 39.59, lr 1.00e-03
    epoch 46: loss 1.1155, val_ap 0.4868, minutes 40.44, lr 1.00e-03
    epoch 47: loss 1.1160, val_ap 0.4917, minutes 41.29, lr 1.00e-03
    epoch 48: loss 1.1068, val_ap 0.4879, minutes 42.14, lr 1.00e-03
    epoch 49: loss 1.1137, val_ap 0.4870, minutes 42.98, lr 5.00e-04
    epoch 50: loss 1.0924, val_ap 0.4866, minutes 43.84, lr 5.00e-04
    epoch 51: loss 1.0855, val_ap 0.4887, minutes 44.72, lr 5.00e-04
    epoch 52: loss 1.0811, val_ap 0.4855, minutes 45.55, lr 5.00e-04
    epoch 53: loss 1.0820, val_ap 0.4861, minutes 46.44, lr 5.00e-04
    epoch 54: loss 1.0850, val_ap 0.4894, minutes 47.34, lr 5.00e-04
    epoch 55: loss 1.0769, val_ap 0.4878, minutes 48.18, lr 5.00e-04
    epoch 56: loss 1.0771, val_ap 0.4834, minutes 49.01, lr 5.00e-04
    epoch 57: loss 1.0744, val_ap 0.4837, minutes 49.91, lr 5.00e-04
    epoch 58: loss 1.0789, val_ap 0.4878, minutes 50.79, lr 2.50e-04
    epoch 59: loss 1.0595, val_ap 0.4890, minutes 51.6, lr 2.50e-04
    epoch 60: loss 1.0676, val_ap 0.4861, minutes 52.49, lr 2.50e-04
    epoch 61: loss 1.0607, val_ap 0.4855, minutes 53.35, lr 2.50e-04
    epoch 62: loss 1.0626, val_ap 0.4836, minutes 54.18, lr 2.50e-04
    epoch 63: loss 1.0501, val_ap 0.4817, minutes 55.03, lr 2.50e-04
    epoch 64: loss 1.0594, val_ap 0.4826, minutes 55.82, lr 2.50e-04
    epoch 65: loss 1.0573, val_ap 0.4795, minutes 56.65, lr 2.50e-04
    stopping: no validation gain in 25 epochs
[res_nogate pooled_both fold 0] done (57.3 min)
