loaded: dataset0 121,838 sites, data1 90,452
[h2gcn_aux_r100 pooled_both fold 1 seed 1]
    epoch 1: loss 1.9054, val_ap 0.1685, minutes 0.75, lr 3.31e-04
    epoch 2: loss 1.5551, val_ap 0.3283, minutes 1.53, lr 6.60e-04
    epoch 3: loss 1.3672, val_ap 0.4340, minutes 2.35, lr 9.89e-04
    epoch 4: loss 1.3019, val_ap 0.4498, minutes 3.21, lr 1.00e-03
    epoch 5: loss 1.2620, val_ap 0.4557, minutes 4.03, lr 1.00e-03
    epoch 6: loss 1.2400, val_ap 0.4525, minutes 4.85, lr 1.00e-03
    epoch 7: loss 1.2337, val_ap 0.4552, minutes 5.62, lr 1.00e-03
    epoch 8: loss 1.2295, val_ap 0.4694, minutes 6.37, lr 1.00e-03
    epoch 9: loss 1.2223, val_ap 0.4610, minutes 7.14, lr 1.00e-03
    epoch 10: loss 1.2160, val_ap 0.4675, minutes 7.92, lr 1.00e-03
    epoch 11: loss 1.2010, val_ap 0.4678, minutes 8.66, lr 1.00e-03
    epoch 12: loss 1.2001, val_ap 0.4735, minutes 9.44, lr 1.00e-03
    epoch 13: loss 1.1904, val_ap 0.4762, minutes 10.22, lr 1.00e-03
    epoch 14: loss 1.1967, val_ap 0.4760, minutes 11.04, lr 1.00e-03
    epoch 15: loss 1.2063, val_ap 0.4772, minutes 11.82, lr 1.00e-03
    epoch 16: loss 1.1892, val_ap 0.4762, minutes 12.62, lr 1.00e-03
    epoch 17: loss 1.1904, val_ap 0.4761, minutes 13.4, lr 1.00e-03
    epoch 18: loss 1.1726, val_ap 0.4789, minutes 14.19, lr 1.00e-03
    epoch 19: loss 1.1816, val_ap 0.4759, minutes 15.04, lr 1.00e-03
    epoch 20: loss 1.1770, val_ap 0.4792, minutes 15.83, lr 1.00e-03
    epoch 21: loss 1.1673, val_ap 0.4785, minutes 16.61, lr 1.00e-03
    epoch 22: loss 1.1687, val_ap 0.4815, minutes 17.44, lr 1.00e-03
    epoch 23: loss 1.1589, val_ap 0.4821, minutes 18.22, lr 1.00e-03
    epoch 24: loss 1.1642, val_ap 0.4833, minutes 18.99, lr 1.00e-03
    epoch 25: loss 1.1582, val_ap 0.4815, minutes 19.79, lr 1.00e-03
    epoch 26: loss 1.1499, val_ap 0.4831, minutes 20.59, lr 1.00e-03
    epoch 27: loss 1.1392, val_ap 0.4791, minutes 21.35, lr 1.00e-03
    epoch 28: loss 1.1410, val_ap 0.4805, minutes 22.11, lr 1.00e-03
    epoch 29: loss 1.1375, val_ap 0.4759, minutes 22.82, lr 1.00e-03
    epoch 30: loss 1.1352, val_ap 0.4753, minutes 23.65, lr 1.00e-03
    epoch 31: loss 1.1283, val_ap 0.4846, minutes 24.48, lr 1.00e-03
    epoch 32: loss 1.1274, val_ap 0.4837, minutes 25.27, lr 1.00e-03
    epoch 33: loss 1.1325, val_ap 0.4856, minutes 26.05, lr 1.00e-03
    epoch 34: loss 1.1276, val_ap 0.4837, minutes 26.88, lr 1.00e-03
    epoch 35: loss 1.1176, val_ap 0.4879, minutes 27.67, lr 1.00e-03
    epoch 36: loss 1.1108, val_ap 0.4889, minutes 28.53, lr 1.00e-03
    epoch 37: loss 1.1131, val_ap 0.4864, minutes 29.34, lr 1.00e-03
    epoch 38: loss 1.1067, val_ap 0.4949, minutes 30.14, lr 1.00e-03
    epoch 39: loss 1.1041, val_ap 0.4872, minutes 30.93, lr 1.00e-03
    epoch 40: loss 1.1044, val_ap 0.4847, minutes 31.68, lr 1.00e-03
    epoch 41: loss 1.1016, val_ap 0.4748, minutes 32.46, lr 1.00e-03
    epoch 42: loss 1.0924, val_ap 0.4933, minutes 33.28, lr 1.00e-03
    epoch 43: loss 1.0922, val_ap 0.4926, minutes 34.04, lr 1.00e-03
    epoch 44: loss 1.0902, val_ap 0.4896, minutes 34.84, lr 1.00e-03
    epoch 45: loss 1.0815, val_ap 0.4876, minutes 35.55, lr 1.00e-03
    epoch 46: loss 1.0798, val_ap 0.4942, minutes 36.28, lr 1.00e-03
    epoch 47: loss 1.0739, val_ap 0.4881, minutes 37.02, lr 5.00e-04
    epoch 48: loss 1.0654, val_ap 0.4912, minutes 37.74, lr 5.00e-04
    epoch 49: loss 1.0594, val_ap 0.4919, minutes 38.64, lr 5.00e-04
    epoch 50: loss 1.0472, val_ap 0.4898, minutes 39.4, lr 5.00e-04
    epoch 51: loss 1.0453, val_ap 0.4889, minutes 40.09, lr 5.00e-04
    epoch 52: loss 1.0443, val_ap 0.4878, minutes 40.82, lr 5.00e-04
    epoch 53: loss 1.0360, val_ap 0.4853, minutes 41.49, lr 5.00e-04
    epoch 54: loss 1.0445, val_ap 0.4811, minutes 42.12, lr 5.00e-04
    epoch 55: loss 1.0359, val_ap 0.4893, minutes 42.72, lr 5.00e-04
    epoch 56: loss 1.0314, val_ap 0.4885, minutes 43.31, lr 2.50e-04
    epoch 57: loss 1.0205, val_ap 0.4900, minutes 43.89, lr 2.50e-04
    epoch 58: loss 1.0193, val_ap 0.4912, minutes 44.51, lr 2.50e-04
    epoch 59: loss 1.0208, val_ap 0.4879, minutes 45.12, lr 2.50e-04
    epoch 60: loss 1.0183, val_ap 0.4888, minutes 45.72, lr 2.50e-04
    epoch 61: loss 1.0160, val_ap 0.4858, minutes 46.29, lr 2.50e-04
    epoch 62: loss 1.0143, val_ap 0.4884, minutes 46.81, lr 2.50e-04
    epoch 63: loss 1.0115, val_ap 0.4895, minutes 47.33, lr 2.50e-04
    stopping: no validation gain in 25 epochs
[h2gcn_aux_r100 pooled_both fold 1 seed 1] done (47.9 min)
