loaded: dataset0 121,838 sites, data1 90,452
[gcn pooled_both fold 0]
    epoch 1: loss 1.3045, val_ap 0.1036, minutes 0.9, lr 3.31e-04
    epoch 2: loss 1.2110, val_ap 0.1871, minutes 1.76, lr 6.60e-04
    epoch 3: loss 1.0631, val_ap 0.2597, minutes 2.6, lr 9.89e-04
    epoch 4: loss 1.0025, val_ap 0.2688, minutes 3.42, lr 1.00e-03
    epoch 5: loss 0.9831, val_ap 0.2701, minutes 4.18, lr 1.00e-03
    epoch 6: loss 0.9682, val_ap 0.2722, minutes 4.98, lr 1.00e-03
    epoch 7: loss 0.9509, val_ap 0.2745, minutes 5.83, lr 1.00e-03
    epoch 8: loss 0.9414, val_ap 0.2751, minutes 6.64, lr 1.00e-03
    epoch 9: loss 0.9469, val_ap 0.2741, minutes 7.46, lr 1.00e-03
    epoch 10: loss 0.9377, val_ap 0.2763, minutes 8.29, lr 1.00e-03
    epoch 11: loss 0.9349, val_ap 0.2774, minutes 9.15, lr 1.00e-03
    epoch 12: loss 0.9298, val_ap 0.2768, minutes 10.03, lr 1.00e-03
    epoch 13: loss 0.9242, val_ap 0.2799, minutes 10.86, lr 1.00e-03
    epoch 14: loss 0.9216, val_ap 0.2808, minutes 11.76, lr 1.00e-03
    epoch 15: loss 0.9165, val_ap 0.2803, minutes 12.59, lr 1.00e-03
    epoch 16: loss 0.9135, val_ap 0.2814, minutes 13.4, lr 1.00e-03
    epoch 17: loss 0.9122, val_ap 0.2805, minutes 14.19, lr 1.00e-03
    epoch 18: loss 0.9146, val_ap 0.2836, minutes 15.0, lr 1.00e-03
    epoch 19: loss 0.9055, val_ap 0.2822, minutes 15.81, lr 1.00e-03
    epoch 20: loss 0.9092, val_ap 0.2823, minutes 16.62, lr 1.00e-03
    epoch 21: loss 0.8968, val_ap 0.2789, minutes 17.42, lr 1.00e-03
    epoch 22: loss 0.9102, val_ap 0.2827, minutes 18.25, lr 1.00e-03
    epoch 23: loss 0.9020, val_ap 0.2831, minutes 19.05, lr 1.00e-03
    epoch 24: loss 0.9019, val_ap 0.2833, minutes 19.89, lr 1.00e-03
    epoch 25: loss 0.9015, val_ap 0.2812, minutes 20.71, lr 1.00e-03
    epoch 26: loss 0.8922, val_ap 0.2822, minutes 21.58, lr 1.00e-03
    epoch 27: loss 0.8895, val_ap 0.2820, minutes 22.44, lr 5.00e-04
    epoch 28: loss 0.8846, val_ap 0.2854, minutes 23.26, lr 5.00e-04
    epoch 29: loss 0.8820, val_ap 0.2833, minutes 24.1, lr 5.00e-04
    epoch 30: loss 0.8775, val_ap 0.2836, minutes 24.91, lr 5.00e-04
    epoch 31: loss 0.8840, val_ap 0.2806, minutes 25.76, lr 5.00e-04
    epoch 32: loss 0.8784, val_ap 0.2834, minutes 26.59, lr 5.00e-04
    epoch 33: loss 0.8724, val_ap 0.2868, minutes 27.39, lr 5.00e-04
    epoch 34: loss 0.8748, val_ap 0.2831, minutes 28.23, lr 5.00e-04
    epoch 35: loss 0.8707, val_ap 0.2859, minutes 29.05, lr 5.00e-04
    epoch 36: loss 0.8695, val_ap 0.2869, minutes 29.85, lr 5.00e-04
    epoch 37: loss 0.8655, val_ap 0.2864, minutes 30.7, lr 5.00e-04
    epoch 38: loss 0.8738, val_ap 0.2827, minutes 31.54, lr 5.00e-04
    epoch 39: loss 0.8658, val_ap 0.2873, minutes 32.38, lr 5.00e-04
    epoch 40: loss 0.8629, val_ap 0.2822, minutes 33.23, lr 5.00e-04
    epoch 41: loss 0.8655, val_ap 0.2867, minutes 34.01, lr 5.00e-04
    epoch 42: loss 0.8607, val_ap 0.2833, minutes 34.85, lr 5.00e-04
    epoch 43: loss 0.8643, val_ap 0.2873, minutes 35.68, lr 5.00e-04
    epoch 44: loss 0.8638, val_ap 0.2860, minutes 36.5, lr 5.00e-04
    epoch 45: loss 0.8585, val_ap 0.2862, minutes 37.28, lr 5.00e-04
    epoch 46: loss 0.8614, val_ap 0.2845, minutes 38.03, lr 5.00e-04
    epoch 47: loss 0.8585, val_ap 0.2849, minutes 38.79, lr 5.00e-04
    epoch 48: loss 0.8546, val_ap 0.2840, minutes 39.59, lr 2.50e-04
    epoch 49: loss 0.8483, val_ap 0.2836, minutes 40.41, lr 2.50e-04
    epoch 50: loss 0.8522, val_ap 0.2832, minutes 41.18, lr 2.50e-04
    epoch 51: loss 0.8474, val_ap 0.2819, minutes 41.99, lr 2.50e-04
    epoch 52: loss 0.8524, val_ap 0.2838, minutes 42.82, lr 2.50e-04
    epoch 53: loss 0.8522, val_ap 0.2850, minutes 43.6, lr 2.50e-04
    epoch 54: loss 0.8518, val_ap 0.2833, minutes 44.41, lr 2.50e-04
    epoch 55: loss 0.8475, val_ap 0.2803, minutes 45.21, lr 2.50e-04
    epoch 56: loss 0.8454, val_ap 0.2837, minutes 46.01, lr 2.50e-04
    epoch 57: loss 0.8474, val_ap 0.2840, minutes 46.8, lr 1.25e-04
    epoch 58: loss 0.8448, val_ap 0.2806, minutes 47.59, lr 1.25e-04
    epoch 59: loss 0.8450, val_ap 0.2840, minutes 48.41, lr 1.25e-04
    epoch 60: loss 0.8423, val_ap 0.2841, minutes 49.23, lr 1.25e-04
    epoch 61: loss 0.8437, val_ap 0.2836, minutes 50.03, lr 1.25e-04
    epoch 62: loss 0.8441, val_ap 0.2815, minutes 50.85, lr 1.25e-04
    epoch 63: loss 0.8395, val_ap 0.2832, minutes 51.68, lr 1.25e-04
    epoch 64: loss 0.8391, val_ap 0.2818, minutes 52.46, lr 1.25e-04
    stopping: no validation gain in 25 epochs
[gcn pooled_both fold 0] done (53.1 min)
