loaded: dataset0 121,838 sites, data1 90,452
[res_gate dataset0 fold 4 seed 2]
    kernel decay scale 97.3 nt (fitted to cell line 1 training labels)
    epoch 1: loss 1.9572, val_ap 0.1507, minutes 0.53, lr 3.33e-04
    epoch 2: loss 1.5919, val_ap 0.2143, minutes 1.0, lr 6.63e-04
    epoch 3: loss 1.3735, val_ap 0.3827, minutes 1.51, lr 9.92e-04
    epoch 4: loss 1.2205, val_ap 0.4651, minutes 2.05, lr 1.00e-03
    epoch 5: loss 1.1605, val_ap 0.4870, minutes 2.54, lr 1.00e-03
    epoch 6: loss 1.1340, val_ap 0.5044, minutes 3.04, lr 1.00e-03
    epoch 7: loss 1.0849, val_ap 0.4929, minutes 3.57, lr 1.00e-03
    epoch 8: loss 1.0842, val_ap 0.5069, minutes 4.04, lr 1.00e-03
    epoch 9: loss 1.0464, val_ap 0.5083, minutes 4.59, lr 1.00e-03
    epoch 10: loss 1.0167, val_ap 0.5187, minutes 5.08, lr 1.00e-03
    epoch 11: loss 1.0250, val_ap 0.5217, minutes 5.61, lr 1.00e-03
    epoch 12: loss 1.0133, val_ap 0.5218, minutes 6.11, lr 1.00e-03
    epoch 13: loss 0.9895, val_ap 0.5377, minutes 6.61, lr 1.00e-03
    epoch 14: loss 0.9829, val_ap 0.5445, minutes 7.14, lr 1.00e-03
    epoch 15: loss 0.9637, val_ap 0.5442, minutes 7.61, lr 1.00e-03
    epoch 16: loss 0.9795, val_ap 0.5380, minutes 8.14, lr 1.00e-03
    epoch 17: loss 0.9718, val_ap 0.5385, minutes 8.65, lr 1.00e-03
    epoch 18: loss 0.9466, val_ap 0.5523, minutes 9.13, lr 1.00e-03
    epoch 19: loss 0.9595, val_ap 0.5418, minutes 9.64, lr 1.00e-03
    epoch 20: loss 0.9525, val_ap 0.5442, minutes 10.15, lr 1.00e-03
    epoch 21: loss 0.9341, val_ap 0.5513, minutes 10.65, lr 1.00e-03
    epoch 22: loss 0.9606, val_ap 0.5552, minutes 11.15, lr 1.00e-03
    epoch 23: loss 0.9260, val_ap 0.5562, minutes 11.67, lr 1.00e-03
    epoch 24: loss 0.9434, val_ap 0.5592, minutes 12.21, lr 1.00e-03
    epoch 25: loss 0.9293, val_ap 0.5564, minutes 12.72, lr 1.00e-03
    epoch 26: loss 0.9207, val_ap 0.5610, minutes 13.23, lr 1.00e-03
    epoch 27: loss 0.9257, val_ap 0.5625, minutes 13.71, lr 1.00e-03
    epoch 28: loss 0.9182, val_ap 0.5640, minutes 14.23, lr 1.00e-03
    epoch 29: loss 0.9117, val_ap 0.5656, minutes 14.74, lr 1.00e-03
    epoch 30: loss 0.9101, val_ap 0.5618, minutes 15.25, lr 1.00e-03
    epoch 31: loss 0.8954, val_ap 0.5688, minutes 15.79, lr 1.00e-03
    epoch 32: loss 0.9114, val_ap 0.5617, minutes 16.28, lr 1.00e-03
    epoch 33: loss 0.8906, val_ap 0.5650, minutes 16.77, lr 1.00e-03
    epoch 34: loss 0.8908, val_ap 0.5700, minutes 17.24, lr 1.00e-03
    epoch 35: loss 0.9027, val_ap 0.5679, minutes 17.73, lr 1.00e-03
    epoch 36: loss 0.9059, val_ap 0.5757, minutes 18.31, lr 1.00e-03
    epoch 37: loss 0.8894, val_ap 0.5777, minutes 18.79, lr 1.00e-03
    epoch 38: loss 0.8717, val_ap 0.5688, minutes 19.31, lr 1.00e-03
    epoch 39: loss 0.9025, val_ap 0.5789, minutes 19.79, lr 1.00e-03
    epoch 40: loss 0.8936, val_ap 0.5811, minutes 20.29, lr 1.00e-03
    epoch 41: loss 0.8827, val_ap 0.5812, minutes 20.78, lr 1.00e-03
    epoch 42: loss 0.8656, val_ap 0.5857, minutes 21.26, lr 1.00e-03
    epoch 43: loss 0.8762, val_ap 0.5816, minutes 21.79, lr 1.00e-03
    epoch 44: loss 0.8664, val_ap 0.5841, minutes 22.29, lr 1.00e-03
    epoch 45: loss 0.8739, val_ap 0.5782, minutes 22.84, lr 1.00e-03
    epoch 46: loss 0.8622, val_ap 0.5836, minutes 23.34, lr 1.00e-03
    epoch 47: loss 0.8775, val_ap 0.5823, minutes 23.85, lr 1.00e-03
    epoch 48: loss 0.8681, val_ap 0.5869, minutes 24.35, lr 1.00e-03
    epoch 49: loss 0.8621, val_ap 0.5878, minutes 24.88, lr 1.00e-03
    epoch 50: loss 0.8560, val_ap 0.5897, minutes 25.38, lr 1.00e-03
    epoch 51: loss 0.8627, val_ap 0.5851, minutes 25.87, lr 1.00e-03
    epoch 52: loss 0.8565, val_ap 0.5877, minutes 26.36, lr 1.00e-03
    epoch 53: loss 0.8454, val_ap 0.5923, minutes 26.96, lr 1.00e-03
    epoch 54: loss 0.8619, val_ap 0.5918, minutes 27.47, lr 1.00e-03
    epoch 55: loss 0.8329, val_ap 0.5922, minutes 27.97, lr 1.00e-03
    epoch 56: loss 0.8411, val_ap 0.5930, minutes 28.54, lr 1.00e-03
    epoch 57: loss 0.8489, val_ap 0.5960, minutes 29.04, lr 1.00e-03
    epoch 58: loss 0.8422, val_ap 0.5929, minutes 29.59, lr 1.00e-03
    epoch 59: loss 0.8536, val_ap 0.5976, minutes 30.11, lr 1.00e-03
    epoch 60: loss 0.8378, val_ap 0.5922, minutes 30.62, lr 1.00e-03
    epoch 61: loss 0.8465, val_ap 0.5922, minutes 31.11, lr 1.00e-03
    epoch 62: loss 0.8326, val_ap 0.6013, minutes 31.61, lr 1.00e-03
    epoch 63: loss 0.8392, val_ap 0.6003, minutes 32.08, lr 1.00e-03
    epoch 64: loss 0.8306, val_ap 0.5994, minutes 32.61, lr 1.00e-03
    epoch 65: loss 0.8331, val_ap 0.6029, minutes 33.08, lr 1.00e-03
    epoch 66: loss 0.8209, val_ap 0.6042, minutes 33.63, lr 1.00e-03
    epoch 67: loss 0.8085, val_ap 0.6045, minutes 34.17, lr 1.00e-03
    epoch 68: loss 0.8195, val_ap 0.6056, minutes 34.68, lr 1.00e-03
    epoch 69: loss 0.8173, val_ap 0.6021, minutes 35.26, lr 1.00e-03
    epoch 70: loss 0.8299, val_ap 0.6060, minutes 35.79, lr 1.00e-03
    epoch 71: loss 0.8138, val_ap 0.6026, minutes 36.31, lr 1.00e-03
    epoch 72: loss 0.7998, val_ap 0.6078, minutes 36.84, lr 1.00e-03
    epoch 73: loss 0.7988, val_ap 0.6073, minutes 37.33, lr 1.00e-03
    epoch 74: loss 0.8017, val_ap 0.6099, minutes 37.84, lr 1.00e-03
    epoch 75: loss 0.8037, val_ap 0.6076, minutes 38.36, lr 1.00e-03
    epoch 76: loss 0.8249, val_ap 0.6054, minutes 38.87, lr 1.00e-03
    epoch 77: loss 0.8009, val_ap 0.6114, minutes 39.35, lr 1.00e-03
    epoch 78: loss 0.7997, val_ap 0.6104, minutes 39.85, lr 1.00e-03
    epoch 79: loss 0.8114, val_ap 0.6126, minutes 40.35, lr 1.00e-03
    epoch 80: loss 0.8174, val_ap 0.6095, minutes 40.88, lr 1.00e-03
    epoch 81: loss 0.8009, val_ap 0.6112, minutes 41.4, lr 1.00e-03
    epoch 82: loss 0.7949, val_ap 0.6127, minutes 41.91, lr 1.00e-03
    epoch 83: loss 0.8008, val_ap 0.6135, minutes 42.48, lr 1.00e-03
    epoch 84: loss 0.7949, val_ap 0.6098, minutes 43.01, lr 1.00e-03
    epoch 85: loss 0.7699, val_ap 0.6123, minutes 43.55, lr 1.00e-03
    epoch 86: loss 0.8004, val_ap 0.6023, minutes 44.03, lr 1.00e-03
    epoch 87: loss 0.7878, val_ap 0.6090, minutes 44.58, lr 1.00e-03
    epoch 88: loss 0.7861, val_ap 0.6110, minutes 45.11, lr 1.00e-03
    epoch 89: loss 0.7717, val_ap 0.6089, minutes 45.65, lr 1.00e-03
    epoch 90: loss 0.7800, val_ap 0.6142, minutes 46.16, lr 1.00e-03
    epoch 91: loss 0.7545, val_ap 0.6199, minutes 46.73, lr 1.00e-03
    epoch 92: loss 0.7660, val_ap 0.6256, minutes 47.25, lr 1.00e-03
    epoch 93: loss 0.7580, val_ap 0.6146, minutes 47.7, lr 1.00e-03
    epoch 94: loss 0.7628, val_ap 0.6221, minutes 48.28, lr 1.00e-03
    epoch 95: loss 0.7684, val_ap 0.6079, minutes 48.82, lr 1.00e-03
    epoch 96: loss 0.7728, val_ap 0.6036, minutes 49.34, lr 1.00e-03
    epoch 97: loss 0.7771, val_ap 0.6066, minutes 49.88, lr 1.00e-03
    epoch 98: loss 0.7764, val_ap 0.6234, minutes 50.35, lr 1.00e-03
    epoch 99: loss 0.7803, val_ap 0.6161, minutes 50.88, lr 1.00e-03
    epoch 100: loss 0.7685, val_ap 0.6139, minutes 51.37, lr 1.00e-03
    epoch 101: loss 0.7607, val_ap 0.6120, minutes 51.9, lr 5.00e-04
    epoch 102: loss 0.7539, val_ap 0.6165, minutes 52.4, lr 5.00e-04
    epoch 103: loss 0.7331, val_ap 0.6174, minutes 52.93, lr 5.00e-04
    epoch 104: loss 0.7307, val_ap 0.6189, minutes 53.42, lr 5.00e-04
    epoch 105: loss 0.7572, val_ap 0.6155, minutes 54.01, lr 5.00e-04
    epoch 106: loss 0.7339, val_ap 0.6197, minutes 54.55, lr 5.00e-04
    epoch 107: loss 0.7324, val_ap 0.6207, minutes 55.1, lr 5.00e-04
    epoch 108: loss 0.7303, val_ap 0.6165, minutes 55.63, lr 5.00e-04
    epoch 109: loss 0.7252, val_ap 0.6232, minutes 56.18, lr 5.00e-04
    epoch 110: loss 0.7162, val_ap 0.6206, minutes 56.7, lr 2.50e-04
    epoch 111: loss 0.6992, val_ap 0.6262, minutes 57.26, lr 2.50e-04
    epoch 112: loss 0.7273, val_ap 0.6217, minutes 57.81, lr 2.50e-04
    epoch 113: loss 0.7161, val_ap 0.6224, minutes 58.34, lr 2.50e-04
    epoch 114: loss 0.7147, val_ap 0.6210, minutes 58.89, lr 2.50e-04
    epoch 115: loss 0.7081, val_ap 0.6229, minutes 59.54, lr 2.50e-04
    epoch 116: loss 0.7087, val_ap 0.6231, minutes 60.05, lr 2.50e-04
    epoch 117: loss 0.7094, val_ap 0.6200, minutes 60.6, lr 2.50e-04
    epoch 118: loss 0.7106, val_ap 0.6231, minutes 61.13, lr 2.50e-04
    epoch 119: loss 0.7058, val_ap 0.6262, minutes 61.7, lr 2.50e-04
    epoch 120: loss 0.7026, val_ap 0.6234, minutes 62.25, lr 1.25e-04
    epoch 121: loss 0.6955, val_ap 0.6236, minutes 62.8, lr 1.25e-04
    epoch 122: loss 0.7115, val_ap 0.6240, minutes 63.34, lr 1.25e-04
    epoch 123: loss 0.6976, val_ap 0.6207, minutes 63.87, lr 1.25e-04
    epoch 124: loss 0.7051, val_ap 0.6230, minutes 64.44, lr 1.25e-04
    epoch 125: loss 0.6996, val_ap 0.6225, minutes 65.02, lr 1.25e-04
    epoch 126: loss 0.7020, val_ap 0.6231, minutes 65.57, lr 1.25e-04
    epoch 127: loss 0.7019, val_ap 0.6202, minutes 66.12, lr 1.25e-04
    epoch 128: loss 0.7080, val_ap 0.6219, minutes 66.68, lr 1.25e-04
    epoch 129: loss 0.6999, val_ap 0.6223, minutes 67.24, lr 6.25e-05
    epoch 130: loss 0.6856, val_ap 0.6219, minutes 67.76, lr 6.25e-05
    epoch 131: loss 0.6773, val_ap 0.6198, minutes 68.26, lr 6.25e-05
    epoch 132: loss 0.6864, val_ap 0.6200, minutes 68.8, lr 6.25e-05
    epoch 133: loss 0.6974, val_ap 0.6218, minutes 69.34, lr 6.25e-05
    epoch 134: loss 0.6966, val_ap 0.6209, minutes 69.9, lr 6.25e-05
    epoch 135: loss 0.6886, val_ap 0.6211, minutes 70.44, lr 6.25e-05
    epoch 136: loss 0.6877, val_ap 0.6218, minutes 70.94, lr 6.25e-05
    stopping: no validation gain in 25 epochs
[res_gate dataset0 fold 4 seed 2] done (71.8 min)
