loaded: dataset0 121,838 sites, data1 90,452
[set_transformer pooled_both fold 0 seed 2]
    epoch 1: loss 1.0252347840982325, minutes 2.78, val_ap 0.35797527111160804, lr 0.00033389355742296915
    epoch 2: loss 0.9059965584458424, minutes 6.38, val_ap 0.37806130413603783, lr 0.0006672268907563025
    epoch 3: loss 0.8845444035129387, minutes 9.99, val_ap 0.38459403164179895, lr 0.001
    epoch 4: loss 0.871519639612246, minutes 13.54, val_ap 0.4101228614499669, lr 0.001
    epoch 5: loss 0.8576366018848259, minutes 17.17, val_ap 0.3918228926806894, lr 0.001
    epoch 6: loss 0.8497971510686795, minutes 20.74, val_ap 0.4101968159302745, lr 0.001
    epoch 7: loss 0.8434706848208644, minutes 24.36, val_ap 0.425697902077533, lr 0.001
    epoch 8: loss 0.8360628748140415, minutes 28.0, val_ap 0.412272186440829, lr 0.001
    epoch 9: loss 0.8311729605458363, minutes 31.43, val_ap 0.41662429184131716, lr 0.001
    epoch 10: loss 0.8324161028661647, minutes 35.02, val_ap 0.41746276766158263, lr 0.001
    epoch 11: loss 0.8216455802697094, minutes 38.58, val_ap 0.43880343863245785, lr 0.001
    epoch 12: loss 0.8194121407861469, minutes 42.23, val_ap 0.44315923229653814, lr 0.001
    epoch 13: loss 0.8203676126584285, minutes 45.83, val_ap 0.43589161365776385, lr 0.001
    epoch 14: loss 0.8139454441411155, minutes 49.39, val_ap 0.4364209629567596, lr 0.001
    epoch 15: loss 0.8144419834894292, minutes 52.95, val_ap 0.4293948435918231, lr 0.001
    epoch 16: loss 0.8113847049344488, minutes 56.46, val_ap 0.43601261267286956, lr 0.001
    epoch 17: loss 0.8094952889350282, minutes 59.95, val_ap 0.4318815553461977, lr 0.001
    epoch 18: loss 0.8028272682879152, minutes 63.49, val_ap 0.43565378260211207, lr 0.001
    epoch 19: loss 0.8036668109292744, minutes 67.03, val_ap 0.42903198287701455, lr 0.001
    epoch 20: loss 0.7955234033219954, minutes 70.45, val_ap 0.4324461056336222, lr 0.001
    epoch 21: loss 0.7981639734837187, minutes 73.89, val_ap 0.4343740488295169, lr 0.0005
    epoch 22: loss 0.7741799980151554, minutes 77.37, val_ap 0.44322108854741193, lr 0.0005
    epoch 23: loss 0.7626674963646576, minutes 80.87, val_ap 0.4491053436593237, lr 0.0005
    epoch 24: loss 0.7624383912867858, minutes 84.33, val_ap 0.44178601639857173, lr 0.0005
    epoch 25: loss 0.7526043840316163, minutes 87.72, val_ap 0.4385570813806109, lr 0.0005
    epoch 26: loss 0.7524324466701315, minutes 91.17, val_ap 0.4376055963185164, lr 0.0005
    epoch 27: loss 0.7470214836236809, minutes 94.62, val_ap 0.44361175995714863, lr 0.0005
    epoch 28: loss 0.7495852939721916, minutes 98.0, val_ap 0.44164227824757624, lr 0.0005
    epoch 29: loss 0.7400420074202433, minutes 101.47, val_ap 0.44463455760298726, lr 0.0005
    epoch 30: loss 0.7409822201528469, minutes 104.89, val_ap 0.4346678820470946, lr 0.0005
    epoch 31: loss 0.7375294090819959, minutes 108.29, val_ap 0.4412401887208881, lr 0.0005
    epoch 32: loss 0.7348312958448875, minutes 111.67, val_ap 0.4431079137017692, lr 0.00025
    epoch 33: loss 0.7160529531851536, minutes 114.96, val_ap 0.447548156186074, lr 0.00025
    epoch 34: loss 0.7033490616734288, minutes 118.23, val_ap 0.4383828857446779, lr 0.00025
    epoch 35: loss 0.7018397712907871, minutes 121.58, val_ap 0.4463001661500861, lr 0.00025
    epoch 36: loss 0.6968691049503679, minutes 124.86, val_ap 0.4355319660738541, lr 0.00025
    epoch 37: loss 0.6948574041118141, minutes 128.15, val_ap 0.4420185606737158, lr 0.00025
    epoch 38: loss 0.6910749284660115, minutes 131.48, val_ap 0.44514460542703543, lr 0.00025
    epoch 39: loss 0.6893654021395355, minutes 134.72, val_ap 0.4441968689566432, lr 0.00025
    epoch 40: loss 0.6854158807702425, minutes 137.94, val_ap 0.4394281102864637, lr 0.00025
    epoch 41: loss 0.6786030104180344, minutes 141.24, val_ap 0.43691959280054277, lr 0.000125
    epoch 42: loss 0.6694394497310414, minutes 144.5, val_ap 0.4338760064067838, lr 0.000125
    epoch 43: loss 0.6637495418556598, minutes 147.68, val_ap 0.43685127134146745, lr 0.000125
    epoch 44: loss 0.6577806107136381, minutes 150.9, val_ap 0.43257722972645707, lr 0.000125
    epoch 45: loss 0.6564387036471807, minutes 154.13, val_ap 0.4365660173855615, lr 0.000125
    epoch 46: loss 0.6520258687624411, minutes 157.4, val_ap 0.43626396365984416, lr 0.000125
    epoch 47: loss 0.6496699606170173, minutes 160.53, val_ap 0.4278866897281387, lr 0.000125
    stopping: no validation gain in 25 epochs
[set_transformer pooled_both fold 0 seed 2] done (166.0 min)
