loaded: dataset0 121,838 sites, data1 90,452
[gps dataset0 fold 3 seed 2]
    epoch 1: loss 1.9734, val_ap 0.1565, minutes 1.42, lr 3.33e-04
    epoch 2: loss 1.6071, val_ap 0.2121, minutes 2.81, lr 6.63e-04
    epoch 3: loss 1.3616, val_ap 0.3819, minutes 4.25, lr 9.92e-04
    epoch 4: loss 1.2219, val_ap 0.4664, minutes 5.67, lr 1.00e-03
    epoch 5: loss 1.1426, val_ap 0.4799, minutes 7.08, lr 1.00e-03
    epoch 6: loss 1.0708, val_ap 0.4975, minutes 8.52, lr 1.00e-03
    epoch 7: loss 1.0415, val_ap 0.5127, minutes 9.97, lr 1.00e-03
    epoch 8: loss 1.0204, val_ap 0.5179, minutes 11.35, lr 1.00e-03
    epoch 9: loss 0.9928, val_ap 0.5316, minutes 12.75, lr 1.00e-03
    epoch 10: loss 0.9860, val_ap 0.5450, minutes 14.12, lr 1.00e-03
    epoch 11: loss 0.9645, val_ap 0.5367, minutes 15.56, lr 1.00e-03
    epoch 12: loss 0.9435, val_ap 0.5476, minutes 17.0, lr 1.00e-03
    epoch 13: loss 0.9293, val_ap 0.5440, minutes 18.42, lr 1.00e-03
    epoch 14: loss 0.9192, val_ap 0.5485, minutes 19.85, lr 1.00e-03
    epoch 15: loss 0.9201, val_ap 0.5461, minutes 21.29, lr 1.00e-03
    epoch 16: loss 0.9089, val_ap 0.5615, minutes 22.72, lr 1.00e-03
    epoch 17: loss 0.9242, val_ap 0.5659, minutes 24.15, lr 1.00e-03
    epoch 18: loss 0.8867, val_ap 0.5559, minutes 25.58, lr 1.00e-03
    epoch 19: loss 0.8922, val_ap 0.5640, minutes 27.02, lr 1.00e-03
    epoch 20: loss 0.8891, val_ap 0.5750, minutes 28.45, lr 1.00e-03
    epoch 21: loss 0.8778, val_ap 0.5582, minutes 29.85, lr 1.00e-03
    epoch 22: loss 0.8756, val_ap 0.5751, minutes 31.36, lr 1.00e-03
    epoch 23: loss 0.8717, val_ap 0.5753, minutes 32.8, lr 1.00e-03
    epoch 24: loss 0.8593, val_ap 0.5842, minutes 34.21, lr 1.00e-03
    epoch 25: loss 0.8707, val_ap 0.5714, minutes 35.59, lr 1.00e-03
    epoch 26: loss 0.8475, val_ap 0.5951, minutes 37.03, lr 1.00e-03
    epoch 27: loss 0.8342, val_ap 0.5913, minutes 38.47, lr 1.00e-03
    epoch 28: loss 0.8539, val_ap 0.5887, minutes 39.88, lr 1.00e-03
    epoch 29: loss 0.8401, val_ap 0.5868, minutes 41.29, lr 1.00e-03
    epoch 30: loss 0.8339, val_ap 0.6100, minutes 42.67, lr 1.00e-03
    epoch 31: loss 0.8400, val_ap 0.6072, minutes 44.08, lr 1.00e-03
    epoch 32: loss 0.8164, val_ap 0.6032, minutes 45.49, lr 1.00e-03
    epoch 33: loss 0.8225, val_ap 0.6058, minutes 46.94, lr 1.00e-03
    epoch 34: loss 0.8187, val_ap 0.6119, minutes 48.38, lr 1.00e-03
    epoch 35: loss 0.8005, val_ap 0.6088, minutes 49.79, lr 1.00e-03
    epoch 36: loss 0.8310, val_ap 0.6100, minutes 51.18, lr 1.00e-03
    epoch 37: loss 0.8124, val_ap 0.6142, minutes 52.54, lr 1.00e-03
    epoch 38: loss 0.8098, val_ap 0.6198, minutes 53.95, lr 1.00e-03
    epoch 39: loss 0.8072, val_ap 0.6053, minutes 55.33, lr 1.00e-03
    epoch 40: loss 0.7878, val_ap 0.6205, minutes 56.74, lr 1.00e-03
    epoch 41: loss 0.7767, val_ap 0.6195, minutes 58.22, lr 1.00e-03
    epoch 42: loss 0.7778, val_ap 0.6120, minutes 59.64, lr 1.00e-03
    epoch 43: loss 0.7884, val_ap 0.6242, minutes 61.09, lr 1.00e-03
    epoch 44: loss 0.7786, val_ap 0.6255, minutes 62.5, lr 1.00e-03
    epoch 45: loss 0.7733, val_ap 0.6308, minutes 63.94, lr 1.00e-03
    epoch 46: loss 0.7685, val_ap 0.6202, minutes 65.34, lr 1.00e-03
    epoch 47: loss 0.7720, val_ap 0.6189, minutes 66.76, lr 1.00e-03
    epoch 48: loss 0.7685, val_ap 0.6207, minutes 68.11, lr 1.00e-03
    epoch 49: loss 0.7596, val_ap 0.6173, minutes 69.54, lr 1.00e-03
    epoch 50: loss 0.7589, val_ap 0.6215, minutes 70.96, lr 1.00e-03
    epoch 51: loss 0.7711, val_ap 0.6216, minutes 72.39, lr 1.00e-03
    epoch 52: loss 0.7719, val_ap 0.6117, minutes 73.94, lr 1.00e-03
    epoch 53: loss 0.7357, val_ap 0.6297, minutes 75.35, lr 1.00e-03
    epoch 54: loss 0.7406, val_ap 0.6199, minutes 76.76, lr 5.00e-04
    epoch 55: loss 0.7230, val_ap 0.6289, minutes 78.2, lr 5.00e-04
    epoch 56: loss 0.7195, val_ap 0.6275, minutes 79.57, lr 5.00e-04
    epoch 57: loss 0.7117, val_ap 0.6311, minutes 80.98, lr 5.00e-04
    epoch 58: loss 0.7127, val_ap 0.6324, minutes 82.39, lr 5.00e-04
    epoch 59: loss 0.7052, val_ap 0.6312, minutes 83.81, lr 5.00e-04
    epoch 60: loss 0.7089, val_ap 0.6055, minutes 85.24, lr 5.00e-04
    epoch 61: loss 0.7014, val_ap 0.6221, minutes 86.72, lr 5.00e-04
    epoch 62: loss 0.6998, val_ap 0.6353, minutes 88.23, lr 5.00e-04
    epoch 63: loss 0.7005, val_ap 0.6402, minutes 89.69, lr 5.00e-04
    epoch 64: loss 0.6982, val_ap 0.6268, minutes 91.09, lr 5.00e-04
    epoch 65: loss 0.7057, val_ap 0.6319, minutes 92.49, lr 5.00e-04
    epoch 66: loss 0.6964, val_ap 0.6268, minutes 93.93, lr 5.00e-04
    epoch 67: loss 0.6967, val_ap 0.6280, minutes 95.3, lr 5.00e-04
    epoch 68: loss 0.7009, val_ap 0.6261, minutes 96.71, lr 5.00e-04
    epoch 69: loss 0.6922, val_ap 0.6265, minutes 98.05, lr 5.00e-04
    epoch 70: loss 0.6798, val_ap 0.6224, minutes 99.43, lr 5.00e-04
    epoch 71: loss 0.6845, val_ap 0.6289, minutes 100.85, lr 5.00e-04
    epoch 72: loss 0.6814, val_ap 0.6203, minutes 102.21, lr 2.50e-04
    epoch 73: loss 0.6731, val_ap 0.6125, minutes 103.62, lr 2.50e-04
    epoch 74: loss 0.6604, val_ap 0.6188, minutes 105.02, lr 2.50e-04
    epoch 75: loss 0.6678, val_ap 0.6247, minutes 106.33, lr 2.50e-04
    epoch 76: loss 0.6519, val_ap 0.6133, minutes 107.71, lr 2.50e-04
    epoch 77: loss 0.6780, val_ap 0.6139, minutes 109.02, lr 2.50e-04
    epoch 78: loss 0.6631, val_ap 0.6151, minutes 110.38, lr 2.50e-04
    epoch 79: loss 0.6460, val_ap 0.6132, minutes 111.74, lr 2.50e-04
    epoch 80: loss 0.6491, val_ap 0.6231, minutes 113.16, lr 2.50e-04
    epoch 81: loss 0.6416, val_ap 0.6057, minutes 114.5, lr 1.25e-04
    epoch 82: loss 0.6474, val_ap 0.6161, minutes 115.87, lr 1.25e-04
    epoch 83: loss 0.6380, val_ap 0.6189, minutes 117.2, lr 1.25e-04
    epoch 84: loss 0.6388, val_ap 0.6087, minutes 118.57, lr 1.25e-04
    epoch 85: loss 0.6351, val_ap 0.6010, minutes 119.93, lr 1.25e-04
    epoch 86: loss 0.6301, val_ap 0.6101, minutes 121.27, lr 1.25e-04
    epoch 87: loss 0.6320, val_ap 0.6052, minutes 122.6, lr 1.25e-04
    epoch 88: loss 0.6447, val_ap 0.6043, minutes 124.01, lr 1.25e-04
    stopping: no validation gain in 25 epochs
[gps dataset0 fold 3 seed 2] done (124.8 min)
