loaded: dataset0 121,838 sites, data1 90,452
[fk_band_shuffled pooled_both fold 0]
    band weights [0.395, 0.347, 0.258] (bands ((0, 30), (30, 75), (75, 150)))
    epoch 1: loss 1.8863, val_ap 0.2060, minutes 1.09, lr 3.31e-04
    epoch 2: loss 1.5343, val_ap 0.3098, minutes 2.02, lr 6.60e-04
    epoch 3: loss 1.3845, val_ap 0.3955, minutes 2.92, lr 9.89e-04
    epoch 4: loss 1.2985, val_ap 0.4263, minutes 3.81, lr 1.00e-03
    epoch 5: loss 1.2718, val_ap 0.4417, minutes 4.71, lr 1.00e-03
    epoch 6: loss 1.2471, val_ap 0.4520, minutes 5.6, lr 1.00e-03
    epoch 7: loss 1.2254, val_ap 0.4534, minutes 6.44, lr 1.00e-03
    epoch 8: loss 1.2203, val_ap 0.4518, minutes 7.32, lr 1.00e-03
    epoch 9: loss 1.2180, val_ap 0.4514, minutes 8.2, lr 1.00e-03
    epoch 10: loss 1.2215, val_ap 0.4596, minutes 9.12, lr 1.00e-03
    epoch 11: loss 1.2080, val_ap 0.4657, minutes 10.06, lr 1.00e-03
    epoch 12: loss 1.1921, val_ap 0.4670, minutes 10.94, lr 1.00e-03
    epoch 13: loss 1.1819, val_ap 0.4638, minutes 11.81, lr 1.00e-03
    epoch 14: loss 1.1824, val_ap 0.4683, minutes 12.71, lr 1.00e-03
    epoch 15: loss 1.1742, val_ap 0.4724, minutes 13.56, lr 1.00e-03
    epoch 16: loss 1.1821, val_ap 0.4740, minutes 14.43, lr 1.00e-03
    epoch 17: loss 1.1705, val_ap 0.4747, minutes 15.32, lr 1.00e-03
    epoch 18: loss 1.1655, val_ap 0.4760, minutes 16.18, lr 1.00e-03
    epoch 19: loss 1.1621, val_ap 0.4788, minutes 17.02, lr 1.00e-03
    epoch 20: loss 1.1576, val_ap 0.4776, minutes 17.91, lr 1.00e-03
    epoch 21: loss 1.1444, val_ap 0.4772, minutes 18.78, lr 1.00e-03
    epoch 22: loss 1.1475, val_ap 0.4847, minutes 19.66, lr 1.00e-03
    epoch 23: loss 1.1454, val_ap 0.4741, minutes 20.57, lr 1.00e-03
    epoch 24: loss 1.1423, val_ap 0.4843, minutes 21.47, lr 1.00e-03
    epoch 25: loss 1.1339, val_ap 0.4857, minutes 22.33, lr 1.00e-03
    epoch 26: loss 1.1255, val_ap 0.4791, minutes 23.26, lr 1.00e-03
    epoch 27: loss 1.1244, val_ap 0.4849, minutes 24.26, lr 1.00e-03
    epoch 28: loss 1.1196, val_ap 0.4719, minutes 25.16, lr 1.00e-03
    epoch 29: loss 1.1197, val_ap 0.4878, minutes 26.12, lr 1.00e-03
    epoch 30: loss 1.1143, val_ap 0.4749, minutes 27.02, lr 1.00e-03
    epoch 31: loss 1.1101, val_ap 0.4832, minutes 27.91, lr 1.00e-03
    epoch 32: loss 1.1046, val_ap 0.4841, minutes 28.78, lr 1.00e-03
    epoch 33: loss 1.0980, val_ap 0.4810, minutes 29.7, lr 1.00e-03
    epoch 34: loss 1.1023, val_ap 0.4885, minutes 30.6, lr 1.00e-03
    epoch 35: loss 1.0923, val_ap 0.4866, minutes 31.48, lr 1.00e-03
    epoch 36: loss 1.0915, val_ap 0.4855, minutes 32.34, lr 1.00e-03
    epoch 37: loss 1.0714, val_ap 0.4787, minutes 33.24, lr 1.00e-03
    epoch 38: loss 1.0875, val_ap 0.4864, minutes 34.12, lr 1.00e-03
    epoch 39: loss 1.0742, val_ap 0.4778, minutes 35.02, lr 1.00e-03
    epoch 40: loss 1.0633, val_ap 0.4888, minutes 35.91, lr 1.00e-03
    epoch 41: loss 1.0653, val_ap 0.4813, minutes 36.8, lr 1.00e-03
    epoch 42: loss 1.0576, val_ap 0.4757, minutes 37.69, lr 1.00e-03
    epoch 43: loss 1.0588, val_ap 0.4861, minutes 38.57, lr 1.00e-03
    epoch 44: loss 1.0558, val_ap 0.4708, minutes 39.47, lr 1.00e-03
    epoch 45: loss 1.0455, val_ap 0.4786, minutes 40.31, lr 1.00e-03
    epoch 46: loss 1.0458, val_ap 0.4724, minutes 41.18, lr 1.00e-03
    epoch 47: loss 1.0401, val_ap 0.4816, minutes 42.06, lr 1.00e-03
    epoch 48: loss 1.0331, val_ap 0.4785, minutes 42.96, lr 1.00e-03
    epoch 49: loss 1.0358, val_ap 0.4712, minutes 43.92, lr 5.00e-04
    epoch 50: loss 1.0155, val_ap 0.4747, minutes 44.87, lr 5.00e-04
    epoch 51: loss 1.0032, val_ap 0.4758, minutes 45.75, lr 5.00e-04
    epoch 52: loss 1.0038, val_ap 0.4744, minutes 46.68, lr 5.00e-04
    epoch 53: loss 1.0084, val_ap 0.4771, minutes 47.58, lr 5.00e-04
    epoch 54: loss 1.0009, val_ap 0.4780, minutes 48.52, lr 5.00e-04
    epoch 55: loss 0.9988, val_ap 0.4698, minutes 49.47, lr 5.00e-04
    epoch 56: loss 0.9901, val_ap 0.4768, minutes 50.38, lr 5.00e-04
    epoch 57: loss 0.9872, val_ap 0.4735, minutes 51.27, lr 5.00e-04
    epoch 58: loss 0.9915, val_ap 0.4782, minutes 52.15, lr 2.50e-04
    epoch 59: loss 0.9722, val_ap 0.4754, minutes 53.06, lr 2.50e-04
    epoch 60: loss 0.9706, val_ap 0.4722, minutes 53.95, lr 2.50e-04
    epoch 61: loss 0.9666, val_ap 0.4729, minutes 54.81, lr 2.50e-04
    epoch 62: loss 0.9685, val_ap 0.4733, minutes 55.68, lr 2.50e-04
    epoch 63: loss 0.9593, val_ap 0.4729, minutes 56.57, lr 2.50e-04
    epoch 64: loss 0.9633, val_ap 0.4713, minutes 57.44, lr 2.50e-04
    epoch 65: loss 0.9621, val_ap 0.4694, minutes 58.31, lr 2.50e-04
    stopping: no validation gain in 25 epochs
[fk_band_shuffled pooled_both fold 0] done (59.1 min)
