loaded: dataset0 121,838 sites, data1 90,452
[res_gate pooled_both fold 3 seed 2]
    kernel decay scale 113.4 nt (fitted to cell line 1 training labels)
    epoch 1: loss 1.8799, val_ap 0.1624, minutes 0.84, lr 3.31e-04
    epoch 2: loss 1.5347, val_ap 0.3190, minutes 1.76, lr 6.60e-04
    epoch 3: loss 1.4140, val_ap 0.3993, minutes 2.51, lr 9.89e-04
    epoch 4: loss 1.3270, val_ap 0.4353, minutes 3.32, lr 1.00e-03
    epoch 5: loss 1.2780, val_ap 0.4526, minutes 4.2, lr 1.00e-03
    epoch 6: loss 1.2582, val_ap 0.4572, minutes 5.1, lr 1.00e-03
    epoch 7: loss 1.2610, val_ap 0.4605, minutes 5.97, lr 1.00e-03
    epoch 8: loss 1.2341, val_ap 0.4653, minutes 6.77, lr 1.00e-03
    epoch 9: loss 1.2218, val_ap 0.4653, minutes 7.61, lr 1.00e-03
    epoch 10: loss 1.2269, val_ap 0.4679, minutes 8.47, lr 1.00e-03
    epoch 11: loss 1.2126, val_ap 0.4690, minutes 9.3, lr 1.00e-03
    epoch 12: loss 1.2116, val_ap 0.4722, minutes 10.14, lr 1.00e-03
    epoch 13: loss 1.2004, val_ap 0.4750, minutes 10.94, lr 1.00e-03
    epoch 14: loss 1.1994, val_ap 0.4769, minutes 11.78, lr 1.00e-03
    epoch 15: loss 1.1942, val_ap 0.4830, minutes 12.62, lr 1.00e-03
    epoch 16: loss 1.1914, val_ap 0.4790, minutes 13.51, lr 1.00e-03
    epoch 17: loss 1.1920, val_ap 0.4830, minutes 14.45, lr 1.00e-03
    epoch 18: loss 1.1783, val_ap 0.4836, minutes 15.26, lr 1.00e-03
    epoch 19: loss 1.1893, val_ap 0.4850, minutes 16.07, lr 1.00e-03
    epoch 20: loss 1.1737, val_ap 0.4843, minutes 16.92, lr 1.00e-03
    epoch 21: loss 1.1744, val_ap 0.4870, minutes 17.8, lr 1.00e-03
    epoch 22: loss 1.1762, val_ap 0.4903, minutes 18.78, lr 1.00e-03
    epoch 23: loss 1.1669, val_ap 0.4941, minutes 19.72, lr 1.00e-03
    epoch 24: loss 1.1578, val_ap 0.4875, minutes 20.63, lr 1.00e-03
    epoch 25: loss 1.1634, val_ap 0.4972, minutes 21.53, lr 1.00e-03
    epoch 26: loss 1.1583, val_ap 0.4941, minutes 22.39, lr 1.00e-03
    epoch 27: loss 1.1593, val_ap 0.4926, minutes 23.28, lr 1.00e-03
    epoch 28: loss 1.1459, val_ap 0.4988, minutes 24.15, lr 1.00e-03
    epoch 29: loss 1.1434, val_ap 0.5052, minutes 25.03, lr 1.00e-03
    epoch 30: loss 1.1452, val_ap 0.4984, minutes 25.9, lr 1.00e-03
    epoch 31: loss 1.1387, val_ap 0.4945, minutes 26.7, lr 1.00e-03
    epoch 32: loss 1.1325, val_ap 0.5024, minutes 27.51, lr 1.00e-03
    epoch 33: loss 1.1298, val_ap 0.5012, minutes 28.34, lr 1.00e-03
    epoch 34: loss 1.1293, val_ap 0.4968, minutes 29.26, lr 1.00e-03
    epoch 35: loss 1.1308, val_ap 0.5002, minutes 30.07, lr 1.00e-03
    epoch 36: loss 1.1179, val_ap 0.5071, minutes 30.87, lr 1.00e-03
    epoch 37: loss 1.1278, val_ap 0.4993, minutes 31.72, lr 1.00e-03
    epoch 38: loss 1.1240, val_ap 0.5040, minutes 32.53, lr 1.00e-03
    epoch 39: loss 1.1211, val_ap 0.5026, minutes 33.34, lr 1.00e-03
    epoch 40: loss 1.1161, val_ap 0.5022, minutes 34.15, lr 1.00e-03
    epoch 41: loss 1.1097, val_ap 0.4970, minutes 34.97, lr 1.00e-03
    epoch 42: loss 1.1139, val_ap 0.5032, minutes 35.76, lr 1.00e-03
    epoch 43: loss 1.1100, val_ap 0.5049, minutes 36.63, lr 1.00e-03
    epoch 44: loss 1.1059, val_ap 0.5023, minutes 37.43, lr 1.00e-03
    epoch 45: loss 1.1165, val_ap 0.5024, minutes 38.23, lr 5.00e-04
    epoch 46: loss 1.0826, val_ap 0.5023, minutes 39.05, lr 5.00e-04
    epoch 47: loss 1.0840, val_ap 0.5057, minutes 39.93, lr 5.00e-04
    epoch 48: loss 1.0836, val_ap 0.5049, minutes 40.72, lr 5.00e-04
    epoch 49: loss 1.0769, val_ap 0.5061, minutes 41.55, lr 5.00e-04
    epoch 50: loss 1.0785, val_ap 0.5074, minutes 42.35, lr 5.00e-04
    epoch 51: loss 1.0822, val_ap 0.5047, minutes 43.17, lr 5.00e-04
    epoch 52: loss 1.0708, val_ap 0.5026, minutes 43.93, lr 5.00e-04
    epoch 53: loss 1.0776, val_ap 0.5078, minutes 44.67, lr 5.00e-04
    epoch 54: loss 1.0706, val_ap 0.5027, minutes 45.48, lr 5.00e-04
    epoch 55: loss 1.0643, val_ap 0.5033, minutes 46.28, lr 5.00e-04
    epoch 56: loss 1.0650, val_ap 0.5055, minutes 47.09, lr 5.00e-04
    epoch 57: loss 1.0723, val_ap 0.5091, minutes 47.86, lr 5.00e-04
    epoch 58: loss 1.0627, val_ap 0.5049, minutes 48.66, lr 5.00e-04
    epoch 59: loss 1.0695, val_ap 0.5036, minutes 49.45, lr 5.00e-04
    epoch 60: loss 1.0612, val_ap 0.5044, minutes 50.2, lr 5.00e-04
    epoch 61: loss 1.0665, val_ap 0.5062, minutes 50.9, lr 5.00e-04
    epoch 62: loss 1.0513, val_ap 0.5073, minutes 51.63, lr 5.00e-04
    epoch 63: loss 1.0637, val_ap 0.5072, minutes 52.31, lr 5.00e-04
    epoch 64: loss 1.0643, val_ap 0.5059, minutes 53.08, lr 5.00e-04
    epoch 65: loss 1.0596, val_ap 0.5040, minutes 53.81, lr 5.00e-04
    epoch 66: loss 1.0518, val_ap 0.5028, minutes 54.56, lr 2.50e-04
    epoch 67: loss 1.0461, val_ap 0.5041, minutes 55.36, lr 2.50e-04
    epoch 68: loss 1.0432, val_ap 0.5041, minutes 56.17, lr 2.50e-04
    epoch 69: loss 1.0385, val_ap 0.5045, minutes 56.92, lr 2.50e-04
    epoch 70: loss 1.0402, val_ap 0.4977, minutes 57.76, lr 2.50e-04
    epoch 71: loss 1.0433, val_ap 0.5046, minutes 58.57, lr 2.50e-04
    epoch 72: loss 1.0374, val_ap 0.5071, minutes 59.34, lr 2.50e-04
    epoch 73: loss 1.0334, val_ap 0.5060, minutes 60.11, lr 2.50e-04
    epoch 74: loss 1.0358, val_ap 0.5045, minutes 60.88, lr 2.50e-04
    epoch 75: loss 1.0334, val_ap 0.5049, minutes 61.71, lr 1.25e-04
    epoch 76: loss 1.0336, val_ap 0.5036, minutes 62.53, lr 1.25e-04
    epoch 77: loss 1.0244, val_ap 0.5031, minutes 63.4, lr 1.25e-04
    epoch 78: loss 1.0220, val_ap 0.5020, minutes 64.17, lr 1.25e-04
    epoch 79: loss 1.0304, val_ap 0.5052, minutes 64.99, lr 1.25e-04
    epoch 80: loss 1.0220, val_ap 0.5055, minutes 65.8, lr 1.25e-04
    epoch 81: loss 1.0220, val_ap 0.5062, minutes 66.63, lr 1.25e-04
    epoch 82: loss 1.0226, val_ap 0.5032, minutes 67.44, lr 1.25e-04
    stopping: no validation gain in 25 epochs
[res_gate pooled_both fold 3 seed 2] done (68.2 min)
