loaded: dataset0 121,838 sites, data1 90,452
[attn_mil pooled_both fold 1]
    epoch 1: loss 1.1657856347798898, minutes 0.4, val_ap 0.28168506600333254, lr 0.00033389734912577554
    epoch 2: loss 0.9408116881214019, minutes 0.8, val_ap 0.36926391302065975, lr 0.0006672306824591089
    epoch 3: loss 0.9014172378026087, minutes 1.22, val_ap 0.3811849292822058, lr 0.001
    epoch 4: loss 0.8855279300822018, minutes 1.63, val_ap 0.40497163209170167, lr 0.001
    epoch 5: loss 0.8690888601309555, minutes 2.06, val_ap 0.41516236812446367, lr 0.001
    epoch 6: loss 0.858634673802784, minutes 2.51, val_ap 0.41838437350563895, lr 0.001
    epoch 7: loss 0.8477001206322168, minutes 2.94, val_ap 0.4186460377482086, lr 0.001
    epoch 8: loss 0.849503295776606, minutes 3.37, val_ap 0.43193935542571843, lr 0.001
    epoch 9: loss 0.8427039329372283, minutes 3.75, val_ap 0.42723426767386796, lr 0.001
    epoch 10: loss 0.8344051191447753, minutes 4.17, val_ap 0.4337567598899197, lr 0.001
    epoch 11: loss 0.8342767951855603, minutes 4.6, val_ap 0.43385113426000976, lr 0.001
    epoch 12: loss 0.8311674736074587, minutes 5.03, val_ap 0.4343160005470212, lr 0.001
    epoch 13: loss 0.825885318207055, minutes 5.44, val_ap 0.44425196940449374, lr 0.001
    epoch 14: loss 0.8247822928045405, minutes 5.87, val_ap 0.43653241127074843, lr 0.001
    epoch 15: loss 0.8178731139541278, minutes 6.3, val_ap 0.43681148739963893, lr 0.001
    epoch 16: loss 0.818529400526973, minutes 6.69, val_ap 0.4397890578649232, lr 0.001
    epoch 17: loss 0.8145334665646206, minutes 7.14, val_ap 0.44775968517659426, lr 0.001
    epoch 18: loss 0.8129659209860561, minutes 7.58, val_ap 0.44068973363877323, lr 0.001
    epoch 19: loss 0.8135252312556943, minutes 8.02, val_ap 0.4524469959844591, lr 0.001
    epoch 20: loss 0.8077390062324892, minutes 8.46, val_ap 0.44784828936461274, lr 0.001
    epoch 21: loss 0.8067562477741952, minutes 8.9, val_ap 0.44694233318392773, lr 0.001
    epoch 22: loss 0.8064448705381145, minutes 9.29, val_ap 0.4354857814903025, lr 0.001
    epoch 23: loss 0.7991363270532863, minutes 9.72, val_ap 0.4553506011332963, lr 0.001
    epoch 24: loss 0.803735728292094, minutes 10.18, val_ap 0.4463207338367839, lr 0.001
    epoch 25: loss 0.7991098533628758, minutes 10.6, val_ap 0.4485502748346281, lr 0.001
    epoch 26: loss 0.7967339599798173, minutes 11.04, val_ap 0.4532438293825349, lr 0.001
    epoch 27: loss 0.7965705985244357, minutes 11.48, val_ap 0.44295371868403066, lr 0.001
    epoch 28: loss 0.7941477382445296, minutes 11.92, val_ap 0.4551968425624334, lr 0.001
    epoch 29: loss 0.7916443796730687, minutes 12.33, val_ap 0.4464492445331826, lr 0.001
    epoch 30: loss 0.7902181309895265, minutes 12.78, val_ap 0.4550496155799461, lr 0.001
    epoch 31: loss 0.7853551073828728, minutes 13.19, val_ap 0.451908418369386, lr 0.001
    epoch 32: loss 0.7818103342895378, minutes 13.62, val_ap 0.44936649670284057, lr 0.0005
    epoch 33: loss 0.7758829431283696, minutes 14.07, val_ap 0.4533842060292997, lr 0.0005
    epoch 34: loss 0.7689762061017419, minutes 14.51, val_ap 0.4521644222877986, lr 0.0005
    epoch 35: loss 0.7652868308290814, minutes 14.96, val_ap 0.448609758958768, lr 0.0005
    epoch 36: loss 0.7687975789992337, minutes 15.4, val_ap 0.44991517983632123, lr 0.0005
    epoch 37: loss 0.7655262627879981, minutes 15.85, val_ap 0.45417455278314545, lr 0.0005
    epoch 38: loss 0.7649197734249424, minutes 16.26, val_ap 0.45246469824621616, lr 0.0005
    epoch 39: loss 0.7602126901424072, minutes 16.69, val_ap 0.4581241847812032, lr 0.0005
    epoch 40: loss 0.7623512658673495, minutes 17.12, val_ap 0.45329144892573714, lr 0.0005
    epoch 41: loss 0.7584543876135611, minutes 17.56, val_ap 0.4643728951450957, lr 0.0005
    epoch 42: loss 0.7579315784316377, minutes 18.0, val_ap 0.4526159700424405, lr 0.0005
    epoch 43: loss 0.7582568576694947, minutes 18.44, val_ap 0.45301948216317955, lr 0.0005
    epoch 44: loss 0.7513325011669681, minutes 18.87, val_ap 0.4517439075486144, lr 0.0005
    epoch 45: loss 0.7583700770452341, minutes 19.29, val_ap 0.4550412714602234, lr 0.0005
    epoch 46: loss 0.7525023742879909, minutes 19.72, val_ap 0.448841930528059, lr 0.0005
    epoch 47: loss 0.7513346053319534, minutes 20.13, val_ap 0.44837064621089645, lr 0.0005
    epoch 48: loss 0.7519448300706957, minutes 20.53, val_ap 0.4503096647023696, lr 0.0005
    epoch 49: loss 0.7500517159044844, minutes 20.97, val_ap 0.4541056019846349, lr 0.0005
    epoch 50: loss 0.7494645016850957, minutes 21.39, val_ap 0.45083301090322947, lr 0.00025
    epoch 51: loss 0.7458246192956334, minutes 21.82, val_ap 0.4518197881290514, lr 0.00025
    epoch 52: loss 0.7380037016775806, minutes 22.25, val_ap 0.4494310937185577, lr 0.00025
    epoch 53: loss 0.7399149111987371, minutes 22.69, val_ap 0.45337701815764764, lr 0.00025
    epoch 54: loss 0.7346015158542724, minutes 23.13, val_ap 0.45661004485433543, lr 0.00025
    epoch 55: loss 0.7353761377169195, minutes 23.56, val_ap 0.45434064373054434, lr 0.00025
    epoch 56: loss 0.7338211449673131, minutes 24.0, val_ap 0.45308334823533536, lr 0.00025
    epoch 57: loss 0.7363731150598897, minutes 24.44, val_ap 0.45735769456517117, lr 0.00025
    epoch 58: loss 0.7347430438055403, minutes 24.85, val_ap 0.45568851772340496, lr 0.00025
    epoch 59: loss 0.7311587488489909, minutes 25.3, val_ap 0.45723357135284315, lr 0.000125
    epoch 60: loss 0.7259994009525441, minutes 25.71, val_ap 0.45855287497087693, lr 0.000125
    epoch 61: loss 0.7250513331539135, minutes 26.15, val_ap 0.4584543883203596, lr 0.000125
    epoch 62: loss 0.7253407306981773, minutes 26.56, val_ap 0.45300821426617893, lr 0.000125
    epoch 63: loss 0.7280973071979387, minutes 26.99, val_ap 0.45453767394588, lr 0.000125
    epoch 64: loss 0.7270628287001512, minutes 27.39, val_ap 0.45660751503529723, lr 0.000125
    epoch 65: loss 0.7209052374419423, minutes 27.77, val_ap 0.4562896131622494, lr 0.000125
    stopping: no validation gain in 25 epochs
[attn_mil pooled_both fold 1] done (28.3 min)
