loaded: dataset0 121,838 sites, data1 90,452
[gps pooled_both fold 2 seed 1]
    epoch 1: loss 1.9047, val_ap 0.1721, minutes 2.4, lr 3.31e-04
    epoch 2: loss 1.5440, val_ap 0.3213, minutes 4.88, lr 6.58e-04
    epoch 3: loss 1.3597, val_ap 0.4207, minutes 7.38, lr 9.87e-04
    epoch 4: loss 1.2903, val_ap 0.4490, minutes 9.85, lr 1.00e-03
    epoch 5: loss 1.2476, val_ap 0.4629, minutes 12.45, lr 1.00e-03
    epoch 6: loss 1.2304, val_ap 0.4660, minutes 14.95, lr 1.00e-03
    epoch 7: loss 1.2204, val_ap 0.4628, minutes 17.52, lr 1.00e-03
    epoch 8: loss 1.2140, val_ap 0.4620, minutes 20.16, lr 1.00e-03
    epoch 9: loss 1.1861, val_ap 0.4782, minutes 22.7, lr 1.00e-03
    epoch 10: loss 1.1815, val_ap 0.4745, minutes 25.15, lr 1.00e-03
    epoch 11: loss 1.1692, val_ap 0.4868, minutes 27.66, lr 1.00e-03
    epoch 12: loss 1.1573, val_ap 0.4827, minutes 30.17, lr 1.00e-03
    epoch 13: loss 1.1709, val_ap 0.4793, minutes 32.71, lr 1.00e-03
    epoch 14: loss 1.1526, val_ap 0.4909, minutes 35.15, lr 1.00e-03
    epoch 15: loss 1.1496, val_ap 0.4895, minutes 37.67, lr 1.00e-03
    epoch 16: loss 1.1430, val_ap 0.4958, minutes 40.15, lr 1.00e-03
    epoch 17: loss 1.1361, val_ap 0.4993, minutes 42.62, lr 1.00e-03
    epoch 18: loss 1.1365, val_ap 0.4992, minutes 45.13, lr 1.00e-03
    epoch 19: loss 1.1355, val_ap 0.4947, minutes 47.65, lr 1.00e-03
    epoch 20: loss 1.1254, val_ap 0.5002, minutes 50.19, lr 1.00e-03
    epoch 21: loss 1.1185, val_ap 0.5060, minutes 52.75, lr 1.00e-03
    epoch 22: loss 1.1058, val_ap 0.5044, minutes 55.34, lr 1.00e-03
    epoch 23: loss 1.1164, val_ap 0.5082, minutes 57.93, lr 1.00e-03
    epoch 24: loss 1.0983, val_ap 0.5062, minutes 60.44, lr 1.00e-03
    epoch 25: loss 1.1146, val_ap 0.5088, minutes 62.92, lr 1.00e-03
    epoch 26: loss 1.1009, val_ap 0.4987, minutes 65.48, lr 1.00e-03
    epoch 27: loss 1.0986, val_ap 0.5125, minutes 67.99, lr 1.00e-03
    epoch 28: loss 1.0845, val_ap 0.5164, minutes 70.52, lr 1.00e-03
    epoch 29: loss 1.0783, val_ap 0.5223, minutes 73.02, lr 1.00e-03
    epoch 30: loss 1.0795, val_ap 0.5178, minutes 75.58, lr 1.00e-03
    epoch 31: loss 1.0751, val_ap 0.5173, minutes 78.14, lr 1.00e-03
    epoch 32: loss 1.0645, val_ap 0.5166, minutes 80.67, lr 1.00e-03
    epoch 33: loss 1.0581, val_ap 0.4921, minutes 83.16, lr 1.00e-03
    epoch 34: loss 1.1254, val_ap 0.5178, minutes 85.67, lr 1.00e-03
    epoch 35: loss 1.0608, val_ap 0.5167, minutes 88.24, lr 1.00e-03
    epoch 36: loss 1.0582, val_ap 0.5229, minutes 90.77, lr 1.00e-03
    epoch 37: loss 1.0502, val_ap 0.5167, minutes 93.25, lr 1.00e-03
    epoch 38: loss 1.0435, val_ap 0.5179, minutes 95.87, lr 1.00e-03
    epoch 39: loss 1.0445, val_ap 0.5156, minutes 98.34, lr 1.00e-03
    epoch 40: loss 1.0413, val_ap 0.5051, minutes 100.85, lr 1.00e-03
    epoch 41: loss 1.0215, val_ap 0.4991, minutes 103.34, lr 1.00e-03
    epoch 42: loss 1.0082, val_ap 0.5052, minutes 105.89, lr 1.00e-03
    epoch 43: loss 1.0106, val_ap 0.4974, minutes 108.43, lr 1.00e-03
    epoch 44: loss 1.0082, val_ap 0.4865, minutes 110.91, lr 1.00e-03
    epoch 45: loss 1.0030, val_ap 0.4862, minutes 113.37, lr 5.00e-04
    epoch 46: loss 0.9752, val_ap 0.5025, minutes 115.78, lr 5.00e-04
    epoch 47: loss 0.9662, val_ap 0.4830, minutes 118.19, lr 5.00e-04
    epoch 48: loss 0.9513, val_ap 0.4804, minutes 120.58, lr 5.00e-04
    epoch 49: loss 0.9480, val_ap 0.5010, minutes 122.95, lr 5.00e-04
    epoch 50: loss 0.9445, val_ap 0.4837, minutes 125.34, lr 5.00e-04
    epoch 51: loss 0.9412, val_ap 0.4875, minutes 127.79, lr 5.00e-04
    epoch 52: loss 0.9386, val_ap 0.4934, minutes 130.21, lr 5.00e-04
    epoch 53: loss 0.9416, val_ap 0.4738, minutes 132.58, lr 5.00e-04
    epoch 54: loss 0.9286, val_ap 0.4868, minutes 134.95, lr 2.50e-04
    epoch 55: loss 0.9112, val_ap 0.4873, minutes 137.38, lr 2.50e-04
    epoch 56: loss 0.9025, val_ap 0.4688, minutes 139.88, lr 2.50e-04
    epoch 57: loss 0.8948, val_ap 0.4783, minutes 142.28, lr 2.50e-04
    epoch 58: loss 0.8914, val_ap 0.4869, minutes 144.69, lr 2.50e-04
    epoch 59: loss 0.8895, val_ap 0.4846, minutes 147.0, lr 2.50e-04
    epoch 60: loss 0.8966, val_ap 0.4852, minutes 149.34, lr 2.50e-04
    epoch 61: loss 0.8870, val_ap 0.4741, minutes 151.35, lr 2.50e-04
    stopping: no validation gain in 25 epochs
[gps pooled_both fold 2 seed 1] done (152.0 min)
