loaded: dataset0 121,838 sites, data1 90,452
[h2gcn_aux_r100 pooled_both fold 4 seed 1]
    epoch 1: loss 1.8933, val_ap 0.1442, minutes 0.78, lr 3.31e-04
    epoch 2: loss 1.5626, val_ap 0.2932, minutes 1.56, lr 6.60e-04
    epoch 3: loss 1.3938, val_ap 0.4281, minutes 2.37, lr 9.89e-04
    epoch 4: loss 1.3049, val_ap 0.4523, minutes 3.13, lr 1.00e-03
    epoch 5: loss 1.2805, val_ap 0.4627, minutes 3.92, lr 1.00e-03
    epoch 6: loss 1.2636, val_ap 0.4594, minutes 4.61, lr 1.00e-03
    epoch 7: loss 1.2304, val_ap 0.4697, minutes 5.33, lr 1.00e-03
    epoch 8: loss 1.2181, val_ap 0.4702, minutes 6.0, lr 1.00e-03
    epoch 9: loss 1.2075, val_ap 0.4720, minutes 6.62, lr 1.00e-03
    epoch 10: loss 1.2182, val_ap 0.4774, minutes 7.26, lr 1.00e-03
    epoch 11: loss 1.1957, val_ap 0.4750, minutes 7.88, lr 1.00e-03
    epoch 12: loss 1.1831, val_ap 0.4787, minutes 8.55, lr 1.00e-03
    epoch 13: loss 1.1839, val_ap 0.4803, minutes 9.17, lr 1.00e-03
    epoch 14: loss 1.1767, val_ap 0.4789, minutes 9.78, lr 1.00e-03
    epoch 15: loss 1.1792, val_ap 0.4818, minutes 10.37, lr 1.00e-03
    epoch 16: loss 1.1698, val_ap 0.4819, minutes 10.98, lr 1.00e-03
    epoch 17: loss 1.1696, val_ap 0.4842, minutes 11.55, lr 1.00e-03
    epoch 18: loss 1.1649, val_ap 0.4898, minutes 12.09, lr 1.00e-03
    epoch 19: loss 1.1503, val_ap 0.4877, minutes 12.58, lr 1.00e-03
    epoch 20: loss 1.1517, val_ap 0.4896, minutes 13.01, lr 1.00e-03
    epoch 21: loss 1.1631, val_ap 0.4909, minutes 13.44, lr 1.00e-03
    epoch 22: loss 1.1490, val_ap 0.4871, minutes 13.86, lr 1.00e-03
    epoch 23: loss 1.1509, val_ap 0.4910, minutes 14.27, lr 1.00e-03
    epoch 24: loss 1.1430, val_ap 0.4885, minutes 14.7, lr 1.00e-03
    epoch 25: loss 1.1349, val_ap 0.4886, minutes 15.13, lr 1.00e-03
    epoch 26: loss 1.1374, val_ap 0.4900, minutes 15.56, lr 1.00e-03
    epoch 27: loss 1.1369, val_ap 0.4901, minutes 15.99, lr 1.00e-03
    epoch 28: loss 1.1328, val_ap 0.4886, minutes 16.41, lr 1.00e-03
    epoch 29: loss 1.1358, val_ap 0.4929, minutes 16.83, lr 1.00e-03
    epoch 30: loss 1.1111, val_ap 0.4884, minutes 17.25, lr 1.00e-03
    epoch 31: loss 1.1130, val_ap 0.4907, minutes 17.68, lr 1.00e-03
    epoch 32: loss 1.1088, val_ap 0.4879, minutes 18.1, lr 1.00e-03
    epoch 33: loss 1.1164, val_ap 0.4888, minutes 18.53, lr 1.00e-03
    epoch 34: loss 1.1053, val_ap 0.4795, minutes 18.94, lr 1.00e-03
    epoch 35: loss 1.0984, val_ap 0.4900, minutes 19.35, lr 1.00e-03
    epoch 36: loss 1.0996, val_ap 0.4836, minutes 19.75, lr 1.00e-03
    epoch 37: loss 1.1068, val_ap 0.4863, minutes 20.13, lr 1.00e-03
    epoch 38: loss 1.0898, val_ap 0.4797, minutes 20.53, lr 5.00e-04
    epoch 39: loss 1.0753, val_ap 0.4812, minutes 20.91, lr 5.00e-04
    epoch 40: loss 1.0739, val_ap 0.4886, minutes 21.29, lr 5.00e-04
    epoch 41: loss 1.0691, val_ap 0.4795, minutes 21.67, lr 5.00e-04
    epoch 42: loss 1.0693, val_ap 0.4742, minutes 22.06, lr 5.00e-04
    epoch 43: loss 1.0718, val_ap 0.4842, minutes 22.43, lr 5.00e-04
    epoch 44: loss 1.0604, val_ap 0.4832, minutes 22.82, lr 5.00e-04
    epoch 45: loss 1.0525, val_ap 0.4829, minutes 23.19, lr 5.00e-04
    epoch 46: loss 1.0562, val_ap 0.4833, minutes 23.56, lr 5.00e-04
    epoch 47: loss 1.0541, val_ap 0.4618, minutes 23.93, lr 2.50e-04
    epoch 48: loss 1.0401, val_ap 0.4838, minutes 24.3, lr 2.50e-04
    epoch 49: loss 1.0404, val_ap 0.4777, minutes 24.67, lr 2.50e-04
    epoch 50: loss 1.0356, val_ap 0.4762, minutes 25.05, lr 2.50e-04
    epoch 51: loss 1.0357, val_ap 0.4834, minutes 25.42, lr 2.50e-04
    epoch 52: loss 1.0351, val_ap 0.4737, minutes 25.8, lr 2.50e-04
    epoch 53: loss 1.0285, val_ap 0.4740, minutes 26.17, lr 2.50e-04
    epoch 54: loss 1.0322, val_ap 0.4683, minutes 26.55, lr 2.50e-04
    stopping: no validation gain in 25 epochs
[h2gcn_aux_r100 pooled_both fold 4 seed 1] done (27.0 min)
