loaded: dataset0 121,838 sites, data1 90,452
[res_nogate pooled_both fold 3]
    kernel decay scale 113.4 nt (fitted to cell line 1 training labels)
    epoch 1: loss 1.8815, val_ap 0.1501, minutes 0.95, lr 3.31e-04
    epoch 2: loss 1.5718, val_ap 0.2635, minutes 1.79, lr 6.60e-04
    epoch 3: loss 1.4339, val_ap 0.3868, minutes 2.68, lr 9.89e-04
    epoch 4: loss 1.3233, val_ap 0.4360, minutes 3.52, lr 1.00e-03
    epoch 5: loss 1.2660, val_ap 0.4526, minutes 4.41, lr 1.00e-03
    epoch 6: loss 1.2445, val_ap 0.4639, minutes 5.35, lr 1.00e-03
    epoch 7: loss 1.2305, val_ap 0.4589, minutes 6.18, lr 1.00e-03
    epoch 8: loss 1.2289, val_ap 0.4731, minutes 7.05, lr 1.00e-03
    epoch 9: loss 1.2180, val_ap 0.4783, minutes 7.9, lr 1.00e-03
    epoch 10: loss 1.2120, val_ap 0.4795, minutes 8.74, lr 1.00e-03
    epoch 11: loss 1.2025, val_ap 0.4788, minutes 9.65, lr 1.00e-03
    epoch 12: loss 1.2007, val_ap 0.4883, minutes 10.49, lr 1.00e-03
    epoch 13: loss 1.1954, val_ap 0.4842, minutes 11.32, lr 1.00e-03
    epoch 14: loss 1.1915, val_ap 0.4916, minutes 12.12, lr 1.00e-03
    epoch 15: loss 1.1842, val_ap 0.4921, minutes 12.94, lr 1.00e-03
    epoch 16: loss 1.1775, val_ap 0.4979, minutes 13.75, lr 1.00e-03
    epoch 17: loss 1.1827, val_ap 0.4944, minutes 14.55, lr 1.00e-03
    epoch 18: loss 1.1838, val_ap 0.4950, minutes 15.32, lr 1.00e-03
    epoch 19: loss 1.1745, val_ap 0.4959, minutes 16.11, lr 1.00e-03
    epoch 20: loss 1.1664, val_ap 0.4943, minutes 16.95, lr 1.00e-03
    epoch 21: loss 1.1641, val_ap 0.5015, minutes 17.73, lr 1.00e-03
    epoch 22: loss 1.1642, val_ap 0.4960, minutes 18.51, lr 1.00e-03
    epoch 23: loss 1.1686, val_ap 0.5037, minutes 19.29, lr 1.00e-03
    epoch 24: loss 1.1510, val_ap 0.5032, minutes 20.11, lr 1.00e-03
    epoch 25: loss 1.1488, val_ap 0.5040, minutes 20.93, lr 1.00e-03
    epoch 26: loss 1.1533, val_ap 0.5030, minutes 21.67, lr 1.00e-03
    epoch 27: loss 1.1505, val_ap 0.5063, minutes 22.41, lr 1.00e-03
    epoch 28: loss 1.1412, val_ap 0.5018, minutes 23.16, lr 1.00e-03
    epoch 29: loss 1.1468, val_ap 0.5031, minutes 23.92, lr 1.00e-03
    epoch 30: loss 1.1392, val_ap 0.5091, minutes 24.73, lr 1.00e-03
    epoch 31: loss 1.1394, val_ap 0.5037, minutes 25.5, lr 1.00e-03
    epoch 32: loss 1.1347, val_ap 0.5050, minutes 26.25, lr 1.00e-03
    epoch 33: loss 1.1258, val_ap 0.4989, minutes 27.09, lr 1.00e-03
    epoch 34: loss 1.1261, val_ap 0.4987, minutes 27.86, lr 1.00e-03
    epoch 35: loss 1.1156, val_ap 0.5111, minutes 28.6, lr 1.00e-03
    epoch 36: loss 1.1172, val_ap 0.5093, minutes 29.37, lr 1.00e-03
    epoch 37: loss 1.1145, val_ap 0.5111, minutes 30.16, lr 1.00e-03
    epoch 38: loss 1.1094, val_ap 0.5080, minutes 30.92, lr 1.00e-03
    epoch 39: loss 1.1119, val_ap 0.5050, minutes 31.7, lr 1.00e-03
    epoch 40: loss 1.1190, val_ap 0.5059, minutes 32.51, lr 1.00e-03
    epoch 41: loss 1.1086, val_ap 0.5092, minutes 33.33, lr 1.00e-03
    epoch 42: loss 1.1089, val_ap 0.5067, minutes 34.1, lr 1.00e-03
    epoch 43: loss 1.0987, val_ap 0.5139, minutes 34.93, lr 1.00e-03
    epoch 44: loss 1.1059, val_ap 0.5015, minutes 35.75, lr 1.00e-03
    epoch 45: loss 1.0913, val_ap 0.5103, minutes 36.51, lr 1.00e-03
    epoch 46: loss 1.0926, val_ap 0.5091, minutes 37.28, lr 1.00e-03
    epoch 47: loss 1.0979, val_ap 0.5099, minutes 38.05, lr 1.00e-03
    epoch 48: loss 1.0912, val_ap 0.5021, minutes 38.83, lr 1.00e-03
    epoch 49: loss 1.0880, val_ap 0.4950, minutes 39.66, lr 1.00e-03
    epoch 50: loss 1.0844, val_ap 0.5140, minutes 40.43, lr 1.00e-03
    epoch 51: loss 1.0787, val_ap 0.4998, minutes 41.21, lr 1.00e-03
    epoch 52: loss 1.0800, val_ap 0.5097, minutes 41.99, lr 1.00e-03
    epoch 53: loss 1.0772, val_ap 0.4939, minutes 42.74, lr 1.00e-03
    epoch 54: loss 1.0753, val_ap 0.4739, minutes 43.52, lr 1.00e-03
    epoch 55: loss 1.0764, val_ap 0.5033, minutes 44.28, lr 1.00e-03
    epoch 56: loss 1.0801, val_ap 0.5021, minutes 45.04, lr 1.00e-03
    epoch 57: loss 1.0738, val_ap 0.4864, minutes 45.82, lr 1.00e-03
    epoch 58: loss 1.0615, val_ap 0.5001, minutes 46.58, lr 1.00e-03
    epoch 59: loss 1.0658, val_ap 0.4989, minutes 47.36, lr 5.00e-04
    epoch 60: loss 1.0526, val_ap 0.5022, minutes 48.14, lr 5.00e-04
    epoch 61: loss 1.0542, val_ap 0.4999, minutes 48.85, lr 5.00e-04
    epoch 62: loss 1.0439, val_ap 0.4911, minutes 49.66, lr 5.00e-04
    epoch 63: loss 1.0409, val_ap 0.4939, minutes 50.4, lr 5.00e-04
    epoch 64: loss 1.0403, val_ap 0.4890, minutes 51.23, lr 5.00e-04
    epoch 65: loss 1.0399, val_ap 0.4890, minutes 51.99, lr 5.00e-04
    epoch 66: loss 1.0364, val_ap 0.4773, minutes 52.8, lr 5.00e-04
    epoch 67: loss 1.0307, val_ap 0.4725, minutes 53.59, lr 5.00e-04
    epoch 68: loss 1.0349, val_ap 0.4825, minutes 54.34, lr 2.50e-04
    epoch 69: loss 1.0264, val_ap 0.4952, minutes 55.04, lr 2.50e-04
    epoch 70: loss 1.0183, val_ap 0.4877, minutes 55.76, lr 2.50e-04
    epoch 71: loss 1.0207, val_ap 0.4858, minutes 56.51, lr 2.50e-04
    epoch 72: loss 1.0077, val_ap 0.4781, minutes 57.29, lr 2.50e-04
    epoch 73: loss 1.0165, val_ap 0.4874, minutes 58.04, lr 2.50e-04
    epoch 74: loss 1.0144, val_ap 0.4917, minutes 58.81, lr 2.50e-04
    epoch 75: loss 1.0089, val_ap 0.4941, minutes 59.61, lr 2.50e-04
    stopping: no validation gain in 25 epochs
[res_nogate pooled_both fold 3] done (60.3 min)
