loaded: dataset0 121,838 sites, data1 90,452
[scalar_drop dataset0 fold 3 seed 2]
    kernel decay scale 113.4 nt (fitted to cell line 1 training labels)
    epoch 1: loss 1.9749, val_ap 0.1203, minutes 0.47, lr 3.33e-04
    epoch 2: loss 1.5756, val_ap 0.2294, minutes 0.9, lr 6.63e-04
    epoch 3: loss 1.3621, val_ap 0.3582, minutes 1.36, lr 9.92e-04
    epoch 4: loss 1.2636, val_ap 0.4486, minutes 1.79, lr 1.00e-03
    epoch 5: loss 1.1756, val_ap 0.4775, minutes 2.25, lr 1.00e-03
    epoch 6: loss 1.1176, val_ap 0.4978, minutes 2.69, lr 1.00e-03
    epoch 7: loss 1.0927, val_ap 0.5101, minutes 3.11, lr 1.00e-03
    epoch 8: loss 1.0604, val_ap 0.5130, minutes 3.58, lr 1.00e-03
    epoch 9: loss 1.0504, val_ap 0.5190, minutes 4.04, lr 1.00e-03
    epoch 10: loss 1.0427, val_ap 0.5202, minutes 4.48, lr 1.00e-03
    epoch 11: loss 1.0011, val_ap 0.5238, minutes 4.92, lr 1.00e-03
    epoch 12: loss 1.0177, val_ap 0.5222, minutes 5.34, lr 1.00e-03
    epoch 13: loss 0.9908, val_ap 0.5283, minutes 5.76, lr 1.00e-03
    epoch 14: loss 0.9951, val_ap 0.5370, minutes 6.22, lr 1.00e-03
    epoch 15: loss 0.9649, val_ap 0.5324, minutes 6.66, lr 1.00e-03
    epoch 16: loss 0.9922, val_ap 0.5436, minutes 7.09, lr 1.00e-03
    epoch 17: loss 0.9784, val_ap 0.5451, minutes 7.58, lr 1.00e-03
    epoch 18: loss 0.9709, val_ap 0.5397, minutes 8.04, lr 1.00e-03
    epoch 19: loss 0.9522, val_ap 0.5445, minutes 8.52, lr 1.00e-03
    epoch 20: loss 0.9521, val_ap 0.5520, minutes 8.93, lr 1.00e-03
    epoch 21: loss 0.9481, val_ap 0.5471, minutes 9.35, lr 1.00e-03
    epoch 22: loss 0.9348, val_ap 0.5558, minutes 9.72, lr 1.00e-03
    epoch 23: loss 0.9492, val_ap 0.5588, minutes 10.14, lr 1.00e-03
    epoch 24: loss 0.9334, val_ap 0.5622, minutes 10.55, lr 1.00e-03
    epoch 25: loss 0.9398, val_ap 0.5509, minutes 10.97, lr 1.00e-03
    epoch 26: loss 0.9335, val_ap 0.5651, minutes 11.38, lr 1.00e-03
    epoch 27: loss 0.9260, val_ap 0.5649, minutes 11.83, lr 1.00e-03
    epoch 28: loss 0.9249, val_ap 0.5621, minutes 12.25, lr 1.00e-03
    epoch 29: loss 0.9263, val_ap 0.5725, minutes 12.69, lr 1.00e-03
    epoch 30: loss 0.9258, val_ap 0.5691, minutes 13.12, lr 1.00e-03
    epoch 31: loss 0.9191, val_ap 0.5794, minutes 13.54, lr 1.00e-03
    epoch 32: loss 0.9012, val_ap 0.5724, minutes 13.94, lr 1.00e-03
    epoch 33: loss 0.8957, val_ap 0.5740, minutes 14.36, lr 1.00e-03
    epoch 34: loss 0.9026, val_ap 0.5820, minutes 14.79, lr 1.00e-03
    epoch 35: loss 0.8840, val_ap 0.5844, minutes 15.23, lr 1.00e-03
    epoch 36: loss 0.8965, val_ap 0.5756, minutes 15.66, lr 1.00e-03
    epoch 37: loss 0.8858, val_ap 0.5795, minutes 16.08, lr 1.00e-03
    epoch 38: loss 0.8992, val_ap 0.5876, minutes 16.49, lr 1.00e-03
    epoch 39: loss 0.8837, val_ap 0.5874, minutes 16.82, lr 1.00e-03
    epoch 40: loss 0.8769, val_ap 0.5835, minutes 17.19, lr 1.00e-03
    epoch 41: loss 0.8691, val_ap 0.5869, minutes 17.58, lr 1.00e-03
    epoch 42: loss 0.8677, val_ap 0.5886, minutes 17.97, lr 1.00e-03
    epoch 43: loss 0.8722, val_ap 0.5928, minutes 18.37, lr 1.00e-03
    epoch 44: loss 0.8741, val_ap 0.5910, minutes 18.76, lr 1.00e-03
    epoch 45: loss 0.8810, val_ap 0.5956, minutes 19.19, lr 1.00e-03
    epoch 46: loss 0.8566, val_ap 0.5951, minutes 19.6, lr 1.00e-03
    epoch 47: loss 0.8674, val_ap 0.5884, minutes 19.97, lr 1.00e-03
    epoch 48: loss 0.8759, val_ap 0.5921, minutes 20.36, lr 1.00e-03
    epoch 49: loss 0.8486, val_ap 0.5923, minutes 20.72, lr 1.00e-03
    epoch 50: loss 0.8561, val_ap 0.5823, minutes 21.11, lr 1.00e-03
    epoch 51: loss 0.8569, val_ap 0.5986, minutes 21.45, lr 1.00e-03
    epoch 52: loss 0.8844, val_ap 0.5977, minutes 21.74, lr 1.00e-03
    epoch 53: loss 0.8412, val_ap 0.6031, minutes 22.03, lr 1.00e-03
    epoch 54: loss 0.8511, val_ap 0.6027, minutes 22.33, lr 1.00e-03
    epoch 55: loss 0.8709, val_ap 0.6026, minutes 22.63, lr 1.00e-03
    epoch 56: loss 0.8454, val_ap 0.6024, minutes 22.93, lr 1.00e-03
    epoch 57: loss 0.8396, val_ap 0.6053, minutes 23.24, lr 1.00e-03
    epoch 58: loss 0.8470, val_ap 0.5996, minutes 23.55, lr 1.00e-03
    epoch 59: loss 0.8220, val_ap 0.6046, minutes 23.83, lr 1.00e-03
    epoch 60: loss 0.8444, val_ap 0.6078, minutes 24.15, lr 1.00e-03
    epoch 61: loss 0.8509, val_ap 0.5990, minutes 24.48, lr 1.00e-03
    epoch 62: loss 0.8332, val_ap 0.6076, minutes 24.79, lr 1.00e-03
    epoch 63: loss 0.8351, val_ap 0.6071, minutes 25.08, lr 1.00e-03
    epoch 64: loss 0.8366, val_ap 0.6056, minutes 25.37, lr 1.00e-03
    epoch 65: loss 0.8576, val_ap 0.5993, minutes 25.66, lr 1.00e-03
    epoch 66: loss 0.8243, val_ap 0.6049, minutes 25.93, lr 1.00e-03
    epoch 67: loss 0.8389, val_ap 0.6015, minutes 26.2, lr 1.00e-03
    epoch 68: loss 0.8325, val_ap 0.6046, minutes 26.46, lr 1.00e-03
    epoch 69: loss 0.8325, val_ap 0.6020, minutes 26.71, lr 5.00e-04
    epoch 70: loss 0.8080, val_ap 0.6085, minutes 26.94, lr 5.00e-04
    epoch 71: loss 0.8029, val_ap 0.6074, minutes 27.19, lr 5.00e-04
    epoch 72: loss 0.8032, val_ap 0.6104, minutes 27.44, lr 5.00e-04
    epoch 73: loss 0.7959, val_ap 0.6089, minutes 27.68, lr 5.00e-04
    epoch 74: loss 0.7888, val_ap 0.6041, minutes 27.93, lr 5.00e-04
    epoch 75: loss 0.8033, val_ap 0.6032, minutes 28.17, lr 5.00e-04
    epoch 76: loss 0.7949, val_ap 0.6054, minutes 28.42, lr 5.00e-04
    epoch 77: loss 0.8175, val_ap 0.6038, minutes 28.65, lr 5.00e-04
    epoch 78: loss 0.8352, val_ap 0.6074, minutes 28.9, lr 5.00e-04
    epoch 79: loss 0.7892, val_ap 0.6066, minutes 29.16, lr 5.00e-04
    epoch 80: loss 0.7902, val_ap 0.6042, minutes 29.4, lr 5.00e-04
    epoch 81: loss 0.7891, val_ap 0.6014, minutes 29.65, lr 2.50e-04
    epoch 82: loss 0.7888, val_ap 0.6070, minutes 29.9, lr 2.50e-04
    epoch 83: loss 0.7684, val_ap 0.6084, minutes 30.14, lr 2.50e-04
    epoch 84: loss 0.7722, val_ap 0.6054, minutes 30.4, lr 2.50e-04
    epoch 85: loss 0.7766, val_ap 0.6068, minutes 30.65, lr 2.50e-04
    epoch 86: loss 0.7789, val_ap 0.6060, minutes 30.9, lr 2.50e-04
    epoch 87: loss 0.7784, val_ap 0.6071, minutes 31.14, lr 2.50e-04
    epoch 88: loss 0.7764, val_ap 0.6048, minutes 31.37, lr 2.50e-04
    epoch 89: loss 0.7735, val_ap 0.6058, minutes 31.62, lr 2.50e-04
    epoch 90: loss 0.7694, val_ap 0.6067, minutes 31.86, lr 1.25e-04
    epoch 91: loss 0.7645, val_ap 0.6086, minutes 32.11, lr 1.25e-04
    epoch 92: loss 0.7649, val_ap 0.6076, minutes 32.36, lr 1.25e-04
    epoch 93: loss 0.7596, val_ap 0.6074, minutes 32.6, lr 1.25e-04
    epoch 94: loss 0.7713, val_ap 0.6067, minutes 32.85, lr 1.25e-04
    epoch 95: loss 0.7586, val_ap 0.6057, minutes 33.09, lr 1.25e-04
    epoch 96: loss 0.7546, val_ap 0.6067, minutes 33.34, lr 1.25e-04
    epoch 97: loss 0.7602, val_ap 0.6068, minutes 33.57, lr 1.25e-04
    stopping: no validation gain in 25 epochs
[scalar_drop dataset0 fold 3 seed 2] done (34.0 min)
