loaded: dataset0 121,838 sites, data1 90,452
[h2gcn_aux dataset0 fold 2]
    epoch 1: loss 1.9669, val_ap 0.1789, minutes 0.38, lr 3.33e-04
    epoch 2: loss 1.6193, val_ap 0.2714, minutes 0.76, lr 6.63e-04
    epoch 3: loss 1.3582, val_ap 0.3796, minutes 1.17, lr 9.92e-04
    epoch 4: loss 1.2200, val_ap 0.4369, minutes 1.63, lr 1.00e-03
    epoch 5: loss 1.1508, val_ap 0.4677, minutes 2.05, lr 1.00e-03
    epoch 6: loss 1.0973, val_ap 0.4975, minutes 2.45, lr 1.00e-03
    epoch 7: loss 1.0596, val_ap 0.5058, minutes 2.91, lr 1.00e-03
    epoch 8: loss 1.0702, val_ap 0.5086, minutes 3.29, lr 1.00e-03
    epoch 9: loss 1.0300, val_ap 0.5092, minutes 3.68, lr 1.00e-03
    epoch 10: loss 1.0175, val_ap 0.5218, minutes 4.07, lr 1.00e-03
    epoch 11: loss 1.0207, val_ap 0.4941, minutes 4.47, lr 1.00e-03
    epoch 12: loss 1.0409, val_ap 0.5091, minutes 4.9, lr 1.00e-03
    epoch 13: loss 0.9626, val_ap 0.5208, minutes 5.3, lr 1.00e-03
    epoch 14: loss 0.9800, val_ap 0.5118, minutes 5.75, lr 1.00e-03
    epoch 15: loss 0.9498, val_ap 0.5111, minutes 6.2, lr 1.00e-03
    epoch 16: loss 0.9566, val_ap 0.5268, minutes 6.6, lr 1.00e-03
    epoch 17: loss 0.9436, val_ap 0.5291, minutes 7.01, lr 1.00e-03
    epoch 18: loss 0.9460, val_ap 0.5197, minutes 7.42, lr 1.00e-03
    epoch 19: loss 0.9291, val_ap 0.5314, minutes 7.79, lr 1.00e-03
    epoch 20: loss 0.9252, val_ap 0.5309, minutes 8.19, lr 1.00e-03
    epoch 21: loss 0.9376, val_ap 0.5188, minutes 8.56, lr 1.00e-03
    epoch 22: loss 0.9107, val_ap 0.5359, minutes 8.95, lr 1.00e-03
    epoch 23: loss 0.9204, val_ap 0.5300, minutes 9.34, lr 1.00e-03
    epoch 24: loss 0.9050, val_ap 0.5441, minutes 9.72, lr 1.00e-03
    epoch 25: loss 0.8995, val_ap 0.5350, minutes 10.13, lr 1.00e-03
    epoch 26: loss 0.9208, val_ap 0.5312, minutes 10.53, lr 1.00e-03
    epoch 27: loss 0.9948, val_ap 0.5325, minutes 10.91, lr 1.00e-03
    epoch 28: loss 0.9160, val_ap 0.5393, minutes 11.27, lr 1.00e-03
    epoch 29: loss 0.8900, val_ap 0.5362, minutes 11.66, lr 1.00e-03
    epoch 30: loss 0.8727, val_ap 0.5285, minutes 12.09, lr 1.00e-03
    epoch 31: loss 0.9297, val_ap 0.5334, minutes 12.46, lr 1.00e-03
    epoch 32: loss 0.9642, val_ap 0.5396, minutes 12.88, lr 1.00e-03
    epoch 33: loss 0.8969, val_ap 0.5447, minutes 13.27, lr 1.00e-03
    epoch 34: loss 0.8837, val_ap 0.5399, minutes 13.64, lr 1.00e-03
    epoch 35: loss 0.8675, val_ap 0.5476, minutes 14.04, lr 1.00e-03
    epoch 36: loss 0.8781, val_ap 0.5426, minutes 14.43, lr 1.00e-03
    epoch 37: loss 0.8665, val_ap 0.5440, minutes 14.8, lr 1.00e-03
    epoch 38: loss 0.8483, val_ap 0.5465, minutes 15.18, lr 1.00e-03
    epoch 39: loss 0.8562, val_ap 0.5505, minutes 15.53, lr 1.00e-03
    epoch 40: loss 0.8216, val_ap 0.5486, minutes 15.95, lr 1.00e-03
    epoch 41: loss 0.8441, val_ap 0.5527, minutes 16.34, lr 1.00e-03
    epoch 42: loss 0.8384, val_ap 0.5526, minutes 16.73, lr 1.00e-03
    epoch 43: loss 0.8514, val_ap 0.5643, minutes 17.11, lr 1.00e-03
    epoch 44: loss 0.8522, val_ap 0.5644, minutes 17.46, lr 1.00e-03
    epoch 45: loss 0.8458, val_ap 0.5689, minutes 17.85, lr 1.00e-03
    epoch 46: loss 0.8186, val_ap 0.5637, minutes 18.22, lr 1.00e-03
    epoch 47: loss 0.8309, val_ap 0.5654, minutes 18.54, lr 1.00e-03
    epoch 48: loss 0.8262, val_ap 0.5672, minutes 18.88, lr 1.00e-03
    epoch 49: loss 0.8347, val_ap 0.5657, minutes 19.23, lr 1.00e-03
    epoch 50: loss 0.8226, val_ap 0.5730, minutes 19.56, lr 1.00e-03
    epoch 51: loss 0.8086, val_ap 0.5693, minutes 19.89, lr 1.00e-03
    epoch 52: loss 0.8114, val_ap 0.5605, minutes 20.23, lr 1.00e-03
    epoch 53: loss 0.8229, val_ap 0.5626, minutes 20.58, lr 1.00e-03
    epoch 54: loss 0.8071, val_ap 0.5733, minutes 20.93, lr 1.00e-03
    epoch 55: loss 0.8127, val_ap 0.5809, minutes 21.29, lr 1.00e-03
    epoch 56: loss 0.8154, val_ap 0.5729, minutes 21.63, lr 1.00e-03
    epoch 57: loss 0.7987, val_ap 0.5724, minutes 22.02, lr 1.00e-03
    epoch 58: loss 0.7966, val_ap 0.5777, minutes 22.36, lr 1.00e-03
    epoch 59: loss 0.7780, val_ap 0.5744, minutes 22.7, lr 1.00e-03
    epoch 60: loss 0.7981, val_ap 0.5836, minutes 23.02, lr 1.00e-03
    epoch 61: loss 0.7844, val_ap 0.5787, minutes 23.35, lr 1.00e-03
    epoch 62: loss 0.7969, val_ap 0.5807, minutes 23.71, lr 1.00e-03
    epoch 63: loss 0.8014, val_ap 0.5674, minutes 24.03, lr 1.00e-03
    epoch 64: loss 0.7742, val_ap 0.5798, minutes 24.38, lr 1.00e-03
    epoch 65: loss 0.7730, val_ap 0.5831, minutes 24.69, lr 1.00e-03
    epoch 66: loss 0.7691, val_ap 0.5759, minutes 25.03, lr 1.00e-03
    epoch 67: loss 0.7734, val_ap 0.5772, minutes 25.37, lr 1.00e-03
    epoch 68: loss 0.7551, val_ap 0.5811, minutes 25.73, lr 1.00e-03
    epoch 69: loss 0.7665, val_ap 0.5887, minutes 26.04, lr 1.00e-03
    epoch 70: loss 0.7592, val_ap 0.5771, minutes 26.33, lr 1.00e-03
    epoch 71: loss 0.7482, val_ap 0.5845, minutes 26.64, lr 1.00e-03
    epoch 72: loss 0.7527, val_ap 0.5873, minutes 26.94, lr 1.00e-03
    epoch 73: loss 0.7607, val_ap 0.5897, minutes 27.24, lr 1.00e-03
    epoch 74: loss 0.7535, val_ap 0.5967, minutes 27.53, lr 1.00e-03
    epoch 75: loss 0.7643, val_ap 0.5870, minutes 27.8, lr 1.00e-03
    epoch 76: loss 0.7438, val_ap 0.5934, minutes 28.07, lr 1.00e-03
    epoch 77: loss 0.7465, val_ap 0.5873, minutes 28.34, lr 1.00e-03
    epoch 78: loss 0.7292, val_ap 0.5843, minutes 28.61, lr 1.00e-03
    epoch 79: loss 0.7264, val_ap 0.5964, minutes 28.9, lr 1.00e-03
    epoch 80: loss 0.7345, val_ap 0.5823, minutes 29.19, lr 1.00e-03
    epoch 81: loss 0.7189, val_ap 0.5931, minutes 29.46, lr 1.00e-03
    epoch 82: loss 0.7400, val_ap 0.5807, minutes 29.74, lr 1.00e-03
    epoch 83: loss 0.7271, val_ap 0.5877, minutes 30.03, lr 5.00e-04
    epoch 84: loss 0.6923, val_ap 0.5971, minutes 30.31, lr 5.00e-04
    epoch 85: loss 0.7140, val_ap 0.5865, minutes 30.59, lr 5.00e-04
    epoch 86: loss 0.7076, val_ap 0.5910, minutes 30.86, lr 5.00e-04
    epoch 87: loss 0.6966, val_ap 0.5954, minutes 31.14, lr 5.00e-04
    epoch 88: loss 0.6814, val_ap 0.5972, minutes 31.43, lr 5.00e-04
    epoch 89: loss 0.6988, val_ap 0.5920, minutes 31.71, lr 5.00e-04
    epoch 90: loss 0.6875, val_ap 0.5884, minutes 32.0, lr 5.00e-04
    epoch 91: loss 0.6851, val_ap 0.5941, minutes 32.29, lr 5.00e-04
    epoch 92: loss 0.6885, val_ap 0.5830, minutes 32.58, lr 5.00e-04
    epoch 93: loss 0.6689, val_ap 0.5939, minutes 32.87, lr 5.00e-04
    epoch 94: loss 0.6701, val_ap 0.5909, minutes 33.16, lr 5.00e-04
    epoch 95: loss 0.6671, val_ap 0.5954, minutes 33.44, lr 5.00e-04
    epoch 96: loss 0.6731, val_ap 0.5922, minutes 33.73, lr 5.00e-04
    epoch 97: loss 0.6791, val_ap 0.5993, minutes 34.0, lr 5.00e-04
    epoch 98: loss 0.6701, val_ap 0.5898, minutes 34.27, lr 5.00e-04
    epoch 99: loss 0.6502, val_ap 0.5931, minutes 34.56, lr 5.00e-04
    epoch 100: loss 0.6752, val_ap 0.5717, minutes 34.82, lr 5.00e-04
    epoch 101: loss 0.6835, val_ap 0.5833, minutes 35.09, lr 5.00e-04
    epoch 102: loss 0.6703, val_ap 0.5789, minutes 35.37, lr 5.00e-04
    epoch 103: loss 0.6673, val_ap 0.5766, minutes 35.65, lr 5.00e-04
    epoch 104: loss 0.6643, val_ap 0.5956, minutes 35.93, lr 5.00e-04
    epoch 105: loss 0.6650, val_ap 0.5836, minutes 36.2, lr 5.00e-04
    epoch 106: loss 0.6526, val_ap 0.5774, minutes 36.49, lr 2.50e-04
    epoch 107: loss 0.6282, val_ap 0.5768, minutes 36.78, lr 2.50e-04
    epoch 108: loss 0.6230, val_ap 0.5757, minutes 37.06, lr 2.50e-04
    epoch 109: loss 0.6383, val_ap 0.5786, minutes 37.35, lr 2.50e-04
    epoch 110: loss 0.6323, val_ap 0.5812, minutes 37.63, lr 2.50e-04
    epoch 111: loss 0.6284, val_ap 0.5802, minutes 37.93, lr 2.50e-04
    epoch 112: loss 0.6336, val_ap 0.5729, minutes 38.21, lr 2.50e-04
    epoch 113: loss 0.6331, val_ap 0.5807, minutes 38.49, lr 2.50e-04
    epoch 114: loss 0.6403, val_ap 0.5768, minutes 38.79, lr 2.50e-04
    epoch 115: loss 0.6441, val_ap 0.5812, minutes 39.08, lr 1.25e-04
    epoch 116: loss 0.6308, val_ap 0.5727, minutes 39.36, lr 1.25e-04
    epoch 117: loss 0.6153, val_ap 0.5730, minutes 39.65, lr 1.25e-04
    epoch 118: loss 0.6390, val_ap 0.5788, minutes 39.94, lr 1.25e-04
    epoch 119: loss 0.6343, val_ap 0.5731, minutes 40.22, lr 1.25e-04
    epoch 120: loss 0.6160, val_ap 0.5751, minutes 40.5, lr 1.25e-04
    epoch 121: loss 0.5921, val_ap 0.5716, minutes 40.79, lr 1.25e-04
    epoch 122: loss 0.6207, val_ap 0.5712, minutes 41.08, lr 1.25e-04
    stopping: no validation gain in 25 epochs
[h2gcn_aux dataset0 fold 2] done (41.5 min)
