loaded: dataset0 121,838 sites, data1 90,452
[fk_band_shuffled pooled_both fold 3 seed 2]
    band weights [0.4, 0.363, 0.237] (bands ((0, 30), (30, 75), (75, 150)))
    epoch 1: loss 1.8893, val_ap 0.1591, minutes 0.96, lr 3.31e-04
    epoch 2: loss 1.5303, val_ap 0.3269, minutes 1.84, lr 6.60e-04
    epoch 3: loss 1.3998, val_ap 0.4134, minutes 2.71, lr 9.89e-04
    epoch 4: loss 1.3031, val_ap 0.4451, minutes 3.53, lr 1.00e-03
    epoch 5: loss 1.2510, val_ap 0.4705, minutes 4.34, lr 1.00e-03
    epoch 6: loss 1.2310, val_ap 0.4734, minutes 5.3, lr 1.00e-03
    epoch 7: loss 1.2311, val_ap 0.4739, minutes 6.15, lr 1.00e-03
    epoch 8: loss 1.2036, val_ap 0.4765, minutes 6.93, lr 1.00e-03
    epoch 9: loss 1.1943, val_ap 0.4807, minutes 7.78, lr 1.00e-03
    epoch 10: loss 1.1917, val_ap 0.4779, minutes 8.58, lr 1.00e-03
    epoch 11: loss 1.1747, val_ap 0.4902, minutes 9.41, lr 1.00e-03
    epoch 12: loss 1.1790, val_ap 0.4852, minutes 10.21, lr 1.00e-03
    epoch 13: loss 1.1675, val_ap 0.4890, minutes 11.0, lr 1.00e-03
    epoch 14: loss 1.1665, val_ap 0.4919, minutes 11.82, lr 1.00e-03
    epoch 15: loss 1.1635, val_ap 0.4962, minutes 12.73, lr 1.00e-03
    epoch 16: loss 1.1572, val_ap 0.4948, minutes 13.53, lr 1.00e-03
    epoch 17: loss 1.1600, val_ap 0.4966, minutes 14.34, lr 1.00e-03
    epoch 18: loss 1.1418, val_ap 0.4970, minutes 15.14, lr 1.00e-03
    epoch 19: loss 1.1536, val_ap 0.5036, minutes 16.0, lr 1.00e-03
    epoch 20: loss 1.1364, val_ap 0.5008, minutes 16.83, lr 1.00e-03
    epoch 21: loss 1.1360, val_ap 0.5025, minutes 17.65, lr 1.00e-03
    epoch 22: loss 1.1358, val_ap 0.5037, minutes 18.43, lr 1.00e-03
    epoch 23: loss 1.1308, val_ap 0.5062, minutes 19.21, lr 1.00e-03
    epoch 24: loss 1.1182, val_ap 0.5028, minutes 19.97, lr 1.00e-03
    epoch 25: loss 1.1303, val_ap 0.5121, minutes 20.76, lr 1.00e-03
    epoch 26: loss 1.1266, val_ap 0.5102, minutes 21.55, lr 1.00e-03
    epoch 27: loss 1.1201, val_ap 0.5121, minutes 22.33, lr 1.00e-03
    epoch 28: loss 1.1095, val_ap 0.5122, minutes 23.11, lr 1.00e-03
    epoch 29: loss 1.1012, val_ap 0.5119, minutes 23.89, lr 1.00e-03
    epoch 30: loss 1.1077, val_ap 0.5042, minutes 24.71, lr 1.00e-03
    epoch 31: loss 1.1046, val_ap 0.5106, minutes 25.52, lr 1.00e-03
    epoch 32: loss 1.0938, val_ap 0.5145, minutes 26.34, lr 1.00e-03
    epoch 33: loss 1.0947, val_ap 0.5146, minutes 27.14, lr 1.00e-03
    epoch 34: loss 1.0902, val_ap 0.5141, minutes 27.95, lr 1.00e-03
    epoch 35: loss 1.0838, val_ap 0.5129, minutes 28.74, lr 1.00e-03
    epoch 36: loss 1.0812, val_ap 0.5154, minutes 29.6, lr 1.00e-03
    epoch 37: loss 1.0870, val_ap 0.5115, minutes 30.45, lr 1.00e-03
    epoch 38: loss 1.0815, val_ap 0.5087, minutes 31.3, lr 1.00e-03
    epoch 39: loss 1.0764, val_ap 0.5037, minutes 32.17, lr 1.00e-03
    epoch 40: loss 1.0693, val_ap 0.5128, minutes 32.99, lr 1.00e-03
    epoch 41: loss 1.0679, val_ap 0.4969, minutes 33.82, lr 1.00e-03
    epoch 42: loss 1.0702, val_ap 0.5072, minutes 34.58, lr 1.00e-03
    epoch 43: loss 1.0695, val_ap 0.5188, minutes 35.39, lr 1.00e-03
    epoch 44: loss 1.0532, val_ap 0.5111, minutes 36.2, lr 1.00e-03
    epoch 45: loss 1.0596, val_ap 0.5169, minutes 36.98, lr 1.00e-03
    epoch 46: loss 1.0396, val_ap 0.5113, minutes 37.79, lr 1.00e-03
    epoch 47: loss 1.0414, val_ap 0.5133, minutes 38.64, lr 1.00e-03
    epoch 48: loss 1.0394, val_ap 0.5183, minutes 39.52, lr 1.00e-03
    epoch 49: loss 1.0325, val_ap 0.5166, minutes 40.36, lr 1.00e-03
    epoch 50: loss 1.0302, val_ap 0.5173, minutes 41.19, lr 1.00e-03
    epoch 51: loss 1.0386, val_ap 0.5190, minutes 42.02, lr 1.00e-03
    epoch 52: loss 1.0230, val_ap 0.5117, minutes 42.83, lr 1.00e-03
    epoch 53: loss 1.0243, val_ap 0.5232, minutes 43.64, lr 1.00e-03
    epoch 54: loss 1.0155, val_ap 0.4741, minutes 44.44, lr 1.00e-03
    epoch 55: loss 1.0114, val_ap 0.5136, minutes 45.28, lr 1.00e-03
    epoch 56: loss 1.0107, val_ap 0.5170, minutes 46.07, lr 1.00e-03
    epoch 57: loss 1.0115, val_ap 0.5203, minutes 46.85, lr 1.00e-03
    epoch 58: loss 1.0041, val_ap 0.5118, minutes 47.65, lr 1.00e-03
    epoch 59: loss 1.0055, val_ap 0.5108, minutes 48.44, lr 1.00e-03
    epoch 60: loss 0.9954, val_ap 0.5189, minutes 49.25, lr 1.00e-03
    epoch 61: loss 0.9945, val_ap 0.5117, minutes 49.99, lr 1.00e-03
    epoch 62: loss 0.9775, val_ap 0.5082, minutes 50.79, lr 5.00e-04
    epoch 63: loss 0.9679, val_ap 0.5089, minutes 51.54, lr 5.00e-04
    epoch 64: loss 0.9644, val_ap 0.5086, minutes 52.33, lr 5.00e-04
    epoch 65: loss 0.9629, val_ap 0.5083, minutes 53.12, lr 5.00e-04
    epoch 66: loss 0.9524, val_ap 0.5060, minutes 53.91, lr 5.00e-04
    epoch 67: loss 0.9547, val_ap 0.5007, minutes 54.72, lr 5.00e-04
    epoch 68: loss 0.9505, val_ap 0.5112, minutes 55.55, lr 5.00e-04
    epoch 69: loss 0.9458, val_ap 0.5038, minutes 56.41, lr 5.00e-04
    epoch 70: loss 0.9408, val_ap 0.4940, minutes 57.22, lr 5.00e-04
    epoch 71: loss 0.9379, val_ap 0.5039, minutes 58.0, lr 2.50e-04
    epoch 72: loss 0.9243, val_ap 0.4964, minutes 58.81, lr 2.50e-04
    epoch 73: loss 0.9224, val_ap 0.4989, minutes 59.51, lr 2.50e-04
    epoch 74: loss 0.9208, val_ap 0.4950, minutes 60.26, lr 2.50e-04
    epoch 75: loss 0.9157, val_ap 0.4912, minutes 61.03, lr 2.50e-04
    epoch 76: loss 0.9175, val_ap 0.4878, minutes 61.81, lr 2.50e-04
    epoch 77: loss 0.9107, val_ap 0.4902, minutes 62.59, lr 2.50e-04
    epoch 78: loss 0.9102, val_ap 0.4835, minutes 63.33, lr 2.50e-04
    stopping: no validation gain in 25 epochs
[fk_band_shuffled pooled_both fold 3 seed 2] done (64.0 min)
