loaded: dataset0 121,838 sites, data1 90,452
[res_nogate dataset0 fold 2]
    kernel decay scale 108.1 nt (fitted to cell line 1 training labels)
    epoch 1: loss 1.9602, val_ap 0.1858, minutes 0.52, lr 3.33e-04
    epoch 2: loss 1.6248, val_ap 0.2900, minutes 1.02, lr 6.63e-04
    epoch 3: loss 1.3717, val_ap 0.4231, minutes 1.56, lr 9.92e-04
    epoch 4: loss 1.2414, val_ap 0.4761, minutes 2.09, lr 1.00e-03
    epoch 5: loss 1.1558, val_ap 0.5174, minutes 2.62, lr 1.00e-03
    epoch 6: loss 1.1047, val_ap 0.5397, minutes 3.16, lr 1.00e-03
    epoch 7: loss 1.0656, val_ap 0.5526, minutes 3.68, lr 1.00e-03
    epoch 8: loss 1.0765, val_ap 0.5478, minutes 4.24, lr 1.00e-03
    epoch 9: loss 1.0327, val_ap 0.5631, minutes 4.79, lr 1.00e-03
    epoch 10: loss 1.0281, val_ap 0.5672, minutes 5.33, lr 1.00e-03
    epoch 11: loss 1.0029, val_ap 0.5586, minutes 5.89, lr 1.00e-03
    epoch 12: loss 0.9785, val_ap 0.5642, minutes 6.41, lr 1.00e-03
    epoch 13: loss 0.9592, val_ap 0.5660, minutes 6.97, lr 1.00e-03
    epoch 14: loss 0.9788, val_ap 0.5714, minutes 7.49, lr 1.00e-03
    epoch 15: loss 0.9361, val_ap 0.5763, minutes 8.01, lr 1.00e-03
    epoch 16: loss 0.9436, val_ap 0.5853, minutes 8.57, lr 1.00e-03
    epoch 17: loss 0.9388, val_ap 0.5948, minutes 9.07, lr 1.00e-03
    epoch 18: loss 0.9415, val_ap 0.5833, minutes 9.62, lr 1.00e-03
    epoch 19: loss 0.9302, val_ap 0.5930, minutes 10.17, lr 1.00e-03
    epoch 20: loss 0.9270, val_ap 0.5875, minutes 10.7, lr 1.00e-03
    epoch 21: loss 0.9313, val_ap 0.5767, minutes 11.25, lr 1.00e-03
    epoch 22: loss 0.9128, val_ap 0.5838, minutes 11.8, lr 1.00e-03
    epoch 23: loss 0.9183, val_ap 0.5918, minutes 12.31, lr 1.00e-03
    epoch 24: loss 0.9061, val_ap 0.5972, minutes 12.82, lr 1.00e-03
    epoch 25: loss 0.9012, val_ap 0.5931, minutes 13.37, lr 1.00e-03
    epoch 26: loss 0.9262, val_ap 0.5754, minutes 13.96, lr 1.00e-03
    epoch 27: loss 1.0733, val_ap 0.5749, minutes 14.46, lr 1.00e-03
    epoch 28: loss 0.9270, val_ap 0.5817, minutes 15.0, lr 1.00e-03
    epoch 29: loss 0.8873, val_ap 0.5757, minutes 15.54, lr 1.00e-03
    epoch 30: loss 0.8751, val_ap 0.5848, minutes 16.08, lr 1.00e-03
    epoch 31: loss 0.9317, val_ap 0.5876, minutes 16.64, lr 1.00e-03
    epoch 32: loss 0.9152, val_ap 0.5916, minutes 17.13, lr 1.00e-03
    epoch 33: loss 0.8982, val_ap 0.5848, minutes 17.65, lr 5.00e-04
    epoch 34: loss 0.8691, val_ap 0.5949, minutes 18.18, lr 5.00e-04
    epoch 35: loss 0.8591, val_ap 0.5950, minutes 18.7, lr 5.00e-04
    epoch 36: loss 0.8675, val_ap 0.5922, minutes 19.25, lr 5.00e-04
    epoch 37: loss 0.8674, val_ap 0.5931, minutes 19.74, lr 5.00e-04
    epoch 38: loss 0.8582, val_ap 0.5937, minutes 20.28, lr 5.00e-04
    epoch 39: loss 0.8620, val_ap 0.5983, minutes 20.86, lr 5.00e-04
    epoch 40: loss 0.8377, val_ap 0.5962, minutes 21.37, lr 5.00e-04
    epoch 41: loss 0.8550, val_ap 0.5957, minutes 21.94, lr 5.00e-04
    epoch 42: loss 0.8527, val_ap 0.5948, minutes 22.47, lr 5.00e-04
    epoch 43: loss 0.8584, val_ap 0.5987, minutes 22.98, lr 5.00e-04
    epoch 44: loss 0.8570, val_ap 0.5979, minutes 23.52, lr 5.00e-04
    epoch 45: loss 0.8412, val_ap 0.5954, minutes 24.03, lr 5.00e-04
    epoch 46: loss 0.8471, val_ap 0.5992, minutes 24.57, lr 5.00e-04
    epoch 47: loss 0.8516, val_ap 0.6025, minutes 25.12, lr 5.00e-04
    epoch 48: loss 0.8437, val_ap 0.6022, minutes 25.63, lr 5.00e-04
    epoch 49: loss 0.8591, val_ap 0.6023, minutes 26.21, lr 5.00e-04
    epoch 50: loss 0.8420, val_ap 0.6051, minutes 26.69, lr 5.00e-04
    epoch 51: loss 0.8430, val_ap 0.6049, minutes 27.23, lr 5.00e-04
    epoch 52: loss 0.8492, val_ap 0.6036, minutes 27.75, lr 5.00e-04
    epoch 53: loss 0.8492, val_ap 0.6059, minutes 28.27, lr 5.00e-04
    epoch 54: loss 0.8249, val_ap 0.6048, minutes 28.81, lr 5.00e-04
    epoch 55: loss 0.8354, val_ap 0.6063, minutes 29.32, lr 5.00e-04
    epoch 56: loss 0.8408, val_ap 0.6091, minutes 29.86, lr 5.00e-04
    epoch 57: loss 0.8315, val_ap 0.6099, minutes 30.35, lr 5.00e-04
    epoch 58: loss 0.8331, val_ap 0.6077, minutes 30.82, lr 5.00e-04
    epoch 59: loss 0.8242, val_ap 0.6070, minutes 31.33, lr 5.00e-04
    epoch 60: loss 0.8266, val_ap 0.6096, minutes 31.82, lr 5.00e-04
    epoch 61: loss 0.8301, val_ap 0.6137, minutes 32.33, lr 5.00e-04
    epoch 62: loss 0.8301, val_ap 0.6066, minutes 32.85, lr 5.00e-04
    epoch 63: loss 0.8292, val_ap 0.6093, minutes 33.39, lr 5.00e-04
    epoch 64: loss 0.8196, val_ap 0.6162, minutes 33.91, lr 5.00e-04
    epoch 65: loss 0.8280, val_ap 0.6094, minutes 34.41, lr 5.00e-04
    epoch 66: loss 0.8106, val_ap 0.6148, minutes 34.94, lr 5.00e-04
    epoch 67: loss 0.8059, val_ap 0.6179, minutes 35.48, lr 5.00e-04
    epoch 68: loss 0.8156, val_ap 0.6164, minutes 36.01, lr 5.00e-04
    epoch 69: loss 0.8129, val_ap 0.6157, minutes 36.52, lr 5.00e-04
    epoch 70: loss 0.8149, val_ap 0.6141, minutes 37.04, lr 5.00e-04
    epoch 71: loss 0.8069, val_ap 0.6199, minutes 37.52, lr 5.00e-04
    epoch 72: loss 0.8020, val_ap 0.6171, minutes 38.02, lr 5.00e-04
    epoch 73: loss 0.8133, val_ap 0.6158, minutes 38.52, lr 5.00e-04
    epoch 74: loss 0.8134, val_ap 0.6191, minutes 39.02, lr 5.00e-04
    epoch 75: loss 0.8213, val_ap 0.6221, minutes 39.55, lr 5.00e-04
    epoch 76: loss 0.8032, val_ap 0.6246, minutes 40.08, lr 5.00e-04
    epoch 77: loss 0.8108, val_ap 0.6207, minutes 40.55, lr 5.00e-04
    epoch 78: loss 0.8037, val_ap 0.6188, minutes 41.1, lr 5.00e-04
    epoch 79: loss 0.7919, val_ap 0.6250, minutes 41.64, lr 5.00e-04
    epoch 80: loss 0.7907, val_ap 0.6227, minutes 42.15, lr 5.00e-04
    epoch 81: loss 0.7844, val_ap 0.6262, minutes 42.67, lr 5.00e-04
    epoch 82: loss 0.7922, val_ap 0.6174, minutes 43.14, lr 5.00e-04
    epoch 83: loss 0.8013, val_ap 0.6199, minutes 43.7, lr 5.00e-04
    epoch 84: loss 0.7925, val_ap 0.6242, minutes 44.18, lr 5.00e-04
    epoch 85: loss 0.8063, val_ap 0.6185, minutes 44.66, lr 5.00e-04
    epoch 86: loss 0.7933, val_ap 0.6248, minutes 45.18, lr 5.00e-04
    epoch 87: loss 0.7841, val_ap 0.6217, minutes 45.67, lr 5.00e-04
    epoch 88: loss 0.7872, val_ap 0.6245, minutes 46.17, lr 5.00e-04
    epoch 89: loss 0.7956, val_ap 0.6209, minutes 46.64, lr 5.00e-04
    epoch 90: loss 0.7903, val_ap 0.6233, minutes 47.16, lr 2.50e-04
    epoch 91: loss 0.7705, val_ap 0.6260, minutes 47.65, lr 2.50e-04
    epoch 92: loss 0.7710, val_ap 0.6272, minutes 48.16, lr 2.50e-04
    epoch 93: loss 0.7639, val_ap 0.6262, minutes 48.67, lr 2.50e-04
    epoch 94: loss 0.7646, val_ap 0.6233, minutes 49.19, lr 2.50e-04
    epoch 95: loss 0.7605, val_ap 0.6258, minutes 49.72, lr 2.50e-04
    epoch 96: loss 0.7586, val_ap 0.6301, minutes 50.26, lr 2.50e-04
    epoch 97: loss 0.7600, val_ap 0.6224, minutes 50.78, lr 2.50e-04
    epoch 98: loss 0.7693, val_ap 0.6255, minutes 51.32, lr 2.50e-04
    epoch 99: loss 0.7568, val_ap 0.6209, minutes 51.84, lr 2.50e-04
    epoch 100: loss 0.7900, val_ap 0.6247, minutes 52.35, lr 2.50e-04
    epoch 101: loss 0.7609, val_ap 0.6270, minutes 52.88, lr 2.50e-04
    epoch 102: loss 0.7628, val_ap 0.6254, minutes 53.39, lr 2.50e-04
    epoch 103: loss 0.7518, val_ap 0.6274, minutes 53.87, lr 2.50e-04
    epoch 104: loss 0.7652, val_ap 0.6255, minutes 54.36, lr 2.50e-04
    epoch 105: loss 0.7588, val_ap 0.6290, minutes 54.87, lr 1.25e-04
    epoch 106: loss 0.7633, val_ap 0.6277, minutes 55.34, lr 1.25e-04
    epoch 107: loss 0.7394, val_ap 0.6264, minutes 55.83, lr 1.25e-04
    epoch 108: loss 0.7399, val_ap 0.6286, minutes 56.33, lr 1.25e-04
    epoch 109: loss 0.7450, val_ap 0.6270, minutes 56.84, lr 1.25e-04
    epoch 110: loss 0.7437, val_ap 0.6248, minutes 57.35, lr 1.25e-04
    epoch 111: loss 0.7491, val_ap 0.6260, minutes 57.83, lr 1.25e-04
    epoch 112: loss 0.7386, val_ap 0.6255, minutes 58.3, lr 1.25e-04
    epoch 113: loss 0.7539, val_ap 0.6258, minutes 58.79, lr 1.25e-04
    epoch 114: loss 0.7462, val_ap 0.6274, minutes 59.27, lr 6.25e-05
    epoch 115: loss 0.7484, val_ap 0.6269, minutes 59.78, lr 6.25e-05
    epoch 116: loss 0.7398, val_ap 0.6267, minutes 60.31, lr 6.25e-05
    epoch 117: loss 0.7384, val_ap 0.6261, minutes 60.79, lr 6.25e-05
    epoch 118: loss 0.7566, val_ap 0.6268, minutes 61.3, lr 6.25e-05
    epoch 119: loss 0.7476, val_ap 0.6247, minutes 61.83, lr 6.25e-05
    epoch 120: loss 0.7357, val_ap 0.6257, minutes 62.33, lr 6.25e-05
    epoch 121: loss 0.7256, val_ap 0.6257, minutes 62.83, lr 6.25e-05
    stopping: no validation gain in 25 epochs
[res_nogate dataset0 fold 2] done (63.5 min)
