loaded: dataset0 121,838 sites, data1 90,452
[h2gcn_aux pooled_both fold 4 seed 2]
    epoch 1: loss 1.9110, val_ap 0.1558, minutes 0.85, lr 3.31e-04
    epoch 2: loss 1.5594, val_ap 0.2884, minutes 1.74, lr 6.60e-04
    epoch 3: loss 1.4015, val_ap 0.4062, minutes 2.68, lr 9.89e-04
    epoch 4: loss 1.3283, val_ap 0.4338, minutes 3.51, lr 1.00e-03
    epoch 5: loss 1.2831, val_ap 0.4388, minutes 4.34, lr 1.00e-03
    epoch 6: loss 1.2641, val_ap 0.4366, minutes 5.17, lr 1.00e-03
    epoch 7: loss 1.2493, val_ap 0.4381, minutes 6.04, lr 1.00e-03
    epoch 8: loss 1.2490, val_ap 0.4445, minutes 6.93, lr 1.00e-03
    epoch 9: loss 1.2377, val_ap 0.4512, minutes 7.77, lr 1.00e-03
    epoch 10: loss 1.2346, val_ap 0.4533, minutes 8.68, lr 1.00e-03
    epoch 11: loss 1.2310, val_ap 0.4551, minutes 9.52, lr 1.00e-03
    epoch 12: loss 1.2224, val_ap 0.4539, minutes 10.36, lr 1.00e-03
    epoch 13: loss 1.2269, val_ap 0.4568, minutes 11.28, lr 1.00e-03
    epoch 14: loss 1.2053, val_ap 0.4640, minutes 12.14, lr 1.00e-03
    epoch 15: loss 1.1974, val_ap 0.4646, minutes 13.0, lr 1.00e-03
    epoch 16: loss 1.1976, val_ap 0.4599, minutes 13.8, lr 1.00e-03
    epoch 17: loss 1.1948, val_ap 0.4633, minutes 14.64, lr 1.00e-03
    epoch 18: loss 1.1896, val_ap 0.4599, minutes 15.57, lr 1.00e-03
    epoch 19: loss 1.1916, val_ap 0.4672, minutes 16.42, lr 1.00e-03
    epoch 20: loss 1.1862, val_ap 0.4706, minutes 17.31, lr 1.00e-03
    epoch 21: loss 1.1730, val_ap 0.4720, minutes 18.14, lr 1.00e-03
    epoch 22: loss 1.1718, val_ap 0.4761, minutes 18.92, lr 1.00e-03
    epoch 23: loss 1.1720, val_ap 0.4771, minutes 19.82, lr 1.00e-03
    epoch 24: loss 1.1659, val_ap 0.4689, minutes 20.65, lr 1.00e-03
    epoch 25: loss 1.1677, val_ap 0.4769, minutes 21.47, lr 1.00e-03
    epoch 26: loss 1.1660, val_ap 0.4773, minutes 22.34, lr 1.00e-03
    epoch 27: loss 1.1543, val_ap 0.4834, minutes 23.15, lr 1.00e-03
    epoch 28: loss 1.1537, val_ap 0.4782, minutes 23.98, lr 1.00e-03
    epoch 29: loss 1.1540, val_ap 0.4767, minutes 24.82, lr 1.00e-03
    epoch 30: loss 1.1464, val_ap 0.4803, minutes 25.7, lr 1.00e-03
    epoch 31: loss 1.1485, val_ap 0.4852, minutes 26.55, lr 1.00e-03
    epoch 32: loss 1.1371, val_ap 0.4771, minutes 27.37, lr 1.00e-03
    epoch 33: loss 1.1324, val_ap 0.4816, minutes 28.27, lr 1.00e-03
    epoch 34: loss 1.1317, val_ap 0.4695, minutes 29.15, lr 1.00e-03
    epoch 35: loss 1.1358, val_ap 0.4895, minutes 29.99, lr 1.00e-03
    epoch 36: loss 1.1207, val_ap 0.4809, minutes 30.94, lr 1.00e-03
    epoch 37: loss 1.1204, val_ap 0.4821, minutes 31.83, lr 1.00e-03
    epoch 38: loss 1.1147, val_ap 0.4780, minutes 32.65, lr 1.00e-03
    epoch 39: loss 1.1202, val_ap 0.4818, minutes 33.49, lr 1.00e-03
    epoch 40: loss 1.1130, val_ap 0.4758, minutes 34.32, lr 1.00e-03
    epoch 41: loss 1.1119, val_ap 0.4742, minutes 35.11, lr 1.00e-03
    epoch 42: loss 1.1092, val_ap 0.4905, minutes 35.92, lr 1.00e-03
    epoch 43: loss 1.0931, val_ap 0.4878, minutes 36.76, lr 1.00e-03
    epoch 44: loss 1.1084, val_ap 0.4782, minutes 37.58, lr 1.00e-03
    epoch 45: loss 1.0934, val_ap 0.4782, minutes 38.42, lr 1.00e-03
    epoch 46: loss 1.0926, val_ap 0.4722, minutes 39.21, lr 1.00e-03
    epoch 47: loss 1.0894, val_ap 0.4759, minutes 39.94, lr 1.00e-03
    epoch 48: loss 1.0794, val_ap 0.4699, minutes 40.77, lr 1.00e-03
    epoch 49: loss 1.0742, val_ap 0.4697, minutes 41.56, lr 1.00e-03
    epoch 50: loss 1.0818, val_ap 0.4791, minutes 42.41, lr 1.00e-03
    epoch 51: loss 1.0623, val_ap 0.4724, minutes 43.17, lr 5.00e-04
    epoch 52: loss 1.0532, val_ap 0.4806, minutes 43.95, lr 5.00e-04
    epoch 53: loss 1.0505, val_ap 0.4796, minutes 44.77, lr 5.00e-04
    epoch 54: loss 1.0471, val_ap 0.4744, minutes 45.61, lr 5.00e-04
    epoch 55: loss 1.0388, val_ap 0.4641, minutes 46.45, lr 5.00e-04
    epoch 56: loss 1.0373, val_ap 0.4768, minutes 47.24, lr 5.00e-04
    epoch 57: loss 1.0300, val_ap 0.4747, minutes 48.05, lr 5.00e-04
    epoch 58: loss 1.0333, val_ap 0.4842, minutes 48.9, lr 5.00e-04
    epoch 59: loss 1.0378, val_ap 0.4776, minutes 49.68, lr 5.00e-04
    epoch 60: loss 1.0251, val_ap 0.4758, minutes 50.44, lr 2.50e-04
    epoch 61: loss 1.0120, val_ap 0.4758, minutes 51.18, lr 2.50e-04
    epoch 62: loss 1.0061, val_ap 0.4788, minutes 51.91, lr 2.50e-04
    epoch 63: loss 1.0040, val_ap 0.4801, minutes 52.64, lr 2.50e-04
    epoch 64: loss 1.0007, val_ap 0.4763, minutes 53.32, lr 2.50e-04
    epoch 65: loss 1.0003, val_ap 0.4768, minutes 53.92, lr 2.50e-04
    epoch 66: loss 0.9990, val_ap 0.4754, minutes 54.53, lr 2.50e-04
    epoch 67: loss 0.9951, val_ap 0.4720, minutes 55.17, lr 2.50e-04
    stopping: no validation gain in 25 epochs
[h2gcn_aux pooled_both fold 4 seed 2] done (55.8 min)
