loaded: dataset0 121,838 sites, data1 90,452
[set_transformer pooled_both fold 3 seed 1]
    epoch 1: loss 1.0257569974500862, minutes 2.82, val_ap 0.34261723901305574, lr 0.00033389261744966444
    epoch 2: loss 0.9048991670844538, minutes 6.28, val_ap 0.3902448907906035, lr 0.0006672259507829977
    epoch 3: loss 0.8792202063654894, minutes 9.78, val_ap 0.3974489613211149, lr 0.001
    epoch 4: loss 0.8626010049409514, minutes 13.26, val_ap 0.42426101316305076, lr 0.001
    epoch 5: loss 0.8509011732151844, minutes 16.74, val_ap 0.4157959762803275, lr 0.001
    epoch 6: loss 0.8377490340663283, minutes 20.19, val_ap 0.43896086210953617, lr 0.001
    epoch 7: loss 0.8308905371083509, minutes 23.79, val_ap 0.42567611437169567, lr 0.001
    epoch 8: loss 0.8271196669080113, minutes 27.38, val_ap 0.42640847603323156, lr 0.001
    epoch 9: loss 0.8201582060264261, minutes 30.87, val_ap 0.4352041698897676, lr 0.001
    epoch 10: loss 0.8188438165507861, minutes 34.39, val_ap 0.44052706495210414, lr 0.001
    epoch 11: loss 0.8132142833615309, minutes 37.86, val_ap 0.4336730460729554, lr 0.001
    epoch 12: loss 0.808688429928066, minutes 41.39, val_ap 0.44560663270471385, lr 0.001
    epoch 13: loss 0.8103701387275786, minutes 44.92, val_ap 0.44669731117846556, lr 0.001
    epoch 14: loss 0.8033002189941855, minutes 48.39, val_ap 0.4470414007616144, lr 0.001
    epoch 15: loss 0.7980481823218749, minutes 51.91, val_ap 0.44096666717057564, lr 0.001
    epoch 16: loss 0.7936450344004087, minutes 55.38, val_ap 0.44650517234137077, lr 0.001
    epoch 17: loss 0.7951039926917761, minutes 58.87, val_ap 0.44561035642247526, lr 0.001
    epoch 18: loss 0.7888906024546432, minutes 62.32, val_ap 0.4363056364091568, lr 0.001
    epoch 19: loss 0.7890925652428762, minutes 65.87, val_ap 0.4436789746888603, lr 0.001
    epoch 20: loss 0.7849347170367337, minutes 69.41, val_ap 0.446213118167549, lr 0.001
    epoch 21: loss 0.7812333423519294, minutes 72.9, val_ap 0.45512318137345537, lr 0.001
    epoch 22: loss 0.7755817956972442, minutes 76.43, val_ap 0.4594483661469544, lr 0.001
    epoch 23: loss 0.7744675957216512, minutes 79.88, val_ap 0.4454890671420219, lr 0.001
    epoch 24: loss 0.7724713847141138, minutes 83.39, val_ap 0.44962150523853717, lr 0.001
    epoch 25: loss 0.7681801584142967, minutes 86.9, val_ap 0.4531307223397737, lr 0.001
    epoch 26: loss 0.7620012441137493, minutes 90.43, val_ap 0.43490453165961274, lr 0.001
    epoch 27: loss 0.7623427302745365, minutes 93.92, val_ap 0.4542169620617578, lr 0.001
    epoch 28: loss 0.7555207217099683, minutes 97.4, val_ap 0.4621309625673143, lr 0.001
    epoch 29: loss 0.7556355965617519, minutes 100.91, val_ap 0.45995861404762683, lr 0.001
    epoch 30: loss 0.7497203913611054, minutes 104.28, val_ap 0.45587679071792336, lr 0.001
    epoch 31: loss 0.7449829749913024, minutes 107.62, val_ap 0.45150806868067456, lr 0.001
    epoch 32: loss 0.7463605523909498, minutes 111.14, val_ap 0.45127562271406413, lr 0.001
    epoch 33: loss 0.7413668047461733, minutes 114.84, val_ap 0.45432941992686543, lr 0.001
    epoch 34: loss 0.7369134537125593, minutes 118.41, val_ap 0.45378964828458784, lr 0.001
    epoch 35: loss 0.7343406758752445, minutes 121.94, val_ap 0.44581436028796884, lr 0.001
    epoch 36: loss 0.7294616890233635, minutes 125.46, val_ap 0.45024054740711283, lr 0.001
    epoch 37: loss 0.7288276256630885, minutes 129.12, val_ap 0.4530651906331751, lr 0.0005
    epoch 38: loss 0.7007382991629959, minutes 132.66, val_ap 0.46091178265087396, lr 0.0005
    epoch 39: loss 0.6969594352397342, minutes 136.28, val_ap 0.4601976447286301, lr 0.0005
    epoch 40: loss 0.6881224608561337, minutes 139.77, val_ap 0.463623745072389, lr 0.0005
    epoch 41: loss 0.670016179048775, minutes 143.3, val_ap 0.4500368925526272, lr 0.0005
    epoch 42: loss 0.6827435529472043, minutes 146.8, val_ap 0.4572410977263808, lr 0.0005
    epoch 43: loss 0.6762280116645282, minutes 150.3, val_ap 0.4525657076411043, lr 0.0005
    epoch 44: loss 0.6734837750660493, minutes 153.9, val_ap 0.45799745674868364, lr 0.0005
    epoch 45: loss 0.6593254617596632, minutes 157.42, val_ap 0.4536739593653441, lr 0.0005
    epoch 46: loss 0.6666591446471695, minutes 160.95, val_ap 0.4581719085296767, lr 0.0005
    epoch 47: loss 0.6592554010500844, minutes 164.5, val_ap 0.4565022956396675, lr 0.0005
    epoch 48: loss 0.6534525419541654, minutes 168.05, val_ap 0.45499180733136374, lr 0.0005
    epoch 49: loss 0.6528375565305652, minutes 171.56, val_ap 0.4479038247750924, lr 0.00025
    epoch 50: loss 0.6287905372329207, minutes 175.07, val_ap 0.4583428278437921, lr 0.00025
    epoch 51: loss 0.6210117595607803, minutes 178.5, val_ap 0.45105064431667646, lr 0.00025
    epoch 52: loss 0.6198793543665201, minutes 181.98, val_ap 0.45645810152425786, lr 0.00025
    epoch 53: loss 0.6174501021636413, minutes 185.48, val_ap 0.4544458859908848, lr 0.00025
    epoch 54: loss 0.6205033774443921, minutes 188.84, val_ap 0.45811697135999246, lr 0.00025
    epoch 55: loss 0.6132475265720546, minutes 192.12, val_ap 0.4515448652061533, lr 0.00025
    epoch 56: loss 0.6119649700770442, minutes 195.44, val_ap 0.4586094035986015, lr 0.00025
    epoch 57: loss 0.6040529351206434, minutes 198.79, val_ap 0.45912771362486493, lr 0.00025
    epoch 58: loss 0.6067971450670454, minutes 202.22, val_ap 0.45014091988386357, lr 0.000125
    epoch 59: loss 0.5858509794577657, minutes 205.6, val_ap 0.44635623537274055, lr 0.000125
    epoch 60: loss 0.5813776826698508, minutes 208.86, val_ap 0.4437192870452656, lr 0.000125
    epoch 61: loss 0.5914314209214793, minutes 212.13, val_ap 0.4439146763993945, lr 0.000125
    epoch 62: loss 0.5815969285548933, minutes 215.4, val_ap 0.4457020394055971, lr 0.000125
    epoch 63: loss 0.5788976514599468, minutes 218.67, val_ap 0.44231444094280364, lr 0.000125
    epoch 64: loss 0.5750415420172198, minutes 221.88, val_ap 0.4438128367783497, lr 0.000125
    stopping: no validation gain in 25 epochs
[set_transformer pooled_both fold 3 seed 1] done (227.5 min)
