loaded: dataset0 121,838 sites, data1 90,452
[fk_kernel pooled_both fold 0]
    kernel decay scale 118.2 nt (fitted to cell line 1 training labels)
    epoch 1: loss 1.8857, val_ap 0.2130, minutes 0.8, lr 3.31e-04
    epoch 2: loss 1.5310, val_ap 0.3076, minutes 1.64, lr 6.60e-04
    epoch 3: loss 1.3841, val_ap 0.3867, minutes 2.49, lr 9.89e-04
    epoch 4: loss 1.2973, val_ap 0.4140, minutes 3.32, lr 1.00e-03
    epoch 5: loss 1.2676, val_ap 0.4271, minutes 4.12, lr 1.00e-03
    epoch 6: loss 1.2424, val_ap 0.4379, minutes 4.92, lr 1.00e-03
    epoch 7: loss 1.2239, val_ap 0.4381, minutes 5.68, lr 1.00e-03
    epoch 8: loss 1.2219, val_ap 0.4404, minutes 6.43, lr 1.00e-03
    epoch 9: loss 1.2156, val_ap 0.4427, minutes 7.22, lr 1.00e-03
    epoch 10: loss 1.2206, val_ap 0.4446, minutes 7.97, lr 1.00e-03
    epoch 11: loss 1.2091, val_ap 0.4501, minutes 8.83, lr 1.00e-03
    epoch 12: loss 1.1934, val_ap 0.4503, minutes 9.76, lr 1.00e-03
    epoch 13: loss 1.1863, val_ap 0.4530, minutes 10.74, lr 1.00e-03
    epoch 14: loss 1.1821, val_ap 0.4548, minutes 11.77, lr 1.00e-03
    epoch 15: loss 1.1758, val_ap 0.4594, minutes 12.82, lr 1.00e-03
    epoch 16: loss 1.1842, val_ap 0.4610, minutes 13.8, lr 1.00e-03
    epoch 17: loss 1.1719, val_ap 0.4624, minutes 14.78, lr 1.00e-03
    epoch 18: loss 1.1657, val_ap 0.4662, minutes 15.77, lr 1.00e-03
    epoch 19: loss 1.1628, val_ap 0.4672, minutes 16.74, lr 1.00e-03
    epoch 20: loss 1.1602, val_ap 0.4660, minutes 17.69, lr 1.00e-03
    epoch 21: loss 1.1474, val_ap 0.4662, minutes 18.64, lr 1.00e-03
    epoch 22: loss 1.1507, val_ap 0.4752, minutes 19.57, lr 1.00e-03
    epoch 23: loss 1.1495, val_ap 0.4688, minutes 20.49, lr 1.00e-03
    epoch 24: loss 1.1468, val_ap 0.4742, minutes 21.45, lr 1.00e-03
    epoch 25: loss 1.1389, val_ap 0.4763, minutes 22.39, lr 1.00e-03
    epoch 26: loss 1.1315, val_ap 0.4713, minutes 23.37, lr 1.00e-03
    epoch 27: loss 1.1286, val_ap 0.4802, minutes 24.32, lr 1.00e-03
    epoch 28: loss 1.1246, val_ap 0.4708, minutes 25.33, lr 1.00e-03
    epoch 29: loss 1.1242, val_ap 0.4754, minutes 26.34, lr 1.00e-03
    epoch 30: loss 1.1205, val_ap 0.4744, minutes 27.31, lr 1.00e-03
    epoch 31: loss 1.1158, val_ap 0.4766, minutes 28.26, lr 1.00e-03
    epoch 32: loss 1.1125, val_ap 0.4777, minutes 29.25, lr 1.00e-03
    epoch 33: loss 1.1106, val_ap 0.4757, minutes 30.19, lr 1.00e-03
    epoch 34: loss 1.1076, val_ap 0.4866, minutes 31.11, lr 1.00e-03
    epoch 35: loss 1.0982, val_ap 0.4865, minutes 32.05, lr 1.00e-03
    epoch 36: loss 1.0964, val_ap 0.4830, minutes 32.99, lr 1.00e-03
    epoch 37: loss 1.0773, val_ap 0.4797, minutes 33.94, lr 1.00e-03
    epoch 38: loss 1.0972, val_ap 0.4946, minutes 34.9, lr 1.00e-03
    epoch 39: loss 1.0819, val_ap 0.4766, minutes 35.86, lr 1.00e-03
    epoch 40: loss 1.0734, val_ap 0.4873, minutes 36.84, lr 1.00e-03
    epoch 41: loss 1.0742, val_ap 0.4816, minutes 37.8, lr 1.00e-03
    epoch 42: loss 1.0652, val_ap 0.4800, minutes 38.75, lr 1.00e-03
    epoch 43: loss 1.0691, val_ap 0.4896, minutes 39.7, lr 1.00e-03
    epoch 44: loss 1.0670, val_ap 0.4790, minutes 40.65, lr 1.00e-03
    epoch 45: loss 1.0557, val_ap 0.4831, minutes 41.59, lr 1.00e-03
    epoch 46: loss 1.0555, val_ap 0.4793, minutes 42.55, lr 1.00e-03
    epoch 47: loss 1.0513, val_ap 0.4837, minutes 43.51, lr 5.00e-04
    epoch 48: loss 1.0287, val_ap 0.4824, minutes 44.47, lr 5.00e-04
    epoch 49: loss 1.0262, val_ap 0.4827, minutes 45.42, lr 5.00e-04
    epoch 50: loss 1.0269, val_ap 0.4777, minutes 46.42, lr 5.00e-04
    epoch 51: loss 1.0157, val_ap 0.4830, minutes 47.35, lr 5.00e-04
    epoch 52: loss 1.0183, val_ap 0.4791, minutes 48.35, lr 5.00e-04
    epoch 53: loss 1.0206, val_ap 0.4806, minutes 49.32, lr 5.00e-04
    epoch 54: loss 1.0152, val_ap 0.4843, minutes 50.31, lr 5.00e-04
    epoch 55: loss 1.0085, val_ap 0.4808, minutes 51.28, lr 5.00e-04
    epoch 56: loss 1.0078, val_ap 0.4800, minutes 52.19, lr 2.50e-04
    epoch 57: loss 0.9888, val_ap 0.4798, minutes 53.15, lr 2.50e-04
    epoch 58: loss 0.9938, val_ap 0.4765, minutes 54.08, lr 2.50e-04
    epoch 59: loss 0.9859, val_ap 0.4785, minutes 55.02, lr 2.50e-04
    epoch 60: loss 0.9867, val_ap 0.4766, minutes 55.93, lr 2.50e-04
    epoch 61: loss 0.9872, val_ap 0.4786, minutes 56.91, lr 2.50e-04
    epoch 62: loss 0.9894, val_ap 0.4801, minutes 57.87, lr 2.50e-04
    epoch 63: loss 0.9763, val_ap 0.4775, minutes 58.85, lr 2.50e-04
    stopping: no validation gain in 25 epochs
[fk_kernel pooled_both fold 0] done (59.6 min)
