loaded: dataset0 121,838 sites, data1 90,452
[h2gcn_aux_r400 dataset0 fold 1]
    epoch 1: loss 1.9683, val_ap 0.1824, minutes 0.8, lr 3.33e-04
    epoch 2: loss 1.5400, val_ap 0.3127, minutes 1.72, lr 6.63e-04
    epoch 3: loss 1.2649, val_ap 0.4727, minutes 2.6, lr 9.92e-04
    epoch 4: loss 1.1687, val_ap 0.5052, minutes 3.5, lr 1.00e-03
    epoch 5: loss 1.1245, val_ap 0.5323, minutes 4.37, lr 1.00e-03
    epoch 6: loss 1.0328, val_ap 0.5453, minutes 5.29, lr 1.00e-03
    epoch 7: loss 1.0052, val_ap 0.5544, minutes 6.17, lr 1.00e-03
    epoch 8: loss 1.0001, val_ap 0.5618, minutes 7.03, lr 1.00e-03
    epoch 9: loss 0.9795, val_ap 0.5607, minutes 7.94, lr 1.00e-03
    epoch 10: loss 0.9734, val_ap 0.5535, minutes 8.82, lr 1.00e-03
    epoch 11: loss 0.9580, val_ap 0.5781, minutes 9.71, lr 1.00e-03
    epoch 12: loss 0.9355, val_ap 0.5716, minutes 10.58, lr 1.00e-03
    epoch 13: loss 0.9497, val_ap 0.5786, minutes 11.46, lr 1.00e-03
    epoch 14: loss 0.9552, val_ap 0.5657, minutes 12.34, lr 1.00e-03
    epoch 15: loss 0.9277, val_ap 0.5662, minutes 13.24, lr 1.00e-03
    epoch 16: loss 0.9142, val_ap 0.5687, minutes 14.13, lr 1.00e-03
    epoch 17: loss 0.9004, val_ap 0.5899, minutes 14.96, lr 1.00e-03
    epoch 18: loss 0.8882, val_ap 0.5834, minutes 15.83, lr 1.00e-03
    epoch 19: loss 0.8974, val_ap 0.5939, minutes 16.72, lr 1.00e-03
    epoch 20: loss 0.8848, val_ap 0.5931, minutes 17.69, lr 1.00e-03
    epoch 21: loss 0.8824, val_ap 0.5798, minutes 18.61, lr 1.00e-03
    epoch 22: loss 0.8956, val_ap 0.5927, minutes 19.54, lr 1.00e-03
    epoch 23: loss 0.8882, val_ap 0.5918, minutes 20.46, lr 1.00e-03
    epoch 24: loss 0.8721, val_ap 0.5940, minutes 21.37, lr 1.00e-03
    epoch 25: loss 0.8622, val_ap 0.5831, minutes 22.25, lr 1.00e-03
    epoch 26: loss 0.8760, val_ap 0.5946, minutes 23.16, lr 1.00e-03
    epoch 27: loss 0.8638, val_ap 0.5897, minutes 24.08, lr 1.00e-03
    epoch 28: loss 0.8675, val_ap 0.5965, minutes 24.99, lr 1.00e-03
    epoch 29: loss 0.8602, val_ap 0.5914, minutes 25.91, lr 1.00e-03
    epoch 30: loss 0.8579, val_ap 0.5911, minutes 26.85, lr 1.00e-03
    epoch 31: loss 0.8474, val_ap 0.5916, minutes 27.77, lr 1.00e-03
    epoch 32: loss 0.8794, val_ap 0.5942, minutes 28.65, lr 1.00e-03
    epoch 33: loss 0.8593, val_ap 0.5958, minutes 29.52, lr 1.00e-03
    epoch 34: loss 0.8420, val_ap 0.5940, minutes 30.39, lr 1.00e-03
    epoch 35: loss 0.8369, val_ap 0.5969, minutes 31.27, lr 1.00e-03
    epoch 36: loss 0.8334, val_ap 0.6004, minutes 32.14, lr 1.00e-03
    epoch 37: loss 0.8357, val_ap 0.5936, minutes 33.0, lr 1.00e-03
    epoch 38: loss 0.8381, val_ap 0.6006, minutes 33.91, lr 1.00e-03
    epoch 39: loss 0.8221, val_ap 0.5903, minutes 34.77, lr 1.00e-03
    epoch 40: loss 0.8250, val_ap 0.6017, minutes 35.61, lr 1.00e-03
    epoch 41: loss 0.8192, val_ap 0.6083, minutes 36.5, lr 1.00e-03
    epoch 42: loss 0.8570, val_ap 0.6068, minutes 37.33, lr 1.00e-03
    epoch 43: loss 0.8222, val_ap 0.6059, minutes 38.21, lr 1.00e-03
    epoch 44: loss 0.8321, val_ap 0.6023, minutes 39.06, lr 1.00e-03
    epoch 45: loss 0.8167, val_ap 0.6013, minutes 39.92, lr 1.00e-03
    epoch 46: loss 0.8015, val_ap 0.6037, minutes 40.8, lr 1.00e-03
    epoch 47: loss 0.7870, val_ap 0.6078, minutes 41.66, lr 1.00e-03
    epoch 48: loss 0.8156, val_ap 0.6053, minutes 42.51, lr 1.00e-03
    epoch 49: loss 0.8004, val_ap 0.6016, minutes 43.37, lr 1.00e-03
    epoch 50: loss 0.8034, val_ap 0.6101, minutes 44.28, lr 1.00e-03
    epoch 51: loss 0.7897, val_ap 0.5946, minutes 45.17, lr 1.00e-03
    epoch 52: loss 0.7869, val_ap 0.6075, minutes 46.04, lr 1.00e-03
    epoch 53: loss 0.7951, val_ap 0.6128, minutes 46.93, lr 1.00e-03
    epoch 54: loss 0.7920, val_ap 0.6031, minutes 47.87, lr 1.00e-03
    epoch 55: loss 0.7696, val_ap 0.6094, minutes 48.76, lr 1.00e-03
    epoch 56: loss 0.7771, val_ap 0.5991, minutes 49.68, lr 1.00e-03
    epoch 57: loss 0.7720, val_ap 0.5943, minutes 50.6, lr 1.00e-03
    epoch 58: loss 0.7771, val_ap 0.6043, minutes 51.49, lr 1.00e-03
    epoch 59: loss 0.7643, val_ap 0.5979, minutes 52.44, lr 1.00e-03
    epoch 60: loss 0.7604, val_ap 0.6102, minutes 53.36, lr 1.00e-03
    epoch 61: loss 0.7543, val_ap 0.6112, minutes 54.28, lr 1.00e-03
    epoch 62: loss 0.7518, val_ap 0.6009, minutes 55.2, lr 5.00e-04
    epoch 63: loss 0.7326, val_ap 0.6050, minutes 56.08, lr 5.00e-04
    epoch 64: loss 0.7274, val_ap 0.6016, minutes 56.97, lr 5.00e-04
    epoch 65: loss 0.7382, val_ap 0.6073, minutes 57.88, lr 5.00e-04
    epoch 66: loss 0.7218, val_ap 0.6083, minutes 58.8, lr 5.00e-04
    epoch 67: loss 0.7196, val_ap 0.6083, minutes 59.75, lr 5.00e-04
    epoch 68: loss 0.7310, val_ap 0.6010, minutes 60.67, lr 5.00e-04
    epoch 69: loss 0.7181, val_ap 0.6128, minutes 61.61, lr 5.00e-04
    epoch 70: loss 0.7050, val_ap 0.6115, minutes 62.52, lr 5.00e-04
    epoch 71: loss 0.7240, val_ap 0.6005, minutes 63.41, lr 2.50e-04
    epoch 72: loss 0.7137, val_ap 0.6065, minutes 64.27, lr 2.50e-04
    epoch 73: loss 0.7031, val_ap 0.6101, minutes 65.19, lr 2.50e-04
    epoch 74: loss 0.7000, val_ap 0.6112, minutes 66.09, lr 2.50e-04
    epoch 75: loss 0.7038, val_ap 0.6057, minutes 67.01, lr 2.50e-04
    epoch 76: loss 0.6957, val_ap 0.6053, minutes 67.91, lr 2.50e-04
    epoch 77: loss 0.6967, val_ap 0.6070, minutes 68.83, lr 2.50e-04
    epoch 78: loss 0.7043, val_ap 0.6048, minutes 69.7, lr 2.50e-04
    epoch 79: loss 0.7014, val_ap 0.6091, minutes 70.46, lr 2.50e-04
    epoch 80: loss 0.6959, val_ap 0.6095, minutes 71.21, lr 1.25e-04
    epoch 81: loss 0.6912, val_ap 0.6095, minutes 71.94, lr 1.25e-04
    epoch 82: loss 0.6924, val_ap 0.6115, minutes 72.61, lr 1.25e-04
    epoch 83: loss 0.6931, val_ap 0.6109, minutes 73.29, lr 1.25e-04
    epoch 84: loss 0.6889, val_ap 0.6105, minutes 73.97, lr 1.25e-04
    epoch 85: loss 0.6919, val_ap 0.6121, minutes 74.65, lr 1.25e-04
    epoch 86: loss 0.6824, val_ap 0.6117, minutes 75.31, lr 1.25e-04
    epoch 87: loss 0.6932, val_ap 0.6092, minutes 75.93, lr 1.25e-04
    epoch 88: loss 0.6906, val_ap 0.6104, minutes 76.51, lr 1.25e-04
    epoch 89: loss 0.6744, val_ap 0.6099, minutes 77.08, lr 6.25e-05
    epoch 90: loss 0.6724, val_ap 0.6108, minutes 77.66, lr 6.25e-05
    epoch 91: loss 0.6741, val_ap 0.6096, minutes 78.24, lr 6.25e-05
    epoch 92: loss 0.6770, val_ap 0.6085, minutes 78.77, lr 6.25e-05
    epoch 93: loss 0.6879, val_ap 0.6090, minutes 79.28, lr 6.25e-05
    epoch 94: loss 0.6855, val_ap 0.6068, minutes 79.75, lr 6.25e-05
    stopping: no validation gain in 25 epochs
[h2gcn_aux_r400 dataset0 fold 1] done (80.5 min)
