loaded: dataset0 121,838 sites, data1 90,452
[set_transformer dataset0 fold 1 seed 1]
    epoch 1: loss 0.998253087962375, minutes 1.69, val_ap 0.4153306594173083, lr 0.00033431372549019606
    epoch 2: loss 0.8230770615970388, minutes 3.71, val_ap 0.43064488257282, lr 0.0006676470588235294
    epoch 3: loss 0.7889565154910088, minutes 5.79, val_ap 0.4426442367206192, lr 0.001
    epoch 4: loss 0.7622741064604591, minutes 7.73, val_ap 0.497035611699995, lr 0.001
    epoch 5: loss 0.7362014802939751, minutes 9.77, val_ap 0.4974446768690859, lr 0.001
    epoch 6: loss 0.7167737710125306, minutes 11.76, val_ap 0.49957623835317777, lr 0.001
    epoch 7: loss 0.7146299237714094, minutes 13.75, val_ap 0.49615705214046285, lr 0.001
    epoch 8: loss 0.6923176977564307, minutes 15.76, val_ap 0.4715731323618616, lr 0.001
    epoch 9: loss 0.6834303801550584, minutes 17.71, val_ap 0.4972983196272446, lr 0.001
    epoch 10: loss 0.6788324255277128, minutes 19.75, val_ap 0.5174207701797349, lr 0.001
    epoch 11: loss 0.67501641599571, minutes 21.81, val_ap 0.5076235296005216, lr 0.001
    epoch 12: loss 0.6763257875162012, minutes 23.94, val_ap 0.4848720532540797, lr 0.001
    epoch 13: loss 0.6773027407772401, minutes 26.02, val_ap 0.5127107723390412, lr 0.001
    epoch 14: loss 0.6709980039912111, minutes 27.99, val_ap 0.5100064329690965, lr 0.001
    epoch 15: loss 0.658812928287422, minutes 29.99, val_ap 0.5282759523773511, lr 0.001
    epoch 16: loss 0.6541593610363848, minutes 32.01, val_ap 0.5201933655748435, lr 0.001
    epoch 17: loss 0.6579094905187102, minutes 33.97, val_ap 0.519499489853443, lr 0.001
    epoch 18: loss 0.6422918700120028, minutes 36.0, val_ap 0.5344596282418104, lr 0.001
    epoch 19: loss 0.6446196494733586, minutes 37.96, val_ap 0.5249616265495393, lr 0.001
    epoch 20: loss 0.6362497828462544, minutes 40.0, val_ap 0.5108188273604127, lr 0.001
    epoch 21: loss 0.6369500024353757, minutes 41.96, val_ap 0.5311988398309698, lr 0.001
    epoch 22: loss 0.6344565987586975, minutes 43.97, val_ap 0.5321896683176648, lr 0.001
    epoch 23: loss 0.6276423701468636, minutes 45.93, val_ap 0.5384711469679181, lr 0.001
    epoch 24: loss 0.6335420811000992, minutes 47.9, val_ap 0.5332371156400222, lr 0.001
    epoch 25: loss 0.6143126251066432, minutes 49.91, val_ap 0.5206636066154318, lr 0.001
    epoch 26: loss 0.6232868563602952, minutes 51.93, val_ap 0.5372329454191183, lr 0.001
    epoch 27: loss 0.6229999440996086, minutes 53.93, val_ap 0.535209199432684, lr 0.001
    epoch 28: loss 0.6170633884037242, minutes 55.89, val_ap 0.5275931041736576, lr 0.001
    epoch 29: loss 0.6141409153447431, minutes 57.95, val_ap 0.5380068676919812, lr 0.001
    epoch 30: loss 0.6095885645817308, minutes 59.97, val_ap 0.5391653556664132, lr 0.001
    epoch 31: loss 0.6058060085948775, minutes 61.9, val_ap 0.5254993409621437, lr 0.001
    epoch 32: loss 0.6049498729846057, minutes 63.88, val_ap 0.5304023102515784, lr 0.001
    epoch 33: loss 0.6028602543122629, minutes 65.83, val_ap 0.5396690997702561, lr 0.001
    epoch 34: loss 0.6067100174286786, minutes 67.8, val_ap 0.536754800457312, lr 0.001
    epoch 35: loss 0.6026606497519157, minutes 69.8, val_ap 0.5324419542662325, lr 0.001
    epoch 36: loss 0.5878108653952093, minutes 71.8, val_ap 0.5262490734205053, lr 0.001
    epoch 37: loss 0.5905126026009813, minutes 73.79, val_ap 0.5298327963230608, lr 0.001
    epoch 38: loss 0.5937919011010843, minutes 75.81, val_ap 0.5278407091017074, lr 0.001
    epoch 39: loss 0.5959182371111477, minutes 77.74, val_ap 0.5307470971051252, lr 0.001
    epoch 40: loss 0.5810504241024746, minutes 79.76, val_ap 0.5354530386277109, lr 0.001
    epoch 41: loss 0.5856259246521136, minutes 81.77, val_ap 0.5146853661171855, lr 0.001
    epoch 42: loss 0.5714387571986984, minutes 83.7, val_ap 0.5323527526552447, lr 0.0005
    epoch 43: loss 0.5457497560802628, minutes 85.64, val_ap 0.5345879762834311, lr 0.0005
    epoch 44: loss 0.5495401339495883, minutes 87.55, val_ap 0.5332515280832517, lr 0.0005
    epoch 45: loss 0.5337514229118824, minutes 89.55, val_ap 0.5399389833972292, lr 0.0005
    epoch 46: loss 0.534644800205441, minutes 91.53, val_ap 0.5414378616863721, lr 0.0005
    epoch 47: loss 0.5327724983586984, minutes 93.57, val_ap 0.5355118308746274, lr 0.0005
    epoch 48: loss 0.5381980425294708, minutes 95.59, val_ap 0.5407601055195759, lr 0.0005
    epoch 49: loss 0.5228230080183814, minutes 97.63, val_ap 0.5337904144709467, lr 0.0005
    epoch 50: loss 0.5210988954586141, minutes 99.65, val_ap 0.5347194125633931, lr 0.0005
    epoch 51: loss 0.5169828417546609, minutes 101.64, val_ap 0.5495678031136011, lr 0.0005
    epoch 52: loss 0.5101789809325162, minutes 103.64, val_ap 0.5453932265040052, lr 0.0005
    epoch 53: loss 0.5176545912728591, minutes 105.57, val_ap 0.53687840444016, lr 0.0005
    epoch 54: loss 0.4996833776726442, minutes 107.55, val_ap 0.5407669077877192, lr 0.0005
    epoch 55: loss 0.5128466890138739, minutes 109.53, val_ap 0.549850058360888, lr 0.0005
    epoch 56: loss 0.507642572241671, minutes 111.63, val_ap 0.5421441353376392, lr 0.0005
    epoch 57: loss 0.48953110496787466, minutes 113.7, val_ap 0.5506768626332131, lr 0.0005
    epoch 58: loss 0.49842764410902474, minutes 115.77, val_ap 0.5487331530730503, lr 0.0005
    epoch 59: loss 0.4919213618425762, minutes 117.8, val_ap 0.5495127052973791, lr 0.0005
    epoch 60: loss 0.49602665682049357, minutes 119.82, val_ap 0.5429931723957377, lr 0.0005
    epoch 61: loss 0.4940133096978945, minutes 121.87, val_ap 0.5486558636450047, lr 0.0005
    epoch 62: loss 0.49060196354985236, minutes 123.91, val_ap 0.5466166906408904, lr 0.0005
    epoch 63: loss 0.49266572612173415, minutes 125.95, val_ap 0.5433595097140381, lr 0.0005
    epoch 64: loss 0.4892266646904104, minutes 128.1, val_ap 0.5516029204202202, lr 0.0005
    epoch 65: loss 0.482049640574876, minutes 130.06, val_ap 0.5478512436466343, lr 0.0005
    epoch 66: loss 0.49863934065489207, minutes 132.06, val_ap 0.5429361849315693, lr 0.0005
    epoch 67: loss 0.4765831144855303, minutes 134.14, val_ap 0.5530731665891407, lr 0.0005
    epoch 68: loss 0.4812849289354156, minutes 136.15, val_ap 0.5374440020438046, lr 0.0005
    epoch 69: loss 0.4813694853116484, minutes 138.12, val_ap 0.5544612427197492, lr 0.0005
    epoch 70: loss 0.4747228160062257, minutes 140.09, val_ap 0.5353052844181554, lr 0.0005
    epoch 71: loss 0.47687886760515324, minutes 142.15, val_ap 0.5584835112488276, lr 0.0005
    epoch 72: loss 0.46601136436357216, minutes 144.18, val_ap 0.5438779508136636, lr 0.0005
    epoch 73: loss 0.4711928062579211, minutes 146.18, val_ap 0.5457215087662429, lr 0.0005
    epoch 74: loss 0.46882462264860375, minutes 148.21, val_ap 0.5416566410928089, lr 0.0005
    epoch 75: loss 0.46708420133766004, minutes 150.3, val_ap 0.5490611693447667, lr 0.0005
    epoch 76: loss 0.4714200168848038, minutes 152.37, val_ap 0.5325015616352932, lr 0.0005
    epoch 77: loss 0.46705291183555825, minutes 154.42, val_ap 0.5405278752408674, lr 0.0005
    epoch 78: loss 0.4734146988567184, minutes 156.48, val_ap 0.5433000472342222, lr 0.0005
    epoch 79: loss 0.4591843602850157, minutes 158.51, val_ap 0.5423524044598044, lr 0.0005
    epoch 80: loss 0.45688333428081346, minutes 160.49, val_ap 0.5434601643727207, lr 0.00025
    epoch 81: loss 0.43409227303722325, minutes 162.46, val_ap 0.5405678549607236, lr 0.00025
    epoch 82: loss 0.422407421031419, minutes 164.51, val_ap 0.5345960597585429, lr 0.00025
    epoch 83: loss 0.4254023999852293, minutes 166.47, val_ap 0.532400704138573, lr 0.00025
    epoch 84: loss 0.4242391397847849, minutes 168.52, val_ap 0.5443193953565424, lr 0.00025
    epoch 85: loss 0.42078620589831295, minutes 170.46, val_ap 0.5279733427010815, lr 0.00025
    epoch 86: loss 0.4284936324200209, minutes 172.44, val_ap 0.5429822540466204, lr 0.00025
    epoch 87: loss 0.42558985970476093, minutes 174.45, val_ap 0.5391385883642346, lr 0.00025
    epoch 88: loss 0.4155623655547114, minutes 176.43, val_ap 0.5378184017486611, lr 0.00025
    epoch 89: loss 0.40756606617394614, minutes 178.37, val_ap 0.535024829255957, lr 0.000125
    epoch 90: loss 0.3929531599230626, minutes 180.34, val_ap 0.532324026419726, lr 0.000125
    epoch 91: loss 0.3975549731622724, minutes 182.35, val_ap 0.5371401437065659, lr 0.000125
    epoch 92: loss 0.3995335316833328, minutes 184.38, val_ap 0.5284858543104343, lr 0.000125
    epoch 93: loss 0.3866978224586038, minutes 186.26, val_ap 0.5325161668783536, lr 0.000125
    epoch 94: loss 0.38831586736966583, minutes 188.15, val_ap 0.5206888357195383, lr 0.000125
    epoch 95: loss 0.4000355684581925, minutes 189.99, val_ap 0.5204004395987535, lr 0.000125
    stopping: no validation gain in 25 epochs
[set_transformer dataset0 fold 1 seed 1] done (194.2 min)
