loaded: dataset0 121,838 sites, data1 90,452
[scalar_msg dataset0 fold 0 seed 1]
    kernel decay scale 118.2 nt (fitted to cell line 1 training labels)
    epoch 1: loss 1.9824, val_ap 0.1614, minutes 0.44, lr 3.33e-04
    epoch 2: loss 1.6119, val_ap 0.2373, minutes 0.87, lr 6.59e-04
    epoch 3: loss 1.3721, val_ap 0.3946, minutes 1.39, lr 9.88e-04
    epoch 4: loss 1.2181, val_ap 0.4523, minutes 1.83, lr 1.00e-03
    epoch 5: loss 1.1213, val_ap 0.4583, minutes 2.31, lr 1.00e-03
    epoch 6: loss 1.0848, val_ap 0.4636, minutes 2.74, lr 1.00e-03
    epoch 7: loss 1.1142, val_ap 0.4587, minutes 3.26, lr 1.00e-03
    epoch 8: loss 1.0518, val_ap 0.4660, minutes 3.69, lr 1.00e-03
    epoch 9: loss 1.0374, val_ap 0.4734, minutes 4.13, lr 1.00e-03
    epoch 10: loss 1.0029, val_ap 0.4759, minutes 4.54, lr 1.00e-03
    epoch 11: loss 0.9876, val_ap 0.4810, minutes 5.01, lr 1.00e-03
    epoch 12: loss 0.9950, val_ap 0.4770, minutes 5.45, lr 1.00e-03
    epoch 13: loss 0.9984, val_ap 0.4758, minutes 5.91, lr 1.00e-03
    epoch 14: loss 0.9748, val_ap 0.4934, minutes 6.36, lr 1.00e-03
    epoch 15: loss 0.9707, val_ap 0.4827, minutes 6.77, lr 1.00e-03
    epoch 16: loss 0.9855, val_ap 0.4909, minutes 7.18, lr 1.00e-03
    epoch 17: loss 0.9667, val_ap 0.4966, minutes 7.61, lr 1.00e-03
    epoch 18: loss 0.9524, val_ap 0.4992, minutes 8.03, lr 1.00e-03
    epoch 19: loss 0.9542, val_ap 0.4989, minutes 8.5, lr 1.00e-03
    epoch 20: loss 0.9530, val_ap 0.5118, minutes 8.95, lr 1.00e-03
    epoch 21: loss 0.9566, val_ap 0.5090, minutes 9.44, lr 1.00e-03
    epoch 22: loss 0.9407, val_ap 0.5041, minutes 9.87, lr 1.00e-03
    epoch 23: loss 0.9196, val_ap 0.5036, minutes 10.29, lr 1.00e-03
    epoch 24: loss 0.9222, val_ap 0.5042, minutes 10.72, lr 1.00e-03
    epoch 25: loss 0.9348, val_ap 0.5121, minutes 11.12, lr 1.00e-03
    epoch 26: loss 0.9328, val_ap 0.5229, minutes 11.57, lr 1.00e-03
    epoch 27: loss 0.9348, val_ap 0.5195, minutes 12.08, lr 1.00e-03
    epoch 28: loss 0.9345, val_ap 0.5196, minutes 12.56, lr 1.00e-03
    epoch 29: loss 0.8980, val_ap 0.5217, minutes 13.03, lr 1.00e-03
    epoch 30: loss 0.9029, val_ap 0.5333, minutes 13.5, lr 1.00e-03
    epoch 31: loss 0.9163, val_ap 0.5284, minutes 13.94, lr 1.00e-03
    epoch 32: loss 0.9294, val_ap 0.5327, minutes 14.39, lr 1.00e-03
    epoch 33: loss 0.9004, val_ap 0.5338, minutes 14.83, lr 1.00e-03
    epoch 34: loss 0.8776, val_ap 0.5408, minutes 15.27, lr 1.00e-03
    epoch 35: loss 0.8949, val_ap 0.5421, minutes 15.71, lr 1.00e-03
    epoch 36: loss 0.8847, val_ap 0.5520, minutes 16.15, lr 1.00e-03
    epoch 37: loss 0.9128, val_ap 0.5377, minutes 16.57, lr 1.00e-03
    epoch 38: loss 0.8909, val_ap 0.5487, minutes 16.99, lr 1.00e-03
    epoch 39: loss 0.8864, val_ap 0.5476, minutes 17.42, lr 1.00e-03
    epoch 40: loss 0.9098, val_ap 0.5500, minutes 17.86, lr 1.00e-03
    epoch 41: loss 0.8874, val_ap 0.5505, minutes 18.28, lr 1.00e-03
    epoch 42: loss 0.8834, val_ap 0.5548, minutes 18.72, lr 1.00e-03
    epoch 43: loss 0.8670, val_ap 0.5533, minutes 19.12, lr 1.00e-03
    epoch 44: loss 0.8876, val_ap 0.5576, minutes 19.56, lr 1.00e-03
    epoch 45: loss 0.8545, val_ap 0.5602, minutes 20.0, lr 1.00e-03
    epoch 46: loss 0.8573, val_ap 0.5601, minutes 20.43, lr 1.00e-03
    epoch 47: loss 0.8526, val_ap 0.5509, minutes 20.86, lr 1.00e-03
    epoch 48: loss 0.8478, val_ap 0.5613, minutes 21.3, lr 1.00e-03
    epoch 49: loss 0.8552, val_ap 0.5649, minutes 21.74, lr 1.00e-03
    epoch 50: loss 0.8353, val_ap 0.5610, minutes 22.19, lr 1.00e-03
    epoch 51: loss 0.8366, val_ap 0.5744, minutes 22.61, lr 1.00e-03
    epoch 52: loss 0.8374, val_ap 0.5651, minutes 23.05, lr 1.00e-03
    epoch 53: loss 0.8330, val_ap 0.5558, minutes 23.5, lr 1.00e-03
    epoch 54: loss 0.8316, val_ap 0.5652, minutes 24.01, lr 1.00e-03
    epoch 55: loss 0.8330, val_ap 0.5650, minutes 24.44, lr 1.00e-03
    epoch 56: loss 0.8324, val_ap 0.5607, minutes 24.88, lr 1.00e-03
    epoch 57: loss 0.8516, val_ap 0.5658, minutes 25.33, lr 1.00e-03
    epoch 58: loss 0.8141, val_ap 0.5576, minutes 25.74, lr 1.00e-03
    epoch 59: loss 0.8373, val_ap 0.5660, minutes 26.18, lr 1.00e-03
    epoch 60: loss 0.8594, val_ap 0.5575, minutes 26.64, lr 5.00e-04
    epoch 61: loss 0.9375, val_ap 0.5648, minutes 27.1, lr 5.00e-04
    epoch 62: loss 0.8086, val_ap 0.5697, minutes 27.57, lr 5.00e-04
    epoch 63: loss 0.8165, val_ap 0.5723, minutes 27.99, lr 5.00e-04
    epoch 64: loss 0.8114, val_ap 0.5780, minutes 28.39, lr 5.00e-04
    epoch 65: loss 0.8008, val_ap 0.5772, minutes 28.77, lr 5.00e-04
    epoch 66: loss 0.8086, val_ap 0.5768, minutes 29.25, lr 5.00e-04
    epoch 67: loss 0.8164, val_ap 0.5673, minutes 29.7, lr 5.00e-04
    epoch 68: loss 0.8018, val_ap 0.5768, minutes 30.12, lr 5.00e-04
    epoch 69: loss 0.8029, val_ap 0.5691, minutes 30.57, lr 5.00e-04
    epoch 70: loss 0.8143, val_ap 0.5682, minutes 31.0, lr 5.00e-04
    epoch 71: loss 0.7998, val_ap 0.5745, minutes 31.45, lr 5.00e-04
    epoch 72: loss 0.7968, val_ap 0.5697, minutes 31.9, lr 5.00e-04
    epoch 73: loss 0.7998, val_ap 0.5728, minutes 32.34, lr 2.50e-04
    epoch 74: loss 0.7896, val_ap 0.5741, minutes 32.77, lr 2.50e-04
    epoch 75: loss 0.7817, val_ap 0.5785, minutes 33.18, lr 2.50e-04
    epoch 76: loss 0.7934, val_ap 0.5786, minutes 33.65, lr 2.50e-04
    epoch 77: loss 0.7973, val_ap 0.5813, minutes 34.1, lr 2.50e-04
    epoch 78: loss 0.7836, val_ap 0.5812, minutes 34.54, lr 2.50e-04
    epoch 79: loss 0.7791, val_ap 0.5754, minutes 34.97, lr 2.50e-04
    epoch 80: loss 0.8022, val_ap 0.5755, minutes 35.42, lr 2.50e-04
    epoch 81: loss 0.7852, val_ap 0.5776, minutes 35.86, lr 2.50e-04
    epoch 82: loss 0.7710, val_ap 0.5758, minutes 36.33, lr 2.50e-04
    epoch 83: loss 0.7717, val_ap 0.5752, minutes 36.73, lr 2.50e-04
    epoch 84: loss 0.7795, val_ap 0.5775, minutes 37.19, lr 2.50e-04
    epoch 85: loss 0.7817, val_ap 0.5774, minutes 37.59, lr 2.50e-04
    epoch 86: loss 0.7750, val_ap 0.5767, minutes 37.97, lr 1.25e-04
    epoch 87: loss 0.7760, val_ap 0.5799, minutes 38.42, lr 1.25e-04
    epoch 88: loss 0.7644, val_ap 0.5821, minutes 38.87, lr 1.25e-04
    epoch 89: loss 0.7665, val_ap 0.5837, minutes 39.31, lr 1.25e-04
    epoch 90: loss 0.7792, val_ap 0.5831, minutes 39.75, lr 1.25e-04
    epoch 91: loss 0.7790, val_ap 0.5816, minutes 40.15, lr 1.25e-04
    epoch 92: loss 0.7651, val_ap 0.5834, minutes 40.55, lr 1.25e-04
    epoch 93: loss 0.7822, val_ap 0.5827, minutes 40.94, lr 1.25e-04
    epoch 94: loss 0.7628, val_ap 0.5820, minutes 41.4, lr 1.25e-04
    epoch 95: loss 0.7652, val_ap 0.5809, minutes 41.83, lr 1.25e-04
    epoch 96: loss 0.7673, val_ap 0.5826, minutes 42.26, lr 1.25e-04
    epoch 97: loss 0.7637, val_ap 0.5801, minutes 42.72, lr 1.25e-04
    epoch 98: loss 0.7678, val_ap 0.5796, minutes 43.21, lr 6.25e-05
    epoch 99: loss 0.7610, val_ap 0.5782, minutes 43.66, lr 6.25e-05
    epoch 100: loss 0.7757, val_ap 0.5783, minutes 44.08, lr 6.25e-05
    epoch 101: loss 0.7492, val_ap 0.5808, minutes 44.51, lr 6.25e-05
    epoch 102: loss 0.7627, val_ap 0.5810, minutes 44.97, lr 6.25e-05
    epoch 103: loss 0.7590, val_ap 0.5801, minutes 45.39, lr 6.25e-05
    epoch 104: loss 0.7491, val_ap 0.5787, minutes 45.83, lr 6.25e-05
    epoch 105: loss 0.7655, val_ap 0.5790, minutes 46.31, lr 6.25e-05
    epoch 106: loss 0.7616, val_ap 0.5805, minutes 46.75, lr 6.25e-05
    epoch 107: loss 0.7655, val_ap 0.5798, minutes 47.19, lr 3.13e-05
    epoch 108: loss 0.7537, val_ap 0.5791, minutes 47.61, lr 3.13e-05
    epoch 109: loss 0.7560, val_ap 0.5798, minutes 48.07, lr 3.13e-05
    epoch 110: loss 0.7629, val_ap 0.5796, minutes 48.45, lr 3.13e-05
    epoch 111: loss 0.7538, val_ap 0.5796, minutes 48.86, lr 3.13e-05
    epoch 112: loss 0.7607, val_ap 0.5790, minutes 49.3, lr 3.13e-05
    epoch 113: loss 0.7495, val_ap 0.5795, minutes 49.79, lr 3.13e-05
    epoch 114: loss 0.7507, val_ap 0.5790, minutes 50.22, lr 3.13e-05
    stopping: no validation gain in 25 epochs
[scalar_msg dataset0 fold 0 seed 1] done (50.9 min)
