loaded: dataset0 121,838 sites, data1 90,452
[h2gcn_aux_r100 pooled_both fold 3]
    epoch 1: loss 1.8930, val_ap 0.1446, minutes 0.9, lr 3.31e-04
    epoch 2: loss 1.5583, val_ap 0.2714, minutes 1.73, lr 6.60e-04
    epoch 3: loss 1.4170, val_ap 0.3943, minutes 2.56, lr 9.89e-04
    epoch 4: loss 1.2999, val_ap 0.4406, minutes 3.35, lr 1.00e-03
    epoch 5: loss 1.2467, val_ap 0.4517, minutes 4.09, lr 1.00e-03
    epoch 6: loss 1.2235, val_ap 0.4573, minutes 4.78, lr 1.00e-03
    epoch 7: loss 1.2109, val_ap 0.4592, minutes 5.53, lr 1.00e-03
    epoch 8: loss 1.2062, val_ap 0.4649, minutes 6.26, lr 1.00e-03
    epoch 9: loss 1.1931, val_ap 0.4708, minutes 6.98, lr 1.00e-03
    epoch 10: loss 1.1864, val_ap 0.4731, minutes 7.74, lr 1.00e-03
    epoch 11: loss 1.1804, val_ap 0.4698, minutes 8.46, lr 1.00e-03
    epoch 12: loss 1.1771, val_ap 0.4751, minutes 9.15, lr 1.00e-03
    epoch 13: loss 1.1734, val_ap 0.4759, minutes 10.47, lr 1.00e-03
    epoch 14: loss 1.1657, val_ap 0.4780, minutes 11.99, lr 1.00e-03
    epoch 15: loss 1.1581, val_ap 0.4831, minutes 13.47, lr 1.00e-03
    epoch 16: loss 1.1536, val_ap 0.4898, minutes 15.01, lr 1.00e-03
    epoch 17: loss 1.1569, val_ap 0.4891, minutes 16.49, lr 1.00e-03
    epoch 18: loss 1.1547, val_ap 0.4875, minutes 18.04, lr 1.00e-03
    epoch 19: loss 1.1500, val_ap 0.4900, minutes 19.55, lr 1.00e-03
    epoch 20: loss 1.1389, val_ap 0.4885, minutes 21.03, lr 1.00e-03
    epoch 21: loss 1.1357, val_ap 0.4912, minutes 22.52, lr 1.00e-03
    epoch 22: loss 1.1383, val_ap 0.4909, minutes 24.06, lr 1.00e-03
    epoch 23: loss 1.1409, val_ap 0.4952, minutes 25.6, lr 1.00e-03
    epoch 24: loss 1.1205, val_ap 0.4978, minutes 27.1, lr 1.00e-03
    epoch 25: loss 1.1184, val_ap 0.4929, minutes 28.68, lr 1.00e-03
    epoch 26: loss 1.1229, val_ap 0.4949, minutes 30.24, lr 1.00e-03
    epoch 27: loss 1.1180, val_ap 0.4945, minutes 31.72, lr 1.00e-03
    epoch 28: loss 1.1100, val_ap 0.4963, minutes 33.14, lr 1.00e-03
    epoch 29: loss 1.1083, val_ap 0.4965, minutes 34.63, lr 1.00e-03
    epoch 30: loss 1.1048, val_ap 0.4948, minutes 36.13, lr 1.00e-03
    epoch 31: loss 1.1053, val_ap 0.4945, minutes 37.68, lr 1.00e-03
    epoch 32: loss 1.1002, val_ap 0.4991, minutes 39.22, lr 1.00e-03
    epoch 33: loss 1.0845, val_ap 0.4905, minutes 40.75, lr 1.00e-03
    epoch 34: loss 1.0815, val_ap 0.4967, minutes 42.3, lr 1.00e-03
    epoch 35: loss 1.0739, val_ap 0.4962, minutes 43.79, lr 1.00e-03
    epoch 36: loss 1.0706, val_ap 0.4994, minutes 45.29, lr 1.00e-03
    epoch 37: loss 1.0708, val_ap 0.4930, minutes 46.79, lr 1.00e-03
    epoch 38: loss 1.0607, val_ap 0.4886, minutes 48.36, lr 1.00e-03
    epoch 39: loss 1.0676, val_ap 0.4853, minutes 49.83, lr 1.00e-03
    epoch 40: loss 1.0685, val_ap 0.4965, minutes 51.32, lr 1.00e-03
    epoch 41: loss 1.0589, val_ap 0.4963, minutes 52.91, lr 1.00e-03
    epoch 42: loss 1.0548, val_ap 0.5015, minutes 54.4, lr 1.00e-03
    epoch 43: loss 1.0458, val_ap 0.4970, minutes 55.88, lr 1.00e-03
    epoch 44: loss 1.0491, val_ap 0.4922, minutes 57.43, lr 1.00e-03
    epoch 45: loss 1.0393, val_ap 0.4893, minutes 58.98, lr 1.00e-03
    epoch 46: loss 1.0345, val_ap 0.4935, minutes 60.54, lr 1.00e-03
    epoch 47: loss 1.0353, val_ap 0.4870, minutes 62.09, lr 1.00e-03
    epoch 48: loss 1.0246, val_ap 0.4844, minutes 63.61, lr 1.00e-03
    epoch 49: loss 1.0222, val_ap 0.4635, minutes 65.17, lr 1.00e-03
    epoch 50: loss 1.0211, val_ap 0.4965, minutes 66.72, lr 1.00e-03
    epoch 51: loss 1.0179, val_ap 0.4916, minutes 68.26, lr 5.00e-04
    epoch 52: loss 0.9965, val_ap 0.4900, minutes 69.73, lr 5.00e-04
    epoch 53: loss 0.9880, val_ap 0.4824, minutes 71.09, lr 5.00e-04
    epoch 54: loss 0.9857, val_ap 0.4902, minutes 72.52, lr 5.00e-04
    epoch 55: loss 0.9840, val_ap 0.4861, minutes 73.79, lr 5.00e-04
    epoch 56: loss 0.9867, val_ap 0.4834, minutes 75.09, lr 5.00e-04
    epoch 57: loss 0.9882, val_ap 0.4894, minutes 76.36, lr 5.00e-04
    epoch 58: loss 0.9757, val_ap 0.4797, minutes 77.68, lr 5.00e-04
    epoch 59: loss 0.9746, val_ap 0.4791, minutes 78.98, lr 5.00e-04
    epoch 60: loss 0.9772, val_ap 0.4830, minutes 80.19, lr 2.50e-04
    epoch 61: loss 0.9625, val_ap 0.4792, minutes 81.37, lr 2.50e-04
    epoch 62: loss 0.9590, val_ap 0.4743, minutes 82.46, lr 2.50e-04
    epoch 63: loss 0.9544, val_ap 0.4726, minutes 83.54, lr 2.50e-04
    epoch 64: loss 0.9530, val_ap 0.4731, minutes 84.61, lr 2.50e-04
    epoch 65: loss 0.9498, val_ap 0.4726, minutes 85.59, lr 2.50e-04
    epoch 66: loss 0.9497, val_ap 0.4620, minutes 86.51, lr 2.50e-04
    epoch 67: loss 0.9479, val_ap 0.4677, minutes 87.43, lr 2.50e-04
    stopping: no validation gain in 25 epochs
[h2gcn_aux_r100 pooled_both fold 3] done (88.1 min)
