loaded: dataset0 121,838 sites, data1 90,452
[h2gcn_local_deep dataset0 fold 0]
    epoch 1: loss 1.0995, val_ap 0.2632, minutes 1.76, lr 3.33e-04
    epoch 2: loss 0.8951, val_ap 0.4224, minutes 3.52, lr 6.59e-04
    epoch 3: loss 0.7829, val_ap 0.4339, minutes 5.33, lr 9.88e-04
    epoch 4: loss 0.7709, val_ap 0.4558, minutes 7.05, lr 1.00e-03
    epoch 5: loss 0.7050, val_ap 0.4501, minutes 8.89, lr 1.00e-03
    epoch 6: loss 0.6649, val_ap 0.4623, minutes 10.56, lr 1.00e-03
    epoch 7: loss 0.6809, val_ap 0.4966, minutes 12.36, lr 1.00e-03
    epoch 8: loss 0.6472, val_ap 0.5023, minutes 14.11, lr 1.00e-03
    epoch 9: loss 0.6445, val_ap 0.4981, minutes 15.82, lr 1.00e-03
    epoch 10: loss 0.6251, val_ap 0.5240, minutes 17.57, lr 1.00e-03
    epoch 11: loss 0.6207, val_ap 0.5108, minutes 19.27, lr 1.00e-03
    epoch 12: loss 0.6184, val_ap 0.5224, minutes 20.98, lr 1.00e-03
    epoch 13: loss 0.6105, val_ap 0.5269, minutes 22.67, lr 1.00e-03
    epoch 14: loss 0.6108, val_ap 0.5114, minutes 24.46, lr 1.00e-03
    epoch 15: loss 0.5926, val_ap 0.5264, minutes 26.13, lr 1.00e-03
    epoch 16: loss 0.5758, val_ap 0.5307, minutes 27.85, lr 1.00e-03
    epoch 17: loss 0.6192, val_ap 0.5196, minutes 29.52, lr 1.00e-03
    epoch 18: loss 0.6049, val_ap 0.5422, minutes 31.24, lr 1.00e-03
    epoch 19: loss 0.5782, val_ap 0.5531, minutes 32.97, lr 1.00e-03
    epoch 20: loss 0.5543, val_ap 0.5456, minutes 34.65, lr 1.00e-03
    epoch 21: loss 0.5602, val_ap 0.5267, minutes 36.45, lr 1.00e-03
    epoch 22: loss 0.5703, val_ap 0.5358, minutes 38.12, lr 1.00e-03
    epoch 23: loss 0.5681, val_ap 0.5481, minutes 39.86, lr 1.00e-03
    epoch 24: loss 0.5709, val_ap 0.5369, minutes 41.54, lr 1.00e-03
    epoch 25: loss 0.6179, val_ap 0.5221, minutes 43.24, lr 1.00e-03
    epoch 26: loss 0.5510, val_ap 0.5294, minutes 44.98, lr 1.00e-03
    epoch 27: loss 0.5356, val_ap 0.5379, minutes 46.67, lr 1.00e-03
    epoch 28: loss 0.5755, val_ap 0.5134, minutes 48.38, lr 5.00e-04
    epoch 29: loss 0.6258, val_ap 0.5355, minutes 50.05, lr 5.00e-04
    epoch 30: loss 0.5436, val_ap 0.5406, minutes 51.79, lr 5.00e-04
    epoch 31: loss 0.5307, val_ap 0.5548, minutes 53.47, lr 5.00e-04
    epoch 32: loss 0.5238, val_ap 0.5555, minutes 55.19, lr 5.00e-04
    epoch 33: loss 0.5039, val_ap 0.5586, minutes 56.88, lr 5.00e-04
    epoch 34: loss 0.5200, val_ap 0.5458, minutes 58.58, lr 5.00e-04
    epoch 35: loss 0.5043, val_ap 0.5491, minutes 60.29, lr 5.00e-04
    epoch 36: loss 0.5121, val_ap 0.5608, minutes 61.98, lr 5.00e-04
    epoch 37: loss 0.5240, val_ap 0.5644, minutes 63.68, lr 5.00e-04
    epoch 38: loss 0.5116, val_ap 0.5598, minutes 65.39, lr 5.00e-04
    epoch 39: loss 0.4881, val_ap 0.5446, minutes 67.07, lr 5.00e-04
    epoch 40: loss 0.4814, val_ap 0.5535, minutes 68.77, lr 5.00e-04
    epoch 41: loss 0.4782, val_ap 0.5434, minutes 70.39, lr 5.00e-04
    epoch 42: loss 0.4779, val_ap 0.5451, minutes 72.07, lr 5.00e-04
    epoch 43: loss 0.4774, val_ap 0.5589, minutes 73.73, lr 5.00e-04
    epoch 44: loss 0.4712, val_ap 0.5528, minutes 75.4, lr 5.00e-04
    epoch 45: loss 0.4803, val_ap 0.5422, minutes 77.05, lr 5.00e-04
    epoch 46: loss 0.4750, val_ap 0.5557, minutes 78.65, lr 2.50e-04
    epoch 47: loss 0.4412, val_ap 0.5496, minutes 80.33, lr 2.50e-04
    epoch 48: loss 0.4505, val_ap 0.5507, minutes 81.98, lr 2.50e-04
    epoch 49: loss 0.4514, val_ap 0.5431, minutes 83.66, lr 2.50e-04
    epoch 50: loss 0.4226, val_ap 0.5513, minutes 85.32, lr 2.50e-04
    epoch 51: loss 0.4138, val_ap 0.5559, minutes 87.0, lr 2.50e-04
    epoch 52: loss 0.4317, val_ap 0.5497, minutes 88.72, lr 2.50e-04
    epoch 53: loss 0.4110, val_ap 0.5651, minutes 90.41, lr 2.50e-04
    epoch 54: loss 0.4199, val_ap 0.5592, minutes 92.03, lr 2.50e-04
    epoch 55: loss 0.4213, val_ap 0.5591, minutes 93.66, lr 2.50e-04
    epoch 56: loss 0.4122, val_ap 0.5521, minutes 95.34, lr 2.50e-04
    epoch 57: loss 0.4221, val_ap 0.5598, minutes 96.97, lr 2.50e-04
    epoch 58: loss 0.4119, val_ap 0.5611, minutes 98.53, lr 2.50e-04
    epoch 59: loss 0.4225, val_ap 0.5554, minutes 100.13, lr 2.50e-04
    epoch 60: loss 0.4073, val_ap 0.5602, minutes 101.69, lr 2.50e-04
    epoch 61: loss 0.4133, val_ap 0.5413, minutes 103.29, lr 2.50e-04
    epoch 62: loss 0.4084, val_ap 0.5482, minutes 104.85, lr 1.25e-04
    epoch 63: loss 0.3943, val_ap 0.5527, minutes 106.35, lr 1.25e-04
    epoch 64: loss 0.3824, val_ap 0.5538, minutes 107.83, lr 1.25e-04
    epoch 65: loss 0.3788, val_ap 0.5438, minutes 109.37, lr 1.25e-04
    epoch 66: loss 0.3757, val_ap 0.5564, minutes 110.87, lr 1.25e-04
    epoch 67: loss 0.3724, val_ap 0.5558, minutes 112.39, lr 1.25e-04
    epoch 68: loss 0.3922, val_ap 0.5584, minutes 113.95, lr 1.25e-04
    epoch 69: loss 0.3788, val_ap 0.5550, minutes 115.39, lr 1.25e-04
    epoch 70: loss 0.3801, val_ap 0.5540, minutes 116.72, lr 1.25e-04
    epoch 71: loss 0.3677, val_ap 0.5554, minutes 118.18, lr 6.25e-05
    epoch 72: loss 0.3604, val_ap 0.5601, minutes 119.53, lr 6.25e-05
    epoch 73: loss 0.3567, val_ap 0.5563, minutes 120.96, lr 6.25e-05
    epoch 74: loss 0.3488, val_ap 0.5580, minutes 122.37, lr 6.25e-05
    epoch 75: loss 0.3540, val_ap 0.5514, minutes 123.74, lr 6.25e-05
    epoch 76: loss 0.3564, val_ap 0.5582, minutes 125.13, lr 6.25e-05
    epoch 77: loss 0.3637, val_ap 0.5532, minutes 126.47, lr 6.25e-05
    epoch 78: loss 0.3468, val_ap 0.5586, minutes 127.78, lr 6.25e-05
    stopping: no validation gain in 25 epochs
[h2gcn_local_deep dataset0 fold 0] done (129.8 min)
