loaded: dataset0 121,838 sites, data1 90,452
[h2gcn_aux_r200 dataset0 fold 3]
    epoch 1: loss 1.9664, val_ap 0.1535, minutes 0.94, lr 3.33e-04
    epoch 2: loss 1.5988, val_ap 0.2048, minutes 1.85, lr 6.63e-04
    epoch 3: loss 1.3421, val_ap 0.3903, minutes 2.81, lr 9.92e-04
    epoch 4: loss 1.1790, val_ap 0.4984, minutes 3.75, lr 1.00e-03
    epoch 5: loss 1.0907, val_ap 0.5157, minutes 4.69, lr 1.00e-03
    epoch 6: loss 1.0237, val_ap 0.5409, minutes 5.64, lr 1.00e-03
    epoch 7: loss 1.0257, val_ap 0.5550, minutes 6.51, lr 1.00e-03
    epoch 8: loss 0.9802, val_ap 0.5601, minutes 7.43, lr 1.00e-03
    epoch 9: loss 0.9797, val_ap 0.5650, minutes 8.35, lr 1.00e-03
    epoch 10: loss 0.9589, val_ap 0.5716, minutes 9.27, lr 1.00e-03
    epoch 11: loss 0.9475, val_ap 0.5654, minutes 10.22, lr 1.00e-03
    epoch 12: loss 0.9184, val_ap 0.5738, minutes 11.18, lr 1.00e-03
    epoch 13: loss 0.9212, val_ap 0.5745, minutes 12.05, lr 1.00e-03
    epoch 14: loss 0.9090, val_ap 0.5808, minutes 12.98, lr 1.00e-03
    epoch 15: loss 0.9260, val_ap 0.5807, minutes 13.88, lr 1.00e-03
    epoch 16: loss 0.9031, val_ap 0.5782, minutes 14.83, lr 1.00e-03
    epoch 17: loss 0.9448, val_ap 0.5788, minutes 15.75, lr 1.00e-03
    epoch 18: loss 0.8894, val_ap 0.5840, minutes 16.71, lr 1.00e-03
    epoch 19: loss 0.8819, val_ap 0.5805, minutes 17.57, lr 1.00e-03
    epoch 20: loss 0.8813, val_ap 0.5924, minutes 18.49, lr 1.00e-03
    epoch 21: loss 0.8821, val_ap 0.5899, minutes 19.44, lr 1.00e-03
    epoch 22: loss 0.8930, val_ap 0.5907, minutes 20.36, lr 1.00e-03
    epoch 23: loss 0.8533, val_ap 0.5915, minutes 21.3, lr 1.00e-03
    epoch 24: loss 0.8787, val_ap 0.5951, minutes 22.23, lr 1.00e-03
    epoch 25: loss 0.8561, val_ap 0.5978, minutes 23.16, lr 1.00e-03
    epoch 26: loss 0.8560, val_ap 0.5999, minutes 24.11, lr 1.00e-03
    epoch 27: loss 0.8553, val_ap 0.6057, minutes 25.04, lr 1.00e-03
    epoch 28: loss 0.8438, val_ap 0.6088, minutes 25.98, lr 1.00e-03
    epoch 29: loss 0.8386, val_ap 0.6051, minutes 26.88, lr 1.00e-03
    epoch 30: loss 0.8514, val_ap 0.6096, minutes 27.79, lr 1.00e-03
    epoch 31: loss 0.8392, val_ap 0.6024, minutes 28.73, lr 1.00e-03
    epoch 32: loss 0.8467, val_ap 0.6135, minutes 29.7, lr 1.00e-03
    epoch 33: loss 0.8361, val_ap 0.6115, minutes 30.63, lr 1.00e-03
    epoch 34: loss 0.8362, val_ap 0.6167, minutes 31.56, lr 1.00e-03
    epoch 35: loss 0.8336, val_ap 0.6143, minutes 32.48, lr 1.00e-03
    epoch 36: loss 0.8279, val_ap 0.6125, minutes 33.42, lr 1.00e-03
    epoch 37: loss 0.8229, val_ap 0.6187, minutes 34.34, lr 1.00e-03
    epoch 38: loss 0.8094, val_ap 0.6153, minutes 35.31, lr 1.00e-03
    epoch 39: loss 0.8221, val_ap 0.6231, minutes 36.2, lr 1.00e-03
    epoch 40: loss 0.7979, val_ap 0.6163, minutes 37.12, lr 1.00e-03
    epoch 41: loss 0.8190, val_ap 0.6162, minutes 38.1, lr 1.00e-03
    epoch 42: loss 0.7939, val_ap 0.6295, minutes 39.08, lr 1.00e-03
    epoch 43: loss 0.8082, val_ap 0.6218, minutes 40.02, lr 1.00e-03
    epoch 44: loss 0.8133, val_ap 0.6248, minutes 40.95, lr 1.00e-03
    epoch 45: loss 0.8103, val_ap 0.6233, minutes 41.89, lr 1.00e-03
    epoch 46: loss 0.7890, val_ap 0.6321, minutes 42.81, lr 1.00e-03
    epoch 47: loss 0.7860, val_ap 0.6282, minutes 43.79, lr 1.00e-03
    epoch 48: loss 0.7960, val_ap 0.6296, minutes 44.68, lr 1.00e-03
    epoch 49: loss 0.7784, val_ap 0.6347, minutes 45.6, lr 1.00e-03
    epoch 50: loss 0.7859, val_ap 0.6162, minutes 46.48, lr 1.00e-03
    epoch 51: loss 0.7886, val_ap 0.6325, minutes 47.42, lr 1.00e-03
    epoch 52: loss 0.7746, val_ap 0.6248, minutes 48.38, lr 1.00e-03
    epoch 53: loss 0.7701, val_ap 0.6326, minutes 49.33, lr 1.00e-03
    epoch 54: loss 0.7708, val_ap 0.6310, minutes 50.24, lr 1.00e-03
    epoch 55: loss 0.7724, val_ap 0.6314, minutes 51.21, lr 1.00e-03
    epoch 56: loss 0.7813, val_ap 0.6219, minutes 52.15, lr 1.00e-03
    epoch 57: loss 0.7663, val_ap 0.6167, minutes 53.07, lr 1.00e-03
    epoch 58: loss 0.7595, val_ap 0.6182, minutes 54.0, lr 5.00e-04
    epoch 59: loss 0.7408, val_ap 0.6230, minutes 54.95, lr 5.00e-04
    epoch 60: loss 0.7392, val_ap 0.6266, minutes 55.89, lr 5.00e-04
    epoch 61: loss 0.7349, val_ap 0.6251, minutes 56.85, lr 5.00e-04
    epoch 62: loss 0.7311, val_ap 0.6251, minutes 57.77, lr 5.00e-04
    epoch 63: loss 0.7518, val_ap 0.6258, minutes 58.69, lr 5.00e-04
    epoch 64: loss 0.7164, val_ap 0.6321, minutes 59.65, lr 5.00e-04
    epoch 65: loss 0.7294, val_ap 0.6297, minutes 60.59, lr 5.00e-04
    epoch 66: loss 0.7299, val_ap 0.6235, minutes 61.55, lr 5.00e-04
    epoch 67: loss 0.7252, val_ap 0.6246, minutes 62.53, lr 2.50e-04
    epoch 68: loss 0.7229, val_ap 0.6297, minutes 63.45, lr 2.50e-04
    epoch 69: loss 0.7100, val_ap 0.6313, minutes 64.35, lr 2.50e-04
    epoch 70: loss 0.7059, val_ap 0.6335, minutes 65.27, lr 2.50e-04
    epoch 71: loss 0.7024, val_ap 0.6291, minutes 66.17, lr 2.50e-04
    epoch 72: loss 0.7089, val_ap 0.6299, minutes 67.07, lr 2.50e-04
    epoch 73: loss 0.7010, val_ap 0.6296, minutes 68.0, lr 2.50e-04
    epoch 74: loss 0.6922, val_ap 0.6332, minutes 68.95, lr 2.50e-04
    stopping: no validation gain in 25 epochs
[h2gcn_aux_r200 dataset0 fold 3] done (70.0 min)
