loaded: dataset0 121,838 sites, data1 90,452
[scalar_drop dataset0 fold 2 seed 2]
    kernel decay scale 108.1 nt (fitted to cell line 1 training labels)
    epoch 1: loss 1.9579, val_ap 0.1052, minutes 0.45, lr 3.33e-04
    epoch 2: loss 1.5484, val_ap 0.2595, minutes 0.94, lr 6.63e-04
    epoch 3: loss 1.3564, val_ap 0.3853, minutes 1.42, lr 9.89e-04
    epoch 4: loss 1.2589, val_ap 0.4723, minutes 1.89, lr 1.00e-03
    epoch 5: loss 1.1657, val_ap 0.4832, minutes 2.37, lr 1.00e-03
    epoch 6: loss 1.1411, val_ap 0.5097, minutes 2.87, lr 1.00e-03
    epoch 7: loss 1.1244, val_ap 0.5137, minutes 3.35, lr 1.00e-03
    epoch 8: loss 1.0756, val_ap 0.5320, minutes 3.82, lr 1.00e-03
    epoch 9: loss 1.0805, val_ap 0.5353, minutes 4.3, lr 1.00e-03
    epoch 10: loss 1.0527, val_ap 0.5321, minutes 4.78, lr 1.00e-03
    epoch 11: loss 1.0140, val_ap 0.5423, minutes 5.24, lr 1.00e-03
    epoch 12: loss 1.0422, val_ap 0.5472, minutes 5.73, lr 1.00e-03
    epoch 13: loss 1.0088, val_ap 0.5537, minutes 6.21, lr 1.00e-03
    epoch 14: loss 1.0114, val_ap 0.5500, minutes 6.68, lr 1.00e-03
    epoch 15: loss 1.0060, val_ap 0.5572, minutes 7.19, lr 1.00e-03
    epoch 16: loss 0.9874, val_ap 0.5548, minutes 7.67, lr 1.00e-03
    epoch 17: loss 0.9871, val_ap 0.5507, minutes 8.18, lr 1.00e-03
    epoch 18: loss 0.9921, val_ap 0.5619, minutes 8.68, lr 1.00e-03
    epoch 19: loss 0.9814, val_ap 0.5598, minutes 9.11, lr 1.00e-03
    epoch 20: loss 0.9849, val_ap 0.5673, minutes 9.62, lr 1.00e-03
    epoch 21: loss 0.9803, val_ap 0.5724, minutes 10.11, lr 1.00e-03
    epoch 22: loss 0.9796, val_ap 0.5673, minutes 10.63, lr 1.00e-03
    epoch 23: loss 0.9767, val_ap 0.5686, minutes 11.12, lr 1.00e-03
    epoch 24: loss 0.9581, val_ap 0.5738, minutes 11.62, lr 1.00e-03
    epoch 25: loss 0.9469, val_ap 0.5794, minutes 12.13, lr 1.00e-03
    epoch 26: loss 0.9502, val_ap 0.5766, minutes 12.65, lr 1.00e-03
    epoch 27: loss 0.9317, val_ap 0.5767, minutes 13.14, lr 1.00e-03
    epoch 28: loss 0.9287, val_ap 0.5789, minutes 13.65, lr 1.00e-03
    epoch 29: loss 0.9394, val_ap 0.5811, minutes 14.17, lr 1.00e-03
    epoch 30: loss 0.9304, val_ap 0.5833, minutes 14.62, lr 1.00e-03
    epoch 31: loss 0.9398, val_ap 0.5793, minutes 15.11, lr 1.00e-03
    epoch 32: loss 0.9395, val_ap 0.5792, minutes 15.59, lr 1.00e-03
    epoch 33: loss 0.9489, val_ap 0.5850, minutes 16.1, lr 1.00e-03
    epoch 34: loss 0.9276, val_ap 0.5847, minutes 16.64, lr 1.00e-03
    epoch 35: loss 0.9357, val_ap 0.5771, minutes 17.15, lr 1.00e-03
    epoch 36: loss 0.9152, val_ap 0.5797, minutes 17.69, lr 1.00e-03
    epoch 37: loss 0.9315, val_ap 0.5780, minutes 18.18, lr 1.00e-03
    epoch 38: loss 0.9263, val_ap 0.5895, minutes 18.68, lr 1.00e-03
    epoch 39: loss 0.9143, val_ap 0.5856, minutes 19.14, lr 1.00e-03
    epoch 40: loss 0.9122, val_ap 0.5865, minutes 19.59, lr 1.00e-03
    epoch 41: loss 0.9109, val_ap 0.5875, minutes 20.08, lr 1.00e-03
    epoch 42: loss 0.9022, val_ap 0.5853, minutes 20.56, lr 1.00e-03
    epoch 43: loss 0.9020, val_ap 0.5856, minutes 21.02, lr 1.00e-03
    epoch 44: loss 0.8902, val_ap 0.5938, minutes 21.5, lr 1.00e-03
    epoch 45: loss 0.8816, val_ap 0.5786, minutes 21.96, lr 1.00e-03
    epoch 46: loss 0.8999, val_ap 0.5984, minutes 22.43, lr 1.00e-03
    epoch 47: loss 0.8974, val_ap 0.5938, minutes 22.9, lr 1.00e-03
    epoch 48: loss 0.8824, val_ap 0.5879, minutes 23.41, lr 1.00e-03
    epoch 49: loss 0.8780, val_ap 0.5825, minutes 23.86, lr 1.00e-03
    epoch 50: loss 0.8865, val_ap 0.5900, minutes 24.32, lr 1.00e-03
    epoch 51: loss 0.8565, val_ap 0.5926, minutes 24.78, lr 1.00e-03
    epoch 52: loss 0.8790, val_ap 0.5969, minutes 25.24, lr 1.00e-03
    epoch 53: loss 0.8758, val_ap 0.5987, minutes 25.67, lr 1.00e-03
    epoch 54: loss 0.8930, val_ap 0.5880, minutes 26.11, lr 1.00e-03
    epoch 55: loss 0.8622, val_ap 0.5933, minutes 26.56, lr 1.00e-03
    epoch 56: loss 0.8683, val_ap 0.5918, minutes 26.99, lr 1.00e-03
    epoch 57: loss 0.8538, val_ap 0.5833, minutes 27.46, lr 1.00e-03
    epoch 58: loss 0.8631, val_ap 0.5947, minutes 27.88, lr 1.00e-03
    epoch 59: loss 0.8792, val_ap 0.5900, minutes 28.31, lr 1.00e-03
    epoch 60: loss 0.8752, val_ap 0.5922, minutes 28.77, lr 1.00e-03
    epoch 61: loss 0.8601, val_ap 0.5848, minutes 29.18, lr 1.00e-03
    epoch 62: loss 0.8488, val_ap 0.5943, minutes 29.61, lr 5.00e-04
    epoch 63: loss 0.8370, val_ap 0.6006, minutes 30.04, lr 5.00e-04
    epoch 64: loss 0.8254, val_ap 0.5942, minutes 30.42, lr 5.00e-04
    epoch 65: loss 0.8291, val_ap 0.5926, minutes 30.81, lr 5.00e-04
    epoch 66: loss 0.8284, val_ap 0.5937, minutes 31.14, lr 5.00e-04
    epoch 67: loss 0.8286, val_ap 0.6011, minutes 31.48, lr 5.00e-04
    epoch 68: loss 0.8163, val_ap 0.5975, minutes 31.82, lr 5.00e-04
    epoch 69: loss 0.8183, val_ap 0.5983, minutes 32.14, lr 5.00e-04
    epoch 70: loss 0.8077, val_ap 0.5897, minutes 32.45, lr 5.00e-04
    epoch 71: loss 0.8430, val_ap 0.6003, minutes 32.74, lr 5.00e-04
    epoch 72: loss 0.8169, val_ap 0.5995, minutes 33.04, lr 5.00e-04
    epoch 73: loss 0.8071, val_ap 0.5952, minutes 33.34, lr 5.00e-04
    epoch 74: loss 0.8079, val_ap 0.6019, minutes 33.63, lr 5.00e-04
    epoch 75: loss 0.8037, val_ap 0.6025, minutes 33.96, lr 5.00e-04
    epoch 76: loss 0.8096, val_ap 0.5926, minutes 34.24, lr 5.00e-04
    epoch 77: loss 0.8134, val_ap 0.6013, minutes 34.53, lr 5.00e-04
    epoch 78: loss 0.8092, val_ap 0.5967, minutes 34.83, lr 5.00e-04
    epoch 79: loss 0.7843, val_ap 0.5998, minutes 35.11, lr 5.00e-04
    epoch 80: loss 0.8159, val_ap 0.5981, minutes 35.4, lr 5.00e-04
    epoch 81: loss 0.8204, val_ap 0.5966, minutes 35.7, lr 5.00e-04
    epoch 82: loss 0.8039, val_ap 0.6005, minutes 35.97, lr 5.00e-04
    epoch 83: loss 0.7915, val_ap 0.5970, minutes 36.25, lr 5.00e-04
    epoch 84: loss 0.7896, val_ap 0.6004, minutes 36.54, lr 2.50e-04
    epoch 85: loss 0.7818, val_ap 0.6032, minutes 36.83, lr 2.50e-04
    epoch 86: loss 0.7856, val_ap 0.5991, minutes 37.11, lr 2.50e-04
    epoch 87: loss 0.7918, val_ap 0.5994, minutes 37.38, lr 2.50e-04
    epoch 88: loss 0.7792, val_ap 0.5963, minutes 37.64, lr 2.50e-04
    epoch 89: loss 0.7772, val_ap 0.5991, minutes 37.91, lr 2.50e-04
    epoch 90: loss 0.7835, val_ap 0.6002, minutes 38.19, lr 2.50e-04
    epoch 91: loss 0.7877, val_ap 0.6009, minutes 38.47, lr 2.50e-04
    epoch 92: loss 0.7855, val_ap 0.6008, minutes 38.74, lr 2.50e-04
    epoch 93: loss 0.7889, val_ap 0.5966, minutes 39.01, lr 2.50e-04
    epoch 94: loss 0.7856, val_ap 0.6004, minutes 39.27, lr 1.25e-04
    epoch 95: loss 0.7777, val_ap 0.5951, minutes 39.54, lr 1.25e-04
    epoch 96: loss 0.7804, val_ap 0.5997, minutes 39.83, lr 1.25e-04
    epoch 97: loss 0.7633, val_ap 0.5993, minutes 40.09, lr 1.25e-04
    epoch 98: loss 0.7661, val_ap 0.5976, minutes 40.38, lr 1.25e-04
    epoch 99: loss 0.7736, val_ap 0.5984, minutes 40.65, lr 1.25e-04
    epoch 100: loss 0.7706, val_ap 0.6013, minutes 40.92, lr 1.25e-04
    epoch 101: loss 0.7849, val_ap 0.5989, minutes 41.19, lr 1.25e-04
    epoch 102: loss 0.7631, val_ap 0.5980, minutes 41.44, lr 1.25e-04
    epoch 103: loss 0.7703, val_ap 0.5995, minutes 41.7, lr 6.25e-05
    epoch 104: loss 0.7626, val_ap 0.5993, minutes 41.97, lr 6.25e-05
    epoch 105: loss 0.7573, val_ap 0.5977, minutes 42.23, lr 6.25e-05
    epoch 106: loss 0.7669, val_ap 0.5976, minutes 42.49, lr 6.25e-05
    epoch 107: loss 0.7682, val_ap 0.5977, minutes 42.75, lr 6.25e-05
    epoch 108: loss 0.7676, val_ap 0.5986, minutes 43.01, lr 6.25e-05
    epoch 109: loss 0.7607, val_ap 0.5983, minutes 43.26, lr 6.25e-05
    epoch 110: loss 0.7708, val_ap 0.5999, minutes 43.51, lr 6.25e-05
    stopping: no validation gain in 25 epochs
[scalar_drop dataset0 fold 2 seed 2] done (43.9 min)
