loaded: dataset0 121,838 sites, data1 90,452
[gcn pooled_both fold 3 seed 1]
    epoch 1: loss 1.3051, val_ap 0.0939, minutes 0.95, lr 3.31e-04
    epoch 2: loss 1.2287, val_ap 0.1783, minutes 1.9, lr 6.60e-04
    epoch 3: loss 1.0699, val_ap 0.2830, minutes 2.91, lr 9.89e-04
    epoch 4: loss 0.9929, val_ap 0.2919, minutes 3.85, lr 1.00e-03
    epoch 5: loss 0.9798, val_ap 0.2966, minutes 4.79, lr 1.00e-03
    epoch 6: loss 0.9592, val_ap 0.3022, minutes 5.73, lr 1.00e-03
    epoch 7: loss 0.9519, val_ap 0.3034, minutes 6.68, lr 1.00e-03
    epoch 8: loss 0.9463, val_ap 0.2980, minutes 7.66, lr 1.00e-03
    epoch 9: loss 0.9299, val_ap 0.3023, minutes 8.64, lr 1.00e-03
    epoch 10: loss 0.9234, val_ap 0.3011, minutes 9.51, lr 1.00e-03
    epoch 11: loss 0.9234, val_ap 0.3067, minutes 10.45, lr 1.00e-03
    epoch 12: loss 0.9188, val_ap 0.3107, minutes 11.36, lr 1.00e-03
    epoch 13: loss 0.9100, val_ap 0.3058, minutes 12.25, lr 1.00e-03
    epoch 14: loss 0.9096, val_ap 0.3131, minutes 13.12, lr 1.00e-03
    epoch 15: loss 0.9092, val_ap 0.3101, minutes 14.08, lr 1.00e-03
    epoch 16: loss 0.9073, val_ap 0.3106, minutes 14.99, lr 1.00e-03
    epoch 17: loss 0.9058, val_ap 0.3154, minutes 15.93, lr 1.00e-03
    epoch 18: loss 0.9032, val_ap 0.3121, minutes 16.77, lr 1.00e-03
    epoch 19: loss 0.8910, val_ap 0.3159, minutes 17.63, lr 1.00e-03
    epoch 20: loss 0.8940, val_ap 0.3131, minutes 18.47, lr 1.00e-03
    epoch 21: loss 0.8964, val_ap 0.3150, minutes 19.31, lr 1.00e-03
    epoch 22: loss 0.8902, val_ap 0.3152, minutes 20.25, lr 1.00e-03
    epoch 23: loss 0.8904, val_ap 0.3155, minutes 21.12, lr 1.00e-03
    epoch 24: loss 0.8869, val_ap 0.3164, minutes 22.04, lr 1.00e-03
    epoch 25: loss 0.8816, val_ap 0.3165, minutes 22.97, lr 1.00e-03
    epoch 26: loss 0.8863, val_ap 0.3168, minutes 23.88, lr 1.00e-03
    epoch 27: loss 0.8853, val_ap 0.3147, minutes 24.79, lr 1.00e-03
    epoch 28: loss 0.8782, val_ap 0.3153, minutes 25.63, lr 1.00e-03
    epoch 29: loss 0.8827, val_ap 0.3180, minutes 26.46, lr 1.00e-03
    epoch 30: loss 0.8806, val_ap 0.3144, minutes 27.25, lr 1.00e-03
    epoch 31: loss 0.8729, val_ap 0.3163, minutes 28.19, lr 1.00e-03
    epoch 32: loss 0.8759, val_ap 0.3169, minutes 28.98, lr 1.00e-03
    epoch 33: loss 0.8718, val_ap 0.3193, minutes 29.81, lr 1.00e-03
    epoch 34: loss 0.8655, val_ap 0.3193, minutes 30.64, lr 1.00e-03
    epoch 35: loss 0.8658, val_ap 0.3179, minutes 31.46, lr 1.00e-03
    epoch 36: loss 0.8682, val_ap 0.3149, minutes 32.3, lr 1.00e-03
    epoch 37: loss 0.8645, val_ap 0.3171, minutes 33.11, lr 1.00e-03
    epoch 38: loss 0.8624, val_ap 0.3196, minutes 33.93, lr 1.00e-03
    epoch 39: loss 0.8652, val_ap 0.3074, minutes 34.82, lr 1.00e-03
    epoch 40: loss 0.8726, val_ap 0.3179, minutes 35.7, lr 1.00e-03
    epoch 41: loss 0.8563, val_ap 0.3156, minutes 36.51, lr 1.00e-03
    epoch 42: loss 0.8562, val_ap 0.3116, minutes 37.35, lr 1.00e-03
    epoch 43: loss 0.8540, val_ap 0.3200, minutes 38.24, lr 1.00e-03
    epoch 44: loss 0.8594, val_ap 0.3214, minutes 39.08, lr 1.00e-03
    epoch 45: loss 0.8637, val_ap 0.3178, minutes 39.87, lr 1.00e-03
    epoch 46: loss 0.8540, val_ap 0.3204, minutes 40.67, lr 1.00e-03
    epoch 47: loss 0.8432, val_ap 0.3137, minutes 41.53, lr 1.00e-03
    epoch 48: loss 0.8494, val_ap 0.3212, minutes 42.39, lr 1.00e-03
    epoch 49: loss 0.8476, val_ap 0.3195, minutes 43.26, lr 1.00e-03
    epoch 50: loss 0.8447, val_ap 0.3155, minutes 44.13, lr 1.00e-03
    epoch 51: loss 0.8501, val_ap 0.3200, minutes 45.01, lr 1.00e-03
    epoch 52: loss 0.8506, val_ap 0.3113, minutes 45.88, lr 1.00e-03
    epoch 53: loss 0.8446, val_ap 0.3197, minutes 46.69, lr 5.00e-04
    epoch 54: loss 0.8270, val_ap 0.3142, minutes 47.46, lr 5.00e-04
    epoch 55: loss 0.8327, val_ap 0.3134, minutes 48.26, lr 5.00e-04
    epoch 56: loss 0.8312, val_ap 0.3151, minutes 49.11, lr 5.00e-04
    epoch 57: loss 0.8328, val_ap 0.3136, minutes 49.94, lr 5.00e-04
    epoch 58: loss 0.8282, val_ap 0.3144, minutes 50.74, lr 5.00e-04
    epoch 59: loss 0.8279, val_ap 0.3132, minutes 51.57, lr 5.00e-04
    epoch 60: loss 0.8247, val_ap 0.3107, minutes 52.35, lr 5.00e-04
    epoch 61: loss 0.8341, val_ap 0.3101, minutes 53.16, lr 5.00e-04
    epoch 62: loss 0.8267, val_ap 0.3113, minutes 53.97, lr 2.50e-04
    epoch 63: loss 0.8213, val_ap 0.3104, minutes 54.77, lr 2.50e-04
    epoch 64: loss 0.8176, val_ap 0.3122, minutes 55.61, lr 2.50e-04
    epoch 65: loss 0.8168, val_ap 0.3099, minutes 56.41, lr 2.50e-04
    epoch 66: loss 0.8154, val_ap 0.3048, minutes 57.18, lr 2.50e-04
    epoch 67: loss 0.8216, val_ap 0.3098, minutes 57.98, lr 2.50e-04
    epoch 68: loss 0.8147, val_ap 0.3097, minutes 58.78, lr 2.50e-04
    epoch 69: loss 0.8111, val_ap 0.3057, minutes 59.62, lr 2.50e-04
    stopping: no validation gain in 25 epochs
[gcn pooled_both fold 3 seed 1] done (60.4 min)
