loaded: dataset0 121,838 sites, data1 90,452
[res_nodrop dataset0 fold 4 seed 1]
    kernel decay scale 97.3 nt (fitted to cell line 1 training labels)
    epoch 1: loss 1.9649, val_ap 0.1411, minutes 0.5, lr 3.33e-04
    epoch 2: loss 1.5978, val_ap 0.2202, minutes 0.99, lr 6.63e-04
    epoch 3: loss 1.3589, val_ap 0.4114, minutes 1.47, lr 9.92e-04
    epoch 4: loss 1.1762, val_ap 0.4863, minutes 1.98, lr 1.00e-03
    epoch 5: loss 1.1037, val_ap 0.4996, minutes 2.49, lr 1.00e-03
    epoch 6: loss 1.0839, val_ap 0.5065, minutes 3.04, lr 1.00e-03
    epoch 7: loss 1.0287, val_ap 0.5222, minutes 3.56, lr 1.00e-03
    epoch 8: loss 1.0033, val_ap 0.5270, minutes 4.03, lr 1.00e-03
    epoch 9: loss 0.9920, val_ap 0.5361, minutes 4.62, lr 1.00e-03
    epoch 10: loss 0.9956, val_ap 0.5397, minutes 5.14, lr 1.00e-03
    epoch 11: loss 0.9516, val_ap 0.5481, minutes 5.61, lr 1.00e-03
    epoch 12: loss 0.9705, val_ap 0.5484, minutes 6.13, lr 1.00e-03
    epoch 13: loss 0.9376, val_ap 0.5460, minutes 6.62, lr 1.00e-03
    epoch 14: loss 0.9340, val_ap 0.5489, minutes 7.16, lr 1.00e-03
    epoch 15: loss 0.9175, val_ap 0.5447, minutes 7.68, lr 1.00e-03
    epoch 16: loss 0.9322, val_ap 0.5592, minutes 8.19, lr 1.00e-03
    epoch 17: loss 0.9289, val_ap 0.5595, minutes 8.69, lr 1.00e-03
    epoch 18: loss 0.9119, val_ap 0.5550, minutes 9.19, lr 1.00e-03
    epoch 19: loss 0.8905, val_ap 0.5502, minutes 9.72, lr 1.00e-03
    epoch 20: loss 0.9105, val_ap 0.5518, minutes 10.22, lr 1.00e-03
    epoch 21: loss 0.8840, val_ap 0.5544, minutes 10.71, lr 1.00e-03
    epoch 22: loss 0.8903, val_ap 0.5592, minutes 11.19, lr 1.00e-03
    epoch 23: loss 0.8879, val_ap 0.5641, minutes 11.66, lr 1.00e-03
    epoch 24: loss 0.8919, val_ap 0.5562, minutes 12.21, lr 1.00e-03
    epoch 25: loss 0.8859, val_ap 0.5594, minutes 12.72, lr 1.00e-03
    epoch 26: loss 0.8808, val_ap 0.5634, minutes 13.22, lr 1.00e-03
    epoch 27: loss 0.8769, val_ap 0.5622, minutes 13.72, lr 1.00e-03
    epoch 28: loss 0.8844, val_ap 0.5621, minutes 14.21, lr 1.00e-03
    epoch 29: loss 0.8645, val_ap 0.5665, minutes 14.78, lr 1.00e-03
    epoch 30: loss 0.8480, val_ap 0.5683, minutes 15.28, lr 1.00e-03
    epoch 31: loss 0.8470, val_ap 0.5637, minutes 15.79, lr 1.00e-03
    epoch 32: loss 0.8491, val_ap 0.5658, minutes 16.35, lr 1.00e-03
    epoch 33: loss 0.8644, val_ap 0.5708, minutes 16.88, lr 1.00e-03
    epoch 34: loss 0.8432, val_ap 0.5756, minutes 17.38, lr 1.00e-03
    epoch 35: loss 0.8510, val_ap 0.5739, minutes 17.9, lr 1.00e-03
    epoch 36: loss 0.8422, val_ap 0.5769, minutes 18.39, lr 1.00e-03
    epoch 37: loss 0.8342, val_ap 0.5792, minutes 18.93, lr 1.00e-03
    epoch 38: loss 0.8589, val_ap 0.5804, minutes 19.43, lr 1.00e-03
    epoch 39: loss 0.8381, val_ap 0.5818, minutes 19.91, lr 1.00e-03
    epoch 40: loss 0.8140, val_ap 0.5784, minutes 20.39, lr 1.00e-03
    epoch 41: loss 0.8283, val_ap 0.5854, minutes 20.86, lr 1.00e-03
    epoch 42: loss 0.8223, val_ap 0.5898, minutes 21.37, lr 1.00e-03
    epoch 43: loss 0.8304, val_ap 0.5867, minutes 21.86, lr 1.00e-03
    epoch 44: loss 0.8266, val_ap 0.5908, minutes 22.43, lr 1.00e-03
    epoch 45: loss 0.8057, val_ap 0.5938, minutes 22.93, lr 1.00e-03
    epoch 46: loss 0.8021, val_ap 0.5869, minutes 23.43, lr 1.00e-03
    epoch 47: loss 0.8186, val_ap 0.5952, minutes 23.96, lr 1.00e-03
    epoch 48: loss 0.8076, val_ap 0.5898, minutes 24.44, lr 1.00e-03
    epoch 49: loss 0.7895, val_ap 0.5949, minutes 24.95, lr 1.00e-03
    epoch 50: loss 0.8071, val_ap 0.5935, minutes 25.5, lr 1.00e-03
    epoch 51: loss 0.8038, val_ap 0.5931, minutes 25.99, lr 1.00e-03
    epoch 52: loss 0.8033, val_ap 0.5905, minutes 26.46, lr 1.00e-03
    epoch 53: loss 0.8076, val_ap 0.5911, minutes 27.0, lr 1.00e-03
    epoch 54: loss 0.8006, val_ap 0.5994, minutes 27.51, lr 1.00e-03
    epoch 55: loss 0.7738, val_ap 0.6046, minutes 28.05, lr 1.00e-03
    epoch 56: loss 0.7869, val_ap 0.6003, minutes 28.64, lr 1.00e-03
    epoch 57: loss 0.7884, val_ap 0.5994, minutes 29.16, lr 1.00e-03
    epoch 58: loss 0.7974, val_ap 0.5907, minutes 29.68, lr 1.00e-03
    epoch 59: loss 0.7764, val_ap 0.6004, minutes 30.17, lr 1.00e-03
    epoch 60: loss 0.7951, val_ap 0.6027, minutes 30.68, lr 1.00e-03
    epoch 61: loss 0.7860, val_ap 0.5940, minutes 31.2, lr 1.00e-03
    epoch 62: loss 0.7704, val_ap 0.5985, minutes 31.68, lr 1.00e-03
    epoch 63: loss 0.7628, val_ap 0.5957, minutes 32.16, lr 1.00e-03
    epoch 64: loss 0.7728, val_ap 0.6094, minutes 32.66, lr 1.00e-03
    epoch 65: loss 0.7687, val_ap 0.6025, minutes 33.19, lr 1.00e-03
    epoch 66: loss 0.7678, val_ap 0.5997, minutes 33.72, lr 1.00e-03
    epoch 67: loss 0.7797, val_ap 0.6052, minutes 34.23, lr 1.00e-03
    epoch 68: loss 0.7628, val_ap 0.6054, minutes 34.73, lr 1.00e-03
    epoch 69: loss 0.7456, val_ap 0.6018, minutes 35.23, lr 1.00e-03
    epoch 70: loss 0.7733, val_ap 0.5959, minutes 35.72, lr 1.00e-03
    epoch 71: loss 0.7418, val_ap 0.6069, minutes 36.24, lr 1.00e-03
    epoch 72: loss 0.7376, val_ap 0.5950, minutes 36.72, lr 1.00e-03
    epoch 73: loss 0.7481, val_ap 0.6012, minutes 37.23, lr 5.00e-04
    epoch 74: loss 0.7355, val_ap 0.6127, minutes 37.77, lr 5.00e-04
    epoch 75: loss 0.7369, val_ap 0.6083, minutes 38.26, lr 5.00e-04
    epoch 76: loss 0.7257, val_ap 0.6099, minutes 38.77, lr 5.00e-04
    epoch 77: loss 0.7127, val_ap 0.6060, minutes 39.27, lr 5.00e-04
    epoch 78: loss 0.7212, val_ap 0.6108, minutes 39.78, lr 5.00e-04
    epoch 79: loss 0.7156, val_ap 0.6092, minutes 40.3, lr 5.00e-04
    epoch 80: loss 0.7205, val_ap 0.6073, minutes 40.8, lr 5.00e-04
    epoch 81: loss 0.7173, val_ap 0.6075, minutes 41.34, lr 5.00e-04
    epoch 82: loss 0.7054, val_ap 0.6102, minutes 41.86, lr 5.00e-04
    epoch 83: loss 0.7203, val_ap 0.6076, minutes 42.37, lr 2.50e-04
    epoch 84: loss 0.7050, val_ap 0.6068, minutes 42.86, lr 2.50e-04
    epoch 85: loss 0.6987, val_ap 0.6042, minutes 43.35, lr 2.50e-04
    epoch 86: loss 0.6867, val_ap 0.6073, minutes 43.87, lr 2.50e-04
    epoch 87: loss 0.7061, val_ap 0.6084, minutes 44.4, lr 2.50e-04
    epoch 88: loss 0.6867, val_ap 0.6057, minutes 44.91, lr 2.50e-04
    epoch 89: loss 0.6899, val_ap 0.6085, minutes 45.41, lr 2.50e-04
    epoch 90: loss 0.6946, val_ap 0.6099, minutes 45.9, lr 2.50e-04
    epoch 91: loss 0.6870, val_ap 0.6104, minutes 46.44, lr 2.50e-04
    epoch 92: loss 0.6965, val_ap 0.6077, minutes 46.97, lr 1.25e-04
    epoch 93: loss 0.6678, val_ap 0.6066, minutes 47.48, lr 1.25e-04
    epoch 94: loss 0.6818, val_ap 0.6095, minutes 48.02, lr 1.25e-04
    epoch 95: loss 0.6807, val_ap 0.6048, minutes 48.54, lr 1.25e-04
    epoch 96: loss 0.6901, val_ap 0.6074, minutes 49.05, lr 1.25e-04
    epoch 97: loss 0.6874, val_ap 0.6111, minutes 49.57, lr 1.25e-04
    epoch 98: loss 0.6769, val_ap 0.6090, minutes 50.1, lr 1.25e-04
    epoch 99: loss 0.6784, val_ap 0.6092, minutes 50.61, lr 1.25e-04
    stopping: no validation gain in 25 epochs
[res_nodrop dataset0 fold 4 seed 1] done (51.4 min)
