loaded: dataset0 121,838 sites, data1 90,452
[scalar_drop dataset0 fold 2 seed 1]
    kernel decay scale 108.1 nt (fitted to cell line 1 training labels)
    epoch 1: loss 1.9475, val_ap 0.1364, minutes 0.46, lr 3.33e-04
    epoch 2: loss 1.5819, val_ap 0.2793, minutes 0.94, lr 6.59e-04
    epoch 3: loss 1.3486, val_ap 0.4201, minutes 1.44, lr 9.89e-04
    epoch 4: loss 1.2110, val_ap 0.5065, minutes 1.87, lr 1.00e-03
    epoch 5: loss 1.1734, val_ap 0.5174, minutes 2.32, lr 1.00e-03
    epoch 6: loss 1.1262, val_ap 0.5304, minutes 2.84, lr 1.00e-03
    epoch 7: loss 1.0943, val_ap 0.5318, minutes 3.28, lr 1.00e-03
    epoch 8: loss 1.1048, val_ap 0.5281, minutes 3.76, lr 1.00e-03
    epoch 9: loss 1.0579, val_ap 0.5434, minutes 4.18, lr 1.00e-03
    epoch 10: loss 1.0648, val_ap 0.5460, minutes 4.68, lr 1.00e-03
    epoch 11: loss 1.0568, val_ap 0.5415, minutes 5.09, lr 1.00e-03
    epoch 12: loss 1.0431, val_ap 0.5542, minutes 5.47, lr 1.00e-03
    epoch 13: loss 1.0263, val_ap 0.5440, minutes 5.91, lr 1.00e-03
    epoch 14: loss 1.0111, val_ap 0.5495, minutes 6.35, lr 1.00e-03
    epoch 15: loss 1.0272, val_ap 0.5564, minutes 6.81, lr 1.00e-03
    epoch 16: loss 1.0102, val_ap 0.5509, minutes 7.25, lr 1.00e-03
    epoch 17: loss 1.0174, val_ap 0.5527, minutes 7.68, lr 1.00e-03
    epoch 18: loss 0.9979, val_ap 0.5599, minutes 8.12, lr 1.00e-03
    epoch 19: loss 0.9848, val_ap 0.5648, minutes 8.57, lr 1.00e-03
    epoch 20: loss 0.9759, val_ap 0.5649, minutes 9.02, lr 1.00e-03
    epoch 21: loss 0.9940, val_ap 0.5703, minutes 9.48, lr 1.00e-03
    epoch 22: loss 0.9648, val_ap 0.5680, minutes 9.91, lr 1.00e-03
    epoch 23: loss 0.9955, val_ap 0.5795, minutes 10.36, lr 1.00e-03
    epoch 24: loss 0.9572, val_ap 0.5671, minutes 10.75, lr 1.00e-03
    epoch 25: loss 0.9612, val_ap 0.5813, minutes 11.14, lr 1.00e-03
    epoch 26: loss 0.9979, val_ap 0.5719, minutes 11.51, lr 1.00e-03
    epoch 27: loss 0.9839, val_ap 0.5837, minutes 11.98, lr 1.00e-03
    epoch 28: loss 0.9489, val_ap 0.5814, minutes 12.39, lr 1.00e-03
    epoch 29: loss 0.9531, val_ap 0.5831, minutes 12.81, lr 1.00e-03
    epoch 30: loss 0.9404, val_ap 0.5814, minutes 13.22, lr 1.00e-03
    epoch 31: loss 0.9501, val_ap 0.5759, minutes 13.6, lr 1.00e-03
    epoch 32: loss 0.9499, val_ap 0.5839, minutes 13.98, lr 1.00e-03
    epoch 33: loss 0.9187, val_ap 0.5812, minutes 14.35, lr 1.00e-03
    epoch 34: loss 0.9530, val_ap 0.5832, minutes 14.69, lr 1.00e-03
    epoch 35: loss 0.9202, val_ap 0.5855, minutes 15.08, lr 1.00e-03
    epoch 36: loss 0.9282, val_ap 0.5752, minutes 15.47, lr 1.00e-03
    epoch 37: loss 0.9302, val_ap 0.5913, minutes 15.85, lr 1.00e-03
    epoch 38: loss 0.9150, val_ap 0.5909, minutes 16.27, lr 1.00e-03
    epoch 39: loss 0.9176, val_ap 0.5846, minutes 16.67, lr 1.00e-03
    epoch 40: loss 0.9275, val_ap 0.5900, minutes 17.07, lr 1.00e-03
    epoch 41: loss 0.9171, val_ap 0.5976, minutes 17.47, lr 1.00e-03
    epoch 42: loss 0.8983, val_ap 0.5928, minutes 17.84, lr 1.00e-03
    epoch 43: loss 0.8962, val_ap 0.5977, minutes 18.22, lr 1.00e-03
    epoch 44: loss 0.9086, val_ap 0.5910, minutes 18.58, lr 1.00e-03
    epoch 45: loss 0.9421, val_ap 0.5879, minutes 18.98, lr 1.00e-03
    epoch 46: loss 0.9948, val_ap 0.5740, minutes 19.4, lr 1.00e-03
    epoch 47: loss 0.9228, val_ap 0.5816, minutes 19.77, lr 1.00e-03
    epoch 48: loss 0.9137, val_ap 0.5897, minutes 20.12, lr 1.00e-03
    epoch 49: loss 0.9081, val_ap 0.5965, minutes 20.54, lr 1.00e-03
    epoch 50: loss 0.9094, val_ap 0.5901, minutes 20.9, lr 1.00e-03
    epoch 51: loss 0.8891, val_ap 0.5954, minutes 21.29, lr 1.00e-03
    epoch 52: loss 0.8930, val_ap 0.5952, minutes 21.67, lr 5.00e-04
    epoch 53: loss 0.8804, val_ap 0.5959, minutes 22.06, lr 5.00e-04
    epoch 54: loss 0.8740, val_ap 0.5917, minutes 22.43, lr 5.00e-04
    epoch 55: loss 0.8700, val_ap 0.5955, minutes 22.8, lr 5.00e-04
    epoch 56: loss 0.8615, val_ap 0.5968, minutes 23.14, lr 5.00e-04
    epoch 57: loss 0.8710, val_ap 0.5968, minutes 23.5, lr 5.00e-04
    epoch 58: loss 0.8625, val_ap 0.5996, minutes 23.85, lr 5.00e-04
    epoch 59: loss 0.8662, val_ap 0.5989, minutes 24.27, lr 5.00e-04
    epoch 60: loss 0.8580, val_ap 0.5946, minutes 24.66, lr 5.00e-04
    epoch 61: loss 0.8673, val_ap 0.6030, minutes 25.02, lr 5.00e-04
    epoch 62: loss 0.8454, val_ap 0.5995, minutes 25.35, lr 5.00e-04
    epoch 63: loss 0.8467, val_ap 0.5981, minutes 25.64, lr 5.00e-04
    epoch 64: loss 0.8740, val_ap 0.6027, minutes 25.96, lr 5.00e-04
    epoch 65: loss 0.8470, val_ap 0.5980, minutes 26.27, lr 5.00e-04
    epoch 66: loss 0.8765, val_ap 0.6047, minutes 26.56, lr 5.00e-04
    epoch 67: loss 0.8493, val_ap 0.5992, minutes 26.92, lr 5.00e-04
    epoch 68: loss 0.8502, val_ap 0.6011, minutes 27.25, lr 5.00e-04
    epoch 69: loss 0.8452, val_ap 0.6064, minutes 27.56, lr 5.00e-04
    epoch 70: loss 0.8397, val_ap 0.6022, minutes 27.89, lr 5.00e-04
    epoch 71: loss 0.8481, val_ap 0.6039, minutes 28.17, lr 5.00e-04
    epoch 72: loss 0.8509, val_ap 0.5973, minutes 28.46, lr 5.00e-04
    epoch 73: loss 0.8482, val_ap 0.6038, minutes 28.72, lr 5.00e-04
    epoch 74: loss 0.8441, val_ap 0.6082, minutes 29.01, lr 5.00e-04
    epoch 75: loss 0.8345, val_ap 0.6008, minutes 29.29, lr 5.00e-04
    epoch 76: loss 0.8379, val_ap 0.6085, minutes 29.59, lr 5.00e-04
    epoch 77: loss 0.8300, val_ap 0.6069, minutes 29.88, lr 5.00e-04
    epoch 78: loss 0.8225, val_ap 0.6062, minutes 30.18, lr 5.00e-04
    epoch 79: loss 0.8431, val_ap 0.6024, minutes 30.42, lr 5.00e-04
    epoch 80: loss 0.8266, val_ap 0.6080, minutes 30.72, lr 5.00e-04
    epoch 81: loss 0.8209, val_ap 0.6069, minutes 30.96, lr 5.00e-04
    epoch 82: loss 0.8367, val_ap 0.6019, minutes 31.21, lr 5.00e-04
    epoch 83: loss 0.8365, val_ap 0.6091, minutes 31.48, lr 5.00e-04
    epoch 84: loss 0.8298, val_ap 0.6061, minutes 31.72, lr 5.00e-04
    epoch 85: loss 0.8230, val_ap 0.6020, minutes 31.95, lr 5.00e-04
    epoch 86: loss 0.8306, val_ap 0.6057, minutes 32.22, lr 5.00e-04
    epoch 87: loss 0.8332, val_ap 0.6025, minutes 32.47, lr 5.00e-04
    epoch 88: loss 0.8271, val_ap 0.6056, minutes 32.72, lr 5.00e-04
    epoch 89: loss 0.8207, val_ap 0.6080, minutes 32.96, lr 5.00e-04
    epoch 90: loss 0.8209, val_ap 0.6035, minutes 33.2, lr 5.00e-04
    epoch 91: loss 0.8062, val_ap 0.6095, minutes 33.43, lr 5.00e-04
    epoch 92: loss 0.9463, val_ap 0.5812, minutes 33.66, lr 5.00e-04
    epoch 93: loss 0.9954, val_ap 0.5872, minutes 33.89, lr 5.00e-04
    epoch 94: loss 0.8650, val_ap 0.5978, minutes 34.13, lr 5.00e-04
    epoch 95: loss 0.8402, val_ap 0.6029, minutes 34.36, lr 5.00e-04
    epoch 96: loss 0.8425, val_ap 0.6031, minutes 34.59, lr 5.00e-04
    epoch 97: loss 0.8314, val_ap 0.6010, minutes 34.85, lr 5.00e-04
    epoch 98: loss 0.8185, val_ap 0.6097, minutes 35.08, lr 5.00e-04
    epoch 99: loss 0.8035, val_ap 0.6034, minutes 35.3, lr 5.00e-04
    epoch 100: loss 0.8217, val_ap 0.6009, minutes 35.52, lr 5.00e-04
    epoch 101: loss 0.8205, val_ap 0.6066, minutes 35.74, lr 5.00e-04
    epoch 102: loss 0.8227, val_ap 0.6038, minutes 35.96, lr 5.00e-04
    epoch 103: loss 0.8100, val_ap 0.6067, minutes 36.19, lr 5.00e-04
    epoch 104: loss 0.7984, val_ap 0.6066, minutes 36.41, lr 5.00e-04
    epoch 105: loss 0.7931, val_ap 0.6063, minutes 36.64, lr 5.00e-04
    epoch 106: loss 0.8107, val_ap 0.6076, minutes 36.85, lr 5.00e-04
    epoch 107: loss 0.7996, val_ap 0.6016, minutes 37.08, lr 2.50e-04
    epoch 108: loss 0.7944, val_ap 0.6107, minutes 37.3, lr 2.50e-04
    epoch 109: loss 0.7742, val_ap 0.6034, minutes 37.53, lr 2.50e-04
    epoch 110: loss 0.7888, val_ap 0.6075, minutes 37.77, lr 2.50e-04
    epoch 111: loss 0.7824, val_ap 0.6088, minutes 37.99, lr 2.50e-04
    epoch 112: loss 0.7738, val_ap 0.6107, minutes 38.2, lr 2.50e-04
    epoch 113: loss 0.7988, val_ap 0.6076, minutes 38.42, lr 2.50e-04
    epoch 114: loss 0.7873, val_ap 0.6094, minutes 38.65, lr 2.50e-04
    epoch 115: loss 0.7871, val_ap 0.6071, minutes 38.87, lr 2.50e-04
    epoch 116: loss 0.7949, val_ap 0.6051, minutes 39.1, lr 2.50e-04
    epoch 117: loss 0.7851, val_ap 0.6124, minutes 39.32, lr 2.50e-04
    epoch 118: loss 0.8368, val_ap 0.6056, minutes 39.58, lr 2.50e-04
    epoch 119: loss 0.8113, val_ap 0.6097, minutes 39.81, lr 2.50e-04
    epoch 120: loss 0.8028, val_ap 0.6090, minutes 40.04, lr 2.50e-04
    epoch 121: loss 0.7920, val_ap 0.6064, minutes 40.26, lr 2.50e-04
    epoch 122: loss 0.7684, val_ap 0.6084, minutes 40.49, lr 2.50e-04
    epoch 123: loss 0.8044, val_ap 0.6041, minutes 40.72, lr 2.50e-04
    epoch 124: loss 0.7878, val_ap 0.6056, minutes 40.96, lr 2.50e-04
    epoch 125: loss 0.7930, val_ap 0.6094, minutes 41.18, lr 2.50e-04
    epoch 126: loss 0.7789, val_ap 0.6109, minutes 41.39, lr 1.25e-04
    epoch 127: loss 0.7805, val_ap 0.6055, minutes 41.62, lr 1.25e-04
    epoch 128: loss 0.7839, val_ap 0.6074, minutes 41.84, lr 1.25e-04
    epoch 129: loss 0.7717, val_ap 0.6105, minutes 42.06, lr 1.25e-04
    epoch 130: loss 0.7508, val_ap 0.6071, minutes 42.27, lr 1.25e-04
    epoch 131: loss 0.7767, val_ap 0.6080, minutes 42.49, lr 1.25e-04
    epoch 132: loss 0.7682, val_ap 0.6091, minutes 42.71, lr 1.25e-04
    epoch 133: loss 0.7745, val_ap 0.6084, minutes 42.93, lr 1.25e-04
    epoch 134: loss 0.7676, val_ap 0.6089, minutes 43.16, lr 1.25e-04
    epoch 135: loss 0.7645, val_ap 0.6066, minutes 43.37, lr 6.25e-05
    epoch 136: loss 0.7517, val_ap 0.6098, minutes 43.58, lr 6.25e-05
    epoch 137: loss 0.7805, val_ap 0.6058, minutes 43.8, lr 6.25e-05
    epoch 138: loss 0.7690, val_ap 0.6075, minutes 44.01, lr 6.25e-05
    epoch 139: loss 0.7546, val_ap 0.6062, minutes 44.22, lr 6.25e-05
    epoch 140: loss 0.7640, val_ap 0.6094, minutes 44.44, lr 6.25e-05
    epoch 141: loss 0.7536, val_ap 0.6057, minutes 44.65, lr 6.25e-05
    epoch 142: loss 0.7503, val_ap 0.6076, minutes 44.86, lr 6.25e-05
    stopping: no validation gain in 25 epochs
[scalar_drop dataset0 fold 2 seed 1] done (45.2 min)
