loaded: dataset0 121,838 sites, data1 90,452
[set_transformer dataset0 fold 2 seed 1]
    epoch 1: loss 1.026715634013876, minutes 1.69, val_ap 0.3912767209845336, lr 0.00033429672447013486
    epoch 2: loss 0.8279513005231847, minutes 3.69, val_ap 0.3532036642547438, lr 0.0006676300578034682
    epoch 3: loss 0.789015461340805, minutes 5.79, val_ap 0.4185927206021519, lr 0.001
    epoch 4: loss 0.7678594971667825, minutes 7.76, val_ap 0.4834857535456361, lr 0.001
    epoch 5: loss 0.7331713414777911, minutes 9.83, val_ap 0.4797436535667787, lr 0.001
    epoch 6: loss 0.7294461749537142, minutes 11.82, val_ap 0.49929979313861417, lr 0.001
    epoch 7: loss 0.699633071705096, minutes 13.87, val_ap 0.5035914874365, lr 0.001
    epoch 8: loss 0.6929779324917434, minutes 15.93, val_ap 0.4968406784987471, lr 0.001
    epoch 9: loss 0.6860628411432222, minutes 17.94, val_ap 0.515878454585477, lr 0.001
    epoch 10: loss 0.675270305634234, minutes 20.05, val_ap 0.5287330482418939, lr 0.001
    epoch 11: loss 0.6799563302986884, minutes 22.12, val_ap 0.48021565795843524, lr 0.001
    epoch 12: loss 0.6719321264869216, minutes 24.29, val_ap 0.503937401173251, lr 0.001
    epoch 13: loss 0.6633237715745937, minutes 26.44, val_ap 0.490026270604727, lr 0.001
    epoch 14: loss 0.6712151340321998, minutes 28.46, val_ap 0.5039974411635602, lr 0.001
    epoch 15: loss 0.6656023678235236, minutes 30.51, val_ap 0.5195691201452898, lr 0.001
    epoch 16: loss 0.6513253417662802, minutes 32.53, val_ap 0.5226359082756173, lr 0.001
    epoch 17: loss 0.6443670862327421, minutes 34.54, val_ap 0.528608893036296, lr 0.001
    epoch 18: loss 0.6518945917487144, minutes 36.56, val_ap 0.5250258167441664, lr 0.001
    epoch 19: loss 0.6438278187217051, minutes 38.61, val_ap 0.5205306343190671, lr 0.0005
    epoch 20: loss 0.6072964003320375, minutes 40.64, val_ap 0.54300235368082, lr 0.0005
    epoch 21: loss 0.5993665045913245, minutes 42.7, val_ap 0.530676979037162, lr 0.0005
    epoch 22: loss 0.6026713789542976, minutes 44.74, val_ap 0.5319499709784647, lr 0.0005
    epoch 23: loss 0.5932653134613368, minutes 46.77, val_ap 0.5301070993909348, lr 0.0005
    epoch 24: loss 0.5953321279904057, minutes 48.78, val_ap 0.5460208295665254, lr 0.0005
    epoch 25: loss 0.5816419750796578, minutes 50.78, val_ap 0.5414572353653972, lr 0.0005
    epoch 26: loss 0.5877505523621003, minutes 52.72, val_ap 0.5457055746431901, lr 0.0005
    epoch 27: loss 0.5919111724189251, minutes 54.79, val_ap 0.5417115398947694, lr 0.0005
    epoch 28: loss 0.5852888028401171, minutes 56.84, val_ap 0.524044895020278, lr 0.0005
    epoch 29: loss 0.5804286352816345, minutes 58.87, val_ap 0.5441587968832928, lr 0.0005
    epoch 30: loss 0.5758172895522476, minutes 60.9, val_ap 0.5448505555883768, lr 0.0005
    epoch 31: loss 0.5756887840914588, minutes 62.91, val_ap 0.5411990855291633, lr 0.0005
    epoch 32: loss 0.5667574794995303, minutes 64.97, val_ap 0.5380499014206702, lr 0.0005
    epoch 33: loss 0.572701592838144, minutes 67.0, val_ap 0.5352850870370974, lr 0.00025
    epoch 34: loss 0.5451694993097658, minutes 69.06, val_ap 0.5443294673646145, lr 0.00025
    epoch 35: loss 0.5349330809936358, minutes 71.08, val_ap 0.5433614969620036, lr 0.00025
    epoch 36: loss 0.5342939289319033, minutes 73.13, val_ap 0.5372532445223079, lr 0.00025
    epoch 37: loss 0.5318884309058245, minutes 75.22, val_ap 0.5447523204783565, lr 0.00025
    epoch 38: loss 0.516195880927447, minutes 77.27, val_ap 0.5413595635385176, lr 0.00025
    epoch 39: loss 0.5265266648089955, minutes 79.32, val_ap 0.538183395356099, lr 0.00025
    epoch 40: loss 0.5250896451015004, minutes 81.34, val_ap 0.5422660852089055, lr 0.00025
    epoch 41: loss 0.5282111875497537, minutes 83.4, val_ap 0.5408942416021708, lr 0.00025
    epoch 42: loss 0.5116721955854768, minutes 85.47, val_ap 0.5392802631755595, lr 0.000125
    epoch 43: loss 0.5069349682486126, minutes 87.51, val_ap 0.5379667333051734, lr 0.000125
    epoch 44: loss 0.4991045177327415, minutes 89.55, val_ap 0.5402803358033464, lr 0.000125
    epoch 45: loss 0.49275542076440215, minutes 91.49, val_ap 0.5390519221257677, lr 0.000125
    epoch 46: loss 0.5019916376971096, minutes 93.56, val_ap 0.5358756745850882, lr 0.000125
    epoch 47: loss 0.4901276259236253, minutes 95.63, val_ap 0.5412785209443873, lr 0.000125
    epoch 48: loss 0.4996455944428554, minutes 97.7, val_ap 0.5360521072953135, lr 0.000125
    stopping: no validation gain in 25 epochs
[set_transformer dataset0 fold 2 seed 1] done (101.5 min)
