loaded: dataset0 121,838 sites, data1 90,452
[scalar_msg pooled_both fold 4 seed 2]
    kernel decay scale 97.3 nt (fitted to cell line 1 training labels)
    epoch 1: loss 1.9184, val_ap 0.1544, minutes 0.83, lr 3.31e-04
    epoch 2: loss 1.5580, val_ap 0.3021, minutes 1.67, lr 6.60e-04
    epoch 3: loss 1.4120, val_ap 0.4200, minutes 2.53, lr 9.89e-04
    epoch 4: loss 1.3276, val_ap 0.4467, minutes 3.41, lr 1.00e-03
    epoch 5: loss 1.2815, val_ap 0.4518, minutes 4.29, lr 1.00e-03
    epoch 6: loss 1.2634, val_ap 0.4567, minutes 5.15, lr 1.00e-03
    epoch 7: loss 1.2493, val_ap 0.4604, minutes 5.95, lr 1.00e-03
    epoch 8: loss 1.2496, val_ap 0.4615, minutes 6.77, lr 1.00e-03
    epoch 9: loss 1.2347, val_ap 0.4750, minutes 7.63, lr 1.00e-03
    epoch 10: loss 1.2336, val_ap 0.4729, minutes 8.45, lr 1.00e-03
    epoch 11: loss 1.2268, val_ap 0.4779, minutes 9.3, lr 1.00e-03
    epoch 12: loss 1.2209, val_ap 0.4786, minutes 10.18, lr 1.00e-03
    epoch 13: loss 1.2259, val_ap 0.4783, minutes 11.02, lr 1.00e-03
    epoch 14: loss 1.2055, val_ap 0.4845, minutes 11.85, lr 1.00e-03
    epoch 15: loss 1.1971, val_ap 0.4853, minutes 12.7, lr 1.00e-03
    epoch 16: loss 1.1984, val_ap 0.4858, minutes 13.52, lr 1.00e-03
    epoch 17: loss 1.1956, val_ap 0.4867, minutes 14.35, lr 1.00e-03
    epoch 18: loss 1.1926, val_ap 0.4861, minutes 15.2, lr 1.00e-03
    epoch 19: loss 1.1927, val_ap 0.4918, minutes 16.03, lr 1.00e-03
    epoch 20: loss 1.1903, val_ap 0.4911, minutes 16.93, lr 1.00e-03
    epoch 21: loss 1.1794, val_ap 0.4844, minutes 17.8, lr 1.00e-03
    epoch 22: loss 1.1770, val_ap 0.4887, minutes 18.72, lr 1.00e-03
    epoch 23: loss 1.1811, val_ap 0.4982, minutes 19.6, lr 1.00e-03
    epoch 24: loss 1.1762, val_ap 0.4860, minutes 20.46, lr 1.00e-03
    epoch 25: loss 1.1763, val_ap 0.4932, minutes 21.3, lr 1.00e-03
    epoch 26: loss 1.1756, val_ap 0.4865, minutes 22.13, lr 1.00e-03
    epoch 27: loss 1.1674, val_ap 0.4939, minutes 22.99, lr 1.00e-03
    epoch 28: loss 1.1692, val_ap 0.4938, minutes 23.85, lr 1.00e-03
    epoch 29: loss 1.1675, val_ap 0.4989, minutes 24.67, lr 1.00e-03
    epoch 30: loss 1.1623, val_ap 0.4929, minutes 25.55, lr 1.00e-03
    epoch 31: loss 1.1632, val_ap 0.4938, minutes 26.45, lr 1.00e-03
    epoch 32: loss 1.1601, val_ap 0.4919, minutes 27.38, lr 1.00e-03
    epoch 33: loss 1.1519, val_ap 0.4941, minutes 28.3, lr 1.00e-03
    epoch 34: loss 1.1469, val_ap 0.4921, minutes 29.21, lr 1.00e-03
    epoch 35: loss 1.1562, val_ap 0.5001, minutes 30.11, lr 1.00e-03
    epoch 36: loss 1.1467, val_ap 0.4936, minutes 30.95, lr 1.00e-03
    epoch 37: loss 1.1451, val_ap 0.4841, minutes 31.82, lr 1.00e-03
    epoch 38: loss 1.1404, val_ap 0.4986, minutes 32.76, lr 1.00e-03
    epoch 39: loss 1.1467, val_ap 0.4943, minutes 33.65, lr 1.00e-03
    epoch 40: loss 1.1477, val_ap 0.5019, minutes 34.6, lr 1.00e-03
    epoch 41: loss 1.1406, val_ap 0.4856, minutes 35.49, lr 1.00e-03
    epoch 42: loss 1.1423, val_ap 0.4904, minutes 36.37, lr 1.00e-03
    epoch 43: loss 1.1310, val_ap 0.4971, minutes 37.29, lr 1.00e-03
    epoch 44: loss 1.1398, val_ap 0.4912, minutes 38.17, lr 1.00e-03
    epoch 45: loss 1.1366, val_ap 0.4954, minutes 39.07, lr 1.00e-03
    epoch 46: loss 1.1328, val_ap 0.4857, minutes 40.0, lr 1.00e-03
    epoch 47: loss 1.1264, val_ap 0.4953, minutes 40.87, lr 1.00e-03
    epoch 48: loss 1.1247, val_ap 0.4814, minutes 41.79, lr 1.00e-03
    epoch 49: loss 1.1235, val_ap 0.4924, minutes 42.74, lr 5.00e-04
    epoch 50: loss 1.1128, val_ap 0.4919, minutes 43.62, lr 5.00e-04
    epoch 51: loss 1.1033, val_ap 0.4657, minutes 44.53, lr 5.00e-04
    epoch 52: loss 1.1088, val_ap 0.4931, minutes 45.5, lr 5.00e-04
    epoch 53: loss 1.1120, val_ap 0.4902, minutes 46.38, lr 5.00e-04
    epoch 54: loss 1.1095, val_ap 0.4821, minutes 47.33, lr 5.00e-04
    epoch 55: loss 1.1016, val_ap 0.4735, minutes 48.24, lr 5.00e-04
    epoch 56: loss 1.1068, val_ap 0.4927, minutes 49.15, lr 5.00e-04
    epoch 57: loss 1.0980, val_ap 0.4810, minutes 50.01, lr 5.00e-04
    epoch 58: loss 1.1025, val_ap 0.4629, minutes 50.84, lr 2.50e-04
    epoch 59: loss 1.1000, val_ap 0.4873, minutes 51.76, lr 2.50e-04
    epoch 60: loss 1.0859, val_ap 0.4822, minutes 52.69, lr 2.50e-04
    epoch 61: loss 1.0894, val_ap 0.4851, minutes 53.58, lr 2.50e-04
    epoch 62: loss 1.0849, val_ap 0.4863, minutes 54.41, lr 2.50e-04
    epoch 63: loss 1.0836, val_ap 0.4817, minutes 55.33, lr 2.50e-04
    epoch 64: loss 1.0818, val_ap 0.4864, minutes 56.24, lr 2.50e-04
    epoch 65: loss 1.0822, val_ap 0.4770, minutes 57.11, lr 2.50e-04
    stopping: no validation gain in 25 epochs
[scalar_msg pooled_both fold 4 seed 2] done (58.0 min)
