loaded: dataset0 121,838 sites, data1 90,452
[fk_band dataset0 fold 4 seed 1]
    band weights [0.402, 0.362, 0.236] (bands ((0, 30), (30, 75), (75, 150)))
    epoch 1: loss 1.9688, val_ap 0.1486, minutes 0.47, lr 3.33e-04
    epoch 2: loss 1.6087, val_ap 0.2020, minutes 0.94, lr 6.63e-04
    epoch 3: loss 1.3860, val_ap 0.3875, minutes 1.44, lr 9.92e-04
    epoch 4: loss 1.1899, val_ap 0.4909, minutes 1.87, lr 1.00e-03
    epoch 5: loss 1.1088, val_ap 0.4986, minutes 2.36, lr 1.00e-03
    epoch 6: loss 1.0910, val_ap 0.5013, minutes 2.8, lr 1.00e-03
    epoch 7: loss 1.0504, val_ap 0.5060, minutes 3.28, lr 1.00e-03
    epoch 8: loss 1.0144, val_ap 0.5084, minutes 3.7, lr 1.00e-03
    epoch 9: loss 1.0109, val_ap 0.5280, minutes 4.14, lr 1.00e-03
    epoch 10: loss 1.0116, val_ap 0.5392, minutes 4.6, lr 1.00e-03
    epoch 11: loss 0.9620, val_ap 0.5418, minutes 5.09, lr 1.00e-03
    epoch 12: loss 0.9745, val_ap 0.5495, minutes 5.56, lr 1.00e-03
    epoch 13: loss 0.9424, val_ap 0.5472, minutes 6.02, lr 1.00e-03
    epoch 14: loss 0.9361, val_ap 0.5473, minutes 6.49, lr 1.00e-03
    epoch 15: loss 0.9236, val_ap 0.5468, minutes 6.94, lr 1.00e-03
    epoch 16: loss 0.9392, val_ap 0.5630, minutes 7.41, lr 1.00e-03
    epoch 17: loss 0.9387, val_ap 0.5610, minutes 7.88, lr 1.00e-03
    epoch 18: loss 0.9188, val_ap 0.5592, minutes 8.37, lr 1.00e-03
    epoch 19: loss 0.8887, val_ap 0.5552, minutes 8.82, lr 1.00e-03
    epoch 20: loss 0.9069, val_ap 0.5581, minutes 9.25, lr 1.00e-03
    epoch 21: loss 0.8837, val_ap 0.5575, minutes 9.72, lr 1.00e-03
    epoch 22: loss 0.8897, val_ap 0.5602, minutes 10.21, lr 1.00e-03
    epoch 23: loss 0.8854, val_ap 0.5691, minutes 10.67, lr 1.00e-03
    epoch 24: loss 0.8879, val_ap 0.5624, minutes 11.13, lr 1.00e-03
    epoch 25: loss 0.8715, val_ap 0.5678, minutes 11.6, lr 1.00e-03
    epoch 26: loss 0.8679, val_ap 0.5724, minutes 12.11, lr 1.00e-03
    epoch 27: loss 0.8765, val_ap 0.5741, minutes 12.6, lr 1.00e-03
    epoch 28: loss 0.8688, val_ap 0.5699, minutes 13.08, lr 1.00e-03
    epoch 29: loss 0.8608, val_ap 0.5718, minutes 13.55, lr 1.00e-03
    epoch 30: loss 0.8381, val_ap 0.5710, minutes 14.03, lr 1.00e-03
    epoch 31: loss 0.8361, val_ap 0.5696, minutes 14.5, lr 1.00e-03
    epoch 32: loss 0.8385, val_ap 0.5717, minutes 14.97, lr 1.00e-03
    epoch 33: loss 0.8589, val_ap 0.5799, minutes 15.47, lr 1.00e-03
    epoch 34: loss 0.8307, val_ap 0.5838, minutes 15.93, lr 1.00e-03
    epoch 35: loss 0.8349, val_ap 0.5810, minutes 16.42, lr 1.00e-03
    epoch 36: loss 0.8256, val_ap 0.5790, minutes 16.89, lr 1.00e-03
    epoch 37: loss 0.8166, val_ap 0.5843, minutes 17.37, lr 1.00e-03
    epoch 38: loss 0.8460, val_ap 0.5789, minutes 17.85, lr 1.00e-03
    epoch 39: loss 0.8241, val_ap 0.5890, minutes 18.3, lr 1.00e-03
    epoch 40: loss 0.8038, val_ap 0.5855, minutes 18.72, lr 1.00e-03
    epoch 41: loss 0.8096, val_ap 0.5889, minutes 19.17, lr 1.00e-03
    epoch 42: loss 0.8019, val_ap 0.5891, minutes 19.62, lr 1.00e-03
    epoch 43: loss 0.8159, val_ap 0.5898, minutes 20.07, lr 1.00e-03
    epoch 44: loss 0.8046, val_ap 0.5941, minutes 20.55, lr 1.00e-03
    epoch 45: loss 0.7864, val_ap 0.5969, minutes 21.03, lr 1.00e-03
    epoch 46: loss 0.7917, val_ap 0.5843, minutes 21.52, lr 1.00e-03
    epoch 47: loss 0.7960, val_ap 0.5899, minutes 22.0, lr 1.00e-03
    epoch 48: loss 0.7880, val_ap 0.5881, minutes 22.48, lr 1.00e-03
    epoch 49: loss 0.7670, val_ap 0.5959, minutes 22.94, lr 1.00e-03
    epoch 50: loss 0.7879, val_ap 0.5892, minutes 23.41, lr 1.00e-03
    epoch 51: loss 0.7833, val_ap 0.5941, minutes 23.88, lr 1.00e-03
    epoch 52: loss 0.7763, val_ap 0.5838, minutes 24.32, lr 1.00e-03
    epoch 53: loss 0.7785, val_ap 0.5861, minutes 24.78, lr 1.00e-03
    epoch 54: loss 0.7735, val_ap 0.5942, minutes 25.27, lr 5.00e-04
    epoch 55: loss 0.7403, val_ap 0.5897, minutes 25.77, lr 5.00e-04
    epoch 56: loss 0.7454, val_ap 0.5953, minutes 26.24, lr 5.00e-04
    epoch 57: loss 0.7359, val_ap 0.5919, minutes 26.75, lr 5.00e-04
    epoch 58: loss 0.7392, val_ap 0.5928, minutes 27.22, lr 5.00e-04
    epoch 59: loss 0.7385, val_ap 0.5951, minutes 27.69, lr 5.00e-04
    epoch 60: loss 0.7338, val_ap 0.5929, minutes 28.16, lr 5.00e-04
    epoch 61: loss 0.7363, val_ap 0.5912, minutes 28.62, lr 5.00e-04
    epoch 62: loss 0.7216, val_ap 0.5967, minutes 29.1, lr 5.00e-04
    epoch 63: loss 0.7263, val_ap 0.5923, minutes 29.58, lr 2.50e-04
    epoch 64: loss 0.7099, val_ap 0.5954, minutes 30.06, lr 2.50e-04
    epoch 65: loss 0.7119, val_ap 0.5953, minutes 30.51, lr 2.50e-04
    epoch 66: loss 0.7151, val_ap 0.5975, minutes 31.0, lr 2.50e-04
    epoch 67: loss 0.7321, val_ap 0.5946, minutes 31.49, lr 2.50e-04
    epoch 68: loss 0.7102, val_ap 0.5956, minutes 32.01, lr 2.50e-04
    epoch 69: loss 0.7006, val_ap 0.5957, minutes 32.52, lr 2.50e-04
    epoch 70: loss 0.7117, val_ap 0.5926, minutes 32.98, lr 2.50e-04
    epoch 71: loss 0.7020, val_ap 0.5976, minutes 33.48, lr 2.50e-04
    epoch 72: loss 0.6966, val_ap 0.5932, minutes 33.98, lr 2.50e-04
    epoch 73: loss 0.7008, val_ap 0.5943, minutes 34.5, lr 2.50e-04
    epoch 74: loss 0.7126, val_ap 0.5970, minutes 34.95, lr 2.50e-04
    epoch 75: loss 0.7017, val_ap 0.5974, minutes 35.42, lr 2.50e-04
    epoch 76: loss 0.7032, val_ap 0.6006, minutes 35.89, lr 2.50e-04
    epoch 77: loss 0.6963, val_ap 0.5994, minutes 36.37, lr 2.50e-04
    epoch 78: loss 0.7061, val_ap 0.5976, minutes 36.84, lr 2.50e-04
    epoch 79: loss 0.6925, val_ap 0.5991, minutes 37.29, lr 2.50e-04
    epoch 80: loss 0.6963, val_ap 0.5970, minutes 37.76, lr 2.50e-04
    epoch 81: loss 0.7011, val_ap 0.5975, minutes 38.22, lr 2.50e-04
    epoch 82: loss 0.6928, val_ap 0.5984, minutes 38.69, lr 2.50e-04
    epoch 83: loss 0.6993, val_ap 0.5996, minutes 39.14, lr 2.50e-04
    epoch 84: loss 0.7031, val_ap 0.5970, minutes 39.63, lr 2.50e-04
    epoch 85: loss 0.6930, val_ap 0.5962, minutes 40.09, lr 1.25e-04
    epoch 86: loss 0.6737, val_ap 0.6000, minutes 40.54, lr 1.25e-04
    epoch 87: loss 0.6913, val_ap 0.5974, minutes 41.02, lr 1.25e-04
    epoch 88: loss 0.6750, val_ap 0.5998, minutes 41.48, lr 1.25e-04
    epoch 89: loss 0.6864, val_ap 0.6012, minutes 41.93, lr 1.25e-04
    epoch 90: loss 0.6844, val_ap 0.6036, minutes 42.38, lr 1.25e-04
    epoch 91: loss 0.6777, val_ap 0.6027, minutes 42.86, lr 1.25e-04
    epoch 92: loss 0.6864, val_ap 0.6002, minutes 43.36, lr 1.25e-04
    epoch 93: loss 0.6690, val_ap 0.5983, minutes 43.82, lr 1.25e-04
    epoch 94: loss 0.6788, val_ap 0.5998, minutes 44.31, lr 1.25e-04
    epoch 95: loss 0.6762, val_ap 0.5988, minutes 44.78, lr 1.25e-04
    epoch 96: loss 0.6849, val_ap 0.6005, minutes 45.22, lr 1.25e-04
    epoch 97: loss 0.6838, val_ap 0.6035, minutes 45.7, lr 1.25e-04
    epoch 98: loss 0.6735, val_ap 0.6020, minutes 46.15, lr 1.25e-04
    epoch 99: loss 0.6788, val_ap 0.6016, minutes 46.64, lr 6.25e-05
    epoch 100: loss 0.6746, val_ap 0.6022, minutes 47.09, lr 6.25e-05
    epoch 101: loss 0.6766, val_ap 0.6019, minutes 47.58, lr 6.25e-05
    epoch 102: loss 0.6708, val_ap 0.6017, minutes 48.04, lr 6.25e-05
    epoch 103: loss 0.6773, val_ap 0.6020, minutes 48.48, lr 6.25e-05
    epoch 104: loss 0.6751, val_ap 0.6004, minutes 48.97, lr 6.25e-05
    epoch 105: loss 0.6711, val_ap 0.6005, minutes 49.45, lr 6.25e-05
    epoch 106: loss 0.6672, val_ap 0.6014, minutes 49.93, lr 6.25e-05
    epoch 107: loss 0.6665, val_ap 0.6012, minutes 50.37, lr 6.25e-05
    epoch 108: loss 0.6588, val_ap 0.5996, minutes 50.83, lr 3.13e-05
    epoch 109: loss 0.6665, val_ap 0.5998, minutes 51.33, lr 3.13e-05
    epoch 110: loss 0.6665, val_ap 0.6000, minutes 51.78, lr 3.13e-05
    epoch 111: loss 0.6621, val_ap 0.6001, minutes 52.21, lr 3.13e-05
    epoch 112: loss 0.6614, val_ap 0.5992, minutes 52.63, lr 3.13e-05
    epoch 113: loss 0.6589, val_ap 0.6001, minutes 53.05, lr 3.13e-05
    epoch 114: loss 0.6586, val_ap 0.5998, minutes 53.52, lr 3.13e-05
    epoch 115: loss 0.6563, val_ap 0.6004, minutes 54.03, lr 3.13e-05
    stopping: no validation gain in 25 epochs
[fk_band dataset0 fold 4 seed 1] done (54.8 min)
