loaded: dataset0 121,838 sites, data1 90,452
[fk_band dataset0 fold 1 seed 2]
    band weights [0.415, 0.354, 0.231] (bands ((0, 30), (30, 75), (75, 150)))
    epoch 1: loss 1.9619, val_ap 0.1665, minutes 0.5, lr 3.33e-04
    epoch 2: loss 1.5606, val_ap 0.2580, minutes 1.01, lr 6.63e-04
    epoch 3: loss 1.3479, val_ap 0.4326, minutes 1.56, lr 9.92e-04
    epoch 4: loss 1.1649, val_ap 0.4939, minutes 2.08, lr 1.00e-03
    epoch 5: loss 1.1144, val_ap 0.5138, minutes 2.6, lr 1.00e-03
    epoch 6: loss 1.0885, val_ap 0.5219, minutes 3.09, lr 1.00e-03
    epoch 7: loss 1.0627, val_ap 0.5375, minutes 3.59, lr 1.00e-03
    epoch 8: loss 1.0022, val_ap 0.5392, minutes 4.1, lr 1.00e-03
    epoch 9: loss 0.9825, val_ap 0.5455, minutes 4.57, lr 1.00e-03
    epoch 10: loss 0.9872, val_ap 0.5448, minutes 5.06, lr 1.00e-03
    epoch 11: loss 0.9412, val_ap 0.5561, minutes 5.53, lr 1.00e-03
    epoch 12: loss 0.9583, val_ap 0.5635, minutes 6.03, lr 1.00e-03
    epoch 13: loss 0.9549, val_ap 0.5674, minutes 6.52, lr 1.00e-03
    epoch 14: loss 0.9454, val_ap 0.5692, minutes 7.06, lr 1.00e-03
    epoch 15: loss 0.9354, val_ap 0.5698, minutes 7.57, lr 1.00e-03
    epoch 16: loss 0.9044, val_ap 0.5715, minutes 8.09, lr 1.00e-03
    epoch 17: loss 0.9099, val_ap 0.5799, minutes 8.62, lr 1.00e-03
    epoch 18: loss 0.8882, val_ap 0.5810, minutes 9.14, lr 1.00e-03
    epoch 19: loss 0.8891, val_ap 0.5808, minutes 9.64, lr 1.00e-03
    epoch 20: loss 0.8906, val_ap 0.5838, minutes 10.11, lr 1.00e-03
    epoch 21: loss 0.8777, val_ap 0.5840, minutes 10.61, lr 1.00e-03
    epoch 22: loss 0.8793, val_ap 0.5795, minutes 11.14, lr 1.00e-03
    epoch 23: loss 0.8877, val_ap 0.5873, minutes 11.63, lr 1.00e-03
    epoch 24: loss 0.8658, val_ap 0.5887, minutes 12.14, lr 1.00e-03
    epoch 25: loss 0.8698, val_ap 0.5922, minutes 12.69, lr 1.00e-03
    epoch 26: loss 0.8560, val_ap 0.5996, minutes 13.18, lr 1.00e-03
    epoch 27: loss 0.8561, val_ap 0.5951, minutes 13.73, lr 1.00e-03
    epoch 28: loss 0.8474, val_ap 0.5994, minutes 14.23, lr 1.00e-03
    epoch 29: loss 0.8384, val_ap 0.5995, minutes 14.73, lr 1.00e-03
    epoch 30: loss 0.8641, val_ap 0.5975, minutes 15.22, lr 1.00e-03
    epoch 31: loss 0.8501, val_ap 0.5913, minutes 15.71, lr 1.00e-03
    epoch 32: loss 0.8371, val_ap 0.5988, minutes 16.21, lr 1.00e-03
    epoch 33: loss 0.8352, val_ap 0.5978, minutes 16.73, lr 1.00e-03
    epoch 34: loss 0.8172, val_ap 0.5982, minutes 17.22, lr 1.00e-03
    epoch 35: loss 0.8216, val_ap 0.6004, minutes 17.73, lr 1.00e-03
    epoch 36: loss 0.8198, val_ap 0.6000, minutes 18.17, lr 1.00e-03
    epoch 37: loss 0.8247, val_ap 0.6044, minutes 18.68, lr 1.00e-03
    epoch 38: loss 0.8290, val_ap 0.6046, minutes 19.2, lr 1.00e-03
    epoch 39: loss 0.8126, val_ap 0.5974, minutes 19.78, lr 1.00e-03
    epoch 40: loss 0.8223, val_ap 0.6055, minutes 20.26, lr 1.00e-03
    epoch 41: loss 0.8117, val_ap 0.6009, minutes 20.78, lr 1.00e-03
    epoch 42: loss 0.8077, val_ap 0.6030, minutes 21.31, lr 1.00e-03
    epoch 43: loss 0.8003, val_ap 0.6067, minutes 21.8, lr 1.00e-03
    epoch 44: loss 0.7930, val_ap 0.5972, minutes 22.32, lr 1.00e-03
    epoch 45: loss 0.7996, val_ap 0.5887, minutes 22.83, lr 1.00e-03
    epoch 46: loss 0.7933, val_ap 0.6075, minutes 23.33, lr 1.00e-03
    epoch 47: loss 0.8099, val_ap 0.5997, minutes 23.83, lr 1.00e-03
    epoch 48: loss 0.8137, val_ap 0.6062, minutes 24.3, lr 1.00e-03
    epoch 49: loss 0.8109, val_ap 0.6010, minutes 24.83, lr 1.00e-03
    epoch 50: loss 0.7851, val_ap 0.6012, minutes 25.35, lr 1.00e-03
    epoch 51: loss 0.7985, val_ap 0.5969, minutes 25.86, lr 1.00e-03
    epoch 52: loss 0.7847, val_ap 0.5952, minutes 26.37, lr 1.00e-03
    epoch 53: loss 0.7781, val_ap 0.5937, minutes 26.9, lr 1.00e-03
    epoch 54: loss 0.7707, val_ap 0.5961, minutes 27.38, lr 1.00e-03
    epoch 55: loss 0.7982, val_ap 0.5990, minutes 27.9, lr 5.00e-04
    epoch 56: loss 0.7507, val_ap 0.5963, minutes 28.44, lr 5.00e-04
    epoch 57: loss 0.7513, val_ap 0.6025, minutes 28.94, lr 5.00e-04
    epoch 58: loss 0.7423, val_ap 0.5970, minutes 29.45, lr 5.00e-04
    epoch 59: loss 0.7323, val_ap 0.5951, minutes 29.97, lr 5.00e-04
    epoch 60: loss 0.7335, val_ap 0.5946, minutes 30.47, lr 5.00e-04
    epoch 61: loss 0.7352, val_ap 0.5996, minutes 30.96, lr 5.00e-04
    epoch 62: loss 0.7298, val_ap 0.6073, minutes 31.46, lr 5.00e-04
    epoch 63: loss 0.7295, val_ap 0.6011, minutes 31.96, lr 5.00e-04
    epoch 64: loss 0.7160, val_ap 0.5927, minutes 32.48, lr 2.50e-04
    epoch 65: loss 0.7182, val_ap 0.5949, minutes 33.03, lr 2.50e-04
    epoch 66: loss 0.7142, val_ap 0.6003, minutes 33.51, lr 2.50e-04
    epoch 67: loss 0.7026, val_ap 0.6005, minutes 34.04, lr 2.50e-04
    epoch 68: loss 0.7155, val_ap 0.5986, minutes 34.56, lr 2.50e-04
    epoch 69: loss 0.7135, val_ap 0.6010, minutes 35.08, lr 2.50e-04
    epoch 70: loss 0.7010, val_ap 0.5993, minutes 35.53, lr 2.50e-04
    epoch 71: loss 0.6992, val_ap 0.5985, minutes 36.02, lr 2.50e-04
    stopping: no validation gain in 25 epochs
[fk_band dataset0 fold 1 seed 2] done (36.8 min)
