loaded: dataset0 121,838 sites, data1 90,452
[h2gcn_aux_r400 pooled_both fold 1]
    epoch 1: loss 1.8954, val_ap 0.1822, minutes 0.84, lr 3.31e-04
    epoch 2: loss 1.5212, val_ap 0.3668, minutes 1.45, lr 6.60e-04
    epoch 3: loss 1.3627, val_ap 0.4337, minutes 2.08, lr 9.89e-04
    epoch 4: loss 1.3050, val_ap 0.4560, minutes 2.72, lr 1.00e-03
    epoch 5: loss 1.2570, val_ap 0.4623, minutes 3.43, lr 1.00e-03
    epoch 6: loss 1.2436, val_ap 0.4647, minutes 4.22, lr 1.00e-03
    epoch 7: loss 1.2286, val_ap 0.4711, minutes 5.0, lr 1.00e-03
    epoch 8: loss 1.2333, val_ap 0.4682, minutes 5.74, lr 1.00e-03
    epoch 9: loss 1.2091, val_ap 0.4660, minutes 6.47, lr 1.00e-03
    epoch 10: loss 1.2075, val_ap 0.4754, minutes 7.22, lr 1.00e-03
    epoch 11: loss 1.2036, val_ap 0.4672, minutes 7.98, lr 1.00e-03
    epoch 12: loss 1.2132, val_ap 0.4750, minutes 8.66, lr 1.00e-03
    epoch 13: loss 1.1893, val_ap 0.4752, minutes 9.42, lr 1.00e-03
    epoch 14: loss 1.1822, val_ap 0.4773, minutes 10.93, lr 1.00e-03
    epoch 15: loss 1.1968, val_ap 0.4808, minutes 12.38, lr 1.00e-03
    epoch 16: loss 1.1781, val_ap 0.4803, minutes 13.86, lr 1.00e-03
    epoch 17: loss 1.1820, val_ap 0.4814, minutes 15.37, lr 1.00e-03
    epoch 18: loss 1.1742, val_ap 0.4796, minutes 16.91, lr 1.00e-03
    epoch 19: loss 1.1807, val_ap 0.4851, minutes 18.42, lr 1.00e-03
    epoch 20: loss 1.1600, val_ap 0.4799, minutes 19.88, lr 1.00e-03
    epoch 21: loss 1.1652, val_ap 0.4866, minutes 21.38, lr 1.00e-03
    epoch 22: loss 1.1629, val_ap 0.4806, minutes 22.85, lr 1.00e-03
    epoch 23: loss 1.1638, val_ap 0.4833, minutes 24.26, lr 1.00e-03
    epoch 24: loss 1.1446, val_ap 0.4810, minutes 25.73, lr 1.00e-03
    epoch 25: loss 1.1503, val_ap 0.4886, minutes 27.23, lr 1.00e-03
    epoch 26: loss 1.1470, val_ap 0.4849, minutes 28.77, lr 1.00e-03
    epoch 27: loss 1.1425, val_ap 0.4840, minutes 30.28, lr 1.00e-03
    epoch 28: loss 1.1403, val_ap 0.4832, minutes 31.76, lr 1.00e-03
    epoch 29: loss 1.1339, val_ap 0.4866, minutes 33.25, lr 1.00e-03
    epoch 30: loss 1.1267, val_ap 0.4882, minutes 34.76, lr 1.00e-03
    epoch 31: loss 1.1264, val_ap 0.4879, minutes 36.3, lr 1.00e-03
    epoch 32: loss 1.1319, val_ap 0.4906, minutes 37.8, lr 1.00e-03
    epoch 33: loss 1.1164, val_ap 0.4919, minutes 39.33, lr 1.00e-03
    epoch 34: loss 1.1254, val_ap 0.4939, minutes 40.87, lr 1.00e-03
    epoch 35: loss 1.1110, val_ap 0.4875, minutes 42.37, lr 1.00e-03
    epoch 36: loss 1.1088, val_ap 0.4900, minutes 43.83, lr 1.00e-03
    epoch 37: loss 1.1098, val_ap 0.4954, minutes 45.31, lr 1.00e-03
    epoch 38: loss 1.0976, val_ap 0.4915, minutes 46.79, lr 1.00e-03
    epoch 39: loss 1.1026, val_ap 0.4874, minutes 48.26, lr 1.00e-03
    epoch 40: loss 1.0943, val_ap 0.4967, minutes 49.77, lr 1.00e-03
    epoch 41: loss 1.0923, val_ap 0.4941, minutes 51.25, lr 1.00e-03
    epoch 42: loss 1.0984, val_ap 0.4928, minutes 52.74, lr 1.00e-03
    epoch 43: loss 1.0873, val_ap 0.4938, minutes 54.33, lr 1.00e-03
    epoch 44: loss 1.0880, val_ap 0.4959, minutes 55.85, lr 1.00e-03
    epoch 45: loss 1.0803, val_ap 0.4998, minutes 57.32, lr 1.00e-03
    epoch 46: loss 1.0806, val_ap 0.4923, minutes 58.87, lr 1.00e-03
    epoch 47: loss 1.0658, val_ap 0.4962, minutes 60.39, lr 1.00e-03
    epoch 48: loss 1.0703, val_ap 0.4953, minutes 61.87, lr 1.00e-03
    epoch 49: loss 1.0743, val_ap 0.4952, minutes 63.36, lr 1.00e-03
    epoch 50: loss 1.0687, val_ap 0.4912, minutes 64.85, lr 1.00e-03
    epoch 51: loss 1.0590, val_ap 0.4972, minutes 66.32, lr 1.00e-03
    epoch 52: loss 1.0566, val_ap 0.4890, minutes 67.85, lr 1.00e-03
    epoch 53: loss 1.0511, val_ap 0.4972, minutes 69.28, lr 1.00e-03
    epoch 54: loss 1.0442, val_ap 0.4811, minutes 70.66, lr 5.00e-04
    epoch 55: loss 1.0285, val_ap 0.4947, minutes 72.0, lr 5.00e-04
    epoch 56: loss 1.0229, val_ap 0.4911, minutes 73.33, lr 5.00e-04
    epoch 57: loss 1.0208, val_ap 0.4929, minutes 74.59, lr 5.00e-04
    epoch 58: loss 1.0175, val_ap 0.4877, minutes 75.85, lr 5.00e-04
    epoch 59: loss 1.0134, val_ap 0.4881, minutes 77.12, lr 5.00e-04
    epoch 60: loss 1.0066, val_ap 0.4830, minutes 78.36, lr 5.00e-04
    epoch 61: loss 1.0109, val_ap 0.4931, minutes 79.57, lr 5.00e-04
    epoch 62: loss 1.0138, val_ap 0.4914, minutes 80.74, lr 5.00e-04
    epoch 63: loss 1.0171, val_ap 0.4966, minutes 81.87, lr 2.50e-04
    epoch 64: loss 0.9926, val_ap 0.4922, minutes 82.92, lr 2.50e-04
    epoch 65: loss 0.9874, val_ap 0.4924, minutes 84.0, lr 2.50e-04
    epoch 66: loss 0.9871, val_ap 0.4876, minutes 85.04, lr 2.50e-04
    epoch 67: loss 0.9850, val_ap 0.4872, minutes 85.98, lr 2.50e-04
    epoch 68: loss 0.9866, val_ap 0.4874, minutes 86.89, lr 2.50e-04
    epoch 69: loss 0.9837, val_ap 0.4929, minutes 87.8, lr 2.50e-04
    epoch 70: loss 0.9846, val_ap 0.4911, minutes 88.61, lr 2.50e-04
    stopping: no validation gain in 25 epochs
[h2gcn_aux_r400 pooled_both fold 1] done (89.3 min)
