loaded: dataset0 121,838 sites, data1 90,452
[set_transformer pooled_both fold 4 seed 1]
    epoch 1: loss 1.0299740914503734, minutes 2.83, val_ap 0.38243258761091575, lr 0.0003338888888888889
    epoch 2: loss 0.9073970815539361, minutes 6.35, val_ap 0.4079932610848885, lr 0.0006672222222222223
    epoch 3: loss 0.8872163969278336, minutes 10.06, val_ap 0.41474562633126855, lr 0.001
    epoch 4: loss 0.870864954094092, minutes 13.73, val_ap 0.431436110444837, lr 0.001
    epoch 5: loss 0.8506824791431427, minutes 17.49, val_ap 0.4411353430592365, lr 0.001
    epoch 6: loss 0.8465534511208535, minutes 21.33, val_ap 0.44705083597318984, lr 0.001
    epoch 7: loss 0.8399731633067131, minutes 25.2, val_ap 0.43556273118014416, lr 0.001
    epoch 8: loss 0.8393932765722275, minutes 29.06, val_ap 0.42578099358675753, lr 0.001
    epoch 9: loss 0.8328747466206551, minutes 32.76, val_ap 0.44876197787482286, lr 0.001
    epoch 10: loss 0.8272317970792452, minutes 36.59, val_ap 0.42638977698551056, lr 0.001
    epoch 11: loss 0.8234745013713837, minutes 40.45, val_ap 0.4432047412865354, lr 0.001
    epoch 12: loss 0.8200062135855357, minutes 44.23, val_ap 0.44584448024235124, lr 0.001
    epoch 13: loss 0.8239737664659817, minutes 48.02, val_ap 0.4363033469149652, lr 0.001
    epoch 14: loss 0.8139844529827436, minutes 51.82, val_ap 0.4502822028692375, lr 0.001
    epoch 15: loss 0.8080559834341208, minutes 55.68, val_ap 0.4378934372703281, lr 0.001
    epoch 16: loss 0.8101101164519787, minutes 59.45, val_ap 0.4473804998471882, lr 0.001
    epoch 17: loss 0.8006250802179178, minutes 63.3, val_ap 0.43918940286985125, lr 0.001
    epoch 18: loss 0.8007003523906072, minutes 67.09, val_ap 0.44117296049115556, lr 0.001
    epoch 19: loss 0.7938597629964351, minutes 70.92, val_ap 0.4597510895506659, lr 0.001
    epoch 20: loss 0.7944199485083421, minutes 74.7, val_ap 0.46047723980275623, lr 0.001
    epoch 21: loss 0.7893423774341742, minutes 78.43, val_ap 0.462686465251945, lr 0.001
    epoch 22: loss 0.7878687858581543, minutes 82.2, val_ap 0.4654471358182902, lr 0.001
    epoch 23: loss 0.7847430464128653, minutes 85.95, val_ap 0.4581610535001838, lr 0.001
    epoch 24: loss 0.7861582055687905, minutes 89.72, val_ap 0.4651107838408679, lr 0.001
    epoch 25: loss 0.7737655619780223, minutes 93.53, val_ap 0.45884534901325835, lr 0.001
    epoch 26: loss 0.775289888381958, minutes 97.37, val_ap 0.46819013602272047, lr 0.001
    epoch 27: loss 0.7714754641552766, minutes 101.05, val_ap 0.45667177743595844, lr 0.001
    epoch 28: loss 0.768664841602246, minutes 104.78, val_ap 0.4644970619750775, lr 0.001
    epoch 29: loss 0.7674422692755858, minutes 108.5, val_ap 0.4531966025752464, lr 0.001
    epoch 30: loss 0.7625168512761593, minutes 112.46, val_ap 0.4534527309626323, lr 0.001
    epoch 31: loss 0.7592902135848999, minutes 116.39, val_ap 0.46223444799373037, lr 0.001
    epoch 32: loss 0.7549851038058599, minutes 120.24, val_ap 0.4602174654146115, lr 0.001
    epoch 33: loss 0.7471633970240752, minutes 124.01, val_ap 0.4678810164582709, lr 0.001
    epoch 34: loss 0.7547310215234756, minutes 127.85, val_ap 0.45602389769877033, lr 0.001
    epoch 35: loss 0.7457051850855351, minutes 131.61, val_ap 0.46248484771083426, lr 0.0005
    epoch 36: loss 0.72183936804533, minutes 135.45, val_ap 0.468547518407535, lr 0.0005
    epoch 37: loss 0.708023045361042, minutes 139.12, val_ap 0.4637151599179583, lr 0.0005
    epoch 38: loss 0.7000926492114862, minutes 143.08, val_ap 0.46274953692904636, lr 0.0005
    epoch 39: loss 0.6966945468882719, minutes 146.94, val_ap 0.4553356884695472, lr 0.0005
    epoch 40: loss 0.6941885491212209, minutes 150.78, val_ap 0.46735101966407705, lr 0.0005
    epoch 41: loss 0.6861676354706288, minutes 154.69, val_ap 0.45626007666752894, lr 0.0005
    epoch 42: loss 0.6858076009651025, minutes 158.43, val_ap 0.45735801477513643, lr 0.0005
    epoch 43: loss 0.6810712959865729, minutes 162.2, val_ap 0.46255477332296724, lr 0.0005
    epoch 44: loss 0.6756199296812216, minutes 165.98, val_ap 0.4619014453324951, lr 0.0005
    epoch 45: loss 0.6719101279477279, minutes 169.74, val_ap 0.4595170341617894, lr 0.00025
    epoch 46: loss 0.6493649568160375, minutes 173.55, val_ap 0.4546424895478604, lr 0.00025
    epoch 47: loss 0.6463757154842218, minutes 177.32, val_ap 0.4658143727934424, lr 0.00025
    epoch 48: loss 0.636203249891599, minutes 181.08, val_ap 0.46409227242041295, lr 0.00025
    epoch 49: loss 0.6387444153428078, minutes 184.88, val_ap 0.46010456598684957, lr 0.00025
    epoch 50: loss 0.6362297660112382, minutes 188.5, val_ap 0.457673970931739, lr 0.00025
    epoch 51: loss 0.6308125918110211, minutes 192.09, val_ap 0.462383526182316, lr 0.00025
    epoch 52: loss 0.6217429543534915, minutes 195.84, val_ap 0.45586434665501535, lr 0.00025
    epoch 53: loss 0.6252294212579728, minutes 199.4, val_ap 0.46491076075228993, lr 0.00025
    epoch 54: loss 0.6202196008960406, minutes 203.04, val_ap 0.44770312525085026, lr 0.000125
    epoch 55: loss 0.6052017880479494, minutes 206.46, val_ap 0.46072416273780126, lr 0.000125
    epoch 56: loss 0.6066518560548624, minutes 210.12, val_ap 0.45602553541839713, lr 0.000125
    epoch 57: loss 0.5979457319527864, minutes 213.52, val_ap 0.452872921736707, lr 0.000125
    epoch 58: loss 0.599907439549764, minutes 217.07, val_ap 0.44973515130881403, lr 0.000125
    epoch 59: loss 0.5959997876485189, minutes 220.5, val_ap 0.4519352418980846, lr 0.000125
    epoch 60: loss 0.5949805151919524, minutes 224.16, val_ap 0.4436922293171264, lr 0.000125
    stopping: no validation gain in 25 epochs
[set_transformer pooled_both fold 4 seed 1] done (229.9 min)
