loaded: dataset0 121,838 sites, data1 90,452
[scalar_random dataset0 fold 3 seed 2]
    kernel decay scale 113.4 nt (fitted to cell line 1 training labels)
    epoch 1: loss 1.9780, val_ap 0.1293, minutes 0.47, lr 3.33e-04
    epoch 2: loss 1.5811, val_ap 0.2219, minutes 0.96, lr 6.63e-04
    epoch 3: loss 1.3694, val_ap 0.3544, minutes 1.45, lr 9.92e-04
    epoch 4: loss 1.2690, val_ap 0.4451, minutes 1.92, lr 1.00e-03
    epoch 5: loss 1.1914, val_ap 0.4506, minutes 2.43, lr 1.00e-03
    epoch 6: loss 1.1450, val_ap 0.4729, minutes 2.93, lr 1.00e-03
    epoch 7: loss 1.1225, val_ap 0.4840, minutes 3.43, lr 1.00e-03
    epoch 8: loss 1.0927, val_ap 0.4877, minutes 3.97, lr 1.00e-03
    epoch 9: loss 1.0776, val_ap 0.4891, minutes 4.5, lr 1.00e-03
    epoch 10: loss 1.0746, val_ap 0.4937, minutes 4.97, lr 1.00e-03
    epoch 11: loss 1.0397, val_ap 0.4920, minutes 5.52, lr 1.00e-03
    epoch 12: loss 1.0478, val_ap 0.4886, minutes 6.0, lr 1.00e-03
    epoch 13: loss 1.0223, val_ap 0.4931, minutes 6.49, lr 1.00e-03
    epoch 14: loss 1.0250, val_ap 0.5072, minutes 7.0, lr 1.00e-03
    epoch 15: loss 0.9981, val_ap 0.4967, minutes 7.48, lr 1.00e-03
    epoch 16: loss 1.0199, val_ap 0.5115, minutes 7.99, lr 1.00e-03
    epoch 17: loss 1.0124, val_ap 0.5112, minutes 8.48, lr 1.00e-03
    epoch 18: loss 0.9999, val_ap 0.5087, minutes 8.95, lr 1.00e-03
    epoch 19: loss 0.9931, val_ap 0.5133, minutes 9.44, lr 1.00e-03
    epoch 20: loss 1.0061, val_ap 0.5169, minutes 9.87, lr 1.00e-03
    epoch 21: loss 0.9835, val_ap 0.5114, minutes 10.38, lr 1.00e-03
    epoch 22: loss 0.9607, val_ap 0.5221, minutes 10.81, lr 1.00e-03
    epoch 23: loss 0.9795, val_ap 0.5229, minutes 11.32, lr 1.00e-03
    epoch 24: loss 0.9713, val_ap 0.5300, minutes 11.78, lr 1.00e-03
    epoch 25: loss 0.9729, val_ap 0.5205, minutes 12.28, lr 1.00e-03
    epoch 26: loss 0.9670, val_ap 0.5335, minutes 12.81, lr 1.00e-03
    epoch 27: loss 0.9610, val_ap 0.5286, minutes 13.33, lr 1.00e-03
    epoch 28: loss 0.9502, val_ap 0.5327, minutes 13.83, lr 1.00e-03
    epoch 29: loss 0.9571, val_ap 0.5355, minutes 14.31, lr 1.00e-03
    epoch 30: loss 0.9605, val_ap 0.5420, minutes 14.82, lr 1.00e-03
    epoch 31: loss 0.9481, val_ap 0.5473, minutes 15.31, lr 1.00e-03
    epoch 32: loss 0.9339, val_ap 0.5388, minutes 15.79, lr 1.00e-03
    epoch 33: loss 0.9312, val_ap 0.5417, minutes 16.35, lr 1.00e-03
    epoch 34: loss 0.9331, val_ap 0.5493, minutes 16.84, lr 1.00e-03
    epoch 35: loss 0.9188, val_ap 0.5486, minutes 17.31, lr 1.00e-03
    epoch 36: loss 0.9372, val_ap 0.5436, minutes 17.77, lr 1.00e-03
    epoch 37: loss 0.9098, val_ap 0.5416, minutes 18.23, lr 1.00e-03
    epoch 38: loss 0.9272, val_ap 0.5559, minutes 18.7, lr 1.00e-03
    epoch 39: loss 0.9194, val_ap 0.5496, minutes 19.22, lr 1.00e-03
    epoch 40: loss 0.9157, val_ap 0.5497, minutes 19.73, lr 1.00e-03
    epoch 41: loss 0.9075, val_ap 0.5523, minutes 20.18, lr 1.00e-03
    epoch 42: loss 0.9034, val_ap 0.5502, minutes 20.7, lr 1.00e-03
    epoch 43: loss 0.9101, val_ap 0.5596, minutes 21.19, lr 1.00e-03
    epoch 44: loss 0.9148, val_ap 0.5565, minutes 21.72, lr 1.00e-03
    epoch 45: loss 0.9159, val_ap 0.5635, minutes 22.16, lr 1.00e-03
    epoch 46: loss 0.8894, val_ap 0.5638, minutes 22.65, lr 1.00e-03
    epoch 47: loss 0.9027, val_ap 0.5602, minutes 23.14, lr 1.00e-03
    epoch 48: loss 0.9065, val_ap 0.5585, minutes 23.62, lr 1.00e-03
    epoch 49: loss 0.8877, val_ap 0.5614, minutes 24.11, lr 1.00e-03
    epoch 50: loss 0.8883, val_ap 0.5508, minutes 24.55, lr 1.00e-03
    epoch 51: loss 0.8983, val_ap 0.5647, minutes 25.05, lr 1.00e-03
    epoch 52: loss 0.9159, val_ap 0.5688, minutes 25.54, lr 1.00e-03
    epoch 53: loss 0.8748, val_ap 0.5649, minutes 26.03, lr 1.00e-03
    epoch 54: loss 0.8865, val_ap 0.5666, minutes 26.52, lr 1.00e-03
    epoch 55: loss 0.9046, val_ap 0.5659, minutes 26.98, lr 1.00e-03
    epoch 56: loss 0.8788, val_ap 0.5719, minutes 27.47, lr 1.00e-03
    epoch 57: loss 0.8708, val_ap 0.5728, minutes 27.94, lr 1.00e-03
    epoch 58: loss 0.8812, val_ap 0.5674, minutes 28.42, lr 1.00e-03
    epoch 59: loss 0.8636, val_ap 0.5716, minutes 28.92, lr 1.00e-03
    epoch 60: loss 0.8892, val_ap 0.5738, minutes 29.4, lr 1.00e-03
    epoch 61: loss 0.8851, val_ap 0.5725, minutes 29.87, lr 1.00e-03
    epoch 62: loss 0.8637, val_ap 0.5724, minutes 30.33, lr 1.00e-03
    epoch 63: loss 0.8745, val_ap 0.5705, minutes 30.8, lr 1.00e-03
    epoch 64: loss 0.8703, val_ap 0.5759, minutes 31.32, lr 1.00e-03
    epoch 65: loss 0.8839, val_ap 0.5715, minutes 31.83, lr 1.00e-03
    epoch 66: loss 0.8585, val_ap 0.5696, minutes 32.31, lr 1.00e-03
    epoch 67: loss 0.8671, val_ap 0.5705, minutes 32.82, lr 1.00e-03
    epoch 68: loss 0.8628, val_ap 0.5755, minutes 33.25, lr 1.00e-03
    epoch 69: loss 0.8669, val_ap 0.5678, minutes 33.72, lr 1.00e-03
    epoch 70: loss 0.8501, val_ap 0.5778, minutes 34.22, lr 1.00e-03
    epoch 71: loss 0.8535, val_ap 0.5713, minutes 34.7, lr 1.00e-03
    epoch 72: loss 0.8499, val_ap 0.5751, minutes 35.2, lr 1.00e-03
    epoch 73: loss 0.8508, val_ap 0.5785, minutes 35.69, lr 1.00e-03
    epoch 74: loss 0.8303, val_ap 0.5749, minutes 36.21, lr 1.00e-03
    epoch 75: loss 0.8513, val_ap 0.5770, minutes 36.74, lr 1.00e-03
    epoch 76: loss 0.8434, val_ap 0.5718, minutes 37.24, lr 1.00e-03
    epoch 77: loss 0.8685, val_ap 0.5728, minutes 37.72, lr 1.00e-03
    epoch 78: loss 0.9262, val_ap 0.5771, minutes 38.24, lr 1.00e-03
    epoch 79: loss 0.8483, val_ap 0.5723, minutes 38.76, lr 1.00e-03
    epoch 80: loss 0.8460, val_ap 0.5677, minutes 39.24, lr 1.00e-03
    epoch 81: loss 0.8356, val_ap 0.5730, minutes 39.7, lr 1.00e-03
    epoch 82: loss 0.8440, val_ap 0.5737, minutes 40.2, lr 5.00e-04
    epoch 83: loss 0.8138, val_ap 0.5744, minutes 40.68, lr 5.00e-04
    epoch 84: loss 0.8070, val_ap 0.5793, minutes 41.2, lr 5.00e-04
    epoch 85: loss 0.8151, val_ap 0.5765, minutes 41.71, lr 5.00e-04
    epoch 86: loss 0.8172, val_ap 0.5811, minutes 42.16, lr 5.00e-04
    epoch 87: loss 0.8027, val_ap 0.5785, minutes 42.64, lr 5.00e-04
    epoch 88: loss 0.8132, val_ap 0.5776, minutes 43.1, lr 5.00e-04
    epoch 89: loss 0.8019, val_ap 0.5768, minutes 43.55, lr 5.00e-04
    epoch 90: loss 0.8028, val_ap 0.5776, minutes 44.07, lr 5.00e-04
    epoch 91: loss 0.7892, val_ap 0.5793, minutes 44.54, lr 5.00e-04
    epoch 92: loss 0.8081, val_ap 0.5770, minutes 45.07, lr 5.00e-04
    epoch 93: loss 0.7892, val_ap 0.5749, minutes 45.54, lr 5.00e-04
    epoch 94: loss 0.8043, val_ap 0.5775, minutes 46.0, lr 5.00e-04
    epoch 95: loss 0.7856, val_ap 0.5781, minutes 46.47, lr 2.50e-04
    epoch 96: loss 0.7754, val_ap 0.5754, minutes 46.95, lr 2.50e-04
    epoch 97: loss 0.7833, val_ap 0.5728, minutes 47.42, lr 2.50e-04
    epoch 98: loss 0.7751, val_ap 0.5725, minutes 47.89, lr 2.50e-04
    epoch 99: loss 0.7595, val_ap 0.5771, minutes 48.37, lr 2.50e-04
    epoch 100: loss 0.7703, val_ap 0.5771, minutes 48.85, lr 2.50e-04
    epoch 101: loss 0.7734, val_ap 0.5732, minutes 49.32, lr 2.50e-04
    epoch 102: loss 0.7702, val_ap 0.5758, minutes 49.73, lr 2.50e-04
    epoch 103: loss 0.7605, val_ap 0.5738, minutes 50.19, lr 2.50e-04
    epoch 104: loss 0.7523, val_ap 0.5742, minutes 50.64, lr 1.25e-04
    epoch 105: loss 0.7641, val_ap 0.5771, minutes 51.11, lr 1.25e-04
    epoch 106: loss 0.7609, val_ap 0.5772, minutes 51.59, lr 1.25e-04
    epoch 107: loss 0.7407, val_ap 0.5748, minutes 52.01, lr 1.25e-04
    epoch 108: loss 0.7539, val_ap 0.5746, minutes 52.46, lr 1.25e-04
    epoch 109: loss 0.7648, val_ap 0.5749, minutes 52.89, lr 1.25e-04
    epoch 110: loss 0.7702, val_ap 0.5715, minutes 53.31, lr 1.25e-04
    epoch 111: loss 0.7597, val_ap 0.5732, minutes 53.72, lr 1.25e-04
    stopping: no validation gain in 25 epochs
[scalar_random dataset0 fold 3 seed 2] done (54.4 min)
