loaded: dataset0 121,838 sites, data1 90,452
[h2gcn_aux dataset0 fold 1 seed 1]
    epoch 1: loss 1.9722, val_ap 0.1644, minutes 0.58, lr 3.33e-04
    epoch 2: loss 1.5978, val_ap 0.2311, minutes 1.12, lr 6.63e-04
    epoch 3: loss 1.3493, val_ap 0.4055, minutes 1.64, lr 9.92e-04
    epoch 4: loss 1.1948, val_ap 0.4758, minutes 2.18, lr 1.00e-03
    epoch 5: loss 1.1097, val_ap 0.4977, minutes 2.7, lr 1.00e-03
    epoch 6: loss 1.1011, val_ap 0.4969, minutes 3.22, lr 1.00e-03
    epoch 7: loss 1.0414, val_ap 0.5091, minutes 3.77, lr 1.00e-03
    epoch 8: loss 1.0340, val_ap 0.5103, minutes 4.31, lr 1.00e-03
    epoch 9: loss 1.0321, val_ap 0.5148, minutes 4.85, lr 1.00e-03
    epoch 10: loss 1.0171, val_ap 0.5055, minutes 5.39, lr 1.00e-03
    epoch 11: loss 0.9862, val_ap 0.5138, minutes 5.9, lr 1.00e-03
    epoch 12: loss 0.9857, val_ap 0.5180, minutes 6.43, lr 1.00e-03
    epoch 13: loss 0.9689, val_ap 0.5097, minutes 6.93, lr 1.00e-03
    epoch 14: loss 0.9696, val_ap 0.5038, minutes 7.49, lr 1.00e-03
    epoch 15: loss 0.9703, val_ap 0.5194, minutes 8.01, lr 1.00e-03
    epoch 16: loss 0.9582, val_ap 0.5287, minutes 8.59, lr 1.00e-03
    epoch 17: loss 0.9582, val_ap 0.5131, minutes 9.13, lr 1.00e-03
    epoch 18: loss 0.9357, val_ap 0.5229, minutes 9.66, lr 1.00e-03
    epoch 19: loss 0.9269, val_ap 0.5188, minutes 10.24, lr 1.00e-03
    epoch 20: loss 0.9587, val_ap 0.5250, minutes 10.76, lr 1.00e-03
    epoch 21: loss 0.9339, val_ap 0.5299, minutes 11.29, lr 1.00e-03
    epoch 22: loss 0.9443, val_ap 0.5260, minutes 11.82, lr 1.00e-03
    epoch 23: loss 0.9407, val_ap 0.5230, minutes 12.37, lr 1.00e-03
    epoch 24: loss 0.9134, val_ap 0.5252, minutes 12.93, lr 1.00e-03
    epoch 25: loss 0.9236, val_ap 0.5255, minutes 13.48, lr 1.00e-03
    epoch 26: loss 0.9074, val_ap 0.5264, minutes 14.03, lr 1.00e-03
    epoch 27: loss 0.9125, val_ap 0.5307, minutes 14.56, lr 1.00e-03
    epoch 28: loss 0.8942, val_ap 0.5296, minutes 15.12, lr 1.00e-03
    epoch 29: loss 0.9086, val_ap 0.5321, minutes 15.66, lr 1.00e-03
    epoch 30: loss 0.8861, val_ap 0.5289, minutes 16.21, lr 1.00e-03
    epoch 31: loss 0.9182, val_ap 0.5205, minutes 16.74, lr 1.00e-03
    epoch 32: loss 0.8978, val_ap 0.5291, minutes 17.26, lr 1.00e-03
    epoch 33: loss 0.8808, val_ap 0.5347, minutes 17.79, lr 1.00e-03
    epoch 34: loss 0.8761, val_ap 0.5287, minutes 18.34, lr 1.00e-03
    epoch 35: loss 0.8831, val_ap 0.5285, minutes 18.84, lr 1.00e-03
    epoch 36: loss 0.9184, val_ap 0.5350, minutes 19.39, lr 1.00e-03
    epoch 37: loss 0.8854, val_ap 0.5417, minutes 19.94, lr 1.00e-03
    epoch 38: loss 0.8662, val_ap 0.5410, minutes 20.43, lr 1.00e-03
    epoch 39: loss 0.8915, val_ap 0.5523, minutes 20.95, lr 1.00e-03
    epoch 40: loss 0.8600, val_ap 0.5515, minutes 21.49, lr 1.00e-03
    epoch 41: loss 0.8568, val_ap 0.5486, minutes 22.0, lr 1.00e-03
    epoch 42: loss 0.8515, val_ap 0.5491, minutes 22.53, lr 1.00e-03
    epoch 43: loss 0.8414, val_ap 0.5502, minutes 23.03, lr 1.00e-03
    epoch 44: loss 0.8487, val_ap 0.5565, minutes 23.56, lr 1.00e-03
    epoch 45: loss 0.8605, val_ap 0.5576, minutes 24.08, lr 1.00e-03
    epoch 46: loss 0.8428, val_ap 0.5539, minutes 24.58, lr 1.00e-03
    epoch 47: loss 0.8433, val_ap 0.5615, minutes 25.14, lr 1.00e-03
    epoch 48: loss 0.8350, val_ap 0.5570, minutes 25.68, lr 1.00e-03
    epoch 49: loss 0.8233, val_ap 0.5559, minutes 26.21, lr 1.00e-03
    epoch 50: loss 0.8314, val_ap 0.5622, minutes 26.75, lr 1.00e-03
    epoch 51: loss 0.8114, val_ap 0.5611, minutes 27.25, lr 1.00e-03
    epoch 52: loss 0.8138, val_ap 0.5610, minutes 27.79, lr 1.00e-03
    epoch 53: loss 0.8150, val_ap 0.5666, minutes 28.29, lr 1.00e-03
    epoch 54: loss 0.8279, val_ap 0.5655, minutes 28.86, lr 1.00e-03
    epoch 55: loss 0.8175, val_ap 0.5610, minutes 29.42, lr 1.00e-03
    epoch 56: loss 0.8106, val_ap 0.5610, minutes 29.96, lr 1.00e-03
    epoch 57: loss 0.8092, val_ap 0.5690, minutes 30.48, lr 1.00e-03
    epoch 58: loss 0.8128, val_ap 0.5660, minutes 30.98, lr 1.00e-03
    epoch 59: loss 0.7965, val_ap 0.5643, minutes 31.48, lr 1.00e-03
    epoch 60: loss 0.8108, val_ap 0.5631, minutes 32.02, lr 1.00e-03
    epoch 61: loss 0.7989, val_ap 0.5606, minutes 32.53, lr 1.00e-03
    epoch 62: loss 0.8205, val_ap 0.5639, minutes 33.07, lr 1.00e-03
    epoch 63: loss 0.7952, val_ap 0.5691, minutes 33.6, lr 1.00e-03
    epoch 64: loss 0.7794, val_ap 0.5715, minutes 34.08, lr 1.00e-03
    epoch 65: loss 0.7784, val_ap 0.5718, minutes 34.65, lr 1.00e-03
    epoch 66: loss 0.7850, val_ap 0.5641, minutes 35.19, lr 1.00e-03
    epoch 67: loss 0.7861, val_ap 0.5728, minutes 35.72, lr 1.00e-03
    epoch 68: loss 0.7710, val_ap 0.5600, minutes 36.23, lr 1.00e-03
    epoch 69: loss 0.7846, val_ap 0.5700, minutes 36.8, lr 1.00e-03
    epoch 70: loss 0.7642, val_ap 0.5749, minutes 37.32, lr 1.00e-03
    epoch 71: loss 0.7682, val_ap 0.5676, minutes 37.87, lr 1.00e-03
    epoch 72: loss 0.7668, val_ap 0.5777, minutes 38.42, lr 1.00e-03
    epoch 73: loss 0.7659, val_ap 0.5761, minutes 38.95, lr 1.00e-03
    epoch 74: loss 0.7674, val_ap 0.5709, minutes 39.47, lr 1.00e-03
    epoch 75: loss 0.7503, val_ap 0.5810, minutes 40.0, lr 1.00e-03
    epoch 76: loss 0.7527, val_ap 0.5645, minutes 40.58, lr 1.00e-03
    epoch 77: loss 0.7612, val_ap 0.5780, minutes 41.1, lr 1.00e-03
    epoch 78: loss 0.7407, val_ap 0.5747, minutes 41.64, lr 1.00e-03
    epoch 79: loss 0.7658, val_ap 0.5750, minutes 42.17, lr 1.00e-03
    epoch 80: loss 0.7597, val_ap 0.5767, minutes 42.72, lr 1.00e-03
    epoch 81: loss 0.7304, val_ap 0.5681, minutes 43.3, lr 1.00e-03
    epoch 82: loss 0.7410, val_ap 0.5776, minutes 43.82, lr 1.00e-03
    epoch 83: loss 0.7394, val_ap 0.5730, minutes 44.36, lr 1.00e-03
    epoch 84: loss 0.7391, val_ap 0.5724, minutes 44.92, lr 5.00e-04
    epoch 85: loss 0.7092, val_ap 0.5762, minutes 45.45, lr 5.00e-04
    epoch 86: loss 0.7110, val_ap 0.5789, minutes 46.02, lr 5.00e-04
    epoch 87: loss 0.7091, val_ap 0.5760, minutes 46.55, lr 5.00e-04
    epoch 88: loss 0.7023, val_ap 0.5736, minutes 47.11, lr 5.00e-04
    epoch 89: loss 0.6893, val_ap 0.5799, minutes 47.64, lr 5.00e-04
    epoch 90: loss 0.7027, val_ap 0.5787, minutes 48.18, lr 5.00e-04
    epoch 91: loss 0.6860, val_ap 0.5784, minutes 48.73, lr 5.00e-04
    epoch 92: loss 0.6868, val_ap 0.5784, minutes 49.27, lr 5.00e-04
    epoch 93: loss 0.6916, val_ap 0.5735, minutes 49.79, lr 2.50e-04
    epoch 94: loss 0.6676, val_ap 0.5816, minutes 50.31, lr 2.50e-04
    epoch 95: loss 0.6691, val_ap 0.5794, minutes 50.84, lr 2.50e-04
    epoch 96: loss 0.6585, val_ap 0.5784, minutes 51.37, lr 2.50e-04
    epoch 97: loss 0.6719, val_ap 0.5775, minutes 51.9, lr 2.50e-04
    epoch 98: loss 0.6508, val_ap 0.5753, minutes 52.42, lr 2.50e-04
    epoch 99: loss 0.6763, val_ap 0.5752, minutes 52.95, lr 2.50e-04
    epoch 100: loss 0.6628, val_ap 0.5744, minutes 53.5, lr 2.50e-04
    epoch 101: loss 0.6799, val_ap 0.5750, minutes 54.02, lr 2.50e-04
    epoch 102: loss 0.6609, val_ap 0.5779, minutes 54.56, lr 2.50e-04
    epoch 103: loss 0.6664, val_ap 0.5773, minutes 55.14, lr 1.25e-04
    epoch 104: loss 0.6588, val_ap 0.5775, minutes 55.69, lr 1.25e-04
    epoch 105: loss 0.6618, val_ap 0.5763, minutes 56.24, lr 1.25e-04
    epoch 106: loss 0.6473, val_ap 0.5750, minutes 56.77, lr 1.25e-04
    epoch 107: loss 0.6529, val_ap 0.5739, minutes 57.29, lr 1.25e-04
    epoch 108: loss 0.6429, val_ap 0.5739, minutes 57.82, lr 1.25e-04
    epoch 109: loss 0.6408, val_ap 0.5751, minutes 58.38, lr 1.25e-04
    epoch 110: loss 0.6493, val_ap 0.5776, minutes 58.9, lr 1.25e-04
    epoch 111: loss 0.6563, val_ap 0.5743, minutes 59.45, lr 1.25e-04
    epoch 112: loss 0.6549, val_ap 0.5751, minutes 60.0, lr 6.25e-05
    epoch 113: loss 0.6677, val_ap 0.5741, minutes 60.53, lr 6.25e-05
    epoch 114: loss 0.6611, val_ap 0.5739, minutes 61.07, lr 6.25e-05
    epoch 115: loss 0.6470, val_ap 0.5754, minutes 61.6, lr 6.25e-05
    epoch 116: loss 0.6511, val_ap 0.5731, minutes 62.15, lr 6.25e-05
    epoch 117: loss 0.6407, val_ap 0.5746, minutes 62.68, lr 6.25e-05
    epoch 118: loss 0.6379, val_ap 0.5761, minutes 63.2, lr 6.25e-05
    epoch 119: loss 0.6542, val_ap 0.5725, minutes 63.7, lr 6.25e-05
    stopping: no validation gain in 25 epochs
[h2gcn_aux dataset0 fold 1 seed 1] done (64.6 min)
