loaded: dataset0 121,838 sites, data1 90,452
[scalar_drop dataset0 fold 4 seed 2]
    kernel decay scale 97.3 nt (fitted to cell line 1 training labels)
    epoch 1: loss 1.9714, val_ap 0.1462, minutes 0.46, lr 3.33e-04
    epoch 2: loss 1.6096, val_ap 0.2029, minutes 0.91, lr 6.63e-04
    epoch 3: loss 1.3748, val_ap 0.3700, minutes 1.39, lr 9.92e-04
    epoch 4: loss 1.2347, val_ap 0.4491, minutes 1.83, lr 1.00e-03
    epoch 5: loss 1.1663, val_ap 0.4716, minutes 2.31, lr 1.00e-03
    epoch 6: loss 1.1462, val_ap 0.4893, minutes 2.78, lr 1.00e-03
    epoch 7: loss 1.0872, val_ap 0.4816, minutes 3.26, lr 1.00e-03
    epoch 8: loss 1.0949, val_ap 0.4958, minutes 3.72, lr 1.00e-03
    epoch 9: loss 1.0572, val_ap 0.4923, minutes 4.2, lr 1.00e-03
    epoch 10: loss 1.0431, val_ap 0.5040, minutes 4.66, lr 1.00e-03
    epoch 11: loss 1.0699, val_ap 0.4937, minutes 5.17, lr 1.00e-03
    epoch 12: loss 1.0121, val_ap 0.5034, minutes 5.62, lr 1.00e-03
    epoch 13: loss 1.0068, val_ap 0.5077, minutes 6.09, lr 1.00e-03
    epoch 14: loss 0.9990, val_ap 0.5096, minutes 6.55, lr 1.00e-03
    epoch 15: loss 0.9860, val_ap 0.5127, minutes 6.97, lr 1.00e-03
    epoch 16: loss 1.0000, val_ap 0.5113, minutes 7.49, lr 1.00e-03
    epoch 17: loss 0.9880, val_ap 0.5105, minutes 7.93, lr 1.00e-03
    epoch 18: loss 0.9633, val_ap 0.5199, minutes 8.43, lr 1.00e-03
    epoch 19: loss 0.9884, val_ap 0.5184, minutes 8.85, lr 1.00e-03
    epoch 20: loss 0.9936, val_ap 0.5174, minutes 9.28, lr 1.00e-03
    epoch 21: loss 0.9640, val_ap 0.5198, minutes 9.74, lr 1.00e-03
    epoch 22: loss 0.9867, val_ap 0.5253, minutes 10.15, lr 1.00e-03
    epoch 23: loss 0.9629, val_ap 0.5250, minutes 10.57, lr 1.00e-03
    epoch 24: loss 0.9727, val_ap 0.5302, minutes 11.01, lr 1.00e-03
    epoch 25: loss 0.9646, val_ap 0.5323, minutes 11.46, lr 1.00e-03
    epoch 26: loss 0.9536, val_ap 0.5272, minutes 11.85, lr 1.00e-03
    epoch 27: loss 0.9562, val_ap 0.5295, minutes 12.28, lr 1.00e-03
    epoch 28: loss 0.9481, val_ap 0.5362, minutes 12.7, lr 1.00e-03
    epoch 29: loss 0.9478, val_ap 0.5405, minutes 13.12, lr 1.00e-03
    epoch 30: loss 0.9375, val_ap 0.5339, minutes 13.56, lr 1.00e-03
    epoch 31: loss 0.9305, val_ap 0.5354, minutes 14.02, lr 1.00e-03
    epoch 32: loss 0.9410, val_ap 0.5398, minutes 14.44, lr 1.00e-03
    epoch 33: loss 0.9141, val_ap 0.5340, minutes 14.9, lr 1.00e-03
    epoch 34: loss 0.9180, val_ap 0.5477, minutes 15.32, lr 1.00e-03
    epoch 35: loss 0.9258, val_ap 0.5390, minutes 15.71, lr 1.00e-03
    epoch 36: loss 0.9315, val_ap 0.5447, minutes 16.14, lr 1.00e-03
    epoch 37: loss 0.9200, val_ap 0.5444, minutes 16.55, lr 1.00e-03
    epoch 38: loss 0.9056, val_ap 0.5439, minutes 16.95, lr 1.00e-03
    epoch 39: loss 0.9354, val_ap 0.5529, minutes 17.27, lr 1.00e-03
    epoch 40: loss 0.9210, val_ap 0.5489, minutes 17.57, lr 1.00e-03
    epoch 41: loss 0.9120, val_ap 0.5462, minutes 17.88, lr 1.00e-03
    epoch 42: loss 0.9091, val_ap 0.5525, minutes 18.17, lr 1.00e-03
    epoch 43: loss 0.9048, val_ap 0.5438, minutes 18.47, lr 1.00e-03
    epoch 44: loss 0.8846, val_ap 0.5552, minutes 18.77, lr 1.00e-03
    epoch 45: loss 0.8969, val_ap 0.5530, minutes 19.11, lr 1.00e-03
    epoch 46: loss 0.8887, val_ap 0.5540, minutes 19.43, lr 1.00e-03
    epoch 47: loss 0.9032, val_ap 0.5570, minutes 19.75, lr 1.00e-03
    epoch 48: loss 0.9016, val_ap 0.5555, minutes 20.12, lr 1.00e-03
    epoch 49: loss 0.8850, val_ap 0.5559, minutes 20.45, lr 1.00e-03
    epoch 50: loss 0.8960, val_ap 0.5550, minutes 20.73, lr 1.00e-03
    epoch 51: loss 0.8788, val_ap 0.5615, minutes 21.04, lr 1.00e-03
    epoch 52: loss 0.8881, val_ap 0.5672, minutes 21.35, lr 1.00e-03
    epoch 53: loss 0.8784, val_ap 0.5610, minutes 21.62, lr 1.00e-03
    epoch 54: loss 0.8835, val_ap 0.5597, minutes 21.9, lr 1.00e-03
    epoch 55: loss 0.8547, val_ap 0.5598, minutes 22.18, lr 1.00e-03
    epoch 56: loss 0.8772, val_ap 0.5784, minutes 22.44, lr 1.00e-03
    epoch 57: loss 0.8577, val_ap 0.5731, minutes 22.69, lr 1.00e-03
    epoch 58: loss 0.8611, val_ap 0.5700, minutes 22.94, lr 1.00e-03
    epoch 59: loss 0.8727, val_ap 0.5668, minutes 23.19, lr 1.00e-03
    epoch 60: loss 0.8551, val_ap 0.5660, minutes 23.45, lr 1.00e-03
    epoch 61: loss 0.8852, val_ap 0.5667, minutes 23.69, lr 1.00e-03
    epoch 62: loss 0.8683, val_ap 0.5637, minutes 23.94, lr 1.00e-03
    epoch 63: loss 0.8769, val_ap 0.5732, minutes 24.2, lr 1.00e-03
    epoch 64: loss 0.8536, val_ap 0.5681, minutes 24.47, lr 1.00e-03
    epoch 65: loss 0.8539, val_ap 0.5671, minutes 24.73, lr 5.00e-04
    epoch 66: loss 0.8313, val_ap 0.5724, minutes 24.99, lr 5.00e-04
    epoch 67: loss 0.8245, val_ap 0.5783, minutes 25.24, lr 5.00e-04
    epoch 68: loss 0.8190, val_ap 0.5748, minutes 25.5, lr 5.00e-04
    epoch 69: loss 0.8207, val_ap 0.5780, minutes 25.77, lr 5.00e-04
    epoch 70: loss 0.8272, val_ap 0.5825, minutes 26.03, lr 5.00e-04
    epoch 71: loss 0.8237, val_ap 0.5795, minutes 26.31, lr 5.00e-04
    epoch 72: loss 0.8131, val_ap 0.5792, minutes 26.57, lr 5.00e-04
    epoch 73: loss 0.8106, val_ap 0.5742, minutes 26.82, lr 5.00e-04
    epoch 74: loss 0.8243, val_ap 0.5858, minutes 27.07, lr 5.00e-04
    epoch 75: loss 0.8163, val_ap 0.5781, minutes 27.32, lr 5.00e-04
    epoch 76: loss 0.8114, val_ap 0.5823, minutes 27.58, lr 5.00e-04
    epoch 77: loss 0.8244, val_ap 0.5762, minutes 27.82, lr 5.00e-04
    epoch 78: loss 0.8207, val_ap 0.5812, minutes 28.07, lr 5.00e-04
    epoch 79: loss 0.8153, val_ap 0.5745, minutes 28.35, lr 5.00e-04
    epoch 80: loss 0.8177, val_ap 0.5773, minutes 28.6, lr 5.00e-04
    epoch 81: loss 0.8159, val_ap 0.5813, minutes 28.85, lr 5.00e-04
    epoch 82: loss 0.8275, val_ap 0.5723, minutes 29.09, lr 5.00e-04
    epoch 83: loss 0.8135, val_ap 0.5764, minutes 29.34, lr 2.50e-04
    epoch 84: loss 0.8146, val_ap 0.5822, minutes 29.57, lr 2.50e-04
    epoch 85: loss 0.7889, val_ap 0.5808, minutes 29.84, lr 2.50e-04
    epoch 86: loss 0.7958, val_ap 0.5863, minutes 30.07, lr 2.50e-04
    epoch 87: loss 0.7950, val_ap 0.5838, minutes 30.31, lr 2.50e-04
    epoch 88: loss 0.7903, val_ap 0.5836, minutes 30.53, lr 2.50e-04
    epoch 89: loss 0.7860, val_ap 0.5791, minutes 30.75, lr 2.50e-04
    epoch 90: loss 0.7882, val_ap 0.5815, minutes 30.97, lr 2.50e-04
    epoch 91: loss 0.7836, val_ap 0.5810, minutes 31.18, lr 2.50e-04
    epoch 92: loss 0.7783, val_ap 0.5814, minutes 31.41, lr 2.50e-04
    epoch 93: loss 0.7751, val_ap 0.5796, minutes 31.66, lr 2.50e-04
    epoch 94: loss 0.7789, val_ap 0.5786, minutes 31.88, lr 2.50e-04
    epoch 95: loss 0.7866, val_ap 0.5820, minutes 32.1, lr 1.25e-04
    epoch 96: loss 0.7774, val_ap 0.5801, minutes 32.32, lr 1.25e-04
    epoch 97: loss 0.7757, val_ap 0.5818, minutes 32.54, lr 1.25e-04
    epoch 98: loss 0.7892, val_ap 0.5798, minutes 32.75, lr 1.25e-04
    epoch 99: loss 0.7797, val_ap 0.5814, minutes 32.97, lr 1.25e-04
    epoch 100: loss 0.7743, val_ap 0.5820, minutes 33.2, lr 1.25e-04
    epoch 101: loss 0.7784, val_ap 0.5835, minutes 33.4, lr 1.25e-04
    epoch 102: loss 0.7943, val_ap 0.5840, minutes 33.62, lr 1.25e-04
    epoch 103: loss 0.7774, val_ap 0.5829, minutes 33.82, lr 1.25e-04
    epoch 104: loss 0.7805, val_ap 0.5838, minutes 34.04, lr 6.25e-05
    epoch 105: loss 0.7882, val_ap 0.5821, minutes 34.25, lr 6.25e-05
    epoch 106: loss 0.7673, val_ap 0.5824, minutes 34.46, lr 6.25e-05
    epoch 107: loss 0.7718, val_ap 0.5824, minutes 34.69, lr 6.25e-05
    epoch 108: loss 0.7735, val_ap 0.5830, minutes 34.9, lr 6.25e-05
    epoch 109: loss 0.7800, val_ap 0.5843, minutes 35.11, lr 6.25e-05
    epoch 110: loss 0.7856, val_ap 0.5840, minutes 35.31, lr 6.25e-05
    epoch 111: loss 0.7670, val_ap 0.5831, minutes 35.51, lr 6.25e-05
    stopping: no validation gain in 25 epochs
[scalar_drop dataset0 fold 4 seed 2] done (36.0 min)
