loaded: dataset0 121,838 sites, data1 90,452
[h2gcn pooled_both fold 3]
    epoch 1: loss 1.2622, val_ap 0.1481, minutes 0.83, lr 3.31e-04
    epoch 2: loss 1.0338, val_ap 0.3001, minutes 1.66, lr 6.60e-04
    epoch 3: loss 0.9401, val_ap 0.3947, minutes 2.51, lr 9.89e-04
    epoch 4: loss 0.8377, val_ap 0.4452, minutes 3.35, lr 1.00e-03
    epoch 5: loss 0.7977, val_ap 0.4498, minutes 4.19, lr 1.00e-03
    epoch 6: loss 0.7818, val_ap 0.4607, minutes 4.99, lr 1.00e-03
    epoch 7: loss 0.7680, val_ap 0.4600, minutes 5.79, lr 1.00e-03
    epoch 8: loss 0.7617, val_ap 0.4669, minutes 6.63, lr 1.00e-03
    epoch 9: loss 0.7482, val_ap 0.4720, minutes 7.47, lr 1.00e-03
    epoch 10: loss 0.7436, val_ap 0.4747, minutes 8.26, lr 1.00e-03
    epoch 11: loss 0.7384, val_ap 0.4715, minutes 9.05, lr 1.00e-03
    epoch 12: loss 0.7417, val_ap 0.4701, minutes 9.86, lr 1.00e-03
    epoch 13: loss 0.7340, val_ap 0.4816, minutes 10.61, lr 1.00e-03
    epoch 14: loss 0.7274, val_ap 0.4826, minutes 11.38, lr 1.00e-03
    epoch 15: loss 0.7226, val_ap 0.4800, minutes 12.11, lr 1.00e-03
    epoch 16: loss 0.7137, val_ap 0.4919, minutes 12.92, lr 1.00e-03
    epoch 17: loss 0.7185, val_ap 0.4858, minutes 13.75, lr 1.00e-03
    epoch 18: loss 0.7152, val_ap 0.4873, minutes 14.58, lr 1.00e-03
    epoch 19: loss 0.7086, val_ap 0.4874, minutes 15.41, lr 1.00e-03
    epoch 20: loss 0.6996, val_ap 0.4877, minutes 16.2, lr 1.00e-03
    epoch 21: loss 0.6946, val_ap 0.4939, minutes 17.01, lr 1.00e-03
    epoch 22: loss 0.6981, val_ap 0.4924, minutes 17.78, lr 1.00e-03
    epoch 23: loss 0.6997, val_ap 0.4989, minutes 18.52, lr 1.00e-03
    epoch 24: loss 0.6871, val_ap 0.4918, minutes 19.28, lr 1.00e-03
    epoch 25: loss 0.6835, val_ap 0.4894, minutes 20.1, lr 1.00e-03
    epoch 26: loss 0.6813, val_ap 0.4970, minutes 20.89, lr 1.00e-03
    epoch 27: loss 0.6872, val_ap 0.5000, minutes 21.65, lr 1.00e-03
    epoch 28: loss 0.6699, val_ap 0.4919, minutes 22.41, lr 1.00e-03
    epoch 29: loss 0.6689, val_ap 0.4929, minutes 23.16, lr 1.00e-03
    epoch 30: loss 0.6667, val_ap 0.4967, minutes 23.93, lr 1.00e-03
    epoch 31: loss 0.6718, val_ap 0.4958, minutes 24.68, lr 1.00e-03
    epoch 32: loss 0.6612, val_ap 0.4897, minutes 25.51, lr 1.00e-03
    epoch 33: loss 0.6541, val_ap 0.4965, minutes 26.27, lr 1.00e-03
    epoch 34: loss 0.6509, val_ap 0.5010, minutes 27.07, lr 1.00e-03
    epoch 35: loss 0.6458, val_ap 0.5078, minutes 27.85, lr 1.00e-03
    epoch 36: loss 0.6450, val_ap 0.4875, minutes 28.62, lr 1.00e-03
    epoch 37: loss 0.6358, val_ap 0.4834, minutes 29.38, lr 1.00e-03
    epoch 38: loss 0.6382, val_ap 0.4896, minutes 30.14, lr 1.00e-03
    epoch 39: loss 0.6367, val_ap 0.4904, minutes 30.93, lr 1.00e-03
    epoch 40: loss 0.6369, val_ap 0.4862, minutes 31.71, lr 1.00e-03
    epoch 41: loss 0.6246, val_ap 0.4979, minutes 32.5, lr 1.00e-03
    epoch 42: loss 0.6265, val_ap 0.4945, minutes 33.26, lr 1.00e-03
    epoch 43: loss 0.6198, val_ap 0.5080, minutes 34.04, lr 1.00e-03
    epoch 44: loss 0.6163, val_ap 0.4887, minutes 34.81, lr 1.00e-03
    epoch 45: loss 0.6059, val_ap 0.4891, minutes 35.57, lr 1.00e-03
    epoch 46: loss 0.6090, val_ap 0.4893, minutes 36.32, lr 1.00e-03
    epoch 47: loss 0.6021, val_ap 0.4840, minutes 37.09, lr 1.00e-03
    epoch 48: loss 0.5950, val_ap 0.4858, minutes 37.81, lr 1.00e-03
    epoch 49: loss 0.5938, val_ap 0.4732, minutes 38.57, lr 1.00e-03
    epoch 50: loss 0.5949, val_ap 0.4915, minutes 39.37, lr 1.00e-03
    epoch 51: loss 0.5813, val_ap 0.4802, minutes 40.2, lr 1.00e-03
    epoch 52: loss 0.5792, val_ap 0.4770, minutes 40.96, lr 5.00e-04
    epoch 53: loss 0.5597, val_ap 0.4785, minutes 41.73, lr 5.00e-04
    epoch 54: loss 0.5502, val_ap 0.4750, minutes 42.52, lr 5.00e-04
    epoch 55: loss 0.5542, val_ap 0.4743, minutes 43.32, lr 5.00e-04
    epoch 56: loss 0.5540, val_ap 0.4752, minutes 44.11, lr 5.00e-04
    epoch 57: loss 0.5435, val_ap 0.4607, minutes 44.87, lr 5.00e-04
    epoch 58: loss 0.5425, val_ap 0.4650, minutes 45.63, lr 5.00e-04
    epoch 59: loss 0.5385, val_ap 0.4649, minutes 46.41, lr 5.00e-04
    epoch 60: loss 0.5412, val_ap 0.4757, minutes 47.23, lr 5.00e-04
    epoch 61: loss 0.5371, val_ap 0.4635, minutes 48.04, lr 2.50e-04
    epoch 62: loss 0.5183, val_ap 0.4484, minutes 48.82, lr 2.50e-04
    epoch 63: loss 0.5196, val_ap 0.4532, minutes 49.57, lr 2.50e-04
    epoch 64: loss 0.5151, val_ap 0.4434, minutes 50.34, lr 2.50e-04
    epoch 65: loss 0.5166, val_ap 0.4643, minutes 51.11, lr 2.50e-04
    epoch 66: loss 0.5127, val_ap 0.4443, minutes 51.86, lr 2.50e-04
    epoch 67: loss 0.5114, val_ap 0.4428, minutes 52.64, lr 2.50e-04
    epoch 68: loss 0.5111, val_ap 0.4551, minutes 53.39, lr 2.50e-04
    stopping: no validation gain in 25 epochs
[h2gcn pooled_both fold 3] done (54.1 min)
