loaded: dataset0 121,838 sites, data1 90,452
[fk_kernel dataset0 fold 3 seed 2]
    kernel decay scale 113.4 nt (fitted to cell line 1 training labels)
    epoch 1: loss 1.9716, val_ap 0.1475, minutes 0.51, lr 3.33e-04
    epoch 2: loss 1.5827, val_ap 0.2362, minutes 0.99, lr 6.63e-04
    epoch 3: loss 1.3653, val_ap 0.3510, minutes 1.44, lr 9.92e-04
    epoch 4: loss 1.2236, val_ap 0.4572, minutes 1.93, lr 1.00e-03
    epoch 5: loss 1.1311, val_ap 0.4932, minutes 2.41, lr 1.00e-03
    epoch 6: loss 1.0635, val_ap 0.5105, minutes 2.91, lr 1.00e-03
    epoch 7: loss 1.0384, val_ap 0.5326, minutes 3.37, lr 1.00e-03
    epoch 8: loss 1.0020, val_ap 0.5412, minutes 3.87, lr 1.00e-03
    epoch 9: loss 0.9788, val_ap 0.5565, minutes 4.37, lr 1.00e-03
    epoch 10: loss 0.9680, val_ap 0.5607, minutes 4.87, lr 1.00e-03
    epoch 11: loss 0.9480, val_ap 0.5529, minutes 5.39, lr 1.00e-03
    epoch 12: loss 0.9333, val_ap 0.5634, minutes 5.87, lr 1.00e-03
    epoch 13: loss 0.9200, val_ap 0.5582, minutes 6.41, lr 1.00e-03
    epoch 14: loss 0.9190, val_ap 0.5712, minutes 6.97, lr 1.00e-03
    epoch 15: loss 0.8983, val_ap 0.5581, minutes 7.48, lr 1.00e-03
    epoch 16: loss 0.9056, val_ap 0.5783, minutes 7.97, lr 1.00e-03
    epoch 17: loss 0.9192, val_ap 0.5754, minutes 8.51, lr 1.00e-03
    epoch 18: loss 0.8910, val_ap 0.5731, minutes 8.98, lr 1.00e-03
    epoch 19: loss 0.8922, val_ap 0.5798, minutes 9.49, lr 1.00e-03
    epoch 20: loss 0.8807, val_ap 0.5855, minutes 10.0, lr 1.00e-03
    epoch 21: loss 0.8744, val_ap 0.5781, minutes 10.56, lr 1.00e-03
    epoch 22: loss 0.8699, val_ap 0.5821, minutes 11.06, lr 1.00e-03
    epoch 23: loss 0.8799, val_ap 0.5899, minutes 11.56, lr 1.00e-03
    epoch 24: loss 0.8717, val_ap 0.5990, minutes 12.07, lr 1.00e-03
    epoch 25: loss 0.8775, val_ap 0.5820, minutes 12.56, lr 1.00e-03
    epoch 26: loss 0.8591, val_ap 0.5985, minutes 13.06, lr 1.00e-03
    epoch 27: loss 0.8440, val_ap 0.5926, minutes 13.55, lr 1.00e-03
    epoch 28: loss 0.8584, val_ap 0.5902, minutes 14.06, lr 1.00e-03
    epoch 29: loss 0.8536, val_ap 0.5952, minutes 14.54, lr 1.00e-03
    epoch 30: loss 0.8487, val_ap 0.6063, minutes 15.06, lr 1.00e-03
    epoch 31: loss 0.8451, val_ap 0.6040, minutes 15.54, lr 1.00e-03
    epoch 32: loss 0.8264, val_ap 0.5988, minutes 16.03, lr 1.00e-03
    epoch 33: loss 0.8323, val_ap 0.5993, minutes 16.5, lr 1.00e-03
    epoch 34: loss 0.8230, val_ap 0.6112, minutes 16.98, lr 1.00e-03
    epoch 35: loss 0.8180, val_ap 0.6097, minutes 17.49, lr 1.00e-03
    epoch 36: loss 0.8344, val_ap 0.6011, minutes 18.0, lr 1.00e-03
    epoch 37: loss 0.8258, val_ap 0.6018, minutes 18.5, lr 1.00e-03
    epoch 38: loss 0.8179, val_ap 0.6143, minutes 18.95, lr 1.00e-03
    epoch 39: loss 0.8114, val_ap 0.6138, minutes 19.46, lr 1.00e-03
    epoch 40: loss 0.8049, val_ap 0.6094, minutes 19.95, lr 1.00e-03
    epoch 41: loss 0.8016, val_ap 0.6101, minutes 20.43, lr 1.00e-03
    epoch 42: loss 0.7967, val_ap 0.6070, minutes 20.93, lr 1.00e-03
    epoch 43: loss 0.7983, val_ap 0.6166, minutes 21.43, lr 1.00e-03
    epoch 44: loss 0.8023, val_ap 0.6129, minutes 21.92, lr 1.00e-03
    epoch 45: loss 0.7913, val_ap 0.6250, minutes 22.42, lr 1.00e-03
    epoch 46: loss 0.7812, val_ap 0.6246, minutes 22.89, lr 1.00e-03
    epoch 47: loss 0.7906, val_ap 0.6240, minutes 23.4, lr 1.00e-03
    epoch 48: loss 0.7917, val_ap 0.6246, minutes 23.9, lr 1.00e-03
    epoch 49: loss 0.7738, val_ap 0.6273, minutes 24.36, lr 1.00e-03
    epoch 50: loss 0.7844, val_ap 0.6207, minutes 24.84, lr 1.00e-03
    epoch 51: loss 0.7866, val_ap 0.6255, minutes 25.34, lr 1.00e-03
    epoch 52: loss 0.7976, val_ap 0.6249, minutes 25.8, lr 1.00e-03
    epoch 53: loss 0.7579, val_ap 0.6308, minutes 26.27, lr 1.00e-03
    epoch 54: loss 0.7663, val_ap 0.6404, minutes 26.76, lr 1.00e-03
    epoch 55: loss 0.7657, val_ap 0.6377, minutes 27.24, lr 1.00e-03
    epoch 56: loss 0.7593, val_ap 0.6345, minutes 27.71, lr 1.00e-03
    epoch 57: loss 0.7605, val_ap 0.6367, minutes 28.18, lr 1.00e-03
    epoch 58: loss 0.7795, val_ap 0.6266, minutes 28.68, lr 1.00e-03
    epoch 59: loss 0.7506, val_ap 0.6317, minutes 29.19, lr 1.00e-03
    epoch 60: loss 0.7539, val_ap 0.6332, minutes 29.66, lr 1.00e-03
    epoch 61: loss 0.7557, val_ap 0.6327, minutes 30.19, lr 1.00e-03
    epoch 62: loss 0.7490, val_ap 0.6348, minutes 30.67, lr 1.00e-03
    epoch 63: loss 0.7447, val_ap 0.6411, minutes 31.15, lr 1.00e-03
    epoch 64: loss 0.7344, val_ap 0.6397, minutes 31.64, lr 1.00e-03
    epoch 65: loss 0.7593, val_ap 0.6398, minutes 32.12, lr 1.00e-03
    epoch 66: loss 0.7379, val_ap 0.6433, minutes 32.59, lr 1.00e-03
    epoch 67: loss 0.7507, val_ap 0.6354, minutes 33.1, lr 1.00e-03
    epoch 68: loss 0.7569, val_ap 0.6300, minutes 33.61, lr 1.00e-03
    epoch 69: loss 0.7413, val_ap 0.6376, minutes 34.1, lr 1.00e-03
    epoch 70: loss 0.7281, val_ap 0.6492, minutes 34.6, lr 1.00e-03
    epoch 71: loss 0.7316, val_ap 0.6419, minutes 35.08, lr 1.00e-03
    epoch 72: loss 0.7331, val_ap 0.6453, minutes 35.56, lr 1.00e-03
    epoch 73: loss 0.7196, val_ap 0.6444, minutes 36.09, lr 1.00e-03
    epoch 74: loss 0.7128, val_ap 0.6406, minutes 36.57, lr 1.00e-03
    epoch 75: loss 0.7285, val_ap 0.6387, minutes 37.04, lr 1.00e-03
    epoch 76: loss 0.7099, val_ap 0.6416, minutes 37.54, lr 1.00e-03
    epoch 77: loss 0.7348, val_ap 0.6434, minutes 38.03, lr 1.00e-03
    epoch 78: loss 0.7563, val_ap 0.6413, minutes 38.53, lr 1.00e-03
    epoch 79: loss 0.7046, val_ap 0.6458, minutes 38.98, lr 5.00e-04
    epoch 80: loss 0.6819, val_ap 0.6440, minutes 39.45, lr 5.00e-04
    epoch 81: loss 0.6724, val_ap 0.6454, minutes 39.95, lr 5.00e-04
    epoch 82: loss 0.6860, val_ap 0.6426, minutes 40.5, lr 5.00e-04
    epoch 83: loss 0.6683, val_ap 0.6474, minutes 40.97, lr 5.00e-04
    epoch 84: loss 0.6748, val_ap 0.6494, minutes 41.47, lr 5.00e-04
    epoch 85: loss 0.6632, val_ap 0.6444, minutes 41.93, lr 5.00e-04
    epoch 86: loss 0.6826, val_ap 0.6454, minutes 42.44, lr 5.00e-04
    epoch 87: loss 0.6689, val_ap 0.6506, minutes 42.93, lr 5.00e-04
    epoch 88: loss 0.6736, val_ap 0.6432, minutes 43.4, lr 5.00e-04
    epoch 89: loss 0.6707, val_ap 0.6430, minutes 43.88, lr 5.00e-04
    epoch 90: loss 0.6670, val_ap 0.6436, minutes 44.35, lr 5.00e-04
    epoch 91: loss 0.6501, val_ap 0.6452, minutes 44.85, lr 5.00e-04
    epoch 92: loss 0.6643, val_ap 0.6434, minutes 45.32, lr 5.00e-04
    epoch 93: loss 0.6495, val_ap 0.6410, minutes 45.79, lr 5.00e-04
    epoch 94: loss 0.6596, val_ap 0.6444, minutes 46.29, lr 5.00e-04
    epoch 95: loss 0.6509, val_ap 0.6419, minutes 46.79, lr 5.00e-04
    epoch 96: loss 0.6592, val_ap 0.6477, minutes 47.27, lr 2.50e-04
    epoch 97: loss 0.6380, val_ap 0.6456, minutes 47.79, lr 2.50e-04
    epoch 98: loss 0.6355, val_ap 0.6458, minutes 48.27, lr 2.50e-04
    epoch 99: loss 0.6320, val_ap 0.6449, minutes 48.76, lr 2.50e-04
    epoch 100: loss 0.6285, val_ap 0.6469, minutes 49.29, lr 2.50e-04
    epoch 101: loss 0.6355, val_ap 0.6435, minutes 49.79, lr 2.50e-04
    epoch 102: loss 0.6418, val_ap 0.6392, minutes 50.29, lr 2.50e-04
    epoch 103: loss 0.6236, val_ap 0.6418, minutes 50.79, lr 2.50e-04
    epoch 104: loss 0.6131, val_ap 0.6427, minutes 51.28, lr 2.50e-04
    epoch 105: loss 0.6378, val_ap 0.6442, minutes 51.8, lr 1.25e-04
    epoch 106: loss 0.6187, val_ap 0.6451, minutes 52.3, lr 1.25e-04
    epoch 107: loss 0.6057, val_ap 0.6433, minutes 52.79, lr 1.25e-04
    epoch 108: loss 0.6081, val_ap 0.6413, minutes 53.3, lr 1.25e-04
    epoch 109: loss 0.6192, val_ap 0.6432, minutes 53.79, lr 1.25e-04
    epoch 110: loss 0.6235, val_ap 0.6417, minutes 54.27, lr 1.25e-04
    epoch 111: loss 0.6160, val_ap 0.6424, minutes 54.77, lr 1.25e-04
    epoch 112: loss 0.6235, val_ap 0.6414, minutes 55.27, lr 1.25e-04
    stopping: no validation gain in 25 epochs
[fk_kernel dataset0 fold 3 seed 2] done (56.0 min)
