loaded: dataset0 121,838 sites, data1 90,452
[scalar_random dataset0 fold 4]
    kernel decay scale 97.3 nt (fitted to cell line 1 training labels)
    epoch 1: loss 2.2625, val_ap 0.0610, minutes 0.45, lr 3.33e-04
    epoch 2: loss 1.6771, val_ap 0.2067, minutes 0.93, lr 6.63e-04
    epoch 3: loss 1.3925, val_ap 0.3526, minutes 1.39, lr 9.92e-04
    epoch 4: loss 1.2572, val_ap 0.4261, minutes 1.9, lr 1.00e-03
    epoch 5: loss 1.1954, val_ap 0.4525, minutes 2.37, lr 1.00e-03
    epoch 6: loss 1.1738, val_ap 0.4477, minutes 2.84, lr 1.00e-03
    epoch 7: loss 1.1160, val_ap 0.4668, minutes 3.39, lr 1.00e-03
    epoch 8: loss 1.1040, val_ap 0.4710, minutes 3.89, lr 1.00e-03
    epoch 9: loss 1.1024, val_ap 0.4781, minutes 4.37, lr 1.00e-03
    epoch 10: loss 1.0681, val_ap 0.4813, minutes 4.85, lr 1.00e-03
    epoch 11: loss 1.0735, val_ap 0.4743, minutes 5.34, lr 1.00e-03
    epoch 12: loss 1.0582, val_ap 0.4738, minutes 5.85, lr 1.00e-03
    epoch 13: loss 1.0568, val_ap 0.4778, minutes 6.36, lr 1.00e-03
    epoch 14: loss 1.0382, val_ap 0.4704, minutes 6.83, lr 1.00e-03
    epoch 15: loss 1.0454, val_ap 0.4771, minutes 7.33, lr 1.00e-03
    epoch 16: loss 1.0427, val_ap 0.4772, minutes 7.81, lr 1.00e-03
    epoch 17: loss 1.0277, val_ap 0.4803, minutes 8.32, lr 1.00e-03
    epoch 18: loss 1.0298, val_ap 0.4737, minutes 8.87, lr 1.00e-03
    epoch 19: loss 1.0174, val_ap 0.4803, minutes 9.37, lr 5.00e-04
    epoch 20: loss 1.0015, val_ap 0.4875, minutes 9.85, lr 5.00e-04
    epoch 21: loss 0.9886, val_ap 0.4856, minutes 10.31, lr 5.00e-04
    epoch 22: loss 0.9973, val_ap 0.4889, minutes 10.75, lr 5.00e-04
    epoch 23: loss 1.0202, val_ap 0.4871, minutes 11.21, lr 5.00e-04
    epoch 24: loss 1.0255, val_ap 0.4871, minutes 11.7, lr 5.00e-04
    epoch 25: loss 0.9897, val_ap 0.4870, minutes 12.17, lr 5.00e-04
    epoch 26: loss 0.9867, val_ap 0.4884, minutes 12.6, lr 5.00e-04
    epoch 27: loss 0.9743, val_ap 0.4896, minutes 13.05, lr 5.00e-04
    epoch 28: loss 0.9801, val_ap 0.4951, minutes 13.53, lr 5.00e-04
    epoch 29: loss 0.9803, val_ap 0.4907, minutes 13.99, lr 5.00e-04
    epoch 30: loss 0.9734, val_ap 0.4943, minutes 14.45, lr 5.00e-04
    epoch 31: loss 0.9799, val_ap 0.4970, minutes 14.92, lr 5.00e-04
    epoch 32: loss 0.9714, val_ap 0.4930, minutes 15.4, lr 5.00e-04
    epoch 33: loss 0.9588, val_ap 0.5007, minutes 15.88, lr 5.00e-04
    epoch 34: loss 0.9735, val_ap 0.4989, minutes 16.35, lr 5.00e-04
    epoch 35: loss 0.9663, val_ap 0.4987, minutes 16.85, lr 5.00e-04
    epoch 36: loss 0.9739, val_ap 0.5015, minutes 17.29, lr 5.00e-04
    epoch 37: loss 0.9774, val_ap 0.5011, minutes 17.75, lr 5.00e-04
    epoch 38: loss 0.9589, val_ap 0.5016, minutes 18.2, lr 5.00e-04
    epoch 39: loss 0.9657, val_ap 0.5012, minutes 18.64, lr 5.00e-04
    epoch 40: loss 0.9579, val_ap 0.5010, minutes 19.09, lr 5.00e-04
    epoch 41: loss 0.9529, val_ap 0.5022, minutes 19.53, lr 5.00e-04
    epoch 42: loss 0.9472, val_ap 0.5021, minutes 19.97, lr 5.00e-04
    epoch 43: loss 0.9612, val_ap 0.5086, minutes 20.38, lr 5.00e-04
    epoch 44: loss 0.9481, val_ap 0.5113, minutes 20.82, lr 5.00e-04
    epoch 45: loss 0.9664, val_ap 0.5073, minutes 21.25, lr 5.00e-04
    epoch 46: loss 0.9594, val_ap 0.5083, minutes 21.66, lr 5.00e-04
    epoch 47: loss 0.9320, val_ap 0.5097, minutes 22.06, lr 5.00e-04
    epoch 48: loss 0.9394, val_ap 0.5123, minutes 22.45, lr 5.00e-04
    epoch 49: loss 0.9500, val_ap 0.5151, minutes 22.83, lr 5.00e-04
    epoch 50: loss 0.9373, val_ap 0.5119, minutes 23.25, lr 5.00e-04
    epoch 51: loss 0.9433, val_ap 0.5106, minutes 23.62, lr 5.00e-04
    epoch 52: loss 0.9560, val_ap 0.5137, minutes 23.98, lr 5.00e-04
    epoch 53: loss 0.9361, val_ap 0.5138, minutes 24.33, lr 5.00e-04
    epoch 54: loss 0.9463, val_ap 0.5160, minutes 24.68, lr 5.00e-04
    epoch 55: loss 0.9241, val_ap 0.5214, minutes 25.05, lr 5.00e-04
    epoch 56: loss 0.9303, val_ap 0.5187, minutes 25.41, lr 5.00e-04
    epoch 57: loss 0.9324, val_ap 0.5204, minutes 25.77, lr 5.00e-04
    epoch 58: loss 0.9236, val_ap 0.5220, minutes 26.15, lr 5.00e-04
    epoch 59: loss 0.9377, val_ap 0.5131, minutes 26.47, lr 5.00e-04
    epoch 60: loss 0.9293, val_ap 0.5173, minutes 26.85, lr 5.00e-04
    epoch 61: loss 0.9170, val_ap 0.5080, minutes 27.22, lr 5.00e-04
    epoch 62: loss 0.9251, val_ap 0.5252, minutes 27.6, lr 5.00e-04
    epoch 63: loss 0.9150, val_ap 0.5245, minutes 27.94, lr 5.00e-04
    epoch 64: loss 0.9176, val_ap 0.5224, minutes 28.25, lr 5.00e-04
    epoch 65: loss 0.9122, val_ap 0.5196, minutes 28.54, lr 5.00e-04
    epoch 66: loss 0.9194, val_ap 0.5202, minutes 28.87, lr 5.00e-04
    epoch 67: loss 0.9076, val_ap 0.5259, minutes 29.16, lr 5.00e-04
    epoch 68: loss 0.9045, val_ap 0.5194, minutes 29.49, lr 5.00e-04
    epoch 69: loss 0.9015, val_ap 0.5265, minutes 29.81, lr 5.00e-04
    epoch 70: loss 0.8968, val_ap 0.5231, minutes 30.1, lr 5.00e-04
    epoch 71: loss 0.8976, val_ap 0.5267, minutes 30.41, lr 5.00e-04
    epoch 72: loss 0.9066, val_ap 0.5290, minutes 30.7, lr 5.00e-04
    epoch 73: loss 0.9101, val_ap 0.5283, minutes 30.99, lr 5.00e-04
    epoch 74: loss 0.8934, val_ap 0.5299, minutes 31.28, lr 5.00e-04
    epoch 75: loss 0.8922, val_ap 0.5264, minutes 31.58, lr 5.00e-04
    epoch 76: loss 0.9128, val_ap 0.5281, minutes 31.88, lr 5.00e-04
    epoch 77: loss 0.8842, val_ap 0.5290, minutes 32.19, lr 5.00e-04
    epoch 78: loss 0.8961, val_ap 0.5293, minutes 32.47, lr 5.00e-04
    epoch 79: loss 0.9040, val_ap 0.5269, minutes 32.77, lr 5.00e-04
    epoch 80: loss 0.8856, val_ap 0.5246, minutes 33.04, lr 5.00e-04
    epoch 81: loss 0.8978, val_ap 0.5305, minutes 33.32, lr 5.00e-04
    epoch 82: loss 0.8867, val_ap 0.5285, minutes 33.6, lr 5.00e-04
    epoch 83: loss 0.8969, val_ap 0.5274, minutes 33.88, lr 5.00e-04
    epoch 84: loss 0.8819, val_ap 0.5284, minutes 34.19, lr 5.00e-04
    epoch 85: loss 0.8728, val_ap 0.5283, minutes 34.46, lr 5.00e-04
    epoch 86: loss 0.8722, val_ap 0.5250, minutes 34.76, lr 5.00e-04
    epoch 87: loss 0.8869, val_ap 0.5275, minutes 35.04, lr 5.00e-04
    epoch 88: loss 0.8676, val_ap 0.5324, minutes 35.3, lr 5.00e-04
    epoch 89: loss 0.8707, val_ap 0.5314, minutes 35.56, lr 5.00e-04
    epoch 90: loss 0.8787, val_ap 0.5266, minutes 35.81, lr 5.00e-04
    epoch 91: loss 0.8715, val_ap 0.5288, minutes 36.07, lr 5.00e-04
    epoch 92: loss 0.8885, val_ap 0.5254, minutes 36.33, lr 5.00e-04
    epoch 93: loss 0.8454, val_ap 0.5298, minutes 36.58, lr 5.00e-04
    epoch 94: loss 0.8706, val_ap 0.5311, minutes 36.84, lr 5.00e-04
    epoch 95: loss 0.8901, val_ap 0.5332, minutes 37.09, lr 5.00e-04
    epoch 96: loss 0.8630, val_ap 0.5307, minutes 37.34, lr 5.00e-04
    epoch 97: loss 0.8662, val_ap 0.5181, minutes 37.59, lr 5.00e-04
    epoch 98: loss 0.8640, val_ap 0.5252, minutes 37.84, lr 5.00e-04
    epoch 99: loss 0.8533, val_ap 0.5290, minutes 38.1, lr 5.00e-04
    epoch 100: loss 0.8669, val_ap 0.5292, minutes 38.35, lr 5.00e-04
    epoch 101: loss 0.8706, val_ap 0.5324, minutes 38.6, lr 5.00e-04
    epoch 102: loss 0.8579, val_ap 0.5360, minutes 38.86, lr 5.00e-04
    epoch 103: loss 0.8672, val_ap 0.5323, minutes 39.13, lr 5.00e-04
    epoch 104: loss 0.8629, val_ap 0.5345, minutes 39.37, lr 5.00e-04
    epoch 105: loss 0.8601, val_ap 0.5349, minutes 39.61, lr 5.00e-04
    epoch 106: loss 0.8607, val_ap 0.5324, minutes 39.84, lr 5.00e-04
    epoch 107: loss 0.8474, val_ap 0.5370, minutes 40.08, lr 5.00e-04
    epoch 108: loss 0.8520, val_ap 0.5351, minutes 40.32, lr 5.00e-04
    epoch 109: loss 0.8417, val_ap 0.5322, minutes 40.56, lr 5.00e-04
    epoch 110: loss 0.8502, val_ap 0.5328, minutes 40.81, lr 5.00e-04
    epoch 111: loss 0.8391, val_ap 0.5371, minutes 41.05, lr 5.00e-04
    epoch 112: loss 0.8450, val_ap 0.5285, minutes 41.28, lr 5.00e-04
    epoch 113: loss 0.8424, val_ap 0.5340, minutes 41.5, lr 5.00e-04
    epoch 114: loss 0.8555, val_ap 0.5307, minutes 41.72, lr 5.00e-04
    epoch 115: loss 0.8407, val_ap 0.5332, minutes 41.94, lr 5.00e-04
    epoch 116: loss 0.8175, val_ap 0.5350, minutes 42.17, lr 5.00e-04
    epoch 117: loss 0.8365, val_ap 0.5369, minutes 42.39, lr 5.00e-04
    epoch 118: loss 0.8240, val_ap 0.5369, minutes 42.62, lr 5.00e-04
    epoch 119: loss 0.8563, val_ap 0.5381, minutes 42.84, lr 5.00e-04
    epoch 120: loss 0.8165, val_ap 0.5354, minutes 43.06, lr 5.00e-04
    epoch 121: loss 0.8260, val_ap 0.5354, minutes 43.28, lr 5.00e-04
    epoch 122: loss 0.8256, val_ap 0.5328, minutes 43.5, lr 5.00e-04
    epoch 123: loss 0.8415, val_ap 0.5337, minutes 43.73, lr 5.00e-04
    epoch 124: loss 0.8264, val_ap 0.5390, minutes 43.95, lr 5.00e-04
    epoch 125: loss 0.8277, val_ap 0.5397, minutes 44.17, lr 5.00e-04
    epoch 126: loss 0.8256, val_ap 0.5353, minutes 44.4, lr 5.00e-04
    epoch 127: loss 0.8371, val_ap 0.5407, minutes 44.62, lr 5.00e-04
    epoch 128: loss 0.8294, val_ap 0.5363, minutes 44.84, lr 5.00e-04
    epoch 129: loss 0.8184, val_ap 0.5393, minutes 45.06, lr 5.00e-04
    epoch 130: loss 0.8183, val_ap 0.5436, minutes 45.28, lr 5.00e-04
    epoch 131: loss 0.8305, val_ap 0.5403, minutes 45.51, lr 5.00e-04
    epoch 132: loss 0.8174, val_ap 0.5352, minutes 45.73, lr 5.00e-04
    epoch 133: loss 0.8244, val_ap 0.5374, minutes 45.95, lr 5.00e-04
    epoch 134: loss 0.8274, val_ap 0.5374, minutes 46.18, lr 5.00e-04
    epoch 135: loss 0.8305, val_ap 0.5401, minutes 46.4, lr 5.00e-04
    epoch 136: loss 0.8236, val_ap 0.5421, minutes 46.62, lr 5.00e-04
    epoch 137: loss 0.8097, val_ap 0.5367, minutes 46.84, lr 5.00e-04
    epoch 138: loss 0.8118, val_ap 0.5354, minutes 47.07, lr 5.00e-04
    epoch 139: loss 0.8194, val_ap 0.5368, minutes 47.29, lr 2.50e-04
    epoch 140: loss 0.7987, val_ap 0.5435, minutes 47.51, lr 2.50e-04
    epoch 141: loss 0.7909, val_ap 0.5448, minutes 47.74, lr 2.50e-04
    epoch 142: loss 0.7836, val_ap 0.5412, minutes 47.96, lr 2.50e-04
    epoch 143: loss 0.7946, val_ap 0.5457, minutes 48.18, lr 2.50e-04
    epoch 144: loss 0.8029, val_ap 0.5404, minutes 48.4, lr 2.50e-04
    epoch 145: loss 0.7857, val_ap 0.5393, minutes 48.62, lr 2.50e-04
    epoch 146: loss 0.7964, val_ap 0.5411, minutes 48.84, lr 2.50e-04
    epoch 147: loss 0.7868, val_ap 0.5432, minutes 49.07, lr 2.50e-04
    epoch 148: loss 0.7798, val_ap 0.5445, minutes 49.29, lr 2.50e-04
    epoch 149: loss 0.7956, val_ap 0.5441, minutes 49.51, lr 2.50e-04
    epoch 150: loss 0.7775, val_ap 0.5385, minutes 49.73, lr 2.50e-04
    epoch 151: loss 0.7870, val_ap 0.5460, minutes 49.96, lr 2.50e-04
    epoch 152: loss 0.7784, val_ap 0.5397, minutes 50.18, lr 2.50e-04
    epoch 153: loss 0.7823, val_ap 0.5432, minutes 50.4, lr 2.50e-04
    epoch 154: loss 0.7821, val_ap 0.5414, minutes 50.62, lr 2.50e-04
    epoch 155: loss 0.7909, val_ap 0.5417, minutes 50.83, lr 2.50e-04
    epoch 156: loss 0.7785, val_ap 0.5400, minutes 51.05, lr 2.50e-04
    epoch 157: loss 0.7720, val_ap 0.5396, minutes 51.27, lr 2.50e-04
    epoch 158: loss 0.7818, val_ap 0.5402, minutes 51.49, lr 2.50e-04
    epoch 159: loss 0.7686, val_ap 0.5397, minutes 51.71, lr 2.50e-04
    epoch 160: loss 0.7718, val_ap 0.5416, minutes 51.93, lr 1.25e-04
    epoch 161: loss 0.7633, val_ap 0.5420, minutes 52.15, lr 1.25e-04
    epoch 162: loss 0.7509, val_ap 0.5411, minutes 52.37, lr 1.25e-04
    epoch 163: loss 0.7667, val_ap 0.5427, minutes 52.59, lr 1.25e-04
    epoch 164: loss 0.7576, val_ap 0.5440, minutes 52.81, lr 1.25e-04
    epoch 165: loss 0.7580, val_ap 0.5419, minutes 53.03, lr 1.25e-04
    epoch 166: loss 0.7695, val_ap 0.5442, minutes 53.24, lr 1.25e-04
    epoch 167: loss 0.7708, val_ap 0.5412, minutes 53.45, lr 1.25e-04
    epoch 168: loss 0.7586, val_ap 0.5436, minutes 53.66, lr 1.25e-04
    epoch 169: loss 0.7762, val_ap 0.5457, minutes 53.88, lr 6.25e-05
    epoch 170: loss 0.7566, val_ap 0.5440, minutes 54.1, lr 6.25e-05
    epoch 171: loss 0.7475, val_ap 0.5430, minutes 54.31, lr 6.25e-05
    epoch 172: loss 0.7629, val_ap 0.5438, minutes 54.53, lr 6.25e-05
    epoch 173: loss 0.7604, val_ap 0.5437, minutes 54.74, lr 6.25e-05
    epoch 174: loss 0.7395, val_ap 0.5448, minutes 54.96, lr 6.25e-05
    epoch 175: loss 0.7495, val_ap 0.5415, minutes 55.18, lr 6.25e-05
    epoch 176: loss 0.7551, val_ap 0.5426, minutes 55.4, lr 6.25e-05
    stopping: no validation gain in 25 epochs
[scalar_random dataset0 fold 4] done (55.8 min)
