loaded: dataset0 121,838 sites, data1 90,452
[scalar_msg dataset0 fold 2 seed 2]
    kernel decay scale 108.1 nt (fitted to cell line 1 training labels)
    epoch 1: loss 1.9600, val_ap 0.1063, minutes 0.5, lr 3.33e-04
    epoch 2: loss 1.5476, val_ap 0.2575, minutes 0.99, lr 6.63e-04
    epoch 3: loss 1.3528, val_ap 0.3832, minutes 1.44, lr 9.89e-04
    epoch 4: loss 1.2463, val_ap 0.4691, minutes 1.89, lr 1.00e-03
    epoch 5: loss 1.1445, val_ap 0.4858, minutes 2.36, lr 1.00e-03
    epoch 6: loss 1.1231, val_ap 0.5032, minutes 2.83, lr 1.00e-03
    epoch 7: loss 1.1026, val_ap 0.5112, minutes 3.28, lr 1.00e-03
    epoch 8: loss 1.0522, val_ap 0.5263, minutes 3.74, lr 1.00e-03
    epoch 9: loss 1.0546, val_ap 0.5331, minutes 4.17, lr 1.00e-03
    epoch 10: loss 1.0307, val_ap 0.5310, minutes 4.66, lr 1.00e-03
    epoch 11: loss 0.9932, val_ap 0.5405, minutes 5.13, lr 1.00e-03
    epoch 12: loss 1.0209, val_ap 0.5433, minutes 5.65, lr 1.00e-03
    epoch 13: loss 0.9839, val_ap 0.5486, minutes 6.07, lr 1.00e-03
    epoch 14: loss 0.9789, val_ap 0.5483, minutes 6.52, lr 1.00e-03
    epoch 15: loss 0.9783, val_ap 0.5548, minutes 6.99, lr 1.00e-03
    epoch 16: loss 0.9635, val_ap 0.5478, minutes 7.45, lr 1.00e-03
    epoch 17: loss 0.9594, val_ap 0.5516, minutes 7.93, lr 1.00e-03
    epoch 18: loss 0.9627, val_ap 0.5595, minutes 8.39, lr 1.00e-03
    epoch 19: loss 0.9513, val_ap 0.5582, minutes 8.89, lr 1.00e-03
    epoch 20: loss 0.9601, val_ap 0.5588, minutes 9.35, lr 1.00e-03
    epoch 21: loss 0.9423, val_ap 0.5659, minutes 9.81, lr 1.00e-03
    epoch 22: loss 0.9510, val_ap 0.5582, minutes 10.27, lr 1.00e-03
    epoch 23: loss 0.9479, val_ap 0.5583, minutes 10.75, lr 1.00e-03
    epoch 24: loss 0.9253, val_ap 0.5681, minutes 11.22, lr 1.00e-03
    epoch 25: loss 0.9138, val_ap 0.5750, minutes 11.68, lr 1.00e-03
    epoch 26: loss 0.9170, val_ap 0.5711, minutes 12.2, lr 1.00e-03
    epoch 27: loss 0.8991, val_ap 0.5749, minutes 12.65, lr 1.00e-03
    epoch 28: loss 0.8982, val_ap 0.5786, minutes 13.13, lr 1.00e-03
    epoch 29: loss 0.9083, val_ap 0.5774, minutes 13.6, lr 1.00e-03
    epoch 30: loss 0.9046, val_ap 0.5776, minutes 14.08, lr 1.00e-03
    epoch 31: loss 0.9043, val_ap 0.5729, minutes 14.55, lr 1.00e-03
    epoch 32: loss 0.9084, val_ap 0.5790, minutes 15.04, lr 1.00e-03
    epoch 33: loss 0.9151, val_ap 0.5852, minutes 15.5, lr 1.00e-03
    epoch 34: loss 0.8923, val_ap 0.5826, minutes 16.0, lr 1.00e-03
    epoch 35: loss 0.8999, val_ap 0.5727, minutes 16.46, lr 1.00e-03
    epoch 36: loss 0.8783, val_ap 0.5778, minutes 16.93, lr 1.00e-03
    epoch 37: loss 0.8922, val_ap 0.5826, minutes 17.45, lr 1.00e-03
    epoch 38: loss 0.8879, val_ap 0.5868, minutes 17.96, lr 1.00e-03
    epoch 39: loss 0.8776, val_ap 0.5806, minutes 18.43, lr 1.00e-03
    epoch 40: loss 0.8824, val_ap 0.5857, minutes 18.92, lr 1.00e-03
    epoch 41: loss 0.8736, val_ap 0.5855, minutes 19.39, lr 1.00e-03
    epoch 42: loss 0.8702, val_ap 0.5881, minutes 19.85, lr 1.00e-03
    epoch 43: loss 0.8728, val_ap 0.5894, minutes 20.32, lr 1.00e-03
    epoch 44: loss 0.8497, val_ap 0.5948, minutes 20.79, lr 1.00e-03
    epoch 45: loss 0.8605, val_ap 0.5772, minutes 21.26, lr 1.00e-03
    epoch 46: loss 0.8592, val_ap 0.5945, minutes 21.81, lr 1.00e-03
    epoch 47: loss 0.8672, val_ap 0.5888, minutes 22.28, lr 1.00e-03
    epoch 48: loss 0.8468, val_ap 0.5895, minutes 22.74, lr 1.00e-03
    epoch 49: loss 0.8411, val_ap 0.5924, minutes 23.2, lr 1.00e-03
    epoch 50: loss 0.8471, val_ap 0.5957, minutes 23.68, lr 1.00e-03
    epoch 51: loss 0.8232, val_ap 0.5937, minutes 24.16, lr 1.00e-03
    epoch 52: loss 0.8343, val_ap 0.5958, minutes 24.64, lr 1.00e-03
    epoch 53: loss 0.8355, val_ap 0.5947, minutes 25.13, lr 1.00e-03
    epoch 54: loss 0.8366, val_ap 0.5894, minutes 25.62, lr 1.00e-03
    epoch 55: loss 0.8208, val_ap 0.5908, minutes 26.09, lr 1.00e-03
    epoch 56: loss 0.8288, val_ap 0.5956, minutes 26.59, lr 1.00e-03
    epoch 57: loss 0.8231, val_ap 0.5842, minutes 27.06, lr 1.00e-03
    epoch 58: loss 0.8283, val_ap 0.5945, minutes 27.56, lr 1.00e-03
    epoch 59: loss 0.8338, val_ap 0.5883, minutes 28.04, lr 1.00e-03
    epoch 60: loss 0.8364, val_ap 0.5893, minutes 28.5, lr 1.00e-03
    epoch 61: loss 0.8318, val_ap 0.5941, minutes 28.99, lr 5.00e-04
    epoch 62: loss 0.8076, val_ap 0.5953, minutes 29.47, lr 5.00e-04
    epoch 63: loss 0.7979, val_ap 0.6015, minutes 30.01, lr 5.00e-04
    epoch 64: loss 0.7868, val_ap 0.5997, minutes 30.51, lr 5.00e-04
    epoch 65: loss 0.7903, val_ap 0.5978, minutes 31.01, lr 5.00e-04
    epoch 66: loss 0.7924, val_ap 0.5919, minutes 31.49, lr 5.00e-04
    epoch 67: loss 0.7925, val_ap 0.6033, minutes 31.98, lr 5.00e-04
    epoch 68: loss 0.7848, val_ap 0.5987, minutes 32.51, lr 5.00e-04
    epoch 69: loss 0.7799, val_ap 0.5983, minutes 33.02, lr 5.00e-04
    epoch 70: loss 0.7764, val_ap 0.5918, minutes 33.52, lr 5.00e-04
    epoch 71: loss 0.8051, val_ap 0.5960, minutes 34.04, lr 5.00e-04
    epoch 72: loss 0.7768, val_ap 0.6000, minutes 34.53, lr 5.00e-04
    epoch 73: loss 0.7693, val_ap 0.5941, minutes 35.01, lr 5.00e-04
    epoch 74: loss 0.7708, val_ap 0.5990, minutes 35.54, lr 5.00e-04
    epoch 75: loss 0.7694, val_ap 0.5982, minutes 36.03, lr 5.00e-04
    epoch 76: loss 0.7727, val_ap 0.5939, minutes 36.53, lr 2.50e-04
    epoch 77: loss 0.7648, val_ap 0.5994, minutes 37.04, lr 2.50e-04
    epoch 78: loss 0.7682, val_ap 0.5980, minutes 37.57, lr 2.50e-04
    epoch 79: loss 0.7421, val_ap 0.5995, minutes 38.08, lr 2.50e-04
    epoch 80: loss 0.7701, val_ap 0.5970, minutes 38.59, lr 2.50e-04
    epoch 81: loss 0.7719, val_ap 0.5980, minutes 39.1, lr 2.50e-04
    epoch 82: loss 0.7591, val_ap 0.6033, minutes 39.61, lr 2.50e-04
    epoch 83: loss 0.7505, val_ap 0.5973, minutes 40.12, lr 2.50e-04
    epoch 84: loss 0.7444, val_ap 0.5957, minutes 40.61, lr 2.50e-04
    epoch 85: loss 0.7552, val_ap 0.6026, minutes 41.13, lr 1.25e-04
    epoch 86: loss 0.7536, val_ap 0.5986, minutes 41.63, lr 1.25e-04
    epoch 87: loss 0.7599, val_ap 0.6025, minutes 42.11, lr 1.25e-04
    epoch 88: loss 0.7449, val_ap 0.5996, minutes 42.65, lr 1.25e-04
    epoch 89: loss 0.7506, val_ap 0.6005, minutes 43.14, lr 1.25e-04
    epoch 90: loss 0.7450, val_ap 0.6022, minutes 43.73, lr 1.25e-04
    epoch 91: loss 0.7459, val_ap 0.5970, minutes 44.23, lr 1.25e-04
    epoch 92: loss 0.7482, val_ap 0.6003, minutes 44.71, lr 1.25e-04
    stopping: no validation gain in 25 epochs
[scalar_msg dataset0 fold 2 seed 2] done (45.5 min)
