loaded: dataset0 121,838 sites, data1 90,452
[knn_static dataset0 fold 4]
    epoch 1: loss 1.2004466074150661, minutes 1.88, val_ap 0.20870375310200165, lr 0.00033430232558139537
    epoch 2: loss 0.8795827030269212, minutes 3.93, val_ap 0.41736372111732917, lr 0.0006676356589147286
    epoch 3: loss 0.7810072017790273, minutes 5.99, val_ap 0.4494909357554159, lr 0.001
    epoch 4: loss 0.7566903563606184, minutes 8.04, val_ap 0.4561125763253648, lr 0.001
    epoch 5: loss 0.7364961199115875, minutes 10.02, val_ap 0.4562372607530473, lr 0.001
    epoch 6: loss 0.7202798897443816, minutes 12.05, val_ap 0.46684915293838003, lr 0.001
    epoch 7: loss 0.7087843020468257, minutes 14.05, val_ap 0.4646178134764504, lr 0.001
    epoch 8: loss 0.6994373308884543, minutes 16.11, val_ap 0.46206135225012285, lr 0.001
    epoch 9: loss 0.7005915517030761, minutes 18.1, val_ap 0.4894955992272993, lr 0.001
    epoch 10: loss 0.6889510696190734, minutes 20.06, val_ap 0.4834606633501785, lr 0.001
    epoch 11: loss 0.6761057911397412, minutes 22.06, val_ap 0.4893019331734446, lr 0.001
    epoch 12: loss 0.6788034449916246, minutes 24.09, val_ap 0.4871617519574504, lr 0.001
    epoch 13: loss 0.674428287806899, minutes 26.09, val_ap 0.5008413361779521, lr 0.001
    epoch 14: loss 0.6667216829955578, minutes 28.11, val_ap 0.4865401179003235, lr 0.001
    epoch 15: loss 0.6614690585884937, minutes 30.12, val_ap 0.48558511025082374, lr 0.001
    epoch 16: loss 0.6576268241502518, minutes 32.13, val_ap 0.4912863885067655, lr 0.001
    epoch 17: loss 0.6549559663548026, minutes 34.2, val_ap 0.5098849827120118, lr 0.001
    epoch 18: loss 0.650931887761798, minutes 36.17, val_ap 0.5053645584369052, lr 0.001
    epoch 19: loss 0.6559323715262635, minutes 38.21, val_ap 0.5103295658413682, lr 0.001
    epoch 20: loss 0.6436217951393405, minutes 44.17, val_ap 0.5155378303513198, lr 0.001
    epoch 21: loss 0.6392586686929991, minutes 53.75, val_ap 0.5126540712559898, lr 0.001
    epoch 22: loss 0.6395291637542636, minutes 57.42, val_ap 0.5166052133810002, lr 0.001
    epoch 23: loss 0.6477725268449894, minutes 59.45, val_ap 0.5162085964305616, lr 0.001
    epoch 24: loss 0.6326578979402088, minutes 61.39, val_ap 0.5163443541239231, lr 0.001
    epoch 25: loss 0.629240209886501, minutes 63.29, val_ap 0.5190016226293895, lr 0.001
    epoch 26: loss 0.6194523238945145, minutes 65.19, val_ap 0.5035625028816395, lr 0.001
    epoch 27: loss 0.624464574161657, minutes 67.09, val_ap 0.5116344702505667, lr 0.001
    epoch 28: loss 0.6335410972147487, minutes 68.96, val_ap 0.524873483303884, lr 0.001
    epoch 29: loss 0.6225983828826006, minutes 70.83, val_ap 0.5246072211871049, lr 0.001
    epoch 30: loss 0.6144200043622837, minutes 72.58, val_ap 0.5279634099774617, lr 0.001
    epoch 31: loss 0.6134790267015613, minutes 74.29, val_ap 0.5081277956988656, lr 0.001
    epoch 32: loss 0.6116865936580093, minutes 75.69, val_ap 0.5213019373293044, lr 0.001
    epoch 33: loss 0.6097753983597423, minutes 77.23, val_ap 0.5205910268321677, lr 0.001
    epoch 34: loss 0.608484864581463, minutes 78.77, val_ap 0.506265294490893, lr 0.001
    epoch 35: loss 0.6081511163001143, minutes 80.17, val_ap 0.5194864632790915, lr 0.001
    epoch 36: loss 0.6031201985166517, minutes 81.62, val_ap 0.5205533508925619, lr 0.001
    epoch 37: loss 0.5968470436542533, minutes 83.01, val_ap 0.5119888734988249, lr 0.001
    epoch 38: loss 0.5992128867655993, minutes 84.53, val_ap 0.513309917608324, lr 0.001
    epoch 39: loss 0.6002029106020927, minutes 86.07, val_ap 0.5210486112577286, lr 0.0005
    epoch 40: loss 0.5715534593476805, minutes 87.54, val_ap 0.5168758680818349, lr 0.0005
    epoch 41: loss 0.5680861853409646, minutes 89.06, val_ap 0.5153691265956263, lr 0.0005
    epoch 42: loss 0.5658800996146923, minutes 90.64, val_ap 0.517158681430665, lr 0.0005
    epoch 43: loss 0.569644786504119, minutes 92.04, val_ap 0.521171615204272, lr 0.0005
    epoch 44: loss 0.5578730789901212, minutes 93.41, val_ap 0.518733775268833, lr 0.0005
    epoch 45: loss 0.5564838372777368, minutes 94.81, val_ap 0.5206992933085648, lr 0.0005
    epoch 46: loss 0.5577108884273574, minutes 96.45, val_ap 0.5134750574920908, lr 0.0005
    epoch 47: loss 0.5511077667564847, minutes 97.9, val_ap 0.5286258020080293, lr 0.0005
    epoch 48: loss 0.5566931971197211, minutes 99.33, val_ap 0.5245052904126534, lr 0.0005
    epoch 49: loss 0.543908521229791, minutes 100.77, val_ap 0.5173506417268806, lr 0.0005
    epoch 50: loss 0.5479826012323069, minutes 102.35, val_ap 0.5292130366108371, lr 0.0005
    epoch 51: loss 0.5474074897897798, minutes 103.78, val_ap 0.5097334347372763, lr 0.0005
    epoch 52: loss 0.5507871013048083, minutes 105.39, val_ap 0.5192760872535064, lr 0.0005
    epoch 53: loss 0.5378203473465387, minutes 106.82, val_ap 0.5286096574043604, lr 0.0005
    epoch 54: loss 0.5365027938644553, minutes 108.33, val_ap 0.5191166916935939, lr 0.0005
    epoch 55: loss 0.5419916764854692, minutes 109.69, val_ap 0.5221778315813004, lr 0.0005
    epoch 56: loss 0.5408915855683559, minutes 111.06, val_ap 0.5289023629094453, lr 0.0005
    epoch 57: loss 0.5335906596724377, minutes 112.58, val_ap 0.5329808544177317, lr 0.0005
    epoch 58: loss 0.543915044516325, minutes 114.01, val_ap 0.5308664496027438, lr 0.0005
    epoch 59: loss 0.5272702491560648, minutes 115.48, val_ap 0.5315182075071225, lr 0.0005
    epoch 60: loss 0.5395744481059008, minutes 116.9, val_ap 0.5337852994110457, lr 0.0005
    epoch 61: loss 0.532377585422161, minutes 118.29, val_ap 0.5223755772417946, lr 0.0005
    epoch 62: loss 0.5386409197262553, minutes 119.75, val_ap 0.5380523156055839, lr 0.0005
    epoch 63: loss 0.5323232623293649, minutes 121.32, val_ap 0.5372281603789357, lr 0.0005
    epoch 64: loss 0.5215285427348558, minutes 122.72, val_ap 0.5328866658354741, lr 0.0005
    epoch 65: loss 0.5234335563037285, minutes 124.17, val_ap 0.534974749382887, lr 0.0005
    epoch 66: loss 0.5249882025514231, minutes 125.61, val_ap 0.5419806557456368, lr 0.0005
    epoch 67: loss 0.5355327073917833, minutes 127.14, val_ap 0.5332792073717185, lr 0.0005
    epoch 68: loss 0.5284490833968617, minutes 128.57, val_ap 0.5342110162870483, lr 0.0005
    epoch 69: loss 0.5078825312125128, minutes 129.98, val_ap 0.5399035252385985, lr 0.0005
    epoch 70: loss 0.519486035025397, minutes 131.48, val_ap 0.5251349330732481, lr 0.0005
    epoch 71: loss 0.5140215555682431, minutes 132.86, val_ap 0.5367637582578079, lr 0.0005
    epoch 72: loss 0.5201201212354177, minutes 134.26, val_ap 0.5364857849694653, lr 0.0005
    epoch 73: loss 0.5155889154086972, minutes 135.71, val_ap 0.544058145343688, lr 0.0005
    epoch 74: loss 0.5165745924811723, minutes 137.18, val_ap 0.5405200205821137, lr 0.0005
    epoch 75: loss 0.5220075360564298, minutes 138.6, val_ap 0.5451213991390924, lr 0.0005
    epoch 76: loss 0.5118604459215043, minutes 140.05, val_ap 0.537672174582731, lr 0.0005
    epoch 77: loss 0.511424709501308, minutes 141.52, val_ap 0.5415424824026407, lr 0.0005
    epoch 78: loss 0.512443911370843, minutes 142.98, val_ap 0.5412068341847465, lr 0.0005
    epoch 79: loss 0.5058733253458212, minutes 144.4, val_ap 0.5511742260445535, lr 0.0005
    epoch 80: loss 0.510311555680494, minutes 145.98, val_ap 0.5353557476377828, lr 0.0005
    epoch 81: loss 0.5010673414569261, minutes 147.5, val_ap 0.5349014765968391, lr 0.0005
    epoch 82: loss 0.5114542471981326, minutes 149.07, val_ap 0.5370981140812449, lr 0.0005
    epoch 83: loss 0.5013778528934995, minutes 150.6, val_ap 0.5244632396504847, lr 0.0005
    epoch 84: loss 0.5168643780919009, minutes 152.19, val_ap 0.5380026548850596, lr 0.0005
    epoch 85: loss 0.5066570769562277, minutes 153.61, val_ap 0.5336523656410255, lr 0.0005
    epoch 86: loss 0.5076541861215996, minutes 155.13, val_ap 0.5430081568276567, lr 0.0005
    epoch 87: loss 0.5063754095327716, minutes 156.62, val_ap 0.5345961034853265, lr 0.0005
    epoch 88: loss 0.4891029373677664, minutes 158.17, val_ap 0.5440586866442247, lr 0.00025
    epoch 89: loss 0.4877805727165799, minutes 159.72, val_ap 0.5439092393467031, lr 0.00025
    epoch 90: loss 0.48059594622531604, minutes 161.15, val_ap 0.5466998047213822, lr 0.00025
    epoch 91: loss 0.4907758274916993, minutes 162.45, val_ap 0.553039932327968, lr 0.00025
    epoch 92: loss 0.47677379707957424, minutes 163.72, val_ap 0.5417928706664219, lr 0.00025
    epoch 93: loss 0.482158689478109, minutes 164.96, val_ap 0.5439718328828511, lr 0.00025
    epoch 94: loss 0.4780078026531048, minutes 166.23, val_ap 0.5503136658133309, lr 0.00025
    epoch 95: loss 0.4751409643524608, minutes 167.59, val_ap 0.5466764889716808, lr 0.00025
    epoch 96: loss 0.466477018542761, minutes 168.85, val_ap 0.5485969156051774, lr 0.00025
    epoch 97: loss 0.4749279613931512, minutes 170.04, val_ap 0.5407154318205437, lr 0.00025
    epoch 98: loss 0.47885916936536166, minutes 171.24, val_ap 0.547262400525786, lr 0.00025
    epoch 99: loss 0.47248798487491384, minutes 172.72, val_ap 0.534706722125975, lr 0.00025
    epoch 100: loss 0.4749790891831697, minutes 174.01, val_ap 0.5424047823605816, lr 0.000125
    epoch 101: loss 0.4688588742513296, minutes 175.49, val_ap 0.5353177030881787, lr 0.000125
    epoch 102: loss 0.46015777308927025, minutes 176.75, val_ap 0.5371090571472003, lr 0.000125
    epoch 103: loss 0.46127445233422654, minutes 178.13, val_ap 0.5337940300749662, lr 0.000125
    epoch 104: loss 0.46849379536890706, minutes 179.33, val_ap 0.5373532711096285, lr 0.000125
    epoch 105: loss 0.45723076030438725, minutes 180.65, val_ap 0.5330087874452191, lr 0.000125
    epoch 106: loss 0.4581669593273207, minutes 181.98, val_ap 0.5348093701420437, lr 0.000125
    epoch 107: loss 0.45333301518545593, minutes 183.22, val_ap 0.5366644060013614, lr 0.000125
    epoch 108: loss 0.4576075165424236, minutes 184.4, val_ap 0.5383185170800707, lr 0.000125
    epoch 109: loss 0.45838374072729154, minutes 185.59, val_ap 0.5466965865423846, lr 6.25e-05
    epoch 110: loss 0.4610532915522886, minutes 186.82, val_ap 0.534048938310544, lr 6.25e-05
    epoch 111: loss 0.4485214482559714, minutes 188.04, val_ap 0.5351687713411473, lr 6.25e-05
    epoch 112: loss 0.45119251471099464, minutes 189.2, val_ap 0.5420125155541479, lr 6.25e-05
    epoch 113: loss 0.449836548331172, minutes 190.3, val_ap 0.5379450474360802, lr 6.25e-05
    epoch 114: loss 0.450774492609293, minutes 191.51, val_ap 0.5365732554332373, lr 6.25e-05
    epoch 115: loss 0.45705816050081755, minutes 192.73, val_ap 0.5339952597597307, lr 6.25e-05
    stopping: no validation gain in 25 epochs
[knn_static dataset0 fold 4] done (194.6 min)
