loaded: dataset0 121,838 sites, data1 90,452
[fk_band dataset0 fold 0]
    band weights [0.395, 0.347, 0.258] (bands ((0, 30), (30, 75), (75, 150)))
    epoch 1: loss 1.9689, val_ap 0.1870, minutes 0.5, lr 3.33e-04
    epoch 2: loss 1.5878, val_ap 0.2745, minutes 1.04, lr 6.59e-04
    epoch 3: loss 1.3647, val_ap 0.4117, minutes 1.55, lr 9.88e-04
    epoch 4: loss 1.2204, val_ap 0.4719, minutes 2.05, lr 1.00e-03
    epoch 5: loss 1.0941, val_ap 0.4847, minutes 2.57, lr 1.00e-03
    epoch 6: loss 1.0593, val_ap 0.4890, minutes 3.08, lr 1.00e-03
    epoch 7: loss 1.0536, val_ap 0.5034, minutes 3.56, lr 1.00e-03
    epoch 8: loss 1.0096, val_ap 0.5181, minutes 4.09, lr 1.00e-03
    epoch 9: loss 1.0097, val_ap 0.5218, minutes 4.59, lr 1.00e-03
    epoch 10: loss 0.9848, val_ap 0.5245, minutes 5.11, lr 1.00e-03
    epoch 11: loss 0.9639, val_ap 0.5331, minutes 5.62, lr 1.00e-03
    epoch 12: loss 0.9551, val_ap 0.5306, minutes 6.13, lr 1.00e-03
    epoch 13: loss 0.9411, val_ap 0.5446, minutes 6.66, lr 1.00e-03
    epoch 14: loss 0.9521, val_ap 0.5355, minutes 7.15, lr 1.00e-03
    epoch 15: loss 0.9368, val_ap 0.5451, minutes 7.69, lr 1.00e-03
    epoch 16: loss 0.9099, val_ap 0.5473, minutes 8.18, lr 1.00e-03
    epoch 17: loss 0.9519, val_ap 0.5480, minutes 8.71, lr 1.00e-03
    epoch 18: loss 0.9203, val_ap 0.5479, minutes 9.25, lr 1.00e-03
    epoch 19: loss 0.9157, val_ap 0.5470, minutes 9.86, lr 1.00e-03
    epoch 20: loss 0.8817, val_ap 0.5566, minutes 10.47, lr 1.00e-03
    epoch 21: loss 0.8819, val_ap 0.5548, minutes 11.07, lr 1.00e-03
    epoch 22: loss 0.8826, val_ap 0.5554, minutes 11.71, lr 1.00e-03
    epoch 23: loss 0.8903, val_ap 0.5561, minutes 12.31, lr 1.00e-03
    epoch 24: loss 0.8995, val_ap 0.5620, minutes 12.9, lr 1.00e-03
    epoch 25: loss 0.9054, val_ap 0.5693, minutes 13.5, lr 1.00e-03
    epoch 26: loss 0.8622, val_ap 0.5682, minutes 14.07, lr 1.00e-03
    epoch 27: loss 0.8476, val_ap 0.5705, minutes 14.67, lr 1.00e-03
    epoch 28: loss 0.8799, val_ap 0.5752, minutes 15.24, lr 1.00e-03
    epoch 29: loss 0.8962, val_ap 0.5646, minutes 15.89, lr 1.00e-03
    epoch 30: loss 0.8548, val_ap 0.5717, minutes 16.49, lr 1.00e-03
    epoch 31: loss 0.8612, val_ap 0.5808, minutes 17.09, lr 1.00e-03
    epoch 32: loss 0.8428, val_ap 0.5726, minutes 17.7, lr 1.00e-03
    epoch 33: loss 0.8395, val_ap 0.5829, minutes 18.28, lr 1.00e-03
    epoch 34: loss 0.8760, val_ap 0.5793, minutes 18.91, lr 1.00e-03
    epoch 35: loss 0.8466, val_ap 0.5777, minutes 19.51, lr 1.00e-03
    epoch 36: loss 0.8515, val_ap 0.5827, minutes 20.14, lr 1.00e-03
    epoch 37: loss 0.8577, val_ap 0.5846, minutes 20.75, lr 1.00e-03
    epoch 38: loss 0.8380, val_ap 0.5892, minutes 21.38, lr 1.00e-03
    epoch 39: loss 0.8153, val_ap 0.5861, minutes 22.03, lr 1.00e-03
    epoch 40: loss 0.8232, val_ap 0.5853, minutes 22.66, lr 1.00e-03
    epoch 41: loss 0.8069, val_ap 0.5789, minutes 23.28, lr 1.00e-03
    epoch 42: loss 0.8034, val_ap 0.5835, minutes 23.9, lr 1.00e-03
    epoch 43: loss 0.8148, val_ap 0.5748, minutes 24.54, lr 1.00e-03
    epoch 44: loss 0.8023, val_ap 0.5881, minutes 25.2, lr 1.00e-03
    epoch 45: loss 0.8092, val_ap 0.5912, minutes 25.81, lr 1.00e-03
    epoch 46: loss 0.8047, val_ap 0.5913, minutes 26.45, lr 1.00e-03
    epoch 47: loss 0.7978, val_ap 0.5774, minutes 27.06, lr 1.00e-03
    epoch 48: loss 0.7981, val_ap 0.5932, minutes 27.65, lr 1.00e-03
    epoch 49: loss 0.8019, val_ap 0.5946, minutes 28.25, lr 1.00e-03
    epoch 50: loss 0.7839, val_ap 0.5954, minutes 28.84, lr 1.00e-03
    epoch 51: loss 0.7893, val_ap 0.5957, minutes 29.48, lr 1.00e-03
    epoch 52: loss 0.7791, val_ap 0.5913, minutes 30.07, lr 1.00e-03
    epoch 53: loss 0.7659, val_ap 0.5966, minutes 30.67, lr 1.00e-03
    epoch 54: loss 0.7768, val_ap 0.5989, minutes 31.29, lr 1.00e-03
    epoch 55: loss 0.7829, val_ap 0.5965, minutes 31.89, lr 1.00e-03
    epoch 56: loss 0.7698, val_ap 0.5972, minutes 32.5, lr 1.00e-03
    epoch 57: loss 0.7742, val_ap 0.5917, minutes 33.1, lr 1.00e-03
    epoch 58: loss 0.7598, val_ap 0.5871, minutes 33.69, lr 1.00e-03
    epoch 59: loss 0.7779, val_ap 0.5921, minutes 34.3, lr 1.00e-03
    epoch 60: loss 0.7583, val_ap 0.5969, minutes 34.93, lr 1.00e-03
    epoch 61: loss 0.7553, val_ap 0.6062, minutes 35.53, lr 1.00e-03
    epoch 62: loss 0.7670, val_ap 0.6076, minutes 36.14, lr 1.00e-03
    epoch 63: loss 0.7615, val_ap 0.6036, minutes 36.74, lr 1.00e-03
    epoch 64: loss 0.7476, val_ap 0.5952, minutes 37.34, lr 1.00e-03
    epoch 65: loss 0.7538, val_ap 0.6064, minutes 37.95, lr 1.00e-03
    epoch 66: loss 0.7421, val_ap 0.6015, minutes 38.55, lr 1.00e-03
    epoch 67: loss 0.7397, val_ap 0.5921, minutes 39.16, lr 1.00e-03
    epoch 68: loss 0.7548, val_ap 0.6030, minutes 39.75, lr 1.00e-03
    epoch 69: loss 0.7280, val_ap 0.5958, minutes 40.35, lr 1.00e-03
    epoch 70: loss 0.7353, val_ap 0.6014, minutes 40.96, lr 1.00e-03
    epoch 71: loss 0.7338, val_ap 0.5964, minutes 41.57, lr 5.00e-04
    epoch 72: loss 0.7074, val_ap 0.5978, minutes 42.17, lr 5.00e-04
    epoch 73: loss 0.7138, val_ap 0.5943, minutes 42.76, lr 5.00e-04
    epoch 74: loss 0.7056, val_ap 0.5963, minutes 43.34, lr 5.00e-04
    epoch 75: loss 0.6988, val_ap 0.5873, minutes 43.95, lr 5.00e-04
    epoch 76: loss 0.7022, val_ap 0.5934, minutes 44.56, lr 5.00e-04
    epoch 77: loss 0.7177, val_ap 0.6022, minutes 45.15, lr 5.00e-04
    epoch 78: loss 0.6951, val_ap 0.5977, minutes 45.76, lr 5.00e-04
    epoch 79: loss 0.6999, val_ap 0.5965, minutes 46.38, lr 5.00e-04
    epoch 80: loss 0.6842, val_ap 0.6027, minutes 46.96, lr 2.50e-04
    epoch 81: loss 0.6772, val_ap 0.6013, minutes 47.55, lr 2.50e-04
    epoch 82: loss 0.6901, val_ap 0.6009, minutes 48.16, lr 2.50e-04
    epoch 83: loss 0.6646, val_ap 0.5935, minutes 48.73, lr 2.50e-04
    epoch 84: loss 0.6750, val_ap 0.5962, minutes 49.33, lr 2.50e-04
    epoch 85: loss 0.6616, val_ap 0.5901, minutes 49.92, lr 2.50e-04
    epoch 86: loss 0.6616, val_ap 0.5985, minutes 50.5, lr 2.50e-04
    epoch 87: loss 0.6758, val_ap 0.5952, minutes 51.08, lr 2.50e-04
    stopping: no validation gain in 25 epochs
[fk_band dataset0 fold 0] done (51.9 min)
