loaded: dataset0 121,838 sites, data1 90,452
[h2gcn pooled_both fold 0]
    epoch 1: loss 1.2641, val_ap 0.1856, minutes 0.93, lr 3.31e-04
    epoch 2: loss 1.0113, val_ap 0.3421, minutes 1.87, lr 6.60e-04
    epoch 3: loss 0.8932, val_ap 0.4092, minutes 2.81, lr 9.89e-04
    epoch 4: loss 0.8426, val_ap 0.4211, minutes 3.72, lr 1.00e-03
    epoch 5: loss 0.8134, val_ap 0.4335, minutes 4.63, lr 1.00e-03
    epoch 6: loss 0.7902, val_ap 0.4398, minutes 5.6, lr 1.00e-03
    epoch 7: loss 0.7763, val_ap 0.4443, minutes 6.52, lr 1.00e-03
    epoch 8: loss 0.7730, val_ap 0.4464, minutes 7.46, lr 1.00e-03
    epoch 9: loss 0.7670, val_ap 0.4465, minutes 8.35, lr 1.00e-03
    epoch 10: loss 0.7690, val_ap 0.4532, minutes 9.3, lr 1.00e-03
    epoch 11: loss 0.7675, val_ap 0.4551, minutes 10.23, lr 1.00e-03
    epoch 12: loss 0.7511, val_ap 0.4526, minutes 11.13, lr 1.00e-03
    epoch 13: loss 0.7459, val_ap 0.4582, minutes 12.05, lr 1.00e-03
    epoch 14: loss 0.7427, val_ap 0.4611, minutes 12.96, lr 1.00e-03
    epoch 15: loss 0.7374, val_ap 0.4651, minutes 13.88, lr 1.00e-03
    epoch 16: loss 0.7449, val_ap 0.4661, minutes 14.82, lr 1.00e-03
    epoch 17: loss 0.7327, val_ap 0.4634, minutes 15.76, lr 1.00e-03
    epoch 18: loss 0.7331, val_ap 0.4676, minutes 16.61, lr 1.00e-03
    epoch 19: loss 0.7254, val_ap 0.4617, minutes 17.53, lr 1.00e-03
    epoch 20: loss 0.7283, val_ap 0.4651, minutes 18.42, lr 1.00e-03
    epoch 21: loss 0.7146, val_ap 0.4639, minutes 19.34, lr 1.00e-03
    epoch 22: loss 0.7170, val_ap 0.4698, minutes 20.28, lr 1.00e-03
    epoch 23: loss 0.7132, val_ap 0.4627, minutes 21.2, lr 1.00e-03
    epoch 24: loss 0.7092, val_ap 0.4710, minutes 22.12, lr 1.00e-03
    epoch 25: loss 0.7031, val_ap 0.4632, minutes 23.05, lr 1.00e-03
    epoch 26: loss 0.6984, val_ap 0.4595, minutes 23.93, lr 1.00e-03
    epoch 27: loss 0.6919, val_ap 0.4673, minutes 24.83, lr 1.00e-03
    epoch 28: loss 0.6944, val_ap 0.4559, minutes 25.7, lr 1.00e-03
    epoch 29: loss 0.6960, val_ap 0.4649, minutes 26.58, lr 1.00e-03
    epoch 30: loss 0.6904, val_ap 0.4617, minutes 27.49, lr 1.00e-03
    epoch 31: loss 0.6838, val_ap 0.4534, minutes 28.4, lr 1.00e-03
    epoch 32: loss 0.6812, val_ap 0.4612, minutes 29.3, lr 1.00e-03
    epoch 33: loss 0.6749, val_ap 0.4533, minutes 30.21, lr 5.00e-04
    epoch 34: loss 0.6611, val_ap 0.4653, minutes 31.14, lr 5.00e-04
    epoch 35: loss 0.6516, val_ap 0.4659, minutes 32.0, lr 5.00e-04
    epoch 36: loss 0.6530, val_ap 0.4594, minutes 32.87, lr 5.00e-04
    epoch 37: loss 0.6427, val_ap 0.4517, minutes 33.71, lr 5.00e-04
    epoch 38: loss 0.6524, val_ap 0.4535, minutes 34.62, lr 5.00e-04
    epoch 39: loss 0.6462, val_ap 0.4575, minutes 35.52, lr 5.00e-04
    epoch 40: loss 0.6374, val_ap 0.4581, minutes 36.38, lr 5.00e-04
    epoch 41: loss 0.6385, val_ap 0.4571, minutes 37.3, lr 5.00e-04
    epoch 42: loss 0.6350, val_ap 0.4566, minutes 38.17, lr 2.50e-04
    epoch 43: loss 0.6330, val_ap 0.4568, minutes 39.08, lr 2.50e-04
    epoch 44: loss 0.6252, val_ap 0.4507, minutes 40.0, lr 2.50e-04
    epoch 45: loss 0.6221, val_ap 0.4514, minutes 40.89, lr 2.50e-04
    epoch 46: loss 0.6181, val_ap 0.4519, minutes 41.79, lr 2.50e-04
    epoch 47: loss 0.6201, val_ap 0.4510, minutes 42.68, lr 2.50e-04
    epoch 48: loss 0.6117, val_ap 0.4404, minutes 43.6, lr 2.50e-04
    epoch 49: loss 0.6154, val_ap 0.4460, minutes 44.47, lr 2.50e-04
    stopping: no validation gain in 25 epochs
[h2gcn pooled_both fold 0] done (45.2 min)
