loaded: dataset0 121,838 sites, data1 90,452
[gcn dataset0 fold 1 seed 1]
    epoch 1: loss 1.3280, val_ap 0.1105, minutes 0.53, lr 3.33e-04
    epoch 2: loss 1.2623, val_ap 0.1133, minutes 1.08, lr 6.63e-04
    epoch 3: loss 1.1581, val_ap 0.1895, minutes 1.66, lr 9.92e-04
    epoch 4: loss 1.0000, val_ap 0.2844, minutes 2.31, lr 1.00e-03
    epoch 5: loss 0.8884, val_ap 0.2981, minutes 2.93, lr 1.00e-03
    epoch 6: loss 0.8724, val_ap 0.3004, minutes 3.6, lr 1.00e-03
    epoch 7: loss 0.8441, val_ap 0.3015, minutes 4.25, lr 1.00e-03
    epoch 8: loss 0.8494, val_ap 0.3082, minutes 4.87, lr 1.00e-03
    epoch 9: loss 0.8508, val_ap 0.3112, minutes 5.5, lr 1.00e-03
    epoch 10: loss 0.8313, val_ap 0.3113, minutes 6.14, lr 1.00e-03
    epoch 11: loss 0.8202, val_ap 0.3182, minutes 6.76, lr 1.00e-03
    epoch 12: loss 0.8174, val_ap 0.3173, minutes 7.39, lr 1.00e-03
    epoch 13: loss 0.8055, val_ap 0.3220, minutes 8.03, lr 1.00e-03
    epoch 14: loss 0.7908, val_ap 0.3194, minutes 8.63, lr 1.00e-03
    epoch 15: loss 0.7991, val_ap 0.3229, minutes 9.23, lr 1.00e-03
    epoch 16: loss 0.8009, val_ap 0.3263, minutes 9.85, lr 1.00e-03
    epoch 17: loss 0.7749, val_ap 0.3263, minutes 10.49, lr 1.00e-03
    epoch 18: loss 0.7682, val_ap 0.3319, minutes 11.08, lr 1.00e-03
    epoch 19: loss 0.7633, val_ap 0.3248, minutes 11.67, lr 1.00e-03
    epoch 20: loss 0.7808, val_ap 0.3278, minutes 12.23, lr 1.00e-03
    epoch 21: loss 0.7670, val_ap 0.3303, minutes 12.82, lr 1.00e-03
    epoch 22: loss 0.7668, val_ap 0.3329, minutes 13.42, lr 1.00e-03
    epoch 23: loss 0.7554, val_ap 0.3312, minutes 14.03, lr 1.00e-03
    epoch 24: loss 0.7500, val_ap 0.3331, minutes 14.64, lr 1.00e-03
    epoch 25: loss 0.7622, val_ap 0.3339, minutes 15.24, lr 1.00e-03
    epoch 26: loss 0.7480, val_ap 0.3333, minutes 15.84, lr 1.00e-03
    epoch 27: loss 0.7377, val_ap 0.3296, minutes 16.46, lr 1.00e-03
    epoch 28: loss 0.7281, val_ap 0.3324, minutes 17.07, lr 1.00e-03
    epoch 29: loss 0.7366, val_ap 0.3310, minutes 17.65, lr 1.00e-03
    epoch 30: loss 0.7288, val_ap 0.3347, minutes 18.26, lr 1.00e-03
    epoch 31: loss 0.7318, val_ap 0.3325, minutes 18.87, lr 1.00e-03
    epoch 32: loss 0.7350, val_ap 0.3307, minutes 19.47, lr 1.00e-03
    epoch 33: loss 0.7286, val_ap 0.3292, minutes 20.12, lr 1.00e-03
    epoch 34: loss 0.7208, val_ap 0.3350, minutes 20.75, lr 1.00e-03
    epoch 35: loss 0.7237, val_ap 0.3326, minutes 21.34, lr 1.00e-03
    epoch 36: loss 0.7302, val_ap 0.3312, minutes 21.93, lr 1.00e-03
    epoch 37: loss 0.7194, val_ap 0.3322, minutes 22.55, lr 1.00e-03
    epoch 38: loss 0.7156, val_ap 0.3255, minutes 23.12, lr 1.00e-03
    epoch 39: loss 0.7396, val_ap 0.3243, minutes 23.68, lr 1.00e-03
    epoch 40: loss 0.7327, val_ap 0.3313, minutes 24.3, lr 1.00e-03
    epoch 41: loss 0.7084, val_ap 0.3298, minutes 24.91, lr 1.00e-03
    epoch 42: loss 0.7001, val_ap 0.3312, minutes 25.53, lr 1.00e-03
    epoch 43: loss 0.6923, val_ap 0.3300, minutes 26.15, lr 5.00e-04
    epoch 44: loss 0.7014, val_ap 0.3311, minutes 26.78, lr 5.00e-04
    epoch 45: loss 0.7022, val_ap 0.3324, minutes 27.42, lr 5.00e-04
    epoch 46: loss 0.6919, val_ap 0.3328, minutes 28.02, lr 5.00e-04
    epoch 47: loss 0.6893, val_ap 0.3326, minutes 28.6, lr 5.00e-04
    epoch 48: loss 0.6946, val_ap 0.3317, minutes 29.16, lr 5.00e-04
    epoch 49: loss 0.6857, val_ap 0.3329, minutes 29.72, lr 5.00e-04
    epoch 50: loss 0.7043, val_ap 0.3353, minutes 30.31, lr 5.00e-04
    epoch 51: loss 0.6838, val_ap 0.3342, minutes 30.92, lr 5.00e-04
    epoch 52: loss 0.6698, val_ap 0.3331, minutes 31.52, lr 5.00e-04
    epoch 53: loss 0.6789, val_ap 0.3311, minutes 32.16, lr 5.00e-04
    epoch 54: loss 0.6968, val_ap 0.3337, minutes 32.77, lr 5.00e-04
    epoch 55: loss 0.6933, val_ap 0.3341, minutes 33.37, lr 5.00e-04
    epoch 56: loss 0.6819, val_ap 0.3330, minutes 33.98, lr 5.00e-04
    epoch 57: loss 0.6785, val_ap 0.3356, minutes 34.58, lr 5.00e-04
    epoch 58: loss 0.6714, val_ap 0.3311, minutes 35.16, lr 5.00e-04
    epoch 59: loss 0.6843, val_ap 0.3353, minutes 35.76, lr 5.00e-04
    epoch 60: loss 0.6799, val_ap 0.3335, minutes 36.33, lr 5.00e-04
    epoch 61: loss 0.6667, val_ap 0.3298, minutes 36.93, lr 5.00e-04
    epoch 62: loss 0.6762, val_ap 0.3330, minutes 37.51, lr 5.00e-04
    epoch 63: loss 0.6746, val_ap 0.3362, minutes 38.1, lr 5.00e-04
    epoch 64: loss 0.6778, val_ap 0.3342, minutes 38.67, lr 5.00e-04
    epoch 65: loss 0.6636, val_ap 0.3350, minutes 39.23, lr 5.00e-04
    epoch 66: loss 0.6686, val_ap 0.3374, minutes 39.79, lr 5.00e-04
    epoch 67: loss 0.6836, val_ap 0.3362, minutes 40.36, lr 5.00e-04
    epoch 68: loss 0.6536, val_ap 0.3365, minutes 40.96, lr 5.00e-04
    epoch 69: loss 0.6642, val_ap 0.3335, minutes 41.56, lr 5.00e-04
    epoch 70: loss 0.6666, val_ap 0.3375, minutes 42.15, lr 5.00e-04
    epoch 71: loss 0.6662, val_ap 0.3369, minutes 42.76, lr 5.00e-04
    epoch 72: loss 0.6650, val_ap 0.3377, minutes 43.36, lr 5.00e-04
    epoch 73: loss 0.6739, val_ap 0.3357, minutes 43.96, lr 5.00e-04
    epoch 74: loss 0.6674, val_ap 0.3361, minutes 44.55, lr 5.00e-04
    epoch 75: loss 0.6564, val_ap 0.3328, minutes 45.14, lr 5.00e-04
    epoch 76: loss 0.6670, val_ap 0.3370, minutes 45.74, lr 5.00e-04
    epoch 77: loss 0.6595, val_ap 0.3379, minutes 46.36, lr 5.00e-04
    epoch 78: loss 0.6537, val_ap 0.3365, minutes 46.95, lr 5.00e-04
    epoch 79: loss 0.6534, val_ap 0.3371, minutes 47.56, lr 5.00e-04
    epoch 80: loss 0.6606, val_ap 0.3405, minutes 48.18, lr 5.00e-04
    epoch 81: loss 0.6619, val_ap 0.3391, minutes 48.81, lr 5.00e-04
    epoch 82: loss 0.6535, val_ap 0.3319, minutes 49.43, lr 5.00e-04
    epoch 83: loss 0.6542, val_ap 0.3391, minutes 50.05, lr 5.00e-04
    epoch 84: loss 0.6573, val_ap 0.3391, minutes 50.64, lr 5.00e-04
    epoch 85: loss 0.6443, val_ap 0.3379, minutes 51.23, lr 5.00e-04
    epoch 86: loss 0.6664, val_ap 0.3358, minutes 51.75, lr 5.00e-04
    epoch 87: loss 0.6594, val_ap 0.3404, minutes 52.35, lr 5.00e-04
    epoch 88: loss 0.6460, val_ap 0.3390, minutes 52.96, lr 5.00e-04
    epoch 89: loss 0.6473, val_ap 0.3390, minutes 53.52, lr 2.50e-04
    epoch 90: loss 0.6438, val_ap 0.3418, minutes 54.1, lr 2.50e-04
    epoch 91: loss 0.6350, val_ap 0.3425, minutes 54.69, lr 2.50e-04
    epoch 92: loss 0.6366, val_ap 0.3404, minutes 55.28, lr 2.50e-04
    epoch 93: loss 0.6426, val_ap 0.3394, minutes 55.87, lr 2.50e-04
    epoch 94: loss 0.6277, val_ap 0.3431, minutes 56.47, lr 2.50e-04
    epoch 95: loss 0.6236, val_ap 0.3418, minutes 57.06, lr 2.50e-04
    epoch 96: loss 0.6308, val_ap 0.3402, minutes 57.63, lr 2.50e-04
    epoch 97: loss 0.6297, val_ap 0.3393, minutes 58.24, lr 2.50e-04
    epoch 98: loss 0.6345, val_ap 0.3416, minutes 58.82, lr 2.50e-04
    epoch 99: loss 0.6363, val_ap 0.3403, minutes 59.41, lr 2.50e-04
    epoch 100: loss 0.6352, val_ap 0.3437, minutes 60.0, lr 2.50e-04
    epoch 101: loss 0.6262, val_ap 0.3389, minutes 60.58, lr 2.50e-04
    epoch 102: loss 0.6284, val_ap 0.3424, minutes 61.18, lr 2.50e-04
    epoch 103: loss 0.6289, val_ap 0.3406, minutes 61.73, lr 2.50e-04
    epoch 104: loss 0.6286, val_ap 0.3418, minutes 62.31, lr 2.50e-04
    epoch 105: loss 0.6233, val_ap 0.3419, minutes 62.88, lr 2.50e-04
    epoch 106: loss 0.6307, val_ap 0.3426, minutes 63.44, lr 2.50e-04
    epoch 107: loss 0.6350, val_ap 0.3416, minutes 64.03, lr 2.50e-04
    epoch 108: loss 0.6173, val_ap 0.3420, minutes 64.62, lr 2.50e-04
    epoch 109: loss 0.6296, val_ap 0.3397, minutes 65.17, lr 1.25e-04
    epoch 110: loss 0.6151, val_ap 0.3423, minutes 65.79, lr 1.25e-04
    epoch 111: loss 0.6233, val_ap 0.3423, minutes 66.39, lr 1.25e-04
    epoch 112: loss 0.6131, val_ap 0.3402, minutes 66.96, lr 1.25e-04
    epoch 113: loss 0.6264, val_ap 0.3399, minutes 67.55, lr 1.25e-04
    epoch 114: loss 0.6156, val_ap 0.3418, minutes 68.15, lr 1.25e-04
    epoch 115: loss 0.6124, val_ap 0.3418, minutes 68.71, lr 1.25e-04
    epoch 116: loss 0.6194, val_ap 0.3433, minutes 69.31, lr 1.25e-04
    epoch 117: loss 0.6099, val_ap 0.3427, minutes 69.87, lr 1.25e-04
    epoch 118: loss 0.6239, val_ap 0.3402, minutes 70.42, lr 6.25e-05
    epoch 119: loss 0.6185, val_ap 0.3400, minutes 70.96, lr 6.25e-05
    epoch 120: loss 0.6130, val_ap 0.3422, minutes 71.51, lr 6.25e-05
    epoch 121: loss 0.6167, val_ap 0.3411, minutes 72.07, lr 6.25e-05
    epoch 122: loss 0.6170, val_ap 0.3454, minutes 72.67, lr 6.25e-05
    epoch 123: loss 0.6010, val_ap 0.3418, minutes 73.26, lr 6.25e-05
    epoch 124: loss 0.6064, val_ap 0.3426, minutes 73.83, lr 6.25e-05
    epoch 125: loss 0.6127, val_ap 0.3407, minutes 74.4, lr 6.25e-05
    epoch 126: loss 0.6082, val_ap 0.3417, minutes 74.98, lr 6.25e-05
    epoch 127: loss 0.6121, val_ap 0.3418, minutes 75.56, lr 6.25e-05
    epoch 128: loss 0.6080, val_ap 0.3418, minutes 76.18, lr 6.25e-05
    epoch 129: loss 0.6021, val_ap 0.3418, minutes 76.76, lr 6.25e-05
    epoch 130: loss 0.6063, val_ap 0.3405, minutes 77.33, lr 6.25e-05
    epoch 131: loss 0.6076, val_ap 0.3427, minutes 77.89, lr 3.13e-05
    epoch 132: loss 0.6058, val_ap 0.3421, minutes 78.41, lr 3.13e-05
    epoch 133: loss 0.6141, val_ap 0.3411, minutes 78.94, lr 3.13e-05
    epoch 134: loss 0.6133, val_ap 0.3411, minutes 79.5, lr 3.13e-05
    epoch 135: loss 0.6069, val_ap 0.3415, minutes 80.08, lr 3.13e-05
    epoch 136: loss 0.6084, val_ap 0.3413, minutes 80.61, lr 3.13e-05
    epoch 137: loss 0.6039, val_ap 0.3417, minutes 81.14, lr 3.13e-05
    epoch 138: loss 0.6195, val_ap 0.3412, minutes 81.66, lr 3.13e-05
    epoch 139: loss 0.6146, val_ap 0.3424, minutes 82.2, lr 3.13e-05
    epoch 140: loss 0.6155, val_ap 0.3421, minutes 82.76, lr 1.56e-05
    epoch 141: loss 0.6128, val_ap 0.3424, minutes 83.27, lr 1.56e-05
    epoch 142: loss 0.6062, val_ap 0.3419, minutes 83.8, lr 1.56e-05
    epoch 143: loss 0.6136, val_ap 0.3431, minutes 84.33, lr 1.56e-05
    epoch 144: loss 0.6124, val_ap 0.3419, minutes 84.85, lr 1.56e-05
    epoch 145: loss 0.6052, val_ap 0.3411, minutes 85.36, lr 1.56e-05
    epoch 146: loss 0.6115, val_ap 0.3424, minutes 85.9, lr 1.56e-05
    epoch 147: loss 0.6059, val_ap 0.3434, minutes 86.48, lr 1.56e-05
    stopping: no validation gain in 25 epochs
[gcn dataset0 fold 1 seed 1] done (87.3 min)
