loaded: dataset0 121,838 sites, data1 90,452
[scalar_msg pooled_both fold 1 seed 1]
    kernel decay scale 114.6 nt (fitted to cell line 1 training labels)
    epoch 1: loss 1.9046, val_ap 0.1526, minutes 0.76, lr 3.31e-04
    epoch 2: loss 1.5537, val_ap 0.3222, minutes 1.44, lr 6.60e-04
    epoch 3: loss 1.3600, val_ap 0.4322, minutes 2.13, lr 9.89e-04
    epoch 4: loss 1.3061, val_ap 0.4436, minutes 2.83, lr 1.00e-03
    epoch 5: loss 1.2706, val_ap 0.4493, minutes 3.52, lr 1.00e-03
    epoch 6: loss 1.2578, val_ap 0.4497, minutes 4.21, lr 1.00e-03
    epoch 7: loss 1.2446, val_ap 0.4560, minutes 4.91, lr 1.00e-03
    epoch 8: loss 1.2427, val_ap 0.4630, minutes 5.54, lr 1.00e-03
    epoch 9: loss 1.2379, val_ap 0.4627, minutes 6.25, lr 1.00e-03
    epoch 10: loss 1.2272, val_ap 0.4668, minutes 7.02, lr 1.00e-03
    epoch 11: loss 1.2177, val_ap 0.4679, minutes 7.79, lr 1.00e-03
    epoch 12: loss 1.2156, val_ap 0.4714, minutes 8.48, lr 1.00e-03
    epoch 13: loss 1.2050, val_ap 0.4743, minutes 9.15, lr 1.00e-03
    epoch 14: loss 1.2124, val_ap 0.4748, minutes 9.84, lr 1.00e-03
    epoch 15: loss 1.2182, val_ap 0.4758, minutes 10.56, lr 1.00e-03
    epoch 16: loss 1.2024, val_ap 0.4761, minutes 11.41, lr 1.00e-03
    epoch 17: loss 1.2041, val_ap 0.4745, minutes 12.14, lr 1.00e-03
    epoch 18: loss 1.1932, val_ap 0.4790, minutes 12.87, lr 1.00e-03
    epoch 19: loss 1.1960, val_ap 0.4767, minutes 13.61, lr 1.00e-03
    epoch 20: loss 1.1946, val_ap 0.4778, minutes 14.26, lr 1.00e-03
    epoch 21: loss 1.1854, val_ap 0.4822, minutes 14.99, lr 1.00e-03
    epoch 22: loss 1.1885, val_ap 0.4825, minutes 15.64, lr 1.00e-03
    epoch 23: loss 1.1814, val_ap 0.4848, minutes 16.36, lr 1.00e-03
    epoch 24: loss 1.1845, val_ap 0.4878, minutes 17.08, lr 1.00e-03
    epoch 25: loss 1.1761, val_ap 0.4865, minutes 17.83, lr 1.00e-03
    epoch 26: loss 1.1738, val_ap 0.4875, minutes 18.6, lr 1.00e-03
    epoch 27: loss 1.1626, val_ap 0.4886, minutes 19.27, lr 1.00e-03
    epoch 28: loss 1.1638, val_ap 0.4880, minutes 19.96, lr 1.00e-03
    epoch 29: loss 1.1603, val_ap 0.4866, minutes 20.63, lr 1.00e-03
    epoch 30: loss 1.1663, val_ap 0.4884, minutes 21.32, lr 1.00e-03
    epoch 31: loss 1.1586, val_ap 0.4914, minutes 22.06, lr 1.00e-03
    epoch 32: loss 1.1577, val_ap 0.4932, minutes 22.76, lr 1.00e-03
    epoch 33: loss 1.1634, val_ap 0.4922, minutes 23.5, lr 1.00e-03
    epoch 34: loss 1.1551, val_ap 0.4970, minutes 24.2, lr 1.00e-03
    epoch 35: loss 1.1493, val_ap 0.4948, minutes 24.86, lr 1.00e-03
    epoch 36: loss 1.1429, val_ap 0.4966, minutes 25.55, lr 1.00e-03
    epoch 37: loss 1.1467, val_ap 0.4915, minutes 26.31, lr 1.00e-03
    epoch 38: loss 1.1379, val_ap 0.4907, minutes 27.06, lr 1.00e-03
    epoch 39: loss 1.1378, val_ap 0.4931, minutes 27.82, lr 1.00e-03
    epoch 40: loss 1.1382, val_ap 0.4891, minutes 28.54, lr 1.00e-03
    epoch 41: loss 1.1429, val_ap 0.4863, minutes 29.26, lr 1.00e-03
    epoch 42: loss 1.1304, val_ap 0.4943, minutes 29.93, lr 1.00e-03
    epoch 43: loss 1.1324, val_ap 0.4947, minutes 30.69, lr 5.00e-04
    epoch 44: loss 1.1186, val_ap 0.4921, minutes 31.4, lr 5.00e-04
    epoch 45: loss 1.1143, val_ap 0.4879, minutes 32.17, lr 5.00e-04
    epoch 46: loss 1.1236, val_ap 0.4893, minutes 32.87, lr 5.00e-04
    epoch 47: loss 1.1092, val_ap 0.4918, minutes 33.61, lr 5.00e-04
    epoch 48: loss 1.1191, val_ap 0.4933, minutes 34.37, lr 5.00e-04
    epoch 49: loss 1.1165, val_ap 0.4884, minutes 35.14, lr 5.00e-04
    epoch 50: loss 1.1068, val_ap 0.4863, minutes 35.88, lr 5.00e-04
    epoch 51: loss 1.1059, val_ap 0.4881, minutes 36.6, lr 5.00e-04
    epoch 52: loss 1.1065, val_ap 0.4836, minutes 37.36, lr 2.50e-04
    epoch 53: loss 1.0916, val_ap 0.4892, minutes 38.09, lr 2.50e-04
    epoch 54: loss 1.0949, val_ap 0.4861, minutes 38.9, lr 2.50e-04
    epoch 55: loss 1.0922, val_ap 0.4877, minutes 39.7, lr 2.50e-04
    epoch 56: loss 1.0902, val_ap 0.4846, minutes 40.45, lr 2.50e-04
    epoch 57: loss 1.0890, val_ap 0.4841, minutes 41.17, lr 2.50e-04
    epoch 58: loss 1.0881, val_ap 0.4886, minutes 41.99, lr 2.50e-04
    epoch 59: loss 1.0922, val_ap 0.4846, minutes 42.79, lr 2.50e-04
    stopping: no validation gain in 25 epochs
[scalar_msg pooled_both fold 1 seed 1] done (43.7 min)
