loaded: dataset0 121,838 sites, data1 90,452
[deepset pooled_both fold 4]
    epoch 1: loss 1.1556383862098059, minutes 0.26, val_ap 0.2751999405272415, lr 0.0003338888888888889
    epoch 2: loss 0.9399616504708926, minutes 0.51, val_ap 0.4011482705636818, lr 0.0006672222222222223
    epoch 3: loss 0.8919536763429642, minutes 0.74, val_ap 0.41008393303037594, lr 0.001
    epoch 4: loss 0.8765646427869797, minutes 0.97, val_ap 0.419437182971885, lr 0.001
    epoch 5: loss 0.8671429022153219, minutes 1.2, val_ap 0.4252357136992253, lr 0.001
    epoch 6: loss 0.8533202769358953, minutes 1.43, val_ap 0.42574290107709806, lr 0.001
    epoch 7: loss 0.8510397184888522, minutes 1.66, val_ap 0.42600115902145824, lr 0.001
    epoch 8: loss 0.8449733433127403, minutes 1.87, val_ap 0.4257628986578286, lr 0.001
    epoch 9: loss 0.8373817985256513, minutes 2.09, val_ap 0.4265371293078083, lr 0.001
    epoch 10: loss 0.8363770382106304, minutes 2.28, val_ap 0.43715852944476746, lr 0.001
    epoch 11: loss 0.8314897111554941, minutes 2.48, val_ap 0.44011720332382664, lr 0.001
    epoch 12: loss 0.8277010155717531, minutes 2.68, val_ap 0.44616548953687574, lr 0.001
    epoch 13: loss 0.824816341449817, minutes 2.88, val_ap 0.4562251549819011, lr 0.001
    epoch 14: loss 0.8178032462795576, minutes 3.07, val_ap 0.44478903376835266, lr 0.001
    epoch 15: loss 0.8166962404549122, minutes 3.25, val_ap 0.45217606491563467, lr 0.001
    epoch 16: loss 0.8100663975874582, minutes 3.44, val_ap 0.46154881724283237, lr 0.001
    epoch 17: loss 0.8089647866785526, minutes 3.63, val_ap 0.4458725654822664, lr 0.001
    epoch 18: loss 0.8077625374495984, minutes 3.81, val_ap 0.46011514882197413, lr 0.001
    epoch 19: loss 0.8051550108691057, minutes 3.99, val_ap 0.45650634817250174, lr 0.001
    epoch 20: loss 0.7987142326434453, minutes 4.16, val_ap 0.4516671092804558, lr 0.001
    epoch 21: loss 0.7966208137075106, minutes 4.34, val_ap 0.4567683072975692, lr 0.001
    epoch 22: loss 0.7964154143631458, minutes 4.51, val_ap 0.46102810940441497, lr 0.001
    epoch 23: loss 0.7915568193296592, minutes 4.68, val_ap 0.45681192421543537, lr 0.001
    epoch 24: loss 0.7894016711910565, minutes 4.86, val_ap 0.4578957541583124, lr 0.001
    epoch 25: loss 0.7874482047061125, minutes 5.03, val_ap 0.46557439219865726, lr 0.001
    epoch 26: loss 0.7841772237916788, minutes 5.2, val_ap 0.4578780492525867, lr 0.001
    epoch 27: loss 0.7827892812589804, minutes 5.37, val_ap 0.4463341612414796, lr 0.001
    epoch 28: loss 0.7814626296857993, minutes 5.54, val_ap 0.4492384122132727, lr 0.001
    epoch 29: loss 0.7817064040402572, minutes 5.71, val_ap 0.4549230467835779, lr 0.001
    epoch 30: loss 0.7737187313536803, minutes 5.88, val_ap 0.4533309820166591, lr 0.001
    epoch 31: loss 0.7752197350561619, minutes 6.05, val_ap 0.44676991659280507, lr 0.001
    epoch 32: loss 0.7720939758916696, minutes 6.22, val_ap 0.45566425205245, lr 0.001
    epoch 33: loss 0.7711791947484017, minutes 6.38, val_ap 0.45628406627224843, lr 0.001
    epoch 34: loss 0.7697359291712443, minutes 6.54, val_ap 0.46238444940842516, lr 0.0005
    epoch 35: loss 0.7547086768349012, minutes 6.69, val_ap 0.4623983965972651, lr 0.0005
    epoch 36: loss 0.752436670611302, minutes 6.84, val_ap 0.45504738867489825, lr 0.0005
    epoch 37: loss 0.7471573916574319, minutes 7.0, val_ap 0.45637659428915606, lr 0.0005
    epoch 38: loss 0.7461347775161267, minutes 7.15, val_ap 0.44980047606336715, lr 0.0005
    epoch 39: loss 0.7441408870120844, minutes 7.3, val_ap 0.4465079410484819, lr 0.0005
    epoch 40: loss 0.7428869829078515, minutes 7.45, val_ap 0.4444849467862148, lr 0.0005
    epoch 41: loss 0.7409145112335682, minutes 7.6, val_ap 0.44764862242859615, lr 0.0005
    epoch 42: loss 0.7399175763626893, minutes 7.75, val_ap 0.4471212834423705, lr 0.0005
    epoch 43: loss 0.7380708429217339, minutes 7.9, val_ap 0.45244413854763404, lr 0.00025
    epoch 44: loss 0.7276127044856548, minutes 8.05, val_ap 0.45291146297669, lr 0.00025
    epoch 45: loss 0.7276962632934253, minutes 8.21, val_ap 0.44724882783924863, lr 0.00025
    epoch 46: loss 0.7310373312234879, minutes 8.36, val_ap 0.4512742047872054, lr 0.00025
    epoch 47: loss 0.7301367435355981, minutes 8.51, val_ap 0.446494157593977, lr 0.00025
    epoch 48: loss 0.7225189365446567, minutes 8.66, val_ap 0.4522597756828912, lr 0.00025
    epoch 49: loss 0.7244316600263119, minutes 8.81, val_ap 0.44855675414341545, lr 0.00025
    stopping: no validation gain in 25 epochs
[deepset pooled_both fold 4] done (9.1 min)
