loaded: dataset0 121,838 sites, data1 90,452
[res_nodrop pooled_both fold 1 seed 1]
    kernel decay scale 114.6 nt (fitted to cell line 1 training labels)
    epoch 1: loss 1.8897, val_ap 0.1729, minutes 0.78, lr 3.31e-04
    epoch 2: loss 1.5476, val_ap 0.3372, minutes 1.52, lr 6.60e-04
    epoch 3: loss 1.3611, val_ap 0.4398, minutes 2.3, lr 9.89e-04
    epoch 4: loss 1.2957, val_ap 0.4527, minutes 3.08, lr 1.00e-03
    epoch 5: loss 1.2553, val_ap 0.4619, minutes 3.9, lr 1.00e-03
    epoch 6: loss 1.2315, val_ap 0.4581, minutes 4.73, lr 1.00e-03
    epoch 7: loss 1.2251, val_ap 0.4639, minutes 5.5, lr 1.00e-03
    epoch 8: loss 1.2228, val_ap 0.4711, minutes 6.31, lr 1.00e-03
    epoch 9: loss 1.2141, val_ap 0.4670, minutes 7.09, lr 1.00e-03
    epoch 10: loss 1.2073, val_ap 0.4787, minutes 7.86, lr 1.00e-03
    epoch 11: loss 1.1941, val_ap 0.4761, minutes 8.64, lr 1.00e-03
    epoch 12: loss 1.1936, val_ap 0.4813, minutes 9.43, lr 1.00e-03
    epoch 13: loss 1.1884, val_ap 0.4823, minutes 10.23, lr 1.00e-03
    epoch 14: loss 1.1891, val_ap 0.4771, minutes 11.01, lr 1.00e-03
    epoch 15: loss 1.1984, val_ap 0.4824, minutes 11.78, lr 1.00e-03
    epoch 16: loss 1.1852, val_ap 0.4847, minutes 12.59, lr 1.00e-03
    epoch 17: loss 1.1823, val_ap 0.4849, minutes 13.36, lr 1.00e-03
    epoch 18: loss 1.1703, val_ap 0.4887, minutes 14.13, lr 1.00e-03
    epoch 19: loss 1.1788, val_ap 0.4862, minutes 14.9, lr 1.00e-03
    epoch 20: loss 1.1728, val_ap 0.4850, minutes 15.71, lr 1.00e-03
    epoch 21: loss 1.1650, val_ap 0.4926, minutes 16.46, lr 1.00e-03
    epoch 22: loss 1.1669, val_ap 0.4908, minutes 17.25, lr 1.00e-03
    epoch 23: loss 1.1587, val_ap 0.4878, minutes 18.01, lr 1.00e-03
    epoch 24: loss 1.1639, val_ap 0.4961, minutes 18.8, lr 1.00e-03
    epoch 25: loss 1.1575, val_ap 0.4951, minutes 19.54, lr 1.00e-03
    epoch 26: loss 1.1515, val_ap 0.4973, minutes 20.33, lr 1.00e-03
    epoch 27: loss 1.1411, val_ap 0.4972, minutes 21.09, lr 1.00e-03
    epoch 28: loss 1.1456, val_ap 0.4941, minutes 21.86, lr 1.00e-03
    epoch 29: loss 1.1381, val_ap 0.4968, minutes 22.62, lr 1.00e-03
    epoch 30: loss 1.1382, val_ap 0.5002, minutes 23.41, lr 1.00e-03
    epoch 31: loss 1.1320, val_ap 0.5040, minutes 24.2, lr 1.00e-03
    epoch 32: loss 1.1327, val_ap 0.5078, minutes 24.97, lr 1.00e-03
    epoch 33: loss 1.1381, val_ap 0.5048, minutes 25.75, lr 1.00e-03
    epoch 34: loss 1.1332, val_ap 0.5015, minutes 26.51, lr 1.00e-03
    epoch 35: loss 1.1247, val_ap 0.5042, minutes 27.31, lr 1.00e-03
    epoch 36: loss 1.1168, val_ap 0.5014, minutes 28.1, lr 1.00e-03
    epoch 37: loss 1.1191, val_ap 0.5045, minutes 28.87, lr 1.00e-03
    epoch 38: loss 1.1149, val_ap 0.5066, minutes 29.64, lr 1.00e-03
    epoch 39: loss 1.1100, val_ap 0.5020, minutes 30.41, lr 1.00e-03
    epoch 40: loss 1.1141, val_ap 0.5006, minutes 31.24, lr 1.00e-03
    epoch 41: loss 1.1088, val_ap 0.4895, minutes 32.01, lr 5.00e-04
    epoch 42: loss 1.0877, val_ap 0.5081, minutes 32.79, lr 5.00e-04
    epoch 43: loss 1.0906, val_ap 0.5067, minutes 33.54, lr 5.00e-04
    epoch 44: loss 1.0867, val_ap 0.5084, minutes 34.36, lr 5.00e-04
    epoch 45: loss 1.0795, val_ap 0.5079, minutes 35.17, lr 5.00e-04
    epoch 46: loss 1.0869, val_ap 0.5069, minutes 35.95, lr 5.00e-04
    epoch 47: loss 1.0775, val_ap 0.5074, minutes 36.74, lr 5.00e-04
    epoch 48: loss 1.0834, val_ap 0.5077, minutes 37.51, lr 5.00e-04
    epoch 49: loss 1.0811, val_ap 0.5039, minutes 38.27, lr 5.00e-04
    epoch 50: loss 1.0699, val_ap 0.5021, minutes 39.07, lr 5.00e-04
    epoch 51: loss 1.0666, val_ap 0.4989, minutes 39.85, lr 5.00e-04
    epoch 52: loss 1.0692, val_ap 0.5012, minutes 40.6, lr 5.00e-04
    epoch 53: loss 1.0589, val_ap 0.4971, minutes 41.38, lr 2.50e-04
    epoch 54: loss 1.0568, val_ap 0.4970, minutes 42.15, lr 2.50e-04
    epoch 55: loss 1.0538, val_ap 0.5020, minutes 42.86, lr 2.50e-04
    epoch 56: loss 1.0515, val_ap 0.4981, minutes 43.59, lr 2.50e-04
    epoch 57: loss 1.0470, val_ap 0.5000, minutes 44.34, lr 2.50e-04
    epoch 58: loss 1.0484, val_ap 0.5069, minutes 45.06, lr 2.50e-04
    epoch 59: loss 1.0496, val_ap 0.4943, minutes 45.84, lr 2.50e-04
    epoch 60: loss 1.0487, val_ap 0.5062, minutes 46.58, lr 2.50e-04
    epoch 61: loss 1.0466, val_ap 0.4967, minutes 47.27, lr 2.50e-04
    epoch 62: loss 1.0475, val_ap 0.5033, minutes 47.93, lr 1.25e-04
    epoch 63: loss 1.0351, val_ap 0.4932, minutes 48.59, lr 1.25e-04
    epoch 64: loss 1.0420, val_ap 0.4994, minutes 49.29, lr 1.25e-04
    epoch 65: loss 1.0368, val_ap 0.4952, minutes 50.03, lr 1.25e-04
    epoch 66: loss 1.0380, val_ap 0.4919, minutes 50.79, lr 1.25e-04
    epoch 67: loss 1.0347, val_ap 0.4964, minutes 51.57, lr 1.25e-04
    epoch 68: loss 1.0358, val_ap 0.4929, minutes 52.35, lr 1.25e-04
    epoch 69: loss 1.0281, val_ap 0.4951, minutes 53.09, lr 1.25e-04
    stopping: no validation gain in 25 epochs
[res_nodrop pooled_both fold 1 seed 1] done (53.9 min)
