loaded: dataset0 121,838 sites, data1 90,452
[h2gcn_aux pooled_both fold 0]
    epoch 1: loss 1.8861, val_ap 0.2133, minutes 0.74, lr 3.31e-04
    epoch 2: loss 1.5372, val_ap 0.2910, minutes 1.48, lr 6.60e-04
    epoch 3: loss 1.3956, val_ap 0.3716, minutes 2.22, lr 9.89e-04
    epoch 4: loss 1.3154, val_ap 0.3958, minutes 2.87, lr 1.00e-03
    epoch 5: loss 1.2892, val_ap 0.4057, minutes 3.62, lr 1.00e-03
    epoch 6: loss 1.2715, val_ap 0.4127, minutes 4.34, lr 1.00e-03
    epoch 7: loss 1.2528, val_ap 0.4207, minutes 5.01, lr 1.00e-03
    epoch 8: loss 1.2473, val_ap 0.4144, minutes 5.72, lr 1.00e-03
    epoch 9: loss 1.2431, val_ap 0.4202, minutes 6.44, lr 1.00e-03
    epoch 10: loss 1.2463, val_ap 0.4272, minutes 7.17, lr 1.00e-03
    epoch 11: loss 1.2301, val_ap 0.4311, minutes 7.91, lr 1.00e-03
    epoch 12: loss 1.2219, val_ap 0.4294, minutes 8.66, lr 1.00e-03
    epoch 13: loss 1.2131, val_ap 0.4306, minutes 9.44, lr 1.00e-03
    epoch 14: loss 1.2091, val_ap 0.4319, minutes 10.15, lr 1.00e-03
    epoch 15: loss 1.2034, val_ap 0.4323, minutes 10.9, lr 1.00e-03
    epoch 16: loss 1.2099, val_ap 0.4408, minutes 11.58, lr 1.00e-03
    epoch 17: loss 1.1935, val_ap 0.4391, minutes 12.26, lr 1.00e-03
    epoch 18: loss 1.1846, val_ap 0.4440, minutes 12.94, lr 1.00e-03
    epoch 19: loss 1.1882, val_ap 0.4471, minutes 13.63, lr 1.00e-03
    epoch 20: loss 1.1862, val_ap 0.4463, minutes 14.23, lr 1.00e-03
    epoch 21: loss 1.1659, val_ap 0.4471, minutes 14.8, lr 1.00e-03
    epoch 22: loss 1.1724, val_ap 0.4524, minutes 15.44, lr 1.00e-03
    epoch 23: loss 1.1710, val_ap 0.4492, minutes 16.08, lr 1.00e-03
    epoch 24: loss 1.1703, val_ap 0.4534, minutes 16.8, lr 1.00e-03
    epoch 25: loss 1.1583, val_ap 0.4595, minutes 17.5, lr 1.00e-03
    epoch 26: loss 1.1487, val_ap 0.4537, minutes 18.21, lr 1.00e-03
    epoch 27: loss 1.1447, val_ap 0.4614, minutes 18.92, lr 1.00e-03
    epoch 28: loss 1.1371, val_ap 0.4618, minutes 19.59, lr 1.00e-03
    epoch 29: loss 1.1372, val_ap 0.4634, minutes 20.27, lr 1.00e-03
    epoch 30: loss 1.1354, val_ap 0.4653, minutes 20.88, lr 1.00e-03
    epoch 31: loss 1.1335, val_ap 0.4686, minutes 21.59, lr 1.00e-03
    epoch 32: loss 1.1290, val_ap 0.4690, minutes 22.22, lr 1.00e-03
    epoch 33: loss 1.1267, val_ap 0.4749, minutes 22.83, lr 1.00e-03
    epoch 34: loss 1.1177, val_ap 0.4752, minutes 23.47, lr 1.00e-03
    epoch 35: loss 1.1115, val_ap 0.4745, minutes 24.12, lr 1.00e-03
    epoch 36: loss 1.1095, val_ap 0.4743, minutes 24.75, lr 1.00e-03
    epoch 37: loss 1.0878, val_ap 0.4726, minutes 25.39, lr 1.00e-03
    epoch 38: loss 1.1010, val_ap 0.4812, minutes 25.99, lr 1.00e-03
    epoch 39: loss 1.0937, val_ap 0.4751, minutes 26.62, lr 1.00e-03
    epoch 40: loss 1.0761, val_ap 0.4758, minutes 27.22, lr 1.00e-03
    epoch 41: loss 1.0806, val_ap 0.4696, minutes 27.85, lr 1.00e-03
    epoch 42: loss 1.0720, val_ap 0.4695, minutes 28.45, lr 1.00e-03
    epoch 43: loss 1.0706, val_ap 0.4744, minutes 29.02, lr 1.00e-03
    epoch 44: loss 1.0735, val_ap 0.4654, minutes 29.64, lr 1.00e-03
    epoch 45: loss 1.0603, val_ap 0.4663, minutes 30.26, lr 1.00e-03
    epoch 46: loss 1.0566, val_ap 0.4587, minutes 30.83, lr 1.00e-03
    epoch 47: loss 1.0528, val_ap 0.4630, minutes 31.45, lr 5.00e-04
    epoch 48: loss 1.0272, val_ap 0.4681, minutes 32.08, lr 5.00e-04
    epoch 49: loss 1.0217, val_ap 0.4699, minutes 32.69, lr 5.00e-04
    epoch 50: loss 1.0192, val_ap 0.4678, minutes 33.31, lr 5.00e-04
    epoch 51: loss 1.0100, val_ap 0.4661, minutes 33.87, lr 5.00e-04
    epoch 52: loss 1.0104, val_ap 0.4593, minutes 34.43, lr 5.00e-04
    epoch 53: loss 1.0096, val_ap 0.4636, minutes 34.99, lr 5.00e-04
    epoch 54: loss 1.0081, val_ap 0.4672, minutes 35.57, lr 5.00e-04
    epoch 55: loss 0.9999, val_ap 0.4650, minutes 36.15, lr 5.00e-04
    epoch 56: loss 0.9980, val_ap 0.4648, minutes 36.71, lr 2.50e-04
    epoch 57: loss 0.9822, val_ap 0.4654, minutes 37.24, lr 2.50e-04
    epoch 58: loss 0.9829, val_ap 0.4638, minutes 37.81, lr 2.50e-04
    epoch 59: loss 0.9753, val_ap 0.4607, minutes 38.39, lr 2.50e-04
    epoch 60: loss 0.9761, val_ap 0.4633, minutes 38.97, lr 2.50e-04
    epoch 61: loss 0.9722, val_ap 0.4621, minutes 39.52, lr 2.50e-04
    epoch 62: loss 0.9723, val_ap 0.4649, minutes 40.09, lr 2.50e-04
    epoch 63: loss 0.9629, val_ap 0.4647, minutes 40.66, lr 2.50e-04
    stopping: no validation gain in 25 epochs
[h2gcn_aux pooled_both fold 0] done (41.2 min)
