loaded: dataset0 121,838 sites, data1 90,452
[h2gcn_twohead pooled_both fold 1 seed 2]
    epoch 1: loss 1.2723, val_ap 0.1615, minutes 0.84, lr 3.31e-04
    epoch 2: loss 1.0323, val_ap 0.2950, minutes 1.75, lr 6.60e-04
    epoch 3: loss 0.8790, val_ap 0.4259, minutes 2.64, lr 9.89e-04
    epoch 4: loss 0.8048, val_ap 0.4424, minutes 3.49, lr 1.00e-03
    epoch 5: loss 0.7719, val_ap 0.4490, minutes 4.29, lr 1.00e-03
    epoch 6: loss 0.7488, val_ap 0.4637, minutes 5.15, lr 1.00e-03
    epoch 7: loss 0.7338, val_ap 0.4775, minutes 5.93, lr 1.00e-03
    epoch 8: loss 0.7294, val_ap 0.4752, minutes 6.74, lr 1.00e-03
    epoch 9: loss 0.7184, val_ap 0.4707, minutes 7.58, lr 1.00e-03
    epoch 10: loss 0.7159, val_ap 0.4887, minutes 8.39, lr 1.00e-03
    epoch 11: loss 0.7130, val_ap 0.4859, minutes 9.1, lr 1.00e-03
    epoch 12: loss 0.7027, val_ap 0.4885, minutes 9.83, lr 1.00e-03
    epoch 13: loss 0.7043, val_ap 0.4814, minutes 10.54, lr 1.00e-03
    epoch 14: loss 0.7001, val_ap 0.4913, minutes 11.27, lr 1.00e-03
    epoch 15: loss 0.6871, val_ap 0.4889, minutes 11.99, lr 1.00e-03
    epoch 16: loss 0.6774, val_ap 0.4895, minutes 12.75, lr 1.00e-03
    epoch 17: loss 0.6862, val_ap 0.4860, minutes 13.51, lr 1.00e-03
    epoch 18: loss 0.6726, val_ap 0.4926, minutes 14.31, lr 1.00e-03
    epoch 19: loss 0.6699, val_ap 0.4922, minutes 15.07, lr 1.00e-03
    epoch 20: loss 0.6686, val_ap 0.4907, minutes 15.85, lr 1.00e-03
    epoch 21: loss 0.6664, val_ap 0.4906, minutes 16.58, lr 1.00e-03
    epoch 22: loss 0.6583, val_ap 0.4948, minutes 17.36, lr 1.00e-03
    epoch 23: loss 0.6636, val_ap 0.4940, minutes 18.16, lr 1.00e-03
    epoch 24: loss 0.6487, val_ap 0.4862, minutes 18.88, lr 1.00e-03
    epoch 25: loss 0.6495, val_ap 0.4936, minutes 19.69, lr 1.00e-03
    epoch 26: loss 0.6456, val_ap 0.4899, minutes 20.46, lr 1.00e-03
    epoch 27: loss 0.6405, val_ap 0.4896, minutes 21.22, lr 1.00e-03
    epoch 28: loss 0.6354, val_ap 0.4925, minutes 21.98, lr 1.00e-03
    epoch 29: loss 0.6330, val_ap 0.4943, minutes 22.73, lr 1.00e-03
    epoch 30: loss 0.6255, val_ap 0.4946, minutes 23.5, lr 1.00e-03
    epoch 31: loss 0.6369, val_ap 0.4965, minutes 24.21, lr 1.00e-03
    epoch 32: loss 0.6243, val_ap 0.4931, minutes 24.93, lr 1.00e-03
    epoch 33: loss 0.6278, val_ap 0.4950, minutes 25.62, lr 1.00e-03
    epoch 34: loss 0.6144, val_ap 0.4993, minutes 26.33, lr 1.00e-03
    epoch 35: loss 0.6132, val_ap 0.4935, minutes 27.03, lr 1.00e-03
    epoch 36: loss 0.6171, val_ap 0.4999, minutes 27.77, lr 1.00e-03
    epoch 37: loss 0.6066, val_ap 0.4913, minutes 28.49, lr 1.00e-03
    epoch 38: loss 0.6006, val_ap 0.4925, minutes 29.2, lr 1.00e-03
    epoch 39: loss 0.5994, val_ap 0.4845, minutes 29.99, lr 1.00e-03
    epoch 40: loss 0.6026, val_ap 0.4982, minutes 30.7, lr 1.00e-03
    epoch 41: loss 0.5870, val_ap 0.4888, minutes 31.43, lr 1.00e-03
    epoch 42: loss 0.5929, val_ap 0.4872, minutes 32.14, lr 1.00e-03
    epoch 43: loss 0.5867, val_ap 0.4936, minutes 32.87, lr 1.00e-03
    epoch 44: loss 0.5801, val_ap 0.4849, minutes 33.64, lr 1.00e-03
    epoch 45: loss 0.5754, val_ap 0.4929, minutes 34.33, lr 5.00e-04
    epoch 46: loss 0.5555, val_ap 0.4859, minutes 35.04, lr 5.00e-04
    epoch 47: loss 0.5519, val_ap 0.4924, minutes 35.69, lr 5.00e-04
    epoch 48: loss 0.5527, val_ap 0.4908, minutes 36.33, lr 5.00e-04
    epoch 49: loss 0.5533, val_ap 0.4958, minutes 36.96, lr 5.00e-04
    epoch 50: loss 0.5450, val_ap 0.4871, minutes 37.49, lr 5.00e-04
    epoch 51: loss 0.5400, val_ap 0.4973, minutes 38.0, lr 5.00e-04
    epoch 52: loss 0.5466, val_ap 0.4887, minutes 38.55, lr 5.00e-04
    epoch 53: loss 0.5378, val_ap 0.4929, minutes 39.1, lr 5.00e-04
    epoch 54: loss 0.5363, val_ap 0.4859, minutes 39.63, lr 2.50e-04
    epoch 55: loss 0.5251, val_ap 0.4877, minutes 40.18, lr 2.50e-04
    epoch 56: loss 0.5207, val_ap 0.4879, minutes 40.66, lr 2.50e-04
    epoch 57: loss 0.5160, val_ap 0.4820, minutes 41.18, lr 2.50e-04
    epoch 58: loss 0.5226, val_ap 0.4843, minutes 41.67, lr 2.50e-04
    epoch 59: loss 0.5207, val_ap 0.4852, minutes 42.14, lr 2.50e-04
    epoch 60: loss 0.5158, val_ap 0.4907, minutes 42.58, lr 2.50e-04
    epoch 61: loss 0.5115, val_ap 0.4776, minutes 43.02, lr 2.50e-04
    stopping: no validation gain in 25 epochs
[h2gcn_twohead pooled_both fold 1 seed 2] done (43.5 min)
