loaded: dataset0 121,838 sites, data1 90,452
[h2gcn_aux_r400 pooled_both fold 1 seed 1]
    epoch 1: loss 1.9063, val_ap 0.1664, minutes 0.9, lr 3.31e-04
    epoch 2: loss 1.5559, val_ap 0.3377, minutes 1.8, lr 6.60e-04
    epoch 3: loss 1.3797, val_ap 0.4390, minutes 2.72, lr 9.89e-04
    epoch 4: loss 1.3062, val_ap 0.4608, minutes 3.62, lr 1.00e-03
    epoch 5: loss 1.2635, val_ap 0.4677, minutes 4.53, lr 1.00e-03
    epoch 6: loss 1.2364, val_ap 0.4670, minutes 5.47, lr 1.00e-03
    epoch 7: loss 1.2279, val_ap 0.4672, minutes 6.42, lr 1.00e-03
    epoch 8: loss 1.2251, val_ap 0.4759, minutes 7.36, lr 1.00e-03
    epoch 9: loss 1.2196, val_ap 0.4742, minutes 8.27, lr 1.00e-03
    epoch 10: loss 1.2109, val_ap 0.4790, minutes 9.19, lr 1.00e-03
    epoch 11: loss 1.1975, val_ap 0.4811, minutes 10.18, lr 1.00e-03
    epoch 12: loss 1.1951, val_ap 0.4833, minutes 11.15, lr 1.00e-03
    epoch 13: loss 1.1916, val_ap 0.4848, minutes 12.09, lr 1.00e-03
    epoch 14: loss 1.1942, val_ap 0.4841, minutes 13.06, lr 1.00e-03
    epoch 15: loss 1.2054, val_ap 0.4883, minutes 14.03, lr 1.00e-03
    epoch 16: loss 1.1882, val_ap 0.4853, minutes 14.97, lr 1.00e-03
    epoch 17: loss 1.1859, val_ap 0.4857, minutes 15.96, lr 1.00e-03
    epoch 18: loss 1.1737, val_ap 0.4890, minutes 16.9, lr 1.00e-03
    epoch 19: loss 1.1841, val_ap 0.4863, minutes 17.82, lr 1.00e-03
    epoch 20: loss 1.1796, val_ap 0.4891, minutes 18.71, lr 1.00e-03
    epoch 21: loss 1.1717, val_ap 0.4917, minutes 19.62, lr 1.00e-03
    epoch 22: loss 1.1667, val_ap 0.4910, minutes 20.55, lr 1.00e-03
    epoch 23: loss 1.1603, val_ap 0.4926, minutes 21.49, lr 1.00e-03
    epoch 24: loss 1.1676, val_ap 0.4978, minutes 22.41, lr 1.00e-03
    epoch 25: loss 1.1585, val_ap 0.4892, minutes 23.37, lr 1.00e-03
    epoch 26: loss 1.1525, val_ap 0.4934, minutes 24.29, lr 1.00e-03
    epoch 27: loss 1.1420, val_ap 0.4943, minutes 25.2, lr 1.00e-03
    epoch 28: loss 1.1450, val_ap 0.4943, minutes 26.12, lr 1.00e-03
    epoch 29: loss 1.1388, val_ap 0.4810, minutes 27.06, lr 1.00e-03
    epoch 30: loss 1.1392, val_ap 0.4890, minutes 27.94, lr 1.00e-03
    epoch 31: loss 1.1360, val_ap 0.4925, minutes 28.83, lr 1.00e-03
    epoch 32: loss 1.1354, val_ap 0.4901, minutes 29.71, lr 1.00e-03
    epoch 33: loss 1.1364, val_ap 0.4908, minutes 30.61, lr 5.00e-04
    epoch 34: loss 1.1165, val_ap 0.4906, minutes 31.54, lr 5.00e-04
    epoch 35: loss 1.1094, val_ap 0.4887, minutes 32.4, lr 5.00e-04
    epoch 36: loss 1.1048, val_ap 0.4971, minutes 33.26, lr 5.00e-04
    epoch 37: loss 1.1032, val_ap 0.4983, minutes 34.21, lr 5.00e-04
    epoch 38: loss 1.1001, val_ap 0.4936, minutes 35.1, lr 5.00e-04
    epoch 39: loss 1.1009, val_ap 0.4887, minutes 35.98, lr 5.00e-04
    epoch 40: loss 1.0988, val_ap 0.4898, minutes 36.89, lr 5.00e-04
    epoch 41: loss 1.1032, val_ap 0.4858, minutes 37.83, lr 5.00e-04
    epoch 42: loss 1.0923, val_ap 0.4938, minutes 38.73, lr 5.00e-04
    epoch 43: loss 1.0983, val_ap 0.4906, minutes 39.58, lr 5.00e-04
    epoch 44: loss 1.0937, val_ap 0.4951, minutes 40.49, lr 5.00e-04
    epoch 45: loss 1.0886, val_ap 0.4977, minutes 41.37, lr 5.00e-04
    epoch 46: loss 1.0916, val_ap 0.4951, minutes 42.25, lr 2.50e-04
    epoch 47: loss 1.0781, val_ap 0.4855, minutes 43.12, lr 2.50e-04
    epoch 48: loss 1.0810, val_ap 0.4921, minutes 44.01, lr 2.50e-04
    epoch 49: loss 1.0762, val_ap 0.4891, minutes 44.91, lr 2.50e-04
    epoch 50: loss 1.0719, val_ap 0.4911, minutes 45.8, lr 2.50e-04
    epoch 51: loss 1.0695, val_ap 0.4851, minutes 46.72, lr 2.50e-04
    epoch 52: loss 1.0741, val_ap 0.4872, minutes 47.59, lr 2.50e-04
    epoch 53: loss 1.0647, val_ap 0.4865, minutes 48.45, lr 2.50e-04
    epoch 54: loss 1.0655, val_ap 0.4861, minutes 49.34, lr 2.50e-04
    epoch 55: loss 1.0627, val_ap 0.4850, minutes 50.22, lr 1.25e-04
    epoch 56: loss 1.0587, val_ap 0.4882, minutes 51.1, lr 1.25e-04
    epoch 57: loss 1.0526, val_ap 0.4859, minutes 52.0, lr 1.25e-04
    epoch 58: loss 1.0564, val_ap 0.4921, minutes 52.9, lr 1.25e-04
    epoch 59: loss 1.0583, val_ap 0.4871, minutes 53.73, lr 1.25e-04
    epoch 60: loss 1.0569, val_ap 0.4887, minutes 54.49, lr 1.25e-04
    epoch 61: loss 1.0568, val_ap 0.4811, minutes 55.28, lr 1.25e-04
    epoch 62: loss 1.0556, val_ap 0.4846, minutes 56.04, lr 1.25e-04
    stopping: no validation gain in 25 epochs
[h2gcn_aux_r400 pooled_both fold 1 seed 1] done (56.7 min)
