loaded: dataset0 121,838 sites, data1 90,452
[scalar_msg dataset0 fold 3 seed 1]
    kernel decay scale 113.4 nt (fitted to cell line 1 training labels)
    epoch 1: loss 1.9806, val_ap 0.1193, minutes 0.45, lr 3.33e-04
    epoch 2: loss 1.6009, val_ap 0.2002, minutes 0.87, lr 6.63e-04
    epoch 3: loss 1.3860, val_ap 0.3507, minutes 1.31, lr 9.92e-04
    epoch 4: loss 1.2558, val_ap 0.4373, minutes 1.71, lr 1.00e-03
    epoch 5: loss 1.1446, val_ap 0.4915, minutes 2.17, lr 1.00e-03
    epoch 6: loss 1.0790, val_ap 0.5054, minutes 2.61, lr 1.00e-03
    epoch 7: loss 1.0619, val_ap 0.5040, minutes 3.02, lr 1.00e-03
    epoch 8: loss 1.0357, val_ap 0.5149, minutes 3.45, lr 1.00e-03
    epoch 9: loss 1.0255, val_ap 0.5143, minutes 3.86, lr 1.00e-03
    epoch 10: loss 1.0046, val_ap 0.5237, minutes 4.28, lr 1.00e-03
    epoch 11: loss 0.9893, val_ap 0.5260, minutes 4.68, lr 1.00e-03
    epoch 12: loss 0.9936, val_ap 0.5277, minutes 5.11, lr 1.00e-03
    epoch 13: loss 0.9815, val_ap 0.5283, minutes 5.55, lr 1.00e-03
    epoch 14: loss 0.9791, val_ap 0.5262, minutes 5.97, lr 1.00e-03
    epoch 15: loss 0.9741, val_ap 0.5265, minutes 6.39, lr 1.00e-03
    epoch 16: loss 0.9455, val_ap 0.5383, minutes 6.83, lr 1.00e-03
    epoch 17: loss 0.9485, val_ap 0.5405, minutes 7.29, lr 1.00e-03
    epoch 18: loss 0.9332, val_ap 0.5378, minutes 7.72, lr 1.00e-03
    epoch 19: loss 0.9320, val_ap 0.5381, minutes 8.14, lr 1.00e-03
    epoch 20: loss 0.9167, val_ap 0.5404, minutes 8.56, lr 1.00e-03
    epoch 21: loss 0.9139, val_ap 0.5407, minutes 8.99, lr 1.00e-03
    epoch 22: loss 0.9416, val_ap 0.5564, minutes 9.43, lr 1.00e-03
    epoch 23: loss 0.9156, val_ap 0.5466, minutes 9.84, lr 1.00e-03
    epoch 24: loss 0.9327, val_ap 0.5597, minutes 10.3, lr 1.00e-03
    epoch 25: loss 0.8913, val_ap 0.5547, minutes 10.72, lr 1.00e-03
    epoch 26: loss 0.8834, val_ap 0.5617, minutes 11.15, lr 1.00e-03
    epoch 27: loss 0.8983, val_ap 0.5650, minutes 11.58, lr 1.00e-03
    epoch 28: loss 0.9052, val_ap 0.5636, minutes 12.01, lr 1.00e-03
    epoch 29: loss 0.8856, val_ap 0.5692, minutes 12.46, lr 1.00e-03
    epoch 30: loss 0.8817, val_ap 0.5760, minutes 12.91, lr 1.00e-03
    epoch 31: loss 0.8873, val_ap 0.5729, minutes 13.34, lr 1.00e-03
    epoch 32: loss 0.8956, val_ap 0.5798, minutes 13.77, lr 1.00e-03
    epoch 33: loss 0.8852, val_ap 0.5760, minutes 14.22, lr 1.00e-03
    epoch 34: loss 0.8653, val_ap 0.5843, minutes 14.65, lr 1.00e-03
    epoch 35: loss 0.8999, val_ap 0.5764, minutes 15.11, lr 1.00e-03
    epoch 36: loss 0.8752, val_ap 0.5800, minutes 15.53, lr 1.00e-03
    epoch 37: loss 0.8622, val_ap 0.5834, minutes 15.97, lr 1.00e-03
    epoch 38: loss 0.8533, val_ap 0.5908, minutes 16.42, lr 1.00e-03
    epoch 39: loss 0.8834, val_ap 0.5903, minutes 16.87, lr 1.00e-03
    epoch 40: loss 0.8562, val_ap 0.5906, minutes 17.33, lr 1.00e-03
    epoch 41: loss 0.8583, val_ap 0.5919, minutes 17.79, lr 1.00e-03
    epoch 42: loss 0.8402, val_ap 0.5951, minutes 18.23, lr 1.00e-03
    epoch 43: loss 0.8349, val_ap 0.5971, minutes 18.69, lr 1.00e-03
    epoch 44: loss 0.8404, val_ap 0.5994, minutes 19.12, lr 1.00e-03
    epoch 45: loss 0.8340, val_ap 0.5931, minutes 19.57, lr 1.00e-03
    epoch 46: loss 0.8379, val_ap 0.5927, minutes 19.95, lr 1.00e-03
    epoch 47: loss 0.8336, val_ap 0.5984, minutes 20.37, lr 1.00e-03
    epoch 48: loss 0.8391, val_ap 0.5998, minutes 20.8, lr 1.00e-03
    epoch 49: loss 0.8130, val_ap 0.6044, minutes 21.25, lr 1.00e-03
    epoch 50: loss 0.8129, val_ap 0.6097, minutes 21.65, lr 1.00e-03
    epoch 51: loss 0.8181, val_ap 0.6052, minutes 22.07, lr 1.00e-03
    epoch 52: loss 0.8374, val_ap 0.6017, minutes 22.53, lr 1.00e-03
    epoch 53: loss 0.8272, val_ap 0.5935, minutes 22.96, lr 1.00e-03
    epoch 54: loss 0.8250, val_ap 0.6017, minutes 23.42, lr 1.00e-03
    epoch 55: loss 0.8146, val_ap 0.6049, minutes 23.87, lr 1.00e-03
    epoch 56: loss 0.8210, val_ap 0.6053, minutes 24.27, lr 1.00e-03
    epoch 57: loss 0.8129, val_ap 0.6087, minutes 24.71, lr 1.00e-03
    epoch 58: loss 0.8126, val_ap 0.6096, minutes 25.13, lr 1.00e-03
    epoch 59: loss 0.8126, val_ap 0.5990, minutes 25.57, lr 5.00e-04
    epoch 60: loss 0.7868, val_ap 0.6088, minutes 26.01, lr 5.00e-04
    epoch 61: loss 0.7872, val_ap 0.6114, minutes 26.47, lr 5.00e-04
    epoch 62: loss 0.7628, val_ap 0.6105, minutes 26.94, lr 5.00e-04
    epoch 63: loss 0.7770, val_ap 0.6108, minutes 27.4, lr 5.00e-04
    epoch 64: loss 0.7708, val_ap 0.6133, minutes 27.88, lr 5.00e-04
    epoch 65: loss 0.7623, val_ap 0.6096, minutes 28.33, lr 5.00e-04
    epoch 66: loss 0.7683, val_ap 0.6081, minutes 28.79, lr 5.00e-04
    epoch 67: loss 0.7640, val_ap 0.6119, minutes 29.25, lr 5.00e-04
    epoch 68: loss 0.7666, val_ap 0.6103, minutes 29.7, lr 5.00e-04
    epoch 69: loss 0.7615, val_ap 0.6117, minutes 30.17, lr 5.00e-04
    epoch 70: loss 0.7683, val_ap 0.6088, minutes 30.64, lr 5.00e-04
    epoch 71: loss 0.7692, val_ap 0.6090, minutes 31.06, lr 5.00e-04
    epoch 72: loss 0.7603, val_ap 0.6159, minutes 31.52, lr 5.00e-04
    epoch 73: loss 0.7652, val_ap 0.6117, minutes 31.94, lr 5.00e-04
    epoch 74: loss 0.7552, val_ap 0.6160, minutes 32.43, lr 5.00e-04
    epoch 75: loss 0.7441, val_ap 0.6108, minutes 32.89, lr 5.00e-04
    epoch 76: loss 0.7542, val_ap 0.6124, minutes 33.34, lr 5.00e-04
    epoch 77: loss 0.7446, val_ap 0.6172, minutes 33.8, lr 5.00e-04
    epoch 78: loss 0.7422, val_ap 0.6121, minutes 34.3, lr 5.00e-04
    epoch 79: loss 0.7519, val_ap 0.6218, minutes 34.77, lr 5.00e-04
    epoch 80: loss 0.7609, val_ap 0.6117, minutes 35.27, lr 5.00e-04
    epoch 81: loss 0.7547, val_ap 0.6139, minutes 35.71, lr 5.00e-04
    epoch 82: loss 0.7529, val_ap 0.6097, minutes 36.11, lr 5.00e-04
    epoch 83: loss 0.7485, val_ap 0.6082, minutes 36.58, lr 5.00e-04
    epoch 84: loss 0.7541, val_ap 0.6139, minutes 37.01, lr 5.00e-04
    epoch 85: loss 0.7541, val_ap 0.6132, minutes 37.48, lr 5.00e-04
    epoch 86: loss 0.7429, val_ap 0.6126, minutes 37.91, lr 5.00e-04
    epoch 87: loss 0.7407, val_ap 0.6115, minutes 38.36, lr 5.00e-04
    epoch 88: loss 0.7430, val_ap 0.6110, minutes 38.85, lr 2.50e-04
    epoch 89: loss 0.7283, val_ap 0.6119, minutes 39.33, lr 2.50e-04
    epoch 90: loss 0.7228, val_ap 0.6132, minutes 39.8, lr 2.50e-04
    epoch 91: loss 0.7290, val_ap 0.6087, minutes 40.29, lr 2.50e-04
    epoch 92: loss 0.7147, val_ap 0.6143, minutes 40.77, lr 2.50e-04
    epoch 93: loss 0.7210, val_ap 0.6110, minutes 41.2, lr 2.50e-04
    epoch 94: loss 0.7248, val_ap 0.6118, minutes 41.7, lr 2.50e-04
    epoch 95: loss 0.7223, val_ap 0.6123, minutes 42.12, lr 2.50e-04
    epoch 96: loss 0.7207, val_ap 0.6101, minutes 42.62, lr 2.50e-04
    epoch 97: loss 0.7232, val_ap 0.6089, minutes 43.04, lr 1.25e-04
    epoch 98: loss 0.7156, val_ap 0.6110, minutes 43.49, lr 1.25e-04
    epoch 99: loss 0.7279, val_ap 0.6102, minutes 43.93, lr 1.25e-04
    epoch 100: loss 0.7152, val_ap 0.6112, minutes 44.39, lr 1.25e-04
    epoch 101: loss 0.7258, val_ap 0.6131, minutes 44.84, lr 1.25e-04
    epoch 102: loss 0.7071, val_ap 0.6131, minutes 45.31, lr 1.25e-04
    epoch 103: loss 0.7102, val_ap 0.6134, minutes 45.78, lr 1.25e-04
    epoch 104: loss 0.7141, val_ap 0.6110, minutes 46.18, lr 1.25e-04
    stopping: no validation gain in 25 epochs
[scalar_msg dataset0 fold 3 seed 1] done (47.0 min)
