loaded: dataset0 121,838 sites, data1 90,452
[h2gcn_aux_r200 pooled_both fold 4]
    epoch 1: loss 1.8879, val_ap 0.1649, minutes 0.94, lr 3.31e-04
    epoch 2: loss 1.5292, val_ap 0.3481, minutes 1.67, lr 6.60e-04
    epoch 3: loss 1.3607, val_ap 0.4451, minutes 2.5, lr 9.89e-04
    epoch 4: loss 1.2935, val_ap 0.4615, minutes 3.34, lr 1.00e-03
    epoch 5: loss 1.2552, val_ap 0.4712, minutes 4.15, lr 1.00e-03
    epoch 6: loss 1.2389, val_ap 0.4760, minutes 4.96, lr 1.00e-03
    epoch 7: loss 1.2277, val_ap 0.4692, minutes 5.69, lr 1.00e-03
    epoch 8: loss 1.2132, val_ap 0.4737, minutes 6.49, lr 1.00e-03
    epoch 9: loss 1.2147, val_ap 0.4839, minutes 7.26, lr 1.00e-03
    epoch 10: loss 1.1920, val_ap 0.4849, minutes 8.02, lr 1.00e-03
    epoch 11: loss 1.1899, val_ap 0.4873, minutes 8.75, lr 1.00e-03
    epoch 12: loss 1.1928, val_ap 0.4852, minutes 9.56, lr 1.00e-03
    epoch 13: loss 1.1725, val_ap 0.4855, minutes 11.1, lr 1.00e-03
    epoch 14: loss 1.1764, val_ap 0.4868, minutes 12.67, lr 1.00e-03
    epoch 15: loss 1.1778, val_ap 0.4903, minutes 14.19, lr 1.00e-03
    epoch 16: loss 1.1624, val_ap 0.4901, minutes 15.72, lr 1.00e-03
    epoch 17: loss 1.1711, val_ap 0.4932, minutes 17.28, lr 1.00e-03
    epoch 18: loss 1.1534, val_ap 0.4931, minutes 18.81, lr 1.00e-03
    epoch 19: loss 1.1528, val_ap 0.4969, minutes 20.32, lr 1.00e-03
    epoch 20: loss 1.1517, val_ap 0.4973, minutes 21.87, lr 1.00e-03
    epoch 21: loss 1.1404, val_ap 0.4966, minutes 23.42, lr 1.00e-03
    epoch 22: loss 1.1332, val_ap 0.4993, minutes 24.93, lr 1.00e-03
    epoch 23: loss 1.1460, val_ap 0.4969, minutes 26.4, lr 1.00e-03
    epoch 24: loss 1.1386, val_ap 0.4934, minutes 27.93, lr 1.00e-03
    epoch 25: loss 1.1288, val_ap 0.4934, minutes 29.48, lr 1.00e-03
    epoch 26: loss 1.1364, val_ap 0.5018, minutes 31.03, lr 1.00e-03
    epoch 27: loss 1.1189, val_ap 0.5037, minutes 32.57, lr 1.00e-03
    epoch 28: loss 1.1191, val_ap 0.5027, minutes 34.08, lr 1.00e-03
    epoch 29: loss 1.1161, val_ap 0.5039, minutes 35.66, lr 1.00e-03
    epoch 30: loss 1.1128, val_ap 0.5035, minutes 37.18, lr 1.00e-03
    epoch 31: loss 1.1134, val_ap 0.4990, minutes 38.75, lr 1.00e-03
    epoch 32: loss 1.1105, val_ap 0.5052, minutes 40.29, lr 1.00e-03
    epoch 33: loss 1.1127, val_ap 0.5038, minutes 41.8, lr 1.00e-03
    epoch 34: loss 1.0962, val_ap 0.5121, minutes 43.37, lr 1.00e-03
    epoch 35: loss 1.0943, val_ap 0.5048, minutes 44.97, lr 1.00e-03
    epoch 36: loss 1.0897, val_ap 0.5073, minutes 46.5, lr 1.00e-03
    epoch 37: loss 1.0855, val_ap 0.5085, minutes 48.08, lr 1.00e-03
    epoch 38: loss 1.0919, val_ap 0.5069, minutes 49.64, lr 1.00e-03
    epoch 39: loss 1.0872, val_ap 0.5096, minutes 51.23, lr 1.00e-03
    epoch 40: loss 1.0705, val_ap 0.5059, minutes 52.81, lr 1.00e-03
    epoch 41: loss 1.0786, val_ap 0.5062, minutes 54.4, lr 1.00e-03
    epoch 42: loss 1.0744, val_ap 0.5143, minutes 55.94, lr 1.00e-03
    epoch 43: loss 1.0657, val_ap 0.5118, minutes 57.49, lr 1.00e-03
    epoch 44: loss 1.0590, val_ap 0.5119, minutes 58.99, lr 1.00e-03
    epoch 45: loss 1.0622, val_ap 0.5139, minutes 60.55, lr 1.00e-03
    epoch 46: loss 1.0601, val_ap 0.5113, minutes 62.09, lr 1.00e-03
    epoch 47: loss 1.0553, val_ap 0.5048, minutes 63.64, lr 1.00e-03
    epoch 48: loss 1.0492, val_ap 0.5146, minutes 65.18, lr 1.00e-03
    epoch 49: loss 1.0610, val_ap 0.5168, minutes 66.71, lr 1.00e-03
    epoch 50: loss 1.0431, val_ap 0.5151, minutes 68.26, lr 1.00e-03
    epoch 51: loss 1.0325, val_ap 0.5058, minutes 69.76, lr 1.00e-03
    epoch 52: loss 1.0444, val_ap 0.5160, minutes 71.17, lr 1.00e-03
    epoch 53: loss 1.0369, val_ap 0.5095, minutes 72.55, lr 1.00e-03
    epoch 54: loss 1.0382, val_ap 0.5043, minutes 73.85, lr 1.00e-03
    epoch 55: loss 1.0262, val_ap 0.5075, minutes 75.11, lr 1.00e-03
    epoch 56: loss 1.0273, val_ap 0.5075, minutes 76.37, lr 1.00e-03
    epoch 57: loss 1.0184, val_ap 0.5162, minutes 77.64, lr 1.00e-03
    epoch 58: loss 1.0288, val_ap 0.5145, minutes 78.9, lr 5.00e-04
    epoch 59: loss 1.0007, val_ap 0.5137, minutes 80.12, lr 5.00e-04
    epoch 60: loss 0.9964, val_ap 0.5129, minutes 81.32, lr 5.00e-04
    epoch 61: loss 0.9881, val_ap 0.5013, minutes 82.4, lr 5.00e-04
    epoch 62: loss 0.9814, val_ap 0.5037, minutes 83.47, lr 5.00e-04
    epoch 63: loss 0.9927, val_ap 0.5098, minutes 84.54, lr 5.00e-04
    epoch 64: loss 0.9865, val_ap 0.5090, minutes 85.53, lr 5.00e-04
    epoch 65: loss 0.9859, val_ap 0.5039, minutes 86.45, lr 5.00e-04
    epoch 66: loss 0.9796, val_ap 0.5063, minutes 87.39, lr 5.00e-04
    epoch 67: loss 0.9792, val_ap 0.5063, minutes 88.29, lr 2.50e-04
    epoch 68: loss 0.9626, val_ap 0.5012, minutes 89.1, lr 2.50e-04
    epoch 69: loss 0.9637, val_ap 0.5079, minutes 89.87, lr 2.50e-04
    epoch 70: loss 0.9605, val_ap 0.5061, minutes 90.6, lr 2.50e-04
    epoch 71: loss 0.9584, val_ap 0.5059, minutes 91.33, lr 2.50e-04
    epoch 72: loss 0.9515, val_ap 0.4974, minutes 91.94, lr 2.50e-04
    epoch 73: loss 0.9577, val_ap 0.5052, minutes 92.45, lr 2.50e-04
    epoch 74: loss 0.9509, val_ap 0.5018, minutes 92.91, lr 2.50e-04
    stopping: no validation gain in 25 epochs
[h2gcn_aux_r200 pooled_both fold 4] done (93.4 min)
