loaded: dataset0 121,838 sites, data1 90,452
[fk_kernel dataset0 fold 0 seed 2]
    kernel decay scale 118.2 nt (fitted to cell line 1 training labels)
    epoch 1: loss 1.9655, val_ap 0.1794, minutes 0.49, lr 3.33e-04
    epoch 2: loss 1.5876, val_ap 0.2808, minutes 1.02, lr 6.63e-04
    epoch 3: loss 1.3263, val_ap 0.4080, minutes 1.6, lr 9.88e-04
    epoch 4: loss 1.1787, val_ap 0.4624, minutes 2.09, lr 1.00e-03
    epoch 5: loss 1.1070, val_ap 0.4723, minutes 2.64, lr 1.00e-03
    epoch 6: loss 1.0851, val_ap 0.4897, minutes 3.04, lr 1.00e-03
    epoch 7: loss 1.0234, val_ap 0.4934, minutes 3.56, lr 1.00e-03
    epoch 8: loss 1.0351, val_ap 0.5093, minutes 4.01, lr 1.00e-03
    epoch 9: loss 0.9784, val_ap 0.5068, minutes 4.51, lr 1.00e-03
    epoch 10: loss 0.9593, val_ap 0.5278, minutes 4.99, lr 1.00e-03
    epoch 11: loss 0.9556, val_ap 0.5289, minutes 5.44, lr 1.00e-03
    epoch 12: loss 0.9457, val_ap 0.5340, minutes 5.98, lr 1.00e-03
    epoch 13: loss 0.9502, val_ap 0.5360, minutes 6.48, lr 1.00e-03
    epoch 14: loss 0.9161, val_ap 0.5421, minutes 6.97, lr 1.00e-03
    epoch 15: loss 0.9282, val_ap 0.5375, minutes 7.46, lr 1.00e-03
    epoch 16: loss 0.9241, val_ap 0.5376, minutes 7.91, lr 1.00e-03
    epoch 17: loss 0.9483, val_ap 0.5321, minutes 8.41, lr 1.00e-03
    epoch 18: loss 0.9127, val_ap 0.5444, minutes 8.87, lr 1.00e-03
    epoch 19: loss 0.9082, val_ap 0.5483, minutes 9.36, lr 1.00e-03
    epoch 20: loss 0.9095, val_ap 0.5490, minutes 9.86, lr 1.00e-03
    epoch 21: loss 0.8893, val_ap 0.5470, minutes 10.37, lr 1.00e-03
    epoch 22: loss 0.8940, val_ap 0.5465, minutes 10.86, lr 1.00e-03
    epoch 23: loss 0.8927, val_ap 0.5437, minutes 11.35, lr 1.00e-03
    epoch 24: loss 0.8982, val_ap 0.5616, minutes 11.84, lr 1.00e-03
    epoch 25: loss 0.8695, val_ap 0.5478, minutes 12.32, lr 1.00e-03
    epoch 26: loss 0.8880, val_ap 0.5428, minutes 12.82, lr 1.00e-03
    epoch 27: loss 0.8904, val_ap 0.5513, minutes 13.29, lr 1.00e-03
    epoch 28: loss 0.8788, val_ap 0.5544, minutes 13.77, lr 1.00e-03
    epoch 29: loss 0.8605, val_ap 0.5584, minutes 14.27, lr 1.00e-03
    epoch 30: loss 0.8488, val_ap 0.5609, minutes 14.77, lr 1.00e-03
    epoch 31: loss 0.8718, val_ap 0.5666, minutes 15.28, lr 1.00e-03
    epoch 32: loss 0.8463, val_ap 0.5666, minutes 15.78, lr 1.00e-03
    epoch 33: loss 0.8835, val_ap 0.5679, minutes 16.27, lr 1.00e-03
    epoch 34: loss 0.8405, val_ap 0.5677, minutes 16.8, lr 1.00e-03
    epoch 35: loss 0.8294, val_ap 0.5752, minutes 17.27, lr 1.00e-03
    epoch 36: loss 0.8330, val_ap 0.5717, minutes 17.78, lr 1.00e-03
    epoch 37: loss 0.8323, val_ap 0.5686, minutes 18.28, lr 1.00e-03
    epoch 38: loss 0.8199, val_ap 0.5675, minutes 18.76, lr 1.00e-03
    epoch 39: loss 0.8376, val_ap 0.5725, minutes 19.23, lr 1.00e-03
    epoch 40: loss 0.8430, val_ap 0.5690, minutes 19.72, lr 1.00e-03
    epoch 41: loss 0.8335, val_ap 0.5628, minutes 20.17, lr 1.00e-03
    epoch 42: loss 0.8118, val_ap 0.5729, minutes 20.68, lr 1.00e-03
    epoch 43: loss 0.8003, val_ap 0.5758, minutes 21.15, lr 1.00e-03
    epoch 44: loss 0.8199, val_ap 0.5807, minutes 21.62, lr 1.00e-03
    epoch 45: loss 0.8122, val_ap 0.5700, minutes 22.13, lr 1.00e-03
    epoch 46: loss 0.7993, val_ap 0.5775, minutes 22.55, lr 1.00e-03
    epoch 47: loss 0.8017, val_ap 0.5776, minutes 23.05, lr 1.00e-03
    epoch 48: loss 0.7932, val_ap 0.5723, minutes 23.54, lr 1.00e-03
    epoch 49: loss 0.7992, val_ap 0.5762, minutes 24.02, lr 1.00e-03
    epoch 50: loss 0.8174, val_ap 0.5770, minutes 24.46, lr 1.00e-03
    epoch 51: loss 0.7939, val_ap 0.5759, minutes 24.94, lr 1.00e-03
    epoch 52: loss 0.7718, val_ap 0.5903, minutes 25.42, lr 1.00e-03
    epoch 53: loss 0.7921, val_ap 0.5769, minutes 25.89, lr 1.00e-03
    epoch 54: loss 0.7728, val_ap 0.5847, minutes 26.37, lr 1.00e-03
    epoch 55: loss 0.7616, val_ap 0.5895, minutes 26.85, lr 1.00e-03
    epoch 56: loss 0.7841, val_ap 0.5888, minutes 27.34, lr 1.00e-03
    epoch 57: loss 0.7833, val_ap 0.5894, minutes 27.8, lr 1.00e-03
    epoch 58: loss 0.7560, val_ap 0.5875, minutes 28.28, lr 1.00e-03
    epoch 59: loss 0.7663, val_ap 0.5882, minutes 28.76, lr 1.00e-03
    epoch 60: loss 0.8080, val_ap 0.5879, minutes 29.25, lr 1.00e-03
    epoch 61: loss 0.7660, val_ap 0.5867, minutes 29.71, lr 5.00e-04
    epoch 62: loss 0.7345, val_ap 0.5926, minutes 30.19, lr 5.00e-04
    epoch 63: loss 0.7416, val_ap 0.5898, minutes 30.66, lr 5.00e-04
    epoch 64: loss 0.7186, val_ap 0.5953, minutes 31.15, lr 5.00e-04
    epoch 65: loss 0.7476, val_ap 0.5954, minutes 31.63, lr 5.00e-04
    epoch 66: loss 0.7471, val_ap 0.5940, minutes 32.12, lr 5.00e-04
    epoch 67: loss 0.7183, val_ap 0.5943, minutes 32.57, lr 5.00e-04
    epoch 68: loss 0.7237, val_ap 0.6015, minutes 33.05, lr 5.00e-04
    epoch 69: loss 0.7300, val_ap 0.6008, minutes 33.52, lr 5.00e-04
    epoch 70: loss 0.7322, val_ap 0.5978, minutes 34.02, lr 5.00e-04
    epoch 71: loss 0.7256, val_ap 0.5976, minutes 34.47, lr 5.00e-04
    epoch 72: loss 0.7210, val_ap 0.5953, minutes 34.97, lr 5.00e-04
    epoch 73: loss 0.7164, val_ap 0.5940, minutes 35.43, lr 5.00e-04
    epoch 74: loss 0.7167, val_ap 0.5937, minutes 35.92, lr 5.00e-04
    epoch 75: loss 0.7120, val_ap 0.6013, minutes 36.41, lr 5.00e-04
    epoch 76: loss 0.7101, val_ap 0.5951, minutes 36.87, lr 5.00e-04
    epoch 77: loss 0.7275, val_ap 0.6015, minutes 37.35, lr 2.50e-04
    epoch 78: loss 0.6962, val_ap 0.6030, minutes 37.85, lr 2.50e-04
    epoch 79: loss 0.6882, val_ap 0.6041, minutes 38.29, lr 2.50e-04
    epoch 80: loss 0.6869, val_ap 0.6012, minutes 38.83, lr 2.50e-04
    epoch 81: loss 0.6963, val_ap 0.5999, minutes 39.3, lr 2.50e-04
    epoch 82: loss 0.6879, val_ap 0.6032, minutes 39.78, lr 2.50e-04
    epoch 83: loss 0.6955, val_ap 0.6010, minutes 40.25, lr 2.50e-04
    epoch 84: loss 0.7024, val_ap 0.6025, minutes 40.72, lr 2.50e-04
    epoch 85: loss 0.6902, val_ap 0.5994, minutes 41.18, lr 2.50e-04
    epoch 86: loss 0.6870, val_ap 0.6030, minutes 41.6, lr 2.50e-04
    epoch 87: loss 0.6855, val_ap 0.6054, minutes 42.08, lr 2.50e-04
    epoch 88: loss 0.6982, val_ap 0.6009, minutes 42.56, lr 2.50e-04
    epoch 89: loss 0.6783, val_ap 0.6038, minutes 43.02, lr 2.50e-04
    epoch 90: loss 0.6930, val_ap 0.6041, minutes 43.51, lr 2.50e-04
    epoch 91: loss 0.6993, val_ap 0.6003, minutes 43.93, lr 2.50e-04
    epoch 92: loss 0.6916, val_ap 0.6085, minutes 44.4, lr 2.50e-04
    epoch 93: loss 0.6883, val_ap 0.6053, minutes 44.87, lr 2.50e-04
    epoch 94: loss 0.6769, val_ap 0.6012, minutes 45.34, lr 2.50e-04
    epoch 95: loss 0.6760, val_ap 0.5995, minutes 45.78, lr 2.50e-04
    epoch 96: loss 0.6853, val_ap 0.5965, minutes 46.26, lr 2.50e-04
    epoch 97: loss 0.6974, val_ap 0.6035, minutes 46.72, lr 2.50e-04
    epoch 98: loss 0.6891, val_ap 0.5997, minutes 47.19, lr 2.50e-04
    epoch 99: loss 0.7090, val_ap 0.5992, minutes 47.65, lr 2.50e-04
    epoch 100: loss 0.6938, val_ap 0.6046, minutes 48.15, lr 2.50e-04
    epoch 101: loss 0.6765, val_ap 0.6019, minutes 48.62, lr 1.25e-04
    epoch 102: loss 0.6770, val_ap 0.6064, minutes 49.12, lr 1.25e-04
    epoch 103: loss 0.6597, val_ap 0.6020, minutes 49.6, lr 1.25e-04
    epoch 104: loss 0.6616, val_ap 0.6057, minutes 50.11, lr 1.25e-04
    epoch 105: loss 0.6713, val_ap 0.6077, minutes 50.57, lr 1.25e-04
    epoch 106: loss 0.6706, val_ap 0.6069, minutes 51.03, lr 1.25e-04
    epoch 107: loss 0.6630, val_ap 0.6036, minutes 51.48, lr 1.25e-04
    epoch 108: loss 0.6685, val_ap 0.6081, minutes 51.92, lr 1.25e-04
    epoch 109: loss 0.6591, val_ap 0.6002, minutes 52.4, lr 1.25e-04
    epoch 110: loss 0.6610, val_ap 0.6040, minutes 52.86, lr 6.25e-05
    epoch 111: loss 0.6572, val_ap 0.6027, minutes 53.39, lr 6.25e-05
    epoch 112: loss 0.6694, val_ap 0.6028, minutes 53.84, lr 6.25e-05
    epoch 113: loss 0.6497, val_ap 0.6058, minutes 54.34, lr 6.25e-05
    epoch 114: loss 0.6599, val_ap 0.6025, minutes 54.8, lr 6.25e-05
    epoch 115: loss 0.6649, val_ap 0.6042, minutes 55.26, lr 6.25e-05
    epoch 116: loss 0.6623, val_ap 0.6020, minutes 55.74, lr 6.25e-05
    epoch 117: loss 0.6676, val_ap 0.6056, minutes 56.21, lr 6.25e-05
    stopping: no validation gain in 25 epochs
[fk_kernel dataset0 fold 0 seed 2] done (56.9 min)
