loaded: dataset0 121,838 sites, data1 90,452
[res_nodrop dataset0 fold 1 seed 2]
    kernel decay scale 114.6 nt (fitted to cell line 1 training labels)
    epoch 1: loss 1.9458, val_ap 0.1595, minutes 0.48, lr 3.33e-04
    epoch 2: loss 1.5379, val_ap 0.2717, minutes 0.94, lr 6.63e-04
    epoch 3: loss 1.3374, val_ap 0.4183, minutes 1.35, lr 9.92e-04
    epoch 4: loss 1.1649, val_ap 0.4766, minutes 1.82, lr 1.00e-03
    epoch 5: loss 1.1154, val_ap 0.4964, minutes 2.25, lr 1.00e-03
    epoch 6: loss 1.0849, val_ap 0.5011, minutes 2.72, lr 1.00e-03
    epoch 7: loss 1.0584, val_ap 0.5120, minutes 3.17, lr 1.00e-03
    epoch 8: loss 1.0050, val_ap 0.5212, minutes 3.64, lr 1.00e-03
    epoch 9: loss 0.9894, val_ap 0.5251, minutes 4.09, lr 1.00e-03
    epoch 10: loss 0.9939, val_ap 0.5285, minutes 4.56, lr 1.00e-03
    epoch 11: loss 0.9439, val_ap 0.5366, minutes 4.99, lr 1.00e-03
    epoch 12: loss 0.9617, val_ap 0.5456, minutes 5.45, lr 1.00e-03
    epoch 13: loss 0.9595, val_ap 0.5488, minutes 5.91, lr 1.00e-03
    epoch 14: loss 0.9417, val_ap 0.5519, minutes 6.37, lr 1.00e-03
    epoch 15: loss 0.9330, val_ap 0.5436, minutes 6.84, lr 1.00e-03
    epoch 16: loss 0.9075, val_ap 0.5494, minutes 7.32, lr 1.00e-03
    epoch 17: loss 0.9145, val_ap 0.5569, minutes 7.76, lr 1.00e-03
    epoch 18: loss 0.8941, val_ap 0.5563, minutes 8.22, lr 1.00e-03
    epoch 19: loss 0.8977, val_ap 0.5565, minutes 8.69, lr 1.00e-03
    epoch 20: loss 0.8937, val_ap 0.5615, minutes 9.15, lr 1.00e-03
    epoch 21: loss 0.8815, val_ap 0.5607, minutes 9.62, lr 1.00e-03
    epoch 22: loss 0.8820, val_ap 0.5559, minutes 10.07, lr 1.00e-03
    epoch 23: loss 0.8871, val_ap 0.5653, minutes 10.54, lr 1.00e-03
    epoch 24: loss 0.8682, val_ap 0.5696, minutes 10.98, lr 1.00e-03
    epoch 25: loss 0.8778, val_ap 0.5728, minutes 11.46, lr 1.00e-03
    epoch 26: loss 0.8604, val_ap 0.5802, minutes 11.91, lr 1.00e-03
    epoch 27: loss 0.8618, val_ap 0.5817, minutes 12.43, lr 1.00e-03
    epoch 28: loss 0.8489, val_ap 0.5813, minutes 12.91, lr 1.00e-03
    epoch 29: loss 0.8498, val_ap 0.5823, minutes 13.4, lr 1.00e-03
    epoch 30: loss 0.8688, val_ap 0.5831, minutes 13.87, lr 1.00e-03
    epoch 31: loss 0.8580, val_ap 0.5765, minutes 14.33, lr 1.00e-03
    epoch 32: loss 0.8491, val_ap 0.5851, minutes 14.8, lr 1.00e-03
    epoch 33: loss 0.8436, val_ap 0.5868, minutes 15.26, lr 1.00e-03
    epoch 34: loss 0.8209, val_ap 0.5868, minutes 15.74, lr 1.00e-03
    epoch 35: loss 0.8225, val_ap 0.5888, minutes 16.19, lr 1.00e-03
    epoch 36: loss 0.8205, val_ap 0.5913, minutes 16.67, lr 1.00e-03
    epoch 37: loss 0.8295, val_ap 0.5967, minutes 17.15, lr 1.00e-03
    epoch 38: loss 0.8332, val_ap 0.5916, minutes 17.62, lr 1.00e-03
    epoch 39: loss 0.8160, val_ap 0.5920, minutes 18.1, lr 1.00e-03
    epoch 40: loss 0.8208, val_ap 0.6013, minutes 18.57, lr 1.00e-03
    epoch 41: loss 0.8127, val_ap 0.5963, minutes 18.99, lr 1.00e-03
    epoch 42: loss 0.8145, val_ap 0.6000, minutes 19.44, lr 1.00e-03
    epoch 43: loss 0.7997, val_ap 0.6008, minutes 19.9, lr 1.00e-03
    epoch 44: loss 0.7980, val_ap 0.5950, minutes 20.33, lr 1.00e-03
    epoch 45: loss 0.8117, val_ap 0.5953, minutes 20.77, lr 1.00e-03
    epoch 46: loss 0.7984, val_ap 0.6043, minutes 21.19, lr 1.00e-03
    epoch 47: loss 0.8104, val_ap 0.5966, minutes 21.68, lr 1.00e-03
    epoch 48: loss 0.8174, val_ap 0.6057, minutes 22.17, lr 1.00e-03
    epoch 49: loss 0.8143, val_ap 0.6020, minutes 22.67, lr 1.00e-03
    epoch 50: loss 0.7831, val_ap 0.6002, minutes 23.13, lr 1.00e-03
    epoch 51: loss 0.8007, val_ap 0.5969, minutes 23.6, lr 1.00e-03
    epoch 52: loss 0.7898, val_ap 0.5954, minutes 24.06, lr 1.00e-03
    epoch 53: loss 0.7866, val_ap 0.5971, minutes 24.49, lr 1.00e-03
    epoch 54: loss 0.7760, val_ap 0.5990, minutes 24.94, lr 1.00e-03
    epoch 55: loss 0.8093, val_ap 0.6007, minutes 25.38, lr 1.00e-03
    epoch 56: loss 0.7718, val_ap 0.5945, minutes 25.84, lr 1.00e-03
    epoch 57: loss 0.7715, val_ap 0.6034, minutes 26.28, lr 5.00e-04
    epoch 58: loss 0.7587, val_ap 0.5996, minutes 26.77, lr 5.00e-04
    epoch 59: loss 0.7403, val_ap 0.5926, minutes 27.22, lr 5.00e-04
    epoch 60: loss 0.7395, val_ap 0.5979, minutes 27.68, lr 5.00e-04
    epoch 61: loss 0.7455, val_ap 0.6006, minutes 28.19, lr 5.00e-04
    epoch 62: loss 0.7404, val_ap 0.6055, minutes 28.67, lr 5.00e-04
    epoch 63: loss 0.7353, val_ap 0.6042, minutes 29.14, lr 5.00e-04
    epoch 64: loss 0.7260, val_ap 0.5998, minutes 29.61, lr 5.00e-04
    epoch 65: loss 0.7382, val_ap 0.5955, minutes 30.06, lr 5.00e-04
    epoch 66: loss 0.7346, val_ap 0.6011, minutes 30.5, lr 2.50e-04
    epoch 67: loss 0.7144, val_ap 0.6001, minutes 30.98, lr 2.50e-04
    epoch 68: loss 0.7283, val_ap 0.6015, minutes 31.44, lr 2.50e-04
    epoch 69: loss 0.7250, val_ap 0.5984, minutes 31.93, lr 2.50e-04
    epoch 70: loss 0.7157, val_ap 0.5997, minutes 32.37, lr 2.50e-04
    epoch 71: loss 0.7102, val_ap 0.5991, minutes 32.85, lr 2.50e-04
    epoch 72: loss 0.7079, val_ap 0.5982, minutes 33.31, lr 2.50e-04
    epoch 73: loss 0.7067, val_ap 0.5979, minutes 33.75, lr 2.50e-04
    stopping: no validation gain in 25 epochs
[res_nodrop dataset0 fold 1 seed 2] done (34.6 min)
