loaded: dataset0 121,838 sites, data1 90,452
[h2gcn_aux dataset0 fold 2 seed 1]
    epoch 1: loss 1.9577, val_ap 0.1608, minutes 0.46, lr 3.33e-04
    epoch 2: loss 1.5865, val_ap 0.2503, minutes 0.96, lr 6.59e-04
    epoch 3: loss 1.3293, val_ap 0.3877, minutes 1.42, lr 9.89e-04
    epoch 4: loss 1.2062, val_ap 0.4723, minutes 1.9, lr 1.00e-03
    epoch 5: loss 1.1548, val_ap 0.4892, minutes 2.35, lr 1.00e-03
    epoch 6: loss 1.1018, val_ap 0.5036, minutes 2.85, lr 1.00e-03
    epoch 7: loss 1.0756, val_ap 0.5015, minutes 3.34, lr 1.00e-03
    epoch 8: loss 1.0979, val_ap 0.5006, minutes 3.83, lr 1.00e-03
    epoch 9: loss 1.0311, val_ap 0.5215, minutes 4.32, lr 1.00e-03
    epoch 10: loss 1.0349, val_ap 0.5148, minutes 4.74, lr 1.00e-03
    epoch 11: loss 1.0166, val_ap 0.5074, minutes 5.22, lr 1.00e-03
    epoch 12: loss 0.9983, val_ap 0.5271, minutes 5.65, lr 1.00e-03
    epoch 13: loss 1.0037, val_ap 0.5147, minutes 6.11, lr 1.00e-03
    epoch 14: loss 0.9867, val_ap 0.5211, minutes 6.59, lr 1.00e-03
    epoch 15: loss 0.9832, val_ap 0.5188, minutes 7.07, lr 1.00e-03
    epoch 16: loss 0.9614, val_ap 0.5226, minutes 7.5, lr 1.00e-03
    epoch 17: loss 0.9687, val_ap 0.5215, minutes 7.99, lr 1.00e-03
    epoch 18: loss 0.9677, val_ap 0.5201, minutes 8.45, lr 1.00e-03
    epoch 19: loss 0.9574, val_ap 0.5183, minutes 8.91, lr 1.00e-03
    epoch 20: loss 0.9382, val_ap 0.5202, minutes 9.38, lr 1.00e-03
    epoch 21: loss 0.9367, val_ap 0.5228, minutes 9.88, lr 5.00e-04
    epoch 22: loss 0.9057, val_ap 0.5259, minutes 10.35, lr 5.00e-04
    epoch 23: loss 0.9244, val_ap 0.5299, minutes 10.85, lr 5.00e-04
    epoch 24: loss 0.9125, val_ap 0.5282, minutes 11.32, lr 5.00e-04
    epoch 25: loss 0.9157, val_ap 0.5350, minutes 11.8, lr 5.00e-04
    epoch 26: loss 0.9592, val_ap 0.5299, minutes 12.26, lr 5.00e-04
    epoch 27: loss 0.9227, val_ap 0.5391, minutes 12.73, lr 5.00e-04
    epoch 28: loss 0.8987, val_ap 0.5379, minutes 13.22, lr 5.00e-04
    epoch 29: loss 0.9076, val_ap 0.5378, minutes 13.68, lr 5.00e-04
    epoch 30: loss 0.8902, val_ap 0.5382, minutes 14.18, lr 5.00e-04
    epoch 31: loss 0.8946, val_ap 0.5368, minutes 14.59, lr 5.00e-04
    epoch 32: loss 0.8919, val_ap 0.5390, minutes 15.06, lr 5.00e-04
    epoch 33: loss 0.8714, val_ap 0.5349, minutes 15.52, lr 5.00e-04
    epoch 34: loss 0.8887, val_ap 0.5376, minutes 16.04, lr 5.00e-04
    epoch 35: loss 0.8762, val_ap 0.5421, minutes 16.49, lr 5.00e-04
    epoch 36: loss 0.8814, val_ap 0.5350, minutes 16.99, lr 5.00e-04
    epoch 37: loss 0.8726, val_ap 0.5363, minutes 17.43, lr 5.00e-04
    epoch 38: loss 0.8703, val_ap 0.5417, minutes 17.89, lr 5.00e-04
    epoch 39: loss 0.8696, val_ap 0.5436, minutes 18.4, lr 5.00e-04
    epoch 40: loss 0.8767, val_ap 0.5438, minutes 18.85, lr 5.00e-04
    epoch 41: loss 0.8722, val_ap 0.5533, minutes 19.37, lr 5.00e-04
    epoch 42: loss 0.8512, val_ap 0.5475, minutes 19.82, lr 5.00e-04
    epoch 43: loss 0.8560, val_ap 0.5508, minutes 20.34, lr 5.00e-04
    epoch 44: loss 0.8603, val_ap 0.5483, minutes 20.81, lr 5.00e-04
    epoch 45: loss 0.8737, val_ap 0.5460, minutes 21.27, lr 5.00e-04
    epoch 46: loss 0.8652, val_ap 0.5478, minutes 21.76, lr 5.00e-04
    epoch 47: loss 0.8646, val_ap 0.5482, minutes 22.23, lr 5.00e-04
    epoch 48: loss 0.8575, val_ap 0.5482, minutes 22.68, lr 5.00e-04
    epoch 49: loss 0.8499, val_ap 0.5507, minutes 23.17, lr 5.00e-04
    epoch 50: loss 0.8564, val_ap 0.5463, minutes 23.68, lr 2.50e-04
    epoch 51: loss 0.8317, val_ap 0.5475, minutes 24.16, lr 2.50e-04
    epoch 52: loss 0.8306, val_ap 0.5499, minutes 24.72, lr 2.50e-04
    epoch 53: loss 0.8356, val_ap 0.5511, minutes 25.16, lr 2.50e-04
    epoch 54: loss 0.8300, val_ap 0.5504, minutes 25.65, lr 2.50e-04
    epoch 55: loss 0.8315, val_ap 0.5543, minutes 26.11, lr 2.50e-04
    epoch 56: loss 0.8126, val_ap 0.5484, minutes 26.54, lr 2.50e-04
    epoch 57: loss 0.8307, val_ap 0.5510, minutes 27.04, lr 2.50e-04
    epoch 58: loss 0.8160, val_ap 0.5557, minutes 27.48, lr 2.50e-04
    epoch 59: loss 0.8227, val_ap 0.5582, minutes 28.03, lr 2.50e-04
    epoch 60: loss 0.8174, val_ap 0.5484, minutes 28.51, lr 2.50e-04
    epoch 61: loss 0.8222, val_ap 0.5592, minutes 29.0, lr 2.50e-04
    epoch 62: loss 0.8126, val_ap 0.5553, minutes 29.54, lr 2.50e-04
    epoch 63: loss 0.8042, val_ap 0.5574, minutes 30.0, lr 2.50e-04
    epoch 64: loss 0.8245, val_ap 0.5616, minutes 30.53, lr 2.50e-04
    epoch 65: loss 0.8065, val_ap 0.5549, minutes 31.01, lr 2.50e-04
    epoch 66: loss 0.8251, val_ap 0.5624, minutes 31.5, lr 2.50e-04
    epoch 67: loss 0.8071, val_ap 0.5580, minutes 31.94, lr 2.50e-04
    epoch 68: loss 0.8097, val_ap 0.5605, minutes 32.39, lr 2.50e-04
    epoch 69: loss 0.8108, val_ap 0.5632, minutes 32.9, lr 2.50e-04
    epoch 70: loss 0.8044, val_ap 0.5635, minutes 33.37, lr 2.50e-04
    epoch 71: loss 0.8084, val_ap 0.5636, minutes 33.86, lr 2.50e-04
    epoch 72: loss 0.8128, val_ap 0.5539, minutes 34.36, lr 2.50e-04
    epoch 73: loss 0.8094, val_ap 0.5638, minutes 34.84, lr 2.50e-04
    epoch 74: loss 0.8034, val_ap 0.5662, minutes 35.29, lr 2.50e-04
    epoch 75: loss 0.8032, val_ap 0.5629, minutes 35.74, lr 2.50e-04
    epoch 76: loss 0.8028, val_ap 0.5679, minutes 36.21, lr 2.50e-04
    epoch 77: loss 0.7976, val_ap 0.5691, minutes 36.68, lr 2.50e-04
    epoch 78: loss 0.7892, val_ap 0.5637, minutes 37.14, lr 2.50e-04
    epoch 79: loss 0.8010, val_ap 0.5612, minutes 37.61, lr 2.50e-04
    epoch 80: loss 0.7914, val_ap 0.5684, minutes 38.12, lr 2.50e-04
    epoch 81: loss 0.7870, val_ap 0.5686, minutes 38.58, lr 2.50e-04
    epoch 82: loss 0.7992, val_ap 0.5611, minutes 39.07, lr 2.50e-04
    epoch 83: loss 0.7934, val_ap 0.5656, minutes 39.5, lr 2.50e-04
    epoch 84: loss 0.7874, val_ap 0.5678, minutes 39.97, lr 2.50e-04
    epoch 85: loss 0.7903, val_ap 0.5675, minutes 40.43, lr 2.50e-04
    epoch 86: loss 0.7884, val_ap 0.5667, minutes 40.89, lr 1.25e-04
    epoch 87: loss 0.7937, val_ap 0.5725, minutes 41.38, lr 1.25e-04
    epoch 88: loss 0.7829, val_ap 0.5704, minutes 41.85, lr 1.25e-04
    epoch 89: loss 0.7758, val_ap 0.5688, minutes 42.34, lr 1.25e-04
    epoch 90: loss 0.7855, val_ap 0.5708, minutes 42.79, lr 1.25e-04
    epoch 91: loss 0.7696, val_ap 0.5715, minutes 43.26, lr 1.25e-04
    epoch 92: loss 0.8466, val_ap 0.5724, minutes 43.71, lr 1.25e-04
    epoch 93: loss 0.8452, val_ap 0.5720, minutes 44.16, lr 1.25e-04
    epoch 94: loss 0.7797, val_ap 0.5718, minutes 44.63, lr 1.25e-04
    epoch 95: loss 0.7681, val_ap 0.5742, minutes 45.1, lr 1.25e-04
    epoch 96: loss 0.7756, val_ap 0.5721, minutes 45.59, lr 1.25e-04
    epoch 97: loss 0.7777, val_ap 0.5744, minutes 46.11, lr 1.25e-04
    epoch 98: loss 0.7772, val_ap 0.5740, minutes 46.6, lr 1.25e-04
    epoch 99: loss 0.7596, val_ap 0.5747, minutes 47.08, lr 1.25e-04
    epoch 100: loss 0.7761, val_ap 0.5743, minutes 47.56, lr 1.25e-04
    epoch 101: loss 0.7795, val_ap 0.5758, minutes 48.01, lr 1.25e-04
    epoch 102: loss 0.7809, val_ap 0.5787, minutes 48.49, lr 1.25e-04
    epoch 103: loss 0.7720, val_ap 0.5753, minutes 48.92, lr 1.25e-04
    epoch 104: loss 0.7690, val_ap 0.5753, minutes 49.44, lr 1.25e-04
    epoch 105: loss 0.7544, val_ap 0.5776, minutes 49.92, lr 1.25e-04
    epoch 106: loss 0.7728, val_ap 0.5718, minutes 50.43, lr 1.25e-04
    epoch 107: loss 0.7727, val_ap 0.5775, minutes 50.9, lr 1.25e-04
    epoch 108: loss 0.7690, val_ap 0.5765, minutes 51.38, lr 1.25e-04
    epoch 109: loss 0.7577, val_ap 0.5769, minutes 51.85, lr 1.25e-04
    epoch 110: loss 0.7655, val_ap 0.5757, minutes 52.33, lr 1.25e-04
    epoch 111: loss 0.7612, val_ap 0.5746, minutes 52.78, lr 6.25e-05
    epoch 112: loss 0.7474, val_ap 0.5725, minutes 53.24, lr 6.25e-05
    epoch 113: loss 0.7734, val_ap 0.5770, minutes 53.75, lr 6.25e-05
    epoch 114: loss 0.7587, val_ap 0.5757, minutes 54.26, lr 6.25e-05
    epoch 115: loss 0.7669, val_ap 0.5763, minutes 54.77, lr 6.25e-05
    epoch 116: loss 0.7656, val_ap 0.5778, minutes 55.25, lr 6.25e-05
    epoch 117: loss 0.7605, val_ap 0.5778, minutes 55.74, lr 6.25e-05
    epoch 118: loss 0.7836, val_ap 0.5749, minutes 56.23, lr 6.25e-05
    epoch 119: loss 0.7610, val_ap 0.5753, minutes 56.71, lr 6.25e-05
    epoch 120: loss 0.7732, val_ap 0.5767, minutes 57.16, lr 3.13e-05
    epoch 121: loss 0.7618, val_ap 0.5765, minutes 57.59, lr 3.13e-05
    epoch 122: loss 0.7529, val_ap 0.5763, minutes 58.09, lr 3.13e-05
    epoch 123: loss 0.7758, val_ap 0.5773, minutes 58.55, lr 3.13e-05
    epoch 124: loss 0.7599, val_ap 0.5758, minutes 59.04, lr 3.13e-05
    epoch 125: loss 0.7675, val_ap 0.5765, minutes 59.54, lr 3.13e-05
    epoch 126: loss 0.7502, val_ap 0.5764, minutes 60.06, lr 3.13e-05
    epoch 127: loss 0.7531, val_ap 0.5757, minutes 60.54, lr 3.13e-05
    stopping: no validation gain in 25 epochs
[h2gcn_aux dataset0 fold 2 seed 1] done (61.3 min)
