loaded: dataset0 121,838 sites, data1 90,452
[fk_band_shuffled pooled_both fold 4 seed 2]
    band weights [0.402, 0.362, 0.236] (bands ((0, 30), (30, 75), (75, 150)))
    epoch 1: loss 1.9101, val_ap 0.1586, minutes 0.83, lr 3.31e-04
    epoch 2: loss 1.5563, val_ap 0.3219, minutes 1.64, lr 6.60e-04
    epoch 3: loss 1.3913, val_ap 0.4445, minutes 2.54, lr 9.89e-04
    epoch 4: loss 1.3069, val_ap 0.4769, minutes 3.48, lr 1.00e-03
    epoch 5: loss 1.2547, val_ap 0.4865, minutes 4.4, lr 1.00e-03
    epoch 6: loss 1.2346, val_ap 0.4893, minutes 5.35, lr 1.00e-03
    epoch 7: loss 1.2225, val_ap 0.4899, minutes 6.31, lr 1.00e-03
    epoch 8: loss 1.2207, val_ap 0.4922, minutes 7.25, lr 1.00e-03
    epoch 9: loss 1.2096, val_ap 0.5002, minutes 8.17, lr 1.00e-03
    epoch 10: loss 1.2084, val_ap 0.5021, minutes 9.07, lr 1.00e-03
    epoch 11: loss 1.2007, val_ap 0.5043, minutes 9.91, lr 1.00e-03
    epoch 12: loss 1.1972, val_ap 0.5046, minutes 10.82, lr 1.00e-03
    epoch 13: loss 1.2000, val_ap 0.5021, minutes 11.7, lr 1.00e-03
    epoch 14: loss 1.1769, val_ap 0.5050, minutes 12.57, lr 1.00e-03
    epoch 15: loss 1.1687, val_ap 0.5073, minutes 13.44, lr 1.00e-03
    epoch 16: loss 1.1700, val_ap 0.5001, minutes 14.28, lr 1.00e-03
    epoch 17: loss 1.1681, val_ap 0.5031, minutes 15.13, lr 1.00e-03
    epoch 18: loss 1.1598, val_ap 0.5077, minutes 16.02, lr 1.00e-03
    epoch 19: loss 1.1649, val_ap 0.5038, minutes 16.93, lr 1.00e-03
    epoch 20: loss 1.1557, val_ap 0.5080, minutes 17.88, lr 1.00e-03
    epoch 21: loss 1.1513, val_ap 0.5103, minutes 18.78, lr 1.00e-03
    epoch 22: loss 1.1439, val_ap 0.5095, minutes 19.71, lr 1.00e-03
    epoch 23: loss 1.1474, val_ap 0.5057, minutes 20.61, lr 1.00e-03
    epoch 24: loss 1.1409, val_ap 0.5050, minutes 21.47, lr 1.00e-03
    epoch 25: loss 1.1471, val_ap 0.5063, minutes 22.34, lr 1.00e-03
    epoch 26: loss 1.1449, val_ap 0.5083, minutes 23.2, lr 1.00e-03
    epoch 27: loss 1.1303, val_ap 0.5126, minutes 24.09, lr 1.00e-03
    epoch 28: loss 1.1298, val_ap 0.5011, minutes 24.96, lr 1.00e-03
    epoch 29: loss 1.1276, val_ap 0.5025, minutes 25.84, lr 1.00e-03
    epoch 30: loss 1.1290, val_ap 0.5086, minutes 26.72, lr 1.00e-03
    epoch 31: loss 1.1199, val_ap 0.5083, minutes 27.64, lr 1.00e-03
    epoch 32: loss 1.1137, val_ap 0.5103, minutes 28.57, lr 1.00e-03
    epoch 33: loss 1.1095, val_ap 0.5119, minutes 29.5, lr 1.00e-03
    epoch 34: loss 1.1020, val_ap 0.4934, minutes 30.42, lr 1.00e-03
    epoch 35: loss 1.1051, val_ap 0.5127, minutes 31.28, lr 1.00e-03
    epoch 36: loss 1.0973, val_ap 0.5085, minutes 32.17, lr 1.00e-03
    epoch 37: loss 1.0970, val_ap 0.5068, minutes 33.08, lr 1.00e-03
    epoch 38: loss 1.0897, val_ap 0.4971, minutes 34.03, lr 1.00e-03
    epoch 39: loss 1.0964, val_ap 0.4985, minutes 34.95, lr 1.00e-03
    epoch 40: loss 1.0919, val_ap 0.5024, minutes 35.84, lr 1.00e-03
    epoch 41: loss 1.0914, val_ap 0.4929, minutes 36.73, lr 1.00e-03
    epoch 42: loss 1.0788, val_ap 0.5138, minutes 37.62, lr 1.00e-03
    epoch 43: loss 1.0739, val_ap 0.5149, minutes 38.52, lr 1.00e-03
    epoch 44: loss 1.0880, val_ap 0.5138, minutes 39.39, lr 1.00e-03
    epoch 45: loss 1.0697, val_ap 0.5115, minutes 40.15, lr 1.00e-03
    epoch 46: loss 1.0793, val_ap 0.5096, minutes 40.96, lr 1.00e-03
    epoch 47: loss 1.0660, val_ap 0.5084, minutes 41.81, lr 1.00e-03
    epoch 48: loss 1.0561, val_ap 0.5080, minutes 42.62, lr 1.00e-03
    epoch 49: loss 1.0626, val_ap 0.5055, minutes 43.45, lr 1.00e-03
    epoch 50: loss 1.0556, val_ap 0.5043, minutes 44.25, lr 1.00e-03
    epoch 51: loss 1.0434, val_ap 0.5052, minutes 45.07, lr 1.00e-03
    epoch 52: loss 1.0505, val_ap 0.5109, minutes 45.91, lr 5.00e-04
    epoch 53: loss 1.0311, val_ap 0.5147, minutes 46.77, lr 5.00e-04
    epoch 54: loss 1.0242, val_ap 0.5138, minutes 47.62, lr 5.00e-04
    epoch 55: loss 1.0140, val_ap 0.5029, minutes 48.44, lr 5.00e-04
    epoch 56: loss 1.0190, val_ap 0.5125, minutes 49.24, lr 5.00e-04
    epoch 57: loss 1.0112, val_ap 0.5087, minutes 50.06, lr 5.00e-04
    epoch 58: loss 1.0149, val_ap 0.4992, minutes 50.82, lr 5.00e-04
    epoch 59: loss 1.0152, val_ap 0.5043, minutes 51.62, lr 5.00e-04
    epoch 60: loss 1.0059, val_ap 0.4952, minutes 52.38, lr 5.00e-04
    epoch 61: loss 1.0017, val_ap 0.5019, minutes 53.17, lr 2.50e-04
    epoch 62: loss 0.9828, val_ap 0.5062, minutes 53.97, lr 2.50e-04
    epoch 63: loss 0.9853, val_ap 0.5065, minutes 54.81, lr 2.50e-04
    epoch 64: loss 0.9815, val_ap 0.5026, minutes 55.63, lr 2.50e-04
    epoch 65: loss 0.9819, val_ap 0.4977, minutes 56.46, lr 2.50e-04
    epoch 66: loss 0.9818, val_ap 0.4971, minutes 57.3, lr 2.50e-04
    epoch 67: loss 0.9757, val_ap 0.5022, minutes 58.15, lr 2.50e-04
    epoch 68: loss 0.9832, val_ap 0.5021, minutes 58.98, lr 2.50e-04
    stopping: no validation gain in 25 epochs
[fk_band_shuffled pooled_both fold 4 seed 2] done (59.7 min)
