loaded: dataset0 121,838 sites, data1 90,452
[set_transformer pooled_both fold 1 seed 2]
    epoch 1: loss 1.0544710142156597, minutes 2.73, val_ap 0.3856075244694672, lr 0.00033389734912577554
    epoch 2: loss 0.917508744144601, minutes 6.1, val_ap 0.4080057351981072, lr 0.0006672306824591089
    epoch 3: loss 0.8861303477218712, minutes 9.51, val_ap 0.41888773203012447, lr 0.001
    epoch 4: loss 0.8695133378864747, minutes 12.87, val_ap 0.4140840230377172, lr 0.001
    epoch 5: loss 0.8541622111438293, minutes 16.21, val_ap 0.4271071985334121, lr 0.001
    epoch 6: loss 0.8466763562458219, minutes 19.58, val_ap 0.4427376488935728, lr 0.001
    epoch 7: loss 0.8402268720157255, minutes 23.16, val_ap 0.4384223197233283, lr 0.001
    epoch 8: loss 0.836623342610051, minutes 26.57, val_ap 0.43432049678089596, lr 0.001
    epoch 9: loss 0.8324227568562664, minutes 29.95, val_ap 0.43611467222976774, lr 0.001
    epoch 10: loss 0.8269269352435259, minutes 33.3, val_ap 0.4279549202392199, lr 0.001
    epoch 11: loss 0.8271974900047186, minutes 36.74, val_ap 0.4227164806893422, lr 0.001
    epoch 12: loss 0.8205813013155852, minutes 40.08, val_ap 0.4423700745463842, lr 0.001
    epoch 13: loss 0.8189407770605458, minutes 43.43, val_ap 0.4305370123394989, lr 0.001
    epoch 14: loss 0.8168329489614354, minutes 46.76, val_ap 0.44069646452996303, lr 0.001
    epoch 15: loss 0.8128922434930269, minutes 49.98, val_ap 0.43900884231372, lr 0.0005
    epoch 16: loss 0.7888357562663794, minutes 53.29, val_ap 0.44847319982680084, lr 0.0005
    epoch 17: loss 0.7863429174104519, minutes 56.72, val_ap 0.44928766659009906, lr 0.0005
    epoch 18: loss 0.7797773026068602, minutes 60.03, val_ap 0.44983486309023685, lr 0.0005
    epoch 19: loss 0.7744094956344759, minutes 63.46, val_ap 0.450015835650767, lr 0.0005
    epoch 20: loss 0.7715443039404357, minutes 66.72, val_ap 0.45578339173489624, lr 0.0005
    epoch 21: loss 0.7665687644643026, minutes 70.01, val_ap 0.45194779692909826, lr 0.0005
    epoch 22: loss 0.7682379888600706, minutes 73.33, val_ap 0.4534600476544508, lr 0.0005
    epoch 23: loss 0.7632731007642148, minutes 76.65, val_ap 0.46257053044240887, lr 0.0005
    epoch 24: loss 0.763929019775084, minutes 79.96, val_ap 0.4616793790644871, lr 0.0005
    epoch 25: loss 0.7531669468645719, minutes 83.23, val_ap 0.4563510261629199, lr 0.0005
    epoch 26: loss 0.7500029675246496, minutes 86.57, val_ap 0.45670988152565056, lr 0.0005
    epoch 27: loss 0.7499995576548697, minutes 89.8, val_ap 0.4570057864808879, lr 0.0005
    epoch 28: loss 0.7454415535563745, minutes 93.05, val_ap 0.4630183790060352, lr 0.0005
    epoch 29: loss 0.7445169509768285, minutes 96.33, val_ap 0.4548882685559689, lr 0.0005
    epoch 30: loss 0.7431727760233452, minutes 99.53, val_ap 0.46307572010359227, lr 0.0005
    epoch 31: loss 0.7406214845765464, minutes 102.77, val_ap 0.4579734042592959, lr 0.0005
    epoch 32: loss 0.736605408429696, minutes 105.91, val_ap 0.45924319594227475, lr 0.0005
    epoch 33: loss 0.7289456171432728, minutes 109.13, val_ap 0.46254629314369305, lr 0.0005
    epoch 34: loss 0.7248792429462504, minutes 112.33, val_ap 0.4643740997706277, lr 0.0005
    epoch 35: loss 0.7246052114491536, minutes 115.47, val_ap 0.4682089213441766, lr 0.0005
    epoch 36: loss 0.7215447462653952, minutes 118.65, val_ap 0.4667705402184597, lr 0.0005
    epoch 37: loss 0.7200867344078478, minutes 121.83, val_ap 0.46050650466348575, lr 0.0005
    epoch 38: loss 0.7147566180442997, minutes 124.92, val_ap 0.4629527365029252, lr 0.0005
    epoch 39: loss 0.7090704528813435, minutes 128.03, val_ap 0.45725225192486246, lr 0.0005
    epoch 40: loss 0.7058003329988664, minutes 131.16, val_ap 0.4632832498030198, lr 0.0005
    epoch 41: loss 0.7065325159005909, minutes 134.18, val_ap 0.4564426724115381, lr 0.0005
    epoch 42: loss 0.6987605094909668, minutes 137.23, val_ap 0.4642663609216966, lr 0.0005
    epoch 43: loss 0.7001556298756962, minutes 140.26, val_ap 0.4582243914237018, lr 0.0005
    epoch 44: loss 0.6876992180867849, minutes 143.31, val_ap 0.45415293680667274, lr 0.00025
    epoch 45: loss 0.6648931525988022, minutes 146.4, val_ap 0.4652961102824045, lr 0.00025
    epoch 46: loss 0.657281886401717, minutes 149.39, val_ap 0.4621560922206848, lr 0.00025
    epoch 47: loss 0.6501201600491899, minutes 152.41, val_ap 0.46400366625452405, lr 0.00025
    epoch 48: loss 0.6482743430258658, minutes 155.49, val_ap 0.47473154117201954, lr 0.00025
    epoch 49: loss 0.6484224927909483, minutes 158.42, val_ap 0.46865293171026146, lr 0.00025
    epoch 50: loss 0.6451274374414822, minutes 161.44, val_ap 0.46191179842986385, lr 0.00025
    epoch 51: loss 0.6393077193480458, minutes 164.4, val_ap 0.4581077089242156, lr 0.00025
    epoch 52: loss 0.6367516403674273, minutes 167.32, val_ap 0.4526412671485561, lr 0.00025
    epoch 53: loss 0.6360233511315586, minutes 170.28, val_ap 0.4568967581010658, lr 0.00025
    epoch 54: loss 0.6298283282068579, minutes 173.2, val_ap 0.45135518020891857, lr 0.00025
    epoch 55: loss 0.6308449396324641, minutes 176.15, val_ap 0.4490693019922059, lr 0.00025
    epoch 56: loss 0.6189014748268321, minutes 179.05, val_ap 0.4536606299969195, lr 0.00025
    epoch 57: loss 0.6193320083537481, minutes 181.92, val_ap 0.44485115075595233, lr 0.000125
    epoch 58: loss 0.5995192041655281, minutes 184.77, val_ap 0.4521940232915877, lr 0.000125
    epoch 59: loss 0.5908631651131231, minutes 187.65, val_ap 0.4492772717719622, lr 0.000125
    epoch 60: loss 0.5912584154638139, minutes 190.5, val_ap 0.4459109719790165, lr 0.000125
    epoch 61: loss 0.5916848568444325, minutes 193.36, val_ap 0.44579796136976246, lr 0.000125
    epoch 62: loss 0.5839570052228401, minutes 196.15, val_ap 0.4416793607247106, lr 0.000125
    epoch 63: loss 0.5869527464187286, minutes 198.97, val_ap 0.44845065984757415, lr 0.000125
    epoch 64: loss 0.5863613082370177, minutes 201.81, val_ap 0.4440303437479873, lr 0.000125
    epoch 65: loss 0.5843728655687646, minutes 204.66, val_ap 0.4466257082123145, lr 0.000125
    epoch 66: loss 0.5799889618975257, minutes 207.62, val_ap 0.4406435727151087, lr 6.25e-05
    epoch 67: loss 0.5688016286053633, minutes 210.5, val_ap 0.4387482947480813, lr 6.25e-05
    epoch 68: loss 0.5638399434775467, minutes 213.38, val_ap 0.4366022113719837, lr 6.25e-05
    epoch 69: loss 0.562973158159837, minutes 216.18, val_ap 0.4366896663558709, lr 6.25e-05
    epoch 70: loss 0.5677961514484257, minutes 219.05, val_ap 0.4405343741206807, lr 6.25e-05
    epoch 71: loss 0.5622581296463303, minutes 221.93, val_ap 0.43353576653329134, lr 6.25e-05
    epoch 72: loss 0.5612755044664425, minutes 224.77, val_ap 0.43909480355598113, lr 6.25e-05
    stopping: no validation gain in 25 epochs
[set_transformer pooled_both fold 1 seed 2] done (229.2 min)
