loaded: dataset0 121,838 sites, data1 90,452
[h2gcn_local pooled_both fold 0 seed 2]
    epoch 1: loss 1.2547, val_ap 0.2023, minutes 0.97, lr 3.31e-04
    epoch 2: loss 1.0107, val_ap 0.3159, minutes 1.88, lr 6.60e-04
    epoch 3: loss 0.9069, val_ap 0.3845, minutes 2.73, lr 9.89e-04
    epoch 4: loss 0.8551, val_ap 0.3995, minutes 3.61, lr 1.00e-03
    epoch 5: loss 0.8365, val_ap 0.4068, minutes 4.45, lr 1.00e-03
    epoch 6: loss 0.8344, val_ap 0.4065, minutes 5.26, lr 1.00e-03
    epoch 7: loss 0.8186, val_ap 0.4145, minutes 6.06, lr 1.00e-03
    epoch 8: loss 0.8097, val_ap 0.4202, minutes 6.88, lr 1.00e-03
    epoch 9: loss 0.8023, val_ap 0.4313, minutes 7.69, lr 1.00e-03
    epoch 10: loss 0.8042, val_ap 0.4333, minutes 8.46, lr 1.00e-03
    epoch 11: loss 0.7939, val_ap 0.4395, minutes 9.27, lr 1.00e-03
    epoch 12: loss 0.7929, val_ap 0.4492, minutes 10.05, lr 1.00e-03
    epoch 13: loss 0.7858, val_ap 0.4548, minutes 10.84, lr 1.00e-03
    epoch 14: loss 0.7784, val_ap 0.4634, minutes 11.64, lr 1.00e-03
    epoch 15: loss 0.7770, val_ap 0.4519, minutes 12.43, lr 1.00e-03
    epoch 16: loss 0.7752, val_ap 0.4618, minutes 13.19, lr 1.00e-03
    epoch 17: loss 0.7660, val_ap 0.4585, minutes 13.96, lr 1.00e-03
    epoch 18: loss 0.7673, val_ap 0.4591, minutes 14.77, lr 1.00e-03
    epoch 19: loss 0.7526, val_ap 0.4693, minutes 15.56, lr 1.00e-03
    epoch 20: loss 0.7545, val_ap 0.4616, minutes 16.36, lr 1.00e-03
    epoch 21: loss 0.7507, val_ap 0.4769, minutes 17.18, lr 1.00e-03
    epoch 22: loss 0.7526, val_ap 0.4664, minutes 18.02, lr 1.00e-03
    epoch 23: loss 0.7488, val_ap 0.4735, minutes 18.86, lr 1.00e-03
    epoch 24: loss 0.7419, val_ap 0.4776, minutes 19.66, lr 1.00e-03
    epoch 25: loss 0.7349, val_ap 0.4703, minutes 20.42, lr 1.00e-03
    epoch 26: loss 0.7281, val_ap 0.4711, minutes 21.21, lr 1.00e-03
    epoch 27: loss 0.7239, val_ap 0.4632, minutes 21.91, lr 1.00e-03
    epoch 28: loss 0.7200, val_ap 0.4714, minutes 22.65, lr 1.00e-03
    epoch 29: loss 0.7241, val_ap 0.4757, minutes 23.37, lr 1.00e-03
    epoch 30: loss 0.7168, val_ap 0.4779, minutes 24.13, lr 1.00e-03
    epoch 31: loss 0.7143, val_ap 0.4689, minutes 24.87, lr 1.00e-03
    epoch 32: loss 0.7014, val_ap 0.4769, minutes 25.68, lr 1.00e-03
    epoch 33: loss 0.7012, val_ap 0.4792, minutes 26.49, lr 1.00e-03
    epoch 34: loss 0.6997, val_ap 0.4747, minutes 27.3, lr 1.00e-03
    epoch 35: loss 0.6934, val_ap 0.4638, minutes 28.09, lr 1.00e-03
    epoch 36: loss 0.6950, val_ap 0.4773, minutes 28.83, lr 1.00e-03
    epoch 37: loss 0.6874, val_ap 0.4582, minutes 29.59, lr 1.00e-03
    epoch 38: loss 0.6839, val_ap 0.4811, minutes 30.39, lr 1.00e-03
    epoch 39: loss 0.6754, val_ap 0.4615, minutes 31.19, lr 1.00e-03
    epoch 40: loss 0.6705, val_ap 0.4622, minutes 31.92, lr 1.00e-03
    epoch 41: loss 0.6676, val_ap 0.4710, minutes 32.71, lr 1.00e-03
    epoch 42: loss 0.6607, val_ap 0.4660, minutes 33.49, lr 1.00e-03
    epoch 43: loss 0.6597, val_ap 0.4601, minutes 34.22, lr 1.00e-03
    epoch 44: loss 0.6589, val_ap 0.4712, minutes 34.96, lr 1.00e-03
    epoch 45: loss 0.6507, val_ap 0.4653, minutes 35.64, lr 1.00e-03
    epoch 46: loss 0.6434, val_ap 0.4502, minutes 36.37, lr 1.00e-03
    epoch 47: loss 0.6502, val_ap 0.4531, minutes 37.02, lr 5.00e-04
    epoch 48: loss 0.6186, val_ap 0.4623, minutes 37.68, lr 5.00e-04
    epoch 49: loss 0.6118, val_ap 0.4588, minutes 38.24, lr 5.00e-04
    epoch 50: loss 0.6084, val_ap 0.4653, minutes 38.79, lr 5.00e-04
    epoch 51: loss 0.6006, val_ap 0.4499, minutes 39.36, lr 5.00e-04
    epoch 52: loss 0.5962, val_ap 0.4649, minutes 39.95, lr 5.00e-04
    epoch 53: loss 0.5930, val_ap 0.4587, minutes 40.54, lr 5.00e-04
    epoch 54: loss 0.5938, val_ap 0.4625, minutes 41.08, lr 5.00e-04
    epoch 55: loss 0.5866, val_ap 0.4469, minutes 41.56, lr 5.00e-04
    epoch 56: loss 0.5816, val_ap 0.4547, minutes 42.09, lr 2.50e-04
    epoch 57: loss 0.5675, val_ap 0.4516, minutes 42.57, lr 2.50e-04
    epoch 58: loss 0.5690, val_ap 0.4524, minutes 43.04, lr 2.50e-04
    epoch 59: loss 0.5602, val_ap 0.4555, minutes 43.5, lr 2.50e-04
    epoch 60: loss 0.5610, val_ap 0.4504, minutes 43.9, lr 2.50e-04
    epoch 61: loss 0.5572, val_ap 0.4430, minutes 44.3, lr 2.50e-04
    epoch 62: loss 0.5551, val_ap 0.4457, minutes 44.68, lr 2.50e-04
    epoch 63: loss 0.5559, val_ap 0.4518, minutes 45.07, lr 2.50e-04
    stopping: no validation gain in 25 epochs
[h2gcn_local pooled_both fold 0 seed 2] done (45.5 min)
