loaded: dataset0 121,838 sites, data1 90,452
[fk_band pooled_both fold 1 seed 2]
    band weights [0.415, 0.354, 0.231] (bands ((0, 30), (30, 75), (75, 150)))
    epoch 1: loss 1.8933, val_ap 0.1729, minutes 0.75, lr 3.31e-04
    epoch 2: loss 1.5719, val_ap 0.3141, minutes 1.45, lr 6.60e-04
    epoch 3: loss 1.3814, val_ap 0.4346, minutes 2.17, lr 9.89e-04
    epoch 4: loss 1.3027, val_ap 0.4232, minutes 2.82, lr 1.00e-03
    epoch 5: loss 1.2747, val_ap 0.4626, minutes 3.62, lr 1.00e-03
    epoch 6: loss 1.2383, val_ap 0.4688, minutes 4.45, lr 1.00e-03
    epoch 7: loss 1.2329, val_ap 0.4783, minutes 5.27, lr 1.00e-03
    epoch 8: loss 1.2247, val_ap 0.4749, minutes 6.09, lr 1.00e-03
    epoch 9: loss 1.2072, val_ap 0.4819, minutes 6.88, lr 1.00e-03
    epoch 10: loss 1.2087, val_ap 0.4916, minutes 7.61, lr 1.00e-03
    epoch 11: loss 1.1985, val_ap 0.4861, minutes 8.35, lr 1.00e-03
    epoch 12: loss 1.1854, val_ap 0.4915, minutes 9.1, lr 1.00e-03
    epoch 13: loss 1.2015, val_ap 0.4913, minutes 9.83, lr 1.00e-03
    epoch 14: loss 1.1880, val_ap 0.4941, minutes 10.63, lr 1.00e-03
    epoch 15: loss 1.1792, val_ap 0.4865, minutes 11.37, lr 1.00e-03
    epoch 16: loss 1.1670, val_ap 0.4941, minutes 12.15, lr 1.00e-03
    epoch 17: loss 1.1746, val_ap 0.4907, minutes 12.91, lr 1.00e-03
    epoch 18: loss 1.1649, val_ap 0.4966, minutes 13.73, lr 1.00e-03
    epoch 19: loss 1.1593, val_ap 0.4922, minutes 14.48, lr 1.00e-03
    epoch 20: loss 1.1525, val_ap 0.4966, minutes 15.24, lr 1.00e-03
    epoch 21: loss 1.1503, val_ap 0.5006, minutes 15.99, lr 1.00e-03
    epoch 22: loss 1.1434, val_ap 0.5002, minutes 16.77, lr 1.00e-03
    epoch 23: loss 1.1467, val_ap 0.4957, minutes 17.5, lr 1.00e-03
    epoch 24: loss 1.1370, val_ap 0.4915, minutes 18.29, lr 1.00e-03
    epoch 25: loss 1.1327, val_ap 0.4956, minutes 19.07, lr 1.00e-03
    epoch 26: loss 1.1278, val_ap 0.4934, minutes 19.88, lr 1.00e-03
    epoch 27: loss 1.1275, val_ap 0.4922, minutes 20.75, lr 1.00e-03
    epoch 28: loss 1.1195, val_ap 0.4898, minutes 21.55, lr 1.00e-03
    epoch 29: loss 1.1127, val_ap 0.4960, minutes 22.31, lr 1.00e-03
    epoch 30: loss 1.1103, val_ap 0.4986, minutes 23.08, lr 5.00e-04
    epoch 31: loss 1.0976, val_ap 0.4950, minutes 23.87, lr 5.00e-04
    epoch 32: loss 1.0981, val_ap 0.4987, minutes 24.65, lr 5.00e-04
    epoch 33: loss 1.0931, val_ap 0.4981, minutes 25.43, lr 5.00e-04
    epoch 34: loss 1.0903, val_ap 0.4983, minutes 26.2, lr 5.00e-04
    epoch 35: loss 1.0884, val_ap 0.4952, minutes 26.94, lr 5.00e-04
    epoch 36: loss 1.0922, val_ap 0.4957, minutes 27.7, lr 5.00e-04
    epoch 37: loss 1.0853, val_ap 0.4966, minutes 28.47, lr 5.00e-04
    epoch 38: loss 1.0829, val_ap 0.4997, minutes 29.23, lr 5.00e-04
    epoch 39: loss 1.0753, val_ap 0.4975, minutes 29.96, lr 2.50e-04
    epoch 40: loss 1.0649, val_ap 0.4981, minutes 30.74, lr 2.50e-04
    epoch 41: loss 1.0597, val_ap 0.5005, minutes 31.53, lr 2.50e-04
    epoch 42: loss 1.0622, val_ap 0.4999, minutes 32.32, lr 2.50e-04
    epoch 43: loss 1.0632, val_ap 0.5002, minutes 33.11, lr 2.50e-04
    epoch 44: loss 1.0569, val_ap 0.5009, minutes 33.95, lr 2.50e-04
    epoch 45: loss 1.0605, val_ap 0.5032, minutes 34.79, lr 2.50e-04
    epoch 46: loss 1.0567, val_ap 0.5002, minutes 35.5, lr 2.50e-04
    epoch 47: loss 1.0522, val_ap 0.5023, minutes 36.28, lr 2.50e-04
    epoch 48: loss 1.0565, val_ap 0.4998, minutes 37.04, lr 2.50e-04
    epoch 49: loss 1.0542, val_ap 0.5021, minutes 37.8, lr 2.50e-04
    epoch 50: loss 1.0499, val_ap 0.4972, minutes 38.54, lr 2.50e-04
    epoch 51: loss 1.0431, val_ap 0.5010, minutes 39.26, lr 2.50e-04
    epoch 52: loss 1.0543, val_ap 0.5002, minutes 40.01, lr 2.50e-04
    epoch 53: loss 1.0481, val_ap 0.5028, minutes 40.79, lr 2.50e-04
    epoch 54: loss 1.0473, val_ap 0.5011, minutes 41.49, lr 1.25e-04
    epoch 55: loss 1.0370, val_ap 0.4985, minutes 42.22, lr 1.25e-04
    epoch 56: loss 1.0386, val_ap 0.4991, minutes 43.0, lr 1.25e-04
    epoch 57: loss 1.0321, val_ap 0.4987, minutes 43.8, lr 1.25e-04
    epoch 58: loss 1.0384, val_ap 0.4987, minutes 44.62, lr 1.25e-04
    epoch 59: loss 1.0370, val_ap 0.5016, minutes 45.38, lr 1.25e-04
    epoch 60: loss 1.0352, val_ap 0.4992, minutes 46.1, lr 1.25e-04
    epoch 61: loss 1.0293, val_ap 0.5007, minutes 46.82, lr 1.25e-04
    epoch 62: loss 1.0252, val_ap 0.4985, minutes 47.59, lr 1.25e-04
    epoch 63: loss 1.0350, val_ap 0.5016, minutes 48.34, lr 6.25e-05
    epoch 64: loss 1.0266, val_ap 0.5005, minutes 49.16, lr 6.25e-05
    epoch 65: loss 1.0257, val_ap 0.4989, minutes 49.92, lr 6.25e-05
    epoch 66: loss 1.0290, val_ap 0.5003, minutes 50.65, lr 6.25e-05
    epoch 67: loss 1.0259, val_ap 0.5001, minutes 51.33, lr 6.25e-05
    epoch 68: loss 1.0247, val_ap 0.5003, minutes 52.06, lr 6.25e-05
    epoch 69: loss 1.0275, val_ap 0.4980, minutes 52.83, lr 6.25e-05
    epoch 70: loss 1.0227, val_ap 0.4975, minutes 53.57, lr 6.25e-05
    stopping: no validation gain in 25 epochs
[fk_band pooled_both fold 1 seed 2] done (54.4 min)
