loaded: dataset0 121,838 sites, data1 90,452
[deepset dataset0 fold 2 seed 2]
    epoch 1: loss 1.1793014186655166, minutes 0.17, val_ap 0.265635832322877, lr 0.00033429672447013486
    epoch 2: loss 0.8770176841516715, minutes 0.35, val_ap 0.42435234942227534, lr 0.0006676300578034682
    epoch 3: loss 0.7990569419771261, minutes 0.54, val_ap 0.47653096587902655, lr 0.001
    epoch 4: loss 0.7532860893390082, minutes 0.73, val_ap 0.4725006010066782, lr 0.001
    epoch 5: loss 0.7257225332577104, minutes 0.91, val_ap 0.4992920949973676, lr 0.001
    epoch 6: loss 0.7160479809679737, minutes 1.07, val_ap 0.48520306241174455, lr 0.001
    epoch 7: loss 0.7060796112855735, minutes 1.25, val_ap 0.498727167698506, lr 0.001
    epoch 8: loss 0.6960118388854011, minutes 1.43, val_ap 0.5028265977587507, lr 0.001
    epoch 9: loss 0.6930825252064391, minutes 1.6, val_ap 0.4980478054900509, lr 0.001
    epoch 10: loss 0.6909137429357264, minutes 1.79, val_ap 0.5037992291797351, lr 0.001
    epoch 11: loss 0.6791697957612186, minutes 1.97, val_ap 0.5003900769331798, lr 0.001
    epoch 12: loss 0.6734622685034151, minutes 2.15, val_ap 0.5158079396868505, lr 0.001
    epoch 13: loss 0.6643521588489499, minutes 2.34, val_ap 0.5150029837358688, lr 0.001
    epoch 14: loss 0.6715498766458103, minutes 2.53, val_ap 0.5124558712713401, lr 0.001
    epoch 15: loss 0.655464481239374, minutes 2.71, val_ap 0.525496884446034, lr 0.001
    epoch 16: loss 0.6598304781438298, minutes 2.9, val_ap 0.5281516512730311, lr 0.001
    epoch 17: loss 0.6556005859478361, minutes 3.09, val_ap 0.5308007795938037, lr 0.001
    epoch 18: loss 0.653177170438229, minutes 3.28, val_ap 0.5238645733125173, lr 0.001
    epoch 19: loss 0.6488763925140304, minutes 3.46, val_ap 0.5341068828281303, lr 0.001
    epoch 20: loss 0.6439227501436465, minutes 3.65, val_ap 0.5306873952104368, lr 0.001
    epoch 21: loss 0.6329479632694597, minutes 3.84, val_ap 0.5362633708721334, lr 0.001
    epoch 22: loss 0.631209034795706, minutes 4.03, val_ap 0.533734398102852, lr 0.001
    epoch 23: loss 0.6325000821682759, minutes 4.22, val_ap 0.5499494601703143, lr 0.001
    epoch 24: loss 0.6209262512150527, minutes 4.4, val_ap 0.5355828443489993, lr 0.001
    epoch 25: loss 0.6284032212516476, minutes 4.59, val_ap 0.5505914879477619, lr 0.001
    epoch 26: loss 0.6243943991516366, minutes 4.76, val_ap 0.5364492013641812, lr 0.001
    epoch 27: loss 0.6141940485363062, minutes 4.95, val_ap 0.5299059593236152, lr 0.001
    epoch 28: loss 0.6272395998239517, minutes 5.14, val_ap 0.5513210519473378, lr 0.001
    epoch 29: loss 0.612967578834192, minutes 5.33, val_ap 0.5571781829484844, lr 0.001
    epoch 30: loss 0.6097696411902505, minutes 5.52, val_ap 0.5475358007348714, lr 0.001
    epoch 31: loss 0.6054156635796404, minutes 5.71, val_ap 0.5411459754316379, lr 0.001
    epoch 32: loss 0.6064810601273024, minutes 5.9, val_ap 0.5533605866875416, lr 0.001
    epoch 33: loss 0.6057246816640645, minutes 6.07, val_ap 0.5364736955562672, lr 0.001
    epoch 34: loss 0.5961679275325268, minutes 6.25, val_ap 0.5510743911804467, lr 0.001
    epoch 35: loss 0.5936428011325053, minutes 6.44, val_ap 0.546711426930461, lr 0.001
    epoch 36: loss 0.5885213064837318, minutes 6.63, val_ap 0.5554672603194809, lr 0.001
    epoch 37: loss 0.59479896289248, minutes 6.82, val_ap 0.5651541469520874, lr 0.001
    epoch 38: loss 0.5838519697416724, minutes 7.01, val_ap 0.5591180052042929, lr 0.001
    epoch 39: loss 0.5930089948408176, minutes 7.17, val_ap 0.5495272905466062, lr 0.001
    epoch 40: loss 0.5874838487089025, minutes 7.36, val_ap 0.5495942084988977, lr 0.001
    epoch 41: loss 0.5741080237778625, minutes 7.54, val_ap 0.547151769112845, lr 0.001
    epoch 42: loss 0.5879268045887093, minutes 7.72, val_ap 0.538529025579118, lr 0.001
    epoch 43: loss 0.5853829458786574, minutes 7.91, val_ap 0.5477821551366637, lr 0.001
    epoch 44: loss 0.5788017696986308, minutes 8.1, val_ap 0.5548180562674401, lr 0.001
    epoch 45: loss 0.5717885724209637, minutes 8.27, val_ap 0.5670254217259496, lr 0.001
    epoch 46: loss 0.5743233263492584, minutes 8.47, val_ap 0.5541064960533192, lr 0.001
    epoch 47: loss 0.5662591086991261, minutes 8.67, val_ap 0.550842788677334, lr 0.001
    epoch 48: loss 0.5740030565530578, minutes 8.86, val_ap 0.5545440203533637, lr 0.001
    epoch 49: loss 0.5664550402777733, minutes 9.06, val_ap 0.5536358799107799, lr 0.001
    epoch 50: loss 0.5656813285771133, minutes 9.25, val_ap 0.5393068655221104, lr 0.001
    epoch 51: loss 0.5536180926282281, minutes 9.44, val_ap 0.5607393657984747, lr 0.001
    epoch 52: loss 0.5749481854411219, minutes 9.63, val_ap 0.5632934550697194, lr 0.001
    epoch 53: loss 0.5578760835476694, minutes 9.82, val_ap 0.5420884306851684, lr 0.001
    epoch 54: loss 0.5535484453329461, minutes 10.0, val_ap 0.549749889675043, lr 0.0005
    epoch 55: loss 0.5371453953702325, minutes 10.19, val_ap 0.5572741758911733, lr 0.0005
    epoch 56: loss 0.5182296513994306, minutes 10.37, val_ap 0.553788512217012, lr 0.0005
    epoch 57: loss 0.5328968688845634, minutes 10.56, val_ap 0.5535908168824153, lr 0.0005
    epoch 58: loss 0.5200844843780374, minutes 10.75, val_ap 0.5488540333429506, lr 0.0005
    epoch 59: loss 0.5232331514616922, minutes 10.94, val_ap 0.5530585340511849, lr 0.0005
    epoch 60: loss 0.5256755742637408, minutes 11.14, val_ap 0.548112442742934, lr 0.0005
    epoch 61: loss 0.5137535848283354, minutes 11.33, val_ap 0.555509556440231, lr 0.0005
    epoch 62: loss 0.5215710219792548, minutes 11.52, val_ap 0.5471116837432405, lr 0.0005
    epoch 63: loss 0.5180350393918208, minutes 11.72, val_ap 0.5612711348596596, lr 0.00025
    epoch 64: loss 0.5134689261803048, minutes 11.9, val_ap 0.5482688105256517, lr 0.00025
    epoch 65: loss 0.496917451048173, minutes 12.09, val_ap 0.5553391234799634, lr 0.00025
    epoch 66: loss 0.5002346259751761, minutes 12.28, val_ap 0.5546357703185775, lr 0.00025
    epoch 67: loss 0.5079031615501883, minutes 12.44, val_ap 0.5509487636293307, lr 0.00025
    epoch 68: loss 0.5056539825621368, minutes 12.62, val_ap 0.5458590241972429, lr 0.00025
    epoch 69: loss 0.5027085582300418, minutes 12.8, val_ap 0.5519132417860552, lr 0.00025
    stopping: no validation gain in 25 epochs
[deepset dataset0 fold 2 seed 2] done (13.2 min)
