loaded: dataset0 121,838 sites, data1 90,452
[h2gcn_aux pooled_both fold 3 seed 2]
    epoch 1: loss 1.8898, val_ap 0.1619, minutes 0.85, lr 3.31e-04
    epoch 2: loss 1.5346, val_ap 0.3004, minutes 1.72, lr 6.60e-04
    epoch 3: loss 1.4126, val_ap 0.3852, minutes 2.57, lr 9.89e-04
    epoch 4: loss 1.3243, val_ap 0.4234, minutes 3.42, lr 1.00e-03
    epoch 5: loss 1.2739, val_ap 0.4413, minutes 4.3, lr 1.00e-03
    epoch 6: loss 1.2585, val_ap 0.4415, minutes 5.14, lr 1.00e-03
    epoch 7: loss 1.2571, val_ap 0.4438, minutes 5.99, lr 1.00e-03
    epoch 8: loss 1.2306, val_ap 0.4491, minutes 6.76, lr 1.00e-03
    epoch 9: loss 1.2233, val_ap 0.4540, minutes 7.61, lr 1.00e-03
    epoch 10: loss 1.2267, val_ap 0.4608, minutes 8.44, lr 1.00e-03
    epoch 11: loss 1.2090, val_ap 0.4637, minutes 9.35, lr 1.00e-03
    epoch 12: loss 1.2107, val_ap 0.4604, minutes 10.19, lr 1.00e-03
    epoch 13: loss 1.1955, val_ap 0.4686, minutes 10.99, lr 1.00e-03
    epoch 14: loss 1.1992, val_ap 0.4699, minutes 11.87, lr 1.00e-03
    epoch 15: loss 1.1900, val_ap 0.4690, minutes 12.68, lr 1.00e-03
    epoch 16: loss 1.1868, val_ap 0.4749, minutes 13.56, lr 1.00e-03
    epoch 17: loss 1.1889, val_ap 0.4768, minutes 14.41, lr 1.00e-03
    epoch 18: loss 1.1711, val_ap 0.4760, minutes 15.26, lr 1.00e-03
    epoch 19: loss 1.1830, val_ap 0.4820, minutes 16.17, lr 1.00e-03
    epoch 20: loss 1.1667, val_ap 0.4879, minutes 17.01, lr 1.00e-03
    epoch 21: loss 1.1635, val_ap 0.4873, minutes 17.84, lr 1.00e-03
    epoch 22: loss 1.1707, val_ap 0.4868, minutes 18.66, lr 1.00e-03
    epoch 23: loss 1.1590, val_ap 0.4917, minutes 19.49, lr 1.00e-03
    epoch 24: loss 1.1472, val_ap 0.4865, minutes 20.29, lr 1.00e-03
    epoch 25: loss 1.1572, val_ap 0.4966, minutes 21.12, lr 1.00e-03
    epoch 26: loss 1.1502, val_ap 0.4900, minutes 21.95, lr 1.00e-03
    epoch 27: loss 1.1499, val_ap 0.4911, minutes 22.78, lr 1.00e-03
    epoch 28: loss 1.1354, val_ap 0.4986, minutes 23.65, lr 1.00e-03
    epoch 29: loss 1.1292, val_ap 0.5082, minutes 24.47, lr 1.00e-03
    epoch 30: loss 1.1330, val_ap 0.4990, minutes 25.3, lr 1.00e-03
    epoch 31: loss 1.1289, val_ap 0.4935, minutes 26.14, lr 1.00e-03
    epoch 32: loss 1.1206, val_ap 0.5051, minutes 26.96, lr 1.00e-03
    epoch 33: loss 1.1207, val_ap 0.5003, minutes 27.78, lr 1.00e-03
    epoch 34: loss 1.1181, val_ap 0.4932, minutes 28.69, lr 1.00e-03
    epoch 35: loss 1.1142, val_ap 0.5037, minutes 29.5, lr 1.00e-03
    epoch 36: loss 1.1045, val_ap 0.4988, minutes 30.35, lr 1.00e-03
    epoch 37: loss 1.1136, val_ap 0.5012, minutes 31.23, lr 1.00e-03
    epoch 38: loss 1.1021, val_ap 0.5005, minutes 32.18, lr 5.00e-04
    epoch 39: loss 1.0830, val_ap 0.4985, minutes 32.99, lr 5.00e-04
    epoch 40: loss 1.0791, val_ap 0.4988, minutes 33.87, lr 5.00e-04
    epoch 41: loss 1.0725, val_ap 0.4945, minutes 34.82, lr 5.00e-04
    epoch 42: loss 1.0715, val_ap 0.4924, minutes 35.66, lr 5.00e-04
    epoch 43: loss 1.0720, val_ap 0.4989, minutes 36.52, lr 5.00e-04
    epoch 44: loss 1.0628, val_ap 0.4976, minutes 37.38, lr 5.00e-04
    epoch 45: loss 1.0715, val_ap 0.4979, minutes 38.22, lr 5.00e-04
    epoch 46: loss 1.0541, val_ap 0.4958, minutes 39.04, lr 5.00e-04
    epoch 47: loss 1.0618, val_ap 0.5028, minutes 39.86, lr 2.50e-04
    epoch 48: loss 1.0467, val_ap 0.4967, minutes 40.7, lr 2.50e-04
    epoch 49: loss 1.0392, val_ap 0.4960, minutes 41.49, lr 2.50e-04
    epoch 50: loss 1.0422, val_ap 0.4944, minutes 42.31, lr 2.50e-04
    epoch 51: loss 1.0460, val_ap 0.4936, minutes 43.12, lr 2.50e-04
    epoch 52: loss 1.0365, val_ap 0.4975, minutes 43.95, lr 2.50e-04
    epoch 53: loss 1.0345, val_ap 0.4995, minutes 44.77, lr 2.50e-04
    epoch 54: loss 1.0345, val_ap 0.4854, minutes 45.55, lr 2.50e-04
    stopping: no validation gain in 25 epochs
[h2gcn_aux pooled_both fold 3 seed 2] done (46.3 min)
