loaded: dataset0 121,838 sites, data1 90,452
[h2gcn_aux_r100 dataset0 fold 2 seed 2]
    epoch 1: loss 1.9624, val_ap 0.1798, minutes 0.54, lr 3.33e-04
    epoch 2: loss 1.5445, val_ap 0.2745, minutes 1.03, lr 6.63e-04
    epoch 3: loss 1.3425, val_ap 0.4045, minutes 1.62, lr 9.89e-04
    epoch 4: loss 1.2203, val_ap 0.4876, minutes 2.12, lr 1.00e-03
    epoch 5: loss 1.1226, val_ap 0.5058, minutes 2.65, lr 1.00e-03
    epoch 6: loss 1.1024, val_ap 0.5265, minutes 3.18, lr 1.00e-03
    epoch 7: loss 1.0756, val_ap 0.5394, minutes 3.6, lr 1.00e-03
    epoch 8: loss 1.0297, val_ap 0.5530, minutes 4.14, lr 1.00e-03
    epoch 9: loss 1.0242, val_ap 0.5554, minutes 4.64, lr 1.00e-03
    epoch 10: loss 0.9902, val_ap 0.5565, minutes 5.17, lr 1.00e-03
    epoch 11: loss 0.9583, val_ap 0.5615, minutes 5.69, lr 1.00e-03
    epoch 12: loss 0.9852, val_ap 0.5619, minutes 6.19, lr 1.00e-03
    epoch 13: loss 0.9409, val_ap 0.5668, minutes 6.72, lr 1.00e-03
    epoch 14: loss 0.9419, val_ap 0.5744, minutes 7.2, lr 1.00e-03
    epoch 15: loss 0.9376, val_ap 0.5735, minutes 7.68, lr 1.00e-03
    epoch 16: loss 0.9245, val_ap 0.5713, minutes 8.18, lr 1.00e-03
    epoch 17: loss 0.9251, val_ap 0.5750, minutes 8.66, lr 1.00e-03
    epoch 18: loss 0.9170, val_ap 0.5764, minutes 9.15, lr 1.00e-03
    epoch 19: loss 0.9202, val_ap 0.5773, minutes 9.62, lr 1.00e-03
    epoch 20: loss 0.9152, val_ap 0.5798, minutes 10.15, lr 1.00e-03
    epoch 21: loss 0.9008, val_ap 0.5788, minutes 10.67, lr 1.00e-03
    epoch 22: loss 0.9080, val_ap 0.5768, minutes 11.17, lr 1.00e-03
    epoch 23: loss 0.9193, val_ap 0.5753, minutes 11.72, lr 1.00e-03
    epoch 24: loss 0.8892, val_ap 0.5815, minutes 12.22, lr 1.00e-03
    epoch 25: loss 0.8732, val_ap 0.5829, minutes 12.75, lr 1.00e-03
    epoch 26: loss 0.8761, val_ap 0.5828, minutes 13.27, lr 1.00e-03
    epoch 27: loss 0.8759, val_ap 0.5837, minutes 13.78, lr 1.00e-03
    epoch 28: loss 0.8662, val_ap 0.5886, minutes 14.27, lr 1.00e-03
    epoch 29: loss 0.8713, val_ap 0.5884, minutes 14.8, lr 1.00e-03
    epoch 30: loss 0.8702, val_ap 0.5889, minutes 15.33, lr 1.00e-03
    epoch 31: loss 0.8694, val_ap 0.5799, minutes 15.8, lr 1.00e-03
    epoch 32: loss 0.8875, val_ap 0.5842, minutes 16.32, lr 1.00e-03
    epoch 33: loss 0.8846, val_ap 0.5890, minutes 16.82, lr 1.00e-03
    epoch 34: loss 0.8459, val_ap 0.5889, minutes 17.32, lr 1.00e-03
    epoch 35: loss 0.8595, val_ap 0.5910, minutes 17.85, lr 1.00e-03
    epoch 36: loss 0.8434, val_ap 0.5812, minutes 18.37, lr 1.00e-03
    epoch 37: loss 0.8462, val_ap 0.5931, minutes 18.89, lr 1.00e-03
    epoch 38: loss 0.8526, val_ap 0.5893, minutes 19.42, lr 1.00e-03
    epoch 39: loss 0.8521, val_ap 0.5906, minutes 19.95, lr 1.00e-03
    epoch 40: loss 0.8516, val_ap 0.5870, minutes 20.44, lr 1.00e-03
    epoch 41: loss 0.8315, val_ap 0.5835, minutes 20.97, lr 1.00e-03
    epoch 42: loss 0.8319, val_ap 0.5878, minutes 21.48, lr 1.00e-03
    epoch 43: loss 0.8239, val_ap 0.5849, minutes 21.98, lr 1.00e-03
    epoch 44: loss 0.8092, val_ap 0.5884, minutes 22.48, lr 1.00e-03
    epoch 45: loss 0.8142, val_ap 0.5638, minutes 23.0, lr 1.00e-03
    epoch 46: loss 0.8178, val_ap 0.5825, minutes 23.48, lr 5.00e-04
    epoch 47: loss 0.8005, val_ap 0.5887, minutes 23.95, lr 5.00e-04
    epoch 48: loss 0.7845, val_ap 0.5815, minutes 24.42, lr 5.00e-04
    epoch 49: loss 0.7829, val_ap 0.5863, minutes 24.9, lr 5.00e-04
    epoch 50: loss 0.7842, val_ap 0.5812, minutes 25.38, lr 5.00e-04
    epoch 51: loss 0.7664, val_ap 0.5825, minutes 25.83, lr 5.00e-04
    epoch 52: loss 0.7748, val_ap 0.5868, minutes 26.35, lr 5.00e-04
    epoch 53: loss 0.7700, val_ap 0.5853, minutes 26.82, lr 5.00e-04
    epoch 54: loss 0.7810, val_ap 0.5824, minutes 27.27, lr 5.00e-04
    epoch 55: loss 0.7633, val_ap 0.5833, minutes 27.72, lr 2.50e-04
    epoch 56: loss 0.7544, val_ap 0.5843, minutes 28.21, lr 2.50e-04
    epoch 57: loss 0.7553, val_ap 0.5838, minutes 28.63, lr 2.50e-04
    epoch 58: loss 0.7433, val_ap 0.5820, minutes 29.06, lr 2.50e-04
    epoch 59: loss 0.7577, val_ap 0.5840, minutes 29.48, lr 2.50e-04
    epoch 60: loss 0.7558, val_ap 0.5837, minutes 29.9, lr 2.50e-04
    epoch 61: loss 0.7480, val_ap 0.5866, minutes 30.31, lr 2.50e-04
    epoch 62: loss 0.7598, val_ap 0.5849, minutes 30.68, lr 2.50e-04
    stopping: no validation gain in 25 epochs
[h2gcn_aux_r100 dataset0 fold 2 seed 2] done (31.2 min)
