loaded: dataset0 121,838 sites, data1 90,452
[fk_band_shuffled pooled_both fold 1 seed 1]
    band weights [0.415, 0.354, 0.231] (bands ((0, 30), (30, 75), (75, 150)))
    epoch 1: loss 1.9055, val_ap 0.1740, minutes 0.97, lr 3.31e-04
    epoch 2: loss 1.5542, val_ap 0.3322, minutes 1.82, lr 6.60e-04
    epoch 3: loss 1.3682, val_ap 0.4452, minutes 2.6, lr 9.89e-04
    epoch 4: loss 1.2956, val_ap 0.4678, minutes 3.36, lr 1.00e-03
    epoch 5: loss 1.2554, val_ap 0.4755, minutes 4.14, lr 1.00e-03
    epoch 6: loss 1.2328, val_ap 0.4737, minutes 5.02, lr 1.00e-03
    epoch 7: loss 1.2256, val_ap 0.4755, minutes 5.98, lr 1.00e-03
    epoch 8: loss 1.2217, val_ap 0.4873, minutes 6.95, lr 1.00e-03
    epoch 9: loss 1.2184, val_ap 0.4770, minutes 7.95, lr 1.00e-03
    epoch 10: loss 1.2078, val_ap 0.4841, minutes 8.94, lr 1.00e-03
    epoch 11: loss 1.1953, val_ap 0.4828, minutes 9.94, lr 1.00e-03
    epoch 12: loss 1.1991, val_ap 0.4918, minutes 10.91, lr 1.00e-03
    epoch 13: loss 1.1858, val_ap 0.4899, minutes 11.92, lr 1.00e-03
    epoch 14: loss 1.1914, val_ap 0.4940, minutes 12.92, lr 1.00e-03
    epoch 15: loss 1.1990, val_ap 0.4926, minutes 13.89, lr 1.00e-03
    epoch 16: loss 1.1858, val_ap 0.4884, minutes 14.87, lr 1.00e-03
    epoch 17: loss 1.1843, val_ap 0.4910, minutes 15.8, lr 1.00e-03
    epoch 18: loss 1.1683, val_ap 0.4888, minutes 16.68, lr 1.00e-03
    epoch 19: loss 1.1764, val_ap 0.4905, minutes 17.55, lr 1.00e-03
    epoch 20: loss 1.1744, val_ap 0.4904, minutes 18.52, lr 1.00e-03
    epoch 21: loss 1.1650, val_ap 0.4889, minutes 19.49, lr 1.00e-03
    epoch 22: loss 1.1632, val_ap 0.4952, minutes 20.45, lr 1.00e-03
    epoch 23: loss 1.1563, val_ap 0.4922, minutes 21.43, lr 1.00e-03
    epoch 24: loss 1.1618, val_ap 0.4916, minutes 22.4, lr 1.00e-03
    epoch 25: loss 1.1558, val_ap 0.4923, minutes 23.4, lr 1.00e-03
    epoch 26: loss 1.1506, val_ap 0.4948, minutes 24.39, lr 1.00e-03
    epoch 27: loss 1.1393, val_ap 0.4937, minutes 25.4, lr 1.00e-03
    epoch 28: loss 1.1404, val_ap 0.4941, minutes 26.36, lr 1.00e-03
    epoch 29: loss 1.1340, val_ap 0.4871, minutes 27.29, lr 1.00e-03
    epoch 30: loss 1.1338, val_ap 0.4903, minutes 28.26, lr 1.00e-03
    epoch 31: loss 1.1275, val_ap 0.4943, minutes 29.22, lr 5.00e-04
    epoch 32: loss 1.1104, val_ap 0.4973, minutes 30.21, lr 5.00e-04
    epoch 33: loss 1.1168, val_ap 0.4942, minutes 31.16, lr 5.00e-04
    epoch 34: loss 1.1121, val_ap 0.4932, minutes 32.01, lr 5.00e-04
    epoch 35: loss 1.1041, val_ap 0.4953, minutes 32.91, lr 5.00e-04
    epoch 36: loss 1.0995, val_ap 0.4939, minutes 33.82, lr 5.00e-04
    epoch 37: loss 1.1007, val_ap 0.4950, minutes 34.72, lr 5.00e-04
    epoch 38: loss 1.0957, val_ap 0.4970, minutes 35.58, lr 5.00e-04
    epoch 39: loss 1.0930, val_ap 0.4929, minutes 36.38, lr 5.00e-04
    epoch 40: loss 1.0923, val_ap 0.4914, minutes 37.11, lr 5.00e-04
    epoch 41: loss 1.0972, val_ap 0.4887, minutes 37.79, lr 2.50e-04
    epoch 42: loss 1.0779, val_ap 0.4991, minutes 38.49, lr 2.50e-04
    epoch 43: loss 1.0827, val_ap 0.4924, minutes 39.29, lr 2.50e-04
    epoch 44: loss 1.0760, val_ap 0.4970, minutes 40.1, lr 2.50e-04
    epoch 45: loss 1.0762, val_ap 0.4996, minutes 40.85, lr 2.50e-04
    epoch 46: loss 1.0775, val_ap 0.4962, minutes 41.61, lr 2.50e-04
    epoch 47: loss 1.0747, val_ap 0.4901, minutes 42.34, lr 2.50e-04
    epoch 48: loss 1.0785, val_ap 0.4944, minutes 43.19, lr 2.50e-04
    epoch 49: loss 1.0752, val_ap 0.4946, minutes 43.95, lr 2.50e-04
    epoch 50: loss 1.0697, val_ap 0.4928, minutes 44.73, lr 2.50e-04
    epoch 51: loss 1.0669, val_ap 0.4926, minutes 45.5, lr 2.50e-04
    epoch 52: loss 1.0672, val_ap 0.4948, minutes 46.29, lr 2.50e-04
    epoch 53: loss 1.0611, val_ap 0.4926, minutes 47.03, lr 2.50e-04
    epoch 54: loss 1.0632, val_ap 0.4903, minutes 47.76, lr 1.25e-04
    epoch 55: loss 1.0559, val_ap 0.4921, minutes 48.45, lr 1.25e-04
    epoch 56: loss 1.0507, val_ap 0.4921, minutes 49.22, lr 1.25e-04
    epoch 57: loss 1.0524, val_ap 0.4910, minutes 50.05, lr 1.25e-04
    epoch 58: loss 1.0496, val_ap 0.4951, minutes 50.79, lr 1.25e-04
    epoch 59: loss 1.0554, val_ap 0.4916, minutes 51.54, lr 1.25e-04
    epoch 60: loss 1.0518, val_ap 0.4956, minutes 52.37, lr 1.25e-04
    epoch 61: loss 1.0514, val_ap 0.4900, minutes 53.07, lr 1.25e-04
    epoch 62: loss 1.0520, val_ap 0.4906, minutes 53.79, lr 1.25e-04
    epoch 63: loss 1.0465, val_ap 0.4886, minutes 54.54, lr 6.25e-05
    epoch 64: loss 1.0499, val_ap 0.4920, minutes 55.35, lr 6.25e-05
    epoch 65: loss 1.0452, val_ap 0.4932, minutes 56.13, lr 6.25e-05
    epoch 66: loss 1.0491, val_ap 0.4916, minutes 56.88, lr 6.25e-05
    epoch 67: loss 1.0467, val_ap 0.4918, minutes 57.61, lr 6.25e-05
    epoch 68: loss 1.0462, val_ap 0.4902, minutes 58.37, lr 6.25e-05
    epoch 69: loss 1.0384, val_ap 0.4911, minutes 59.07, lr 6.25e-05
    epoch 70: loss 1.0450, val_ap 0.4925, minutes 59.78, lr 6.25e-05
    stopping: no validation gain in 25 epochs
[fk_band_shuffled pooled_both fold 1 seed 1] done (60.6 min)
