loaded: dataset0 121,838 sites, data1 90,452
[res_nogate pooled_both fold 2]
    kernel decay scale 108.1 nt (fitted to cell line 1 training labels)
    epoch 1: loss 1.8879, val_ap 0.1830, minutes 0.84, lr 3.31e-04
    epoch 2: loss 1.5433, val_ap 0.3485, minutes 1.69, lr 6.58e-04
    epoch 3: loss 1.3741, val_ap 0.4388, minutes 2.53, lr 9.85e-04
    epoch 4: loss 1.3024, val_ap 0.4572, minutes 3.36, lr 1.00e-03
    epoch 5: loss 1.2689, val_ap 0.4688, minutes 4.18, lr 1.00e-03
    epoch 6: loss 1.2450, val_ap 0.4732, minutes 4.98, lr 1.00e-03
    epoch 7: loss 1.2418, val_ap 0.4750, minutes 5.74, lr 1.00e-03
    epoch 8: loss 1.2290, val_ap 0.4799, minutes 6.54, lr 1.00e-03
    epoch 9: loss 1.2069, val_ap 0.4902, minutes 7.35, lr 1.00e-03
    epoch 10: loss 1.2019, val_ap 0.4861, minutes 8.18, lr 1.00e-03
    epoch 11: loss 1.2089, val_ap 0.4910, minutes 9.03, lr 1.00e-03
    epoch 12: loss 1.1884, val_ap 0.4919, minutes 9.83, lr 1.00e-03
    epoch 13: loss 1.1809, val_ap 0.4941, minutes 10.67, lr 1.00e-03
    epoch 14: loss 1.1977, val_ap 0.4907, minutes 11.51, lr 1.00e-03
    epoch 15: loss 1.1913, val_ap 0.4984, minutes 12.37, lr 1.00e-03
    epoch 16: loss 1.1819, val_ap 0.4956, minutes 13.23, lr 1.00e-03
    epoch 17: loss 1.1776, val_ap 0.5021, minutes 14.12, lr 1.00e-03
    epoch 18: loss 1.1663, val_ap 0.4956, minutes 14.99, lr 1.00e-03
    epoch 19: loss 1.1653, val_ap 0.5000, minutes 15.88, lr 1.00e-03
    epoch 20: loss 1.1610, val_ap 0.4946, minutes 16.76, lr 1.00e-03
    epoch 21: loss 1.1602, val_ap 0.5037, minutes 17.56, lr 1.00e-03
    epoch 22: loss 1.1489, val_ap 0.5056, minutes 18.46, lr 1.00e-03
    epoch 23: loss 1.1481, val_ap 0.5004, minutes 19.28, lr 1.00e-03
    epoch 24: loss 1.1519, val_ap 0.5057, minutes 20.12, lr 1.00e-03
    epoch 25: loss 1.1460, val_ap 0.5037, minutes 20.97, lr 1.00e-03
    epoch 26: loss 1.1487, val_ap 0.5026, minutes 21.77, lr 1.00e-03
    epoch 27: loss 1.1430, val_ap 0.5043, minutes 22.62, lr 1.00e-03
    epoch 28: loss 1.1337, val_ap 0.5075, minutes 23.45, lr 1.00e-03
    epoch 29: loss 1.1406, val_ap 0.5125, minutes 24.26, lr 1.00e-03
    epoch 30: loss 1.1359, val_ap 0.5034, minutes 25.04, lr 1.00e-03
    epoch 31: loss 1.1249, val_ap 0.5111, minutes 25.84, lr 1.00e-03
    epoch 32: loss 1.1248, val_ap 0.5121, minutes 26.6, lr 1.00e-03
    epoch 33: loss 1.1180, val_ap 0.5146, minutes 27.4, lr 1.00e-03
    epoch 34: loss 1.1145, val_ap 0.5223, minutes 28.19, lr 1.00e-03
    epoch 35: loss 1.1258, val_ap 0.5136, minutes 29.0, lr 1.00e-03
    epoch 36: loss 1.1165, val_ap 0.5184, minutes 29.82, lr 1.00e-03
    epoch 37: loss 1.1017, val_ap 0.5167, minutes 30.63, lr 1.00e-03
    epoch 38: loss 1.1097, val_ap 0.5153, minutes 31.52, lr 1.00e-03
    epoch 39: loss 1.1190, val_ap 0.5145, minutes 32.35, lr 1.00e-03
    epoch 40: loss 1.1146, val_ap 0.5130, minutes 33.16, lr 1.00e-03
    epoch 41: loss 1.1062, val_ap 0.5241, minutes 34.04, lr 1.00e-03
    epoch 42: loss 1.0959, val_ap 0.5140, minutes 34.86, lr 1.00e-03
    epoch 43: loss 1.1034, val_ap 0.5099, minutes 35.68, lr 1.00e-03
    epoch 44: loss 1.1009, val_ap 0.5155, minutes 36.51, lr 1.00e-03
    epoch 45: loss 1.0948, val_ap 0.5194, minutes 37.29, lr 1.00e-03
    epoch 46: loss 1.0885, val_ap 0.5146, minutes 38.03, lr 1.00e-03
    epoch 47: loss 1.0901, val_ap 0.5210, minutes 38.78, lr 1.00e-03
    epoch 48: loss 1.0934, val_ap 0.5183, minutes 39.57, lr 1.00e-03
    epoch 49: loss 1.0928, val_ap 0.4998, minutes 40.3, lr 1.00e-03
    epoch 50: loss 1.0873, val_ap 0.5131, minutes 41.14, lr 5.00e-04
    epoch 51: loss 1.0686, val_ap 0.5165, minutes 41.92, lr 5.00e-04
    epoch 52: loss 1.0664, val_ap 0.5179, minutes 42.69, lr 5.00e-04
    epoch 53: loss 1.0678, val_ap 0.5045, minutes 43.46, lr 5.00e-04
    epoch 54: loss 1.0598, val_ap 0.5162, minutes 44.3, lr 5.00e-04
    epoch 55: loss 1.0655, val_ap 0.5133, minutes 45.05, lr 5.00e-04
    epoch 56: loss 1.0556, val_ap 0.5105, minutes 45.85, lr 5.00e-04
    epoch 57: loss 1.0588, val_ap 0.5135, minutes 46.68, lr 5.00e-04
    epoch 58: loss 1.0546, val_ap 0.5181, minutes 47.5, lr 5.00e-04
    epoch 59: loss 1.0514, val_ap 0.5112, minutes 48.33, lr 2.50e-04
    epoch 60: loss 1.0476, val_ap 0.5141, minutes 49.15, lr 2.50e-04
    epoch 61: loss 1.0489, val_ap 0.5140, minutes 49.94, lr 2.50e-04
    epoch 62: loss 1.0399, val_ap 0.5141, minutes 50.68, lr 2.50e-04
    epoch 63: loss 1.0330, val_ap 0.5156, minutes 51.48, lr 2.50e-04
    epoch 64: loss 1.0406, val_ap 0.5154, minutes 52.29, lr 2.50e-04
    epoch 65: loss 1.0418, val_ap 0.5140, minutes 53.01, lr 2.50e-04
    epoch 66: loss 1.0366, val_ap 0.5114, minutes 53.8, lr 2.50e-04
    stopping: no validation gain in 25 epochs
[res_nogate pooled_both fold 2] done (54.5 min)
