loaded: dataset0 121,838 sites, data1 90,452
[gcn pooled_both fold 4 seed 1]
    epoch 1: loss 1.3051, val_ap 0.0914, minutes 1.0, lr 3.31e-04
    epoch 2: loss 1.2248, val_ap 0.1571, minutes 1.95, lr 6.60e-04
    epoch 3: loss 1.0813, val_ap 0.2759, minutes 2.87, lr 9.89e-04
    epoch 4: loss 0.9929, val_ap 0.2954, minutes 3.8, lr 1.00e-03
    epoch 5: loss 0.9827, val_ap 0.2999, minutes 4.79, lr 1.00e-03
    epoch 6: loss 0.9604, val_ap 0.2950, minutes 5.78, lr 1.00e-03
    epoch 7: loss 0.9530, val_ap 0.3025, minutes 6.77, lr 1.00e-03
    epoch 8: loss 0.9404, val_ap 0.3013, minutes 7.78, lr 1.00e-03
    epoch 9: loss 0.9377, val_ap 0.3021, minutes 8.75, lr 1.00e-03
    epoch 10: loss 0.9403, val_ap 0.3039, minutes 9.67, lr 1.00e-03
    epoch 11: loss 0.9347, val_ap 0.3018, minutes 10.54, lr 1.00e-03
    epoch 12: loss 0.9145, val_ap 0.3051, minutes 11.49, lr 1.00e-03
    epoch 13: loss 0.9172, val_ap 0.3051, minutes 12.39, lr 1.00e-03
    epoch 14: loss 0.9141, val_ap 0.3020, minutes 13.28, lr 1.00e-03
    epoch 15: loss 0.9154, val_ap 0.3037, minutes 14.21, lr 1.00e-03
    epoch 16: loss 0.9096, val_ap 0.3083, minutes 15.1, lr 1.00e-03
    epoch 17: loss 0.9103, val_ap 0.3066, minutes 15.98, lr 1.00e-03
    epoch 18: loss 0.9039, val_ap 0.3093, minutes 16.92, lr 1.00e-03
    epoch 19: loss 0.9014, val_ap 0.3079, minutes 17.83, lr 1.00e-03
    epoch 20: loss 0.8984, val_ap 0.3069, minutes 18.7, lr 1.00e-03
    epoch 21: loss 0.9163, val_ap 0.3116, minutes 19.66, lr 1.00e-03
    epoch 22: loss 0.8975, val_ap 0.3099, minutes 20.52, lr 1.00e-03
    epoch 23: loss 0.8956, val_ap 0.3108, minutes 21.41, lr 1.00e-03
    epoch 24: loss 0.8928, val_ap 0.3069, minutes 22.37, lr 1.00e-03
    epoch 25: loss 0.8906, val_ap 0.3133, minutes 23.32, lr 1.00e-03
    epoch 26: loss 0.8924, val_ap 0.3149, minutes 24.23, lr 1.00e-03
    epoch 27: loss 0.8936, val_ap 0.3130, minutes 25.21, lr 1.00e-03
    epoch 28: loss 0.8844, val_ap 0.3162, minutes 26.17, lr 1.00e-03
    epoch 29: loss 0.8919, val_ap 0.3148, minutes 27.13, lr 1.00e-03
    epoch 30: loss 0.8785, val_ap 0.3151, minutes 28.04, lr 1.00e-03
    epoch 31: loss 0.8741, val_ap 0.3159, minutes 28.96, lr 1.00e-03
    epoch 32: loss 0.8786, val_ap 0.3186, minutes 29.87, lr 1.00e-03
    epoch 33: loss 0.8777, val_ap 0.3212, minutes 30.73, lr 1.00e-03
    epoch 34: loss 0.8756, val_ap 0.3133, minutes 31.58, lr 1.00e-03
    epoch 35: loss 0.8732, val_ap 0.3203, minutes 32.43, lr 1.00e-03
    epoch 36: loss 0.8732, val_ap 0.3160, minutes 33.29, lr 1.00e-03
    epoch 37: loss 0.8864, val_ap 0.3225, minutes 34.13, lr 1.00e-03
    epoch 38: loss 0.8678, val_ap 0.3170, minutes 34.96, lr 1.00e-03
    epoch 39: loss 0.8749, val_ap 0.3176, minutes 35.8, lr 1.00e-03
    epoch 40: loss 0.8657, val_ap 0.3220, minutes 36.67, lr 1.00e-03
    epoch 41: loss 0.8649, val_ap 0.3180, minutes 37.51, lr 1.00e-03
    epoch 42: loss 0.8672, val_ap 0.3217, minutes 38.32, lr 1.00e-03
    epoch 43: loss 0.8662, val_ap 0.3231, minutes 39.18, lr 1.00e-03
    epoch 44: loss 0.8708, val_ap 0.3232, minutes 40.04, lr 1.00e-03
    epoch 45: loss 0.8563, val_ap 0.3201, minutes 40.83, lr 1.00e-03
    epoch 46: loss 0.8659, val_ap 0.3229, minutes 41.67, lr 1.00e-03
    epoch 47: loss 0.8561, val_ap 0.3233, minutes 42.49, lr 1.00e-03
    epoch 48: loss 0.8506, val_ap 0.3184, minutes 43.37, lr 1.00e-03
    epoch 49: loss 0.8501, val_ap 0.3205, minutes 44.17, lr 1.00e-03
    epoch 50: loss 0.8544, val_ap 0.3269, minutes 44.96, lr 1.00e-03
    epoch 51: loss 0.8519, val_ap 0.3203, minutes 45.82, lr 1.00e-03
    epoch 52: loss 0.8562, val_ap 0.3241, minutes 46.68, lr 1.00e-03
    epoch 53: loss 0.8458, val_ap 0.3158, minutes 47.55, lr 1.00e-03
    epoch 54: loss 0.8461, val_ap 0.3210, minutes 48.39, lr 1.00e-03
    epoch 55: loss 0.8499, val_ap 0.3186, minutes 49.23, lr 1.00e-03
    epoch 56: loss 0.8499, val_ap 0.3214, minutes 50.1, lr 1.00e-03
    epoch 57: loss 0.8525, val_ap 0.3222, minutes 50.93, lr 1.00e-03
    epoch 58: loss 0.8431, val_ap 0.3194, minutes 51.72, lr 1.00e-03
    epoch 59: loss 0.8381, val_ap 0.3245, minutes 52.57, lr 5.00e-04
    epoch 60: loss 0.8282, val_ap 0.3183, minutes 53.4, lr 5.00e-04
    epoch 61: loss 0.8282, val_ap 0.3158, minutes 54.22, lr 5.00e-04
    epoch 62: loss 0.8284, val_ap 0.3173, minutes 55.05, lr 5.00e-04
    epoch 63: loss 0.8241, val_ap 0.3136, minutes 55.85, lr 5.00e-04
    epoch 64: loss 0.8225, val_ap 0.3161, minutes 56.67, lr 5.00e-04
    epoch 65: loss 0.8242, val_ap 0.3099, minutes 57.49, lr 5.00e-04
    epoch 66: loss 0.8170, val_ap 0.3107, minutes 58.3, lr 5.00e-04
    epoch 67: loss 0.8208, val_ap 0.3080, minutes 59.12, lr 5.00e-04
    epoch 68: loss 0.8196, val_ap 0.3090, minutes 59.94, lr 2.50e-04
    epoch 69: loss 0.8171, val_ap 0.3097, minutes 60.75, lr 2.50e-04
    epoch 70: loss 0.8095, val_ap 0.3042, minutes 61.55, lr 2.50e-04
    epoch 71: loss 0.8141, val_ap 0.3087, minutes 62.38, lr 2.50e-04
    epoch 72: loss 0.8143, val_ap 0.3114, minutes 63.2, lr 2.50e-04
    epoch 73: loss 0.8090, val_ap 0.3050, minutes 64.0, lr 2.50e-04
    epoch 74: loss 0.8087, val_ap 0.3083, minutes 64.81, lr 2.50e-04
    epoch 75: loss 0.8095, val_ap 0.3061, minutes 65.56, lr 2.50e-04
    stopping: no validation gain in 25 epochs
[gcn pooled_both fold 4 seed 1] done (66.2 min)
