loaded: dataset0 121,838 sites, data1 90,452
[deepset dataset0 fold 3 seed 1]
    epoch 1: loss 1.190363236811272, minutes 0.17, val_ap 0.22439443085363497, lr 0.00033430232558139537
    epoch 2: loss 0.8862052406509255, minutes 0.35, val_ap 0.4376231040741498, lr 0.0006676356589147286
    epoch 3: loss 0.7927485460112261, minutes 0.54, val_ap 0.464337210298147, lr 0.001
    epoch 4: loss 0.7330091968178749, minutes 0.73, val_ap 0.4733669243135488, lr 0.001
    epoch 5: loss 0.7152549193868804, minutes 0.93, val_ap 0.47514769641778104, lr 0.001
    epoch 6: loss 0.6975178828592911, minutes 1.13, val_ap 0.48539838146196485, lr 0.001
    epoch 7: loss 0.6890621970212737, minutes 1.32, val_ap 0.47910491919070725, lr 0.001
    epoch 8: loss 0.6822853390733863, minutes 1.5, val_ap 0.4921431429315687, lr 0.001
    epoch 9: loss 0.6761104924560979, minutes 1.69, val_ap 0.5066964726544703, lr 0.001
    epoch 10: loss 0.673550107278103, minutes 1.88, val_ap 0.5068336371827045, lr 0.001
    epoch 11: loss 0.6568600422767705, minutes 2.07, val_ap 0.5030473500043967, lr 0.001
    epoch 12: loss 0.6534482764816562, minutes 2.26, val_ap 0.5130166771325306, lr 0.001
    epoch 13: loss 0.6527207295388676, minutes 2.44, val_ap 0.5191472110888534, lr 0.001
    epoch 14: loss 0.6432324767459271, minutes 2.63, val_ap 0.5319040083306353, lr 0.001
    epoch 15: loss 0.6438042763187442, minutes 2.83, val_ap 0.5258523940330376, lr 0.001
    epoch 16: loss 0.644444351366093, minutes 3.01, val_ap 0.5334012951671836, lr 0.001
    epoch 17: loss 0.642781634056984, minutes 3.2, val_ap 0.5284838285991551, lr 0.001
    epoch 18: loss 0.6289474163637605, minutes 3.39, val_ap 0.5471322471267718, lr 0.001
    epoch 19: loss 0.6354835601740105, minutes 3.57, val_ap 0.5433794293339087, lr 0.001
    epoch 20: loss 0.6408848943578642, minutes 3.75, val_ap 0.5441130728797553, lr 0.001
    epoch 21: loss 0.6245891632902068, minutes 3.93, val_ap 0.5521590115331274, lr 0.001
    epoch 22: loss 0.6227908204634522, minutes 4.12, val_ap 0.5410212996794838, lr 0.001
    epoch 23: loss 0.6277152928848599, minutes 4.31, val_ap 0.551467200690691, lr 0.001
    epoch 24: loss 0.615364758427753, minutes 4.5, val_ap 0.5594837393822422, lr 0.001
    epoch 25: loss 0.6172024060127347, minutes 4.68, val_ap 0.564197335512995, lr 0.001
    epoch 26: loss 0.60666289864931, minutes 4.86, val_ap 0.5550711708033724, lr 0.001
    epoch 27: loss 0.6037433448919031, minutes 5.04, val_ap 0.5598602064310985, lr 0.001
    epoch 28: loss 0.6015859303432841, minutes 5.21, val_ap 0.5597279283801458, lr 0.001
    epoch 29: loss 0.6028993943662837, minutes 5.39, val_ap 0.5555400232113775, lr 0.001
    epoch 30: loss 0.5965331617829411, minutes 5.57, val_ap 0.5610719551975057, lr 0.001
    epoch 31: loss 0.6010708530801673, minutes 5.75, val_ap 0.5624268032564804, lr 0.001
    epoch 32: loss 0.5944477811802266, minutes 5.92, val_ap 0.560770347968621, lr 0.001
    epoch 33: loss 0.5859163979631524, minutes 6.09, val_ap 0.5527295157889579, lr 0.001
    epoch 34: loss 0.5959180407226086, minutes 6.26, val_ap 0.5684463684571663, lr 0.001
    epoch 35: loss 0.5872354860915694, minutes 6.44, val_ap 0.553998266987819, lr 0.001
    epoch 36: loss 0.5774864611584086, minutes 6.61, val_ap 0.5622761656765165, lr 0.001
    epoch 37: loss 0.5848347341945005, minutes 6.79, val_ap 0.5662890568948872, lr 0.001
    epoch 38: loss 0.5832158186754515, minutes 6.94, val_ap 0.5796649238773706, lr 0.001
    epoch 39: loss 0.5810504838131195, minutes 7.1, val_ap 0.5733587130104585, lr 0.001
    epoch 40: loss 0.5789685659976893, minutes 7.27, val_ap 0.5578568487948447, lr 0.001
    epoch 41: loss 0.5705427782133569, minutes 7.44, val_ap 0.560442758485081, lr 0.001
    epoch 42: loss 0.584108262907627, minutes 7.6, val_ap 0.5707255730205204, lr 0.001
    epoch 43: loss 0.5762505903406892, minutes 7.75, val_ap 0.5684167872636534, lr 0.001
    epoch 44: loss 0.5711049721251393, minutes 7.91, val_ap 0.5648651201745233, lr 0.001
    epoch 45: loss 0.5633339858505615, minutes 8.06, val_ap 0.5723718677187521, lr 0.001
    epoch 46: loss 0.5705927785399348, minutes 8.2, val_ap 0.577638507961742, lr 0.001
    epoch 47: loss 0.5600588580723419, minutes 8.35, val_ap 0.579051399059949, lr 0.0005
    epoch 48: loss 0.5453231688588858, minutes 8.5, val_ap 0.5814901984866391, lr 0.0005
    epoch 49: loss 0.5466719720252725, minutes 8.65, val_ap 0.5793001566805983, lr 0.0005
    epoch 50: loss 0.5305577335489351, minutes 8.79, val_ap 0.5838319521418747, lr 0.0005
    epoch 51: loss 0.5234433549867813, minutes 8.91, val_ap 0.5826557791712975, lr 0.0005
    epoch 52: loss 0.5384473722254814, minutes 9.05, val_ap 0.5779229510856331, lr 0.0005
    epoch 53: loss 0.5285599877148174, minutes 9.19, val_ap 0.5780757021219656, lr 0.0005
    epoch 54: loss 0.5266277201820252, minutes 9.32, val_ap 0.5884091803461253, lr 0.0005
    epoch 55: loss 0.5298124143723831, minutes 9.47, val_ap 0.5769199011065863, lr 0.0005
    epoch 56: loss 0.5270941908536262, minutes 9.59, val_ap 0.5760968404306434, lr 0.0005
    epoch 57: loss 0.5289036673168803, minutes 9.72, val_ap 0.5809514818436883, lr 0.0005
    epoch 58: loss 0.5333703620315984, minutes 9.84, val_ap 0.578199359484329, lr 0.0005
    epoch 59: loss 0.5245768008537071, minutes 9.97, val_ap 0.5839040942629188, lr 0.0005
    epoch 60: loss 0.521322233125914, minutes 10.09, val_ap 0.5826736988037663, lr 0.0005
    epoch 61: loss 0.511520569580932, minutes 10.2, val_ap 0.5777613083218766, lr 0.0005
    epoch 62: loss 0.5214349807694901, minutes 10.32, val_ap 0.5696654946596194, lr 0.0005
    epoch 63: loss 0.5196733676590198, minutes 10.43, val_ap 0.5777018898109599, lr 0.00025
    epoch 64: loss 0.5016363678976546, minutes 10.54, val_ap 0.5868948259424154, lr 0.00025
    epoch 65: loss 0.51022505790515, minutes 10.66, val_ap 0.584654618141321, lr 0.00025
    epoch 66: loss 0.5041020522543858, minutes 10.77, val_ap 0.5862557968974155, lr 0.00025
    epoch 67: loss 0.5085435217722903, minutes 10.89, val_ap 0.5836312045154907, lr 0.00025
    epoch 68: loss 0.5003567120103642, minutes 11.01, val_ap 0.5849358147945748, lr 0.00025
    epoch 69: loss 0.49756718838457453, minutes 11.13, val_ap 0.582177148065112, lr 0.00025
    epoch 70: loss 0.496849087868319, minutes 11.24, val_ap 0.5830822776010753, lr 0.00025
    epoch 71: loss 0.49585917145880154, minutes 11.36, val_ap 0.5838844513046701, lr 0.00025
    epoch 72: loss 0.4968720596543578, minutes 11.48, val_ap 0.582255682710436, lr 0.000125
    epoch 73: loss 0.48548941487489744, minutes 11.59, val_ap 0.5833593961661652, lr 0.000125
    epoch 74: loss 0.49292150256765443, minutes 11.71, val_ap 0.5817661720002713, lr 0.000125
    epoch 75: loss 0.49311385559307974, minutes 11.83, val_ap 0.582276760728453, lr 0.000125
    epoch 76: loss 0.49385696788166844, minutes 11.94, val_ap 0.5829556643982925, lr 0.000125
    epoch 77: loss 0.4853206261299377, minutes 12.06, val_ap 0.5823393613466951, lr 0.000125
    epoch 78: loss 0.4836865309625864, minutes 12.17, val_ap 0.5806284052921133, lr 0.000125
    stopping: no validation gain in 25 epochs
[deepset dataset0 fold 3 seed 1] done (12.4 min)
