loaded: dataset0 121,838 sites, data1 90,452
[scalar_random pooled_both fold 4 seed 1]
    kernel decay scale 97.3 nt (fitted to cell line 1 training labels)
    epoch 1: loss 1.9047, val_ap 0.1422, minutes 0.68, lr 3.31e-04
    epoch 2: loss 1.5486, val_ap 0.3188, minutes 1.41, lr 6.60e-04
    epoch 3: loss 1.4208, val_ap 0.4046, minutes 2.19, lr 9.89e-04
    epoch 4: loss 1.3481, val_ap 0.4169, minutes 2.98, lr 1.00e-03
    epoch 5: loss 1.3374, val_ap 0.4202, minutes 3.77, lr 1.00e-03
    epoch 6: loss 1.3276, val_ap 0.4168, minutes 4.53, lr 1.00e-03
    epoch 7: loss 1.2982, val_ap 0.4209, minutes 5.32, lr 1.00e-03
    epoch 8: loss 1.2919, val_ap 0.4203, minutes 6.06, lr 1.00e-03
    epoch 9: loss 1.2844, val_ap 0.4234, minutes 6.82, lr 1.00e-03
    epoch 10: loss 1.2849, val_ap 0.4285, minutes 7.59, lr 1.00e-03
    epoch 11: loss 1.2723, val_ap 0.4286, minutes 8.43, lr 1.00e-03
    epoch 12: loss 1.2605, val_ap 0.4330, minutes 9.29, lr 1.00e-03
    epoch 13: loss 1.2651, val_ap 0.4389, minutes 10.06, lr 1.00e-03
    epoch 14: loss 1.2592, val_ap 0.4394, minutes 10.84, lr 1.00e-03
    epoch 15: loss 1.2567, val_ap 0.4373, minutes 11.65, lr 1.00e-03
    epoch 16: loss 1.2493, val_ap 0.4430, minutes 12.48, lr 1.00e-03
    epoch 17: loss 1.2494, val_ap 0.4385, minutes 13.26, lr 1.00e-03
    epoch 18: loss 1.2436, val_ap 0.4388, minutes 14.05, lr 1.00e-03
    epoch 19: loss 1.2357, val_ap 0.4488, minutes 14.81, lr 1.00e-03
    epoch 20: loss 1.2373, val_ap 0.4410, minutes 15.48, lr 1.00e-03
    epoch 21: loss 1.2314, val_ap 0.4466, minutes 16.2, lr 1.00e-03
    epoch 22: loss 1.2257, val_ap 0.4457, minutes 16.98, lr 1.00e-03
    epoch 23: loss 1.2254, val_ap 0.4475, minutes 17.75, lr 1.00e-03
    epoch 24: loss 1.2249, val_ap 0.4498, minutes 18.56, lr 1.00e-03
    epoch 25: loss 1.2227, val_ap 0.4474, minutes 19.33, lr 1.00e-03
    epoch 26: loss 1.2178, val_ap 0.4519, minutes 20.1, lr 1.00e-03
    epoch 27: loss 1.2150, val_ap 0.4471, minutes 20.91, lr 1.00e-03
    epoch 28: loss 1.2121, val_ap 0.4526, minutes 21.68, lr 1.00e-03
    epoch 29: loss 1.2101, val_ap 0.4538, minutes 22.48, lr 1.00e-03
    epoch 30: loss 1.1978, val_ap 0.4547, minutes 23.27, lr 1.00e-03
    epoch 31: loss 1.2048, val_ap 0.4529, minutes 24.01, lr 1.00e-03
    epoch 32: loss 1.1974, val_ap 0.4535, minutes 24.8, lr 1.00e-03
    epoch 33: loss 1.2046, val_ap 0.4556, minutes 25.6, lr 1.00e-03
    epoch 34: loss 1.1902, val_ap 0.4609, minutes 26.41, lr 1.00e-03
    epoch 35: loss 1.1908, val_ap 0.4642, minutes 27.2, lr 1.00e-03
    epoch 36: loss 1.1925, val_ap 0.4562, minutes 27.99, lr 1.00e-03
    epoch 37: loss 1.1906, val_ap 0.4578, minutes 28.73, lr 1.00e-03
    epoch 38: loss 1.1828, val_ap 0.4625, minutes 29.53, lr 1.00e-03
    epoch 39: loss 1.1809, val_ap 0.4672, minutes 30.25, lr 1.00e-03
    epoch 40: loss 1.1794, val_ap 0.4613, minutes 31.01, lr 1.00e-03
    epoch 41: loss 1.1778, val_ap 0.4649, minutes 31.79, lr 1.00e-03
    epoch 42: loss 1.1755, val_ap 0.4618, minutes 32.58, lr 1.00e-03
    epoch 43: loss 1.1884, val_ap 0.4680, minutes 33.37, lr 1.00e-03
    epoch 44: loss 1.1643, val_ap 0.4674, minutes 34.21, lr 1.00e-03
    epoch 45: loss 1.1615, val_ap 0.4693, minutes 35.01, lr 1.00e-03
    epoch 46: loss 1.1698, val_ap 0.4659, minutes 35.78, lr 1.00e-03
    epoch 47: loss 1.1649, val_ap 0.4682, minutes 36.57, lr 1.00e-03
    epoch 48: loss 1.1579, val_ap 0.4689, minutes 37.31, lr 1.00e-03
    epoch 49: loss 1.1556, val_ap 0.4668, minutes 38.05, lr 1.00e-03
    epoch 50: loss 1.1547, val_ap 0.4677, minutes 38.82, lr 1.00e-03
    epoch 51: loss 1.1495, val_ap 0.4674, minutes 39.57, lr 1.00e-03
    epoch 52: loss 1.1574, val_ap 0.4692, minutes 40.34, lr 1.00e-03
    epoch 53: loss 1.1590, val_ap 0.4637, minutes 41.06, lr 1.00e-03
    epoch 54: loss 1.1497, val_ap 0.4615, minutes 41.86, lr 5.00e-04
    epoch 55: loss 1.1313, val_ap 0.4656, minutes 42.56, lr 5.00e-04
    epoch 56: loss 1.1234, val_ap 0.4718, minutes 43.31, lr 5.00e-04
    epoch 57: loss 1.1312, val_ap 0.4662, minutes 44.07, lr 5.00e-04
    epoch 58: loss 1.1258, val_ap 0.4638, minutes 44.85, lr 5.00e-04
    epoch 59: loss 1.1202, val_ap 0.4664, minutes 45.57, lr 5.00e-04
    epoch 60: loss 1.1170, val_ap 0.4603, minutes 46.21, lr 5.00e-04
    epoch 61: loss 1.1218, val_ap 0.4708, minutes 46.9, lr 5.00e-04
    epoch 62: loss 1.1227, val_ap 0.4652, minutes 47.57, lr 5.00e-04
    epoch 63: loss 1.1159, val_ap 0.4678, minutes 48.21, lr 5.00e-04
    epoch 64: loss 1.1173, val_ap 0.4688, minutes 48.88, lr 5.00e-04
    epoch 65: loss 1.1118, val_ap 0.4628, minutes 49.53, lr 2.50e-04
    epoch 66: loss 1.1024, val_ap 0.4652, minutes 50.17, lr 2.50e-04
    epoch 67: loss 1.0929, val_ap 0.4655, minutes 50.85, lr 2.50e-04
    epoch 68: loss 1.1026, val_ap 0.4610, minutes 51.49, lr 2.50e-04
    epoch 69: loss 1.0938, val_ap 0.4633, minutes 52.21, lr 2.50e-04
    epoch 70: loss 1.1033, val_ap 0.4629, minutes 52.86, lr 2.50e-04
    epoch 71: loss 1.0953, val_ap 0.4628, minutes 53.44, lr 2.50e-04
    epoch 72: loss 1.0906, val_ap 0.4644, minutes 54.0, lr 2.50e-04
    epoch 73: loss 1.0955, val_ap 0.4655, minutes 54.6, lr 2.50e-04
    epoch 74: loss 1.0962, val_ap 0.4656, minutes 55.26, lr 1.25e-04
    epoch 75: loss 1.0884, val_ap 0.4637, minutes 55.89, lr 1.25e-04
    epoch 76: loss 1.0908, val_ap 0.4629, minutes 56.48, lr 1.25e-04
    epoch 77: loss 1.0910, val_ap 0.4642, minutes 57.03, lr 1.25e-04
    epoch 78: loss 1.0849, val_ap 0.4635, minutes 57.59, lr 1.25e-04
    epoch 79: loss 1.0876, val_ap 0.4636, minutes 58.12, lr 1.25e-04
    epoch 80: loss 1.0867, val_ap 0.4623, minutes 58.62, lr 1.25e-04
    epoch 81: loss 1.0841, val_ap 0.4610, minutes 59.09, lr 1.25e-04
    stopping: no validation gain in 25 epochs
[scalar_random pooled_both fold 4 seed 1] done (59.7 min)
