loaded: dataset0 121,838 sites, data1 90,452
[gcn pooled_both fold 2 seed 2]
    epoch 1: loss 1.3058, val_ap 0.1119, minutes 0.89, lr 3.31e-04
    epoch 2: loss 1.2014, val_ap 0.2068, minutes 1.71, lr 6.60e-04
    epoch 3: loss 1.0634, val_ap 0.2945, minutes 2.54, lr 9.87e-04
    epoch 4: loss 1.0015, val_ap 0.3028, minutes 3.33, lr 1.00e-03
    epoch 5: loss 0.9893, val_ap 0.3056, minutes 4.17, lr 1.00e-03
    epoch 6: loss 0.9786, val_ap 0.3131, minutes 5.01, lr 1.00e-03
    epoch 7: loss 0.9449, val_ap 0.3124, minutes 5.87, lr 1.00e-03
    epoch 8: loss 0.9337, val_ap 0.3116, minutes 6.7, lr 1.00e-03
    epoch 9: loss 0.9313, val_ap 0.3172, minutes 7.58, lr 1.00e-03
    epoch 10: loss 0.9153, val_ap 0.3167, minutes 8.41, lr 1.00e-03
    epoch 11: loss 0.9384, val_ap 0.3157, minutes 9.24, lr 1.00e-03
    epoch 12: loss 0.9245, val_ap 0.3166, minutes 10.07, lr 1.00e-03
    epoch 13: loss 0.9248, val_ap 0.3184, minutes 10.88, lr 1.00e-03
    epoch 14: loss 0.9120, val_ap 0.3165, minutes 11.68, lr 1.00e-03
    epoch 15: loss 0.9106, val_ap 0.3167, minutes 12.52, lr 1.00e-03
    epoch 16: loss 0.9034, val_ap 0.3179, minutes 13.38, lr 1.00e-03
    epoch 17: loss 0.9044, val_ap 0.3183, minutes 14.21, lr 1.00e-03
    epoch 18: loss 0.8991, val_ap 0.3159, minutes 15.08, lr 1.00e-03
    epoch 19: loss 0.8955, val_ap 0.3160, minutes 15.87, lr 1.00e-03
    epoch 20: loss 0.8944, val_ap 0.3186, minutes 16.72, lr 1.00e-03
    epoch 21: loss 0.8912, val_ap 0.3190, minutes 17.57, lr 1.00e-03
    epoch 22: loss 0.8904, val_ap 0.3180, minutes 18.4, lr 1.00e-03
    epoch 23: loss 0.8901, val_ap 0.3225, minutes 19.21, lr 1.00e-03
    epoch 24: loss 0.8966, val_ap 0.3202, minutes 20.05, lr 1.00e-03
    epoch 25: loss 0.8953, val_ap 0.3184, minutes 20.86, lr 1.00e-03
    epoch 26: loss 0.8839, val_ap 0.3206, minutes 21.65, lr 1.00e-03
    epoch 27: loss 0.8852, val_ap 0.3200, minutes 22.43, lr 1.00e-03
    epoch 28: loss 0.8905, val_ap 0.3229, minutes 23.29, lr 1.00e-03
    epoch 29: loss 0.8808, val_ap 0.3195, minutes 24.12, lr 1.00e-03
    epoch 30: loss 0.8793, val_ap 0.3116, minutes 24.93, lr 1.00e-03
    epoch 31: loss 0.8778, val_ap 0.3203, minutes 25.74, lr 1.00e-03
    epoch 32: loss 0.8782, val_ap 0.3141, minutes 26.51, lr 1.00e-03
    epoch 33: loss 0.8801, val_ap 0.3165, minutes 27.33, lr 1.00e-03
    epoch 34: loss 0.8714, val_ap 0.3150, minutes 28.11, lr 1.00e-03
    epoch 35: loss 0.8719, val_ap 0.3189, minutes 28.92, lr 1.00e-03
    epoch 36: loss 0.8685, val_ap 0.3178, minutes 29.74, lr 1.00e-03
    epoch 37: loss 0.8627, val_ap 0.3174, minutes 30.53, lr 5.00e-04
    epoch 38: loss 0.8599, val_ap 0.3185, minutes 31.37, lr 5.00e-04
    epoch 39: loss 0.8590, val_ap 0.3181, minutes 32.14, lr 5.00e-04
    epoch 40: loss 0.8563, val_ap 0.3189, minutes 32.98, lr 5.00e-04
    epoch 41: loss 0.8550, val_ap 0.3066, minutes 33.81, lr 5.00e-04
    epoch 42: loss 0.8516, val_ap 0.3072, minutes 34.62, lr 5.00e-04
    epoch 43: loss 0.8512, val_ap 0.3150, minutes 35.38, lr 5.00e-04
    epoch 44: loss 0.8506, val_ap 0.3105, minutes 36.17, lr 5.00e-04
    epoch 45: loss 0.8495, val_ap 0.3125, minutes 36.98, lr 5.00e-04
    epoch 46: loss 0.8450, val_ap 0.3067, minutes 37.74, lr 2.50e-04
    epoch 47: loss 0.8387, val_ap 0.3129, minutes 38.54, lr 2.50e-04
    epoch 48: loss 0.8425, val_ap 0.3148, minutes 39.32, lr 2.50e-04
    epoch 49: loss 0.8462, val_ap 0.3123, minutes 40.12, lr 2.50e-04
    epoch 50: loss 0.8389, val_ap 0.3113, minutes 40.92, lr 2.50e-04
    epoch 51: loss 0.8434, val_ap 0.3090, minutes 41.69, lr 2.50e-04
    epoch 52: loss 0.8404, val_ap 0.3100, minutes 42.45, lr 2.50e-04
    epoch 53: loss 0.8382, val_ap 0.3121, minutes 43.28, lr 2.50e-04
    stopping: no validation gain in 25 epochs
[gcn pooled_both fold 2 seed 2] done (43.9 min)
