loaded: dataset0 121,838 sites, data1 90,452
[set_transformer pooled_both fold 4]
    epoch 1: loss 1.0213848100105922, minutes 2.78, val_ap 0.35397640967941574, lr 0.0003338888888888889
    epoch 2: loss 0.9084027728438377, minutes 6.16, val_ap 0.40318344665597144, lr 0.0006672222222222223
    epoch 3: loss 0.8831061567862829, minutes 9.61, val_ap 0.41661011282542154, lr 0.001
    epoch 4: loss 0.8697263078391552, minutes 12.99, val_ap 0.4430169446200746, lr 0.001
    epoch 5: loss 0.852923610607783, minutes 16.28, val_ap 0.4287924503858156, lr 0.001
    epoch 6: loss 0.8465142510334651, minutes 19.69, val_ap 0.44006926254618317, lr 0.001
    epoch 7: loss 0.8417577069004377, minutes 23.03, val_ap 0.44401570092007087, lr 0.001
    epoch 8: loss 0.8411010067164898, minutes 26.43, val_ap 0.4425865229803529, lr 0.001
    epoch 9: loss 0.8300313154359659, minutes 29.73, val_ap 0.4369710239277212, lr 0.001
    epoch 10: loss 0.8316277720530828, minutes 33.12, val_ap 0.40281704740623475, lr 0.001
    epoch 11: loss 0.8271067865689595, minutes 36.41, val_ap 0.4489401140719875, lr 0.001
    epoch 12: loss 0.820601814687252, minutes 39.73, val_ap 0.4486260065147512, lr 0.001
    epoch 13: loss 0.8198741258680821, minutes 43.02, val_ap 0.44873338343904196, lr 0.001
    epoch 14: loss 0.8115172237654527, minutes 46.38, val_ap 0.4443889421193889, lr 0.001
    epoch 15: loss 0.8142592540383339, minutes 49.68, val_ap 0.4471984999427276, lr 0.001
    epoch 16: loss 0.8060983060797056, minutes 52.96, val_ap 0.44504064619080647, lr 0.001
    epoch 17: loss 0.8053614216049513, minutes 56.31, val_ap 0.44798251176975645, lr 0.001
    epoch 18: loss 0.8034513262907664, minutes 59.54, val_ap 0.4604822106707766, lr 0.001
    epoch 19: loss 0.8020279057323932, minutes 62.87, val_ap 0.45686187731691913, lr 0.001
    epoch 20: loss 0.793368481149276, minutes 66.31, val_ap 0.4455100418076115, lr 0.001
    epoch 21: loss 0.7945208325982094, minutes 69.62, val_ap 0.45244873946879793, lr 0.001
    epoch 22: loss 0.7927551805973053, minutes 72.95, val_ap 0.45593269122768876, lr 0.001
    epoch 23: loss 0.7865814897418022, minutes 76.31, val_ap 0.44657768518483165, lr 0.001
    epoch 24: loss 0.7830876087148985, minutes 79.63, val_ap 0.4575279011753317, lr 0.001
    epoch 25: loss 0.7808463158210118, minutes 83.0, val_ap 0.4552977963466226, lr 0.001
    epoch 26: loss 0.7764548513293267, minutes 86.37, val_ap 0.4557856996112085, lr 0.001
    epoch 27: loss 0.7742255915701389, minutes 89.7, val_ap 0.4546825204095165, lr 0.0005
    epoch 28: loss 0.752056620568037, minutes 93.02, val_ap 0.4692122550270775, lr 0.0005
    epoch 29: loss 0.7448349016408126, minutes 96.32, val_ap 0.4646213613205595, lr 0.0005
    epoch 30: loss 0.7400325389206409, minutes 99.56, val_ap 0.45856411989162943, lr 0.0005
    epoch 31: loss 0.7389305193722248, minutes 102.77, val_ap 0.4631621388971939, lr 0.0005
    epoch 32: loss 0.7324623199800651, minutes 106.06, val_ap 0.4586396244329487, lr 0.0005
    epoch 33: loss 0.7268973030149937, minutes 109.25, val_ap 0.4644314277504324, lr 0.0005
    epoch 34: loss 0.7263630524774393, minutes 112.46, val_ap 0.4678257849085758, lr 0.0005
    epoch 35: loss 0.7177296966811021, minutes 115.61, val_ap 0.4721035716599501, lr 0.0005
    epoch 36: loss 0.7136930497487386, minutes 118.78, val_ap 0.45542016711350886, lr 0.0005
    epoch 37: loss 0.7106172132492066, minutes 121.95, val_ap 0.4474460050524785, lr 0.0005
    epoch 38: loss 0.7067519706984361, minutes 125.11, val_ap 0.4496195127507901, lr 0.0005
    epoch 39: loss 0.7017423792183399, minutes 128.19, val_ap 0.46001686852203816, lr 0.0005
    epoch 40: loss 0.6996380820373694, minutes 131.36, val_ap 0.44492168392586, lr 0.0005
    epoch 41: loss 0.6947116088867188, minutes 134.49, val_ap 0.4486261675514048, lr 0.0005
    epoch 42: loss 0.6960102120538553, minutes 137.66, val_ap 0.4474025943018382, lr 0.0005
    epoch 43: loss 0.6925501508017381, minutes 140.74, val_ap 0.4526921314465627, lr 0.0005
    epoch 44: loss 0.6869828866918882, minutes 143.79, val_ap 0.4599795355864872, lr 0.00025
    epoch 45: loss 0.6684857546289762, minutes 146.9, val_ap 0.45085198520777225, lr 0.00025
    epoch 46: loss 0.6623624229431152, minutes 150.07, val_ap 0.45365189838997877, lr 0.00025
    epoch 47: loss 0.6599377045532068, minutes 153.19, val_ap 0.45444568777883537, lr 0.00025
    epoch 48: loss 0.6498494092126688, minutes 156.24, val_ap 0.45055773758625667, lr 0.00025
    epoch 49: loss 0.6455127648512522, minutes 159.19, val_ap 0.45097773697218685, lr 0.00025
    epoch 50: loss 0.6482033229370912, minutes 162.19, val_ap 0.46294359332379453, lr 0.00025
    epoch 51: loss 0.6387976469596227, minutes 165.21, val_ap 0.44195416668793136, lr 0.00025
    epoch 52: loss 0.640674633582433, minutes 168.15, val_ap 0.45212508367510834, lr 0.00025
    epoch 53: loss 0.6382962325712045, minutes 171.14, val_ap 0.44977771384526755, lr 0.000125
    epoch 54: loss 0.6206607051690419, minutes 174.19, val_ap 0.43628547945551605, lr 0.000125
    epoch 55: loss 0.6165893005331358, minutes 177.16, val_ap 0.44646262573603535, lr 0.000125
    epoch 56: loss 0.6177594790359339, minutes 180.06, val_ap 0.44618521590111243, lr 0.000125
    epoch 57: loss 0.6112020598351955, minutes 183.04, val_ap 0.4420251463216891, lr 0.000125
    epoch 58: loss 0.6105315060913563, minutes 186.0, val_ap 0.4352843079798235, lr 0.000125
    epoch 59: loss 0.6065315527717272, minutes 188.99, val_ap 0.43718827041757274, lr 0.000125
    stopping: no validation gain in 25 epochs
[set_transformer pooled_both fold 4] done (194.3 min)
