loaded: dataset0 121,838 sites, data1 90,452
[fk_kernel pooled_both fold 1 seed 1]
    kernel decay scale 114.6 nt (fitted to cell line 1 training labels)
    epoch 1: loss 1.9056, val_ap 0.1683, minutes 0.9, lr 3.31e-04
    epoch 2: loss 1.5550, val_ap 0.3326, minutes 1.7, lr 6.60e-04
    epoch 3: loss 1.3652, val_ap 0.4421, minutes 2.58, lr 9.89e-04
    epoch 4: loss 1.2941, val_ap 0.4565, minutes 3.44, lr 1.00e-03
    epoch 5: loss 1.2543, val_ap 0.4639, minutes 4.29, lr 1.00e-03
    epoch 6: loss 1.2323, val_ap 0.4609, minutes 5.14, lr 1.00e-03
    epoch 7: loss 1.2260, val_ap 0.4638, minutes 5.98, lr 1.00e-03
    epoch 8: loss 1.2240, val_ap 0.4753, minutes 6.81, lr 1.00e-03
    epoch 9: loss 1.2174, val_ap 0.4665, minutes 7.73, lr 1.00e-03
    epoch 10: loss 1.2099, val_ap 0.4765, minutes 8.52, lr 1.00e-03
    epoch 11: loss 1.1974, val_ap 0.4754, minutes 9.39, lr 1.00e-03
    epoch 12: loss 1.1963, val_ap 0.4834, minutes 10.2, lr 1.00e-03
    epoch 13: loss 1.1894, val_ap 0.4841, minutes 11.0, lr 1.00e-03
    epoch 14: loss 1.1901, val_ap 0.4868, minutes 11.8, lr 1.00e-03
    epoch 15: loss 1.2020, val_ap 0.4866, minutes 12.58, lr 1.00e-03
    epoch 16: loss 1.1871, val_ap 0.4868, minutes 13.34, lr 1.00e-03
    epoch 17: loss 1.1833, val_ap 0.4860, minutes 14.16, lr 1.00e-03
    epoch 18: loss 1.1698, val_ap 0.4853, minutes 14.98, lr 1.00e-03
    epoch 19: loss 1.1787, val_ap 0.4857, minutes 15.85, lr 1.00e-03
    epoch 20: loss 1.1744, val_ap 0.4896, minutes 16.65, lr 1.00e-03
    epoch 21: loss 1.1639, val_ap 0.4875, minutes 17.41, lr 1.00e-03
    epoch 22: loss 1.1660, val_ap 0.4925, minutes 18.23, lr 1.00e-03
    epoch 23: loss 1.1565, val_ap 0.4871, minutes 19.05, lr 1.00e-03
    epoch 24: loss 1.1629, val_ap 0.4935, minutes 19.88, lr 1.00e-03
    epoch 25: loss 1.1560, val_ap 0.4903, minutes 20.68, lr 1.00e-03
    epoch 26: loss 1.1490, val_ap 0.4950, minutes 21.4, lr 1.00e-03
    epoch 27: loss 1.1377, val_ap 0.4885, minutes 22.29, lr 1.00e-03
    epoch 28: loss 1.1416, val_ap 0.4951, minutes 23.04, lr 1.00e-03
    epoch 29: loss 1.1342, val_ap 0.4867, minutes 23.82, lr 1.00e-03
    epoch 30: loss 1.1344, val_ap 0.4912, minutes 24.55, lr 1.00e-03
    epoch 31: loss 1.1274, val_ap 0.5000, minutes 25.34, lr 1.00e-03
    epoch 32: loss 1.1249, val_ap 0.5047, minutes 26.11, lr 1.00e-03
    epoch 33: loss 1.1300, val_ap 0.5003, minutes 26.87, lr 1.00e-03
    epoch 34: loss 1.1248, val_ap 0.4972, minutes 27.72, lr 1.00e-03
    epoch 35: loss 1.1180, val_ap 0.5003, minutes 28.57, lr 1.00e-03
    epoch 36: loss 1.1104, val_ap 0.5056, minutes 29.3, lr 1.00e-03
    epoch 37: loss 1.1111, val_ap 0.5025, minutes 30.08, lr 1.00e-03
    epoch 38: loss 1.1048, val_ap 0.5077, minutes 30.96, lr 1.00e-03
    epoch 39: loss 1.1017, val_ap 0.5047, minutes 31.69, lr 1.00e-03
    epoch 40: loss 1.1031, val_ap 0.4999, minutes 32.4, lr 1.00e-03
    epoch 41: loss 1.0985, val_ap 0.4918, minutes 33.17, lr 1.00e-03
    epoch 42: loss 1.0898, val_ap 0.5100, minutes 33.9, lr 1.00e-03
    epoch 43: loss 1.0901, val_ap 0.5123, minutes 34.65, lr 1.00e-03
    epoch 44: loss 1.0907, val_ap 0.5059, minutes 35.51, lr 1.00e-03
    epoch 45: loss 1.0805, val_ap 0.5082, minutes 36.26, lr 1.00e-03
    epoch 46: loss 1.0792, val_ap 0.5074, minutes 37.04, lr 1.00e-03
    epoch 47: loss 1.0731, val_ap 0.5037, minutes 37.79, lr 1.00e-03
    epoch 48: loss 1.0764, val_ap 0.5049, minutes 38.54, lr 1.00e-03
    epoch 49: loss 1.0758, val_ap 0.5093, minutes 39.26, lr 1.00e-03
    epoch 50: loss 1.0603, val_ap 0.5041, minutes 39.97, lr 1.00e-03
    epoch 51: loss 1.0541, val_ap 0.5022, minutes 40.71, lr 1.00e-03
    epoch 52: loss 1.0543, val_ap 0.5043, minutes 41.49, lr 5.00e-04
    epoch 53: loss 1.0304, val_ap 0.5003, minutes 42.27, lr 5.00e-04
    epoch 54: loss 1.0321, val_ap 0.5055, minutes 43.03, lr 5.00e-04
    epoch 55: loss 1.0257, val_ap 0.5043, minutes 43.79, lr 5.00e-04
    epoch 56: loss 1.0191, val_ap 0.5052, minutes 44.5, lr 5.00e-04
    epoch 57: loss 1.0167, val_ap 0.5031, minutes 45.26, lr 5.00e-04
    epoch 58: loss 1.0234, val_ap 0.5094, minutes 46.02, lr 5.00e-04
    epoch 59: loss 1.0169, val_ap 0.5039, minutes 46.87, lr 5.00e-04
    epoch 60: loss 1.0121, val_ap 0.5092, minutes 47.61, lr 5.00e-04
    epoch 61: loss 1.0168, val_ap 0.5077, minutes 48.4, lr 2.50e-04
    epoch 62: loss 0.9979, val_ap 0.5086, minutes 49.17, lr 2.50e-04
    epoch 63: loss 0.9937, val_ap 0.5060, minutes 49.95, lr 2.50e-04
    epoch 64: loss 0.9984, val_ap 0.5063, minutes 50.74, lr 2.50e-04
    epoch 65: loss 0.9924, val_ap 0.5076, minutes 51.49, lr 2.50e-04
    epoch 66: loss 0.9911, val_ap 0.5070, minutes 52.24, lr 2.50e-04
    epoch 67: loss 0.9923, val_ap 0.5064, minutes 52.95, lr 2.50e-04
    epoch 68: loss 0.9882, val_ap 0.5027, minutes 53.81, lr 2.50e-04
    stopping: no validation gain in 25 epochs
[fk_kernel pooled_both fold 1 seed 1] done (54.6 min)
