loaded: dataset0 121,838 sites, data1 90,452
[fk_band pooled_both fold 2 seed 1]
    band weights [0.387, 0.361, 0.252] (bands ((0, 30), (30, 75), (75, 150)))
    epoch 1: loss 1.8943, val_ap 0.1774, minutes 0.84, lr 3.31e-04
    epoch 2: loss 1.5400, val_ap 0.3385, minutes 1.62, lr 6.58e-04
    epoch 3: loss 1.3554, val_ap 0.4414, minutes 2.4, lr 9.87e-04
    epoch 4: loss 1.2886, val_ap 0.4716, minutes 3.22, lr 1.00e-03
    epoch 5: loss 1.2452, val_ap 0.4896, minutes 4.01, lr 1.00e-03
    epoch 6: loss 1.2306, val_ap 0.4950, minutes 4.83, lr 1.00e-03
    epoch 7: loss 1.2236, val_ap 0.4949, minutes 5.63, lr 1.00e-03
    epoch 8: loss 1.2152, val_ap 0.4920, minutes 6.46, lr 1.00e-03
    epoch 9: loss 1.1975, val_ap 0.4982, minutes 7.21, lr 1.00e-03
    epoch 10: loss 1.1840, val_ap 0.5019, minutes 7.98, lr 1.00e-03
    epoch 11: loss 1.1822, val_ap 0.5092, minutes 8.78, lr 1.00e-03
    epoch 12: loss 1.1691, val_ap 0.5034, minutes 9.63, lr 1.00e-03
    epoch 13: loss 1.1837, val_ap 0.5010, minutes 10.43, lr 1.00e-03
    epoch 14: loss 1.1646, val_ap 0.5139, minutes 11.28, lr 1.00e-03
    epoch 15: loss 1.1594, val_ap 0.5108, minutes 12.15, lr 1.00e-03
    epoch 16: loss 1.1593, val_ap 0.5099, minutes 12.95, lr 1.00e-03
    epoch 17: loss 1.1525, val_ap 0.5109, minutes 13.8, lr 1.00e-03
    epoch 18: loss 1.1497, val_ap 0.5074, minutes 14.59, lr 1.00e-03
    epoch 19: loss 1.1534, val_ap 0.5102, minutes 15.42, lr 1.00e-03
    epoch 20: loss 1.1477, val_ap 0.5116, minutes 16.27, lr 1.00e-03
    epoch 21: loss 1.1423, val_ap 0.5164, minutes 17.09, lr 1.00e-03
    epoch 22: loss 1.1286, val_ap 0.5149, minutes 17.93, lr 1.00e-03
    epoch 23: loss 1.1332, val_ap 0.5123, minutes 18.74, lr 1.00e-03
    epoch 24: loss 1.1259, val_ap 0.5133, minutes 19.53, lr 1.00e-03
    epoch 25: loss 1.1321, val_ap 0.5166, minutes 20.38, lr 1.00e-03
    epoch 26: loss 1.1266, val_ap 0.5113, minutes 21.16, lr 1.00e-03
    epoch 27: loss 1.1206, val_ap 0.5110, minutes 21.91, lr 1.00e-03
    epoch 28: loss 1.1130, val_ap 0.5102, minutes 22.72, lr 1.00e-03
    epoch 29: loss 1.1079, val_ap 0.5155, minutes 23.55, lr 1.00e-03
    epoch 30: loss 1.1065, val_ap 0.5149, minutes 24.34, lr 1.00e-03
    epoch 31: loss 1.1069, val_ap 0.5144, minutes 25.19, lr 1.00e-03
    epoch 32: loss 1.0953, val_ap 0.5244, minutes 26.0, lr 1.00e-03
    epoch 33: loss 1.1016, val_ap 0.4624, minutes 26.83, lr 1.00e-03
    epoch 34: loss 1.2288, val_ap 0.5133, minutes 27.62, lr 1.00e-03
    epoch 35: loss 1.1283, val_ap 0.5132, minutes 28.43, lr 1.00e-03
    epoch 36: loss 1.1165, val_ap 0.5156, minutes 29.27, lr 1.00e-03
    epoch 37: loss 1.1078, val_ap 0.5124, minutes 30.09, lr 1.00e-03
    epoch 38: loss 1.1004, val_ap 0.5159, minutes 30.87, lr 1.00e-03
    epoch 39: loss 1.1070, val_ap 0.5134, minutes 31.65, lr 1.00e-03
    epoch 40: loss 1.0955, val_ap 0.5173, minutes 32.43, lr 1.00e-03
    epoch 41: loss 1.0786, val_ap 0.5128, minutes 33.19, lr 5.00e-04
    epoch 42: loss 1.0624, val_ap 0.5161, minutes 34.02, lr 5.00e-04
    epoch 43: loss 1.0655, val_ap 0.5167, minutes 34.77, lr 5.00e-04
    epoch 44: loss 1.0673, val_ap 0.5146, minutes 35.6, lr 5.00e-04
    epoch 45: loss 1.0645, val_ap 0.5130, minutes 36.43, lr 5.00e-04
    epoch 46: loss 1.0580, val_ap 0.5218, minutes 37.23, lr 5.00e-04
    epoch 47: loss 1.0619, val_ap 0.5161, minutes 38.06, lr 5.00e-04
    epoch 48: loss 1.0521, val_ap 0.5184, minutes 38.9, lr 5.00e-04
    epoch 49: loss 1.0522, val_ap 0.5223, minutes 39.71, lr 5.00e-04
    epoch 50: loss 1.0450, val_ap 0.5128, minutes 40.54, lr 2.50e-04
    epoch 51: loss 1.0361, val_ap 0.5172, minutes 41.4, lr 2.50e-04
    epoch 52: loss 1.0390, val_ap 0.5162, minutes 42.22, lr 2.50e-04
    epoch 53: loss 1.0456, val_ap 0.5209, minutes 43.04, lr 2.50e-04
    epoch 54: loss 1.0303, val_ap 0.5152, minutes 43.89, lr 2.50e-04
    epoch 55: loss 1.0270, val_ap 0.5183, minutes 44.69, lr 2.50e-04
    epoch 56: loss 1.0322, val_ap 0.5074, minutes 45.48, lr 2.50e-04
    epoch 57: loss 1.0250, val_ap 0.5157, minutes 46.25, lr 2.50e-04
    stopping: no validation gain in 25 epochs
[fk_band pooled_both fold 2 seed 1] done (46.9 min)
