loaded: dataset0 121,838 sites, data1 90,452
[scalar_msg pooled_both fold 4 seed 1]
    kernel decay scale 97.3 nt (fitted to cell line 1 training labels)
    epoch 1: loss 1.9071, val_ap 0.1402, minutes 0.81, lr 3.31e-04
    epoch 2: loss 1.5468, val_ap 0.3300, minutes 1.59, lr 6.60e-04
    epoch 3: loss 1.3913, val_ap 0.4333, minutes 2.36, lr 9.89e-04
    epoch 4: loss 1.3050, val_ap 0.4491, minutes 3.16, lr 1.00e-03
    epoch 5: loss 1.2909, val_ap 0.4574, minutes 4.01, lr 1.00e-03
    epoch 6: loss 1.2750, val_ap 0.4515, minutes 4.8, lr 1.00e-03
    epoch 7: loss 1.2531, val_ap 0.4588, minutes 5.63, lr 1.00e-03
    epoch 8: loss 1.2464, val_ap 0.4558, minutes 6.47, lr 1.00e-03
    epoch 9: loss 1.2354, val_ap 0.4632, minutes 7.27, lr 1.00e-03
    epoch 10: loss 1.2442, val_ap 0.4684, minutes 8.09, lr 1.00e-03
    epoch 11: loss 1.2259, val_ap 0.4662, minutes 8.9, lr 1.00e-03
    epoch 12: loss 1.2128, val_ap 0.4739, minutes 9.75, lr 1.00e-03
    epoch 13: loss 1.2113, val_ap 0.4790, minutes 10.58, lr 1.00e-03
    epoch 14: loss 1.2083, val_ap 0.4794, minutes 11.37, lr 1.00e-03
    epoch 15: loss 1.2096, val_ap 0.4798, minutes 12.16, lr 1.00e-03
    epoch 16: loss 1.2019, val_ap 0.4800, minutes 12.96, lr 1.00e-03
    epoch 17: loss 1.2032, val_ap 0.4808, minutes 13.68, lr 1.00e-03
    epoch 18: loss 1.1966, val_ap 0.4783, minutes 14.47, lr 1.00e-03
    epoch 19: loss 1.1867, val_ap 0.4880, minutes 15.28, lr 1.00e-03
    epoch 20: loss 1.1888, val_ap 0.4831, minutes 16.13, lr 1.00e-03
    epoch 21: loss 1.1892, val_ap 0.4865, minutes 16.92, lr 1.00e-03
    epoch 22: loss 1.1790, val_ap 0.4847, minutes 17.73, lr 1.00e-03
    epoch 23: loss 1.1809, val_ap 0.4865, minutes 18.49, lr 1.00e-03
    epoch 24: loss 1.1786, val_ap 0.4876, minutes 19.29, lr 1.00e-03
    epoch 25: loss 1.1731, val_ap 0.4890, minutes 20.12, lr 1.00e-03
    epoch 26: loss 1.1697, val_ap 0.4888, minutes 20.94, lr 1.00e-03
    epoch 27: loss 1.1700, val_ap 0.4863, minutes 21.75, lr 1.00e-03
    epoch 28: loss 1.1644, val_ap 0.4866, minutes 22.59, lr 1.00e-03
    epoch 29: loss 1.1676, val_ap 0.4903, minutes 23.47, lr 1.00e-03
    epoch 30: loss 1.1498, val_ap 0.4876, minutes 24.32, lr 1.00e-03
    epoch 31: loss 1.1547, val_ap 0.4890, minutes 25.18, lr 1.00e-03
    epoch 32: loss 1.1493, val_ap 0.4893, minutes 26.0, lr 1.00e-03
    epoch 33: loss 1.1561, val_ap 0.4899, minutes 26.94, lr 1.00e-03
    epoch 34: loss 1.1467, val_ap 0.4880, minutes 27.87, lr 1.00e-03
    epoch 35: loss 1.1497, val_ap 0.4914, minutes 28.76, lr 1.00e-03
    epoch 36: loss 1.1428, val_ap 0.4904, minutes 29.64, lr 1.00e-03
    epoch 37: loss 1.1458, val_ap 0.4929, minutes 30.47, lr 1.00e-03
    epoch 38: loss 1.1385, val_ap 0.4912, minutes 31.36, lr 1.00e-03
    epoch 39: loss 1.1397, val_ap 0.4955, minutes 32.18, lr 1.00e-03
    epoch 40: loss 1.1363, val_ap 0.4937, minutes 33.0, lr 1.00e-03
    epoch 41: loss 1.1361, val_ap 0.4941, minutes 33.83, lr 1.00e-03
    epoch 42: loss 1.1329, val_ap 0.4836, minutes 34.71, lr 1.00e-03
    epoch 43: loss 1.1395, val_ap 0.4933, minutes 35.53, lr 1.00e-03
    epoch 44: loss 1.1247, val_ap 0.4947, minutes 36.41, lr 1.00e-03
    epoch 45: loss 1.1194, val_ap 0.4926, minutes 37.25, lr 1.00e-03
    epoch 46: loss 1.1259, val_ap 0.4917, minutes 38.08, lr 1.00e-03
    epoch 47: loss 1.1215, val_ap 0.4879, minutes 38.89, lr 1.00e-03
    epoch 48: loss 1.1132, val_ap 0.4916, minutes 39.72, lr 5.00e-04
    epoch 49: loss 1.1047, val_ap 0.4913, minutes 40.55, lr 5.00e-04
    epoch 50: loss 1.1010, val_ap 0.4935, minutes 41.39, lr 5.00e-04
    epoch 51: loss 1.0998, val_ap 0.4958, minutes 42.32, lr 5.00e-04
    epoch 52: loss 1.1051, val_ap 0.4868, minutes 43.13, lr 5.00e-04
    epoch 53: loss 1.1001, val_ap 0.4878, minutes 43.93, lr 5.00e-04
    epoch 54: loss 1.0974, val_ap 0.4852, minutes 44.73, lr 5.00e-04
    epoch 55: loss 1.0965, val_ap 0.4886, minutes 45.5, lr 5.00e-04
    epoch 56: loss 1.0877, val_ap 0.4911, minutes 46.32, lr 5.00e-04
    epoch 57: loss 1.0975, val_ap 0.4877, minutes 47.08, lr 5.00e-04
    epoch 58: loss 1.0926, val_ap 0.4893, minutes 47.9, lr 5.00e-04
    epoch 59: loss 1.0854, val_ap 0.4876, minutes 48.73, lr 5.00e-04
    epoch 60: loss 1.0824, val_ap 0.4860, minutes 49.61, lr 2.50e-04
    epoch 61: loss 1.0810, val_ap 0.4857, minutes 50.48, lr 2.50e-04
    epoch 62: loss 1.0811, val_ap 0.4867, minutes 51.36, lr 2.50e-04
    epoch 63: loss 1.0724, val_ap 0.4847, minutes 52.26, lr 2.50e-04
    epoch 64: loss 1.0773, val_ap 0.4869, minutes 53.03, lr 2.50e-04
    epoch 65: loss 1.0697, val_ap 0.4842, minutes 53.85, lr 2.50e-04
    epoch 66: loss 1.0701, val_ap 0.4888, minutes 54.64, lr 2.50e-04
    epoch 67: loss 1.0649, val_ap 0.4781, minutes 55.46, lr 2.50e-04
    epoch 68: loss 1.0699, val_ap 0.4877, minutes 56.22, lr 2.50e-04
    epoch 69: loss 1.0636, val_ap 0.4768, minutes 57.02, lr 1.25e-04
    epoch 70: loss 1.0641, val_ap 0.4841, minutes 57.79, lr 1.25e-04
    epoch 71: loss 1.0637, val_ap 0.4771, minutes 58.58, lr 1.25e-04
    epoch 72: loss 1.0597, val_ap 0.4826, minutes 59.43, lr 1.25e-04
    epoch 73: loss 1.0620, val_ap 0.4815, minutes 60.24, lr 1.25e-04
    epoch 74: loss 1.0615, val_ap 0.4802, minutes 61.06, lr 1.25e-04
    epoch 75: loss 1.0605, val_ap 0.4791, minutes 61.89, lr 1.25e-04
    epoch 76: loss 1.0653, val_ap 0.4831, minutes 62.77, lr 1.25e-04
    stopping: no validation gain in 25 epochs
[scalar_msg pooled_both fold 4 seed 1] done (63.6 min)
