loaded: dataset0 121,838 sites, data1 90,452
[h2gcn_aux_q pooled_both fold 1]
    epoch 1: loss 1.8608, val_ap 0.1894, minutes 0.93, lr 3.31e-04
    epoch 2: loss 1.5072, val_ap 0.3592, minutes 1.8, lr 6.60e-04
    epoch 3: loss 1.3813, val_ap 0.4172, minutes 2.64, lr 9.89e-04
    epoch 4: loss 1.3118, val_ap 0.4405, minutes 3.45, lr 1.00e-03
    epoch 5: loss 1.2720, val_ap 0.4403, minutes 4.26, lr 1.00e-03
    epoch 6: loss 1.2584, val_ap 0.4473, minutes 5.02, lr 1.00e-03
    epoch 7: loss 1.2433, val_ap 0.4486, minutes 5.81, lr 1.00e-03
    epoch 8: loss 1.2473, val_ap 0.4458, minutes 6.61, lr 1.00e-03
    epoch 9: loss 1.2237, val_ap 0.4571, minutes 7.38, lr 1.00e-03
    epoch 10: loss 1.2071, val_ap 0.4602, minutes 8.16, lr 1.00e-03
    epoch 11: loss 1.2047, val_ap 0.4584, minutes 8.95, lr 1.00e-03
    epoch 12: loss 1.2152, val_ap 0.4661, minutes 9.74, lr 1.00e-03
    epoch 13: loss 1.1895, val_ap 0.4557, minutes 10.54, lr 1.00e-03
    epoch 14: loss 1.1840, val_ap 0.4671, minutes 11.37, lr 1.00e-03
    epoch 15: loss 1.1854, val_ap 0.4614, minutes 12.16, lr 1.00e-03
    epoch 16: loss 1.1723, val_ap 0.4642, minutes 12.97, lr 1.00e-03
    epoch 17: loss 1.1651, val_ap 0.4706, minutes 13.77, lr 1.00e-03
    epoch 18: loss 1.1603, val_ap 0.4622, minutes 14.58, lr 1.00e-03
    epoch 19: loss 1.1642, val_ap 0.4692, minutes 15.42, lr 1.00e-03
    epoch 20: loss 1.1511, val_ap 0.4706, minutes 16.22, lr 1.00e-03
    epoch 21: loss 1.1501, val_ap 0.4773, minutes 17.03, lr 1.00e-03
    epoch 22: loss 1.1515, val_ap 0.4750, minutes 17.86, lr 1.00e-03
    epoch 23: loss 1.1454, val_ap 0.4807, minutes 18.68, lr 1.00e-03
    epoch 24: loss 1.1266, val_ap 0.4672, minutes 19.51, lr 1.00e-03
    epoch 25: loss 1.1288, val_ap 0.4791, minutes 20.34, lr 1.00e-03
    epoch 26: loss 1.1265, val_ap 0.4673, minutes 21.14, lr 1.00e-03
    epoch 27: loss 1.1233, val_ap 0.4695, minutes 21.92, lr 1.00e-03
    epoch 28: loss 1.1193, val_ap 0.4837, minutes 22.73, lr 1.00e-03
    epoch 29: loss 1.1128, val_ap 0.4804, minutes 23.52, lr 1.00e-03
    epoch 30: loss 1.1000, val_ap 0.4759, minutes 24.3, lr 1.00e-03
    epoch 31: loss 1.0989, val_ap 0.4747, minutes 25.09, lr 1.00e-03
    epoch 32: loss 1.0961, val_ap 0.4858, minutes 25.87, lr 1.00e-03
    epoch 33: loss 1.0916, val_ap 0.4938, minutes 26.69, lr 1.00e-03
    epoch 34: loss 1.0916, val_ap 0.4947, minutes 27.49, lr 1.00e-03
    epoch 35: loss 1.0849, val_ap 0.4906, minutes 28.26, lr 1.00e-03
    epoch 36: loss 1.0708, val_ap 0.4941, minutes 29.1, lr 1.00e-03
    epoch 37: loss 1.0783, val_ap 0.4897, minutes 29.9, lr 1.00e-03
    epoch 38: loss 1.0672, val_ap 0.4820, minutes 30.72, lr 1.00e-03
    epoch 39: loss 1.0622, val_ap 0.4900, minutes 31.52, lr 1.00e-03
    epoch 40: loss 1.0556, val_ap 0.4987, minutes 32.31, lr 1.00e-03
    epoch 41: loss 1.0533, val_ap 0.4986, minutes 33.1, lr 1.00e-03
    epoch 42: loss 1.0562, val_ap 0.4961, minutes 33.86, lr 1.00e-03
    epoch 43: loss 1.0497, val_ap 0.4854, minutes 34.62, lr 1.00e-03
    epoch 44: loss 1.0420, val_ap 0.4926, minutes 35.41, lr 1.00e-03
    epoch 45: loss 1.0347, val_ap 0.4917, minutes 36.21, lr 1.00e-03
    epoch 46: loss 1.0304, val_ap 0.4962, minutes 37.01, lr 1.00e-03
    epoch 47: loss 1.0262, val_ap 0.4962, minutes 37.85, lr 1.00e-03
    epoch 48: loss 1.0257, val_ap 0.4898, minutes 38.67, lr 1.00e-03
    epoch 49: loss 1.0205, val_ap 0.4934, minutes 39.52, lr 5.00e-04
    epoch 50: loss 0.9903, val_ap 0.4924, minutes 40.38, lr 5.00e-04
    epoch 51: loss 0.9809, val_ap 0.4895, minutes 41.24, lr 5.00e-04
    epoch 52: loss 0.9781, val_ap 0.5000, minutes 42.06, lr 5.00e-04
    epoch 53: loss 0.9679, val_ap 0.4923, minutes 42.89, lr 5.00e-04
    epoch 54: loss 0.9611, val_ap 0.4991, minutes 43.64, lr 5.00e-04
    epoch 55: loss 0.9665, val_ap 0.4987, minutes 44.37, lr 5.00e-04
    epoch 56: loss 0.9612, val_ap 0.4886, minutes 45.1, lr 5.00e-04
    epoch 57: loss 0.9505, val_ap 0.4889, minutes 45.76, lr 5.00e-04
    epoch 58: loss 0.9576, val_ap 0.4853, minutes 46.39, lr 5.00e-04
    epoch 59: loss 0.9417, val_ap 0.4912, minutes 47.02, lr 5.00e-04
    epoch 60: loss 0.9461, val_ap 0.4846, minutes 47.63, lr 5.00e-04
    epoch 61: loss 0.9381, val_ap 0.4928, minutes 48.23, lr 2.50e-04
    epoch 62: loss 0.9308, val_ap 0.4914, minutes 48.81, lr 2.50e-04
    epoch 63: loss 0.9179, val_ap 0.4913, minutes 49.38, lr 2.50e-04
    epoch 64: loss 0.9167, val_ap 0.4961, minutes 49.97, lr 2.50e-04
    epoch 65: loss 0.9076, val_ap 0.4874, minutes 50.58, lr 2.50e-04
    epoch 66: loss 0.9137, val_ap 0.4934, minutes 51.15, lr 2.50e-04
    epoch 67: loss 0.9119, val_ap 0.4907, minutes 51.64, lr 2.50e-04
    epoch 68: loss 0.9086, val_ap 0.4909, minutes 52.13, lr 2.50e-04
    epoch 69: loss 0.9077, val_ap 0.4878, minutes 52.6, lr 2.50e-04
    epoch 70: loss 0.9054, val_ap 0.4893, minutes 53.08, lr 1.25e-04
    epoch 71: loss 0.8994, val_ap 0.4897, minutes 53.54, lr 1.25e-04
    epoch 72: loss 0.8934, val_ap 0.4901, minutes 54.0, lr 1.25e-04
    epoch 73: loss 0.8864, val_ap 0.4915, minutes 54.42, lr 1.25e-04
    epoch 74: loss 0.8920, val_ap 0.4937, minutes 54.85, lr 1.25e-04
    epoch 75: loss 0.8839, val_ap 0.4913, minutes 55.28, lr 1.25e-04
    epoch 76: loss 0.8825, val_ap 0.4924, minutes 55.69, lr 1.25e-04
    epoch 77: loss 0.8877, val_ap 0.4900, minutes 56.11, lr 1.25e-04
    stopping: no validation gain in 25 epochs
[h2gcn_aux_q pooled_both fold 1] done (56.7 min)
