loaded: dataset0 121,838 sites, data1 90,452
[h2gcn_aux_r400 pooled_both fold 2 seed 1]
    epoch 1: loss 1.8953, val_ap 0.1779, minutes 0.86, lr 3.31e-04
    epoch 2: loss 1.5430, val_ap 0.3339, minutes 1.73, lr 6.58e-04
    epoch 3: loss 1.3600, val_ap 0.4329, minutes 2.54, lr 9.87e-04
    epoch 4: loss 1.2863, val_ap 0.4622, minutes 3.47, lr 1.00e-03
    epoch 5: loss 1.2467, val_ap 0.4762, minutes 4.39, lr 1.00e-03
    epoch 6: loss 1.2281, val_ap 0.4738, minutes 5.29, lr 1.00e-03
    epoch 7: loss 1.2199, val_ap 0.4732, minutes 6.16, lr 1.00e-03
    epoch 8: loss 1.2232, val_ap 0.4707, minutes 6.99, lr 1.00e-03
    epoch 9: loss 1.1998, val_ap 0.4787, minutes 7.89, lr 1.00e-03
    epoch 10: loss 1.1914, val_ap 0.4835, minutes 8.84, lr 1.00e-03
    epoch 11: loss 1.1877, val_ap 0.4889, minutes 9.7, lr 1.00e-03
    epoch 12: loss 1.1734, val_ap 0.4880, minutes 10.62, lr 1.00e-03
    epoch 13: loss 1.1861, val_ap 0.4790, minutes 11.53, lr 1.00e-03
    epoch 14: loss 1.1712, val_ap 0.4968, minutes 12.48, lr 1.00e-03
    epoch 15: loss 1.1652, val_ap 0.4950, minutes 13.35, lr 1.00e-03
    epoch 16: loss 1.1605, val_ap 0.4967, minutes 14.29, lr 1.00e-03
    epoch 17: loss 1.1602, val_ap 0.4973, minutes 15.19, lr 1.00e-03
    epoch 18: loss 1.1569, val_ap 0.4958, minutes 16.04, lr 1.00e-03
    epoch 19: loss 1.1568, val_ap 0.4996, minutes 16.85, lr 1.00e-03
    epoch 20: loss 1.1544, val_ap 0.4982, minutes 17.67, lr 1.00e-03
    epoch 21: loss 1.1444, val_ap 0.5022, minutes 18.52, lr 1.00e-03
    epoch 22: loss 1.1330, val_ap 0.5035, minutes 19.38, lr 1.00e-03
    epoch 23: loss 1.1426, val_ap 0.5006, minutes 20.25, lr 1.00e-03
    epoch 24: loss 1.1267, val_ap 0.5010, minutes 21.09, lr 1.00e-03
    epoch 25: loss 1.1413, val_ap 0.5034, minutes 21.95, lr 1.00e-03
    epoch 26: loss 1.1334, val_ap 0.4957, minutes 22.81, lr 1.00e-03
    epoch 27: loss 1.1296, val_ap 0.5021, minutes 23.65, lr 1.00e-03
    epoch 28: loss 1.1137, val_ap 0.4970, minutes 24.54, lr 1.00e-03
    epoch 29: loss 1.1129, val_ap 0.5098, minutes 25.38, lr 1.00e-03
    epoch 30: loss 1.1140, val_ap 0.5022, minutes 26.24, lr 1.00e-03
    epoch 31: loss 1.1147, val_ap 0.5040, minutes 27.05, lr 1.00e-03
    epoch 32: loss 1.1010, val_ap 0.5048, minutes 27.84, lr 1.00e-03
    epoch 33: loss 1.1088, val_ap 0.4818, minutes 28.69, lr 1.00e-03
    epoch 34: loss 1.1866, val_ap 0.5064, minutes 29.56, lr 1.00e-03
    epoch 35: loss 1.1108, val_ap 0.5026, minutes 30.41, lr 1.00e-03
    epoch 36: loss 1.1098, val_ap 0.5104, minutes 31.28, lr 1.00e-03
    epoch 37: loss 1.1001, val_ap 0.5016, minutes 32.17, lr 1.00e-03
    epoch 38: loss 1.0968, val_ap 0.5052, minutes 33.09, lr 1.00e-03
    epoch 39: loss 1.1007, val_ap 0.5052, minutes 33.91, lr 1.00e-03
    epoch 40: loss 1.0973, val_ap 0.5081, minutes 34.8, lr 1.00e-03
    epoch 41: loss 1.0785, val_ap 0.4964, minutes 35.66, lr 1.00e-03
    epoch 42: loss 1.0688, val_ap 0.5064, minutes 36.51, lr 1.00e-03
    epoch 43: loss 1.0761, val_ap 0.5007, minutes 37.29, lr 1.00e-03
    epoch 44: loss 1.0795, val_ap 0.5003, minutes 38.13, lr 1.00e-03
    epoch 45: loss 1.0760, val_ap 0.5030, minutes 38.97, lr 5.00e-04
    epoch 46: loss 1.0557, val_ap 0.5084, minutes 39.81, lr 5.00e-04
    epoch 47: loss 1.0572, val_ap 0.5036, minutes 40.66, lr 5.00e-04
    epoch 48: loss 1.0493, val_ap 0.4943, minutes 41.49, lr 5.00e-04
    epoch 49: loss 1.0486, val_ap 0.4942, minutes 42.3, lr 5.00e-04
    epoch 50: loss 1.0410, val_ap 0.4897, minutes 43.11, lr 5.00e-04
    epoch 51: loss 1.0428, val_ap 0.4958, minutes 43.95, lr 5.00e-04
    epoch 52: loss 1.0480, val_ap 0.5000, minutes 44.77, lr 5.00e-04
    epoch 53: loss 1.0502, val_ap 0.4976, minutes 45.56, lr 5.00e-04
    epoch 54: loss 1.0367, val_ap 0.5031, minutes 46.39, lr 2.50e-04
    epoch 55: loss 1.0272, val_ap 0.4957, minutes 47.22, lr 2.50e-04
    epoch 56: loss 1.0305, val_ap 0.4854, minutes 48.05, lr 2.50e-04
    epoch 57: loss 1.0249, val_ap 0.4855, minutes 48.88, lr 2.50e-04
    epoch 58: loss 1.0179, val_ap 0.4934, minutes 49.72, lr 2.50e-04
    epoch 59: loss 1.0211, val_ap 0.4875, minutes 50.54, lr 2.50e-04
    epoch 60: loss 1.0240, val_ap 0.4893, minutes 51.3, lr 2.50e-04
    epoch 61: loss 1.0198, val_ap 0.4864, minutes 52.05, lr 2.50e-04
    stopping: no validation gain in 25 epochs
[h2gcn_aux_r400 pooled_both fold 2 seed 1] done (52.6 min)
