loaded: dataset0 121,838 sites, data1 90,452
[h2gcn_aux_r200 pooled_both fold 0]
    epoch 1: loss 1.8857, val_ap 0.2084, minutes 0.75, lr 3.31e-04
    epoch 2: loss 1.5293, val_ap 0.3099, minutes 1.67, lr 6.60e-04
    epoch 3: loss 1.3830, val_ap 0.3892, minutes 2.55, lr 9.89e-04
    epoch 4: loss 1.2970, val_ap 0.4183, minutes 3.38, lr 1.00e-03
    epoch 5: loss 1.2671, val_ap 0.4304, minutes 4.27, lr 1.00e-03
    epoch 6: loss 1.2425, val_ap 0.4405, minutes 5.07, lr 1.00e-03
    epoch 7: loss 1.2238, val_ap 0.4442, minutes 5.9, lr 1.00e-03
    epoch 8: loss 1.2186, val_ap 0.4433, minutes 6.68, lr 1.00e-03
    epoch 9: loss 1.2143, val_ap 0.4457, minutes 7.48, lr 1.00e-03
    epoch 10: loss 1.2178, val_ap 0.4487, minutes 8.25, lr 1.00e-03
    epoch 11: loss 1.2087, val_ap 0.4539, minutes 9.08, lr 1.00e-03
    epoch 12: loss 1.1914, val_ap 0.4536, minutes 10.31, lr 1.00e-03
    epoch 13: loss 1.1838, val_ap 0.4548, minutes 11.94, lr 1.00e-03
    epoch 14: loss 1.1807, val_ap 0.4567, minutes 13.55, lr 1.00e-03
    epoch 15: loss 1.1735, val_ap 0.4617, minutes 15.19, lr 1.00e-03
    epoch 16: loss 1.1825, val_ap 0.4622, minutes 16.81, lr 1.00e-03
    epoch 17: loss 1.1697, val_ap 0.4596, minutes 18.42, lr 1.00e-03
    epoch 18: loss 1.1666, val_ap 0.4648, minutes 20.07, lr 1.00e-03
    epoch 19: loss 1.1611, val_ap 0.4670, minutes 21.66, lr 1.00e-03
    epoch 20: loss 1.1617, val_ap 0.4681, minutes 23.25, lr 1.00e-03
    epoch 21: loss 1.1447, val_ap 0.4688, minutes 24.91, lr 1.00e-03
    epoch 22: loss 1.1492, val_ap 0.4744, minutes 26.52, lr 1.00e-03
    epoch 23: loss 1.1460, val_ap 0.4682, minutes 28.11, lr 1.00e-03
    epoch 24: loss 1.1457, val_ap 0.4738, minutes 29.72, lr 1.00e-03
    epoch 25: loss 1.1374, val_ap 0.4744, minutes 31.31, lr 1.00e-03
    epoch 26: loss 1.1287, val_ap 0.4699, minutes 32.9, lr 1.00e-03
    epoch 27: loss 1.1289, val_ap 0.4755, minutes 34.49, lr 1.00e-03
    epoch 28: loss 1.1232, val_ap 0.4699, minutes 36.07, lr 1.00e-03
    epoch 29: loss 1.1261, val_ap 0.4708, minutes 37.65, lr 1.00e-03
    epoch 30: loss 1.1183, val_ap 0.4725, minutes 39.23, lr 1.00e-03
    epoch 31: loss 1.1146, val_ap 0.4721, minutes 40.93, lr 1.00e-03
    epoch 32: loss 1.1138, val_ap 0.4762, minutes 42.47, lr 1.00e-03
    epoch 33: loss 1.1062, val_ap 0.4738, minutes 44.07, lr 1.00e-03
    epoch 34: loss 1.1084, val_ap 0.4850, minutes 45.63, lr 1.00e-03
    epoch 35: loss 1.0964, val_ap 0.4807, minutes 47.18, lr 1.00e-03
    epoch 36: loss 1.0939, val_ap 0.4768, minutes 48.78, lr 1.00e-03
    epoch 37: loss 1.0793, val_ap 0.4742, minutes 50.32, lr 1.00e-03
    epoch 38: loss 1.0980, val_ap 0.4822, minutes 51.94, lr 1.00e-03
    epoch 39: loss 1.0846, val_ap 0.4800, minutes 53.58, lr 1.00e-03
    epoch 40: loss 1.0726, val_ap 0.4876, minutes 55.18, lr 1.00e-03
    epoch 41: loss 1.0729, val_ap 0.4851, minutes 56.77, lr 1.00e-03
    epoch 42: loss 1.0677, val_ap 0.4743, minutes 58.28, lr 1.00e-03
    epoch 43: loss 1.0739, val_ap 0.4878, minutes 59.88, lr 1.00e-03
    epoch 44: loss 1.0698, val_ap 0.4667, minutes 61.41, lr 1.00e-03
    epoch 45: loss 1.0578, val_ap 0.4844, minutes 63.04, lr 1.00e-03
    epoch 46: loss 1.0581, val_ap 0.4850, minutes 64.64, lr 1.00e-03
    epoch 47: loss 1.0535, val_ap 0.4791, minutes 66.22, lr 1.00e-03
    epoch 48: loss 1.0450, val_ap 0.4845, minutes 67.82, lr 1.00e-03
    epoch 49: loss 1.0489, val_ap 0.4811, minutes 69.37, lr 1.00e-03
    epoch 50: loss 1.0468, val_ap 0.4797, minutes 70.81, lr 1.00e-03
    epoch 51: loss 1.0327, val_ap 0.4852, minutes 72.24, lr 1.00e-03
    epoch 52: loss 1.0262, val_ap 0.4769, minutes 73.58, lr 5.00e-04
    epoch 53: loss 1.0188, val_ap 0.4818, minutes 74.9, lr 5.00e-04
    epoch 54: loss 1.0150, val_ap 0.4833, minutes 76.22, lr 5.00e-04
    epoch 55: loss 1.0042, val_ap 0.4849, minutes 77.53, lr 5.00e-04
    epoch 56: loss 1.0039, val_ap 0.4850, minutes 78.87, lr 5.00e-04
    epoch 57: loss 0.9990, val_ap 0.4818, minutes 80.11, lr 5.00e-04
    epoch 58: loss 1.0025, val_ap 0.4884, minutes 81.38, lr 5.00e-04
    epoch 59: loss 0.9964, val_ap 0.4801, minutes 82.51, lr 5.00e-04
    epoch 60: loss 0.9918, val_ap 0.4807, minutes 83.6, lr 5.00e-04
    epoch 61: loss 0.9918, val_ap 0.4789, minutes 84.72, lr 5.00e-04
    epoch 62: loss 0.9905, val_ap 0.4826, minutes 85.72, lr 5.00e-04
    epoch 63: loss 0.9797, val_ap 0.4793, minutes 86.69, lr 5.00e-04
    epoch 64: loss 0.9889, val_ap 0.4796, minutes 87.66, lr 5.00e-04
    epoch 65: loss 0.9783, val_ap 0.4845, minutes 88.56, lr 5.00e-04
    epoch 66: loss 0.9783, val_ap 0.4839, minutes 89.35, lr 5.00e-04
    epoch 67: loss 0.9790, val_ap 0.4829, minutes 90.12, lr 2.50e-04
    epoch 68: loss 0.9624, val_ap 0.4813, minutes 90.9, lr 2.50e-04
    epoch 69: loss 0.9597, val_ap 0.4781, minutes 91.59, lr 2.50e-04
    epoch 70: loss 0.9623, val_ap 0.4784, minutes 92.15, lr 2.50e-04
    epoch 71: loss 0.9625, val_ap 0.4773, minutes 92.65, lr 2.50e-04
    epoch 72: loss 0.9558, val_ap 0.4812, minutes 93.14, lr 2.50e-04
    epoch 73: loss 0.9539, val_ap 0.4808, minutes 93.57, lr 2.50e-04
    epoch 74: loss 0.9605, val_ap 0.4776, minutes 93.98, lr 2.50e-04
    epoch 75: loss 0.9535, val_ap 0.4788, minutes 94.39, lr 2.50e-04
    epoch 76: loss 0.9507, val_ap 0.4782, minutes 94.8, lr 1.25e-04
    epoch 77: loss 0.9419, val_ap 0.4808, minutes 95.19, lr 1.25e-04
    epoch 78: loss 0.9421, val_ap 0.4767, minutes 95.6, lr 1.25e-04
    epoch 79: loss 0.9391, val_ap 0.4777, minutes 95.99, lr 1.25e-04
    epoch 80: loss 0.9388, val_ap 0.4800, minutes 96.38, lr 1.25e-04
    epoch 81: loss 0.9410, val_ap 0.4813, minutes 96.76, lr 1.25e-04
    epoch 82: loss 0.9437, val_ap 0.4800, minutes 97.14, lr 1.25e-04
    epoch 83: loss 0.9331, val_ap 0.4794, minutes 97.51, lr 1.25e-04
    stopping: no validation gain in 25 epochs
[h2gcn_aux_r200 pooled_both fold 0] done (97.9 min)
