loaded: dataset0 121,838 sites, data1 90,452
[fk_band_shuffled dataset0 fold 3]
    band weights [0.4, 0.363, 0.237] (bands ((0, 30), (30, 75), (75, 150)))
    epoch 1: loss 1.9661, val_ap 0.1536, minutes 0.54, lr 3.33e-04
    epoch 2: loss 1.5979, val_ap 0.2073, minutes 1.03, lr 6.63e-04
    epoch 3: loss 1.3453, val_ap 0.3941, minutes 1.59, lr 9.92e-04
    epoch 4: loss 1.1837, val_ap 0.4997, minutes 2.09, lr 1.00e-03
    epoch 5: loss 1.1045, val_ap 0.5174, minutes 2.61, lr 1.00e-03
    epoch 6: loss 1.0340, val_ap 0.5324, minutes 3.16, lr 1.00e-03
    epoch 7: loss 1.0294, val_ap 0.5458, minutes 3.74, lr 1.00e-03
    epoch 8: loss 0.9954, val_ap 0.5561, minutes 4.26, lr 1.00e-03
    epoch 9: loss 0.9933, val_ap 0.5653, minutes 4.78, lr 1.00e-03
    epoch 10: loss 0.9690, val_ap 0.5676, minutes 5.32, lr 1.00e-03
    epoch 11: loss 0.9556, val_ap 0.5686, minutes 5.84, lr 1.00e-03
    epoch 12: loss 0.9308, val_ap 0.5740, minutes 6.39, lr 1.00e-03
    epoch 13: loss 0.9284, val_ap 0.5735, minutes 6.89, lr 1.00e-03
    epoch 14: loss 0.9206, val_ap 0.5818, minutes 7.41, lr 1.00e-03
    epoch 15: loss 0.9404, val_ap 0.5782, minutes 7.95, lr 1.00e-03
    epoch 16: loss 0.9184, val_ap 0.5756, minutes 8.44, lr 1.00e-03
    epoch 17: loss 0.9451, val_ap 0.5807, minutes 9.0, lr 1.00e-03
    epoch 18: loss 0.8963, val_ap 0.5862, minutes 9.53, lr 1.00e-03
    epoch 19: loss 0.8878, val_ap 0.5813, minutes 10.03, lr 1.00e-03
    epoch 20: loss 0.8850, val_ap 0.5885, minutes 10.59, lr 1.00e-03
    epoch 21: loss 0.8894, val_ap 0.5894, minutes 11.13, lr 1.00e-03
    epoch 22: loss 0.8989, val_ap 0.5921, minutes 11.66, lr 1.00e-03
    epoch 23: loss 0.8561, val_ap 0.5922, minutes 12.22, lr 1.00e-03
    epoch 24: loss 0.8841, val_ap 0.5937, minutes 12.72, lr 1.00e-03
    epoch 25: loss 0.8593, val_ap 0.5988, minutes 13.25, lr 1.00e-03
    epoch 26: loss 0.8627, val_ap 0.5892, minutes 13.75, lr 1.00e-03
    epoch 27: loss 0.8562, val_ap 0.5981, minutes 14.25, lr 1.00e-03
    epoch 28: loss 0.8488, val_ap 0.5967, minutes 14.81, lr 1.00e-03
    epoch 29: loss 0.8452, val_ap 0.5996, minutes 15.35, lr 1.00e-03
    epoch 30: loss 0.8493, val_ap 0.5984, minutes 15.9, lr 1.00e-03
    epoch 31: loss 0.8415, val_ap 0.5961, minutes 16.4, lr 1.00e-03
    epoch 32: loss 0.8476, val_ap 0.6032, minutes 16.96, lr 1.00e-03
    epoch 33: loss 0.8486, val_ap 0.5976, minutes 17.51, lr 1.00e-03
    epoch 34: loss 0.8325, val_ap 0.6104, minutes 18.03, lr 1.00e-03
    epoch 35: loss 0.8344, val_ap 0.6107, minutes 18.56, lr 1.00e-03
    epoch 36: loss 0.8233, val_ap 0.6067, minutes 19.09, lr 1.00e-03
    epoch 37: loss 0.8220, val_ap 0.6059, minutes 19.62, lr 1.00e-03
    epoch 38: loss 0.8138, val_ap 0.6074, minutes 20.16, lr 1.00e-03
    epoch 39: loss 0.8190, val_ap 0.6126, minutes 20.62, lr 1.00e-03
    epoch 40: loss 0.8005, val_ap 0.6094, minutes 21.18, lr 1.00e-03
    epoch 41: loss 0.8159, val_ap 0.6099, minutes 21.67, lr 1.00e-03
    epoch 42: loss 0.8007, val_ap 0.6142, minutes 22.18, lr 1.00e-03
    epoch 43: loss 0.8121, val_ap 0.6149, minutes 22.71, lr 1.00e-03
    epoch 44: loss 0.8131, val_ap 0.6097, minutes 23.18, lr 1.00e-03
    epoch 45: loss 0.8083, val_ap 0.6099, minutes 23.72, lr 1.00e-03
    epoch 46: loss 0.7917, val_ap 0.6172, minutes 24.23, lr 1.00e-03
    epoch 47: loss 0.7869, val_ap 0.6165, minutes 24.79, lr 1.00e-03
    epoch 48: loss 0.7946, val_ap 0.6210, minutes 25.34, lr 1.00e-03
    epoch 49: loss 0.7749, val_ap 0.6244, minutes 25.89, lr 1.00e-03
    epoch 50: loss 0.7818, val_ap 0.6065, minutes 26.42, lr 1.00e-03
    epoch 51: loss 0.7912, val_ap 0.6183, minutes 26.92, lr 1.00e-03
    epoch 52: loss 0.7778, val_ap 0.6221, minutes 27.45, lr 1.00e-03
    epoch 53: loss 0.7673, val_ap 0.6211, minutes 27.99, lr 1.00e-03
    epoch 54: loss 0.7746, val_ap 0.6210, minutes 28.49, lr 1.00e-03
    epoch 55: loss 0.7629, val_ap 0.6189, minutes 29.02, lr 1.00e-03
    epoch 56: loss 0.7829, val_ap 0.6185, minutes 29.53, lr 1.00e-03
    epoch 57: loss 0.7740, val_ap 0.6049, minutes 30.13, lr 1.00e-03
    epoch 58: loss 0.7571, val_ap 0.6174, minutes 30.65, lr 5.00e-04
    epoch 59: loss 0.7361, val_ap 0.6203, minutes 31.16, lr 5.00e-04
    epoch 60: loss 0.7359, val_ap 0.6204, minutes 31.66, lr 5.00e-04
    epoch 61: loss 0.7337, val_ap 0.6180, minutes 32.17, lr 5.00e-04
    epoch 62: loss 0.7292, val_ap 0.6165, minutes 32.71, lr 5.00e-04
    epoch 63: loss 0.7575, val_ap 0.6213, minutes 33.22, lr 5.00e-04
    epoch 64: loss 0.7194, val_ap 0.6236, minutes 33.71, lr 5.00e-04
    epoch 65: loss 0.7308, val_ap 0.6217, minutes 34.23, lr 5.00e-04
    epoch 66: loss 0.7350, val_ap 0.6200, minutes 34.71, lr 5.00e-04
    epoch 67: loss 0.7269, val_ap 0.6215, minutes 35.28, lr 2.50e-04
    epoch 68: loss 0.7265, val_ap 0.6239, minutes 35.78, lr 2.50e-04
    epoch 69: loss 0.7067, val_ap 0.6249, minutes 36.31, lr 2.50e-04
    epoch 70: loss 0.7088, val_ap 0.6228, minutes 36.84, lr 2.50e-04
    epoch 71: loss 0.7013, val_ap 0.6208, minutes 37.34, lr 2.50e-04
    epoch 72: loss 0.7093, val_ap 0.6215, minutes 37.87, lr 2.50e-04
    epoch 73: loss 0.6988, val_ap 0.6202, minutes 38.37, lr 2.50e-04
    epoch 74: loss 0.6906, val_ap 0.6234, minutes 38.91, lr 2.50e-04
    epoch 75: loss 0.6943, val_ap 0.6232, minutes 39.46, lr 2.50e-04
    epoch 76: loss 0.6943, val_ap 0.6181, minutes 39.93, lr 2.50e-04
    epoch 77: loss 0.7008, val_ap 0.6153, minutes 40.44, lr 2.50e-04
    epoch 78: loss 0.6904, val_ap 0.6215, minutes 40.96, lr 1.25e-04
    epoch 79: loss 0.6832, val_ap 0.6232, minutes 41.48, lr 1.25e-04
    epoch 80: loss 0.6942, val_ap 0.6186, minutes 41.99, lr 1.25e-04
    epoch 81: loss 0.6798, val_ap 0.6209, minutes 42.55, lr 1.25e-04
    epoch 82: loss 0.6969, val_ap 0.6190, minutes 43.08, lr 1.25e-04
    epoch 83: loss 0.6821, val_ap 0.6191, minutes 43.63, lr 1.25e-04
    epoch 84: loss 0.6890, val_ap 0.6194, minutes 44.16, lr 1.25e-04
    epoch 85: loss 0.6886, val_ap 0.6198, minutes 44.69, lr 1.25e-04
    epoch 86: loss 0.6858, val_ap 0.6190, minutes 45.21, lr 1.25e-04
    epoch 87: loss 0.6997, val_ap 0.6201, minutes 45.76, lr 6.25e-05
    epoch 88: loss 0.6953, val_ap 0.6193, minutes 46.27, lr 6.25e-05
    epoch 89: loss 0.6827, val_ap 0.6187, minutes 46.77, lr 6.25e-05
    epoch 90: loss 0.6779, val_ap 0.6201, minutes 47.3, lr 6.25e-05
    epoch 91: loss 0.6827, val_ap 0.6192, minutes 47.84, lr 6.25e-05
    epoch 92: loss 0.6874, val_ap 0.6190, minutes 48.36, lr 6.25e-05
    epoch 93: loss 0.6734, val_ap 0.6194, minutes 48.91, lr 6.25e-05
    epoch 94: loss 0.6824, val_ap 0.6186, minutes 49.44, lr 6.25e-05
    stopping: no validation gain in 25 epochs
[fk_band_shuffled dataset0 fold 3] done (50.2 min)
