loaded: dataset0 121,838 sites, data1 90,452
[attn_mil dataset0 fold 0]
    epoch 1: loss 1.1983843937254788, minutes 0.23, val_ap 0.2594359123472504, lr 0.00033430799220272904
    epoch 2: loss 0.8733410523300282, minutes 0.48, val_ap 0.3936316095200013, lr 0.0006676413255360624
    epoch 3: loss 0.7838161673985029, minutes 0.73, val_ap 0.405104034435884, lr 0.001
    epoch 4: loss 0.7650523149130637, minutes 0.99, val_ap 0.44142278027593285, lr 0.001
    epoch 5: loss 0.741252783707708, minutes 1.25, val_ap 0.4394615515159107, lr 0.001
    epoch 6: loss 0.7254223431411543, minutes 1.49, val_ap 0.4605824752773133, lr 0.001
    epoch 7: loss 0.7111430834782752, minutes 1.71, val_ap 0.4521791044303143, lr 0.001
    epoch 8: loss 0.7118234772954071, minutes 1.94, val_ap 0.4774102277301071, lr 0.001
    epoch 9: loss 0.697299022510735, minutes 2.18, val_ap 0.47632052682501574, lr 0.001
    epoch 10: loss 0.6969738390013488, minutes 2.43, val_ap 0.48492263186023843, lr 0.001
    epoch 11: loss 0.688965134714779, minutes 2.68, val_ap 0.4944850991131594, lr 0.001
    epoch 12: loss 0.6870251613402227, minutes 2.93, val_ap 0.48198172066539563, lr 0.001
    epoch 13: loss 0.6765133091929363, minutes 3.2, val_ap 0.48531716176398026, lr 0.001
    epoch 14: loss 0.6770489354405487, minutes 3.46, val_ap 0.47645782846924883, lr 0.001
    epoch 15: loss 0.6679310594734392, minutes 3.69, val_ap 0.48034758712780173, lr 0.001
    epoch 16: loss 0.6716145738872171, minutes 3.96, val_ap 0.48916913994095806, lr 0.001
    epoch 17: loss 0.6670000797126725, minutes 4.22, val_ap 0.48234273079583034, lr 0.001
    epoch 18: loss 0.6572211165177194, minutes 4.49, val_ap 0.49946732526472243, lr 0.001
    epoch 19: loss 0.6537313776755194, minutes 4.74, val_ap 0.4777166291836073, lr 0.001
    epoch 20: loss 0.648844161577392, minutes 4.99, val_ap 0.48875523844539626, lr 0.001
    epoch 21: loss 0.6479658987264187, minutes 5.23, val_ap 0.49681566546807837, lr 0.001
    epoch 22: loss 0.6524084060512788, minutes 5.49, val_ap 0.4966350195434421, lr 0.001
    epoch 23: loss 0.6439884275372265, minutes 5.71, val_ap 0.4971364805147213, lr 0.001
    epoch 24: loss 0.6431674532025878, minutes 5.96, val_ap 0.4993129881312266, lr 0.001
    epoch 25: loss 0.6350242295111829, minutes 6.23, val_ap 0.5098860020684396, lr 0.001
    epoch 26: loss 0.638101275814207, minutes 6.49, val_ap 0.5119803491429158, lr 0.001
    epoch 27: loss 0.6363106048420856, minutes 6.71, val_ap 0.5171017905383015, lr 0.001
    epoch 28: loss 0.624602405212776, minutes 6.97, val_ap 0.5075732057085264, lr 0.001
    epoch 29: loss 0.6252047789898533, minutes 7.22, val_ap 0.5093329846774879, lr 0.001
    epoch 30: loss 0.6281858734481516, minutes 7.47, val_ap 0.5183321198290697, lr 0.001
    epoch 31: loss 0.6202955271242655, minutes 7.72, val_ap 0.5095407852817386, lr 0.001
    epoch 32: loss 0.611972603794427, minutes 7.98, val_ap 0.5131636586363162, lr 0.001
    epoch 33: loss 0.6221691449308953, minutes 8.23, val_ap 0.4968099260821729, lr 0.001
    epoch 34: loss 0.6099399465915055, minutes 8.49, val_ap 0.5104955762746455, lr 0.001
    epoch 35: loss 0.61012643418814, minutes 8.75, val_ap 0.5081377276419976, lr 0.001
    epoch 36: loss 0.611929744656323, minutes 9.01, val_ap 0.5049207421134724, lr 0.001
    epoch 37: loss 0.6065949831615415, minutes 9.27, val_ap 0.5052800900309109, lr 0.001
    epoch 38: loss 0.6108826312579607, minutes 9.53, val_ap 0.5152415298191212, lr 0.001
    epoch 39: loss 0.6024726916387765, minutes 9.78, val_ap 0.5163962919648893, lr 0.0005
    epoch 40: loss 0.5953129582237779, minutes 10.04, val_ap 0.5249523265230049, lr 0.0005
    epoch 41: loss 0.5834083942293423, minutes 10.28, val_ap 0.5251677103387585, lr 0.0005
    epoch 42: loss 0.580417629309565, minutes 10.54, val_ap 0.5218519051701647, lr 0.0005
    epoch 43: loss 0.5732326138089274, minutes 10.81, val_ap 0.5229234962379893, lr 0.0005
    epoch 44: loss 0.5782899616928826, minutes 11.06, val_ap 0.5211279668103976, lr 0.0005
    epoch 45: loss 0.563354243399107, minutes 11.31, val_ap 0.5274722568497103, lr 0.0005
    epoch 46: loss 0.5700285396380731, minutes 11.56, val_ap 0.521877262732119, lr 0.0005
    epoch 47: loss 0.569196424594051, minutes 11.82, val_ap 0.5189092143812714, lr 0.0005
    epoch 48: loss 0.5696476832990758, minutes 12.07, val_ap 0.5221491649398079, lr 0.0005
    epoch 49: loss 0.56716887923012, minutes 12.32, val_ap 0.5296083364333736, lr 0.0005
    epoch 50: loss 0.5652145542945081, minutes 12.58, val_ap 0.5205918880043823, lr 0.0005
    epoch 51: loss 0.5647814216756681, minutes 12.82, val_ap 0.5201655045918074, lr 0.0005
    epoch 52: loss 0.5536348245471542, minutes 13.05, val_ap 0.5172739911837416, lr 0.0005
    epoch 53: loss 0.5647869770638427, minutes 13.29, val_ap 0.524980745355719, lr 0.0005
    epoch 54: loss 0.5602211773569821, minutes 13.55, val_ap 0.5295330982747, lr 0.0005
    epoch 55: loss 0.560713872008505, minutes 13.78, val_ap 0.5166926943452318, lr 0.0005
    epoch 56: loss 0.5592944589797516, minutes 14.04, val_ap 0.527319659241106, lr 0.0005
    epoch 57: loss 0.5544810309919, minutes 14.3, val_ap 0.5251681359109579, lr 0.0005
    epoch 58: loss 0.5583774858748006, minutes 14.54, val_ap 0.5252784995897724, lr 0.00025
    epoch 59: loss 0.5428690710785793, minutes 14.8, val_ap 0.5231380545589598, lr 0.00025
    epoch 60: loss 0.5451787053144466, minutes 15.05, val_ap 0.5287067378465763, lr 0.00025
    epoch 61: loss 0.5441043529419871, minutes 15.27, val_ap 0.5301369778461169, lr 0.00025
    epoch 62: loss 0.5299142411752054, minutes 15.53, val_ap 0.5285823626417956, lr 0.00025
    epoch 63: loss 0.5432060898134583, minutes 15.78, val_ap 0.5339456230130746, lr 0.00025
    epoch 64: loss 0.5403773709695939, minutes 16.04, val_ap 0.5288043730380991, lr 0.00025
    epoch 65: loss 0.5380713389805186, minutes 16.27, val_ap 0.5270162305784452, lr 0.00025
    epoch 66: loss 0.5433466887613486, minutes 16.51, val_ap 0.5255652555680811, lr 0.00025
    epoch 67: loss 0.5418566259724354, minutes 16.76, val_ap 0.526380098148583, lr 0.00025
    epoch 68: loss 0.5330107765413864, minutes 17.02, val_ap 0.532813517572806, lr 0.00025
    epoch 69: loss 0.54554360686687, minutes 17.27, val_ap 0.5277983145419294, lr 0.00025
    epoch 70: loss 0.5304683886076275, minutes 17.52, val_ap 0.5292132908829794, lr 0.00025
    epoch 71: loss 0.5343643655641037, minutes 17.76, val_ap 0.5231966465262654, lr 0.00025
    epoch 72: loss 0.5251829927427727, minutes 18.01, val_ap 0.5210679432986921, lr 0.000125
    epoch 73: loss 0.537153034530885, minutes 18.26, val_ap 0.526590268737214, lr 0.000125
    epoch 74: loss 0.5229251206095455, minutes 18.5, val_ap 0.5223487370412979, lr 0.000125
    epoch 75: loss 0.5168121789979656, minutes 18.74, val_ap 0.5249339561382574, lr 0.000125
    epoch 76: loss 0.5297759978743325, minutes 18.98, val_ap 0.5270898719731875, lr 0.000125
    epoch 77: loss 0.5189272865478756, minutes 19.24, val_ap 0.5257626477440029, lr 0.000125
    epoch 78: loss 0.5140267820560445, minutes 19.48, val_ap 0.5245669612044047, lr 0.000125
    epoch 79: loss 0.5144726804822509, minutes 19.72, val_ap 0.5233588205290614, lr 0.000125
    epoch 80: loss 0.5188093888219337, minutes 19.97, val_ap 0.5247912213653728, lr 0.000125
    epoch 81: loss 0.5190910730968442, minutes 20.2, val_ap 0.5233038921077197, lr 6.25e-05
    epoch 82: loss 0.5185994349463642, minutes 20.43, val_ap 0.5213103133279008, lr 6.25e-05
    epoch 83: loss 0.5195673489779756, minutes 20.68, val_ap 0.5212209040768615, lr 6.25e-05
    epoch 84: loss 0.5144834608188149, minutes 20.92, val_ap 0.5231793999724527, lr 6.25e-05
    epoch 85: loss 0.514422618941954, minutes 21.18, val_ap 0.5237738600805241, lr 6.25e-05
    epoch 86: loss 0.5160984240080181, minutes 21.42, val_ap 0.525119775151662, lr 6.25e-05
    epoch 87: loss 0.5200957580093752, minutes 21.67, val_ap 0.5231605491550413, lr 6.25e-05
    stopping: no validation gain in 25 epochs
[attn_mil dataset0 fold 0] done (22.1 min)
