loaded: dataset0 121,838 sites, data1 90,452
[h2gcn_aux_r400 pooled_both fold 4 seed 1]
    epoch 1: loss 1.8933, val_ap 0.1427, minutes 0.85, lr 3.31e-04
    epoch 2: loss 1.5621, val_ap 0.3085, minutes 1.72, lr 6.60e-04
    epoch 3: loss 1.4032, val_ap 0.4389, minutes 2.58, lr 9.89e-04
    epoch 4: loss 1.3026, val_ap 0.4589, minutes 3.48, lr 1.00e-03
    epoch 5: loss 1.2797, val_ap 0.4707, minutes 4.37, lr 1.00e-03
    epoch 6: loss 1.2543, val_ap 0.4670, minutes 5.25, lr 1.00e-03
    epoch 7: loss 1.2341, val_ap 0.4799, minutes 6.13, lr 1.00e-03
    epoch 8: loss 1.2190, val_ap 0.4757, minutes 6.99, lr 1.00e-03
    epoch 9: loss 1.2078, val_ap 0.4802, minutes 7.8, lr 1.00e-03
    epoch 10: loss 1.2181, val_ap 0.4839, minutes 8.7, lr 1.00e-03
    epoch 11: loss 1.1996, val_ap 0.4831, minutes 9.59, lr 1.00e-03
    epoch 12: loss 1.1837, val_ap 0.4870, minutes 10.45, lr 1.00e-03
    epoch 13: loss 1.1838, val_ap 0.4869, minutes 11.32, lr 1.00e-03
    epoch 14: loss 1.1818, val_ap 0.4891, minutes 12.19, lr 1.00e-03
    epoch 15: loss 1.1818, val_ap 0.4868, minutes 13.09, lr 1.00e-03
    epoch 16: loss 1.1777, val_ap 0.4887, minutes 13.94, lr 1.00e-03
    epoch 17: loss 1.1761, val_ap 0.4877, minutes 14.82, lr 1.00e-03
    epoch 18: loss 1.1625, val_ap 0.4884, minutes 15.66, lr 1.00e-03
    epoch 19: loss 1.1558, val_ap 0.4897, minutes 16.53, lr 1.00e-03
    epoch 20: loss 1.1554, val_ap 0.4875, minutes 17.4, lr 1.00e-03
    epoch 21: loss 1.1687, val_ap 0.4901, minutes 18.29, lr 1.00e-03
    epoch 22: loss 1.1515, val_ap 0.4881, minutes 19.17, lr 1.00e-03
    epoch 23: loss 1.1505, val_ap 0.4896, minutes 20.03, lr 1.00e-03
    epoch 24: loss 1.1509, val_ap 0.4919, minutes 20.89, lr 1.00e-03
    epoch 25: loss 1.1395, val_ap 0.4910, minutes 21.7, lr 1.00e-03
    epoch 26: loss 1.1457, val_ap 0.4955, minutes 22.51, lr 1.00e-03
    epoch 27: loss 1.1403, val_ap 0.4928, minutes 23.31, lr 1.00e-03
    epoch 28: loss 1.1334, val_ap 0.4888, minutes 24.02, lr 1.00e-03
    epoch 29: loss 1.1367, val_ap 0.4989, minutes 24.73, lr 1.00e-03
    epoch 30: loss 1.1161, val_ap 0.4931, minutes 25.35, lr 1.00e-03
    epoch 31: loss 1.1184, val_ap 0.4937, minutes 25.96, lr 1.00e-03
    epoch 32: loss 1.1126, val_ap 0.4911, minutes 26.48, lr 1.00e-03
    epoch 33: loss 1.1178, val_ap 0.4963, minutes 26.96, lr 1.00e-03
    epoch 34: loss 1.1093, val_ap 0.4809, minutes 27.42, lr 1.00e-03
    epoch 35: loss 1.1028, val_ap 0.4995, minutes 27.92, lr 1.00e-03
    epoch 36: loss 1.1078, val_ap 0.4873, minutes 28.4, lr 1.00e-03
    epoch 37: loss 1.1122, val_ap 0.4936, minutes 28.86, lr 1.00e-03
    epoch 38: loss 1.1005, val_ap 0.4903, minutes 29.35, lr 1.00e-03
    epoch 39: loss 1.1019, val_ap 0.4977, minutes 29.79, lr 1.00e-03
    epoch 40: loss 1.0929, val_ap 0.4968, minutes 30.19, lr 1.00e-03
    epoch 41: loss 1.0903, val_ap 0.4975, minutes 30.59, lr 1.00e-03
    epoch 42: loss 1.0974, val_ap 0.4776, minutes 30.98, lr 1.00e-03
    epoch 43: loss 1.0952, val_ap 0.4921, minutes 31.35, lr 1.00e-03
    epoch 44: loss 1.0849, val_ap 0.4840, minutes 31.74, lr 5.00e-04
    epoch 45: loss 1.0581, val_ap 0.4828, minutes 32.11, lr 5.00e-04
    epoch 46: loss 1.0575, val_ap 0.4769, minutes 32.49, lr 5.00e-04
    epoch 47: loss 1.0558, val_ap 0.4603, minutes 32.88, lr 5.00e-04
    epoch 48: loss 1.0534, val_ap 0.4830, minutes 33.27, lr 5.00e-04
    epoch 49: loss 1.0522, val_ap 0.4722, minutes 33.65, lr 5.00e-04
    epoch 50: loss 1.0497, val_ap 0.4802, minutes 34.04, lr 5.00e-04
    epoch 51: loss 1.0478, val_ap 0.4741, minutes 34.41, lr 5.00e-04
    epoch 52: loss 1.0523, val_ap 0.4500, minutes 34.77, lr 5.00e-04
    epoch 53: loss 1.0465, val_ap 0.4655, minutes 35.14, lr 2.50e-04
    epoch 54: loss 1.0358, val_ap 0.4535, minutes 35.5, lr 2.50e-04
    epoch 55: loss 1.0333, val_ap 0.4500, minutes 35.85, lr 2.50e-04
    epoch 56: loss 1.0272, val_ap 0.4564, minutes 36.2, lr 2.50e-04
    epoch 57: loss 1.0337, val_ap 0.4518, minutes 36.55, lr 2.50e-04
    epoch 58: loss 1.0300, val_ap 0.4597, minutes 36.91, lr 2.50e-04
    epoch 59: loss 1.0230, val_ap 0.4468, minutes 37.26, lr 2.50e-04
    epoch 60: loss 1.0198, val_ap 0.4554, minutes 37.61, lr 2.50e-04
    stopping: no validation gain in 25 epochs
[h2gcn_aux_r400 pooled_both fold 4 seed 1] done (38.0 min)
