loaded: dataset0 121,838 sites, data1 90,452
[attn_mil dataset0 fold 1]
    epoch 1: loss 1.1923698667217704, minutes 0.22, val_ap 0.2340574773007158, lr 0.00033431372549019606
    epoch 2: loss 0.8652233320124009, minutes 0.48, val_ap 0.42964258891424506, lr 0.0006676470588235294
    epoch 3: loss 0.7762786810012424, minutes 0.72, val_ap 0.4506275426687431, lr 0.001
    epoch 4: loss 0.7550671312738867, minutes 0.96, val_ap 0.4439415612525612, lr 0.001
    epoch 5: loss 0.7357550138936323, minutes 1.19, val_ap 0.4649223790526363, lr 0.001
    epoch 6: loss 0.7200878833146657, minutes 1.43, val_ap 0.45452346977432345, lr 0.001
    epoch 7: loss 0.7141576165662092, minutes 1.68, val_ap 0.48424942285218137, lr 0.001
    epoch 8: loss 0.704174254045767, minutes 1.92, val_ap 0.4844368798328969, lr 0.001
    epoch 9: loss 0.697536922114737, minutes 2.19, val_ap 0.4902805226457349, lr 0.001
    epoch 10: loss 0.6902871694634942, minutes 2.43, val_ap 0.4956102573153304, lr 0.001
    epoch 11: loss 0.6900661609628621, minutes 2.67, val_ap 0.4835883132676056, lr 0.001
    epoch 12: loss 0.6790767507518038, minutes 2.92, val_ap 0.5031853832748656, lr 0.001
    epoch 13: loss 0.6813036642530386, minutes 3.16, val_ap 0.49081404518671984, lr 0.001
    epoch 14: loss 0.6741169027545872, minutes 3.43, val_ap 0.506772868790234, lr 0.001
    epoch 15: loss 0.668623845103909, minutes 3.66, val_ap 0.5093251551627462, lr 0.001
    epoch 16: loss 0.6635194674134255, minutes 3.92, val_ap 0.5145213441287109, lr 0.001
    epoch 17: loss 0.6633679078782306, minutes 4.15, val_ap 0.5078668805371783, lr 0.001
    epoch 18: loss 0.6497048755340716, minutes 4.4, val_ap 0.5174380874045543, lr 0.001
    epoch 19: loss 0.6455413693014314, minutes 4.65, val_ap 0.5226382868727385, lr 0.001
    epoch 20: loss 0.6411927441463751, minutes 4.91, val_ap 0.52117647603342, lr 0.001
    epoch 21: loss 0.6423896955216633, minutes 5.15, val_ap 0.5213826039497008, lr 0.001
    epoch 22: loss 0.6322766490718897, minutes 5.4, val_ap 0.523658151329994, lr 0.001
    epoch 23: loss 0.6345587470075663, minutes 5.65, val_ap 0.5240196032555109, lr 0.001
    epoch 24: loss 0.6370132834595792, minutes 5.91, val_ap 0.5199232827182463, lr 0.001
    epoch 25: loss 0.630994407482007, minutes 6.15, val_ap 0.5271444889361013, lr 0.001
    epoch 26: loss 0.6297232822460287, minutes 6.42, val_ap 0.520778489282464, lr 0.001
    epoch 27: loss 0.6267493822118815, minutes 6.67, val_ap 0.5308417696442884, lr 0.001
    epoch 28: loss 0.6185552330578075, minutes 6.93, val_ap 0.527363988242516, lr 0.001
    epoch 29: loss 0.6192659900468939, minutes 7.19, val_ap 0.5331026435557115, lr 0.001
    epoch 30: loss 0.6188061045373188, minutes 7.45, val_ap 0.5231936486430768, lr 0.001
    epoch 31: loss 0.6201126408927581, minutes 7.7, val_ap 0.5367248830270605, lr 0.001
    epoch 32: loss 0.6126064027056974, minutes 7.96, val_ap 0.5252457491062458, lr 0.001
    epoch 33: loss 0.6134446517509573, minutes 8.21, val_ap 0.524298796857076, lr 0.001
    epoch 34: loss 0.6096048545311479, minutes 8.44, val_ap 0.5352727278400294, lr 0.001
    epoch 35: loss 0.6016879603266716, minutes 8.71, val_ap 0.5380778603046724, lr 0.001
    epoch 36: loss 0.6066676535588853, minutes 8.98, val_ap 0.5347976389341611, lr 0.001
    epoch 37: loss 0.602783676193041, minutes 9.24, val_ap 0.5337820837668451, lr 0.001
    epoch 38: loss 0.5994425255586119, minutes 9.47, val_ap 0.5427112140398956, lr 0.001
    epoch 39: loss 0.595343607050531, minutes 9.72, val_ap 0.528892409308883, lr 0.001
    epoch 40: loss 0.5895808964967728, minutes 9.98, val_ap 0.5384480796058193, lr 0.001
    epoch 41: loss 0.5926561077727991, minutes 10.24, val_ap 0.5367316907306263, lr 0.001
    epoch 42: loss 0.588931767642498, minutes 10.5, val_ap 0.5298359284407254, lr 0.001
    epoch 43: loss 0.5818345226347447, minutes 10.76, val_ap 0.5323740615000151, lr 0.001
    epoch 44: loss 0.5949009546462227, minutes 11.02, val_ap 0.5235835143111296, lr 0.001
    epoch 45: loss 0.5896956047591041, minutes 11.27, val_ap 0.53598375302924, lr 0.001
    epoch 46: loss 0.5886205647359876, minutes 11.52, val_ap 0.5471464329482509, lr 0.001
    epoch 47: loss 0.5784124045687563, minutes 11.78, val_ap 0.5314509573351018, lr 0.001
    epoch 48: loss 0.5804409645936068, minutes 12.04, val_ap 0.5283699088058582, lr 0.001
    epoch 49: loss 0.5744298318729681, minutes 12.28, val_ap 0.5405299024331616, lr 0.001
    epoch 50: loss 0.5743100133012323, minutes 12.55, val_ap 0.5325408700932851, lr 0.001
    epoch 51: loss 0.5798996584380374, minutes 12.81, val_ap 0.5393061673180503, lr 0.001
    epoch 52: loss 0.5628807627979446, minutes 13.06, val_ap 0.5419686912758435, lr 0.001
    epoch 53: loss 0.5715775495942901, minutes 13.32, val_ap 0.532484956640779, lr 0.001
    epoch 54: loss 0.5782382987439633, minutes 13.57, val_ap 0.5426671219050848, lr 0.001
    epoch 55: loss 0.5768303767723195, minutes 13.84, val_ap 0.5379973497262149, lr 0.0005
    epoch 56: loss 0.552566525603042, minutes 14.08, val_ap 0.5426987287108677, lr 0.0005
    epoch 57: loss 0.5410643020973486, minutes 14.34, val_ap 0.5467950796303139, lr 0.0005
    epoch 58: loss 0.5421679436283953, minutes 14.6, val_ap 0.5268160051559786, lr 0.0005
    epoch 59: loss 0.5414761601563762, minutes 14.85, val_ap 0.536418349225022, lr 0.0005
    epoch 60: loss 0.539667809009552, minutes 15.09, val_ap 0.5354767745335283, lr 0.0005
    epoch 61: loss 0.5321840297649888, minutes 15.34, val_ap 0.5324653079397089, lr 0.0005
    epoch 62: loss 0.5291078665677239, minutes 15.6, val_ap 0.5355682713589363, lr 0.0005
    epoch 63: loss 0.5382624136612696, minutes 15.86, val_ap 0.5391453975481555, lr 0.0005
    epoch 64: loss 0.5263539866051253, minutes 16.12, val_ap 0.5389183967366767, lr 0.00025
    epoch 65: loss 0.5203458213192576, minutes 16.36, val_ap 0.5451540688727623, lr 0.00025
    epoch 66: loss 0.5151092887801283, minutes 16.59, val_ap 0.5425905378470575, lr 0.00025
    epoch 67: loss 0.5127278035177903, minutes 16.84, val_ap 0.5458109698963493, lr 0.00025
    epoch 68: loss 0.5196544540279052, minutes 17.1, val_ap 0.5392597378432353, lr 0.00025
    epoch 69: loss 0.5119697283734294, minutes 17.36, val_ap 0.5433241561782723, lr 0.00025
    epoch 70: loss 0.5144330739098437, minutes 17.61, val_ap 0.538332948371313, lr 0.00025
    stopping: no validation gain in 25 epochs
[attn_mil dataset0 fold 1] done (18.0 min)
