loaded: dataset0 121,838 sites, data1 90,452
[set_transformer dataset0 fold 3]
    epoch 1: loss 0.9958150576540205, minutes 1.71, val_ap 0.4034673520702322, lr 0.00033430232558139537
    epoch 2: loss 0.8169191289953021, minutes 3.78, val_ap 0.45191159097661193, lr 0.0006676356589147286
    epoch 3: loss 0.7883684725262398, minutes 5.96, val_ap 0.44742001000885484, lr 0.001
    epoch 4: loss 0.7555421401075152, minutes 8.0, val_ap 0.4667668770980049, lr 0.001
    epoch 5: loss 0.7312601911293906, minutes 10.03, val_ap 0.4953981089491355, lr 0.001
    epoch 6: loss 0.7159410877543133, minutes 12.18, val_ap 0.5245427762461623, lr 0.001
    epoch 7: loss 0.6919447493761085, minutes 14.26, val_ap 0.5180318712145571, lr 0.001
    epoch 8: loss 0.6832252644695515, minutes 16.36, val_ap 0.5237551423866753, lr 0.001
    epoch 9: loss 0.6882934885662656, minutes 18.45, val_ap 0.539122479327174, lr 0.001
    epoch 10: loss 0.6680589827687241, minutes 20.53, val_ap 0.5155759118574674, lr 0.001
    epoch 11: loss 0.6628257375816966, minutes 22.63, val_ap 0.5226971975704777, lr 0.001
    epoch 12: loss 0.65625901199704, minutes 24.68, val_ap 0.5064304230915867, lr 0.001
    epoch 13: loss 0.6598241693491853, minutes 26.77, val_ap 0.5315345685476625, lr 0.001
    epoch 14: loss 0.6467649261575452, minutes 28.84, val_ap 0.5258109946245466, lr 0.001
    epoch 15: loss 0.6484989344553892, minutes 30.94, val_ap 0.5359359945457156, lr 0.001
    epoch 16: loss 0.6403250786973986, minutes 33.08, val_ap 0.5222349335368633, lr 0.001
    epoch 17: loss 0.6521695350664992, minutes 35.14, val_ap 0.5285356769222463, lr 0.001
    epoch 18: loss 0.6297342996004709, minutes 37.22, val_ap 0.5350856267729229, lr 0.0005
    epoch 19: loss 0.6055318968760413, minutes 39.3, val_ap 0.5433393719203453, lr 0.0005
    epoch 20: loss 0.6051487065851688, minutes 41.33, val_ap 0.5560571955627883, lr 0.0005
    epoch 21: loss 0.5919113727503045, minutes 43.38, val_ap 0.5444951092624771, lr 0.0005
    epoch 22: loss 0.5863151380489039, minutes 45.41, val_ap 0.567371892497414, lr 0.0005
    epoch 23: loss 0.5983451471425766, minutes 47.45, val_ap 0.5624384987188826, lr 0.0005
    epoch 24: loss 0.5824947889980882, minutes 49.56, val_ap 0.5533991084650968, lr 0.0005
    epoch 25: loss 0.582617566076129, minutes 51.64, val_ap 0.5616404760214503, lr 0.0005
    epoch 26: loss 0.5741450296238412, minutes 53.62, val_ap 0.5551988771514329, lr 0.0005
    epoch 27: loss 0.5819395904017742, minutes 55.7, val_ap 0.572300571860525, lr 0.0005
    epoch 28: loss 0.5714837472972482, minutes 57.73, val_ap 0.5639620637078899, lr 0.0005
    epoch 29: loss 0.5691013793612636, minutes 59.75, val_ap 0.5602312010574111, lr 0.0005
    epoch 30: loss 0.5811519151510194, minutes 61.76, val_ap 0.5643571065049059, lr 0.0005
    epoch 31: loss 0.5698257978399133, minutes 63.84, val_ap 0.5604851318097656, lr 0.0005
    epoch 32: loss 0.5566542474336402, minutes 65.92, val_ap 0.5542685973310422, lr 0.0005
    epoch 33: loss 0.5604997577448917, minutes 67.96, val_ap 0.5503147526214497, lr 0.0005
    epoch 34: loss 0.544754023122233, minutes 70.04, val_ap 0.5493710332187813, lr 0.0005
    epoch 35: loss 0.5491814847255863, minutes 72.1, val_ap 0.5663714419331128, lr 0.0005
    epoch 36: loss 0.5469126321028831, minutes 74.1, val_ap 0.559970149456084, lr 0.00025
    epoch 37: loss 0.5221911686104398, minutes 76.1, val_ap 0.553919558958439, lr 0.00025
    epoch 38: loss 0.5184037590529337, minutes 78.23, val_ap 0.5489258707027006, lr 0.00025
    epoch 39: loss 0.5117009888121555, minutes 80.27, val_ap 0.5570877914108442, lr 0.00025
    epoch 40: loss 0.5168101872469104, minutes 82.37, val_ap 0.5557824858875221, lr 0.00025
    epoch 41: loss 0.5181597182743771, minutes 84.48, val_ap 0.5574566530993931, lr 0.00025
    epoch 42: loss 0.5108747165216956, minutes 86.52, val_ap 0.5518420515216648, lr 0.00025
    epoch 43: loss 0.4985520155277363, minutes 88.59, val_ap 0.5590459865274766, lr 0.00025
    epoch 44: loss 0.5076114180129628, minutes 90.64, val_ap 0.5653581792736477, lr 0.00025
    epoch 45: loss 0.5089229196093457, minutes 92.68, val_ap 0.5546934994752304, lr 0.000125
    epoch 46: loss 0.4921017780813367, minutes 94.71, val_ap 0.5553991965417115, lr 0.000125
    epoch 47: loss 0.4777565683389819, minutes 96.74, val_ap 0.5531626456778588, lr 0.000125
    epoch 48: loss 0.4832034638628017, minutes 98.78, val_ap 0.5477771539119398, lr 0.000125
    epoch 49: loss 0.4858634869546391, minutes 100.81, val_ap 0.5515133036603788, lr 0.000125
    epoch 50: loss 0.4806048102503599, minutes 102.85, val_ap 0.5478214487379273, lr 0.000125
    epoch 51: loss 0.4697632086571566, minutes 104.88, val_ap 0.5466730343963839, lr 0.000125
    stopping: no validation gain in 25 epochs
[set_transformer dataset0 fold 3] done (109.0 min)
