loaded: dataset0 121,838 sites, data1 90,452
[deepset_hand pooled_both fold 0]
    epoch 1: loss 1.0842566832774827, minutes 0.3, val_ap 0.36443408895420437, lr 0.00033389355742296915
    epoch 2: loss 0.8519508522097804, minutes 0.62, val_ap 0.3998901767267377, lr 0.0006672268907563025
    epoch 3: loss 0.8218106306901499, minutes 0.92, val_ap 0.39896862994107896, lr 0.001
    epoch 4: loss 0.8095879510671151, minutes 1.23, val_ap 0.4086404393527525, lr 0.001
    epoch 5: loss 0.7947849606766421, minutes 1.51, val_ap 0.40811380820606863, lr 0.001
    epoch 6: loss 0.7873884337288993, minutes 1.81, val_ap 0.40931956735789643, lr 0.001
    epoch 7: loss 0.7748215324237567, minutes 2.11, val_ap 0.41446525098174897, lr 0.001
    epoch 8: loss 0.7672328007822277, minutes 2.42, val_ap 0.4088688115299524, lr 0.001
    epoch 9: loss 0.7565807465745621, minutes 2.73, val_ap 0.41199984706568027, lr 0.001
    epoch 10: loss 0.7503325472358896, minutes 3.06, val_ap 0.424303545440485, lr 0.001
    epoch 11: loss 0.7428541413876188, minutes 3.37, val_ap 0.42685617329708314, lr 0.001
    epoch 12: loss 0.7335473706241415, minutes 3.69, val_ap 0.4214235087907983, lr 0.001
    epoch 13: loss 0.7265034967109937, minutes 4.0, val_ap 0.4161164894331742, lr 0.001
    epoch 14: loss 0.7186678799761443, minutes 4.31, val_ap 0.4173213062149222, lr 0.001
    epoch 15: loss 0.7131317955105244, minutes 4.62, val_ap 0.41923714588663186, lr 0.001
    epoch 16: loss 0.7026609523957517, minutes 4.93, val_ap 0.4108386021529636, lr 0.001
    epoch 17: loss 0.6956810484413339, minutes 5.24, val_ap 0.41725463069783825, lr 0.001
    epoch 18: loss 0.6888316646844399, minutes 5.56, val_ap 0.41399488875186297, lr 0.001
    epoch 19: loss 0.6793513377173608, minutes 5.87, val_ap 0.40481686656852556, lr 0.001
    epoch 20: loss 0.6727112041301087, minutes 6.18, val_ap 0.4051877789951014, lr 0.0005
    epoch 21: loss 0.6407792449999257, minutes 6.51, val_ap 0.4032247856329193, lr 0.0005
    epoch 22: loss 0.6322023682233666, minutes 6.82, val_ap 0.4002080099634115, lr 0.0005
    epoch 23: loss 0.6259203984456904, minutes 7.14, val_ap 0.406572373308017, lr 0.0005
    epoch 24: loss 0.6168039044412245, minutes 7.44, val_ap 0.40080835253977354, lr 0.0005
    epoch 25: loss 0.609638760971422, minutes 7.74, val_ap 0.3952990457693977, lr 0.0005
    epoch 26: loss 0.6041329238094202, minutes 8.04, val_ap 0.40123957375167674, lr 0.0005
    epoch 27: loss 0.6002046912157235, minutes 8.31, val_ap 0.4059516037673974, lr 0.0005
    epoch 28: loss 0.5914201595202213, minutes 8.62, val_ap 0.39884313598273047, lr 0.0005
    epoch 29: loss 0.5870812112042884, minutes 8.93, val_ap 0.39819210105990044, lr 0.00025
    epoch 30: loss 0.565172196486417, minutes 9.27, val_ap 0.3954312810554206, lr 0.00025
    epoch 31: loss 0.5552275486353064, minutes 9.58, val_ap 0.3969921497336985, lr 0.00025
    epoch 32: loss 0.5516180664050478, minutes 9.87, val_ap 0.39673172727546824, lr 0.00025
    epoch 33: loss 0.5491722907839703, minutes 10.15, val_ap 0.3913104084504932, lr 0.00025
    epoch 34: loss 0.5425565501221088, minutes 10.47, val_ap 0.38904798147368697, lr 0.00025
    epoch 35: loss 0.5380544813240276, minutes 10.79, val_ap 0.39334128065845236, lr 0.00025
    stopping: no validation gain in 25 epochs
[deepset_hand pooled_both fold 0] done (11.3 min)
