loaded: dataset0 121,838 sites, data1 90,452
[fk_band_shuffled dataset0 fold 0 seed 2]
    band weights [0.395, 0.347, 0.258] (bands ((0, 30), (30, 75), (75, 150)))
    epoch 1: loss 1.9657, val_ap 0.1764, minutes 0.45, lr 3.33e-04
    epoch 2: loss 1.5892, val_ap 0.2831, minutes 1.0, lr 6.63e-04
    epoch 3: loss 1.3290, val_ap 0.4194, minutes 1.56, lr 9.88e-04
    epoch 4: loss 1.1813, val_ap 0.4758, minutes 2.02, lr 1.00e-03
    epoch 5: loss 1.1102, val_ap 0.4833, minutes 2.57, lr 1.00e-03
    epoch 6: loss 1.0916, val_ap 0.5027, minutes 3.05, lr 1.00e-03
    epoch 7: loss 1.0307, val_ap 0.5087, minutes 3.56, lr 1.00e-03
    epoch 8: loss 1.0388, val_ap 0.5224, minutes 4.08, lr 1.00e-03
    epoch 9: loss 0.9856, val_ap 0.5267, minutes 4.57, lr 1.00e-03
    epoch 10: loss 0.9685, val_ap 0.5395, minutes 5.17, lr 1.00e-03
    epoch 11: loss 0.9582, val_ap 0.5476, minutes 5.66, lr 1.00e-03
    epoch 12: loss 0.9488, val_ap 0.5503, minutes 6.22, lr 1.00e-03
    epoch 13: loss 0.9587, val_ap 0.5457, minutes 6.71, lr 1.00e-03
    epoch 14: loss 0.9183, val_ap 0.5559, minutes 7.22, lr 1.00e-03
    epoch 15: loss 0.9433, val_ap 0.5517, minutes 7.73, lr 1.00e-03
    epoch 16: loss 0.9312, val_ap 0.5493, minutes 8.25, lr 1.00e-03
    epoch 17: loss 0.9384, val_ap 0.5488, minutes 8.73, lr 1.00e-03
    epoch 18: loss 0.9065, val_ap 0.5599, minutes 9.22, lr 1.00e-03
    epoch 19: loss 0.9045, val_ap 0.5592, minutes 9.75, lr 1.00e-03
    epoch 20: loss 0.9097, val_ap 0.5612, minutes 10.26, lr 1.00e-03
    epoch 21: loss 0.8884, val_ap 0.5545, minutes 10.76, lr 1.00e-03
    epoch 22: loss 0.8999, val_ap 0.5538, minutes 11.24, lr 1.00e-03
    epoch 23: loss 0.8909, val_ap 0.5593, minutes 11.76, lr 1.00e-03
    epoch 24: loss 0.8984, val_ap 0.5755, minutes 12.27, lr 1.00e-03
    epoch 25: loss 0.8703, val_ap 0.5640, minutes 12.76, lr 1.00e-03
    epoch 26: loss 0.8875, val_ap 0.5530, minutes 13.3, lr 1.00e-03
    epoch 27: loss 0.8844, val_ap 0.5645, minutes 13.82, lr 1.00e-03
    epoch 28: loss 0.8760, val_ap 0.5638, minutes 14.34, lr 1.00e-03
    epoch 29: loss 0.8634, val_ap 0.5694, minutes 14.85, lr 1.00e-03
    epoch 30: loss 0.8553, val_ap 0.5745, minutes 15.35, lr 1.00e-03
    epoch 31: loss 0.8709, val_ap 0.5774, minutes 15.86, lr 1.00e-03
    epoch 32: loss 0.8453, val_ap 0.5745, minutes 16.32, lr 1.00e-03
    epoch 33: loss 0.8733, val_ap 0.5781, minutes 16.81, lr 1.00e-03
    epoch 34: loss 0.8396, val_ap 0.5741, minutes 17.3, lr 1.00e-03
    epoch 35: loss 0.8290, val_ap 0.5832, minutes 17.82, lr 1.00e-03
    epoch 36: loss 0.8346, val_ap 0.5800, minutes 18.3, lr 1.00e-03
    epoch 37: loss 0.8529, val_ap 0.5788, minutes 18.8, lr 1.00e-03
    epoch 38: loss 0.8233, val_ap 0.5780, minutes 19.31, lr 1.00e-03
    epoch 39: loss 0.8426, val_ap 0.5759, minutes 19.79, lr 1.00e-03
    epoch 40: loss 0.8468, val_ap 0.5798, minutes 20.29, lr 1.00e-03
    epoch 41: loss 0.8191, val_ap 0.5758, minutes 20.76, lr 1.00e-03
    epoch 42: loss 0.8089, val_ap 0.5818, minutes 21.25, lr 1.00e-03
    epoch 43: loss 0.7981, val_ap 0.5876, minutes 21.73, lr 1.00e-03
    epoch 44: loss 0.8203, val_ap 0.5816, minutes 22.24, lr 1.00e-03
    epoch 45: loss 0.8112, val_ap 0.5784, minutes 22.77, lr 1.00e-03
    epoch 46: loss 0.8029, val_ap 0.5872, minutes 23.3, lr 1.00e-03
    epoch 47: loss 0.8044, val_ap 0.5886, minutes 23.83, lr 1.00e-03
    epoch 48: loss 0.8023, val_ap 0.5798, minutes 24.35, lr 1.00e-03
    epoch 49: loss 0.8026, val_ap 0.5840, minutes 24.83, lr 1.00e-03
    epoch 50: loss 0.8175, val_ap 0.5825, minutes 25.32, lr 1.00e-03
    epoch 51: loss 0.7968, val_ap 0.5860, minutes 25.83, lr 1.00e-03
    epoch 52: loss 0.7748, val_ap 0.6001, minutes 26.31, lr 1.00e-03
    epoch 53: loss 0.7874, val_ap 0.5857, minutes 26.83, lr 1.00e-03
    epoch 54: loss 0.7757, val_ap 0.5908, minutes 27.33, lr 1.00e-03
    epoch 55: loss 0.7697, val_ap 0.5964, minutes 27.83, lr 1.00e-03
    epoch 56: loss 0.7864, val_ap 0.5988, minutes 28.32, lr 1.00e-03
    epoch 57: loss 0.7942, val_ap 0.5874, minutes 28.81, lr 1.00e-03
    epoch 58: loss 0.7630, val_ap 0.5890, minutes 29.31, lr 1.00e-03
    epoch 59: loss 0.7675, val_ap 0.5912, minutes 29.79, lr 1.00e-03
    epoch 60: loss 0.8065, val_ap 0.5953, minutes 30.28, lr 1.00e-03
    epoch 61: loss 0.7732, val_ap 0.5977, minutes 30.77, lr 5.00e-04
    epoch 62: loss 0.7370, val_ap 0.5980, minutes 31.27, lr 5.00e-04
    epoch 63: loss 0.7426, val_ap 0.5957, minutes 31.75, lr 5.00e-04
    epoch 64: loss 0.7225, val_ap 0.6000, minutes 32.24, lr 5.00e-04
    epoch 65: loss 0.7528, val_ap 0.5952, minutes 32.74, lr 5.00e-04
    epoch 66: loss 0.7511, val_ap 0.6052, minutes 33.24, lr 5.00e-04
    epoch 67: loss 0.7239, val_ap 0.5981, minutes 33.72, lr 5.00e-04
    epoch 68: loss 0.7241, val_ap 0.5996, minutes 34.19, lr 5.00e-04
    epoch 69: loss 0.7383, val_ap 0.6023, minutes 34.69, lr 5.00e-04
    epoch 70: loss 0.7384, val_ap 0.5969, minutes 35.2, lr 5.00e-04
    epoch 71: loss 0.7310, val_ap 0.5897, minutes 35.66, lr 5.00e-04
    epoch 72: loss 0.7312, val_ap 0.5963, minutes 36.14, lr 5.00e-04
    epoch 73: loss 0.7198, val_ap 0.5920, minutes 36.65, lr 5.00e-04
    epoch 74: loss 0.7194, val_ap 0.5917, minutes 37.13, lr 5.00e-04
    epoch 75: loss 0.7217, val_ap 0.5980, minutes 37.66, lr 2.50e-04
    epoch 76: loss 0.7077, val_ap 0.5898, minutes 38.16, lr 2.50e-04
    epoch 77: loss 0.7129, val_ap 0.5951, minutes 38.65, lr 2.50e-04
    epoch 78: loss 0.7053, val_ap 0.5983, minutes 39.1, lr 2.50e-04
    epoch 79: loss 0.6931, val_ap 0.5958, minutes 39.61, lr 2.50e-04
    epoch 80: loss 0.6961, val_ap 0.5945, minutes 40.11, lr 2.50e-04
    epoch 81: loss 0.7037, val_ap 0.5899, minutes 40.61, lr 2.50e-04
    epoch 82: loss 0.6931, val_ap 0.5946, minutes 41.09, lr 2.50e-04
    epoch 83: loss 0.7017, val_ap 0.5967, minutes 41.58, lr 2.50e-04
    epoch 84: loss 0.7046, val_ap 0.5941, minutes 42.06, lr 1.25e-04
    epoch 85: loss 0.6946, val_ap 0.5888, minutes 42.54, lr 1.25e-04
    epoch 86: loss 0.6896, val_ap 0.5925, minutes 43.04, lr 1.25e-04
    epoch 87: loss 0.6887, val_ap 0.5932, minutes 43.54, lr 1.25e-04
    epoch 88: loss 0.7025, val_ap 0.5941, minutes 44.05, lr 1.25e-04
    epoch 89: loss 0.6835, val_ap 0.5935, minutes 44.51, lr 1.25e-04
    epoch 90: loss 0.6924, val_ap 0.5948, minutes 45.01, lr 1.25e-04
    epoch 91: loss 0.6991, val_ap 0.5952, minutes 45.48, lr 1.25e-04
    stopping: no validation gain in 25 epochs
[fk_band_shuffled dataset0 fold 0 seed 2] done (46.2 min)
