loaded: dataset0 121,838 sites, data1 90,452
[h2gcn_aux dataset0 fold 3 seed 1]
    epoch 1: loss 1.9649, val_ap 0.1490, minutes 0.54, lr 3.33e-04
    epoch 2: loss 1.6002, val_ap 0.2149, minutes 1.09, lr 6.63e-04
    epoch 3: loss 1.3438, val_ap 0.3874, minutes 1.62, lr 9.92e-04
    epoch 4: loss 1.2130, val_ap 0.4436, minutes 2.16, lr 1.00e-03
    epoch 5: loss 1.1265, val_ap 0.4717, minutes 2.69, lr 1.00e-03
    epoch 6: loss 1.0847, val_ap 0.4876, minutes 3.23, lr 1.00e-03
    epoch 7: loss 1.0735, val_ap 0.4815, minutes 3.77, lr 1.00e-03
    epoch 8: loss 1.0423, val_ap 0.5011, minutes 4.33, lr 1.00e-03
    epoch 9: loss 1.0287, val_ap 0.5062, minutes 4.88, lr 1.00e-03
    epoch 10: loss 1.0063, val_ap 0.5125, minutes 5.41, lr 1.00e-03
    epoch 11: loss 0.9872, val_ap 0.5099, minutes 5.99, lr 1.00e-03
    epoch 12: loss 0.9812, val_ap 0.5118, minutes 6.57, lr 1.00e-03
    epoch 13: loss 0.9742, val_ap 0.5147, minutes 7.15, lr 1.00e-03
    epoch 14: loss 0.9723, val_ap 0.5080, minutes 7.72, lr 1.00e-03
    epoch 15: loss 0.9634, val_ap 0.5087, minutes 8.27, lr 1.00e-03
    epoch 16: loss 0.9338, val_ap 0.5265, minutes 8.81, lr 1.00e-03
    epoch 17: loss 0.9329, val_ap 0.5282, minutes 9.36, lr 1.00e-03
    epoch 18: loss 0.9280, val_ap 0.5271, minutes 9.92, lr 1.00e-03
    epoch 19: loss 0.9228, val_ap 0.5289, minutes 10.47, lr 1.00e-03
    epoch 20: loss 0.9115, val_ap 0.5337, minutes 11.03, lr 1.00e-03
    epoch 21: loss 0.8960, val_ap 0.5162, minutes 11.58, lr 1.00e-03
    epoch 22: loss 0.9248, val_ap 0.5494, minutes 12.12, lr 1.00e-03
    epoch 23: loss 0.9080, val_ap 0.5449, minutes 12.67, lr 1.00e-03
    epoch 24: loss 0.9143, val_ap 0.5521, minutes 13.22, lr 1.00e-03
    epoch 25: loss 0.8787, val_ap 0.5480, minutes 13.73, lr 1.00e-03
    epoch 26: loss 0.8695, val_ap 0.5470, minutes 14.31, lr 1.00e-03
    epoch 27: loss 0.8842, val_ap 0.5495, minutes 14.88, lr 1.00e-03
    epoch 28: loss 0.8879, val_ap 0.5486, minutes 15.44, lr 1.00e-03
    epoch 29: loss 0.8669, val_ap 0.5576, minutes 15.98, lr 1.00e-03
    epoch 30: loss 0.8661, val_ap 0.5620, minutes 16.51, lr 1.00e-03
    epoch 31: loss 0.8634, val_ap 0.5515, minutes 17.09, lr 1.00e-03
    epoch 32: loss 0.8893, val_ap 0.5536, minutes 17.66, lr 1.00e-03
    epoch 33: loss 0.8744, val_ap 0.5545, minutes 18.22, lr 1.00e-03
    epoch 34: loss 0.8453, val_ap 0.5630, minutes 18.75, lr 1.00e-03
    epoch 35: loss 0.8635, val_ap 0.5590, minutes 19.28, lr 1.00e-03
    epoch 36: loss 0.8547, val_ap 0.5615, minutes 19.8, lr 1.00e-03
    epoch 37: loss 0.8562, val_ap 0.5621, minutes 20.3, lr 1.00e-03
    epoch 38: loss 0.8365, val_ap 0.5665, minutes 20.86, lr 1.00e-03
    epoch 39: loss 0.8543, val_ap 0.5628, minutes 21.38, lr 1.00e-03
    epoch 40: loss 0.8409, val_ap 0.5741, minutes 21.94, lr 1.00e-03
    epoch 41: loss 0.8392, val_ap 0.5711, minutes 22.5, lr 1.00e-03
    epoch 42: loss 0.8274, val_ap 0.5801, minutes 23.06, lr 1.00e-03
    epoch 43: loss 0.8172, val_ap 0.5721, minutes 23.61, lr 1.00e-03
    epoch 44: loss 0.8236, val_ap 0.5783, minutes 24.14, lr 1.00e-03
    epoch 45: loss 0.8112, val_ap 0.5788, minutes 24.67, lr 1.00e-03
    epoch 46: loss 0.8148, val_ap 0.5792, minutes 25.19, lr 1.00e-03
    epoch 47: loss 0.8089, val_ap 0.5732, minutes 25.72, lr 1.00e-03
    epoch 48: loss 0.8172, val_ap 0.5766, minutes 26.28, lr 1.00e-03
    epoch 49: loss 0.7932, val_ap 0.5871, minutes 26.8, lr 1.00e-03
    epoch 50: loss 0.7910, val_ap 0.5801, minutes 27.34, lr 1.00e-03
    epoch 51: loss 0.8067, val_ap 0.5836, minutes 27.86, lr 1.00e-03
    epoch 52: loss 0.8280, val_ap 0.5822, minutes 28.37, lr 1.00e-03
    epoch 53: loss 0.8585, val_ap 0.5684, minutes 28.89, lr 1.00e-03
    epoch 54: loss 0.8002, val_ap 0.5862, minutes 29.42, lr 1.00e-03
    epoch 55: loss 0.7871, val_ap 0.5786, minutes 29.98, lr 1.00e-03
    epoch 56: loss 0.7967, val_ap 0.5868, minutes 30.54, lr 1.00e-03
    epoch 57: loss 0.7897, val_ap 0.5902, minutes 31.09, lr 1.00e-03
    epoch 58: loss 0.7902, val_ap 0.5925, minutes 31.64, lr 1.00e-03
    epoch 59: loss 0.7722, val_ap 0.5913, minutes 32.21, lr 1.00e-03
    epoch 60: loss 0.7856, val_ap 0.5967, minutes 32.7, lr 1.00e-03
    epoch 61: loss 0.7892, val_ap 0.5859, minutes 33.28, lr 1.00e-03
    epoch 62: loss 0.7725, val_ap 0.5811, minutes 33.85, lr 1.00e-03
    epoch 63: loss 0.7611, val_ap 0.5916, minutes 34.35, lr 1.00e-03
    epoch 64: loss 0.7585, val_ap 0.5931, minutes 34.86, lr 1.00e-03
    epoch 65: loss 0.7630, val_ap 0.5842, minutes 35.37, lr 1.00e-03
    epoch 66: loss 0.7472, val_ap 0.5984, minutes 35.9, lr 1.00e-03
    epoch 67: loss 0.7421, val_ap 0.5975, minutes 36.47, lr 1.00e-03
    epoch 68: loss 0.7695, val_ap 0.6011, minutes 36.98, lr 1.00e-03
    epoch 69: loss 0.7459, val_ap 0.5905, minutes 37.49, lr 1.00e-03
    epoch 70: loss 0.7443, val_ap 0.5872, minutes 38.02, lr 1.00e-03
    epoch 71: loss 0.7620, val_ap 0.5779, minutes 38.51, lr 1.00e-03
    epoch 72: loss 0.7473, val_ap 0.5893, minutes 39.0, lr 1.00e-03
    epoch 73: loss 0.7390, val_ap 0.5924, minutes 39.49, lr 1.00e-03
    epoch 74: loss 0.7358, val_ap 0.5920, minutes 40.03, lr 1.00e-03
    epoch 75: loss 0.7305, val_ap 0.5747, minutes 40.53, lr 1.00e-03
    epoch 76: loss 0.7445, val_ap 0.5969, minutes 41.04, lr 1.00e-03
    epoch 77: loss 0.7125, val_ap 0.5951, minutes 41.58, lr 5.00e-04
    epoch 78: loss 0.6941, val_ap 0.5984, minutes 42.06, lr 5.00e-04
    epoch 79: loss 0.6965, val_ap 0.5949, minutes 42.57, lr 5.00e-04
    epoch 80: loss 0.7077, val_ap 0.5943, minutes 43.07, lr 5.00e-04
    epoch 81: loss 0.6920, val_ap 0.5952, minutes 43.59, lr 5.00e-04
    epoch 82: loss 0.6965, val_ap 0.5917, minutes 44.09, lr 5.00e-04
    epoch 83: loss 0.6952, val_ap 0.5981, minutes 44.62, lr 5.00e-04
    epoch 84: loss 0.7036, val_ap 0.5954, minutes 45.12, lr 5.00e-04
    epoch 85: loss 0.6908, val_ap 0.5991, minutes 45.64, lr 5.00e-04
    epoch 86: loss 0.6909, val_ap 0.5964, minutes 46.16, lr 2.50e-04
    epoch 87: loss 0.6748, val_ap 0.6026, minutes 46.66, lr 2.50e-04
    epoch 88: loss 0.6766, val_ap 0.5965, minutes 47.18, lr 2.50e-04
    epoch 89: loss 0.6648, val_ap 0.5931, minutes 47.69, lr 2.50e-04
    epoch 90: loss 0.6718, val_ap 0.5966, minutes 48.2, lr 2.50e-04
    epoch 91: loss 0.6701, val_ap 0.5941, minutes 48.72, lr 2.50e-04
    epoch 92: loss 0.6558, val_ap 0.5996, minutes 49.22, lr 2.50e-04
    epoch 93: loss 0.6601, val_ap 0.5957, minutes 49.73, lr 2.50e-04
    epoch 94: loss 0.6734, val_ap 0.5914, minutes 50.26, lr 2.50e-04
    epoch 95: loss 0.6649, val_ap 0.5932, minutes 50.76, lr 2.50e-04
    epoch 96: loss 0.6588, val_ap 0.5956, minutes 51.29, lr 1.25e-04
    epoch 97: loss 0.6551, val_ap 0.5956, minutes 51.84, lr 1.25e-04
    epoch 98: loss 0.6563, val_ap 0.5973, minutes 52.36, lr 1.25e-04
    epoch 99: loss 0.6605, val_ap 0.5960, minutes 52.88, lr 1.25e-04
    epoch 100: loss 0.6536, val_ap 0.5939, minutes 53.4, lr 1.25e-04
    epoch 101: loss 0.6645, val_ap 0.5972, minutes 53.89, lr 1.25e-04
    epoch 102: loss 0.6458, val_ap 0.5982, minutes 54.41, lr 1.25e-04
    epoch 103: loss 0.6564, val_ap 0.5976, minutes 54.91, lr 1.25e-04
    epoch 104: loss 0.6601, val_ap 0.5961, minutes 55.43, lr 1.25e-04
    epoch 105: loss 0.6570, val_ap 0.5974, minutes 55.92, lr 6.25e-05
    epoch 106: loss 0.6685, val_ap 0.5966, minutes 56.41, lr 6.25e-05
    epoch 107: loss 0.6384, val_ap 0.5972, minutes 56.89, lr 6.25e-05
    epoch 108: loss 0.6459, val_ap 0.5968, minutes 57.39, lr 6.25e-05
    epoch 109: loss 0.6420, val_ap 0.5956, minutes 57.95, lr 6.25e-05
    epoch 110: loss 0.6350, val_ap 0.5957, minutes 58.47, lr 6.25e-05
    epoch 111: loss 0.6389, val_ap 0.5955, minutes 59.02, lr 6.25e-05
    epoch 112: loss 0.6405, val_ap 0.5951, minutes 59.55, lr 6.25e-05
    stopping: no validation gain in 25 epochs
[h2gcn_aux dataset0 fold 3 seed 1] done (60.3 min)
