loaded: dataset0 121,838 sites, data1 90,452
[scalar_msg pooled_both fold 3]
    kernel decay scale 113.4 nt (fitted to cell line 1 training labels)
    epoch 1: loss 1.9159, val_ap 0.1278, minutes 0.78, lr 3.31e-04
    epoch 2: loss 1.5867, val_ap 0.2459, minutes 1.47, lr 6.60e-04
    epoch 3: loss 1.4401, val_ap 0.3845, minutes 2.2, lr 9.89e-04
    epoch 4: loss 1.3276, val_ap 0.4329, minutes 2.93, lr 1.00e-03
    epoch 5: loss 1.2710, val_ap 0.4423, minutes 3.66, lr 1.00e-03
    epoch 6: loss 1.2441, val_ap 0.4503, minutes 4.44, lr 1.00e-03
    epoch 7: loss 1.2309, val_ap 0.4541, minutes 5.25, lr 1.00e-03
    epoch 8: loss 1.2331, val_ap 0.4641, minutes 6.01, lr 1.00e-03
    epoch 9: loss 1.2145, val_ap 0.4696, minutes 6.74, lr 1.00e-03
    epoch 10: loss 1.2089, val_ap 0.4720, minutes 7.53, lr 1.00e-03
    epoch 11: loss 1.2047, val_ap 0.4682, minutes 8.28, lr 1.00e-03
    epoch 12: loss 1.1999, val_ap 0.4757, minutes 9.01, lr 1.00e-03
    epoch 13: loss 1.1925, val_ap 0.4782, minutes 9.74, lr 1.00e-03
    epoch 14: loss 1.1917, val_ap 0.4793, minutes 10.47, lr 1.00e-03
    epoch 15: loss 1.1844, val_ap 0.4807, minutes 11.2, lr 1.00e-03
    epoch 16: loss 1.1817, val_ap 0.4843, minutes 12.0, lr 1.00e-03
    epoch 17: loss 1.1780, val_ap 0.4867, minutes 12.73, lr 1.00e-03
    epoch 18: loss 1.1805, val_ap 0.4829, minutes 13.42, lr 1.00e-03
    epoch 19: loss 1.1772, val_ap 0.4873, minutes 14.14, lr 1.00e-03
    epoch 20: loss 1.1653, val_ap 0.4860, minutes 14.88, lr 1.00e-03
    epoch 21: loss 1.1717, val_ap 0.4888, minutes 15.66, lr 1.00e-03
    epoch 22: loss 1.1633, val_ap 0.4890, minutes 16.43, lr 1.00e-03
    epoch 23: loss 1.1698, val_ap 0.4933, minutes 17.23, lr 1.00e-03
    epoch 24: loss 1.1517, val_ap 0.4919, minutes 18.02, lr 1.00e-03
    epoch 25: loss 1.1506, val_ap 0.4873, minutes 18.84, lr 1.00e-03
    epoch 26: loss 1.1559, val_ap 0.4893, minutes 19.71, lr 1.00e-03
    epoch 27: loss 1.1525, val_ap 0.4953, minutes 20.52, lr 1.00e-03
    epoch 28: loss 1.1465, val_ap 0.4927, minutes 21.33, lr 1.00e-03
    epoch 29: loss 1.1452, val_ap 0.4976, minutes 22.15, lr 1.00e-03
    epoch 30: loss 1.1400, val_ap 0.4978, minutes 22.96, lr 1.00e-03
    epoch 31: loss 1.1458, val_ap 0.4991, minutes 23.76, lr 1.00e-03
    epoch 32: loss 1.1414, val_ap 0.4970, minutes 24.59, lr 1.00e-03
    epoch 33: loss 1.1304, val_ap 0.4969, minutes 25.41, lr 1.00e-03
    epoch 34: loss 1.1321, val_ap 0.4918, minutes 26.21, lr 1.00e-03
    epoch 35: loss 1.1217, val_ap 0.5032, minutes 27.0, lr 1.00e-03
    epoch 36: loss 1.1226, val_ap 0.5021, minutes 27.75, lr 1.00e-03
    epoch 37: loss 1.1231, val_ap 0.4998, minutes 28.53, lr 1.00e-03
    epoch 38: loss 1.1143, val_ap 0.5036, minutes 29.33, lr 1.00e-03
    epoch 39: loss 1.1153, val_ap 0.4989, minutes 30.06, lr 1.00e-03
    epoch 40: loss 1.1281, val_ap 0.5022, minutes 30.87, lr 1.00e-03
    epoch 41: loss 1.1170, val_ap 0.5020, minutes 31.67, lr 1.00e-03
    epoch 42: loss 1.1156, val_ap 0.5014, minutes 32.56, lr 1.00e-03
    epoch 43: loss 1.1071, val_ap 0.5043, minutes 33.36, lr 1.00e-03
    epoch 44: loss 1.1119, val_ap 0.4986, minutes 34.17, lr 1.00e-03
    epoch 45: loss 1.1030, val_ap 0.5028, minutes 34.98, lr 1.00e-03
    epoch 46: loss 1.1011, val_ap 0.5050, minutes 35.68, lr 1.00e-03
    epoch 47: loss 1.1064, val_ap 0.4949, minutes 36.49, lr 1.00e-03
    epoch 48: loss 1.0977, val_ap 0.4904, minutes 37.42, lr 1.00e-03
    epoch 49: loss 1.0956, val_ap 0.5007, minutes 38.22, lr 1.00e-03
    epoch 50: loss 1.0984, val_ap 0.5070, minutes 39.1, lr 1.00e-03
    epoch 51: loss 1.0907, val_ap 0.5088, minutes 39.9, lr 1.00e-03
    epoch 52: loss 1.0933, val_ap 0.5009, minutes 40.7, lr 1.00e-03
    epoch 53: loss 1.0885, val_ap 0.4905, minutes 41.51, lr 1.00e-03
    epoch 54: loss 1.0867, val_ap 0.4905, minutes 42.34, lr 1.00e-03
    epoch 55: loss 1.0877, val_ap 0.5011, minutes 43.16, lr 1.00e-03
    epoch 56: loss 1.0910, val_ap 0.4927, minutes 44.06, lr 1.00e-03
    epoch 57: loss 1.0863, val_ap 0.4854, minutes 44.85, lr 1.00e-03
    epoch 58: loss 1.0788, val_ap 0.5052, minutes 45.77, lr 1.00e-03
    epoch 59: loss 1.0781, val_ap 0.5073, minutes 46.6, lr 1.00e-03
    epoch 60: loss 1.0812, val_ap 0.5014, minutes 47.43, lr 5.00e-04
    epoch 61: loss 1.0683, val_ap 0.4982, minutes 48.26, lr 5.00e-04
    epoch 62: loss 1.0583, val_ap 0.4960, minutes 49.0, lr 5.00e-04
    epoch 63: loss 1.0552, val_ap 0.4996, minutes 49.72, lr 5.00e-04
    epoch 64: loss 1.0559, val_ap 0.5023, minutes 50.51, lr 5.00e-04
    epoch 65: loss 1.0549, val_ap 0.4939, minutes 51.28, lr 5.00e-04
    epoch 66: loss 1.0516, val_ap 0.4872, minutes 52.11, lr 5.00e-04
    epoch 67: loss 1.0470, val_ap 0.4830, minutes 52.96, lr 5.00e-04
    epoch 68: loss 1.0503, val_ap 0.4894, minutes 53.75, lr 5.00e-04
    epoch 69: loss 1.0495, val_ap 0.4953, minutes 54.56, lr 2.50e-04
    epoch 70: loss 1.0395, val_ap 0.4926, minutes 55.3, lr 2.50e-04
    epoch 71: loss 1.0332, val_ap 0.4910, minutes 56.07, lr 2.50e-04
    epoch 72: loss 1.0230, val_ap 0.4910, minutes 56.81, lr 2.50e-04
    epoch 73: loss 1.0322, val_ap 0.4970, minutes 57.63, lr 2.50e-04
    epoch 74: loss 1.0350, val_ap 0.4953, minutes 58.43, lr 2.50e-04
    epoch 75: loss 1.0287, val_ap 0.4947, minutes 59.22, lr 2.50e-04
    epoch 76: loss 1.0372, val_ap 0.4925, minutes 60.0, lr 2.50e-04
    stopping: no validation gain in 25 epochs
[scalar_msg pooled_both fold 3] done (60.8 min)
