loaded: dataset0 121,838 sites, data1 90,452
[gcn dataset0 fold 2 seed 1]
    epoch 1: loss 1.3182, val_ap 0.1158, minutes 0.57, lr 3.33e-04
    epoch 2: loss 1.2847, val_ap 0.1004, minutes 1.12, lr 6.59e-04
    epoch 3: loss 1.1803, val_ap 0.1614, minutes 1.68, lr 9.89e-04
    epoch 4: loss 1.0560, val_ap 0.2748, minutes 2.24, lr 1.00e-03
    epoch 5: loss 0.9614, val_ap 0.3222, minutes 2.86, lr 1.00e-03
    epoch 6: loss 0.8770, val_ap 0.3288, minutes 3.45, lr 1.00e-03
    epoch 7: loss 0.8520, val_ap 0.3326, minutes 4.06, lr 1.00e-03
    epoch 8: loss 0.8878, val_ap 0.3323, minutes 4.66, lr 1.00e-03
    epoch 9: loss 0.8397, val_ap 0.3376, minutes 5.28, lr 1.00e-03
    epoch 10: loss 0.8421, val_ap 0.3416, minutes 5.9, lr 1.00e-03
    epoch 11: loss 0.8258, val_ap 0.3433, minutes 6.5, lr 1.00e-03
    epoch 12: loss 0.8099, val_ap 0.3435, minutes 7.1, lr 1.00e-03
    epoch 13: loss 0.8101, val_ap 0.3430, minutes 7.71, lr 1.00e-03
    epoch 14: loss 0.8020, val_ap 0.3430, minutes 8.26, lr 1.00e-03
    epoch 15: loss 0.7946, val_ap 0.3441, minutes 8.81, lr 1.00e-03
    epoch 16: loss 0.7798, val_ap 0.3465, minutes 9.42, lr 1.00e-03
    epoch 17: loss 0.7791, val_ap 0.3415, minutes 10.02, lr 1.00e-03
    epoch 18: loss 0.7696, val_ap 0.3433, minutes 10.61, lr 1.00e-03
    epoch 19: loss 0.7801, val_ap 0.3467, minutes 11.17, lr 1.00e-03
    epoch 20: loss 0.7614, val_ap 0.3469, minutes 11.73, lr 1.00e-03
    epoch 21: loss 0.7657, val_ap 0.3489, minutes 12.34, lr 1.00e-03
    epoch 22: loss 0.7644, val_ap 0.3453, minutes 12.92, lr 1.00e-03
    epoch 23: loss 0.7726, val_ap 0.3507, minutes 13.52, lr 1.00e-03
    epoch 24: loss 0.7605, val_ap 0.3472, minutes 14.15, lr 1.00e-03
    epoch 25: loss 0.7483, val_ap 0.3472, minutes 14.76, lr 1.00e-03
    epoch 26: loss 0.7565, val_ap 0.3487, minutes 15.36, lr 1.00e-03
    epoch 27: loss 0.7522, val_ap 0.3459, minutes 15.94, lr 1.00e-03
    epoch 28: loss 0.7335, val_ap 0.3467, minutes 16.52, lr 1.00e-03
    epoch 29: loss 0.7606, val_ap 0.3502, minutes 17.09, lr 1.00e-03
    epoch 30: loss 0.7312, val_ap 0.3478, minutes 17.69, lr 1.00e-03
    epoch 31: loss 0.7366, val_ap 0.3463, minutes 18.3, lr 1.00e-03
    epoch 32: loss 0.7453, val_ap 0.3504, minutes 18.9, lr 5.00e-04
    epoch 33: loss 0.7125, val_ap 0.3505, minutes 19.49, lr 5.00e-04
    epoch 34: loss 0.7251, val_ap 0.3496, minutes 20.11, lr 5.00e-04
    epoch 35: loss 0.7115, val_ap 0.3485, minutes 20.72, lr 5.00e-04
    epoch 36: loss 0.7083, val_ap 0.3498, minutes 21.32, lr 5.00e-04
    epoch 37: loss 0.7122, val_ap 0.3508, minutes 21.95, lr 5.00e-04
    epoch 38: loss 0.7127, val_ap 0.3495, minutes 22.53, lr 5.00e-04
    epoch 39: loss 0.7226, val_ap 0.3530, minutes 23.09, lr 5.00e-04
    epoch 40: loss 0.7084, val_ap 0.3507, minutes 23.66, lr 5.00e-04
    epoch 41: loss 0.7069, val_ap 0.3526, minutes 24.24, lr 5.00e-04
    epoch 42: loss 0.7058, val_ap 0.3556, minutes 24.85, lr 5.00e-04
    epoch 43: loss 0.6940, val_ap 0.3512, minutes 25.43, lr 5.00e-04
    epoch 44: loss 0.7068, val_ap 0.3491, minutes 26.02, lr 5.00e-04
    epoch 45: loss 0.7228, val_ap 0.3524, minutes 26.64, lr 5.00e-04
    epoch 46: loss 0.7254, val_ap 0.3534, minutes 27.19, lr 5.00e-04
    epoch 47: loss 0.7045, val_ap 0.3503, minutes 27.8, lr 5.00e-04
    epoch 48: loss 0.7166, val_ap 0.3503, minutes 28.39, lr 5.00e-04
    epoch 49: loss 0.7086, val_ap 0.3515, minutes 28.98, lr 5.00e-04
    epoch 50: loss 0.7016, val_ap 0.3463, minutes 29.53, lr 5.00e-04
    epoch 51: loss 0.7045, val_ap 0.3495, minutes 30.13, lr 2.50e-04
    epoch 52: loss 0.6886, val_ap 0.3495, minutes 30.71, lr 2.50e-04
    epoch 53: loss 0.7019, val_ap 0.3516, minutes 31.27, lr 2.50e-04
    epoch 54: loss 0.6942, val_ap 0.3515, minutes 31.86, lr 2.50e-04
    epoch 55: loss 0.6975, val_ap 0.3519, minutes 32.44, lr 2.50e-04
    epoch 56: loss 0.6777, val_ap 0.3487, minutes 32.99, lr 2.50e-04
    epoch 57: loss 0.6843, val_ap 0.3505, minutes 33.53, lr 2.50e-04
    epoch 58: loss 0.6787, val_ap 0.3516, minutes 34.1, lr 2.50e-04
    epoch 59: loss 0.6857, val_ap 0.3503, minutes 34.66, lr 2.50e-04
    epoch 60: loss 0.6820, val_ap 0.3482, minutes 35.24, lr 1.25e-04
    epoch 61: loss 0.6753, val_ap 0.3492, minutes 35.8, lr 1.25e-04
    epoch 62: loss 0.6744, val_ap 0.3498, minutes 36.39, lr 1.25e-04
    epoch 63: loss 0.6796, val_ap 0.3486, minutes 36.98, lr 1.25e-04
    epoch 64: loss 0.6780, val_ap 0.3480, minutes 37.55, lr 1.25e-04
    epoch 65: loss 0.6815, val_ap 0.3474, minutes 38.12, lr 1.25e-04
    epoch 66: loss 0.6815, val_ap 0.3491, minutes 38.67, lr 1.25e-04
    epoch 67: loss 0.6780, val_ap 0.3488, minutes 39.27, lr 1.25e-04
    stopping: no validation gain in 25 epochs
[gcn dataset0 fold 2 seed 1] done (40.0 min)
