loaded: dataset0 121,838 sites, data1 90,452
[gcn pooled_both fold 3]
    epoch 1: loss 1.3107, val_ap 0.0905, minutes 0.81, lr 3.31e-04
    epoch 2: loss 1.2454, val_ap 0.1386, minutes 1.64, lr 6.60e-04
    epoch 3: loss 1.1191, val_ap 0.2583, minutes 2.44, lr 9.89e-04
    epoch 4: loss 1.0048, val_ap 0.2817, minutes 3.26, lr 1.00e-03
    epoch 5: loss 0.9774, val_ap 0.2886, minutes 4.05, lr 1.00e-03
    epoch 6: loss 0.9574, val_ap 0.2931, minutes 4.81, lr 1.00e-03
    epoch 7: loss 0.9485, val_ap 0.2971, minutes 5.61, lr 1.00e-03
    epoch 8: loss 0.9377, val_ap 0.2987, minutes 6.39, lr 1.00e-03
    epoch 9: loss 0.9267, val_ap 0.3024, minutes 7.15, lr 1.00e-03
    epoch 10: loss 0.9239, val_ap 0.3005, minutes 7.96, lr 1.00e-03
    epoch 11: loss 0.9228, val_ap 0.2988, minutes 8.73, lr 1.00e-03
    epoch 12: loss 0.9166, val_ap 0.3020, minutes 9.56, lr 1.00e-03
    epoch 13: loss 0.9156, val_ap 0.3039, minutes 10.33, lr 1.00e-03
    epoch 14: loss 0.9144, val_ap 0.3045, minutes 11.14, lr 1.00e-03
    epoch 15: loss 0.9074, val_ap 0.3072, minutes 11.95, lr 1.00e-03
    epoch 16: loss 0.9027, val_ap 0.3099, minutes 12.77, lr 1.00e-03
    epoch 17: loss 0.9056, val_ap 0.3107, minutes 13.55, lr 1.00e-03
    epoch 18: loss 0.9044, val_ap 0.3118, minutes 14.3, lr 1.00e-03
    epoch 19: loss 0.8998, val_ap 0.3108, minutes 15.06, lr 1.00e-03
    epoch 20: loss 0.8870, val_ap 0.3154, minutes 15.85, lr 1.00e-03
    epoch 21: loss 0.8883, val_ap 0.3131, minutes 16.61, lr 1.00e-03
    epoch 22: loss 0.8946, val_ap 0.3151, minutes 17.41, lr 1.00e-03
    epoch 23: loss 0.8919, val_ap 0.3180, minutes 18.24, lr 1.00e-03
    epoch 24: loss 0.8805, val_ap 0.3133, minutes 18.99, lr 1.00e-03
    epoch 25: loss 0.8845, val_ap 0.3161, minutes 19.8, lr 1.00e-03
    epoch 26: loss 0.8744, val_ap 0.3151, minutes 20.56, lr 1.00e-03
    epoch 27: loss 0.8804, val_ap 0.3183, minutes 21.35, lr 1.00e-03
    epoch 28: loss 0.8741, val_ap 0.3188, minutes 22.15, lr 1.00e-03
    epoch 29: loss 0.8789, val_ap 0.3222, minutes 22.92, lr 1.00e-03
    epoch 30: loss 0.8706, val_ap 0.3187, minutes 23.69, lr 1.00e-03
    epoch 31: loss 0.8792, val_ap 0.3178, minutes 24.5, lr 1.00e-03
    epoch 32: loss 0.8661, val_ap 0.3213, minutes 25.34, lr 1.00e-03
    epoch 33: loss 0.8658, val_ap 0.3263, minutes 26.13, lr 1.00e-03
    epoch 34: loss 0.8637, val_ap 0.3190, minutes 26.89, lr 1.00e-03
    epoch 35: loss 0.8590, val_ap 0.3238, minutes 27.68, lr 1.00e-03
    epoch 36: loss 0.8591, val_ap 0.3215, minutes 28.5, lr 1.00e-03
    epoch 37: loss 0.8551, val_ap 0.3250, minutes 29.29, lr 1.00e-03
    epoch 38: loss 0.8570, val_ap 0.3218, minutes 30.09, lr 1.00e-03
    epoch 39: loss 0.8611, val_ap 0.3248, minutes 30.89, lr 1.00e-03
    epoch 40: loss 0.8680, val_ap 0.3162, minutes 31.66, lr 1.00e-03
    epoch 41: loss 0.8579, val_ap 0.3231, minutes 32.43, lr 1.00e-03
    epoch 42: loss 0.8565, val_ap 0.3230, minutes 33.24, lr 5.00e-04
    epoch 43: loss 0.8440, val_ap 0.3231, minutes 33.99, lr 5.00e-04
    epoch 44: loss 0.8417, val_ap 0.3252, minutes 34.81, lr 5.00e-04
    epoch 45: loss 0.8362, val_ap 0.3235, minutes 35.59, lr 5.00e-04
    epoch 46: loss 0.8369, val_ap 0.3245, minutes 36.42, lr 5.00e-04
    epoch 47: loss 0.8320, val_ap 0.3237, minutes 37.2, lr 5.00e-04
    epoch 48: loss 0.8386, val_ap 0.3261, minutes 37.98, lr 5.00e-04
    epoch 49: loss 0.8340, val_ap 0.3208, minutes 38.77, lr 5.00e-04
    epoch 50: loss 0.8370, val_ap 0.3231, minutes 39.57, lr 5.00e-04
    epoch 51: loss 0.8302, val_ap 0.3199, minutes 40.37, lr 2.50e-04
    epoch 52: loss 0.8279, val_ap 0.3214, minutes 41.18, lr 2.50e-04
    epoch 53: loss 0.8269, val_ap 0.3212, minutes 41.99, lr 2.50e-04
    epoch 54: loss 0.8212, val_ap 0.3204, minutes 42.82, lr 2.50e-04
    epoch 55: loss 0.8252, val_ap 0.3225, minutes 43.61, lr 2.50e-04
    epoch 56: loss 0.8281, val_ap 0.3209, minutes 44.4, lr 2.50e-04
    epoch 57: loss 0.8263, val_ap 0.3218, minutes 45.21, lr 2.50e-04
    epoch 58: loss 0.8258, val_ap 0.3223, minutes 46.03, lr 2.50e-04
    stopping: no validation gain in 25 epochs
[gcn pooled_both fold 3] done (46.7 min)
