loaded: dataset0 121,838 sites, data1 90,452
[res_gate dataset0 fold 4]
    kernel decay scale 97.3 nt (fitted to cell line 1 training labels)
    epoch 1: loss 1.9589, val_ap 0.1458, minutes 0.61, lr 3.33e-04
    epoch 2: loss 1.5651, val_ap 0.2487, minutes 1.22, lr 6.63e-04
    epoch 3: loss 1.3676, val_ap 0.3851, minutes 1.85, lr 9.92e-04
    epoch 4: loss 1.2236, val_ap 0.4612, minutes 2.44, lr 1.00e-03
    epoch 5: loss 1.1495, val_ap 0.4873, minutes 3.02, lr 1.00e-03
    epoch 6: loss 1.1322, val_ap 0.4716, minutes 3.67, lr 1.00e-03
    epoch 7: loss 1.0622, val_ap 0.4999, minutes 4.25, lr 1.00e-03
    epoch 8: loss 1.0607, val_ap 0.5076, minutes 4.84, lr 1.00e-03
    epoch 9: loss 1.0503, val_ap 0.5257, minutes 5.42, lr 1.00e-03
    epoch 10: loss 1.0173, val_ap 0.5239, minutes 6.01, lr 1.00e-03
    epoch 11: loss 1.0291, val_ap 0.5296, minutes 6.61, lr 1.00e-03
    epoch 12: loss 0.9905, val_ap 0.5320, minutes 7.2, lr 1.00e-03
    epoch 13: loss 0.9843, val_ap 0.5458, minutes 7.82, lr 1.00e-03
    epoch 14: loss 0.9707, val_ap 0.5357, minutes 8.42, lr 1.00e-03
    epoch 15: loss 0.9633, val_ap 0.5385, minutes 9.01, lr 1.00e-03
    epoch 16: loss 0.9714, val_ap 0.5390, minutes 9.61, lr 1.00e-03
    epoch 17: loss 0.9498, val_ap 0.5448, minutes 10.25, lr 1.00e-03
    epoch 18: loss 0.9485, val_ap 0.5410, minutes 10.82, lr 1.00e-03
    epoch 19: loss 0.9415, val_ap 0.5533, minutes 11.43, lr 1.00e-03
    epoch 20: loss 0.9776, val_ap 0.5491, minutes 12.01, lr 1.00e-03
    epoch 21: loss 0.9249, val_ap 0.5573, minutes 12.65, lr 1.00e-03
    epoch 22: loss 0.9304, val_ap 0.5573, minutes 13.23, lr 1.00e-03
    epoch 23: loss 0.9561, val_ap 0.5437, minutes 13.88, lr 1.00e-03
    epoch 24: loss 0.9704, val_ap 0.5436, minutes 14.47, lr 1.00e-03
    epoch 25: loss 0.9252, val_ap 0.5490, minutes 15.07, lr 1.00e-03
    epoch 26: loss 0.9186, val_ap 0.5568, minutes 15.66, lr 1.00e-03
    epoch 27: loss 0.9143, val_ap 0.5531, minutes 16.21, lr 1.00e-03
    epoch 28: loss 0.9132, val_ap 0.5581, minutes 16.83, lr 1.00e-03
    epoch 29: loss 0.9110, val_ap 0.5626, minutes 17.42, lr 1.00e-03
    epoch 30: loss 0.8959, val_ap 0.5604, minutes 18.1, lr 1.00e-03
    epoch 31: loss 0.8934, val_ap 0.5612, minutes 18.75, lr 1.00e-03
    epoch 32: loss 0.8920, val_ap 0.5670, minutes 19.38, lr 1.00e-03
    epoch 33: loss 0.8780, val_ap 0.5692, minutes 20.0, lr 1.00e-03
    epoch 34: loss 0.9003, val_ap 0.5693, minutes 20.58, lr 1.00e-03
    epoch 35: loss 0.9087, val_ap 0.5669, minutes 21.19, lr 1.00e-03
    epoch 36: loss 0.8847, val_ap 0.5666, minutes 21.81, lr 1.00e-03
    epoch 37: loss 0.9094, val_ap 0.5677, minutes 22.39, lr 1.00e-03
    epoch 38: loss 0.8769, val_ap 0.5734, minutes 23.09, lr 1.00e-03
    epoch 39: loss 0.8775, val_ap 0.5738, minutes 23.69, lr 1.00e-03
    epoch 40: loss 0.8715, val_ap 0.5764, minutes 24.27, lr 1.00e-03
    epoch 41: loss 0.8567, val_ap 0.5746, minutes 24.93, lr 1.00e-03
    epoch 42: loss 0.8692, val_ap 0.5765, minutes 25.51, lr 1.00e-03
    epoch 43: loss 0.8832, val_ap 0.5747, minutes 26.16, lr 1.00e-03
    epoch 44: loss 0.8547, val_ap 0.5800, minutes 26.8, lr 1.00e-03
    epoch 45: loss 0.8689, val_ap 0.5808, minutes 27.42, lr 1.00e-03
    epoch 46: loss 0.8683, val_ap 0.5733, minutes 28.01, lr 1.00e-03
    epoch 47: loss 0.8397, val_ap 0.5845, minutes 28.6, lr 1.00e-03
    epoch 48: loss 0.8498, val_ap 0.5871, minutes 29.24, lr 1.00e-03
    epoch 49: loss 0.8715, val_ap 0.5849, minutes 29.86, lr 1.00e-03
    epoch 50: loss 0.8448, val_ap 0.5853, minutes 30.48, lr 1.00e-03
    epoch 51: loss 0.8573, val_ap 0.5866, minutes 31.09, lr 1.00e-03
    epoch 52: loss 0.8641, val_ap 0.5869, minutes 31.66, lr 1.00e-03
    epoch 53: loss 0.8492, val_ap 0.5842, minutes 32.28, lr 1.00e-03
    epoch 54: loss 0.8400, val_ap 0.5900, minutes 32.86, lr 1.00e-03
    epoch 55: loss 0.8331, val_ap 0.5925, minutes 33.44, lr 1.00e-03
    epoch 56: loss 0.8434, val_ap 0.5951, minutes 34.07, lr 1.00e-03
    epoch 57: loss 0.8312, val_ap 0.5816, minutes 34.67, lr 1.00e-03
    epoch 58: loss 0.8399, val_ap 0.5961, minutes 35.25, lr 1.00e-03
    epoch 59: loss 0.8423, val_ap 0.5877, minutes 35.86, lr 1.00e-03
    epoch 60: loss 0.8352, val_ap 0.5919, minutes 36.44, lr 1.00e-03
    epoch 61: loss 0.8269, val_ap 0.5814, minutes 37.01, lr 1.00e-03
    epoch 62: loss 0.8382, val_ap 0.5935, minutes 37.6, lr 1.00e-03
    epoch 63: loss 0.8313, val_ap 0.5953, minutes 38.18, lr 1.00e-03
    epoch 64: loss 0.8217, val_ap 0.6003, minutes 38.79, lr 1.00e-03
    epoch 65: loss 0.8203, val_ap 0.5998, minutes 39.39, lr 1.00e-03
    epoch 66: loss 0.8416, val_ap 0.5820, minutes 39.98, lr 1.00e-03
    epoch 67: loss 0.8181, val_ap 0.5944, minutes 40.57, lr 1.00e-03
    epoch 68: loss 0.8060, val_ap 0.5866, minutes 41.19, lr 1.00e-03
    epoch 69: loss 0.8175, val_ap 0.5988, minutes 41.81, lr 1.00e-03
    epoch 70: loss 0.8034, val_ap 0.5991, minutes 42.43, lr 1.00e-03
    epoch 71: loss 0.7853, val_ap 0.5996, minutes 43.07, lr 1.00e-03
    epoch 72: loss 0.8190, val_ap 0.5955, minutes 43.63, lr 1.00e-03
    epoch 73: loss 0.8087, val_ap 0.6006, minutes 44.26, lr 1.00e-03
    epoch 74: loss 0.8178, val_ap 0.5962, minutes 44.84, lr 1.00e-03
    epoch 75: loss 0.7943, val_ap 0.6015, minutes 45.34, lr 1.00e-03
    epoch 76: loss 0.7992, val_ap 0.6014, minutes 45.83, lr 1.00e-03
    epoch 77: loss 0.7961, val_ap 0.6015, minutes 46.34, lr 1.00e-03
    epoch 78: loss 0.7846, val_ap 0.6053, minutes 46.82, lr 1.00e-03
    epoch 79: loss 0.8070, val_ap 0.6002, minutes 47.29, lr 1.00e-03
    epoch 80: loss 0.7872, val_ap 0.5940, minutes 47.77, lr 1.00e-03
    epoch 81: loss 0.7907, val_ap 0.5960, minutes 48.24, lr 1.00e-03
    epoch 82: loss 0.7909, val_ap 0.5992, minutes 48.71, lr 1.00e-03
    epoch 83: loss 0.7890, val_ap 0.5720, minutes 49.2, lr 1.00e-03
    epoch 84: loss 0.7967, val_ap 0.6068, minutes 49.67, lr 1.00e-03
    epoch 85: loss 0.7679, val_ap 0.5920, minutes 50.17, lr 1.00e-03
    epoch 86: loss 0.7734, val_ap 0.5947, minutes 50.64, lr 1.00e-03
    epoch 87: loss 0.7939, val_ap 0.5956, minutes 51.11, lr 1.00e-03
    epoch 88: loss 0.7632, val_ap 0.6013, minutes 51.65, lr 1.00e-03
    epoch 89: loss 0.7663, val_ap 0.6072, minutes 52.15, lr 1.00e-03
    epoch 90: loss 0.7597, val_ap 0.5956, minutes 52.62, lr 1.00e-03
    epoch 91: loss 0.7673, val_ap 0.5979, minutes 53.12, lr 1.00e-03
    epoch 92: loss 0.7742, val_ap 0.5982, minutes 53.59, lr 1.00e-03
    epoch 93: loss 0.7481, val_ap 0.5993, minutes 54.11, lr 1.00e-03
    epoch 94: loss 0.7773, val_ap 0.5973, minutes 54.63, lr 1.00e-03
    epoch 95: loss 0.7578, val_ap 0.6030, minutes 55.13, lr 1.00e-03
    epoch 96: loss 0.7538, val_ap 0.6011, minutes 55.62, lr 1.00e-03
    epoch 97: loss 0.7814, val_ap 0.5855, minutes 56.09, lr 1.00e-03
    epoch 98: loss 0.7495, val_ap 0.5994, minutes 56.61, lr 5.00e-04
    epoch 99: loss 0.7265, val_ap 0.6075, minutes 57.09, lr 5.00e-04
    epoch 100: loss 0.7399, val_ap 0.6002, minutes 57.6, lr 5.00e-04
    epoch 101: loss 0.7371, val_ap 0.6056, minutes 58.1, lr 5.00e-04
    epoch 102: loss 0.7313, val_ap 0.6035, minutes 58.57, lr 5.00e-04
    epoch 103: loss 0.7348, val_ap 0.6054, minutes 59.07, lr 5.00e-04
    epoch 104: loss 0.7288, val_ap 0.6016, minutes 59.59, lr 5.00e-04
    epoch 105: loss 0.7161, val_ap 0.6044, minutes 60.04, lr 5.00e-04
    epoch 106: loss 0.7157, val_ap 0.6035, minutes 60.52, lr 5.00e-04
    epoch 107: loss 0.7097, val_ap 0.5969, minutes 61.02, lr 5.00e-04
    epoch 108: loss 0.7118, val_ap 0.6004, minutes 61.53, lr 2.50e-04
    epoch 109: loss 0.7065, val_ap 0.5980, minutes 62.01, lr 2.50e-04
    epoch 110: loss 0.6953, val_ap 0.5985, minutes 62.52, lr 2.50e-04
    epoch 111: loss 0.6930, val_ap 0.6006, minutes 63.01, lr 2.50e-04
    epoch 112: loss 0.6902, val_ap 0.5966, minutes 63.48, lr 2.50e-04
    epoch 113: loss 0.6938, val_ap 0.5970, minutes 63.99, lr 2.50e-04
    epoch 114: loss 0.6977, val_ap 0.5972, minutes 64.47, lr 2.50e-04
    epoch 115: loss 0.6947, val_ap 0.5938, minutes 64.95, lr 2.50e-04
    epoch 116: loss 0.6780, val_ap 0.5932, minutes 65.49, lr 2.50e-04
    epoch 117: loss 0.6897, val_ap 0.5978, minutes 66.01, lr 1.25e-04
    epoch 118: loss 0.6736, val_ap 0.5955, minutes 66.53, lr 1.25e-04
    epoch 119: loss 0.6863, val_ap 0.5985, minutes 67.09, lr 1.25e-04
    epoch 120: loss 0.6710, val_ap 0.5954, minutes 67.56, lr 1.25e-04
    epoch 121: loss 0.6827, val_ap 0.5952, minutes 68.06, lr 1.25e-04
    epoch 122: loss 0.6789, val_ap 0.5957, minutes 68.55, lr 1.25e-04
    epoch 123: loss 0.6716, val_ap 0.5947, minutes 69.06, lr 1.25e-04
    epoch 124: loss 0.6869, val_ap 0.5964, minutes 69.52, lr 1.25e-04
    stopping: no validation gain in 25 epochs
[res_gate dataset0 fold 4] done (70.3 min)
