loaded: dataset0 121,838 sites, data1 90,452
[res_nogate pooled_both fold 4 seed 2]
    kernel decay scale 97.3 nt (fitted to cell line 1 training labels)
    epoch 1: loss 1.8970, val_ap 0.1591, minutes 0.79, lr 3.31e-04
    epoch 2: loss 1.5680, val_ap 0.2952, minutes 1.64, lr 6.60e-04
    epoch 3: loss 1.4171, val_ap 0.4292, minutes 2.44, lr 9.89e-04
    epoch 4: loss 1.3354, val_ap 0.4517, minutes 3.29, lr 1.00e-03
    epoch 5: loss 1.2861, val_ap 0.4624, minutes 4.15, lr 1.00e-03
    epoch 6: loss 1.2670, val_ap 0.4655, minutes 5.01, lr 1.00e-03
    epoch 7: loss 1.2532, val_ap 0.4730, minutes 5.83, lr 1.00e-03
    epoch 8: loss 1.2498, val_ap 0.4696, minutes 6.62, lr 1.00e-03
    epoch 9: loss 1.2411, val_ap 0.4852, minutes 7.39, lr 1.00e-03
    epoch 10: loss 1.2363, val_ap 0.4809, minutes 8.15, lr 1.00e-03
    epoch 11: loss 1.2306, val_ap 0.4872, minutes 8.91, lr 1.00e-03
    epoch 12: loss 1.2244, val_ap 0.4879, minutes 9.74, lr 1.00e-03
    epoch 13: loss 1.2275, val_ap 0.4863, minutes 10.62, lr 1.00e-03
    epoch 14: loss 1.2106, val_ap 0.4919, minutes 11.47, lr 1.00e-03
    epoch 15: loss 1.2033, val_ap 0.4900, minutes 12.32, lr 1.00e-03
    epoch 16: loss 1.2007, val_ap 0.4857, minutes 13.16, lr 1.00e-03
    epoch 17: loss 1.2027, val_ap 0.4840, minutes 13.98, lr 1.00e-03
    epoch 18: loss 1.1973, val_ap 0.4892, minutes 14.7, lr 1.00e-03
    epoch 19: loss 1.1950, val_ap 0.4890, minutes 15.49, lr 1.00e-03
    epoch 20: loss 1.1939, val_ap 0.4939, minutes 16.27, lr 1.00e-03
    epoch 21: loss 1.1835, val_ap 0.4993, minutes 17.04, lr 1.00e-03
    epoch 22: loss 1.1806, val_ap 0.4966, minutes 17.83, lr 1.00e-03
    epoch 23: loss 1.1776, val_ap 0.4925, minutes 18.69, lr 1.00e-03
    epoch 24: loss 1.1777, val_ap 0.4999, minutes 19.5, lr 1.00e-03
    epoch 25: loss 1.1845, val_ap 0.4988, minutes 20.32, lr 1.00e-03
    epoch 26: loss 1.1753, val_ap 0.4995, minutes 21.17, lr 1.00e-03
    epoch 27: loss 1.1658, val_ap 0.5021, minutes 21.98, lr 1.00e-03
    epoch 28: loss 1.1690, val_ap 0.4944, minutes 22.8, lr 1.00e-03
    epoch 29: loss 1.1676, val_ap 0.4992, minutes 23.63, lr 1.00e-03
    epoch 30: loss 1.1625, val_ap 0.4997, minutes 24.46, lr 1.00e-03
    epoch 31: loss 1.1590, val_ap 0.5026, minutes 25.28, lr 1.00e-03
    epoch 32: loss 1.1513, val_ap 0.5062, minutes 26.06, lr 1.00e-03
    epoch 33: loss 1.1491, val_ap 0.5037, minutes 26.88, lr 1.00e-03
    epoch 34: loss 1.1464, val_ap 0.5074, minutes 27.7, lr 1.00e-03
    epoch 35: loss 1.1499, val_ap 0.5067, minutes 28.48, lr 1.00e-03
    epoch 36: loss 1.1415, val_ap 0.5011, minutes 29.28, lr 1.00e-03
    epoch 37: loss 1.1411, val_ap 0.5078, minutes 30.06, lr 1.00e-03
    epoch 38: loss 1.1346, val_ap 0.5071, minutes 30.83, lr 1.00e-03
    epoch 39: loss 1.1386, val_ap 0.5083, minutes 31.63, lr 1.00e-03
    epoch 40: loss 1.1375, val_ap 0.5012, minutes 32.44, lr 1.00e-03
    epoch 41: loss 1.1338, val_ap 0.5079, minutes 33.24, lr 1.00e-03
    epoch 42: loss 1.1350, val_ap 0.5120, minutes 34.05, lr 1.00e-03
    epoch 43: loss 1.1261, val_ap 0.5072, minutes 34.91, lr 1.00e-03
    epoch 44: loss 1.1405, val_ap 0.5102, minutes 35.7, lr 1.00e-03
    epoch 45: loss 1.1246, val_ap 0.5014, minutes 36.53, lr 1.00e-03
    epoch 46: loss 1.1230, val_ap 0.5053, minutes 37.34, lr 1.00e-03
    epoch 47: loss 1.1201, val_ap 0.5029, minutes 38.17, lr 1.00e-03
    epoch 48: loss 1.1136, val_ap 0.5110, minutes 39.0, lr 1.00e-03
    epoch 49: loss 1.1148, val_ap 0.4997, minutes 39.85, lr 1.00e-03
    epoch 50: loss 1.1113, val_ap 0.5095, minutes 40.67, lr 1.00e-03
    epoch 51: loss 1.1015, val_ap 0.5087, minutes 41.5, lr 5.00e-04
    epoch 52: loss 1.0961, val_ap 0.5095, minutes 42.35, lr 5.00e-04
    epoch 53: loss 1.0996, val_ap 0.5114, minutes 43.2, lr 5.00e-04
    epoch 54: loss 1.0916, val_ap 0.5133, minutes 44.04, lr 5.00e-04
    epoch 55: loss 1.0853, val_ap 0.5032, minutes 44.84, lr 5.00e-04
    epoch 56: loss 1.0919, val_ap 0.5091, minutes 45.71, lr 5.00e-04
    epoch 57: loss 1.0867, val_ap 0.5123, minutes 46.52, lr 5.00e-04
    epoch 58: loss 1.0898, val_ap 0.5113, minutes 47.36, lr 5.00e-04
    epoch 59: loss 1.0873, val_ap 0.5127, minutes 48.16, lr 5.00e-04
    epoch 60: loss 1.0814, val_ap 0.5036, minutes 48.97, lr 5.00e-04
    epoch 61: loss 1.0820, val_ap 0.5087, minutes 49.78, lr 5.00e-04
    epoch 62: loss 1.0727, val_ap 0.5027, minutes 50.56, lr 5.00e-04
    epoch 63: loss 1.0741, val_ap 0.5064, minutes 51.44, lr 2.50e-04
    epoch 64: loss 1.0658, val_ap 0.5108, minutes 52.25, lr 2.50e-04
    epoch 65: loss 1.0612, val_ap 0.5056, minutes 53.1, lr 2.50e-04
    epoch 66: loss 1.0650, val_ap 0.5010, minutes 53.96, lr 2.50e-04
    epoch 67: loss 1.0612, val_ap 0.5085, minutes 54.84, lr 2.50e-04
    epoch 68: loss 1.0639, val_ap 0.5073, minutes 55.69, lr 2.50e-04
    epoch 69: loss 1.0586, val_ap 0.5066, minutes 56.51, lr 2.50e-04
    epoch 70: loss 1.0586, val_ap 0.5004, minutes 57.32, lr 2.50e-04
    epoch 71: loss 1.0604, val_ap 0.5008, minutes 58.17, lr 2.50e-04
    epoch 72: loss 1.0588, val_ap 0.5057, minutes 58.97, lr 1.25e-04
    epoch 73: loss 1.0509, val_ap 0.5012, minutes 59.79, lr 1.25e-04
    epoch 74: loss 1.0560, val_ap 0.5061, minutes 60.6, lr 1.25e-04
    epoch 75: loss 1.0686, val_ap 0.5048, minutes 61.38, lr 1.25e-04
    epoch 76: loss 1.0542, val_ap 0.5028, minutes 62.19, lr 1.25e-04
    epoch 77: loss 1.0502, val_ap 0.4963, minutes 62.99, lr 1.25e-04
    epoch 78: loss 1.0494, val_ap 0.4963, minutes 63.81, lr 1.25e-04
    epoch 79: loss 1.0497, val_ap 0.5020, minutes 64.69, lr 1.25e-04
    stopping: no validation gain in 25 epochs
[res_nogate pooled_both fold 4 seed 2] done (65.6 min)
