loaded: dataset0 121,838 sites, data1 90,452
[h2gcn_twohead pooled_both fold 3]
    epoch 1: loss 1.2690, val_ap 0.1418, minutes 0.9, lr 3.31e-04
    epoch 2: loss 1.0057, val_ap 0.3112, minutes 1.74, lr 6.60e-04
    epoch 3: loss 0.9007, val_ap 0.4089, minutes 2.6, lr 9.89e-04
    epoch 4: loss 0.8003, val_ap 0.4507, minutes 3.44, lr 1.00e-03
    epoch 5: loss 0.7551, val_ap 0.4586, minutes 4.15, lr 1.00e-03
    epoch 6: loss 0.7445, val_ap 0.4625, minutes 4.85, lr 1.00e-03
    epoch 7: loss 0.7281, val_ap 0.4629, minutes 5.55, lr 1.00e-03
    epoch 8: loss 0.7208, val_ap 0.4691, minutes 6.33, lr 1.00e-03
    epoch 9: loss 0.7044, val_ap 0.4732, minutes 7.11, lr 1.00e-03
    epoch 10: loss 0.6973, val_ap 0.4741, minutes 7.9, lr 1.00e-03
    epoch 11: loss 0.6952, val_ap 0.4703, minutes 8.71, lr 1.00e-03
    epoch 12: loss 0.6989, val_ap 0.4724, minutes 9.52, lr 1.00e-03
    epoch 13: loss 0.6894, val_ap 0.4764, minutes 10.29, lr 1.00e-03
    epoch 14: loss 0.6860, val_ap 0.4800, minutes 10.99, lr 1.00e-03
    epoch 15: loss 0.6780, val_ap 0.4783, minutes 11.7, lr 1.00e-03
    epoch 16: loss 0.6708, val_ap 0.4902, minutes 12.44, lr 1.00e-03
    epoch 17: loss 0.6783, val_ap 0.4880, minutes 13.21, lr 1.00e-03
    epoch 18: loss 0.6723, val_ap 0.4876, minutes 14.04, lr 1.00e-03
    epoch 19: loss 0.6694, val_ap 0.4937, minutes 14.83, lr 1.00e-03
    epoch 20: loss 0.6647, val_ap 0.4927, minutes 15.59, lr 1.00e-03
    epoch 21: loss 0.6547, val_ap 0.4876, minutes 16.35, lr 1.00e-03
    epoch 22: loss 0.6603, val_ap 0.4936, minutes 17.13, lr 1.00e-03
    epoch 23: loss 0.6593, val_ap 0.5002, minutes 17.85, lr 1.00e-03
    epoch 24: loss 0.6447, val_ap 0.4988, minutes 18.62, lr 1.00e-03
    epoch 25: loss 0.6427, val_ap 0.4971, minutes 19.38, lr 1.00e-03
    epoch 26: loss 0.6432, val_ap 0.4998, minutes 20.18, lr 1.00e-03
    epoch 27: loss 0.6469, val_ap 0.5041, minutes 20.93, lr 1.00e-03
    epoch 28: loss 0.6318, val_ap 0.4990, minutes 21.68, lr 1.00e-03
    epoch 29: loss 0.6309, val_ap 0.4936, minutes 22.51, lr 1.00e-03
    epoch 30: loss 0.6267, val_ap 0.4898, minutes 23.29, lr 1.00e-03
    epoch 31: loss 0.6317, val_ap 0.4986, minutes 24.09, lr 1.00e-03
    epoch 32: loss 0.6250, val_ap 0.5012, minutes 24.91, lr 1.00e-03
    epoch 33: loss 0.6157, val_ap 0.4986, minutes 25.66, lr 1.00e-03
    epoch 34: loss 0.6125, val_ap 0.4899, minutes 26.39, lr 1.00e-03
    epoch 35: loss 0.6102, val_ap 0.5047, minutes 27.13, lr 1.00e-03
    epoch 36: loss 0.6081, val_ap 0.5041, minutes 27.94, lr 1.00e-03
    epoch 37: loss 0.6003, val_ap 0.4992, minutes 28.65, lr 1.00e-03
    epoch 38: loss 0.5995, val_ap 0.4975, minutes 29.44, lr 1.00e-03
    epoch 39: loss 0.6006, val_ap 0.4967, minutes 30.22, lr 1.00e-03
    epoch 40: loss 0.6033, val_ap 0.5058, minutes 31.03, lr 1.00e-03
    epoch 41: loss 0.5909, val_ap 0.5085, minutes 31.77, lr 1.00e-03
    epoch 42: loss 0.5910, val_ap 0.5023, minutes 32.57, lr 1.00e-03
    epoch 43: loss 0.5822, val_ap 0.5072, minutes 33.34, lr 1.00e-03
    epoch 44: loss 0.5816, val_ap 0.4880, minutes 34.09, lr 1.00e-03
    epoch 45: loss 0.5739, val_ap 0.5068, minutes 34.84, lr 1.00e-03
    epoch 46: loss 0.5653, val_ap 0.4988, minutes 35.62, lr 1.00e-03
    epoch 47: loss 0.5724, val_ap 0.4841, minutes 36.4, lr 1.00e-03
    epoch 48: loss 0.5636, val_ap 0.4799, minutes 37.15, lr 1.00e-03
    epoch 49: loss 0.5668, val_ap 0.4682, minutes 37.86, lr 1.00e-03
    epoch 50: loss 0.5582, val_ap 0.4928, minutes 38.59, lr 5.00e-04
    epoch 51: loss 0.5409, val_ap 0.4964, minutes 39.3, lr 5.00e-04
    epoch 52: loss 0.5372, val_ap 0.4907, minutes 40.08, lr 5.00e-04
    epoch 53: loss 0.5302, val_ap 0.4944, minutes 40.78, lr 5.00e-04
    epoch 54: loss 0.5235, val_ap 0.4739, minutes 41.57, lr 5.00e-04
    epoch 55: loss 0.5225, val_ap 0.4879, minutes 42.39, lr 5.00e-04
    epoch 56: loss 0.5246, val_ap 0.4895, minutes 43.23, lr 5.00e-04
    epoch 57: loss 0.5232, val_ap 0.4830, minutes 44.02, lr 5.00e-04
    epoch 58: loss 0.5183, val_ap 0.4891, minutes 44.84, lr 5.00e-04
    epoch 59: loss 0.5139, val_ap 0.4686, minutes 45.66, lr 2.50e-04
    epoch 60: loss 0.5057, val_ap 0.4782, minutes 46.4, lr 2.50e-04
    epoch 61: loss 0.5023, val_ap 0.4737, minutes 47.24, lr 2.50e-04
    epoch 62: loss 0.4948, val_ap 0.4628, minutes 48.0, lr 2.50e-04
    epoch 63: loss 0.4987, val_ap 0.4673, minutes 48.82, lr 2.50e-04
    epoch 64: loss 0.4941, val_ap 0.4779, minutes 49.6, lr 2.50e-04
    epoch 65: loss 0.4955, val_ap 0.4636, minutes 50.38, lr 2.50e-04
    epoch 66: loss 0.4942, val_ap 0.4508, minutes 51.2, lr 2.50e-04
    stopping: no validation gain in 25 epochs
[h2gcn_twohead pooled_both fold 3] done (51.9 min)
