loaded: dataset0 121,838 sites, data1 90,452
[fk_kernel pooled_both fold 4 seed 1]
    kernel decay scale 97.3 nt (fitted to cell line 1 training labels)
    epoch 1: loss 1.8933, val_ap 0.1438, minutes 0.79, lr 3.31e-04
    epoch 2: loss 1.5616, val_ap 0.3013, minutes 1.63, lr 6.60e-04
    epoch 3: loss 1.3939, val_ap 0.4375, minutes 2.45, lr 9.89e-04
    epoch 4: loss 1.3032, val_ap 0.4582, minutes 3.23, lr 1.00e-03
    epoch 5: loss 1.2770, val_ap 0.4702, minutes 4.09, lr 1.00e-03
    epoch 6: loss 1.2558, val_ap 0.4670, minutes 5.0, lr 1.00e-03
    epoch 7: loss 1.2276, val_ap 0.4771, minutes 5.81, lr 1.00e-03
    epoch 8: loss 1.2150, val_ap 0.4746, minutes 6.65, lr 1.00e-03
    epoch 9: loss 1.2052, val_ap 0.4779, minutes 7.47, lr 1.00e-03
    epoch 10: loss 1.2159, val_ap 0.4832, minutes 8.33, lr 1.00e-03
    epoch 11: loss 1.1949, val_ap 0.4795, minutes 9.15, lr 1.00e-03
    epoch 12: loss 1.1815, val_ap 0.4868, minutes 9.95, lr 1.00e-03
    epoch 13: loss 1.1807, val_ap 0.4894, minutes 10.74, lr 1.00e-03
    epoch 14: loss 1.1762, val_ap 0.4855, minutes 11.47, lr 1.00e-03
    epoch 15: loss 1.1783, val_ap 0.4896, minutes 12.22, lr 1.00e-03
    epoch 16: loss 1.1703, val_ap 0.4891, minutes 13.09, lr 1.00e-03
    epoch 17: loss 1.1702, val_ap 0.4899, minutes 13.98, lr 1.00e-03
    epoch 18: loss 1.1636, val_ap 0.4937, minutes 14.84, lr 1.00e-03
    epoch 19: loss 1.1486, val_ap 0.4971, minutes 15.59, lr 1.00e-03
    epoch 20: loss 1.1503, val_ap 0.4954, minutes 16.37, lr 1.00e-03
    epoch 21: loss 1.1646, val_ap 0.4993, minutes 17.16, lr 1.00e-03
    epoch 22: loss 1.1458, val_ap 0.4930, minutes 17.92, lr 1.00e-03
    epoch 23: loss 1.1484, val_ap 0.5008, minutes 18.71, lr 1.00e-03
    epoch 24: loss 1.1411, val_ap 0.5006, minutes 19.47, lr 1.00e-03
    epoch 25: loss 1.1325, val_ap 0.5044, minutes 20.26, lr 1.00e-03
    epoch 26: loss 1.1354, val_ap 0.5020, minutes 21.1, lr 1.00e-03
    epoch 27: loss 1.1343, val_ap 0.5029, minutes 21.91, lr 1.00e-03
    epoch 28: loss 1.1300, val_ap 0.5018, minutes 22.72, lr 1.00e-03
    epoch 29: loss 1.1326, val_ap 0.5057, minutes 23.53, lr 1.00e-03
    epoch 30: loss 1.1076, val_ap 0.5081, minutes 24.28, lr 1.00e-03
    epoch 31: loss 1.1120, val_ap 0.5106, minutes 25.03, lr 1.00e-03
    epoch 32: loss 1.1060, val_ap 0.5073, minutes 25.76, lr 1.00e-03
    epoch 33: loss 1.1143, val_ap 0.5058, minutes 26.55, lr 1.00e-03
    epoch 34: loss 1.1015, val_ap 0.5043, minutes 27.36, lr 1.00e-03
    epoch 35: loss 1.0928, val_ap 0.5104, minutes 28.2, lr 1.00e-03
    epoch 36: loss 1.0990, val_ap 0.5100, minutes 28.97, lr 1.00e-03
    epoch 37: loss 1.1059, val_ap 0.5065, minutes 29.79, lr 1.00e-03
    epoch 38: loss 1.0907, val_ap 0.5042, minutes 30.5, lr 1.00e-03
    epoch 39: loss 1.0960, val_ap 0.5135, minutes 31.2, lr 1.00e-03
    epoch 40: loss 1.0844, val_ap 0.5091, minutes 31.9, lr 1.00e-03
    epoch 41: loss 1.0820, val_ap 0.5107, minutes 32.61, lr 1.00e-03
    epoch 42: loss 1.0879, val_ap 0.4906, minutes 33.41, lr 1.00e-03
    epoch 43: loss 1.0879, val_ap 0.5095, minutes 34.18, lr 1.00e-03
    epoch 44: loss 1.0755, val_ap 0.5088, minutes 34.94, lr 1.00e-03
    epoch 45: loss 1.0605, val_ap 0.5155, minutes 35.68, lr 1.00e-03
    epoch 46: loss 1.0647, val_ap 0.5042, minutes 36.42, lr 1.00e-03
    epoch 47: loss 1.0612, val_ap 0.4980, minutes 37.15, lr 1.00e-03
    epoch 48: loss 1.0546, val_ap 0.5013, minutes 37.92, lr 1.00e-03
    epoch 49: loss 1.0504, val_ap 0.4840, minutes 38.64, lr 1.00e-03
    epoch 50: loss 1.0503, val_ap 0.5127, minutes 39.4, lr 1.00e-03
    epoch 51: loss 1.0473, val_ap 0.5067, minutes 40.17, lr 1.00e-03
    epoch 52: loss 1.0467, val_ap 0.4827, minutes 40.88, lr 1.00e-03
    epoch 53: loss 1.0397, val_ap 0.5071, minutes 41.6, lr 1.00e-03
    epoch 54: loss 1.0400, val_ap 0.5068, minutes 42.32, lr 5.00e-04
    epoch 55: loss 1.0161, val_ap 0.4978, minutes 43.12, lr 5.00e-04
    epoch 56: loss 1.0122, val_ap 0.5010, minutes 43.88, lr 5.00e-04
    epoch 57: loss 1.0139, val_ap 0.4930, minutes 44.64, lr 5.00e-04
    epoch 58: loss 1.0106, val_ap 0.5039, minutes 45.39, lr 5.00e-04
    epoch 59: loss 1.0026, val_ap 0.4965, minutes 46.18, lr 5.00e-04
    epoch 60: loss 0.9968, val_ap 0.5022, minutes 46.96, lr 5.00e-04
    epoch 61: loss 1.0007, val_ap 0.4928, minutes 47.69, lr 5.00e-04
    epoch 62: loss 1.0001, val_ap 0.4835, minutes 48.41, lr 5.00e-04
    epoch 63: loss 0.9897, val_ap 0.4983, minutes 49.12, lr 2.50e-04
    epoch 64: loss 0.9828, val_ap 0.4924, minutes 49.91, lr 2.50e-04
    epoch 65: loss 0.9785, val_ap 0.4850, minutes 50.66, lr 2.50e-04
    epoch 66: loss 0.9743, val_ap 0.4890, minutes 51.43, lr 2.50e-04
    epoch 67: loss 0.9691, val_ap 0.4765, minutes 52.24, lr 2.50e-04
    epoch 68: loss 0.9717, val_ap 0.4869, minutes 52.97, lr 2.50e-04
    epoch 69: loss 0.9642, val_ap 0.4751, minutes 53.71, lr 2.50e-04
    epoch 70: loss 0.9703, val_ap 0.4833, minutes 54.46, lr 2.50e-04
    stopping: no validation gain in 25 epochs
[fk_kernel pooled_both fold 4 seed 1] done (55.2 min)
