loaded: dataset0 121,838 sites, data1 90,452
[scalar_random pooled_both fold 4 seed 2]
    kernel decay scale 97.3 nt (fitted to cell line 1 training labels)
    epoch 1: loss 1.9189, val_ap 0.1562, minutes 0.74, lr 3.31e-04
    epoch 2: loss 1.5718, val_ap 0.2864, minutes 1.48, lr 6.60e-04
    epoch 3: loss 1.4523, val_ap 0.3948, minutes 2.23, lr 9.89e-04
    epoch 4: loss 1.3769, val_ap 0.4203, minutes 2.99, lr 1.00e-03
    epoch 5: loss 1.3353, val_ap 0.4189, minutes 3.72, lr 1.00e-03
    epoch 6: loss 1.3185, val_ap 0.4119, minutes 4.42, lr 1.00e-03
    epoch 7: loss 1.3022, val_ap 0.4247, minutes 5.24, lr 1.00e-03
    epoch 8: loss 1.3032, val_ap 0.4247, minutes 5.97, lr 1.00e-03
    epoch 9: loss 1.2893, val_ap 0.4327, minutes 6.77, lr 1.00e-03
    epoch 10: loss 1.2813, val_ap 0.4313, minutes 7.61, lr 1.00e-03
    epoch 11: loss 1.2779, val_ap 0.4363, minutes 8.39, lr 1.00e-03
    epoch 12: loss 1.2712, val_ap 0.4352, minutes 9.18, lr 1.00e-03
    epoch 13: loss 1.2754, val_ap 0.4349, minutes 9.98, lr 1.00e-03
    epoch 14: loss 1.2577, val_ap 0.4399, minutes 10.69, lr 1.00e-03
    epoch 15: loss 1.2515, val_ap 0.4390, minutes 11.37, lr 1.00e-03
    epoch 16: loss 1.2474, val_ap 0.4385, minutes 12.11, lr 1.00e-03
    epoch 17: loss 1.2548, val_ap 0.4389, minutes 12.87, lr 1.00e-03
    epoch 18: loss 1.2416, val_ap 0.4358, minutes 13.65, lr 1.00e-03
    epoch 19: loss 1.2419, val_ap 0.4408, minutes 14.42, lr 1.00e-03
    epoch 20: loss 1.2362, val_ap 0.4466, minutes 15.21, lr 1.00e-03
    epoch 21: loss 1.2294, val_ap 0.4517, minutes 16.0, lr 1.00e-03
    epoch 22: loss 1.2261, val_ap 0.4509, minutes 16.78, lr 1.00e-03
    epoch 23: loss 1.2309, val_ap 0.4495, minutes 17.51, lr 1.00e-03
    epoch 24: loss 1.2246, val_ap 0.4551, minutes 18.21, lr 1.00e-03
    epoch 25: loss 1.2188, val_ap 0.4599, minutes 18.98, lr 1.00e-03
    epoch 26: loss 1.2202, val_ap 0.4562, minutes 19.75, lr 1.00e-03
    epoch 27: loss 1.2176, val_ap 0.4587, minutes 20.54, lr 1.00e-03
    epoch 28: loss 1.2128, val_ap 0.4479, minutes 21.33, lr 1.00e-03
    epoch 29: loss 1.2113, val_ap 0.4627, minutes 22.13, lr 1.00e-03
    epoch 30: loss 1.2078, val_ap 0.4535, minutes 22.96, lr 1.00e-03
    epoch 31: loss 1.2055, val_ap 0.4610, minutes 23.7, lr 1.00e-03
    epoch 32: loss 1.2094, val_ap 0.4630, minutes 24.53, lr 1.00e-03
    epoch 33: loss 1.1958, val_ap 0.4646, minutes 25.31, lr 1.00e-03
    epoch 34: loss 1.1919, val_ap 0.4618, minutes 26.04, lr 1.00e-03
    epoch 35: loss 1.1990, val_ap 0.4669, minutes 26.76, lr 1.00e-03
    epoch 36: loss 1.1917, val_ap 0.4630, minutes 27.52, lr 1.00e-03
    epoch 37: loss 1.1896, val_ap 0.4679, minutes 28.28, lr 1.00e-03
    epoch 38: loss 1.1840, val_ap 0.4628, minutes 29.07, lr 1.00e-03
    epoch 39: loss 1.1892, val_ap 0.4600, minutes 29.84, lr 1.00e-03
    epoch 40: loss 1.1888, val_ap 0.4595, minutes 30.62, lr 1.00e-03
    epoch 41: loss 1.1770, val_ap 0.4644, minutes 31.34, lr 1.00e-03
    epoch 42: loss 1.1816, val_ap 0.4685, minutes 32.08, lr 1.00e-03
    epoch 43: loss 1.1738, val_ap 0.4640, minutes 32.82, lr 1.00e-03
    epoch 44: loss 1.1785, val_ap 0.4686, minutes 33.59, lr 1.00e-03
    epoch 45: loss 1.1806, val_ap 0.4586, minutes 34.39, lr 1.00e-03
    epoch 46: loss 1.1732, val_ap 0.4671, minutes 35.16, lr 1.00e-03
    epoch 47: loss 1.1676, val_ap 0.4599, minutes 35.89, lr 1.00e-03
    epoch 48: loss 1.1643, val_ap 0.4661, minutes 36.62, lr 1.00e-03
    epoch 49: loss 1.1666, val_ap 0.4655, minutes 37.32, lr 1.00e-03
    epoch 50: loss 1.1655, val_ap 0.4691, minutes 38.06, lr 1.00e-03
    epoch 51: loss 1.1532, val_ap 0.4648, minutes 38.81, lr 1.00e-03
    epoch 52: loss 1.1618, val_ap 0.4617, minutes 39.55, lr 1.00e-03
    epoch 53: loss 1.1675, val_ap 0.4655, minutes 40.36, lr 1.00e-03
    epoch 54: loss 1.1634, val_ap 0.4721, minutes 41.06, lr 1.00e-03
    epoch 55: loss 1.1529, val_ap 0.4618, minutes 41.78, lr 1.00e-03
    epoch 56: loss 1.1519, val_ap 0.4625, minutes 42.46, lr 1.00e-03
    epoch 57: loss 1.1509, val_ap 0.4686, minutes 43.18, lr 1.00e-03
    epoch 58: loss 1.1557, val_ap 0.4747, minutes 43.86, lr 1.00e-03
    epoch 59: loss 1.1550, val_ap 0.4638, minutes 44.64, lr 1.00e-03
    epoch 60: loss 1.1488, val_ap 0.4651, minutes 45.35, lr 1.00e-03
    epoch 61: loss 1.1458, val_ap 0.4706, minutes 46.04, lr 1.00e-03
    epoch 62: loss 1.1323, val_ap 0.4640, minutes 46.72, lr 1.00e-03
    epoch 63: loss 1.1395, val_ap 0.4617, minutes 47.4, lr 1.00e-03
    epoch 64: loss 1.1347, val_ap 0.4643, minutes 48.12, lr 1.00e-03
    epoch 65: loss 1.1361, val_ap 0.4657, minutes 48.81, lr 1.00e-03
    epoch 66: loss 1.1334, val_ap 0.4564, minutes 49.51, lr 1.00e-03
    epoch 67: loss 1.1280, val_ap 0.4579, minutes 50.16, lr 5.00e-04
    epoch 68: loss 1.1212, val_ap 0.4651, minutes 50.8, lr 5.00e-04
    epoch 69: loss 1.1059, val_ap 0.4663, minutes 51.38, lr 5.00e-04
    epoch 70: loss 1.1113, val_ap 0.4621, minutes 52.05, lr 5.00e-04
    epoch 71: loss 1.1095, val_ap 0.4581, minutes 52.65, lr 5.00e-04
    epoch 72: loss 1.1051, val_ap 0.4564, minutes 53.25, lr 5.00e-04
    epoch 73: loss 1.1042, val_ap 0.4593, minutes 53.87, lr 5.00e-04
    epoch 74: loss 1.1063, val_ap 0.4661, minutes 54.44, lr 5.00e-04
    epoch 75: loss 1.1135, val_ap 0.4655, minutes 54.95, lr 5.00e-04
    epoch 76: loss 1.1190, val_ap 0.4607, minutes 55.46, lr 2.50e-04
    epoch 77: loss 1.0926, val_ap 0.4614, minutes 55.95, lr 2.50e-04
    epoch 78: loss 1.0931, val_ap 0.4624, minutes 56.45, lr 2.50e-04
    epoch 79: loss 1.0856, val_ap 0.4616, minutes 56.96, lr 2.50e-04
    epoch 80: loss 1.0859, val_ap 0.4601, minutes 57.47, lr 2.50e-04
    epoch 81: loss 1.0864, val_ap 0.4591, minutes 57.98, lr 2.50e-04
    epoch 82: loss 1.0821, val_ap 0.4615, minutes 58.45, lr 2.50e-04
    epoch 83: loss 1.0855, val_ap 0.4595, minutes 58.91, lr 2.50e-04
    stopping: no validation gain in 25 epochs
[scalar_random pooled_both fold 4 seed 2] done (59.4 min)
