loaded: dataset0 121,838 sites, data1 90,452
[deepset pooled_both fold 1 seed 1]
    epoch 1: loss 1.1624398016687578, minutes 0.29, val_ap 0.2848199580241513, lr 0.00033389734912577554
    epoch 2: loss 0.9401019918535365, minutes 0.62, val_ap 0.3875007248230383, lr 0.0006672306824591089
    epoch 3: loss 0.8928158403249763, minutes 0.94, val_ap 0.40387925200512026, lr 0.001
    epoch 4: loss 0.8768369142980946, minutes 1.25, val_ap 0.40318793334665765, lr 0.001
    epoch 5: loss 0.8615640220303221, minutes 1.58, val_ap 0.4128484767569002, lr 0.001
    epoch 6: loss 0.8581003506373229, minutes 1.9, val_ap 0.41685007432443444, lr 0.001
    epoch 7: loss 0.8441935875492451, minutes 2.2, val_ap 0.4187161472028247, lr 0.001
    epoch 8: loss 0.8448314119111463, minutes 2.51, val_ap 0.4329422683828382, lr 0.001
    epoch 9: loss 0.8384282824452557, minutes 2.85, val_ap 0.42489653780026887, lr 0.001
    epoch 10: loss 0.8346189051210982, minutes 3.17, val_ap 0.43152770515872924, lr 0.001
    epoch 11: loss 0.8302900757886431, minutes 3.48, val_ap 0.43043482584759835, lr 0.001
    epoch 12: loss 0.8278500123576666, minutes 3.81, val_ap 0.4398000958148486, lr 0.001
    epoch 13: loss 0.8206235050852528, minutes 4.13, val_ap 0.44667272487749765, lr 0.001
    epoch 14: loss 0.8190641907971926, minutes 4.45, val_ap 0.4494214552464052, lr 0.001
    epoch 15: loss 0.8178392447493403, minutes 4.76, val_ap 0.4433730074767059, lr 0.001
    epoch 16: loss 0.8140248111157651, minutes 5.07, val_ap 0.45851905086852224, lr 0.001
    epoch 17: loss 0.8090233385764605, minutes 5.39, val_ap 0.4524162797054499, lr 0.001
    epoch 18: loss 0.8022456255358488, minutes 5.69, val_ap 0.4448792424435888, lr 0.001
    epoch 19: loss 0.8016591116458228, minutes 6.0, val_ap 0.44652042882039905, lr 0.001
    epoch 20: loss 0.8017571483267544, minutes 6.33, val_ap 0.4462041273594962, lr 0.001
    epoch 21: loss 0.8001017044542607, minutes 6.66, val_ap 0.449170639233237, lr 0.001
    epoch 22: loss 0.7947869837384942, minutes 6.98, val_ap 0.4590715352159467, lr 0.001
    epoch 23: loss 0.7939279102633648, minutes 7.3, val_ap 0.4555219330265924, lr 0.001
    epoch 24: loss 0.792533133739949, minutes 7.6, val_ap 0.45892064067857585, lr 0.001
    epoch 25: loss 0.789860133087978, minutes 7.93, val_ap 0.4469172953593067, lr 0.001
    epoch 26: loss 0.7886278819412548, minutes 8.25, val_ap 0.4509846176388006, lr 0.001
    epoch 27: loss 0.7819171557470829, minutes 8.56, val_ap 0.458386351560865, lr 0.001
    epoch 28: loss 0.7813190299443988, minutes 8.87, val_ap 0.4547859276243361, lr 0.001
    epoch 29: loss 0.7778535105048501, minutes 9.21, val_ap 0.4576235621892088, lr 0.001
    epoch 30: loss 0.7786514473647232, minutes 9.53, val_ap 0.4548475164134871, lr 0.001
    epoch 31: loss 0.776510802571947, minutes 9.85, val_ap 0.4526965016517026, lr 0.0005
    epoch 32: loss 0.7622268544336664, minutes 10.17, val_ap 0.4565894111532015, lr 0.0005
    epoch 33: loss 0.7606295028011206, minutes 10.46, val_ap 0.45814310862309154, lr 0.0005
    epoch 34: loss 0.753485466774345, minutes 10.76, val_ap 0.4587505102607435, lr 0.0005
    epoch 35: loss 0.7525554238842224, minutes 11.07, val_ap 0.45962034593221224, lr 0.0005
    epoch 36: loss 0.7579940982578974, minutes 11.37, val_ap 0.4626728520451252, lr 0.0005
    epoch 37: loss 0.7492083940409162, minutes 11.67, val_ap 0.4573785320802448, lr 0.0005
    epoch 38: loss 0.7505564080478778, minutes 11.96, val_ap 0.4580935318929935, lr 0.0005
    epoch 39: loss 0.743644343919157, minutes 12.27, val_ap 0.4598734416881799, lr 0.0005
    epoch 40: loss 0.7436437091448181, minutes 12.56, val_ap 0.46171130441497954, lr 0.0005
    epoch 41: loss 0.7412300099777893, minutes 12.84, val_ap 0.46454616871843724, lr 0.0005
    epoch 42: loss 0.740795708852371, minutes 13.1, val_ap 0.45888472633880306, lr 0.0005
    epoch 43: loss 0.7396875315309579, minutes 13.38, val_ap 0.45537799437177373, lr 0.0005
    epoch 44: loss 0.7349566502115247, minutes 13.66, val_ap 0.4644069304887543, lr 0.0005
    epoch 45: loss 0.7356236222532598, minutes 13.94, val_ap 0.4638011614639619, lr 0.0005
    epoch 46: loss 0.7386874883812293, minutes 14.21, val_ap 0.46633568540598225, lr 0.0005
    epoch 47: loss 0.7331709155273921, minutes 14.47, val_ap 0.4631381168484811, lr 0.0005
    epoch 48: loss 0.7321606861859207, minutes 14.69, val_ap 0.45847557492666324, lr 0.0005
    epoch 49: loss 0.7337969045348579, minutes 14.92, val_ap 0.463328914168014, lr 0.0005
    epoch 50: loss 0.7323784966355855, minutes 15.12, val_ap 0.4656992183306613, lr 0.0005
    epoch 51: loss 0.7331559048893085, minutes 15.31, val_ap 0.4633936972352986, lr 0.0005
    epoch 52: loss 0.7307707034492654, minutes 15.52, val_ap 0.45607547488374683, lr 0.0005
    epoch 53: loss 0.7230401595836968, minutes 15.75, val_ap 0.45828526521772506, lr 0.0005
    epoch 54: loss 0.7230229739812022, minutes 15.96, val_ap 0.46151819476812556, lr 0.0005
    epoch 55: loss 0.7249621141783881, minutes 16.14, val_ap 0.46322328178383243, lr 0.00025
    epoch 56: loss 0.7126043281579381, minutes 16.32, val_ap 0.4648975870074268, lr 0.00025
    epoch 57: loss 0.714718103005398, minutes 16.5, val_ap 0.46009276211657746, lr 0.00025
    epoch 58: loss 0.7082879082906468, minutes 16.68, val_ap 0.46442935935636975, lr 0.00025
    epoch 59: loss 0.707009290226825, minutes 16.86, val_ap 0.4618697746016851, lr 0.00025
    epoch 60: loss 0.7073358224733227, minutes 17.04, val_ap 0.4571569268157548, lr 0.00025
    epoch 61: loss 0.7062789316709877, minutes 17.22, val_ap 0.46329463438718416, lr 0.00025
    epoch 62: loss 0.7024130524213342, minutes 17.42, val_ap 0.4562139659463016, lr 0.00025
    epoch 63: loss 0.7040264975601042, minutes 17.61, val_ap 0.46455515556724863, lr 0.00025
    epoch 64: loss 0.7034763334769686, minutes 17.8, val_ap 0.4611424473484414, lr 0.000125
    epoch 65: loss 0.6975543086500539, minutes 17.99, val_ap 0.46481022403501765, lr 0.000125
    epoch 66: loss 0.6932960261548231, minutes 18.19, val_ap 0.46143182656763215, lr 0.000125
    epoch 67: loss 0.6944694945150623, minutes 18.39, val_ap 0.45835571916878953, lr 0.000125
    epoch 68: loss 0.6982387048641437, minutes 18.58, val_ap 0.45747581629354717, lr 0.000125
    epoch 69: loss 0.6951062214354371, minutes 18.77, val_ap 0.4584996618450205, lr 0.000125
    epoch 70: loss 0.6893080232913926, minutes 18.96, val_ap 0.4531537860368516, lr 0.000125
    stopping: no validation gain in 25 epochs
[deepset pooled_both fold 1 seed 1] done (19.3 min)
