loaded: dataset0 121,838 sites, data1 90,452
[scalar_msg dataset0 fold 3 seed 2]
    kernel decay scale 113.4 nt (fitted to cell line 1 training labels)
    epoch 1: loss 1.9774, val_ap 0.1221, minutes 0.48, lr 3.33e-04
    epoch 2: loss 1.5779, val_ap 0.2276, minutes 0.98, lr 6.63e-04
    epoch 3: loss 1.3553, val_ap 0.3606, minutes 1.46, lr 9.92e-04
    epoch 4: loss 1.2434, val_ap 0.4508, minutes 1.95, lr 1.00e-03
    epoch 5: loss 1.1518, val_ap 0.4827, minutes 2.47, lr 1.00e-03
    epoch 6: loss 1.0865, val_ap 0.4978, minutes 2.98, lr 1.00e-03
    epoch 7: loss 1.0592, val_ap 0.5138, minutes 3.46, lr 1.00e-03
    epoch 8: loss 1.0281, val_ap 0.5147, minutes 3.9, lr 1.00e-03
    epoch 9: loss 1.0168, val_ap 0.5215, minutes 4.36, lr 1.00e-03
    epoch 10: loss 1.0151, val_ap 0.5257, minutes 4.84, lr 1.00e-03
    epoch 11: loss 0.9794, val_ap 0.5243, minutes 5.3, lr 1.00e-03
    epoch 12: loss 0.9847, val_ap 0.5259, minutes 5.8, lr 1.00e-03
    epoch 13: loss 0.9622, val_ap 0.5291, minutes 6.31, lr 1.00e-03
    epoch 14: loss 0.9711, val_ap 0.5398, minutes 6.82, lr 1.00e-03
    epoch 15: loss 0.9373, val_ap 0.5336, minutes 7.33, lr 1.00e-03
    epoch 16: loss 0.9635, val_ap 0.5491, minutes 7.82, lr 1.00e-03
    epoch 17: loss 0.9548, val_ap 0.5474, minutes 8.27, lr 1.00e-03
    epoch 18: loss 0.9380, val_ap 0.5441, minutes 8.74, lr 1.00e-03
    epoch 19: loss 0.9270, val_ap 0.5400, minutes 9.23, lr 1.00e-03
    epoch 20: loss 0.9278, val_ap 0.5572, minutes 9.73, lr 1.00e-03
    epoch 21: loss 0.9192, val_ap 0.5498, minutes 10.18, lr 1.00e-03
    epoch 22: loss 0.9048, val_ap 0.5598, minutes 10.7, lr 1.00e-03
    epoch 23: loss 0.9275, val_ap 0.5647, minutes 11.18, lr 1.00e-03
    epoch 24: loss 0.9110, val_ap 0.5710, minutes 11.61, lr 1.00e-03
    epoch 25: loss 0.9192, val_ap 0.5533, minutes 12.11, lr 1.00e-03
    epoch 26: loss 0.9094, val_ap 0.5690, minutes 12.55, lr 1.00e-03
    epoch 27: loss 0.8944, val_ap 0.5697, minutes 13.08, lr 1.00e-03
    epoch 28: loss 0.8991, val_ap 0.5690, minutes 13.61, lr 1.00e-03
    epoch 29: loss 0.9003, val_ap 0.5781, minutes 14.05, lr 1.00e-03
    epoch 30: loss 0.8947, val_ap 0.5754, minutes 14.58, lr 1.00e-03
    epoch 31: loss 0.8900, val_ap 0.5811, minutes 15.07, lr 1.00e-03
    epoch 32: loss 0.8691, val_ap 0.5771, minutes 15.53, lr 1.00e-03
    epoch 33: loss 0.8714, val_ap 0.5784, minutes 15.99, lr 1.00e-03
    epoch 34: loss 0.8759, val_ap 0.5859, minutes 16.46, lr 1.00e-03
    epoch 35: loss 0.8545, val_ap 0.5869, minutes 16.96, lr 1.00e-03
    epoch 36: loss 0.8738, val_ap 0.5820, minutes 17.44, lr 1.00e-03
    epoch 37: loss 0.8591, val_ap 0.5848, minutes 17.93, lr 1.00e-03
    epoch 38: loss 0.8626, val_ap 0.5868, minutes 18.41, lr 1.00e-03
    epoch 39: loss 0.8548, val_ap 0.5853, minutes 18.88, lr 1.00e-03
    epoch 40: loss 0.8459, val_ap 0.5828, minutes 19.41, lr 1.00e-03
    epoch 41: loss 0.8426, val_ap 0.5887, minutes 19.9, lr 1.00e-03
    epoch 42: loss 0.8410, val_ap 0.5866, minutes 20.37, lr 1.00e-03
    epoch 43: loss 0.8441, val_ap 0.5871, minutes 20.88, lr 1.00e-03
    epoch 44: loss 0.8427, val_ap 0.5912, minutes 21.37, lr 1.00e-03
    epoch 45: loss 0.8447, val_ap 0.5938, minutes 21.83, lr 1.00e-03
    epoch 46: loss 0.8238, val_ap 0.5930, minutes 22.35, lr 1.00e-03
    epoch 47: loss 0.8392, val_ap 0.5912, minutes 22.84, lr 1.00e-03
    epoch 48: loss 0.8467, val_ap 0.5935, minutes 23.34, lr 1.00e-03
    epoch 49: loss 0.8251, val_ap 0.5936, minutes 23.85, lr 1.00e-03
    epoch 50: loss 0.8307, val_ap 0.5873, minutes 24.31, lr 1.00e-03
    epoch 51: loss 0.8290, val_ap 0.5975, minutes 24.8, lr 1.00e-03
    epoch 52: loss 0.8440, val_ap 0.5959, minutes 25.31, lr 1.00e-03
    epoch 53: loss 0.8102, val_ap 0.5979, minutes 25.84, lr 1.00e-03
    epoch 54: loss 0.8177, val_ap 0.5971, minutes 26.34, lr 1.00e-03
    epoch 55: loss 0.8297, val_ap 0.5965, minutes 26.84, lr 1.00e-03
    epoch 56: loss 0.8184, val_ap 0.6001, minutes 27.33, lr 1.00e-03
    epoch 57: loss 0.8126, val_ap 0.6027, minutes 27.84, lr 1.00e-03
    epoch 58: loss 0.8237, val_ap 0.6009, minutes 28.36, lr 1.00e-03
    epoch 59: loss 0.7989, val_ap 0.5979, minutes 28.89, lr 1.00e-03
    epoch 60: loss 0.8106, val_ap 0.6051, minutes 29.4, lr 1.00e-03
    epoch 61: loss 0.8309, val_ap 0.5974, minutes 29.99, lr 1.00e-03
    epoch 62: loss 0.8039, val_ap 0.6055, minutes 30.53, lr 1.00e-03
    epoch 63: loss 0.8031, val_ap 0.6006, minutes 31.0, lr 1.00e-03
    epoch 64: loss 0.8019, val_ap 0.6043, minutes 31.53, lr 1.00e-03
    epoch 65: loss 0.8325, val_ap 0.5984, minutes 32.04, lr 1.00e-03
    epoch 66: loss 0.7993, val_ap 0.6013, minutes 32.57, lr 1.00e-03
    epoch 67: loss 0.8160, val_ap 0.5932, minutes 33.12, lr 1.00e-03
    epoch 68: loss 0.8118, val_ap 0.6031, minutes 33.64, lr 1.00e-03
    epoch 69: loss 0.8056, val_ap 0.5988, minutes 34.16, lr 1.00e-03
    epoch 70: loss 0.7854, val_ap 0.6005, minutes 34.74, lr 1.00e-03
    epoch 71: loss 0.7900, val_ap 0.5956, minutes 35.3, lr 5.00e-04
    epoch 72: loss 0.7808, val_ap 0.5998, minutes 35.83, lr 5.00e-04
    epoch 73: loss 0.7634, val_ap 0.5972, minutes 36.38, lr 5.00e-04
    epoch 74: loss 0.7557, val_ap 0.5986, minutes 36.9, lr 5.00e-04
    epoch 75: loss 0.7714, val_ap 0.5934, minutes 37.42, lr 5.00e-04
    epoch 76: loss 0.7575, val_ap 0.5939, minutes 37.94, lr 5.00e-04
    epoch 77: loss 0.7879, val_ap 0.5959, minutes 38.45, lr 5.00e-04
    epoch 78: loss 0.7840, val_ap 0.6017, minutes 38.99, lr 5.00e-04
    epoch 79: loss 0.7573, val_ap 0.6006, minutes 39.52, lr 5.00e-04
    epoch 80: loss 0.7613, val_ap 0.6001, minutes 40.03, lr 2.50e-04
    epoch 81: loss 0.7394, val_ap 0.5929, minutes 40.55, lr 2.50e-04
    epoch 82: loss 0.7508, val_ap 0.5982, minutes 41.13, lr 2.50e-04
    epoch 83: loss 0.7410, val_ap 0.6037, minutes 41.64, lr 2.50e-04
    epoch 84: loss 0.7501, val_ap 0.5994, minutes 42.18, lr 2.50e-04
    epoch 85: loss 0.7459, val_ap 0.5976, minutes 42.74, lr 2.50e-04
    epoch 86: loss 0.7496, val_ap 0.5979, minutes 43.25, lr 2.50e-04
    epoch 87: loss 0.7483, val_ap 0.5988, minutes 43.78, lr 2.50e-04
    stopping: no validation gain in 25 epochs
[scalar_msg dataset0 fold 3 seed 2] done (44.6 min)
