loaded: dataset0 121,838 sites, data1 90,452
[set_transformer dataset0 fold 4 seed 2]
    epoch 1: loss 1.0104742103884385, minutes 1.67, val_ap 0.4172789725517586, lr 0.00033430232558139537
    epoch 2: loss 0.8306650663184565, minutes 3.64, val_ap 0.43410200932347, lr 0.0006676356589147286
    epoch 3: loss 0.7892107446353103, minutes 5.72, val_ap 0.4528617285836373, lr 0.001
    epoch 4: loss 0.7594434568701789, minutes 7.79, val_ap 0.4683344372712498, lr 0.001
    epoch 5: loss 0.7418410836957222, minutes 9.91, val_ap 0.4507994812142802, lr 0.001
    epoch 6: loss 0.7257267390052939, minutes 11.99, val_ap 0.47977722720359095, lr 0.001
    epoch 7: loss 0.7094324346371862, minutes 14.04, val_ap 0.472190089099312, lr 0.001
    epoch 8: loss 0.7057119056062643, minutes 16.09, val_ap 0.5188219494226369, lr 0.001
    epoch 9: loss 0.7007730890845143, minutes 18.11, val_ap 0.4981250385928858, lr 0.001
    epoch 10: loss 0.679426388511824, minutes 20.17, val_ap 0.5069549851468197, lr 0.001
    epoch 11: loss 0.6751622707518035, minutes 22.23, val_ap 0.505905206323564, lr 0.001
    epoch 12: loss 0.6723583715772906, minutes 24.29, val_ap 0.49361110818669784, lr 0.001
    epoch 13: loss 0.6686630400634089, minutes 26.4, val_ap 0.4835617006721389, lr 0.001
    epoch 14: loss 0.6717266536556011, minutes 28.48, val_ap 0.502905090901076, lr 0.001
    epoch 15: loss 0.6662688047386879, minutes 30.51, val_ap 0.49059032737712105, lr 0.001
    epoch 16: loss 0.653424801521523, minutes 32.48, val_ap 0.49178058595901153, lr 0.001
    epoch 17: loss 0.6532305589942045, minutes 34.54, val_ap 0.49114045794175654, lr 0.0005
    epoch 18: loss 0.6232673829897891, minutes 36.55, val_ap 0.5166380764067828, lr 0.0005
    epoch 19: loss 0.6150746721514436, minutes 38.64, val_ap 0.5165415419285742, lr 0.0005
    epoch 20: loss 0.6118982481055482, minutes 40.65, val_ap 0.5131326198933338, lr 0.0005
    epoch 21: loss 0.611952421883511, minutes 42.76, val_ap 0.5178213988528235, lr 0.0005
    epoch 22: loss 0.6126383715417496, minutes 44.81, val_ap 0.5258963152352637, lr 0.0005
    epoch 23: loss 0.6027659950561302, minutes 46.9, val_ap 0.5221191844923863, lr 0.0005
    epoch 24: loss 0.5990807698216549, minutes 48.96, val_ap 0.5218276837197494, lr 0.0005
    epoch 25: loss 0.5997065729353317, minutes 50.99, val_ap 0.5307688356629984, lr 0.0005
    epoch 26: loss 0.590720955975527, minutes 53.06, val_ap 0.5043604671114854, lr 0.0005
    epoch 27: loss 0.5837307046492433, minutes 55.1, val_ap 0.5298092471859135, lr 0.0005
    epoch 28: loss 0.5888505190784155, minutes 57.14, val_ap 0.5205803938743403, lr 0.0005
    epoch 29: loss 0.5893489180435968, minutes 59.14, val_ap 0.5354188458428866, lr 0.0005
    epoch 30: loss 0.5858858155823031, minutes 61.18, val_ap 0.5356290326300945, lr 0.0005
    epoch 31: loss 0.5804142781295055, minutes 63.21, val_ap 0.5230391382771401, lr 0.0005
    epoch 32: loss 0.5816456597558287, minutes 65.22, val_ap 0.516222452606845, lr 0.0005
    epoch 33: loss 0.5635608430345391, minutes 67.28, val_ap 0.5210722756448277, lr 0.0005
    epoch 34: loss 0.5769639444039312, minutes 69.27, val_ap 0.5306549050838927, lr 0.0005
    epoch 35: loss 0.5721856643294179, minutes 71.31, val_ap 0.5121149511947268, lr 0.0005
    epoch 36: loss 0.5617487073637718, minutes 73.44, val_ap 0.5120537975717282, lr 0.0005
    epoch 37: loss 0.56371566436665, minutes 75.5, val_ap 0.5229752240086214, lr 0.0005
    epoch 38: loss 0.5463437029095584, minutes 77.54, val_ap 0.5204576385754509, lr 0.0005
    epoch 39: loss 0.5553846411666897, minutes 79.57, val_ap 0.5283955823518024, lr 0.00025
    epoch 40: loss 0.5309464930188518, minutes 81.58, val_ap 0.5215835990793574, lr 0.00025
    epoch 41: loss 0.520557819540764, minutes 83.56, val_ap 0.517981270223563, lr 0.00025
    epoch 42: loss 0.5104257168118344, minutes 85.56, val_ap 0.5163454225449875, lr 0.00025
    epoch 43: loss 0.5199149966586468, minutes 87.57, val_ap 0.5137745752649688, lr 0.00025
    epoch 44: loss 0.5089380097857048, minutes 89.59, val_ap 0.523889893039196, lr 0.00025
    epoch 45: loss 0.510366618200097, minutes 91.58, val_ap 0.5215961339132902, lr 0.00025
    epoch 46: loss 0.5187930437021477, minutes 93.57, val_ap 0.5161457201785972, lr 0.00025
    epoch 47: loss 0.5124649803132512, minutes 95.52, val_ap 0.5159409839050646, lr 0.00025
    epoch 48: loss 0.4982293287595344, minutes 97.53, val_ap 0.5200768172012621, lr 0.000125
    epoch 49: loss 0.48980743702241153, minutes 99.43, val_ap 0.5207881117387865, lr 0.000125
    epoch 50: loss 0.4878881355357725, minutes 101.45, val_ap 0.5204931226667449, lr 0.000125
    epoch 51: loss 0.4879813990014237, minutes 103.44, val_ap 0.5231025327880924, lr 0.000125
    epoch 52: loss 0.4885210736199867, minutes 105.37, val_ap 0.5172325549637844, lr 0.000125
    epoch 53: loss 0.47543079596619275, minutes 107.38, val_ap 0.5136759596488061, lr 0.000125
    epoch 54: loss 0.4806273161585248, minutes 109.3, val_ap 0.5169266803299667, lr 0.000125
    stopping: no validation gain in 25 epochs
[set_transformer dataset0 fold 4 seed 2] done (113.4 min)
