loaded: dataset0 121,838 sites, data1 90,452
[deepset pooled_both fold 0 seed 1]
    epoch 1: loss 1.150458152053737, minutes 0.31, val_ap 0.2986329558560899, lr 0.00033389355742296915
    epoch 2: loss 0.9367573997553658, minutes 0.63, val_ap 0.3732506194746736, lr 0.0006672268907563025
    epoch 3: loss 0.8924490219404717, minutes 0.94, val_ap 0.38289227707832035, lr 0.001
    epoch 4: loss 0.8832302209208993, minutes 1.26, val_ap 0.3900673875935446, lr 0.001
    epoch 5: loss 0.8662728196432611, minutes 1.56, val_ap 0.3936698510074189, lr 0.001
    epoch 6: loss 0.8566812028904923, minutes 1.88, val_ap 0.401350607540179, lr 0.001
    epoch 7: loss 0.846927473725391, minutes 2.22, val_ap 0.4073844733450264, lr 0.001
    epoch 8: loss 0.84575594493321, minutes 2.55, val_ap 0.4111638327334396, lr 0.001
    epoch 9: loss 0.8379102772524377, minutes 2.87, val_ap 0.4191745628761307, lr 0.001
    epoch 10: loss 0.8321536939685085, minutes 3.16, val_ap 0.4213665817094273, lr 0.001
    epoch 11: loss 0.8287562502532446, minutes 3.5, val_ap 0.42097134878257425, lr 0.001
    epoch 12: loss 0.828218783200288, minutes 3.83, val_ap 0.4261669815024649, lr 0.001
    epoch 13: loss 0.8214215909733492, minutes 4.15, val_ap 0.4267076062472465, lr 0.001
    epoch 14: loss 0.8175171433376665, minutes 4.49, val_ap 0.4290510957543461, lr 0.001
    epoch 15: loss 0.8194232124240458, minutes 4.8, val_ap 0.4340117210348864, lr 0.001
    epoch 16: loss 0.8108702082593902, minutes 5.1, val_ap 0.42777166291838487, lr 0.001
    epoch 17: loss 0.8095296010249803, minutes 5.42, val_ap 0.44029804804033523, lr 0.001
    epoch 18: loss 0.8067006144703938, minutes 5.77, val_ap 0.4415288186100428, lr 0.001
    epoch 19: loss 0.801659310815715, minutes 6.08, val_ap 0.438820185515683, lr 0.001
    epoch 20: loss 0.8003685207427049, minutes 6.42, val_ap 0.4503367124781739, lr 0.001
    epoch 21: loss 0.7965812589441027, minutes 6.74, val_ap 0.44566842131706935, lr 0.001
    epoch 22: loss 0.7961969864969494, minutes 7.08, val_ap 0.44181754054236283, lr 0.001
    epoch 23: loss 0.7931533927677058, minutes 7.39, val_ap 0.4475519735481702, lr 0.001
    epoch 24: loss 0.7903491101845974, minutes 7.7, val_ap 0.44081879152621184, lr 0.001
    epoch 25: loss 0.7898719129943046, minutes 8.02, val_ap 0.4407634666433705, lr 0.001
    epoch 26: loss 0.7876032894899865, minutes 8.34, val_ap 0.4436077471641126, lr 0.001
    epoch 27: loss 0.7828265018823768, minutes 8.66, val_ap 0.439592595694946, lr 0.001
    epoch 28: loss 0.7801463883464076, minutes 9.0, val_ap 0.4490454320626261, lr 0.001
    epoch 29: loss 0.7819152683770957, minutes 9.32, val_ap 0.44416572458324455, lr 0.0005
    epoch 30: loss 0.764500108486464, minutes 9.64, val_ap 0.4494281676274123, lr 0.0005
    epoch 31: loss 0.7657397146485433, minutes 9.96, val_ap 0.44664685853484176, lr 0.0005
    epoch 32: loss 0.7540266144676369, minutes 10.28, val_ap 0.44813551059241374, lr 0.0005
    epoch 33: loss 0.757727435105989, minutes 10.62, val_ap 0.44565258287615034, lr 0.0005
    epoch 34: loss 0.7571523057813404, minutes 10.96, val_ap 0.45327703324080737, lr 0.0005
    epoch 35: loss 0.750069350905779, minutes 11.27, val_ap 0.445304330396791, lr 0.0005
    epoch 36: loss 0.7524709637425527, minutes 11.59, val_ap 0.4436459192234252, lr 0.0005
    epoch 37: loss 0.7495821712397728, minutes 11.92, val_ap 0.44336377362254303, lr 0.0005
    epoch 38: loss 0.750036328730463, minutes 12.25, val_ap 0.44641508270020896, lr 0.0005
    epoch 39: loss 0.7505218832933602, minutes 12.58, val_ap 0.4475248801010276, lr 0.0005
    epoch 40: loss 0.7471071165148951, minutes 12.91, val_ap 0.4411434726377984, lr 0.0005
    epoch 41: loss 0.74410878495008, minutes 13.22, val_ap 0.43340713075226234, lr 0.0005
    epoch 42: loss 0.7450515892826208, minutes 13.54, val_ap 0.441945812801614, lr 0.0005
    epoch 43: loss 0.7415651143598957, minutes 13.85, val_ap 0.4355200912492685, lr 0.00025
    epoch 44: loss 0.7342971234261488, minutes 14.17, val_ap 0.44135154967486306, lr 0.00025
    epoch 45: loss 0.7270969705922263, minutes 14.47, val_ap 0.44030659916707854, lr 0.00025
    epoch 46: loss 0.7322689965993416, minutes 14.77, val_ap 0.4390869658657771, lr 0.00025
    epoch 47: loss 0.728015015455855, minutes 15.06, val_ap 0.4378411698570199, lr 0.00025
    epoch 48: loss 0.7241283970219748, minutes 15.34, val_ap 0.43946939965084864, lr 0.00025
    epoch 49: loss 0.7255168350804754, minutes 15.63, val_ap 0.4409053059016107, lr 0.00025
    epoch 50: loss 0.7243522747224118, minutes 15.91, val_ap 0.4399063711948394, lr 0.00025
    epoch 51: loss 0.7233320834756899, minutes 16.16, val_ap 0.43955766743729774, lr 0.00025
    epoch 52: loss 0.7224927760472819, minutes 16.43, val_ap 0.4368266447852187, lr 0.000125
    epoch 53: loss 0.7185765088105402, minutes 16.68, val_ap 0.43885488854259447, lr 0.000125
    epoch 54: loss 0.7184584171832109, minutes 16.95, val_ap 0.4367426664022704, lr 0.000125
    epoch 55: loss 0.7152503891652372, minutes 17.21, val_ap 0.4359155799734605, lr 0.000125
    epoch 56: loss 0.7146177317414965, minutes 17.46, val_ap 0.4383630447348815, lr 0.000125
    epoch 57: loss 0.7138323121711987, minutes 17.67, val_ap 0.43698330934563323, lr 0.000125
    epoch 58: loss 0.7165653698083734, minutes 17.87, val_ap 0.43836992503201067, lr 0.000125
    stopping: no validation gain in 25 epochs
[deepset pooled_both fold 0 seed 1] done (18.2 min)
