loaded: dataset0 121,838 sites, data1 90,452
[knn_random pooled_both fold 0]
    epoch 1: loss 1.1613058005060468, minutes 3.87, val_ap 0.3084782462994882, lr 0.00033389355742296915
    epoch 2: loss 0.9231242483403502, minutes 8.15, val_ap 0.386930386078514, lr 0.0006672268907563025
    epoch 3: loss 0.8841376617175191, minutes 12.34, val_ap 0.4004171100097317, lr 0.001
    epoch 4: loss 0.8725266693519945, minutes 16.36, val_ap 0.41490445173597534, lr 0.001
    epoch 5: loss 0.8612075889811797, minutes 20.36, val_ap 0.411770852018217, lr 0.001
    epoch 6: loss 0.8519369029197372, minutes 24.52, val_ap 0.40649753158000784, lr 0.001
    epoch 7: loss 0.8452707441414103, minutes 28.67, val_ap 0.4223917590039902, lr 0.001
    epoch 8: loss 0.839904625876611, minutes 32.76, val_ap 0.4269994911750995, lr 0.001
    epoch 9: loss 0.8375772511257845, minutes 36.85, val_ap 0.43447370397255375, lr 0.001
    epoch 10: loss 0.8314829877444676, minutes 40.97, val_ap 0.4287753602648586, lr 0.001
    epoch 11: loss 0.8253754673885698, minutes 44.98, val_ap 0.4300998492964973, lr 0.001
    epoch 12: loss 0.8248287114275604, minutes 49.0, val_ap 0.4390504426034045, lr 0.001
    epoch 13: loss 0.8206704408180814, minutes 53.0, val_ap 0.4377095228268489, lr 0.001
    epoch 14: loss 0.8159148350984109, minutes 57.1, val_ap 0.44506162906309016, lr 0.001
    epoch 15: loss 0.81774687616765, minutes 61.22, val_ap 0.43670390462181513, lr 0.001
    epoch 16: loss 0.8149503252586396, minutes 65.42, val_ap 0.4346551975234012, lr 0.001
    epoch 17: loss 0.8072622989406105, minutes 69.46, val_ap 0.4495765415733659, lr 0.001
    epoch 18: loss 0.8040828381265913, minutes 73.23, val_ap 0.44579573406317125, lr 0.001
    epoch 19: loss 0.8031081350410686, minutes 77.33, val_ap 0.4481845847875836, lr 0.001
    epoch 20: loss 0.8019574147312581, minutes 81.42, val_ap 0.44022369088089586, lr 0.001
    epoch 21: loss 0.7999527431836649, minutes 85.75, val_ap 0.4354261340131036, lr 0.001
    epoch 22: loss 0.79856037532582, minutes 89.76, val_ap 0.4476097311511745, lr 0.001
    epoch 23: loss 0.792577747787748, minutes 93.88, val_ap 0.44164883455900295, lr 0.001
    epoch 24: loss 0.7943662679996811, minutes 97.85, val_ap 0.43688796750563497, lr 0.001
    epoch 25: loss 0.7908085874148778, minutes 102.07, val_ap 0.4422468620743704, lr 0.001
    epoch 26: loss 0.7866262650790334, minutes 106.1, val_ap 0.4445500756076443, lr 0.0005
    epoch 27: loss 0.7774861440939062, minutes 110.31, val_ap 0.45697505448847686, lr 0.0005
    epoch 28: loss 0.7715587665052975, minutes 114.1, val_ap 0.4497874287131916, lr 0.0005
    epoch 29: loss 0.7689174548918459, minutes 118.31, val_ap 0.45183304531789004, lr 0.0005
    epoch 30: loss 0.7662008515426091, minutes 122.31, val_ap 0.45124573053511474, lr 0.0005
    epoch 31: loss 0.7640073374539864, minutes 126.61, val_ap 0.4507436632037351, lr 0.0005
    epoch 32: loss 0.7626441189721853, minutes 130.59, val_ap 0.45344000237689464, lr 0.0005
    epoch 33: loss 0.7637048729327547, minutes 134.92, val_ap 0.45041121861167205, lr 0.0005
    epoch 34: loss 0.758170808814153, minutes 138.86, val_ap 0.4490890572749677, lr 0.0005
    epoch 35: loss 0.7553578252051057, minutes 142.64, val_ap 0.45208584721680023, lr 0.0005
    epoch 36: loss 0.7554994218990583, minutes 146.32, val_ap 0.44810520724125213, lr 0.00025
    epoch 37: loss 0.7477772722725107, minutes 150.36, val_ap 0.4563201246733818, lr 0.00025
    epoch 38: loss 0.7482794721086486, minutes 154.15, val_ap 0.4541759778806667, lr 0.00025
    epoch 39: loss 0.7460994466513144, minutes 157.55, val_ap 0.4540549402273122, lr 0.00025
    epoch 40: loss 0.7415394578160358, minutes 160.94, val_ap 0.4460412754606838, lr 0.00025
    epoch 41: loss 0.7383697799774779, minutes 163.97, val_ap 0.45056797336635185, lr 0.00025
    epoch 42: loss 0.7394954485051772, minutes 166.92, val_ap 0.45448593036783796, lr 0.00025
    epoch 43: loss 0.7394669754665439, minutes 170.28, val_ap 0.4529291974281856, lr 0.00025
    epoch 44: loss 0.7377123853238691, minutes 173.09, val_ap 0.454222941633386, lr 0.00025
    epoch 45: loss 0.7346456523202046, minutes 176.3, val_ap 0.4502216791407799, lr 0.000125
    epoch 46: loss 0.7319789269391228, minutes 179.3, val_ap 0.4522730240159142, lr 0.000125
    epoch 47: loss 0.7292460133047665, minutes 182.49, val_ap 0.45586867406421144, lr 0.000125
    epoch 48: loss 0.7275502831995988, minutes 185.27, val_ap 0.4531207883560677, lr 0.000125
    epoch 49: loss 0.7258644024864966, minutes 188.4, val_ap 0.45193867231242457, lr 0.000125
    epoch 50: loss 0.7312962589644584, minutes 191.1, val_ap 0.44920937809557465, lr 0.000125
    epoch 51: loss 0.7235380645058737, minutes 193.9, val_ap 0.4487188093287273, lr 0.000125
    stopping: no validation gain in 25 epochs
[knn_random pooled_both fold 0] done (197.5 min)
