loaded: dataset0 121,838 sites, data1 90,452
[fk_kernel dataset0 fold 4]
    kernel decay scale 97.3 nt (fitted to cell line 1 training labels)
    epoch 1: loss 1.9659, val_ap 0.1556, minutes 0.56, lr 3.33e-04
    epoch 2: loss 1.5550, val_ap 0.2495, minutes 1.13, lr 6.63e-04
    epoch 3: loss 1.3557, val_ap 0.3898, minutes 1.71, lr 9.92e-04
    epoch 4: loss 1.2002, val_ap 0.4665, minutes 2.3, lr 1.00e-03
    epoch 5: loss 1.1110, val_ap 0.4960, minutes 2.86, lr 1.00e-03
    epoch 6: loss 1.0890, val_ap 0.4947, minutes 3.42, lr 1.00e-03
    epoch 7: loss 1.0159, val_ap 0.5253, minutes 3.99, lr 1.00e-03
    epoch 8: loss 0.9971, val_ap 0.5392, minutes 4.6, lr 1.00e-03
    epoch 9: loss 0.9929, val_ap 0.5493, minutes 5.17, lr 1.00e-03
    epoch 10: loss 0.9566, val_ap 0.5475, minutes 5.8, lr 1.00e-03
    epoch 11: loss 0.9761, val_ap 0.5454, minutes 6.38, lr 1.00e-03
    epoch 12: loss 0.9498, val_ap 0.5457, minutes 6.89, lr 1.00e-03
    epoch 13: loss 0.9414, val_ap 0.5499, minutes 7.45, lr 1.00e-03
    epoch 14: loss 0.9288, val_ap 0.5467, minutes 7.95, lr 1.00e-03
    epoch 15: loss 0.9230, val_ap 0.5438, minutes 8.5, lr 1.00e-03
    epoch 16: loss 0.9254, val_ap 0.5454, minutes 9.08, lr 1.00e-03
    epoch 17: loss 0.9092, val_ap 0.5527, minutes 9.66, lr 1.00e-03
    epoch 18: loss 0.9129, val_ap 0.5386, minutes 10.24, lr 1.00e-03
    epoch 19: loss 0.9097, val_ap 0.5519, minutes 10.79, lr 1.00e-03
    epoch 20: loss 0.9423, val_ap 0.5519, minutes 11.35, lr 1.00e-03
    epoch 21: loss 0.8833, val_ap 0.5539, minutes 11.89, lr 1.00e-03
    epoch 22: loss 0.8821, val_ap 0.5585, minutes 12.44, lr 1.00e-03
    epoch 23: loss 0.9081, val_ap 0.5528, minutes 13.0, lr 1.00e-03
    epoch 24: loss 0.9062, val_ap 0.5525, minutes 13.56, lr 1.00e-03
    epoch 25: loss 0.8712, val_ap 0.5564, minutes 14.11, lr 1.00e-03
    epoch 26: loss 0.8675, val_ap 0.5631, minutes 14.68, lr 1.00e-03
    epoch 27: loss 0.8736, val_ap 0.5614, minutes 15.22, lr 1.00e-03
    epoch 28: loss 0.8727, val_ap 0.5603, minutes 15.78, lr 1.00e-03
    epoch 29: loss 0.8523, val_ap 0.5625, minutes 16.34, lr 1.00e-03
    epoch 30: loss 0.8433, val_ap 0.5640, minutes 16.92, lr 1.00e-03
    epoch 31: loss 0.8506, val_ap 0.5656, minutes 17.46, lr 1.00e-03
    epoch 32: loss 0.8430, val_ap 0.5643, minutes 18.01, lr 1.00e-03
    epoch 33: loss 0.8241, val_ap 0.5673, minutes 18.58, lr 1.00e-03
    epoch 34: loss 0.8456, val_ap 0.5691, minutes 19.14, lr 1.00e-03
    epoch 35: loss 0.8678, val_ap 0.5694, minutes 19.71, lr 1.00e-03
    epoch 36: loss 0.8389, val_ap 0.5701, minutes 20.23, lr 1.00e-03
    epoch 37: loss 0.8723, val_ap 0.5681, minutes 20.8, lr 1.00e-03
    epoch 38: loss 0.8257, val_ap 0.5676, minutes 21.34, lr 1.00e-03
    epoch 39: loss 0.8240, val_ap 0.5677, minutes 21.88, lr 1.00e-03
    epoch 40: loss 0.8165, val_ap 0.5696, minutes 22.46, lr 1.00e-03
    epoch 41: loss 0.8061, val_ap 0.5709, minutes 23.02, lr 1.00e-03
    epoch 42: loss 0.8085, val_ap 0.5801, minutes 23.57, lr 1.00e-03
    epoch 43: loss 0.8241, val_ap 0.5737, minutes 24.1, lr 1.00e-03
    epoch 44: loss 0.7992, val_ap 0.5805, minutes 24.66, lr 1.00e-03
    epoch 45: loss 0.8142, val_ap 0.5797, minutes 25.2, lr 1.00e-03
    epoch 46: loss 0.8173, val_ap 0.5731, minutes 25.74, lr 1.00e-03
    epoch 47: loss 0.7868, val_ap 0.5841, minutes 26.28, lr 1.00e-03
    epoch 48: loss 0.7991, val_ap 0.5832, minutes 26.85, lr 1.00e-03
    epoch 49: loss 0.8131, val_ap 0.5852, minutes 27.39, lr 1.00e-03
    epoch 50: loss 0.7951, val_ap 0.5793, minutes 27.92, lr 1.00e-03
    epoch 51: loss 0.7904, val_ap 0.5817, minutes 28.45, lr 1.00e-03
    epoch 52: loss 0.7935, val_ap 0.5797, minutes 29.05, lr 1.00e-03
    epoch 53: loss 0.7873, val_ap 0.5805, minutes 29.6, lr 1.00e-03
    epoch 54: loss 0.7785, val_ap 0.5799, minutes 30.16, lr 1.00e-03
    epoch 55: loss 0.7871, val_ap 0.5849, minutes 30.73, lr 1.00e-03
    epoch 56: loss 0.7796, val_ap 0.5854, minutes 31.27, lr 1.00e-03
    epoch 57: loss 0.7670, val_ap 0.5785, minutes 31.82, lr 1.00e-03
    epoch 58: loss 0.7790, val_ap 0.5797, minutes 32.32, lr 1.00e-03
    epoch 59: loss 0.7680, val_ap 0.5851, minutes 32.85, lr 1.00e-03
    epoch 60: loss 0.7584, val_ap 0.5841, minutes 33.4, lr 1.00e-03
    epoch 61: loss 0.7503, val_ap 0.5769, minutes 33.96, lr 1.00e-03
    epoch 62: loss 0.7852, val_ap 0.5843, minutes 34.51, lr 1.00e-03
    epoch 63: loss 0.7567, val_ap 0.5796, minutes 35.11, lr 1.00e-03
    epoch 64: loss 0.7506, val_ap 0.5907, minutes 35.68, lr 1.00e-03
    epoch 65: loss 0.7474, val_ap 0.5900, minutes 36.24, lr 1.00e-03
    epoch 66: loss 0.7708, val_ap 0.5740, minutes 36.76, lr 1.00e-03
    epoch 67: loss 0.7711, val_ap 0.5845, minutes 37.29, lr 1.00e-03
    epoch 68: loss 0.7325, val_ap 0.5841, minutes 37.84, lr 1.00e-03
    epoch 69: loss 0.7461, val_ap 0.5876, minutes 38.37, lr 1.00e-03
    epoch 70: loss 0.7204, val_ap 0.5814, minutes 38.94, lr 1.00e-03
    epoch 71: loss 0.7169, val_ap 0.5927, minutes 39.47, lr 1.00e-03
    epoch 72: loss 0.7559, val_ap 0.5893, minutes 40.04, lr 1.00e-03
    epoch 73: loss 0.7569, val_ap 0.5931, minutes 40.57, lr 1.00e-03
    epoch 74: loss 0.7309, val_ap 0.5908, minutes 41.12, lr 1.00e-03
    epoch 75: loss 0.7141, val_ap 0.5895, minutes 41.65, lr 1.00e-03
    epoch 76: loss 0.7239, val_ap 0.5913, minutes 42.18, lr 1.00e-03
    epoch 77: loss 0.7170, val_ap 0.5983, minutes 42.72, lr 1.00e-03
    epoch 78: loss 0.7188, val_ap 0.5956, minutes 43.27, lr 1.00e-03
    epoch 79: loss 0.7184, val_ap 0.6003, minutes 43.81, lr 1.00e-03
    epoch 80: loss 0.7048, val_ap 0.5986, minutes 44.35, lr 1.00e-03
    epoch 81: loss 0.7015, val_ap 0.5953, minutes 44.9, lr 1.00e-03
    epoch 82: loss 0.7084, val_ap 0.5965, minutes 45.44, lr 1.00e-03
    epoch 83: loss 0.7127, val_ap 0.5950, minutes 46.0, lr 1.00e-03
    epoch 84: loss 0.7221, val_ap 0.6031, minutes 46.54, lr 1.00e-03
    epoch 85: loss 0.6840, val_ap 0.5995, minutes 47.05, lr 1.00e-03
    epoch 86: loss 0.6997, val_ap 0.5990, minutes 47.61, lr 1.00e-03
    epoch 87: loss 0.7210, val_ap 0.5978, minutes 48.15, lr 1.00e-03
    epoch 88: loss 0.6829, val_ap 0.6033, minutes 48.69, lr 1.00e-03
    epoch 89: loss 0.6778, val_ap 0.6019, minutes 49.25, lr 1.00e-03
    epoch 90: loss 0.6874, val_ap 0.6023, minutes 49.81, lr 1.00e-03
    epoch 91: loss 0.6825, val_ap 0.6058, minutes 50.38, lr 1.00e-03
    epoch 92: loss 0.6816, val_ap 0.6029, minutes 50.93, lr 1.00e-03
    epoch 93: loss 0.6691, val_ap 0.6034, minutes 51.49, lr 1.00e-03
    epoch 94: loss 0.6701, val_ap 0.5975, minutes 52.02, lr 1.00e-03
    epoch 95: loss 0.6717, val_ap 0.6066, minutes 52.56, lr 1.00e-03
    epoch 96: loss 0.6540, val_ap 0.6060, minutes 53.1, lr 1.00e-03
    epoch 97: loss 0.6860, val_ap 0.5835, minutes 53.63, lr 1.00e-03
    epoch 98: loss 0.6594, val_ap 0.6017, minutes 54.17, lr 1.00e-03
    epoch 99: loss 0.6623, val_ap 0.6166, minutes 54.73, lr 1.00e-03
    epoch 100: loss 0.6682, val_ap 0.6096, minutes 55.28, lr 1.00e-03
    epoch 101: loss 0.6538, val_ap 0.6090, minutes 55.8, lr 1.00e-03
    epoch 102: loss 0.6618, val_ap 0.6040, minutes 56.35, lr 1.00e-03
    epoch 103: loss 0.6631, val_ap 0.6011, minutes 56.87, lr 1.00e-03
    epoch 104: loss 0.6515, val_ap 0.6086, minutes 57.32, lr 1.00e-03
    epoch 105: loss 0.6573, val_ap 0.6021, minutes 57.76, lr 1.00e-03
    epoch 106: loss 0.6474, val_ap 0.5909, minutes 58.21, lr 1.00e-03
    epoch 107: loss 0.6413, val_ap 0.6015, minutes 58.68, lr 1.00e-03
    epoch 108: loss 0.6377, val_ap 0.6151, minutes 59.13, lr 5.00e-04
    epoch 109: loss 0.6193, val_ap 0.6090, minutes 59.57, lr 5.00e-04
    epoch 110: loss 0.6128, val_ap 0.6080, minutes 60.02, lr 5.00e-04
    epoch 111: loss 0.6085, val_ap 0.6146, minutes 60.47, lr 5.00e-04
    epoch 112: loss 0.6007, val_ap 0.6087, minutes 60.91, lr 5.00e-04
    epoch 113: loss 0.6040, val_ap 0.6102, minutes 61.33, lr 5.00e-04
    epoch 114: loss 0.6082, val_ap 0.5999, minutes 61.76, lr 5.00e-04
    epoch 115: loss 0.5991, val_ap 0.6047, minutes 62.2, lr 5.00e-04
    epoch 116: loss 0.5859, val_ap 0.5973, minutes 62.66, lr 5.00e-04
    epoch 117: loss 0.6055, val_ap 0.6040, minutes 63.08, lr 2.50e-04
    epoch 118: loss 0.5823, val_ap 0.6056, minutes 63.53, lr 2.50e-04
    epoch 119: loss 0.5861, val_ap 0.5976, minutes 63.93, lr 2.50e-04
    epoch 120: loss 0.5697, val_ap 0.6000, minutes 64.36, lr 2.50e-04
    epoch 121: loss 0.5787, val_ap 0.5907, minutes 64.77, lr 2.50e-04
    epoch 122: loss 0.5742, val_ap 0.6037, minutes 65.21, lr 2.50e-04
    epoch 123: loss 0.5704, val_ap 0.5987, minutes 65.65, lr 2.50e-04
    epoch 124: loss 0.5778, val_ap 0.6032, minutes 66.1, lr 2.50e-04
    stopping: no validation gain in 25 epochs
[fk_kernel dataset0 fold 4] done (66.8 min)
