loaded: dataset0 121,838 sites, data1 90,452
[h2gcn pooled_both fold 2 seed 1]
    epoch 1: loss 1.2588, val_ap 0.1844, minutes 0.79, lr 3.31e-04
    epoch 2: loss 1.0253, val_ap 0.3328, minutes 1.71, lr 6.58e-04
    epoch 3: loss 0.8929, val_ap 0.4383, minutes 2.58, lr 9.87e-04
    epoch 4: loss 0.8189, val_ap 0.4659, minutes 3.35, lr 1.00e-03
    epoch 5: loss 0.7873, val_ap 0.4789, minutes 4.18, lr 1.00e-03
    epoch 6: loss 0.7788, val_ap 0.4780, minutes 4.97, lr 1.00e-03
    epoch 7: loss 0.7745, val_ap 0.4742, minutes 5.78, lr 1.00e-03
    epoch 8: loss 0.7752, val_ap 0.4765, minutes 6.6, lr 1.00e-03
    epoch 9: loss 0.7567, val_ap 0.4820, minutes 7.43, lr 1.00e-03
    epoch 10: loss 0.7539, val_ap 0.4816, minutes 8.36, lr 1.00e-03
    epoch 11: loss 0.7497, val_ap 0.4886, minutes 9.09, lr 1.00e-03
    epoch 12: loss 0.7389, val_ap 0.4847, minutes 9.89, lr 1.00e-03
    epoch 13: loss 0.7508, val_ap 0.4872, minutes 10.65, lr 1.00e-03
    epoch 14: loss 0.7366, val_ap 0.4971, minutes 11.46, lr 1.00e-03
    epoch 15: loss 0.7352, val_ap 0.4927, minutes 12.3, lr 1.00e-03
    epoch 16: loss 0.7291, val_ap 0.4889, minutes 13.05, lr 1.00e-03
    epoch 17: loss 0.7272, val_ap 0.4966, minutes 13.88, lr 1.00e-03
    epoch 18: loss 0.7196, val_ap 0.4951, minutes 14.71, lr 1.00e-03
    epoch 19: loss 0.7242, val_ap 0.4999, minutes 15.59, lr 1.00e-03
    epoch 20: loss 0.7216, val_ap 0.4979, minutes 16.36, lr 1.00e-03
    epoch 21: loss 0.7107, val_ap 0.4994, minutes 17.21, lr 1.00e-03
    epoch 22: loss 0.7045, val_ap 0.5035, minutes 18.02, lr 1.00e-03
    epoch 23: loss 0.7109, val_ap 0.5029, minutes 18.83, lr 1.00e-03
    epoch 24: loss 0.6973, val_ap 0.4989, minutes 19.62, lr 1.00e-03
    epoch 25: loss 0.7080, val_ap 0.4985, minutes 20.38, lr 1.00e-03
    epoch 26: loss 0.6996, val_ap 0.4967, minutes 21.19, lr 1.00e-03
    epoch 27: loss 0.6987, val_ap 0.5030, minutes 21.98, lr 1.00e-03
    epoch 28: loss 0.6832, val_ap 0.5027, minutes 22.79, lr 1.00e-03
    epoch 29: loss 0.6844, val_ap 0.5083, minutes 23.62, lr 1.00e-03
    epoch 30: loss 0.6830, val_ap 0.5030, minutes 24.37, lr 1.00e-03
    epoch 31: loss 0.6777, val_ap 0.4955, minutes 25.17, lr 1.00e-03
    epoch 32: loss 0.6764, val_ap 0.5054, minutes 25.95, lr 1.00e-03
    epoch 33: loss 0.6695, val_ap 0.4954, minutes 26.76, lr 1.00e-03
    epoch 34: loss 0.6864, val_ap 0.5063, minutes 27.52, lr 1.00e-03
    epoch 35: loss 0.6664, val_ap 0.5072, minutes 28.29, lr 1.00e-03
    epoch 36: loss 0.6648, val_ap 0.5107, minutes 29.11, lr 1.00e-03
    epoch 37: loss 0.6657, val_ap 0.5012, minutes 29.88, lr 1.00e-03
    epoch 38: loss 0.6587, val_ap 0.5033, minutes 30.67, lr 1.00e-03
    epoch 39: loss 0.6577, val_ap 0.5061, minutes 31.44, lr 1.00e-03
    epoch 40: loss 0.6580, val_ap 0.5050, minutes 32.26, lr 1.00e-03
    epoch 41: loss 0.6386, val_ap 0.4992, minutes 33.06, lr 1.00e-03
    epoch 42: loss 0.6380, val_ap 0.5090, minutes 33.86, lr 1.00e-03
    epoch 43: loss 0.6418, val_ap 0.4999, minutes 34.69, lr 1.00e-03
    epoch 44: loss 0.6414, val_ap 0.5068, minutes 35.48, lr 1.00e-03
    epoch 45: loss 0.6399, val_ap 0.5002, minutes 36.3, lr 5.00e-04
    epoch 46: loss 0.6153, val_ap 0.5092, minutes 37.03, lr 5.00e-04
    epoch 47: loss 0.6140, val_ap 0.5043, minutes 37.8, lr 5.00e-04
    epoch 48: loss 0.6050, val_ap 0.5029, minutes 38.59, lr 5.00e-04
    epoch 49: loss 0.6058, val_ap 0.5060, minutes 39.43, lr 5.00e-04
    epoch 50: loss 0.6007, val_ap 0.5002, minutes 40.15, lr 5.00e-04
    epoch 51: loss 0.6021, val_ap 0.5035, minutes 40.92, lr 5.00e-04
    epoch 52: loss 0.5975, val_ap 0.5027, minutes 41.67, lr 5.00e-04
    epoch 53: loss 0.6010, val_ap 0.5049, minutes 42.47, lr 5.00e-04
    epoch 54: loss 0.5889, val_ap 0.5046, minutes 43.29, lr 2.50e-04
    epoch 55: loss 0.5800, val_ap 0.5017, minutes 44.12, lr 2.50e-04
    epoch 56: loss 0.5793, val_ap 0.5000, minutes 44.94, lr 2.50e-04
    epoch 57: loss 0.5750, val_ap 0.4977, minutes 45.76, lr 2.50e-04
    epoch 58: loss 0.5685, val_ap 0.4992, minutes 46.59, lr 2.50e-04
    epoch 59: loss 0.5726, val_ap 0.5016, minutes 47.44, lr 2.50e-04
    epoch 60: loss 0.5744, val_ap 0.5009, minutes 48.28, lr 2.50e-04
    epoch 61: loss 0.5655, val_ap 0.5003, minutes 49.16, lr 2.50e-04
    stopping: no validation gain in 25 epochs
[h2gcn pooled_both fold 2 seed 1] done (49.7 min)
