loaded: dataset0 121,838 sites, data1 90,452
[res_nodrop dataset0 fold 4 seed 2]
    kernel decay scale 97.3 nt (fitted to cell line 1 training labels)
    epoch 1: loss 1.9566, val_ap 0.1507, minutes 0.5, lr 3.33e-04
    epoch 2: loss 1.5879, val_ap 0.2150, minutes 0.99, lr 6.63e-04
    epoch 3: loss 1.3731, val_ap 0.3769, minutes 1.52, lr 9.92e-04
    epoch 4: loss 1.2034, val_ap 0.4669, minutes 2.02, lr 1.00e-03
    epoch 5: loss 1.1408, val_ap 0.4883, minutes 2.52, lr 1.00e-03
    epoch 6: loss 1.1159, val_ap 0.5010, minutes 3.01, lr 1.00e-03
    epoch 7: loss 1.0483, val_ap 0.5035, minutes 3.46, lr 1.00e-03
    epoch 8: loss 1.0546, val_ap 0.5179, minutes 3.95, lr 1.00e-03
    epoch 9: loss 1.0138, val_ap 0.5238, minutes 4.43, lr 1.00e-03
    epoch 10: loss 0.9807, val_ap 0.5318, minutes 4.91, lr 1.00e-03
    epoch 11: loss 0.9752, val_ap 0.5309, minutes 5.4, lr 1.00e-03
    epoch 12: loss 0.9604, val_ap 0.5388, minutes 5.88, lr 1.00e-03
    epoch 13: loss 0.9416, val_ap 0.5490, minutes 6.39, lr 1.00e-03
    epoch 14: loss 0.9365, val_ap 0.5524, minutes 6.87, lr 1.00e-03
    epoch 15: loss 0.9133, val_ap 0.5541, minutes 7.41, lr 1.00e-03
    epoch 16: loss 0.9300, val_ap 0.5571, minutes 7.86, lr 1.00e-03
    epoch 17: loss 0.9194, val_ap 0.5504, minutes 8.37, lr 1.00e-03
    epoch 18: loss 0.9041, val_ap 0.5541, minutes 8.87, lr 1.00e-03
    epoch 19: loss 0.9170, val_ap 0.5554, minutes 9.37, lr 1.00e-03
    epoch 20: loss 0.9162, val_ap 0.5569, minutes 9.88, lr 1.00e-03
    epoch 21: loss 0.8975, val_ap 0.5610, minutes 10.32, lr 1.00e-03
    epoch 22: loss 0.9099, val_ap 0.5710, minutes 10.8, lr 1.00e-03
    epoch 23: loss 0.8820, val_ap 0.5645, minutes 11.26, lr 1.00e-03
    epoch 24: loss 0.8964, val_ap 0.5713, minutes 11.74, lr 1.00e-03
    epoch 25: loss 0.8830, val_ap 0.5722, minutes 12.26, lr 1.00e-03
    epoch 26: loss 0.8788, val_ap 0.5729, minutes 12.74, lr 1.00e-03
    epoch 27: loss 0.8761, val_ap 0.5713, minutes 13.26, lr 1.00e-03
    epoch 28: loss 0.8765, val_ap 0.5708, minutes 13.75, lr 1.00e-03
    epoch 29: loss 0.8690, val_ap 0.5777, minutes 14.24, lr 1.00e-03
    epoch 30: loss 0.8647, val_ap 0.5740, minutes 14.76, lr 1.00e-03
    epoch 31: loss 0.8560, val_ap 0.5741, minutes 15.26, lr 1.00e-03
    epoch 32: loss 0.8718, val_ap 0.5717, minutes 15.76, lr 1.00e-03
    epoch 33: loss 0.8464, val_ap 0.5772, minutes 16.21, lr 1.00e-03
    epoch 34: loss 0.8442, val_ap 0.5827, minutes 16.71, lr 1.00e-03
    epoch 35: loss 0.8605, val_ap 0.5769, minutes 17.26, lr 1.00e-03
    epoch 36: loss 0.8546, val_ap 0.5832, minutes 17.73, lr 1.00e-03
    epoch 37: loss 0.8462, val_ap 0.5854, minutes 18.22, lr 1.00e-03
    epoch 38: loss 0.8208, val_ap 0.5828, minutes 18.7, lr 1.00e-03
    epoch 39: loss 0.8523, val_ap 0.5915, minutes 19.18, lr 1.00e-03
    epoch 40: loss 0.8404, val_ap 0.5904, minutes 19.65, lr 1.00e-03
    epoch 41: loss 0.8350, val_ap 0.5863, minutes 20.07, lr 1.00e-03
    epoch 42: loss 0.8266, val_ap 0.5927, minutes 20.56, lr 1.00e-03
    epoch 43: loss 0.8334, val_ap 0.5842, minutes 21.07, lr 1.00e-03
    epoch 44: loss 0.8120, val_ap 0.5899, minutes 21.6, lr 1.00e-03
    epoch 45: loss 0.8206, val_ap 0.5880, minutes 22.1, lr 1.00e-03
    epoch 46: loss 0.8050, val_ap 0.5871, minutes 22.59, lr 1.00e-03
    epoch 47: loss 0.8279, val_ap 0.5900, minutes 23.05, lr 1.00e-03
    epoch 48: loss 0.8208, val_ap 0.5938, minutes 23.57, lr 1.00e-03
    epoch 49: loss 0.8047, val_ap 0.5963, minutes 24.09, lr 1.00e-03
    epoch 50: loss 0.8094, val_ap 0.5938, minutes 24.57, lr 1.00e-03
    epoch 51: loss 0.8087, val_ap 0.5917, minutes 25.07, lr 1.00e-03
    epoch 52: loss 0.8080, val_ap 0.5912, minutes 25.58, lr 1.00e-03
    epoch 53: loss 0.8008, val_ap 0.5909, minutes 26.04, lr 1.00e-03
    epoch 54: loss 0.8182, val_ap 0.5956, minutes 26.51, lr 1.00e-03
    epoch 55: loss 0.7839, val_ap 0.5956, minutes 27.01, lr 1.00e-03
    epoch 56: loss 0.7927, val_ap 0.5914, minutes 27.52, lr 1.00e-03
    epoch 57: loss 0.7919, val_ap 0.6010, minutes 28.02, lr 1.00e-03
    epoch 58: loss 0.7929, val_ap 0.5983, minutes 28.52, lr 1.00e-03
    epoch 59: loss 0.7896, val_ap 0.5943, minutes 29.02, lr 1.00e-03
    epoch 60: loss 0.7876, val_ap 0.5955, minutes 29.54, lr 1.00e-03
    epoch 61: loss 0.7788, val_ap 0.5968, minutes 29.99, lr 1.00e-03
    epoch 62: loss 0.7799, val_ap 0.6081, minutes 30.47, lr 1.00e-03
    epoch 63: loss 0.7825, val_ap 0.6089, minutes 30.94, lr 1.00e-03
    epoch 64: loss 0.7718, val_ap 0.6015, minutes 31.48, lr 1.00e-03
    epoch 65: loss 0.7833, val_ap 0.6060, minutes 31.98, lr 1.00e-03
    epoch 66: loss 0.7691, val_ap 0.6060, minutes 32.47, lr 1.00e-03
    epoch 67: loss 0.7585, val_ap 0.6038, minutes 32.98, lr 1.00e-03
    epoch 68: loss 0.7604, val_ap 0.6091, minutes 33.47, lr 1.00e-03
    epoch 69: loss 0.7572, val_ap 0.6016, minutes 33.98, lr 1.00e-03
    epoch 70: loss 0.7572, val_ap 0.6075, minutes 34.48, lr 1.00e-03
    epoch 71: loss 0.7590, val_ap 0.6054, minutes 34.95, lr 1.00e-03
    epoch 72: loss 0.7343, val_ap 0.6080, minutes 35.47, lr 1.00e-03
    epoch 73: loss 0.7420, val_ap 0.6107, minutes 35.96, lr 1.00e-03
    epoch 74: loss 0.7586, val_ap 0.6086, minutes 36.43, lr 1.00e-03
    epoch 75: loss 0.7451, val_ap 0.6029, minutes 36.95, lr 1.00e-03
    epoch 76: loss 0.7698, val_ap 0.6028, minutes 37.43, lr 1.00e-03
    epoch 77: loss 0.7509, val_ap 0.6059, minutes 37.94, lr 1.00e-03
    epoch 78: loss 0.7369, val_ap 0.6105, minutes 38.4, lr 1.00e-03
    epoch 79: loss 0.7413, val_ap 0.6028, minutes 38.93, lr 1.00e-03
    epoch 80: loss 0.7502, val_ap 0.6064, minutes 39.41, lr 1.00e-03
    epoch 81: loss 0.7408, val_ap 0.6069, minutes 39.86, lr 1.00e-03
    epoch 82: loss 0.7335, val_ap 0.6051, minutes 40.39, lr 5.00e-04
    epoch 83: loss 0.7128, val_ap 0.6186, minutes 40.87, lr 5.00e-04
    epoch 84: loss 0.7094, val_ap 0.6121, minutes 41.35, lr 5.00e-04
    epoch 85: loss 0.6932, val_ap 0.6128, minutes 41.83, lr 5.00e-04
    epoch 86: loss 0.6953, val_ap 0.6093, minutes 42.31, lr 5.00e-04
    epoch 87: loss 0.6920, val_ap 0.6078, minutes 42.82, lr 5.00e-04
    epoch 88: loss 0.6938, val_ap 0.6115, minutes 43.31, lr 5.00e-04
    epoch 89: loss 0.6954, val_ap 0.6089, minutes 43.83, lr 5.00e-04
    epoch 90: loss 0.6941, val_ap 0.6026, minutes 44.31, lr 5.00e-04
    epoch 91: loss 0.6827, val_ap 0.6077, minutes 44.81, lr 5.00e-04
    epoch 92: loss 0.6829, val_ap 0.6103, minutes 45.31, lr 2.50e-04
    epoch 93: loss 0.6690, val_ap 0.6153, minutes 45.81, lr 2.50e-04
    epoch 94: loss 0.6657, val_ap 0.6147, minutes 46.31, lr 2.50e-04
    epoch 95: loss 0.6804, val_ap 0.6135, minutes 46.79, lr 2.50e-04
    epoch 96: loss 0.6748, val_ap 0.6101, minutes 47.26, lr 2.50e-04
    epoch 97: loss 0.6688, val_ap 0.6082, minutes 47.75, lr 2.50e-04
    epoch 98: loss 0.6779, val_ap 0.6117, minutes 48.22, lr 2.50e-04
    epoch 99: loss 0.6777, val_ap 0.6086, minutes 48.71, lr 2.50e-04
    epoch 100: loss 0.6721, val_ap 0.6105, minutes 49.21, lr 2.50e-04
    epoch 101: loss 0.6681, val_ap 0.6124, minutes 49.67, lr 1.25e-04
    epoch 102: loss 0.6746, val_ap 0.6108, minutes 50.12, lr 1.25e-04
    epoch 103: loss 0.6670, val_ap 0.6084, minutes 50.58, lr 1.25e-04
    epoch 104: loss 0.6604, val_ap 0.6098, minutes 51.05, lr 1.25e-04
    epoch 105: loss 0.6718, val_ap 0.6094, minutes 51.56, lr 1.25e-04
    epoch 106: loss 0.6574, val_ap 0.6067, minutes 52.02, lr 1.25e-04
    epoch 107: loss 0.6700, val_ap 0.6079, minutes 52.53, lr 1.25e-04
    epoch 108: loss 0.6582, val_ap 0.6070, minutes 53.02, lr 1.25e-04
    stopping: no validation gain in 25 epochs
[res_nodrop dataset0 fold 4 seed 2] done (53.8 min)
