loaded: dataset0 121,838 sites, data1 90,452
[h2gcn_twohead pooled_both fold 1 seed 1]
    epoch 1: loss 1.2677, val_ap 0.1614, minutes 0.82, lr 3.31e-04
    epoch 2: loss 1.0043, val_ap 0.3338, minutes 1.61, lr 6.60e-04
    epoch 3: loss 0.8608, val_ap 0.4435, minutes 2.43, lr 9.89e-04
    epoch 4: loss 0.7934, val_ap 0.4593, minutes 3.25, lr 1.00e-03
    epoch 5: loss 0.7648, val_ap 0.4687, minutes 4.07, lr 1.00e-03
    epoch 6: loss 0.7452, val_ap 0.4651, minutes 4.89, lr 1.00e-03
    epoch 7: loss 0.7359, val_ap 0.4716, minutes 5.72, lr 1.00e-03
    epoch 8: loss 0.7270, val_ap 0.4814, minutes 6.51, lr 1.00e-03
    epoch 9: loss 0.7274, val_ap 0.4761, minutes 7.31, lr 1.00e-03
    epoch 10: loss 0.7253, val_ap 0.4887, minutes 8.13, lr 1.00e-03
    epoch 11: loss 0.7083, val_ap 0.4850, minutes 8.93, lr 1.00e-03
    epoch 12: loss 0.7050, val_ap 0.4891, minutes 9.75, lr 1.00e-03
    epoch 13: loss 0.7029, val_ap 0.4901, minutes 10.52, lr 1.00e-03
    epoch 14: loss 0.7005, val_ap 0.4949, minutes 11.3, lr 1.00e-03
    epoch 15: loss 0.6983, val_ap 0.4951, minutes 12.12, lr 1.00e-03
    epoch 16: loss 0.6959, val_ap 0.4916, minutes 12.94, lr 1.00e-03
    epoch 17: loss 0.6888, val_ap 0.4898, minutes 13.75, lr 1.00e-03
    epoch 18: loss 0.6808, val_ap 0.4919, minutes 14.58, lr 1.00e-03
    epoch 19: loss 0.6873, val_ap 0.4914, minutes 15.36, lr 1.00e-03
    epoch 20: loss 0.6761, val_ap 0.4923, minutes 16.17, lr 1.00e-03
    epoch 21: loss 0.6796, val_ap 0.4987, minutes 16.96, lr 1.00e-03
    epoch 22: loss 0.6817, val_ap 0.4930, minutes 17.71, lr 1.00e-03
    epoch 23: loss 0.6723, val_ap 0.4979, minutes 18.5, lr 1.00e-03
    epoch 24: loss 0.6767, val_ap 0.5010, minutes 19.29, lr 1.00e-03
    epoch 25: loss 0.6751, val_ap 0.4968, minutes 20.1, lr 1.00e-03
    epoch 26: loss 0.6620, val_ap 0.4974, minutes 20.86, lr 1.00e-03
    epoch 27: loss 0.6576, val_ap 0.4964, minutes 21.65, lr 1.00e-03
    epoch 28: loss 0.6577, val_ap 0.5033, minutes 22.43, lr 1.00e-03
    epoch 29: loss 0.6495, val_ap 0.4975, minutes 23.23, lr 1.00e-03
    epoch 30: loss 0.6494, val_ap 0.4967, minutes 24.05, lr 1.00e-03
    epoch 31: loss 0.6514, val_ap 0.5024, minutes 24.86, lr 1.00e-03
    epoch 32: loss 0.6470, val_ap 0.4974, minutes 25.68, lr 1.00e-03
    epoch 33: loss 0.6419, val_ap 0.4935, minutes 26.49, lr 1.00e-03
    epoch 34: loss 0.6469, val_ap 0.4961, minutes 27.3, lr 1.00e-03
    epoch 35: loss 0.6347, val_ap 0.5004, minutes 28.09, lr 1.00e-03
    epoch 36: loss 0.6319, val_ap 0.5037, minutes 28.85, lr 1.00e-03
    epoch 37: loss 0.6284, val_ap 0.4966, minutes 29.67, lr 1.00e-03
    epoch 38: loss 0.6294, val_ap 0.5007, minutes 30.51, lr 1.00e-03
    epoch 39: loss 0.6240, val_ap 0.4940, minutes 31.31, lr 1.00e-03
    epoch 40: loss 0.6244, val_ap 0.4892, minutes 32.1, lr 1.00e-03
    epoch 41: loss 0.6150, val_ap 0.4858, minutes 32.9, lr 1.00e-03
    epoch 42: loss 0.6130, val_ap 0.4877, minutes 33.7, lr 1.00e-03
    epoch 43: loss 0.6144, val_ap 0.5036, minutes 34.46, lr 1.00e-03
    epoch 44: loss 0.6085, val_ap 0.4977, minutes 35.26, lr 1.00e-03
    epoch 45: loss 0.6071, val_ap 0.5073, minutes 36.06, lr 1.00e-03
    epoch 46: loss 0.6015, val_ap 0.4923, minutes 36.83, lr 1.00e-03
    epoch 47: loss 0.5997, val_ap 0.4893, minutes 37.59, lr 1.00e-03
    epoch 48: loss 0.5997, val_ap 0.4968, minutes 38.31, lr 1.00e-03
    epoch 49: loss 0.5974, val_ap 0.4928, minutes 39.06, lr 1.00e-03
    epoch 50: loss 0.5927, val_ap 0.4920, minutes 39.76, lr 1.00e-03
    epoch 51: loss 0.5814, val_ap 0.4817, minutes 40.49, lr 1.00e-03
    epoch 52: loss 0.5839, val_ap 0.4916, minutes 41.2, lr 1.00e-03
    epoch 53: loss 0.5713, val_ap 0.4781, minutes 41.96, lr 1.00e-03
    epoch 54: loss 0.5720, val_ap 0.4922, minutes 42.69, lr 5.00e-04
    epoch 55: loss 0.5502, val_ap 0.4901, minutes 43.4, lr 5.00e-04
    epoch 56: loss 0.5484, val_ap 0.4723, minutes 44.15, lr 5.00e-04
    epoch 57: loss 0.5424, val_ap 0.4841, minutes 44.85, lr 5.00e-04
    epoch 58: loss 0.5496, val_ap 0.4846, minutes 45.58, lr 5.00e-04
    epoch 59: loss 0.5438, val_ap 0.4895, minutes 46.29, lr 5.00e-04
    epoch 60: loss 0.5392, val_ap 0.4886, minutes 47.01, lr 5.00e-04
    epoch 61: loss 0.5368, val_ap 0.4866, minutes 47.66, lr 5.00e-04
    epoch 62: loss 0.5327, val_ap 0.4865, minutes 48.38, lr 5.00e-04
    epoch 63: loss 0.5256, val_ap 0.4834, minutes 49.07, lr 2.50e-04
    epoch 64: loss 0.5261, val_ap 0.4809, minutes 49.79, lr 2.50e-04
    epoch 65: loss 0.5185, val_ap 0.4822, minutes 50.44, lr 2.50e-04
    epoch 66: loss 0.5152, val_ap 0.4738, minutes 51.11, lr 2.50e-04
    epoch 67: loss 0.5150, val_ap 0.4829, minutes 51.79, lr 2.50e-04
    epoch 68: loss 0.5119, val_ap 0.4801, minutes 52.41, lr 2.50e-04
    epoch 69: loss 0.5068, val_ap 0.4713, minutes 53.06, lr 2.50e-04
    epoch 70: loss 0.5119, val_ap 0.4816, minutes 53.73, lr 2.50e-04
    stopping: no validation gain in 25 epochs
[h2gcn_twohead pooled_both fold 1 seed 1] done (54.5 min)
