loaded: dataset0 121,838 sites, data1 90,452
[fk_band dataset0 fold 2 seed 1]
    band weights [0.387, 0.361, 0.252] (bands ((0, 30), (30, 75), (75, 150)))
    epoch 1: loss 1.9574, val_ap 0.1658, minutes 0.49, lr 3.33e-04
    epoch 2: loss 1.5830, val_ap 0.2796, minutes 0.98, lr 6.59e-04
    epoch 3: loss 1.3170, val_ap 0.4260, minutes 1.57, lr 9.89e-04
    epoch 4: loss 1.1894, val_ap 0.5154, minutes 2.05, lr 1.00e-03
    epoch 5: loss 1.1346, val_ap 0.5273, minutes 2.57, lr 1.00e-03
    epoch 6: loss 1.0770, val_ap 0.5386, minutes 3.03, lr 1.00e-03
    epoch 7: loss 1.0529, val_ap 0.5487, minutes 3.49, lr 1.00e-03
    epoch 8: loss 1.0797, val_ap 0.5474, minutes 4.01, lr 1.00e-03
    epoch 9: loss 1.0058, val_ap 0.5733, minutes 4.52, lr 1.00e-03
    epoch 10: loss 1.0082, val_ap 0.5753, minutes 5.09, lr 1.00e-03
    epoch 11: loss 0.9780, val_ap 0.5757, minutes 5.58, lr 1.00e-03
    epoch 12: loss 0.9596, val_ap 0.5903, minutes 6.1, lr 1.00e-03
    epoch 13: loss 0.9705, val_ap 0.5792, minutes 6.59, lr 1.00e-03
    epoch 14: loss 0.9461, val_ap 0.5908, minutes 7.09, lr 1.00e-03
    epoch 15: loss 0.9357, val_ap 0.5857, minutes 7.6, lr 1.00e-03
    epoch 16: loss 0.9168, val_ap 0.5901, minutes 8.11, lr 1.00e-03
    epoch 17: loss 0.9187, val_ap 0.5873, minutes 8.6, lr 1.00e-03
    epoch 18: loss 0.9119, val_ap 0.5935, minutes 9.04, lr 1.00e-03
    epoch 19: loss 0.9317, val_ap 0.5984, minutes 9.55, lr 1.00e-03
    epoch 20: loss 0.8984, val_ap 0.5940, minutes 10.04, lr 1.00e-03
    epoch 21: loss 0.9010, val_ap 0.5993, minutes 10.49, lr 1.00e-03
    epoch 22: loss 0.8951, val_ap 0.5972, minutes 10.98, lr 1.00e-03
    epoch 23: loss 0.9061, val_ap 0.6020, minutes 11.46, lr 1.00e-03
    epoch 24: loss 0.8940, val_ap 0.5971, minutes 11.96, lr 1.00e-03
    epoch 25: loss 0.8751, val_ap 0.6051, minutes 12.43, lr 1.00e-03
    epoch 26: loss 0.9316, val_ap 0.5954, minutes 12.92, lr 1.00e-03
    epoch 27: loss 0.9148, val_ap 0.6051, minutes 13.41, lr 1.00e-03
    epoch 28: loss 0.8777, val_ap 0.6060, minutes 13.91, lr 1.00e-03
    epoch 29: loss 0.8826, val_ap 0.6131, minutes 14.39, lr 1.00e-03
    epoch 30: loss 0.8502, val_ap 0.6045, minutes 14.9, lr 1.00e-03
    epoch 31: loss 0.8648, val_ap 0.5997, minutes 15.4, lr 1.00e-03
    epoch 32: loss 0.8718, val_ap 0.6074, minutes 15.9, lr 1.00e-03
    epoch 33: loss 0.8348, val_ap 0.6005, minutes 16.39, lr 1.00e-03
    epoch 34: loss 0.8516, val_ap 0.6116, minutes 16.9, lr 1.00e-03
    epoch 35: loss 0.8349, val_ap 0.6101, minutes 17.4, lr 1.00e-03
    epoch 36: loss 0.8293, val_ap 0.5921, minutes 17.91, lr 1.00e-03
    epoch 37: loss 0.8605, val_ap 0.6142, minutes 18.41, lr 1.00e-03
    epoch 38: loss 0.8337, val_ap 0.6103, minutes 18.91, lr 1.00e-03
    epoch 39: loss 0.8340, val_ap 0.6085, minutes 19.43, lr 1.00e-03
    epoch 40: loss 0.8279, val_ap 0.6139, minutes 19.95, lr 1.00e-03
    epoch 41: loss 0.8286, val_ap 0.6148, minutes 20.43, lr 1.00e-03
    epoch 42: loss 0.8067, val_ap 0.6215, minutes 20.95, lr 1.00e-03
    epoch 43: loss 0.8053, val_ap 0.6170, minutes 21.47, lr 1.00e-03
    epoch 44: loss 0.8215, val_ap 0.6064, minutes 21.98, lr 1.00e-03
    epoch 45: loss 0.8392, val_ap 0.6091, minutes 22.48, lr 1.00e-03
    epoch 46: loss 1.0071, val_ap 0.5858, minutes 22.99, lr 1.00e-03
    epoch 47: loss 0.8558, val_ap 0.5981, minutes 23.48, lr 1.00e-03
    epoch 48: loss 0.8333, val_ap 0.6029, minutes 23.98, lr 1.00e-03
    epoch 49: loss 0.8253, val_ap 0.6117, minutes 24.49, lr 1.00e-03
    epoch 50: loss 0.8142, val_ap 0.6080, minutes 25.01, lr 1.00e-03
    epoch 51: loss 0.7965, val_ap 0.6106, minutes 25.51, lr 5.00e-04
    epoch 52: loss 0.7887, val_ap 0.6189, minutes 26.01, lr 5.00e-04
    epoch 53: loss 0.7945, val_ap 0.6164, minutes 26.52, lr 5.00e-04
    epoch 54: loss 0.7829, val_ap 0.6155, minutes 27.0, lr 5.00e-04
    epoch 55: loss 0.7817, val_ap 0.6177, minutes 27.48, lr 5.00e-04
    epoch 56: loss 0.7572, val_ap 0.6186, minutes 27.91, lr 5.00e-04
    epoch 57: loss 0.7768, val_ap 0.6138, minutes 28.41, lr 5.00e-04
    epoch 58: loss 0.7657, val_ap 0.6152, minutes 28.93, lr 5.00e-04
    epoch 59: loss 0.7658, val_ap 0.6187, minutes 29.43, lr 5.00e-04
    epoch 60: loss 0.7571, val_ap 0.6175, minutes 29.92, lr 2.50e-04
    epoch 61: loss 0.7546, val_ap 0.6238, minutes 30.42, lr 2.50e-04
    epoch 62: loss 0.7481, val_ap 0.6236, minutes 30.89, lr 2.50e-04
    epoch 63: loss 0.7383, val_ap 0.6196, minutes 31.41, lr 2.50e-04
    epoch 64: loss 0.7531, val_ap 0.6212, minutes 31.91, lr 2.50e-04
    epoch 65: loss 0.7419, val_ap 0.6191, minutes 32.41, lr 2.50e-04
    epoch 66: loss 0.7556, val_ap 0.6238, minutes 32.92, lr 2.50e-04
    epoch 67: loss 0.7450, val_ap 0.6229, minutes 33.39, lr 2.50e-04
    epoch 68: loss 0.7373, val_ap 0.6209, minutes 33.89, lr 2.50e-04
    epoch 69: loss 0.7471, val_ap 0.6228, minutes 34.37, lr 2.50e-04
    epoch 70: loss 0.7315, val_ap 0.6256, minutes 34.84, lr 2.50e-04
    epoch 71: loss 0.7371, val_ap 0.6248, minutes 35.37, lr 2.50e-04
    epoch 72: loss 0.7501, val_ap 0.6227, minutes 35.84, lr 2.50e-04
    epoch 73: loss 0.7375, val_ap 0.6239, minutes 36.41, lr 2.50e-04
    epoch 74: loss 0.7353, val_ap 0.6290, minutes 36.92, lr 2.50e-04
    epoch 75: loss 0.7389, val_ap 0.6219, minutes 37.41, lr 2.50e-04
    epoch 76: loss 0.7386, val_ap 0.6269, minutes 37.93, lr 2.50e-04
    epoch 77: loss 0.7343, val_ap 0.6276, minutes 38.42, lr 2.50e-04
    epoch 78: loss 0.7256, val_ap 0.6236, minutes 38.93, lr 2.50e-04
    epoch 79: loss 0.7387, val_ap 0.6235, minutes 39.4, lr 2.50e-04
    epoch 80: loss 0.7298, val_ap 0.6252, minutes 39.85, lr 2.50e-04
    epoch 81: loss 0.7281, val_ap 0.6246, minutes 40.33, lr 2.50e-04
    epoch 82: loss 0.7334, val_ap 0.6241, minutes 40.8, lr 2.50e-04
    epoch 83: loss 0.7317, val_ap 0.6243, minutes 41.3, lr 1.25e-04
    epoch 84: loss 0.7166, val_ap 0.6247, minutes 41.77, lr 1.25e-04
    epoch 85: loss 0.7220, val_ap 0.6286, minutes 42.25, lr 1.25e-04
    epoch 86: loss 0.7203, val_ap 0.6281, minutes 42.72, lr 1.25e-04
    epoch 87: loss 0.7299, val_ap 0.6303, minutes 43.2, lr 1.25e-04
    epoch 88: loss 0.7147, val_ap 0.6281, minutes 43.68, lr 1.25e-04
    epoch 89: loss 0.7221, val_ap 0.6267, minutes 44.16, lr 1.25e-04
    epoch 90: loss 0.7211, val_ap 0.6269, minutes 44.63, lr 1.25e-04
    epoch 91: loss 0.7128, val_ap 0.6300, minutes 45.1, lr 1.25e-04
    epoch 92: loss 0.7808, val_ap 0.6297, minutes 45.6, lr 1.25e-04
    epoch 93: loss 0.7496, val_ap 0.6296, minutes 46.08, lr 1.25e-04
    epoch 94: loss 0.7223, val_ap 0.6288, minutes 46.57, lr 1.25e-04
    epoch 95: loss 0.7130, val_ap 0.6303, minutes 47.02, lr 1.25e-04
    epoch 96: loss 0.7073, val_ap 0.6296, minutes 47.51, lr 6.25e-05
    epoch 97: loss 0.7112, val_ap 0.6287, minutes 48.02, lr 6.25e-05
    epoch 98: loss 0.7187, val_ap 0.6276, minutes 48.48, lr 6.25e-05
    epoch 99: loss 0.7016, val_ap 0.6273, minutes 48.99, lr 6.25e-05
    epoch 100: loss 0.7200, val_ap 0.6281, minutes 49.45, lr 6.25e-05
    epoch 101: loss 0.7178, val_ap 0.6294, minutes 49.97, lr 6.25e-05
    epoch 102: loss 0.7148, val_ap 0.6290, minutes 50.44, lr 6.25e-05
    epoch 103: loss 0.7085, val_ap 0.6280, minutes 50.9, lr 6.25e-05
    epoch 104: loss 0.7050, val_ap 0.6285, minutes 51.39, lr 6.25e-05
    epoch 105: loss 0.6927, val_ap 0.6281, minutes 51.88, lr 3.13e-05
    epoch 106: loss 0.7088, val_ap 0.6279, minutes 52.36, lr 3.13e-05
    epoch 107: loss 0.7103, val_ap 0.6284, minutes 52.82, lr 3.13e-05
    epoch 108: loss 0.6991, val_ap 0.6286, minutes 53.29, lr 3.13e-05
    epoch 109: loss 0.6937, val_ap 0.6285, minutes 53.74, lr 3.13e-05
    epoch 110: loss 0.7097, val_ap 0.6288, minutes 54.21, lr 3.13e-05
    epoch 111: loss 0.6987, val_ap 0.6288, minutes 54.69, lr 3.13e-05
    epoch 112: loss 0.6926, val_ap 0.6282, minutes 55.12, lr 3.13e-05
    stopping: no validation gain in 25 epochs
[fk_band dataset0 fold 2 seed 1] done (55.8 min)
