loaded: dataset0 121,838 sites, data1 90,452
[gcn pooled_both fold 1 seed 2]
    epoch 1: loss 1.3109, val_ap 0.1107, minutes 0.95, lr 3.31e-04
    epoch 2: loss 1.2286, val_ap 0.1686, minutes 1.86, lr 6.60e-04
    epoch 3: loss 1.0820, val_ap 0.2695, minutes 2.78, lr 9.89e-04
    epoch 4: loss 0.9945, val_ap 0.2815, minutes 3.74, lr 1.00e-03
    epoch 5: loss 0.9758, val_ap 0.2841, minutes 4.64, lr 1.00e-03
    epoch 6: loss 0.9625, val_ap 0.2872, minutes 5.53, lr 1.00e-03
    epoch 7: loss 0.9553, val_ap 0.2933, minutes 6.47, lr 1.00e-03
    epoch 8: loss 0.9505, val_ap 0.2962, minutes 7.4, lr 1.00e-03
    epoch 9: loss 0.9339, val_ap 0.2956, minutes 8.35, lr 1.00e-03
    epoch 10: loss 0.9324, val_ap 0.2988, minutes 9.24, lr 1.00e-03
    epoch 11: loss 0.9296, val_ap 0.3007, minutes 10.19, lr 1.00e-03
    epoch 12: loss 0.9200, val_ap 0.3035, minutes 11.07, lr 1.00e-03
    epoch 13: loss 0.9273, val_ap 0.3011, minutes 12.01, lr 1.00e-03
    epoch 14: loss 0.9218, val_ap 0.3041, minutes 12.91, lr 1.00e-03
    epoch 15: loss 0.9159, val_ap 0.3021, minutes 13.84, lr 1.00e-03
    epoch 16: loss 0.9104, val_ap 0.3066, minutes 14.73, lr 1.00e-03
    epoch 17: loss 0.9121, val_ap 0.3075, minutes 15.63, lr 1.00e-03
    epoch 18: loss 0.9096, val_ap 0.3069, minutes 16.52, lr 1.00e-03
    epoch 19: loss 0.9104, val_ap 0.3059, minutes 17.44, lr 1.00e-03
    epoch 20: loss 0.9018, val_ap 0.3056, minutes 18.33, lr 1.00e-03
    epoch 21: loss 0.9037, val_ap 0.3092, minutes 19.25, lr 1.00e-03
    epoch 22: loss 0.9015, val_ap 0.3072, minutes 20.17, lr 1.00e-03
    epoch 23: loss 0.8989, val_ap 0.3107, minutes 21.11, lr 1.00e-03
    epoch 24: loss 0.8986, val_ap 0.3099, minutes 22.01, lr 1.00e-03
    epoch 25: loss 0.8918, val_ap 0.3072, minutes 22.96, lr 1.00e-03
    epoch 26: loss 0.8940, val_ap 0.3102, minutes 23.86, lr 1.00e-03
    epoch 27: loss 0.8929, val_ap 0.3064, minutes 24.78, lr 1.00e-03
    epoch 28: loss 0.8871, val_ap 0.3083, minutes 25.66, lr 1.00e-03
    epoch 29: loss 0.8824, val_ap 0.3061, minutes 26.58, lr 1.00e-03
    epoch 30: loss 0.8837, val_ap 0.3144, minutes 27.46, lr 1.00e-03
    epoch 31: loss 0.8914, val_ap 0.3133, minutes 28.36, lr 1.00e-03
    epoch 32: loss 0.8934, val_ap 0.3115, minutes 29.27, lr 1.00e-03
    epoch 33: loss 0.8871, val_ap 0.3119, minutes 30.17, lr 1.00e-03
    epoch 34: loss 0.8797, val_ap 0.3110, minutes 31.07, lr 1.00e-03
    epoch 35: loss 0.8767, val_ap 0.3109, minutes 31.96, lr 1.00e-03
    epoch 36: loss 0.8811, val_ap 0.3130, minutes 32.86, lr 1.00e-03
    epoch 37: loss 0.8767, val_ap 0.3147, minutes 33.76, lr 1.00e-03
    epoch 38: loss 0.8727, val_ap 0.3134, minutes 34.64, lr 1.00e-03
    epoch 39: loss 0.8757, val_ap 0.3152, minutes 35.56, lr 1.00e-03
    epoch 40: loss 0.8737, val_ap 0.3161, minutes 36.46, lr 1.00e-03
    epoch 41: loss 0.8671, val_ap 0.3101, minutes 37.36, lr 1.00e-03
    epoch 42: loss 0.8696, val_ap 0.3175, minutes 38.22, lr 1.00e-03
    epoch 43: loss 0.8710, val_ap 0.3157, minutes 39.11, lr 1.00e-03
    epoch 44: loss 0.8639, val_ap 0.3175, minutes 39.97, lr 1.00e-03
    epoch 45: loss 0.8634, val_ap 0.3169, minutes 40.88, lr 1.00e-03
    epoch 46: loss 0.8619, val_ap 0.3157, minutes 41.76, lr 1.00e-03
    epoch 47: loss 0.8585, val_ap 0.3136, minutes 42.62, lr 1.00e-03
    epoch 48: loss 0.8616, val_ap 0.3098, minutes 43.54, lr 1.00e-03
    epoch 49: loss 0.8570, val_ap 0.3143, minutes 44.4, lr 1.00e-03
    epoch 50: loss 0.8587, val_ap 0.3099, minutes 45.25, lr 1.00e-03
    epoch 51: loss 0.8514, val_ap 0.3162, minutes 46.1, lr 5.00e-04
    epoch 52: loss 0.8500, val_ap 0.3103, minutes 46.96, lr 5.00e-04
    epoch 53: loss 0.8402, val_ap 0.3125, minutes 47.8, lr 5.00e-04
    epoch 54: loss 0.8436, val_ap 0.3100, minutes 48.68, lr 5.00e-04
    epoch 55: loss 0.8405, val_ap 0.3085, minutes 49.55, lr 5.00e-04
    epoch 56: loss 0.8389, val_ap 0.3090, minutes 50.44, lr 5.00e-04
    epoch 57: loss 0.8408, val_ap 0.3112, minutes 51.29, lr 5.00e-04
    epoch 58: loss 0.8356, val_ap 0.3073, minutes 52.15, lr 5.00e-04
    epoch 59: loss 0.8329, val_ap 0.3096, minutes 53.03, lr 5.00e-04
    epoch 60: loss 0.8382, val_ap 0.3047, minutes 53.88, lr 2.50e-04
    epoch 61: loss 0.8303, val_ap 0.3107, minutes 54.73, lr 2.50e-04
    epoch 62: loss 0.8203, val_ap 0.3055, minutes 55.61, lr 2.50e-04
    epoch 63: loss 0.8250, val_ap 0.3098, minutes 56.45, lr 2.50e-04
    epoch 64: loss 0.8227, val_ap 0.3034, minutes 57.3, lr 2.50e-04
    epoch 65: loss 0.8234, val_ap 0.3047, minutes 58.16, lr 2.50e-04
    epoch 66: loss 0.8229, val_ap 0.3055, minutes 59.0, lr 2.50e-04
    epoch 67: loss 0.8232, val_ap 0.3006, minutes 59.85, lr 2.50e-04
    stopping: no validation gain in 25 epochs
[gcn pooled_both fold 1 seed 2] done (60.6 min)
