loaded: dataset0 121,838 sites, data1 90,452
[h2gcn_aux_qf pooled_both fold 0]
    epoch 1: loss 1.8419, val_ap 0.2399, minutes 0.92, lr 3.31e-04
    epoch 2: loss 1.4944, val_ap 0.3527, minutes 1.8, lr 6.60e-04
    epoch 3: loss 1.3641, val_ap 0.4053, minutes 2.67, lr 9.89e-04
    epoch 4: loss 1.3081, val_ap 0.4096, minutes 3.56, lr 1.00e-03
    epoch 5: loss 1.2807, val_ap 0.4199, minutes 4.44, lr 1.00e-03
    epoch 6: loss 1.2593, val_ap 0.4311, minutes 5.31, lr 1.00e-03
    epoch 7: loss 1.2443, val_ap 0.4354, minutes 6.19, lr 1.00e-03
    epoch 8: loss 1.2345, val_ap 0.4321, minutes 7.08, lr 1.00e-03
    epoch 9: loss 1.2384, val_ap 0.4303, minutes 7.97, lr 1.00e-03
    epoch 10: loss 1.2329, val_ap 0.4355, minutes 8.84, lr 1.00e-03
    epoch 11: loss 1.2168, val_ap 0.4372, minutes 9.72, lr 1.00e-03
    epoch 12: loss 1.2111, val_ap 0.4347, minutes 10.6, lr 1.00e-03
    epoch 13: loss 1.2000, val_ap 0.4370, minutes 11.44, lr 1.00e-03
    epoch 14: loss 1.1952, val_ap 0.4419, minutes 12.3, lr 1.00e-03
    epoch 15: loss 1.1912, val_ap 0.4422, minutes 13.16, lr 1.00e-03
    epoch 16: loss 1.2018, val_ap 0.4442, minutes 14.01, lr 1.00e-03
    epoch 17: loss 1.1827, val_ap 0.4481, minutes 14.82, lr 1.00e-03
    epoch 18: loss 1.1762, val_ap 0.4497, minutes 15.65, lr 1.00e-03
    epoch 19: loss 1.1795, val_ap 0.4495, minutes 16.47, lr 1.00e-03
    epoch 20: loss 1.1787, val_ap 0.4508, minutes 17.27, lr 1.00e-03
    epoch 21: loss 1.1583, val_ap 0.4488, minutes 18.13, lr 1.00e-03
    epoch 22: loss 1.1599, val_ap 0.4518, minutes 18.98, lr 1.00e-03
    epoch 23: loss 1.1615, val_ap 0.4449, minutes 19.8, lr 1.00e-03
    epoch 24: loss 1.1573, val_ap 0.4505, minutes 20.64, lr 1.00e-03
    epoch 25: loss 1.1458, val_ap 0.4577, minutes 21.48, lr 1.00e-03
    epoch 26: loss 1.1382, val_ap 0.4566, minutes 22.32, lr 1.00e-03
    epoch 27: loss 1.1347, val_ap 0.4604, minutes 23.2, lr 1.00e-03
    epoch 28: loss 1.1300, val_ap 0.4491, minutes 24.07, lr 1.00e-03
    epoch 29: loss 1.1299, val_ap 0.4629, minutes 24.95, lr 1.00e-03
    epoch 30: loss 1.1258, val_ap 0.4671, minutes 25.82, lr 1.00e-03
    epoch 31: loss 1.1257, val_ap 0.4661, minutes 26.68, lr 1.00e-03
    epoch 32: loss 1.1251, val_ap 0.4595, minutes 27.52, lr 1.00e-03
    epoch 33: loss 1.1238, val_ap 0.4640, minutes 28.34, lr 1.00e-03
    epoch 34: loss 1.1091, val_ap 0.4655, minutes 29.19, lr 1.00e-03
    epoch 35: loss 1.1023, val_ap 0.4650, minutes 30.04, lr 1.00e-03
    epoch 36: loss 1.1026, val_ap 0.4597, minutes 30.87, lr 1.00e-03
    epoch 37: loss 1.0797, val_ap 0.4607, minutes 31.76, lr 1.00e-03
    epoch 38: loss 1.0925, val_ap 0.4660, minutes 32.58, lr 1.00e-03
    epoch 39: loss 1.0915, val_ap 0.4631, minutes 33.44, lr 5.00e-04
    epoch 40: loss 1.0495, val_ap 0.4707, minutes 34.34, lr 5.00e-04
    epoch 41: loss 1.0537, val_ap 0.4635, minutes 35.18, lr 5.00e-04
    epoch 42: loss 1.0440, val_ap 0.4665, minutes 36.03, lr 5.00e-04
    epoch 43: loss 1.0480, val_ap 0.4674, minutes 36.88, lr 5.00e-04
    epoch 44: loss 1.0435, val_ap 0.4615, minutes 37.83, lr 5.00e-04
    epoch 45: loss 1.0364, val_ap 0.4595, minutes 38.74, lr 5.00e-04
    epoch 46: loss 1.0337, val_ap 0.4553, minutes 39.61, lr 5.00e-04
    epoch 47: loss 1.0312, val_ap 0.4613, minutes 40.52, lr 5.00e-04
    epoch 48: loss 1.0234, val_ap 0.4618, minutes 41.36, lr 5.00e-04
    epoch 49: loss 1.0250, val_ap 0.4640, minutes 42.3, lr 2.50e-04
    epoch 50: loss 1.0110, val_ap 0.4669, minutes 43.14, lr 2.50e-04
    epoch 51: loss 0.9988, val_ap 0.4626, minutes 43.99, lr 2.50e-04
    epoch 52: loss 0.9951, val_ap 0.4600, minutes 44.82, lr 2.50e-04
    epoch 53: loss 1.0007, val_ap 0.4624, minutes 45.55, lr 2.50e-04
    epoch 54: loss 0.9986, val_ap 0.4628, minutes 46.2, lr 2.50e-04
    epoch 55: loss 0.9947, val_ap 0.4569, minutes 46.88, lr 2.50e-04
    epoch 56: loss 0.9934, val_ap 0.4624, minutes 47.48, lr 2.50e-04
    epoch 57: loss 0.9899, val_ap 0.4632, minutes 48.07, lr 2.50e-04
    epoch 58: loss 0.9910, val_ap 0.4574, minutes 48.67, lr 1.25e-04
    epoch 59: loss 0.9777, val_ap 0.4613, minutes 49.29, lr 1.25e-04
    epoch 60: loss 0.9788, val_ap 0.4585, minutes 49.9, lr 1.25e-04
    epoch 61: loss 0.9718, val_ap 0.4606, minutes 50.54, lr 1.25e-04
    epoch 62: loss 0.9774, val_ap 0.4609, minutes 51.16, lr 1.25e-04
    epoch 63: loss 0.9652, val_ap 0.4612, minutes 51.69, lr 1.25e-04
    epoch 64: loss 0.9713, val_ap 0.4599, minutes 52.21, lr 1.25e-04
    epoch 65: loss 0.9733, val_ap 0.4566, minutes 52.72, lr 1.25e-04
    stopping: no validation gain in 25 epochs
[h2gcn_aux_qf pooled_both fold 0] done (53.3 min)
