loaded: dataset0 121,838 sites, data1 90,452
[scalar_msg dataset0 fold 3]
    kernel decay scale 113.4 nt (fitted to cell line 1 training labels)
    epoch 1: loss 1.9902, val_ap 0.0995, minutes 0.47, lr 3.33e-04
    epoch 2: loss 1.5991, val_ap 0.1753, minutes 0.94, lr 6.63e-04
    epoch 3: loss 1.3803, val_ap 0.3299, minutes 1.41, lr 9.92e-04
    epoch 4: loss 1.2207, val_ap 0.4664, minutes 1.86, lr 1.00e-03
    epoch 5: loss 1.1472, val_ap 0.4819, minutes 2.31, lr 1.00e-03
    epoch 6: loss 1.0874, val_ap 0.4932, minutes 2.76, lr 1.00e-03
    epoch 7: loss 1.0487, val_ap 0.5011, minutes 3.28, lr 1.00e-03
    epoch 8: loss 1.0287, val_ap 0.5110, minutes 3.75, lr 1.00e-03
    epoch 9: loss 1.0316, val_ap 0.5094, minutes 4.23, lr 1.00e-03
    epoch 10: loss 1.0085, val_ap 0.5175, minutes 4.71, lr 1.00e-03
    epoch 11: loss 0.9935, val_ap 0.5189, minutes 5.21, lr 1.00e-03
    epoch 12: loss 0.9746, val_ap 0.5191, minutes 5.69, lr 1.00e-03
    epoch 13: loss 0.9590, val_ap 0.5261, minutes 6.17, lr 1.00e-03
    epoch 14: loss 0.9573, val_ap 0.5285, minutes 6.67, lr 1.00e-03
    epoch 15: loss 0.9837, val_ap 0.5339, minutes 7.23, lr 1.00e-03
    epoch 16: loss 0.9500, val_ap 0.5337, minutes 7.71, lr 1.00e-03
    epoch 17: loss 0.9747, val_ap 0.5397, minutes 8.2, lr 1.00e-03
    epoch 18: loss 0.9301, val_ap 0.5440, minutes 8.68, lr 1.00e-03
    epoch 19: loss 0.9241, val_ap 0.5382, minutes 9.15, lr 1.00e-03
    epoch 20: loss 0.9213, val_ap 0.5494, minutes 9.61, lr 1.00e-03
    epoch 21: loss 0.9299, val_ap 0.5482, minutes 10.08, lr 1.00e-03
    epoch 22: loss 0.9247, val_ap 0.5454, minutes 10.54, lr 1.00e-03
    epoch 23: loss 0.8972, val_ap 0.5481, minutes 11.02, lr 1.00e-03
    epoch 24: loss 0.9083, val_ap 0.5551, minutes 11.53, lr 1.00e-03
    epoch 25: loss 0.8972, val_ap 0.5609, minutes 12.03, lr 1.00e-03
    epoch 26: loss 0.9064, val_ap 0.5564, minutes 12.52, lr 1.00e-03
    epoch 27: loss 0.8937, val_ap 0.5611, minutes 13.03, lr 1.00e-03
    epoch 28: loss 0.8918, val_ap 0.5554, minutes 13.55, lr 1.00e-03
    epoch 29: loss 0.8880, val_ap 0.5654, minutes 14.05, lr 1.00e-03
    epoch 30: loss 0.8922, val_ap 0.5644, minutes 14.6, lr 1.00e-03
    epoch 31: loss 0.8769, val_ap 0.5500, minutes 15.16, lr 1.00e-03
    epoch 32: loss 0.8862, val_ap 0.5677, minutes 15.67, lr 1.00e-03
    epoch 33: loss 0.8939, val_ap 0.5676, minutes 16.19, lr 1.00e-03
    epoch 34: loss 0.8772, val_ap 0.5715, minutes 16.74, lr 1.00e-03
    epoch 35: loss 0.8898, val_ap 0.5666, minutes 17.26, lr 1.00e-03
    epoch 36: loss 0.8584, val_ap 0.5603, minutes 17.79, lr 1.00e-03
    epoch 37: loss 0.8757, val_ap 0.5628, minutes 18.35, lr 1.00e-03
    epoch 38: loss 0.8649, val_ap 0.5682, minutes 18.85, lr 1.00e-03
    epoch 39: loss 0.8798, val_ap 0.5690, minutes 19.36, lr 1.00e-03
    epoch 40: loss 0.8582, val_ap 0.5732, minutes 19.87, lr 1.00e-03
    epoch 41: loss 0.8717, val_ap 0.5729, minutes 20.42, lr 1.00e-03
    epoch 42: loss 0.8476, val_ap 0.5786, minutes 20.93, lr 1.00e-03
    epoch 43: loss 0.8629, val_ap 0.5757, minutes 21.44, lr 1.00e-03
    epoch 44: loss 0.8663, val_ap 0.5801, minutes 21.95, lr 1.00e-03
    epoch 45: loss 0.8438, val_ap 0.5769, minutes 22.43, lr 1.00e-03
    epoch 46: loss 0.8371, val_ap 0.5810, minutes 22.94, lr 1.00e-03
    epoch 47: loss 0.8355, val_ap 0.5781, minutes 23.49, lr 1.00e-03
    epoch 48: loss 0.8462, val_ap 0.5867, minutes 23.99, lr 1.00e-03
    epoch 49: loss 0.8362, val_ap 0.5870, minutes 24.57, lr 1.00e-03
    epoch 50: loss 0.8328, val_ap 0.5710, minutes 25.08, lr 1.00e-03
    epoch 51: loss 0.8516, val_ap 0.5745, minutes 25.59, lr 1.00e-03
    epoch 52: loss 0.8363, val_ap 0.5869, minutes 26.12, lr 1.00e-03
    epoch 53: loss 0.8222, val_ap 0.5857, minutes 26.72, lr 1.00e-03
    epoch 54: loss 0.8366, val_ap 0.5923, minutes 27.18, lr 1.00e-03
    epoch 55: loss 0.8161, val_ap 0.5868, minutes 27.75, lr 1.00e-03
    epoch 56: loss 0.8327, val_ap 0.5842, minutes 28.33, lr 1.00e-03
    epoch 57: loss 0.8284, val_ap 0.5802, minutes 28.85, lr 1.00e-03
    epoch 58: loss 0.8161, val_ap 0.5798, minutes 29.37, lr 1.00e-03
    epoch 59: loss 0.8074, val_ap 0.5905, minutes 29.86, lr 1.00e-03
    epoch 60: loss 0.8095, val_ap 0.5822, minutes 30.41, lr 1.00e-03
    epoch 61: loss 0.8213, val_ap 0.5877, minutes 30.93, lr 1.00e-03
    epoch 62: loss 0.8155, val_ap 0.5802, minutes 31.46, lr 1.00e-03
    epoch 63: loss 0.8688, val_ap 0.5843, minutes 32.02, lr 5.00e-04
    epoch 64: loss 0.7892, val_ap 0.5914, minutes 32.56, lr 5.00e-04
    epoch 65: loss 0.7888, val_ap 0.5889, minutes 33.05, lr 5.00e-04
    epoch 66: loss 0.7925, val_ap 0.5890, minutes 33.56, lr 5.00e-04
    epoch 67: loss 0.7839, val_ap 0.5933, minutes 34.07, lr 5.00e-04
    epoch 68: loss 0.7858, val_ap 0.5957, minutes 34.6, lr 5.00e-04
    epoch 69: loss 0.7812, val_ap 0.5984, minutes 35.06, lr 5.00e-04
    epoch 70: loss 0.8043, val_ap 0.5975, minutes 35.6, lr 5.00e-04
    epoch 71: loss 0.7664, val_ap 0.5968, minutes 36.08, lr 5.00e-04
    epoch 72: loss 0.7787, val_ap 0.5964, minutes 36.56, lr 5.00e-04
    epoch 73: loss 0.7728, val_ap 0.5996, minutes 37.07, lr 5.00e-04
    epoch 74: loss 0.7585, val_ap 0.5993, minutes 37.58, lr 5.00e-04
    epoch 75: loss 0.7601, val_ap 0.5987, minutes 38.09, lr 5.00e-04
    epoch 76: loss 0.7674, val_ap 0.5997, minutes 38.61, lr 5.00e-04
    epoch 77: loss 0.7771, val_ap 0.5979, minutes 39.14, lr 5.00e-04
    epoch 78: loss 0.7699, val_ap 0.6008, minutes 39.66, lr 5.00e-04
    epoch 79: loss 0.7692, val_ap 0.5978, minutes 40.18, lr 5.00e-04
    epoch 80: loss 0.7704, val_ap 0.6004, minutes 40.7, lr 5.00e-04
    epoch 81: loss 0.7557, val_ap 0.6025, minutes 41.21, lr 5.00e-04
    epoch 82: loss 0.7691, val_ap 0.6061, minutes 41.69, lr 5.00e-04
    epoch 83: loss 0.7511, val_ap 0.6006, minutes 42.21, lr 5.00e-04
    epoch 84: loss 0.7562, val_ap 0.6033, minutes 42.74, lr 5.00e-04
    epoch 85: loss 0.7651, val_ap 0.6036, minutes 43.27, lr 5.00e-04
    epoch 86: loss 0.7574, val_ap 0.6019, minutes 43.8, lr 5.00e-04
    epoch 87: loss 0.7688, val_ap 0.5991, minutes 44.37, lr 5.00e-04
    epoch 88: loss 0.7779, val_ap 0.6013, minutes 44.9, lr 5.00e-04
    epoch 89: loss 0.7503, val_ap 0.6047, minutes 45.41, lr 5.00e-04
    epoch 90: loss 0.7633, val_ap 0.6006, minutes 45.95, lr 5.00e-04
    epoch 91: loss 0.7547, val_ap 0.6031, minutes 46.43, lr 2.50e-04
    epoch 92: loss 0.7475, val_ap 0.6083, minutes 46.94, lr 2.50e-04
    epoch 93: loss 0.7377, val_ap 0.6052, minutes 47.43, lr 2.50e-04
    epoch 94: loss 0.7366, val_ap 0.6038, minutes 47.91, lr 2.50e-04
    epoch 95: loss 0.7289, val_ap 0.6041, minutes 48.41, lr 2.50e-04
    epoch 96: loss 0.7339, val_ap 0.6051, minutes 48.93, lr 2.50e-04
    epoch 97: loss 0.7322, val_ap 0.5997, minutes 49.47, lr 2.50e-04
    epoch 98: loss 0.7305, val_ap 0.6029, minutes 49.98, lr 2.50e-04
    epoch 99: loss 0.7219, val_ap 0.6053, minutes 50.6, lr 2.50e-04
    epoch 100: loss 0.7242, val_ap 0.6068, minutes 51.08, lr 2.50e-04
    epoch 101: loss 0.7275, val_ap 0.6068, minutes 51.66, lr 1.25e-04
    epoch 102: loss 0.7361, val_ap 0.6058, minutes 52.2, lr 1.25e-04
    epoch 103: loss 0.7226, val_ap 0.6058, minutes 52.71, lr 1.25e-04
    epoch 104: loss 0.7249, val_ap 0.6054, minutes 53.24, lr 1.25e-04
    epoch 105: loss 0.7258, val_ap 0.6058, minutes 53.73, lr 1.25e-04
    epoch 106: loss 0.7216, val_ap 0.6049, minutes 54.25, lr 1.25e-04
    epoch 107: loss 0.7226, val_ap 0.6034, minutes 54.75, lr 1.25e-04
    epoch 108: loss 0.7151, val_ap 0.6038, minutes 55.25, lr 1.25e-04
    epoch 109: loss 0.7541, val_ap 0.6046, minutes 55.74, lr 1.25e-04
    epoch 110: loss 0.7225, val_ap 0.6065, minutes 56.21, lr 6.25e-05
    epoch 111: loss 0.7156, val_ap 0.6056, minutes 56.71, lr 6.25e-05
    epoch 112: loss 0.7189, val_ap 0.6046, minutes 57.23, lr 6.25e-05
    epoch 113: loss 0.7076, val_ap 0.6049, minutes 57.79, lr 6.25e-05
    epoch 114: loss 0.7101, val_ap 0.6043, minutes 58.3, lr 6.25e-05
    epoch 115: loss 0.7182, val_ap 0.6036, minutes 58.86, lr 6.25e-05
    epoch 116: loss 0.7063, val_ap 0.6035, minutes 59.38, lr 6.25e-05
    epoch 117: loss 0.7155, val_ap 0.6048, minutes 59.89, lr 6.25e-05
    stopping: no validation gain in 25 epochs
[scalar_msg dataset0 fold 3] done (60.7 min)
