loaded: dataset0 121,838 sites, data1 90,452
[gcn dataset0 fold 3 seed 2]
    epoch 1: loss 1.3270, val_ap 0.0925, minutes 0.52, lr 3.33e-04
    epoch 2: loss 1.2715, val_ap 0.1068, minutes 1.05, lr 6.63e-04
    epoch 3: loss 1.1481, val_ap 0.1863, minutes 1.56, lr 9.92e-04
    epoch 4: loss 1.0092, val_ap 0.2908, minutes 2.1, lr 1.00e-03
    epoch 5: loss 0.9264, val_ap 0.3133, minutes 2.62, lr 1.00e-03
    epoch 6: loss 0.8687, val_ap 0.3160, minutes 3.12, lr 1.00e-03
    epoch 7: loss 0.8557, val_ap 0.3220, minutes 3.63, lr 1.00e-03
    epoch 8: loss 0.8474, val_ap 0.3272, minutes 4.18, lr 1.00e-03
    epoch 9: loss 0.8386, val_ap 0.3274, minutes 4.69, lr 1.00e-03
    epoch 10: loss 0.8244, val_ap 0.3330, minutes 5.22, lr 1.00e-03
    epoch 11: loss 0.8116, val_ap 0.3331, minutes 5.76, lr 1.00e-03
    epoch 12: loss 0.8166, val_ap 0.3293, minutes 6.3, lr 1.00e-03
    epoch 13: loss 0.8000, val_ap 0.3364, minutes 6.8, lr 1.00e-03
    epoch 14: loss 0.7942, val_ap 0.3426, minutes 7.33, lr 1.00e-03
    epoch 15: loss 0.7921, val_ap 0.3352, minutes 7.86, lr 1.00e-03
    epoch 16: loss 0.7918, val_ap 0.3407, minutes 8.39, lr 1.00e-03
    epoch 17: loss 0.8069, val_ap 0.3404, minutes 8.93, lr 1.00e-03
    epoch 18: loss 0.7718, val_ap 0.3405, minutes 9.45, lr 1.00e-03
    epoch 19: loss 0.7707, val_ap 0.3428, minutes 9.99, lr 1.00e-03
    epoch 20: loss 0.7994, val_ap 0.3444, minutes 10.5, lr 1.00e-03
    epoch 21: loss 0.7660, val_ap 0.3383, minutes 11.03, lr 1.00e-03
    epoch 22: loss 0.7567, val_ap 0.3437, minutes 11.55, lr 1.00e-03
    epoch 23: loss 0.7599, val_ap 0.3443, minutes 12.07, lr 1.00e-03
    epoch 24: loss 0.7538, val_ap 0.3494, minutes 12.59, lr 1.00e-03
    epoch 25: loss 0.7591, val_ap 0.3420, minutes 13.1, lr 1.00e-03
    epoch 26: loss 0.7603, val_ap 0.3458, minutes 13.63, lr 1.00e-03
    epoch 27: loss 0.7479, val_ap 0.3449, minutes 14.14, lr 1.00e-03
    epoch 28: loss 0.7668, val_ap 0.3416, minutes 14.64, lr 1.00e-03
    epoch 29: loss 0.7407, val_ap 0.3459, minutes 15.15, lr 1.00e-03
    epoch 30: loss 0.7350, val_ap 0.3425, minutes 15.68, lr 1.00e-03
    epoch 31: loss 0.7418, val_ap 0.3433, minutes 16.17, lr 1.00e-03
    epoch 32: loss 0.7323, val_ap 0.3414, minutes 16.7, lr 1.00e-03
    epoch 33: loss 0.7414, val_ap 0.3415, minutes 17.21, lr 5.00e-04
    epoch 34: loss 0.7227, val_ap 0.3437, minutes 17.73, lr 5.00e-04
    epoch 35: loss 0.7169, val_ap 0.3439, minutes 18.23, lr 5.00e-04
    epoch 36: loss 0.7144, val_ap 0.3461, minutes 18.74, lr 5.00e-04
    epoch 37: loss 0.7212, val_ap 0.3478, minutes 19.25, lr 5.00e-04
    epoch 38: loss 0.7186, val_ap 0.3473, minutes 19.76, lr 5.00e-04
    epoch 39: loss 0.7132, val_ap 0.3405, minutes 20.3, lr 5.00e-04
    epoch 40: loss 0.7151, val_ap 0.3456, minutes 20.78, lr 5.00e-04
    epoch 41: loss 0.7111, val_ap 0.3463, minutes 21.3, lr 5.00e-04
    epoch 42: loss 0.7150, val_ap 0.3464, minutes 21.81, lr 2.50e-04
    epoch 43: loss 0.7014, val_ap 0.3458, minutes 22.31, lr 2.50e-04
    epoch 44: loss 0.7139, val_ap 0.3452, minutes 22.78, lr 2.50e-04
    epoch 45: loss 0.6998, val_ap 0.3465, minutes 23.28, lr 2.50e-04
    epoch 46: loss 0.7036, val_ap 0.3511, minutes 23.81, lr 2.50e-04
    epoch 47: loss 0.7117, val_ap 0.3468, minutes 24.32, lr 2.50e-04
    epoch 48: loss 0.6998, val_ap 0.3480, minutes 24.83, lr 2.50e-04
    epoch 49: loss 0.6958, val_ap 0.3473, minutes 25.36, lr 2.50e-04
    epoch 50: loss 0.6974, val_ap 0.3483, minutes 25.85, lr 2.50e-04
    epoch 51: loss 0.7074, val_ap 0.3446, minutes 26.35, lr 2.50e-04
    epoch 52: loss 0.7035, val_ap 0.3504, minutes 26.88, lr 2.50e-04
    epoch 53: loss 0.7018, val_ap 0.3487, minutes 27.4, lr 2.50e-04
    epoch 54: loss 0.6978, val_ap 0.3537, minutes 27.92, lr 2.50e-04
    epoch 55: loss 0.6967, val_ap 0.3515, minutes 28.42, lr 2.50e-04
    epoch 56: loss 0.6948, val_ap 0.3529, minutes 28.92, lr 2.50e-04
    epoch 57: loss 0.6955, val_ap 0.3521, minutes 29.43, lr 2.50e-04
    epoch 58: loss 0.6958, val_ap 0.3488, minutes 29.96, lr 2.50e-04
    epoch 59: loss 0.6943, val_ap 0.3499, minutes 30.46, lr 2.50e-04
    epoch 60: loss 0.6941, val_ap 0.3531, minutes 30.96, lr 2.50e-04
    epoch 61: loss 0.6910, val_ap 0.3499, minutes 31.48, lr 2.50e-04
    epoch 62: loss 0.6882, val_ap 0.3541, minutes 31.97, lr 2.50e-04
    epoch 63: loss 0.6929, val_ap 0.3553, minutes 32.46, lr 2.50e-04
    epoch 64: loss 0.6953, val_ap 0.3520, minutes 32.96, lr 2.50e-04
    epoch 65: loss 0.6887, val_ap 0.3533, minutes 33.43, lr 2.50e-04
    epoch 66: loss 0.6958, val_ap 0.3519, minutes 33.94, lr 2.50e-04
    epoch 67: loss 0.6963, val_ap 0.3500, minutes 34.41, lr 2.50e-04
    epoch 68: loss 0.6876, val_ap 0.3541, minutes 34.89, lr 2.50e-04
    epoch 69: loss 0.6907, val_ap 0.3511, minutes 35.4, lr 2.50e-04
    epoch 70: loss 0.6914, val_ap 0.3515, minutes 35.91, lr 2.50e-04
    epoch 71: loss 0.6911, val_ap 0.3528, minutes 36.42, lr 2.50e-04
    epoch 72: loss 0.6843, val_ap 0.3547, minutes 36.91, lr 1.25e-04
    epoch 73: loss 0.6841, val_ap 0.3544, minutes 37.4, lr 1.25e-04
    epoch 74: loss 0.6800, val_ap 0.3524, minutes 37.91, lr 1.25e-04
    epoch 75: loss 0.6796, val_ap 0.3516, minutes 38.42, lr 1.25e-04
    epoch 76: loss 0.6737, val_ap 0.3511, minutes 38.92, lr 1.25e-04
    epoch 77: loss 0.6962, val_ap 0.3503, minutes 39.42, lr 1.25e-04
    epoch 78: loss 0.6779, val_ap 0.3523, minutes 39.94, lr 1.25e-04
    epoch 79: loss 0.6834, val_ap 0.3527, minutes 40.37, lr 1.25e-04
    epoch 80: loss 0.6795, val_ap 0.3530, minutes 40.9, lr 1.25e-04
    epoch 81: loss 0.6705, val_ap 0.3531, minutes 41.38, lr 6.25e-05
    epoch 82: loss 0.6780, val_ap 0.3534, minutes 41.88, lr 6.25e-05
    epoch 83: loss 0.6795, val_ap 0.3528, minutes 42.37, lr 6.25e-05
    epoch 84: loss 0.6740, val_ap 0.3536, minutes 42.87, lr 6.25e-05
    epoch 85: loss 0.6762, val_ap 0.3550, minutes 43.37, lr 6.25e-05
    epoch 86: loss 0.6752, val_ap 0.3563, minutes 43.86, lr 6.25e-05
    epoch 87: loss 0.6759, val_ap 0.3545, minutes 44.35, lr 6.25e-05
    epoch 88: loss 0.6775, val_ap 0.3557, minutes 44.84, lr 6.25e-05
    epoch 89: loss 0.6800, val_ap 0.3523, minutes 45.33, lr 6.25e-05
    epoch 90: loss 0.6820, val_ap 0.3532, minutes 45.82, lr 6.25e-05
    epoch 91: loss 0.6703, val_ap 0.3546, minutes 46.27, lr 6.25e-05
    epoch 92: loss 0.6808, val_ap 0.3556, minutes 46.83, lr 6.25e-05
    epoch 93: loss 0.6742, val_ap 0.3535, minutes 47.33, lr 6.25e-05
    epoch 94: loss 0.6757, val_ap 0.3538, minutes 47.85, lr 6.25e-05
    epoch 95: loss 0.6747, val_ap 0.3551, minutes 48.34, lr 3.13e-05
    epoch 96: loss 0.6750, val_ap 0.3537, minutes 48.82, lr 3.13e-05
    epoch 97: loss 0.6677, val_ap 0.3558, minutes 49.31, lr 3.13e-05
    epoch 98: loss 0.6741, val_ap 0.3548, minutes 49.82, lr 3.13e-05
    epoch 99: loss 0.6703, val_ap 0.3553, minutes 50.31, lr 3.13e-05
    epoch 100: loss 0.6638, val_ap 0.3538, minutes 50.8, lr 3.13e-05
    epoch 101: loss 0.6753, val_ap 0.3537, minutes 51.32, lr 3.13e-05
    epoch 102: loss 0.6742, val_ap 0.3547, minutes 51.82, lr 3.13e-05
    epoch 103: loss 0.6746, val_ap 0.3539, minutes 52.32, lr 3.13e-05
    epoch 104: loss 0.6672, val_ap 0.3553, minutes 52.84, lr 1.56e-05
    epoch 105: loss 0.6679, val_ap 0.3539, minutes 53.32, lr 1.56e-05
    epoch 106: loss 0.6678, val_ap 0.3541, minutes 53.81, lr 1.56e-05
    epoch 107: loss 0.6634, val_ap 0.3539, minutes 54.29, lr 1.56e-05
    epoch 108: loss 0.6638, val_ap 0.3542, minutes 54.8, lr 1.56e-05
    epoch 109: loss 0.6731, val_ap 0.3550, minutes 55.33, lr 1.56e-05
    epoch 110: loss 0.6708, val_ap 0.3538, minutes 55.84, lr 1.56e-05
    epoch 111: loss 0.6665, val_ap 0.3543, minutes 56.33, lr 1.56e-05
    stopping: no validation gain in 25 epochs
[gcn dataset0 fold 3 seed 2] done (57.0 min)
