loaded: dataset0 121,838 sites, data1 90,452
[scalar_msg pooled_both fold 0 seed 1]
    kernel decay scale 118.2 nt (fitted to cell line 1 training labels)
    epoch 1: loss 1.9040, val_ap 0.1637, minutes 0.94, lr 3.31e-04
    epoch 2: loss 1.5600, val_ap 0.3011, minutes 1.86, lr 6.60e-04
    epoch 3: loss 1.4002, val_ap 0.3836, minutes 2.69, lr 9.89e-04
    epoch 4: loss 1.3242, val_ap 0.3977, minutes 3.59, lr 1.00e-03
    epoch 5: loss 1.2963, val_ap 0.4056, minutes 4.44, lr 1.00e-03
    epoch 6: loss 1.2744, val_ap 0.4137, minutes 5.32, lr 1.00e-03
    epoch 7: loss 1.2539, val_ap 0.4159, minutes 6.2, lr 1.00e-03
    epoch 8: loss 1.2601, val_ap 0.4143, minutes 7.04, lr 1.00e-03
    epoch 9: loss 1.2504, val_ap 0.4245, minutes 7.93, lr 1.00e-03
    epoch 10: loss 1.2419, val_ap 0.4235, minutes 8.8, lr 1.00e-03
    epoch 11: loss 1.2312, val_ap 0.4235, minutes 9.71, lr 1.00e-03
    epoch 12: loss 1.2240, val_ap 0.4321, minutes 10.57, lr 1.00e-03
    epoch 13: loss 1.2205, val_ap 0.4337, minutes 11.38, lr 1.00e-03
    epoch 14: loss 1.2203, val_ap 0.4379, minutes 12.16, lr 1.00e-03
    epoch 15: loss 1.2132, val_ap 0.4356, minutes 12.99, lr 1.00e-03
    epoch 16: loss 1.2083, val_ap 0.4403, minutes 13.81, lr 1.00e-03
    epoch 17: loss 1.2141, val_ap 0.4396, minutes 14.64, lr 1.00e-03
    epoch 18: loss 1.2019, val_ap 0.4468, minutes 15.43, lr 1.00e-03
    epoch 19: loss 1.2042, val_ap 0.4492, minutes 16.23, lr 1.00e-03
    epoch 20: loss 1.1988, val_ap 0.4504, minutes 17.0, lr 1.00e-03
    epoch 21: loss 1.1923, val_ap 0.4557, minutes 17.82, lr 1.00e-03
    epoch 22: loss 1.1966, val_ap 0.4516, minutes 18.58, lr 1.00e-03
    epoch 23: loss 1.1947, val_ap 0.4531, minutes 19.39, lr 1.00e-03
    epoch 24: loss 1.1820, val_ap 0.4581, minutes 20.2, lr 1.00e-03
    epoch 25: loss 1.1789, val_ap 0.4551, minutes 21.02, lr 1.00e-03
    epoch 26: loss 1.1830, val_ap 0.4570, minutes 21.86, lr 1.00e-03
    epoch 27: loss 1.1851, val_ap 0.4616, minutes 22.68, lr 1.00e-03
    epoch 28: loss 1.1767, val_ap 0.4638, minutes 23.53, lr 1.00e-03
    epoch 29: loss 1.1716, val_ap 0.4629, minutes 24.38, lr 1.00e-03
    epoch 30: loss 1.1792, val_ap 0.4652, minutes 25.18, lr 1.00e-03
    epoch 31: loss 1.1651, val_ap 0.4647, minutes 26.04, lr 1.00e-03
    epoch 32: loss 1.1567, val_ap 0.4590, minutes 26.87, lr 1.00e-03
    epoch 33: loss 1.1592, val_ap 0.4687, minutes 27.68, lr 1.00e-03
    epoch 34: loss 1.1621, val_ap 0.4649, minutes 28.55, lr 1.00e-03
    epoch 35: loss 1.1657, val_ap 0.4657, minutes 29.43, lr 1.00e-03
    epoch 36: loss 1.1546, val_ap 0.4671, minutes 30.3, lr 1.00e-03
    epoch 37: loss 1.1465, val_ap 0.4675, minutes 31.17, lr 1.00e-03
    epoch 38: loss 1.1508, val_ap 0.4611, minutes 32.02, lr 1.00e-03
    epoch 39: loss 1.1574, val_ap 0.4611, minutes 32.84, lr 1.00e-03
    epoch 40: loss 1.1407, val_ap 0.4686, minutes 33.66, lr 1.00e-03
    epoch 41: loss 1.1419, val_ap 0.4714, minutes 34.48, lr 1.00e-03
    epoch 42: loss 1.1375, val_ap 0.4704, minutes 35.3, lr 1.00e-03
    epoch 43: loss 1.1392, val_ap 0.4702, minutes 36.12, lr 1.00e-03
    epoch 44: loss 1.1364, val_ap 0.4667, minutes 36.94, lr 1.00e-03
    epoch 45: loss 1.1386, val_ap 0.4712, minutes 37.75, lr 1.00e-03
    epoch 46: loss 1.1344, val_ap 0.4704, minutes 38.61, lr 1.00e-03
    epoch 47: loss 1.1369, val_ap 0.4748, minutes 39.44, lr 1.00e-03
    epoch 48: loss 1.1366, val_ap 0.4671, minutes 40.28, lr 1.00e-03
    epoch 49: loss 1.1291, val_ap 0.4739, minutes 41.11, lr 1.00e-03
    epoch 50: loss 1.1250, val_ap 0.4717, minutes 41.9, lr 1.00e-03
    epoch 51: loss 1.1231, val_ap 0.4750, minutes 42.73, lr 1.00e-03
    epoch 52: loss 1.1247, val_ap 0.4711, minutes 43.59, lr 1.00e-03
    epoch 53: loss 1.1210, val_ap 0.4719, minutes 44.48, lr 1.00e-03
    epoch 54: loss 1.1171, val_ap 0.4723, minutes 45.28, lr 1.00e-03
    epoch 55: loss 1.1151, val_ap 0.4709, minutes 46.12, lr 1.00e-03
    epoch 56: loss 1.1127, val_ap 0.4611, minutes 46.96, lr 1.00e-03
    epoch 57: loss 1.1138, val_ap 0.4728, minutes 47.78, lr 1.00e-03
    epoch 58: loss 1.1061, val_ap 0.4672, minutes 48.64, lr 1.00e-03
    epoch 59: loss 1.1098, val_ap 0.4686, minutes 49.48, lr 1.00e-03
    epoch 60: loss 1.1097, val_ap 0.4726, minutes 50.35, lr 5.00e-04
    epoch 61: loss 1.0887, val_ap 0.4637, minutes 51.17, lr 5.00e-04
    epoch 62: loss 1.0890, val_ap 0.4627, minutes 51.97, lr 5.00e-04
    epoch 63: loss 1.0896, val_ap 0.4596, minutes 52.81, lr 5.00e-04
    epoch 64: loss 1.0829, val_ap 0.4649, minutes 53.66, lr 5.00e-04
    epoch 65: loss 1.0848, val_ap 0.4522, minutes 54.47, lr 5.00e-04
    epoch 66: loss 1.0814, val_ap 0.4641, minutes 55.33, lr 5.00e-04
    epoch 67: loss 1.0822, val_ap 0.4684, minutes 56.2, lr 5.00e-04
    epoch 68: loss 1.0765, val_ap 0.4677, minutes 57.06, lr 5.00e-04
    epoch 69: loss 1.0713, val_ap 0.4655, minutes 57.91, lr 2.50e-04
    epoch 70: loss 1.0726, val_ap 0.4573, minutes 58.82, lr 2.50e-04
    epoch 71: loss 1.0682, val_ap 0.4688, minutes 59.71, lr 2.50e-04
    epoch 72: loss 1.0663, val_ap 0.4550, minutes 60.55, lr 2.50e-04
    epoch 73: loss 1.0618, val_ap 0.4589, minutes 61.4, lr 2.50e-04
    epoch 74: loss 1.0579, val_ap 0.4623, minutes 62.24, lr 2.50e-04
    epoch 75: loss 1.0597, val_ap 0.4585, minutes 63.13, lr 2.50e-04
    epoch 76: loss 1.0596, val_ap 0.4535, minutes 64.01, lr 2.50e-04
    stopping: no validation gain in 25 epochs
[scalar_msg pooled_both fold 0 seed 1] done (64.8 min)
