loaded: dataset0 121,838 sites, data1 90,452
[res_nogate dataset0 fold 3 seed 2]
    kernel decay scale 113.4 nt (fitted to cell line 1 training labels)
    epoch 1: loss 1.9582, val_ap 0.1459, minutes 0.49, lr 3.33e-04
    epoch 2: loss 1.5686, val_ap 0.2504, minutes 0.95, lr 6.63e-04
    epoch 3: loss 1.3673, val_ap 0.3615, minutes 1.4, lr 9.92e-04
    epoch 4: loss 1.2538, val_ap 0.4657, minutes 1.86, lr 1.00e-03
    epoch 5: loss 1.1526, val_ap 0.4966, minutes 2.32, lr 1.00e-03
    epoch 6: loss 1.1007, val_ap 0.5095, minutes 2.74, lr 1.00e-03
    epoch 7: loss 1.0726, val_ap 0.5318, minutes 3.2, lr 1.00e-03
    epoch 8: loss 1.0377, val_ap 0.5284, minutes 3.61, lr 1.00e-03
    epoch 9: loss 1.0270, val_ap 0.5477, minutes 4.02, lr 1.00e-03
    epoch 10: loss 1.0161, val_ap 0.5530, minutes 4.49, lr 1.00e-03
    epoch 11: loss 0.9806, val_ap 0.5542, minutes 4.95, lr 1.00e-03
    epoch 12: loss 0.9718, val_ap 0.5583, minutes 5.4, lr 1.00e-03
    epoch 13: loss 0.9679, val_ap 0.5628, minutes 5.83, lr 1.00e-03
    epoch 14: loss 0.9586, val_ap 0.5742, minutes 6.25, lr 1.00e-03
    epoch 15: loss 0.9420, val_ap 0.5673, minutes 6.7, lr 1.00e-03
    epoch 16: loss 0.9563, val_ap 0.5760, minutes 7.11, lr 1.00e-03
    epoch 17: loss 0.9583, val_ap 0.5729, minutes 7.53, lr 1.00e-03
    epoch 18: loss 0.9401, val_ap 0.5817, minutes 7.96, lr 1.00e-03
    epoch 19: loss 0.9331, val_ap 0.5778, minutes 8.41, lr 1.00e-03
    epoch 20: loss 0.9176, val_ap 0.5885, minutes 8.87, lr 1.00e-03
    epoch 21: loss 0.9170, val_ap 0.5830, minutes 9.32, lr 1.00e-03
    epoch 22: loss 0.9089, val_ap 0.5906, minutes 9.79, lr 1.00e-03
    epoch 23: loss 0.9221, val_ap 0.5953, minutes 10.21, lr 1.00e-03
    epoch 24: loss 0.9218, val_ap 0.5989, minutes 10.64, lr 1.00e-03
    epoch 25: loss 0.9229, val_ap 0.5864, minutes 11.09, lr 1.00e-03
    epoch 26: loss 0.8996, val_ap 0.6068, minutes 11.51, lr 1.00e-03
    epoch 27: loss 0.8879, val_ap 0.6003, minutes 11.95, lr 1.00e-03
    epoch 28: loss 0.8993, val_ap 0.6015, minutes 12.39, lr 1.00e-03
    epoch 29: loss 0.8926, val_ap 0.6071, minutes 12.85, lr 1.00e-03
    epoch 30: loss 0.8939, val_ap 0.6138, minutes 13.31, lr 1.00e-03
    epoch 31: loss 0.8873, val_ap 0.6121, minutes 13.76, lr 1.00e-03
    epoch 32: loss 0.8677, val_ap 0.6128, minutes 14.2, lr 1.00e-03
    epoch 33: loss 0.8728, val_ap 0.6040, minutes 14.66, lr 1.00e-03
    epoch 34: loss 0.8674, val_ap 0.6198, minutes 15.09, lr 1.00e-03
    epoch 35: loss 0.8523, val_ap 0.6196, minutes 15.54, lr 1.00e-03
    epoch 36: loss 0.8741, val_ap 0.6075, minutes 15.97, lr 1.00e-03
    epoch 37: loss 0.8537, val_ap 0.6067, minutes 16.43, lr 1.00e-03
    epoch 38: loss 0.8578, val_ap 0.6276, minutes 16.9, lr 1.00e-03
    epoch 39: loss 0.8592, val_ap 0.6233, minutes 17.36, lr 1.00e-03
    epoch 40: loss 0.8516, val_ap 0.6200, minutes 17.83, lr 1.00e-03
    epoch 41: loss 0.8441, val_ap 0.6215, minutes 18.24, lr 1.00e-03
    epoch 42: loss 0.8447, val_ap 0.6210, minutes 18.68, lr 1.00e-03
    epoch 43: loss 0.8433, val_ap 0.6295, minutes 19.13, lr 1.00e-03
    epoch 44: loss 0.8419, val_ap 0.6344, minutes 19.56, lr 1.00e-03
    epoch 45: loss 0.8433, val_ap 0.6436, minutes 20.0, lr 1.00e-03
    epoch 46: loss 0.8227, val_ap 0.6413, minutes 20.41, lr 1.00e-03
    epoch 47: loss 0.8346, val_ap 0.6355, minutes 20.87, lr 1.00e-03
    epoch 48: loss 0.8383, val_ap 0.6431, minutes 21.32, lr 1.00e-03
    epoch 49: loss 0.8248, val_ap 0.6389, minutes 21.73, lr 1.00e-03
    epoch 50: loss 0.8266, val_ap 0.6183, minutes 22.16, lr 1.00e-03
    epoch 51: loss 0.8376, val_ap 0.6367, minutes 22.57, lr 1.00e-03
    epoch 52: loss 0.8375, val_ap 0.6346, minutes 23.01, lr 1.00e-03
    epoch 53: loss 0.8119, val_ap 0.6449, minutes 23.46, lr 1.00e-03
    epoch 54: loss 0.8101, val_ap 0.6473, minutes 23.91, lr 1.00e-03
    epoch 55: loss 0.8163, val_ap 0.6489, minutes 24.38, lr 1.00e-03
    epoch 56: loss 0.8091, val_ap 0.6377, minutes 24.85, lr 1.00e-03
    epoch 57: loss 0.8012, val_ap 0.6491, minutes 25.3, lr 1.00e-03
    epoch 58: loss 0.8144, val_ap 0.6389, minutes 25.73, lr 1.00e-03
    epoch 59: loss 0.7933, val_ap 0.6497, minutes 26.16, lr 1.00e-03
    epoch 60: loss 0.8060, val_ap 0.6534, minutes 26.58, lr 1.00e-03
    epoch 61: loss 0.8182, val_ap 0.6427, minutes 26.99, lr 1.00e-03
    epoch 62: loss 0.7932, val_ap 0.6456, minutes 27.5, lr 1.00e-03
    epoch 63: loss 0.7954, val_ap 0.6443, minutes 27.94, lr 1.00e-03
    epoch 64: loss 0.7888, val_ap 0.6478, minutes 28.41, lr 1.00e-03
    epoch 65: loss 0.8166, val_ap 0.6527, minutes 28.87, lr 1.00e-03
    epoch 66: loss 0.7924, val_ap 0.6531, minutes 29.31, lr 1.00e-03
    epoch 67: loss 0.8038, val_ap 0.6445, minutes 29.74, lr 1.00e-03
    epoch 68: loss 0.8018, val_ap 0.6287, minutes 30.17, lr 1.00e-03
    epoch 69: loss 0.8066, val_ap 0.6385, minutes 30.63, lr 5.00e-04
    epoch 70: loss 0.7645, val_ap 0.6605, minutes 31.06, lr 5.00e-04
    epoch 71: loss 0.7669, val_ap 0.6543, minutes 31.5, lr 5.00e-04
    epoch 72: loss 0.7713, val_ap 0.6519, minutes 31.94, lr 5.00e-04
    epoch 73: loss 0.7549, val_ap 0.6576, minutes 32.4, lr 5.00e-04
    epoch 74: loss 0.7445, val_ap 0.6512, minutes 32.85, lr 5.00e-04
    epoch 75: loss 0.7608, val_ap 0.6507, minutes 33.31, lr 5.00e-04
    epoch 76: loss 0.7475, val_ap 0.6579, minutes 33.76, lr 5.00e-04
    epoch 77: loss 0.7802, val_ap 0.6576, minutes 34.2, lr 5.00e-04
    epoch 78: loss 0.7792, val_ap 0.6577, minutes 34.65, lr 5.00e-04
    epoch 79: loss 0.7525, val_ap 0.6585, minutes 35.1, lr 2.50e-04
    epoch 80: loss 0.7400, val_ap 0.6560, minutes 35.54, lr 2.50e-04
    epoch 81: loss 0.7318, val_ap 0.6597, minutes 35.99, lr 2.50e-04
    epoch 82: loss 0.7409, val_ap 0.6587, minutes 36.44, lr 2.50e-04
    epoch 83: loss 0.7308, val_ap 0.6552, minutes 36.88, lr 2.50e-04
    epoch 84: loss 0.7343, val_ap 0.6584, minutes 37.32, lr 2.50e-04
    epoch 85: loss 0.7264, val_ap 0.6563, minutes 37.76, lr 2.50e-04
    epoch 86: loss 0.7251, val_ap 0.6600, minutes 38.2, lr 2.50e-04
    epoch 87: loss 0.7337, val_ap 0.6609, minutes 38.65, lr 2.50e-04
    epoch 88: loss 0.7359, val_ap 0.6558, minutes 39.09, lr 2.50e-04
    epoch 89: loss 0.7295, val_ap 0.6541, minutes 39.53, lr 2.50e-04
    epoch 90: loss 0.7327, val_ap 0.6534, minutes 39.96, lr 2.50e-04
    epoch 91: loss 0.7239, val_ap 0.6554, minutes 40.36, lr 2.50e-04
    epoch 92: loss 0.7294, val_ap 0.6544, minutes 40.79, lr 2.50e-04
    epoch 93: loss 0.7255, val_ap 0.6531, minutes 41.23, lr 2.50e-04
    epoch 94: loss 0.7308, val_ap 0.6574, minutes 41.69, lr 2.50e-04
    epoch 95: loss 0.7193, val_ap 0.6580, minutes 42.15, lr 2.50e-04
    epoch 96: loss 0.7170, val_ap 0.6572, minutes 42.62, lr 1.25e-04
    epoch 97: loss 0.7158, val_ap 0.6575, minutes 43.06, lr 1.25e-04
    epoch 98: loss 0.7197, val_ap 0.6547, minutes 43.52, lr 1.25e-04
    epoch 99: loss 0.7117, val_ap 0.6569, minutes 43.97, lr 1.25e-04
    epoch 100: loss 0.7105, val_ap 0.6579, minutes 44.43, lr 1.25e-04
    epoch 101: loss 0.7128, val_ap 0.6567, minutes 44.87, lr 1.25e-04
    epoch 102: loss 0.7173, val_ap 0.6560, minutes 45.32, lr 1.25e-04
    epoch 103: loss 0.7159, val_ap 0.6530, minutes 45.75, lr 1.25e-04
    epoch 104: loss 0.6959, val_ap 0.6569, minutes 46.22, lr 1.25e-04
    epoch 105: loss 0.7047, val_ap 0.6564, minutes 46.68, lr 6.25e-05
    epoch 106: loss 0.7069, val_ap 0.6592, minutes 47.13, lr 6.25e-05
    epoch 107: loss 0.6871, val_ap 0.6585, minutes 47.61, lr 6.25e-05
    epoch 108: loss 0.6971, val_ap 0.6580, minutes 48.04, lr 6.25e-05
    epoch 109: loss 0.7182, val_ap 0.6585, minutes 48.49, lr 6.25e-05
    epoch 110: loss 0.7152, val_ap 0.6571, minutes 48.94, lr 6.25e-05
    epoch 111: loss 0.7023, val_ap 0.6575, minutes 49.41, lr 6.25e-05
    epoch 112: loss 0.7116, val_ap 0.6573, minutes 49.84, lr 6.25e-05
    stopping: no validation gain in 25 epochs
[res_nogate dataset0 fold 3 seed 2] done (50.5 min)
