loaded: dataset0 121,838 sites, data1 90,452
[gcn dataset0 fold 1 seed 2]
    epoch 1: loss 1.3289, val_ap 0.1068, minutes 0.55, lr 3.33e-04
    epoch 2: loss 1.2707, val_ap 0.1262, minutes 1.08, lr 6.63e-04
    epoch 3: loss 1.1250, val_ap 0.1874, minutes 1.63, lr 9.92e-04
    epoch 4: loss 0.9932, val_ap 0.2807, minutes 2.14, lr 1.00e-03
    epoch 5: loss 0.8879, val_ap 0.2935, minutes 2.69, lr 1.00e-03
    epoch 6: loss 0.8531, val_ap 0.2959, minutes 3.24, lr 1.00e-03
    epoch 7: loss 0.8452, val_ap 0.3046, minutes 3.8, lr 1.00e-03
    epoch 8: loss 0.8361, val_ap 0.3098, minutes 4.34, lr 1.00e-03
    epoch 9: loss 0.8172, val_ap 0.3110, minutes 4.88, lr 1.00e-03
    epoch 10: loss 0.8346, val_ap 0.3126, minutes 5.39, lr 1.00e-03
    epoch 11: loss 0.8020, val_ap 0.3162, minutes 5.94, lr 1.00e-03
    epoch 12: loss 0.8073, val_ap 0.3215, minutes 6.49, lr 1.00e-03
    epoch 13: loss 0.8043, val_ap 0.3212, minutes 7.06, lr 1.00e-03
    epoch 14: loss 0.7861, val_ap 0.3256, minutes 7.57, lr 1.00e-03
    epoch 15: loss 0.7814, val_ap 0.3230, minutes 8.14, lr 1.00e-03
    epoch 16: loss 0.7693, val_ap 0.3224, minutes 8.65, lr 1.00e-03
    epoch 17: loss 0.7765, val_ap 0.3251, minutes 9.17, lr 1.00e-03
    epoch 18: loss 0.7635, val_ap 0.3245, minutes 9.72, lr 1.00e-03
    epoch 19: loss 0.7611, val_ap 0.3273, minutes 10.26, lr 1.00e-03
    epoch 20: loss 0.7481, val_ap 0.3266, minutes 10.77, lr 1.00e-03
    epoch 21: loss 0.7459, val_ap 0.3263, minutes 11.3, lr 1.00e-03
    epoch 22: loss 0.7509, val_ap 0.3291, minutes 11.78, lr 1.00e-03
    epoch 23: loss 0.7640, val_ap 0.3260, minutes 12.29, lr 1.00e-03
    epoch 24: loss 0.7400, val_ap 0.3276, minutes 12.82, lr 1.00e-03
    epoch 25: loss 0.7397, val_ap 0.3296, minutes 13.36, lr 1.00e-03
    epoch 26: loss 0.7299, val_ap 0.3344, minutes 13.9, lr 1.00e-03
    epoch 27: loss 0.7370, val_ap 0.3318, minutes 14.44, lr 1.00e-03
    epoch 28: loss 0.7220, val_ap 0.3297, minutes 14.97, lr 1.00e-03
    epoch 29: loss 0.7292, val_ap 0.3297, minutes 15.47, lr 1.00e-03
    epoch 30: loss 0.7312, val_ap 0.3276, minutes 16.02, lr 1.00e-03
    epoch 31: loss 0.7419, val_ap 0.3309, minutes 16.57, lr 1.00e-03
    epoch 32: loss 0.7259, val_ap 0.3276, minutes 17.08, lr 1.00e-03
    epoch 33: loss 0.7290, val_ap 0.3298, minutes 17.62, lr 1.00e-03
    epoch 34: loss 0.7064, val_ap 0.3327, minutes 18.17, lr 1.00e-03
    epoch 35: loss 0.7063, val_ap 0.3319, minutes 18.67, lr 5.00e-04
    epoch 36: loss 0.7129, val_ap 0.3336, minutes 19.21, lr 5.00e-04
    epoch 37: loss 0.7078, val_ap 0.3313, minutes 19.74, lr 5.00e-04
    epoch 38: loss 0.7016, val_ap 0.3296, minutes 20.28, lr 5.00e-04
    epoch 39: loss 0.7010, val_ap 0.3356, minutes 20.82, lr 5.00e-04
    epoch 40: loss 0.7063, val_ap 0.3311, minutes 21.34, lr 5.00e-04
    epoch 41: loss 0.7086, val_ap 0.3335, minutes 21.89, lr 5.00e-04
    epoch 42: loss 0.6882, val_ap 0.3358, minutes 22.42, lr 5.00e-04
    epoch 43: loss 0.6975, val_ap 0.3338, minutes 22.99, lr 5.00e-04
    epoch 44: loss 0.6963, val_ap 0.3386, minutes 23.52, lr 5.00e-04
    epoch 45: loss 0.6952, val_ap 0.3341, minutes 24.07, lr 5.00e-04
    epoch 46: loss 0.6933, val_ap 0.3341, minutes 24.58, lr 5.00e-04
    epoch 47: loss 0.6936, val_ap 0.3372, minutes 25.09, lr 5.00e-04
    epoch 48: loss 0.6925, val_ap 0.3358, minutes 25.65, lr 5.00e-04
    epoch 49: loss 0.6996, val_ap 0.3346, minutes 26.21, lr 5.00e-04
    epoch 50: loss 0.6895, val_ap 0.3366, minutes 26.73, lr 5.00e-04
    epoch 51: loss 0.6973, val_ap 0.3370, minutes 27.24, lr 5.00e-04
    epoch 52: loss 0.6913, val_ap 0.3379, minutes 27.77, lr 5.00e-04
    epoch 53: loss 0.6859, val_ap 0.3313, minutes 28.3, lr 2.50e-04
    epoch 54: loss 0.6892, val_ap 0.3364, minutes 28.81, lr 2.50e-04
    epoch 55: loss 0.6827, val_ap 0.3364, minutes 29.34, lr 2.50e-04
    epoch 56: loss 0.6798, val_ap 0.3366, minutes 29.88, lr 2.50e-04
    epoch 57: loss 0.6777, val_ap 0.3371, minutes 30.41, lr 2.50e-04
    epoch 58: loss 0.6780, val_ap 0.3388, minutes 30.92, lr 2.50e-04
    epoch 59: loss 0.6710, val_ap 0.3373, minutes 31.46, lr 2.50e-04
    epoch 60: loss 0.6712, val_ap 0.3365, minutes 31.99, lr 2.50e-04
    epoch 61: loss 0.6817, val_ap 0.3390, minutes 32.51, lr 2.50e-04
    epoch 62: loss 0.6689, val_ap 0.3391, minutes 33.01, lr 2.50e-04
    epoch 63: loss 0.6728, val_ap 0.3367, minutes 33.49, lr 2.50e-04
    epoch 64: loss 0.6708, val_ap 0.3381, minutes 34.02, lr 2.50e-04
    epoch 65: loss 0.6725, val_ap 0.3395, minutes 34.52, lr 2.50e-04
    epoch 66: loss 0.6619, val_ap 0.3396, minutes 35.02, lr 2.50e-04
    epoch 67: loss 0.6712, val_ap 0.3403, minutes 35.58, lr 2.50e-04
    epoch 68: loss 0.6697, val_ap 0.3403, minutes 36.1, lr 2.50e-04
    epoch 69: loss 0.6787, val_ap 0.3393, minutes 36.63, lr 2.50e-04
    epoch 70: loss 0.6700, val_ap 0.3415, minutes 37.13, lr 2.50e-04
    epoch 71: loss 0.6620, val_ap 0.3409, minutes 37.65, lr 2.50e-04
    epoch 72: loss 0.6678, val_ap 0.3413, minutes 38.15, lr 2.50e-04
    epoch 73: loss 0.6613, val_ap 0.3408, minutes 38.69, lr 2.50e-04
    epoch 74: loss 0.6636, val_ap 0.3410, minutes 39.21, lr 2.50e-04
    epoch 75: loss 0.6651, val_ap 0.3411, minutes 39.72, lr 2.50e-04
    epoch 76: loss 0.6705, val_ap 0.3436, minutes 40.28, lr 2.50e-04
    epoch 77: loss 0.6617, val_ap 0.3422, minutes 40.81, lr 2.50e-04
    epoch 78: loss 0.6672, val_ap 0.3430, minutes 41.33, lr 2.50e-04
    epoch 79: loss 0.6691, val_ap 0.3461, minutes 41.87, lr 2.50e-04
    epoch 80: loss 0.6632, val_ap 0.3425, minutes 42.38, lr 2.50e-04
    epoch 81: loss 0.6592, val_ap 0.3428, minutes 42.89, lr 2.50e-04
    epoch 82: loss 0.6575, val_ap 0.3433, minutes 43.41, lr 2.50e-04
    epoch 83: loss 0.6732, val_ap 0.3425, minutes 43.93, lr 2.50e-04
    epoch 84: loss 0.6621, val_ap 0.3441, minutes 44.44, lr 2.50e-04
    epoch 85: loss 0.6603, val_ap 0.3442, minutes 44.96, lr 2.50e-04
    epoch 86: loss 0.6593, val_ap 0.3422, minutes 45.49, lr 2.50e-04
    epoch 87: loss 0.6492, val_ap 0.3466, minutes 46.0, lr 2.50e-04
    epoch 88: loss 0.6571, val_ap 0.3461, minutes 46.52, lr 2.50e-04
    epoch 89: loss 0.6554, val_ap 0.3446, minutes 47.04, lr 2.50e-04
    epoch 90: loss 0.6598, val_ap 0.3447, minutes 47.51, lr 2.50e-04
    epoch 91: loss 0.6541, val_ap 0.3430, minutes 48.0, lr 2.50e-04
    epoch 92: loss 0.6617, val_ap 0.3451, minutes 48.48, lr 2.50e-04
    epoch 93: loss 0.6489, val_ap 0.3462, minutes 48.99, lr 2.50e-04
    epoch 94: loss 0.6545, val_ap 0.3469, minutes 49.49, lr 2.50e-04
    epoch 95: loss 0.6516, val_ap 0.3454, minutes 50.03, lr 2.50e-04
    epoch 96: loss 0.6660, val_ap 0.3479, minutes 50.55, lr 2.50e-04
    epoch 97: loss 0.6573, val_ap 0.3478, minutes 51.06, lr 2.50e-04
    epoch 98: loss 0.6503, val_ap 0.3488, minutes 51.56, lr 2.50e-04
    epoch 99: loss 0.6504, val_ap 0.3465, minutes 52.08, lr 2.50e-04
    epoch 100: loss 0.6489, val_ap 0.3479, minutes 52.58, lr 2.50e-04
    epoch 101: loss 0.6573, val_ap 0.3472, minutes 53.13, lr 2.50e-04
    epoch 102: loss 0.6532, val_ap 0.3456, minutes 53.61, lr 2.50e-04
    epoch 103: loss 0.6529, val_ap 0.3470, minutes 54.14, lr 2.50e-04
    epoch 104: loss 0.6518, val_ap 0.3490, minutes 54.64, lr 2.50e-04
    epoch 105: loss 0.6484, val_ap 0.3502, minutes 55.14, lr 2.50e-04
    epoch 106: loss 0.6433, val_ap 0.3481, minutes 55.65, lr 2.50e-04
    epoch 107: loss 0.6507, val_ap 0.3488, minutes 56.16, lr 2.50e-04
    epoch 108: loss 0.6468, val_ap 0.3521, minutes 56.68, lr 2.50e-04
    epoch 109: loss 0.6411, val_ap 0.3538, minutes 57.16, lr 2.50e-04
    epoch 110: loss 0.6412, val_ap 0.3510, minutes 57.67, lr 2.50e-04
    epoch 111: loss 0.6460, val_ap 0.3523, minutes 58.21, lr 2.50e-04
    epoch 112: loss 0.6392, val_ap 0.3511, minutes 58.72, lr 2.50e-04
    epoch 113: loss 0.6386, val_ap 0.3520, minutes 59.18, lr 2.50e-04
    epoch 114: loss 0.6433, val_ap 0.3559, minutes 59.64, lr 2.50e-04
    epoch 115: loss 0.6394, val_ap 0.3504, minutes 60.12, lr 2.50e-04
    epoch 116: loss 0.6351, val_ap 0.3499, minutes 60.59, lr 2.50e-04
    epoch 117: loss 0.6482, val_ap 0.3459, minutes 61.08, lr 2.50e-04
    epoch 118: loss 0.6426, val_ap 0.3505, minutes 61.54, lr 2.50e-04
    epoch 119: loss 0.6362, val_ap 0.3505, minutes 62.05, lr 2.50e-04
    epoch 120: loss 0.6373, val_ap 0.3532, minutes 62.52, lr 2.50e-04
    epoch 121: loss 0.6301, val_ap 0.3516, minutes 63.0, lr 2.50e-04
    epoch 122: loss 0.6406, val_ap 0.3509, minutes 63.48, lr 2.50e-04
    epoch 123: loss 0.6365, val_ap 0.3493, minutes 63.96, lr 1.25e-04
    epoch 124: loss 0.6263, val_ap 0.3478, minutes 64.47, lr 1.25e-04
    epoch 125: loss 0.6373, val_ap 0.3522, minutes 64.97, lr 1.25e-04
    epoch 126: loss 0.6343, val_ap 0.3505, minutes 65.46, lr 1.25e-04
    epoch 127: loss 0.6262, val_ap 0.3499, minutes 65.97, lr 1.25e-04
    epoch 128: loss 0.6297, val_ap 0.3513, minutes 66.43, lr 1.25e-04
    epoch 129: loss 0.6250, val_ap 0.3504, minutes 66.96, lr 1.25e-04
    epoch 130: loss 0.6269, val_ap 0.3512, minutes 67.43, lr 1.25e-04
    epoch 131: loss 0.6285, val_ap 0.3494, minutes 67.91, lr 1.25e-04
    epoch 132: loss 0.6426, val_ap 0.3507, minutes 68.38, lr 6.25e-05
    epoch 133: loss 0.6272, val_ap 0.3513, minutes 68.84, lr 6.25e-05
    epoch 134: loss 0.6251, val_ap 0.3494, minutes 69.35, lr 6.25e-05
    epoch 135: loss 0.6226, val_ap 0.3507, minutes 69.85, lr 6.25e-05
    epoch 136: loss 0.6187, val_ap 0.3503, minutes 70.31, lr 6.25e-05
    epoch 137: loss 0.6245, val_ap 0.3507, minutes 70.8, lr 6.25e-05
    epoch 138: loss 0.6257, val_ap 0.3509, minutes 71.26, lr 6.25e-05
    epoch 139: loss 0.6189, val_ap 0.3516, minutes 71.75, lr 6.25e-05
    stopping: no validation gain in 25 epochs
[gcn dataset0 fold 1 seed 2] done (72.6 min)
