loaded: dataset0 121,838 sites, data1 90,452
[fk_band_shuffled pooled_both fold 1]
    band weights [0.415, 0.354, 0.231] (bands ((0, 30), (30, 75), (75, 150)))
    epoch 1: loss 1.8949, val_ap 0.1829, minutes 0.83, lr 3.31e-04
    epoch 2: loss 1.5204, val_ap 0.3644, minutes 1.64, lr 6.60e-04
    epoch 3: loss 1.3583, val_ap 0.4421, minutes 2.48, lr 9.89e-04
    epoch 4: loss 1.3013, val_ap 0.4627, minutes 3.35, lr 1.00e-03
    epoch 5: loss 1.2582, val_ap 0.4639, minutes 4.2, lr 1.00e-03
    epoch 6: loss 1.2433, val_ap 0.4747, minutes 5.05, lr 1.00e-03
    epoch 7: loss 1.2309, val_ap 0.4780, minutes 5.89, lr 1.00e-03
    epoch 8: loss 1.2368, val_ap 0.4755, minutes 6.73, lr 1.00e-03
    epoch 9: loss 1.2124, val_ap 0.4771, minutes 7.64, lr 1.00e-03
    epoch 10: loss 1.2064, val_ap 0.4837, minutes 8.49, lr 1.00e-03
    epoch 11: loss 1.2042, val_ap 0.4806, minutes 9.4, lr 1.00e-03
    epoch 12: loss 1.2083, val_ap 0.4857, minutes 10.24, lr 1.00e-03
    epoch 13: loss 1.1912, val_ap 0.4812, minutes 11.09, lr 1.00e-03
    epoch 14: loss 1.1795, val_ap 0.4843, minutes 11.96, lr 1.00e-03
    epoch 15: loss 1.1893, val_ap 0.4897, minutes 12.82, lr 1.00e-03
    epoch 16: loss 1.1747, val_ap 0.4910, minutes 13.65, lr 1.00e-03
    epoch 17: loss 1.1765, val_ap 0.4898, minutes 14.48, lr 1.00e-03
    epoch 18: loss 1.1668, val_ap 0.4865, minutes 15.34, lr 1.00e-03
    epoch 19: loss 1.1704, val_ap 0.4893, minutes 16.26, lr 1.00e-03
    epoch 20: loss 1.1543, val_ap 0.4871, minutes 17.12, lr 1.00e-03
    epoch 21: loss 1.1599, val_ap 0.4902, minutes 18.02, lr 1.00e-03
    epoch 22: loss 1.1594, val_ap 0.4855, minutes 18.89, lr 1.00e-03
    epoch 23: loss 1.1575, val_ap 0.4932, minutes 19.76, lr 1.00e-03
    epoch 24: loss 1.1390, val_ap 0.4849, minutes 20.59, lr 1.00e-03
    epoch 25: loss 1.1415, val_ap 0.4906, minutes 21.49, lr 1.00e-03
    epoch 26: loss 1.1427, val_ap 0.4881, minutes 22.3, lr 1.00e-03
    epoch 27: loss 1.1415, val_ap 0.4882, minutes 23.14, lr 1.00e-03
    epoch 28: loss 1.1317, val_ap 0.4878, minutes 24.03, lr 1.00e-03
    epoch 29: loss 1.1288, val_ap 0.4890, minutes 24.89, lr 1.00e-03
    epoch 30: loss 1.1212, val_ap 0.4883, minutes 25.75, lr 1.00e-03
    epoch 31: loss 1.1239, val_ap 0.4871, minutes 26.57, lr 1.00e-03
    epoch 32: loss 1.1209, val_ap 0.4915, minutes 27.42, lr 5.00e-04
    epoch 33: loss 1.0964, val_ap 0.4956, minutes 28.26, lr 5.00e-04
    epoch 34: loss 1.1041, val_ap 0.4923, minutes 29.12, lr 5.00e-04
    epoch 35: loss 1.0941, val_ap 0.4938, minutes 30.0, lr 5.00e-04
    epoch 36: loss 1.0909, val_ap 0.4890, minutes 30.87, lr 5.00e-04
    epoch 37: loss 1.0951, val_ap 0.4973, minutes 31.77, lr 5.00e-04
    epoch 38: loss 1.0883, val_ap 0.4907, minutes 32.67, lr 5.00e-04
    epoch 39: loss 1.0889, val_ap 0.4949, minutes 33.53, lr 5.00e-04
    epoch 40: loss 1.0842, val_ap 0.4976, minutes 34.39, lr 5.00e-04
    epoch 41: loss 1.0758, val_ap 0.4912, minutes 35.26, lr 5.00e-04
    epoch 42: loss 1.0850, val_ap 0.4954, minutes 36.11, lr 5.00e-04
    epoch 43: loss 1.0731, val_ap 0.4857, minutes 36.92, lr 5.00e-04
    epoch 44: loss 1.0734, val_ap 0.4921, minutes 37.75, lr 5.00e-04
    epoch 45: loss 1.0712, val_ap 0.4951, minutes 38.62, lr 5.00e-04
    epoch 46: loss 1.0676, val_ap 0.4915, minutes 39.54, lr 5.00e-04
    epoch 47: loss 1.0688, val_ap 0.4884, minutes 40.43, lr 5.00e-04
    epoch 48: loss 1.0646, val_ap 0.4826, minutes 41.31, lr 5.00e-04
    epoch 49: loss 1.0657, val_ap 0.4918, minutes 42.13, lr 2.50e-04
    epoch 50: loss 1.0567, val_ap 0.4898, minutes 43.03, lr 2.50e-04
    epoch 51: loss 1.0498, val_ap 0.4925, minutes 43.89, lr 2.50e-04
    epoch 52: loss 1.0513, val_ap 0.4889, minutes 44.81, lr 2.50e-04
    epoch 53: loss 1.0423, val_ap 0.4952, minutes 45.66, lr 2.50e-04
    epoch 54: loss 1.0391, val_ap 0.4882, minutes 46.48, lr 2.50e-04
    epoch 55: loss 1.0467, val_ap 0.4898, minutes 47.4, lr 2.50e-04
    epoch 56: loss 1.0401, val_ap 0.4876, minutes 48.24, lr 2.50e-04
    epoch 57: loss 1.0388, val_ap 0.4884, minutes 49.11, lr 2.50e-04
    epoch 58: loss 1.0394, val_ap 0.4868, minutes 49.93, lr 1.25e-04
    epoch 59: loss 1.0274, val_ap 0.4885, minutes 50.77, lr 1.25e-04
    epoch 60: loss 1.0228, val_ap 0.4877, minutes 51.63, lr 1.25e-04
    epoch 61: loss 1.0255, val_ap 0.4887, minutes 52.49, lr 1.25e-04
    epoch 62: loss 1.0279, val_ap 0.4857, minutes 53.36, lr 1.25e-04
    epoch 63: loss 1.0305, val_ap 0.4886, minutes 54.23, lr 1.25e-04
    epoch 64: loss 1.0254, val_ap 0.4905, minutes 55.06, lr 1.25e-04
    epoch 65: loss 1.0243, val_ap 0.4905, minutes 55.87, lr 1.25e-04
    stopping: no validation gain in 25 epochs
[fk_band_shuffled pooled_both fold 1] done (56.8 min)
