loaded: dataset0 121,838 sites, data1 90,452
[scalar_drop dataset0 fold 0 seed 1]
    kernel decay scale 118.2 nt (fitted to cell line 1 training labels)
    epoch 1: loss 1.9803, val_ap 0.1623, minutes 0.46, lr 3.33e-04
    epoch 2: loss 1.6123, val_ap 0.2401, minutes 0.94, lr 6.59e-04
    epoch 3: loss 1.3696, val_ap 0.3927, minutes 1.39, lr 9.88e-04
    epoch 4: loss 1.2292, val_ap 0.4483, minutes 1.85, lr 1.00e-03
    epoch 5: loss 1.1534, val_ap 0.4584, minutes 2.34, lr 1.00e-03
    epoch 6: loss 1.1202, val_ap 0.4621, minutes 2.84, lr 1.00e-03
    epoch 7: loss 1.1435, val_ap 0.4636, minutes 3.35, lr 1.00e-03
    epoch 8: loss 1.0838, val_ap 0.4643, minutes 3.81, lr 1.00e-03
    epoch 9: loss 1.0725, val_ap 0.4760, minutes 4.27, lr 1.00e-03
    epoch 10: loss 1.0360, val_ap 0.4722, minutes 4.75, lr 1.00e-03
    epoch 11: loss 1.0220, val_ap 0.4794, minutes 5.19, lr 1.00e-03
    epoch 12: loss 1.0308, val_ap 0.4727, minutes 5.68, lr 1.00e-03
    epoch 13: loss 1.0322, val_ap 0.4711, minutes 6.15, lr 1.00e-03
    epoch 14: loss 1.0065, val_ap 0.4895, minutes 6.62, lr 1.00e-03
    epoch 15: loss 0.9998, val_ap 0.4791, minutes 7.07, lr 1.00e-03
    epoch 16: loss 1.0129, val_ap 0.4795, minutes 7.51, lr 1.00e-03
    epoch 17: loss 1.0102, val_ap 0.4868, minutes 7.97, lr 1.00e-03
    epoch 18: loss 0.9898, val_ap 0.4888, minutes 8.41, lr 1.00e-03
    epoch 19: loss 0.9843, val_ap 0.4907, minutes 8.92, lr 1.00e-03
    epoch 20: loss 0.9895, val_ap 0.5029, minutes 9.39, lr 1.00e-03
    epoch 21: loss 0.9775, val_ap 0.5044, minutes 9.9, lr 1.00e-03
    epoch 22: loss 0.9695, val_ap 0.4983, minutes 10.35, lr 1.00e-03
    epoch 23: loss 0.9502, val_ap 0.5004, minutes 10.8, lr 1.00e-03
    epoch 24: loss 0.9576, val_ap 0.5005, minutes 11.27, lr 1.00e-03
    epoch 25: loss 0.9545, val_ap 0.5048, minutes 11.74, lr 1.00e-03
    epoch 26: loss 0.9595, val_ap 0.5196, minutes 12.19, lr 1.00e-03
    epoch 27: loss 0.9659, val_ap 0.5153, minutes 12.67, lr 1.00e-03
    epoch 28: loss 0.9621, val_ap 0.5192, minutes 13.17, lr 1.00e-03
    epoch 29: loss 0.9293, val_ap 0.5186, minutes 13.65, lr 1.00e-03
    epoch 30: loss 0.9330, val_ap 0.5255, minutes 14.13, lr 1.00e-03
    epoch 31: loss 0.9447, val_ap 0.5230, minutes 14.62, lr 1.00e-03
    epoch 32: loss 0.9616, val_ap 0.5296, minutes 15.12, lr 1.00e-03
    epoch 33: loss 0.9222, val_ap 0.5283, minutes 15.68, lr 1.00e-03
    epoch 34: loss 0.9090, val_ap 0.5306, minutes 16.16, lr 1.00e-03
    epoch 35: loss 0.9212, val_ap 0.5327, minutes 16.63, lr 1.00e-03
    epoch 36: loss 0.9093, val_ap 0.5461, minutes 17.11, lr 1.00e-03
    epoch 37: loss 0.9332, val_ap 0.5389, minutes 17.55, lr 1.00e-03
    epoch 38: loss 0.9139, val_ap 0.5421, minutes 18.02, lr 1.00e-03
    epoch 39: loss 0.9141, val_ap 0.5375, minutes 18.47, lr 1.00e-03
    epoch 40: loss 0.9430, val_ap 0.5422, minutes 18.92, lr 1.00e-03
    epoch 41: loss 0.9283, val_ap 0.5469, minutes 19.38, lr 1.00e-03
    epoch 42: loss 0.9083, val_ap 0.5462, minutes 19.82, lr 1.00e-03
    epoch 43: loss 0.9006, val_ap 0.5534, minutes 20.27, lr 1.00e-03
    epoch 44: loss 0.9176, val_ap 0.5575, minutes 20.74, lr 1.00e-03
    epoch 45: loss 0.8842, val_ap 0.5565, minutes 21.24, lr 1.00e-03
    epoch 46: loss 0.8809, val_ap 0.5522, minutes 21.69, lr 1.00e-03
    epoch 47: loss 0.8848, val_ap 0.5418, minutes 22.16, lr 1.00e-03
    epoch 48: loss 0.8819, val_ap 0.5536, minutes 22.6, lr 1.00e-03
    epoch 49: loss 0.8950, val_ap 0.5664, minutes 23.04, lr 1.00e-03
    epoch 50: loss 0.8711, val_ap 0.5573, minutes 23.51, lr 1.00e-03
    epoch 51: loss 0.8695, val_ap 0.5705, minutes 23.99, lr 1.00e-03
    epoch 52: loss 0.8815, val_ap 0.5665, minutes 24.49, lr 1.00e-03
    epoch 53: loss 0.8681, val_ap 0.5451, minutes 24.94, lr 1.00e-03
    epoch 54: loss 0.8678, val_ap 0.5639, minutes 25.38, lr 1.00e-03
    epoch 55: loss 0.8674, val_ap 0.5643, minutes 25.82, lr 1.00e-03
    epoch 56: loss 0.8692, val_ap 0.5629, minutes 26.3, lr 1.00e-03
    epoch 57: loss 0.8893, val_ap 0.5677, minutes 26.75, lr 1.00e-03
    epoch 58: loss 0.8479, val_ap 0.5696, minutes 27.23, lr 1.00e-03
    epoch 59: loss 0.8679, val_ap 0.5643, minutes 27.67, lr 1.00e-03
    epoch 60: loss 0.9058, val_ap 0.5750, minutes 28.15, lr 1.00e-03
    epoch 61: loss 1.0230, val_ap 0.5431, minutes 28.69, lr 1.00e-03
    epoch 62: loss 0.8706, val_ap 0.5614, minutes 29.17, lr 1.00e-03
    epoch 63: loss 0.8692, val_ap 0.5720, minutes 29.62, lr 1.00e-03
    epoch 64: loss 0.8640, val_ap 0.5744, minutes 30.08, lr 1.00e-03
    epoch 65: loss 0.8505, val_ap 0.5751, minutes 30.56, lr 1.00e-03
    epoch 66: loss 0.8673, val_ap 0.5670, minutes 31.0, lr 1.00e-03
    epoch 67: loss 0.8703, val_ap 0.5624, minutes 31.48, lr 1.00e-03
    epoch 68: loss 0.8532, val_ap 0.5784, minutes 31.94, lr 1.00e-03
    epoch 69: loss 0.8496, val_ap 0.5731, minutes 32.37, lr 1.00e-03
    epoch 70: loss 0.8548, val_ap 0.5621, minutes 32.79, lr 1.00e-03
    epoch 71: loss 0.8523, val_ap 0.5736, minutes 33.25, lr 1.00e-03
    epoch 72: loss 0.8461, val_ap 0.5689, minutes 33.7, lr 1.00e-03
    epoch 73: loss 0.8464, val_ap 0.5798, minutes 34.16, lr 1.00e-03
    epoch 74: loss 0.8338, val_ap 0.5800, minutes 34.65, lr 1.00e-03
    epoch 75: loss 0.8297, val_ap 0.5748, minutes 35.11, lr 1.00e-03
    epoch 76: loss 0.8434, val_ap 0.5780, minutes 35.6, lr 1.00e-03
    epoch 77: loss 0.8755, val_ap 0.5664, minutes 36.12, lr 1.00e-03
    epoch 78: loss 0.8472, val_ap 0.5824, minutes 36.57, lr 1.00e-03
    epoch 79: loss 0.8239, val_ap 0.5670, minutes 37.03, lr 1.00e-03
    epoch 80: loss 0.8337, val_ap 0.5758, minutes 37.46, lr 1.00e-03
    epoch 81: loss 0.8561, val_ap 0.5725, minutes 37.92, lr 1.00e-03
    epoch 82: loss 0.8123, val_ap 0.5672, minutes 38.38, lr 1.00e-03
    epoch 83: loss 0.8264, val_ap 0.5808, minutes 38.85, lr 1.00e-03
    epoch 84: loss 0.8147, val_ap 0.5864, minutes 39.3, lr 1.00e-03
    epoch 85: loss 0.8403, val_ap 0.5873, minutes 39.76, lr 1.00e-03
    epoch 86: loss 0.8350, val_ap 0.5737, minutes 40.27, lr 1.00e-03
    epoch 87: loss 0.8198, val_ap 0.5840, minutes 40.78, lr 1.00e-03
    epoch 88: loss 0.8100, val_ap 0.5933, minutes 41.32, lr 1.00e-03
    epoch 89: loss 0.8089, val_ap 0.5845, minutes 41.77, lr 1.00e-03
    epoch 90: loss 0.8264, val_ap 0.5752, minutes 42.18, lr 1.00e-03
    epoch 91: loss 0.8169, val_ap 0.5832, minutes 42.61, lr 1.00e-03
    epoch 92: loss 0.8096, val_ap 0.5926, minutes 43.02, lr 1.00e-03
    epoch 93: loss 0.8233, val_ap 0.5800, minutes 43.46, lr 1.00e-03
    epoch 94: loss 0.8133, val_ap 0.5794, minutes 43.86, lr 1.00e-03
    epoch 95: loss 0.8152, val_ap 0.5897, minutes 44.31, lr 1.00e-03
    epoch 96: loss 0.8129, val_ap 0.5898, minutes 44.72, lr 1.00e-03
    epoch 97: loss 0.7911, val_ap 0.5629, minutes 45.12, lr 5.00e-04
    epoch 98: loss 0.7830, val_ap 0.5891, minutes 45.54, lr 5.00e-04
    epoch 99: loss 0.7806, val_ap 0.5837, minutes 45.93, lr 5.00e-04
    epoch 100: loss 0.7838, val_ap 0.5870, minutes 46.28, lr 5.00e-04
    epoch 101: loss 0.7630, val_ap 0.5879, minutes 46.68, lr 5.00e-04
    epoch 102: loss 0.7735, val_ap 0.5830, minutes 47.08, lr 5.00e-04
    epoch 103: loss 0.7719, val_ap 0.5747, minutes 47.49, lr 5.00e-04
    epoch 104: loss 0.7662, val_ap 0.5788, minutes 47.9, lr 5.00e-04
    epoch 105: loss 0.7776, val_ap 0.5846, minutes 48.35, lr 5.00e-04
    epoch 106: loss 0.7622, val_ap 0.5848, minutes 48.76, lr 2.50e-04
    epoch 107: loss 0.7787, val_ap 0.5848, minutes 49.16, lr 2.50e-04
    epoch 108: loss 0.7763, val_ap 0.5853, minutes 49.57, lr 2.50e-04
    epoch 109: loss 0.7546, val_ap 0.5871, minutes 49.98, lr 2.50e-04
    epoch 110: loss 0.7624, val_ap 0.5883, minutes 50.4, lr 2.50e-04
    epoch 111: loss 0.7481, val_ap 0.5810, minutes 50.77, lr 2.50e-04
    epoch 112: loss 0.7550, val_ap 0.5801, minutes 51.18, lr 2.50e-04
    epoch 113: loss 0.7436, val_ap 0.5869, minutes 51.57, lr 2.50e-04
    stopping: no validation gain in 25 epochs
[scalar_drop dataset0 fold 0 seed 1] done (52.2 min)
