loaded: dataset0 121,838 sites, data1 90,452
[h2gcn_local pooled_both fold 2 seed 2]
    epoch 1: loss 1.2484, val_ap 0.1948, minutes 0.98, lr 3.31e-04
    epoch 2: loss 1.0150, val_ap 0.3113, minutes 1.89, lr 6.60e-04
    epoch 3: loss 0.9181, val_ap 0.4094, minutes 2.75, lr 9.87e-04
    epoch 4: loss 0.8635, val_ap 0.4281, minutes 3.59, lr 1.00e-03
    epoch 5: loss 0.8429, val_ap 0.4466, minutes 4.37, lr 1.00e-03
    epoch 6: loss 0.8295, val_ap 0.4517, minutes 5.15, lr 1.00e-03
    epoch 7: loss 0.8104, val_ap 0.4521, minutes 5.96, lr 1.00e-03
    epoch 8: loss 0.7963, val_ap 0.4553, minutes 6.79, lr 1.00e-03
    epoch 9: loss 0.7945, val_ap 0.4563, minutes 7.58, lr 1.00e-03
    epoch 10: loss 0.7812, val_ap 0.4650, minutes 8.33, lr 1.00e-03
    epoch 11: loss 0.7882, val_ap 0.4684, minutes 9.07, lr 1.00e-03
    epoch 12: loss 0.7834, val_ap 0.4701, minutes 9.72, lr 1.00e-03
    epoch 13: loss 0.7831, val_ap 0.4760, minutes 10.47, lr 1.00e-03
    epoch 14: loss 0.7663, val_ap 0.4691, minutes 11.21, lr 1.00e-03
    epoch 15: loss 0.7662, val_ap 0.4789, minutes 11.96, lr 1.00e-03
    epoch 16: loss 0.7594, val_ap 0.4793, minutes 12.7, lr 1.00e-03
    epoch 17: loss 0.7502, val_ap 0.4757, minutes 13.39, lr 1.00e-03
    epoch 18: loss 0.7455, val_ap 0.4756, minutes 14.17, lr 1.00e-03
    epoch 19: loss 0.7447, val_ap 0.4751, minutes 14.91, lr 1.00e-03
    epoch 20: loss 0.7434, val_ap 0.4702, minutes 15.69, lr 1.00e-03
    epoch 21: loss 0.7382, val_ap 0.4795, minutes 16.49, lr 1.00e-03
    epoch 22: loss 0.7342, val_ap 0.4848, minutes 17.27, lr 1.00e-03
    epoch 23: loss 0.7338, val_ap 0.4835, minutes 18.08, lr 1.00e-03
    epoch 24: loss 0.7309, val_ap 0.4766, minutes 18.85, lr 1.00e-03
    epoch 25: loss 0.7314, val_ap 0.4831, minutes 19.59, lr 1.00e-03
    epoch 26: loss 0.7178, val_ap 0.4818, minutes 20.3, lr 1.00e-03
    epoch 27: loss 0.7154, val_ap 0.4783, minutes 21.02, lr 1.00e-03
    epoch 28: loss 0.7146, val_ap 0.4758, minutes 21.76, lr 1.00e-03
    epoch 29: loss 0.7042, val_ap 0.4820, minutes 22.49, lr 1.00e-03
    epoch 30: loss 0.7099, val_ap 0.4702, minutes 23.25, lr 1.00e-03
    epoch 31: loss 0.7045, val_ap 0.4719, minutes 24.02, lr 5.00e-04
    epoch 32: loss 0.6812, val_ap 0.4746, minutes 24.8, lr 5.00e-04
    epoch 33: loss 0.6750, val_ap 0.4737, minutes 25.5, lr 5.00e-04
    epoch 34: loss 0.6775, val_ap 0.4724, minutes 26.22, lr 5.00e-04
    epoch 35: loss 0.6764, val_ap 0.4794, minutes 26.9, lr 5.00e-04
    epoch 36: loss 0.6699, val_ap 0.4746, minutes 27.66, lr 5.00e-04
    epoch 37: loss 0.6659, val_ap 0.4775, minutes 28.44, lr 5.00e-04
    epoch 38: loss 0.6717, val_ap 0.4743, minutes 29.2, lr 5.00e-04
    epoch 39: loss 0.6662, val_ap 0.4759, minutes 29.97, lr 5.00e-04
    epoch 40: loss 0.6556, val_ap 0.4743, minutes 30.75, lr 2.50e-04
    epoch 41: loss 0.6477, val_ap 0.4751, minutes 31.56, lr 2.50e-04
    epoch 42: loss 0.6445, val_ap 0.4725, minutes 32.32, lr 2.50e-04
    epoch 43: loss 0.6421, val_ap 0.4758, minutes 33.08, lr 2.50e-04
    epoch 44: loss 0.6369, val_ap 0.4754, minutes 33.82, lr 2.50e-04
    epoch 45: loss 0.6439, val_ap 0.4722, minutes 34.56, lr 2.50e-04
    epoch 46: loss 0.6379, val_ap 0.4720, minutes 35.17, lr 2.50e-04
    epoch 47: loss 0.6328, val_ap 0.4712, minutes 35.82, lr 2.50e-04
    stopping: no validation gain in 25 epochs
[h2gcn_local pooled_both fold 2 seed 2] done (36.3 min)
