loaded: dataset0 121,838 sites, data1 90,452
[set_transformer pooled_both fold 1]
    epoch 1: loss 1.0330763626623074, minutes 2.77, val_ap 0.38549407912406813, lr 0.00033389734912577554
    epoch 2: loss 0.9081363812114179, minutes 6.09, val_ap 0.4143691785775821, lr 0.0006672306824591089
    epoch 3: loss 0.8874908913613979, minutes 9.49, val_ap 0.41504837778116604, lr 0.001
    epoch 4: loss 0.874442413373647, minutes 12.81, val_ap 0.41884216595205476, lr 0.001
    epoch 5: loss 0.8579955024868502, minutes 16.13, val_ap 0.4335419381405088, lr 0.001
    epoch 6: loss 0.8534658597104642, minutes 19.45, val_ap 0.4375523798594923, lr 0.001
    epoch 7: loss 0.8397291386893961, minutes 22.72, val_ap 0.4411215152882769, lr 0.001
    epoch 8: loss 0.842754885680381, minutes 26.06, val_ap 0.4446373887177135, lr 0.001
    epoch 9: loss 0.8371707785956549, minutes 29.43, val_ap 0.4425162247789251, lr 0.001
    epoch 10: loss 0.8293530160904737, minutes 32.78, val_ap 0.44149287268974824, lr 0.001
    epoch 11: loss 0.8324666988426054, minutes 36.1, val_ap 0.4352443854574825, lr 0.001
    epoch 12: loss 0.8277169274396299, minutes 39.4, val_ap 0.45308886481276694, lr 0.001
    epoch 13: loss 0.8185273829450462, minutes 42.72, val_ap 0.44919332726101924, lr 0.001
    epoch 14: loss 0.8205607186013268, minutes 46.01, val_ap 0.44846111422946616, lr 0.001
    epoch 15: loss 0.8117426249581545, minutes 49.36, val_ap 0.4233630567669093, lr 0.001
    epoch 16: loss 0.8100474625069478, minutes 52.73, val_ap 0.44549533197458524, lr 0.001
    epoch 17: loss 0.8058527034853921, minutes 56.01, val_ap 0.4489763469221204, lr 0.001
    epoch 18: loss 0.8062255144522679, minutes 59.35, val_ap 0.44793227692197674, lr 0.001
    epoch 19: loss 0.8016780243206347, minutes 62.66, val_ap 0.44712765464594334, lr 0.001
    epoch 20: loss 0.799167915195378, minutes 66.02, val_ap 0.44410336328281197, lr 0.001
    epoch 21: loss 0.7953904999795097, minutes 69.28, val_ap 0.4516859423367159, lr 0.0005
    epoch 22: loss 0.7730240044759211, minutes 72.54, val_ap 0.4557895665774339, lr 0.0005
    epoch 23: loss 0.765729025586204, minutes 75.87, val_ap 0.45800687540800317, lr 0.0005
    epoch 24: loss 0.7632443336565079, minutes 79.14, val_ap 0.45289963791483984, lr 0.0005
    epoch 25: loss 0.7583300918592818, minutes 82.48, val_ap 0.4553677105251262, lr 0.0005
    epoch 26: loss 0.7523067505327377, minutes 85.8, val_ap 0.4611354790069267, lr 0.0005
    epoch 27: loss 0.7476724056927282, minutes 89.14, val_ap 0.45550307537445384, lr 0.0005
    epoch 28: loss 0.7449932898159963, minutes 92.39, val_ap 0.4556253972060681, lr 0.0005
    epoch 29: loss 0.740475062841893, minutes 95.7, val_ap 0.44359035178277634, lr 0.0005
    epoch 30: loss 0.7383175620875383, minutes 98.87, val_ap 0.45939917734322544, lr 0.0005
    epoch 31: loss 0.7333100658987984, minutes 102.09, val_ap 0.4567934972868952, lr 0.0005
    epoch 32: loss 0.7301032664711302, minutes 105.28, val_ap 0.4507815525553613, lr 0.0005
    epoch 33: loss 0.7294811551441799, minutes 108.42, val_ap 0.45278902711336905, lr 0.0005
    epoch 34: loss 0.7225948800592858, minutes 111.62, val_ap 0.4530631232288684, lr 0.0005
    epoch 35: loss 0.7173062322405994, minutes 114.76, val_ap 0.45142226317865025, lr 0.00025
    epoch 36: loss 0.699941667858921, minutes 117.91, val_ap 0.4513559670796681, lr 0.00025
    epoch 37: loss 0.6933961369462828, minutes 121.03, val_ap 0.4543134990737479, lr 0.00025
    epoch 38: loss 0.686411375825982, minutes 124.21, val_ap 0.4578241655682258, lr 0.00025
    epoch 39: loss 0.6829457723751488, minutes 127.27, val_ap 0.4524354377736961, lr 0.00025
    epoch 40: loss 0.6812385406389253, minutes 130.33, val_ap 0.44830448433895587, lr 0.00025
    epoch 41: loss 0.6738698103807098, minutes 133.44, val_ap 0.44488599258356815, lr 0.00025
    epoch 42: loss 0.6701697601783901, minutes 136.49, val_ap 0.44569752035694243, lr 0.00025
    epoch 43: loss 0.6720871909721652, minutes 139.57, val_ap 0.44747423527298735, lr 0.00025
    epoch 44: loss 0.6607460359934018, minutes 142.66, val_ap 0.4404516695343283, lr 0.000125
    epoch 45: loss 0.6549425700493472, minutes 145.75, val_ap 0.4454875453577492, lr 0.000125
    epoch 46: loss 0.6454262942731279, minutes 148.78, val_ap 0.44331196239814624, lr 0.000125
    epoch 47: loss 0.6438432176504442, minutes 151.81, val_ap 0.44624680818999374, lr 0.000125
    epoch 48: loss 0.6411791683857009, minutes 154.96, val_ap 0.445225401954693, lr 0.000125
    epoch 49: loss 0.6345599149992018, minutes 158.28, val_ap 0.44460410567859177, lr 0.000125
    epoch 50: loss 0.6326246034675443, minutes 161.55, val_ap 0.44200440268650226, lr 0.000125
    stopping: no validation gain in 25 epochs
[set_transformer pooled_both fold 1] done (167.5 min)
