loaded: dataset0 121,838 sites, data1 90,452
[h2gcn_aux_r400 dataset0 fold 4 seed 1]
    epoch 1: loss 1.9689, val_ap 0.1494, minutes 0.6, lr 3.33e-04
    epoch 2: loss 1.6099, val_ap 0.2018, minutes 1.14, lr 6.63e-04
    epoch 3: loss 1.3864, val_ap 0.3934, minutes 1.67, lr 9.92e-04
    epoch 4: loss 1.2123, val_ap 0.4888, minutes 2.2, lr 1.00e-03
    epoch 5: loss 1.1213, val_ap 0.5162, minutes 2.75, lr 1.00e-03
    epoch 6: loss 1.0906, val_ap 0.5169, minutes 3.31, lr 1.00e-03
    epoch 7: loss 1.0386, val_ap 0.5216, minutes 3.91, lr 1.00e-03
    epoch 8: loss 1.0126, val_ap 0.5240, minutes 4.44, lr 1.00e-03
    epoch 9: loss 1.0026, val_ap 0.5388, minutes 5.01, lr 1.00e-03
    epoch 10: loss 1.0018, val_ap 0.5474, minutes 5.58, lr 1.00e-03
    epoch 11: loss 0.9625, val_ap 0.5533, minutes 6.15, lr 1.00e-03
    epoch 12: loss 0.9931, val_ap 0.5535, minutes 6.71, lr 1.00e-03
    epoch 13: loss 0.9568, val_ap 0.5567, minutes 7.24, lr 1.00e-03
    epoch 14: loss 0.9485, val_ap 0.5575, minutes 7.8, lr 1.00e-03
    epoch 15: loss 0.9306, val_ap 0.5522, minutes 8.33, lr 1.00e-03
    epoch 16: loss 0.9512, val_ap 0.5750, minutes 8.9, lr 1.00e-03
    epoch 17: loss 0.9433, val_ap 0.5694, minutes 9.52, lr 1.00e-03
    epoch 18: loss 0.9133, val_ap 0.5703, minutes 10.08, lr 1.00e-03
    epoch 19: loss 0.8900, val_ap 0.5703, minutes 10.62, lr 1.00e-03
    epoch 20: loss 0.9108, val_ap 0.5676, minutes 11.19, lr 1.00e-03
    epoch 21: loss 0.8911, val_ap 0.5709, minutes 11.72, lr 1.00e-03
    epoch 22: loss 0.8989, val_ap 0.5775, minutes 12.25, lr 1.00e-03
    epoch 23: loss 0.8964, val_ap 0.5832, minutes 12.77, lr 1.00e-03
    epoch 24: loss 0.8981, val_ap 0.5764, minutes 13.3, lr 1.00e-03
    epoch 25: loss 0.8877, val_ap 0.5731, minutes 13.85, lr 1.00e-03
    epoch 26: loss 0.8831, val_ap 0.5879, minutes 14.38, lr 1.00e-03
    epoch 27: loss 0.8770, val_ap 0.5815, minutes 14.94, lr 1.00e-03
    epoch 28: loss 0.8732, val_ap 0.5771, minutes 15.48, lr 1.00e-03
    epoch 29: loss 0.8702, val_ap 0.5821, minutes 15.99, lr 1.00e-03
    epoch 30: loss 0.8512, val_ap 0.5851, minutes 16.57, lr 1.00e-03
    epoch 31: loss 0.8548, val_ap 0.5832, minutes 17.11, lr 1.00e-03
    epoch 32: loss 0.8507, val_ap 0.5855, minutes 17.66, lr 1.00e-03
    epoch 33: loss 0.8611, val_ap 0.5814, minutes 18.23, lr 1.00e-03
    epoch 34: loss 0.8361, val_ap 0.5866, minutes 18.77, lr 1.00e-03
    epoch 35: loss 0.8414, val_ap 0.5868, minutes 19.3, lr 5.00e-04
    epoch 36: loss 0.8184, val_ap 0.5882, minutes 19.85, lr 5.00e-04
    epoch 37: loss 0.8159, val_ap 0.5887, minutes 20.41, lr 5.00e-04
    epoch 38: loss 0.8283, val_ap 0.5884, minutes 20.94, lr 5.00e-04
    epoch 39: loss 0.8081, val_ap 0.5931, minutes 21.47, lr 5.00e-04
    epoch 40: loss 0.8039, val_ap 0.5883, minutes 22.03, lr 5.00e-04
    epoch 41: loss 0.8109, val_ap 0.5879, minutes 22.55, lr 5.00e-04
    epoch 42: loss 0.7956, val_ap 0.5920, minutes 23.06, lr 5.00e-04
    epoch 43: loss 0.8145, val_ap 0.5954, minutes 23.6, lr 5.00e-04
    epoch 44: loss 0.7970, val_ap 0.5959, minutes 24.16, lr 5.00e-04
    epoch 45: loss 0.7857, val_ap 0.5930, minutes 24.7, lr 5.00e-04
    epoch 46: loss 0.7936, val_ap 0.5885, minutes 25.23, lr 5.00e-04
    epoch 47: loss 0.7988, val_ap 0.5941, minutes 25.76, lr 5.00e-04
    epoch 48: loss 0.8267, val_ap 0.5935, minutes 26.29, lr 5.00e-04
    epoch 49: loss 0.7835, val_ap 0.5994, minutes 26.83, lr 5.00e-04
    epoch 50: loss 0.7829, val_ap 0.5938, minutes 27.38, lr 5.00e-04
    epoch 51: loss 0.7895, val_ap 0.5967, minutes 27.92, lr 5.00e-04
    epoch 52: loss 0.7876, val_ap 0.5880, minutes 28.43, lr 5.00e-04
    epoch 53: loss 0.7850, val_ap 0.5919, minutes 28.93, lr 5.00e-04
    epoch 54: loss 0.7817, val_ap 0.5940, minutes 29.44, lr 5.00e-04
    epoch 55: loss 0.7713, val_ap 0.5927, minutes 29.96, lr 5.00e-04
    epoch 56: loss 0.7802, val_ap 0.5969, minutes 30.49, lr 5.00e-04
    epoch 57: loss 0.7747, val_ap 0.5979, minutes 31.07, lr 5.00e-04
    epoch 58: loss 0.7818, val_ap 0.5959, minutes 31.59, lr 2.50e-04
    epoch 59: loss 0.7580, val_ap 0.5964, minutes 32.11, lr 2.50e-04
    epoch 60: loss 0.7591, val_ap 0.5965, minutes 32.62, lr 2.50e-04
    epoch 61: loss 0.7615, val_ap 0.5944, minutes 33.15, lr 2.50e-04
    epoch 62: loss 0.7507, val_ap 0.5968, minutes 33.71, lr 2.50e-04
    epoch 63: loss 0.7531, val_ap 0.5958, minutes 34.25, lr 2.50e-04
    epoch 64: loss 0.7422, val_ap 0.5965, minutes 34.76, lr 2.50e-04
    epoch 65: loss 0.7517, val_ap 0.5940, minutes 35.27, lr 2.50e-04
    epoch 66: loss 0.7585, val_ap 0.5962, minutes 35.78, lr 2.50e-04
    epoch 67: loss 0.7687, val_ap 0.5964, minutes 36.3, lr 1.25e-04
    epoch 68: loss 0.7450, val_ap 0.5971, minutes 36.84, lr 1.25e-04
    epoch 69: loss 0.7385, val_ap 0.5967, minutes 37.36, lr 1.25e-04
    epoch 70: loss 0.7414, val_ap 0.5955, minutes 37.89, lr 1.25e-04
    epoch 71: loss 0.7387, val_ap 0.5948, minutes 38.42, lr 1.25e-04
    epoch 72: loss 0.7314, val_ap 0.5949, minutes 38.96, lr 1.25e-04
    epoch 73: loss 0.7337, val_ap 0.5956, minutes 39.45, lr 1.25e-04
    epoch 74: loss 0.7407, val_ap 0.5966, minutes 40.01, lr 1.25e-04
    stopping: no validation gain in 25 epochs
[h2gcn_aux_r400 dataset0 fold 4 seed 1] done (40.7 min)
