loaded: dataset0 121,838 sites, data1 90,452
[set_transformer pooled_both fold 0 seed 1]
    epoch 1: loss 1.0297809843255692, minutes 2.72, val_ap 0.32403366154543933, lr 0.00033389355742296915
    epoch 2: loss 0.9095314607900732, minutes 6.36, val_ap 0.39405842260397445, lr 0.0006672268907563025
    epoch 3: loss 0.8812326831977908, minutes 10.05, val_ap 0.38165933161919213, lr 0.001
    epoch 4: loss 0.871956282303113, minutes 13.77, val_ap 0.41049054240267807, lr 0.001
    epoch 5: loss 0.8591363372922945, minutes 17.35, val_ap 0.41822081377745646, lr 0.001
    epoch 6: loss 0.8472203202608253, minutes 21.0, val_ap 0.4052102468685527, lr 0.001
    epoch 7: loss 0.839485888070419, minutes 24.87, val_ap 0.4284709058325253, lr 0.001
    epoch 8: loss 0.841768905595571, minutes 28.6, val_ap 0.42223131968814015, lr 0.001
    epoch 9: loss 0.8345600906540366, minutes 32.29, val_ap 0.4256088955563654, lr 0.001
    epoch 10: loss 0.8276445184435163, minutes 35.97, val_ap 0.42074232057014027, lr 0.001
    epoch 11: loss 0.8223157000140984, minutes 39.65, val_ap 0.422352733944079, lr 0.001
    epoch 12: loss 0.8251029946223026, minutes 43.39, val_ap 0.42439987091983045, lr 0.001
    epoch 13: loss 0.8179565108122946, minutes 47.13, val_ap 0.42458120718248066, lr 0.001
    epoch 14: loss 0.8174158136383826, minutes 50.78, val_ap 0.4312103662219919, lr 0.001
    epoch 15: loss 0.8193524467844923, minutes 54.45, val_ap 0.4299618781312268, lr 0.001
    epoch 16: loss 0.809126169441127, minutes 58.11, val_ap 0.41803225803228944, lr 0.001
    epoch 17: loss 0.8087556391203103, minutes 61.83, val_ap 0.4259986227477806, lr 0.001
    epoch 18: loss 0.8071782971129698, minutes 65.5, val_ap 0.4153299723029065, lr 0.001
    epoch 19: loss 0.8039154962832187, minutes 69.17, val_ap 0.43072050529131606, lr 0.001
    epoch 20: loss 0.7980365348964178, minutes 72.88, val_ap 0.42854913423497876, lr 0.001
    epoch 21: loss 0.7940872604606533, minutes 76.62, val_ap 0.4355290010968151, lr 0.001
    epoch 22: loss 0.7938747162077607, minutes 80.3, val_ap 0.4285742882336712, lr 0.001
    epoch 23: loss 0.7922213968609562, minutes 84.03, val_ap 0.425802452267671, lr 0.001
    epoch 24: loss 0.7849008801604519, minutes 87.65, val_ap 0.4409983748410511, lr 0.001
    epoch 25: loss 0.7867942823081457, minutes 91.36, val_ap 0.4386547686756172, lr 0.001
    epoch 26: loss 0.7826032611502319, minutes 95.02, val_ap 0.4326322220543003, lr 0.001
    epoch 27: loss 0.7749512166536154, minutes 98.65, val_ap 0.43473869184234065, lr 0.001
    epoch 28: loss 0.7741062159297847, minutes 102.19, val_ap 0.4377777299408422, lr 0.001
    epoch 29: loss 0.7741372115972663, minutes 105.83, val_ap 0.4370919741363601, lr 0.001
    epoch 30: loss 0.7661864983935316, minutes 109.49, val_ap 0.4374467069280544, lr 0.001
    epoch 31: loss 0.7681710499174454, minutes 113.32, val_ap 0.4306584514919549, lr 0.001
    epoch 32: loss 0.7580504165977991, minutes 117.09, val_ap 0.435159650345684, lr 0.001
    epoch 33: loss 0.7577025728566306, minutes 120.86, val_ap 0.42699998104868764, lr 0.0005
    epoch 34: loss 0.7351320238173509, minutes 124.62, val_ap 0.4359443406805246, lr 0.0005
    epoch 35: loss 0.7183757420347519, minutes 128.45, val_ap 0.4377741690501545, lr 0.0005
    epoch 36: loss 0.7184912965578192, minutes 132.18, val_ap 0.4412053531699076, lr 0.0005
    epoch 37: loss 0.7101720693732511, minutes 136.05, val_ap 0.4382713069608227, lr 0.0005
    epoch 38: loss 0.7107540273866734, minutes 139.84, val_ap 0.44161026898881217, lr 0.0005
    epoch 39: loss 0.7061028018719008, minutes 143.6, val_ap 0.4423199701296333, lr 0.0005
    epoch 40: loss 0.6968903141863206, minutes 147.36, val_ap 0.4413913172900983, lr 0.0005
    epoch 41: loss 0.6929050847261894, minutes 151.06, val_ap 0.42950771638957763, lr 0.0005
    epoch 42: loss 0.6924531761337729, minutes 154.83, val_ap 0.44031108655887846, lr 0.0005
    epoch 43: loss 0.6892699516620957, minutes 158.68, val_ap 0.421188321864194, lr 0.0005
    epoch 44: loss 0.6872737096638238, minutes 162.32, val_ap 0.4380393793469556, lr 0.0005
    epoch 45: loss 0.6794590222735365, minutes 166.16, val_ap 0.4376987635809352, lr 0.0005
    epoch 46: loss 0.6791349569789502, minutes 169.87, val_ap 0.438077826902613, lr 0.0005
    epoch 47: loss 0.6700835041639184, minutes 173.58, val_ap 0.4305136668446477, lr 0.0005
    epoch 48: loss 0.6659383598996812, minutes 177.28, val_ap 0.4293949752859586, lr 0.00025
    epoch 49: loss 0.6420509480628647, minutes 180.89, val_ap 0.4311868083109114, lr 0.00025
    epoch 50: loss 0.6415598562785557, minutes 184.56, val_ap 0.4399823137172865, lr 0.00025
    epoch 51: loss 0.6343766553061349, minutes 188.07, val_ap 0.44065925594022853, lr 0.00025
    epoch 52: loss 0.6291971701533855, minutes 191.57, val_ap 0.43471926126297794, lr 0.00025
    epoch 53: loss 0.6249202995240187, minutes 195.11, val_ap 0.4410830390947505, lr 0.00025
    epoch 54: loss 0.6246169611185539, minutes 198.66, val_ap 0.43681176728810805, lr 0.00025
    epoch 55: loss 0.6188908873485918, minutes 202.32, val_ap 0.4338025901570765, lr 0.00025
    epoch 56: loss 0.6170271628043231, minutes 205.93, val_ap 0.43822269776197087, lr 0.00025
    epoch 57: loss 0.6114327832430351, minutes 209.39, val_ap 0.4365282231165399, lr 0.000125
    epoch 58: loss 0.5992633086793563, minutes 212.87, val_ap 0.431290660732296, lr 0.000125
    epoch 59: loss 0.593449797850697, minutes 216.39, val_ap 0.4251502883994329, lr 0.000125
    epoch 60: loss 0.5904597894985135, minutes 219.88, val_ap 0.4259855072340251, lr 0.000125
    epoch 61: loss 0.5861242013819078, minutes 223.25, val_ap 0.43116079127316864, lr 0.000125
    epoch 62: loss 0.5851574261649316, minutes 226.73, val_ap 0.43030252500869154, lr 0.000125
    epoch 63: loss 0.5847455145431166, minutes 230.17, val_ap 0.42163203655135095, lr 0.000125
    stopping: no validation gain in 25 epochs
[set_transformer pooled_both fold 0 seed 1] done (235.9 min)
