loaded: dataset0 121,838 sites, data1 90,452
[deepset dataset0 fold 2 seed 1]
    epoch 1: loss 1.1833657935864663, minutes 0.17, val_ap 0.260910692013888, lr 0.00033429672447013486
    epoch 2: loss 0.8934365090607219, minutes 0.36, val_ap 0.43321017099499426, lr 0.0006676300578034682
    epoch 3: loss 0.793871309285219, minutes 0.55, val_ap 0.46402819766036224, lr 0.001
    epoch 4: loss 0.7540638449391878, minutes 0.74, val_ap 0.46754970484880704, lr 0.001
    epoch 5: loss 0.7366373849052914, minutes 0.93, val_ap 0.4664740312361826, lr 0.001
    epoch 6: loss 0.7224152058018425, minutes 1.12, val_ap 0.48252480103132134, lr 0.001
    epoch 7: loss 0.7007749601767931, minutes 1.31, val_ap 0.4751272933750679, lr 0.001
    epoch 8: loss 0.6918761547590266, minutes 1.51, val_ap 0.4930123143338352, lr 0.001
    epoch 9: loss 0.688823949050352, minutes 1.73, val_ap 0.5151048888811944, lr 0.001
    epoch 10: loss 0.6732356606880364, minutes 1.91, val_ap 0.519098658251096, lr 0.001
    epoch 11: loss 0.6778839710303125, minutes 2.11, val_ap 0.5145727017558528, lr 0.001
    epoch 12: loss 0.6775805592709194, minutes 2.3, val_ap 0.5329558035272823, lr 0.001
    epoch 13: loss 0.6631646956494778, minutes 2.49, val_ap 0.5256607670539416, lr 0.001
    epoch 14: loss 0.6677224096879794, minutes 2.69, val_ap 0.5256388819560839, lr 0.001
    epoch 15: loss 0.6642195147413739, minutes 2.89, val_ap 0.5323663866559518, lr 0.001
    epoch 16: loss 0.6541155709352108, minutes 3.09, val_ap 0.5471504695110084, lr 0.001
    epoch 17: loss 0.6470858423696088, minutes 3.29, val_ap 0.5402880186193365, lr 0.001
    epoch 18: loss 0.6488338931102973, minutes 3.48, val_ap 0.5388584956438939, lr 0.001
    epoch 19: loss 0.6471481482589865, minutes 3.67, val_ap 0.5400611452991367, lr 0.001
    epoch 20: loss 0.63699701996897, minutes 3.85, val_ap 0.5358395308450723, lr 0.001
    epoch 21: loss 0.6306403846065433, minutes 4.03, val_ap 0.5439806400461431, lr 0.001
    epoch 22: loss 0.6319156954915537, minutes 4.22, val_ap 0.5451999138608071, lr 0.001
    epoch 23: loss 0.6276478997372479, minutes 4.4, val_ap 0.5498256068913839, lr 0.001
    epoch 24: loss 0.6304101105025738, minutes 4.59, val_ap 0.555137147097209, lr 0.001
    epoch 25: loss 0.6203392499444113, minutes 4.78, val_ap 0.5496244363537164, lr 0.001
    epoch 26: loss 0.6199232713680047, minutes 4.97, val_ap 0.5624700284863385, lr 0.001
    epoch 27: loss 0.6251373646748548, minutes 5.17, val_ap 0.561912676121048, lr 0.001
    epoch 28: loss 0.6193826179628428, minutes 5.34, val_ap 0.5468229635404238, lr 0.001
    epoch 29: loss 0.6159438541686604, minutes 5.53, val_ap 0.5701899753785509, lr 0.001
    epoch 30: loss 0.607684161018774, minutes 5.71, val_ap 0.5589090467415706, lr 0.001
    epoch 31: loss 0.609635822087354, minutes 5.9, val_ap 0.5664775563105005, lr 0.001
    epoch 32: loss 0.6055977525394087, minutes 6.07, val_ap 0.5583691277635743, lr 0.001
    epoch 33: loss 0.6053626286673408, minutes 6.25, val_ap 0.5559922295685762, lr 0.001
    epoch 34: loss 0.6045299049229981, minutes 6.43, val_ap 0.5639629220791412, lr 0.001
    epoch 35: loss 0.5963696603141079, minutes 6.61, val_ap 0.5485768391891939, lr 0.001
    epoch 36: loss 0.6039531383383481, minutes 6.8, val_ap 0.55826855187763, lr 0.001
    epoch 37: loss 0.5914493325042587, minutes 6.98, val_ap 0.5752473636342846, lr 0.001
    epoch 38: loss 0.5791985266815031, minutes 7.16, val_ap 0.5580665439528939, lr 0.001
    epoch 39: loss 0.5857492624162939, minutes 7.32, val_ap 0.5621773941893278, lr 0.001
    epoch 40: loss 0.5874040119909827, minutes 7.5, val_ap 0.5555046767608283, lr 0.001
    epoch 41: loss 0.5848413428474712, minutes 7.67, val_ap 0.5627699303612841, lr 0.001
    epoch 42: loss 0.5744916763092052, minutes 7.84, val_ap 0.5711309884639665, lr 0.001
    epoch 43: loss 0.5763310442942415, minutes 8.02, val_ap 0.5578687101905019, lr 0.001
    epoch 44: loss 0.5778697285521237, minutes 8.17, val_ap 0.5619675863575939, lr 0.001
    epoch 45: loss 0.5760954135673584, minutes 8.31, val_ap 0.5427836291222535, lr 0.001
    epoch 46: loss 0.5743953148495256, minutes 8.47, val_ap 0.538603425596806, lr 0.0005
    epoch 47: loss 0.5516462358350009, minutes 8.63, val_ap 0.5615386715132115, lr 0.0005
    epoch 48: loss 0.5490291185806252, minutes 8.78, val_ap 0.560285824221793, lr 0.0005
    epoch 49: loss 0.54484655040537, minutes 8.92, val_ap 0.5644154027382059, lr 0.0005
    epoch 50: loss 0.5527667046626868, minutes 9.06, val_ap 0.564657671409312, lr 0.0005
    epoch 51: loss 0.5460567623376846, minutes 9.22, val_ap 0.565306772913768, lr 0.0005
    epoch 52: loss 0.5465076471856564, minutes 9.36, val_ap 0.5700093163586208, lr 0.0005
    epoch 53: loss 0.5432945654399133, minutes 9.49, val_ap 0.5650134029044434, lr 0.0005
    epoch 54: loss 0.5375871473998692, minutes 9.62, val_ap 0.5616872009130175, lr 0.0005
    epoch 55: loss 0.5405844095986703, minutes 9.76, val_ap 0.5647504838190103, lr 0.00025
    epoch 56: loss 0.5222262500683007, minutes 9.9, val_ap 0.5621883816104668, lr 0.00025
    epoch 57: loss 0.5243869323950971, minutes 10.03, val_ap 0.5572211588045455, lr 0.00025
    epoch 58: loss 0.5236641079445795, minutes 10.16, val_ap 0.5615694474406815, lr 0.00025
    epoch 59: loss 0.5159397615776585, minutes 10.29, val_ap 0.5665961824663908, lr 0.00025
    epoch 60: loss 0.5221690412373902, minutes 10.42, val_ap 0.561870229565529, lr 0.00025
    epoch 61: loss 0.5233209599132482, minutes 10.54, val_ap 0.5629633967094821, lr 0.00025
    stopping: no validation gain in 25 epochs
[deepset dataset0 fold 2 seed 1] done (10.8 min)
