loaded: dataset0 121,838 sites, data1 90,452
[h2gcn_aux_r100 dataset0 fold 4]
    epoch 1: loss 1.9659, val_ap 0.1508, minutes 0.86, lr 3.33e-04
    epoch 2: loss 1.5545, val_ap 0.2357, minutes 1.75, lr 6.63e-04
    epoch 3: loss 1.3529, val_ap 0.3846, minutes 2.65, lr 9.92e-04
    epoch 4: loss 1.2026, val_ap 0.4620, minutes 3.53, lr 1.00e-03
    epoch 5: loss 1.1157, val_ap 0.4938, minutes 4.46, lr 1.00e-03
    epoch 6: loss 1.0948, val_ap 0.4893, minutes 5.36, lr 1.00e-03
    epoch 7: loss 1.0181, val_ap 0.5202, minutes 6.33, lr 1.00e-03
    epoch 8: loss 1.0028, val_ap 0.5360, minutes 7.25, lr 1.00e-03
    epoch 9: loss 0.9965, val_ap 0.5462, minutes 8.15, lr 1.00e-03
    epoch 10: loss 0.9635, val_ap 0.5403, minutes 9.05, lr 1.00e-03
    epoch 11: loss 0.9820, val_ap 0.5418, minutes 9.99, lr 1.00e-03
    epoch 12: loss 0.9543, val_ap 0.5431, minutes 10.9, lr 1.00e-03
    epoch 13: loss 0.9457, val_ap 0.5455, minutes 11.85, lr 1.00e-03
    epoch 14: loss 0.9347, val_ap 0.5429, minutes 12.78, lr 1.00e-03
    epoch 15: loss 0.9274, val_ap 0.5422, minutes 13.71, lr 1.00e-03
    epoch 16: loss 0.9316, val_ap 0.5445, minutes 14.67, lr 1.00e-03
    epoch 17: loss 0.9159, val_ap 0.5499, minutes 15.59, lr 1.00e-03
    epoch 18: loss 0.9182, val_ap 0.5361, minutes 16.52, lr 1.00e-03
    epoch 19: loss 0.9141, val_ap 0.5506, minutes 17.46, lr 1.00e-03
    epoch 20: loss 0.9519, val_ap 0.5458, minutes 18.37, lr 1.00e-03
    epoch 21: loss 0.8867, val_ap 0.5526, minutes 19.3, lr 1.00e-03
    epoch 22: loss 0.8916, val_ap 0.5534, minutes 20.3, lr 1.00e-03
    epoch 23: loss 0.9127, val_ap 0.5494, minutes 21.26, lr 1.00e-03
    epoch 24: loss 0.9059, val_ap 0.5463, minutes 22.22, lr 1.00e-03
    epoch 25: loss 0.8733, val_ap 0.5553, minutes 23.18, lr 1.00e-03
    epoch 26: loss 0.8689, val_ap 0.5577, minutes 24.13, lr 1.00e-03
    epoch 27: loss 0.8872, val_ap 0.5550, minutes 25.1, lr 1.00e-03
    epoch 28: loss 0.8745, val_ap 0.5558, minutes 26.04, lr 1.00e-03
    epoch 29: loss 0.8549, val_ap 0.5562, minutes 27.0, lr 1.00e-03
    epoch 30: loss 0.8500, val_ap 0.5638, minutes 27.95, lr 1.00e-03
    epoch 31: loss 0.8539, val_ap 0.5622, minutes 28.92, lr 1.00e-03
    epoch 32: loss 0.8457, val_ap 0.5584, minutes 29.86, lr 1.00e-03
    epoch 33: loss 0.8343, val_ap 0.5648, minutes 30.87, lr 1.00e-03
    epoch 34: loss 0.8549, val_ap 0.5669, minutes 31.83, lr 1.00e-03
    epoch 35: loss 0.8693, val_ap 0.5615, minutes 32.78, lr 1.00e-03
    epoch 36: loss 0.8416, val_ap 0.5626, minutes 33.7, lr 1.00e-03
    epoch 37: loss 0.8717, val_ap 0.5637, minutes 34.67, lr 1.00e-03
    epoch 38: loss 0.8292, val_ap 0.5645, minutes 35.65, lr 1.00e-03
    epoch 39: loss 0.8262, val_ap 0.5639, minutes 36.62, lr 1.00e-03
    epoch 40: loss 0.8175, val_ap 0.5622, minutes 37.53, lr 1.00e-03
    epoch 41: loss 0.8094, val_ap 0.5641, minutes 38.48, lr 1.00e-03
    epoch 42: loss 0.8075, val_ap 0.5748, minutes 39.45, lr 1.00e-03
    epoch 43: loss 0.8293, val_ap 0.5697, minutes 40.42, lr 1.00e-03
    epoch 44: loss 0.8001, val_ap 0.5763, minutes 41.39, lr 1.00e-03
    epoch 45: loss 0.8156, val_ap 0.5730, minutes 42.3, lr 1.00e-03
    epoch 46: loss 0.8170, val_ap 0.5712, minutes 43.28, lr 1.00e-03
    epoch 47: loss 0.7883, val_ap 0.5758, minutes 44.24, lr 1.00e-03
    epoch 48: loss 0.7990, val_ap 0.5718, minutes 45.19, lr 1.00e-03
    epoch 49: loss 0.8120, val_ap 0.5768, minutes 46.15, lr 1.00e-03
    epoch 50: loss 0.7988, val_ap 0.5775, minutes 47.08, lr 1.00e-03
    epoch 51: loss 0.7932, val_ap 0.5798, minutes 48.05, lr 1.00e-03
    epoch 52: loss 0.7994, val_ap 0.5797, minutes 48.97, lr 1.00e-03
    epoch 53: loss 0.7855, val_ap 0.5772, minutes 49.95, lr 1.00e-03
    epoch 54: loss 0.7764, val_ap 0.5780, minutes 50.86, lr 1.00e-03
    epoch 55: loss 0.7889, val_ap 0.5784, minutes 51.76, lr 1.00e-03
    epoch 56: loss 0.7813, val_ap 0.5780, minutes 52.71, lr 1.00e-03
    epoch 57: loss 0.7693, val_ap 0.5829, minutes 53.66, lr 1.00e-03
    epoch 58: loss 0.7776, val_ap 0.5818, minutes 54.59, lr 1.00e-03
    epoch 59: loss 0.7744, val_ap 0.5792, minutes 55.53, lr 1.00e-03
    epoch 60: loss 0.7607, val_ap 0.5774, minutes 56.42, lr 1.00e-03
    epoch 61: loss 0.7503, val_ap 0.5753, minutes 57.35, lr 1.00e-03
    epoch 62: loss 0.7938, val_ap 0.5933, minutes 58.29, lr 1.00e-03
    epoch 63: loss 0.7580, val_ap 0.5862, minutes 59.23, lr 1.00e-03
    epoch 64: loss 0.7607, val_ap 0.5907, minutes 60.18, lr 1.00e-03
    epoch 65: loss 0.7453, val_ap 0.5885, minutes 61.13, lr 1.00e-03
    epoch 66: loss 0.7613, val_ap 0.5714, minutes 62.06, lr 1.00e-03
    epoch 67: loss 0.7693, val_ap 0.5899, minutes 63.02, lr 1.00e-03
    epoch 68: loss 0.7328, val_ap 0.5801, minutes 63.94, lr 1.00e-03
    epoch 69: loss 0.7553, val_ap 0.5901, minutes 64.82, lr 1.00e-03
    epoch 70: loss 0.7219, val_ap 0.5897, minutes 65.78, lr 1.00e-03
    epoch 71: loss 0.7199, val_ap 0.5860, minutes 66.71, lr 5.00e-04
    epoch 72: loss 0.7186, val_ap 0.5894, minutes 67.61, lr 5.00e-04
    epoch 73: loss 0.7151, val_ap 0.5860, minutes 68.53, lr 5.00e-04
    epoch 74: loss 0.7069, val_ap 0.5892, minutes 69.46, lr 5.00e-04
    epoch 75: loss 0.6942, val_ap 0.5929, minutes 70.26, lr 5.00e-04
    epoch 76: loss 0.7193, val_ap 0.5890, minutes 71.02, lr 5.00e-04
    epoch 77: loss 0.6991, val_ap 0.5909, minutes 71.8, lr 5.00e-04
    epoch 78: loss 0.7002, val_ap 0.5868, minutes 72.53, lr 5.00e-04
    epoch 79: loss 0.7016, val_ap 0.5873, minutes 73.24, lr 5.00e-04
    epoch 80: loss 0.6865, val_ap 0.5884, minutes 73.93, lr 2.50e-04
    epoch 81: loss 0.6823, val_ap 0.5941, minutes 74.66, lr 2.50e-04
    epoch 82: loss 0.6727, val_ap 0.5915, minutes 75.35, lr 2.50e-04
    epoch 83: loss 0.6788, val_ap 0.5905, minutes 75.99, lr 2.50e-04
    epoch 84: loss 0.6789, val_ap 0.5922, minutes 76.59, lr 2.50e-04
    epoch 85: loss 0.6720, val_ap 0.5957, minutes 77.18, lr 2.50e-04
    epoch 86: loss 0.6641, val_ap 0.5906, minutes 77.78, lr 2.50e-04
    epoch 87: loss 0.6745, val_ap 0.5923, minutes 78.37, lr 2.50e-04
    epoch 88: loss 0.6662, val_ap 0.5924, minutes 78.95, lr 2.50e-04
    epoch 89: loss 0.6618, val_ap 0.5917, minutes 79.46, lr 2.50e-04
    epoch 90: loss 0.6656, val_ap 0.5947, minutes 79.97, lr 2.50e-04
    epoch 91: loss 0.6747, val_ap 0.5905, minutes 80.47, lr 2.50e-04
    epoch 92: loss 0.6767, val_ap 0.5903, minutes 80.93, lr 2.50e-04
    epoch 93: loss 0.6466, val_ap 0.5902, minutes 81.39, lr 2.50e-04
    epoch 94: loss 0.6594, val_ap 0.5886, minutes 81.85, lr 1.25e-04
    epoch 95: loss 0.6634, val_ap 0.5908, minutes 82.25, lr 1.25e-04
    epoch 96: loss 0.6484, val_ap 0.5900, minutes 82.58, lr 1.25e-04
    epoch 97: loss 0.6538, val_ap 0.5918, minutes 82.9, lr 1.25e-04
    epoch 98: loss 0.6476, val_ap 0.5898, minutes 83.16, lr 1.25e-04
    epoch 99: loss 0.6540, val_ap 0.5905, minutes 83.46, lr 1.25e-04
    epoch 100: loss 0.6624, val_ap 0.5867, minutes 83.74, lr 1.25e-04
    epoch 101: loss 0.6567, val_ap 0.5882, minutes 84.0, lr 1.25e-04
    epoch 102: loss 0.6592, val_ap 0.5904, minutes 84.27, lr 1.25e-04
    epoch 103: loss 0.6509, val_ap 0.5901, minutes 84.54, lr 6.25e-05
    epoch 104: loss 0.6579, val_ap 0.5893, minutes 84.8, lr 6.25e-05
    epoch 105: loss 0.6500, val_ap 0.5916, minutes 85.05, lr 6.25e-05
    epoch 106: loss 0.6411, val_ap 0.5902, minutes 85.29, lr 6.25e-05
    epoch 107: loss 0.6444, val_ap 0.5916, minutes 85.52, lr 6.25e-05
    epoch 108: loss 0.6364, val_ap 0.5905, minutes 85.76, lr 6.25e-05
    epoch 109: loss 0.6428, val_ap 0.5893, minutes 86.0, lr 6.25e-05
    epoch 110: loss 0.6390, val_ap 0.5891, minutes 86.25, lr 6.25e-05
    stopping: no validation gain in 25 epochs
[h2gcn_aux_r100 dataset0 fold 4] done (86.7 min)
