loaded: dataset0 121,838 sites, data1 90,452
[set_transformer dataset0 fold 2]
    epoch 1: loss 1.014853858017508, minutes 1.66, val_ap 0.4135553208333952, lr 0.00033429672447013486
    epoch 2: loss 0.8162752585431744, minutes 3.66, val_ap 0.4491835872811412, lr 0.0006676300578034682
    epoch 3: loss 0.7788871754111583, minutes 5.68, val_ap 0.45978071446078994, lr 0.001
    epoch 4: loss 0.7585567885396108, minutes 7.66, val_ap 0.46552068991823065, lr 0.001
    epoch 5: loss 0.7291420717976685, minutes 9.72, val_ap 0.5114397130314886, lr 0.001
    epoch 6: loss 0.7088844813191133, minutes 11.77, val_ap 0.501661131786966, lr 0.001
    epoch 7: loss 0.706530408879925, minutes 13.76, val_ap 0.4993243638718715, lr 0.001
    epoch 8: loss 0.6945953898863986, minutes 15.77, val_ap 0.5029990313484062, lr 0.001
    epoch 9: loss 0.691885599683475, minutes 17.73, val_ap 0.519990875293831, lr 0.001
    epoch 10: loss 0.6735839973812159, minutes 19.73, val_ap 0.5018327014995936, lr 0.001
    epoch 11: loss 0.6819701049196927, minutes 21.67, val_ap 0.5224692655497238, lr 0.001
    epoch 12: loss 0.6742193917663111, minutes 23.69, val_ap 0.5156073082459974, lr 0.001
    epoch 13: loss 0.6686384180033138, minutes 25.59, val_ap 0.49648370898876065, lr 0.001
    epoch 14: loss 0.66345908402363, minutes 27.56, val_ap 0.5226710642017701, lr 0.001
    epoch 15: loss 0.6670922802362828, minutes 29.6, val_ap 0.49728932003820714, lr 0.001
    epoch 16: loss 0.6515803283694163, minutes 31.54, val_ap 0.5105520291248934, lr 0.001
    epoch 17: loss 0.6499532013270207, minutes 33.54, val_ap 0.5295068134027205, lr 0.001
    epoch 18: loss 0.6513814247412488, minutes 35.57, val_ap 0.5161574180269608, lr 0.001
    epoch 19: loss 0.6434089555216662, minutes 37.54, val_ap 0.5185065512039445, lr 0.001
    epoch 20: loss 0.6497139405308431, minutes 39.52, val_ap 0.533332691385259, lr 0.001
    epoch 21: loss 0.633622173026118, minutes 41.48, val_ap 0.5160875842760276, lr 0.001
    epoch 22: loss 0.6352103561852019, minutes 43.49, val_ap 0.5268724196299565, lr 0.001
    epoch 23: loss 0.6327737564640927, minutes 45.51, val_ap 0.5328221789948833, lr 0.001
    epoch 24: loss 0.6285162764477592, minutes 47.5, val_ap 0.5256821174804904, lr 0.001
    epoch 25: loss 0.6327832521213962, minutes 49.46, val_ap 0.5312079504426673, lr 0.001
    epoch 26: loss 0.6277833305342349, minutes 51.39, val_ap 0.5211305068356986, lr 0.001
    epoch 27: loss 0.6148327617459215, minutes 53.35, val_ap 0.5373127081234111, lr 0.001
    epoch 28: loss 0.6161564840057682, minutes 55.28, val_ap 0.5362177807636498, lr 0.001
    epoch 29: loss 0.6166482349007116, minutes 57.17, val_ap 0.5271812841140073, lr 0.001
    epoch 30: loss 0.615513805838334, minutes 59.21, val_ap 0.53865860773889, lr 0.001
    epoch 31: loss 0.611229019271845, minutes 61.14, val_ap 0.5395020356079517, lr 0.001
    epoch 32: loss 0.5969822844328908, minutes 63.14, val_ap 0.532966216550023, lr 0.001
    epoch 33: loss 0.6062052228374978, minutes 65.16, val_ap 0.5435023527817349, lr 0.001
    epoch 34: loss 0.606662654032597, minutes 67.1, val_ap 0.5278234665669731, lr 0.001
    epoch 35: loss 0.5929893061432535, minutes 69.03, val_ap 0.5254747532252678, lr 0.001
    epoch 36: loss 0.5967852687732332, minutes 71.03, val_ap 0.534023038637788, lr 0.001
    epoch 37: loss 0.598199037630434, minutes 73.03, val_ap 0.5422909379411728, lr 0.001
    epoch 38: loss 0.5884857067483009, minutes 75.0, val_ap 0.5350695767772534, lr 0.001
    epoch 39: loss 0.5876849042628541, minutes 76.98, val_ap 0.5409722497543129, lr 0.001
    epoch 40: loss 0.588954307009719, minutes 78.99, val_ap 0.5386039344053671, lr 0.001
    epoch 41: loss 0.5762359046005789, minutes 80.98, val_ap 0.549397113104208, lr 0.001
    epoch 42: loss 0.5813264642664463, minutes 83.0, val_ap 0.5407195023359523, lr 0.001
    epoch 43: loss 0.5729502227609558, minutes 85.0, val_ap 0.5491457091882259, lr 0.001
    epoch 44: loss 0.5753523766822208, minutes 86.97, val_ap 0.5518450112641712, lr 0.001
    epoch 45: loss 0.5706703798102506, minutes 88.93, val_ap 0.5437959863364138, lr 0.001
    epoch 46: loss 0.5714153967840823, minutes 90.91, val_ap 0.5369813415316859, lr 0.001
    epoch 47: loss 0.5706309746369461, minutes 92.86, val_ap 0.5337418588124059, lr 0.001
    epoch 48: loss 0.5639240221481103, minutes 94.83, val_ap 0.5437714938748954, lr 0.001
    epoch 49: loss 0.5563440039495512, minutes 96.71, val_ap 0.5480588705123977, lr 0.001
    epoch 50: loss 0.5605529429595595, minutes 98.58, val_ap 0.5477324105440233, lr 0.001
    epoch 51: loss 0.555843233932994, minutes 100.52, val_ap 0.5386584580676208, lr 0.001
    epoch 52: loss 0.5660451463708988, minutes 102.48, val_ap 0.543947142019888, lr 0.001
    epoch 53: loss 0.5597485101464167, minutes 104.43, val_ap 0.5291715210030412, lr 0.0005
    epoch 54: loss 0.5185400617949535, minutes 106.34, val_ap 0.544617578231364, lr 0.0005
    epoch 55: loss 0.5072393925548289, minutes 108.23, val_ap 0.5490788227655539, lr 0.0005
    epoch 56: loss 0.511190309043909, minutes 110.09, val_ap 0.5421401687181426, lr 0.0005
    epoch 57: loss 0.513685346554125, minutes 112.01, val_ap 0.5513209113970015, lr 0.0005
    epoch 58: loss 0.49727004185060547, minutes 113.9, val_ap 0.5519387927979547, lr 0.0005
    epoch 59: loss 0.5020306371367735, minutes 115.82, val_ap 0.5521254363170558, lr 0.0005
    epoch 60: loss 0.49722640181897004, minutes 117.66, val_ap 0.5444123611085421, lr 0.0005
    epoch 61: loss 0.4914708197375253, minutes 119.57, val_ap 0.55189639957537, lr 0.0005
    epoch 62: loss 0.4942332006172638, minutes 121.5, val_ap 0.5317215795214161, lr 0.0005
    epoch 63: loss 0.49327960020372635, minutes 123.33, val_ap 0.5464238109823369, lr 0.0005
    epoch 64: loss 0.4909542862735043, minutes 125.22, val_ap 0.5420537769793927, lr 0.0005
    epoch 65: loss 0.4933564802470235, minutes 127.09, val_ap 0.531119482028169, lr 0.0005
    epoch 66: loss 0.4765515764583053, minutes 128.98, val_ap 0.5504193566296437, lr 0.0005
    epoch 67: loss 0.4789278355637038, minutes 130.84, val_ap 0.5558568609631082, lr 0.0005
    epoch 68: loss 0.4822727610179455, minutes 132.7, val_ap 0.5508185535518222, lr 0.0005
    epoch 69: loss 0.4701476732344297, minutes 134.51, val_ap 0.544752077154272, lr 0.0005
    epoch 70: loss 0.47179852796427774, minutes 136.34, val_ap 0.5363151360926897, lr 0.0005
    epoch 71: loss 0.4747647743004595, minutes 138.2, val_ap 0.5491435483784691, lr 0.0005
    epoch 72: loss 0.4680883713023511, minutes 140.02, val_ap 0.5549907949610612, lr 0.0005
    epoch 73: loss 0.47685537181493176, minutes 141.89, val_ap 0.5364579818063716, lr 0.0005
    epoch 74: loss 0.46474349201586895, minutes 143.71, val_ap 0.5465321263889078, lr 0.0005
    epoch 75: loss 0.4548730000078334, minutes 145.58, val_ap 0.5441725314451207, lr 0.0005
    epoch 76: loss 0.4539649906444412, minutes 147.44, val_ap 0.5569993004122911, lr 0.0005
    epoch 77: loss 0.4567279759256137, minutes 149.33, val_ap 0.5473186519836073, lr 0.0005
    epoch 78: loss 0.46444446649510046, minutes 151.18, val_ap 0.5427487769684682, lr 0.0005
    epoch 79: loss 0.44809244982252233, minutes 153.03, val_ap 0.5470840437982284, lr 0.0005
    epoch 80: loss 0.45469161243624767, minutes 154.8, val_ap 0.5408293232965232, lr 0.0005
    epoch 81: loss 0.4552031942357907, minutes 156.6, val_ap 0.5457119250296936, lr 0.0005
    epoch 82: loss 0.43873788149370624, minutes 158.4, val_ap 0.5364360735287852, lr 0.0005
    epoch 83: loss 0.4462717302531176, minutes 160.13, val_ap 0.5460652480167516, lr 0.0005
    epoch 84: loss 0.44470777900921815, minutes 161.94, val_ap 0.5554814574628615, lr 0.0005
    epoch 85: loss 0.44601236326846083, minutes 163.72, val_ap 0.5553285252939407, lr 0.00025
    epoch 86: loss 0.411341603393155, minutes 165.56, val_ap 0.5391696132358151, lr 0.00025
    epoch 87: loss 0.41190099556838844, minutes 167.45, val_ap 0.5456806098945145, lr 0.00025
    epoch 88: loss 0.4110246249016999, minutes 169.17, val_ap 0.5358842859576772, lr 0.00025
    epoch 89: loss 0.3980046601998324, minutes 170.93, val_ap 0.5296025238989022, lr 0.00025
    epoch 90: loss 0.40724887772102575, minutes 172.7, val_ap 0.5228141986113739, lr 0.00025
    epoch 91: loss 0.40013980335755156, minutes 174.55, val_ap 0.5372805402778916, lr 0.00025
    epoch 92: loss 0.40152362863280183, minutes 176.31, val_ap 0.5359534477597162, lr 0.00025
    epoch 93: loss 0.40001845583750334, minutes 178.11, val_ap 0.5366780400594243, lr 0.00025
    epoch 94: loss 0.40463725486070434, minutes 179.92, val_ap 0.5192468308850025, lr 0.000125
    epoch 95: loss 0.38788568176802873, minutes 181.7, val_ap 0.5208819274680375, lr 0.000125
    epoch 96: loss 0.3812496194863595, minutes 183.45, val_ap 0.5283100031810892, lr 0.000125
    epoch 97: loss 0.38004157649127046, minutes 185.23, val_ap 0.5369637663932837, lr 0.000125
    epoch 98: loss 0.3838124551266604, minutes 186.97, val_ap 0.5193848279246147, lr 0.000125
    epoch 99: loss 0.38800949349224223, minutes 188.7, val_ap 0.5175393388106936, lr 0.000125
    epoch 100: loss 0.36978691665595664, minutes 190.52, val_ap 0.5186894626256566, lr 0.000125
    stopping: no validation gain in 25 epochs
[set_transformer dataset0 fold 2] done (193.9 min)
