loaded: dataset0 121,838 sites, data1 90,452
[res_nodrop pooled_both fold 2 seed 1]
    kernel decay scale 108.1 nt (fitted to cell line 1 training labels)
    epoch 1: loss 1.8829, val_ap 0.1738, minutes 0.71, lr 3.31e-04
    epoch 2: loss 1.5492, val_ap 0.3262, minutes 1.45, lr 6.58e-04
    epoch 3: loss 1.3671, val_ap 0.4273, minutes 2.17, lr 9.87e-04
    epoch 4: loss 1.2994, val_ap 0.4549, minutes 2.95, lr 1.00e-03
    epoch 5: loss 1.2474, val_ap 0.4736, minutes 3.67, lr 1.00e-03
    epoch 6: loss 1.2307, val_ap 0.4764, minutes 4.45, lr 1.00e-03
    epoch 7: loss 1.2191, val_ap 0.4783, minutes 5.16, lr 1.00e-03
    epoch 8: loss 1.2162, val_ap 0.4808, minutes 5.95, lr 1.00e-03
    epoch 9: loss 1.1986, val_ap 0.4868, minutes 6.75, lr 1.00e-03
    epoch 10: loss 1.1866, val_ap 0.4852, minutes 7.55, lr 1.00e-03
    epoch 11: loss 1.1851, val_ap 0.4953, minutes 8.31, lr 1.00e-03
    epoch 12: loss 1.1693, val_ap 0.4911, minutes 9.1, lr 1.00e-03
    epoch 13: loss 1.1816, val_ap 0.4903, minutes 9.9, lr 1.00e-03
    epoch 14: loss 1.1620, val_ap 0.5003, minutes 10.65, lr 1.00e-03
    epoch 15: loss 1.1596, val_ap 0.4960, minutes 11.42, lr 1.00e-03
    epoch 16: loss 1.1595, val_ap 0.5011, minutes 12.18, lr 1.00e-03
    epoch 17: loss 1.1521, val_ap 0.4995, minutes 12.94, lr 1.00e-03
    epoch 18: loss 1.1500, val_ap 0.4975, minutes 13.74, lr 1.00e-03
    epoch 19: loss 1.1533, val_ap 0.5022, minutes 14.5, lr 1.00e-03
    epoch 20: loss 1.1469, val_ap 0.4991, minutes 15.29, lr 1.00e-03
    epoch 21: loss 1.1400, val_ap 0.5050, minutes 16.08, lr 1.00e-03
    epoch 22: loss 1.1287, val_ap 0.5053, minutes 16.87, lr 1.00e-03
    epoch 23: loss 1.1353, val_ap 0.5015, minutes 17.66, lr 1.00e-03
    epoch 24: loss 1.1287, val_ap 0.5045, minutes 18.42, lr 1.00e-03
    epoch 25: loss 1.1337, val_ap 0.5074, minutes 19.24, lr 1.00e-03
    epoch 26: loss 1.1281, val_ap 0.5040, minutes 20.05, lr 1.00e-03
    epoch 27: loss 1.1274, val_ap 0.5036, minutes 20.84, lr 1.00e-03
    epoch 28: loss 1.1149, val_ap 0.5001, minutes 21.62, lr 1.00e-03
    epoch 29: loss 1.1104, val_ap 0.5129, minutes 22.4, lr 1.00e-03
    epoch 30: loss 1.1107, val_ap 0.5057, minutes 23.18, lr 1.00e-03
    epoch 31: loss 1.1127, val_ap 0.5119, minutes 23.99, lr 1.00e-03
    epoch 32: loss 1.0999, val_ap 0.5124, minutes 24.77, lr 1.00e-03
    epoch 33: loss 1.1117, val_ap 0.4838, minutes 25.53, lr 1.00e-03
    epoch 34: loss 1.2498, val_ap 0.5012, minutes 26.31, lr 1.00e-03
    epoch 35: loss 1.1309, val_ap 0.5117, minutes 27.06, lr 1.00e-03
    epoch 36: loss 1.1215, val_ap 0.5101, minutes 27.83, lr 1.00e-03
    epoch 37: loss 1.1149, val_ap 0.5121, minutes 28.59, lr 1.00e-03
    epoch 38: loss 1.1062, val_ap 0.5118, minutes 29.39, lr 5.00e-04
    epoch 39: loss 1.0983, val_ap 0.5122, minutes 30.16, lr 5.00e-04
    epoch 40: loss 1.0930, val_ap 0.5129, minutes 30.97, lr 5.00e-04
    epoch 41: loss 1.0842, val_ap 0.5146, minutes 31.77, lr 5.00e-04
    epoch 42: loss 1.0802, val_ap 0.5132, minutes 32.58, lr 5.00e-04
    epoch 43: loss 1.0814, val_ap 0.5091, minutes 33.3, lr 5.00e-04
    epoch 44: loss 1.0852, val_ap 0.5131, minutes 34.07, lr 5.00e-04
    epoch 45: loss 1.0805, val_ap 0.5095, minutes 34.89, lr 5.00e-04
    epoch 46: loss 1.0741, val_ap 0.5150, minutes 35.71, lr 5.00e-04
    epoch 47: loss 1.0809, val_ap 0.5111, minutes 36.45, lr 5.00e-04
    epoch 48: loss 1.0712, val_ap 0.5078, minutes 37.22, lr 5.00e-04
    epoch 49: loss 1.0716, val_ap 0.5153, minutes 38.0, lr 5.00e-04
    epoch 50: loss 1.0660, val_ap 0.5108, minutes 38.83, lr 5.00e-04
    epoch 51: loss 1.0652, val_ap 0.5100, minutes 39.61, lr 5.00e-04
    epoch 52: loss 1.0748, val_ap 0.5092, minutes 40.39, lr 5.00e-04
    epoch 53: loss 1.0730, val_ap 0.5113, minutes 41.18, lr 5.00e-04
    epoch 54: loss 1.0593, val_ap 0.5128, minutes 41.9, lr 5.00e-04
    epoch 55: loss 1.0555, val_ap 0.5053, minutes 42.65, lr 5.00e-04
    epoch 56: loss 1.0628, val_ap 0.5107, minutes 43.39, lr 5.00e-04
    epoch 57: loss 1.0512, val_ap 0.5085, minutes 44.14, lr 5.00e-04
    epoch 58: loss 1.0476, val_ap 0.5138, minutes 44.9, lr 2.50e-04
    epoch 59: loss 1.0451, val_ap 0.5133, minutes 45.63, lr 2.50e-04
    epoch 60: loss 1.0419, val_ap 0.5113, minutes 46.43, lr 2.50e-04
    epoch 61: loss 1.0420, val_ap 0.5106, minutes 47.23, lr 2.50e-04
    epoch 62: loss 1.0306, val_ap 0.5108, minutes 48.07, lr 2.50e-04
    epoch 63: loss 1.0459, val_ap 0.5112, minutes 48.86, lr 2.50e-04
    epoch 64: loss 1.0390, val_ap 0.5097, minutes 49.71, lr 2.50e-04
    epoch 65: loss 1.0428, val_ap 0.5078, minutes 50.57, lr 2.50e-04
    epoch 66: loss 1.0338, val_ap 0.5074, minutes 51.38, lr 2.50e-04
    epoch 67: loss 1.0352, val_ap 0.5098, minutes 52.23, lr 1.25e-04
    epoch 68: loss 1.0235, val_ap 0.5103, minutes 53.06, lr 1.25e-04
    epoch 69: loss 1.0253, val_ap 0.5085, minutes 53.86, lr 1.25e-04
    epoch 70: loss 1.0267, val_ap 0.5073, minutes 54.68, lr 1.25e-04
    epoch 71: loss 1.0237, val_ap 0.5075, minutes 55.51, lr 1.25e-04
    epoch 72: loss 1.0462, val_ap 0.5060, minutes 56.29, lr 1.25e-04
    epoch 73: loss 1.0325, val_ap 0.5058, minutes 57.06, lr 1.25e-04
    epoch 74: loss 1.0233, val_ap 0.5069, minutes 57.82, lr 1.25e-04
    stopping: no validation gain in 25 epochs
[res_nodrop pooled_both fold 2 seed 1] done (58.5 min)
