loaded: dataset0 121,838 sites, data1 90,452
[gps dataset0 fold 2 seed 1]
    epoch 1: loss 1.9643, val_ap 0.1604, minutes 1.48, lr 3.33e-04
    epoch 2: loss 1.5989, val_ap 0.2552, minutes 2.94, lr 6.59e-04
    epoch 3: loss 1.3306, val_ap 0.4035, minutes 4.4, lr 9.89e-04
    epoch 4: loss 1.1923, val_ap 0.5040, minutes 5.77, lr 1.00e-03
    epoch 5: loss 1.1326, val_ap 0.5122, minutes 7.24, lr 1.00e-03
    epoch 6: loss 1.0770, val_ap 0.5286, minutes 8.68, lr 1.00e-03
    epoch 7: loss 1.0518, val_ap 0.5233, minutes 10.21, lr 1.00e-03
    epoch 8: loss 1.0516, val_ap 0.5276, minutes 11.74, lr 1.00e-03
    epoch 9: loss 1.0120, val_ap 0.5414, minutes 13.2, lr 1.00e-03
    epoch 10: loss 1.0210, val_ap 0.5438, minutes 14.62, lr 1.00e-03
    epoch 11: loss 0.9864, val_ap 0.5456, minutes 16.11, lr 1.00e-03
    epoch 12: loss 0.9658, val_ap 0.5572, minutes 17.57, lr 1.00e-03
    epoch 13: loss 0.9749, val_ap 0.5551, minutes 19.04, lr 1.00e-03
    epoch 14: loss 0.9431, val_ap 0.5562, minutes 20.52, lr 1.00e-03
    epoch 15: loss 0.9432, val_ap 0.5582, minutes 22.04, lr 1.00e-03
    epoch 16: loss 0.9162, val_ap 0.5708, minutes 23.55, lr 1.00e-03
    epoch 17: loss 0.9140, val_ap 0.5585, minutes 25.05, lr 1.00e-03
    epoch 18: loss 0.9133, val_ap 0.5680, minutes 26.58, lr 1.00e-03
    epoch 19: loss 0.9309, val_ap 0.5608, minutes 28.07, lr 1.00e-03
    epoch 20: loss 0.9042, val_ap 0.5679, minutes 29.57, lr 1.00e-03
    epoch 21: loss 0.9092, val_ap 0.5647, minutes 31.04, lr 1.00e-03
    epoch 22: loss 0.8870, val_ap 0.5701, minutes 32.5, lr 1.00e-03
    epoch 23: loss 0.8995, val_ap 0.5826, minutes 34.01, lr 1.00e-03
    epoch 24: loss 0.8907, val_ap 0.5820, minutes 35.53, lr 1.00e-03
    epoch 25: loss 0.8770, val_ap 0.5907, minutes 36.98, lr 1.00e-03
    epoch 26: loss 0.9242, val_ap 0.5790, minutes 38.41, lr 1.00e-03
    epoch 27: loss 0.9644, val_ap 0.5917, minutes 39.85, lr 1.00e-03
    epoch 28: loss 0.8639, val_ap 0.5922, minutes 41.4, lr 1.00e-03
    epoch 29: loss 0.8786, val_ap 0.5918, minutes 42.89, lr 1.00e-03
    epoch 30: loss 0.8451, val_ap 0.5973, minutes 44.36, lr 1.00e-03
    epoch 31: loss 0.8549, val_ap 0.5943, minutes 45.91, lr 1.00e-03
    epoch 32: loss 0.8547, val_ap 0.5974, minutes 47.44, lr 1.00e-03
    epoch 33: loss 0.8361, val_ap 0.5873, minutes 48.91, lr 1.00e-03
    epoch 34: loss 0.8392, val_ap 0.5994, minutes 50.34, lr 1.00e-03
    epoch 35: loss 0.8362, val_ap 0.6067, minutes 51.88, lr 1.00e-03
    epoch 36: loss 0.8251, val_ap 0.5948, minutes 53.38, lr 1.00e-03
    epoch 37: loss 0.8436, val_ap 0.6049, minutes 54.85, lr 1.00e-03
    epoch 38: loss 0.8152, val_ap 0.6077, minutes 56.31, lr 1.00e-03
    epoch 39: loss 0.8341, val_ap 0.6083, minutes 57.81, lr 1.00e-03
    epoch 40: loss 0.8118, val_ap 0.6055, minutes 59.25, lr 1.00e-03
    epoch 41: loss 0.8170, val_ap 0.6161, minutes 60.71, lr 1.00e-03
    epoch 42: loss 0.7920, val_ap 0.6089, minutes 62.24, lr 1.00e-03
    epoch 43: loss 0.7945, val_ap 0.6154, minutes 63.68, lr 1.00e-03
    epoch 44: loss 0.8085, val_ap 0.5976, minutes 65.09, lr 1.00e-03
    epoch 45: loss 0.8130, val_ap 0.6117, minutes 66.58, lr 1.00e-03
    epoch 46: loss 0.8212, val_ap 0.6150, minutes 68.04, lr 1.00e-03
    epoch 47: loss 0.7928, val_ap 0.6152, minutes 69.53, lr 1.00e-03
    epoch 48: loss 0.7840, val_ap 0.6207, minutes 70.93, lr 1.00e-03
    epoch 49: loss 0.8087, val_ap 0.6300, minutes 72.39, lr 1.00e-03
    epoch 50: loss 0.7820, val_ap 0.6162, minutes 73.83, lr 1.00e-03
    epoch 51: loss 0.7810, val_ap 0.6167, minutes 75.31, lr 1.00e-03
    epoch 52: loss 0.7962, val_ap 0.6116, minutes 76.78, lr 1.00e-03
    epoch 53: loss 0.7842, val_ap 0.6155, minutes 78.26, lr 1.00e-03
    epoch 54: loss 0.7800, val_ap 0.6122, minutes 79.8, lr 1.00e-03
    epoch 55: loss 0.7745, val_ap 0.6115, minutes 81.3, lr 1.00e-03
    epoch 56: loss 0.7484, val_ap 0.6280, minutes 82.8, lr 1.00e-03
    epoch 57: loss 0.7522, val_ap 0.6204, minutes 84.3, lr 1.00e-03
    epoch 58: loss 0.7579, val_ap 0.6289, minutes 85.87, lr 5.00e-04
    epoch 59: loss 0.7233, val_ap 0.6167, minutes 87.34, lr 5.00e-04
    epoch 60: loss 0.7149, val_ap 0.6008, minutes 88.75, lr 5.00e-04
    epoch 61: loss 0.7207, val_ap 0.6257, minutes 90.29, lr 5.00e-04
    epoch 62: loss 0.7117, val_ap 0.6259, minutes 91.75, lr 5.00e-04
    epoch 63: loss 0.7149, val_ap 0.6112, minutes 93.17, lr 5.00e-04
    epoch 64: loss 0.7231, val_ap 0.6246, minutes 94.64, lr 5.00e-04
    epoch 65: loss 0.7061, val_ap 0.6144, minutes 96.13, lr 5.00e-04
    epoch 66: loss 0.7197, val_ap 0.6088, minutes 97.64, lr 5.00e-04
    epoch 67: loss 0.7016, val_ap 0.6197, minutes 99.16, lr 2.50e-04
    epoch 68: loss 0.6903, val_ap 0.6102, minutes 100.68, lr 2.50e-04
    epoch 69: loss 0.7009, val_ap 0.6213, minutes 102.13, lr 2.50e-04
    epoch 70: loss 0.6816, val_ap 0.6160, minutes 103.62, lr 2.50e-04
    epoch 71: loss 0.6819, val_ap 0.6137, minutes 105.07, lr 2.50e-04
    epoch 72: loss 0.6944, val_ap 0.6092, minutes 106.6, lr 2.50e-04
    epoch 73: loss 0.6837, val_ap 0.6194, minutes 108.06, lr 2.50e-04
    epoch 74: loss 0.6887, val_ap 0.6156, minutes 109.49, lr 2.50e-04
    stopping: no validation gain in 25 epochs
[gps dataset0 fold 2 seed 1] done (110.3 min)
