loaded: dataset0 121,838 sites, data1 90,452
[gcn pooled_both fold 1]
    epoch 1: loss 1.3082, val_ap 0.1046, minutes 0.78, lr 3.31e-04
    epoch 2: loss 1.1866, val_ap 0.2192, minutes 1.57, lr 6.60e-04
    epoch 3: loss 1.0546, val_ap 0.2786, minutes 2.35, lr 9.89e-04
    epoch 4: loss 0.9995, val_ap 0.2836, minutes 3.1, lr 1.00e-03
    epoch 5: loss 0.9767, val_ap 0.2885, minutes 3.91, lr 1.00e-03
    epoch 6: loss 0.9682, val_ap 0.2906, minutes 4.7, lr 1.00e-03
    epoch 7: loss 0.9583, val_ap 0.2960, minutes 5.49, lr 1.00e-03
    epoch 8: loss 0.9624, val_ap 0.2952, minutes 6.28, lr 1.00e-03
    epoch 9: loss 0.9411, val_ap 0.2958, minutes 7.09, lr 1.00e-03
    epoch 10: loss 0.9464, val_ap 0.2991, minutes 7.87, lr 1.00e-03
    epoch 11: loss 0.9364, val_ap 0.3008, minutes 8.67, lr 1.00e-03
    epoch 12: loss 0.9430, val_ap 0.3022, minutes 9.43, lr 1.00e-03
    epoch 13: loss 0.9276, val_ap 0.3026, minutes 10.21, lr 1.00e-03
    epoch 14: loss 0.9218, val_ap 0.3025, minutes 11.0, lr 1.00e-03
    epoch 15: loss 0.9318, val_ap 0.3030, minutes 11.81, lr 1.00e-03
    epoch 16: loss 0.9226, val_ap 0.3047, minutes 12.57, lr 1.00e-03
    epoch 17: loss 0.9237, val_ap 0.3049, minutes 13.39, lr 1.00e-03
    epoch 18: loss 0.9136, val_ap 0.3045, minutes 14.17, lr 1.00e-03
    epoch 19: loss 0.9177, val_ap 0.3080, minutes 14.97, lr 1.00e-03
    epoch 20: loss 0.9103, val_ap 0.3064, minutes 15.82, lr 1.00e-03
    epoch 21: loss 0.9148, val_ap 0.3111, minutes 16.62, lr 1.00e-03
    epoch 22: loss 0.9131, val_ap 0.3078, minutes 17.43, lr 1.00e-03
    epoch 23: loss 0.9128, val_ap 0.3094, minutes 18.25, lr 1.00e-03
    epoch 24: loss 0.8955, val_ap 0.3123, minutes 19.04, lr 1.00e-03
    epoch 25: loss 0.9016, val_ap 0.3117, minutes 19.88, lr 1.00e-03
    epoch 26: loss 0.9028, val_ap 0.3122, minutes 20.69, lr 1.00e-03
    epoch 27: loss 0.8946, val_ap 0.3120, minutes 21.49, lr 1.00e-03
    epoch 28: loss 0.8942, val_ap 0.3143, minutes 22.25, lr 1.00e-03
    epoch 29: loss 0.8916, val_ap 0.3136, minutes 23.04, lr 1.00e-03
    epoch 30: loss 0.8888, val_ap 0.3125, minutes 23.84, lr 1.00e-03
    epoch 31: loss 0.8831, val_ap 0.3111, minutes 24.6, lr 1.00e-03
    epoch 32: loss 0.8899, val_ap 0.3133, minutes 25.36, lr 1.00e-03
    epoch 33: loss 0.8888, val_ap 0.3131, minutes 26.17, lr 1.00e-03
    epoch 34: loss 0.8930, val_ap 0.3128, minutes 26.93, lr 1.00e-03
    epoch 35: loss 0.8828, val_ap 0.3100, minutes 27.63, lr 1.00e-03
    epoch 36: loss 0.8796, val_ap 0.3075, minutes 28.38, lr 1.00e-03
    epoch 37: loss 0.8837, val_ap 0.3146, minutes 29.16, lr 1.00e-03
    epoch 38: loss 0.8775, val_ap 0.3098, minutes 29.96, lr 1.00e-03
    epoch 39: loss 0.8824, val_ap 0.3123, minutes 30.77, lr 1.00e-03
    epoch 40: loss 0.8771, val_ap 0.3116, minutes 31.53, lr 1.00e-03
    epoch 41: loss 0.8689, val_ap 0.3138, minutes 32.3, lr 1.00e-03
    epoch 42: loss 0.8797, val_ap 0.3092, minutes 33.07, lr 1.00e-03
    epoch 43: loss 0.8698, val_ap 0.3127, minutes 33.87, lr 1.00e-03
    epoch 44: loss 0.8695, val_ap 0.3101, minutes 34.65, lr 1.00e-03
    epoch 45: loss 0.8720, val_ap 0.3134, minutes 35.43, lr 1.00e-03
    epoch 46: loss 0.8704, val_ap 0.3135, minutes 36.21, lr 5.00e-04
    epoch 47: loss 0.8592, val_ap 0.3112, minutes 37.02, lr 5.00e-04
    epoch 48: loss 0.8570, val_ap 0.3121, minutes 37.8, lr 5.00e-04
    epoch 49: loss 0.8567, val_ap 0.3121, minutes 38.59, lr 5.00e-04
    epoch 50: loss 0.8585, val_ap 0.3127, minutes 39.36, lr 5.00e-04
    epoch 51: loss 0.8528, val_ap 0.3084, minutes 40.13, lr 5.00e-04
    epoch 52: loss 0.8527, val_ap 0.3097, minutes 40.9, lr 5.00e-04
    epoch 53: loss 0.8485, val_ap 0.3111, minutes 41.67, lr 5.00e-04
    epoch 54: loss 0.8551, val_ap 0.3080, minutes 42.46, lr 5.00e-04
    epoch 55: loss 0.8500, val_ap 0.3103, minutes 43.22, lr 2.50e-04
    epoch 56: loss 0.8428, val_ap 0.3113, minutes 43.95, lr 2.50e-04
    epoch 57: loss 0.8473, val_ap 0.3099, minutes 44.71, lr 2.50e-04
    epoch 58: loss 0.8433, val_ap 0.3080, minutes 45.51, lr 2.50e-04
    epoch 59: loss 0.8409, val_ap 0.3078, minutes 46.27, lr 2.50e-04
    epoch 60: loss 0.8388, val_ap 0.3063, minutes 47.05, lr 2.50e-04
    epoch 61: loss 0.8383, val_ap 0.3065, minutes 47.82, lr 2.50e-04
    epoch 62: loss 0.8383, val_ap 0.3079, minutes 48.57, lr 2.50e-04
    stopping: no validation gain in 25 epochs
[gcn pooled_both fold 1] done (49.3 min)
