loaded: dataset0 121,838 sites, data1 90,452
[res_nodrop pooled_both fold 3 seed 2]
    kernel decay scale 113.4 nt (fitted to cell line 1 training labels)
    epoch 1: loss 1.8782, val_ap 0.1629, minutes 0.81, lr 3.31e-04
    epoch 2: loss 1.5280, val_ap 0.3248, minutes 1.67, lr 6.60e-04
    epoch 3: loss 1.4009, val_ap 0.3965, minutes 2.5, lr 9.89e-04
    epoch 4: loss 1.3083, val_ap 0.4346, minutes 3.26, lr 1.00e-03
    epoch 5: loss 1.2591, val_ap 0.4551, minutes 4.01, lr 1.00e-03
    epoch 6: loss 1.2396, val_ap 0.4588, minutes 4.86, lr 1.00e-03
    epoch 7: loss 1.2363, val_ap 0.4592, minutes 5.58, lr 1.00e-03
    epoch 8: loss 1.2103, val_ap 0.4630, minutes 6.33, lr 1.00e-03
    epoch 9: loss 1.1999, val_ap 0.4689, minutes 7.09, lr 1.00e-03
    epoch 10: loss 1.2015, val_ap 0.4665, minutes 7.88, lr 1.00e-03
    epoch 11: loss 1.1795, val_ap 0.4725, minutes 8.67, lr 1.00e-03
    epoch 12: loss 1.1851, val_ap 0.4726, minutes 9.44, lr 1.00e-03
    epoch 13: loss 1.1704, val_ap 0.4748, minutes 10.26, lr 1.00e-03
    epoch 14: loss 1.1727, val_ap 0.4768, minutes 11.1, lr 1.00e-03
    epoch 15: loss 1.1638, val_ap 0.4854, minutes 11.94, lr 1.00e-03
    epoch 16: loss 1.1628, val_ap 0.4800, minutes 12.77, lr 1.00e-03
    epoch 17: loss 1.1665, val_ap 0.4843, minutes 13.59, lr 1.00e-03
    epoch 18: loss 1.1476, val_ap 0.4872, minutes 14.41, lr 1.00e-03
    epoch 19: loss 1.1575, val_ap 0.4914, minutes 15.25, lr 1.00e-03
    epoch 20: loss 1.1409, val_ap 0.4862, minutes 16.1, lr 1.00e-03
    epoch 21: loss 1.1391, val_ap 0.4897, minutes 16.91, lr 1.00e-03
    epoch 22: loss 1.1434, val_ap 0.4931, minutes 17.75, lr 1.00e-03
    epoch 23: loss 1.1355, val_ap 0.4962, minutes 18.61, lr 1.00e-03
    epoch 24: loss 1.1229, val_ap 0.4945, minutes 19.51, lr 1.00e-03
    epoch 25: loss 1.1335, val_ap 0.5013, minutes 20.33, lr 1.00e-03
    epoch 26: loss 1.1285, val_ap 0.5014, minutes 21.18, lr 1.00e-03
    epoch 27: loss 1.1253, val_ap 0.4996, minutes 22.04, lr 1.00e-03
    epoch 28: loss 1.1141, val_ap 0.5028, minutes 22.86, lr 1.00e-03
    epoch 29: loss 1.1090, val_ap 0.5075, minutes 23.7, lr 1.00e-03
    epoch 30: loss 1.1114, val_ap 0.5015, minutes 24.54, lr 1.00e-03
    epoch 31: loss 1.1064, val_ap 0.5045, minutes 25.38, lr 1.00e-03
    epoch 32: loss 1.0966, val_ap 0.5099, minutes 26.17, lr 1.00e-03
    epoch 33: loss 1.1003, val_ap 0.5104, minutes 26.96, lr 1.00e-03
    epoch 34: loss 1.0974, val_ap 0.5036, minutes 27.76, lr 1.00e-03
    epoch 35: loss 1.0938, val_ap 0.5037, minutes 28.53, lr 1.00e-03
    epoch 36: loss 1.0847, val_ap 0.5119, minutes 29.3, lr 1.00e-03
    epoch 37: loss 1.0913, val_ap 0.5083, minutes 30.07, lr 1.00e-03
    epoch 38: loss 1.0883, val_ap 0.5029, minutes 30.85, lr 1.00e-03
    epoch 39: loss 1.0853, val_ap 0.5067, minutes 31.64, lr 1.00e-03
    epoch 40: loss 1.0743, val_ap 0.5048, minutes 32.43, lr 1.00e-03
    epoch 41: loss 1.0738, val_ap 0.4993, minutes 33.18, lr 1.00e-03
    epoch 42: loss 1.0764, val_ap 0.5108, minutes 33.86, lr 1.00e-03
    epoch 43: loss 1.0756, val_ap 0.5122, minutes 34.5, lr 1.00e-03
    epoch 44: loss 1.0663, val_ap 0.5081, minutes 35.29, lr 1.00e-03
    epoch 45: loss 1.0745, val_ap 0.5162, minutes 36.08, lr 1.00e-03
    epoch 46: loss 1.0484, val_ap 0.5129, minutes 36.86, lr 1.00e-03
    epoch 47: loss 1.0501, val_ap 0.5127, minutes 37.66, lr 1.00e-03
    epoch 48: loss 1.0494, val_ap 0.5121, minutes 38.45, lr 1.00e-03
    epoch 49: loss 1.0403, val_ap 0.5164, minutes 39.28, lr 1.00e-03
    epoch 50: loss 1.0394, val_ap 0.5069, minutes 40.13, lr 1.00e-03
    epoch 51: loss 1.0525, val_ap 0.5138, minutes 40.94, lr 1.00e-03
    epoch 52: loss 1.0371, val_ap 0.5071, minutes 41.78, lr 1.00e-03
    epoch 53: loss 1.0385, val_ap 0.5137, minutes 42.59, lr 1.00e-03
    epoch 54: loss 1.0326, val_ap 0.5018, minutes 43.4, lr 1.00e-03
    epoch 55: loss 1.0295, val_ap 0.5136, minutes 44.29, lr 1.00e-03
    epoch 56: loss 1.0220, val_ap 0.5096, minutes 45.14, lr 1.00e-03
    epoch 57: loss 1.0258, val_ap 0.5190, minutes 45.95, lr 1.00e-03
    epoch 58: loss 1.0223, val_ap 0.5161, minutes 46.71, lr 1.00e-03
    epoch 59: loss 1.0214, val_ap 0.5051, minutes 47.52, lr 1.00e-03
    epoch 60: loss 1.0119, val_ap 0.5091, minutes 48.31, lr 1.00e-03
    epoch 61: loss 1.0121, val_ap 0.5056, minutes 49.12, lr 1.00e-03
    epoch 62: loss 1.0017, val_ap 0.5071, minutes 49.87, lr 1.00e-03
    epoch 63: loss 1.0086, val_ap 0.5124, minutes 50.63, lr 1.00e-03
    epoch 64: loss 1.0011, val_ap 0.4892, minutes 51.4, lr 1.00e-03
    epoch 65: loss 1.0042, val_ap 0.4970, minutes 52.21, lr 1.00e-03
    epoch 66: loss 0.9987, val_ap 0.5045, minutes 52.97, lr 5.00e-04
    epoch 67: loss 0.9805, val_ap 0.4967, minutes 53.73, lr 5.00e-04
    epoch 68: loss 0.9690, val_ap 0.5021, minutes 54.56, lr 5.00e-04
    epoch 69: loss 0.9696, val_ap 0.4982, minutes 55.38, lr 5.00e-04
    epoch 70: loss 0.9668, val_ap 0.4879, minutes 56.2, lr 5.00e-04
    epoch 71: loss 0.9634, val_ap 0.4900, minutes 57.08, lr 5.00e-04
    epoch 72: loss 0.9584, val_ap 0.4951, minutes 57.91, lr 5.00e-04
    epoch 73: loss 0.9551, val_ap 0.4918, minutes 58.72, lr 5.00e-04
    epoch 74: loss 0.9537, val_ap 0.4816, minutes 59.53, lr 5.00e-04
    epoch 75: loss 0.9511, val_ap 0.4870, minutes 60.32, lr 2.50e-04
    epoch 76: loss 0.9430, val_ap 0.4832, minutes 61.14, lr 2.50e-04
    epoch 77: loss 0.9338, val_ap 0.4795, minutes 61.93, lr 2.50e-04
    epoch 78: loss 0.9323, val_ap 0.4695, minutes 62.72, lr 2.50e-04
    epoch 79: loss 0.9385, val_ap 0.4858, minutes 63.56, lr 2.50e-04
    epoch 80: loss 0.9257, val_ap 0.4816, minutes 64.37, lr 2.50e-04
    epoch 81: loss 0.9279, val_ap 0.4842, minutes 65.19, lr 2.50e-04
    epoch 82: loss 0.9293, val_ap 0.4748, minutes 66.01, lr 2.50e-04
    stopping: no validation gain in 25 epochs
[res_nodrop pooled_both fold 3 seed 2] done (66.8 min)
