loaded: dataset0 121,838 sites, data1 90,452
[set_transformer pooled_both fold 2 seed 2]
    epoch 1: loss 1.031625242516546, minutes 2.8, val_ap 0.36658794763032193, lr 0.0003338833883388339
    epoch 2: loss 0.9006120898936054, minutes 6.33, val_ap 0.4209510298795829, lr 0.0006672167216721672
    epoch 3: loss 0.8741311110285642, minutes 9.94, val_ap 0.4364773385050268, lr 0.001
    epoch 4: loss 0.8592464755175531, minutes 13.56, val_ap 0.42547548273013186, lr 0.001
    epoch 5: loss 0.8458872991721622, minutes 17.24, val_ap 0.4389181056391703, lr 0.001
    epoch 6: loss 0.8362900309830216, minutes 20.92, val_ap 0.4431257286082207, lr 0.001
    epoch 7: loss 0.8341466495797972, minutes 24.53, val_ap 0.43747797995292376, lr 0.001
    epoch 8: loss 0.8242390550697597, minutes 28.17, val_ap 0.43567621940778123, lr 0.001
    epoch 9: loss 0.8208967168437372, minutes 31.66, val_ap 0.44450036267092513, lr 0.001
    epoch 10: loss 0.8181028654276341, minutes 35.22, val_ap 0.4388136402543904, lr 0.001
    epoch 11: loss 0.8109613564541631, minutes 38.86, val_ap 0.4532584708758754, lr 0.001
    epoch 12: loss 0.8099934174971218, minutes 42.38, val_ap 0.46174243440216955, lr 0.001
    epoch 13: loss 0.8087813662912192, minutes 45.94, val_ap 0.4524317686032887, lr 0.001
    epoch 14: loss 0.8032714005547388, minutes 49.44, val_ap 0.44938082698792653, lr 0.001
    epoch 15: loss 0.8034262697000315, minutes 53.0, val_ap 0.4486882333266082, lr 0.001
    epoch 16: loss 0.7921350568828016, minutes 56.49, val_ap 0.4576497486213261, lr 0.001
    epoch 17: loss 0.7880533208252967, minutes 59.89, val_ap 0.4434063081184688, lr 0.001
    epoch 18: loss 0.7920823429185565, minutes 63.42, val_ap 0.4551297004101185, lr 0.001
    epoch 19: loss 0.7837934100588556, minutes 66.96, val_ap 0.4541357557503994, lr 0.001
    epoch 20: loss 0.7796551114065026, minutes 70.45, val_ap 0.45200126443222394, lr 0.001
    epoch 21: loss 0.7841564630321151, minutes 73.96, val_ap 0.4648450500689396, lr 0.001
    epoch 22: loss 0.7737441310296358, minutes 77.47, val_ap 0.43067090052152973, lr 0.001
    epoch 23: loss 0.7707533732597583, minutes 80.93, val_ap 0.45781934291202314, lr 0.001
    epoch 24: loss 0.7695774413866572, minutes 84.41, val_ap 0.4670814530005232, lr 0.001
    epoch 25: loss 0.7612566876136037, minutes 87.83, val_ap 0.458510308427828, lr 0.001
    epoch 26: loss 0.7653125300757563, minutes 91.26, val_ap 0.46216310390409165, lr 0.001
    epoch 27: loss 0.7616613571694976, minutes 94.73, val_ap 0.4627462743894951, lr 0.001
    epoch 28: loss 0.7549235814868813, minutes 98.12, val_ap 0.4715987309372868, lr 0.001
    epoch 29: loss 0.7488578369613528, minutes 101.57, val_ap 0.46747677546542654, lr 0.001
    epoch 30: loss 0.7482095648451607, minutes 104.95, val_ap 0.45921145624438336, lr 0.001
    epoch 31: loss 0.7480717096293327, minutes 108.45, val_ap 0.453017590070667, lr 0.001
    epoch 32: loss 0.7434454422579346, minutes 111.85, val_ap 0.4523061679038819, lr 0.001
    epoch 33: loss 0.7397471907311933, minutes 115.12, val_ap 0.46362234796335683, lr 0.001
    epoch 34: loss 0.7401558225206023, minutes 118.45, val_ap 0.46597005812507564, lr 0.001
    epoch 35: loss 0.7338074365071338, minutes 121.81, val_ap 0.4538888602702292, lr 0.001
    epoch 36: loss 0.7317218035951306, minutes 125.05, val_ap 0.47627559546149867, lr 0.001
    epoch 37: loss 0.7251782457623938, minutes 128.35, val_ap 0.4717925182008969, lr 0.001
    epoch 38: loss 0.7243267430527376, minutes 131.63, val_ap 0.47547533152567134, lr 0.001
    epoch 39: loss 0.7187129714996507, minutes 134.83, val_ap 0.4620291862573004, lr 0.001
    epoch 40: loss 0.7181511787888241, minutes 138.09, val_ap 0.4713120600005846, lr 0.001
    epoch 41: loss 0.7172427385455311, minutes 141.34, val_ap 0.46937127664350603, lr 0.001
    epoch 42: loss 0.7144438416847695, minutes 144.55, val_ap 0.46529416825333353, lr 0.001
    epoch 43: loss 0.7084147623269865, minutes 147.71, val_ap 0.47416145726995823, lr 0.001
    epoch 44: loss 0.7024946311126055, minutes 150.92, val_ap 0.46525119679957316, lr 0.001
    epoch 45: loss 0.7035828732913083, minutes 154.13, val_ap 0.48039540507351786, lr 0.001
    epoch 46: loss 0.6964672332254573, minutes 157.34, val_ap 0.4610894337843169, lr 0.001
    epoch 47: loss 0.6925676300285672, minutes 160.49, val_ap 0.45585752372877847, lr 0.001
    epoch 48: loss 0.6957659955957148, minutes 163.67, val_ap 0.46245098633729065, lr 0.001
    epoch 49: loss 0.6828752561862713, minutes 166.81, val_ap 0.4586124461908815, lr 0.001
    epoch 50: loss 0.6816974929457057, minutes 169.96, val_ap 0.4743377613795574, lr 0.001
    epoch 51: loss 0.6850743800795117, minutes 173.13, val_ap 0.4684569239247394, lr 0.001
    epoch 52: loss 0.6792467963872569, minutes 176.29, val_ap 0.4646292512539962, lr 0.001
    epoch 53: loss 0.6765376410566935, minutes 179.37, val_ap 0.4624214938086405, lr 0.001
    epoch 54: loss 0.676202201951455, minutes 182.36, val_ap 0.46566520273883066, lr 0.0005
    epoch 55: loss 0.6432867465731334, minutes 185.37, val_ap 0.4714058967773493, lr 0.0005
    epoch 56: loss 0.6316891292435894, minutes 188.47, val_ap 0.4673082406203185, lr 0.0005
    epoch 57: loss 0.6270784661419714, minutes 191.53, val_ap 0.46330983921931684, lr 0.0005
    epoch 58: loss 0.6199746036981986, minutes 194.54, val_ap 0.4541121936367394, lr 0.0005
    epoch 59: loss 0.6219066418830318, minutes 197.6, val_ap 0.45832620599947976, lr 0.0005
    epoch 60: loss 0.6158938515107624, minutes 200.56, val_ap 0.45825912928653056, lr 0.0005
    epoch 61: loss 0.6080688865664768, minutes 203.63, val_ap 0.46396453325541537, lr 0.0005
    epoch 62: loss 0.6064709665456621, minutes 206.71, val_ap 0.45840436526012146, lr 0.0005
    epoch 63: loss 0.6021591331010604, minutes 209.73, val_ap 0.45894693107429496, lr 0.00025
    epoch 64: loss 0.5845923489666615, minutes 212.69, val_ap 0.45999414746884976, lr 0.00025
    epoch 65: loss 0.5788939568665948, minutes 215.72, val_ap 0.4549699295021116, lr 0.00025
    epoch 66: loss 0.5711222329352161, minutes 218.72, val_ap 0.4505055365599022, lr 0.00025
    epoch 67: loss 0.5639788091871212, minutes 221.75, val_ap 0.4475634640688616, lr 0.00025
    epoch 68: loss 0.5668288123587965, minutes 224.73, val_ap 0.45909391590729964, lr 0.00025
    epoch 69: loss 0.5660749427457847, minutes 227.26, val_ap 0.4575487303650365, lr 0.00025
    stopping: no validation gain in 25 epochs
[set_transformer pooled_both fold 2 seed 2] done (230.8 min)
