loaded: dataset0 121,838 sites, data1 90,452
[res_gate pooled_both fold 4 seed 1]
    kernel decay scale 97.3 nt (fitted to cell line 1 training labels)
    epoch 1: loss 1.8957, val_ap 0.1440, minutes 0.82, lr 3.31e-04
    epoch 2: loss 1.5569, val_ap 0.3161, minutes 1.68, lr 6.60e-04
    epoch 3: loss 1.4079, val_ap 0.4351, minutes 2.55, lr 9.89e-04
    epoch 4: loss 1.3162, val_ap 0.4596, minutes 3.41, lr 1.00e-03
    epoch 5: loss 1.3000, val_ap 0.4702, minutes 4.24, lr 1.00e-03
    epoch 6: loss 1.2756, val_ap 0.4664, minutes 5.18, lr 1.00e-03
    epoch 7: loss 1.2512, val_ap 0.4731, minutes 5.99, lr 1.00e-03
    epoch 8: loss 1.2450, val_ap 0.4641, minutes 6.94, lr 1.00e-03
    epoch 9: loss 1.2264, val_ap 0.4775, minutes 7.84, lr 1.00e-03
    epoch 10: loss 1.2393, val_ap 0.4791, minutes 8.7, lr 1.00e-03
    epoch 11: loss 1.2224, val_ap 0.4833, minutes 9.58, lr 1.00e-03
    epoch 12: loss 1.2085, val_ap 0.4867, minutes 10.47, lr 1.00e-03
    epoch 13: loss 1.2111, val_ap 0.4885, minutes 11.33, lr 1.00e-03
    epoch 14: loss 1.2026, val_ap 0.4882, minutes 12.15, lr 1.00e-03
    epoch 15: loss 1.2066, val_ap 0.4858, minutes 13.03, lr 1.00e-03
    epoch 16: loss 1.1991, val_ap 0.4901, minutes 13.85, lr 1.00e-03
    epoch 17: loss 1.2000, val_ap 0.4852, minutes 14.67, lr 1.00e-03
    epoch 18: loss 1.1936, val_ap 0.4902, minutes 15.49, lr 1.00e-03
    epoch 19: loss 1.1845, val_ap 0.4937, minutes 16.27, lr 1.00e-03
    epoch 20: loss 1.1873, val_ap 0.4948, minutes 17.02, lr 1.00e-03
    epoch 21: loss 1.1880, val_ap 0.4982, minutes 17.77, lr 1.00e-03
    epoch 22: loss 1.1767, val_ap 0.4961, minutes 18.58, lr 1.00e-03
    epoch 23: loss 1.1790, val_ap 0.5034, minutes 19.38, lr 1.00e-03
    epoch 24: loss 1.1783, val_ap 0.5013, minutes 20.2, lr 1.00e-03
    epoch 25: loss 1.1690, val_ap 0.4992, minutes 21.07, lr 1.00e-03
    epoch 26: loss 1.1649, val_ap 0.5038, minutes 21.86, lr 1.00e-03
    epoch 27: loss 1.1634, val_ap 0.4921, minutes 22.7, lr 1.00e-03
    epoch 28: loss 1.1619, val_ap 0.4946, minutes 23.54, lr 1.00e-03
    epoch 29: loss 1.1627, val_ap 0.5031, minutes 24.35, lr 1.00e-03
    epoch 30: loss 1.1417, val_ap 0.5080, minutes 25.17, lr 1.00e-03
    epoch 31: loss 1.1553, val_ap 0.5046, minutes 25.98, lr 1.00e-03
    epoch 32: loss 1.1420, val_ap 0.5015, minutes 26.76, lr 1.00e-03
    epoch 33: loss 1.1522, val_ap 0.5016, minutes 27.57, lr 1.00e-03
    epoch 34: loss 1.1399, val_ap 0.5002, minutes 28.38, lr 1.00e-03
    epoch 35: loss 1.1409, val_ap 0.5062, minutes 29.19, lr 1.00e-03
    epoch 36: loss 1.1441, val_ap 0.5075, minutes 29.99, lr 1.00e-03
    epoch 37: loss 1.1397, val_ap 0.5033, minutes 30.78, lr 1.00e-03
    epoch 38: loss 1.1312, val_ap 0.5008, minutes 31.54, lr 1.00e-03
    epoch 39: loss 1.1344, val_ap 0.5047, minutes 32.34, lr 5.00e-04
    epoch 40: loss 1.1191, val_ap 0.5053, minutes 33.22, lr 5.00e-04
    epoch 41: loss 1.1167, val_ap 0.5091, minutes 34.06, lr 5.00e-04
    epoch 42: loss 1.1173, val_ap 0.5014, minutes 34.86, lr 5.00e-04
    epoch 43: loss 1.1229, val_ap 0.5114, minutes 35.64, lr 5.00e-04
    epoch 44: loss 1.1098, val_ap 0.5124, minutes 36.49, lr 5.00e-04
    epoch 45: loss 1.1022, val_ap 0.5080, minutes 37.32, lr 5.00e-04
    epoch 46: loss 1.1096, val_ap 0.5032, minutes 38.09, lr 5.00e-04
    epoch 47: loss 1.1074, val_ap 0.4944, minutes 38.87, lr 5.00e-04
    epoch 48: loss 1.1023, val_ap 0.5049, minutes 39.67, lr 5.00e-04
    epoch 49: loss 1.1035, val_ap 0.5082, minutes 40.48, lr 5.00e-04
    epoch 50: loss 1.1026, val_ap 0.5048, minutes 41.28, lr 5.00e-04
    epoch 51: loss 1.0970, val_ap 0.5090, minutes 42.11, lr 5.00e-04
    epoch 52: loss 1.0985, val_ap 0.5092, minutes 42.99, lr 5.00e-04
    epoch 53: loss 1.1003, val_ap 0.5017, minutes 43.78, lr 2.50e-04
    epoch 54: loss 1.0901, val_ap 0.5051, minutes 44.63, lr 2.50e-04
    epoch 55: loss 1.0883, val_ap 0.5055, minutes 45.42, lr 2.50e-04
    epoch 56: loss 1.0856, val_ap 0.5053, minutes 46.24, lr 2.50e-04
    epoch 57: loss 1.0879, val_ap 0.5026, minutes 47.1, lr 2.50e-04
    epoch 58: loss 1.0838, val_ap 0.5063, minutes 47.89, lr 2.50e-04
    epoch 59: loss 1.0788, val_ap 0.5050, minutes 48.71, lr 2.50e-04
    epoch 60: loss 1.0761, val_ap 0.5013, minutes 49.48, lr 2.50e-04
    epoch 61: loss 1.0826, val_ap 0.5044, minutes 50.29, lr 2.50e-04
    epoch 62: loss 1.0864, val_ap 0.5041, minutes 51.03, lr 1.25e-04
    epoch 63: loss 1.0704, val_ap 0.5021, minutes 51.85, lr 1.25e-04
    epoch 64: loss 1.0733, val_ap 0.5015, minutes 52.67, lr 1.25e-04
    epoch 65: loss 1.0721, val_ap 0.5053, minutes 53.44, lr 1.25e-04
    epoch 66: loss 1.0693, val_ap 0.5048, minutes 54.14, lr 1.25e-04
    epoch 67: loss 1.0630, val_ap 0.5031, minutes 54.93, lr 1.25e-04
    epoch 68: loss 1.0687, val_ap 0.5016, minutes 55.7, lr 1.25e-04
    epoch 69: loss 1.0642, val_ap 0.5031, minutes 56.5, lr 1.25e-04
    stopping: no validation gain in 25 epochs
[res_gate pooled_both fold 4 seed 1] done (57.3 min)
