loaded: dataset0 121,838 sites, data1 90,452
[h2gcn_local dataset0 fold 1]
    epoch 1: loss 1.3061, val_ap 0.1755, minutes 0.45, lr 3.33e-04
    epoch 2: loss 0.9918, val_ap 0.3155, minutes 0.87, lr 6.63e-04
    epoch 3: loss 0.8182, val_ap 0.4421, minutes 1.32, lr 9.92e-04
    epoch 4: loss 0.7706, val_ap 0.4743, minutes 1.84, lr 1.00e-03
    epoch 5: loss 0.7333, val_ap 0.4989, minutes 2.31, lr 1.00e-03
    epoch 6: loss 0.6781, val_ap 0.5035, minutes 2.75, lr 1.00e-03
    epoch 7: loss 0.6649, val_ap 0.5035, minutes 3.25, lr 1.00e-03
    epoch 8: loss 0.6595, val_ap 0.5003, minutes 3.67, lr 1.00e-03
    epoch 9: loss 0.6549, val_ap 0.5060, minutes 4.16, lr 1.00e-03
    epoch 10: loss 0.6447, val_ap 0.5008, minutes 4.6, lr 1.00e-03
    epoch 11: loss 0.6289, val_ap 0.5171, minutes 5.1, lr 1.00e-03
    epoch 12: loss 0.6130, val_ap 0.5109, minutes 5.58, lr 1.00e-03
    epoch 13: loss 0.6123, val_ap 0.5183, minutes 6.08, lr 1.00e-03
    epoch 14: loss 0.6165, val_ap 0.5126, minutes 6.55, lr 1.00e-03
    epoch 15: loss 0.5986, val_ap 0.5097, minutes 7.07, lr 1.00e-03
    epoch 16: loss 0.5955, val_ap 0.5157, minutes 7.54, lr 1.00e-03
    epoch 17: loss 0.5873, val_ap 0.5257, minutes 8.03, lr 1.00e-03
    epoch 18: loss 0.5797, val_ap 0.5199, minutes 8.52, lr 1.00e-03
    epoch 19: loss 0.5856, val_ap 0.5292, minutes 8.99, lr 1.00e-03
    epoch 20: loss 0.5782, val_ap 0.5294, minutes 9.46, lr 1.00e-03
    epoch 21: loss 0.5778, val_ap 0.5255, minutes 9.95, lr 1.00e-03
    epoch 22: loss 0.5768, val_ap 0.5320, minutes 10.47, lr 1.00e-03
    epoch 23: loss 0.5804, val_ap 0.5410, minutes 10.95, lr 1.00e-03
    epoch 24: loss 0.5607, val_ap 0.5391, minutes 11.46, lr 1.00e-03
    epoch 25: loss 0.5555, val_ap 0.5323, minutes 11.96, lr 1.00e-03
    epoch 26: loss 0.5571, val_ap 0.5405, minutes 12.44, lr 1.00e-03
    epoch 27: loss 0.5611, val_ap 0.5321, minutes 12.92, lr 1.00e-03
    epoch 28: loss 0.5566, val_ap 0.5356, minutes 13.39, lr 1.00e-03
    epoch 29: loss 0.5435, val_ap 0.5474, minutes 13.89, lr 1.00e-03
    epoch 30: loss 0.5522, val_ap 0.5437, minutes 14.36, lr 1.00e-03
    epoch 31: loss 0.5410, val_ap 0.5470, minutes 14.86, lr 1.00e-03
    epoch 32: loss 0.5593, val_ap 0.5521, minutes 15.35, lr 1.00e-03
    epoch 33: loss 0.5452, val_ap 0.5428, minutes 15.83, lr 1.00e-03
    epoch 34: loss 0.5248, val_ap 0.5441, minutes 16.32, lr 1.00e-03
    epoch 35: loss 0.5305, val_ap 0.5471, minutes 16.78, lr 1.00e-03
    epoch 36: loss 0.5213, val_ap 0.5454, minutes 17.22, lr 1.00e-03
    epoch 37: loss 0.5241, val_ap 0.5382, minutes 17.73, lr 1.00e-03
    epoch 38: loss 0.5275, val_ap 0.5484, minutes 18.2, lr 1.00e-03
    epoch 39: loss 0.5275, val_ap 0.5425, minutes 18.68, lr 1.00e-03
    epoch 40: loss 0.5124, val_ap 0.5410, minutes 19.17, lr 1.00e-03
    epoch 41: loss 0.5201, val_ap 0.5492, minutes 19.64, lr 5.00e-04
    epoch 42: loss 0.5006, val_ap 0.5501, minutes 20.11, lr 5.00e-04
    epoch 43: loss 0.4937, val_ap 0.5493, minutes 20.6, lr 5.00e-04
    epoch 44: loss 0.4941, val_ap 0.5463, minutes 21.07, lr 5.00e-04
    epoch 45: loss 0.4874, val_ap 0.5479, minutes 21.56, lr 5.00e-04
    epoch 46: loss 0.4703, val_ap 0.5506, minutes 22.06, lr 5.00e-04
    epoch 47: loss 0.4823, val_ap 0.5467, minutes 22.56, lr 5.00e-04
    epoch 48: loss 0.4828, val_ap 0.5487, minutes 23.06, lr 5.00e-04
    epoch 49: loss 0.4791, val_ap 0.5533, minutes 23.55, lr 5.00e-04
    epoch 50: loss 0.4855, val_ap 0.5591, minutes 24.04, lr 5.00e-04
    epoch 51: loss 0.4707, val_ap 0.5520, minutes 24.53, lr 5.00e-04
    epoch 52: loss 0.4751, val_ap 0.5548, minutes 25.03, lr 5.00e-04
    epoch 53: loss 0.4775, val_ap 0.5494, minutes 25.51, lr 5.00e-04
    epoch 54: loss 0.4702, val_ap 0.5473, minutes 26.01, lr 5.00e-04
    epoch 55: loss 0.4631, val_ap 0.5453, minutes 26.5, lr 5.00e-04
    epoch 56: loss 0.4764, val_ap 0.5516, minutes 26.97, lr 5.00e-04
    epoch 57: loss 0.4571, val_ap 0.5494, minutes 27.44, lr 5.00e-04
    epoch 58: loss 0.4662, val_ap 0.5567, minutes 27.91, lr 5.00e-04
    epoch 59: loss 0.4648, val_ap 0.5524, minutes 28.42, lr 2.50e-04
    epoch 60: loss 0.4466, val_ap 0.5576, minutes 28.91, lr 2.50e-04
    epoch 61: loss 0.4426, val_ap 0.5566, minutes 29.4, lr 2.50e-04
    epoch 62: loss 0.4495, val_ap 0.5556, minutes 29.9, lr 2.50e-04
    epoch 63: loss 0.4408, val_ap 0.5560, minutes 30.38, lr 2.50e-04
    epoch 64: loss 0.4348, val_ap 0.5553, minutes 30.86, lr 2.50e-04
    epoch 65: loss 0.4384, val_ap 0.5534, minutes 31.33, lr 2.50e-04
    epoch 66: loss 0.4341, val_ap 0.5555, minutes 31.85, lr 2.50e-04
    epoch 67: loss 0.4331, val_ap 0.5577, minutes 32.31, lr 2.50e-04
    epoch 68: loss 0.4393, val_ap 0.5612, minutes 32.81, lr 2.50e-04
    epoch 69: loss 0.4325, val_ap 0.5594, minutes 33.3, lr 2.50e-04
    epoch 70: loss 0.4242, val_ap 0.5547, minutes 33.76, lr 2.50e-04
    epoch 71: loss 0.4402, val_ap 0.5526, minutes 34.26, lr 2.50e-04
    epoch 72: loss 0.4353, val_ap 0.5601, minutes 34.72, lr 2.50e-04
    epoch 73: loss 0.4281, val_ap 0.5607, minutes 35.19, lr 2.50e-04
    epoch 74: loss 0.4375, val_ap 0.5586, minutes 35.72, lr 2.50e-04
    epoch 75: loss 0.4374, val_ap 0.5520, minutes 36.18, lr 2.50e-04
    epoch 76: loss 0.4307, val_ap 0.5546, minutes 36.67, lr 2.50e-04
    epoch 77: loss 0.4229, val_ap 0.5612, minutes 37.14, lr 1.25e-04
    epoch 78: loss 0.4318, val_ap 0.5604, minutes 37.57, lr 1.25e-04
    epoch 79: loss 0.4256, val_ap 0.5575, minutes 38.08, lr 1.25e-04
    epoch 80: loss 0.4187, val_ap 0.5576, minutes 38.55, lr 1.25e-04
    epoch 81: loss 0.4184, val_ap 0.5589, minutes 39.03, lr 1.25e-04
    epoch 82: loss 0.4215, val_ap 0.5570, minutes 39.52, lr 1.25e-04
    epoch 83: loss 0.4235, val_ap 0.5549, minutes 39.98, lr 1.25e-04
    epoch 84: loss 0.4117, val_ap 0.5563, minutes 40.45, lr 1.25e-04
    epoch 85: loss 0.4203, val_ap 0.5544, minutes 40.91, lr 1.25e-04
    epoch 86: loss 0.4180, val_ap 0.5587, minutes 41.38, lr 6.25e-05
    epoch 87: loss 0.4058, val_ap 0.5570, minutes 41.87, lr 6.25e-05
    epoch 88: loss 0.4198, val_ap 0.5570, minutes 42.37, lr 6.25e-05
    epoch 89: loss 0.4055, val_ap 0.5575, minutes 42.79, lr 6.25e-05
    epoch 90: loss 0.4103, val_ap 0.5569, minutes 43.24, lr 6.25e-05
    epoch 91: loss 0.4101, val_ap 0.5544, minutes 43.69, lr 6.25e-05
    epoch 92: loss 0.4150, val_ap 0.5551, minutes 44.18, lr 6.25e-05
    epoch 93: loss 0.4163, val_ap 0.5541, minutes 44.66, lr 6.25e-05
    epoch 94: loss 0.4084, val_ap 0.5558, minutes 45.13, lr 6.25e-05
    epoch 95: loss 0.4094, val_ap 0.5546, minutes 45.69, lr 3.13e-05
    epoch 96: loss 0.4078, val_ap 0.5543, minutes 46.15, lr 3.13e-05
    epoch 97: loss 0.4004, val_ap 0.5539, minutes 46.59, lr 3.13e-05
    epoch 98: loss 0.4056, val_ap 0.5535, minutes 47.09, lr 3.13e-05
    epoch 99: loss 0.4096, val_ap 0.5548, minutes 47.52, lr 3.13e-05
    epoch 100: loss 0.4100, val_ap 0.5535, minutes 48.02, lr 3.13e-05
    epoch 101: loss 0.3938, val_ap 0.5537, minutes 48.5, lr 3.13e-05
    epoch 102: loss 0.4028, val_ap 0.5541, minutes 48.99, lr 3.13e-05
    stopping: no validation gain in 25 epochs
[h2gcn_local dataset0 fold 1] done (49.7 min)
