loaded: dataset0 121,838 sites, data1 90,452
[h2gcn_local pooled_both fold 1 seed 2]
    epoch 1: loss 1.2615, val_ap 0.1758, minutes 0.97, lr 3.31e-04
    epoch 2: loss 1.0484, val_ap 0.3003, minutes 1.89, lr 6.60e-04
    epoch 3: loss 0.9101, val_ap 0.4205, minutes 2.74, lr 9.89e-04
    epoch 4: loss 0.8577, val_ap 0.4117, minutes 3.53, lr 1.00e-03
    epoch 5: loss 0.8402, val_ap 0.4344, minutes 4.36, lr 1.00e-03
    epoch 6: loss 0.8203, val_ap 0.4423, minutes 5.13, lr 1.00e-03
    epoch 7: loss 0.8158, val_ap 0.4489, minutes 5.94, lr 1.00e-03
    epoch 8: loss 0.8073, val_ap 0.4484, minutes 6.75, lr 1.00e-03
    epoch 9: loss 0.7996, val_ap 0.4517, minutes 7.43, lr 1.00e-03
    epoch 10: loss 0.8014, val_ap 0.4544, minutes 8.16, lr 1.00e-03
    epoch 11: loss 0.7916, val_ap 0.4560, minutes 8.89, lr 1.00e-03
    epoch 12: loss 0.7799, val_ap 0.4585, minutes 9.64, lr 1.00e-03
    epoch 13: loss 0.7924, val_ap 0.4548, minutes 10.37, lr 1.00e-03
    epoch 14: loss 0.7817, val_ap 0.4562, minutes 11.1, lr 1.00e-03
    epoch 15: loss 0.7740, val_ap 0.4537, minutes 11.86, lr 1.00e-03
    epoch 16: loss 0.7659, val_ap 0.4619, minutes 12.57, lr 1.00e-03
    epoch 17: loss 0.7711, val_ap 0.4569, minutes 13.33, lr 1.00e-03
    epoch 18: loss 0.7625, val_ap 0.4682, minutes 14.1, lr 1.00e-03
    epoch 19: loss 0.7601, val_ap 0.4675, minutes 14.89, lr 1.00e-03
    epoch 20: loss 0.7518, val_ap 0.4691, minutes 15.66, lr 1.00e-03
    epoch 21: loss 0.7527, val_ap 0.4731, minutes 16.45, lr 1.00e-03
    epoch 22: loss 0.7455, val_ap 0.4758, minutes 17.23, lr 1.00e-03
    epoch 23: loss 0.7419, val_ap 0.4725, minutes 18.04, lr 1.00e-03
    epoch 24: loss 0.7382, val_ap 0.4710, minutes 18.82, lr 1.00e-03
    epoch 25: loss 0.7312, val_ap 0.4762, minutes 19.57, lr 1.00e-03
    epoch 26: loss 0.7296, val_ap 0.4734, minutes 20.31, lr 1.00e-03
    epoch 27: loss 0.7293, val_ap 0.4817, minutes 21.03, lr 1.00e-03
    epoch 28: loss 0.7209, val_ap 0.4789, minutes 21.78, lr 1.00e-03
    epoch 29: loss 0.7176, val_ap 0.4777, minutes 22.49, lr 1.00e-03
    epoch 30: loss 0.7138, val_ap 0.4782, minutes 23.23, lr 1.00e-03
    epoch 31: loss 0.7124, val_ap 0.4754, minutes 24.01, lr 1.00e-03
    epoch 32: loss 0.7090, val_ap 0.4796, minutes 24.78, lr 1.00e-03
    epoch 33: loss 0.7127, val_ap 0.4826, minutes 25.52, lr 1.00e-03
    epoch 34: loss 0.6989, val_ap 0.4743, minutes 26.28, lr 1.00e-03
    epoch 35: loss 0.6979, val_ap 0.4823, minutes 27.01, lr 1.00e-03
    epoch 36: loss 0.6937, val_ap 0.4797, minutes 27.78, lr 1.00e-03
    epoch 37: loss 0.6871, val_ap 0.4741, minutes 28.54, lr 1.00e-03
    epoch 38: loss 0.6840, val_ap 0.4793, minutes 29.34, lr 1.00e-03
    epoch 39: loss 0.6763, val_ap 0.4820, minutes 30.09, lr 1.00e-03
    epoch 40: loss 0.6801, val_ap 0.4776, minutes 30.84, lr 1.00e-03
    epoch 41: loss 0.6671, val_ap 0.4782, minutes 31.65, lr 1.00e-03
    epoch 42: loss 0.6647, val_ap 0.4744, minutes 32.41, lr 5.00e-04
    epoch 43: loss 0.6457, val_ap 0.4781, minutes 33.26, lr 5.00e-04
    epoch 44: loss 0.6407, val_ap 0.4827, minutes 34.05, lr 5.00e-04
    epoch 45: loss 0.6358, val_ap 0.4840, minutes 34.84, lr 5.00e-04
    epoch 46: loss 0.6310, val_ap 0.4763, minutes 35.51, lr 5.00e-04
    epoch 47: loss 0.6249, val_ap 0.4793, minutes 36.25, lr 5.00e-04
    epoch 48: loss 0.6286, val_ap 0.4801, minutes 36.9, lr 5.00e-04
    epoch 49: loss 0.6278, val_ap 0.4863, minutes 37.49, lr 5.00e-04
    epoch 50: loss 0.6185, val_ap 0.4716, minutes 38.04, lr 5.00e-04
    epoch 51: loss 0.6146, val_ap 0.4759, minutes 38.62, lr 5.00e-04
    epoch 52: loss 0.6239, val_ap 0.4818, minutes 39.18, lr 5.00e-04
    epoch 53: loss 0.6115, val_ap 0.4812, minutes 39.72, lr 5.00e-04
    epoch 54: loss 0.6110, val_ap 0.4818, minutes 40.28, lr 5.00e-04
    epoch 55: loss 0.6048, val_ap 0.4853, minutes 40.82, lr 5.00e-04
    epoch 56: loss 0.6040, val_ap 0.4778, minutes 41.33, lr 5.00e-04
    epoch 57: loss 0.6047, val_ap 0.4833, minutes 41.8, lr 5.00e-04
    epoch 58: loss 0.5971, val_ap 0.4836, minutes 42.26, lr 2.50e-04
    epoch 59: loss 0.5839, val_ap 0.4855, minutes 42.72, lr 2.50e-04
    epoch 60: loss 0.5824, val_ap 0.4836, minutes 43.17, lr 2.50e-04
    epoch 61: loss 0.5745, val_ap 0.4837, minutes 43.59, lr 2.50e-04
    epoch 62: loss 0.5695, val_ap 0.4782, minutes 43.98, lr 2.50e-04
    epoch 63: loss 0.5743, val_ap 0.4827, minutes 44.37, lr 2.50e-04
    epoch 64: loss 0.5687, val_ap 0.4830, minutes 44.75, lr 2.50e-04
    epoch 65: loss 0.5710, val_ap 0.4789, minutes 45.12, lr 2.50e-04
    epoch 66: loss 0.5693, val_ap 0.4774, minutes 45.49, lr 2.50e-04
    epoch 67: loss 0.5661, val_ap 0.4821, minutes 45.85, lr 1.25e-04
    epoch 68: loss 0.5615, val_ap 0.4863, minutes 46.21, lr 1.25e-04
    epoch 69: loss 0.5589, val_ap 0.4805, minutes 46.57, lr 1.25e-04
    epoch 70: loss 0.5520, val_ap 0.4818, minutes 46.93, lr 1.25e-04
    epoch 71: loss 0.5518, val_ap 0.4849, minutes 47.29, lr 1.25e-04
    epoch 72: loss 0.5532, val_ap 0.4823, minutes 47.64, lr 1.25e-04
    epoch 73: loss 0.5550, val_ap 0.4824, minutes 48.0, lr 1.25e-04
    epoch 74: loss 0.5508, val_ap 0.4833, minutes 48.36, lr 1.25e-04
    epoch 75: loss 0.5520, val_ap 0.4795, minutes 48.7, lr 1.25e-04
    epoch 76: loss 0.5459, val_ap 0.4805, minutes 49.05, lr 6.25e-05
    epoch 77: loss 0.5439, val_ap 0.4790, minutes 49.4, lr 6.25e-05
    epoch 78: loss 0.5427, val_ap 0.4808, minutes 49.75, lr 6.25e-05
    epoch 79: loss 0.5459, val_ap 0.4797, minutes 50.11, lr 6.25e-05
    epoch 80: loss 0.5422, val_ap 0.4822, minutes 50.46, lr 6.25e-05
    epoch 81: loss 0.5497, val_ap 0.4792, minutes 50.81, lr 6.25e-05
    epoch 82: loss 0.5489, val_ap 0.4804, minutes 51.17, lr 6.25e-05
    epoch 83: loss 0.5432, val_ap 0.4810, minutes 51.52, lr 6.25e-05
    epoch 84: loss 0.5433, val_ap 0.4816, minutes 51.87, lr 6.25e-05
    epoch 85: loss 0.5447, val_ap 0.4806, minutes 52.23, lr 3.13e-05
    epoch 86: loss 0.5376, val_ap 0.4804, minutes 52.58, lr 3.13e-05
    epoch 87: loss 0.5386, val_ap 0.4816, minutes 52.94, lr 3.13e-05
    epoch 88: loss 0.5354, val_ap 0.4804, minutes 53.3, lr 3.13e-05
    epoch 89: loss 0.5340, val_ap 0.4803, minutes 53.65, lr 3.13e-05
    epoch 90: loss 0.5389, val_ap 0.4797, minutes 54.01, lr 3.13e-05
    epoch 91: loss 0.5342, val_ap 0.4798, minutes 54.37, lr 3.13e-05
    epoch 92: loss 0.5411, val_ap 0.4796, minutes 54.72, lr 3.13e-05
    epoch 93: loss 0.5414, val_ap 0.4804, minutes 55.07, lr 3.13e-05
    stopping: no validation gain in 25 epochs
[h2gcn_local pooled_both fold 1 seed 2] done (55.5 min)
