wandb: [wandb.login()] Loaded credentials for https://api.wandb.ai from WANDB_API_KEY.
wandb: Currently logged in as: jinthau-siah (dsa4262-team) to https://api.wandb.ai. Use `wandb login --relogin` to force relogin
wandb: Using an existing wandb-core service via WANDB_SERVICE.
wandb: setting up run h17hix4z
wandb: Tracking run with wandb version 0.30.0
wandb: Run data is saved locally in /mnt/sdd/DSA4262/wandb/run-20261002_050324-h17hix4z
wandb: Run `wandb offline` to turn off syncing.
wandb: Syncing run crosssite_robust__xsrc
wandb: ⭐️ View project at https://wandb.ai/dsa4262-team/dsa4262-project
wandb: 🚀 View run at https://wandb.ai/dsa4262-team/dsa4262-project/runs/h17hix4z

Cross-source fitting: crosssite_robust (quantiles_crosssite_robust_v1, train depths 1,3,5,10,full)
--------------------------------------------------------------------------------------------------
  extracting quantiles_crosssite_robust_v1 at depth [1, 3, 5, 10, full] from dataset0.json.gz ...
  extracting quantiles_crosssite_robust_v1 at depth [1, 3, 5, 10, full] from dataset1.json.gz ...
  dataset0: 121,838 sites, 5,475 positive, 3,852 genes
  data1: 90,452 sites, 6,550 positive, 3,138 genes
    fold 0 dataset0     trained on 487,620 rows
    fold 0 data1        trained on 360,265 rows
    fold 0 pooled       trained on 847,885 rows
    fold 0 pooled_both  trained on 1,384,865 rows
    fold 1 dataset0     trained on 479,575 rows
    fold 1 data1        trained on 357,005 rows
    fold 1 pooled       trained on 836,580 rows
    fold 1 pooled_both  trained on 1,365,720 rows
    fold 2 dataset0     trained on 492,220 rows
    fold 2 data1        trained on 368,400 rows
    fold 2 pooled       trained on 860,620 rows
    fold 2 pooled_both  trained on 1,409,650 rows
    fold 3 dataset0     trained on 488,595 rows
    fold 3 data1        trained on 360,630 rows
    fold 3 pooled       trained on 849,225 rows
    fold 3 pooled_both  trained on 1,387,295 rows
    fold 4 dataset0     trained on 488,750 rows
    fold 4 data1        trained on 362,740 rows
    fold 4 pooled       trained on 851,490 rows
    fold 4 pooled_both  trained on 1,391,070 rows

Cross-source fitting: lightgbm_quantiles (quantiles_v1, train depths full)
--------------------------------------------------------------------------
  dataset0: 121,838 sites, 5,475 positive, 3,852 genes
  data1: 90,452 sites, 6,550 positive, 3,138 genes
    fold 0 dataset0     trained on 97,524 rows
    fold 0 data1        trained on 72,053 rows
    fold 0 pooled       trained on 169,577 rows
    fold 0 pooled_both  trained on 276,973 rows
    fold 1 dataset0     trained on 95,915 rows
    fold 1 data1        trained on 71,401 rows
    fold 1 pooled       trained on 167,316 rows
    fold 1 pooled_both  trained on 273,144 rows
    fold 2 dataset0     trained on 98,444 rows
    fold 2 data1        trained on 73,680 rows
    fold 2 pooled       trained on 172,124 rows
    fold 2 pooled_both  trained on 281,930 rows
    fold 3 dataset0     trained on 97,719 rows
    fold 3 data1        trained on 72,126 rows
    fold 3 pooled       trained on 169,845 rows
    fold 3 pooled_both  trained on 277,459 rows
    fold 4 dataset0     trained on 97,750 rows
    fold 4 data1        trained on 72,548 rows
    fold 4 pooled       trained on 170,298 rows
    fold 4 pooled_both  trained on 278,214 rows

Cross-source: crosssite_robust minus lightgbm_quantiles
-------------------------------------------------------
             dataset0 gain     dataset0 95% CI  data1 gain        data1 95% CI  mean gain  worst gain eligible
trained on                                                                                                    
dataset0           +0.0473  [+0.0361, +0.0578]     +0.0002  [-0.0069, +0.0096]    +0.0237     +0.0002      yes
data1              +0.0252  [+0.0160, +0.0347]     +0.0037  [-0.0044, +0.0112]    +0.0144     +0.0037      yes
pooled             +0.0428  [+0.0330, +0.0527]     +0.0060  [-0.0019, +0.0146]    +0.0244     +0.0060      yes
pooled_both        +0.0451  [+0.0355, +0.0541]     +0.0073  [-0.0006, +0.0148]    +0.0262     +0.0073      yes
ensemble           +0.0410  [+0.0309, +0.0494]     +0.0026  [-0.0045, +0.0100]    +0.0218     +0.0026      yes
Each row: crosssite_robust and lightgbm_quantiles trained the same way, both scored on the
held-out genes of each file against that file's labels. Selection rule
(0029): choose on mean gain; veto if the worse gain is below -0.005.
Headline arm (what ships today): dataset0.

Raw PR AUC (not comparable across files: positive rates 4.5% vs 7.3%):
             dataset0 PR AUC  data1 PR AUC  dataset0 baseline  data1 baseline
trained on                                                                   
dataset0              0.5232        0.3721             0.4759          0.3719
data1                 0.4426        0.3854             0.4174          0.3817
pooled                0.5185        0.3950             0.4757          0.3890
pooled_both           0.5174        0.3990             0.4723          0.3917
ensemble              0.5114        0.3956             0.4704          0.3930

Crossed test on the sites in both files (trained on dataset0), gain over lightgbm_quantiles:
     measurements    labels   gain  ci_low  ci_high
cell                                               
A        dataset0  dataset0 0.0395  0.0265   0.0540
B        dataset0     data1 0.0129  0.0039   0.0215
C           data1  dataset0 0.0233  0.0097   0.0370
D           data1     data1 0.0047 -0.0040   0.0141
A->B: the labelling changes. A->C: the sequencing run changes. A gain that
survives A->C but not A->B is tied to dataset0's labelling.

data1 genes absent from dataset0 (12,061 sites): gain -0.0084 [-0.0298, +0.0140] - compare with cell D for the gene-population effect.

report -> /mnt/sdd/xsrc_reports/crosssite_robust__xsrc.json   (1004.7s)
wandb: updating run metadata; uploading artifact crosssite_robust__xsrc-report
wandb: uploading artifact crosssite_robust__xsrc-report
wandb: uploading artifact crosssite_robust__xsrc-report; uploading history steps 0-6, summary, console lines 52-88
wandb: uploading artifact crosssite_robust__xsrc-report
wandb: uploading output.log; uploading wandb-summary.json; uploading config.yaml
wandb: uploading wandb-summary.json; uploading config.yaml
wandb: uploading data
wandb: 
wandb: Run history:
wandb:     curve/xsrc/arm/data1_gain ▁▇█▄▃
wandb:  curve/xsrc/arm/dataset0_gain █▇▇▁▆
wandb:      curve/xsrc/arm/gain_mean ▇▇█▁▅
wandb:          curve/xsrc/arm/index ▁▃▅▆█
wandb:       curve/xsrc/crossed/cell ▁▃▆█
wandb:    curve/xsrc/crossed/ci_high █▂▅▁
wandb:     curve/xsrc/crossed/ci_low █▃▄▁
wandb:       curve/xsrc/crossed/gain █▃▅▁
wandb:    curve/xsrc/diag/data1_gain ▁
wandb: curve/xsrc/diag/dataset0_gain ▆▁█▁█▃▃
wandb:                          +121 ...
wandb: 
wandb: Run summary:
wandb: xsrc/crossed/A/baseline_pr_auc 0.5125
wandb:         xsrc/crossed/A/ci_high 0.05405
wandb:          xsrc/crossed/A/ci_low 0.02645
wandb:            xsrc/crossed/A/gain 0.0395
wandb:          xsrc/crossed/A/pr_auc 0.55199
wandb: xsrc/crossed/B/baseline_pr_auc 0.36517
wandb:         xsrc/crossed/B/ci_high 0.02147
wandb:          xsrc/crossed/B/ci_low 0.00391
wandb:            xsrc/crossed/B/gain 0.0129
wandb:          xsrc/crossed/B/pr_auc 0.37808
wandb:                           +102 ...
wandb: 
wandb: 🚀 View run crosssite_robust__xsrc at: https://wandb.ai/dsa4262-team/dsa4262-project/runs/h17hix4z
wandb: ⭐️ View project at: https://wandb.ai/dsa4262-team/dsa4262-project
wandb: Synced 5 W&B file(s), 0 media file(s), 2 artifact file(s) and 0 other file(s)
wandb: Find logs at: ./wandb/run-20261002_050324-h17hix4z/logs
  logged to W&B: https://wandb.ai/dsa4262-team/dsa4262-project/runs/h17hix4z
