wandb: [wandb.login()] Loaded credentials for https://api.wandb.ai from WANDB_API_KEY.
wandb: Currently logged in as: jinthau-siah (dsa4262-team) to https://api.wandb.ai. Use `wandb login --relogin` to force relogin
wandb: Using an existing wandb-core service via WANDB_SERVICE.
wandb: setting up run 9qnvo4ez
wandb: Tracking run with wandb version 0.30.0
wandb: Run data is saved locally in /mnt/sdd/DSA4262/wandb/run-20261002_054554-9qnvo4ez
wandb: Run `wandb offline` to turn off syncing.
wandb: Syncing run everything_fulldepth__xsrc
wandb: ⭐️ View project at https://wandb.ai/dsa4262-team/dsa4262-project
wandb: 🚀 View run at https://wandb.ai/dsa4262-team/dsa4262-project/runs/9qnvo4ez

Cross-source fitting: everything_fulldepth (quantiles_all_v1, train depths full)
--------------------------------------------------------------------------------
  extracting quantiles_all_v1 at depth [full] from dataset1.json.gz ...
  dataset0: 121,838 sites, 5,475 positive, 3,852 genes
  data1: 90,452 sites, 6,550 positive, 3,138 genes
    fold 0 dataset0     trained on 97,524 rows
    fold 0 data1        trained on 72,053 rows
    fold 0 pooled       trained on 169,577 rows
    fold 0 pooled_both  trained on 276,973 rows
    fold 1 dataset0     trained on 95,915 rows
    fold 1 data1        trained on 71,401 rows
    fold 1 pooled       trained on 167,316 rows
    fold 1 pooled_both  trained on 273,144 rows
    fold 2 dataset0     trained on 98,444 rows
    fold 2 data1        trained on 73,680 rows
    fold 2 pooled       trained on 172,124 rows
    fold 2 pooled_both  trained on 281,930 rows
    fold 3 dataset0     trained on 97,719 rows
    fold 3 data1        trained on 72,126 rows
    fold 3 pooled       trained on 169,845 rows
    fold 3 pooled_both  trained on 277,459 rows
    fold 4 dataset0     trained on 97,750 rows
    fold 4 data1        trained on 72,548 rows
    fold 4 pooled       trained on 170,298 rows
    fold 4 pooled_both  trained on 278,214 rows

Cross-source fitting: lightgbm_quantiles (quantiles_v1, train depths full)
--------------------------------------------------------------------------
  dataset0: 121,838 sites, 5,475 positive, 3,852 genes
  data1: 90,452 sites, 6,550 positive, 3,138 genes
    fold 0 dataset0     trained on 97,524 rows
    fold 0 data1        trained on 72,053 rows
    fold 0 pooled       trained on 169,577 rows
    fold 0 pooled_both  trained on 276,973 rows
    fold 1 dataset0     trained on 95,915 rows
    fold 1 data1        trained on 71,401 rows
    fold 1 pooled       trained on 167,316 rows
    fold 1 pooled_both  trained on 273,144 rows
    fold 2 dataset0     trained on 98,444 rows
    fold 2 data1        trained on 73,680 rows
    fold 2 pooled       trained on 172,124 rows
    fold 2 pooled_both  trained on 281,930 rows
    fold 3 dataset0     trained on 97,719 rows
    fold 3 data1        trained on 72,126 rows
    fold 3 pooled       trained on 169,845 rows
    fold 3 pooled_both  trained on 277,459 rows
    fold 4 dataset0     trained on 97,750 rows
    fold 4 data1        trained on 72,548 rows
    fold 4 pooled       trained on 170,298 rows
    fold 4 pooled_both  trained on 278,214 rows

Cross-source: everything_fulldepth minus lightgbm_quantiles
-----------------------------------------------------------
             dataset0 gain     dataset0 95% CI  data1 gain        data1 95% CI  mean gain  worst gain eligible
trained on                                                                                                    
dataset0           +0.0717  [+0.0595, +0.0819]     +0.0220  [+0.0141, +0.0302]    +0.0468     +0.0220      yes
data1              +0.0208  [+0.0118, +0.0299]     +0.0197  [+0.0127, +0.0261]    +0.0202     +0.0197      yes
pooled             +0.0578  [+0.0477, +0.0675]     +0.0224  [+0.0146, +0.0301]    +0.0401     +0.0224      yes
pooled_both        +0.0621  [+0.0519, +0.0722]     +0.0243  [+0.0176, +0.0312]    +0.0432     +0.0243      yes
ensemble           +0.0603  [+0.0501, +0.0699]     +0.0265  [+0.0201, +0.0337]    +0.0434     +0.0265      yes
Each row: everything_fulldepth and lightgbm_quantiles trained the same way, both scored on the
held-out genes of each file against that file's labels. Selection rule
(0029): choose on mean gain; veto if the worse gain is below -0.005.
Headline arm (what ships today): dataset0.

Raw PR AUC (not comparable across files: positive rates 4.5% vs 7.3%):
             dataset0 PR AUC  data1 PR AUC  dataset0 baseline  data1 baseline
trained on                                                                   
dataset0              0.5476        0.3939             0.4759          0.3719
data1                 0.4381        0.4014             0.4174          0.3817
pooled                0.5335        0.4114             0.4757          0.3890
pooled_both           0.5344        0.4160             0.4723          0.3917
ensemble              0.5307        0.4195             0.4704          0.3930

Crossed test on the sites in both files (trained on dataset0), gain over lightgbm_quantiles:
     measurements    labels   gain  ci_low  ci_high
cell                                               
A        dataset0  dataset0 0.0691  0.0565   0.0833
B        dataset0     data1 0.0320  0.0227   0.0418
C           data1  dataset0 0.0451  0.0313   0.0584
D           data1     data1 0.0256  0.0166   0.0351
A->B: the labelling changes. A->C: the sequencing run changes. A gain that
survives A->C but not A->B is tied to dataset0's labelling.

data1 genes absent from dataset0 (12,061 sites): gain +0.0091 [-0.0068, +0.0277] - compare with cell D for the gene-population effect.

report -> /mnt/sdd/xsrc_reports/everything_fulldepth__xsrc.json   (582.5s)
wandb: updating run metadata; uploading artifact everything_fulldepth__xsrc-report
wandb: uploading artifact everything_fulldepth__xsrc-report
wandb: uploading wandb-summary.json; uploading config.yaml; uploading output.log
wandb: uploading wandb-summary.json; uploading config.yaml
wandb: uploading history steps 0-6, summary, console lines 51-87
wandb: 
wandb: Run history:
wandb:     curve/xsrc/arm/data1_gain ▃▄▆▁█
wandb:  curve/xsrc/arm/dataset0_gain █▆▇▁▆
wandb:      curve/xsrc/arm/gain_mean █▆▇▁▇
wandb:          curve/xsrc/arm/index ▁▃▅▆█
wandb:       curve/xsrc/crossed/cell ▁▃▆█
wandb:    curve/xsrc/crossed/ci_high █▂▄▁
wandb:     curve/xsrc/crossed/ci_low █▂▄▁
wandb:       curve/xsrc/crossed/gain █▂▄▁
wandb:    curve/xsrc/diag/data1_gain ▁
wandb: curve/xsrc/diag/dataset0_gain ▇▁█▁█▃▃
wandb:                          +121 ...
wandb: 
wandb: Run summary:
wandb: xsrc/crossed/A/baseline_pr_auc 0.5125
wandb:         xsrc/crossed/A/ci_high 0.08331
wandb:          xsrc/crossed/A/ci_low 0.0565
wandb:            xsrc/crossed/A/gain 0.06906
wandb:          xsrc/crossed/A/pr_auc 0.58156
wandb: xsrc/crossed/B/baseline_pr_auc 0.36517
wandb:         xsrc/crossed/B/ci_high 0.04185
wandb:          xsrc/crossed/B/ci_low 0.02268
wandb:            xsrc/crossed/B/gain 0.03203
wandb:          xsrc/crossed/B/pr_auc 0.3972
wandb:                           +102 ...
wandb: 
wandb: 🚀 View run everything_fulldepth__xsrc at: https://wandb.ai/dsa4262-team/dsa4262-project/runs/9qnvo4ez
wandb: ⭐️ View project at: https://wandb.ai/dsa4262-team/dsa4262-project
wandb: Synced 5 W&B file(s), 0 media file(s), 2 artifact file(s) and 0 other file(s)
wandb: Find logs at: ./wandb/run-20261002_054554-9qnvo4ez/logs
  logged to W&B: https://wandb.ai/dsa4262-team/dsa4262-project/runs/9qnvo4ez
